# CMD: /users/Xinying/ozonedb/ycsb/bin/ycsb run ozonedb -threads 1 -s -P /users/Xinying/ozonedb/ycsb/workloads/generated_workloads/workloadc_1KB_1000000_1000000 -p status.interval=10 -p requestdistribution=sequential -p operationcount=1000000 -p maxexecutiontime=0 -p shared_config=/tmp/churn_v4_configs/shared_config_varyR_n4_r10pct.json
[WARN]  Running against a source checkout. In order to get our runtime dependencies we'll have to invoke Maven. Depending on the state of your system, this may take ~30-45 seconds
[DEBUG]  Running 'mvn -pl site.ycsb:ozonedb-binding -am package -DskipTests dependency:build-classpath -DincludeScope=compile -Dmdep.outputFilterFile=true'
/usr/lib/jvm/java-8-openjdk-amd64/bin/java -cp /users/Xinying/ozonedb/ycsb/ozonedb/conf:/users/Xinying/ozonedb/ycsb/ozonedb/target/ozonedb-binding-0.18.0-SNAPSHOT.jar:/users/Xinying/.m2/repository/org/apache/htrace/htrace-core4/4.1.0-incubating/htrace-core4-4.1.0-incubating.jar:/users/Xinying/.m2/repository/org/slf4j/slf4j-api/1.7.25/slf4j-api-1.7.25.jar:/users/Xinying/.m2/repository/org/hdrhistogram/HdrHistogram/2.1.12/HdrHistogram-2.1.12.jar:/users/Xinying/.m2/repository/ch/qos/logback/logback-classic/1.2.3/logback-classic-1.2.3.jar:/users/Xinying/.m2/repository/ozonedbjnimaven/demoproc-jni/1.0/demoproc-jni-1.0.jar:/users/Xinying/.m2/repository/ch/qos/logback/logback-core/1.2.3/logback-core-1.2.3.jar:/users/Xinying/.m2/repository/org/codehaus/jackson/jackson-mapper-asl/1.9.4/jackson-mapper-asl-1.9.4.jar:/users/Xinying/.m2/repository/org/slf4j/slf4j-simple/1.7.25/slf4j-simple-1.7.25.jar:/users/Xinying/.m2/repository/org/codehaus/jackson/jackson-core-asl/1.9.4/jackson-core-asl-1.9.4.jar:/users/Xinying/ozonedb/ycsb/core/target/core-0.18.0-SNAPSHOT.jar site.ycsb.Client -db site.ycsb.db.OzoneDBClient -threads 1 -s -P /users/Xinying/ozonedb/ycsb/workloads/generated_workloads/workloadc_1KB_1000000_1000000 -p status.interval=10 -p requestdistribution=sequential -p operationcount=1000000 -p maxexecutiontime=0 -p shared_config=/tmp/churn_v4_configs/shared_config_varyR_n4_r10pct.json -t
Command line: -db site.ycsb.db.OzoneDBClient -threads 1 -s -P /users/Xinying/ozonedb/ycsb/workloads/generated_workloads/workloadc_1KB_1000000_1000000 -p status.interval=10 -p requestdistribution=sequential -p operationcount=1000000 -p maxexecutiontime=0 -p shared_config=/tmp/churn_v4_configs/shared_config_varyR_n4_r10pct.json -t
YCSB Client 0.18.0-SNAPSHOT

Loading workload...
Starting test.
SLF4J: Class path contains multiple SLF4J bindings.
SLF4J: Found binding in [jar:file:/users/Xinying/.m2/repository/ch/qos/logback/logback-classic/1.2.3/logback-classic-1.2.3.jar!/org/slf4j/impl/StaticLoggerBinder.class]
SLF4J: Found binding in [jar:file:/users/Xinying/.m2/repository/org/slf4j/slf4j-simple/1.7.25/slf4j-simple-1.7.25.jar!/org/slf4j/impl/StaticLoggerBinder.class]
SLF4J: See http://www.slf4j.org/codes.html#multiple_bindings for an explanation.
SLF4J: Actual binding is of type [ch.qos.logback.classic.util.ContextSelectorStaticBinder]
2026-05-01 04:35:05:354 0 sec: 0 operations; est completion in 0 second 
Starting compaction watcher
DBWrapper: report latency for each error is false and specific error codes to track for latency are: []
2026-05-01 04:35:15:355 10 sec: 30365 operations; 3036.5 current ops/sec; est completion in 5 minutes [READ: Count=30375, Max=8175, Min=90, Avg=167.45, 90=179, 99=210, 99.9=263, 99.99=1687] 
2026-05-01 04:35:25:354 20 sec: 91414 operations; 6104.9 current ops/sec; est completion in 3 minutes [READ: Count=61044, Max=433, Min=83, Avg=162.3, 90=177, 99=206, 99.9=250, 99.99=301] 
2026-05-01 04:35:35:355 30 sec: 152152 operations; 6073.8 current ops/sec; est completion in 2 minutes [READ: Count=60738, Max=357, Min=90, Avg=163.31, 90=178, 99=208, 99.9=251, 99.99=296] 
2026-05-01 04:35:45:354 40 sec: 214214 operations; 6206.2 current ops/sec; est completion in 2 minutes [READ: Count=62062, Max=5771, Min=60, Avg=160.02, 90=177, 99=206, 99.9=252, 99.99=321] 
2026-05-01 04:35:55:354 50 sec: 286043 operations; 7182.9 current ops/sec; est completion in 2 minutes [READ: Count=71829, Max=1987, Min=73, Avg=138.27, 90=156, 99=184, 99.9=228, 99.99=376] 
2026-05-01 04:36:05:354 60 sec: 360838 operations; 7479.5 current ops/sec; est completion in 1 minute [READ: Count=74794, Max=12119, Min=57, Avg=132.74, 90=151, 99=177, 99.9=225, 99.99=873] 
2026-05-01 04:36:15:354 70 sec: 439095 operations; 7825.7 current ops/sec; est completion in 1 minute [READ: Count=78257, Max=898, Min=56, Avg=126.84, 90=145, 99=171, 99.9=218, 99.99=374] 
2026-05-01 04:36:25:354 80 sec: 521290 operations; 8219.5 current ops/sec; est completion in 1 minute [READ: Count=82195, Max=850, Min=54, Avg=120.72, 90=139, 99=165, 99.9=212, 99.99=350] 
2026-05-01 04:36:35:354 90 sec: 610756 operations; 8946.6 current ops/sec; est completion in 58 seconds [READ: Count=89469, Max=4583, Min=57, Avg=110.82, 90=130, 99=153, 99.9=196, 99.99=277] 
2026-05-01 04:36:45:354 100 sec: 712261 operations; 10150.5 current ops/sec; est completion in 41 seconds [READ: Count=101506, Max=367, Min=47, Avg=97.57, 90=117, 99=139, 99.9=178, 99.99=228] 
2026-05-01 04:36:55:354 110 sec: 832404 operations; 12014.3 current ops/sec; est completion in 23 seconds [READ: Count=120144, Max=4067, Min=47, Avg=82.31, 90=102, 99=120, 99.9=156, 99.99=190] 
2026-05-01 04:37:05:354 120 sec: 998600 operations; 16619.6 current ops/sec; est completion in 1 second [READ: Count=166196, Max=3979, Min=28, Avg=59.27, 90=81, 99=96, 99.9=124, 99.99=154] 
[OZONEDB-PROFILE] reads=1000000  avg_total=112.36us  view=26.54us(23.6%)  log=0.52us(0.5%)  sst=85.09us_per_call x 999709_calls(75.7%_of_total)
[OZONEDB-SST-PROFILE] level | time_total_ms | enters | range_rejects | table_gets | hits
[OZONEDB-SST-PROFILE] L1  |      7420.64 |  6958032 |        10302 |    6947730 |  13452
[OZONEDB-SST-PROFILE] L2  |     74782.42 | 96020127 |        53424 |   95966703 | 986257
[OZONEDB-TBL-PROFILE] file_filter_reject=101026152  block_filter_reject=878698  index_invalid=0  block_read_more=331535  hit_from_cache=678048  miss_after_read=9874  found=999709
2026-05-01 04:37:05:542 120 sec: 1000000 operations; 7446.81 current ops/sec; [READ: Count=1391, Max=74, Min=24, Avg=28.97, 90=30, 99=56, 99.9=74, 99.99=74] [CLEANUP: Count=1, Max=145407, Min=145280, Avg=145344, 90=145407, 99=145407, 99.9=145407, 99.99=145407] 
[OVERALL], RunTime(ms), 120188
[OVERALL], Throughput(ops/sec), 8320.29819948747
[TOTAL_GCS_PS_Scavenge], Count, 5
[TOTAL_GC_TIME_PS_Scavenge], Time(ms), 27
[TOTAL_GC_TIME_%_PS_Scavenge], Time(%), 0.022464805138616168
[TOTAL_GCS_PS_MarkSweep], Count, 0
[TOTAL_GC_TIME_PS_MarkSweep], Time(ms), 0
[TOTAL_GC_TIME_%_PS_MarkSweep], Time(%), 0.0
[TOTAL_GCs], Count, 5
[TOTAL_GC_TIME], Time(ms), 27
[TOTAL_GC_TIME_%], Time(%), 0.022464805138616168
[READ], Operations, 1000000
[READ], AverageLatency(us), 114.151322
[READ], MinLatency(us), 24
[READ], MaxLatency(us), 12119
[READ], 95thPercentileLatency(us), 172
[READ], 99thPercentileLatency(us), 186
[READ], Return=OK, 1000000
[CLEANUP], Operations, 1
[CLEANUP], AverageLatency(us), 145344.0
[CLEANUP], MinLatency(us), 145280
[CLEANUP], MaxLatency(us), 145407
[CLEANUP], 95thPercentileLatency(us), 145407
[CLEANUP], 99thPercentileLatency(us), 145407
