# CMD: /users/Xinying/ozonedb/ycsb/bin/ycsb run ozonedb -threads 1 -s -P /users/Xinying/ozonedb/ycsb/workloads/generated_workloads/workloadc_1KB_1000000_1000000 -p status.interval=10 -p requestdistribution=sequential -p operationcount=1000000 -p maxexecutiontime=0 -p shared_config=/tmp/churn_v4_configs/shared_config_varyR_n4_r10pct_rep5.json
[WARN]  Running against a source checkout. In order to get our runtime dependencies we'll have to invoke Maven. Depending on the state of your system, this may take ~30-45 seconds
[DEBUG]  Running 'mvn -pl site.ycsb:ozonedb-binding -am package -DskipTests dependency:build-classpath -DincludeScope=compile -Dmdep.outputFilterFile=true'
/usr/lib/jvm/java-8-openjdk-amd64/bin/java -cp /users/Xinying/ozonedb/ycsb/ozonedb/conf:/users/Xinying/ozonedb/ycsb/ozonedb/target/ozonedb-binding-0.18.0-SNAPSHOT.jar:/users/Xinying/.m2/repository/org/apache/htrace/htrace-core4/4.1.0-incubating/htrace-core4-4.1.0-incubating.jar:/users/Xinying/.m2/repository/org/slf4j/slf4j-api/1.7.25/slf4j-api-1.7.25.jar:/users/Xinying/.m2/repository/org/hdrhistogram/HdrHistogram/2.1.12/HdrHistogram-2.1.12.jar:/users/Xinying/.m2/repository/ch/qos/logback/logback-classic/1.2.3/logback-classic-1.2.3.jar:/users/Xinying/.m2/repository/ozonedbjnimaven/demoproc-jni/1.0/demoproc-jni-1.0.jar:/users/Xinying/.m2/repository/ch/qos/logback/logback-core/1.2.3/logback-core-1.2.3.jar:/users/Xinying/.m2/repository/org/codehaus/jackson/jackson-mapper-asl/1.9.4/jackson-mapper-asl-1.9.4.jar:/users/Xinying/.m2/repository/org/slf4j/slf4j-simple/1.7.25/slf4j-simple-1.7.25.jar:/users/Xinying/.m2/repository/org/codehaus/jackson/jackson-core-asl/1.9.4/jackson-core-asl-1.9.4.jar:/users/Xinying/ozonedb/ycsb/core/target/core-0.18.0-SNAPSHOT.jar site.ycsb.Client -db site.ycsb.db.OzoneDBClient -threads 1 -s -P /users/Xinying/ozonedb/ycsb/workloads/generated_workloads/workloadc_1KB_1000000_1000000 -p status.interval=10 -p requestdistribution=sequential -p operationcount=1000000 -p maxexecutiontime=0 -p shared_config=/tmp/churn_v4_configs/shared_config_varyR_n4_r10pct_rep5.json -t
Command line: -db site.ycsb.db.OzoneDBClient -threads 1 -s -P /users/Xinying/ozonedb/ycsb/workloads/generated_workloads/workloadc_1KB_1000000_1000000 -p status.interval=10 -p requestdistribution=sequential -p operationcount=1000000 -p maxexecutiontime=0 -p shared_config=/tmp/churn_v4_configs/shared_config_varyR_n4_r10pct_rep5.json -t
YCSB Client 0.18.0-SNAPSHOT

Loading workload...
Starting test.
SLF4J: Class path contains multiple SLF4J bindings.
SLF4J: Found binding in [jar:file:/users/Xinying/.m2/repository/ch/qos/logback/logback-classic/1.2.3/logback-classic-1.2.3.jar!/org/slf4j/impl/StaticLoggerBinder.class]
SLF4J: Found binding in [jar:file:/users/Xinying/.m2/repository/org/slf4j/slf4j-simple/1.7.25/slf4j-simple-1.7.25.jar!/org/slf4j/impl/StaticLoggerBinder.class]
SLF4J: See http://www.slf4j.org/codes.html#multiple_bindings for an explanation.
SLF4J: Actual binding is of type [ch.qos.logback.classic.util.ContextSelectorStaticBinder]
2026-05-01 07:14:57:521 0 sec: 0 operations; est completion in 0 second 
2026-05-01 07:15:07:521 10 sec: 0 operations; est completion in 106751991167300 days 15 hours 
Starting compaction watcher
DBWrapper: report latency for each error is false and specific error codes to track for latency are: []
2026-05-01 07:15:17:521 20 sec: 8356 operations; 835.6 current ops/sec; est completion in 39 minutes [READ: Count=8373, Max=3095, Min=85, Avg=118.78, 90=130, 99=158, 99.9=229, 99.99=3095] 
2026-05-01 07:15:27:521 30 sec: 95337 operations; 8698.1 current ops/sec; est completion in 4 minutes [READ: Count=86970, Max=8239, Min=69, Avg=113.45, 90=125, 99=147, 99.9=191, 99.99=263] 
2026-05-01 07:15:37:521 40 sec: 183499 operations; 8816.2 current ops/sec; est completion in 2 minutes [READ: Count=88161, Max=5747, Min=52, Avg=112.2, 90=125, 99=146, 99.9=182, 99.99=238] 
2026-05-01 07:15:47:521 50 sec: 274411 operations; 9091.2 current ops/sec; est completion in 2 minutes [READ: Count=90911, Max=8271, Min=47, Avg=108.96, 90=123, 99=144, 99.9=181, 99.99=262] 
2026-05-01 07:15:57:521 60 sec: 376993 operations; 10258.2 current ops/sec; est completion in 1 minute [READ: Count=102582, Max=4239, Min=45, Avg=96.48, 90=112, 99=131, 99.9=168, 99.99=210] 
2026-05-01 07:16:07:521 70 sec: 488230 operations; 11123.7 current ops/sec; est completion in 1 minute [READ: Count=111237, Max=3947, Min=43, Avg=88.93, 90=108, 99=128, 99.9=163, 99.99=208] 
2026-05-01 07:16:17:521 80 sec: 612279 operations; 12404.9 current ops/sec; est completion in 51 seconds [READ: Count=124054, Max=3919, Min=38, Avg=79.65, 90=97, 99=118, 99.9=154, 99.99=214] 
2026-05-01 07:16:27:521 90 sec: 751860 operations; 13958.1 current ops/sec; est completion in 30 seconds [READ: Count=139580, Max=3699, Min=32, Avg=70.68, 90=88, 99=111, 99.9=147, 99.99=237] 
2026-05-01 07:16:37:521 100 sec: 938341 operations; 18648.1 current ops/sec; est completion in 7 second [READ: Count=186481, Max=3813, Min=25, Avg=52.69, 90=73, 99=91, 99.9=125, 99.99=159] 
[OZONEDB-PROFILE] reads=1000000  avg_total=80.27us  view=13.76us(17.1%)  log=0.50us(0.6%)  sst=65.80us_per_call x 999709_calls(81.9%_of_total)
[OZONEDB-SST-PROFILE] level | time_total_ms | enters | range_rejects | table_gets | hits
[OZONEDB-SST-PROFILE] L1  |      5496.78 |  6958032 |        10302 |    6947730 |  13452
[OZONEDB-SST-PROFILE] L2  |     58735.88 | 56348958 |        25766 |   56323192 | 986257
[OZONEDB-TBL-PROFILE] file_filter_reject=61721005  block_filter_reject=543989  index_invalid=0  block_read_more=397742  hit_from_cache=608186  miss_after_read=6219  found=999709
2026-05-01 07:16:39:693 102 sec: 1000000 operations; 28388.12 current ops/sec; [READ: Count=61651, Max=144, Min=13, Avg=33.1, 90=53, 99=63, 99.9=84, 99.99=114] [CLEANUP: Count=1, Max=75775, Min=75712, Avg=75744, 90=75775, 99=75775, 99.9=75775, 99.99=75775] 
[OVERALL], RunTime(ms), 102173
[OVERALL], Throughput(ops/sec), 9787.321503724075
[TOTAL_GCS_PS_Scavenge], Count, 5
[TOTAL_GC_TIME_PS_Scavenge], Time(ms), 19
[TOTAL_GC_TIME_%_PS_Scavenge], Time(%), 0.018595910857075744
[TOTAL_GCS_PS_MarkSweep], Count, 0
[TOTAL_GC_TIME_PS_MarkSweep], Time(ms), 0
[TOTAL_GC_TIME_%_PS_MarkSweep], Time(%), 0.0
[TOTAL_GCs], Count, 5
[TOTAL_GC_TIME], Time(ms), 19
[TOTAL_GC_TIME_%], Time(%), 0.018595910857075744
[READ], Operations, 1000000
[READ], AverageLatency(us), 82.06003
[READ], MinLatency(us), 13
[READ], MaxLatency(us), 8271
[READ], 95thPercentileLatency(us), 122
[READ], 99thPercentileLatency(us), 135
[READ], Return=OK, 1000000
[CLEANUP], Operations, 1
[CLEANUP], AverageLatency(us), 75744.0
[CLEANUP], MinLatency(us), 75712
[CLEANUP], MaxLatency(us), 75775
[CLEANUP], 95thPercentileLatency(us), 75775
[CLEANUP], 99thPercentileLatency(us), 75775
