# CMD: /usr/bin/time -v /users/Xinying/YCSB-cpp/ycsb -db sqlite -run -P /users/Xinying/YCSB-cpp/workloads/workloadd -P /users/Xinying/YCSB-cpp/sqlite/sqlite-bcw.properties -p sqlite.dbpath=/tank/ycsb_data/bcw2_ycsb/bcw_ycsb.db -p threadcount=8 -p recordcount=1000000 -p maxexecutiontime=120
# devices=['sda6'] sectors_before=2180846728 sectors_after=2180852336
# elapsed_s=120.33 returncode=0

=== STDOUT ===
[Thread 139892549629504] SqliteDB::Init at 2026-04-28 05:10:50
Opening database with URL: file:///tank/ycsb_data/bcw2_ycsb/bcw_ycsb.db?vfs=unix-excl
PRAGMA journal_mode: wal2
PRAGMA mmap_size: 0
PRAGMA page_size: 4096
PRAGMA cache_size: -131072
PRAGMA synchronous: 2
[Thread 139892541236800] SqliteDB::Init at 2026-04-28 05:10:50
Opening database with URL: file:///tank/ycsb_data/bcw2_ycsb/bcw_ycsb.db?vfs=unix-excl
PRAGMA journal_mode: wal2
PRAGMA mmap_size: 0
PRAGMA page_size: 4096
PRAGMA cache_size: -131072
PRAGMA synchronous: 2
[Thread 139892532844096] SqliteDB::Init at 2026-04-28 05:10:50
Opening database with URL: file:///tank/ycsb_data/bcw2_ycsb/bcw_ycsb.db?vfs=unix-excl
PRAGMA journal_mode: wal2
PRAGMA mmap_size: 0
PRAGMA page_size: 4096
PRAGMA cache_size: -131072
PRAGMA synchronous: 2
[Thread 139892524451392] SqliteDB::Init at 2026-04-28 05:10:50
Opening database with URL: file:///tank/ycsb_data/bcw2_ycsb/bcw_ycsb.db?vfs=unix-excl
PRAGMA journal_mode: wal2
PRAGMA mmap_size: 0
PRAGMA page_size: 4096
PRAGMA cache_size: -131072
PRAGMA synchronous: 2
[Thread 139892516058688] SqliteDB::Init at 2026-04-28 05:10:50
Opening database with URL: file:///tank/ycsb_data/bcw2_ycsb/bcw_ycsb.db?vfs=unix-excl
PRAGMA journal_mode: wal2
PRAGMA mmap_size: 0
PRAGMA page_size: 4096
PRAGMA cache_size: -131072
PRAGMA synchronous: 2
[Thread 139892507665984] SqliteDB::Init at 2026-04-28 05:10:50
Opening database with URL: file:///tank/ycsb_data/bcw2_ycsb/bcw_ycsb.db?vfs=unix-excl
PRAGMA journal_mode: wal2
PRAGMA mmap_size: 0
PRAGMA page_size: 4096
PRAGMA cache_size: -131072
PRAGMA synchronous: 2
[Thread 139892499273280] SqliteDB::Init at 2026-04-28 05:10:50
Opening database with URL: file:///tank/ycsb_data/bcw2_ycsb/bcw_ycsb.db?vfs=unix-excl
PRAGMA journal_mode: wal2
PRAGMA mmap_size: 0
PRAGMA page_size: 4096
PRAGMA cache_size: -131072
PRAGMA synchronous: 2
[Thread 139892490880576] SqliteDB::Init at 2026-04-28 05:10:50
Opening database with URL: file:///tank/ycsb_data/bcw2_ycsb/bcw_ycsb.db?vfs=unix-excl
PRAGMA journal_mode: wal2
PRAGMA mmap_size: 0
PRAGMA page_size: 4096
PRAGMA cache_size: -131072
PRAGMA synchronous: 2
[HCTree] busy_snapshot aborts (discarded, not retried): 0
[Thread 139892490880576] SqliteDB::Cleanup (last) at 2026-04-28 05:12:50
Run runtime(sec): 120.243
Run operations(ops): 566
Run throughput(ops/sec): 4.70713

=== STDERR ===
	Command being timed: "/users/Xinying/YCSB-cpp/ycsb -db sqlite -run -P /users/Xinying/YCSB-cpp/workloads/workloadd -P /users/Xinying/YCSB-cpp/sqlite/sqlite-bcw.properties -p sqlite.dbpath=/tank/ycsb_data/bcw2_ycsb/bcw_ycsb.db -p threadcount=8 -p recordcount=1000000 -p maxexecutiontime=120"
	User time (seconds): 0.09
	System time (seconds): 0.30
	Percent of CPU this job got: 0%
	Elapsed (wall clock) time (h:mm:ss or m:ss): 2:00.32
	Average shared text size (kbytes): 0
	Average unshared data size (kbytes): 0
	Average stack size (kbytes): 0
	Average total size (kbytes): 0
	Maximum resident set size (kbytes): 21840
	Average resident set size (kbytes): 0
	Major (requiring I/O) page faults: 147
	Minor (reclaiming a frame) page faults: 3036
	Voluntary context switches: 10389
	Involuntary context switches: 4
	Swaps: 0
	File system inputs: 35848
	File system outputs: 0
	Socket messages sent: 0
	Socket messages received: 0
	Signals delivered: 0
	Page size (bytes): 4096
	Exit status: 0
