# CMD: /usr/bin/time -v /users/Xinying/YCSB-cpp/ycsb -db sqlite -run -P /users/Xinying/YCSB-cpp/workloads/workloadb -P /users/Xinying/YCSB-cpp/sqlite/sqlite-bcw.properties -p sqlite.dbpath=/tank/ycsb_data/bcw2_ycsb/bcw_ycsb.db -p threadcount=8 -p recordcount=1000000 -p maxexecutiontime=120
# devices=['sda6'] sectors_before=2053443808 sectors_after=2053450056
# elapsed_s=120.38 returncode=0

=== STDOUT ===
[Thread 140367923045952] SqliteDB::Init at 2026-04-28 04:15:59
Opening database with URL: file:///tank/ycsb_data/bcw2_ycsb/bcw_ycsb.db?vfs=unix-excl
PRAGMA journal_mode: wal2
PRAGMA mmap_size: 0
PRAGMA page_size: 4096
PRAGMA cache_size: -131072
PRAGMA synchronous: 2
[Thread 140367914653248] SqliteDB::Init at 2026-04-28 04:15:59
Opening database with URL: file:///tank/ycsb_data/bcw2_ycsb/bcw_ycsb.db?vfs=unix-excl
PRAGMA journal_mode: wal2
PRAGMA mmap_size: 0
PRAGMA page_size: 4096
PRAGMA cache_size: -131072
PRAGMA synchronous: 2
[Thread 140367906260544] SqliteDB::Init at 2026-04-28 04:15:59
Opening database with URL: file:///tank/ycsb_data/bcw2_ycsb/bcw_ycsb.db?vfs=unix-excl
PRAGMA journal_mode: wal2
PRAGMA mmap_size: 0
PRAGMA page_size: 4096
PRAGMA cache_size: -131072
PRAGMA synchronous: 2
[Thread 140367897867840] SqliteDB::Init at 2026-04-28 04:15:59
Opening database with URL: file:///tank/ycsb_data/bcw2_ycsb/bcw_ycsb.db?vfs=unix-excl
PRAGMA journal_mode: wal2
PRAGMA mmap_size: 0
PRAGMA page_size: 4096
PRAGMA cache_size: -131072
PRAGMA synchronous: 2
[Thread 140367889475136] SqliteDB::Init at 2026-04-28 04:15:59
Opening database with URL: file:///tank/ycsb_data/bcw2_ycsb/bcw_ycsb.db?vfs=unix-excl
PRAGMA journal_mode: wal2
PRAGMA mmap_size: 0
PRAGMA page_size: 4096
PRAGMA cache_size: -131072
PRAGMA synchronous: 2
[Thread 140367881082432] SqliteDB::Init at 2026-04-28 04:15:59
Opening database with URL: file:///tank/ycsb_data/bcw2_ycsb/bcw_ycsb.db?vfs=unix-excl
PRAGMA journal_mode: wal2
PRAGMA mmap_size: 0
PRAGMA page_size: 4096
PRAGMA cache_size: -131072
PRAGMA synchronous: 2
[Thread 140367872689728] SqliteDB::Init at 2026-04-28 04:15:59
Opening database with URL: file:///tank/ycsb_data/bcw2_ycsb/bcw_ycsb.db?vfs=unix-excl
PRAGMA journal_mode: wal2
PRAGMA mmap_size: 0
PRAGMA page_size: 4096
PRAGMA cache_size: -131072
PRAGMA synchronous: 2
[Thread 140367864297024] SqliteDB::Init at 2026-04-28 04:15:59
Opening database with URL: file:///tank/ycsb_data/bcw2_ycsb/bcw_ycsb.db?vfs=unix-excl
PRAGMA journal_mode: wal2
PRAGMA mmap_size: 0
PRAGMA page_size: 4096
PRAGMA cache_size: -131072
PRAGMA synchronous: 2
UPDATE step error: database is locked
UPDATE step error: database is locked
UPDATE step error: database is locked
UPDATE step error: database is locked
UPDATE step error: database is locked
UPDATE step error: database is locked
UPDATE step error: database is locked
UPDATE step error: database is locked
UPDATE step error: database is locked
UPDATE step error: database is locked
UPDATE step error: database is locked
UPDATE step error: database is locked
UPDATE step error: database is locked
UPDATE step error: database is locked
UPDATE step error: database is locked
UPDATE step error: database is locked
UPDATE step error: database is locked
UPDATE step error: database is locked
UPDATE step error: database is locked
UPDATE step error: database is locked
UPDATE step error: database is locked
UPDATE step error: database is locked
UPDATE step error: database is locked
UPDATE step error: database is locked
UPDATE step error: database is locked
UPDATE step error: database is locked
UPDATE step error: database is locked
UPDATE step error: database is locked
UPDATE step error: database is locked
UPDATE step error: database is locked
UPDATE step error: database is locked
[HCTree] busy_snapshot aborts (discarded, not retried): 0
[Thread 140367906260544] SqliteDB::Cleanup (last) at 2026-04-28 04:18:00
Run runtime(sec): 120.311
Run operations(ops): 575
Run throughput(ops/sec): 4.77929

=== STDERR ===
	Command being timed: "/users/Xinying/YCSB-cpp/ycsb -db sqlite -run -P /users/Xinying/YCSB-cpp/workloads/workloadb -P /users/Xinying/YCSB-cpp/sqlite/sqlite-bcw.properties -p sqlite.dbpath=/tank/ycsb_data/bcw2_ycsb/bcw_ycsb.db -p threadcount=8 -p recordcount=1000000 -p maxexecutiontime=120"
	User time (seconds): 0.09
	System time (seconds): 0.28
	Percent of CPU this job got: 0%
	Elapsed (wall clock) time (h:mm:ss or m:ss): 2:00.37
	Average shared text size (kbytes): 0
	Average unshared data size (kbytes): 0
	Average stack size (kbytes): 0
	Average total size (kbytes): 0
	Maximum resident set size (kbytes): 23688
	Average resident set size (kbytes): 0
	Major (requiring I/O) page faults: 145
	Minor (reclaiming a frame) page faults: 3484
	Voluntary context switches: 10191
	Involuntary context switches: 8
	Swaps: 0
	File system inputs: 39800
	File system outputs: 16
	Socket messages sent: 0
	Socket messages received: 0
	Signals delivered: 0
	Page size (bytes): 4096
	Exit status: 0
