# CMD: /usr/bin/time -v /users/Xinying/YCSB-cpp/ycsb -db sqlite -run -P /users/Xinying/YCSB-cpp/workloads/workloadd -P /users/Xinying/YCSB-cpp/sqlite/sqlite-bcw.properties -p sqlite.dbpath=/tank/ycsb_data/bcw2_ycsb/bcw_ycsb.db -p threadcount=16 -p recordcount=1000000 -p maxexecutiontime=120
# devices=['sda6'] sectors_before=2193579688 sectors_after=2193585896
# elapsed_s=120.34 returncode=0

=== STDOUT ===
[Thread 140160709334592] SqliteDB::Init at 2026-04-28 05:15:07
Opening database with URL: file:///tank/ycsb_data/bcw2_ycsb/bcw_ycsb.db?vfs=unix-excl
PRAGMA journal_mode: wal2
PRAGMA mmap_size: 0
PRAGMA page_size: 4096
PRAGMA cache_size: -131072
PRAGMA synchronous: 2
[Thread 140160700941888] SqliteDB::Init at 2026-04-28 05:15:07
Opening database with URL: file:///tank/ycsb_data/bcw2_ycsb/bcw_ycsb.db?vfs=unix-excl
PRAGMA journal_mode: wal2
PRAGMA mmap_size: 0
PRAGMA page_size: 4096
PRAGMA cache_size: -131072
PRAGMA synchronous: 2
[Thread 140160692549184] SqliteDB::Init at 2026-04-28 05:15:07
Opening database with URL: file:///tank/ycsb_data/bcw2_ycsb/bcw_ycsb.db?vfs=unix-excl
PRAGMA journal_mode: wal2
PRAGMA mmap_size: 0
PRAGMA page_size: 4096
PRAGMA cache_size: -131072
PRAGMA synchronous: 2
[Thread 140160684156480] SqliteDB::Init at 2026-04-28 05:15:07
Opening database with URL: file:///tank/ycsb_data/bcw2_ycsb/bcw_ycsb.db?vfs=unix-excl
PRAGMA journal_mode: wal2
PRAGMA mmap_size: 0
PRAGMA page_size: 4096
PRAGMA cache_size: -131072
PRAGMA synchronous: 2
[Thread 140160675763776] SqliteDB::Init at 2026-04-28 05:15:07
Opening database with URL: file:///tank/ycsb_data/bcw2_ycsb/bcw_ycsb.db?vfs=unix-excl
PRAGMA journal_mode: wal2
PRAGMA mmap_size: 0
PRAGMA page_size: 4096
PRAGMA cache_size: -131072
PRAGMA synchronous: 2
[Thread 140160667371072] SqliteDB::Init at 2026-04-28 05:15:07
Opening database with URL: file:///tank/ycsb_data/bcw2_ycsb/bcw_ycsb.db?vfs=unix-excl
PRAGMA journal_mode: wal2
PRAGMA mmap_size: 0
PRAGMA page_size: 4096
PRAGMA cache_size: -131072
PRAGMA synchronous: 2
[Thread 140160658978368] SqliteDB::Init at 2026-04-28 05:15:07
Opening database with URL: file:///tank/ycsb_data/bcw2_ycsb/bcw_ycsb.db?vfs=unix-excl
PRAGMA journal_mode: wal2
PRAGMA mmap_size: 0
PRAGMA page_size: 4096
PRAGMA cache_size: -131072
PRAGMA synchronous: 2
[Thread 140160650585664] SqliteDB::Init at 2026-04-28 05:15:07
Opening database with URL: file:///tank/ycsb_data/bcw2_ycsb/bcw_ycsb.db?vfs=unix-excl
PRAGMA journal_mode: wal2
PRAGMA mmap_size: 0
PRAGMA page_size: 4096
PRAGMA cache_size: -131072
PRAGMA synchronous: 2
[Thread 140160642192960] SqliteDB::Init at 2026-04-28 05:15:07
Opening database with URL: file:///tank/ycsb_data/bcw2_ycsb/bcw_ycsb.db?vfs=unix-excl
PRAGMA journal_mode: wal2
PRAGMA mmap_size: 0
PRAGMA page_size: 4096
PRAGMA cache_size: -131072
PRAGMA synchronous: 2
[Thread 140160633800256] SqliteDB::Init at 2026-04-28 05:15:07
Opening database with URL: file:///tank/ycsb_data/bcw2_ycsb/bcw_ycsb.db?vfs=unix-excl
PRAGMA journal_mode: wal2
PRAGMA mmap_size: 0
PRAGMA page_size: 4096
PRAGMA cache_size: -131072
PRAGMA synchronous: 2
[Thread 140160625407552] SqliteDB::Init at 2026-04-28 05:15:07
Opening database with URL: file:///tank/ycsb_data/bcw2_ycsb/bcw_ycsb.db?vfs=unix-excl
PRAGMA journal_mode: wal2
PRAGMA mmap_size: 0
PRAGMA page_size: 4096
PRAGMA cache_size: -131072
PRAGMA synchronous: 2
[Thread 140160617014848] SqliteDB::Init at 2026-04-28 05:15:07
Opening database with URL: file:///tank/ycsb_data/bcw2_ycsb/bcw_ycsb.db?vfs=unix-excl
PRAGMA journal_mode: wal2
PRAGMA mmap_size: 0
PRAGMA page_size: 4096
PRAGMA cache_size: -131072
PRAGMA synchronous: 2
[Thread 140160608622144] SqliteDB::Init at 2026-04-28 05:15:07
Opening database with URL: file:///tank/ycsb_data/bcw2_ycsb/bcw_ycsb.db?vfs=unix-excl
PRAGMA journal_mode: wal2
PRAGMA mmap_size: 0
PRAGMA page_size: 4096
PRAGMA cache_size: -131072
PRAGMA synchronous: 2
[Thread 140160600229440] SqliteDB::Init at 2026-04-28 05:15:07
Opening database with URL: file:///tank/ycsb_data/bcw2_ycsb/bcw_ycsb.db?vfs=unix-excl
PRAGMA journal_mode: wal2
PRAGMA mmap_size: 0
PRAGMA page_size: 4096
PRAGMA cache_size: -131072
PRAGMA synchronous: 2
[Thread 140160591836736] SqliteDB::Init at 2026-04-28 05:15:07
Opening database with URL: file:///tank/ycsb_data/bcw2_ycsb/bcw_ycsb.db?vfs=unix-excl
PRAGMA journal_mode: wal2
PRAGMA mmap_size: 0
PRAGMA page_size: 4096
PRAGMA cache_size: -131072
PRAGMA synchronous: 2
[Thread 140160583444032] SqliteDB::Init at 2026-04-28 05:15:07
Opening database with URL: file:///tank/ycsb_data/bcw2_ycsb/bcw_ycsb.db?vfs=unix-excl
PRAGMA journal_mode: wal2
PRAGMA mmap_size: 0
PRAGMA page_size: 4096
PRAGMA cache_size: -131072
PRAGMA synchronous: 2
[HCTree] busy_snapshot aborts (discarded, not retried): 0
[Thread 140160642192960] SqliteDB::Cleanup (last) at 2026-04-28 05:17:07
Run runtime(sec): 120.254
Run operations(ops): 1370
Run throughput(ops/sec): 11.3926

=== STDERR ===
	Command being timed: "/users/Xinying/YCSB-cpp/ycsb -db sqlite -run -P /users/Xinying/YCSB-cpp/workloads/workloadd -P /users/Xinying/YCSB-cpp/sqlite/sqlite-bcw.properties -p sqlite.dbpath=/tank/ycsb_data/bcw2_ycsb/bcw_ycsb.db -p threadcount=16 -p recordcount=1000000 -p maxexecutiontime=120"
	User time (seconds): 0.17
	System time (seconds): 0.57
	Percent of CPU this job got: 0%
	Elapsed (wall clock) time (h:mm:ss or m:ss): 2:00.34
	Average shared text size (kbytes): 0
	Average unshared data size (kbytes): 0
	Average stack size (kbytes): 0
	Average total size (kbytes): 0
	Maximum resident set size (kbytes): 31248
	Average resident set size (kbytes): 0
	Major (requiring I/O) page faults: 147
	Minor (reclaiming a frame) page faults: 5518
	Voluntary context switches: 20460
	Involuntary context switches: 8
	Swaps: 0
	File system inputs: 52408
	File system outputs: 0
	Socket messages sent: 0
	Socket messages received: 0
	Signals delivered: 0
	Page size (bytes): 4096
	Exit status: 0
