# CMD: /usr/bin/time -v /users/Xinying/YCSB-cpp/ycsb -db sqlite -run -P /users/Xinying/YCSB-cpp/workloads/workloadd -P /users/Xinying/YCSB-cpp/sqlite/sqlite-bcw.properties -p sqlite.dbpath=/tank/ycsb_data/bcw2_ycsb/bcw_ycsb.db -p threadcount=4 -p recordcount=1000000 -p maxexecutiontime=120
# devices=['sda6'] sectors_before=2151079760 sectors_after=2151085448
# elapsed_s=120.39 returncode=0

=== STDOUT ===
[Thread 140459500041792] SqliteDB::Init at 2026-04-28 05:02:10
Opening database with URL: file:///tank/ycsb_data/bcw2_ycsb/bcw_ycsb.db?vfs=unix-excl
PRAGMA journal_mode: wal2
PRAGMA mmap_size: 0
PRAGMA page_size: 4096
PRAGMA cache_size: -131072
PRAGMA synchronous: 2
[Thread 140459491649088] SqliteDB::Init at 2026-04-28 05:02:10
Opening database with URL: file:///tank/ycsb_data/bcw2_ycsb/bcw_ycsb.db?vfs=unix-excl
PRAGMA journal_mode: wal2
PRAGMA mmap_size: 0
PRAGMA page_size: 4096
PRAGMA cache_size: -131072
PRAGMA synchronous: 2
[Thread 140459483256384] SqliteDB::Init at 2026-04-28 05:02:10
Opening database with URL: file:///tank/ycsb_data/bcw2_ycsb/bcw_ycsb.db?vfs=unix-excl
PRAGMA journal_mode: wal2
PRAGMA mmap_size: 0
PRAGMA page_size: 4096
PRAGMA cache_size: -131072
PRAGMA synchronous: 2
[Thread 140459474863680] SqliteDB::Init at 2026-04-28 05:02:10
Opening database with URL: file:///tank/ycsb_data/bcw2_ycsb/bcw_ycsb.db?vfs=unix-excl
PRAGMA journal_mode: wal2
PRAGMA mmap_size: 0
PRAGMA page_size: 4096
PRAGMA cache_size: -131072
PRAGMA synchronous: 2
[HCTree] busy_snapshot aborts (discarded, not retried): 0
[Thread 140459474863680] SqliteDB::Cleanup (last) at 2026-04-28 05:04:11
Run runtime(sec): 120.302
Run operations(ops): 170
Run throughput(ops/sec): 1.41311

=== STDERR ===
	Command being timed: "/users/Xinying/YCSB-cpp/ycsb -db sqlite -run -P /users/Xinying/YCSB-cpp/workloads/workloadd -P /users/Xinying/YCSB-cpp/sqlite/sqlite-bcw.properties -p sqlite.dbpath=/tank/ycsb_data/bcw2_ycsb/bcw_ycsb.db -p threadcount=4 -p recordcount=1000000 -p maxexecutiontime=120"
	User time (seconds): 0.05
	System time (seconds): 0.14
	Percent of CPU this job got: 0%
	Elapsed (wall clock) time (h:mm:ss or m:ss): 2:00.38
	Average shared text size (kbytes): 0
	Average unshared data size (kbytes): 0
	Average stack size (kbytes): 0
	Average total size (kbytes): 0
	Maximum resident set size (kbytes): 18312
	Average resident set size (kbytes): 0
	Major (requiring I/O) page faults: 146
	Minor (reclaiming a frame) page faults: 1780
	Voluntary context switches: 5119
	Involuntary context switches: 8
	Swaps: 0
	File system inputs: 27664
	File system outputs: 32
	Socket messages sent: 0
	Socket messages received: 0
	Signals delivered: 0
	Page size (bytes): 4096
	Exit status: 0
