# CMD: /usr/bin/time -v /users/Xinying/YCSB-cpp/ycsb -db sqlite -run -P /users/Xinying/YCSB-cpp/workloads/workloadb -P /users/Xinying/YCSB-cpp/sqlite/sqlite-bcw.properties -p sqlite.dbpath=/tank/ycsb_data/bcw2_ycsb/bcw_ycsb.db -p threadcount=16 -p recordcount=1000000 -p maxexecutiontime=120
# devices=['sda6'] sectors_before=2070347344 sectors_after=2070353784
# elapsed_s=120.38 returncode=0

=== STDOUT ===
[Thread 139967225198144] SqliteDB::Init at 2026-04-28 04:24:22
Opening database with URL: file:///tank/ycsb_data/bcw2_ycsb/bcw_ycsb.db?vfs=unix-excl
PRAGMA journal_mode: wal2
PRAGMA mmap_size: 0
PRAGMA page_size: 4096
PRAGMA cache_size: -131072
PRAGMA synchronous: 2
[Thread 139967216805440] SqliteDB::Init at 2026-04-28 04:24:22
Opening database with URL: file:///tank/ycsb_data/bcw2_ycsb/bcw_ycsb.db?vfs=unix-excl
PRAGMA journal_mode: wal2
PRAGMA mmap_size: 0
PRAGMA page_size: 4096
PRAGMA cache_size: -131072
PRAGMA synchronous: 2
[Thread 139967208412736] SqliteDB::Init at 2026-04-28 04:24:22
Opening database with URL: file:///tank/ycsb_data/bcw2_ycsb/bcw_ycsb.db?vfs=unix-excl
PRAGMA journal_mode: wal2
PRAGMA mmap_size: 0
PRAGMA page_size: 4096
PRAGMA cache_size: -131072
PRAGMA synchronous: 2
[Thread 139967200020032] SqliteDB::Init at 2026-04-28 04:24:22
Opening database with URL: file:///tank/ycsb_data/bcw2_ycsb/bcw_ycsb.db?vfs=unix-excl
PRAGMA journal_mode: wal2
PRAGMA mmap_size: 0
PRAGMA page_size: 4096
PRAGMA cache_size: -131072
PRAGMA synchronous: 2
[Thread 139967191627328] SqliteDB::Init at 2026-04-28 04:24:22
Opening database with URL: file:///tank/ycsb_data/bcw2_ycsb/bcw_ycsb.db?vfs=unix-excl
PRAGMA journal_mode: wal2
PRAGMA mmap_size: 0
PRAGMA page_size: 4096
PRAGMA cache_size: -131072
PRAGMA synchronous: 2
[Thread 139967183234624] SqliteDB::Init at 2026-04-28 04:24:22
Opening database with URL: file:///tank/ycsb_data/bcw2_ycsb/bcw_ycsb.db?vfs=unix-excl
PRAGMA journal_mode: wal2
PRAGMA mmap_size: 0
PRAGMA page_size: 4096
PRAGMA cache_size: -131072
PRAGMA synchronous: 2
[Thread 139967174841920] SqliteDB::Init at 2026-04-28 04:24:22
Opening database with URL: file:///tank/ycsb_data/bcw2_ycsb/bcw_ycsb.db?vfs=unix-excl
PRAGMA journal_mode: wal2
PRAGMA mmap_size: 0
PRAGMA page_size: 4096
PRAGMA cache_size: -131072
PRAGMA synchronous: 2
[Thread 139967158056512] SqliteDB::Init at 2026-04-28 04:24:22
Opening database with URL: file:///tank/ycsb_data/bcw2_ycsb/bcw_ycsb.db?vfs=unix-excl
PRAGMA journal_mode: wal2
PRAGMA mmap_size: 0
PRAGMA page_size: 4096
PRAGMA cache_size: -131072
PRAGMA synchronous: 2
[Thread 139967166449216] SqliteDB::Init at 2026-04-28 04:24:22
Opening database with URL: file:///tank/ycsb_data/bcw2_ycsb/bcw_ycsb.db?vfs=unix-excl
PRAGMA journal_mode: wal2
PRAGMA mmap_size: 0
PRAGMA page_size: 4096
PRAGMA cache_size: -131072
PRAGMA synchronous: 2
[Thread 139967149663808] SqliteDB::Init at 2026-04-28 04:24:22
Opening database with URL: file:///tank/ycsb_data/bcw2_ycsb/bcw_ycsb.db?vfs=unix-excl
PRAGMA journal_mode: wal2
PRAGMA mmap_size: 0
PRAGMA page_size: 4096
PRAGMA cache_size: -131072
PRAGMA synchronous: 2
[Thread 139967141271104] SqliteDB::Init at 2026-04-28 04:24:22
Opening database with URL: file:///tank/ycsb_data/bcw2_ycsb/bcw_ycsb.db?vfs=unix-excl
PRAGMA journal_mode: wal2
PRAGMA mmap_size: 0
PRAGMA page_size: 4096
PRAGMA cache_size: -131072
PRAGMA synchronous: 2
[Thread 139967132878400] SqliteDB::Init at 2026-04-28 04:24:22
Opening database with URL: file:///tank/ycsb_data/bcw2_ycsb/bcw_ycsb.db?vfs=unix-excl
PRAGMA journal_mode: wal2
PRAGMA mmap_size: 0
PRAGMA page_size: 4096
PRAGMA cache_size: -131072
PRAGMA synchronous: 2
[Thread 139967124485696] SqliteDB::Init at 2026-04-28 04:24:22
Opening database with URL: file:///tank/ycsb_data/bcw2_ycsb/bcw_ycsb.db?vfs=unix-excl
PRAGMA journal_mode: wal2
PRAGMA mmap_size: 0
PRAGMA page_size: 4096
PRAGMA cache_size: -131072
PRAGMA synchronous: 2
[Thread 139967116092992] SqliteDB::Init at 2026-04-28 04:24:22
Opening database with URL: file:///tank/ycsb_data/bcw2_ycsb/bcw_ycsb.db?vfs=unix-excl
PRAGMA journal_mode: wal2
PRAGMA mmap_size: 0
PRAGMA page_size: 4096
PRAGMA cache_size: -131072
PRAGMA synchronous: 2
[Thread 139967107700288] SqliteDB::Init at 2026-04-28 04:24:22
Opening database with URL: file:///tank/ycsb_data/bcw2_ycsb/bcw_ycsb.db?vfs=unix-excl
PRAGMA journal_mode: wal2
PRAGMA mmap_size: 0
PRAGMA page_size: 4096
PRAGMA cache_size: -131072
PRAGMA synchronous: 2
[Thread 139967099307584] SqliteDB::Init at 2026-04-28 04:24:22
Opening database with URL: file:///tank/ycsb_data/bcw2_ycsb/bcw_ycsb.db?vfs=unix-excl
PRAGMA journal_mode: wal2
PRAGMA mmap_size: 0
PRAGMA page_size: 4096
PRAGMA cache_size: -131072
PRAGMA synchronous: 2
UPDATE step error: database is locked
UPDATE step error: database is locked
UPDATE step error: database is locked
UPDATE step error: database is locked
UPDATE step error: database is locked
UPDATE step error: database is locked
UPDATE step error: database is locked
UPDATE step error: database is locked
UPDATE step error: database is locked
UPDATE step error: database is locked
UPDATE step error: database is locked
UPDATE step error: database is locked
UPDATE step error: database is locked
UPDATE step error: database is locked
UPDATE step error: database is locked
UPDATE step error: database is locked
UPDATE step error: database is locked
UPDATE step error: database is locked
UPDATE step error: database is locked
UPDATE step error: database is locked
UPDATE step error: database is locked
UPDATE step error: database is locked
UPDATE step error: database is locked
UPDATE step error: database is locked
UPDATE step error: database is locked
UPDATE step error: database is locked
UPDATE step error: database is locked
UPDATE step error: database is locked
UPDATE step error: database is locked
UPDATE step error: database is locked
UPDATE step error: database is locked
UPDATE step error: database is locked
UPDATE step error: database is locked
UPDATE step error: database is locked
UPDATE step error: database is locked
UPDATE step error: database is locked
UPDATE step error: database is locked
UPDATE step error: database is locked
UPDATE step error: database is locked
UPDATE step error: database is locked
UPDATE step error: database is locked
UPDATE step error: database is locked
UPDATE step error: database is locked
UPDATE step error: database is locked
UPDATE step error: database is locked
UPDATE step error: database is locked
UPDATE step error: database is locked
UPDATE step error: database is locked
UPDATE step error: database is locked
UPDATE step error: database is locked
UPDATE step error: database is locked
UPDATE step error: database is locked
UPDATE step error: database is locked
UPDATE step error: database is locked
UPDATE step error: database is locked
UPDATE step error: database is locked
UPDATE step error: database is locked
UPDATE step error: database is locked
UPDATE step error: database is locked
UPDATE step error: database is locked
UPDATE step error: database is locked
UPDATE step error: database is locked
UPDATE step error: database is locked
[HCTree] busy_snapshot aborts (discarded, not retried): 0
[Thread 139967149663808] SqliteDB::Cleanup (last) at 2026-04-28 04:26:23
Run runtime(sec): 120.315
Run operations(ops): 1272
Run throughput(ops/sec): 10.5723

=== STDERR ===
	Command being timed: "/users/Xinying/YCSB-cpp/ycsb -db sqlite -run -P /users/Xinying/YCSB-cpp/workloads/workloadb -P /users/Xinying/YCSB-cpp/sqlite/sqlite-bcw.properties -p sqlite.dbpath=/tank/ycsb_data/bcw2_ycsb/bcw_ycsb.db -p threadcount=16 -p recordcount=1000000 -p maxexecutiontime=120"
	User time (seconds): 0.15
	System time (seconds): 0.62
	Percent of CPU this job got: 0%
	Elapsed (wall clock) time (h:mm:ss or m:ss): 2:00.38
	Average shared text size (kbytes): 0
	Average unshared data size (kbytes): 0
	Average stack size (kbytes): 0
	Average total size (kbytes): 0
	Maximum resident set size (kbytes): 33640
	Average resident set size (kbytes): 0
	Major (requiring I/O) page faults: 147
	Minor (reclaiming a frame) page faults: 6259
	Voluntary context switches: 20966
	Involuntary context switches: 15
	Swaps: 0
	File system inputs: 58080
	File system outputs: 16
	Socket messages sent: 0
	Socket messages received: 0
	Signals delivered: 0
	Page size (bytes): 4096
	Exit status: 0
