# CMD: /usr/bin/time -v /users/Xinying/YCSB-cpp/ycsb -db sqlite -run -P /users/Xinying/YCSB-cpp/workloads/workloadc -P /users/Xinying/YCSB-cpp/sqlite/hctree.properties -p sqlite.dbpath=/tank/ycsb_data/hctree_ycsb/hctree_ycsb.db -p threadcount=2 -p recordcount=1000000 -p maxexecutiontime=120
# devices=['sda6'] sectors_before=3472249312 sectors_after=3472252008
# elapsed_s=120.17 returncode=0

=== STDOUT ===
[Thread 140048270079552] SqliteDB::Init at 2026-04-28 06:25:36
Opening database with URL: file:///tank/ycsb_data/hctree_ycsb/hctree_ycsb.db?hctree=1&vfs=unix-excl
PRAGMA journal_mode: delete
PRAGMA page_size: 4096
PRAGMA cache_size: -131072
PRAGMA synchronous: 2
[Thread 140048261686848] SqliteDB::Init at 2026-04-28 06:25:36
Opening database with URL: file:///tank/ycsb_data/hctree_ycsb/hctree_ycsb.db?hctree=1&vfs=unix-excl
PRAGMA journal_mode: delete
PRAGMA page_size: 4096
PRAGMA cache_size: -131072
PRAGMA synchronous: 2
[HCTree] busy_snapshot aborts (discarded, not retried): 0
[Thread 140048261686848] SqliteDB::Cleanup (last) at 2026-04-28 06:27:36
Run runtime(sec): 120.101
Run operations(ops): 36591294
Run throughput(ops/sec): 304670

=== STDERR ===
	Command being timed: "/users/Xinying/YCSB-cpp/ycsb -db sqlite -run -P /users/Xinying/YCSB-cpp/workloads/workloadc -P /users/Xinying/YCSB-cpp/sqlite/hctree.properties -p sqlite.dbpath=/tank/ycsb_data/hctree_ycsb/hctree_ycsb.db -p threadcount=2 -p recordcount=1000000 -p maxexecutiontime=120"
	User time (seconds): 209.46
	System time (seconds): 30.62
	Percent of CPU this job got: 199%
	Elapsed (wall clock) time (h:mm:ss or m:ss): 2:00.16
	Average shared text size (kbytes): 0
	Average unshared data size (kbytes): 0
	Average stack size (kbytes): 0
	Average total size (kbytes): 0
	Maximum resident set size (kbytes): 1400860
	Average resident set size (kbytes): 0
	Major (requiring I/O) page faults: 346442
	Minor (reclaiming a frame) page faults: 1225
	Voluntary context switches: 146
	Involuntary context switches: 278
	Swaps: 0
	File system inputs: 24320
	File system outputs: 0
	Socket messages sent: 0
	Socket messages received: 0
	Signals delivered: 0
	Page size (bytes): 4096
	Exit status: 0
