# CMD: /usr/bin/time -v /users/Xinying/YCSB-cpp/ycsb -db sqlite -run -P /users/Xinying/YCSB-cpp/workloads/workloadf -P /users/Xinying/YCSB-cpp/sqlite/hctree.properties -p sqlite.dbpath=/tank/ycsb_data/hctree_ycsb/hctree_ycsb.db -p threadcount=16 -p recordcount=1000000 -p maxexecutiontime=120
# devices=['sda6'] sectors_before=4160749672 sectors_after=4207680712
# elapsed_s=120.22 returncode=0

=== STDOUT ===
[Thread 140636588545600] SqliteDB::Init at 2026-04-28 07:32:51
Opening database with URL: file:///tank/ycsb_data/hctree_ycsb/hctree_ycsb.db?hctree=1&vfs=unix-excl
PRAGMA journal_mode: delete
PRAGMA page_size: 4096
PRAGMA cache_size: -131072
PRAGMA synchronous: 2
[Thread 140636580152896] SqliteDB::Init at 2026-04-28 07:32:51
Opening database with URL: file:///tank/ycsb_data/hctree_ycsb/hctree_ycsb.db?hctree=1&vfs=unix-excl
PRAGMA journal_mode: delete
PRAGMA page_size: 4096
PRAGMA cache_size: -131072
PRAGMA synchronous: 2
[Thread 140636571760192] SqliteDB::Init at 2026-04-28 07:32:51
Opening database with URL: file:///tank/ycsb_data/hctree_ycsb/hctree_ycsb.db?hctree=1&vfs=unix-excl
PRAGMA journal_mode: delete
PRAGMA page_size: 4096
PRAGMA cache_size: -131072
PRAGMA synchronous: 2
[Thread 140636563367488] SqliteDB::Init at 2026-04-28 07:32:51
Opening database with URL: file:///tank/ycsb_data/hctree_ycsb/hctree_ycsb.db?hctree=1&vfs=unix-excl
PRAGMA journal_mode: delete
PRAGMA page_size: 4096
PRAGMA cache_size: -131072
PRAGMA synchronous: 2
[Thread 140636546582080] SqliteDB::Init at 2026-04-28 07:32:51
Opening database with URL: file:///tank/ycsb_data/hctree_ycsb/hctree_ycsb.db?hctree=1&vfs=unix-excl
PRAGMA journal_mode: delete
PRAGMA page_size: 4096
PRAGMA cache_size: -131072
PRAGMA synchronous: 2
[Thread 140636554974784] SqliteDB::Init at 2026-04-28 07:32:51
Opening database with URL: file:///tank/ycsb_data/hctree_ycsb/hctree_ycsb.db?hctree=1&vfs=unix-excl
PRAGMA journal_mode: delete
PRAGMA page_size: 4096
PRAGMA cache_size: -131072
PRAGMA synchronous: 2
[Thread 140636538189376] SqliteDB::Init at 2026-04-28 07:32:51
Opening database with URL: file:///tank/ycsb_data/hctree_ycsb/hctree_ycsb.db?hctree=1&vfs=unix-excl
PRAGMA journal_mode: delete
PRAGMA page_size: 4096
PRAGMA cache_size: -131072
PRAGMA synchronous: 2
[Thread 140636529796672] SqliteDB::Init at 2026-04-28 07:32:51
Opening database with URL: file:///tank/ycsb_data/hctree_ycsb/hctree_ycsb.db?hctree=1&vfs=unix-excl
PRAGMA journal_mode: delete
PRAGMA page_size: 4096
PRAGMA cache_size: -131072
PRAGMA synchronous: 2
[Thread 140636521403968] SqliteDB::Init at 2026-04-28 07:32:51
Opening database with URL: file:///tank/ycsb_data/hctree_ycsb/hctree_ycsb.db?hctree=1&vfs=unix-excl
PRAGMA journal_mode: delete
PRAGMA page_size: 4096
PRAGMA cache_size: -131072
PRAGMA synchronous: 2
[Thread 140636513011264] SqliteDB::Init at 2026-04-28 07:32:51
Opening database with URL: file:///tank/ycsb_data/hctree_ycsb/hctree_ycsb.db?hctree=1&vfs=unix-excl
PRAGMA journal_mode: delete
PRAGMA page_size: 4096
PRAGMA cache_size: -131072
PRAGMA synchronous: 2
[Thread 140636504618560] SqliteDB::Init at 2026-04-28 07:32:51
Opening database with URL: file:///tank/ycsb_data/hctree_ycsb/hctree_ycsb.db?hctree=1&vfs=unix-excl
PRAGMA journal_mode: delete
PRAGMA page_size: 4096
PRAGMA cache_size: -131072
PRAGMA synchronous: 2
[Thread 140636496225856] SqliteDB::Init at 2026-04-28 07:32:51
Opening database with URL: file:///tank/ycsb_data/hctree_ycsb/hctree_ycsb.db?hctree=1&vfs=unix-excl
PRAGMA journal_mode: delete
PRAGMA page_size: 4096
PRAGMA cache_size: -131072
PRAGMA synchronous: 2
[Thread 140636487833152] SqliteDB::Init at 2026-04-28 07:32:51
Opening database with URL: file:///tank/ycsb_data/hctree_ycsb/hctree_ycsb.db?hctree=1&vfs=unix-excl
PRAGMA journal_mode: delete
PRAGMA page_size: 4096
PRAGMA cache_size: -131072
PRAGMA synchronous: 2
[Thread 140636479440448] SqliteDB::Init at 2026-04-28 07:32:51
Opening database with URL: file:///tank/ycsb_data/hctree_ycsb/hctree_ycsb.db?hctree=1&vfs=unix-excl
PRAGMA journal_mode: delete
PRAGMA page_size: 4096
PRAGMA cache_size: -131072
PRAGMA synchronous: 2
[Thread 140636471047744] SqliteDB::Init at 2026-04-28 07:32:51
Opening database with URL: file:///tank/ycsb_data/hctree_ycsb/hctree_ycsb.db?hctree=1&vfs=unix-excl
PRAGMA journal_mode: delete
PRAGMA page_size: 4096
PRAGMA cache_size: -131072
PRAGMA synchronous: 2
[Thread 140636462655040] SqliteDB::Init at 2026-04-28 07:32:51
Opening database with URL: file:///tank/ycsb_data/hctree_ycsb/hctree_ycsb.db?hctree=1&vfs=unix-excl
PRAGMA journal_mode: delete
PRAGMA page_size: 4096
PRAGMA cache_size: -131072
PRAGMA synchronous: 2
[HCTree] busy_snapshot aborts (discarded, not retried): 51905
[Thread 140636487833152] SqliteDB::Cleanup (last) at 2026-04-28 07:34:52
Run runtime(sec): 120.114
Run operations(ops): 3783921
Run throughput(ops/sec): 31070.6

=== STDERR ===
	Command being timed: "/users/Xinying/YCSB-cpp/ycsb -db sqlite -run -P /users/Xinying/YCSB-cpp/workloads/workloadf -P /users/Xinying/YCSB-cpp/sqlite/hctree.properties -p sqlite.dbpath=/tank/ycsb_data/hctree_ycsb/hctree_ycsb.db -p threadcount=16 -p recordcount=1000000 -p maxexecutiontime=120"
	User time (seconds): 68.12
	System time (seconds): 111.63
	Percent of CPU this job got: 149%
	Elapsed (wall clock) time (h:mm:ss or m:ss): 2:00.21
	Average shared text size (kbytes): 0
	Average unshared data size (kbytes): 0
	Average stack size (kbytes): 0
	Average total size (kbytes): 0
	Maximum resident set size (kbytes): 1424712
	Average resident set size (kbytes): 0
	Major (requiring I/O) page faults: 1459843
	Minor (reclaiming a frame) page faults: 2818
	Voluntary context switches: 1894333
	Involuntary context switches: 281
	Swaps: 0
	File system inputs: 24481
	File system outputs: 9092192
	Socket messages sent: 0
	Socket messages received: 0
	Signals delivered: 0
	Page size (bytes): 4096
	Exit status: 0
