# CMD: /usr/bin/time -v /users/Xinying/YCSB-cpp/ycsb -db sqlite -run -P /users/Xinying/YCSB-cpp/workloads/workloadf -P /users/Xinying/YCSB-cpp/sqlite/hctree.properties -p sqlite.dbpath=/tank/ycsb_data/hctree_ycsb/hctree_ycsb.db -p threadcount=4 -p recordcount=1000000 -p maxexecutiontime=120
# devices=['sda6'] sectors_before=3846498456 sectors_after=3891138968
# elapsed_s=120.20 returncode=0

=== STDOUT ===
[Thread 139991112402496] SqliteDB::Init at 2026-04-28 07:20:12
Opening database with URL: file:///tank/ycsb_data/hctree_ycsb/hctree_ycsb.db?hctree=1&vfs=unix-excl
PRAGMA journal_mode: delete
PRAGMA page_size: 4096
PRAGMA cache_size: -131072
PRAGMA synchronous: 2
[Thread 139991104009792] SqliteDB::Init at 2026-04-28 07:20:12
Opening database with URL: file:///tank/ycsb_data/hctree_ycsb/hctree_ycsb.db?hctree=1&vfs=unix-excl
PRAGMA journal_mode: delete
PRAGMA page_size: 4096
PRAGMA cache_size: -131072
PRAGMA synchronous: 2
[Thread 139991095617088] SqliteDB::Init at 2026-04-28 07:20:12
Opening database with URL: file:///tank/ycsb_data/hctree_ycsb/hctree_ycsb.db?hctree=1&vfs=unix-excl
PRAGMA journal_mode: delete
PRAGMA page_size: 4096
PRAGMA cache_size: -131072
PRAGMA synchronous: 2
[Thread 139991087224384] SqliteDB::Init at 2026-04-28 07:20:12
Opening database with URL: file:///tank/ycsb_data/hctree_ycsb/hctree_ycsb.db?hctree=1&vfs=unix-excl
PRAGMA journal_mode: delete
PRAGMA page_size: 4096
PRAGMA cache_size: -131072
PRAGMA synchronous: 2
[HCTree] busy_snapshot aborts (discarded, not retried): 13962
[Thread 139991104009792] SqliteDB::Cleanup (last) at 2026-04-28 07:22:12
Run runtime(sec): 120.104
Run operations(ops): 4092520
Run throughput(ops/sec): 33958.5

=== STDERR ===
	Command being timed: "/users/Xinying/YCSB-cpp/ycsb -db sqlite -run -P /users/Xinying/YCSB-cpp/workloads/workloadf -P /users/Xinying/YCSB-cpp/sqlite/hctree.properties -p sqlite.dbpath=/tank/ycsb_data/hctree_ycsb/hctree_ycsb.db -p threadcount=4 -p recordcount=1000000 -p maxexecutiontime=120"
	User time (seconds): 66.01
	System time (seconds): 113.95
	Percent of CPU this job got: 149%
	Elapsed (wall clock) time (h:mm:ss or m:ss): 2:00.19
	Average shared text size (kbytes): 0
	Average unshared data size (kbytes): 0
	Average stack size (kbytes): 0
	Average total size (kbytes): 0
	Maximum resident set size (kbytes): 1411780
	Average resident set size (kbytes): 0
	Major (requiring I/O) page faults: 1527092
	Minor (reclaiming a frame) page faults: 2546
	Voluntary context switches: 2046591
	Involuntary context switches: 374
	Swaps: 0
	File system inputs: 24392
	File system outputs: 9645074
	Socket messages sent: 0
	Socket messages received: 0
	Signals delivered: 0
	Page size (bytes): 4096
	Exit status: 0
