# CMD: /usr/bin/time -v /users/Xinying/YCSB-cpp/ycsb -db sqlite -run -P /users/Xinying/YCSB-cpp/workloads/workloada_hctree -P /users/Xinying/YCSB-cpp/sqlite/hctree.properties -p sqlite.dbpath=/tank/ycsb_data/hctree_ycsb/hctree_ycsb.db -p threadcount=16 -p recordcount=1000000 -p maxexecutiontime=120
# devices=['sda6'] sectors_before=2808981984 sectors_after=2854795736
# elapsed_s=120.22 returncode=0

=== STDOUT ===
[Thread 139770452641344] SqliteDB::Init at 2026-04-28 05:56:11
Opening database with URL: file:///tank/ycsb_data/hctree_ycsb/hctree_ycsb.db?hctree=1&vfs=unix-excl
PRAGMA journal_mode: delete
PRAGMA page_size: 4096
PRAGMA cache_size: -131072
PRAGMA synchronous: 2
[Thread 139770444248640] SqliteDB::Init at 2026-04-28 05:56:11
Opening database with URL: file:///tank/ycsb_data/hctree_ycsb/hctree_ycsb.db?hctree=1&vfs=unix-excl
PRAGMA journal_mode: delete
PRAGMA page_size: 4096
PRAGMA cache_size: -131072
PRAGMA synchronous: 2
[Thread 139770435855936] SqliteDB::Init at 2026-04-28 05:56:11
Opening database with URL: file:///tank/ycsb_data/hctree_ycsb/hctree_ycsb.db?hctree=1&vfs=unix-excl
PRAGMA journal_mode: delete
PRAGMA page_size: 4096
PRAGMA cache_size: -131072
PRAGMA synchronous: 2
[Thread 139770427463232] SqliteDB::Init at 2026-04-28 05:56:11
Opening database with URL: file:///tank/ycsb_data/hctree_ycsb/hctree_ycsb.db?hctree=1&vfs=unix-excl
PRAGMA journal_mode: delete
PRAGMA page_size: 4096
PRAGMA cache_size: -131072
PRAGMA synchronous: 2
[Thread 139770419070528] SqliteDB::Init at 2026-04-28 05:56:11
Opening database with URL: file:///tank/ycsb_data/hctree_ycsb/hctree_ycsb.db?hctree=1&vfs=unix-excl
PRAGMA journal_mode: delete
PRAGMA page_size: 4096
PRAGMA cache_size: -131072
PRAGMA synchronous: 2
[Thread 139770410677824] SqliteDB::Init at 2026-04-28 05:56:11
Opening database with URL: file:///tank/ycsb_data/hctree_ycsb/hctree_ycsb.db?hctree=1&vfs=unix-excl
PRAGMA journal_mode: delete
PRAGMA page_size: 4096
PRAGMA cache_size: -131072
PRAGMA synchronous: 2
[Thread 139770393892416] SqliteDB::Init at 2026-04-28 05:56:11
Opening database with URL: file:///tank/ycsb_data/hctree_ycsb/hctree_ycsb.db?hctree=1&vfs=unix-excl
PRAGMA journal_mode: delete
PRAGMA page_size: 4096
PRAGMA cache_size: -131072
PRAGMA synchronous: 2
[Thread 139770385499712] SqliteDB::Init at 2026-04-28 05:56:11
Opening database with URL: file:///tank/ycsb_data/hctree_ycsb/hctree_ycsb.db?hctree=1&vfs=unix-excl
PRAGMA journal_mode: delete
PRAGMA page_size: 4096
PRAGMA cache_size: -131072
PRAGMA synchronous: 2
[Thread 139770377107008] SqliteDB::Init at 2026-04-28 05:56:11
Opening database with URL: file:///tank/ycsb_data/hctree_ycsb/hctree_ycsb.db?hctree=1&vfs=unix-excl
PRAGMA journal_mode: delete
PRAGMA page_size: 4096
PRAGMA cache_size: -131072
PRAGMA synchronous: 2
[Thread 139770368714304] SqliteDB::Init at 2026-04-28 05:56:11
Opening database with URL: file:///tank/ycsb_data/hctree_ycsb/hctree_ycsb.db?hctree=1&vfs=unix-excl
PRAGMA journal_mode: delete
PRAGMA page_size: 4096
PRAGMA cache_size: -131072
PRAGMA synchronous: 2
[Thread 139770351928896] SqliteDB::Init at 2026-04-28 05:56:11
Opening database with URL: file:///tank/ycsb_data/hctree_ycsb/hctree_ycsb.db?hctree=1&vfs=unix-excl
PRAGMA journal_mode: delete
PRAGMA page_size: 4096
PRAGMA cache_size: -131072
PRAGMA synchronous: 2
[Thread 139770343536192] SqliteDB::Init at 2026-04-28 05:56:11
Opening database with URL: file:///tank/ycsb_data/hctree_ycsb/hctree_ycsb.db?hctree=1&vfs=unix-excl
PRAGMA journal_mode: delete
PRAGMA page_size: 4096
PRAGMA cache_size: -131072
PRAGMA synchronous: 2
[Thread 139770335143488] SqliteDB::Init at 2026-04-28 05:56:11
Opening database with URL: file:///tank/ycsb_data/hctree_ycsb/hctree_ycsb.db?hctree=1&vfs=unix-excl
PRAGMA journal_mode: delete
PRAGMA page_size: 4096
PRAGMA cache_size: -131072
PRAGMA synchronous: 2
[Thread 139770326750784] SqliteDB::Init at 2026-04-28 05:56:11
Opening database with URL: file:///tank/ycsb_data/hctree_ycsb/hctree_ycsb.db?hctree=1&vfs=unix-excl
PRAGMA journal_mode: delete
PRAGMA page_size: 4096
PRAGMA cache_size: -131072
PRAGMA synchronous: 2
[Thread 139770360321600] SqliteDB::Init at 2026-04-28 05:56:11
Opening database with URL: file:///tank/ycsb_data/hctree_ycsb/hctree_ycsb.db?hctree=1&vfs=unix-excl
PRAGMA journal_mode: delete
PRAGMA page_size: 4096
PRAGMA cache_size: -131072
PRAGMA synchronous: 2
[Thread 139770402285120] SqliteDB::Init at 2026-04-28 05:56:11
Opening database with URL: file:///tank/ycsb_data/hctree_ycsb/hctree_ycsb.db?hctree=1&vfs=unix-excl
PRAGMA journal_mode: delete
PRAGMA page_size: 4096
PRAGMA cache_size: -131072
PRAGMA synchronous: 2
[HCTree] busy_snapshot aborts (discarded, not retried): 52853
[Thread 139770452641344] SqliteDB::Cleanup (last) at 2026-04-28 05:58:11
Run runtime(sec): 120.141
Run operations(ops): 3812074
Run throughput(ops/sec): 31290.2

=== STDERR ===
	Command being timed: "/users/Xinying/YCSB-cpp/ycsb -db sqlite -run -P /users/Xinying/YCSB-cpp/workloads/workloada_hctree -P /users/Xinying/YCSB-cpp/sqlite/hctree.properties -p sqlite.dbpath=/tank/ycsb_data/hctree_ycsb/hctree_ycsb.db -p threadcount=16 -p recordcount=1000000 -p maxexecutiontime=120"
	User time (seconds): 59.73
	System time (seconds): 110.95
	Percent of CPU this job got: 141%
	Elapsed (wall clock) time (h:mm:ss or m:ss): 2:00.21
	Average shared text size (kbytes): 0
	Average unshared data size (kbytes): 0
	Average stack size (kbytes): 0
	Average total size (kbytes): 0
	Maximum resident set size (kbytes): 1424804
	Average resident set size (kbytes): 0
	Major (requiring I/O) page faults: 1469762
	Minor (reclaiming a frame) page faults: 2730
	Voluntary context switches: 1906857
	Involuntary context switches: 269
	Swaps: 0
	File system inputs: 24330
	File system outputs: 9172706
	Socket messages sent: 0
	Socket messages received: 0
	Signals delivered: 0
	Page size (bytes): 4096
	Exit status: 0
