# CMD: /usr/bin/time -v /users/Xinying/ozonedb/ycsb/bin/ycsb run ozonedb -threads 2 -s -P /users/Xinying/ozonedb/ycsb/workloads/generated_workloads/workloadd_1KB_1000000_1000000 -p status.interval=1 -p maxexecutiontime=120 -p operationcount=0 -p shared_config=/users/Xinying/ozonedb/src/config/local/shared_config_rocksdb.json
# devices=['sda6'] sectors_before=1183745848 sectors_after=1187529840
# elapsed_s=126.61 returncode=0

=== STDOUT ===
Starting compaction watcher
Starting compaction watcher
2026-04-28 07:17:30:181 - NewTail completed: 
2026-04-28 07:17:42:095 - NewTail completed: 
2026-04-28 07:17:42:192 - Compaction started: 
140047508387392:Compacting datalog/35 datalog/36 into:sstable1/3e1e0bdf-a508-4894-85a9-33eccc416636202604280117231777360662365989386.sst
2026-04-28 07:17:42:755 - Compaction completed: 
2026-04-28 07:17:42:825 - Compaction started: 
140047516780096:Compacting sstable1/fdf40179-5256-4028-90ea-15af28ebf787202604231034301776962195318187250.sst sstable1/fdf40179-5256-4028-90ea-15af28ebf787202604231034301776962203658627099.sst into:sstable2/91cf77c7-6507-4f0e-9359-d9db5eee63b2202604280117231777360663570042946.sst
2026-04-28 07:17:44:423 - Compaction completed: 
2026-04-28 07:17:55:211 - NewTail completed: 
2026-04-28 07:18:07:324 - NewTail completed: 
2026-04-28 07:18:07:377 - Compaction started: 
140047516780096:Compacting datalog/37 datalog/38 into:sstable1/91cf77c7-6507-4f0e-9359-d9db5eee63b2202604280117231777360687503802380.sst
2026-04-28 07:18:07:898 - Compaction completed: 
2026-04-28 07:18:20:545 - NewTail completed: 
2026-04-28 07:18:33:056 - NewTail completed: 
2026-04-28 07:18:33:147 - Compaction started: 
140047516780096:Compacting datalog/39 datalog/40 into:sstable1/91cf77c7-6507-4f0e-9359-d9db5eee63b2202604280117231777360713274401505.sst
2026-04-28 07:18:33:673 - Compaction completed: 
2026-04-28 07:18:33:750 - Compaction started: 
140047508387392:Compacting sstable1/fdf40179-5256-4028-90ea-15af28ebf787202604231034301776962212445933441.sst sstable1/3e1e0bdf-a508-4894-85a9-33eccc416636202604280117231777360662365989386.sst into:sstable2/3e1e0bdf-a508-4894-85a9-33eccc416636202604280117231777360714417956167.sst
2026-04-28 07:18:35:279 - Compaction completed: 
2026-04-28 07:18:46:971 - NewTail completed: 
2026-04-28 07:18:59:686 - NewTail completed: 
2026-04-28 07:18:59:716 - Compaction started: 
140047508387392:Compacting datalog/41 datalog/42 into:sstable1/3e1e0bdf-a508-4894-85a9-33eccc416636202604280117231777360739842534814.sst
2026-04-28 07:19:00:257 - Compaction completed: 
2026-04-28 07:19:13:500 - NewTail completed: 
[OVERALL], RunTime(ms), 120097
[OVERALL], Throughput(ops/sec), 44020.716587425166
[TOTAL_GCS_PS_Scavenge], Count, 29
[TOTAL_GC_TIME_PS_Scavenge], Time(ms), 68
[TOTAL_GC_TIME_%_PS_Scavenge], Time(%), 0.05662089810736322
[TOTAL_GCS_PS_MarkSweep], Count, 0
[TOTAL_GC_TIME_PS_MarkSweep], Time(ms), 0
[TOTAL_GC_TIME_%_PS_MarkSweep], Time(%), 0.0
[TOTAL_GCs], Count, 29
[TOTAL_GC_TIME], Time(ms), 68
[TOTAL_GC_TIME_%], Time(%), 0.05662089810736322
[READ], Operations, 3357684
[READ], AverageLatency(us), 30.935355143604937
[READ], MinLatency(us), 3
[READ], MaxLatency(us), 290047
[READ], 95thPercentileLatency(us), 97
[READ], 99thPercentileLatency(us), 117
[READ], Return=OK, 3357684
[READ], Return=NOT_FOUND, 1664732
[CLEANUP], Operations, 2
[CLEANUP], AverageLatency(us), 91584.0
[CLEANUP], MinLatency(us), 87168
[CLEANUP], MaxLatency(us), 95999
[CLEANUP], 95thPercentileLatency(us), 95999
[CLEANUP], 99thPercentileLatency(us), 95999
[INSERT], Operations, 264340
[INSERT], AverageLatency(us), 173.16029356132253
[INSERT], MinLatency(us), 133
[INSERT], MaxLatency(us), 322303
[INSERT], 95thPercentileLatency(us), 186
[INSERT], 99thPercentileLatency(us), 243
[INSERT], Return=OK, 264340
[READ-FAILED], Operations, 1664732
[READ-FAILED], AverageLatency(us), 49.27188820783165
[READ-FAILED], MinLatency(us), 25
[READ-FAILED], MaxLatency(us), 5071
[READ-FAILED], 95thPercentileLatency(us), 61
[READ-FAILED], 99thPercentileLatency(us), 69

=== STDERR ===
[WARN]  Running against a source checkout. In order to get our runtime dependencies we'll have to invoke Maven. Depending on the state of your system, this may take ~30-45 seconds
[DEBUG]  Running 'mvn -pl site.ycsb:ozonedb-binding -am package -DskipTests dependency:build-classpath -DincludeScope=compile -Dmdep.outputFilterFile=true'
/usr/lib/jvm/java-8-openjdk-amd64/bin/java -cp /users/Xinying/ozonedb/ycsb/ozonedb/conf:/users/Xinying/ozonedb/ycsb/ozonedb/target/ozonedb-binding-0.18.0-SNAPSHOT.jar:/users/Xinying/.m2/repository/org/apache/htrace/htrace-core4/4.1.0-incubating/htrace-core4-4.1.0-incubating.jar:/users/Xinying/.m2/repository/org/slf4j/slf4j-api/1.7.25/slf4j-api-1.7.25.jar:/users/Xinying/.m2/repository/org/hdrhistogram/HdrHistogram/2.1.12/HdrHistogram-2.1.12.jar:/users/Xinying/.m2/repository/ch/qos/logback/logback-classic/1.2.3/logback-classic-1.2.3.jar:/users/Xinying/.m2/repository/ozonedbjnimaven/demoproc-jni/1.0/demoproc-jni-1.0.jar:/users/Xinying/.m2/repository/ch/qos/logback/logback-core/1.2.3/logback-core-1.2.3.jar:/users/Xinying/.m2/repository/org/codehaus/jackson/jackson-mapper-asl/1.9.4/jackson-mapper-asl-1.9.4.jar:/users/Xinying/.m2/repository/org/slf4j/slf4j-simple/1.7.25/slf4j-simple-1.7.25.jar:/users/Xinying/.m2/repository/org/codehaus/jackson/jackson-core-asl/1.9.4/jackson-core-asl-1.9.4.jar:/users/Xinying/ozonedb/ycsb/core/target/core-0.18.0-SNAPSHOT.jar site.ycsb.Client -db site.ycsb.db.OzoneDBClient -threads 2 -s -P /users/Xinying/ozonedb/ycsb/workloads/generated_workloads/workloadd_1KB_1000000_1000000 -p status.interval=1 -p maxexecutiontime=120 -p operationcount=0 -p shared_config=/users/Xinying/ozonedb/src/config/local/shared_config_rocksdb.json -t
Command line: -db site.ycsb.db.OzoneDBClient -threads 2 -s -P /users/Xinying/ozonedb/ycsb/workloads/generated_workloads/workloadd_1KB_1000000_1000000 -p status.interval=1 -p maxexecutiontime=120 -p operationcount=0 -p shared_config=/users/Xinying/ozonedb/src/config/local/shared_config_rocksdb.json -t
YCSB Client 0.18.0-SNAPSHOT

Loading workload...
Starting test.
SLF4J: Class path contains multiple SLF4J bindings.
SLF4J: Found binding in [jar:file:/users/Xinying/.m2/repository/ch/qos/logback/logback-classic/1.2.3/logback-classic-1.2.3.jar!/org/slf4j/impl/StaticLoggerBinder.class]
SLF4J: Found binding in [jar:file:/users/Xinying/.m2/repository/org/slf4j/slf4j-simple/1.7.25/slf4j-simple-1.7.25.jar!/org/slf4j/impl/StaticLoggerBinder.class]
SLF4J: See http://www.slf4j.org/codes.html#multiple_bindings for an explanation.
SLF4J: Actual binding is of type [ch.qos.logback.classic.util.ContextSelectorStaticBinder]
Maximum execution time specified as: 120 secs
2026-04-28 07:17:23:023 0 sec: 0 operations; 
DBWrapper: report latency for each error is false and specific error codes to track for latency are: []
2026-04-28 07:17:24:023 1 sec: 9000 operations; 9000 current ops/sec; [READ: Count=6046, Max=63199, Min=3, Avg=93.75, 90=97, 99=947, 99.9=1403, 99.99=63199] [INSERT: Count=478, Max=322303, Min=156, Avg=1575.19, 90=342, 99=627, 99.9=322303, 99.99=322303] [READ-FAILED: Count=2606, Max=161, Min=37, Avg=47.4, 90=56, 99=73, 99.9=150, 99.99=161] 
2026-04-28 07:17:25:023 2 sec: 46195 operations; 37195 current ops/sec; [READ: Count=23715, Max=2803, Min=3, Avg=43.92, 90=83, 99=790, 99.9=1121, 99.99=2709] [INSERT: Count=1860, Max=1333, Min=152, Avg=185.25, 90=199, 99=478, 99.9=673, 99.99=1333] [READ-FAILED: Count=11581, Max=679, Min=38, Avg=45.58, 90=53, 99=62, 99.9=108, 99.99=514] 
2026-04-28 07:17:26:023 3 sec: 86439 operations; 40244 current ops/sec; [READ: Count=25362, Max=2823, Min=3, Avg=38.21, 90=83, 99=632, 99.9=1019, 99.99=1857] [INSERT: Count=2070, Max=6691, Min=151, Avg=183.03, 90=182, 99=462, 99.9=2149, 99.99=6691] [READ-FAILED: Count=12735, Max=1009, Min=37, Avg=44.5, 90=51, 99=59, 99.9=74, 99.99=908] 
2026-04-28 07:17:27:023 4 sec: 129253 operations; 42814 current ops/sec; [READ: Count=27109, Max=3553, Min=3, Avg=34.75, 90=83, 99=116, 99.9=914, 99.99=2151] [INSERT: Count=2118, Max=3075, Min=151, Avg=175.19, 90=183, 99=362, 99.9=580, 99.99=3075] [READ-FAILED: Count=13643, Max=458, Min=36, Avg=44.66, 90=51, 99=59, 99.9=78, 99.99=411] 
2026-04-28 07:17:28:023 5 sec: 173143 operations; 43890 current ops/sec; [READ: Count=27673, Max=3623, Min=3, Avg=32.17, 90=82, 99=114, 99.9=862, 99.99=1047] [INSERT: Count=2161, Max=16207, Min=143, Avg=186.92, 90=180, 99=371, 99.9=3255, 99.99=16207] [READ-FAILED: Count=14072, Max=113, Min=37, Avg=44.74, 90=52, 99=61, 99.9=72, 99.99=110] 
2026-04-28 07:17:29:023 6 sec: 218160 operations; 45017 current ops/sec; [READ: Count=28224, Max=5247, Min=3, Avg=32.02, 90=83, 99=113, 99.9=874, 99.99=3155] [INSERT: Count=2207, Max=666, Min=140, Avg=163.62, 90=176, 99=219, 99.9=465, 99.99=666] [READ-FAILED: Count=14565, Max=381, Min=38, Avg=45.08, 90=52, 99=61, 99.9=74, 99.99=170] 
2026-04-28 07:17:30:023 7 sec: 265172 operations; 47012 current ops/sec; [READ: Count=29220, Max=2683, Min=3, Avg=29.4, 90=82, 99=112, 99.9=752, 99.99=941] [INSERT: Count=2381, Max=2113, Min=137, Avg=158.7, 90=169, 99=213, 99.9=413, 99.99=2113] [READ-FAILED: Count=15405, Max=190, Min=37, Avg=44.88, 90=52, 99=61, 99.9=71, 99.99=129] 
2026-04-28 07:17:31:023 8 sec: 313006 operations; 47834 current ops/sec; [READ: Count=29833, Max=956, Min=3, Avg=28.49, 90=81, 99=111, 99.9=558, 99.99=937] [INSERT: Count=2408, Max=1032, Min=137, Avg=158.05, 90=171, 99=205, 99.9=503, 99.99=1032] [READ-FAILED: Count=15575, Max=111, Min=38, Avg=44.81, 90=52, 99=61, 99.9=73, 99.99=107] 
2026-04-28 07:17:32:023 9 sec: 360564 operations; 47558 current ops/sec; [READ: Count=29781, Max=1019, Min=3, Avg=28.84, 90=82, 99=111, 99.9=547, 99.99=994] [INSERT: Count=2376, Max=409, Min=137, Avg=156.94, 90=168, 99=208, 99.9=296, 99.99=409] [READ-FAILED: Count=15402, Max=413, Min=36, Avg=45.39, 90=52, 99=62, 99.9=120, 99.99=285] 
2026-04-28 07:17:33:023 10 sec: 407427 operations; 46863 current ops/sec; [READ: Count=29233, Max=1423, Min=3, Avg=28.09, 90=81, 99=111, 99.9=150, 99.99=1017] [INSERT: Count=2314, Max=24751, Min=137, Avg=181.27, 90=168, 99=226, 99.9=1858, 99.99=24751] [READ-FAILED: Count=15308, Max=121, Min=37, Avg=45.07, 90=52, 99=61, 99.9=81, 99.99=113] 
2026-04-28 07:17:34:023 11 sec: 455225 operations; 47798 current ops/sec; [READ: Count=29774, Max=3919, Min=3, Avg=28.45, 90=82, 99=111, 99.9=144, 99.99=1028] [INSERT: Count=2437, Max=246, Min=138, Avg=155.73, 90=167, 99=198, 99.9=236, 99.99=246] [READ-FAILED: Count=15593, Max=438, Min=35, Avg=45.11, 90=52, 99=61, 99.9=99, 99.99=405] 
2026-04-28 07:17:35:023 12 sec: 504034 operations; 48809 current ops/sec; [READ: Count=30331, Max=1304, Min=3, Avg=27.46, 90=81, 99=110, 99.9=136, 99.99=953] [INSERT: Count=2410, Max=345, Min=136, Avg=155.56, 90=168, 99=195, 99.9=228, 99.99=345] [READ-FAILED: Count=16076, Max=917, Min=38, Avg=44.91, 90=52, 99=60, 99.9=72, 99.99=325] 
2026-04-28 07:17:36:023 13 sec: 552605 operations; 48571 current ops/sec; [READ: Count=29867, Max=971, Min=3, Avg=27.31, 90=81, 99=110, 99.9=142, 99.99=930] [INSERT: Count=2494, Max=242, Min=137, Avg=154.99, 90=165, 99=205, 99.9=231, 99.99=242] [READ-FAILED: Count=16179, Max=409, Min=38, Avg=44.87, 90=52, 99=61, 99.9=74, 99.99=196] 
2026-04-28 07:17:37:023 14 sec: 601374 operations; 48769 current ops/sec; [READ: Count=30240, Max=995, Min=3, Avg=26.96, 90=81, 99=110, 99.9=140, 99.99=936] [INSERT: Count=2420, Max=268, Min=142, Avg=161.53, 90=172, 99=209, 99.9=241, 99.99=268] [READ-FAILED: Count=16122, Max=99, Min=37, Avg=44.78, 90=52, 99=61, 99.9=73, 99.99=91] 
2026-04-28 07:17:38:023 15 sec: 647443 operations; 46069 current ops/sec; [READ: Count=28808, Max=3979, Min=3, Avg=27.26, 90=83, 99=113, 99.9=145, 99.99=937] [INSERT: Count=2332, Max=24399, Min=142, Avg=195.67, 90=185, 99=237, 99.9=736, 99.99=24399] [READ-FAILED: Count=14938, Max=3911, Min=37, Avg=45.86, 90=53, 99=63, 99.9=114, 99.99=421] 
2026-04-28 07:17:39:023 16 sec: 696156 operations; 48713 current ops/sec; [READ: Count=30437, Max=2843, Min=3, Avg=26.9, 90=82, 99=113, 99.9=140, 99.99=985] [INSERT: Count=2435, Max=246, Min=143, Avg=163.6, 90=176, 99=200, 99.9=235, 99.99=246] [READ-FAILED: Count=15833, Max=104, Min=38, Avg=44.9, 90=52, 99=61, 99.9=73, 99.99=102] 
2026-04-28 07:17:40:023 17 sec: 744966 operations; 48810 current ops/sec; [READ: Count=30295, Max=1001, Min=3, Avg=26.64, 90=82, 99=112, 99.9=145, 99.99=898] [INSERT: Count=2457, Max=247, Min=141, Avg=163.83, 90=176, 99=208, 99.9=239, 99.99=247] [READ-FAILED: Count=16045, Max=326, Min=36, Avg=44.87, 90=52, 99=61, 99.9=75, 99.99=217] 
2026-04-28 07:17:41:023 18 sec: 793927 operations; 48961 current ops/sec; [READ: Count=30768, Max=942, Min=3, Avg=26.57, 90=82, 99=112, 99.9=143, 99.99=893] [INSERT: Count=2447, Max=251, Min=144, Avg=164.18, 90=177, 99=200, 99.9=223, 99.99=251] [READ-FAILED: Count=15747, Max=342, Min=38, Avg=45.03, 90=52, 99=62, 99.9=73, 99.99=175] 
2026-04-28 07:17:42:023 19 sec: 842992 operations; 49065 current ops/sec; [READ: Count=30589, Max=958, Min=3, Avg=26.46, 90=82, 99=113, 99.9=143, 99.99=909] [INSERT: Count=2440, Max=283, Min=141, Avg=163.67, 90=177, 99=213, 99.9=237, 99.99=283] [READ-FAILED: Count=16041, Max=356, Min=38, Avg=44.97, 90=52, 99=63, 99.9=74, 99.99=121] 
2026-04-28 07:17:43:023 20 sec: 884047 operations; 41055 current ops/sec; [READ: Count=25880, Max=31231, Min=3, Avg=30.91, 90=82, 99=113, 99.9=186, 99.99=10863] [INSERT: Count=2063, Max=3811, Min=139, Avg=169.61, 90=181, 99=224, 99.9=727, 99.99=3811] [READ-FAILED: Count=13088, Max=3267, Min=36, Avg=45.55, 90=54, 99=67, 99.9=101, 99.99=2925] 
2026-04-28 07:17:44:023 21 sec: 916460 operations; 32413 current ops/sec; [READ: Count=21027, Max=290047, Min=3, Avg=63.7, 90=84, 99=118, 99.9=491, 99.99=1094] [INSERT: Count=1594, Max=23279, Min=139, Avg=214.75, 90=231, 99=824, 99.9=1251, 99.99=23279] [READ-FAILED: Count=9834, Max=431, Min=38, Avg=47.82, 90=57, 99=71, 99.9=113, 99.99=431] 
2026-04-28 07:17:45:023 22 sec: 959275 operations; 42815 current ops/sec; [READ: Count=27134, Max=20015, Min=3, Avg=35.14, 90=82, 99=115, 99.9=362, 99.99=1090] [INSERT: Count=2056, Max=1038, Min=144, Avg=170.58, 90=184, 99=212, 99.9=243, 99.99=1038] [READ-FAILED: Count=13609, Max=107, Min=38, Avg=46.44, 90=55, 99=65, 99.9=75, 99.99=98] 
2026-04-28 07:17:46:023 23 sec: 1003298 operations; 44023 current ops/sec; [READ: Count=27549, Max=865, Min=3, Avg=31.92, 90=82, 99=114, 99.9=166, 99.99=858] [INSERT: Count=2243, Max=759, Min=144, Avg=170.44, 90=183, 99=219, 99.9=276, 99.99=759] [READ-FAILED: Count=14223, Max=619, Min=38, Avg=47.22, 90=55, 99=66, 99.9=83, 99.99=328] 
2026-04-28 07:17:47:023 24 sec: 1047391 operations; 44093 current ops/sec; [READ: Count=27812, Max=1115, Min=3, Avg=31.69, 90=83, 99=115, 99.9=149, 99.99=931] [INSERT: Count=2234, Max=262, Min=154, Avg=173.47, 90=185, 99=216, 99.9=247, 99.99=262] [READ-FAILED: Count=14043, Max=425, Min=39, Avg=47.41, 90=55, 99=66, 99.9=79, 99.99=192] 
2026-04-28 07:17:48:023 25 sec: 1091608 operations; 44217 current ops/sec; [READ: Count=27825, Max=1514, Min=3, Avg=31.16, 90=83, 99=113, 99.9=160, 99.99=957] [INSERT: Count=2218, Max=4155, Min=142, Avg=178.51, 90=191, 99=219, 99.9=254, 99.99=4155] [READ-FAILED: Count=14176, Max=3961, Min=38, Avg=47.4, 90=55, 99=66, 99.9=78, 99.99=310] 
2026-04-28 07:17:49:023 26 sec: 1131470 operations; 39862 current ops/sec; [READ: Count=25299, Max=938, Min=3, Avg=31.42, 90=83, 99=114, 99.9=162, 99.99=823] [INSERT: Count=2006, Max=22015, Min=142, Avg=285.65, 90=598, 99=1043, 99.9=1415, 99.99=22015] [READ-FAILED: Count=12566, Max=122, Min=37, Avg=45.91, 90=53, 99=63, 99.9=79, 99.99=112] 
2026-04-28 07:17:50:023 27 sec: 1178135 operations; 46665 current ops/sec; [READ: Count=29368, Max=922, Min=3, Avg=30.51, 90=81, 99=110, 99.9=139, 99.99=896] [INSERT: Count=2315, Max=239, Min=141, Avg=157.94, 90=169, 99=197, 99.9=233, 99.99=239] [READ-FAILED: Count=14971, Max=425, Min=38, Avg=45.01, 90=52, 99=61, 99.9=76, 99.99=180] 
2026-04-28 07:17:51:023 28 sec: 1225162 operations; 47027 current ops/sec; [READ: Count=29700, Max=966, Min=3, Avg=30.25, 90=82, 99=110, 99.9=144, 99.99=922] [INSERT: Count=2281, Max=236, Min=142, Avg=157.63, 90=170, 99=192, 99.9=224, 99.99=236] [READ-FAILED: Count=15040, Max=509, Min=37, Avg=45, 90=52, 99=60, 99.9=75, 99.99=196] 
2026-04-28 07:17:52:023 29 sec: 1272129 operations; 46967 current ops/sec; [READ: Count=29547, Max=2531, Min=3, Avg=29.9, 90=81, 99=109, 99.9=137, 99.99=978] [INSERT: Count=2367, Max=243, Min=140, Avg=158.16, 90=170, 99=193, 99.9=231, 99.99=243] [READ-FAILED: Count=15072, Max=449, Min=37, Avg=44.97, 90=52, 99=60, 99.9=71, 99.99=146] 
2026-04-28 07:17:53:023 30 sec: 1319093 operations; 46964 current ops/sec; [READ: Count=29473, Max=3655, Min=3, Avg=29.84, 90=81, 99=109, 99.9=138, 99.99=981] [INSERT: Count=2364, Max=3923, Min=141, Avg=159, 90=168, 99=196, 99.9=241, 99.99=3923] [READ-FAILED: Count=15124, Max=575, Min=38, Avg=44.92, 90=52, 99=60, 99.9=79, 99.99=348] 
2026-04-28 07:17:54:023 31 sec: 1364198 operations; 45105 current ops/sec; [READ: Count=28231, Max=908, Min=3, Avg=29.82, 90=83, 99=114, 99.9=146, 99.99=874] [INSERT: Count=2282, Max=23199, Min=142, Avg=187.59, 90=181, 99=225, 99.9=1263, 99.99=23199] [READ-FAILED: Count=14595, Max=380, Min=37, Avg=45.67, 90=53, 99=62, 99.9=77, 99.99=108] 
2026-04-28 07:17:55:023 32 sec: 1410585 operations; 46387 current ops/sec; [READ: Count=28984, Max=952, Min=3, Avg=29.48, 90=83, 99=113, 99.9=144, 99.99=893] [INSERT: Count=2336, Max=247, Min=144, Avg=168.5, 90=181, 99=215, 99.9=229, 99.99=247] [READ-FAILED: Count=15061, Max=309, Min=38, Avg=45.59, 90=53, 99=64, 99.9=79, 99.99=216] 
2026-04-28 07:17:56:023 33 sec: 1457336 operations; 46751 current ops/sec; [READ: Count=29315, Max=893, Min=3, Avg=28.93, 90=83, 99=112, 99.9=143, 99.99=853] [INSERT: Count=2327, Max=1672, Min=146, Avg=169.84, 90=182, 99=216, 99.9=305, 99.99=1672] [READ-FAILED: Count=15100, Max=805, Min=38, Avg=45.63, 90=53, 99=63, 99.9=78, 99.99=410] 
2026-04-28 07:17:57:023 34 sec: 1504046 operations; 46710 current ops/sec; [READ: Count=29167, Max=959, Min=3, Avg=28.91, 90=83, 99=112, 99.9=142, 99.99=926] [INSERT: Count=2367, Max=277, Min=142, Avg=167.57, 90=180, 99=209, 99.9=241, 99.99=277] [READ-FAILED: Count=15183, Max=218, Min=38, Avg=45.68, 90=53, 99=63, 99.9=77, 99.99=196] 
2026-04-28 07:17:58:023 35 sec: 1550968 operations; 46922 current ops/sec; [READ: Count=29516, Max=4223, Min=3, Avg=28.85, 90=83, 99=113, 99.9=144, 99.99=1011] [INSERT: Count=2332, Max=251, Min=143, Avg=167.82, 90=180, 99=217, 99.9=240, 99.99=251] [READ-FAILED: Count=15086, Max=447, Min=38, Avg=45.8, 90=53, 99=63, 99.9=80, 99.99=223] 
2026-04-28 07:17:59:023 36 sec: 1597155 operations; 46187 current ops/sec; [READ: Count=29239, Max=906, Min=3, Avg=28.34, 90=82, 99=113, 99.9=143, 99.99=861] [INSERT: Count=2239, Max=23919, Min=143, Avg=188.58, 90=177, 99=222, 99.9=1771, 99.99=23919] [READ-FAILED: Count=14691, Max=387, Min=37, Avg=46.47, 90=54, 99=64, 99.9=83, 99.99=344] 
2026-04-28 07:18:00:023 37 sec: 1644225 operations; 47070 current ops/sec; [READ: Count=29682, Max=1645, Min=3, Avg=28.56, 90=83, 99=113, 99.9=146, 99.99=954] [INSERT: Count=2329, Max=235, Min=143, Avg=162.77, 90=175, 99=209, 99.9=232, 99.99=235] [READ-FAILED: Count=15066, Max=200, Min=40, Avg=46.84, 90=54, 99=64, 99.9=74, 99.99=189] 
2026-04-28 07:18:01:023 38 sec: 1692150 operations; 47925 current ops/sec; [READ: Count=30316, Max=916, Min=3, Avg=27.73, 90=82, 99=113, 99.9=139, 99.99=861] [INSERT: Count=2318, Max=300, Min=143, Avg=163.35, 90=175, 99=205, 99.9=241, 99.99=300] [READ-FAILED: Count=15292, Max=117, Min=39, Avg=46.63, 90=54, 99=64, 99.9=78, 99.99=113] 
2026-04-28 07:18:02:023 39 sec: 1739606 operations; 47456 current ops/sec; [READ: Count=29737, Max=980, Min=3, Avg=27.67, 90=83, 99=113, 99.9=142, 99.99=955] [INSERT: Count=2378, Max=262, Min=139, Avg=162.45, 90=174, 99=198, 99.9=240, 99.99=262] [READ-FAILED: Count=15325, Max=1588, Min=40, Avg=46.94, 90=54, 99=64, 99.9=87, 99.99=632] 
2026-04-28 07:18:03:023 40 sec: 1787175 operations; 47569 current ops/sec; [READ: Count=29863, Max=1158, Min=3, Avg=27.65, 90=83, 99=113, 99.9=139, 99.99=958] [INSERT: Count=2406, Max=362, Min=143, Avg=162.45, 90=173, 99=213, 99.9=241, 99.99=362] [READ-FAILED: Count=15297, Max=117, Min=39, Avg=46.73, 90=54, 99=63, 99.9=75, 99.99=112] 
2026-04-28 07:18:04:023 41 sec: 1833358 operations; 46183 current ops/sec; [READ: Count=28943, Max=1017, Min=3, Avg=27.73, 90=83, 99=113, 99.9=147, 99.99=938] [INSERT: Count=2375, Max=23903, Min=142, Avg=183.81, 90=175, 99=219, 99.9=755, 99.99=23903] [READ-FAILED: Count=14889, Max=133, Min=38, Avg=46.72, 90=54, 99=64, 99.9=76, 99.99=129] 
2026-04-28 07:18:05:023 42 sec: 1880893 operations; 47535 current ops/sec; [READ: Count=29829, Max=2585, Min=3, Avg=27.49, 90=83, 99=112, 99.9=141, 99.99=963] [INSERT: Count=2467, Max=249, Min=144, Avg=162.25, 90=173, 99=207, 99.9=242, 99.99=249] [READ-FAILED: Count=15226, Max=135, Min=39, Avg=46.71, 90=54, 99=64, 99.9=75, 99.99=112] 
2026-04-28 07:18:06:023 43 sec: 1929401 operations; 48508 current ops/sec; [READ: Count=30482, Max=949, Min=3, Avg=26.52, 90=83, 99=112, 99.9=141, 99.99=911] [INSERT: Count=2401, Max=1969, Min=142, Avg=163.27, 90=174, 99=209, 99.9=239, 99.99=1969] [READ-FAILED: Count=15636, Max=1738, Min=39, Avg=46.69, 90=54, 99=63, 99.9=76, 99.99=290] 
2026-04-28 07:18:07:023 44 sec: 1977603 operations; 48202 current ops/sec; [READ: Count=30186, Max=1007, Min=3, Avg=26.56, 90=83, 99=113, 99.9=143, 99.99=947] [INSERT: Count=2432, Max=244, Min=142, Avg=165.19, 90=179, 99=206, 99.9=242, 99.99=244] [READ-FAILED: Count=15577, Max=1013, Min=39, Avg=46.69, 90=54, 99=63, 99.9=80, 99.99=445] 
2026-04-28 07:18:08:023 45 sec: 2022801 operations; 45198 current ops/sec; [READ: Count=28424, Max=10335, Min=3, Avg=28.99, 90=84, 99=116, 99.9=358, 99.99=3397] [INSERT: Count=2324, Max=3809, Min=151, Avg=179.68, 90=190, 99=231, 99.9=533, 99.99=3809] [READ-FAILED: Count=14448, Max=3283, Min=39, Avg=47.96, 90=56, 99=66, 99.9=82, 99.99=3155] 
2026-04-28 07:18:09:023 46 sec: 2060182 operations; 37381 current ops/sec; [READ: Count=24182, Max=1119, Min=3, Avg=36.46, 90=87, 99=119, 99.9=345, 99.99=968] [INSERT: Count=1854, Max=23231, Min=140, Avg=260.95, 90=492, 99=1012, 99.9=23055, 99.99=23231] [READ-FAILED: Count=11349, Max=496, Min=40, Avg=50.96, 90=60, 99=71, 99.9=98, 99.99=155] 
2026-04-28 07:18:10:023 47 sec: 2101759 operations; 41577 current ops/sec; [READ: Count=26697, Max=1046, Min=3, Avg=36.15, 90=86, 99=117, 99.9=148, 99.99=893] [INSERT: Count=2053, Max=250, Min=138, Avg=159.34, 90=173, 99=201, 99.9=231, 99.99=250] [READ-FAILED: Count=12823, Max=313, Min=42, Avg=50.37, 90=58, 99=69, 99.9=83, 99.99=187] 
2026-04-28 07:18:11:023 48 sec: 2144303 operations; 42544 current ops/sec; [READ: Count=27109, Max=1888, Min=3, Avg=34.35, 90=85, 99=116, 99.9=150, 99.99=844] [INSERT: Count=2142, Max=244, Min=139, Avg=159.11, 90=173, 99=208, 99.9=237, 99.99=244] [READ-FAILED: Count=13291, Max=215, Min=42, Avg=49.98, 90=58, 99=69, 99.9=83, 99.99=138] 
2026-04-28 07:18:12:023 49 sec: 2186851 operations; 42548 current ops/sec; [READ: Count=26881, Max=961, Min=3, Avg=34.16, 90=85, 99=116, 99.9=151, 99.99=899] [INSERT: Count=2156, Max=249, Min=138, Avg=158.89, 90=172, 99=210, 99.9=236, 99.99=249] [READ-FAILED: Count=13512, Max=415, Min=42, Avg=50.05, 90=58, 99=69, 99.9=86, 99.99=197] 
2026-04-28 07:18:13:023 50 sec: 2229799 operations; 42948 current ops/sec; [READ: Count=27445, Max=1341, Min=3, Avg=33.49, 90=86, 99=117, 99.9=147, 99.99=912] [INSERT: Count=2104, Max=252, Min=139, Avg=165.58, 90=179, 99=206, 99.9=236, 99.99=252] [READ-FAILED: Count=13392, Max=134, Min=42, Avg=49.89, 90=58, 99=68, 99.9=81, 99.99=130] 
2026-04-28 07:18:14:023 51 sec: 2272143 operations; 42344 current ops/sec; [READ: Count=26926, Max=900, Min=3, Avg=32.65, 90=85, 99=117, 99.9=156, 99.99=860] [INSERT: Count=2132, Max=22159, Min=143, Avg=186.79, 90=179, 99=226, 99.9=665, 99.99=22159] [READ-FAILED: Count=13302, Max=442, Min=39, Avg=49.62, 90=58, 99=68, 99.9=79, 99.99=409] 
2026-04-28 07:18:15:023 52 sec: 2316085 operations; 43942 current ops/sec; [READ: Count=27888, Max=1812, Min=3, Avg=32.16, 90=86, 99=117, 99.9=155, 99.99=868] [INSERT: Count=2186, Max=1845, Min=139, Avg=163.71, 90=176, 99=212, 99.9=256, 99.99=1845] [READ-FAILED: Count=13859, Max=194, Min=40, Avg=49.26, 90=57, 99=67, 99.9=82, 99.99=188] 
2026-04-28 07:18:16:023 53 sec: 2360317 operations; 44232 current ops/sec; [READ: Count=28145, Max=995, Min=3, Avg=31.75, 90=85, 99=115, 99.9=151, 99.99=934] [INSERT: Count=2180, Max=231, Min=136, Avg=157.93, 90=172, 99=196, 99.9=226, 99.99=231] [READ-FAILED: Count=13901, Max=286, Min=42, Avg=49.85, 90=57, 99=67, 99.9=80, 99.99=126] 
2026-04-28 07:18:17:023 54 sec: 2404941 operations; 44624 current ops/sec; [READ: Count=28406, Max=925, Min=3, Avg=31.31, 90=85, 99=116, 99.9=141, 99.99=864] [INSERT: Count=2213, Max=291, Min=135, Avg=157.81, 90=171, 99=200, 99.9=243, 99.99=291] [READ-FAILED: Count=14007, Max=271, Min=38, Avg=49.75, 90=57, 99=67, 99.9=89, 99.99=141] 
2026-04-28 07:18:18:023 55 sec: 2451035 operations; 46094 current ops/sec; [READ: Count=28934, Max=2491, Min=3, Avg=30.42, 90=83, 99=113, 99.9=147, 99.99=972] [INSERT: Count=2375, Max=262, Min=133, Avg=154.3, 90=165, 99=203, 99.9=232, 99.99=262] [READ-FAILED: Count=14789, Max=341, Min=39, Avg=46.41, 90=53, 99=62, 99.9=77, 99.99=233] 
2026-04-28 07:18:19:023 56 sec: 2496744 operations; 45709 current ops/sec; [READ: Count=29080, Max=910, Min=3, Avg=29.74, 90=83, 99=112, 99.9=141, 99.99=878] [INSERT: Count=2235, Max=22847, Min=139, Avg=177.73, 90=169, 99=218, 99.9=939, 99.99=22847] [READ-FAILED: Count=14404, Max=432, Min=39, Avg=46.59, 90=54, 99=62, 99.9=74, 99.99=181] 
2026-04-28 07:18:20:023 57 sec: 2542100 operations; 45356 current ops/sec; [READ: Count=28717, Max=1915, Min=3, Avg=30.42, 90=85, 99=114, 99.9=148, 99.99=914] [INSERT: Count=2246, Max=246, Min=139, Avg=159.28, 90=171, 99=207, 99.9=238, 99.99=246] [READ-FAILED: Count=14377, Max=317, Min=41, Avg=48.63, 90=56, 99=65, 99.9=77, 99.99=203] 
2026-04-28 07:18:21:023 58 sec: 2586461 operations; 44361 current ops/sec; [READ: Count=28945, Max=925, Min=3, Avg=28.83, 90=83, 99=115, 99.9=148, 99.99=844] [INSERT: Count=2258, Max=94143, Min=140, Avg=205.39, 90=179, 99=209, 99.9=293, 99.99=94143] [READ-FAILED: Count=13169, Max=880, Min=39, Avg=48.32, 90=56, 99=64, 99.9=79, 99.99=421] 
2026-04-28 07:18:22:023 59 sec: 2632254 operations; 45793 current ops/sec; [READ: Count=28731, Max=976, Min=3, Avg=29.59, 90=84, 99=114, 99.9=147, 99.99=852] [INSERT: Count=2315, Max=245, Min=141, Avg=163.23, 90=175, 99=208, 99.9=237, 99.99=245] [READ-FAILED: Count=14743, Max=446, Min=39, Avg=48.04, 90=55, 99=65, 99.9=107, 99.99=240] 
2026-04-28 07:18:23:023 60 sec: 2678736 operations; 46482 current ops/sec; [READ: Count=29580, Max=978, Min=3, Avg=29, 90=84, 99=113, 99.9=148, 99.99=955] [INSERT: Count=2309, Max=266, Min=144, Avg=163.23, 90=175, 99=213, 99.9=240, 99.99=266] [READ-FAILED: Count=14584, Max=275, Min=40, Avg=47.9, 90=55, 99=65, 99.9=100, 99.99=176] 
2026-04-28 07:18:24:023 61 sec: 2724158 operations; 45422 current ops/sec; [READ: Count=28682, Max=1686, Min=3, Avg=28.67, 90=83, 99=114, 99.9=143, 99.99=863] [INSERT: Count=2259, Max=22959, Min=147, Avg=186.37, 90=175, 99=239, 99.9=1905, 99.99=22959] [READ-FAILED: Count=14486, Max=986, Min=40, Avg=47.81, 90=55, 99=64, 99.9=79, 99.99=471] 
2026-04-28 07:18:25:023 62 sec: 2770608 operations; 46450 current ops/sec; [READ: Count=29690, Max=1223, Min=3, Avg=28.94, 90=85, 99=116, 99.9=146, 99.99=848] [INSERT: Count=2135, Max=311, Min=142, Avg=162.92, 90=176, 99=203, 99.9=236, 99.99=311] [READ-FAILED: Count=14626, Max=116, Min=41, Avg=49.68, 90=57, 99=68, 99.9=79, 99.99=97] 
2026-04-28 07:18:26:023 63 sec: 2816392 operations; 45784 current ops/sec; [READ: Count=28885, Max=1452, Min=3, Avg=28.93, 90=85, 99=117, 99.9=155, 99.99=908] [INSERT: Count=2297, Max=247, Min=139, Avg=162.02, 90=174, 99=205, 99.9=243, 99.99=247] [READ-FAILED: Count=14596, Max=439, Min=42, Avg=49.68, 90=57, 99=68, 99.9=86, 99.99=421] 
2026-04-28 07:18:27:023 64 sec: 2862252 operations; 45860 current ops/sec; [READ: Count=28920, Max=1000, Min=3, Avg=28.57, 90=85, 99=117, 99.9=155, 99.99=934] [INSERT: Count=2361, Max=266, Min=142, Avg=162.16, 90=174, 99=203, 99.9=248, 99.99=266] [READ-FAILED: Count=14584, Max=104, Min=42, Avg=49.67, 90=57, 99=68, 99.9=78, 99.99=93] 
2026-04-28 07:18:28:023 65 sec: 2908502 operations; 46250 current ops/sec; [READ: Count=29364, Max=1777, Min=3, Avg=28.32, 90=85, 99=117, 99.9=154, 99.99=883] [INSERT: Count=2300, Max=314, Min=140, Avg=162.66, 90=175, 99=205, 99.9=263, 99.99=314] [READ-FAILED: Count=14594, Max=1734, Min=42, Avg=49.86, 90=57, 99=68, 99.9=92, 99.99=442] 
2026-04-28 07:18:29:023 66 sec: 2953630 operations; 45128 current ops/sec; [READ: Count=28480, Max=1034, Min=3, Avg=28.52, 90=85, 99=118, 99.9=171, 99.99=982] [INSERT: Count=2326, Max=249, Min=150, Avg=176.78, 90=189, 99=223, 99.9=246, 99.99=249] [READ-FAILED: Count=14313, Max=135, Min=40, Avg=49.63, 90=58, 99=68, 99.9=82, 99.99=127] 
2026-04-28 07:18:30:023 67 sec: 2998988 operations; 45358 current ops/sec; [READ: Count=28712, Max=2817, Min=3, Avg=28.26, 90=85, 99=117, 99.9=154, 99.99=979] [INSERT: Count=2315, Max=23535, Min=138, Avg=181.86, 90=173, 99=235, 99.9=2024, 99.99=23535] [READ-FAILED: Count=14340, Max=403, Min=40, Avg=48.94, 90=57, 99=66, 99.9=81, 99.99=166] 
2026-04-28 07:18:31:023 68 sec: 3046015 operations; 47027 current ops/sec; [READ: Count=29809, Max=967, Min=3, Avg=27.8, 90=85, 99=116, 99.9=147, 99.99=943] [INSERT: Count=2348, Max=408, Min=138, Avg=155.97, 90=169, 99=206, 99.9=233, 99.99=408] [READ-FAILED: Count=14864, Max=402, Min=40, Avg=49.51, 90=57, 99=67, 99.9=80, 99.99=201] 
2026-04-28 07:18:32:023 69 sec: 3093285 operations; 47270 current ops/sec; [READ: Count=29731, Max=2341, Min=3, Avg=27.29, 90=84, 99=116, 99.9=150, 99.99=891] [INSERT: Count=2359, Max=2385, Min=139, Avg=156.51, 90=169, 99=206, 99.9=227, 99.99=2385] [READ-FAILED: Count=15176, Max=124, Min=42, Avg=49.46, 90=57, 99=67, 99.9=82, 99.99=108] 
2026-04-28 07:18:33:023 70 sec: 3140327 operations; 47042 current ops/sec; [READ: Count=29776, Max=1025, Min=3, Avg=27.38, 90=85, 99=117, 99.9=146, 99.99=941] [INSERT: Count=2388, Max=247, Min=139, Avg=155.78, 90=169, 99=200, 99.9=235, 99.99=247] [READ-FAILED: Count=14882, Max=114, Min=42, Avg=49.94, 90=57, 99=68, 99.9=81, 99.99=100] 
2026-04-28 07:18:34:023 71 sec: 3179664 operations; 39337 current ops/sec; [READ: Count=25336, Max=221055, Min=3, Avg=39.92, 90=86, 99=121, 99.9=444, 99.99=9527] [INSERT: Count=1931, Max=1879, Min=138, Avg=159.64, 90=173, 99=211, 99.9=696, 99.99=1879] [READ-FAILED: Count=12068, Max=3197, Min=29, Avg=50.98, 90=58, 99=72, 99.9=114, 99.99=2875] 
2026-04-28 07:18:35:023 72 sec: 3211530 operations; 31866 current ops/sec; [READ: Count=20812, Max=289023, Min=3, Avg=52.02, 90=89, 99=126, 99.9=403, 99.99=1157] [INSERT: Count=1590, Max=22591, Min=138, Avg=237.52, 90=345, 99=966, 99.9=1605, 99.99=22591] [READ-FAILED: Count=9474, Max=1265, Min=41, Avg=53.21, 90=63, 99=76, 99.9=98, 99.99=1265] 
2026-04-28 07:18:36:023 73 sec: 3251117 operations; 39587 current ops/sec; [READ: Count=25311, Max=20303, Min=3, Avg=36.88, 90=87, 99=123, 99.9=344, 99.99=2267] [INSERT: Count=2060, Max=2539, Min=146, Avg=174.86, 90=190, 99=224, 99.9=275, 99.99=2539] [READ-FAILED: Count=12207, Max=826, Min=42, Avg=52.98, 90=62, 99=73, 99.9=94, 99.99=362] 
2026-04-28 07:18:37:023 74 sec: 3292719 operations; 41602 current ops/sec; [READ: Count=26707, Max=874, Min=3, Avg=33.79, 90=87, 99=120, 99.9=161, 99.99=796] [INSERT: Count=2076, Max=264, Min=150, Avg=172.94, 90=188, 99=220, 99.9=249, 99.99=264] [READ-FAILED: Count=12816, Max=337, Min=44, Avg=52.73, 90=61, 99=72, 99.9=83, 99.99=209] 
2026-04-28 07:18:38:023 75 sec: 3334517 operations; 41798 current ops/sec; [READ: Count=26633, Max=944, Min=3, Avg=33.08, 90=87, 99=119, 99.9=159, 99.99=921] [INSERT: Count=2118, Max=250, Min=151, Avg=173.56, 90=189, 99=224, 99.9=246, 99.99=250] [READ-FAILED: Count=13068, Max=529, Min=43, Avg=52.78, 90=61, 99=72, 99.9=91, 99.99=460] 
2026-04-28 07:18:39:023 76 sec: 3377277 operations; 42760 current ops/sec; [READ: Count=27477, Max=1301, Min=3, Avg=32.2, 90=86, 99=119, 99.9=155, 99.99=896] [INSERT: Count=2175, Max=294, Min=137, Avg=169.15, 90=185, 99=218, 99.9=257, 99.99=294] [READ-FAILED: Count=13091, Max=877, Min=42, Avg=52.17, 90=60, 99=71, 99.9=82, 99.99=141] 
2026-04-28 07:18:40:023 77 sec: 3414433 operations; 37156 current ops/sec; [READ: Count=24041, Max=2517, Min=3, Avg=32.95, 90=87, 99=120, 99.9=172, 99.99=872] [INSERT: Count=1878, Max=21503, Min=138, Avg=306.51, 90=655, 99=1261, 99.9=20191, 99.99=21503] [READ-FAILED: Count=11261, Max=130, Min=41, Avg=51.52, 90=60, 99=70, 99.9=83, 99.99=125] 
2026-04-28 07:18:41:023 78 sec: 3457695 operations; 43262 current ops/sec; [READ: Count=27902, Max=932, Min=3, Avg=32.75, 90=86, 99=118, 99.9=150, 99.99=881] [INSERT: Count=2121, Max=236, Min=139, Avg=158.3, 90=172, 99=207, 99.9=224, 99.99=236] [READ-FAILED: Count=13213, Max=120, Min=43, Avg=51.91, 90=60, 99=69, 99.9=86, 99.99=116] 
2026-04-28 07:18:42:023 79 sec: 3500340 operations; 42645 current ops/sec; [READ: Count=26951, Max=1102, Min=3, Avg=32.77, 90=87, 99=118, 99.9=151, 99.99=870] [INSERT: Count=2169, Max=244, Min=140, Avg=159.83, 90=175, 99=207, 99.9=234, 99.99=244] [READ-FAILED: Count=13527, Max=601, Min=43, Avg=52.26, 90=60, 99=72, 99.9=202, 99.99=418] 
2026-04-28 07:18:43:023 80 sec: 3543466 operations; 43126 current ops/sec; [READ: Count=27414, Max=1022, Min=3, Avg=32.4, 90=87, 99=119, 99.9=148, 99.99=918] [INSERT: Count=2195, Max=251, Min=139, Avg=156.93, 90=168, 99=191, 99.9=224, 99.99=251] [READ-FAILED: Count=13515, Max=112, Min=43, Avg=52.05, 90=60, 99=70, 99.9=80, 99.99=94] 
2026-04-28 07:18:44:023 81 sec: 3586603 operations; 43137 current ops/sec; [READ: Count=27407, Max=2561, Min=3, Avg=32.24, 90=86, 99=119, 99.9=163, 99.99=2315] [INSERT: Count=2189, Max=268, Min=137, Avg=156.76, 90=168, 99=204, 99.9=239, 99.99=268] [READ-FAILED: Count=13541, Max=2171, Min=44, Avg=52.38, 90=60, 99=71, 99.9=97, 99.99=514] 
2026-04-28 07:18:45:023 82 sec: 3629551 operations; 42948 current ops/sec; [READ: Count=27688, Max=900, Min=3, Avg=30.86, 90=85, 99=119, 99.9=154, 99.99=857] [INSERT: Count=2125, Max=21663, Min=139, Avg=187.59, 90=182, 99=223, 99.9=1714, 99.99=21663] [READ-FAILED: Count=13144, Max=113, Min=42, Avg=52.1, 90=60, 99=71, 99.9=83, 99.99=108] 
2026-04-28 07:18:46:023 83 sec: 3673523 operations; 43972 current ops/sec; [READ: Count=28052, Max=900, Min=3, Avg=31.28, 90=86, 99=118, 99.9=149, 99.99=853] [INSERT: Count=2174, Max=267, Min=139, Avg=158.35, 90=172, 99=205, 99.9=232, 99.99=267] [READ-FAILED: Count=13741, Max=465, Min=25, Avg=51.97, 90=60, 99=71, 99.9=93, 99.99=250] 
2026-04-28 07:18:47:023 84 sec: 3717744 operations; 44221 current ops/sec; [READ: Count=28263, Max=1081, Min=3, Avg=30.76, 90=86, 99=118, 99.9=149, 99.99=916] [INSERT: Count=2242, Max=4073, Min=137, Avg=159.14, 90=170, 99=208, 99.9=273, 99.99=4073] [READ-FAILED: Count=13717, Max=114, Min=42, Avg=51.71, 90=59, 99=71, 99.9=84, 99.99=101] 
2026-04-28 07:18:48:023 85 sec: 3761954 operations; 44210 current ops/sec; [READ: Count=28116, Max=2057, Min=3, Avg=30.59, 90=86, 99=118, 99.9=157, 99.99=911] [INSERT: Count=2272, Max=229, Min=139, Avg=157.07, 90=167, 99=194, 99.9=225, 99.99=229] [READ-FAILED: Count=13818, Max=1982, Min=44, Avg=51.98, 90=59, 99=70, 99.9=93, 99.99=315] 
2026-04-28 07:18:49:023 86 sec: 3806609 operations; 44655 current ops/sec; [READ: Count=28442, Max=893, Min=3, Avg=30.05, 90=86, 99=118, 99.9=148, 99.99=869] [INSERT: Count=2290, Max=258, Min=139, Avg=156.87, 90=167, 99=192, 99.9=234, 99.99=258] [READ-FAILED: Count=13917, Max=84, Min=43, Avg=51.77, 90=59, 99=69, 99.9=79, 99.99=84] 
2026-04-28 07:18:50:023 87 sec: 3850206 operations; 43597 current ops/sec; [READ: Count=28150, Max=1120, Min=3, Avg=29.99, 90=86, 99=118, 99.9=151, 99.99=888] [INSERT: Count=2171, Max=22927, Min=141, Avg=185.56, 90=177, 99=225, 99.9=1207, 99.99=22927] [READ-FAILED: Count=13312, Max=168, Min=43, Avg=51.98, 90=60, 99=71, 99.9=90, 99.99=134] 
2026-04-28 07:18:51:023 88 sec: 3894830 operations; 44624 current ops/sec; [READ: Count=28402, Max=915, Min=3, Avg=29.44, 90=86, 99=118, 99.9=152, 99.99=840] [INSERT: Count=2231, Max=2387, Min=140, Avg=168.29, 90=182, 99=213, 99.9=290, 99.99=2387] [READ-FAILED: Count=13963, Max=448, Min=44, Avg=51.68, 90=59, 99=70, 99.9=88, 99.99=242] 
2026-04-28 07:18:52:023 89 sec: 3939864 operations; 45034 current ops/sec; [READ: Count=28800, Max=1393, Min=3, Avg=29.78, 90=86, 99=117, 99.9=148, 99.99=957] [INSERT: Count=2247, Max=307, Min=140, Avg=158.59, 90=172, 99=204, 99.9=253, 99.99=307] [READ-FAILED: Count=13986, Max=121, Min=43, Avg=51.52, 90=59, 99=70, 99.9=88, 99.99=120] 
2026-04-28 07:18:53:023 90 sec: 3985599 operations; 45735 current ops/sec; [READ: Count=29135, Max=950, Min=3, Avg=28.76, 90=86, 99=117, 99.9=149, 99.99=885] [INSERT: Count=2276, Max=238, Min=138, Avg=157.47, 90=172, 99=202, 99.9=236, 99.99=238] [READ-FAILED: Count=14323, Max=787, Min=37, Avg=51.55, 90=59, 99=70, 99.9=85, 99.99=620] 
2026-04-28 07:18:54:023 91 sec: 4030347 operations; 44748 current ops/sec; [READ: Count=28534, Max=1328, Min=3, Avg=29.2, 90=87, 99=119, 99.9=145, 99.99=924] [INSERT: Count=2254, Max=238, Min=140, Avg=168.53, 90=183, 99=215, 99.9=233, 99.99=238] [READ-FAILED: Count=13958, Max=164, Min=44, Avg=51.73, 90=60, 99=70, 99.9=87, 99.99=121] 
2026-04-28 07:18:55:023 92 sec: 4073953 operations; 43606 current ops/sec; [READ: Count=27865, Max=2263, Min=3, Avg=29.62, 90=87, 99=121, 99.9=178, 99.99=933] [INSERT: Count=2179, Max=22927, Min=139, Avg=187.2, 90=178, 99=226, 99.9=1579, 99.99=22927] [READ-FAILED: Count=13572, Max=555, Min=42, Avg=51.87, 90=59, 99=70, 99.9=159, 99.99=454] 
2026-04-28 07:18:56:023 93 sec: 4120905 operations; 46952 current ops/sec; [READ: Count=30272, Max=864, Min=3, Avg=28.06, 90=84, 99=116, 99.9=143, 99.99=816] [INSERT: Count=2255, Max=250, Min=139, Avg=160.53, 90=174, 99=199, 99.9=233, 99.99=250] [READ-FAILED: Count=14418, Max=120, Min=41, Avg=50.04, 90=57, 99=67, 99.9=75, 99.99=117] 
2026-04-28 07:18:57:023 94 sec: 4165995 operations; 45090 current ops/sec; [READ: Count=28811, Max=2839, Min=3, Avg=28.51, 90=86, 99=119, 99.9=157, 99.99=929] [INSERT: Count=2283, Max=302, Min=146, Avg=173.21, 90=186, 99=224, 99.9=251, 99.99=302] [READ-FAILED: Count=13989, Max=801, Min=42, Avg=51.35, 90=59, 99=68, 99.9=94, 99.99=430] 
2026-04-28 07:18:58:023 95 sec: 4212133 operations; 46138 current ops/sec; [READ: Count=28983, Max=3141, Min=3, Avg=27.71, 90=84, 99=115, 99.9=147, 99.99=918] [INSERT: Count=2419, Max=404, Min=139, Avg=164.32, 90=175, 99=208, 99.9=241, 99.99=404] [READ-FAILED: Count=14745, Max=3123, Min=41, Avg=49.8, 90=57, 99=66, 99.9=83, 99.99=126] 
2026-04-28 07:18:59:023 96 sec: 4258612 operations; 46479 current ops/sec; [READ: Count=29285, Max=1047, Min=3, Avg=27.49, 90=84, 99=116, 99.9=154, 99.99=945] [INSERT: Count=2348, Max=240, Min=145, Avg=164.87, 90=176, 99=203, 99.9=231, 99.99=240] [READ-FAILED: Count=14838, Max=233, Min=42, Avg=49.96, 90=57, 99=67, 99.9=80, 99.99=188] 
2026-04-28 07:19:00:023 97 sec: 4303178 operations; 44566 current ops/sec; [READ: Count=28662, Max=3165, Min=3, Avg=28.22, 90=86, 99=119, 99.9=369, 99.99=3015] [INSERT: Count=2226, Max=23503, Min=142, Avg=190.79, 90=178, 99=230, 99.9=5863, 99.99=23503] [READ-FAILED: Count=13690, Max=2989, Min=42, Avg=51.28, 90=59, 99=69, 99.9=90, 99.99=800] 
2026-04-28 07:19:01:023 98 sec: 4344107 operations; 40929 current ops/sec; [READ: Count=26547, Max=10303, Min=3, Avg=35.81, 90=87, 99=122, 99.9=506, 99.99=5927] [INSERT: Count=1988, Max=253, Min=142, Avg=161.43, 90=175, 99=211, 99.9=248, 99.99=253] [READ-FAILED: Count=12389, Max=184, Min=44, Avg=53.91, 90=62, 99=73, 99.9=90, 99.99=136] 
2026-04-28 07:19:02:023 99 sec: 4384992 operations; 40885 current ops/sec; [READ: Count=26394, Max=1040, Min=3, Avg=35.34, 90=88, 99=120, 99.9=155, 99.99=861] [INSERT: Count=2041, Max=238, Min=141, Avg=160.05, 90=173, 99=205, 99.9=229, 99.99=238] [READ-FAILED: Count=12440, Max=129, Min=45, Avg=54.57, 90=62, 99=73, 99.9=89, 99.99=118] 
2026-04-28 07:19:03:023 100 sec: 4426675 operations; 41683 current ops/sec; [READ: Count=27052, Max=899, Min=3, Avg=34, 90=87, 99=121, 99.9=158, 99.99=868] [INSERT: Count=2090, Max=412, Min=142, Avg=160.6, 90=174, 99=212, 99.9=387, 99.99=412] [READ-FAILED: Count=12550, Max=775, Min=45, Avg=54.43, 90=62, 99=72, 99.9=93, 99.99=451] 
2026-04-28 07:19:04:023 101 sec: 4468966 operations; 42291 current ops/sec; [READ: Count=27228, Max=831, Min=3, Avg=32.98, 90=87, 99=120, 99.9=151, 99.99=819] [INSERT: Count=2103, Max=264, Min=142, Avg=160.76, 90=175, 99=203, 99.9=251, 99.99=264] [READ-FAILED: Count=12955, Max=148, Min=45, Avg=54.14, 90=62, 99=72, 99.9=85, 99.99=105] 
2026-04-28 07:19:05:023 102 sec: 4508363 operations; 39397 current ops/sec; [READ: Count=25214, Max=5163, Min=3, Avg=33.51, 90=88, 99=122, 99.9=167, 99.99=1195] [INSERT: Count=2026, Max=19999, Min=150, Avg=210.87, 90=188, 99=742, 99.9=1230, 99.99=19999] [READ-FAILED: Count=12152, Max=5071, Min=44, Avg=55.07, 90=63, 99=74, 99.9=90, 99.99=384] 
2026-04-28 07:19:06:023 103 sec: 4547857 operations; 39494 current ops/sec; [READ: Count=25630, Max=946, Min=3, Avg=34.75, 90=89, 99=124, 99.9=164, 99.99=850] [INSERT: Count=2004, Max=1317, Min=143, Avg=200.71, 90=193, 99=828, 99.9=1185, 99.99=1317] [READ-FAILED: Count=11869, Max=490, Min=44, Avg=54.65, 90=63, 99=74, 99.9=89, 99.99=294] 
2026-04-28 07:19:07:023 104 sec: 4589328 operations; 41471 current ops/sec; [READ: Count=26612, Max=878, Min=3, Avg=33.88, 90=89, 99=122, 99.9=159, 99.99=842] [INSERT: Count=2045, Max=530, Min=140, Avg=166.53, 90=180, 99=217, 99.9=309, 99.99=530] [READ-FAILED: Count=12810, Max=344, Min=44, Avg=54.4, 90=62, 99=73, 99.9=94, 99.99=217] 
2026-04-28 07:19:08:023 105 sec: 4630801 operations; 41473 current ops/sec; [READ: Count=26543, Max=1913, Min=3, Avg=33.75, 90=89, 99=121, 99.9=156, 99.99=1198] [INSERT: Count=2172, Max=315, Min=133, Avg=161.68, 90=176, 99=205, 99.9=240, 99.99=315] [READ-FAILED: Count=12757, Max=569, Min=40, Avg=54.18, 90=62, 99=72, 99.9=92, 99.99=277] 
2026-04-28 07:19:09:023 106 sec: 4673236 operations; 42435 current ops/sec; [READ: Count=27631, Max=901, Min=3, Avg=32.73, 90=88, 99=121, 99.9=152, 99.99=839] [INSERT: Count=2021, Max=240, Min=142, Avg=165.74, 90=179, 99=204, 99.9=239, 99.99=240] [READ-FAILED: Count=12786, Max=495, Min=45, Avg=54.51, 90=63, 99=73, 99.9=91, 99.99=227] 
2026-04-28 07:19:10:023 107 sec: 4715668 operations; 42432 current ops/sec; [READ: Count=27373, Max=2825, Min=3, Avg=32.8, 90=88, 99=122, 99.9=158, 99.99=871] [INSERT: Count=2127, Max=239, Min=136, Avg=158.94, 90=172, 99=194, 99.9=233, 99.99=239] [READ-FAILED: Count=12929, Max=2237, Min=45, Avg=54.29, 90=62, 99=72, 99.9=86, 99.99=367] 
2026-04-28 07:19:11:023 108 sec: 4757964 operations; 42296 current ops/sec; [READ: Count=27520, Max=962, Min=3, Avg=31.7, 90=87, 99=120, 99.9=151, 99.99=831] [INSERT: Count=2052, Max=21583, Min=141, Avg=184.58, 90=173, 99=227, 99.9=1241, 99.99=21583] [READ-FAILED: Count=12730, Max=150, Min=45, Avg=53.99, 90=62, 99=71, 99.9=83, 99.99=102] 
2026-04-28 07:19:12:023 109 sec: 4801141 operations; 43177 current ops/sec; [READ: Count=27694, Max=1653, Min=3, Avg=31.73, 90=87, 99=119, 99.9=157, 99.99=891] [INSERT: Count=2173, Max=231, Min=140, Avg=157.7, 90=170, 99=203, 99.9=224, 99.99=231] [READ-FAILED: Count=13304, Max=534, Min=44, Avg=53.74, 90=61, 99=71, 99.9=85, 99.99=223] 
2026-04-28 07:19:13:023 110 sec: 4845034 operations; 43893 current ops/sec; [READ: Count=28555, Max=982, Min=3, Avg=31.01, 90=87, 99=119, 99.9=149, 99.99=896] [INSERT: Count=2167, Max=238, Min=138, Avg=159.16, 90=173, 99=201, 99.9=228, 99.99=238] [READ-FAILED: Count=13172, Max=245, Min=44, Avg=53.65, 90=61, 99=71, 99.9=83, 99.99=135] 
2026-04-28 07:19:14:023 111 sec: 4888254 operations; 43220 current ops/sec; [READ: Count=27857, Max=877, Min=3, Avg=30.98, 90=87, 99=120, 99.9=151, 99.99=832] [INSERT: Count=2181, Max=7835, Min=138, Avg=167.09, 90=176, 99=210, 99.9=315, 99.99=7835] [READ-FAILED: Count=13188, Max=383, Min=45, Avg=53.96, 90=62, 99=72, 99.9=92, 99.99=192] 
2026-04-28 07:19:15:023 112 sec: 4932440 operations; 44186 current ops/sec; [READ: Count=28622, Max=2069, Min=3, Avg=30.74, 90=87, 99=119, 99.9=159, 99.99=847] [INSERT: Count=2111, Max=236, Min=138, Avg=159.02, 90=171, 99=201, 99.9=235, 99.99=236] [READ-FAILED: Count=13444, Max=476, Min=44, Avg=53.63, 90=61, 99=71, 99.9=85, 99.99=254] 
2026-04-28 07:19:16:023 113 sec: 4975510 operations; 43070 current ops/sec; [READ: Count=27962, Max=941, Min=3, Avg=30.52, 90=88, 99=122, 99.9=156, 99.99=873] [INSERT: Count=2061, Max=21967, Min=139, Avg=184.72, 90=177, 99=228, 99.9=1458, 99.99=21967] [READ-FAILED: Count=13057, Max=135, Min=45, Avg=53.95, 90=62, 99=73, 99.9=85, 99.99=96] 
2026-04-28 07:19:17:023 114 sec: 5019966 operations; 44456 current ops/sec; [READ: Count=28884, Max=859, Min=3, Avg=30.35, 90=87, 99=121, 99.9=155, 99.99=803] [INSERT: Count=2124, Max=255, Min=138, Avg=156.71, 90=169, 99=203, 99.9=237, 99.99=255] [READ-FAILED: Count=13441, Max=471, Min=46, Avg=54.02, 90=62, 99=72, 99.9=93, 99.99=289] 
2026-04-28 07:19:18:023 115 sec: 5063892 operations; 43926 current ops/sec; [READ: Count=28126, Max=1907, Min=3, Avg=30.38, 90=88, 99=119, 99.9=167, 99.99=887] [INSERT: Count=2247, Max=236, Min=139, Avg=156.66, 90=169, 99=205, 99.9=228, 99.99=236] [READ-FAILED: Count=13553, Max=127, Min=44, Avg=53.86, 90=62, 99=73, 99.9=85, 99.99=121] 
2026-04-28 07:19:19:023 116 sec: 5108310 operations; 44418 current ops/sec; [READ: Count=28549, Max=1284, Min=3, Avg=30.03, 90=87, 99=120, 99.9=154, 99.99=888] [INSERT: Count=2178, Max=230, Min=139, Avg=156.39, 90=169, 99=203, 99.9=224, 99.99=230] [READ-FAILED: Count=13690, Max=450, Min=45, Avg=53.94, 90=62, 99=73, 99.9=83, 99.99=330] 
2026-04-28 07:19:20:023 117 sec: 5153336 operations; 45026 current ops/sec; [READ: Count=28941, Max=865, Min=3, Avg=29.26, 90=86, 99=119, 99.9=160, 99.99=823] [INSERT: Count=2190, Max=275, Min=139, Avg=156, 90=169, 99=203, 99.9=229, 99.99=275] [READ-FAILED: Count=13899, Max=133, Min=45, Avg=53.77, 90=61, 99=72, 99.9=84, 99.99=115] 
2026-04-28 07:19:21:023 118 sec: 5196345 operations; 43009 current ops/sec; [READ: Count=27667, Max=2965, Min=3, Avg=29.67, 90=88, 99=121, 99.9=157, 99.99=876] [INSERT: Count=2141, Max=21903, Min=138, Avg=186.99, 90=181, 99=230, 99.9=961, 99.99=21903] [READ-FAILED: Count=13203, Max=2913, Min=45, Avg=54.31, 90=62, 99=73, 99.9=89, 99.99=460] 
2026-04-28 07:19:22:023 119 sec: 5241626 operations; 45281 current ops/sec; [READ: Count=29111, Max=1133, Min=3, Avg=28.79, 90=86, 99=120, 99.9=148, 99.99=850] [INSERT: Count=2210, Max=255, Min=140, Avg=157.9, 90=170, 99=204, 99.9=231, 99.99=255] [READ-FAILED: Count=13957, Max=156, Min=45, Avg=53.58, 90=61, 99=71, 99.9=82, 99.99=134] 
Maximum time elapsed. Requesting stop for the workload.
Stop requested for workload. Now Joining!
2026-04-28 07:19:23:023 120 sec: 5286739 operations; 45113 current ops/sec; [READ: Count=28965, Max=1000, Min=3, Avg=28.88, 90=86, 99=119, 99.9=149, 99.99=928] [INSERT: Count=2248, Max=334, Min=138, Avg=157.32, 90=170, 99=205, 99.9=235, 99.99=334] [READ-FAILED: Count=13897, Max=315, Min=44, Avg=53.66, 90=61, 99=71, 99.9=88, 99.99=228] 
2026-04-28 07:19:23:120 120 sec: 5286756 operations; 175.26 current ops/sec; [READ: Count=8, Max=104, Min=4, Avg=43.12, 90=104, 99=104, 99.9=104, 99.99=104] [CLEANUP: Count=2, Max=95999, Min=87168, Avg=91584, 90=95999, 99=95999, 99.9=95999, 99.99=95999] [INSERT: Count=1, Max=152, Min=152, Avg=152, 90=152, 99=152, 99.9=152, 99.99=152] [READ-FAILED: Count=1, Max=69, Min=69, Avg=69, 90=69, 99=69, 99.9=69, 99.99=69] 
	Command being timed: "/users/Xinying/ozonedb/ycsb/bin/ycsb run ozonedb -threads 2 -s -P /users/Xinying/ozonedb/ycsb/workloads/generated_workloads/workloadd_1KB_1000000_1000000 -p status.interval=1 -p maxexecutiontime=120 -p operationcount=0 -p shared_config=/users/Xinying/ozonedb/src/config/local/shared_config_rocksdb.json"
	User time (seconds): 177.49
	System time (seconds): 68.82
	Percent of CPU this job got: 194%
	Elapsed (wall clock) time (h:mm:ss or m:ss): 2:06.60
	Average shared text size (kbytes): 0
	Average unshared data size (kbytes): 0
	Average stack size (kbytes): 0
	Average total size (kbytes): 0
	Maximum resident set size (kbytes): 9662804
	Average resident set size (kbytes): 0
	Major (requiring I/O) page faults: 759
	Minor (reclaiming a frame) page faults: 2724951
	Voluntary context switches: 666855
	Involuntary context switches: 1784
	Swaps: 0
	File system inputs: 23839007
	File system outputs: 1715714
	Socket messages sent: 0
	Socket messages received: 0
	Signals delivered: 0
	Page size (bytes): 4096
	Exit status: 0
