# CMD: /usr/bin/time -v /users/Xinying/ozonedb/ycsb/bin/ycsb run ozonedb -threads 4 -s -P /users/Xinying/ozonedb/ycsb/workloads/generated_workloads/workloadf_1KB_1000000_1000000 -p status.interval=1 -p maxexecutiontime=120 -p operationcount=0 -p shared_config=/users/Xinying/ozonedb/src/config/local/shared_config_rocksdb.json
# devices=['sda6'] sectors_before=1453421880 sectors_after=1468745240
# elapsed_s=127.54 returncode=0

=== STDOUT ===
Starting compaction watcher
Starting compaction watcher
Starting compaction watcher
Starting compaction watcher
2026-04-28 07:52:18:5022026-04-28 07:52:18:502 - NewTail completed:  - NewTail completed: 

2026-04-28 07:52:18:507 - NewTail completed: 
2026-04-28 07:52:21:104 - NewTail completed: 
2026-04-28 07:52:21:109 - NewTail completed: 
2026-04-28 07:52:21:125 - Compaction started: 
140626640770624:Compacting datalog/35 datalog/36 into:sstable1/cfb64e80-5f1a-4715-a407-76feecded18a202604280152161777362741307572788.sst
2026-04-28 07:52:21:614 - Compaction completed: 
2026-04-28 07:52:23:408 - NewTail completed: 
2026-04-28 07:52:23:410 - NewTail completed: 
2026-04-28 07:52:25:909 - NewTail completed: 
2026-04-28 07:52:25:911 - Compaction started: 
140626691126848:Compacting datalog/37 datalog/38 into:sstable1/27d9c7ef-4970-4d64-810e-e7fc6ea65411202604280152161777362746088029918.sst
2026-04-28 07:52:26:361 - Compaction completed: 
2026-04-28 07:52:26:413 - Compaction started: 
140626674341440:Compacting sstable1/fdf40179-5256-4028-90ea-15af28ebf787202604231034301776962195318187250.sst sstable1/fdf40179-5256-4028-90ea-15af28ebf787202604231034301776962203658627099.sst into:sstable2/c7fb6930-3871-4bec-a815-bddf119d5880202604280152161777362747179501481.sst
2026-04-28 07:52:28:054 - Compaction completed: 
2026-04-28 07:52:28:434 - NewTail completed: 
2026-04-28 07:52:30:919 - NewTail completed: 
2026-04-28 07:52:30:941 - Compaction started: 
140626640770624:Compacting datalog/39 datalog/40 into:sstable1/cfb64e80-5f1a-4715-a407-76feecded18a202604280152161777362751057304943.sst
2026-04-28 07:52:31:336 - Compaction completed: 
2026-04-28 07:52:33:517 - NewTail completed: 
2026-04-28 07:52:35:816 - NewTail completed: 
2026-04-28 07:52:35:920 - Compaction started: 
140626691126848:Compacting datalog/41 datalog/42 into:sstable1/27d9c7ef-4970-4d64-810e-e7fc6ea65411202604280152161777362756031111648.sst
2026-04-28 07:52:36:302 - Compaction completed: 
2026-04-28 07:52:38:428 - NewTail completed: 
2026-04-28 07:52:40:822 - NewTail completed: 
2026-04-28 07:52:40:828 - Compaction started: 
140626691126848:Compacting datalog/43 datalog/44 into:sstable1/27d9c7ef-4970-4d64-810e-e7fc6ea65411202604280152161777362760936088033.sst
2026-04-28 07:52:41:207 - Compaction completed: 
2026-04-28 07:52:41:237 - Compaction started: 
140626691126848:Compacting sstable1/fdf40179-5256-4028-90ea-15af28ebf787202604231034301776962212445933441.sst sstable1/cfb64e80-5f1a-4715-a407-76feecded18a202604280152161777362741307572788.sst into:sstable2/27d9c7ef-4970-4d64-810e-e7fc6ea65411202604280152161777362761840612583.sst
2026-04-28 07:52:42:587 - Compaction completed: 
2026-04-28 07:52:43:627 - NewTail completed: 
2026-04-28 07:52:46:042 - NewTail completed: 
2026-04-28 07:52:46:164 - Compaction started: 
140626657556032:Compacting datalog/45 datalog/46 into:sstable1/ae66226e-13bf-45d7-99bf-e6a00c336b93202604280152161777362766343504457.sst
2026-04-28 07:52:46:620 - Compaction completed: 
2026-04-28 07:52:48:763 - NewTail completed: 
2026-04-28 07:52:51:145 - NewTail completed: 
2026-04-28 07:52:51:168 - Compaction started: 
140626640770624:Compacting datalog/47 datalog/48 into:sstable1/cfb64e80-5f1a-4715-a407-76feecded18a202604280152161777362771282111469.sst
2026-04-28 07:52:51:551 - Compaction completed: 
2026-04-28 07:52:51:569 - Compaction started: 
140626674341440:Compacting sstable1/27d9c7ef-4970-4d64-810e-e7fc6ea65411202604280152161777362746088029918.sst sstable1/cfb64e80-5f1a-4715-a407-76feecded18a202604280152161777362751057304943.sst into:sstable2/c7fb6930-3871-4bec-a815-bddf119d5880202604280152161777362771975937173.sst
2026-04-28 07:52:52:517 - Compaction completed: 
2026-04-28 07:52:53:855 - NewTail completed: 
2026-04-28 07:52:56:243 - NewTail completed: 
2026-04-28 07:52:56:277 - Compaction started: 
140626657556032:Compacting datalog/49 datalog/50 into:sstable1/ae66226e-13bf-45d7-99bf-e6a00c336b93202604280152161777362776390617023.sst
2026-04-28 07:52:56:661 - Compaction completed: 
2026-04-28 07:52:58:947 - NewTail completed: 
2026-04-28 07:53:01:352 - NewTail completed: 
2026-04-28 07:53:01:390 - Compaction started: 
140626674341440:Compacting datalog/51 datalog/52 into:sstable1/c7fb6930-3871-4bec-a815-bddf119d5880202604280152161777362781526093177.sst
2026-04-28 07:53:01:802 - Compaction completed: 
2026-04-28 07:53:01:891 - Compaction started: 
140626640770624:Compacting sstable1/27d9c7ef-4970-4d64-810e-e7fc6ea65411202604280152161777362756031111648.sst sstable1/27d9c7ef-4970-4d64-810e-e7fc6ea65411202604280152161777362760936088033.sst into:sstable2/cfb64e80-5f1a-4715-a407-76feecded18a202604280152161777362782337393996.sst
2026-04-28 07:53:02:914 - Compaction completed: 
2026-04-28 07:53:04:054 - NewTail completed: 
2026-04-28 07:53:06:456 - NewTail completed: 
2026-04-28 07:53:06:521 - Compaction started: 
140626657556032:Compacting datalog/53 datalog/54 into:sstable1/ae66226e-13bf-45d7-99bf-e6a00c336b93202604280152161777362786640961436.sst
2026-04-28 07:53:06:924 - Compaction completed: 
2026-04-28 07:53:09:256 - NewTail completed: 
2026-04-28 07:53:11:662 - NewTail completed: 
2026-04-28 07:53:11:759 - Compaction started: 
140626691126848:Compacting datalog/55 datalog/56 into:sstable1/27d9c7ef-4970-4d64-810e-e7fc6ea65411202604280152161777362791889088409.sst
2026-04-28 07:53:12:175 - Compaction completed: 
2026-04-28 07:53:12:187 - Compaction started: 
140626691126848:Compacting sstable1/ae66226e-13bf-45d7-99bf-e6a00c336b93202604280152161777362766343504457.sst sstable1/cfb64e80-5f1a-4715-a407-76feecded18a202604280152161777362771282111469.sst into:sstable2/27d9c7ef-4970-4d64-810e-e7fc6ea65411202604280152161777362792607887451.sst
2026-04-28 07:53:13:159 - Compaction completed: 
2026-04-28 07:53:14:400 - NewTail completed: 
2026-04-28 07:53:17:065 - NewTail completed: 
2026-04-28 07:53:17:098 - Compaction started: 
140626691126848:Compacting datalog/57 datalog/58 into:sstable1/27d9c7ef-4970-4d64-810e-e7fc6ea65411202604280152161777362797236740870.sst
2026-04-28 07:53:17:530 - Compaction completed: 
2026-04-28 07:53:19:666 - NewTail completed: 
2026-04-28 07:53:22:283 - NewTail completed: 
2026-04-28 07:53:22:372 - Compaction started: 
140626657556032:Compacting datalog/59 datalog/60 into:sstable1/ae66226e-13bf-45d7-99bf-e6a00c336b93202604280152161777362802492994946.sst
2026-04-28 07:53:22:768 - Compaction completed: 
2026-04-28 07:53:22:809 - Compaction started: 
140626691126848:Compacting sstable1/ae66226e-13bf-45d7-99bf-e6a00c336b93202604280152161777362776390617023.sst sstable1/c7fb6930-3871-4bec-a815-bddf119d5880202604280152161777362781526093177.sst into:sstable2/27d9c7ef-4970-4d64-810e-e7fc6ea65411202604280152161777362803234244960.sst
2026-04-28 07:53:23:786 - Compaction completed: 
2026-04-28 07:53:24:974 - NewTail completed: 
2026-04-28 07:53:27:789 - NewTail completed: 
2026-04-28 07:53:27:882 - Compaction started: 
140626657556032:Compacting datalog/61 datalog/62 into:sstable1/ae66226e-13bf-45d7-99bf-e6a00c336b93202604280152161777362808001734882.sst
2026-04-28 07:53:28:273 - Compaction completed: 
2026-04-28 07:53:30:292 - NewTail completed: 
2026-04-28 07:53:32:980 - NewTail completed: 
2026-04-28 07:53:33:026 - Compaction started: 
140626691126848:Compacting datalog/63 datalog/64 into:sstable1/27d9c7ef-4970-4d64-810e-e7fc6ea65411202604280152161777362813177256419.sst
2026-04-28 07:53:33:476 - Compaction completed: 
2026-04-28 07:53:33:529 - Compaction started: 
140626691126848:Compacting sstable1/ae66226e-13bf-45d7-99bf-e6a00c336b93202604280152161777362786640961436.sst sstable1/27d9c7ef-4970-4d64-810e-e7fc6ea65411202604280152161777362791889088409.sst into:sstable2/27d9c7ef-4970-4d64-810e-e7fc6ea65411202604280152161777362813972615799.sst
2026-04-28 07:53:34:535 - Compaction completed: 
2026-04-28 07:53:35:685 - NewTail completed: 
2026-04-28 07:53:38:592 - NewTail completed: 
2026-04-28 07:53:38:651 - Compaction started: 
140626691126848:Compacting datalog/65 datalog/66 into:sstable1/27d9c7ef-4970-4d64-810e-e7fc6ea65411202604280152161777362818815601901.sst
2026-04-28 07:53:39:115 - Compaction completed: 
2026-04-28 07:53:41:094 - NewTail completed: 
2026-04-28 07:53:43:724 - NewTail completed: 
2026-04-28 07:53:43:806 - Compaction started: 
140626640770624:Compacting datalog/67 datalog/68 into:sstable1/cfb64e80-5f1a-4715-a407-76feecded18a202604280152161777362823936225400.sst
2026-04-28 07:53:44:212 - Compaction completed: 
2026-04-28 07:53:44:264 - Compaction started: 
140626691126848:Compacting sstable1/27d9c7ef-4970-4d64-810e-e7fc6ea65411202604280152161777362797236740870.sst sstable1/ae66226e-13bf-45d7-99bf-e6a00c336b93202604280152161777362802492994946.sst into:sstable2/27d9c7ef-4970-4d64-810e-e7fc6ea65411202604280152161777362824735653958.sst
2026-04-28 07:53:45:287 - Compaction completed: 
2026-04-28 07:53:46:403 - NewTail completed: 
2026-04-28 07:53:49:230 - NewTail completed: 
2026-04-28 07:53:49:316 - Compaction started: 
140626674341440:Compacting datalog/69 datalog/70 into:sstable1/c7fb6930-3871-4bec-a815-bddf119d5880202604280152161777362829458646280.sst
2026-04-28 07:53:49:747 - Compaction completed: 
2026-04-28 07:53:51:761 - NewTail completed: 
2026-04-28 07:53:54:466 - NewTail completed: 
2026-04-28 07:53:54:525 - Compaction started: 
140626674341440:Compacting datalog/71 datalog/72 into:sstable1/c7fb6930-3871-4bec-a815-bddf119d5880202604280152161777362834665618062.sst
2026-04-28 07:53:54:966 - Compaction completed: 
2026-04-28 07:53:55:028 - Compaction started: 
140626674341440:Compacting sstable1/ae66226e-13bf-45d7-99bf-e6a00c336b93202604280152161777362808001734882.sst sstable1/27d9c7ef-4970-4d64-810e-e7fc6ea65411202604280152161777362813177256419.sst into:sstable2/c7fb6930-3871-4bec-a815-bddf119d5880202604280152161777362835466525353.sst
2026-04-28 07:53:56:022 - Compaction completed: 
2026-04-28 07:53:57:118 - NewTail completed: 
2026-04-28 07:53:59:872 - NewTail completed: 
2026-04-28 07:53:59:926 - Compaction started: 
140626691126848:Compacting datalog/73 datalog/74 into:sstable1/27d9c7ef-4970-4d64-810e-e7fc6ea65411202604280152161777362840075633472.sst
2026-04-28 07:54:00:362 - Compaction completed: 
2026-04-28 07:54:02:371 - NewTail completed: 
2026-04-28 07:54:05:130 - NewTail completed: 
2026-04-28 07:54:05:137 - Compaction started: 
140626691126848:Compacting datalog/75 datalog/76 into:sstable1/27d9c7ef-4970-4d64-810e-e7fc6ea65411202604280152161777362845285717361.sst
2026-04-28 07:54:05:571 - Compaction completed: 
2026-04-28 07:54:05:640 - Compaction started: 
140626657556032:Compacting sstable1/27d9c7ef-4970-4d64-810e-e7fc6ea65411202604280152161777362818815601901.sst sstable1/cfb64e80-5f1a-4715-a407-76feecded18a202604280152161777362823936225400.sst into:sstable2/ae66226e-13bf-45d7-99bf-e6a00c336b93202604280152161777362846066721070.sst
2026-04-28 07:54:06:606 - Compaction completed: 
2026-04-28 07:54:07:858 - NewTail completed: 
2026-04-28 07:54:10:681 - NewTail completed: 
2026-04-28 07:54:10:753 - Compaction started: 
140626691126848:Compacting datalog/77 datalog/78 into:sstable1/27d9c7ef-4970-4d64-810e-e7fc6ea65411202604280152161777362850902761562.sst
2026-04-28 07:54:11:219 - Compaction completed: 
2026-04-28 07:54:13:446 - NewTail completed: 
2026-04-28 07:54:13:447 - NewTail completed: 
[OVERALL], RunTime(ms), 120099
[OVERALL], Throughput(ops/sec), 21877.52604101616
[TOTAL_GCS_PS_Scavenge], Count, 68
[TOTAL_GC_TIME_PS_Scavenge], Time(ms), 258
[TOTAL_GC_TIME_%_PS_Scavenge], Time(%), 0.21482277121374865
[TOTAL_GCS_PS_MarkSweep], Count, 0
[TOTAL_GC_TIME_PS_MarkSweep], Time(ms), 0
[TOTAL_GC_TIME_%_PS_MarkSweep], Time(%), 0.0
[TOTAL_GCs], Count, 68
[TOTAL_GC_TIME], Time(ms), 258
[TOTAL_GC_TIME_%], Time(%), 0.21482277121374865
[READ], Operations, 2627469
[READ], AverageLatency(us), 69.3937907545246
[READ], MinLatency(us), 3
[READ], MaxLatency(us), 301823
[READ], 95thPercentileLatency(us), 138
[READ], 99thPercentileLatency(us), 163
[READ], Return=OK, 2627469
[READ-MODIFY-WRITE], Operations, 1314193
[READ-MODIFY-WRITE], AverageLatency(us), 290.0244423764242
[READ-MODIFY-WRITE], MinLatency(us), 142
[READ-MODIFY-WRITE], MaxLatency(us), 480767
[READ-MODIFY-WRITE], 95thPercentileLatency(us), 399
[READ-MODIFY-WRITE], 99thPercentileLatency(us), 788
[CLEANUP], Operations, 4
[CLEANUP], AverageLatency(us), 76438.0
[CLEANUP], MinLatency(us), 20848
[CLEANUP], MaxLatency(us), 97727
[CLEANUP], 95thPercentileLatency(us), 97727
[CLEANUP], 99thPercentileLatency(us), 97727
[UPDATE], Operations, 1314193
[UPDATE], AverageLatency(us), 219.3374534790552
[UPDATE], MinLatency(us), 134
[UPDATE], MaxLatency(us), 342527
[UPDATE], 95thPercentileLatency(us), 259
[UPDATE], 99thPercentileLatency(us), 632
[UPDATE], Return=OK, 1314193

=== STDERR ===
[WARN]  Running against a source checkout. In order to get our runtime dependencies we'll have to invoke Maven. Depending on the state of your system, this may take ~30-45 seconds
[DEBUG]  Running 'mvn -pl site.ycsb:ozonedb-binding -am package -DskipTests dependency:build-classpath -DincludeScope=compile -Dmdep.outputFilterFile=true'
/usr/lib/jvm/java-8-openjdk-amd64/bin/java -cp /users/Xinying/ozonedb/ycsb/ozonedb/conf:/users/Xinying/ozonedb/ycsb/ozonedb/target/ozonedb-binding-0.18.0-SNAPSHOT.jar:/users/Xinying/.m2/repository/org/apache/htrace/htrace-core4/4.1.0-incubating/htrace-core4-4.1.0-incubating.jar:/users/Xinying/.m2/repository/org/slf4j/slf4j-api/1.7.25/slf4j-api-1.7.25.jar:/users/Xinying/.m2/repository/org/hdrhistogram/HdrHistogram/2.1.12/HdrHistogram-2.1.12.jar:/users/Xinying/.m2/repository/ch/qos/logback/logback-classic/1.2.3/logback-classic-1.2.3.jar:/users/Xinying/.m2/repository/ozonedbjnimaven/demoproc-jni/1.0/demoproc-jni-1.0.jar:/users/Xinying/.m2/repository/ch/qos/logback/logback-core/1.2.3/logback-core-1.2.3.jar:/users/Xinying/.m2/repository/org/codehaus/jackson/jackson-mapper-asl/1.9.4/jackson-mapper-asl-1.9.4.jar:/users/Xinying/.m2/repository/org/slf4j/slf4j-simple/1.7.25/slf4j-simple-1.7.25.jar:/users/Xinying/.m2/repository/org/codehaus/jackson/jackson-core-asl/1.9.4/jackson-core-asl-1.9.4.jar:/users/Xinying/ozonedb/ycsb/core/target/core-0.18.0-SNAPSHOT.jar site.ycsb.Client -db site.ycsb.db.OzoneDBClient -threads 4 -s -P /users/Xinying/ozonedb/ycsb/workloads/generated_workloads/workloadf_1KB_1000000_1000000 -p status.interval=1 -p maxexecutiontime=120 -p operationcount=0 -p shared_config=/users/Xinying/ozonedb/src/config/local/shared_config_rocksdb.json -t
Command line: -db site.ycsb.db.OzoneDBClient -threads 4 -s -P /users/Xinying/ozonedb/ycsb/workloads/generated_workloads/workloadf_1KB_1000000_1000000 -p status.interval=1 -p maxexecutiontime=120 -p operationcount=0 -p shared_config=/users/Xinying/ozonedb/src/config/local/shared_config_rocksdb.json -t
YCSB Client 0.18.0-SNAPSHOT

Loading workload...
Starting test.
SLF4J: Class path contains multiple SLF4J bindings.
SLF4J: Found binding in [jar:file:/users/Xinying/.m2/repository/ch/qos/logback/logback-classic/1.2.3/logback-classic-1.2.3.jar!/org/slf4j/impl/StaticLoggerBinder.class]
SLF4J: Found binding in [jar:file:/users/Xinying/.m2/repository/org/slf4j/slf4j-simple/1.7.25/slf4j-simple-1.7.25.jar!/org/slf4j/impl/StaticLoggerBinder.class]
SLF4J: See http://www.slf4j.org/codes.html#multiple_bindings for an explanation.
SLF4J: Actual binding is of type [ch.qos.logback.classic.util.ContextSelectorStaticBinder]
Maximum execution time specified as: 120 secs
2026-04-28 07:52:15:967 0 sec: 0 operations; 
DBWrapper: report latency for each error is false and specific error codes to track for latency are: []
2026-04-28 07:52:16:967 1 sec: 878 operations; 878 current ops/sec; [READ: Count=904, Max=131711, Min=4, Avg=760, 90=723, 99=1482, 99.9=131711, 99.99=131711] [READ-MODIFY-WRITE: Count=513, Max=480767, Min=180, Avg=3729.08, 90=1001, 99=3209, 99.9=480767, 99.99=480767] [UPDATE: Count=536, Max=342527, Min=164, Avg=2871.01, 90=536, 99=2569, 99.9=342527, 99.99=342527] 
2026-04-28 07:52:17:967 2 sec: 17042 operations; 16147.85 current ops/sec; [READ: Count=16155, Max=7487, Min=3, Avg=113.87, 90=116, 99=1087, 99.9=4543, 99.99=6907] [READ-MODIFY-WRITE: Count=8067, Max=9919, Min=157, Avg=370.54, 90=528, 99=1871, 99.9=5275, 99.99=9919] [UPDATE: Count=8080, Max=7571, Min=149, Avg=253.77, 90=362, 99=843, 99.9=3037, 99.99=7571] 
2026-04-28 07:52:18:967 3 sec: 37799 operations; 20777.78 current ops/sec; [READ: Count=20762, Max=6895, Min=3, Avg=78.22, 90=110, 99=658, 99.9=4827, 99.99=6443] [READ-MODIFY-WRITE: Count=10238, Max=21039, Min=153, Avg=301.6, 90=353, 99=1089, 99.9=6371, 99.99=9863] [UPDATE: Count=10216, Max=20575, Min=147, Avg=223.42, 90=243, 99=543, 99.9=5663, 99.99=9767] 
2026-04-28 07:52:19:967 4 sec: 60919 operations; 23120 current ops/sec; [READ: Count=23114, Max=8143, Min=3, Avg=68.89, 90=107, 99=134, 99.9=3685, 99.99=7099] [READ-MODIFY-WRITE: Count=11554, Max=7735, Min=154, Avg=273.32, 90=329, 99=435, 99.9=6631, 99.99=7679] [UPDATE: Count=11553, Max=7643, Min=147, Avg=201.05, 90=224, 99=297, 99.9=2407, 99.99=7467] 
2026-04-28 07:52:20:967 5 sec: 83282 operations; 22363 current ops/sec; [READ: Count=22360, Max=7135, Min=3, Avg=65.1, 90=108, 99=135, 99.9=3147, 99.99=6783] [READ-MODIFY-WRITE: Count=11198, Max=59135, Min=147, Avg=285.26, 90=329, 99=609, 99.9=4555, 99.99=58879] [UPDATE: Count=11207, Max=59007, Min=138, Avg=220.64, 90=224, 99=527, 99.9=3367, 99.99=58879] 
2026-04-28 07:52:21:967 6 sec: 108034 operations; 24752 current ops/sec; [READ: Count=24752, Max=16479, Min=3, Avg=65.15, 90=108, 99=134, 99.9=3097, 99.99=15183] [READ-MODIFY-WRITE: Count=12300, Max=20959, Min=146, Avg=255.72, 90=319, 99=373, 99.9=3651, 99.99=16087] [UPDATE: Count=12290, Max=20783, Min=140, Avg=188.04, 90=214, 99=257, 99.9=698, 99.99=3665] 
2026-04-28 07:52:22:967 7 sec: 133242 operations; 25208 current ops/sec; [READ: Count=25211, Max=4115, Min=3, Avg=62.8, 90=107, 99=133, 99.9=2811, 99.99=3459] [READ-MODIFY-WRITE: Count=12585, Max=4307, Min=146, Avg=251.2, 90=319, 99=364, 99.9=3205, 99.99=4079] [UPDATE: Count=12582, Max=4183, Min=140, Avg=186.53, 90=214, 99=251, 99.9=778, 99.99=4037] 
2026-04-28 07:52:23:967 8 sec: 158658 operations; 25416 current ops/sec; [READ: Count=25419, Max=3393, Min=3, Avg=61.03, 90=107, 99=132, 99.9=2691, 99.99=3211] [READ-MODIFY-WRITE: Count=12757, Max=19023, Min=146, Avg=249.05, 90=319, 99=368, 99.9=3223, 99.99=3779] [UPDATE: Count=12759, Max=18847, Min=140, Avg=186.46, 90=214, 99=254, 99.9=333, 99.99=3583] 
2026-04-28 07:52:24:967 9 sec: 184180 operations; 25522 current ops/sec; [READ: Count=25514, Max=3971, Min=3, Avg=60.56, 90=108, 99=134, 99.9=2667, 99.99=3433] [READ-MODIFY-WRITE: Count=12774, Max=4363, Min=147, Avg=248.81, 90=322, 99=369, 99.9=3043, 99.99=4155] [UPDATE: Count=12773, Max=4155, Min=141, Avg=186.85, 90=216, 99=257, 99.9=318, 99.99=4037] 
2026-04-28 07:52:25:966 10 sec: 203652 operations; 19472 current ops/sec; [READ: Count=19475, Max=3857, Min=3, Avg=60.26, 90=109, 99=136, 99.9=2649, 99.99=3735] [READ-MODIFY-WRITE: Count=9757, Max=100415, Min=149, Avg=344.76, 90=516, 99=1158, 99.9=3153, 99.99=100415] [UPDATE: Count=9763, Max=100223, Min=141, Avg=283.73, 90=427, 99=1067, 99.9=2603, 99.99=100223] 
2026-04-28 07:52:26:967 11 sec: 225235 operations; 21561.44 current ops/sec; [READ: Count=21582, Max=285183, Min=3, Avg=80.34, 90=111, 99=139, 99.9=2525, 99.99=15311] [READ-MODIFY-WRITE: Count=10768, Max=27551, Min=148, Avg=254.97, 90=324, 99=375, 99.9=2721, 99.99=10647] [UPDATE: Count=10759, Max=10439, Min=141, Avg=185.44, 90=214, 99=254, 99.9=316, 99.99=2621] 
2026-04-28 07:52:27:967 12 sec: 249527 operations; 24292 current ops/sec; [READ: Count=24292, Max=301823, Min=3, Avg=77.56, 90=111, 99=150, 99.9=2505, 99.99=3883] [READ-MODIFY-WRITE: Count=11977, Max=4071, Min=147, Avg=255.84, 90=328, 99=411, 99.9=2715, 99.99=3691] [UPDATE: Count=11976, Max=3429, Min=141, Avg=188.61, 90=218, 99=257, 99.9=331, 99.99=2505] 
2026-04-28 07:52:28:966 13 sec: 272494 operations; 22989.99 current ops/sec; [READ: Count=22968, Max=37311, Min=3, Avg=64.42, 90=110, 99=134, 99.9=2391, 99.99=29199] [READ-MODIFY-WRITE: Count=11406, Max=81471, Min=150, Avg=286.53, 90=329, 99=375, 99.9=3067, 99.99=80895] [UPDATE: Count=11409, Max=81471, Min=144, Avg=215.25, 90=222, 99=262, 99.9=527, 99.99=80767] 
2026-04-28 07:52:29:967 14 sec: 297668 operations; 25174 current ops/sec; [READ: Count=25174, Max=3717, Min=3, Avg=59.3, 90=109, 99=134, 99.9=2639, 99.99=3573] [READ-MODIFY-WRITE: Count=12666, Max=3857, Min=150, Avg=253.49, 90=330, 99=375, 99.9=3067, 99.99=3513] [UPDATE: Count=12664, Max=3319, Min=143, Avg=192.29, 90=223, 99=258, 99.9=312, 99.99=3207] 
2026-04-28 07:52:30:966 15 sec: 317893 operations; 20225 current ops/sec; [READ: Count=20217, Max=4103, Min=3, Avg=59.78, 90=110, 99=144, 99.9=2365, 99.99=3439] [READ-MODIFY-WRITE: Count=10196, Max=95679, Min=146, Avg=324.65, 90=353, 99=1038, 99.9=3317, 99.99=95551] [UPDATE: Count=10192, Max=95551, Min=140, Avg=263.01, 90=243, 99=948, 99.9=2969, 99.99=95487] 
2026-04-28 07:52:31:967 16 sec: 337539 operations; 19646 current ops/sec; [READ: Count=19647, Max=10167, Min=3, Avg=67.12, 90=116, 99=153, 99.9=2289, 99.99=9919] [READ-MODIFY-WRITE: Count=9777, Max=94591, Min=142, Avg=340.42, 90=565, 99=1172, 99.9=3227, 99.99=94591] [UPDATE: Count=9783, Max=94399, Min=134, Avg=273.47, 90=528, 99=1073, 99.9=1386, 99.99=94399] 
2026-04-28 07:52:32:967 17 sec: 362483 operations; 24944 current ops/sec; [READ: Count=24954, Max=3615, Min=3, Avg=63.45, 90=112, 99=137, 99.9=2407, 99.99=3135] [READ-MODIFY-WRITE: Count=12459, Max=8011, Min=145, Avg=254.82, 90=327, 99=374, 99.9=3117, 99.99=6775] [UPDATE: Count=12458, Max=8003, Min=140, Avg=188.29, 90=218, 99=256, 99.9=316, 99.99=6675] 
2026-04-28 07:52:33:966 18 sec: 387382 operations; 24899 current ops/sec; [READ: Count=24892, Max=3329, Min=3, Avg=62.89, 90=113, 99=140, 99.9=2447, 99.99=2913] [READ-MODIFY-WRITE: Count=12361, Max=23967, Min=147, Avg=256.44, 90=330, 99=381, 99.9=2975, 99.99=6115] [UPDATE: Count=12360, Max=23823, Min=141, Avg=191.16, 90=220, 99=260, 99.9=664, 99.99=6107] 
2026-04-28 07:52:34:966 19 sec: 412575 operations; 25193 current ops/sec; [READ: Count=25191, Max=4045, Min=3, Avg=61.93, 90=113, 99=141, 99.9=2551, 99.99=3831] [READ-MODIFY-WRITE: Count=12563, Max=7407, Min=147, Avg=251.52, 90=329, 99=381, 99.9=3139, 99.99=4543] [UPDATE: Count=12560, Max=7311, Min=140, Avg=188.63, 90=219, 99=257, 99.9=526, 99.99=4531] 
2026-04-28 07:52:35:966 20 sec: 434327 operations; 21752 current ops/sec; [READ: Count=21748, Max=3879, Min=3, Avg=62.15, 90=113, 99=142, 99.9=2547, 99.99=3377] [READ-MODIFY-WRITE: Count=10942, Max=103999, Min=149, Avg=299.97, 90=336, 99=737, 99.9=3579, 99.99=103679] [UPDATE: Count=10943, Max=103871, Min=141, Avg=236.06, 90=224, 99=577, 99.9=3399, 99.99=103615] 
2026-04-28 07:52:36:967 21 sec: 456222 operations; 21873.13 current ops/sec; [READ: Count=21896, Max=9855, Min=3, Avg=67.41, 90=118, 99=150, 99.9=2179, 99.99=2825] [READ-MODIFY-WRITE: Count=10965, Max=9951, Min=155, Avg=292.83, 90=366, 99=805, 99.9=3063, 99.99=9311] [UPDATE: Count=10965, Max=9863, Min=147, Avg=224.3, 90=247, 99=674, 99.9=2755, 99.99=9095] 
2026-04-28 07:52:37:967 22 sec: 480117 operations; 23918.92 current ops/sec; [READ: Count=23897, Max=3541, Min=3, Avg=64.98, 90=116, 99=142, 99.9=2353, 99.99=3057] [READ-MODIFY-WRITE: Count=11877, Max=7511, Min=153, Avg=266.09, 90=348, 99=394, 99.9=2643, 99.99=3753] [UPDATE: Count=11877, Max=7411, Min=146, Avg=200.11, 90=234, 99=272, 99.9=316, 99.99=2809] 
2026-04-28 07:52:38:966 23 sec: 503400 operations; 23283 current ops/sec; [READ: Count=23282, Max=2957, Min=3, Avg=63.6, 90=115, 99=141, 99.9=2063, 99.99=2691] [READ-MODIFY-WRITE: Count=11718, Max=91839, Min=154, Avg=275.86, 90=345, 99=399, 99.9=2719, 99.99=19951] [UPDATE: Count=11720, Max=91519, Min=146, Avg=209.03, 90=231, 99=272, 99.9=2217, 99.99=19679] 
2026-04-28 07:52:39:966 24 sec: 527875 operations; 24475 current ops/sec; [READ: Count=24476, Max=3291, Min=3, Avg=62.63, 90=114, 99=141, 99.9=2451, 99.99=3195] [READ-MODIFY-WRITE: Count=12200, Max=8011, Min=153, Avg=261.66, 90=340, 99=389, 99.9=2981, 99.99=5891] [UPDATE: Count=12199, Max=8003, Min=146, Avg=196.42, 90=227, 99=264, 99.9=2281, 99.99=5787] 
2026-04-28 07:52:40:966 25 sec: 551350 operations; 23475 current ops/sec; [READ: Count=23472, Max=3451, Min=3, Avg=63.04, 90=115, 99=144, 99.9=2541, 99.99=3145] [READ-MODIFY-WRITE: Count=11631, Max=29919, Min=153, Avg=267.2, 90=342, 99=401, 99.9=3259, 99.99=12183] [UPDATE: Count=11625, Max=29695, Min=147, Avg=202.95, 90=229, 99=275, 99.9=1835, 99.99=12071] 
2026-04-28 07:52:41:966 26 sec: 568116 operations; 16766 current ops/sec; [READ: Count=16769, Max=245247, Min=4, Avg=97.69, 90=119, 99=150, 99.9=2329, 99.99=222335] [READ-MODIFY-WRITE: Count=8443, Max=91775, Min=154, Avg=356.54, 90=485, 99=1048, 99.9=3257, 99.99=91775] [UPDATE: Count=8452, Max=91647, Min=146, Avg=285.19, 90=413, 99=952, 99.9=1624, 99.99=91647] 
2026-04-28 07:52:42:966 27 sec: 591395 operations; 23279 current ops/sec; [READ: Count=23276, Max=21231, Min=4, Avg=68.94, 90=116, 99=149, 99.9=2401, 99.99=19151] [READ-MODIFY-WRITE: Count=11680, Max=21487, Min=159, Avg=270.49, 90=348, 99=419, 99.9=2689, 99.99=20975] [UPDATE: Count=11679, Max=3057, Min=152, Avg=199.44, 90=233, 99=273, 99.9=324, 99.99=3027] 
2026-04-28 07:52:43:967 28 sec: 615475 operations; 24055.94 current ops/sec; [READ: Count=24086, Max=2977, Min=3, Avg=62.05, 90=114, 99=140, 99.9=2223, 99.99=2835] [READ-MODIFY-WRITE: Count=12108, Max=29967, Min=155, Avg=264.13, 90=342, 99=390, 99.9=2749, 99.99=12407] [UPDATE: Count=12109, Max=29727, Min=148, Avg=201.36, 90=230, 99=269, 99.9=1425, 99.99=12327] 
2026-04-28 07:52:44:967 29 sec: 639655 operations; 24204.2 current ops/sec; [READ: Count=24184, Max=3403, Min=3, Avg=62.31, 90=116, 99=142, 99.9=2637, 99.99=3225] [READ-MODIFY-WRITE: Count=12023, Max=3497, Min=158, Avg=265.59, 90=348, 99=397, 99.9=3101, 99.99=3365] [UPDATE: Count=12018, Max=3157, Min=150, Avg=201.67, 90=234, 99=274, 99.9=618, 99.99=3101] 
2026-04-28 07:52:45:966 30 sec: 663580 operations; 23925 current ops/sec; [READ: Count=23923, Max=2925, Min=4, Avg=61.62, 90=117, 99=143, 99.9=2471, 99.99=2885] [READ-MODIFY-WRITE: Count=11905, Max=3185, Min=160, Avg=271.85, 90=355, 99=405, 99.9=2931, 99.99=3099] [UPDATE: Count=11903, Max=2927, Min=151, Avg=206.59, 90=240, 99=278, 99.9=337, 99.99=2889] 
2026-04-28 07:52:46:967 31 sec: 678734 operations; 15154 current ops/sec; [READ: Count=15153, Max=9471, Min=4, Avg=70.73, 90=124, 99=168, 99.9=2317, 99.99=7639] [READ-MODIFY-WRITE: Count=7530, Max=121919, Min=149, Avg=454.6, 90=772, 99=1250, 99.9=7611, 99.99=121919] [UPDATE: Count=7541, Max=121919, Min=142, Avg=382.94, 90=667, 99=1116, 99.9=2753, 99.99=121919] 
2026-04-28 07:52:47:966 32 sec: 703147 operations; 24413 current ops/sec; [READ: Count=24411, Max=3065, Min=4, Avg=64.67, 90=116, 99=140, 99.9=2357, 99.99=2977] [READ-MODIFY-WRITE: Count=12218, Max=3987, Min=154, Avg=257.08, 90=339, 99=384, 99.9=2569, 99.99=3209] [UPDATE: Count=12212, Max=3855, Min=146, Avg=192.46, 90=225, 99=262, 99.9=328, 99.99=3079] 
2026-04-28 07:52:48:966 33 sec: 726373 operations; 23226 current ops/sec; [READ: Count=23225, Max=3007, Min=4, Avg=63.8, 90=115, 99=141, 99.9=2431, 99.99=2957] [READ-MODIFY-WRITE: Count=11576, Max=84607, Min=151, Avg=276.91, 90=339, 99=386, 99.9=2937, 99.99=79999] [UPDATE: Count=11582, Max=84479, Min=146, Avg=212.07, 90=225, 99=264, 99.9=1607, 99.99=79871] 
2026-04-28 07:52:49:966 34 sec: 750942 operations; 24569 current ops/sec; [READ: Count=24568, Max=3407, Min=4, Avg=63.62, 90=116, 99=142, 99.9=2595, 99.99=3237] [READ-MODIFY-WRITE: Count=12349, Max=3563, Min=151, Avg=256.3, 90=339, 99=385, 99.9=2791, 99.99=3349] [UPDATE: Count=12341, Max=2933, Min=144, Avg=191.71, 90=225, 99=264, 99.9=311, 99.99=2931] 
2026-04-28 07:52:50:966 35 sec: 775606 operations; 24664 current ops/sec; [READ: Count=24664, Max=6339, Min=4, Avg=62.77, 90=116, 99=141, 99.9=2505, 99.99=3387] [READ-MODIFY-WRITE: Count=12349, Max=6751, Min=153, Avg=259.55, 90=341, 99=391, 99.9=2999, 99.99=6615] [UPDATE: Count=12350, Max=6359, Min=145, Avg=192.66, 90=226, 99=262, 99.9=319, 99.99=6343] 
2026-04-28 07:52:51:966 36 sec: 792657 operations; 17051 current ops/sec; [READ: Count=17050, Max=149119, Min=4, Avg=85.15, 90=120, 99=148, 99.9=2323, 99.99=148479] [READ-MODIFY-WRITE: Count=8509, Max=151551, Min=155, Avg=381.11, 90=476, 99=1078, 99.9=6327, 99.99=151551] [UPDATE: Count=8510, Max=131327, Min=147, Avg=293.82, 90=413, 99=976, 99.9=1364, 99.99=131327] 
2026-04-28 07:52:52:967 37 sec: 815860 operations; 23203 current ops/sec; [READ: Count=23201, Max=15303, Min=4, Avg=69.34, 90=120, 99=152, 99.9=2231, 99.99=13239] [READ-MODIFY-WRITE: Count=11555, Max=15527, Min=152, Avg=275.42, 90=353, 99=417, 99.9=2875, 99.99=15407] [UPDATE: Count=11551, Max=15159, Min=145, Avg=201.4, 90=234, 99=274, 99.9=499, 99.99=2979] 
2026-04-28 07:52:53:967 38 sec: 838902 operations; 23018.98 current ops/sec; [READ: Count=23045, Max=58239, Min=4, Avg=65.75, 90=117, 99=146, 99.9=2445, 99.99=2939] [READ-MODIFY-WRITE: Count=11546, Max=92159, Min=150, Avg=280.71, 90=344, 99=398, 99.9=2819, 99.99=81727] [UPDATE: Count=11550, Max=92031, Min=144, Avg=209.69, 90=228, 99=270, 99.9=1366, 99.99=81599] 
2026-04-28 07:52:54:967 39 sec: 863499 operations; 24597 current ops/sec; [READ: Count=24595, Max=3607, Min=4, Avg=63.62, 90=118, 99=145, 99.9=2559, 99.99=3497] [READ-MODIFY-WRITE: Count=12384, Max=3785, Min=151, Avg=258.31, 90=341, 99=397, 99.9=3001, 99.99=3471] [UPDATE: Count=12381, Max=2867, Min=145, Avg=190.97, 90=225, 99=267, 99.9=310, 99.99=2769] 
2026-04-28 07:52:55:967 40 sec: 888234 operations; 24759.76 current ops/sec; [READ: Count=24736, Max=3733, Min=4, Avg=62.53, 90=118, 99=145, 99.9=2513, 99.99=3059] [READ-MODIFY-WRITE: Count=12333, Max=4033, Min=152, Avg=257.69, 90=343, 99=392, 99.9=2967, 99.99=3927] [UPDATE: Count=12332, Max=3887, Min=145, Avg=193.25, 90=226, 99=263, 99.9=570, 99.99=3351] 
2026-04-28 07:52:56:966 41 sec: 904606 operations; 16372 current ops/sec; [READ: Count=16375, Max=7071, Min=4, Avg=67.43, 90=121, 99=151, 99.9=2393, 99.99=6851] [READ-MODIFY-WRITE: Count=8266, Max=96063, Min=153, Avg=412.91, 90=638, 99=1154, 99.9=3267, 99.99=96063] [UPDATE: Count=8270, Max=95999, Min=148, Avg=344.5, 90=562, 99=1055, 99.9=2489, 99.99=95999] 
2026-04-28 07:52:57:966 42 sec: 928663 operations; 24057 current ops/sec; [READ: Count=24056, Max=4955, Min=4, Avg=66.99, 90=119, 99=145, 99.9=2323, 99.99=3315] [READ-MODIFY-WRITE: Count=12005, Max=5259, Min=152, Avg=261.34, 90=346, 99=389, 99.9=2661, 99.99=5227] [UPDATE: Count=12003, Max=5063, Min=144, Avg=193.23, 90=228, 99=263, 99.9=301, 99.99=4955] 
2026-04-28 07:52:58:967 43 sec: 952556 operations; 23893 current ops/sec; [READ: Count=23896, Max=2963, Min=4, Avg=65.37, 90=119, 99=146, 99.9=2367, 99.99=2889] [READ-MODIFY-WRITE: Count=11993, Max=17375, Min=150, Avg=264.27, 90=347, 99=396, 99.9=2837, 99.99=6495] [UPDATE: Count=11992, Max=17167, Min=143, Avg=196.05, 90=228, 99=270, 99.9=346, 99.99=6303] 
2026-04-28 07:52:59:966 44 sec: 976438 operations; 23882 current ops/sec; [READ: Count=23874, Max=6287, Min=4, Avg=65.56, 90=121, 99=147, 99.9=2521, 99.99=3293] [READ-MODIFY-WRITE: Count=12074, Max=26079, Min=151, Avg=265.43, 90=349, 99=396, 99.9=2973, 99.99=9431] [UPDATE: Count=12074, Max=25935, Min=144, Avg=197.37, 90=229, 99=267, 99.9=323, 99.99=6447] 
2026-04-28 07:53:00:967 45 sec: 1000946 operations; 24508 current ops/sec; [READ: Count=24512, Max=3133, Min=4, Avg=63.79, 90=120, 99=146, 99.9=2451, 99.99=2955] [READ-MODIFY-WRITE: Count=12287, Max=3767, Min=152, Avg=258.94, 90=346, 99=393, 99.9=2817, 99.99=3241] [UPDATE: Count=12288, Max=3627, Min=144, Avg=193, 90=228, 99=260, 99.9=300, 99.99=3145] 
2026-04-28 07:53:01:966 46 sec: 1020074 operations; 19128 current ops/sec; [READ: Count=19126, Max=8679, Min=4, Avg=66.69, 90=123, 99=155, 99.9=2299, 99.99=8599] [READ-MODIFY-WRITE: Count=9586, Max=92287, Min=150, Avg=339, 90=414, 99=817, 99.9=3565, 99.99=92287] [UPDATE: Count=9585, Max=92159, Min=142, Avg=271.02, 90=306, 99=699, 99.9=2671, 99.99=92159] 
2026-04-28 07:53:02:966 47 sec: 1042232 operations; 22158 current ops/sec; [READ: Count=22158, Max=187007, Min=4, Avg=83.87, 90=121, 99=155, 99.9=2339, 99.99=12511] [READ-MODIFY-WRITE: Count=11018, Max=189695, Min=150, Avg=281.87, 90=347, 99=405, 99.9=2733, 99.99=14567] [UPDATE: Count=11019, Max=14327, Min=144, Avg=194.71, 90=227, 99=265, 99.9=436, 99.99=2829] 
2026-04-28 07:53:03:966 48 sec: 1066842 operations; 24610 current ops/sec; [READ: Count=24614, Max=12159, Min=4, Avg=64.86, 90=119, 99=147, 99.9=2469, 99.99=3043] [READ-MODIFY-WRITE: Count=12392, Max=11967, Min=149, Avg=256.74, 90=341, 99=394, 99.9=2899, 99.99=3249] [UPDATE: Count=12392, Max=3109, Min=142, Avg=188.9, 90=223, 99=262, 99.9=313, 99.99=2971] 
2026-04-28 07:53:04:967 49 sec: 1091167 operations; 24325 current ops/sec; [READ: Count=24323, Max=3283, Min=4, Avg=63.49, 90=119, 99=147, 99.9=2371, 99.99=3161] [READ-MODIFY-WRITE: Count=12157, Max=24703, Min=151, Avg=260.97, 90=345, 99=396, 99.9=2931, 99.99=19759] [UPDATE: Count=12158, Max=24607, Min=142, Avg=196.24, 90=227, 99=264, 99.9=2251, 99.99=19567] 
2026-04-28 07:53:05:967 50 sec: 1115145 operations; 23978 current ops/sec; [READ: Count=23979, Max=3123, Min=4, Avg=64.37, 90=122, 99=150, 99.9=2543, 99.99=2907] [READ-MODIFY-WRITE: Count=11977, Max=3401, Min=152, Avg=264.09, 90=356, 99=404, 99.9=2621, 99.99=3359] [UPDATE: Count=11977, Max=3221, Min=144, Avg=199.27, 90=236, 99=275, 99.9=325, 99.99=3219] 
2026-04-28 07:53:06:966 51 sec: 1132281 operations; 17136 current ops/sec; [READ: Count=17138, Max=6795, Min=4, Avg=64.44, 90=123, 99=152, 99.9=2359, 99.99=6319] [READ-MODIFY-WRITE: Count=8551, Max=91839, Min=152, Avg=399.26, 90=583, 99=1238, 99.9=6607, 99.99=91839] [UPDATE: Count=8549, Max=91711, Min=144, Avg=332.29, 90=539, 99=1113, 99.9=6543, 99.99=91711] 
2026-04-28 07:53:07:966 52 sec: 1154995 operations; 22714 current ops/sec; [READ: Count=22712, Max=7279, Min=4, Avg=68.74, 90=124, 99=153, 99.9=2177, 99.99=2917] [READ-MODIFY-WRITE: Count=11323, Max=8287, Min=155, Avg=281.69, 90=361, 99=812, 99.9=2715, 99.99=8255] [UPDATE: Count=11326, Max=8155, Min=146, Avg=210.17, 90=237, 99=688, 99.9=2405, 99.99=8031] 
2026-04-28 07:53:08:966 53 sec: 1178882 operations; 23887 current ops/sec; [READ: Count=23885, Max=3419, Min=4, Avg=66.41, 90=123, 99=150, 99.9=2389, 99.99=2959] [READ-MODIFY-WRITE: Count=11944, Max=6599, Min=153, Avg=263.36, 90=352, 99=402, 99.9=2733, 99.99=4715] [UPDATE: Count=11939, Max=6499, Min=145, Avg=196.13, 90=231, 99=268, 99.9=1931, 99.99=4579] 
2026-04-28 07:53:09:966 54 sec: 1202683 operations; 23801 current ops/sec; [READ: Count=23802, Max=3143, Min=4, Avg=65.65, 90=122, 99=149, 99.9=2399, 99.99=2929] [READ-MODIFY-WRITE: Count=11914, Max=33023, Min=155, Avg=265.19, 90=352, 99=397, 99.9=2675, 99.99=25567] [UPDATE: Count=11918, Max=32799, Min=148, Avg=198.69, 90=230, 99=268, 99.9=312, 99.99=25359] 
2026-04-28 07:53:10:966 55 sec: 1226701 operations; 24018 current ops/sec; [READ: Count=24016, Max=4315, Min=4, Avg=65.6, 90=124, 99=152, 99.9=2425, 99.99=3329] [READ-MODIFY-WRITE: Count=11967, Max=4651, Min=155, Avg=265.28, 90=355, 99=403, 99.9=2959, 99.99=4611] [UPDATE: Count=11965, Max=4643, Min=148, Avg=196.66, 90=232, 99=265, 99.9=322, 99.99=4427] 
2026-04-28 07:53:11:966 56 sec: 1246152 operations; 19451 current ops/sec; [READ: Count=19449, Max=3189, Min=4, Avg=67.09, 90=125, 99=162, 99.9=2471, 99.99=3145] [READ-MODIFY-WRITE: Count=9675, Max=97919, Min=156, Avg=341.11, 90=392, 99=1071, 99.9=3107, 99.99=97919] [UPDATE: Count=9678, Max=97791, Min=149, Avg=272.74, 90=270, 99=958, 99.9=2479, 99.99=97791] 
2026-04-28 07:53:12:966 57 sec: 1267301 operations; 21149 current ops/sec; [READ: Count=21153, Max=159359, Min=4, Avg=85.35, 90=128, 99=172, 99.9=1953, 99.99=10047] [READ-MODIFY-WRITE: Count=10556, Max=139647, Min=153, Avg=288.57, 90=364, 99=463, 99.9=2651, 99.99=10399] [UPDATE: Count=10556, Max=8679, Min=146, Avg=202.42, 90=236, 99=290, 99.9=2107, 99.99=6331] 
2026-04-28 07:53:13:966 58 sec: 1290945 operations; 23644 current ops/sec; [READ: Count=23645, Max=15303, Min=4, Avg=67.87, 90=124, 99=152, 99.9=2367, 99.99=12487] [READ-MODIFY-WRITE: Count=11914, Max=3645, Min=150, Avg=262.47, 90=354, 99=409, 99.9=2655, 99.99=3387] [UPDATE: Count=11910, Max=3003, Min=143, Avg=195.54, 90=231, 99=274, 99.9=2014, 99.99=2685] 
2026-04-28 07:53:14:966 59 sec: 1312833 operations; 21888 current ops/sec; [READ: Count=21888, Max=10831, Min=4, Avg=65.95, 90=126, 99=154, 99.9=2211, 99.99=2923] [READ-MODIFY-WRITE: Count=10959, Max=87615, Min=158, Avg=295.3, 90=369, 99=418, 99.9=2829, 99.99=68927] [UPDATE: Count=10963, Max=87551, Min=148, Avg=227.5, 90=243, 99=282, 99.9=2497, 99.99=68671] 
2026-04-28 07:53:15:966 60 sec: 1336840 operations; 24007 current ops/sec; [READ: Count=24006, Max=4923, Min=4, Avg=65.69, 90=125, 99=154, 99.9=2497, 99.99=3279] [READ-MODIFY-WRITE: Count=11999, Max=4999, Min=156, Avg=264.02, 90=357, 99=407, 99.9=3155, 99.99=4963] [UPDATE: Count=12000, Max=4907, Min=148, Avg=196.25, 90=233, 99=267, 99.9=325, 99.99=4839] 
2026-04-28 07:53:16:966 61 sec: 1357851 operations; 21011 current ops/sec; [READ: Count=21008, Max=3065, Min=4, Avg=63.73, 90=125, 99=153, 99.9=2383, 99.99=2807] [READ-MODIFY-WRITE: Count=10345, Max=89343, Min=156, Avg=317.62, 90=367, 99=1047, 99.9=2963, 99.99=89151] [UPDATE: Count=10341, Max=89215, Min=149, Avg=251.66, 90=239, 99=927, 99.9=2469, 99.99=88831] 
2026-04-28 07:53:17:966 62 sec: 1376745 operations; 18894 current ops/sec; [READ: Count=18895, Max=9415, Min=4, Avg=70.58, 90=127, 99=157, 99.9=2517, 99.99=8671] [READ-MODIFY-WRITE: Count=9525, Max=37663, Min=157, Avg=346.36, 90=553, 99=1146, 99.9=3701, 99.99=37663] [UPDATE: Count=9528, Max=37471, Min=148, Avg=273.85, 90=500, 99=1017, 99.9=1579, 99.99=37471] 
2026-04-28 07:53:18:966 63 sec: 1400759 operations; 24014 current ops/sec; [READ: Count=24014, Max=3463, Min=4, Avg=66.86, 90=123, 99=151, 99.9=2275, 99.99=3011] [READ-MODIFY-WRITE: Count=11987, Max=3625, Min=154, Avg=263.44, 90=353, 99=398, 99.9=2707, 99.99=3379] [UPDATE: Count=11984, Max=3189, Min=146, Avg=194.21, 90=230, 99=264, 99.9=332, 99.99=2813] 
2026-04-28 07:53:19:967 64 sec: 1424039 operations; 23280 current ops/sec; [READ: Count=23282, Max=4075, Min=4, Avg=66.65, 90=125, 99=154, 99.9=2353, 99.99=3939] [READ-MODIFY-WRITE: Count=11744, Max=38943, Min=155, Avg=271.6, 90=357, 99=413, 99.9=2871, 99.99=27119] [UPDATE: Count=11745, Max=38687, Min=148, Avg=202.89, 90=232, 99=272, 99.9=2433, 99.99=27023] 
2026-04-28 07:53:20:967 65 sec: 1447965 operations; 23902.1 current ops/sec; [READ: Count=23925, Max=3491, Min=4, Avg=65.66, 90=126, 99=153, 99.9=2345, 99.99=3327] [READ-MODIFY-WRITE: Count=11963, Max=3511, Min=156, Avg=265.3, 90=360, 99=410, 99.9=2927, 99.99=3405] [UPDATE: Count=11959, Max=3219, Min=148, Avg=197.33, 90=234, 99=270, 99.9=420, 99.99=2897] 
2026-04-28 07:53:21:966 66 sec: 1470424 operations; 22481.48 current ops/sec; [READ: Count=22457, Max=2907, Min=4, Avg=65.86, 90=126, 99=155, 99.9=2345, 99.99=2777] [READ-MODIFY-WRITE: Count=11119, Max=3011, Min=155, Avg=263.87, 90=361, 99=415, 99.9=2597, 99.99=2981] [UPDATE: Count=11118, Max=2919, Min=147, Avg=198.13, 90=235, 99=276, 99.9=778, 99.99=2887] 
2026-04-28 07:53:22:966 67 sec: 1488760 operations; 18336 current ops/sec; [READ: Count=18340, Max=8671, Min=4, Avg=71, 90=132, 99=172, 99.9=2149, 99.99=6399] [READ-MODIFY-WRITE: Count=9255, Max=89279, Min=159, Avg=369.89, 90=438, 99=1036, 99.9=3511, 99.99=89279] [UPDATE: Count=9259, Max=89087, Min=148, Avg=297.55, 90=310, 99=934, 99.9=2765, 99.99=89087] 
2026-04-28 07:53:23:966 68 sec: 1510170 operations; 21410 current ops/sec; [READ: Count=21406, Max=163839, Min=4, Avg=87.52, 90=131, 99=170, 99.9=2175, 99.99=14207] [READ-MODIFY-WRITE: Count=10739, Max=14743, Min=160, Avg=280.78, 90=371, 99=445, 99.9=2941, 99.99=14431] [UPDATE: Count=10739, Max=14559, Min=150, Avg=205.65, 90=241, 99=277, 99.9=1733, 99.99=6315] 
2026-04-28 07:53:24:966 69 sec: 1533031 operations; 22861 current ops/sec; [READ: Count=22861, Max=2969, Min=4, Avg=67.1, 90=130, 99=159, 99.9=2225, 99.99=2797] [READ-MODIFY-WRITE: Count=11413, Max=5571, Min=159, Avg=279.37, 90=378, 99=430, 99.9=2615, 99.99=3207] [UPDATE: Count=11412, Max=5495, Min=151, Avg=210.19, 90=248, 99=284, 99.9=2315, 99.99=2873] 
2026-04-28 07:53:25:966 70 sec: 1555455 operations; 22424 current ops/sec; [READ: Count=22427, Max=2879, Min=4, Avg=67.45, 90=130, 99=160, 99.9=2249, 99.99=2633] [READ-MODIFY-WRITE: Count=11275, Max=40671, Min=156, Avg=284.35, 90=376, 99=430, 99.9=2893, 99.99=26927] [UPDATE: Count=11277, Max=40511, Min=149, Avg=214.95, 90=246, 99=283, 99.9=2435, 99.99=26783] 
2026-04-28 07:53:26:966 71 sec: 1578105 operations; 22650 current ops/sec; [READ: Count=22647, Max=3423, Min=4, Avg=67.52, 90=131, 99=163, 99.9=2313, 99.99=3247] [READ-MODIFY-WRITE: Count=11336, Max=8051, Min=161, Avg=280.54, 90=382, 99=432, 99.9=2671, 99.99=4427] [UPDATE: Count=11336, Max=7931, Min=152, Avg=211.76, 90=251, 99=288, 99.9=407, 99.99=4419] 
2026-04-28 07:53:27:966 72 sec: 1593799 operations; 15694 current ops/sec; [READ: Count=15695, Max=3237, Min=4, Avg=68.77, 90=131, 99=162, 99.9=2095, 99.99=3161] [READ-MODIFY-WRITE: Count=7919, Max=88127, Min=162, Avg=434.17, 90=594, 99=1148, 99.9=6923, 99.99=88127] [UPDATE: Count=7922, Max=87999, Min=153, Avg=363.46, 90=550, 99=998, 99.9=6855, 99.99=87999] 
2026-04-28 07:53:28:967 73 sec: 1616717 operations; 22918 current ops/sec; [READ: Count=22920, Max=8527, Min=4, Avg=69.01, 90=129, 99=159, 99.9=2193, 99.99=3027] [READ-MODIFY-WRITE: Count=11561, Max=9351, Min=159, Avg=273.97, 90=367, 99=421, 99.9=2683, 99.99=9015] [UPDATE: Count=11557, Max=9223, Min=151, Avg=203.65, 90=239, 99=275, 99.9=1925, 99.99=8815] 
2026-04-28 07:53:29:966 74 sec: 1639819 operations; 23102 current ops/sec; [READ: Count=23102, Max=3357, Min=4, Avg=68.37, 90=130, 99=159, 99.9=2271, 99.99=2937] [READ-MODIFY-WRITE: Count=11674, Max=5399, Min=158, Avg=271.84, 90=369, 99=421, 99.9=2781, 99.99=3599] [UPDATE: Count=11673, Max=5323, Min=149, Avg=201.63, 90=240, 99=276, 99.9=348, 99.99=2923] 
2026-04-28 07:53:30:966 75 sec: 1662544 operations; 22725 current ops/sec; [READ: Count=22723, Max=3615, Min=4, Avg=67.4, 90=129, 99=156, 99.9=2419, 99.99=2943] [READ-MODIFY-WRITE: Count=11466, Max=85439, Min=160, Avg=277.89, 90=364, 99=411, 99.9=3005, 99.99=30911] [UPDATE: Count=11472, Max=85247, Min=151, Avg=209.63, 90=236, 99=270, 99.9=1372, 99.99=30799] 
2026-04-28 07:53:31:966 76 sec: 1685884 operations; 23340 current ops/sec; [READ: Count=23341, Max=12111, Min=4, Avg=66.84, 90=129, 99=156, 99.9=2281, 99.99=3231] [READ-MODIFY-WRITE: Count=11704, Max=12351, Min=157, Avg=272.03, 90=368, 99=416, 99.9=2797, 99.99=12287] [UPDATE: Count=11702, Max=12303, Min=149, Avg=202.87, 90=238, 99=272, 99.9=2373, 99.99=12191] 
2026-04-28 07:53:32:966 77 sec: 1705254 operations; 19370 current ops/sec; [READ: Count=19368, Max=3043, Min=4, Avg=67.8, 90=131, 99=161, 99.9=2245, 99.99=2875] [READ-MODIFY-WRITE: Count=9566, Max=88255, Min=157, Avg=344.15, 90=418, 99=1040, 99.9=2527, 99.99=88255] [UPDATE: Count=9567, Max=88127, Min=150, Avg=275.18, 90=294, 99=915, 99.9=2046, 99.99=88127] 
2026-04-28 07:53:33:967 78 sec: 1725077 operations; 19823 current ops/sec; [READ: Count=19823, Max=165247, Min=4, Avg=89.46, 90=134, 99=171, 99.9=2395, 99.99=162687] [READ-MODIFY-WRITE: Count=10062, Max=47359, Min=160, Avg=290.56, 90=380, 99=449, 99.9=3045, 99.99=28815] [UPDATE: Count=10060, Max=47103, Min=151, Avg=215.77, 90=247, 99=286, 99.9=837, 99.99=28575] 
2026-04-28 07:53:34:966 79 sec: 1747187 operations; 22110 current ops/sec; [READ: Count=22113, Max=13871, Min=4, Avg=71.96, 90=134, 99=172, 99.9=2077, 99.99=11567] [READ-MODIFY-WRITE: Count=11031, Max=14671, Min=159, Avg=285.29, 90=384, 99=453, 99.9=2625, 99.99=14191] [UPDATE: Count=11031, Max=14447, Min=152, Avg=212.42, 90=250, 99=292, 99.9=2253, 99.99=6475] 
2026-04-28 07:53:35:967 80 sec: 1769422 operations; 22235 current ops/sec; [READ: Count=22244, Max=3181, Min=4, Avg=69.04, 90=132, 99=164, 99.9=2293, 99.99=3043] [READ-MODIFY-WRITE: Count=11161, Max=47327, Min=157, Avg=285.86, 90=380, 99=433, 99.9=2671, 99.99=27903] [UPDATE: Count=11160, Max=47103, Min=150, Avg=215.18, 90=249, 99=285, 99.9=336, 99.99=27695] 
2026-04-28 07:53:36:967 81 sec: 1793390 operations; 23968 current ops/sec; [READ: Count=23958, Max=3525, Min=4, Avg=65.09, 90=129, 99=158, 99.9=2295, 99.99=2913] [READ-MODIFY-WRITE: Count=11855, Max=3711, Min=157, Avg=266.52, 90=367, 99=420, 99.9=2825, 99.99=3327] [UPDATE: Count=11857, Max=3239, Min=148, Avg=200.09, 90=239, 99=276, 99.9=2028, 99.99=3225] 
2026-04-28 07:53:37:967 82 sec: 1806450 operations; 13060 current ops/sec; [READ: Count=13061, Max=2773, Min=4, Avg=69.62, 90=135, 99=184, 99.9=1779, 99.99=2667] [READ-MODIFY-WRITE: Count=6501, Max=89663, Min=159, Avg=540.64, 90=932, 99=2321, 99.9=12743, 99.99=89663] [UPDATE: Count=6501, Max=89407, Min=150, Avg=469.63, 90=853, 99=2061, 99.9=12599, 99.99=89407] 
2026-04-28 07:53:38:966 83 sec: 1829192 operations; 22742 current ops/sec; [READ: Count=22741, Max=3413, Min=4, Avg=69.27, 90=133, 99=166, 99.9=2405, 99.99=3247] [READ-MODIFY-WRITE: Count=11387, Max=44543, Min=153, Avg=278.79, 90=373, 99=434, 99.9=2811, 99.99=23119] [UPDATE: Count=11388, Max=44319, Min=144, Avg=207.21, 90=240, 99=284, 99.9=2103, 99.99=22847] 
2026-04-28 07:53:39:966 84 sec: 1852336 operations; 23144 current ops/sec; [READ: Count=23144, Max=8631, Min=4, Avg=71.17, 90=132, 99=165, 99.9=2219, 99.99=8059] [READ-MODIFY-WRITE: Count=11627, Max=8895, Min=155, Avg=270.58, 90=367, 99=425, 99.9=2903, 99.99=3519] [UPDATE: Count=11624, Max=3433, Min=147, Avg=196.52, 90=234, 99=272, 99.9=424, 99.99=2937] 
2026-04-28 07:53:40:966 85 sec: 1875931 operations; 23595 current ops/sec; [READ: Count=23595, Max=3535, Min=4, Avg=69.04, 90=132, 99=162, 99.9=2349, 99.99=3261] [READ-MODIFY-WRITE: Count=11737, Max=3767, Min=155, Avg=267.12, 90=368, 99=418, 99.9=2929, 99.99=3637] [UPDATE: Count=11738, Max=2941, Min=148, Avg=196.17, 90=235, 99=273, 99.9=522, 99.99=2933] 
2026-04-28 07:53:41:966 86 sec: 1899146 operations; 23215 current ops/sec; [READ: Count=23214, Max=5419, Min=4, Avg=67.81, 90=131, 99=160, 99.9=2321, 99.99=2895] [READ-MODIFY-WRITE: Count=11635, Max=50367, Min=154, Avg=271.58, 90=364, 99=416, 99.9=2907, 99.99=23679] [UPDATE: Count=11635, Max=50175, Min=146, Avg=202.87, 90=233, 99=271, 99.9=2389, 99.99=23583] 
2026-04-28 07:53:42:966 87 sec: 1918482 operations; 19336 current ops/sec; [READ: Count=19336, Max=3449, Min=4, Avg=68.84, 90=134, 99=168, 99.9=2175, 99.99=3057] [READ-MODIFY-WRITE: Count=9672, Max=86655, Min=154, Avg=341.84, 90=428, 99=1030, 99.9=2887, 99.99=86655] [UPDATE: Count=9673, Max=86527, Min=145, Avg=270.14, 90=297, 99=926, 99.9=1529, 99.99=86527] 
2026-04-28 07:53:43:966 88 sec: 1941085 operations; 22603 current ops/sec; [READ: Count=22603, Max=3211, Min=4, Avg=68.59, 90=132, 99=165, 99.9=2433, 99.99=3147] [READ-MODIFY-WRITE: Count=11322, Max=85375, Min=151, Avg=279.16, 90=366, 99=428, 99.9=2769, 99.99=75391] [UPDATE: Count=11323, Max=85375, Min=142, Avg=210.58, 90=234, 99=276, 99.9=2503, 99.99=75263] 
2026-04-28 07:53:44:966 89 sec: 1962081 operations; 20996 current ops/sec; [READ: Count=20995, Max=199423, Min=4, Avg=89.31, 90=135, 99=177, 99.9=2149, 99.99=8647] [READ-MODIFY-WRITE: Count=10455, Max=204159, Min=152, Avg=290.29, 90=372, 99=451, 99.9=2583, 99.99=8943] [UPDATE: Count=10456, Max=4615, Min=143, Avg=197.63, 90=237, 99=282, 99.9=2243, 99.99=3639] 
2026-04-28 07:53:45:966 90 sec: 1984650 operations; 22569 current ops/sec; [READ: Count=22574, Max=14831, Min=4, Avg=71.2, 90=134, 99=171, 99.9=2389, 99.99=3337] [READ-MODIFY-WRITE: Count=11409, Max=15231, Min=156, Avg=278.66, 90=376, 99=438, 99.9=2871, 99.99=15079] [UPDATE: Count=11407, Max=15047, Min=149, Avg=203.9, 90=242, 99=276, 99.9=410, 99.99=14271] 
2026-04-28 07:53:46:966 91 sec: 2006765 operations; 22115 current ops/sec; [READ: Count=22110, Max=2833, Min=4, Avg=68.87, 90=136, 99=168, 99.9=2173, 99.99=2693] [READ-MODIFY-WRITE: Count=11035, Max=50303, Min=160, Avg=288.95, 90=387, 99=448, 99.9=2609, 99.99=23375] [UPDATE: Count=11035, Max=50111, Min=151, Avg=218.71, 90=252, 99=289, 99.9=2395, 99.99=23215] 
2026-04-28 07:53:47:966 92 sec: 2023110 operations; 16345 current ops/sec; [READ: Count=16346, Max=3471, Min=4, Avg=69.22, 90=137, 99=171, 99.9=2257, 99.99=3393] [READ-MODIFY-WRITE: Count=8212, Max=87167, Min=162, Avg=414.93, 90=619, 99=1241, 99.9=3065, 99.99=87167] [UPDATE: Count=8213, Max=86975, Min=152, Avg=343.58, 90=555, 99=1131, 99.9=2695, 99.99=86975] 
2026-04-28 07:53:48:966 93 sec: 2046310 operations; 23200 current ops/sec; [READ: Count=23199, Max=4183, Min=4, Avg=68.19, 90=134, 99=166, 99.9=2133, 99.99=2783] [READ-MODIFY-WRITE: Count=11510, Max=4547, Min=158, Avg=273.53, 90=377, 99=447, 99.9=2715, 99.99=4507] [UPDATE: Count=11509, Max=4419, Min=149, Avg=204.19, 90=243, 99=293, 99.9=2407, 99.99=4311] 
2026-04-28 07:53:49:966 94 sec: 2067615 operations; 21305 current ops/sec; [READ: Count=21305, Max=9279, Min=4, Avg=72.9, 90=136, 99=171, 99.9=2503, 99.99=8095] [READ-MODIFY-WRITE: Count=10786, Max=85631, Min=156, Avg=294.79, 90=380, 99=444, 99.9=3083, 99.99=76351] [UPDATE: Count=10786, Max=85503, Min=146, Avg=221.17, 90=245, 99=287, 99.9=2237, 99.99=76159] 
2026-04-28 07:53:50:966 95 sec: 2090907 operations; 23292 current ops/sec; [READ: Count=23293, Max=3277, Min=5, Avg=70.65, 90=135, 99=167, 99.9=2263, 99.99=2877] [READ-MODIFY-WRITE: Count=11691, Max=3697, Min=157, Avg=267.67, 90=371, 99=419, 99.9=2797, 99.99=3527] [UPDATE: Count=11688, Max=3541, Min=147, Avg=195.64, 90=236, 99=268, 99.9=325, 99.99=3257] 
2026-04-28 07:53:51:966 96 sec: 2113069 operations; 22162 current ops/sec; [READ: Count=22162, Max=31167, Min=5, Avg=70.25, 90=134, 99=165, 99.9=2283, 99.99=3031] [READ-MODIFY-WRITE: Count=11114, Max=79039, Min=157, Avg=287.13, 90=370, 99=426, 99.9=2545, 99.99=78911] [UPDATE: Count=11114, Max=78719, Min=148, Avg=214.23, 90=235, 99=272, 99.9=2375, 99.99=78655] 
2026-04-28 07:53:52:966 97 sec: 2132633 operations; 19564 current ops/sec; [READ: Count=19568, Max=2981, Min=5, Avg=69.63, 90=136, 99=167, 99.9=2133, 99.99=2791] [READ-MODIFY-WRITE: Count=9681, Max=86527, Min=157, Avg=338.33, 90=422, 99=833, 99.9=3293, 99.99=86527] [UPDATE: Count=9684, Max=86207, Min=147, Avg=266.5, 90=294, 99=710, 99.9=2741, 99.99=86207] 
2026-04-28 07:53:53:967 98 sec: 2155726 operations; 23093 current ops/sec; [READ: Count=23089, Max=10431, Min=5, Avg=70.56, 90=137, 99=169, 99.9=2383, 99.99=2893] [READ-MODIFY-WRITE: Count=11525, Max=10807, Min=155, Avg=273.31, 90=377, 99=431, 99.9=2751, 99.99=10791] [UPDATE: Count=11521, Max=10671, Min=146, Avg=199.97, 90=239, 99=275, 99.9=455, 99.99=10583] 
2026-04-28 07:53:54:966 99 sec: 2177556 operations; 21830 current ops/sec; [READ: Count=21829, Max=9543, Min=5, Avg=72.04, 90=138, 99=173, 99.9=2551, 99.99=9487] [READ-MODIFY-WRITE: Count=10896, Max=71423, Min=155, Avg=291.7, 90=379, 99=445, 99.9=3549, 99.99=55487] [UPDATE: Count=10897, Max=71167, Min=147, Avg=216.56, 90=241, 99=280, 99.9=2723, 99.99=55359] 
2026-04-28 07:53:55:966 100 sec: 2198027 operations; 20471 current ops/sec; [READ: Count=20473, Max=153727, Min=5, Avg=90.88, 90=141, 99=188, 99.9=2209, 99.99=8895] [READ-MODIFY-WRITE: Count=10240, Max=156287, Min=156, Avg=294.96, 90=383, 99=469, 99.9=2637, 99.99=11407] [UPDATE: Count=10242, Max=11199, Min=147, Avg=203.56, 90=242, 99=289, 99.9=2019, 99.99=8127] 
2026-04-28 07:53:56:966 101 sec: 2221486 operations; 23459 current ops/sec; [READ: Count=23459, Max=14263, Min=5, Avg=71.51, 90=136, 99=171, 99.9=2561, 99.99=11615] [READ-MODIFY-WRITE: Count=11632, Max=14551, Min=146, Avg=269.61, 90=371, 99=433, 99.9=2943, 99.99=13055] [UPDATE: Count=11630, Max=9047, Min=140, Avg=193.89, 90=234, 99=274, 99.9=341, 99.99=6275] 
2026-04-28 07:53:57:966 102 sec: 2240808 operations; 19322 current ops/sec; [READ: Count=19320, Max=11535, Min=5, Avg=69.29, 90=136, 99=170, 99.9=2415, 99.99=2975] [READ-MODIFY-WRITE: Count=9674, Max=88319, Min=153, Avg=340.16, 90=396, 99=981, 99.9=11591, 99.99=88319] [UPDATE: Count=9673, Max=88191, Min=145, Avg=269.42, 90=253, 99=834, 99.9=5499, 99.99=88191] 
2026-04-28 07:53:58:966 103 sec: 2260874 operations; 20066 current ops/sec; [READ: Count=20069, Max=3699, Min=5, Avg=71.22, 90=138, 99=170, 99.9=2231, 99.99=3173] [READ-MODIFY-WRITE: Count=10048, Max=3677, Min=154, Avg=324.1, 90=533, 99=1074, 99.9=2679, 99.99=3445] [UPDATE: Count=10049, Max=3205, Min=146, Avg=250.06, 90=442, 99=967, 99.9=2083, 99.99=2635] 
2026-04-28 07:53:59:966 104 sec: 2283642 operations; 22768 current ops/sec; [READ: Count=22768, Max=3057, Min=5, Avg=68.94, 90=136, 99=167, 99.9=2447, 99.99=2921] [READ-MODIFY-WRITE: Count=11380, Max=75519, Min=151, Avg=278.21, 90=370, 99=426, 99.9=2861, 99.99=55519] [UPDATE: Count=11384, Max=75263, Min=143, Avg=207.89, 90=234, 99=271, 99.9=338, 99.99=55423] 
2026-04-28 07:54:00:966 105 sec: 2306723 operations; 23081 current ops/sec; [READ: Count=23080, Max=9559, Min=5, Avg=73.16, 90=138, 99=177, 99.9=2413, 99.99=8327] [READ-MODIFY-WRITE: Count=11603, Max=9735, Min=151, Avg=268.05, 90=372, 99=439, 99.9=2861, 99.99=8799] [UPDATE: Count=11598, Max=5183, Min=143, Avg=193.13, 90=234, 99=275, 99.9=420, 99.99=4947] 
2026-04-28 07:54:01:966 106 sec: 2329855 operations; 23132 current ops/sec; [READ: Count=23130, Max=14087, Min=5, Avg=72.75, 90=137, 99=171, 99.9=2589, 99.99=13863] [READ-MODIFY-WRITE: Count=11698, Max=17055, Min=153, Avg=267.75, 90=370, 99=425, 99.9=3043, 99.99=14295] [UPDATE: Count=11701, Max=14103, Min=143, Avg=192.36, 90=232, 99=263, 99.9=340, 99.99=3239] 
2026-04-28 07:54:02:966 107 sec: 2349738 operations; 19883 current ops/sec; [READ: Count=19883, Max=4295, Min=5, Avg=70.23, 90=137, 99=171, 99.9=2335, 99.99=4191] [READ-MODIFY-WRITE: Count=10074, Max=87807, Min=152, Avg=324.43, 90=376, 99=545, 99.9=3157, 99.99=87487] [UPDATE: Count=10072, Max=87679, Min=144, Avg=252.86, 90=238, 99=379, 99.9=2381, 99.99=87359] 
2026-04-28 07:54:03:966 108 sec: 2370783 operations; 21045 current ops/sec; [READ: Count=21045, Max=3153, Min=5, Avg=71.22, 90=140, 99=172, 99.9=2049, 99.99=2807] [READ-MODIFY-WRITE: Count=10453, Max=3409, Min=157, Avg=307.27, 90=416, 99=1013, 99.9=2661, 99.99=3061] [UPDATE: Count=10456, Max=2901, Min=148, Avg=233.47, 90=266, 99=882, 99.9=2281, 99.99=2833] 
2026-04-28 07:54:04:966 109 sec: 2393725 operations; 22942 current ops/sec; [READ: Count=22941, Max=2847, Min=5, Avg=70.65, 90=139, 99=170, 99.9=2515, 99.99=2817] [READ-MODIFY-WRITE: Count=11482, Max=3105, Min=156, Avg=272.89, 90=384, 99=438, 99.9=2775, 99.99=3027] [UPDATE: Count=11480, Max=2849, Min=148, Avg=201.34, 90=245, 99=281, 99.9=322, 99.99=2643] 
2026-04-28 07:54:05:967 110 sec: 2414115 operations; 20369.63 current ops/sec; [READ: Count=20390, Max=145663, Min=5, Avg=81.09, 90=142, 99=183, 99.9=2259, 99.99=6251] [READ-MODIFY-WRITE: Count=10127, Max=44223, Min=158, Avg=290.09, 90=390, 99=462, 99.9=3447, 99.99=25631] [UPDATE: Count=10126, Max=44031, Min=149, Avg=212.91, 90=247, 99=281, 99.9=2317, 99.99=25423] 
2026-04-28 07:54:06:966 111 sec: 2435607 operations; 21513.51 current ops/sec; [READ: Count=21493, Max=165375, Min=5, Avg=83.68, 90=145, 99=201, 99.9=2185, 99.99=11423] [READ-MODIFY-WRITE: Count=10629, Max=169983, Min=160, Avg=304.83, 90=400, 99=501, 99.9=2725, 99.99=15327] [UPDATE: Count=10634, Max=15231, Min=151, Avg=214.2, 90=255, 99=311, 99.9=2441, 99.99=14775] 
2026-04-28 07:54:07:966 112 sec: 2456843 operations; 21236 current ops/sec; [READ: Count=21239, Max=2969, Min=5, Avg=71.88, 90=142, 99=177, 99.9=2279, 99.99=2699] [READ-MODIFY-WRITE: Count=10647, Max=78335, Min=158, Avg=301.51, 90=397, 99=453, 99.9=2719, 99.99=76927] [UPDATE: Count=10645, Max=78207, Min=151, Avg=225.84, 90=255, 99=288, 99.9=338, 99.99=76735] 
2026-04-28 07:54:08:966 113 sec: 2472623 operations; 15780 current ops/sec; [READ: Count=15777, Max=5503, Min=5, Avg=72.51, 90=142, 99=188, 99.9=1435, 99.99=3037] [READ-MODIFY-WRITE: Count=7793, Max=86527, Min=155, Avg=435.72, 90=775, 99=1379, 99.9=5471, 99.99=86527] [UPDATE: Count=7795, Max=86079, Min=147, Avg=360.62, 90=673, 99=1214, 99.9=3379, 99.99=86079] 
2026-04-28 07:54:09:966 114 sec: 2496186 operations; 23563 current ops/sec; [READ: Count=23565, Max=3209, Min=5, Avg=69.79, 90=138, 99=170, 99.9=2419, 99.99=3081] [READ-MODIFY-WRITE: Count=11799, Max=3349, Min=152, Avg=265.98, 90=376, 99=427, 99.9=2853, 99.99=3263] [UPDATE: Count=11793, Max=2995, Min=144, Avg=194.01, 90=237, 99=269, 99.9=337, 99.99=2913] 
2026-04-28 07:54:10:966 115 sec: 2518519 operations; 22333 current ops/sec; [READ: Count=22331, Max=5999, Min=5, Avg=70.56, 90=139, 99=173, 99.9=2427, 99.99=3189] [READ-MODIFY-WRITE: Count=10954, Max=80447, Min=155, Avg=288.71, 90=380, 99=435, 99.9=3075, 99.99=60095] [UPDATE: Count=10958, Max=80255, Min=146, Avg=215.56, 90=241, 99=278, 99.9=2491, 99.99=60031] 
2026-04-28 07:54:11:966 116 sec: 2541033 operations; 22514 current ops/sec; [READ: Count=22516, Max=10175, Min=5, Avg=73.22, 90=141, 99=177, 99.9=2505, 99.99=6063] [READ-MODIFY-WRITE: Count=11257, Max=10647, Min=160, Avg=277.1, 90=386, 99=449, 99.9=2767, 99.99=3599] [UPDATE: Count=11253, Max=10431, Min=150, Avg=203.11, 90=245, 99=281, 99.9=1763, 99.99=3431] 
2026-04-28 07:54:12:966 117 sec: 2563699 operations; 22666 current ops/sec; [READ: Count=22665, Max=2961, Min=5, Avg=72.87, 90=142, 99=176, 99.9=2231, 99.99=2827] [READ-MODIFY-WRITE: Count=11441, Max=12463, Min=158, Avg=273.97, 90=385, 99=439, 99.9=2723, 99.99=3175] [UPDATE: Count=11443, Max=12247, Min=147, Avg=199.58, 90=243, 99=275, 99.9=332, 99.99=3029] 
2026-04-28 07:54:13:966 118 sec: 2581960 operations; 18261 current ops/sec; [READ: Count=18261, Max=3879, Min=5, Avg=72.57, 90=141, 99=176, 99.9=2169, 99.99=3867] [READ-MODIFY-WRITE: Count=9279, Max=88703, Min=157, Avg=357.42, 90=439, 99=1075, 99.9=3383, 99.99=88703] [UPDATE: Count=9282, Max=88511, Min=148, Avg=282.72, 90=303, 99=968, 99.9=2843, 99.99=88511] 
2026-04-28 07:54:14:966 119 sec: 2604767 operations; 22807 current ops/sec; [READ: Count=22806, Max=3063, Min=5, Avg=70.99, 90=141, 99=173, 99.9=2213, 99.99=2877] [READ-MODIFY-WRITE: Count=11427, Max=7175, Min=159, Avg=275.05, 90=387, 99=441, 99.9=2849, 99.99=6375] [UPDATE: Count=11427, Max=7127, Min=151, Avg=202.64, 90=245, 99=281, 99.9=1727, 99.99=6267] 
Maximum time elapsed. Requesting stop for the workload.
Stop requested for workload. Now Joining!
2026-04-28 07:54:15:967 120 sec: 2627461 operations; 22694 current ops/sec; [READ: Count=22693, Max=2749, Min=5, Avg=71.47, 90=144, 99=179, 99.9=2219, 99.99=2719] [READ-MODIFY-WRITE: Count=11347, Max=7775, Min=158, Avg=277.05, 90=391, 99=451, 99.9=2809, 99.99=7495] [UPDATE: Count=11339, Max=7611, Min=152, Avg=203.67, 90=247, 99=284, 99.9=1618, 99.99=7371] 
2026-04-28 07:54:16:065 120 sec: 2627469 operations; 80.81 current ops/sec; [READ: Count=5, Max=2265, Min=59, Avg=538.8, 90=2265, 99=2265, 99.9=2265, 99.99=2265] [READ-MODIFY-WRITE: Count=0, Max=0, Min=0, Avg=0, 90=0, 99=0, 99.9=0, 99.99=0] [CLEANUP: Count=4, Max=97727, Min=20848, Avg=76438, 90=97727, 99=97727, 99.9=97727, 99.99=97727] [UPDATE: Count=0, Max=0, Min=0, Avg=0, 90=0, 99=0, 99.9=0, 99.99=0] 
	Command being timed: "/users/Xinying/ozonedb/ycsb/bin/ycsb run ozonedb -threads 4 -s -P /users/Xinying/ozonedb/ycsb/workloads/generated_workloads/workloadf_1KB_1000000_1000000 -p status.interval=1 -p maxexecutiontime=120 -p operationcount=0 -p shared_config=/users/Xinying/ozonedb/src/config/local/shared_config_rocksdb.json"
	User time (seconds): 208.56
	System time (seconds): 193.75
	Percent of CPU this job got: 315%
	Elapsed (wall clock) time (h:mm:ss or m:ss): 2:07.53
	Average shared text size (kbytes): 0
	Average unshared data size (kbytes): 0
	Average stack size (kbytes): 0
	Average total size (kbytes): 0
	Maximum resident set size (kbytes): 19754908
	Average resident set size (kbytes): 0
	Major (requiring I/O) page faults: 767
	Minor (reclaiming a frame) page faults: 5564826
	Voluntary context switches: 3286158
	Involuntary context switches: 3413
	Swaps: 0
	File system inputs: 46078817
	File system outputs: 6963382
	Socket messages sent: 0
	Socket messages received: 0
	Signals delivered: 0
	Page size (bytes): 4096
	Exit status: 0
