# CMD: /usr/bin/time -v /users/Xinying/ozonedb/ycsb/bin/ycsb run ozonedb -threads 4 -s -P /users/Xinying/ozonedb/ycsb/workloads/generated_workloads/workloadd_1KB_1000000_1000000 -p status.interval=1 -p maxexecutiontime=120 -p operationcount=0 -p shared_config=/users/Xinying/ozonedb/src/config/local/shared_config_rocksdb.json
# devices=['sda6'] sectors_before=1208645592 sectors_after=1215451784
# elapsed_s=127.41 returncode=0

=== STDOUT ===
Starting compaction watcher
Starting compaction watcher
Starting compaction watcher
Starting compaction watcher
2026-04-28 07:22:03:194 - NewTail completed: 
2026-04-28 07:22:09:499 - NewTail completed: 
2026-04-28 07:22:09:573 - Compaction started: 
139748520900160:Compacting datalog/35 datalog/36 into:sstable1/359dd28d-a2a9-4fec-be4f-8cebc2537344202604280121591777360929757533911.sst
2026-04-28 07:22:10:141 - Compaction completed: 
2026-04-28 07:22:10:176 - Compaction started: 
139748520900160:Compacting sstable1/fdf40179-5256-4028-90ea-15af28ebf787202604231034301776962195318187250.sst sstable1/fdf40179-5256-4028-90ea-15af28ebf787202604231034301776962203658627099.sst into:sstable2/359dd28d-a2a9-4fec-be4f-8cebc2537344202604280121591777360930863106603.sst
2026-04-28 07:22:11:726 - Compaction completed: 
2026-04-28 07:22:16:412 - NewTail completed: 
2026-04-28 07:22:22:885 - NewTail completed: 
2026-04-28 07:22:22:886 - NewTail completed: 
2026-04-28 07:22:22:886 - Compaction started: 
139748572132928:Compacting datalog/37 datalog/38 into:sstable1/a36f99e2-3e05-4449-9d36-6b549ea13429202604280121591777360943068849915.sst
2026-04-28 07:22:23:464 - Compaction completed: 
2026-04-28 07:22:29:993 - NewTail completed: 
2026-04-28 07:22:29:994 - NewTail completed: 
2026-04-28 07:22:36:645 - NewTail completed: 
2026-04-28 07:22:36:706 - Compaction started: 
139748572132928:Compacting datalog/39 datalog/40 into:sstable1/a36f99e2-3e05-4449-9d36-6b549ea13429202604280121591777360956801314737.sst
2026-04-28 07:22:37:198 - Compaction completed: 
2026-04-28 07:22:37:208 - Compaction started: 
139748572132928:Compacting sstable1/fdf40179-5256-4028-90ea-15af28ebf787202604231034301776962212445933441.sst sstable1/359dd28d-a2a9-4fec-be4f-8cebc2537344202604280121591777360929757533911.sst into:sstable2/a36f99e2-3e05-4449-9d36-6b549ea13429202604280121591777360957877137224.sst
2026-04-28 07:22:38:744 - Compaction completed: 
2026-04-28 07:22:44:009 - NewTail completed: 
2026-04-28 07:22:50:814 - NewTail completed: 
2026-04-28 07:22:50:828 - Compaction started: 
139748555347520:Compacting datalog/41 datalog/42 into:sstable1/b8769f79-12c4-45d1-a9b7-5325b704558c202604280121591777360971012477534.sst
2026-04-28 07:22:51:402 - Compaction completed: 
2026-04-28 07:22:58:083 - NewTail completed: 
2026-04-28 07:23:05:110 - NewTail completed: 
2026-04-28 07:23:05:147 - Compaction started: 
139748555347520:Compacting datalog/43 datalog/44 into:sstable1/b8769f79-12c4-45d1-a9b7-5325b704558c202604280121591777360985241617121.sst
2026-04-28 07:23:05:629 - Compaction completed: 
2026-04-28 07:23:05:650 - Compaction started: 
139748555347520:Compacting sstable1/a36f99e2-3e05-4449-9d36-6b549ea13429202604280121591777360943068849915.sst sstable1/a36f99e2-3e05-4449-9d36-6b549ea13429202604280121591777360956801314737.sst into:sstable2/b8769f79-12c4-45d1-a9b7-5325b704558c202604280121591777360986310175730.sst
2026-04-28 07:23:07:168 - Compaction completed: 
2026-04-28 07:23:13:208 - NewTail completed: 
2026-04-28 07:23:20:218 - NewTail completed: 
2026-04-28 07:23:20:279 - Compaction started: 
139747991545408:Compacting datalog/45 datalog/46 into:sstable1/e060b554-4d4a-40a8-aa5e-4377e509f974202604280121591777361000465204950.sst
2026-04-28 07:23:20:860 - Compaction completed: 
2026-04-28 07:23:27:831 - NewTail completed: 
2026-04-28 07:23:35:069 - NewTail completed: 
2026-04-28 07:23:35:110 - Compaction started: 
139748572132928:Compacting datalog/47 datalog/48 into:sstable1/a36f99e2-3e05-4449-9d36-6b549ea13429202604280121591777361015249330368.sst
2026-04-28 07:23:35:659 - Compaction completed: 
2026-04-28 07:23:35:704 - Compaction started: 
139747991545408:Compacting sstable1/b8769f79-12c4-45d1-a9b7-5325b704558c202604280121591777360971012477534.sst sstable1/b8769f79-12c4-45d1-a9b7-5325b704558c202604280121591777360985241617121.sst into:sstable2/e060b554-4d4a-40a8-aa5e-4377e509f974202604280121591777361016388416190.sst
2026-04-28 07:23:37:240 - Compaction completed: 
2026-04-28 07:23:43:053 - NewTail completed: 
2026-04-28 07:23:50:466 - NewTail completed: 
2026-04-28 07:23:50:467 - Compaction started: 
139747991545408:Compacting datalog/49 datalog/50 into:sstable1/e060b554-4d4a-40a8-aa5e-4377e509f974202604280121591777361030593266174.sst
2026-04-28 07:23:51:001 - Compaction completed: 
2026-04-28 07:23:58:419 - NewTail completed: 
[OVERALL], RunTime(ms), 120101
[OVERALL], Throughput(ops/sec), 79279.82281579671
[TOTAL_GCS_PS_Scavenge], Count, 70
[TOTAL_GC_TIME_PS_Scavenge], Time(ms), 179
[TOTAL_GC_TIME_%_PS_Scavenge], Time(%), 0.14904122363677239
[TOTAL_GCS_PS_MarkSweep], Count, 0
[TOTAL_GC_TIME_PS_MarkSweep], Time(ms), 0
[TOTAL_GC_TIME_%_PS_MarkSweep], Time(%), 0.0
[TOTAL_GCs], Count, 70
[TOTAL_GC_TIME], Time(ms), 179
[TOTAL_GC_TIME_%], Time(%), 0.14904122363677239
[READ], Operations, 5751617
[READ], AverageLatency(us), 33.4931074165752
[READ], MinLatency(us), 3
[READ], MaxLatency(us), 300031
[READ], 95thPercentileLatency(us), 101
[READ], 99thPercentileLatency(us), 122
[READ], Return=OK, 5751617
[READ], Return=NOT_FOUND, 3293675
[CLEANUP], Operations, 4
[CLEANUP], AverageLatency(us), 65306.0
[CLEANUP], MinLatency(us), 29424
[CLEANUP], MaxLatency(us), 98623
[CLEANUP], 95thPercentileLatency(us), 98623
[CLEANUP], 99thPercentileLatency(us), 98623
[INSERT], Operations, 476294
[INSERT], AverageLatency(us), 196.96526305181254
[INSERT], MinLatency(us), 138
[INSERT], MaxLatency(us), 340479
[INSERT], 95thPercentileLatency(us), 196
[INSERT], 99thPercentileLatency(us), 557
[INSERT], Return=OK, 476294
[READ-FAILED], Operations, 3293675
[READ-FAILED], AverageLatency(us), 53.36654071819472
[READ-FAILED], MinLatency(us), 6
[READ-FAILED], MaxLatency(us), 27439
[READ-FAILED], 95thPercentileLatency(us), 69
[READ-FAILED], 99thPercentileLatency(us), 77

=== STDERR ===
[WARN]  Running against a source checkout. In order to get our runtime dependencies we'll have to invoke Maven. Depending on the state of your system, this may take ~30-45 seconds
[DEBUG]  Running 'mvn -pl site.ycsb:ozonedb-binding -am package -DskipTests dependency:build-classpath -DincludeScope=compile -Dmdep.outputFilterFile=true'
/usr/lib/jvm/java-8-openjdk-amd64/bin/java -cp /users/Xinying/ozonedb/ycsb/ozonedb/conf:/users/Xinying/ozonedb/ycsb/ozonedb/target/ozonedb-binding-0.18.0-SNAPSHOT.jar:/users/Xinying/.m2/repository/org/apache/htrace/htrace-core4/4.1.0-incubating/htrace-core4-4.1.0-incubating.jar:/users/Xinying/.m2/repository/org/slf4j/slf4j-api/1.7.25/slf4j-api-1.7.25.jar:/users/Xinying/.m2/repository/org/hdrhistogram/HdrHistogram/2.1.12/HdrHistogram-2.1.12.jar:/users/Xinying/.m2/repository/ch/qos/logback/logback-classic/1.2.3/logback-classic-1.2.3.jar:/users/Xinying/.m2/repository/ozonedbjnimaven/demoproc-jni/1.0/demoproc-jni-1.0.jar:/users/Xinying/.m2/repository/ch/qos/logback/logback-core/1.2.3/logback-core-1.2.3.jar:/users/Xinying/.m2/repository/org/codehaus/jackson/jackson-mapper-asl/1.9.4/jackson-mapper-asl-1.9.4.jar:/users/Xinying/.m2/repository/org/slf4j/slf4j-simple/1.7.25/slf4j-simple-1.7.25.jar:/users/Xinying/.m2/repository/org/codehaus/jackson/jackson-core-asl/1.9.4/jackson-core-asl-1.9.4.jar:/users/Xinying/ozonedb/ycsb/core/target/core-0.18.0-SNAPSHOT.jar site.ycsb.Client -db site.ycsb.db.OzoneDBClient -threads 4 -s -P /users/Xinying/ozonedb/ycsb/workloads/generated_workloads/workloadd_1KB_1000000_1000000 -p status.interval=1 -p maxexecutiontime=120 -p operationcount=0 -p shared_config=/users/Xinying/ozonedb/src/config/local/shared_config_rocksdb.json -t
Command line: -db site.ycsb.db.OzoneDBClient -threads 4 -s -P /users/Xinying/ozonedb/ycsb/workloads/generated_workloads/workloadd_1KB_1000000_1000000 -p status.interval=1 -p maxexecutiontime=120 -p operationcount=0 -p shared_config=/users/Xinying/ozonedb/src/config/local/shared_config_rocksdb.json -t
YCSB Client 0.18.0-SNAPSHOT

Loading workload...
Starting test.
SLF4J: Class path contains multiple SLF4J bindings.
SLF4J: Found binding in [jar:file:/users/Xinying/.m2/repository/ch/qos/logback/logback-classic/1.2.3/logback-classic-1.2.3.jar!/org/slf4j/impl/StaticLoggerBinder.class]
SLF4J: Found binding in [jar:file:/users/Xinying/.m2/repository/org/slf4j/slf4j-simple/1.7.25/slf4j-simple-1.7.25.jar!/org/slf4j/impl/StaticLoggerBinder.class]
SLF4J: See http://www.slf4j.org/codes.html#multiple_bindings for an explanation.
SLF4J: Actual binding is of type [ch.qos.logback.classic.util.ContextSelectorStaticBinder]
Maximum execution time specified as: 120 secs
2026-04-28 07:21:59:151 0 sec: 0 operations; 
DBWrapper: report latency for each error is false and specific error codes to track for latency are: []
2026-04-28 07:22:00:151 1 sec: 7493 operations; 7485.51 current ops/sec; [READ: Count=4758, Max=132991, Min=3, Avg=147.48, 90=95, 99=150, 99.9=1111, 99.99=132991] [INSERT: Count=429, Max=340479, Min=160, Avg=3349.28, 90=253, 99=587, 99.9=340479, 99.99=340479] [READ-FAILED: Count=2799, Max=204, Min=36, Avg=48.43, 90=59, 99=86, 99.9=185, 99.99=204] 
2026-04-28 07:22:01:151 2 sec: 92378 operations; 84885 current ops/sec; [READ: Count=49849, Max=2207, Min=3, Avg=34.21, 90=82, 99=113, 99.9=282, 99.99=2087] [INSERT: Count=4181, Max=455, Min=149, Avg=173.09, 90=187, 99=230, 99.9=277, 99.99=455] [READ-FAILED: Count=30452, Max=301, Min=36, Avg=44.14, 90=52, 99=63, 99.9=91, 99.99=250] 
2026-04-28 07:22:02:151 3 sec: 177491 operations; 85113 current ops/sec; [READ: Count=49454, Max=2991, Min=3, Avg=33.54, 90=83, 99=112, 99.9=196, 99.99=2133] [INSERT: Count=4387, Max=5067, Min=147, Avg=183.25, 90=188, 99=238, 99.9=3051, 99.99=5067] [READ-FAILED: Count=31300, Max=153, Min=35, Avg=43.68, 90=51, 99=62, 99.9=78, 99.99=113] 
2026-04-28 07:22:03:151 4 sec: 267403 operations; 89912 current ops/sec; [READ: Count=52387, Max=4723, Min=3, Avg=31.79, 90=81, 99=110, 99.9=162, 99.99=2191] [INSERT: Count=4407, Max=281, Min=148, Avg=172.55, 90=184, 99=224, 99.9=246, 99.99=281] [READ-FAILED: Count=33099, Max=1965, Min=36, Avg=42.83, 90=50, 99=61, 99.9=74, 99.99=246] 
2026-04-28 07:22:04:151 5 sec: 350872 operations; 83469 current ops/sec; [READ: Count=50062, Max=1819, Min=3, Avg=29.46, 90=81, 99=110, 99.9=146, 99.99=1484] [INSERT: Count=4170, Max=73791, Min=141, Avg=270.72, 90=182, 99=793, 99.9=27503, 99.99=73791] [READ-FAILED: Count=29344, Max=203, Min=34, Avg=43.16, 90=51, 99=60, 99.9=76, 99.99=174] 
2026-04-28 07:22:05:151 6 sec: 443618 operations; 92746 current ops/sec; [READ: Count=53885, Max=3571, Min=3, Avg=29.8, 90=81, 99=110, 99.9=140, 99.99=1462] [INSERT: Count=4562, Max=470, Min=143, Avg=166.64, 90=178, 99=223, 99.9=313, 99.99=470] [READ-FAILED: Count=34193, Max=3421, Min=36, Avg=43.21, 90=50, 99=60, 99.9=81, 99.99=133] 
2026-04-28 07:22:06:151 7 sec: 535276 operations; 91658 current ops/sec; [READ: Count=53001, Max=2003, Min=3, Avg=29.32, 90=82, 99=110, 99.9=146, 99.99=1402] [INSERT: Count=4677, Max=477, Min=144, Avg=167.44, 90=180, 99=219, 99.9=256, 99.99=477] [READ-FAILED: Count=33985, Max=260, Min=35, Avg=44.38, 90=52, 99=61, 99.9=77, 99.99=202] 
2026-04-28 07:22:07:151 8 sec: 628801 operations; 93525 current ops/sec; [READ: Count=54419, Max=1825, Min=3, Avg=28.81, 90=82, 99=111, 99.9=145, 99.99=1467] [INSERT: Count=4652, Max=677, Min=143, Avg=164.43, 90=177, 99=219, 99.9=391, 99.99=677] [READ-FAILED: Count=34448, Max=126, Min=36, Avg=43.88, 90=51, 99=60, 99.9=75, 99.99=110] 
2026-04-28 07:22:08:151 9 sec: 721777 operations; 92976 current ops/sec; [READ: Count=54013, Max=3659, Min=3, Avg=28.61, 90=82, 99=111, 99.9=146, 99.99=2675] [INSERT: Count=4650, Max=3599, Min=143, Avg=169.05, 90=180, 99=221, 99.9=247, 99.99=3599] [READ-FAILED: Count=34325, Max=265, Min=36, Avg=44.05, 90=51, 99=61, 99.9=96, 99.99=204] 
2026-04-28 07:22:09:151 10 sec: 812654 operations; 90877 current ops/sec; [READ: Count=52803, Max=1685, Min=3, Avg=27.42, 90=81, 99=109, 99.9=143, 99.99=1410] [INSERT: Count=4535, Max=42879, Min=142, Avg=208.83, 90=179, 99=442, 99.9=2587, 99.99=42879] [READ-FAILED: Count=33536, Max=160, Min=34, Avg=43.55, 90=51, 99=60, 99.9=78, 99.99=109] 
2026-04-28 07:22:10:151 11 sec: 902344 operations; 89690 current ops/sec; [READ: Count=53361, Max=3093, Min=3, Avg=27.53, 90=82, 99=112, 99.9=292, 99.99=1492] [INSERT: Count=4502, Max=75839, Min=142, Avg=214.59, 90=179, 99=215, 99.9=711, 99.99=75839] [READ-FAILED: Count=31801, Max=3047, Min=36, Avg=44.53, 90=52, 99=64, 99.9=88, 99.99=2915] 
2026-04-28 07:22:11:151 12 sec: 973333 operations; 70989 current ops/sec; [READ: Count=42347, Max=300031, Min=3, Avg=48.28, 90=85, 99=118, 99.9=652, 99.99=1814] [INSERT: Count=3533, Max=404, Min=143, Avg=171.6, 90=183, 99=225, 99.9=256, 99.99=404] [READ-FAILED: Count=25091, Max=13391, Min=38, Avg=49, 90=57, 99=71, 99.9=96, 99.99=3707] 
2026-04-28 07:22:12:151 13 sec: 1058088 operations; 84755 current ops/sec; [READ: Count=49636, Max=33503, Min=3, Avg=35.18, 90=82, 99=113, 99.9=443, 99.99=2009] [INSERT: Count=4281, Max=387, Min=142, Avg=163.52, 90=175, 99=217, 99.9=260, 99.99=387] [READ-FAILED: Count=30824, Max=295, Min=37, Avg=45.86, 90=54, 99=65, 99.9=91, 99.99=212] 
2026-04-28 07:22:13:151 14 sec: 1147729 operations; 89641 current ops/sec; [READ: Count=52519, Max=3509, Min=3, Avg=30.54, 90=81, 99=111, 99.9=271, 99.99=1445] [INSERT: Count=4369, Max=669, Min=141, Avg=164.14, 90=176, 99=212, 99.9=247, 99.99=669] [READ-FAILED: Count=32780, Max=3373, Min=36, Avg=46.67, 90=54, 99=64, 99.9=81, 99.99=235] 
2026-04-28 07:22:14:151 15 sec: 1227542 operations; 79813 current ops/sec; [READ: Count=47015, Max=1612, Min=3, Avg=29.7, 90=81, 99=110, 99.9=270, 99.99=1462] [INSERT: Count=3995, Max=40799, Min=143, Avg=288.1, 90=541, 99=1181, 99.9=40479, 99.99=40799] [READ-FAILED: Count=28772, Max=474, Min=37, Avg=46.03, 90=54, 99=64, 99.9=84, 99.99=309] 
2026-04-28 07:22:15:151 16 sec: 1307897 operations; 80355 current ops/sec; [READ: Count=47626, Max=3511, Min=3, Avg=32.06, 90=83, 99=111, 99.9=144, 99.99=1570] [INSERT: Count=3970, Max=2499, Min=139, Avg=259.78, 90=569, 99=1170, 99.9=2349, 99.99=2499] [READ-FAILED: Count=28794, Max=197, Min=37, Avg=45.65, 90=53, 99=64, 99.9=79, 99.99=141] 
2026-04-28 07:22:16:151 17 sec: 1396593 operations; 88696 current ops/sec; [READ: Count=52209, Max=3417, Min=3, Avg=31.56, 90=83, 99=111, 99.9=147, 99.99=1448] [INSERT: Count=4480, Max=3411, Min=138, Avg=164.51, 90=175, 99=220, 99.9=293, 99.99=3411] [READ-FAILED: Count=31992, Max=779, Min=37, Avg=45.93, 90=53, 99=64, 99.9=96, 99.99=243] 
2026-04-28 07:22:17:151 18 sec: 1483654 operations; 87061 current ops/sec; [READ: Count=52131, Max=1753, Min=3, Avg=29.9, 90=82, 99=111, 99.9=143, 99.99=1508] [INSERT: Count=4362, Max=69951, Min=145, Avg=211.62, 90=179, 99=220, 99.9=522, 99.99=69951] [READ-FAILED: Count=30570, Max=209, Min=37, Avg=45.04, 90=53, 99=63, 99.9=78, 99.99=110] 
2026-04-28 07:22:18:151 19 sec: 1572767 operations; 89113 current ops/sec; [READ: Count=52149, Max=4219, Min=3, Avg=30.9, 90=84, 99=113, 99.9=155, 99.99=1656] [INSERT: Count=4412, Max=253, Min=144, Avg=166.56, 90=179, 99=215, 99.9=235, 99.99=253] [READ-FAILED: Count=32526, Max=4191, Min=37, Avg=46.27, 90=54, 99=64, 99.9=90, 99.99=271] 
2026-04-28 07:22:19:151 20 sec: 1657460 operations; 84693 current ops/sec; [READ: Count=49688, Max=2055, Min=3, Avg=30.58, 90=85, 99=114, 99.9=151, 99.99=1552] [INSERT: Count=4266, Max=41631, Min=142, Avg=211.48, 90=182, 99=478, 99.9=2383, 99.99=41631] [READ-FAILED: Count=30739, Max=261, Min=38, Avg=46.68, 90=54, 99=64, 99.9=83, 99.99=200] 
2026-04-28 07:22:20:151 21 sec: 1747513 operations; 90053 current ops/sec; [READ: Count=52526, Max=1796, Min=3, Avg=29.89, 90=84, 99=114, 99.9=149, 99.99=1515] [INSERT: Count=4531, Max=448, Min=139, Avg=163.87, 90=176, 99=219, 99.9=260, 99.99=448] [READ-FAILED: Count=32985, Max=286, Min=38, Avg=46.58, 90=54, 99=65, 99.9=90, 99.99=244] 
2026-04-28 07:22:21:151 22 sec: 1837840 operations; 90327 current ops/sec; [READ: Count=52879, Max=3095, Min=3, Avg=29.49, 90=84, 99=113, 99.9=149, 99.99=1572] [INSERT: Count=4658, Max=2081, Min=142, Avg=164.87, 90=178, 99=213, 99.9=247, 99.99=2081] [READ-FAILED: Count=32799, Max=1875, Min=37, Avg=46.45, 90=54, 99=64, 99.9=76, 99.99=127] 
2026-04-28 07:22:22:151 23 sec: 1927106 operations; 89266 current ops/sec; [READ: Count=52041, Max=2883, Min=3, Avg=29.22, 90=85, 99=114, 99.9=147, 99.99=1745] [INSERT: Count=4604, Max=302, Min=145, Avg=174.68, 90=189, 99=225, 99.9=256, 99.99=302] [READ-FAILED: Count=32637, Max=1392, Min=38, Avg=46.8, 90=55, 99=65, 99.9=81, 99.99=126] 
2026-04-28 07:22:23:151 24 sec: 2016630 operations; 89524 current ops/sec; [READ: Count=53754, Max=4003, Min=3, Avg=28.77, 90=85, 99=115, 99.9=163, 99.99=1479] [INSERT: Count=4315, Max=35391, Min=142, Avg=181.01, 90=182, 99=225, 99.9=911, 99.99=35391] [READ-FAILED: Count=31454, Max=23311, Min=38, Avg=48.42, 90=55, 99=69, 99.9=108, 99.99=3111] 
2026-04-28 07:22:24:151 25 sec: 2096337 operations; 79707 current ops/sec; [READ: Count=47232, Max=12855, Min=3, Avg=35, 90=86, 99=117, 99.9=501, 99.99=1633] [INSERT: Count=3922, Max=650, Min=141, Avg=167.74, 90=183, 99=227, 99.9=450, 99.99=650] [READ-FAILED: Count=28498, Max=1445, Min=39, Avg=48.93, 90=58, 99=70, 99.9=95, 99.99=225] 
2026-04-28 07:22:25:151 26 sec: 2172668 operations; 76331 current ops/sec; [READ: Count=45936, Max=1557, Min=3, Avg=37.06, 90=87, 99=118, 99.9=218, 99.99=1325] [INSERT: Count=3842, Max=41663, Min=138, Avg=259.38, 90=398, 99=1058, 99.9=40671, 99.99=41663] [READ-FAILED: Count=26609, Max=280, Min=38, Avg=50.01, 90=59, 99=71, 99.9=94, 99.99=228] 
2026-04-28 07:22:26:151 27 sec: 2253768 operations; 81100 current ops/sec; [READ: Count=48340, Max=10023, Min=3, Avg=36.34, 90=87, 99=116, 99.9=158, 99.99=2107] [INSERT: Count=3995, Max=314, Min=138, Avg=168.79, 90=182, 99=222, 99.9=257, 99.99=314] [READ-FAILED: Count=28740, Max=167, Min=41, Avg=49.71, 90=58, 99=69, 99.9=82, 99.99=116] 
2026-04-28 07:22:27:151 28 sec: 2336186 operations; 82418 current ops/sec; [READ: Count=48901, Max=1560, Min=3, Avg=34.55, 90=87, 99=116, 99.9=150, 99.99=1432] [INSERT: Count=4106, Max=280, Min=149, Avg=176.81, 90=189, 99=223, 99.9=257, 99.99=280] [READ-FAILED: Count=29405, Max=1159, Min=39, Avg=49.11, 90=57, 99=69, 99.9=106, 99.99=283] 
2026-04-28 07:22:28:151 29 sec: 2420219 operations; 84033 current ops/sec; [READ: Count=50136, Max=10023, Min=3, Avg=33.48, 90=85, 99=116, 99.9=151, 99.99=1792] [INSERT: Count=4168, Max=10807, Min=143, Avg=173.05, 90=181, 99=219, 99.9=251, 99.99=10807] [READ-FAILED: Count=29733, Max=10047, Min=39, Avg=49.05, 90=57, 99=68, 99.9=83, 99.99=213] 
2026-04-28 07:22:29:151 30 sec: 2505179 operations; 84960 current ops/sec; [READ: Count=50596, Max=1775, Min=3, Avg=33.09, 90=86, 99=117, 99.9=375, 99.99=1353] [INSERT: Count=4156, Max=261, Min=143, Avg=165.66, 90=180, 99=218, 99.9=243, 99.99=261] [READ-FAILED: Count=30196, Max=1614, Min=40, Avg=49.49, 90=57, 99=68, 99.9=88, 99.99=251] 
2026-04-28 07:22:30:151 31 sec: 2586082 operations; 80903 current ops/sec; [READ: Count=49071, Max=1868, Min=3, Avg=31.96, 90=86, 99=116, 99.9=155, 99.99=1547] [INSERT: Count=4104, Max=39839, Min=143, Avg=226.27, 90=191, 99=432, 99.9=36543, 99.99=39839] [READ-FAILED: Count=27766, Max=209, Min=39, Avg=49.3, 90=58, 99=69, 99.9=81, 99.99=116] 
2026-04-28 07:22:31:151 32 sec: 2671797 operations; 85715 current ops/sec; [READ: Count=50961, Max=1524, Min=3, Avg=31.83, 90=86, 99=117, 99.9=157, 99.99=1328] [INSERT: Count=4245, Max=2737, Min=140, Avg=169.67, 90=183, 99=222, 99.9=259, 99.99=2737] [READ-FAILED: Count=30478, Max=2669, Min=39, Avg=49.6, 90=57, 99=69, 99.9=101, 99.99=297] 
2026-04-28 07:22:32:151 33 sec: 2757544 operations; 85747 current ops/sec; [READ: Count=50787, Max=2019, Min=3, Avg=31.37, 90=86, 99=116, 99.9=177, 99.99=1474] [INSERT: Count=4417, Max=267, Min=147, Avg=169.81, 90=183, 99=221, 99.9=246, 99.99=267] [READ-FAILED: Count=30546, Max=274, Min=39, Avg=49.6, 90=58, 99=68, 99.9=84, 99.99=124] 
2026-04-28 07:22:33:151 34 sec: 2844487 operations; 86943 current ops/sec; [READ: Count=51592, Max=2205, Min=3, Avg=30.85, 90=86, 99=117, 99.9=363, 99.99=1833] [INSERT: Count=4283, Max=2006, Min=144, Avg=168.06, 90=181, 99=219, 99.9=265, 99.99=2006] [READ-FAILED: Count=31072, Max=1862, Min=40, Avg=49.64, 90=57, 99=69, 99.9=89, 99.99=215] 
2026-04-28 07:22:34:151 35 sec: 2930832 operations; 86345 current ops/sec; [READ: Count=51129, Max=1717, Min=3, Avg=30.44, 90=86, 99=117, 99.9=162, 99.99=1459] [INSERT: Count=4331, Max=446, Min=149, Avg=176.33, 90=189, 99=229, 99.9=277, 99.99=446] [READ-FAILED: Count=30896, Max=1403, Min=41, Avg=49.68, 90=58, 99=68, 99.9=90, 99.99=248] 
2026-04-28 07:22:35:151 36 sec: 3013863 operations; 83031 current ops/sec; [READ: Count=49489, Max=3201, Min=3, Avg=30.16, 90=86, 99=117, 99.9=159, 99.99=2169] [INSERT: Count=4169, Max=40415, Min=142, Avg=218.47, 90=187, 99=661, 99.9=1142, 99.99=40415] [READ-FAILED: Count=29378, Max=2085, Min=40, Avg=49.59, 90=57, 99=68, 99.9=89, 99.99=1104] 
2026-04-28 07:22:36:151 37 sec: 3102371 operations; 88508 current ops/sec; [READ: Count=52555, Max=1513, Min=3, Avg=29.34, 90=86, 99=116, 99.9=155, 99.99=1432] [INSERT: Count=4407, Max=254, Min=143, Avg=169.86, 90=182, 99=224, 99.9=249, 99.99=254] [READ-FAILED: Count=31514, Max=464, Min=41, Avg=49.43, 90=57, 99=68, 99.9=83, 99.99=317] 
2026-04-28 07:22:37:151 38 sec: 3187841 operations; 85470 current ops/sec; [READ: Count=51654, Max=3083, Min=3, Avg=29.2, 90=86, 99=118, 99.9=629, 99.99=1487] [INSERT: Count=4256, Max=61823, Min=139, Avg=210.52, 90=182, 99=222, 99.9=3071, 99.99=61823] [READ-FAILED: Count=29583, Max=964, Min=28, Avg=49.12, 90=57, 99=68, 99.9=84, 99.99=164] 
2026-04-28 07:22:38:151 39 sec: 3257683 operations; 69842 current ops/sec; [READ: Count=42529, Max=279295, Min=3, Avg=49.18, 90=87, 99=121, 99.9=795, 99.99=11183] [INSERT: Count=3424, Max=428, Min=139, Avg=163.57, 90=176, 99=215, 99.9=244, 99.99=428] [READ-FAILED: Count=23880, Max=290, Min=40, Avg=51.6, 90=61, 99=76, 99.9=108, 99.99=268] 
2026-04-28 07:22:39:151 40 sec: 3336989 operations; 79306 current ops/sec; [READ: Count=47300, Max=27199, Min=3, Avg=36.68, 90=86, 99=120, 99.9=563, 99.99=1822] [INSERT: Count=4103, Max=371, Min=140, Avg=170.15, 90=183, 99=222, 99.9=254, 99.99=371] [READ-FAILED: Count=27909, Max=279, Min=41, Avg=51.35, 90=60, 99=72, 99.9=92, 99.99=212] 
2026-04-28 07:22:40:151 41 sec: 3403253 operations; 66264 current ops/sec; [READ: Count=40384, Max=1783, Min=3, Avg=34.1, 90=87, 99=119, 99.9=445, 99.99=1622] [INSERT: Count=3350, Max=38111, Min=145, Avg=404.16, 90=754, 99=1203, 99.9=37631, 99.99=38111] [READ-FAILED: Count=22536, Max=1720, Min=41, Avg=51.43, 90=60, 99=72, 99.9=88, 99.99=309] 
2026-04-28 07:22:41:151 42 sec: 3484103 operations; 80850 current ops/sec; [READ: Count=48286, Max=1642, Min=3, Avg=35.12, 90=88, 99=118, 99.9=166, 99.99=1482] [INSERT: Count=4082, Max=467, Min=144, Avg=168.74, 90=182, 99=218, 99.9=267, 99.99=467] [READ-FAILED: Count=28452, Max=271, Min=42, Avg=51.87, 90=60, 99=72, 99.9=103, 99.99=262] 
2026-04-28 07:22:42:151 43 sec: 3566070 operations; 81967 current ops/sec; [READ: Count=49076, Max=3279, Min=3, Avg=34.5, 90=88, 99=119, 99.9=160, 99.99=1607] [INSERT: Count=4036, Max=1264, Min=144, Avg=167.33, 90=180, 99=220, 99.9=258, 99.99=1264] [READ-FAILED: Count=28883, Max=1264, Min=43, Avg=51.68, 90=60, 99=71, 99.9=89, 99.99=312] 
2026-04-28 07:22:43:151 44 sec: 3648845 operations; 82775 current ops/sec; [READ: Count=49598, Max=2917, Min=3, Avg=33.37, 90=87, 99=118, 99.9=154, 99.99=1612] [INSERT: Count=4129, Max=262, Min=149, Avg=171.48, 90=184, 99=224, 99.9=253, 99.99=262] [READ-FAILED: Count=29045, Max=253, Min=43, Avg=51.52, 90=60, 99=71, 99.9=85, 99.99=170] 
2026-04-28 07:22:44:151 45 sec: 3732608 operations; 83763 current ops/sec; [READ: Count=51453, Max=1529, Min=3, Avg=31.99, 90=87, 99=117, 99.9=162, 99.99=1390] [INSERT: Count=4208, Max=47839, Min=144, Avg=183.02, 90=182, 99=224, 99.9=888, 99.99=47839] [READ-FAILED: Count=28114, Max=1350, Min=24, Avg=51.41, 90=59, 99=71, 99.9=103, 99.99=495] 
2026-04-28 07:22:45:151 46 sec: 3813640 operations; 81032 current ops/sec; [READ: Count=48693, Max=1707, Min=3, Avg=32.18, 90=87, 99=118, 99.9=151, 99.99=1473] [INSERT: Count=4084, Max=38015, Min=142, Avg=211.27, 90=186, 99=417, 99.9=1100, 99.99=38015] [READ-FAILED: Count=28249, Max=127, Min=41, Avg=50.8, 90=59, 99=70, 99.9=84, 99.99=112] 
2026-04-28 07:22:46:151 47 sec: 3897993 operations; 84353 current ops/sec; [READ: Count=50838, Max=3737, Min=3, Avg=31.92, 90=87, 99=118, 99.9=154, 99.99=1554] [INSERT: Count=4128, Max=4093, Min=145, Avg=172.02, 90=184, 99=220, 99.9=245, 99.99=4093] [READ-FAILED: Count=29373, Max=3697, Min=43, Avg=51.96, 90=60, 99=71, 99.9=99, 99.99=543] 
2026-04-28 07:22:47:151 48 sec: 3982624 operations; 84631 current ops/sec; [READ: Count=50530, Max=2026, Min=3, Avg=31.6, 90=87, 99=118, 99.9=150, 99.99=1498] [INSERT: Count=4218, Max=260, Min=145, Avg=171.65, 90=184, 99=225, 99.9=246, 99.99=260] [READ-FAILED: Count=29882, Max=495, Min=37, Avg=51.38, 90=59, 99=70, 99.9=88, 99.99=246] 
2026-04-28 07:22:48:151 49 sec: 4067624 operations; 85000 current ops/sec; [READ: Count=50433, Max=1667, Min=3, Avg=30.97, 90=87, 99=118, 99.9=152, 99.99=1458] [INSERT: Count=4430, Max=1991, Min=144, Avg=169.44, 90=184, 99=219, 99.9=258, 99.99=1991] [READ-FAILED: Count=30144, Max=517, Min=43, Avg=51.26, 90=59, 99=70, 99.9=89, 99.99=224] 
2026-04-28 07:22:49:151 50 sec: 4153075 operations; 85451 current ops/sec; [READ: Count=51114, Max=3091, Min=3, Avg=30.62, 90=87, 99=119, 99.9=166, 99.99=1461] [INSERT: Count=4283, Max=289, Min=150, Avg=177.35, 90=190, 99=230, 99.9=254, 99.99=289] [READ-FAILED: Count=30069, Max=524, Min=41, Avg=50.97, 90=59, 99=70, 99.9=92, 99.99=303] 
2026-04-28 07:22:50:151 51 sec: 4236422 operations; 83347 current ops/sec; [READ: Count=50023, Max=1617, Min=3, Avg=29.74, 90=86, 99=117, 99.9=154, 99.99=1502] [INSERT: Count=4159, Max=40447, Min=145, Avg=215.11, 90=188, 99=329, 99.9=1064, 99.99=40447] [READ-FAILED: Count=29156, Max=382, Min=41, Avg=50.76, 90=59, 99=70, 99.9=83, 99.99=219] 
2026-04-28 07:22:51:151 52 sec: 4321809 operations; 85387 current ops/sec; [READ: Count=51924, Max=3301, Min=3, Avg=29.35, 90=86, 99=119, 99.9=364, 99.99=1386] [INSERT: Count=4380, Max=56255, Min=143, Avg=188.4, 90=188, 99=235, 99.9=416, 99.99=56255] [READ-FAILED: Count=29120, Max=3217, Min=42, Avg=51.91, 90=60, 99=74, 99.9=103, 99.99=3053] 
2026-04-28 07:22:52:151 53 sec: 4400050 operations; 78241 current ops/sec; [READ: Count=47218, Max=10847, Min=3, Avg=36.53, 90=89, 99=123, 99.9=688, 99.99=1724] [INSERT: Count=3895, Max=276, Min=144, Avg=176.15, 90=189, 99=227, 99.9=259, 99.99=276] [READ-FAILED: Count=27086, Max=9951, Min=41, Avg=53.74, 90=63, 99=75, 99.9=101, 99.99=564] 
2026-04-28 07:22:53:151 54 sec: 4480334 operations; 80284 current ops/sec; [READ: Count=48574, Max=1616, Min=3, Avg=35.03, 90=87, 99=120, 99.9=225, 99.99=1419] [INSERT: Count=3958, Max=488, Min=143, Avg=170.09, 90=183, 99=215, 99.9=249, 99.99=488] [READ-FAILED: Count=27784, Max=911, Min=43, Avg=53.68, 90=63, 99=75, 99.9=102, 99.99=375] 
2026-04-28 07:22:54:151 55 sec: 4560172 operations; 79838 current ops/sec; [READ: Count=47914, Max=1797, Min=3, Avg=34.3, 90=88, 99=120, 99.9=199, 99.99=1653] [INSERT: Count=4011, Max=9447, Min=144, Avg=171.56, 90=183, 99=220, 99.9=274, 99.99=9447] [READ-FAILED: Count=27873, Max=9263, Min=43, Avg=54.93, 90=63, 99=75, 99.9=92, 99.99=9199] 
2026-04-28 07:22:55:151 56 sec: 4632904 operations; 72732 current ops/sec; [READ: Count=44469, Max=1593, Min=3, Avg=33.62, 90=88, 99=122, 99.9=353, 99.99=1362] [INSERT: Count=3675, Max=39295, Min=144, Avg=285.16, 90=474, 99=1175, 99.9=38015, 99.99=39295] [READ-FAILED: Count=24597, Max=250, Min=41, Avg=54.33, 90=63, 99=74, 99.9=90, 99.99=138] 
2026-04-28 07:22:56:151 57 sec: 4712933 operations; 80029 current ops/sec; [READ: Count=48210, Max=2699, Min=3, Avg=34.88, 90=89, 99=121, 99.9=168, 99.99=1503] [INSERT: Count=3954, Max=1617, Min=142, Avg=169.41, 90=183, 99=214, 99.9=247, 99.99=1617] [READ-FAILED: Count=27849, Max=1041, Min=44, Avg=54.24, 90=63, 99=74, 99.9=89, 99.99=287] 
2026-04-28 07:22:57:151 58 sec: 4793746 operations; 80813 current ops/sec; [READ: Count=48958, Max=2841, Min=3, Avg=34.08, 90=89, 99=121, 99.9=163, 99.99=1378] [INSERT: Count=3999, Max=261, Min=150, Avg=171.42, 90=183, 99=224, 99.9=249, 99.99=261] [READ-FAILED: Count=27856, Max=482, Min=45, Avg=54.18, 90=63, 99=73, 99.9=94, 99.99=271] 
2026-04-28 07:22:58:151 59 sec: 4872580 operations; 78834 current ops/sec; [READ: Count=48016, Max=1872, Min=3, Avg=33.18, 90=89, 99=121, 99.9=169, 99.99=1564] [INSERT: Count=3978, Max=45311, Min=150, Avg=206.3, 90=187, 99=231, 99.9=1642, 99.99=45311] [READ-FAILED: Count=26868, Max=346, Min=45, Avg=54.15, 90=63, 99=73, 99.9=88, 99.99=259] 
2026-04-28 07:22:59:151 60 sec: 4955701 operations; 83121 current ops/sec; [READ: Count=50311, Max=1744, Min=3, Avg=32.51, 90=88, 99=119, 99.9=159, 99.99=1460] [INSERT: Count=4101, Max=2111, Min=144, Avg=171.53, 90=183, 99=222, 99.9=252, 99.99=2111] [READ-FAILED: Count=28690, Max=1258, Min=43, Avg=53.11, 90=62, 99=73, 99.9=99, 99.99=422] 
2026-04-28 07:23:00:151 61 sec: 5033814 operations; 78113 current ops/sec; [READ: Count=47284, Max=1703, Min=3, Avg=32.8, 90=89, 99=123, 99.9=174, 99.99=1495] [INSERT: Count=3875, Max=37087, Min=145, Avg=221.04, 90=192, 99=462, 99.9=36031, 99.99=37087] [READ-FAILED: Count=26970, Max=507, Min=43, Avg=54.22, 90=63, 99=78, 99.9=102, 99.99=277] 
2026-04-28 07:23:01:151 62 sec: 5117074 operations; 83260 current ops/sec; [READ: Count=49783, Max=1957, Min=3, Avg=31.72, 90=88, 99=121, 99.9=167, 99.99=1765] [INSERT: Count=4242, Max=263, Min=143, Avg=166.7, 90=181, 99=213, 99.9=242, 99.99=263] [READ-FAILED: Count=29209, Max=1703, Min=44, Avg=53.94, 90=62, 99=73, 99.9=90, 99.99=298] 
2026-04-28 07:23:02:151 63 sec: 5201127 operations; 84053 current ops/sec; [READ: Count=50859, Max=1583, Min=3, Avg=31.44, 90=88, 99=120, 99.9=157, 99.99=1390] [INSERT: Count=4063, Max=4847, Min=145, Avg=170.62, 90=183, 99=222, 99.9=255, 99.99=4847] [READ-FAILED: Count=29153, Max=370, Min=44, Avg=53.81, 90=62, 99=73, 99.9=95, 99.99=316] 
2026-04-28 07:23:03:151 64 sec: 5285610 operations; 84483 current ops/sec; [READ: Count=50762, Max=1509, Min=3, Avg=31.05, 90=88, 99=121, 99.9=177, 99.99=1380] [INSERT: Count=4172, Max=1814, Min=143, Avg=163.89, 90=176, 99=212, 99.9=246, 99.99=1814] [READ-FAILED: Count=29534, Max=1614, Min=44, Avg=54.2, 90=62, 99=73, 99.9=96, 99.99=1578] 
2026-04-28 07:23:04:151 65 sec: 5370106 operations; 84496 current ops/sec; [READ: Count=51114, Max=3287, Min=3, Avg=30.9, 90=88, 99=121, 99.9=325, 99.99=1528] [INSERT: Count=4163, Max=261, Min=144, Avg=165.63, 90=180, 99=215, 99.9=248, 99.99=261] [READ-FAILED: Count=29224, Max=781, Min=45, Avg=54.42, 90=63, 99=74, 99.9=95, 99.99=507] 
2026-04-28 07:23:05:151 66 sec: 5449915 operations; 79809 current ops/sec; [READ: Count=48430, Max=1856, Min=3, Avg=30.22, 90=88, 99=121, 99.9=298, 99.99=1421] [INSERT: Count=4030, Max=41119, Min=142, Avg=226, 90=182, 99=243, 99.9=27759, 99.99=41119] [READ-FAILED: Count=27353, Max=1915, Min=45, Avg=54.56, 90=63, 99=74, 99.9=104, 99.99=679] 
2026-04-28 07:23:06:151 67 sec: 5519503 operations; 69588 current ops/sec; [READ: Count=42683, Max=222207, Min=3, Avg=40.46, 90=90, 99=127, 99.9=611, 99.99=9831] [INSERT: Count=3450, Max=295, Min=145, Avg=172.03, 90=186, 99=222, 99.9=287, 99.99=295] [READ-FAILED: Count=23460, Max=513, Min=32, Avg=56.44, 90=67, 99=82, 99.9=110, 99.99=336] 
2026-04-28 07:23:07:151 68 sec: 5593603 operations; 74100 current ops/sec; [READ: Count=44929, Max=280831, Min=4, Avg=44.21, 90=91, 99=128, 99.9=720, 99.99=1365] [INSERT: Count=3690, Max=491, Min=145, Avg=167.23, 90=181, 99=220, 99.9=249, 99.99=491] [READ-FAILED: Count=25450, Max=3179, Min=46, Avg=57.73, 90=67, 99=81, 99.9=104, 99.99=206] 
2026-04-28 07:23:08:151 69 sec: 5672686 operations; 79083 current ops/sec; [READ: Count=47995, Max=25599, Min=3, Avg=34.99, 90=87, 99=122, 99.9=326, 99.99=1935] [INSERT: Count=3889, Max=4679, Min=144, Avg=167.76, 90=178, 99=216, 99.9=268, 99.99=4679] [READ-FAILED: Count=27232, Max=25807, Min=45, Avg=57.96, 90=66, 99=78, 99.9=102, 99.99=582] 
2026-04-28 07:23:09:151 70 sec: 5753470 operations; 80784 current ops/sec; [READ: Count=48962, Max=1454, Min=3, Avg=32.84, 90=87, 99=122, 99.9=204, 99.99=1348] [INSERT: Count=3973, Max=284, Min=146, Avg=173.82, 90=187, 99=226, 99.9=262, 99.99=284] [READ-FAILED: Count=27826, Max=524, Min=45, Avg=56.2, 90=65, 99=77, 99.9=101, 99.99=315] 
2026-04-28 07:23:10:151 71 sec: 5834720 operations; 81250 current ops/sec; [READ: Count=49063, Max=1655, Min=3, Avg=32.15, 90=87, 99=122, 99.9=288, 99.99=1528] [INSERT: Count=4230, Max=1706, Min=143, Avg=166.2, 90=179, 99=216, 99.9=249, 99.99=1706] [READ-FAILED: Count=27961, Max=1575, Min=44, Avg=56.64, 90=65, 99=77, 99.9=100, 99.99=523] 
2026-04-28 07:23:11:151 72 sec: 5863441 operations; 28721 current ops/sec; [READ: Count=18937, Max=1147, Min=3, Avg=33.77, 90=92, 99=135, 99.9=455, 99.99=1133] [INSERT: Count=1370, Max=35263, Min=160, Avg=2067.2, 90=7267, 99=11519, 99.9=35039, 99.99=35263] [READ-FAILED: Count=8421, Max=344, Min=45, Avg=57.52, 90=68, 99=99, 99.9=126, 99.99=344] 
2026-04-28 07:23:12:151 73 sec: 5939077 operations; 75636 current ops/sec; [READ: Count=46270, Max=2489, Min=3, Avg=34.93, 90=91, 99=126, 99.9=229, 99.99=1796] [INSERT: Count=3791, Max=2004, Min=145, Avg=208.37, 90=200, 99=943, 99.9=1963, 99.99=2004] [READ-FAILED: Count=25578, Max=1746, Min=46, Avg=57.27, 90=67, 99=82, 99.9=107, 99.99=516] 
2026-04-28 07:23:13:151 74 sec: 6018659 operations; 79582 current ops/sec; [READ: Count=47908, Max=1467, Min=3, Avg=34.01, 90=90, 99=123, 99.9=166, 99.99=1349] [INSERT: Count=4109, Max=247, Min=145, Avg=167.53, 90=180, 99=211, 99.9=241, 99.99=247] [READ-FAILED: Count=27547, Max=140, Min=40, Avg=56.22, 90=65, 99=76, 99.9=89, 99.99=122] 
2026-04-28 07:23:14:151 75 sec: 6097386 operations; 78727 current ops/sec; [READ: Count=48313, Max=2431, Min=3, Avg=33.33, 90=89, 99=123, 99.9=162, 99.99=1490] [INSERT: Count=3962, Max=40959, Min=144, Avg=193.38, 90=181, 99=223, 99.9=854, 99.99=40959] [READ-FAILED: Count=26471, Max=1732, Min=47, Avg=56.42, 90=65, 99=77, 99.9=113, 99.99=469] 
2026-04-28 07:23:15:151 76 sec: 6178216 operations; 80830 current ops/sec; [READ: Count=49008, Max=4011, Min=3, Avg=33.24, 90=90, 99=122, 99.9=158, 99.99=1466] [INSERT: Count=4024, Max=264, Min=139, Avg=166.56, 90=179, 99=216, 99.9=247, 99.99=264] [READ-FAILED: Count=27792, Max=3969, Min=47, Avg=56.39, 90=65, 99=76, 99.9=97, 99.99=583] 
2026-04-28 07:23:16:151 77 sec: 6256873 operations; 78657 current ops/sec; [READ: Count=48086, Max=1848, Min=3, Avg=32.48, 90=89, 99=122, 99.9=160, 99.99=1526] [INSERT: Count=3933, Max=32687, Min=146, Avg=209.72, 90=187, 99=461, 99.9=32111, 99.99=32687] [READ-FAILED: Count=26652, Max=491, Min=44, Avg=55.72, 90=64, 99=76, 99.9=97, 99.99=276] 
2026-04-28 07:23:17:151 78 sec: 6339567 operations; 82694 current ops/sec; [READ: Count=50063, Max=1693, Min=3, Avg=31.57, 90=87, 99=121, 99.9=163, 99.99=1387] [INSERT: Count=4187, Max=264, Min=147, Avg=169.34, 90=182, 99=222, 99.9=249, 99.99=264] [READ-FAILED: Count=28427, Max=1565, Min=44, Avg=55.4, 90=64, 99=75, 99.9=102, 99.99=539] 
2026-04-28 07:23:18:151 79 sec: 6421498 operations; 81931 current ops/sec; [READ: Count=49781, Max=2905, Min=3, Avg=31.69, 90=89, 99=121, 99.9=161, 99.99=1407] [INSERT: Count=4093, Max=2833, Min=147, Avg=177.39, 90=192, 99=226, 99.9=262, 99.99=2833] [READ-FAILED: Count=28066, Max=2767, Min=44, Avg=55.68, 90=64, 99=75, 99.9=96, 99.99=331] 
2026-04-28 07:23:19:151 80 sec: 6505126 operations; 83628 current ops/sec; [READ: Count=50863, Max=3067, Min=3, Avg=30.96, 90=88, 99=121, 99.9=155, 99.99=1443] [INSERT: Count=4192, Max=511, Min=141, Avg=168.83, 90=190, 99=221, 99.9=257, 99.99=511] [READ-FAILED: Count=28558, Max=312, Min=45, Avg=55.27, 90=64, 99=74, 99.9=93, 99.99=248] 
2026-04-28 07:23:20:151 81 sec: 6589182 operations; 84056 current ops/sec; [READ: Count=50427, Max=1599, Min=3, Avg=30.58, 90=88, 99=120, 99.9=155, 99.99=1355] [INSERT: Count=4322, Max=1502, Min=139, Avg=164.7, 90=178, 99=215, 99.9=243, 99.99=1502] [READ-FAILED: Count=29303, Max=1263, Min=44, Avg=54.93, 90=63, 99=74, 99.9=92, 99.99=131] 
2026-04-28 07:23:21:151 82 sec: 6663590 operations; 74408 current ops/sec; [READ: Count=46040, Max=11391, Min=3, Avg=33.89, 90=90, 99=126, 99.9=525, 99.99=1579] [INSERT: Count=3778, Max=42879, Min=141, Avg=238.19, 90=180, 99=471, 99.9=37855, 99.99=42879] [READ-FAILED: Count=24613, Max=3087, Min=6, Avg=57.67, 90=67, 99=81, 99.9=105, 99.99=3053] 
2026-04-28 07:23:22:151 83 sec: 6738539 operations; 74949 current ops/sec; [READ: Count=46074, Max=1731, Min=4, Avg=37.84, 90=91, 99=125, 99.9=332, 99.99=1481] [INSERT: Count=3732, Max=279, Min=141, Avg=169.38, 90=181, 99=225, 99.9=262, 99.99=279] [READ-FAILED: Count=25114, Max=1282, Min=50, Avg=59.58, 90=69, 99=81, 99.9=103, 99.99=191] 
2026-04-28 07:23:23:151 84 sec: 6815702 operations; 77163 current ops/sec; [READ: Count=47189, Max=1759, Min=4, Avg=35.83, 90=90, 99=124, 99.9=240, 99.99=1435] [INSERT: Count=3801, Max=2203, Min=144, Avg=164.98, 90=178, 99=214, 99.9=237, 99.99=2203] [READ-FAILED: Count=26183, Max=2119, Min=49, Avg=59.25, 90=68, 99=80, 99.9=108, 99.99=334] 
2026-04-28 07:23:24:151 85 sec: 6893842 operations; 78140 current ops/sec; [READ: Count=47952, Max=1602, Min=4, Avg=35.27, 90=91, 99=124, 99.9=312, 99.99=1484] [INSERT: Count=3818, Max=251, Min=144, Avg=164.45, 90=175, 99=215, 99.9=243, 99.99=251] [READ-FAILED: Count=26370, Max=396, Min=49, Avg=58.73, 90=67, 99=78, 99.9=98, 99.99=203] 
2026-04-28 07:23:25:151 86 sec: 6971008 operations; 77166 current ops/sec; [READ: Count=47306, Max=9095, Min=4, Avg=34.64, 90=91, 99=125, 99.9=324, 99.99=1351] [INSERT: Count=3850, Max=9311, Min=149, Avg=176.25, 90=186, 99=225, 99.9=300, 99.99=9311] [READ-FAILED: Count=26022, Max=9127, Min=48, Avg=59.67, 90=68, 99=79, 99.9=109, 99.99=592] 
2026-04-28 07:23:26:151 87 sec: 7041678 operations; 70670 current ops/sec; [READ: Count=43608, Max=2925, Min=4, Avg=34.78, 90=91, 99=125, 99.9=174, 99.99=1343] [INSERT: Count=3494, Max=36415, Min=148, Avg=281.74, 90=472, 99=1142, 99.9=35103, 99.99=36415] [READ-FAILED: Count=23577, Max=1080, Min=47, Avg=58.59, 90=67, 99=79, 99.9=93, 99.99=152] 
2026-04-28 07:23:27:151 88 sec: 7118232 operations; 76554 current ops/sec; [READ: Count=46732, Max=1979, Min=4, Avg=35.27, 90=91, 99=125, 99.9=170, 99.99=1395] [INSERT: Count=3827, Max=1918, Min=150, Avg=180.28, 90=192, 99=228, 99.9=255, 99.99=1918] [READ-FAILED: Count=25986, Max=351, Min=50, Avg=58.81, 90=68, 99=78, 99.9=93, 99.99=286] 
2026-04-28 07:23:28:151 89 sec: 7195189 operations; 76957 current ops/sec; [READ: Count=47700, Max=2307, Min=4, Avg=33.69, 90=90, 99=124, 99.9=166, 99.99=1306] [INSERT: Count=3842, Max=40575, Min=149, Avg=201.35, 90=189, 99=236, 99.9=2465, 99.99=40575] [READ-FAILED: Count=25426, Max=2305, Min=48, Avg=58.56, 90=67, 99=78, 99.9=98, 99.99=320] 
2026-04-28 07:23:29:151 90 sec: 7274967 operations; 79778 current ops/sec; [READ: Count=48699, Max=1623, Min=4, Avg=33.57, 90=90, 99=122, 99.9=159, 99.99=1392] [INSERT: Count=3996, Max=251, Min=144, Avg=166.89, 90=178, 99=213, 99.9=246, 99.99=251] [READ-FAILED: Count=27064, Max=381, Min=48, Avg=57.76, 90=66, 99=77, 99.9=96, 99.99=279] 
2026-04-28 07:23:30:151 91 sec: 7355280 operations; 80313 current ops/sec; [READ: Count=49243, Max=2067, Min=4, Avg=32.81, 90=89, 99=123, 99.9=170, 99.99=1353] [INSERT: Count=4060, Max=272, Min=145, Avg=170.26, 90=182, 99=220, 99.9=247, 99.99=272] [READ-FAILED: Count=27005, Max=2107, Min=48, Avg=57.65, 90=66, 99=76, 99.9=97, 99.99=308] 
2026-04-28 07:23:31:151 92 sec: 7431104 operations; 75824 current ops/sec; [READ: Count=46528, Max=2069, Min=4, Avg=33.04, 90=91, 99=125, 99.9=168, 99.99=1476] [INSERT: Count=3691, Max=36319, Min=145, Avg=224.77, 90=196, 99=587, 99.9=32367, 99.99=36319] [READ-FAILED: Count=25614, Max=2013, Min=48, Avg=58.82, 90=68, 99=79, 99.9=103, 99.99=338] 
2026-04-28 07:23:32:151 93 sec: 7510468 operations; 79364 current ops/sec; [READ: Count=48466, Max=2279, Min=4, Avg=32.76, 90=91, 99=124, 99.9=162, 99.99=1374] [INSERT: Count=4063, Max=264, Min=145, Avg=172.36, 90=185, 99=224, 99.9=250, 99.99=264] [READ-FAILED: Count=26820, Max=2199, Min=43, Avg=58.8, 90=67, 99=78, 99.9=98, 99.99=349] 
2026-04-28 07:23:33:151 94 sec: 7589932 operations; 79464 current ops/sec; [READ: Count=48605, Max=3157, Min=4, Avg=32.31, 90=90, 99=125, 99.9=166, 99.99=1356] [INSERT: Count=3977, Max=298, Min=149, Avg=180.37, 90=192, 99=230, 99.9=268, 99.99=298] [READ-FAILED: Count=26897, Max=916, Min=43, Avg=58.72, 90=67, 99=78, 99.9=96, 99.99=262] 
2026-04-28 07:23:34:151 95 sec: 7669016 operations; 79084 current ops/sec; [READ: Count=48087, Max=3029, Min=4, Avg=32.2, 90=91, 99=126, 99.9=350, 99.99=1850] [INSERT: Count=4026, Max=280, Min=147, Avg=182, 90=193, 99=232, 99.9=264, 99.99=280] [READ-FAILED: Count=26970, Max=1867, Min=50, Avg=58.83, 90=67, 99=78, 99.9=109, 99.99=297] 
2026-04-28 07:23:35:151 96 sec: 7749625 operations; 80609 current ops/sec; [READ: Count=50906, Max=1572, Min=3, Avg=30.81, 90=90, 99=126, 99.9=280, 99.99=1393] [INSERT: Count=3960, Max=71231, Min=143, Avg=199.87, 90=192, 99=234, 99.9=861, 99.99=71231] [READ-FAILED: Count=25750, Max=1487, Min=48, Avg=58.63, 90=67, 99=78, 99.9=106, 99.99=451] 
2026-04-28 07:23:36:151 97 sec: 7812167 operations; 62542 current ops/sec; [READ: Count=39107, Max=226047, Min=4, Avg=42.27, 90=92, 99=130, 99.9=546, 99.99=9439] [INSERT: Count=3094, Max=36959, Min=150, Avg=269.69, 90=407, 99=1046, 99.9=6295, 99.99=36959] [READ-FAILED: Count=20333, Max=3285, Min=47, Avg=60.26, 90=70, 99=85, 99.9=120, 99.99=3269] 
2026-04-28 07:23:37:151 98 sec: 7881868 operations; 69701 current ops/sec; [READ: Count=43385, Max=298495, Min=4, Avg=47.82, 90=93, 99=132, 99.9=760, 99.99=1307] [INSERT: Count=3391, Max=467, Min=144, Avg=170.16, 90=185, 99=222, 99.9=280, 99.99=467] [READ-FAILED: Count=22932, Max=321, Min=49, Avg=61.55, 90=71, 99=86, 99.9=109, 99.99=165] 
2026-04-28 07:23:38:151 99 sec: 7954968 operations; 73100 current ops/sec; [READ: Count=45136, Max=54847, Min=3, Avg=39.15, 90=91, 99=125, 99.9=370, 99.99=2030] [INSERT: Count=3639, Max=8951, Min=143, Avg=168.32, 90=178, 99=213, 99.9=246, 99.99=8951] [READ-FAILED: Count=24352, Max=27439, Min=49, Avg=61.19, 90=69, 99=81, 99.9=105, 99.99=368] 
2026-04-28 07:23:39:151 100 sec: 8030705 operations; 75737 current ops/sec; [READ: Count=46801, Max=1885, Min=3, Avg=36.16, 90=91, 99=129, 99.9=321, 99.99=1700] [INSERT: Count=3757, Max=1872, Min=146, Avg=173.13, 90=186, 99=228, 99.9=288, 99.99=1872] [READ-FAILED: Count=25145, Max=1891, Min=49, Avg=60.64, 90=70, 99=92, 99.9=121, 99.99=498] 
2026-04-28 07:23:40:151 101 sec: 8107844 operations; 77139 current ops/sec; [READ: Count=47246, Max=1701, Min=3, Avg=34.88, 90=90, 99=125, 99.9=330, 99.99=1546] [INSERT: Count=3925, Max=303, Min=143, Avg=170.76, 90=183, 99=222, 99.9=248, 99.99=303] [READ-FAILED: Count=25957, Max=1636, Min=50, Avg=59.75, 90=68, 99=79, 99.9=96, 99.99=265] 
2026-04-28 07:23:41:151 102 sec: 8178118 operations; 70274 current ops/sec; [READ: Count=43323, Max=3991, Min=3, Avg=34.39, 90=90, 99=125, 99.9=354, 99.99=2107] [INSERT: Count=3574, Max=35231, Min=147, Avg=277.67, 90=500, 99=1175, 99.9=33471, 99.99=35231] [READ-FAILED: Count=23397, Max=2026, Min=49, Avg=59.89, 90=69, 99=80, 99.9=110, 99.99=634] 
2026-04-28 07:23:42:151 103 sec: 8250920 operations; 72802 current ops/sec; [READ: Count=45091, Max=1407, Min=3, Avg=35.61, 90=92, 99=128, 99.9=172, 99.99=1270] [INSERT: Count=3689, Max=6347, Min=148, Avg=220.32, 90=249, 99=1017, 99.9=1337, 99.99=6347] [READ-FAILED: Count=24028, Max=584, Min=51, Avg=60.66, 90=70, 99=80, 99.9=100, 99.99=278] 
2026-04-28 07:23:43:151 104 sec: 8325548 operations; 74628 current ops/sec; [READ: Count=46506, Max=1866, Min=3, Avg=34.75, 90=92, 99=128, 99.9=177, 99.99=1372] [INSERT: Count=3751, Max=42431, Min=148, Avg=206.59, 90=193, 99=238, 99.9=2047, 99.99=42431] [READ-FAILED: Count=24364, Max=1858, Min=50, Avg=60.9, 90=70, 99=82, 99.9=105, 99.99=295] 
2026-04-28 07:23:44:151 105 sec: 8401782 operations; 76234 current ops/sec; [READ: Count=46953, Max=2207, Min=3, Avg=35.01, 90=93, 99=128, 99.9=179, 99.99=1553] [INSERT: Count=3821, Max=281, Min=149, Avg=176.32, 90=189, 99=227, 99.9=255, 99.99=281] [READ-FAILED: Count=25447, Max=2183, Min=50, Avg=60.99, 90=70, 99=80, 99.9=93, 99.99=344] 
2026-04-28 07:23:45:151 106 sec: 8478357 operations; 76575 current ops/sec; [READ: Count=47202, Max=2421, Min=3, Avg=34.24, 90=92, 99=128, 99.9=196, 99.99=1475] [INSERT: Count=3846, Max=2533, Min=150, Avg=179.78, 90=191, 99=229, 99.9=260, 99.99=2533] [READ-FAILED: Count=25529, Max=2389, Min=51, Avg=61.2, 90=70, 99=81, 99.9=110, 99.99=390] 
2026-04-28 07:23:46:151 107 sec: 8552582 operations; 74225 current ops/sec; [READ: Count=45753, Max=1993, Min=3, Avg=33.78, 90=92, 99=128, 99.9=195, 99.99=1817] [INSERT: Count=3718, Max=35903, Min=146, Avg=219.82, 90=191, 99=343, 99.9=34047, 99.99=35903] [READ-FAILED: Count=24762, Max=146, Min=50, Avg=61.04, 90=70, 99=81, 99.9=98, 99.99=136] 
2026-04-28 07:23:47:151 108 sec: 8629726 operations; 77144 current ops/sec; [READ: Count=47334, Max=2083, Min=3, Avg=33.72, 90=92, 99=128, 99.9=176, 99.99=1384] [INSERT: Count=3913, Max=2093, Min=147, Avg=178.06, 90=191, 99=226, 99.9=253, 99.99=2093] [READ-FAILED: Count=25882, Max=1998, Min=15, Avg=60.91, 90=70, 99=80, 99.9=93, 99.99=141] 
2026-04-28 07:23:48:151 109 sec: 8708433 operations; 78707 current ops/sec; [READ: Count=48503, Max=1923, Min=3, Avg=32.7, 90=92, 99=126, 99.9=175, 99.99=1444] [INSERT: Count=3920, Max=278, Min=148, Avg=174.38, 90=189, 99=226, 99.9=260, 99.99=278] [READ-FAILED: Count=26281, Max=754, Min=17, Avg=60.88, 90=70, 99=80, 99.9=101, 99.99=500] 
2026-04-28 07:23:49:151 110 sec: 8786432 operations; 77999 current ops/sec; [READ: Count=48112, Max=3191, Min=3, Avg=32.82, 90=92, 99=127, 99.9=162, 99.99=1636] [INSERT: Count=3879, Max=1856, Min=152, Avg=182.29, 90=194, 99=238, 99.9=270, 99.99=1856] [READ-FAILED: Count=26012, Max=1684, Min=50, Avg=60.83, 90=70, 99=81, 99.9=103, 99.99=1217] 
2026-04-28 07:23:50:151 111 sec: 8867325 operations; 80893 current ops/sec; [READ: Count=49588, Max=1839, Min=3, Avg=31.52, 90=90, 99=125, 99.9=163, 99.99=1330] [INSERT: Count=4072, Max=2043, Min=142, Avg=170.25, 90=184, 99=223, 99.9=263, 99.99=2043] [READ-FAILED: Count=27249, Max=1819, Min=50, Avg=59.19, 90=68, 99=79, 99.9=93, 99.99=356] 
2026-04-28 07:23:51:151 112 sec: 8944362 operations; 77037 current ops/sec; [READ: Count=47974, Max=11591, Min=3, Avg=33.36, 90=90, 99=127, 99.9=629, 99.99=2975] [INSERT: Count=3834, Max=37855, Min=140, Avg=193.85, 90=184, 99=229, 99.9=838, 99.99=37855] [READ-FAILED: Count=25211, Max=3095, Min=49, Avg=60.69, 90=69, 99=82, 99.9=118, 99.99=2975] 
2026-04-28 07:23:52:151 113 sec: 9007735 operations; 63373 current ops/sec; [READ: Count=39845, Max=1545, Min=4, Avg=42.16, 90=95, 99=134, 99.9=583, 99.99=1366] [INSERT: Count=3177, Max=36799, Min=147, Avg=280.46, 90=459, 99=1009, 99.9=35327, 99.99=36799] [READ-FAILED: Count=20368, Max=1493, Min=52, Avg=64.83, 90=75, 99=89, 99.9=124, 99.99=1374] 
2026-04-28 07:23:53:151 114 sec: 9078825 operations; 71090 current ops/sec; [READ: Count=44177, Max=7479, Min=4, Avg=39.66, 90=94, 99=130, 99.9=172, 99.99=1210] [INSERT: Count=3554, Max=7723, Min=149, Avg=175.98, 90=184, 99=220, 99.9=264, 99.99=7723] [READ-FAILED: Count=23355, Max=7463, Min=52, Avg=64.17, 90=73, 99=85, 99.9=105, 99.99=338] 
2026-04-28 07:23:54:151 115 sec: 9150031 operations; 71206 current ops/sec; [READ: Count=43971, Max=2071, Min=4, Avg=39.33, 90=95, 99=130, 99.9=280, 99.99=1523] [INSERT: Count=3626, Max=2091, Min=148, Avg=174.79, 90=186, 99=227, 99.9=260, 99.99=2091] [READ-FAILED: Count=23607, Max=1923, Min=54, Avg=64.12, 90=74, 99=85, 99.9=103, 99.99=322] 
2026-04-28 07:23:55:151 116 sec: 9223090 operations; 73059 current ops/sec; [READ: Count=45749, Max=9535, Min=4, Avg=38.03, 90=93, 99=129, 99.9=337, 99.99=1353] [INSERT: Count=3598, Max=445, Min=148, Avg=172.12, 90=183, 99=222, 99.9=257, 99.99=445] [READ-FAILED: Count=23708, Max=9431, Min=52, Avg=63.93, 90=73, 99=85, 99.9=112, 99.99=385] 
2026-04-28 07:23:56:151 117 sec: 9298492 operations; 75402 current ops/sec; [READ: Count=46788, Max=1528, Min=4, Avg=36.35, 90=92, 99=127, 99.9=187, 99.99=1409] [INSERT: Count=3800, Max=1610, Min=143, Avg=164.81, 90=175, 99=217, 99.9=245, 99.99=1610] [READ-FAILED: Count=24810, Max=297, Min=51, Avg=62.31, 90=71, 99=83, 99.9=103, 99.99=164] 
2026-04-28 07:23:57:151 118 sec: 9370862 operations; 72370 current ops/sec; [READ: Count=45174, Max=2875, Min=4, Avg=36.06, 90=93, 99=129, 99.9=182, 99.99=1627] [INSERT: Count=3604, Max=34335, Min=144, Avg=209.7, 90=183, 99=242, 99.9=33471, 99.99=34335] [READ-FAILED: Count=23602, Max=1168, Min=52, Avg=63.24, 90=72, 99=83, 99.9=104, 99.99=315] 
2026-04-28 07:23:58:151 119 sec: 9447292 operations; 76430 current ops/sec; [READ: Count=47485, Max=2671, Min=4, Avg=34.98, 90=92, 99=127, 99.9=167, 99.99=1323] [INSERT: Count=3797, Max=248, Min=145, Avg=164.5, 90=176, 99=214, 99.9=245, 99.99=248] [READ-FAILED: Count=25132, Max=2665, Min=54, Avg=63.08, 90=72, 99=82, 99.9=95, 99.99=2595] 
Maximum time elapsed. Requesting stop for the workload.
Stop requested for workload. Now Joining!
2026-04-28 07:23:59:151 120 sec: 9521546 operations; 74254 current ops/sec; [READ: Count=46996, Max=1402, Min=4, Avg=33.72, 90=91, 99=128, 99.9=193, 99.99=1252] [INSERT: Count=3725, Max=76927, Min=144, Avg=220.33, 90=177, 99=216, 99.9=692, 99.99=76927] [READ-FAILED: Count=23540, Max=1464, Min=52, Avg=62.51, 90=71, 99=83, 99.9=113, 99.99=386] 
2026-04-28 07:23:59:250 120 sec: 9521586 operations; 404.04 current ops/sec; [READ: Count=21, Max=128, Min=4, Avg=34.76, 90=93, 99=128, 99.9=128, 99.99=128] [CLEANUP: Count=4, Max=98623, Min=29424, Avg=65306, 90=98623, 99=98623, 99.9=98623, 99.99=98623] [INSERT: Count=1, Max=167, Min=167, Avg=167, 90=167, 99=167, 99.9=167, 99.99=167] [READ-FAILED: Count=0, Max=0, Min=0, Avg=0, 90=0, 99=0, 99.9=0, 99.99=0] 
	Command being timed: "/users/Xinying/ozonedb/ycsb/bin/ycsb run ozonedb -threads 4 -s -P /users/Xinying/ozonedb/ycsb/workloads/generated_workloads/workloadd_1KB_1000000_1000000 -p status.interval=1 -p maxexecutiontime=120 -p operationcount=0 -p shared_config=/users/Xinying/ozonedb/src/config/local/shared_config_rocksdb.json"
	User time (seconds): 336.20
	System time (seconds): 131.96
	Percent of CPU this job got: 367%
	Elapsed (wall clock) time (h:mm:ss or m:ss): 2:07.40
	Average shared text size (kbytes): 0
	Average unshared data size (kbytes): 0
	Average stack size (kbytes): 0
	Average total size (kbytes): 0
	Maximum resident set size (kbytes): 18924560
	Average resident set size (kbytes): 0
	Major (requiring I/O) page faults: 763
	Minor (reclaiming a frame) page faults: 5084267
	Voluntary context switches: 1327725
	Involuntary context switches: 2562
	Swaps: 0
	File system inputs: 45630404
	File system outputs: 3295444
	Socket messages sent: 0
	Socket messages received: 0
	Signals delivered: 0
	Page size (bytes): 4096
	Exit status: 0
