# CMD: /usr/bin/time -v /users/Xinying/ozonedb/ycsb/bin/ycsb run ozonedb -threads 4 -s -P /users/Xinying/ozonedb/ycsb/workloads/generated_workloads/workloadf_1KB_1000000_1000000 -p status.interval=1 -p maxexecutiontime=120 -p operationcount=0 -p shared_config=/users/Xinying/ozonedb/src/config/local/shared_config_rocksdb.json
# devices=['sda6'] sectors_before=1429793640 sectors_after=1445162944
# elapsed_s=127.47 returncode=0

=== STDOUT ===
Starting compaction watcher
Starting compaction watcher
Starting compaction watcher
Starting compaction watcher
2026-04-28 07:49:59:2882026-04-28 07:49:59:288 - NewTail completed:  - NewTail completed: 

2026-04-28 07:49:59:293 - NewTail completed: 
2026-04-28 07:50:01:890 - NewTail completed: 
2026-04-28 07:50:01:910 - Compaction started: 
139983453156928:Compacting datalog/35 datalog/36 into:sstable1/866508e0-6d59-4b14-8c7d-4174d601fe09202604280149571777362602095149425.sst
2026-04-28 07:50:02:414 - Compaction completed: 
2026-04-28 07:50:04:294 - NewTail completed: 
2026-04-28 07:50:04:294 - NewTail completed: 
2026-04-28 07:50:04:299 - NewTail completed: 
2026-04-28 07:50:06:617 - NewTail completed: 
2026-04-28 07:50:06:625 - Compaction started: 
139983453156928:Compacting datalog/37 datalog/38 into:sstable1/866508e0-6d59-4b14-8c7d-4174d601fe09202604280149571777362606730640060.sst
2026-04-28 07:50:07:005 - Compaction completed: 
2026-04-28 07:50:07:031 - Compaction started: 
139983453156928:Compacting sstable1/fdf40179-5256-4028-90ea-15af28ebf787202604231034301776962195318187250.sst sstable1/fdf40179-5256-4028-90ea-15af28ebf787202604231034301776962203658627099.sst into:sstable2/866508e0-6d59-4b14-8c7d-4174d601fe09202604280149571777362607737418299.sst
2026-04-28 07:50:08:620 - Compaction completed: 
2026-04-28 07:50:09:420 - NewTail completed: 
2026-04-28 07:50:11:803 - NewTail completed: 
2026-04-28 07:50:11:841 - Compaction started: 
139983453156928:Compacting datalog/39 datalog/40 into:sstable1/866508e0-6d59-4b14-8c7d-4174d601fe09202604280149571777362611967698107.sst
2026-04-28 07:50:12:248 - Compaction completed: 
2026-04-28 07:50:14:808 - NewTail completed: 
2026-04-28 07:50:14:809 - NewTail completed: 
2026-04-28 07:50:17:310 - NewTail completed: 
2026-04-28 07:50:17:362 - Compaction started: 
139983453156928:Compacting datalog/41 datalog/42 into:sstable1/866508e0-6d59-4b14-8c7d-4174d601fe09202604280149571777362617494787685.sst
2026-04-28 07:50:17:774 - Compaction completed: 
2026-04-28 07:50:19:714 - NewTail completed: 
2026-04-28 07:50:19:715 - NewTail completed: 
2026-04-28 07:50:19:716 - NewTail completed: 
2026-04-28 07:50:22:014 - NewTail completed: 
2026-04-28 07:50:22:089 - Compaction started: 
139983453156928:Compacting datalog/43 datalog/44 into:sstable1/866508e0-6d59-4b14-8c7d-4174d601fe09202604280149571777362622214862482.sst
2026-04-28 07:50:22:492 - Compaction completed: 
2026-04-28 07:50:22:602 - Compaction started: 
139983453156928:Compacting sstable1/fdf40179-5256-4028-90ea-15af28ebf787202604231034301776962212445933441.sst sstable1/866508e0-6d59-4b14-8c7d-4174d601fe09202604280149571777362602095149425.sst into:sstable2/866508e0-6d59-4b14-8c7d-4174d601fe09202604280149571777362623176362084.sst
2026-04-28 07:50:23:926 - Compaction completed: 
2026-04-28 07:50:24:717 - NewTail completed: 
2026-04-28 07:50:27:019 - NewTail completed: 
2026-04-28 07:50:27:042 - Compaction started: 
139983453156928:Compacting datalog/45 datalog/46 into:sstable1/866508e0-6d59-4b14-8c7d-4174d601fe09202604280149571777362627176050469.sst
2026-04-28 07:50:27:452 - Compaction completed: 
2026-04-28 07:50:29:825 - NewTail completed: 
2026-04-28 07:50:29:825 - NewTail completed: 
2026-04-28 07:50:32:224 - NewTail completed: 
2026-04-28 07:50:32:317 - Compaction started: 
139984408909376:Compacting datalog/47 datalog/48 into:sstable1/5c95da69-928d-4bfc-9fed-3623fb2ee9c4202604280149571777362632491815073.sst
2026-04-28 07:50:32:774 - Compaction completed: 
2026-04-28 07:50:32:921 - Compaction started: 
139984442480192:Compacting sstable1/866508e0-6d59-4b14-8c7d-4174d601fe09202604280149571777362606730640060.sst sstable1/866508e0-6d59-4b14-8c7d-4174d601fe09202604280149571777362611967698107.sst into:sstable2/b9f4d5c6-6768-4580-8d74-ea0cd803ea64202604280149571777362633409805044.sst
2026-04-28 07:50:33:955 - Compaction completed: 
2026-04-28 07:50:34:929 - NewTail completed: 
2026-04-28 07:50:37:330 - NewTail completed: 
2026-04-28 07:50:37:369 - Compaction started: 
139984442480192:Compacting datalog/49 datalog/50 into:sstable1/b9f4d5c6-6768-4580-8d74-ea0cd803ea64202604280149571777362637500700131.sst
2026-04-28 07:50:37:775 - Compaction completed: 
2026-04-28 07:50:40:135 - NewTail completed: 
2026-04-28 07:50:40:137 - NewTail completed: 
2026-04-28 07:50:42:537 - NewTail completed: 
2026-04-28 07:50:42:540 - NewTail completed: 
2026-04-28 07:50:42:556 - Compaction started: 
139984442480192:Compacting datalog/51 datalog/52 into:sstable1/b9f4d5c6-6768-4580-8d74-ea0cd803ea64202604280149571777362642681265003.sst
2026-04-28 07:50:42:962 - Compaction completed: 
2026-04-28 07:50:43:038 - Compaction started: 
139984425694784:Compacting sstable1/866508e0-6d59-4b14-8c7d-4174d601fe09202604280149571777362617494787685.sst sstable1/866508e0-6d59-4b14-8c7d-4174d601fe09202604280149571777362622214862482.sst into:sstable2/fae53295-bfd4-490b-89fa-19283a183ba5202604280149571777362643558390350.sst
2026-04-28 07:50:44:095 - Compaction completed: 
2026-04-28 07:50:45:244 - NewTail completed: 
2026-04-28 07:50:45:244 - NewTail completed: 
2026-04-28 07:50:47:557 - NewTail completed: 
2026-04-28 07:50:47:647 - Compaction started: 
139983453156928:Compacting datalog/53 datalog/54 into:sstable1/866508e0-6d59-4b14-8c7d-4174d601fe09202604280149571777362647777448013.sst
2026-04-28 07:50:48:073 - Compaction completed: 
2026-04-28 07:50:50:450 - NewTail completed: 2026-04-28 07:50:50:450 - NewTail completed: 

2026-04-28 07:50:52:884 - NewTail completed: 
2026-04-28 07:50:52:903 - Compaction started: 
139983453156928:Compacting datalog/55 datalog/56 into:sstable1/866508e0-6d59-4b14-8c7d-4174d601fe09202604280149571777362653041446073.sst
2026-04-28 07:50:53:315 - Compaction completed: 
2026-04-28 07:50:53:401 - Compaction started: 
139984442480192:Compacting sstable1/866508e0-6d59-4b14-8c7d-4174d601fe09202604280149571777362627176050469.sst sstable1/5c95da69-928d-4bfc-9fed-3623fb2ee9c4202604280149571777362632491815073.sst into:sstable2/b9f4d5c6-6768-4580-8d74-ea0cd803ea64202604280149571777362653816655067.sst
2026-04-28 07:50:54:371 - Compaction completed: 
2026-04-28 07:50:55:673 - NewTail completed: 
2026-04-28 07:50:58:276 - NewTail completed: 
2026-04-28 07:50:58:347 - Compaction started: 
139983453156928:Compacting datalog/57 datalog/58 into:sstable1/866508e0-6d59-4b14-8c7d-4174d601fe09202604280149571777362658489055868.sst
2026-04-28 07:50:58:777 - Compaction completed: 
2026-04-28 07:51:00:995 - NewTail completed: 
2026-04-28 07:51:03:664 - NewTail completed: 
2026-04-28 07:51:03:667 - NewTail completed: 
2026-04-28 07:51:03:720 - Compaction started: 
139984442480192:Compacting datalog/59 datalog/60 into:sstable1/b9f4d5c6-6768-4580-8d74-ea0cd803ea64202604280149571777362663866498249.sst
2026-04-28 07:51:04:141 - Compaction completed: 
2026-04-28 07:51:04:223 - Compaction started: 
139984442480192:Compacting sstable1/b9f4d5c6-6768-4580-8d74-ea0cd803ea64202604280149571777362637500700131.sst sstable1/b9f4d5c6-6768-4580-8d74-ea0cd803ea64202604280149571777362642681265003.sst into:sstable2/b9f4d5c6-6768-4580-8d74-ea0cd803ea64202604280149571777362664657143862.sst
2026-04-28 07:51:05:225 - Compaction completed: 
2026-04-28 07:51:06:201 - NewTail completed: 
2026-04-28 07:51:08:978 - NewTail completed: 
2026-04-28 07:51:08:978 - NewTail completed: 
2026-04-28 07:51:09:041 - Compaction started: 
139984442480192:Compacting datalog/61 datalog/62 into:sstable1/b9f4d5c6-6768-4580-8d74-ea0cd803ea64202604280149571777362669184525943.sst
2026-04-28 07:51:09:465 - Compaction completed: 
2026-04-28 07:51:11:480 - NewTail completed: 
2026-04-28 07:51:11:480 - NewTail completed: 
2026-04-28 07:51:14:181 - NewTail completed: 
2026-04-28 07:51:14:183 - NewTail completed: 
2026-04-28 07:51:14:253 - Compaction started: 
139984442480192:Compacting datalog/63 datalog/64 into:sstable1/b9f4d5c6-6768-4580-8d74-ea0cd803ea64202604280149571777362674414911355.sst
2026-04-28 07:51:14:695 - Compaction completed: 
2026-04-28 07:51:14:757 - Compaction started: 
139984442480192:Compacting sstable1/866508e0-6d59-4b14-8c7d-4174d601fe09202604280149571777362647777448013.sst sstable1/866508e0-6d59-4b14-8c7d-4174d601fe09202604280149571777362653041446073.sst into:sstable2/b9f4d5c6-6768-4580-8d74-ea0cd803ea64202604280149571777362675181410442.sst
2026-04-28 07:51:15:738 - Compaction completed: 
2026-04-28 07:51:16:784 - NewTail completed: 
2026-04-28 07:51:19:589 - NewTail completed: 
2026-04-28 07:51:19:589 - NewTail completed: 
2026-04-28 07:51:19:669 - Compaction started: 
139984442480192:Compacting datalog/65 datalog/66 into:sstable1/b9f4d5c6-6768-4580-8d74-ea0cd803ea64202604280149571777362679815054024.sst
2026-04-28 07:51:20:094 - Compaction completed: 
2026-04-28 07:51:22:121 - NewTail completed: 
2026-04-28 07:51:24:895 - NewTail completed: 
2026-04-28 07:51:24:979 - Compaction started: 
139984442480192:Compacting datalog/67 datalog/68 into:sstable1/b9f4d5c6-6768-4580-8d74-ea0cd803ea64202604280149571777362685128039833.sst
2026-04-28 07:51:25:392 - Compaction started: 
2026-04-28 07:51:25:411 - Compaction completed: 
139984408909376:Compacting sstable1/866508e0-6d59-4b14-8c7d-4174d601fe09202604280149571777362658489055868.sst sstable1/b9f4d5c6-6768-4580-8d74-ea0cd803ea64202604280149571777362663866498249.sst into:sstable2/5c95da69-928d-4bfc-9fed-3623fb2ee9c4202604280149571777362685823841850.sst
2026-04-28 07:51:26:363 - Compaction completed: 
2026-04-28 07:51:27:599 - NewTail completed: 
2026-04-28 07:51:30:399 - NewTail completed: 
2026-04-28 07:51:30:403 - Compaction started: 
139984408909376:Compacting datalog/69 datalog/70 into:sstable1/5c95da69-928d-4bfc-9fed-3623fb2ee9c4202604280149571777362690531316740.sst
2026-04-28 07:51:30:805 - Compaction completed: 
2026-04-28 07:51:32:916 - NewTail completed: 
2026-04-28 07:51:35:637 - NewTail completed: 
2026-04-28 07:51:35:704 - Compaction started: 
139983453156928:Compacting datalog/71 datalog/72 into:sstable1/866508e0-6d59-4b14-8c7d-4174d601fe09202604280149571777362695849621572.sst
2026-04-28 07:51:36:136 - Compaction completed: 
2026-04-28 07:51:36:200 - Compaction started: 
139984442480192:Compacting sstable1/b9f4d5c6-6768-4580-8d74-ea0cd803ea64202604280149571777362669184525943.sst sstable1/b9f4d5c6-6768-4580-8d74-ea0cd803ea64202604280149571777362674414911355.sst into:sstable2/b9f4d5c6-6768-4580-8d74-ea0cd803ea64202604280149571777362696642843481.sst
2026-04-28 07:51:37:211 - Compaction completed: 
2026-04-28 07:51:38:321 - NewTail completed: 
2026-04-28 07:51:41:217 - NewTail completed: 
2026-04-28 07:51:41:229 - Compaction started: 
139984442480192:Compacting datalog/73 datalog/74 into:sstable1/b9f4d5c6-6768-4580-8d74-ea0cd803ea64202604280149571777362701377729298.sst
2026-04-28 07:51:41:685 - Compaction completed: 
2026-04-28 07:51:43:819 - NewTail completed: 
2026-04-28 07:51:46:525 - NewTail completed: 
2026-04-28 07:51:46:538 - Compaction started: 
139984442480192:Compacting datalog/75 datalog/76 into:sstable1/b9f4d5c6-6768-4580-8d74-ea0cd803ea64202604280149571777362706685836980.sst
2026-04-28 07:51:46:972 - Compaction completed: 
2026-04-28 07:51:47:025 - Compaction started: 
139983453156928:Compacting sstable1/b9f4d5c6-6768-4580-8d74-ea0cd803ea64202604280149571777362679815054024.sst sstable1/b9f4d5c6-6768-4580-8d74-ea0cd803ea64202604280149571777362685128039833.sst into:sstable2/866508e0-6d59-4b14-8c7d-4174d601fe09202604280149571777362707450540241.sst
2026-04-28 07:51:48:004 - Compaction completed: 
2026-04-28 07:51:49:128 - NewTail completed: 
2026-04-28 07:51:51:940 - NewTail completed: 
2026-04-28 07:51:51:948 - Compaction started: 
139984442480192:Compacting datalog/77 datalog/78 into:sstable1/b9f4d5c6-6768-4580-8d74-ea0cd803ea64202604280149571777362712098833324.sst
2026-04-28 07:51:52:399 - Compaction completed: 
2026-04-28 07:51:54:642 - NewTail completed: 
[OVERALL], RunTime(ms), 120094
[OVERALL], Throughput(ops/sec), 21960.23115226406
[TOTAL_GCS_PS_Scavenge], Count, 68
[TOTAL_GC_TIME_PS_Scavenge], Time(ms), 191
[TOTAL_GC_TIME_%_PS_Scavenge], Time(%), 0.1590420837011008
[TOTAL_GCS_PS_MarkSweep], Count, 0
[TOTAL_GC_TIME_PS_MarkSweep], Time(ms), 0
[TOTAL_GC_TIME_%_PS_MarkSweep], Time(%), 0.0
[TOTAL_GCs], Count, 68
[TOTAL_GC_TIME], Time(ms), 191
[TOTAL_GC_TIME_%], Time(%), 0.1590420837011008
[READ], Operations, 2637292
[READ], AverageLatency(us), 68.74668334033547
[READ], MinLatency(us), 3
[READ], MaxLatency(us), 296191
[READ], 95thPercentileLatency(us), 137
[READ], 99thPercentileLatency(us), 162
[READ], Return=OK, 2637292
[READ-MODIFY-WRITE], Operations, 1318325
[READ-MODIFY-WRITE], AverageLatency(us), 290.2501993059375
[READ-MODIFY-WRITE], MinLatency(us), 146
[READ-MODIFY-WRITE], MaxLatency(us), 456959
[READ-MODIFY-WRITE], 95thPercentileLatency(us), 398
[READ-MODIFY-WRITE], 99thPercentileLatency(us), 803
[CLEANUP], Operations, 4
[CLEANUP], AverageLatency(us), 88576.0
[CLEANUP], MinLatency(us), 85376
[CLEANUP], MaxLatency(us), 92287
[CLEANUP], 95thPercentileLatency(us), 92287
[CLEANUP], 99thPercentileLatency(us), 92287
[UPDATE], Operations, 1318325
[UPDATE], AverageLatency(us), 219.5982060569283
[UPDATE], MinLatency(us), 139
[UPDATE], MaxLatency(us), 318719
[UPDATE], 95thPercentileLatency(us), 258
[UPDATE], 99thPercentileLatency(us), 664
[UPDATE], Return=OK, 1318325

=== STDERR ===
[WARN]  Running against a source checkout. In order to get our runtime dependencies we'll have to invoke Maven. Depending on the state of your system, this may take ~30-45 seconds
[DEBUG]  Running 'mvn -pl site.ycsb:ozonedb-binding -am package -DskipTests dependency:build-classpath -DincludeScope=compile -Dmdep.outputFilterFile=true'
/usr/lib/jvm/java-8-openjdk-amd64/bin/java -cp /users/Xinying/ozonedb/ycsb/ozonedb/conf:/users/Xinying/ozonedb/ycsb/ozonedb/target/ozonedb-binding-0.18.0-SNAPSHOT.jar:/users/Xinying/.m2/repository/org/apache/htrace/htrace-core4/4.1.0-incubating/htrace-core4-4.1.0-incubating.jar:/users/Xinying/.m2/repository/org/slf4j/slf4j-api/1.7.25/slf4j-api-1.7.25.jar:/users/Xinying/.m2/repository/org/hdrhistogram/HdrHistogram/2.1.12/HdrHistogram-2.1.12.jar:/users/Xinying/.m2/repository/ch/qos/logback/logback-classic/1.2.3/logback-classic-1.2.3.jar:/users/Xinying/.m2/repository/ozonedbjnimaven/demoproc-jni/1.0/demoproc-jni-1.0.jar:/users/Xinying/.m2/repository/ch/qos/logback/logback-core/1.2.3/logback-core-1.2.3.jar:/users/Xinying/.m2/repository/org/codehaus/jackson/jackson-mapper-asl/1.9.4/jackson-mapper-asl-1.9.4.jar:/users/Xinying/.m2/repository/org/slf4j/slf4j-simple/1.7.25/slf4j-simple-1.7.25.jar:/users/Xinying/.m2/repository/org/codehaus/jackson/jackson-core-asl/1.9.4/jackson-core-asl-1.9.4.jar:/users/Xinying/ozonedb/ycsb/core/target/core-0.18.0-SNAPSHOT.jar site.ycsb.Client -db site.ycsb.db.OzoneDBClient -threads 4 -s -P /users/Xinying/ozonedb/ycsb/workloads/generated_workloads/workloadf_1KB_1000000_1000000 -p status.interval=1 -p maxexecutiontime=120 -p operationcount=0 -p shared_config=/users/Xinying/ozonedb/src/config/local/shared_config_rocksdb.json -t
Command line: -db site.ycsb.db.OzoneDBClient -threads 4 -s -P /users/Xinying/ozonedb/ycsb/workloads/generated_workloads/workloadf_1KB_1000000_1000000 -p status.interval=1 -p maxexecutiontime=120 -p operationcount=0 -p shared_config=/users/Xinying/ozonedb/src/config/local/shared_config_rocksdb.json -t
YCSB Client 0.18.0-SNAPSHOT

Loading workload...
Starting test.
SLF4J: Class path contains multiple SLF4J bindings.
SLF4J: Found binding in [jar:file:/users/Xinying/.m2/repository/ch/qos/logback/logback-classic/1.2.3/logback-classic-1.2.3.jar!/org/slf4j/impl/StaticLoggerBinder.class]
SLF4J: Found binding in [jar:file:/users/Xinying/.m2/repository/org/slf4j/slf4j-simple/1.7.25/slf4j-simple-1.7.25.jar!/org/slf4j/impl/StaticLoggerBinder.class]
SLF4J: See http://www.slf4j.org/codes.html#multiple_bindings for an explanation.
SLF4J: Actual binding is of type [ch.qos.logback.classic.util.ContextSelectorStaticBinder]
Maximum execution time specified as: 120 secs
2026-04-28 07:49:57:059 0 sec: 0 operations; 
DBWrapper: report latency for each error is false and specific error codes to track for latency are: []
2026-04-28 07:49:58:059 1 sec: 2010 operations; 2007.99 current ops/sec; [READ: Count=2041, Max=133503, Min=3, Avg=350.37, 90=124, 99=846, 99.9=124287, 99.99=133503] [READ-MODIFY-WRITE: Count=1049, Max=456959, Min=174, Avg=1827.65, 90=455, 99=1339, 99.9=456703, 99.99=456959] [UPDATE: Count=1091, Max=318719, Min=163, Avg=1403.61, 90=305, 99=602, 99.9=318207, 99.99=318719] 
2026-04-28 07:49:59:059 2 sec: 23179 operations; 21190.19 current ops/sec; [READ: Count=21146, Max=7095, Min=3, Avg=78.18, 90=109, 99=156, 99.9=5095, 99.99=6891] [READ-MODIFY-WRITE: Count=10540, Max=7435, Min=159, Avg=294.11, 90=344, 99=737, 99.9=6391, 99.99=7199] [UPDATE: Count=10534, Max=7331, Min=151, Avg=210.82, 90=236, 99=445, 99.9=2012, 99.99=6999] 
2026-04-28 07:50:00:059 3 sec: 45864 operations; 22685 current ops/sec; [READ: Count=22695, Max=7555, Min=3, Avg=70.29, 90=107, 99=135, 99.9=5595, 99.99=7183] [READ-MODIFY-WRITE: Count=11253, Max=20463, Min=160, Avg=277.48, 90=335, 99=404, 99.9=6203, 99.99=7831] [UPDATE: Count=11230, Max=19567, Min=152, Avg=205.7, 90=230, 99=279, 99.9=1136, 99.99=6967] 
2026-04-28 07:50:01:059 4 sec: 68821 operations; 22957 current ops/sec; [READ: Count=22949, Max=8083, Min=3, Avg=67.87, 90=108, 99=133, 99.9=5271, 99.99=7247] [READ-MODIFY-WRITE: Count=11604, Max=8279, Min=156, Avg=270.44, 90=333, 99=384, 99.9=6227, 99.99=7487] [UPDATE: Count=11602, Max=7151, Min=149, Avg=203.59, 90=228, 99=272, 99.9=1779, 99.99=7115] 
2026-04-28 07:50:02:059 5 sec: 90469 operations; 21648 current ops/sec; [READ: Count=21662, Max=6811, Min=3, Avg=63.71, 90=109, 99=134, 99.9=3093, 99.99=6715] [READ-MODIFY-WRITE: Count=10911, Max=68095, Min=152, Avg=297.75, 90=340, 99=618, 99.9=3593, 99.99=66559] [UPDATE: Count=10921, Max=66303, Min=146, Avg=234.32, 90=233, 99=538, 99.9=2637, 99.99=66175] 
2026-04-28 07:50:03:059 6 sec: 115124 operations; 24630.37 current ops/sec; [READ: Count=24649, Max=14271, Min=3, Avg=63.12, 90=106, 99=133, 99.9=2861, 99.99=7031] [READ-MODIFY-WRITE: Count=12382, Max=14807, Min=153, Avg=255.71, 90=321, 99=374, 99.9=3315, 99.99=11519] [UPDATE: Count=12373, Max=14615, Min=145, Avg=191.56, 90=218, 99=260, 99.9=417, 99.99=3655] 
2026-04-28 07:50:04:059 7 sec: 139868 operations; 24744 current ops/sec; [READ: Count=24746, Max=4015, Min=3, Avg=62.99, 90=108, 99=132, 99.9=2817, 99.99=3799] [READ-MODIFY-WRITE: Count=12297, Max=4079, Min=153, Avg=258.3, 90=327, 99=373, 99.9=3255, 99.99=4027] [UPDATE: Count=12297, Max=3869, Min=146, Avg=192.64, 90=221, 99=259, 99.9=333, 99.99=3443] 
2026-04-28 07:50:05:059 8 sec: 164426 operations; 24582.58 current ops/sec; [READ: Count=24554, Max=4959, Min=3, Avg=61.62, 90=108, 99=133, 99.9=2517, 99.99=4847] [READ-MODIFY-WRITE: Count=12431, Max=18607, Min=150, Avg=256.46, 90=329, 99=380, 99.9=3009, 99.99=4611] [UPDATE: Count=12431, Max=18415, Min=143, Avg=194.27, 90=223, 99=266, 99.9=360, 99.99=3139] 
2026-04-28 07:50:06:059 9 sec: 188996 operations; 24570 current ops/sec; [READ: Count=24578, Max=3885, Min=3, Avg=61.83, 90=111, 99=135, 99.9=2711, 99.99=3497] [READ-MODIFY-WRITE: Count=12320, Max=4163, Min=149, Avg=260.59, 90=334, 99=384, 99.9=3451, 99.99=4123] [UPDATE: Count=12315, Max=4071, Min=141, Avg=195.84, 90=226, 99=268, 99.9=544, 99.99=3985] 
2026-04-28 07:50:07:059 10 sec: 207715 operations; 18719 current ops/sec; [READ: Count=18699, Max=10175, Min=3, Avg=62.74, 90=110, 99=137, 99.9=2713, 99.99=9711] [READ-MODIFY-WRITE: Count=9381, Max=95935, Min=151, Avg=358.82, 90=356, 99=967, 99.9=10727, 99.99=95935] [UPDATE: Count=9377, Max=95935, Min=143, Avg=292.82, 90=242, 99=845, 99.9=3563, 99.99=95935] 
2026-04-28 07:50:08:059 11 sec: 227393 operations; 19678 current ops/sec; [READ: Count=19682, Max=296191, Min=3, Avg=95.14, 90=115, 99=149, 99.9=2355, 99.99=236671] [READ-MODIFY-WRITE: Count=9805, Max=7623, Min=151, Avg=285.52, 90=352, 99=845, 99.9=3537, 99.99=7623] [UPDATE: Count=9810, Max=4699, Min=144, Avg=214.21, 90=237, 99=702, 99.9=1528, 99.99=4699] 
2026-04-28 07:50:09:059 12 sec: 251331 operations; 23938 current ops/sec; [READ: Count=23940, Max=39519, Min=3, Avg=68.99, 90=109, 99=139, 99.9=2815, 99.99=34047] [READ-MODIFY-WRITE: Count=11951, Max=39487, Min=151, Avg=260.19, 90=327, 99=394, 99.9=3233, 99.99=4123] [UPDATE: Count=11952, Max=4025, Min=145, Avg=191.12, 90=221, 99=262, 99.9=321, 99.99=3895] 
2026-04-28 07:50:10:059 13 sec: 274745 operations; 23414 current ops/sec; [READ: Count=23417, Max=4543, Min=3, Avg=60.63, 90=108, 99=132, 99.9=3061, 99.99=3869] [READ-MODIFY-WRITE: Count=11855, Max=81599, Min=151, Avg=274.54, 90=328, 99=379, 99.9=3707, 99.99=81407] [UPDATE: Count=11855, Max=81535, Min=144, Avg=212.05, 90=222, 99=263, 99.9=666, 99.99=81407] 
2026-04-28 07:50:11:059 14 sec: 300177 operations; 25406.59 current ops/sec; [READ: Count=25430, Max=5007, Min=3, Avg=58.99, 90=108, 99=133, 99.9=2799, 99.99=4575] [READ-MODIFY-WRITE: Count=12676, Max=5251, Min=151, Avg=253.4, 90=325, 99=373, 99.9=4077, 99.99=5215] [UPDATE: Count=12672, Max=5127, Min=144, Avg=191.8, 90=219, 99=261, 99.9=416, 99.99=5007] 
2026-04-28 07:50:12:059 15 sec: 322514 operations; 22359.36 current ops/sec; [READ: Count=22333, Max=3787, Min=3, Avg=60.52, 90=108, 99=135, 99.9=3083, 99.99=3651] [READ-MODIFY-WRITE: Count=11177, Max=95103, Min=153, Avg=292.46, 90=329, 99=464, 99.9=3607, 99.99=95039] [UPDATE: Count=11178, Max=94975, Min=145, Avg=231.43, 90=223, 99=306, 99.9=3113, 99.99=94911] 
2026-04-28 07:50:13:059 16 sec: 332698 operations; 10184 current ops/sec; [READ: Count=10190, Max=11367, Min=3, Avg=75.45, 90=128, 99=183, 99.9=1934, 99.99=10831] [READ-MODIFY-WRITE: Count=5165, Max=32015, Min=148, Avg=696.76, 90=1302, 99=3805, 99.9=18511, 99.99=32015] [UPDATE: Count=5171, Max=31919, Min=139, Avg=619.66, 90=1218, 99=3703, 99.9=18415, 99.99=31919] 
2026-04-28 07:50:14:059 17 sec: 357746 operations; 25048 current ops/sec; [READ: Count=25050, Max=3529, Min=3, Avg=62.7, 90=110, 99=134, 99.9=2433, 99.99=3277] [READ-MODIFY-WRITE: Count=12552, Max=3665, Min=149, Avg=252.69, 90=325, 99=372, 99.9=2849, 99.99=3619] [UPDATE: Count=12549, Max=3489, Min=142, Avg=188.27, 90=217, 99=257, 99.9=466, 99.99=2809] 
2026-04-28 07:50:15:059 18 sec: 382728 operations; 24957.04 current ops/sec; [READ: Count=24981, Max=3451, Min=3, Avg=61.64, 90=110, 99=133, 99.9=2451, 99.99=2959] [READ-MODIFY-WRITE: Count=12458, Max=15255, Min=150, Avg=254.99, 90=329, 99=373, 99.9=2863, 99.99=3665] [UPDATE: Count=12459, Max=15063, Min=145, Avg=191.8, 90=221, 99=262, 99.9=309, 99.99=3655] 
2026-04-28 07:50:16:059 19 sec: 407456 operations; 24752.75 current ops/sec; [READ: Count=24724, Max=4085, Min=3, Avg=61.93, 90=111, 99=135, 99.9=2725, 99.99=3557] [READ-MODIFY-WRITE: Count=12500, Max=4427, Min=150, Avg=254.76, 90=331, 99=377, 99.9=3119, 99.99=4163] [UPDATE: Count=12495, Max=4219, Min=143, Avg=191.98, 90=223, 99=261, 99.9=320, 99.99=4061] 
2026-04-28 07:50:17:059 20 sec: 432733 operations; 25277 current ops/sec; [READ: Count=25274, Max=3727, Min=3, Avg=59.76, 90=111, 99=136, 99.9=2315, 99.99=2877] [READ-MODIFY-WRITE: Count=12480, Max=3245, Min=151, Avg=254.93, 90=335, 99=382, 99.9=2649, 99.99=3223] [UPDATE: Count=12480, Max=3201, Min=142, Avg=193.79, 90=225, 99=266, 99.9=330, 99.99=3141] 
2026-04-28 07:50:18:059 21 sec: 452634 operations; 19901 current ops/sec; [READ: Count=19899, Max=12447, Min=3, Avg=64.88, 90=112, 99=140, 99.9=2539, 99.99=12199] [READ-MODIFY-WRITE: Count=9904, Max=85887, Min=151, Avg=335.29, 90=379, 99=1067, 99.9=4053, 99.99=85887] [UPDATE: Count=9909, Max=85759, Min=143, Avg=267.88, 90=272, 99=961, 99.9=3279, 99.99=85759] 
2026-04-28 07:50:19:059 22 sec: 477694 operations; 25060 current ops/sec; [READ: Count=25061, Max=3299, Min=4, Avg=63, 90=112, 99=136, 99.9=2437, 99.99=3179] [READ-MODIFY-WRITE: Count=12400, Max=3505, Min=151, Avg=255.13, 90=331, 99=381, 99.9=2755, 99.99=3455] [UPDATE: Count=12395, Max=2857, Min=144, Avg=189.81, 90=221, 99=260, 99.9=326, 99.99=2633] 
2026-04-28 07:50:20:059 23 sec: 502325 operations; 24631 current ops/sec; [READ: Count=24630, Max=3507, Min=4, Avg=62.69, 90=113, 99=137, 99.9=2345, 99.99=2933] [READ-MODIFY-WRITE: Count=12406, Max=16263, Min=151, Avg=257.63, 90=334, 99=384, 99.9=2813, 99.99=3855] [UPDATE: Count=12407, Max=16167, Min=144, Avg=192.45, 90=222, 99=263, 99.9=1450, 99.99=2897] 
2026-04-28 07:50:21:059 24 sec: 527190 operations; 24865 current ops/sec; [READ: Count=24867, Max=3785, Min=4, Avg=61.72, 90=113, 99=137, 99.9=2479, 99.99=3281] [READ-MODIFY-WRITE: Count=12612, Max=3991, Min=151, Avg=253.61, 90=333, 99=378, 99.9=3037, 99.99=3729] [UPDATE: Count=12611, Max=3621, Min=143, Avg=190.07, 90=221, 99=261, 99.9=314, 99.99=3411] 
2026-04-28 07:50:22:059 25 sec: 552175 operations; 24985 current ops/sec; [READ: Count=24985, Max=3117, Min=4, Avg=60.88, 90=113, 99=136, 99.9=2421, 99.99=2959] [READ-MODIFY-WRITE: Count=12466, Max=19823, Min=150, Avg=255.89, 90=335, 99=381, 99.9=2927, 99.99=3803] [UPDATE: Count=12471, Max=19727, Min=143, Avg=193.23, 90=223, 99=263, 99.9=1323, 99.99=3701] 
2026-04-28 07:50:23:059 26 sec: 569041 operations; 16866 current ops/sec; [READ: Count=16864, Max=237311, Min=4, Avg=81.52, 90=116, 99=144, 99.9=2271, 99.99=12311] [READ-MODIFY-WRITE: Count=8527, Max=97855, Min=149, Avg=350.59, 90=468, 99=1050, 99.9=3339, 99.99=97855] [UPDATE: Count=8526, Max=97535, Min=143, Avg=281.69, 90=398, 99=929, 99.9=2901, 99.99=97535] 
2026-04-28 07:50:24:059 27 sec: 592745 operations; 23704 current ops/sec; [READ: Count=23711, Max=194815, Min=4, Avg=77.37, 90=116, 99=149, 99.9=2353, 99.99=27247] [READ-MODIFY-WRITE: Count=11842, Max=200191, Min=153, Avg=282.42, 90=339, 99=406, 99.9=2845, 99.99=29311] [UPDATE: Count=11842, Max=5211, Min=145, Avg=192.47, 90=224, 99=267, 99.9=438, 99.99=3403] 
2026-04-28 07:50:25:059 28 sec: 617735 operations; 24990 current ops/sec; [READ: Count=24986, Max=3069, Min=3, Avg=60.48, 90=113, 99=138, 99.9=2285, 99.99=2985] [READ-MODIFY-WRITE: Count=12544, Max=20031, Min=150, Avg=255.66, 90=333, 99=390, 99.9=2927, 99.99=5143] [UPDATE: Count=12541, Max=19935, Min=143, Avg=192.88, 90=222, 99=266, 99.9=2189, 99.99=5051] 
2026-04-28 07:50:26:059 29 sec: 643260 operations; 25525 current ops/sec; [READ: Count=25523, Max=4207, Min=4, Avg=60.21, 90=113, 99=138, 99.9=2445, 99.99=3565] [READ-MODIFY-WRITE: Count=12639, Max=3445, Min=149, Avg=251.05, 90=333, 99=377, 99.9=2875, 99.99=3365] [UPDATE: Count=12637, Max=3261, Min=143, Avg=189.33, 90=221, 99=258, 99.9=317, 99.99=3153] 
2026-04-28 07:50:27:059 30 sec: 668059 operations; 24799 current ops/sec; [READ: Count=24799, Max=3189, Min=3, Avg=60.54, 90=115, 99=141, 99.9=2505, 99.99=3047] [READ-MODIFY-WRITE: Count=12358, Max=19631, Min=151, Avg=259.89, 90=341, 99=391, 99.9=2991, 99.99=5687] [UPDATE: Count=12361, Max=19503, Min=143, Avg=196.7, 90=227, 99=269, 99.9=1470, 99.99=5455] 
2026-04-28 07:50:28:059 31 sec: 682601 operations; 14542 current ops/sec; [READ: Count=14541, Max=8087, Min=4, Avg=68.38, 90=118, 99=151, 99.9=2745, 99.99=7859] [READ-MODIFY-WRITE: Count=7261, Max=95423, Min=153, Avg=476.59, 90=799, 99=1328, 99.9=3521, 99.99=95423] [UPDATE: Count=7263, Max=95295, Min=145, Avg=408.47, 90=698, 99=1218, 99.9=2539, 99.99=95295] 
2026-04-28 07:50:29:059 32 sec: 707114 operations; 24513 current ops/sec; [READ: Count=24515, Max=3055, Min=4, Avg=65.47, 90=116, 99=141, 99.9=2267, 99.99=2897] [READ-MODIFY-WRITE: Count=12160, Max=3243, Min=151, Avg=259.35, 90=339, 99=381, 99.9=2627, 99.99=3165] [UPDATE: Count=12156, Max=3045, Min=144, Avg=191.39, 90=224, 99=260, 99.9=301, 99.99=2809] 
2026-04-28 07:50:30:059 33 sec: 731569 operations; 24455 current ops/sec; [READ: Count=24455, Max=3125, Min=4, Avg=63.81, 90=116, 99=140, 99.9=2377, 99.99=2875] [READ-MODIFY-WRITE: Count=12294, Max=18527, Min=151, Avg=259.18, 90=337, 99=382, 99.9=2757, 99.99=4403] [UPDATE: Count=12296, Max=18319, Min=144, Avg=192.92, 90=223, 99=261, 99.9=1691, 99.99=4195] 
2026-04-28 07:50:31:059 34 sec: 756139 operations; 24570 current ops/sec; [READ: Count=24568, Max=3515, Min=4, Avg=63.86, 90=117, 99=142, 99.9=2351, 99.99=3317] [READ-MODIFY-WRITE: Count=12315, Max=4079, Min=149, Avg=256.99, 90=339, 99=385, 99.9=2919, 99.99=3969] [UPDATE: Count=12312, Max=3985, Min=142, Avg=191.92, 90=224, 99=259, 99.9=2531, 99.99=3837] 
2026-04-28 07:50:32:059 35 sec: 780785 operations; 24646 current ops/sec; [READ: Count=24652, Max=2855, Min=4, Avg=63.05, 90=117, 99=141, 99.9=2427, 99.99=2765] [READ-MODIFY-WRITE: Count=12323, Max=3655, Min=153, Avg=257.64, 90=343, 99=385, 99.9=2667, 99.99=3031] [UPDATE: Count=12322, Max=3483, Min=145, Avg=193.11, 90=227, 99=265, 99.9=314, 99.99=2643] 
2026-04-28 07:50:33:059 36 sec: 800094 operations; 19309 current ops/sec; [READ: Count=19303, Max=9831, Min=4, Avg=65.45, 90=119, 99=145, 99.9=2337, 99.99=9815] [READ-MODIFY-WRITE: Count=9794, Max=90175, Min=150, Avg=326.8, 90=362, 99=911, 99.9=3799, 99.99=90175] [UPDATE: Count=9800, Max=89919, Min=142, Avg=259.58, 90=239, 99=768, 99.9=2777, 99.99=89919] 
2026-04-28 07:50:34:059 37 sec: 822131 operations; 22037 current ops/sec; [READ: Count=22038, Max=199423, Min=4, Avg=85.73, 90=119, 99=153, 99.9=2297, 99.99=14207] [READ-MODIFY-WRITE: Count=11064, Max=201343, Min=155, Avg=286.74, 90=346, 99=404, 99.9=2689, 99.99=18463] [UPDATE: Count=11063, Max=18239, Min=147, Avg=197.76, 90=228, 99=267, 99.9=325, 99.99=16215] 
2026-04-28 07:50:35:059 38 sec: 846421 operations; 24290 current ops/sec; [READ: Count=24289, Max=3037, Min=4, Avg=62.79, 90=116, 99=141, 99.9=2437, 99.99=2965] [READ-MODIFY-WRITE: Count=12107, Max=30767, Min=153, Avg=264.13, 90=342, 99=389, 99.9=2825, 99.99=30527] [UPDATE: Count=12105, Max=30703, Min=146, Avg=198.92, 90=227, 99=265, 99.9=700, 99.99=30335] 
2026-04-28 07:50:36:059 39 sec: 871186 operations; 24765 current ops/sec; [READ: Count=24771, Max=3213, Min=4, Avg=61.52, 90=117, 99=143, 99.9=2273, 99.99=3015] [READ-MODIFY-WRITE: Count=12409, Max=3393, Min=152, Avg=258.14, 90=344, 99=392, 99.9=2753, 99.99=3379] [UPDATE: Count=12407, Max=3217, Min=145, Avg=194.08, 90=228, 99=265, 99.9=316, 99.99=2933] 
2026-04-28 07:50:37:059 40 sec: 895231 operations; 24045 current ops/sec; [READ: Count=24042, Max=3981, Min=4, Avg=62.2, 90=119, 99=146, 99.9=2257, 99.99=3167] [READ-MODIFY-WRITE: Count=12043, Max=3597, Min=156, Avg=265.74, 90=352, 99=402, 99.9=2839, 99.99=3227] [UPDATE: Count=12042, Max=3127, Min=147, Avg=202.16, 90=236, 99=272, 99.9=2149, 99.99=3117] 
2026-04-28 07:50:38:059 41 sec: 911306 operations; 16075 current ops/sec; [READ: Count=16072, Max=7963, Min=4, Avg=67.75, 90=123, 99=166, 99.9=2445, 99.99=7031] [READ-MODIFY-WRITE: Count=8068, Max=91839, Min=153, Avg=425.78, 90=683, 99=1247, 99.9=3455, 99.99=91839] [UPDATE: Count=8073, Max=91647, Min=143, Avg=355.34, 90=602, 99=1108, 99.9=2577, 99.99=91647] 
2026-04-28 07:50:39:059 42 sec: 934535 operations; 23229 current ops/sec; [READ: Count=23230, Max=3403, Min=4, Avg=68.59, 90=123, 99=163, 99.9=2115, 99.99=2673] [READ-MODIFY-WRITE: Count=11573, Max=3641, Min=156, Avg=272.81, 90=357, 99=436, 99.9=2495, 99.99=3465] [UPDATE: Count=11569, Max=3375, Min=149, Avg=202.48, 90=237, 99=286, 99.9=2053, 99.99=3047] 
2026-04-28 07:50:40:059 43 sec: 958496 operations; 23937.06 current ops/sec; [READ: Count=23962, Max=3049, Min=4, Avg=65.43, 90=120, 99=145, 99.9=2453, 99.99=2935] [READ-MODIFY-WRITE: Count=11977, Max=3271, Min=156, Avg=265.39, 90=351, 99=399, 99.9=2861, 99.99=3163] [UPDATE: Count=11977, Max=2961, Min=150, Avg=197.95, 90=232, 99=270, 99.9=382, 99.99=2947] 
2026-04-28 07:50:41:059 44 sec: 982336 operations; 23840 current ops/sec; [READ: Count=23839, Max=3599, Min=4, Avg=64.48, 90=120, 99=146, 99.9=2381, 99.99=3055] [READ-MODIFY-WRITE: Count=11931, Max=29151, Min=152, Avg=267.28, 90=351, 99=398, 99.9=2933, 99.99=9975] [UPDATE: Count=11933, Max=28959, Min=145, Avg=200.98, 90=233, 99=268, 99.9=1865, 99.99=9807] 
2026-04-28 07:50:42:059 45 sec: 1007354 operations; 25043.04 current ops/sec; [READ: Count=25017, Max=4123, Min=4, Avg=62.82, 90=119, 99=144, 99.9=2483, 99.99=3631] [READ-MODIFY-WRITE: Count=12432, Max=4187, Min=150, Avg=254.99, 90=342, 99=386, 99.9=3067, 99.99=4091] [UPDATE: Count=12430, Max=4009, Min=143, Avg=189.81, 90=224, 99=258, 99.9=351, 99.99=3851] 
2026-04-28 07:50:43:059 46 sec: 1027169 operations; 19815 current ops/sec; [READ: Count=19814, Max=12367, Min=4, Avg=66.3, 90=120, 99=148, 99.9=2719, 99.99=12199] [READ-MODIFY-WRITE: Count=9886, Max=91711, Min=149, Avg=334.31, 90=378, 99=998, 99.9=3521, 99.99=91711] [UPDATE: Count=9888, Max=91583, Min=141, Avg=265.14, 90=256, 99=884, 99.9=2609, 99.99=91583] 
2026-04-28 07:50:44:059 47 sec: 1048406 operations; 21237 current ops/sec; [READ: Count=21237, Max=201087, Min=4, Avg=87.43, 90=124, 99=159, 99.9=2295, 99.99=3301] [READ-MODIFY-WRITE: Count=10808, Max=206335, Min=149, Avg=302.33, 90=351, 99=424, 99.9=3049, 99.99=203007] [UPDATE: Count=10809, Max=5151, Min=143, Avg=194.02, 90=227, 99=264, 99.9=2591, 99.99=5019] 
2026-04-28 07:50:45:059 48 sec: 1072844 operations; 24438 current ops/sec; [READ: Count=24440, Max=18063, Min=4, Avg=65.36, 90=119, 99=147, 99.9=2371, 99.99=11343] [READ-MODIFY-WRITE: Count=12219, Max=18383, Min=149, Avg=257.48, 90=341, 99=391, 99.9=2985, 99.99=16119] [UPDATE: Count=12218, Max=15927, Min=140, Avg=191.05, 90=223, 99=259, 99.9=2151, 99.99=3473] 
2026-04-28 07:50:46:059 49 sec: 1097676 operations; 24832 current ops/sec; [READ: Count=24832, Max=3851, Min=4, Avg=62.5, 90=118, 99=145, 99.9=2395, 99.99=3561] [READ-MODIFY-WRITE: Count=12424, Max=28703, Min=146, Avg=255.27, 90=341, 99=389, 99.9=2879, 99.99=9175] [UPDATE: Count=12424, Max=28591, Min=140, Avg=191.5, 90=224, 99=265, 99.9=396, 99.99=8983] 
2026-04-28 07:50:47:059 50 sec: 1122516 operations; 24840 current ops/sec; [READ: Count=24839, Max=3655, Min=4, Avg=62.04, 90=118, 99=146, 99.9=2659, 99.99=3603] [READ-MODIFY-WRITE: Count=12412, Max=3859, Min=148, Avg=256.23, 90=345, 99=397, 99.9=2929, 99.99=3795] [UPDATE: Count=12412, Max=3359, Min=139, Avg=192.63, 90=227, 99=267, 99.9=315, 99.99=3093] 
2026-04-28 07:50:48:059 51 sec: 1141008 operations; 18492 current ops/sec; [READ: Count=18490, Max=3513, Min=4, Avg=63.65, 90=120, 99=152, 99.9=2581, 99.99=3335] [READ-MODIFY-WRITE: Count=9318, Max=93247, Min=155, Avg=361.8, 90=414, 99=1091, 99.9=3463, 99.99=93247] [UPDATE: Count=9315, Max=93119, Min=147, Avg=297.96, 90=298, 99=982, 99.9=2985, 99.99=93119] 
2026-04-28 07:50:49:059 52 sec: 1160792 operations; 19784 current ops/sec; [READ: Count=19785, Max=7847, Min=4, Avg=70.37, 90=126, 99=156, 99.9=2137, 99.99=7363] [READ-MODIFY-WRITE: Count=9926, Max=2961, Min=158, Avg=326.78, 90=492, 99=1141, 99.9=2407, 99.99=2961] [UPDATE: Count=9926, Max=2879, Min=149, Avg=257.03, 90=415, 99=1020, 99.9=2109, 99.99=2879] 
2026-04-28 07:50:50:059 53 sec: 1183859 operations; 23067 current ops/sec; [READ: Count=23068, Max=3063, Min=4, Avg=67.19, 90=125, 99=154, 99.9=2189, 99.99=2767] [READ-MODIFY-WRITE: Count=11466, Max=3289, Min=158, Avg=277.95, 90=369, 99=426, 99.9=2683, 99.99=3073] [UPDATE: Count=11466, Max=3235, Min=150, Avg=208.06, 90=245, 99=285, 99.9=1714, 99.99=2991] 
2026-04-28 07:50:51:059 54 sec: 1207144 operations; 23285 current ops/sec; [READ: Count=23290, Max=3881, Min=4, Avg=66.14, 90=124, 99=151, 99.9=2379, 99.99=3455] [READ-MODIFY-WRITE: Count=11695, Max=31119, Min=157, Avg=272.5, 90=360, 99=406, 99.9=2877, 99.99=12399] [UPDATE: Count=11699, Max=30911, Min=147, Avg=204.77, 90=238, 99=275, 99.9=446, 99.99=12319] 
2026-04-28 07:50:52:059 55 sec: 1230984 operations; 23840 current ops/sec; [READ: Count=23834, Max=3795, Min=4, Avg=65.91, 90=123, 99=151, 99.9=2689, 99.99=3509] [READ-MODIFY-WRITE: Count=11825, Max=4199, Min=156, Avg=267.96, 90=359, 99=406, 99.9=3033, 99.99=4033] [UPDATE: Count=11823, Max=4055, Min=147, Avg=199.71, 90=236, 99=271, 99.9=320, 99.99=3395] 
2026-04-28 07:50:53:059 56 sec: 1251328 operations; 20344 current ops/sec; [READ: Count=20344, Max=3279, Min=4, Avg=65.36, 90=124, 99=152, 99.9=2649, 99.99=3025] [READ-MODIFY-WRITE: Count=10232, Max=116927, Min=156, Avg=322.59, 90=368, 99=806, 99.9=3057, 99.99=116863] [UPDATE: Count=10227, Max=116799, Min=149, Avg=255.19, 90=242, 99=677, 99.9=1421, 99.99=116671] 
2026-04-28 07:50:54:059 57 sec: 1271243 operations; 19915 current ops/sec; [READ: Count=19920, Max=156287, Min=4, Avg=85.84, 90=127, 99=158, 99.9=2251, 99.99=142847] [READ-MODIFY-WRITE: Count=9827, Max=9439, Min=156, Avg=301.53, 90=382, 99=968, 99.9=2899, 99.99=9439] [UPDATE: Count=9833, Max=2909, Min=148, Avg=227.6, 90=249, 99=855, 99.9=2261, 99.99=2909] 
2026-04-28 07:50:55:059 58 sec: 1294230 operations; 22987 current ops/sec; [READ: Count=22985, Max=13519, Min=4, Avg=70.38, 90=126, 99=159, 99.9=2491, 99.99=11903] [READ-MODIFY-WRITE: Count=11374, Max=12191, Min=156, Avg=276.36, 90=367, 99=423, 99.9=2995, 99.99=11695] [UPDATE: Count=11372, Max=3103, Min=147, Avg=203.72, 90=241, 99=276, 99.9=324, 99.99=2951] 
2026-04-28 07:50:56:059 59 sec: 1317220 operations; 22990 current ops/sec; [READ: Count=22988, Max=3275, Min=4, Avg=64.75, 90=124, 99=151, 99.9=2341, 99.99=3073] [READ-MODIFY-WRITE: Count=11419, Max=82239, Min=153, Avg=281.41, 90=357, 99=415, 99.9=2921, 99.99=82047] [UPDATE: Count=11423, Max=82111, Min=146, Avg=214.27, 90=235, 99=272, 99.9=2575, 99.99=81855] 
2026-04-28 07:50:57:059 60 sec: 1340965 operations; 23745 current ops/sec; [READ: Count=23746, Max=3547, Min=4, Avg=65.66, 90=126, 99=162, 99.9=2429, 99.99=3475] [READ-MODIFY-WRITE: Count=11913, Max=10783, Min=152, Avg=265.99, 90=359, 99=428, 99.9=3207, 99.99=4827] [UPDATE: Count=11908, Max=10655, Min=143, Avg=199.08, 90=235, 99=279, 99.9=2657, 99.99=4819] 
2026-04-28 07:50:58:059 61 sec: 1364504 operations; 23539 current ops/sec; [READ: Count=23537, Max=3419, Min=4, Avg=63.97, 90=125, 99=156, 99.9=2549, 99.99=3095] [READ-MODIFY-WRITE: Count=11872, Max=8799, Min=152, Avg=262.57, 90=356, 99=422, 99.9=3059, 99.99=8487] [UPDATE: Count=11869, Max=8647, Min=145, Avg=197.05, 90=233, 99=279, 99.9=923, 99.99=8439] 
2026-04-28 07:50:59:059 62 sec: 1376900 operations; 12396 current ops/sec; [READ: Count=12397, Max=10039, Min=4, Avg=71.28, 90=128, 99=168, 99.9=2241, 99.99=8455] [READ-MODIFY-WRITE: Count=6308, Max=91135, Min=155, Avg=576.56, 90=973, 99=3461, 99.9=15215, 99.99=91135] [UPDATE: Count=6312, Max=91071, Min=147, Avg=502.82, 90=898, 99=3313, 99.9=15159, 99.99=91071] 
2026-04-28 07:51:00:059 63 sec: 1400615 operations; 23715 current ops/sec; [READ: Count=23716, Max=3335, Min=4, Avg=67.51, 90=125, 99=153, 99.9=2447, 99.99=3055] [READ-MODIFY-WRITE: Count=11920, Max=4535, Min=153, Avg=265.43, 90=356, 99=405, 99.9=3035, 99.99=4531] [UPDATE: Count=11919, Max=4415, Min=145, Avg=195.83, 90=231, 99=272, 99.9=2463, 99.99=4411] 
2026-04-28 07:51:01:059 64 sec: 1423331 operations; 22716 current ops/sec; [READ: Count=22715, Max=3129, Min=4, Avg=66.12, 90=124, 99=153, 99.9=2419, 99.99=3005] [READ-MODIFY-WRITE: Count=11485, Max=5215, Min=153, Avg=263.35, 90=353, 99=406, 99.9=2969, 99.99=5183] [UPDATE: Count=11483, Max=5207, Min=145, Avg=195.43, 90=230, 99=269, 99.9=2125, 99.99=5103] 
2026-04-28 07:51:02:059 65 sec: 1446849 operations; 23518 current ops/sec; [READ: Count=23521, Max=3883, Min=4, Avg=66.42, 90=126, 99=155, 99.9=2399, 99.99=3583] [READ-MODIFY-WRITE: Count=11745, Max=81215, Min=153, Avg=288.46, 90=361, 99=415, 99.9=3253, 99.99=65791] [UPDATE: Count=11749, Max=81151, Min=147, Avg=218.24, 90=235, 99=276, 99.9=2819, 99.99=65663] 
2026-04-28 07:51:03:059 66 sec: 1470705 operations; 23856 current ops/sec; [READ: Count=23855, Max=3547, Min=4, Avg=66.2, 90=126, 99=157, 99.9=2519, 99.99=3309] [READ-MODIFY-WRITE: Count=11854, Max=8263, Min=154, Avg=266.36, 90=359, 99=418, 99.9=3315, 99.99=5611] [UPDATE: Count=11855, Max=8183, Min=146, Avg=198.5, 90=234, 99=274, 99.9=2885, 99.99=5531] 
2026-04-28 07:51:04:059 67 sec: 1489844 operations; 19139 current ops/sec; [READ: Count=19136, Max=5067, Min=4, Avg=68.9, 90=129, 99=162, 99.9=2551, 99.99=5035] [READ-MODIFY-WRITE: Count=9541, Max=85311, Min=155, Avg=345.73, 90=415, 99=1064, 99.9=3457, 99.99=85311] [UPDATE: Count=9543, Max=85119, Min=147, Avg=275.31, 90=290, 99=938, 99.9=2201, 99.99=85119] 
2026-04-28 07:51:05:059 68 sec: 1511155 operations; 21311 current ops/sec; [READ: Count=21314, Max=162303, Min=4, Avg=86.51, 90=129, 99=165, 99.9=2253, 99.99=9279] [READ-MODIFY-WRITE: Count=10618, Max=165247, Min=154, Avg=285.9, 90=362, 99=427, 99.9=2859, 99.99=9567] [UPDATE: Count=10618, Max=4009, Min=146, Avg=197.51, 90=233, 99=273, 99.9=2263, 99.99=3833] 
2026-04-28 07:51:06:059 69 sec: 1534827 operations; 23672 current ops/sec; [READ: Count=23674, Max=16191, Min=4, Avg=68.18, 90=126, 99=156, 99.9=2477, 99.99=11663] [READ-MODIFY-WRITE: Count=11901, Max=14447, Min=151, Avg=263.3, 90=357, 99=410, 99.9=2901, 99.99=11895] [UPDATE: Count=11898, Max=13999, Min=144, Avg=194.86, 90=231, 99=267, 99.9=338, 99.99=8147] 
2026-04-28 07:51:07:059 70 sec: 1557715 operations; 22888 current ops/sec; [READ: Count=22887, Max=3367, Min=4, Avg=66.24, 90=126, 99=156, 99.9=2449, 99.99=3065] [READ-MODIFY-WRITE: Count=11315, Max=80959, Min=151, Avg=282.09, 90=357, 99=415, 99.9=2953, 99.99=68159] [UPDATE: Count=11318, Max=80831, Min=142, Avg=213.97, 90=231, 99=273, 99.9=2679, 99.99=68031] 
2026-04-28 07:51:08:059 71 sec: 1582569 operations; 24854 current ops/sec; [READ: Count=24853, Max=3989, Min=4, Avg=63.85, 90=125, 99=153, 99.9=2527, 99.99=3657] [READ-MODIFY-WRITE: Count=12329, Max=3767, Min=150, Avg=256.77, 90=352, 99=403, 99.9=2943, 99.99=3757] [UPDATE: Count=12325, Max=3325, Min=143, Avg=190.3, 90=228, 99=263, 99.9=312, 99.99=3107] 
2026-04-28 07:51:09:059 72 sec: 1599122 operations; 16553 current ops/sec; [READ: Count=16555, Max=4067, Min=4, Avg=65.58, 90=128, 99=161, 99.9=1235, 99.99=4019] [READ-MODIFY-WRITE: Count=8212, Max=93503, Min=150, Avg=417.66, 90=692, 99=1211, 99.9=3441, 99.99=93503] [UPDATE: Count=8218, Max=90815, Min=144, Avg=349.23, 90=625, 99=1080, 99.9=3247, 99.99=90815] 
2026-04-28 07:51:10:059 73 sec: 1622468 operations; 23346 current ops/sec; [READ: Count=23342, Max=9327, Min=4, Avg=69.38, 90=128, 99=162, 99.9=2339, 99.99=6151] [READ-MODIFY-WRITE: Count=11634, Max=10039, Min=154, Avg=270.68, 90=362, 99=424, 99.9=2903, 99.99=9623] [UPDATE: Count=11629, Max=9855, Min=145, Avg=199.09, 90=235, 99=277, 99.9=2407, 99.99=3591] 
2026-04-28 07:51:11:059 74 sec: 1645447 operations; 22979 current ops/sec; [READ: Count=22978, Max=2927, Min=4, Avg=69.59, 90=131, 99=163, 99.9=2409, 99.99=2667] [READ-MODIFY-WRITE: Count=11416, Max=6959, Min=158, Avg=276.29, 90=372, 99=432, 99.9=2809, 99.99=3409] [UPDATE: Count=11415, Max=6887, Min=151, Avg=204.48, 90=243, 99=282, 99.9=348, 99.99=3301] 
2026-04-28 07:51:12:059 75 sec: 1668835 operations; 23388 current ops/sec; [READ: Count=23388, Max=3475, Min=4, Avg=68.98, 90=130, 99=162, 99.9=2515, 99.99=3225] [READ-MODIFY-WRITE: Count=11571, Max=30239, Min=152, Avg=271.05, 90=363, 99=422, 99.9=3259, 99.99=8147] [UPDATE: Count=11570, Max=30159, Min=145, Avg=200.74, 90=234, 99=277, 99.9=2779, 99.99=8135] 
2026-04-28 07:51:13:059 76 sec: 1692321 operations; 23486 current ops/sec; [READ: Count=23488, Max=7775, Min=4, Avg=67.47, 90=129, 99=160, 99.9=2511, 99.99=3195] [READ-MODIFY-WRITE: Count=11748, Max=10703, Min=153, Avg=269.47, 90=362, 99=427, 99.9=3141, 99.99=8135] [UPDATE: Count=11750, Max=10479, Min=144, Avg=200.06, 90=234, 99=277, 99.9=2665, 99.99=7759] 
2026-04-28 07:51:14:059 77 sec: 1711429 operations; 19108 current ops/sec; [READ: Count=19110, Max=3259, Min=4, Avg=67.9, 90=131, 99=162, 99.9=2483, 99.99=2987] [READ-MODIFY-WRITE: Count=9563, Max=87999, Min=158, Avg=346.34, 90=434, 99=1023, 99.9=2875, 99.99=87999] [UPDATE: Count=9565, Max=87807, Min=149, Avg=277.02, 90=313, 99=932, 99.9=2053, 99.99=87807] 
2026-04-28 07:51:15:059 78 sec: 1731987 operations; 20558 current ops/sec; [READ: Count=20554, Max=159103, Min=4, Avg=80.81, 90=133, 99=167, 99.9=2745, 99.99=14391] [READ-MODIFY-WRITE: Count=10370, Max=163327, Min=157, Avg=299.05, 90=375, 99=445, 99.9=3557, 99.99=32223] [UPDATE: Count=10368, Max=32031, Min=149, Avg=210.01, 90=243, 99=285, 99.9=2733, 99.99=14399] 
2026-04-28 07:51:16:059 79 sec: 1754582 operations; 22595 current ops/sec; [READ: Count=22595, Max=153343, Min=4, Avg=78.8, 90=131, 99=169, 99.9=2423, 99.99=13247] [READ-MODIFY-WRITE: Count=11223, Max=157439, Min=156, Avg=287.45, 90=369, 99=434, 99.9=2855, 99.99=13503] [UPDATE: Count=11227, Max=6187, Min=149, Avg=201.4, 90=239, 99=275, 99.9=2185, 99.99=6035] 
2026-04-28 07:51:17:059 80 sec: 1777667 operations; 23085 current ops/sec; [READ: Count=23084, Max=3203, Min=4, Avg=66.33, 90=130, 99=160, 99.9=2331, 99.99=3093] [READ-MODIFY-WRITE: Count=11683, Max=31919, Min=155, Avg=273.81, 90=371, 99=424, 99.9=2807, 99.99=12359] [UPDATE: Count=11680, Max=31823, Min=145, Avg=205.77, 90=241, 99=281, 99.9=1152, 99.99=12151] 
2026-04-28 07:51:18:059 81 sec: 1800858 operations; 23191 current ops/sec; [READ: Count=23194, Max=3405, Min=4, Avg=67.16, 90=132, 99=163, 99.9=2389, 99.99=2995] [READ-MODIFY-WRITE: Count=11613, Max=8375, Min=156, Avg=272.76, 90=375, 99=433, 99.9=2881, 99.99=4627] [UPDATE: Count=11611, Max=8163, Min=149, Avg=204.84, 90=243, 99=283, 99.9=2441, 99.99=4535] 
2026-04-28 07:51:19:059 82 sec: 1817168 operations; 16310 current ops/sec; [READ: Count=16308, Max=3399, Min=4, Avg=67.86, 90=134, 99=170, 99.9=2075, 99.99=2959] [READ-MODIFY-WRITE: Count=8117, Max=90495, Min=151, Avg=420.21, 90=670, 99=1249, 99.9=2761, 99.99=90495] [UPDATE: Count=8125, Max=90239, Min=143, Avg=350.69, 90=594, 99=1123, 99.9=2475, 99.99=90239] 
2026-04-28 07:51:20:059 83 sec: 1840644 operations; 23476 current ops/sec; [READ: Count=23477, Max=3259, Min=4, Avg=68.01, 90=131, 99=164, 99.9=2359, 99.99=3111] [READ-MODIFY-WRITE: Count=11710, Max=29935, Min=151, Avg=269.83, 90=366, 99=426, 99.9=2743, 99.99=11463] [UPDATE: Count=11704, Max=29743, Min=144, Avg=200.12, 90=235, 99=278, 99.9=2423, 99.99=11391] 
2026-04-28 07:51:21:059 84 sec: 1863465 operations; 22821 current ops/sec; [READ: Count=22823, Max=8551, Min=4, Avg=72.71, 90=134, 99=167, 99.9=2539, 99.99=6803] [READ-MODIFY-WRITE: Count=11376, Max=8839, Min=157, Avg=274.79, 90=375, 99=431, 99.9=2791, 99.99=6283] [UPDATE: Count=11376, Max=2659, Min=148, Avg=200.2, 90=241, 99=275, 99.9=331, 99.99=2561] 
2026-04-28 07:51:22:059 85 sec: 1886173 operations; 22708 current ops/sec; [READ: Count=22705, Max=3175, Min=4, Avg=70.53, 90=135, 99=166, 99.9=2353, 99.99=2845] [READ-MODIFY-WRITE: Count=11321, Max=9439, Min=156, Avg=278.41, 90=379, 99=436, 99.9=2899, 99.99=9415] [UPDATE: Count=11322, Max=9343, Min=149, Avg=206.25, 90=244, 99=283, 99.9=350, 99.99=9255] 
2026-04-28 07:51:23:059 86 sec: 1908030 operations; 21857 current ops/sec; [READ: Count=21859, Max=3639, Min=4, Avg=68.98, 90=134, 99=167, 99.9=2205, 99.99=2977] [READ-MODIFY-WRITE: Count=10880, Max=81855, Min=158, Avg=293.66, 90=377, 99=436, 99.9=2681, 99.99=72191] [UPDATE: Count=10886, Max=81855, Min=148, Avg=223.43, 90=244, 99=284, 99.9=2199, 99.99=72063] 
2026-04-28 07:51:24:059 87 sec: 1926799 operations; 18769 current ops/sec; [READ: Count=18767, Max=4887, Min=4, Avg=69.49, 90=135, 99=167, 99.9=2237, 99.99=3817] [READ-MODIFY-WRITE: Count=9311, Max=87807, Min=156, Avg=356.45, 90=436, 99=1126, 99.9=3361, 99.99=87807] [UPDATE: Count=9307, Max=87487, Min=148, Avg=283.84, 90=302, 99=1025, 99.9=2441, 99.99=87487] 
2026-04-28 07:51:25:059 88 sec: 1949797 operations; 22998 current ops/sec; [READ: Count=23003, Max=3223, Min=4, Avg=68.86, 90=133, 99=165, 99.9=2385, 99.99=2941] [READ-MODIFY-WRITE: Count=11463, Max=29471, Min=157, Avg=274.92, 90=375, 99=427, 99.9=2783, 99.99=12175] [UPDATE: Count=11461, Max=29295, Min=148, Avg=204.84, 90=243, 99=278, 99.9=758, 99.99=11999] 
2026-04-28 07:51:26:059 89 sec: 1970355 operations; 20558 current ops/sec; [READ: Count=20556, Max=181503, Min=4, Avg=87.71, 90=137, 99=175, 99.9=2173, 99.99=10111] [READ-MODIFY-WRITE: Count=10325, Max=185727, Min=156, Avg=298.8, 90=382, 99=442, 99.9=3201, 99.99=10463] [UPDATE: Count=10328, Max=9447, Min=149, Avg=207.2, 90=244, 99=279, 99.9=2263, 99.99=9383] 
2026-04-28 07:51:27:059 90 sec: 1992867 operations; 22512 current ops/sec; [READ: Count=22511, Max=15399, Min=4, Avg=72.15, 90=135, 99=170, 99.9=2479, 99.99=13767] [READ-MODIFY-WRITE: Count=11176, Max=16119, Min=160, Avg=282.26, 90=382, 99=446, 99.9=3111, 99.99=15695] [UPDATE: Count=11173, Max=15951, Min=150, Avg=206.87, 90=246, 99=284, 99.9=573, 99.99=3407] 
2026-04-28 07:51:28:059 91 sec: 2015934 operations; 23067 current ops/sec; [READ: Count=23066, Max=4407, Min=4, Avg=68.22, 90=134, 99=165, 99.9=2299, 99.99=4111] [READ-MODIFY-WRITE: Count=11559, Max=27647, Min=158, Avg=273.63, 90=376, 99=430, 99.9=2599, 99.99=13231] [UPDATE: Count=11560, Max=27471, Min=150, Avg=204.15, 90=242, 99=279, 99.9=331, 99.99=13151] 
2026-04-28 07:51:29:059 92 sec: 2034166 operations; 18232 current ops/sec; [READ: Count=18232, Max=2917, Min=4, Avg=68.49, 90=136, 99=167, 99.9=2235, 99.99=2885] [READ-MODIFY-WRITE: Count=9200, Max=87359, Min=157, Avg=363.73, 90=532, 99=1112, 99.9=2885, 99.99=87359] [UPDATE: Count=9193, Max=87231, Min=149, Avg=293.39, 90=441, 99=1005, 99.9=2619, 99.99=87231] 
2026-04-28 07:51:30:059 93 sec: 2055600 operations; 21434 current ops/sec; [READ: Count=21433, Max=2823, Min=4, Avg=68.02, 90=134, 99=164, 99.9=2225, 99.99=2809] [READ-MODIFY-WRITE: Count=10761, Max=3537, Min=157, Avg=300.03, 90=403, 99=1030, 99.9=2711, 99.99=3047] [UPDATE: Count=10767, Max=3409, Min=148, Avg=230.72, 90=262, 99=940, 99.9=1298, 99.99=2865] 
2026-04-28 07:51:31:059 94 sec: 2078325 operations; 22725 current ops/sec; [READ: Count=22728, Max=8703, Min=4, Avg=70.38, 90=134, 99=166, 99.9=2349, 99.99=6119] [READ-MODIFY-WRITE: Count=11321, Max=31199, Min=158, Avg=278.56, 90=374, 99=429, 99.9=3409, 99.99=18319] [UPDATE: Count=11323, Max=31183, Min=149, Avg=206.64, 90=240, 99=280, 99.9=2347, 99.99=18127] 
2026-04-28 07:51:32:059 95 sec: 2101292 operations; 22967 current ops/sec; [READ: Count=22964, Max=5735, Min=5, Avg=70.83, 90=135, 99=165, 99.9=2275, 99.99=3245] [READ-MODIFY-WRITE: Count=11461, Max=6403, Min=158, Avg=274.08, 90=376, 99=429, 99.9=2791, 99.99=6099] [UPDATE: Count=11457, Max=6287, Min=151, Avg=201.25, 90=240, 99=274, 99.9=340, 99.99=5951] 
2026-04-28 07:51:33:059 96 sec: 2123710 operations; 22418 current ops/sec; [READ: Count=22419, Max=29455, Min=5, Avg=70.09, 90=134, 99=163, 99.9=2383, 99.99=3063] [READ-MODIFY-WRITE: Count=11218, Max=86591, Min=159, Avg=284.03, 90=375, 99=428, 99.9=2951, 99.99=31743] [UPDATE: Count=11224, Max=86399, Min=148, Avg=211.01, 90=240, 99=275, 99.9=1768, 99.99=31663] 
2026-04-28 07:51:34:059 97 sec: 2143752 operations; 20042 current ops/sec; [READ: Count=20048, Max=5523, Min=5, Avg=69.71, 90=135, 99=167, 99.9=2327, 99.99=2917] [READ-MODIFY-WRITE: Count=9964, Max=87167, Min=159, Avg=326.36, 90=392, 99=909, 99.9=2833, 99.99=87167] [UPDATE: Count=9953, Max=86975, Min=152, Avg=255.46, 90=251, 99=747, 99.9=1791, 99.99=86975] 
2026-04-28 07:51:35:059 98 sec: 2165437 operations; 21685 current ops/sec; [READ: Count=21682, Max=3197, Min=5, Avg=70, 90=137, 99=169, 99.9=2163, 99.99=3063] [READ-MODIFY-WRITE: Count=10864, Max=3395, Min=161, Avg=295.22, 90=398, 99=880, 99.9=2559, 99.99=3297] [UPDATE: Count=10868, Max=2563, Min=151, Avg=223, 90=256, 99=735, 99.9=1375, 99.99=2499] 
2026-04-28 07:51:36:059 99 sec: 2186617 operations; 21180 current ops/sec; [READ: Count=21176, Max=3363, Min=5, Avg=70.58, 90=137, 99=172, 99.9=2201, 99.99=3209] [READ-MODIFY-WRITE: Count=10607, Max=86271, Min=160, Avg=303.12, 90=388, 99=451, 99.9=2779, 99.99=80575] [UPDATE: Count=10610, Max=86143, Min=150, Avg=230.61, 90=251, 99=290, 99.9=1572, 99.99=80447] 
2026-04-28 07:51:37:059 100 sec: 2207212 operations; 20595 current ops/sec; [READ: Count=20595, Max=169215, Min=5, Avg=91.06, 90=139, 99=197, 99.9=2103, 99.99=9751] [READ-MODIFY-WRITE: Count=10198, Max=166527, Min=159, Avg=298.45, 90=383, 99=498, 99.9=2689, 99.99=10023] [UPDATE: Count=10199, Max=4895, Min=148, Avg=202.79, 90=243, 99=295, 99.9=420, 99.99=2867] 
2026-04-28 07:51:38:059 101 sec: 2229811 operations; 22576.42 current ops/sec; [READ: Count=22600, Max=13455, Min=5, Avg=72.27, 90=135, 99=169, 99.9=2483, 99.99=12743] [READ-MODIFY-WRITE: Count=11388, Max=13711, Min=161, Avg=278.23, 90=378, 99=430, 99.9=3063, 99.99=12967] [UPDATE: Count=11386, Max=6343, Min=152, Avg=202.36, 90=242, 99=278, 99.9=505, 99.99=6187] 
2026-04-28 07:51:39:059 102 sec: 2251098 operations; 21308.31 current ops/sec; [READ: Count=21286, Max=4819, Min=5, Avg=67.37, 90=134, 99=167, 99.9=2339, 99.99=2901] [READ-MODIFY-WRITE: Count=10645, Max=89087, Min=161, Avg=280.15, 90=376, 99=435, 99.9=2849, 99.99=20287] [UPDATE: Count=10639, Max=89023, Min=152, Avg=211.53, 90=241, 99=279, 99.9=1268, 99.99=20111] 
2026-04-28 07:51:40:059 103 sec: 2268135 operations; 17037 current ops/sec; [READ: Count=17040, Max=3231, Min=5, Avg=73.97, 90=143, 99=190, 99.9=2285, 99.99=3083] [READ-MODIFY-WRITE: Count=8469, Max=88831, Min=155, Avg=423.4, 90=666, 99=1311, 99.9=3011, 99.99=88831] [UPDATE: Count=8479, Max=88703, Min=148, Avg=347.75, 90=578, 99=1178, 99.9=2457, 99.99=88703] 
2026-04-28 07:51:41:059 104 sec: 2290103 operations; 21968 current ops/sec; [READ: Count=21968, Max=2767, Min=5, Avg=70.61, 90=140, 99=172, 99.9=2175, 99.99=2597] [READ-MODIFY-WRITE: Count=11096, Max=3041, Min=163, Avg=288.52, 90=399, 99=451, 99.9=2593, 99.99=2949] [UPDATE: Count=11091, Max=2935, Min=155, Avg=214.95, 90=259, 99=291, 99.9=370, 99.99=2771] 
2026-04-28 07:51:42:059 105 sec: 2312253 operations; 22150 current ops/sec; [READ: Count=22149, Max=8823, Min=5, Avg=71.88, 90=139, 99=172, 99.9=2241, 99.99=8431] [READ-MODIFY-WRITE: Count=11090, Max=28271, Min=161, Avg=286.04, 90=389, 99=445, 99.9=2771, 99.99=12879] [UPDATE: Count=11094, Max=28047, Min=152, Avg=211.55, 90=249, 99=283, 99.9=2201, 99.99=12783] 
2026-04-28 07:51:43:059 106 sec: 2334984 operations; 22731 current ops/sec; [READ: Count=22729, Max=3449, Min=5, Avg=71.11, 90=138, 99=171, 99.9=2323, 99.99=3187] [READ-MODIFY-WRITE: Count=11264, Max=3989, Min=163, Avg=279.84, 90=385, 99=443, 99.9=2925, 99.99=3493] [UPDATE: Count=11259, Max=3941, Min=154, Avg=205.91, 90=246, 99=280, 99.9=2647, 99.99=3291] 
2026-04-28 07:51:44:059 107 sec: 2357966 operations; 22982 current ops/sec; [READ: Count=22984, Max=3067, Min=5, Avg=69.06, 90=136, 99=169, 99.9=2347, 99.99=2829] [READ-MODIFY-WRITE: Count=11519, Max=31711, Min=159, Avg=275.06, 90=378, 99=435, 99.9=2659, 99.99=14175] [UPDATE: Count=11523, Max=31615, Min=151, Avg=203.96, 90=242, 99=277, 99.9=379, 99.99=13935] 
2026-04-28 07:51:45:059 108 sec: 2376331 operations; 18346.65 current ops/sec; [READ: Count=18366, Max=4093, Min=5, Avg=74.97, 90=146, 99=212, 99.9=1961, 99.99=3881] [READ-MODIFY-WRITE: Count=9166, Max=85695, Min=150, Avg=359.73, 90=489, 99=1108, 99.9=2941, 99.99=85695] [UPDATE: Count=9166, Max=85439, Min=143, Avg=280.76, 90=314, 99=937, 99.9=2501, 99.99=85439] 
2026-04-28 07:51:46:059 109 sec: 2399654 operations; 23346.35 current ops/sec; [READ: Count=23322, Max=6767, Min=5, Avg=69.37, 90=137, 99=167, 99.9=2343, 99.99=3539] [READ-MODIFY-WRITE: Count=11658, Max=9639, Min=156, Avg=270.18, 90=376, 99=430, 99.9=2773, 99.99=6903] [UPDATE: Count=11654, Max=6735, Min=148, Avg=198.71, 90=240, 99=274, 99.9=454, 99.99=6671] 
2026-04-28 07:51:47:059 110 sec: 2422543 operations; 22889 current ops/sec; [READ: Count=22888, Max=8567, Min=5, Avg=70.8, 90=137, 99=174, 99.9=2563, 99.99=8447] [READ-MODIFY-WRITE: Count=11292, Max=28895, Min=159, Avg=275.47, 90=378, 99=441, 99.9=3163, 99.99=13087] [UPDATE: Count=11294, Max=28783, Min=150, Avg=202.24, 90=240, 99=276, 99.9=1884, 99.99=12919] 
2026-04-28 07:51:48:059 111 sec: 2443640 operations; 21097 current ops/sec; [READ: Count=21096, Max=158847, Min=5, Avg=89.41, 90=139, 99=177, 99.9=2459, 99.99=15503] [READ-MODIFY-WRITE: Count=10475, Max=163071, Min=158, Avg=287.97, 90=378, 99=444, 99.9=2783, 99.99=15375] [UPDATE: Count=10477, Max=9583, Min=149, Avg=199.31, 90=239, 99=274, 99.9=1990, 99.99=9391] 
2026-04-28 07:51:49:059 112 sec: 2466913 operations; 23273 current ops/sec; [READ: Count=23274, Max=13519, Min=5, Avg=68.8, 90=138, 99=170, 99.9=2201, 99.99=2865] [READ-MODIFY-WRITE: Count=11703, Max=13847, Min=158, Avg=271.03, 90=380, 99=434, 99.9=2833, 99.99=3123] [UPDATE: Count=11700, Max=3049, Min=150, Avg=199.5, 90=241, 99=278, 99.9=2411, 99.99=2929] 
2026-04-28 07:51:50:059 113 sec: 2482414 operations; 15501 current ops/sec; [READ: Count=15500, Max=2923, Min=5, Avg=72.06, 90=142, 99=179, 99.9=2203, 99.99=2837] [READ-MODIFY-WRITE: Count=7755, Max=90623, Min=155, Avg=440.52, 90=753, 99=1291, 99.9=3421, 99.99=90623] [UPDATE: Count=7756, Max=88383, Min=147, Avg=366.18, 90=660, 99=1166, 99.9=3229, 99.99=88383] 
2026-04-28 07:51:51:059 114 sec: 2505441 operations; 23027 current ops/sec; [READ: Count=23029, Max=3273, Min=5, Avg=71.09, 90=141, 99=174, 99.9=2469, 99.99=2975] [READ-MODIFY-WRITE: Count=11502, Max=3459, Min=151, Avg=272.53, 90=385, 99=437, 99.9=2783, 99.99=3059] [UPDATE: Count=11500, Max=2781, Min=143, Avg=199.87, 90=244, 99=278, 99.9=350, 99.99=2779] 
2026-04-28 07:51:52:059 115 sec: 2528004 operations; 22563 current ops/sec; [READ: Count=22563, Max=3651, Min=5, Avg=69.58, 90=139, 99=173, 99.9=2353, 99.99=3055] [READ-MODIFY-WRITE: Count=11307, Max=90559, Min=153, Avg=280.41, 90=378, 99=440, 99.9=3069, 99.99=22831] [UPDATE: Count=11306, Max=90303, Min=145, Avg=209.59, 90=239, 99=280, 99.9=2787, 99.99=22607] 
2026-04-28 07:51:53:059 116 sec: 2550679 operations; 22675 current ops/sec; [READ: Count=22674, Max=8903, Min=5, Avg=73.61, 90=141, 99=180, 99.9=2529, 99.99=6295] [READ-MODIFY-WRITE: Count=11410, Max=9183, Min=156, Avg=275.02, 90=383, 99=445, 99.9=3155, 99.99=8903] [UPDATE: Count=11411, Max=8703, Min=146, Avg=198.61, 90=240, 99=272, 99.9=2153, 99.99=3423] 
2026-04-28 07:51:54:059 117 sec: 2573978 operations; 23299 current ops/sec; [READ: Count=23301, Max=3697, Min=5, Avg=72.12, 90=140, 99=175, 99.9=2373, 99.99=3139] [READ-MODIFY-WRITE: Count=11563, Max=3477, Min=154, Avg=268.17, 90=379, 99=437, 99.9=2479, 99.99=3321] [UPDATE: Count=11563, Max=2655, Min=146, Avg=195.01, 90=239, 99=274, 99.9=377, 99.99=2589] 
2026-04-28 07:51:55:059 118 sec: 2591854 operations; 17876 current ops/sec; [READ: Count=17874, Max=2707, Min=5, Avg=73.22, 90=143, 99=184, 99.9=2191, 99.99=2693] [READ-MODIFY-WRITE: Count=8945, Max=93951, Min=156, Avg=371.57, 90=455, 99=1044, 99.9=2865, 99.99=93951] [UPDATE: Count=8950, Max=93823, Min=146, Avg=295.19, 90=317, 99=918, 99.9=2237, 99.99=93823] 
2026-04-28 07:51:56:059 119 sec: 2614312 operations; 22458 current ops/sec; [READ: Count=22457, Max=3517, Min=5, Avg=71.95, 90=143, 99=178, 99.9=2211, 99.99=2907] [READ-MODIFY-WRITE: Count=11057, Max=3765, Min=163, Avg=284.64, 90=400, 99=454, 99.9=2617, 99.99=3381] [UPDATE: Count=11051, Max=3139, Min=153, Avg=209.97, 90=254, 99=291, 99.9=1951, 99.99=2923] 
Maximum time elapsed. Requesting stop for the workload.
Stop requested for workload. Now Joining!
2026-04-28 07:51:57:059 120 sec: 2637283 operations; 22948.05 current ops/sec; [READ: Count=22971, Max=2841, Min=5, Avg=71.19, 90=142, 99=176, 99.9=2229, 99.99=2693] [READ-MODIFY-WRITE: Count=11286, Max=2989, Min=159, Avg=278.48, 90=392, 99=448, 99.9=2637, 99.99=2965] [UPDATE: Count=11285, Max=2819, Min=148, Avg=204, 90=248, 99=283, 99.9=429, 99.99=2785] 
2026-04-28 07:51:57:152 120 sec: 2637292 operations; 96.77 current ops/sec; [READ: Count=5, Max=156, Min=10, Avg=95.8, 90=156, 99=156, 99.9=156, 99.99=156] [READ-MODIFY-WRITE: Count=2, Max=371, Min=307, Avg=339, 90=371, 99=371, 99.9=371, 99.99=371] [CLEANUP: Count=4, Max=92287, Min=85376, Avg=88576, 90=92287, 99=92287, 99.9=92287, 99.99=92287] [UPDATE: Count=0, Max=0, Min=0, Avg=0, 90=0, 99=0, 99.9=0, 99.99=0] 
	Command being timed: "/users/Xinying/ozonedb/ycsb/bin/ycsb run ozonedb -threads 4 -s -P /users/Xinying/ozonedb/ycsb/workloads/generated_workloads/workloadf_1KB_1000000_1000000 -p status.interval=1 -p maxexecutiontime=120 -p operationcount=0 -p shared_config=/users/Xinying/ozonedb/src/config/local/shared_config_rocksdb.json"
	User time (seconds): 206.95
	System time (seconds): 193.19
	Percent of CPU this job got: 313%
	Elapsed (wall clock) time (h:mm:ss or m:ss): 2:07.46
	Average shared text size (kbytes): 0
	Average unshared data size (kbytes): 0
	Average stack size (kbytes): 0
	Average total size (kbytes): 0
	Maximum resident set size (kbytes): 19768120
	Average resident set size (kbytes): 0
	Major (requiring I/O) page faults: 776
	Minor (reclaiming a frame) page faults: 5569490
	Voluntary context switches: 3318641
	Involuntary context switches: 3015
	Swaps: 0
	File system inputs: 46002422
	File system outputs: 6987079
	Socket messages sent: 0
	Socket messages received: 0
	Signals delivered: 0
	Page size (bytes): 4096
	Exit status: 0
