# CMD: /usr/bin/time -v /users/Xinying/ozonedb/ycsb/bin/ycsb run ozonedb -threads 4 -s -P /users/Xinying/ozonedb/ycsb/workloads/generated_workloads/workloadf_1KB_1000000_1000000 -p status.interval=1 -p maxexecutiontime=120 -p operationcount=0 -p shared_config=/users/Xinying/ozonedb/src/config/local/shared_config_rocksdb.json
# devices=['sda6'] sectors_before=1475739056 sectors_after=1491105024
# elapsed_s=127.48 returncode=0

=== STDOUT ===
Starting compaction watcher
Starting compaction watcher
Starting compaction watcher
Starting compaction watcher
2026-04-28 07:54:35:4282026-04-28 07:54:35:428 - NewTail completed:  - NewTail completed: 

2026-04-28 07:54:37:850 - NewTail completed: 
2026-04-28 07:54:37:932 - Compaction started: 
139720025687616:Compacting datalog/35 datalog/36 into:sstable1/dc89a29b-fc6b-4df6-8685-77e3d6e04e85202604280154331777362878109086450.sst
2026-04-28 07:54:38:416 - Compaction completed: 
2026-04-28 07:54:40:232 - NewTail completed: 
2026-04-28 07:54:42:837 - NewTail completed: 
2026-04-28 07:54:42:841 - NewTail completed: 
2026-04-28 07:54:42:935 - Compaction started: 
139720336053824:Compacting datalog/37 datalog/38 into:sstable1/6081c227-2aa9-4d8d-aed1-bf0f2582b515202604280154331777362883114305361.sst
2026-04-28 07:54:43:391 - Compaction completed: 
2026-04-28 07:54:43:438 - Compaction started: 
139720042473024:Compacting sstable1/fdf40179-5256-4028-90ea-15af28ebf787202604231034301776962195318187250.sst sstable1/fdf40179-5256-4028-90ea-15af28ebf787202604231034301776962203658627099.sst into:sstable2/6f413d25-1a78-4c92-b72d-76162b6f267e202604280154331777362884229505022.sst
2026-04-28 07:54:45:092 - Compaction completed: 
2026-04-28 07:54:45:440 - NewTail completed: 
2026-04-28 07:54:45:442 - NewTail completed: 
2026-04-28 07:54:48:144 - NewTail completed: 
2026-04-28 07:54:48:144 - NewTail completed: 
2026-04-28 07:54:48:145 - Compaction started: 
2026-04-28 07:54:48:148 - NewTail completed: 
139720025687616:Compacting datalog/39 datalog/40 into:sstable1/dc89a29b-fc6b-4df6-8685-77e3d6e04e85202604280154331777362888264663148.sst
2026-04-28 07:54:48:537 - Compaction completed: 
2026-04-28 07:54:50:549 - NewTail completed: 
2026-04-28 07:54:50:551 - NewTail completed: 
2026-04-28 07:54:50:552 - NewTail completed: 
2026-04-28 07:54:53:052 - NewTail completed: 
2026-04-28 07:54:53:052 - NewTail completed: 
2026-04-28 07:54:53:114 - Compaction started: 
139720042473024:Compacting datalog/41 datalog/42 into:sstable1/6f413d25-1a78-4c92-b72d-76162b6f267e202604280154331777362893243573535.sst
2026-04-28 07:54:53:515 - Compaction completed: 
2026-04-28 07:54:55:456 - NewTail completed: 
2026-04-28 07:54:55:458 - NewTail completed: 
2026-04-28 07:54:55:458 - NewTail completed: 
2026-04-28 07:54:58:058 - NewTail completed: 
2026-04-28 07:54:58:059 - Compaction started: 
139720336053824:Compacting datalog/43 datalog/44 into:sstable1/6081c227-2aa9-4d8d-aed1-bf0f2582b515202604280154331777362898176899461.sst
2026-04-28 07:54:58:453 - Compaction completed: 
2026-04-28 07:54:58:461 - Compaction started: 
139720336053824:Compacting sstable1/fdf40179-5256-4028-90ea-15af28ebf787202604231034301776962212445933441.sst sstable1/dc89a29b-fc6b-4df6-8685-77e3d6e04e85202604280154331777362878109086450.sst into:sstable2/6081c227-2aa9-4d8d-aed1-bf0f2582b515202604280154331777362899072776484.sst
2026-04-28 07:54:59:818 - Compaction completed: 
2026-04-28 07:55:00:661 - NewTail completed: 
2026-04-28 07:55:03:389 - NewTail completed: 
2026-04-28 07:55:03:471 - Compaction started: 
139720336053824:Compacting datalog/45 datalog/46 into:sstable1/6081c227-2aa9-4d8d-aed1-bf0f2582b515202604280154331777362903604986349.sst
2026-04-28 07:55:03:884 - Compaction completed: 
2026-04-28 07:55:05:869 - NewTail completed: 
2026-04-28 07:55:08:498 - NewTail completed: 
2026-04-28 07:55:08:591 - Compaction started: 
139719344453184:Compacting datalog/47 datalog/48 into:sstable1/a621942f-e3f8-4044-a075-f4c0290aeb94202604280154331777362908773476745.sst
2026-04-28 07:55:09:043 - Compaction completed: 
2026-04-28 07:55:09:105 - Compaction started: 
139720336053824:Compacting sstable1/6081c227-2aa9-4d8d-aed1-bf0f2582b515202604280154331777362883114305361.sst sstable1/dc89a29b-fc6b-4df6-8685-77e3d6e04e85202604280154331777362888264663148.sst into:sstable2/6081c227-2aa9-4d8d-aed1-bf0f2582b515202604280154331777362909525579385.sst
2026-04-28 07:55:10:081 - Compaction completed: 
2026-04-28 07:55:11:074 - NewTail completed: 
2026-04-28 07:55:13:780 - NewTail completed: 
2026-04-28 07:55:13:813 - Compaction started: 
139720336053824:Compacting datalog/49 datalog/50 into:sstable1/6081c227-2aa9-4d8d-aed1-bf0f2582b515202604280154331777362913951041350.sst
2026-04-28 07:55:14:234 - Compaction completed: 
2026-04-28 07:55:16:188 - NewTail completed: 
2026-04-28 07:55:18:783 - NewTail completed: 
2026-04-28 07:55:18:848 - Compaction started: 
139720336053824:Compacting datalog/51 datalog/52 into:sstable1/6081c227-2aa9-4d8d-aed1-bf0f2582b515202604280154331777362918995794654.sst
2026-04-28 07:55:19:301 - Compaction completed: 
2026-04-28 07:55:19:351 - Compaction started: 
139720336053824:Compacting sstable1/6f413d25-1a78-4c92-b72d-76162b6f267e202604280154331777362893243573535.sst sstable1/6081c227-2aa9-4d8d-aed1-bf0f2582b515202604280154331777362898176899461.sst into:sstable2/6081c227-2aa9-4d8d-aed1-bf0f2582b515202604280154331777362919800405283.sst
2026-04-28 07:55:20:378 - Compaction completed: 
2026-04-28 07:55:21:220 - NewTail completed: 
2026-04-28 07:55:23:990 - NewTail completed: 
2026-04-28 07:55:23:994 - Compaction started: 
139720336053824:Compacting datalog/53 datalog/54 into:sstable1/6081c227-2aa9-4d8d-aed1-bf0f2582b515202604280154331777362924134109462.sst
2026-04-28 07:55:24:417 - Compaction completed: 
2026-04-28 07:55:26:425 - NewTail completed: 
2026-04-28 07:55:29:098 - NewTail completed: 
2026-04-28 07:55:29:137 - Compaction started: 
139720336053824:Compacting datalog/55 datalog/56 into:sstable1/6081c227-2aa9-4d8d-aed1-bf0f2582b515202604280154331777362929282557690.sst
2026-04-28 07:55:29:568 - Compaction completed: 
2026-04-28 07:55:29:639 - Compaction started: 
139720336053824:Compacting sstable1/6081c227-2aa9-4d8d-aed1-bf0f2582b515202604280154331777362903604986349.sst sstable1/a621942f-e3f8-4044-a075-f4c0290aeb94202604280154331777362908773476745.sst into:sstable2/6081c227-2aa9-4d8d-aed1-bf0f2582b515202604280154331777362930069139792.sst
2026-04-28 07:55:30:621 - Compaction completed: 
2026-04-28 07:55:31:632 - NewTail completed: 
2026-04-28 07:55:34:408 - NewTail completed: 
2026-04-28 07:55:34:410 - NewTail completed: 
2026-04-28 07:55:34:454 - Compaction started: 
139720336053824:Compacting datalog/57 datalog/58 into:sstable1/6081c227-2aa9-4d8d-aed1-bf0f2582b515202604280154331777362934598381900.sst
2026-04-28 07:55:34:882 - Compaction completed: 
2026-04-28 07:55:36:844 - NewTail completed: 
2026-04-28 07:55:39:514 - NewTail completed: 
2026-04-28 07:55:39:515 - NewTail completed: 
2026-04-28 07:55:39:563 - Compaction started: 
139720336053824:Compacting datalog/59 datalog/60 into:sstable1/6081c227-2aa9-4d8d-aed1-bf0f2582b515202604280154331777362939707579009.sst
2026-04-28 07:55:39:989 - Compaction completed: 
2026-04-28 07:55:40:067 - Compaction started: 
139720336053824:Compacting sstable1/6081c227-2aa9-4d8d-aed1-bf0f2582b515202604280154331777362913951041350.sst sstable1/6081c227-2aa9-4d8d-aed1-bf0f2582b515202604280154331777362918995794654.sst into:sstable2/6081c227-2aa9-4d8d-aed1-bf0f2582b515202604280154331777362940503658263.sst
2026-04-28 07:55:41:065 - Compaction completed: 
2026-04-28 07:55:42:117 - NewTail completed: 
2026-04-28 07:55:45:121 - NewTail completed: 
2026-04-28 07:55:45:186 - Compaction started: 
139720336053824:Compacting datalog/61 datalog/62 into:sstable1/6081c227-2aa9-4d8d-aed1-bf0f2582b515202604280154331777362945332435201.sst
2026-04-28 07:55:45:623 - Compaction completed: 
2026-04-28 07:55:47:825 - NewTail completed: 
2026-04-28 07:55:50:328 - NewTail completed: 
2026-04-28 07:55:50:397 - Compaction started: 
139720336053824:Compacting datalog/63 datalog/64 into:sstable1/6081c227-2aa9-4d8d-aed1-bf0f2582b515202604280154331777362950566908141.sst
2026-04-28 07:55:50:863 - Compaction completed: 
2026-04-28 07:55:50:948 - Compaction started: 
139719344453184:Compacting sstable1/6081c227-2aa9-4d8d-aed1-bf0f2582b515202604280154331777362924134109462.sst sstable1/6081c227-2aa9-4d8d-aed1-bf0f2582b515202604280154331777362929282557690.sst into:sstable2/a621942f-e3f8-4044-a075-f4c0290aeb94202604280154331777362951367370953.sst
2026-04-28 07:55:51:897 - Compaction completed: 
2026-04-28 07:55:53:273 - NewTail completed: 
2026-04-28 07:55:55:836 - NewTail completed: 
2026-04-28 07:55:55:911 - Compaction started: 
139720336053824:Compacting datalog/65 datalog/66 into:sstable1/6081c227-2aa9-4d8d-aed1-bf0f2582b515202604280154331777362956054219158.sst
2026-04-28 07:55:56:343 - Compaction completed: 
2026-04-28 07:55:58:583 - NewTail completed: 
2026-04-28 07:56:01:148 - NewTail completed: 
2026-04-28 07:56:01:148 - NewTail completed: 
2026-04-28 07:56:01:149 - NewTail completed: 
2026-04-28 07:56:01:225 - Compaction started: 
139720336053824:Compacting datalog/67 datalog/68 into:sstable1/6081c227-2aa9-4d8d-aed1-bf0f2582b515202604280154331777362961380073829.sst
2026-04-28 07:56:01:668 - Compaction completed: 
2026-04-28 07:56:01:745 - Compaction started: 
139720042473024:Compacting sstable1/6081c227-2aa9-4d8d-aed1-bf0f2582b515202604280154331777362934598381900.sst sstable1/6081c227-2aa9-4d8d-aed1-bf0f2582b515202604280154331777362939707579009.sst into:sstable2/6f413d25-1a78-4c92-b72d-76162b6f267e202604280154331777362962160890908.sst
2026-04-28 07:56:02:710 - Compaction completed: 
2026-04-28 07:56:04:049 - NewTail completed: 
2026-04-28 07:56:04:050 - NewTail completed: 
2026-04-28 07:56:04:050 - NewTail completed: 
2026-04-28 07:56:06:489 - NewTail completed: 
2026-04-28 07:56:06:554 - Compaction started: 
139720042473024:Compacting datalog/69 datalog/70 into:sstable1/6f413d25-1a78-4c92-b72d-76162b6f267e202604280154331777362966688003429.sst
2026-04-28 07:56:06:973 - Compaction completed: 
2026-04-28 07:56:09:191 - NewTail completed: 
2026-04-28 07:56:11:759 - NewTail completed: 
2026-04-28 07:56:11:759 - NewTail completed: 
2026-04-28 07:56:11:796 - Compaction started: 
139720042473024:Compacting datalog/71 datalog/72 into:sstable1/6f413d25-1a78-4c92-b72d-76162b6f267e202604280154331777362971932223564.sst
2026-04-28 07:56:12:212 - Compaction completed: 
2026-04-28 07:56:12:279 - Compaction started: 
139719344453184:Compacting sstable1/6081c227-2aa9-4d8d-aed1-bf0f2582b515202604280154331777362945332435201.sst sstable1/6081c227-2aa9-4d8d-aed1-bf0f2582b515202604280154331777362950566908141.sst into:sstable2/a621942f-e3f8-4044-a075-f4c0290aeb94202604280154331777362972692336523.sst
2026-04-28 07:56:13:297 - Compaction completed: 
2026-04-28 07:56:14:799 - NewTail completed: 
2026-04-28 07:56:17:398 - NewTail completed: 
2026-04-28 07:56:17:474 - Compaction started: 
139719344453184:Compacting datalog/73 datalog/74 into:sstable1/a621942f-e3f8-4044-a075-f4c0290aeb94202604280154331777362977601472503.sst
2026-04-28 07:56:17:881 - Compaction completed: 
2026-04-28 07:56:20:164 - NewTail completed: 
2026-04-28 07:56:20:166 - NewTail completed: 
2026-04-28 07:56:22:703 - NewTail completed: 
2026-04-28 07:56:22:795 - Compaction started: 
139719344453184:Compacting datalog/75 datalog/76 into:sstable1/a621942f-e3f8-4044-a075-f4c0290aeb94202604280154331777362982923189654.sst
2026-04-28 07:56:23:206 - Compaction completed: 
2026-04-28 07:56:23:223 - Compaction started: 
139719344453184:Compacting sstable1/6081c227-2aa9-4d8d-aed1-bf0f2582b515202604280154331777362956054219158.sst sstable1/6081c227-2aa9-4d8d-aed1-bf0f2582b515202604280154331777362961380073829.sst into:sstable2/a621942f-e3f8-4044-a075-f4c0290aeb94202604280154331777362983656673147.sst
2026-04-28 07:56:24:203 - Compaction completed: 
2026-04-28 07:56:25:569 - NewTail completed: 
2026-04-28 07:56:25:571 - NewTail completed: 
2026-04-28 07:56:28:108 - NewTail completed: 
2026-04-28 07:56:28:118 - Compaction started: 
139719344453184:Compacting datalog/77 datalog/78 into:sstable1/a621942f-e3f8-4044-a075-f4c0290aeb94202604280154331777362988246964257.sst
2026-04-28 07:56:28:530 - Compaction completed: 
2026-04-28 07:56:30:993 - NewTail completed: 
[OVERALL], RunTime(ms), 120095
[OVERALL], Throughput(ops/sec), 21862.850243557183
[TOTAL_GCS_PS_Scavenge], Count, 67
[TOTAL_GC_TIME_PS_Scavenge], Time(ms), 218
[TOTAL_GC_TIME_%_PS_Scavenge], Time(%), 0.18152296098921686
[TOTAL_GCS_PS_MarkSweep], Count, 0
[TOTAL_GC_TIME_PS_MarkSweep], Time(ms), 0
[TOTAL_GC_TIME_%_PS_MarkSweep], Time(%), 0.0
[TOTAL_GCs], Count, 67
[TOTAL_GC_TIME], Time(ms), 218
[TOTAL_GC_TIME_%], Time(%), 0.18152296098921686
[READ], Operations, 2625619
[READ], AverageLatency(us), 69.31561509876337
[READ], MinLatency(us), 3
[READ], MaxLatency(us), 316415
[READ], 95thPercentileLatency(us), 137
[READ], 99thPercentileLatency(us), 162
[READ], Return=OK, 2625619
[READ-MODIFY-WRITE], Operations, 1312123
[READ-MODIFY-WRITE], AverageLatency(us), 291.3171265193888
[READ-MODIFY-WRITE], MinLatency(us), 144
[READ-MODIFY-WRITE], MaxLatency(us), 405503
[READ-MODIFY-WRITE], 95thPercentileLatency(us), 398
[READ-MODIFY-WRITE], 99thPercentileLatency(us), 783
[CLEANUP], Operations, 4
[CLEANUP], AverageLatency(us), 73708.0
[CLEANUP], MinLatency(us), 50176
[CLEANUP], MaxLatency(us), 93567
[CLEANUP], 95thPercentileLatency(us), 93567
[CLEANUP], 99thPercentileLatency(us), 93567
[UPDATE], Operations, 1312123
[UPDATE], AverageLatency(us), 219.95049930532429
[UPDATE], MinLatency(us), 138
[UPDATE], MaxLatency(us), 267775
[UPDATE], 95thPercentileLatency(us), 258
[UPDATE], 99thPercentileLatency(us), 642
[UPDATE], Return=OK, 1312123

=== STDERR ===
[WARN]  Running against a source checkout. In order to get our runtime dependencies we'll have to invoke Maven. Depending on the state of your system, this may take ~30-45 seconds
[DEBUG]  Running 'mvn -pl site.ycsb:ozonedb-binding -am package -DskipTests dependency:build-classpath -DincludeScope=compile -Dmdep.outputFilterFile=true'
/usr/lib/jvm/java-8-openjdk-amd64/bin/java -cp /users/Xinying/ozonedb/ycsb/ozonedb/conf:/users/Xinying/ozonedb/ycsb/ozonedb/target/ozonedb-binding-0.18.0-SNAPSHOT.jar:/users/Xinying/.m2/repository/org/apache/htrace/htrace-core4/4.1.0-incubating/htrace-core4-4.1.0-incubating.jar:/users/Xinying/.m2/repository/org/slf4j/slf4j-api/1.7.25/slf4j-api-1.7.25.jar:/users/Xinying/.m2/repository/org/hdrhistogram/HdrHistogram/2.1.12/HdrHistogram-2.1.12.jar:/users/Xinying/.m2/repository/ch/qos/logback/logback-classic/1.2.3/logback-classic-1.2.3.jar:/users/Xinying/.m2/repository/ozonedbjnimaven/demoproc-jni/1.0/demoproc-jni-1.0.jar:/users/Xinying/.m2/repository/ch/qos/logback/logback-core/1.2.3/logback-core-1.2.3.jar:/users/Xinying/.m2/repository/org/codehaus/jackson/jackson-mapper-asl/1.9.4/jackson-mapper-asl-1.9.4.jar:/users/Xinying/.m2/repository/org/slf4j/slf4j-simple/1.7.25/slf4j-simple-1.7.25.jar:/users/Xinying/.m2/repository/org/codehaus/jackson/jackson-core-asl/1.9.4/jackson-core-asl-1.9.4.jar:/users/Xinying/ozonedb/ycsb/core/target/core-0.18.0-SNAPSHOT.jar site.ycsb.Client -db site.ycsb.db.OzoneDBClient -threads 4 -s -P /users/Xinying/ozonedb/ycsb/workloads/generated_workloads/workloadf_1KB_1000000_1000000 -p status.interval=1 -p maxexecutiontime=120 -p operationcount=0 -p shared_config=/users/Xinying/ozonedb/src/config/local/shared_config_rocksdb.json -t
Command line: -db site.ycsb.db.OzoneDBClient -threads 4 -s -P /users/Xinying/ozonedb/ycsb/workloads/generated_workloads/workloadf_1KB_1000000_1000000 -p status.interval=1 -p maxexecutiontime=120 -p operationcount=0 -p shared_config=/users/Xinying/ozonedb/src/config/local/shared_config_rocksdb.json -t
YCSB Client 0.18.0-SNAPSHOT

Loading workload...
Starting test.
SLF4J: Class path contains multiple SLF4J bindings.
SLF4J: Found binding in [jar:file:/users/Xinying/.m2/repository/ch/qos/logback/logback-classic/1.2.3/logback-classic-1.2.3.jar!/org/slf4j/impl/StaticLoggerBinder.class]
SLF4J: Found binding in [jar:file:/users/Xinying/.m2/repository/org/slf4j/slf4j-simple/1.7.25/slf4j-simple-1.7.25.jar!/org/slf4j/impl/StaticLoggerBinder.class]
SLF4J: See http://www.slf4j.org/codes.html#multiple_bindings for an explanation.
SLF4J: Actual binding is of type [ch.qos.logback.classic.util.ContextSelectorStaticBinder]
Maximum execution time specified as: 120 secs
2026-04-28 07:54:33:301 0 sec: 0 operations; 
DBWrapper: report latency for each error is false and specific error codes to track for latency are: []
2026-04-28 07:54:34:301 1 sec: 3110 operations; 3106.89 current ops/sec; [READ: Count=3153, Max=125951, Min=3, Avg=247.05, 90=120, 99=186, 99.9=120127, 99.99=125951] [READ-MODIFY-WRITE: Count=1622, Max=405503, Min=174, Avg=1069.05, 90=401, 99=610, 99.9=269311, 99.99=405503] [UPDATE: Count=1663, Max=267775, Min=160, Avg=869.39, 90=277, 99=459, 99.9=267519, 99.99=267775] 
2026-04-28 07:54:35:301 2 sec: 25195 operations; 22107.11 current ops/sec; [READ: Count=22051, Max=7587, Min=3, Avg=73.83, 90=107, 99=138, 99.9=5831, 99.99=7123] [READ-MODIFY-WRITE: Count=10939, Max=7483, Min=160, Avg=283.41, 90=336, 99=413, 99.9=6739, 99.99=7407] [UPDATE: Count=10925, Max=7091, Min=152, Avg=206.04, 90=231, 99=287, 99.9=3213, 99.99=6531] 
2026-04-28 07:54:36:301 3 sec: 47309 operations; 22091.91 current ops/sec; [READ: Count=22123, Max=7083, Min=3, Avg=68.62, 90=107, 99=132, 99.9=5283, 99.99=6751] [READ-MODIFY-WRITE: Count=11065, Max=32255, Min=156, Avg=286.5, 90=330, 99=488, 99.9=6499, 99.99=32175] [UPDATE: Count=11053, Max=32175, Min=148, Avg=216.06, 90=227, 99=298, 99.9=3189, 99.99=32063] 
2026-04-28 07:54:37:301 4 sec: 71464 operations; 24155 current ops/sec; [READ: Count=24156, Max=7811, Min=3, Avg=65.47, 90=106, 99=130, 99.9=3949, 99.99=7619] [READ-MODIFY-WRITE: Count=12090, Max=8123, Min=148, Avg=261.36, 90=322, 99=371, 99.9=6855, 99.99=7879] [UPDATE: Count=12088, Max=7747, Min=141, Avg=193.34, 90=219, 99=261, 99.9=521, 99.99=7079] 
2026-04-28 07:54:38:301 5 sec: 94940 operations; 23476 current ops/sec; [READ: Count=23479, Max=7723, Min=3, Avg=62.9, 90=105, 99=130, 99.9=3259, 99.99=7419] [READ-MODIFY-WRITE: Count=11735, Max=81535, Min=144, Avg=274.82, 90=317, 99=371, 99.9=4639, 99.99=81023] [UPDATE: Count=11738, Max=81471, Min=139, Avg=209.11, 90=214, 99=261, 99.9=3391, 99.99=81023] 
2026-04-28 07:54:39:301 6 sec: 119709 operations; 24769 current ops/sec; [READ: Count=24761, Max=15359, Min=3, Avg=65.88, 90=108, 99=134, 99.9=3011, 99.99=14407] [READ-MODIFY-WRITE: Count=12274, Max=7351, Min=146, Avg=254.01, 90=321, 99=374, 99.9=3333, 99.99=7171] [UPDATE: Count=12270, Max=3559, Min=140, Avg=186.98, 90=215, 99=255, 99.9=301, 99.99=3283] 
2026-04-28 07:54:40:301 7 sec: 145077 operations; 25393.39 current ops/sec; [READ: Count=25367, Max=3721, Min=3, Avg=61.61, 90=107, 99=130, 99.9=2741, 99.99=3549] [READ-MODIFY-WRITE: Count=12520, Max=20911, Min=145, Avg=252.25, 90=322, 99=366, 99.9=3215, 99.99=4015] [UPDATE: Count=12522, Max=20687, Min=140, Avg=188.72, 90=217, 99=256, 99.9=451, 99.99=3907] 
2026-04-28 07:54:41:301 8 sec: 165252 operations; 20175 current ops/sec; [READ: Count=20169, Max=3823, Min=3, Avg=63.05, 90=109, 99=146, 99.9=2661, 99.99=3413] [READ-MODIFY-WRITE: Count=10019, Max=98431, Min=146, Avg=332.16, 90=416, 99=1069, 99.9=3105, 99.99=98111] [UPDATE: Count=10014, Max=98239, Min=140, Avg=266.8, 90=318, 99=950, 99.9=1993, 99.99=98047] 
2026-04-28 07:54:42:301 9 sec: 189408 operations; 24131.87 current ops/sec; [READ: Count=24159, Max=3955, Min=3, Avg=62.59, 90=111, 99=136, 99.9=2523, 99.99=3565] [READ-MODIFY-WRITE: Count=12165, Max=4227, Min=154, Avg=263.39, 90=339, 99=388, 99.9=3075, 99.99=4061] [UPDATE: Count=12164, Max=3923, Min=140, Avg=198.88, 90=229, 99=272, 99.9=357, 99.99=3921] 
2026-04-28 07:54:43:301 10 sec: 213617 operations; 24209 current ops/sec; [READ: Count=24220, Max=5063, Min=3, Avg=62.82, 90=111, 99=138, 99.9=2825, 99.99=4319] [READ-MODIFY-WRITE: Count=12065, Max=20799, Min=153, Avg=263.03, 90=334, 99=389, 99.9=3399, 99.99=20047] [UPDATE: Count=12066, Max=20703, Min=144, Avg=199.93, 90=227, 99=270, 99.9=407, 99.99=19839] 
2026-04-28 07:54:44:301 11 sec: 233798 operations; 20181 current ops/sec; [READ: Count=20173, Max=316415, Min=3, Avg=95.25, 90=114, 99=147, 99.9=2179, 99.99=17199] [READ-MODIFY-WRITE: Count=10156, Max=324607, Min=151, Avg=326.2, 90=336, 99=404, 99.9=3131, 99.99=303103] [UPDATE: Count=10157, Max=17951, Min=144, Avg=199, 90=225, 99=267, 99.9=2387, 99.99=17023] 
2026-04-28 07:54:45:301 12 sec: 257452 operations; 23654 current ops/sec; [READ: Count=23652, Max=38527, Min=3, Avg=68.35, 90=111, 99=149, 99.9=2983, 99.99=24799] [READ-MODIFY-WRITE: Count=11834, Max=37215, Min=150, Avg=261.08, 90=333, 99=399, 99.9=3089, 99.99=4235] [UPDATE: Count=11833, Max=37023, Min=145, Avg=195.64, 90=224, 99=263, 99.9=310, 99.99=3893] 
2026-04-28 07:54:46:301 13 sec: 278518 operations; 21087.09 current ops/sec; [READ: Count=21068, Max=3607, Min=3, Avg=60.78, 90=111, 99=138, 99.9=2441, 99.99=3413] [READ-MODIFY-WRITE: Count=10570, Max=89727, Min=151, Avg=314.12, 90=350, 99=853, 99.9=3307, 99.99=89599] [UPDATE: Count=10565, Max=89407, Min=144, Avg=251.58, 90=239, 99=726, 99.9=2929, 99.99=89343] 
2026-04-28 07:54:47:301 14 sec: 297715 operations; 19177.82 current ops/sec; [READ: Count=19195, Max=4711, Min=3, Avg=62.03, 90=110, 99=134, 99.9=1392, 99.99=4387] [READ-MODIFY-WRITE: Count=9654, Max=5011, Min=146, Avg=349.9, 90=606, 99=1175, 99.9=3097, 99.99=5011] [UPDATE: Count=9656, Max=3797, Min=139, Avg=285.36, 90=553, 99=1083, 99.9=1353, 99.99=3797] 
2026-04-28 07:54:48:301 15 sec: 322265 operations; 24550 current ops/sec; [READ: Count=24551, Max=4031, Min=3, Avg=63.45, 90=111, 99=135, 99.9=2867, 99.99=3493] [READ-MODIFY-WRITE: Count=12218, Max=20543, Min=150, Avg=257.63, 90=331, 99=381, 99.9=3067, 99.99=4439] [UPDATE: Count=12217, Max=20335, Min=143, Avg=194.17, 90=224, 99=266, 99.9=501, 99.99=4045] 
2026-04-28 07:54:49:301 16 sec: 346597 operations; 24332 current ops/sec; [READ: Count=24331, Max=12623, Min=3, Avg=65.26, 90=112, 99=138, 99.9=2507, 99.99=8743] [READ-MODIFY-WRITE: Count=12151, Max=12839, Min=147, Avg=259.86, 90=332, 99=382, 99.9=2957, 99.99=10527] [UPDATE: Count=12153, Max=12639, Min=140, Avg=192.75, 90=223, 99=264, 99.9=332, 99.99=3253] 
2026-04-28 07:54:50:301 17 sec: 370885 operations; 24288 current ops/sec; [READ: Count=24285, Max=5335, Min=3, Avg=64.66, 90=112, 99=140, 99.9=3091, 99.99=5007] [READ-MODIFY-WRITE: Count=12256, Max=7051, Min=148, Avg=258.51, 90=332, 99=383, 99.9=4023, 99.99=7043] [UPDATE: Count=12255, Max=6951, Min=141, Avg=192.46, 90=221, 99=262, 99.9=361, 99.99=6883] 
2026-04-28 07:54:51:301 18 sec: 393771 operations; 22908.91 current ops/sec; [READ: Count=22882, Max=3675, Min=3, Avg=62.31, 90=113, 99=139, 99.9=2323, 99.99=3079] [READ-MODIFY-WRITE: Count=11573, Max=20799, Min=148, Avg=261.87, 90=334, 99=394, 99.9=3673, 99.99=7519] [UPDATE: Count=11567, Max=20607, Min=143, Avg=198.41, 90=223, 99=268, 99.9=3609, 99.99=7415] 
2026-04-28 07:54:52:301 19 sec: 415064 operations; 21271.73 current ops/sec; [READ: Count=21299, Max=3665, Min=3, Avg=63.29, 90=112, 99=138, 99.9=2785, 99.99=3483] [READ-MODIFY-WRITE: Count=10768, Max=90303, Min=147, Avg=325.73, 90=374, 99=963, 99.9=3577, 99.99=90175] [UPDATE: Count=10780, Max=90239, Min=139, Avg=260.42, 90=266, 99=879, 99.9=1992, 99.99=90175] 
2026-04-28 07:54:53:301 20 sec: 438754 operations; 23690 current ops/sec; [READ: Count=23688, Max=5199, Min=3, Avg=63.99, 90=113, 99=142, 99.9=2927, 99.99=3415] [READ-MODIFY-WRITE: Count=11805, Max=101055, Min=151, Avg=270.31, 90=338, 99=396, 99.9=3213, 99.99=20095] [UPDATE: Count=11800, Max=98303, Min=143, Avg=204.66, 90=227, 99=271, 99.9=968, 99.99=19999] 
2026-04-28 07:54:54:301 21 sec: 462735 operations; 23981 current ops/sec; [READ: Count=23981, Max=12935, Min=3, Avg=65.84, 90=115, 99=143, 99.9=2567, 99.99=8863] [READ-MODIFY-WRITE: Count=12042, Max=14023, Min=148, Avg=262.79, 90=337, 99=393, 99.9=3011, 99.99=13223] [UPDATE: Count=12042, Max=13775, Min=142, Avg=195.38, 90=225, 99=266, 99.9=361, 99.99=7003] 
2026-04-28 07:54:55:301 22 sec: 487405 operations; 24670 current ops/sec; [READ: Count=24668, Max=5055, Min=3, Avg=64.52, 90=113, 99=140, 99.9=2787, 99.99=4671] [READ-MODIFY-WRITE: Count=12306, Max=4963, Min=151, Avg=255.13, 90=333, 99=378, 99.9=2975, 99.99=4171] [UPDATE: Count=12303, Max=3947, Min=144, Avg=190.08, 90=222, 99=259, 99.9=314, 99.99=3699] 
2026-04-28 07:54:56:301 23 sec: 511721 operations; 24316 current ops/sec; [READ: Count=24324, Max=4715, Min=3, Avg=64.08, 90=115, 99=141, 99.9=2451, 99.99=3581] [READ-MODIFY-WRITE: Count=12151, Max=18959, Min=151, Avg=260.96, 90=340, 99=392, 99.9=2961, 99.99=5015] [UPDATE: Count=12154, Max=18719, Min=145, Avg=195.12, 90=227, 99=269, 99.9=400, 99.99=3279] 
2026-04-28 07:54:57:301 24 sec: 531193 operations; 19472 current ops/sec; [READ: Count=19465, Max=3509, Min=3, Avg=65.31, 90=118, 99=158, 99.9=2503, 99.99=3503] [READ-MODIFY-WRITE: Count=9702, Max=91839, Min=150, Avg=344.86, 90=440, 99=1072, 99.9=3415, 99.99=91839] [UPDATE: Count=9709, Max=91711, Min=143, Avg=275.53, 90=330, 99=946, 99.9=1338, 99.99=91711] 
2026-04-28 07:54:58:301 25 sec: 555142 operations; 23949 current ops/sec; [READ: Count=23947, Max=3347, Min=3, Avg=64.28, 90=115, 99=142, 99.9=2723, 99.99=3251] [READ-MODIFY-WRITE: Count=11890, Max=21199, Min=155, Avg=266.94, 90=344, 99=395, 99.9=3089, 99.99=3827] [UPDATE: Count=11882, Max=21103, Min=146, Avg=201.15, 90=231, 99=272, 99.9=2085, 99.99=3727] 
2026-04-28 07:54:59:301 26 sec: 575684 operations; 20542 current ops/sec; [READ: Count=20545, Max=235263, Min=4, Avg=91.22, 90=119, 99=152, 99.9=2409, 99.99=12207] [READ-MODIFY-WRITE: Count=10215, Max=239743, Min=156, Avg=296.12, 90=352, 99=411, 99.9=2689, 99.99=8119] [UPDATE: Count=10218, Max=4311, Min=149, Avg=202.33, 90=235, 99=272, 99.9=429, 99.99=3001] 
2026-04-28 07:55:00:301 27 sec: 598358 operations; 22674 current ops/sec; [READ: Count=22676, Max=26655, Min=3, Avg=70.43, 90=119, 99=152, 99.9=2639, 99.99=25999] [READ-MODIFY-WRITE: Count=11364, Max=26911, Min=158, Avg=279.17, 90=355, 99=418, 99.9=3139, 99.99=26815] [UPDATE: Count=11361, Max=18799, Min=151, Avg=205.57, 90=238, 99=279, 99.9=344, 99.99=6151] 
2026-04-28 07:55:01:301 28 sec: 622845 operations; 24487 current ops/sec; [READ: Count=24484, Max=3193, Min=3, Avg=61.59, 90=114, 99=140, 99.9=2323, 99.99=2861] [READ-MODIFY-WRITE: Count=12186, Max=23471, Min=155, Avg=263.01, 90=342, 99=389, 99.9=2831, 99.99=3997] [UPDATE: Count=12189, Max=23391, Min=147, Avg=198.7, 90=228, 99=270, 99.9=781, 99.99=3987] 
2026-04-28 07:55:02:301 29 sec: 638610 operations; 15765 current ops/sec; [READ: Count=15767, Max=3489, Min=3, Avg=64.08, 90=119, 99=150, 99.9=1207, 99.99=3437] [READ-MODIFY-WRITE: Count=8003, Max=89087, Min=153, Avg=434.2, 90=693, 99=1355, 99.9=3659, 99.99=89087] [UPDATE: Count=8003, Max=88831, Min=144, Avg=368, 90=621, 99=1189, 99.9=3241, 99.99=88831] 
2026-04-28 07:55:03:301 30 sec: 662650 operations; 24040 current ops/sec; [READ: Count=24040, Max=3249, Min=4, Avg=63.59, 90=117, 99=142, 99.9=2513, 99.99=2993] [READ-MODIFY-WRITE: Count=12028, Max=3451, Min=156, Avg=266.24, 90=347, 99=396, 99.9=2945, 99.99=3349] [UPDATE: Count=12023, Max=3217, Min=148, Avg=199.69, 90=232, 99=268, 99.9=342, 99.99=3161] 
2026-04-28 07:55:04:301 31 sec: 685011 operations; 22361 current ops/sec; [READ: Count=22362, Max=9879, Min=4, Avg=66.1, 90=117, 99=144, 99.9=2325, 99.99=7179] [READ-MODIFY-WRITE: Count=11194, Max=79615, Min=155, Avg=287.2, 90=346, 99=408, 99.9=3001, 99.99=78719] [UPDATE: Count=11199, Max=79615, Min=148, Avg=219.54, 90=230, 99=275, 99.9=2423, 99.99=78655] 
2026-04-28 07:55:05:301 32 sec: 709265 operations; 24254 current ops/sec; [READ: Count=24251, Max=3851, Min=4, Avg=65.5, 90=117, 99=142, 99.9=2507, 99.99=3655] [READ-MODIFY-WRITE: Count=12023, Max=4195, Min=155, Avg=261.69, 90=342, 99=390, 99.9=2857, 99.99=3915] [UPDATE: Count=12019, Max=4075, Min=147, Avg=194.73, 90=228, 99=266, 99.9=316, 99.99=3733] 
2026-04-28 07:55:06:301 33 sec: 733334 operations; 24069 current ops/sec; [READ: Count=24069, Max=3119, Min=4, Avg=64.17, 90=117, 99=144, 99.9=2195, 99.99=2697] [READ-MODIFY-WRITE: Count=11884, Max=24127, Min=154, Avg=265.72, 90=347, 99=393, 99.9=2837, 99.99=3483] [UPDATE: Count=11886, Max=23935, Min=147, Avg=200.89, 90=231, 99=271, 99.9=1981, 99.99=3391] 
2026-04-28 07:55:07:301 34 sec: 751746 operations; 18412 current ops/sec; [READ: Count=18414, Max=3573, Min=4, Avg=64.4, 90=119, 99=147, 99.9=1662, 99.99=3285] [READ-MODIFY-WRITE: Count=9269, Max=88703, Min=155, Avg=364.37, 90=465, 99=1407, 99.9=3451, 99.99=88703] [UPDATE: Count=9272, Max=88511, Min=147, Avg=297.8, 90=386, 99=1277, 99.9=2875, 99.99=88511] 
2026-04-28 07:55:08:301 35 sec: 775981 operations; 24259.26 current ops/sec; [READ: Count=24233, Max=2811, Min=4, Avg=63.82, 90=118, 99=144, 99.9=2361, 99.99=2755] [READ-MODIFY-WRITE: Count=12112, Max=3057, Min=147, Avg=262.16, 90=347, 99=400, 99.9=2663, 99.99=3011] [UPDATE: Count=12106, Max=2957, Min=140, Avg=196.97, 90=231, 99=271, 99.9=346, 99.99=2829] 
2026-04-28 07:55:09:301 36 sec: 797543 operations; 21540.46 current ops/sec; [READ: Count=21557, Max=151167, Min=4, Avg=73.98, 90=119, 99=155, 99.9=2405, 99.99=10943] [READ-MODIFY-WRITE: Count=10728, Max=79615, Min=153, Avg=286.84, 90=350, 99=418, 99.9=3013, 99.99=76543] [UPDATE: Count=10730, Max=79487, Min=146, Avg=217.57, 90=231, 99=276, 99.9=438, 99.99=76415] 
2026-04-28 07:55:10:301 37 sec: 819627 operations; 22084 current ops/sec; [READ: Count=22089, Max=159615, Min=4, Avg=76.57, 90=120, 99=155, 99.9=2175, 99.99=16767] [READ-MODIFY-WRITE: Count=11159, Max=162047, Min=152, Avg=285.44, 90=354, 99=418, 99.9=2763, 99.99=15663] [UPDATE: Count=11159, Max=4029, Min=143, Avg=202.17, 90=236, 99=273, 99.9=2297, 99.99=3503] 
2026-04-28 07:55:11:301 38 sec: 843727 operations; 24100 current ops/sec; [READ: Count=24099, Max=33535, Min=4, Avg=64.04, 90=117, 99=142, 99.9=2403, 99.99=3155] [READ-MODIFY-WRITE: Count=11955, Max=34271, Min=154, Avg=264.94, 90=342, 99=392, 99.9=2903, 99.99=33919] [UPDATE: Count=11955, Max=34047, Min=147, Avg=199.88, 90=227, 99=267, 99.9=697, 99.99=33823] 
2026-04-28 07:55:12:301 39 sec: 860832 operations; 17122.12 current ops/sec; [READ: Count=17106, Max=3139, Min=4, Avg=63.42, 90=118, 99=146, 99.9=1294, 99.99=3001] [READ-MODIFY-WRITE: Count=8654, Max=88767, Min=154, Avg=394.87, 90=620, 99=1135, 99.9=2907, 99.99=88767] [UPDATE: Count=8657, Max=88639, Min=147, Avg=331.03, 90=559, 99=1035, 99.9=1402, 99.99=88639] 
2026-04-28 07:55:13:301 40 sec: 884955 operations; 24123 current ops/sec; [READ: Count=24121, Max=3771, Min=4, Avg=64.79, 90=120, 99=146, 99.9=2481, 99.99=3243] [READ-MODIFY-WRITE: Count=12085, Max=3623, Min=148, Avg=262.09, 90=350, 99=398, 99.9=2755, 99.99=3333] [UPDATE: Count=12080, Max=3055, Min=141, Avg=195.91, 90=230, 99=267, 99.9=319, 99.99=3035] 
2026-04-28 07:55:14:301 41 sec: 908754 operations; 23799 current ops/sec; [READ: Count=23800, Max=10975, Min=4, Avg=65.71, 90=120, 99=148, 99.9=2445, 99.99=3523] [READ-MODIFY-WRITE: Count=11872, Max=26063, Min=151, Avg=265.62, 90=348, 99=400, 99.9=2801, 99.99=11695] [UPDATE: Count=11874, Max=25823, Min=143, Avg=199.41, 90=229, 99=266, 99.9=1337, 99.99=11583] 
2026-04-28 07:55:15:301 42 sec: 932489 operations; 23735 current ops/sec; [READ: Count=23740, Max=8975, Min=4, Avg=67.79, 90=120, 99=149, 99.9=2429, 99.99=3453] [READ-MODIFY-WRITE: Count=11897, Max=8319, Min=148, Avg=263.99, 90=348, 99=394, 99.9=2781, 99.99=3891] [UPDATE: Count=11896, Max=8139, Min=142, Avg=195.02, 90=228, 99=262, 99.9=312, 99.99=3161] 
2026-04-28 07:55:16:301 43 sec: 955494 operations; 22982.02 current ops/sec; [READ: Count=23006, Max=3387, Min=4, Avg=65.61, 90=120, 99=148, 99.9=2433, 99.99=2919] [READ-MODIFY-WRITE: Count=11472, Max=97087, Min=149, Avg=277.95, 90=348, 99=396, 99.9=2807, 99.99=91071] [UPDATE: Count=11477, Max=97023, Min=140, Avg=211.43, 90=228, 99=264, 99.9=314, 99.99=90943] 
2026-04-28 07:55:17:301 44 sec: 975336 operations; 19861.86 current ops/sec; [READ: Count=19837, Max=3185, Min=4, Avg=64.66, 90=121, 99=156, 99.9=1441, 99.99=3045] [READ-MODIFY-WRITE: Count=9918, Max=90239, Min=150, Avg=334.97, 90=390, 99=1027, 99.9=2903, 99.99=90239] [UPDATE: Count=9915, Max=90111, Min=141, Avg=268.2, 90=269, 99=931, 99.9=2545, 99.99=90111] 
2026-04-28 07:55:18:301 45 sec: 999778 operations; 24442 current ops/sec; [READ: Count=24441, Max=3985, Min=4, Avg=64.63, 90=120, 99=147, 99.9=2411, 99.99=3367] [READ-MODIFY-WRITE: Count=12167, Max=4295, Min=148, Avg=260.25, 90=347, 99=390, 99.9=2871, 99.99=4223] [UPDATE: Count=12165, Max=4159, Min=141, Avg=193.15, 90=227, 99=262, 99.9=339, 99.99=4085] 
2026-04-28 07:55:19:301 46 sec: 1024221 operations; 24443 current ops/sec; [READ: Count=24442, Max=7123, Min=4, Avg=65.51, 90=119, 99=149, 99.9=2669, 99.99=3591] [READ-MODIFY-WRITE: Count=12212, Max=30687, Min=147, Avg=258.47, 90=340, 99=397, 99.9=3151, 99.99=7707] [UPDATE: Count=12215, Max=30591, Min=139, Avg=190.36, 90=221, 99=262, 99.9=555, 99.99=7699] 
2026-04-28 07:55:20:301 47 sec: 1046706 operations; 22485 current ops/sec; [READ: Count=22489, Max=162815, Min=4, Avg=80.96, 90=120, 99=153, 99.9=2285, 99.99=8751] [READ-MODIFY-WRITE: Count=11319, Max=167935, Min=149, Avg=284.11, 90=340, 99=401, 99.9=2917, 99.99=146815] [UPDATE: Count=11322, Max=5131, Min=141, Avg=187.63, 90=220, 99=258, 99.9=435, 99.99=4371] 
2026-04-28 07:55:21:301 48 sec: 1070143 operations; 23413.59 current ops/sec; [READ: Count=23437, Max=18799, Min=4, Avg=64.76, 90=117, 99=145, 99.9=2481, 99.99=15831] [READ-MODIFY-WRITE: Count=11710, Max=74431, Min=147, Avg=271.68, 90=337, 99=390, 99.9=3099, 99.99=73343] [UPDATE: Count=11707, Max=74303, Min=139, Avg=206.57, 90=221, 99=261, 99.9=2653, 99.99=73151] 
2026-04-28 07:55:22:301 49 sec: 1089273 operations; 19130 current ops/sec; [READ: Count=19125, Max=4067, Min=4, Avg=64.41, 90=120, 99=151, 99.9=2283, 99.99=4027] [READ-MODIFY-WRITE: Count=9532, Max=93119, Min=147, Avg=349.93, 90=532, 99=1127, 99.9=3067, 99.99=93119] [UPDATE: Count=9528, Max=92927, Min=142, Avg=284.96, 90=456, 99=994, 99.9=1762, 99.99=92927] 
2026-04-28 07:55:23:301 50 sec: 1111790 operations; 22539.54 current ops/sec; [READ: Count=22519, Max=3751, Min=4, Avg=64.35, 90=121, 99=149, 99.9=2295, 99.99=3495] [READ-MODIFY-WRITE: Count=11196, Max=3807, Min=152, Avg=288.31, 90=373, 99=941, 99.9=2825, 99.99=3457] [UPDATE: Count=11198, Max=3273, Min=145, Avg=221.78, 90=248, 99=810, 99.9=1273, 99.99=3111] 
2026-04-28 07:55:24:301 51 sec: 1135185 operations; 23371.63 current ops/sec; [READ: Count=23397, Max=6643, Min=4, Avg=65.49, 90=122, 99=151, 99.9=2405, 99.99=3201] [READ-MODIFY-WRITE: Count=11630, Max=31231, Min=156, Avg=273.47, 90=359, 99=415, 99.9=2949, 99.99=7047] [UPDATE: Count=11633, Max=31151, Min=148, Avg=206.48, 90=238, 99=278, 99.9=2213, 99.99=6867] 
2026-04-28 07:55:25:301 52 sec: 1158723 operations; 23538 current ops/sec; [READ: Count=23536, Max=10383, Min=4, Avg=68.32, 90=123, 99=153, 99.9=2411, 99.99=8687] [READ-MODIFY-WRITE: Count=11712, Max=10631, Min=153, Avg=267.34, 90=355, 99=405, 99.9=2961, 99.99=7927] [UPDATE: Count=11705, Max=4735, Min=144, Avg=197.97, 90=233, 99=268, 99.9=2049, 99.99=4151] 
2026-04-28 07:55:26:301 53 sec: 1182546 operations; 23846.85 current ops/sec; [READ: Count=23821, Max=4021, Min=4, Avg=66.92, 90=122, 99=150, 99.9=2675, 99.99=3533] [READ-MODIFY-WRITE: Count=12016, Max=4335, Min=153, Avg=264.09, 90=352, 99=399, 99.9=3037, 99.99=3783] [UPDATE: Count=12017, Max=3157, Min=146, Avg=194.34, 90=231, 99=270, 99.9=320, 99.99=2895] 
2026-04-28 07:55:27:301 54 sec: 1201329 operations; 18764.24 current ops/sec; [READ: Count=18783, Max=5167, Min=4, Avg=66.52, 90=123, 99=154, 99.9=2299, 99.99=4959] [READ-MODIFY-WRITE: Count=9317, Max=89535, Min=155, Avg=357.76, 90=381, 99=1010, 99.9=4375, 99.99=89535] [UPDATE: Count=9316, Max=89535, Min=146, Avg=289.85, 90=254, 99=901, 99.9=2331, 99.99=89535] 
2026-04-28 07:55:28:301 55 sec: 1224503 operations; 23197.2 current ops/sec; [READ: Count=23174, Max=3385, Min=4, Avg=66.74, 90=124, 99=157, 99.9=2191, 99.99=3241] [READ-MODIFY-WRITE: Count=11587, Max=3445, Min=154, Avg=273.88, 90=360, 99=767, 99.9=2709, 99.99=3247] [UPDATE: Count=11589, Max=2865, Min=146, Avg=205.97, 90=235, 99=659, 99.9=2273, 99.99=2841] 
2026-04-28 07:55:29:301 56 sec: 1248323 operations; 23820 current ops/sec; [READ: Count=23822, Max=3225, Min=4, Avg=65.9, 90=124, 99=153, 99.9=2587, 99.99=3029] [READ-MODIFY-WRITE: Count=11884, Max=29903, Min=155, Avg=265.45, 90=354, 99=404, 99.9=3049, 99.99=4191] [UPDATE: Count=11887, Max=29823, Min=148, Avg=198.76, 90=232, 99=272, 99.9=2079, 99.99=4065] 
2026-04-28 07:55:30:301 57 sec: 1269940 operations; 21595.4 current ops/sec; [READ: Count=21616, Max=164735, Min=4, Avg=85.02, 90=126, 99=163, 99.9=2483, 99.99=10863] [READ-MODIFY-WRITE: Count=10803, Max=166527, Min=155, Avg=281.39, 90=355, 99=420, 99.9=2913, 99.99=10815] [UPDATE: Count=10803, Max=3005, Min=148, Avg=194.62, 90=230, 99=266, 99.9=1622, 99.99=3003] 
2026-04-28 07:55:31:301 58 sec: 1293742 operations; 23825.83 current ops/sec; [READ: Count=23803, Max=19967, Min=4, Avg=66.68, 90=123, 99=153, 99.9=2509, 99.99=3527] [READ-MODIFY-WRITE: Count=11770, Max=20271, Min=155, Avg=268.43, 90=354, 99=403, 99.9=3199, 99.99=19967] [UPDATE: Count=11766, Max=19727, Min=148, Avg=199.04, 90=231, 99=264, 99.9=2325, 99.99=19711] 
2026-04-28 07:55:32:301 59 sec: 1314635 operations; 20893 current ops/sec; [READ: Count=20891, Max=4011, Min=4, Avg=64.92, 90=122, 99=151, 99.9=2481, 99.99=3171] [READ-MODIFY-WRITE: Count=10396, Max=74431, Min=153, Avg=283.33, 90=352, 99=408, 99.9=3053, 99.99=73407] [UPDATE: Count=10393, Max=74367, Min=147, Avg=215.41, 90=230, 99=271, 99.9=1075, 99.99=73343] 
2026-04-28 07:55:33:301 60 sec: 1333212 operations; 18558.44 current ops/sec; [READ: Count=18578, Max=3495, Min=4, Avg=67.41, 90=126, 99=155, 99.9=1377, 99.99=3329] [READ-MODIFY-WRITE: Count=9338, Max=89855, Min=153, Avg=394.32, 90=621, 99=1246, 99.9=2983, 99.99=89855] [UPDATE: Count=9348, Max=89599, Min=145, Avg=325.29, 90=552, 99=1140, 99.9=2443, 99.99=89599] 
2026-04-28 07:55:34:301 61 sec: 1357341 operations; 24129 current ops/sec; [READ: Count=24134, Max=3251, Min=4, Avg=65.2, 90=124, 99=152, 99.9=2423, 99.99=3103] [READ-MODIFY-WRITE: Count=12086, Max=3483, Min=149, Avg=260.75, 90=355, 99=405, 99.9=2789, 99.99=3157] [UPDATE: Count=12082, Max=2951, Min=142, Avg=195.1, 90=232, 99=272, 99.9=325, 99.99=2945] 
2026-04-28 07:55:35:301 62 sec: 1380874 operations; 23533 current ops/sec; [READ: Count=23531, Max=12351, Min=4, Avg=68.68, 90=125, 99=156, 99.9=2293, 99.99=9039] [READ-MODIFY-WRITE: Count=11703, Max=29247, Min=151, Avg=268.01, 90=355, 99=414, 99.9=3057, 99.99=3583] [UPDATE: Count=11703, Max=29071, Min=143, Avg=198.09, 90=230, 99=271, 99.9=2613, 99.99=3467] 
2026-04-28 07:55:36:301 63 sec: 1404892 operations; 24018 current ops/sec; [READ: Count=24015, Max=4095, Min=4, Avg=67.12, 90=124, 99=153, 99.9=2643, 99.99=3853] [READ-MODIFY-WRITE: Count=11998, Max=4679, Min=154, Avg=263, 90=355, 99=406, 99.9=3017, 99.99=4183] [UPDATE: Count=11998, Max=4455, Min=146, Avg=193.49, 90=230, 99=268, 99.9=320, 99.99=4011] 
2026-04-28 07:55:37:301 64 sec: 1427664 operations; 22772 current ops/sec; [READ: Count=22774, Max=3117, Min=4, Avg=66.44, 90=125, 99=155, 99.9=2337, 99.99=2927] [READ-MODIFY-WRITE: Count=11500, Max=68863, Min=152, Avg=278.77, 90=355, 99=408, 99.9=2917, 99.99=67007] [UPDATE: Count=11501, Max=68735, Min=144, Avg=210.65, 90=230, 99=268, 99.9=350, 99.99=66879] 
2026-04-28 07:55:38:301 65 sec: 1446538 operations; 18874 current ops/sec; [READ: Count=18879, Max=2943, Min=4, Avg=68.18, 90=129, 99=158, 99.9=2159, 99.99=2933] [READ-MODIFY-WRITE: Count=9461, Max=90687, Min=158, Avg=351.62, 90=429, 99=1046, 99.9=2875, 99.99=90687] [UPDATE: Count=9463, Max=90495, Min=150, Avg=281.06, 90=308, 99=949, 99.9=2561, 99.99=90495] 
2026-04-28 07:55:39:301 66 sec: 1470362 operations; 23824 current ops/sec; [READ: Count=23821, Max=3317, Min=4, Avg=66.73, 90=126, 99=154, 99.9=2477, 99.99=3259] [READ-MODIFY-WRITE: Count=11866, Max=3537, Min=156, Avg=266.68, 90=362, 99=409, 99.9=2753, 99.99=3499] [UPDATE: Count=11860, Max=2675, Min=148, Avg=197.55, 90=237, 99=270, 99.9=319, 99.99=2531] 
2026-04-28 07:55:40:301 67 sec: 1492298 operations; 21957.96 current ops/sec; [READ: Count=21931, Max=166399, Min=4, Avg=77.04, 90=127, 99=160, 99.9=2559, 99.99=12143] [READ-MODIFY-WRITE: Count=10904, Max=170367, Min=157, Avg=292.7, 90=365, 99=423, 99.9=3067, 99.99=31967] [UPDATE: Count=10905, Max=31775, Min=150, Avg=203.97, 90=238, 99=274, 99.9=2181, 99.99=3909] 
2026-04-28 07:55:41:301 68 sec: 1514640 operations; 22319.68 current ops/sec; [READ: Count=22346, Max=153087, Min=4, Avg=78.59, 90=127, 99=165, 99.9=2319, 99.99=19631] [READ-MODIFY-WRITE: Count=11162, Max=157567, Min=156, Avg=282.53, 90=361, 99=421, 99.9=2751, 99.99=14495] [UPDATE: Count=11166, Max=4395, Min=147, Avg=197.74, 90=234, 99=272, 99.9=1386, 99.99=3799] 
2026-04-28 07:55:42:301 69 sec: 1538302 operations; 23685.69 current ops/sec; [READ: Count=23660, Max=3397, Min=4, Avg=65.75, 90=126, 99=156, 99.9=2451, 99.99=3105] [READ-MODIFY-WRITE: Count=11870, Max=35263, Min=154, Avg=268.56, 90=360, 99=413, 99.9=2905, 99.99=3417] [UPDATE: Count=11868, Max=35199, Min=148, Avg=200.34, 90=234, 99=272, 99.9=1466, 99.99=3305] 
2026-04-28 07:55:43:301 70 sec: 1550027 operations; 11713.29 current ops/sec; [READ: Count=11725, Max=2527, Min=4, Avg=69.28, 90=131, 99=176, 99.9=1086, 99.99=2517] [READ-MODIFY-WRITE: Count=5746, Max=90559, Min=159, Avg=618.98, 90=1058, 99=3115, 99.9=23887, 99.99=90559] [UPDATE: Count=5750, Max=90431, Min=150, Avg=548.8, 90=978, 99=3053, 99.9=23775, 99.99=90431] 
2026-04-28 07:55:44:301 71 sec: 1573832 operations; 23805 current ops/sec; [READ: Count=23805, Max=3305, Min=4, Avg=66.45, 90=127, 99=154, 99.9=2353, 99.99=2991] [READ-MODIFY-WRITE: Count=11890, Max=3617, Min=158, Avg=265.56, 90=363, 99=414, 99.9=2981, 99.99=3355] [UPDATE: Count=11882, Max=3533, Min=150, Avg=197.61, 90=236, 99=273, 99.9=326, 99.99=3189] 
2026-04-28 07:55:45:301 72 sec: 1596848 operations; 23039.04 current ops/sec; [READ: Count=23015, Max=3365, Min=4, Avg=67.51, 90=128, 99=157, 99.9=2487, 99.99=3275] [READ-MODIFY-WRITE: Count=11510, Max=34719, Min=159, Avg=276.07, 90=371, 99=427, 99.9=3019, 99.99=3619] [UPDATE: Count=11516, Max=34559, Min=151, Avg=206.76, 90=241, 99=284, 99.9=2135, 99.99=3359] 
2026-04-28 07:55:46:301 73 sec: 1619505 operations; 22657 current ops/sec; [READ: Count=22659, Max=12815, Min=4, Avg=71.49, 90=130, 99=165, 99.9=2607, 99.99=9407] [READ-MODIFY-WRITE: Count=11278, Max=9823, Min=157, Avg=277.34, 90=374, 99=430, 99.9=3049, 99.99=3915] [UPDATE: Count=11276, Max=9615, Min=150, Avg=205.25, 90=242, 99=278, 99.9=450, 99.99=3739] 
2026-04-28 07:55:47:301 74 sec: 1642914 operations; 23409 current ops/sec; [READ: Count=23407, Max=3711, Min=4, Avg=69.36, 90=130, 99=161, 99.9=2555, 99.99=3443] [READ-MODIFY-WRITE: Count=11711, Max=3615, Min=155, Avg=268.4, 90=366, 99=421, 99.9=3055, 99.99=3603] [UPDATE: Count=11708, Max=3539, Min=146, Avg=197.02, 90=236, 99=273, 99.9=325, 99.99=3311] 
2026-04-28 07:55:48:301 75 sec: 1661732 operations; 18799.2 current ops/sec; [READ: Count=18821, Max=8271, Min=4, Avg=69.36, 90=132, 99=162, 99.9=1217, 99.99=3467] [READ-MODIFY-WRITE: Count=9400, Max=84927, Min=156, Avg=351.47, 90=429, 99=1090, 99.9=3641, 99.99=84927] [UPDATE: Count=9405, Max=84671, Min=147, Avg=280.78, 90=303, 99=969, 99.9=2793, 99.99=84671] 
2026-04-28 07:55:49:301 76 sec: 1685239 operations; 23530.53 current ops/sec; [READ: Count=23506, Max=3985, Min=4, Avg=68.29, 90=129, 99=157, 99.9=2699, 99.99=3401] [READ-MODIFY-WRITE: Count=11615, Max=6959, Min=157, Avg=270.31, 90=367, 99=414, 99.9=3265, 99.99=6851] [UPDATE: Count=11614, Max=6803, Min=148, Avg=200.29, 90=237, 99=275, 99.9=336, 99.99=6739] 
2026-04-28 07:55:50:301 77 sec: 1708800 operations; 23561 current ops/sec; [READ: Count=23561, Max=3247, Min=4, Avg=67.11, 90=130, 99=158, 99.9=2495, 99.99=3033] [READ-MODIFY-WRITE: Count=11762, Max=3265, Min=158, Avg=268.62, 90=369, 99=420, 99.9=3059, 99.99=3231] [UPDATE: Count=11759, Max=3145, Min=151, Avg=200.02, 90=239, 99=275, 99.9=415, 99.99=3007] 
2026-04-28 07:55:51:301 78 sec: 1729394 operations; 20594 current ops/sec; [READ: Count=20590, Max=146047, Min=4, Avg=77.88, 90=132, 99=171, 99.9=2313, 99.99=13567] [READ-MODIFY-WRITE: Count=10159, Max=37279, Min=157, Avg=287.72, 90=376, 99=464, 99.9=3449, 99.99=14879] [UPDATE: Count=10160, Max=37215, Min=148, Avg=213.47, 90=244, 99=286, 99.9=2997, 99.99=14799] 
2026-04-28 07:55:52:301 79 sec: 1751859 operations; 22442.56 current ops/sec; [READ: Count=22471, Max=169599, Min=4, Avg=80.5, 90=131, 99=169, 99.9=2725, 99.99=18223] [READ-MODIFY-WRITE: Count=11247, Max=21967, Min=157, Avg=276.98, 90=373, 99=441, 99.9=3271, 99.99=5139] [UPDATE: Count=11246, Max=21791, Min=150, Avg=204.4, 90=242, 99=278, 99.9=350, 99.99=3715] 
2026-04-28 07:55:53:301 80 sec: 1767659 operations; 15800 current ops/sec; [READ: Count=15795, Max=6303, Min=4, Avg=68.44, 90=131, 99=163, 99.9=1630, 99.99=5187] [READ-MODIFY-WRITE: Count=7782, Max=91327, Min=158, Avg=427.98, 90=670, 99=1263, 99.9=4615, 99.99=91327] [UPDATE: Count=7779, Max=91199, Min=151, Avg=358.43, 90=595, 99=1143, 99.9=4111, 99.99=91199] 
2026-04-28 07:55:54:301 81 sec: 1790395 operations; 22736 current ops/sec; [READ: Count=22736, Max=6663, Min=4, Avg=68.27, 90=131, 99=159, 99.9=2305, 99.99=3457] [READ-MODIFY-WRITE: Count=11301, Max=59839, Min=156, Avg=287.98, 90=370, 99=428, 99.9=3087, 99.99=59775] [UPDATE: Count=11309, Max=59743, Min=148, Avg=218.22, 90=240, 99=279, 99.9=2673, 99.99=59711] 
2026-04-28 07:55:55:301 82 sec: 1813416 operations; 23021 current ops/sec; [READ: Count=23021, Max=3659, Min=4, Avg=68.79, 90=131, 99=161, 99.9=2547, 99.99=3395] [READ-MODIFY-WRITE: Count=11470, Max=4611, Min=157, Avg=275.71, 90=376, 99=426, 99.9=3013, 99.99=4159] [UPDATE: Count=11466, Max=4455, Min=148, Avg=204.9, 90=244, 99=281, 99.9=346, 99.99=4017] 
2026-04-28 07:55:56:301 83 sec: 1835845 operations; 22429 current ops/sec; [READ: Count=22433, Max=10271, Min=4, Avg=70.57, 90=131, 99=163, 99.9=2981, 99.99=7639] [READ-MODIFY-WRITE: Count=11355, Max=39551, Min=154, Avg=280.04, 90=374, 99=431, 99.9=4055, 99.99=10567] [UPDATE: Count=11355, Max=39295, Min=148, Avg=207.3, 90=244, 99=281, 99.9=689, 99.99=7675] 
2026-04-28 07:55:57:301 84 sec: 1858227 operations; 22382 current ops/sec; [READ: Count=22378, Max=13175, Min=4, Avg=74.55, 90=133, 99=165, 99.9=2619, 99.99=10591] [READ-MODIFY-WRITE: Count=11159, Max=13407, Min=158, Avg=282.1, 90=374, 99=434, 99.9=3271, 99.99=10871] [UPDATE: Count=11161, Max=10751, Min=149, Avg=203.11, 90=241, 99=278, 99.9=348, 99.99=10511] 
2026-04-28 07:55:58:301 85 sec: 1877152 operations; 18925 current ops/sec; [READ: Count=18926, Max=4495, Min=4, Avg=70.8, 90=134, 99=166, 99.9=2393, 99.99=4399] [READ-MODIFY-WRITE: Count=9344, Max=88383, Min=157, Avg=351.28, 90=428, 99=1000, 99.9=3375, 99.99=88383] [UPDATE: Count=9346, Max=88319, Min=148, Avg=278.76, 90=295, 99=880, 99.9=2525, 99.99=88319] 
2026-04-28 07:55:59:301 86 sec: 1899404 operations; 22252 current ops/sec; [READ: Count=22253, Max=3021, Min=4, Avg=69.35, 90=132, 99=161, 99.9=2453, 99.99=2929] [READ-MODIFY-WRITE: Count=11189, Max=58047, Min=155, Avg=284.43, 90=370, 99=422, 99.9=3145, 99.99=57631] [UPDATE: Count=11188, Max=57919, Min=146, Avg=213.93, 90=238, 99=272, 99.9=2667, 99.99=57535] 
2026-04-28 07:56:00:301 87 sec: 1922537 operations; 23133 current ops/sec; [READ: Count=23135, Max=3757, Min=4, Avg=69.55, 90=133, 99=162, 99.9=2679, 99.99=3549] [READ-MODIFY-WRITE: Count=11592, Max=3951, Min=157, Avg=271.62, 90=373, 99=430, 99.9=3185, 99.99=3875] [UPDATE: Count=11588, Max=3775, Min=148, Avg=200.63, 90=240, 99=279, 99.9=360, 99.99=3427] 
2026-04-28 07:56:01:301 88 sec: 1945634 operations; 23097 current ops/sec; [READ: Count=23093, Max=4467, Min=4, Avg=68.83, 90=133, 99=163, 99.9=2461, 99.99=4223] [READ-MODIFY-WRITE: Count=11431, Max=34879, Min=157, Avg=276.81, 90=375, 99=431, 99.9=3141, 99.99=5487] [UPDATE: Count=11433, Max=34783, Min=147, Avg=205.11, 90=242, 99=282, 99.9=420, 99.99=5339] 
2026-04-28 07:56:02:301 89 sec: 1966487 operations; 20853 current ops/sec; [READ: Count=20855, Max=157567, Min=4, Avg=85.72, 90=133, 99=171, 99.9=2593, 99.99=13367] [READ-MODIFY-WRITE: Count=10443, Max=18207, Min=154, Avg=281.25, 90=370, 99=442, 99.9=3639, 99.99=18159] [UPDATE: Count=10444, Max=18063, Min=147, Avg=204.57, 90=237, 99=279, 99.9=2593, 99.99=18063] 
2026-04-28 07:56:03:301 90 sec: 1983387 operations; 16916.92 current ops/sec; [READ: Count=16905, Max=21775, Min=4, Avg=75.25, 90=134, 99=176, 99.9=2769, 99.99=19039] [READ-MODIFY-WRITE: Count=8460, Max=95039, Min=152, Avg=395.52, 90=560, 99=1190, 99.9=10103, 99.99=95039] [UPDATE: Count=8456, Max=94591, Min=145, Avg=316.95, 90=508, 99=1043, 99.9=3433, 99.99=94591] 
2026-04-28 07:56:04:301 91 sec: 2005285 operations; 21898 current ops/sec; [READ: Count=21891, Max=3515, Min=4, Avg=70.57, 90=134, 99=165, 99.9=2483, 99.99=3327] [READ-MODIFY-WRITE: Count=11031, Max=37663, Min=151, Avg=289.21, 90=381, 99=941, 99.9=2893, 99.99=3585] [UPDATE: Count=11035, Max=37471, Min=141, Avg=216.52, 90=244, 99=832, 99.9=1268, 99.99=3287] 
2026-04-28 07:56:05:301 92 sec: 2029079 operations; 23794 current ops/sec; [READ: Count=23794, Max=6579, Min=4, Avg=68.44, 90=132, 99=162, 99.9=2555, 99.99=3419] [READ-MODIFY-WRITE: Count=11885, Max=6971, Min=151, Avg=264.08, 90=363, 99=421, 99.9=3339, 99.99=6847] [UPDATE: Count=11886, Max=6783, Min=144, Avg=193.26, 90=231, 99=270, 99.9=367, 99.99=6599] 
2026-04-28 07:56:06:301 93 sec: 2052600 operations; 23521 current ops/sec; [READ: Count=23521, Max=4107, Min=4, Avg=68.15, 90=133, 99=163, 99.9=2317, 99.99=3615] [READ-MODIFY-WRITE: Count=11918, Max=4655, Min=151, Avg=264.69, 90=365, 99=423, 99.9=3141, 99.99=4499] [UPDATE: Count=11916, Max=4539, Min=142, Avg=195.53, 90=233, 99=275, 99.9=2839, 99.99=4323] 
2026-04-28 07:56:07:301 94 sec: 2074958 operations; 22358 current ops/sec; [READ: Count=22357, Max=10487, Min=4, Avg=71.36, 90=134, 99=169, 99.9=2701, 99.99=9839] [READ-MODIFY-WRITE: Count=11102, Max=65407, Min=148, Avg=285.52, 90=367, 99=430, 99.9=3947, 99.99=61823] [UPDATE: Count=11106, Max=65279, Min=141, Avg=210.88, 90=232, 99=272, 99.9=2543, 99.99=61727] 
2026-04-28 07:56:08:301 95 sec: 2094570 operations; 19612 current ops/sec; [READ: Count=19613, Max=3527, Min=4, Avg=70.52, 90=133, 99=166, 99.9=2449, 99.99=3407] [READ-MODIFY-WRITE: Count=9709, Max=88255, Min=152, Avg=336.64, 90=403, 99=1086, 99.9=3297, 99.99=88255] [UPDATE: Count=9705, Max=88127, Min=144, Avg=263.85, 90=267, 99=935, 99.9=2215, 99.99=88127] 
2026-04-28 07:56:09:301 96 sec: 2116023 operations; 21431.57 current ops/sec; [READ: Count=21455, Max=23487, Min=4, Avg=71.58, 90=135, 99=167, 99.9=2387, 99.99=2885] [READ-MODIFY-WRITE: Count=10828, Max=84927, Min=157, Avg=297.27, 90=375, 99=446, 99.9=2865, 99.99=84927] [UPDATE: Count=10827, Max=84799, Min=149, Avg=222.07, 90=239, 99=291, 99.9=2321, 99.99=84735] 
2026-04-28 07:56:10:301 97 sec: 2138516 operations; 22515.52 current ops/sec; [READ: Count=22494, Max=9455, Min=4, Avg=70.8, 90=136, 99=168, 99.9=2071, 99.99=3551] [READ-MODIFY-WRITE: Count=11142, Max=9807, Min=158, Avg=283.43, 90=384, 99=440, 99.9=2909, 99.99=9727] [UPDATE: Count=11141, Max=9583, Min=149, Avg=210.29, 90=248, 99=287, 99.9=2529, 99.99=9535] 
2026-04-28 07:56:11:301 98 sec: 2161623 operations; 23083.92 current ops/sec; [READ: Count=23105, Max=5579, Min=4, Avg=68.92, 90=135, 99=167, 99.9=2359, 99.99=2915] [READ-MODIFY-WRITE: Count=11613, Max=5879, Min=158, Avg=272.85, 90=377, 99=428, 99.9=2915, 99.99=5851] [UPDATE: Count=11614, Max=5655, Min=148, Avg=201.59, 90=241, 99=277, 99.9=2425, 99.99=5571] 
2026-04-28 07:56:12:301 99 sec: 2184313 operations; 22712.71 current ops/sec; [READ: Count=22689, Max=10943, Min=4, Avg=71.91, 90=136, 99=174, 99.9=2661, 99.99=8423] [READ-MODIFY-WRITE: Count=11362, Max=34943, Min=156, Avg=278.25, 90=376, 99=443, 99.9=3265, 99.99=11143] [UPDATE: Count=11362, Max=34783, Min=147, Avg=201.31, 90=239, 99=279, 99.9=1252, 99.99=3415] 
2026-04-28 07:56:13:301 100 sec: 2202876 operations; 18563 current ops/sec; [READ: Count=18562, Max=158079, Min=5, Avg=92.06, 90=137, 99=181, 99.9=2525, 99.99=152575] [READ-MODIFY-WRITE: Count=9245, Max=163199, Min=157, Avg=336.59, 90=380, 99=806, 99.9=3419, 99.99=163199] [UPDATE: Count=9243, Max=87295, Min=148, Avg=243.5, 90=240, 99=630, 99.9=2499, 99.99=87295] 
2026-04-28 07:56:14:301 101 sec: 2219298 operations; 16405.59 current ops/sec; [READ: Count=16427, Max=11343, Min=5, Avg=72.02, 90=137, 99=172, 99.9=1167, 99.99=2799] [READ-MODIFY-WRITE: Count=8202, Max=12015, Min=148, Avg=410.76, 90=743, 99=2097, 99.9=5383, 99.99=12015] [UPDATE: Count=8205, Max=11895, Min=138, Avg=338.38, 90=659, 99=1841, 99.9=5139, 99.99=11895] 
2026-04-28 07:56:15:301 102 sec: 2240676 operations; 21399.4 current ops/sec; [READ: Count=21377, Max=3119, Min=5, Avg=71.79, 90=139, 99=172, 99.9=2259, 99.99=2741] [READ-MODIFY-WRITE: Count=10541, Max=67711, Min=163, Avg=301.73, 90=393, 99=448, 99.9=2641, 99.99=59967] [UPDATE: Count=10541, Max=67455, Min=155, Avg=227.86, 90=253, 99=292, 99.9=499, 99.99=59743] 
2026-04-28 07:56:16:301 103 sec: 2263218 operations; 22519.48 current ops/sec; [READ: Count=22541, Max=3561, Min=5, Avg=70.97, 90=138, 99=171, 99.9=2413, 99.99=3109] [READ-MODIFY-WRITE: Count=11221, Max=3797, Min=160, Avg=280.86, 90=389, 99=444, 99.9=2633, 99.99=3777] [UPDATE: Count=11219, Max=3681, Min=151, Avg=208.14, 90=252, 99=286, 99.9=348, 99.99=3297] 
2026-04-28 07:56:17:301 104 sec: 2285836 operations; 22618 current ops/sec; [READ: Count=22618, Max=8239, Min=5, Avg=70.1, 90=138, 99=170, 99.9=2467, 99.99=3523] [READ-MODIFY-WRITE: Count=11436, Max=8623, Min=158, Avg=276.89, 90=383, 99=437, 99.9=2987, 99.99=8423] [UPDATE: Count=11436, Max=8247, Min=149, Avg=205.29, 90=246, 99=281, 99.9=479, 99.99=8247] 
2026-04-28 07:56:18:301 105 sec: 2306927 operations; 21112.11 current ops/sec; [READ: Count=21089, Max=9767, Min=5, Avg=73, 90=138, 99=176, 99.9=2681, 99.99=8231] [READ-MODIFY-WRITE: Count=10628, Max=71999, Min=157, Avg=297.32, 90=383, 99=458, 99.9=3301, 99.99=63135] [UPDATE: Count=10624, Max=71807, Min=147, Avg=222.08, 90=244, 99=286, 99.9=2713, 99.99=62943] 
2026-04-28 07:56:19:301 106 sec: 2325600 operations; 18673 current ops/sec; [READ: Count=18672, Max=2877, Min=5, Avg=73.28, 90=139, 99=173, 99.9=2231, 99.99=2801] [READ-MODIFY-WRITE: Count=9297, Max=82623, Min=160, Avg=356.61, 90=448, 99=1090, 99.9=2813, 99.99=82623] [UPDATE: Count=9306, Max=82495, Min=150, Avg=281.07, 90=321, 99=927, 99.9=1907, 99.99=82495] 
2026-04-28 07:56:20:301 107 sec: 2348085 operations; 22485 current ops/sec; [READ: Count=22485, Max=3009, Min=5, Avg=70.91, 90=137, 99=169, 99.9=2255, 99.99=2789] [READ-MODIFY-WRITE: Count=11297, Max=37791, Min=158, Avg=280.07, 90=383, 99=439, 99.9=2933, 99.99=11351] [UPDATE: Count=11293, Max=37631, Min=150, Avg=207.31, 90=245, 99=283, 99.9=1999, 99.99=11135] 
2026-04-28 07:56:21:301 108 sec: 2370792 operations; 22707 current ops/sec; [READ: Count=22708, Max=3497, Min=5, Avg=70.95, 90=138, 99=172, 99.9=2359, 99.99=3017] [READ-MODIFY-WRITE: Count=11383, Max=3919, Min=161, Avg=276.82, 90=386, 99=443, 99.9=2625, 99.99=3681] [UPDATE: Count=11382, Max=3797, Min=152, Avg=204.23, 90=248, 99=281, 99.9=406, 99.99=2705] 
2026-04-28 07:56:22:301 109 sec: 2393319 operations; 22504.5 current ops/sec; [READ: Count=22528, Max=4063, Min=5, Avg=70.19, 90=139, 99=172, 99.9=2445, 99.99=3923] [READ-MODIFY-WRITE: Count=11368, Max=4167, Min=165, Avg=279.23, 90=390, 99=445, 99.9=2757, 99.99=3435] [UPDATE: Count=11369, Max=2703, Min=156, Avg=207.25, 90=250, 99=279, 99.9=335, 99.99=2669] 
2026-04-28 07:56:23:301 110 sec: 2414203 operations; 20884 current ops/sec; [READ: Count=20882, Max=8879, Min=5, Avg=72.37, 90=141, 99=178, 99.9=2555, 99.99=6707] [READ-MODIFY-WRITE: Count=10308, Max=76031, Min=164, Avg=301.03, 90=391, 99=456, 99.9=3313, 99.99=63039] [UPDATE: Count=10309, Max=75839, Min=156, Avg=228.09, 90=250, 99=288, 99.9=2351, 99.99=63039] 
2026-04-28 07:56:24:301 111 sec: 2431495 operations; 17309.31 current ops/sec; [READ: Count=17294, Max=161535, Min=5, Avg=89.25, 90=144, 99=204, 99.9=2417, 99.99=29359] [READ-MODIFY-WRITE: Count=8706, Max=163199, Min=156, Avg=385.98, 90=469, 99=1155, 99.9=14063, 99.99=163199] [UPDATE: Count=8710, Max=86655, Min=147, Avg=285.47, 90=318, 99=1020, 99.9=3987, 99.99=86655] 
2026-04-28 07:56:25:301 112 sec: 2454097 operations; 22602 current ops/sec; [READ: Count=22604, Max=3069, Min=5, Avg=71.34, 90=141, 99=176, 99.9=2303, 99.99=2827] [READ-MODIFY-WRITE: Count=11263, Max=3301, Min=156, Avg=279.65, 90=390, 99=450, 99.9=2735, 99.99=3241] [UPDATE: Count=11256, Max=3031, Min=147, Avg=206.08, 90=249, 99=283, 99.9=1816, 99.99=2985] 
2026-04-28 07:56:26:301 113 sec: 2476781 operations; 22684 current ops/sec; [READ: Count=22683, Max=2927, Min=5, Avg=70.33, 90=140, 99=174, 99.9=2267, 99.99=2787] [READ-MODIFY-WRITE: Count=11371, Max=37119, Min=157, Avg=278.38, 90=384, 99=440, 99.9=2765, 99.99=15967] [UPDATE: Count=11376, Max=36927, Min=149, Avg=205.7, 90=245, 99=281, 99.9=1598, 99.99=15799] 
2026-04-28 07:56:27:301 114 sec: 2498826 operations; 22045 current ops/sec; [READ: Count=22044, Max=3515, Min=5, Avg=71.85, 90=143, 99=179, 99.9=2453, 99.99=3433] [READ-MODIFY-WRITE: Count=11027, Max=3721, Min=161, Avg=288.62, 90=400, 99=459, 99.9=3015, 99.99=3715] [UPDATE: Count=11023, Max=3539, Min=152, Avg=213.3, 90=256, 99=292, 99.9=2349, 99.99=3101] 
2026-04-28 07:56:28:301 115 sec: 2520580 operations; 21754 current ops/sec; [READ: Count=21754, Max=3457, Min=5, Avg=70.4, 90=139, 99=174, 99.9=2515, 99.99=2963] [READ-MODIFY-WRITE: Count=11013, Max=80575, Min=158, Avg=290.67, 90=384, 99=443, 99.9=2863, 99.99=63519] [UPDATE: Count=11017, Max=80319, Min=147, Avg=218.52, 90=244, 99=277, 99.9=356, 99.99=63327] 
2026-04-28 07:56:29:301 116 sec: 2536267 operations; 15687 current ops/sec; [READ: Count=15688, Max=11119, Min=5, Avg=78.38, 90=146, 99=214, 99.9=2141, 99.99=9671] [READ-MODIFY-WRITE: Count=7922, Max=87807, Min=158, Avg=423.48, 90=699, 99=1300, 99.9=2857, 99.99=87807] [UPDATE: Count=7922, Max=87679, Min=148, Avg=343.98, 90=609, 99=1154, 99.9=1557, 99.99=87679] 
2026-04-28 07:56:30:301 117 sec: 2559157 operations; 22890 current ops/sec; [READ: Count=22890, Max=3007, Min=5, Avg=72.15, 90=139, 99=172, 99.9=2359, 99.99=2909] [READ-MODIFY-WRITE: Count=11370, Max=3257, Min=159, Avg=275.7, 90=384, 99=437, 99.9=2827, 99.99=3181] [UPDATE: Count=11366, Max=3101, Min=150, Avg=200.8, 90=243, 99=277, 99.9=1984, 99.99=2847] 
2026-04-28 07:56:31:301 118 sec: 2580741 operations; 21584 current ops/sec; [READ: Count=21586, Max=2995, Min=5, Avg=71.95, 90=141, 99=174, 99.9=2245, 99.99=2737] [READ-MODIFY-WRITE: Count=10744, Max=83391, Min=159, Avg=296.65, 90=391, 99=451, 99.9=2807, 99.99=81727] [UPDATE: Count=10749, Max=83327, Min=151, Avg=222.02, 90=248, 99=291, 99.9=2329, 99.99=81535] 
2026-04-28 07:56:32:301 119 sec: 2602770 operations; 22029 current ops/sec; [READ: Count=22025, Max=3225, Min=5, Avg=72.51, 90=143, 99=176, 99.9=2289, 99.99=3103] [READ-MODIFY-WRITE: Count=11067, Max=3411, Min=162, Avg=285.48, 90=399, 99=454, 99.9=2833, 99.99=3331] [UPDATE: Count=11063, Max=3275, Min=152, Avg=211.27, 90=255, 99=290, 99.9=1662, 99.99=2987] 
Maximum time elapsed. Requesting stop for the workload.
Stop requested for workload. Now Joining!
2026-04-28 07:56:33:301 120 sec: 2625605 operations; 22835 current ops/sec; [READ: Count=22837, Max=3441, Min=5, Avg=70, 90=141, 99=174, 99.9=2321, 99.99=2935] [READ-MODIFY-WRITE: Count=11549, Max=3621, Min=160, Avg=273.85, 90=388, 99=445, 99.9=2787, 99.99=3375] [UPDATE: Count=11548, Max=2885, Min=151, Avg=202.24, 90=246, 99=281, 99.9=1647, 99.99=2781] 
2026-04-28 07:56:33:395 120 sec: 2625619 operations; 147.37 current ops/sec; [READ: Count=8, Max=192, Min=7, Avg=51.12, 90=192, 99=192, 99.9=192, 99.99=192] [READ-MODIFY-WRITE: Count=4, Max=243, Min=190, Avg=212.75, 90=243, 99=243, 99.9=243, 99.99=243] [CLEANUP: Count=4, Max=93567, Min=50176, Avg=73708, 90=93567, 99=93567, 99.9=93567, 99.99=93567] [UPDATE: Count=0, Max=0, Min=0, Avg=0, 90=0, 99=0, 99.9=0, 99.99=0] 
	Command being timed: "/users/Xinying/ozonedb/ycsb/bin/ycsb run ozonedb -threads 4 -s -P /users/Xinying/ozonedb/ycsb/workloads/generated_workloads/workloadf_1KB_1000000_1000000 -p status.interval=1 -p maxexecutiontime=120 -p operationcount=0 -p shared_config=/users/Xinying/ozonedb/src/config/local/shared_config_rocksdb.json"
	User time (seconds): 206.87
	System time (seconds): 193.91
	Percent of CPU this job got: 314%
	Elapsed (wall clock) time (h:mm:ss or m:ss): 2:07.47
	Average shared text size (kbytes): 0
	Average unshared data size (kbytes): 0
	Average stack size (kbytes): 0
	Average total size (kbytes): 0
	Maximum resident set size (kbytes): 19646688
	Average resident set size (kbytes): 0
	Major (requiring I/O) page faults: 764
	Minor (reclaiming a frame) page faults: 5538561
	Voluntary context switches: 3341389
	Involuntary context switches: 3054
	Swaps: 0
	File system inputs: 45690193
	File system outputs: 6959759
	Socket messages sent: 0
	Socket messages received: 0
	Signals delivered: 0
	Page size (bytes): 4096
	Exit status: 0
