# CMD: /usr/bin/time -v /users/Xinying/ozonedb/ycsb/bin/ycsb run ozonedb -threads 16 -s -P /users/Xinying/ozonedb/ycsb/workloads/generated_workloads/workloadb_1KB_1000000_1000000 -p status.interval=1 -p maxexecutiontime=120 -p operationcount=0 -p shared_config=/users/Xinying/ozonedb/src/config/local/shared_config_rocksdb.json
# devices=['sda6'] sectors_before=1015477864 sectors_after=1026908304
# elapsed_s=134.96 returncode=0

=== STDOUT ===
Starting compaction watcher
Starting compaction watcher
Starting compaction watcher
Starting compaction watcher
Starting compaction watcher
Starting compaction watcher
Starting compaction watcher
Starting compaction watcher
Starting compaction watcher
Starting compaction watcher
Starting compaction watcher
Starting compaction watcher
Starting compaction watcher
Starting compaction watcher
Starting compaction watcher
Starting compaction watcher
2026-04-28 06:39:35:524 - NewTail completed: 
2026-04-28 06:39:35:527 - NewTail completed: 
2026-04-28 06:39:38:808 - NewTail completed: 
2026-04-28 06:39:38:811 - Compaction started: 
139719841146432:Compacting datalog/35 datalog/36 into:sstable1/870d3113-4837-42b9-935d-8351c88bb635202604280039301777358379261940910.sst
2026-04-28 06:39:39:634 - Compaction completed: 
2026-04-28 06:39:42:299 - NewTail completed: 
2026-04-28 06:39:45:489 - NewTail completed: 
2026-04-28 06:39:45:515 - Compaction started: 
139720486180416:Compacting datalog/37 datalog/38 into:sstable1/97888f18-1cf6-47cc-802e-295a81fe57c4202604280039301777358385823959859.sst
2026-04-28 06:39:46:157 - Compaction completed: 
2026-04-28 06:39:46:190 - Compaction started: 
139722247493184:Compacting sstable1/fdf40179-5256-4028-90ea-15af28ebf787202604231034301776962195318187250.sst sstable1/fdf40179-5256-4028-90ea-15af28ebf787202604231034301776962203658627099.sst into:sstable2/e4b3f8a0-988b-4b1a-b68a-815f710b9e91202604280039301777358387684703995.sst
2026-04-28 06:39:48:676 - Compaction completed: 
2026-04-28 06:39:49:201 - NewTail completed: 
2026-04-28 06:39:52:702 - NewTail completed: 
2026-04-28 06:39:52:704 - NewTail completed: 
2026-04-28 06:39:52:724 - Compaction started: 
139719689266752:Compacting datalog/39 datalog/40 into:sstable1/93579937-4b11-4947-9531-5e15c3e3311a202604280039301777358393234165679.sst
2026-04-28 06:39:53:514 - Compaction completed: 
2026-04-28 06:39:56:305 - NewTail completed: 
2026-04-28 06:39:56:308 - NewTail completed: 
2026-04-28 06:39:59:610 - NewTail completed: 
2026-04-28 06:39:59:611 - Compaction started: 
2026-04-28 06:39:59:612 - NewTail completed: 
139722247493184:Compacting datalog/41 datalog/42 into:sstable1/e4b3f8a0-988b-4b1a-b68a-815f710b9e91202604280039301777358399862507673.sst
2026-04-28 06:40:00:155 - Compaction completed: 
2026-04-28 06:40:03:212 - NewTail completed: 
2026-04-28 06:40:03:215 - NewTail completed: 
2026-04-28 06:40:06:616 - NewTail completed: 
2026-04-28 06:40:06:619 - NewTail completed: 
2026-04-28 06:40:06:622 - Compaction started: 
139722247493184:Compacting datalog/43 datalog/44 into:sstable1/e4b3f8a0-988b-4b1a-b68a-815f710b9e91202604280039301777358406866408936.sst
2026-04-28 06:40:07:187 - Compaction completed: 
2026-04-28 06:40:07:217 - Compaction started: 
139722213045824:Compacting sstable1/fdf40179-5256-4028-90ea-15af28ebf787202604231034301776962212445933441.sst sstable1/870d3113-4837-42b9-935d-8351c88bb635202604280039301777358379261940910.sst into:sstable2/147f69b4-af5b-4d68-8c79-a36946c1b3f9202604280039301777358408445410584.sst
2026-04-28 06:40:09:323 - Compaction completed: 
2026-04-28 06:40:10:221 - NewTail completed: 
2026-04-28 06:40:10:223 - NewTail completed: 
2026-04-28 06:40:13:724 - NewTail completed: 
2026-04-28 06:40:13:728 - NewTail completed: 
2026-04-28 06:40:13:729 - Compaction started: 
139721098552896:Compacting datalog/45 datalog/46 into:sstable1/136fba8f-d409-49e1-a42f-664a55c37ba0202604280039301777358414146687664.sst
2026-04-28 06:40:14:474 - Compaction completed: 
2026-04-28 06:40:17:248 - NewTail completed: 
2026-04-28 06:40:17:252 - NewTail completed: 
2026-04-28 06:40:17:253 - NewTail completed: 
2026-04-28 06:40:17:254 - NewTail completed: 2026-04-28 06:40:17:254
 - NewTail completed: 
2026-04-28 06:40:17:255 - NewTail completed: 
2026-04-28 06:40:17:256 - NewTail completed: 
2026-04-28 06:40:20:627 - NewTail completed: 
2026-04-28 06:40:20:639 - Compaction started: 
139721098552896:Compacting datalog/47 datalog/48 into:sstable1/136fba8f-d409-49e1-a42f-664a55c37ba0202604280039301777358420869153821.sst
2026-04-28 06:40:21:200 - Compaction completed: 
2026-04-28 06:40:21:242 - Compaction started: 
139721098552896:Compacting sstable1/97888f18-1cf6-47cc-802e-295a81fe57c4202604280039301777358385823959859.sst sstable1/93579937-4b11-4947-9531-5e15c3e3311a202604280039301777358393234165679.sst into:sstable2/136fba8f-d409-49e1-a42f-664a55c37ba0202604280039301777358421765743253.sst
2026-04-28 06:40:22:374 - Compaction completed: 
2026-04-28 06:40:24:233 - NewTail completed: 
2026-04-28 06:40:24:238 - NewTail completed: 
2026-04-28 06:40:27:636 - NewTail completed: 
2026-04-28 06:40:27:641 - NewTail completed: 
2026-04-28 06:40:27:652 - Compaction started: 
139722247493184:Compacting datalog/49 datalog/50 into:sstable1/e4b3f8a0-988b-4b1a-b68a-815f710b9e91202604280039301777358427913483280.sst
2026-04-28 06:40:28:256 - Compaction completed: 
2026-04-28 06:40:31:064 - NewTail completed: 
2026-04-28 06:40:31:069 - NewTail completed: 
2026-04-28 06:40:31:070 - NewTail completed: 
2026-04-28 06:40:31:070 - NewTail completed: 
2026-04-28 06:40:31:071 - NewTail completed: 
2026-04-28 06:40:31:072 - NewTail completed: 
2026-04-28 06:40:31:074 - NewTail completed: 
2026-04-28 06:40:31:075 - NewTail completed: 
2026-04-28 06:40:34:449 - NewTail completed: 
2026-04-28 06:40:34:450 - NewTail completed: 
2026-04-28 06:40:34:507 - Compaction started: 
139719966094912:Compacting datalog/51 datalog/52 into:sstable1/66d18a46-757e-46cc-b2f4-2b7be1b81e4d202604280039301777358434937729422.sst
2026-04-28 06:40:35:269 - Compaction started: 
2026-04-28 06:40:35:271 - Compaction completed: 
139719689266752:Compacting sstable1/e4b3f8a0-988b-4b1a-b68a-815f710b9e91202604280039301777358399862507673.sst sstable1/e4b3f8a0-988b-4b1a-b68a-815f710b9e91202604280039301777358406866408936.sst into:sstable2/93579937-4b11-4947-9531-5e15c3e3311a202604280039301777358435911397629.sst
2026-04-28 06:40:36:517 - Compaction completed: 
2026-04-28 06:40:38:250 - NewTail completed: 
2026-04-28 06:40:38:252 - NewTail completed: 
2026-04-28 06:40:41:550 - NewTail completed: 
2026-04-28 06:40:41:576 - Compaction started: 
139719412438592:Compacting datalog/53 datalog/54 into:sstable1/7f6058d6-65a9-4645-9d15-61d92bae4940202604280039301777358442013341316.sst
2026-04-28 06:40:42:309 - Compaction completed: 
2026-04-28 06:40:45:160 - NewTail completed: 
2026-04-28 06:40:45:160 - NewTail completed: 
2026-04-28 06:40:48:559 - NewTail completed: 
2026-04-28 06:40:48:562 - NewTail completed: 
2026-04-28 06:40:48:584 - Compaction started: 
139720469395008:Compacting datalog/55 datalog/56 into:sstable1/78e9ed61-e3c4-436f-a501-685b4d92e516202604280039301777358449024736793.sst
2026-04-28 06:40:49:357 - Compaction completed: 
2026-04-28 06:40:49:387 - Compaction started: 
139720469395008:Compacting sstable1/136fba8f-d409-49e1-a42f-664a55c37ba0202604280039301777358414146687664.sst sstable1/136fba8f-d409-49e1-a42f-664a55c37ba0202604280039301777358420869153821.sst into:sstable2/78e9ed61-e3c4-436f-a501-685b4d92e516202604280039301777358449955536499.sst
2026-04-28 06:40:50:593 - Compaction completed: 
2026-04-28 06:40:52:087 - NewTail completed: 
2026-04-28 06:40:52:088 - NewTail completed: 
2026-04-28 06:40:52:093 - NewTail completed: 
2026-04-28 06:40:52:094 - NewTail completed: 
2026-04-28 06:40:52:094 - NewTail completed: 
2026-04-28 06:40:52:095 - NewTail completed: 
2026-04-28 06:40:52:096 - NewTail completed: 
2026-04-28 06:40:52:097 - NewTail completed: 
2026-04-28 06:40:52:099 - NewTail completed: 
2026-04-28 06:40:55:568 - NewTail completed: 
2026-04-28 06:40:55:575 - NewTail completed: 
2026-04-28 06:40:55:594 - Compaction started: 
139720486180416:Compacting datalog/57 datalog/58 into:sstable1/97888f18-1cf6-47cc-802e-295a81fe57c4202604280039301777358455824651636.sst
2026-04-28 06:40:56:133 - Compaction completed: 
2026-04-28 06:40:59:095 - NewTail completed: 
2026-04-28 06:40:59:101 - NewTail completed: 
2026-04-28 06:40:59:103 - NewTail completed: 
2026-04-28 06:40:59:104 - NewTail completed: 
2026-04-28 06:40:59:105 - NewTail completed: 
2026-04-28 06:40:59:107 - NewTail completed: 
2026-04-28 06:40:59:107 - NewTail completed: 
2026-04-28 06:40:59:108 - NewTail completed: 
2026-04-28 06:40:59:109 - NewTail completed: 
2026-04-28 06:41:02:395 - NewTail completed: 
2026-04-28 06:41:02:404 - Compaction started: 
139720486180416:Compacting datalog/59 datalog/60 into:sstable1/97888f18-1cf6-47cc-802e-295a81fe57c4202604280039301777358462566303698.sst
2026-04-28 06:41:02:882 - Compaction completed: 
2026-04-28 06:41:02:906 - Compaction started: 
139719689266752:Compacting sstable1/e4b3f8a0-988b-4b1a-b68a-815f710b9e91202604280039301777358427913483280.sst sstable1/66d18a46-757e-46cc-b2f4-2b7be1b81e4d202604280039301777358434937729422.sst into:sstable2/93579937-4b11-4947-9531-5e15c3e3311a202604280039301777358463431265856.sst
2026-04-28 06:41:04:036 - Compaction completed: 
2026-04-28 06:41:06:017 - NewTail completed: 
2026-04-28 06:41:09:504 - NewTail completed: 
2026-04-28 06:41:09:528 - Compaction started: 
139720469395008:Compacting datalog/61 datalog/62 into:sstable1/78e9ed61-e3c4-436f-a501-685b4d92e516202604280039301777358469734665945.sst
2026-04-28 06:41:10:038 - Compaction completed: 
2026-04-28 06:41:13:016 - NewTail completed: 
2026-04-28 06:41:13:017 - NewTail completed: 
2026-04-28 06:41:13:018 - NewTail completed: 
2026-04-28 06:41:13:019 - NewTail completed: 
2026-04-28 06:41:13:019 - NewTail completed: 
2026-04-28 06:41:13:020 - NewTail completed: 
2026-04-28 06:41:13:020 - NewTail completed: 
2026-04-28 06:41:13:024 - NewTail completed: 
2026-04-28 06:41:13:024 - NewTail completed: 
2026-04-28 06:41:16:397 - NewTail completed: 
2026-04-28 06:41:16:401 - NewTail completed: 
2026-04-28 06:41:16:439 - Compaction started: 
139719412438592:Compacting datalog/63 datalog/64 into:sstable1/7f6058d6-65a9-4645-9d15-61d92bae4940202604280039301777358476674287517.sst
2026-04-28 06:41:17:081 - Compaction completed: 
2026-04-28 06:41:17:141 - Compaction started: 
139720486180416:Compacting sstable1/7f6058d6-65a9-4645-9d15-61d92bae4940202604280039301777358442013341316.sst sstable1/78e9ed61-e3c4-436f-a501-685b4d92e516202604280039301777358449024736793.sst into:sstable2/97888f18-1cf6-47cc-802e-295a81fe57c4202604280039301777358477810830969.sst
2026-04-28 06:41:18:438 - Compaction completed: 
2026-04-28 06:41:20:125 - NewTail completed: 
2026-04-28 06:41:20:125 - NewTail completed: 
2026-04-28 06:41:20:126 - NewTail completed: 
2026-04-28 06:41:20:127 - NewTail completed: 
2026-04-28 06:41:20:128 - NewTail completed: 
2026-04-28 06:41:20:129 - NewTail completed: 
2026-04-28 06:41:20:129 - NewTail completed: 
2026-04-28 06:41:20:131 - NewTail completed: 
2026-04-28 06:41:20:131 - NewTail completed: 
2026-04-28 06:41:23:604 - NewTail completed: 
2026-04-28 06:41:23:606 - NewTail completed: 
2026-04-28 06:41:23:650 - Compaction started: 
139719412438592:Compacting datalog/65 datalog/66 into:sstable1/7f6058d6-65a9-4645-9d15-61d92bae4940202604280039301777358483829166101.sst
2026-04-28 06:41:24:141 - Compaction completed: 
2026-04-28 06:41:27:025 - NewTail completed: 
2026-04-28 06:41:30:512 - NewTail completed: 
2026-04-28 06:41:30:512 - NewTail completed: 
2026-04-28 06:41:30:561 - Compaction started: 
139722213045824:Compacting datalog/67 datalog/68 into:sstable1/147f69b4-af5b-4d68-8c79-a36946c1b3f9202604280039301777358490787934389.sst
2026-04-28 06:41:31:093 - Compaction completed: 
[OVERALL], RunTime(ms), 120249
[OVERALL], Throughput(ops/sec), 161275.81934153297
[TOTAL_GCS_PS_Scavenge], Count, 292
[TOTAL_GC_TIME_PS_Scavenge], Time(ms), 666
[TOTAL_GC_TIME_%_PS_Scavenge], Time(%), 0.5538507596736771
[TOTAL_GCS_PS_MarkSweep], Count, 0
[TOTAL_GC_TIME_PS_MarkSweep], Time(ms), 0
[TOTAL_GC_TIME_%_PS_MarkSweep], Time(%), 0.0
[TOTAL_GCs], Count, 292
[TOTAL_GC_TIME], Time(ms), 666
[TOTAL_GC_TIME_%], Time(%), 0.5538507596736771
[READ], Operations, 18424050
[READ], AverageLatency(us), 83.00344213134463
[READ], MinLatency(us), 3
[READ], MaxLatency(us), 631295
[READ], 95thPercentileLatency(us), 177
[READ], 99thPercentileLatency(us), 237
[READ], Return=OK, 18424050
[CLEANUP], Operations, 16
[CLEANUP], AverageLatency(us), 75970.0
[CLEANUP], MinLatency(us), 53472
[CLEANUP], MaxLatency(us), 245631
[CLEANUP], 95thPercentileLatency(us), 245631
[CLEANUP], 99thPercentileLatency(us), 245631
[UPDATE], Operations, 969206
[UPDATE], AverageLatency(us), 342.45454217163325
[UPDATE], MinLatency(us), 140
[UPDATE], MaxLatency(us), 776191
[UPDATE], 95thPercentileLatency(us), 437
[UPDATE], 99thPercentileLatency(us), 965
[UPDATE], Return=OK, 969206

=== STDERR ===
[WARN]  Running against a source checkout. In order to get our runtime dependencies we'll have to invoke Maven. Depending on the state of your system, this may take ~30-45 seconds
[DEBUG]  Running 'mvn -pl site.ycsb:ozonedb-binding -am package -DskipTests dependency:build-classpath -DincludeScope=compile -Dmdep.outputFilterFile=true'
/usr/lib/jvm/java-8-openjdk-amd64/bin/java -cp /users/Xinying/ozonedb/ycsb/ozonedb/conf:/users/Xinying/ozonedb/ycsb/ozonedb/target/ozonedb-binding-0.18.0-SNAPSHOT.jar:/users/Xinying/.m2/repository/org/apache/htrace/htrace-core4/4.1.0-incubating/htrace-core4-4.1.0-incubating.jar:/users/Xinying/.m2/repository/org/slf4j/slf4j-api/1.7.25/slf4j-api-1.7.25.jar:/users/Xinying/.m2/repository/org/hdrhistogram/HdrHistogram/2.1.12/HdrHistogram-2.1.12.jar:/users/Xinying/.m2/repository/ch/qos/logback/logback-classic/1.2.3/logback-classic-1.2.3.jar:/users/Xinying/.m2/repository/ozonedbjnimaven/demoproc-jni/1.0/demoproc-jni-1.0.jar:/users/Xinying/.m2/repository/ch/qos/logback/logback-core/1.2.3/logback-core-1.2.3.jar:/users/Xinying/.m2/repository/org/codehaus/jackson/jackson-mapper-asl/1.9.4/jackson-mapper-asl-1.9.4.jar:/users/Xinying/.m2/repository/org/slf4j/slf4j-simple/1.7.25/slf4j-simple-1.7.25.jar:/users/Xinying/.m2/repository/org/codehaus/jackson/jackson-core-asl/1.9.4/jackson-core-asl-1.9.4.jar:/users/Xinying/ozonedb/ycsb/core/target/core-0.18.0-SNAPSHOT.jar site.ycsb.Client -db site.ycsb.db.OzoneDBClient -threads 16 -s -P /users/Xinying/ozonedb/ycsb/workloads/generated_workloads/workloadb_1KB_1000000_1000000 -p status.interval=1 -p maxexecutiontime=120 -p operationcount=0 -p shared_config=/users/Xinying/ozonedb/src/config/local/shared_config_rocksdb.json -t
Command line: -db site.ycsb.db.OzoneDBClient -threads 16 -s -P /users/Xinying/ozonedb/ycsb/workloads/generated_workloads/workloadb_1KB_1000000_1000000 -p status.interval=1 -p maxexecutiontime=120 -p operationcount=0 -p shared_config=/users/Xinying/ozonedb/src/config/local/shared_config_rocksdb.json -t
YCSB Client 0.18.0-SNAPSHOT

Loading workload...
Starting test.
SLF4J: Class path contains multiple SLF4J bindings.
SLF4J: Found binding in [jar:file:/users/Xinying/.m2/repository/ch/qos/logback/logback-classic/1.2.3/logback-classic-1.2.3.jar!/org/slf4j/impl/StaticLoggerBinder.class]
SLF4J: Found binding in [jar:file:/users/Xinying/.m2/repository/org/slf4j/slf4j-simple/1.7.25/slf4j-simple-1.7.25.jar!/org/slf4j/impl/StaticLoggerBinder.class]
SLF4J: See http://www.slf4j.org/codes.html#multiple_bindings for an explanation.
SLF4J: Actual binding is of type [ch.qos.logback.classic.util.ContextSelectorStaticBinder]
2026-04-28 06:39:30:916 0 sec: 0 operations; 
Maximum execution time specified as: 120 secs
2026-04-28 06:39:31:916 1 sec: 0 operations; 
DBWrapper: report latency for each error is false and specific error codes to track for latency are: []
2026-04-28 06:39:32:916 2 sec: 236 operations; 236.24 current ops/sec; [READ: Count=236, Max=529919, Min=11, Avg=32022.71, 90=1408, 99=521215, 99.9=529919, 99.99=529919] 
2026-04-28 06:39:33:916 3 sec: 38721 operations; 38485 current ops/sec; [READ: Count=36591, Max=13399, Min=3, Avg=295.71, 90=172, 99=5003, 99.9=7167, 99.99=12383] [UPDATE: Count=1986, Max=776191, Min=167, Avg=3771.11, 90=2763, 99=9207, 99.9=336383, 99.99=776191] 
2026-04-28 06:39:34:916 4 sec: 179412 operations; 140691 current ops/sec; [READ: Count=133680, Max=18191, Min=3, Avg=99.91, 90=160, 99=256, 99.9=3987, 99.99=16543] [UPDATE: Count=6963, Max=16911, Min=153, Avg=316.18, 90=403, 99=797, 99.9=3971, 99.99=16911] 
2026-04-28 06:39:35:916 5 sec: 325656 operations; 146244 current ops/sec; [READ: Count=139004, Max=40639, Min=3, Avg=86.77, 90=145, 99=217, 99.9=2915, 99.99=18143] [UPDATE: Count=7308, Max=123263, Min=148, Avg=507.58, 90=362, 99=646, 99.9=82495, 99.99=123263] 
2026-04-28 06:39:36:916 6 sec: 503052 operations; 177396 current ops/sec; [READ: Count=168567, Max=14207, Min=3, Avg=78.77, 90=138, 99=206, 99.9=1083, 99.99=11831] [UPDATE: Count=8749, Max=11167, Min=145, Avg=267.42, 90=340, 99=420, 99.9=3619, 99.99=11167] 
2026-04-28 06:39:37:916 7 sec: 684539 operations; 181487 current ops/sec; [READ: Count=172422, Max=12351, Min=3, Avg=76.3, 90=137, 99=199, 99.9=1608, 99.99=8187] [UPDATE: Count=9086, Max=9303, Min=159, Avg=278.19, 90=351, 99=436, 99.9=3901, 99.99=9303] 
2026-04-28 06:39:38:916 8 sec: 862340 operations; 177801 current ops/sec; [READ: Count=168792, Max=15199, Min=3, Avg=76.13, 90=139, 99=204, 99.9=2061, 99.99=10143] [UPDATE: Count=8996, Max=84159, Min=157, Avg=311.6, 90=355, 99=450, 99.9=9551, 99.99=84159] 
2026-04-28 06:39:39:916 9 sec: 1024143 operations; 161803 current ops/sec; [READ: Count=153550, Max=60639, Min=3, Avg=86.4, 90=152, 99=232, 99.9=3413, 99.99=14487] [UPDATE: Count=8269, Max=59807, Min=152, Avg=296.98, 90=370, 99=467, 99.9=3189, 99.99=59807] 
2026-04-28 06:39:40:916 10 sec: 1179575 operations; 155432 current ops/sec; [READ: Count=147653, Max=13423, Min=3, Avg=81.06, 90=146, 99=214, 99.9=2879, 99.99=10783] [UPDATE: Count=7768, Max=68287, Min=147, Avg=480.31, 90=627, 99=1237, 99.9=67071, 99.99=68287] 
2026-04-28 06:39:41:916 11 sec: 1352242 operations; 172667 current ops/sec; [READ: Count=164065, Max=15543, Min=3, Avg=80.52, 90=147, 99=215, 99.9=1699, 99.99=9679] [UPDATE: Count=8593, Max=11759, Min=154, Avg=285.89, 90=368, 99=470, 99.9=4951, 99.99=11759] 
2026-04-28 06:39:42:916 12 sec: 1527952 operations; 175710 current ops/sec; [READ: Count=167044, Max=11943, Min=3, Avg=77.07, 90=140, 99=207, 99.9=1182, 99.99=8831] [UPDATE: Count=8667, Max=90751, Min=154, Avg=322.81, 90=352, 99=444, 99.9=16719, 99.99=90751] 
2026-04-28 06:39:43:916 13 sec: 1712715 operations; 184763 current ops/sec; [READ: Count=175538, Max=11727, Min=3, Avg=74.71, 90=139, 99=199, 99.9=641, 99.99=7783] [UPDATE: Count=9238, Max=8631, Min=152, Avg=275.94, 90=350, 99=433, 99.9=3889, 99.99=8631] 
2026-04-28 06:39:44:916 14 sec: 1895371 operations; 182656 current ops/sec; [READ: Count=173474, Max=14527, Min=3, Avg=75.76, 90=139, 99=204, 99.9=2367, 99.99=9711] [UPDATE: Count=9173, Max=10807, Min=158, Avg=275.15, 90=354, 99=447, 99.9=764, 99.99=10807] 
2026-04-28 06:39:45:916 15 sec: 2049019 operations; 153648 current ops/sec; [READ: Count=145915, Max=11735, Min=3, Avg=80.6, 90=151, 99=246, 99.9=2255, 99.99=9231] [UPDATE: Count=7755, Max=71615, Min=155, Avg=508.01, 90=391, 99=1256, 99.9=69503, 99.99=71615] 
2026-04-28 06:39:46:916 16 sec: 2202974 operations; 153955 current ops/sec; [READ: Count=146243, Max=631295, Min=3, Avg=91.35, 90=155, 99=235, 99.9=1827, 99.99=32703] [UPDATE: Count=7755, Max=61151, Min=154, Avg=303.21, 90=372, 99=476, 99.9=2907, 99.99=61151] 
2026-04-28 06:39:47:916 17 sec: 2367157 operations; 164183 current ops/sec; [READ: Count=155912, Max=47519, Min=3, Avg=81.99, 90=150, 99=227, 99.9=2437, 99.99=12231] [UPDATE: Count=8265, Max=561663, Min=154, Avg=350.62, 90=367, 99=459, 99.9=2439, 99.99=561663] 
2026-04-28 06:39:48:916 18 sec: 2518595 operations; 151438 current ops/sec; [READ: Count=143721, Max=151295, Min=3, Avg=94.51, 90=149, 99=235, 99.9=2022, 99.99=109247] [UPDATE: Count=7686, Max=8095, Min=155, Avg=276.56, 90=363, 99=462, 99.9=2163, 99.99=8095] 
2026-04-28 06:39:49:916 19 sec: 2695105 operations; 176510 current ops/sec; [READ: Count=167738, Max=12607, Min=3, Avg=76.69, 90=147, 99=220, 99.9=1466, 99.99=9447] [UPDATE: Count=8760, Max=91775, Min=152, Avg=319.59, 90=361, 99=468, 99.9=19695, 99.99=91775] 
2026-04-28 06:39:50:916 20 sec: 2855971 operations; 160866 current ops/sec; [READ: Count=152867, Max=16895, Min=3, Avg=79.26, 90=152, 99=229, 99.9=1451, 99.99=11855] [UPDATE: Count=7998, Max=68991, Min=151, Avg=446.67, 90=401, 99=1224, 99.9=68223, 99.99=68991] 
2026-04-28 06:39:51:916 21 sec: 3010426 operations; 154455 current ops/sec; [READ: Count=146792, Max=17439, Min=3, Avg=82.79, 90=155, 99=239, 99.9=2827, 99.99=11543] [UPDATE: Count=7679, Max=8655, Min=165, Avg=462.01, 90=881, 99=1354, 99.9=4463, 99.99=8655] 
2026-04-28 06:39:52:916 22 sec: 3179634 operations; 169208 current ops/sec; [READ: Count=160724, Max=15111, Min=3, Avg=80.3, 90=148, 99=229, 99.9=2899, 99.99=11631] [UPDATE: Count=8455, Max=61151, Min=157, Avg=328.65, 90=366, 99=470, 99.9=21711, 99.99=61151] 
2026-04-28 06:39:53:916 23 sec: 3335287 operations; 155653 current ops/sec; [READ: Count=147979, Max=55967, Min=3, Avg=90.82, 90=161, 99=252, 99.9=3339, 99.99=25023] [UPDATE: Count=7705, Max=53983, Min=159, Avg=294.51, 90=380, 99=493, 99.9=3321, 99.99=53983] 
2026-04-28 06:39:54:916 24 sec: 3507336 operations; 172049 current ops/sec; [READ: Count=163523, Max=17055, Min=3, Avg=80.93, 90=147, 99=223, 99.9=1941, 99.99=11655] [UPDATE: Count=8533, Max=12271, Min=158, Avg=285.93, 90=362, 99=459, 99.9=5595, 99.99=12271] 
2026-04-28 06:39:55:916 25 sec: 3682033 operations; 174697 current ops/sec; [READ: Count=166001, Max=11391, Min=3, Avg=77.69, 90=143, 99=215, 99.9=1758, 99.99=9143] [UPDATE: Count=8615, Max=8919, Min=156, Avg=279.64, 90=353, 99=446, 99.9=1774, 99.99=8919] 
2026-04-28 06:39:56:916 26 sec: 3837902 operations; 155869 current ops/sec; [READ: Count=148090, Max=15687, Min=3, Avg=81.09, 90=148, 99=223, 99.9=2111, 99.99=11319] [UPDATE: Count=7826, Max=69055, Min=149, Avg=518.49, 90=591, 99=1280, 99.9=64703, 99.99=69055] 
2026-04-28 06:39:57:916 27 sec: 4010160 operations; 172258 current ops/sec; [READ: Count=163697, Max=15487, Min=3, Avg=80.84, 90=149, 99=224, 99.9=2893, 99.99=10607] [UPDATE: Count=8574, Max=12367, Min=159, Avg=285.04, 90=367, 99=459, 99.9=4187, 99.99=12367] 
2026-04-28 06:39:58:916 28 sec: 4187958 operations; 177798 current ops/sec; [READ: Count=168858, Max=10343, Min=3, Avg=78.07, 90=148, 99=216, 99.9=1576, 99.99=8155] [UPDATE: Count=8885, Max=8039, Min=152, Avg=278.22, 90=361, 99=451, 99.9=4195, 99.99=8039] 
2026-04-28 06:39:59:916 29 sec: 4360975 operations; 173017 current ops/sec; [READ: Count=164371, Max=10775, Min=3, Avg=78.79, 90=149, 99=224, 99.9=3485, 99.99=8343] [UPDATE: Count=8726, Max=35679, Min=152, Avg=313.45, 90=361, 99=464, 99.9=19631, 99.99=35679] 
2026-04-28 06:40:00:916 30 sec: 4523789 operations; 162814 current ops/sec; [READ: Count=154628, Max=50335, Min=3, Avg=86.44, 90=154, 99=239, 99.9=2731, 99.99=25871] [UPDATE: Count=8158, Max=10527, Min=158, Avg=284.91, 90=372, 99=480, 99.9=1884, 99.99=10527] 
2026-04-28 06:40:01:916 31 sec: 4670478 operations; 146689 current ops/sec; [READ: Count=139274, Max=13919, Min=3, Avg=87.62, 90=160, 99=240, 99.9=2877, 99.99=10975] [UPDATE: Count=7403, Max=67839, Min=145, Avg=473.84, 90=518, 99=986, 99.9=64415, 99.99=67839] 
2026-04-28 06:40:02:916 32 sec: 4841224 operations; 170746 current ops/sec; [READ: Count=162340, Max=13231, Min=3, Avg=82.55, 90=154, 99=230, 99.9=2405, 99.99=9439] [UPDATE: Count=8403, Max=10583, Min=141, Avg=270.68, 90=356, 99=446, 99.9=2757, 99.99=10583] 
2026-04-28 06:40:03:916 33 sec: 5009118 operations; 167894 current ops/sec; [READ: Count=159419, Max=15111, Min=3, Avg=81.96, 90=153, 99=229, 99.9=3017, 99.99=9455] [UPDATE: Count=8506, Max=36863, Min=147, Avg=307.65, 90=359, 99=458, 99.9=21039, 99.99=36863] 
2026-04-28 06:40:04:916 34 sec: 5186377 operations; 177259 current ops/sec; [READ: Count=168256, Max=10639, Min=3, Avg=79.2, 90=148, 99=218, 99.9=2085, 99.99=8647] [UPDATE: Count=9001, Max=10079, Min=144, Avg=260.18, 90=344, 99=435, 99.9=2017, 99.99=10079] 
2026-04-28 06:40:05:916 35 sec: 5361314 operations; 174937 current ops/sec; [READ: Count=166280, Max=15031, Min=3, Avg=80.19, 90=154, 99=226, 99.9=1470, 99.99=11839] [UPDATE: Count=8623, Max=8943, Min=140, Avg=270.88, 90=355, 99=445, 99.9=5715, 99.99=8943] 
2026-04-28 06:40:06:916 36 sec: 5514813 operations; 153499 current ops/sec; [READ: Count=145644, Max=18879, Min=3, Avg=81.94, 90=155, 99=232, 99.9=3283, 99.99=10423] [UPDATE: Count=7837, Max=69503, Min=146, Avg=478.31, 90=390, 99=1140, 99.9=68287, 99.99=69503] 
2026-04-28 06:40:07:916 37 sec: 5667374 operations; 152561 current ops/sec; [READ: Count=144749, Max=556543, Min=3, Avg=92.86, 90=159, 99=247, 99.9=2423, 99.99=47327] [UPDATE: Count=7855, Max=53887, Min=159, Avg=291.25, 90=369, 99=482, 99.9=4065, 99.99=53887] 
2026-04-28 06:40:08:916 38 sec: 5829673 operations; 162136.86 current ops/sec; [READ: Count=154187, Max=415999, Min=3, Avg=86.72, 90=160, 99=238, 99.9=2991, 99.99=8215] [UPDATE: Count=8089, Max=10991, Min=156, Avg=286.43, 90=376, 99=469, 99.9=3285, 99.99=10991] 
2026-04-28 06:40:09:916 39 sec: 5985409 operations; 155891.89 current ops/sec; [READ: Count=147974, Max=123583, Min=3, Avg=91.59, 90=154, 99=243, 99.9=3405, 99.99=69055] [UPDATE: Count=7776, Max=12399, Min=154, Avg=276.93, 90=365, 99=468, 99.9=2417, 99.99=12399] 
2026-04-28 06:40:10:916 40 sec: 6161601 operations; 176192 current ops/sec; [READ: Count=167269, Max=12407, Min=3, Avg=77.43, 90=150, 99=230, 99.9=2783, 99.99=9015] [UPDATE: Count=8927, Max=35391, Min=146, Avg=304.96, 90=356, 99=473, 99.9=20223, 99.99=35391] 
2026-04-28 06:40:11:916 41 sec: 6304640 operations; 142896.1 current ops/sec; [READ: Count=135926, Max=14855, Min=3, Avg=82.82, 90=159, 99=248, 99.9=2669, 99.99=10415] [UPDATE: Count=7113, Max=66239, Min=145, Avg=628.43, 90=933, 99=1682, 99.9=65247, 99.99=66239] 
2026-04-28 06:40:12:916 42 sec: 6478006 operations; 173366 current ops/sec; [READ: Count=164812, Max=13783, Min=3, Avg=80.66, 90=155, 99=230, 99.9=2521, 99.99=9543] [UPDATE: Count=8544, Max=7939, Min=153, Avg=277.97, 90=368, 99=463, 99.9=3975, 99.99=7939] 
2026-04-28 06:40:13:916 43 sec: 6645764 operations; 167925.93 current ops/sec; [READ: Count=159324, Max=11327, Min=3, Avg=81.23, 90=154, 99=234, 99.9=3519, 99.99=9463] [UPDATE: Count=8421, Max=36703, Min=161, Avg=326.1, 90=374, 99=501, 99.9=21503, 99.99=36703] 
2026-04-28 06:40:14:916 44 sec: 6811562 operations; 165798 current ops/sec; [READ: Count=157391, Max=47135, Min=3, Avg=84.21, 90=154, 99=240, 99.9=3325, 99.99=12551] [UPDATE: Count=8433, Max=39391, Min=159, Avg=288.48, 90=363, 99=472, 99.9=5363, 99.99=39391] 
2026-04-28 06:40:15:916 45 sec: 6985724 operations; 174162 current ops/sec; [READ: Count=165484, Max=13519, Min=3, Avg=79.99, 90=148, 99=229, 99.9=2959, 99.99=8975] [UPDATE: Count=8663, Max=13055, Min=158, Avg=280.61, 90=359, 99=455, 99.9=3819, 99.99=13055] 
2026-04-28 06:40:16:916 46 sec: 7133185 operations; 147461 current ops/sec; [READ: Count=140054, Max=14431, Min=3, Avg=85.97, 90=159, 99=268, 99.9=3081, 99.99=10423] [UPDATE: Count=7422, Max=67775, Min=154, Avg=496.68, 90=602, 99=1255, 99.9=67455, 99.99=67775] 
2026-04-28 06:40:17:916 47 sec: 7305427 operations; 172242 current ops/sec; [READ: Count=163750, Max=13879, Min=3, Avg=79.59, 90=149, 99=224, 99.9=2865, 99.99=8319] [UPDATE: Count=8484, Max=85247, Min=156, Avg=311.18, 90=361, 99=474, 99.9=6351, 99.99=85247] 
2026-04-28 06:40:18:916 48 sec: 7479370 operations; 173943 current ops/sec; [READ: Count=165300, Max=13127, Min=3, Avg=80.25, 90=151, 99=228, 99.9=2391, 99.99=8799] [UPDATE: Count=8633, Max=10151, Min=153, Avg=279.09, 90=362, 99=466, 99.9=4515, 99.99=10151] 
2026-04-28 06:40:19:916 49 sec: 7655329 operations; 175959 current ops/sec; [READ: Count=167298, Max=8623, Min=3, Avg=79.07, 90=151, 99=228, 99.9=2629, 99.99=7155] [UPDATE: Count=8666, Max=6915, Min=156, Avg=282.43, 90=367, 99=469, 99.9=3589, 99.99=6915] 
2026-04-28 06:40:20:916 50 sec: 7821665 operations; 166336 current ops/sec; [READ: Count=157917, Max=15703, Min=3, Avg=81.97, 90=156, 99=230, 99.9=3473, 99.99=13151] [UPDATE: Count=8411, Max=37599, Min=151, Avg=325.62, 90=370, 99=481, 99.9=25055, 99.99=37599] 
2026-04-28 06:40:21:916 51 sec: 7959826 operations; 138161 current ops/sec; [READ: Count=131175, Max=240127, Min=4, Avg=93.57, 90=161, 99=264, 99.9=2651, 99.99=40415] [UPDATE: Count=6994, Max=68543, Min=153, Avg=494.41, 90=617, 99=1265, 99.9=67775, 99.99=68543] 
2026-04-28 06:40:22:916 52 sec: 8114143 operations; 154317 current ops/sec; [READ: Count=146546, Max=96639, Min=3, Avg=92.69, 90=158, 99=248, 99.9=2987, 99.99=53183] [UPDATE: Count=7783, Max=9879, Min=150, Avg=273.03, 90=360, 99=463, 99.9=4207, 99.99=9879] 
2026-04-28 06:40:23:916 53 sec: 8294392 operations; 180249 current ops/sec; [READ: Count=171177, Max=10823, Min=4, Avg=77.52, 90=146, 99=220, 99.9=1711, 99.99=8399] [UPDATE: Count=9052, Max=11207, Min=142, Avg=263.84, 90=342, 99=446, 99.9=1897, 99.99=11207] 
2026-04-28 06:40:24:916 54 sec: 8468361 operations; 173969 current ops/sec; [READ: Count=165443, Max=15271, Min=4, Avg=78.68, 90=152, 99=229, 99.9=1977, 99.99=7995] [UPDATE: Count=8534, Max=38751, Min=146, Avg=311.36, 90=357, 99=471, 99.9=22415, 99.99=38751] 
2026-04-28 06:40:25:916 55 sec: 8645917 operations; 177556 current ops/sec; [READ: Count=168723, Max=11439, Min=4, Avg=78.39, 90=153, 99=228, 99.9=1922, 99.99=7627] [UPDATE: Count=8837, Max=8303, Min=157, Avg=276.08, 90=366, 99=468, 99.9=2651, 99.99=8303] 
2026-04-28 06:40:26:916 56 sec: 8806219 operations; 160302 current ops/sec; [READ: Count=152322, Max=11775, Min=4, Avg=76.66, 90=148, 99=227, 99.9=2091, 99.99=8855] [UPDATE: Count=7955, Max=72703, Min=156, Avg=505.97, 90=695, 99=1277, 99.9=71679, 99.99=72703] 
2026-04-28 06:40:27:916 57 sec: 8969910 operations; 163691 current ops/sec; [READ: Count=155472, Max=13439, Min=4, Avg=83.12, 90=161, 99=244, 99.9=3357, 99.99=10335] [UPDATE: Count=8252, Max=38911, Min=149, Avg=335.34, 90=385, 99=809, 99.9=23503, 99.99=38911] 
2026-04-28 06:40:28:916 58 sec: 9131474 operations; 161564 current ops/sec; [READ: Count=153414, Max=51455, Min=4, Avg=87.39, 90=158, 99=249, 99.9=3093, 99.99=15183] [UPDATE: Count=8162, Max=5815, Min=157, Avg=280.22, 90=371, 99=476, 99.9=3227, 99.99=5815] 
2026-04-28 06:40:29:916 59 sec: 9303791 operations; 172317 current ops/sec; [READ: Count=163729, Max=13151, Min=4, Avg=80.74, 90=154, 99=231, 99.9=3081, 99.99=6971] [UPDATE: Count=8563, Max=12879, Min=157, Avg=286.43, 90=366, 99=474, 99.9=4751, 99.99=12879] 
2026-04-28 06:40:30:916 60 sec: 9475365 operations; 171574 current ops/sec; [READ: Count=162946, Max=9943, Min=4, Avg=81.35, 90=158, 99=238, 99.9=3071, 99.99=7723] [UPDATE: Count=8627, Max=8303, Min=151, Avg=279.8, 90=370, 99=474, 99.9=4307, 99.99=8303] 
2026-04-28 06:40:31:916 61 sec: 9631787 operations; 156422 current ops/sec; [READ: Count=148701, Max=10551, Min=4, Avg=79.81, 90=154, 99=233, 99.9=2499, 99.99=7603] [UPDATE: Count=7713, Max=81087, Min=156, Avg=497.47, 90=466, 99=1249, 99.9=66111, 99.99=81087] 
2026-04-28 06:40:32:916 62 sec: 9797229 operations; 165442 current ops/sec; [READ: Count=157135, Max=13455, Min=4, Avg=83.81, 90=158, 99=250, 99.9=2289, 99.99=10919] [UPDATE: Count=8334, Max=11399, Min=157, Avg=301.68, 90=390, 99=927, 99.9=3815, 99.99=11399] 
2026-04-28 06:40:33:916 63 sec: 9980870 operations; 183641 current ops/sec; [READ: Count=174456, Max=12943, Min=4, Avg=75.18, 90=143, 99=211, 99.9=1848, 99.99=7907] [UPDATE: Count=9200, Max=12727, Min=157, Avg=277.64, 90=349, 99=443, 99.9=2165, 99.99=12727] 
2026-04-28 06:40:34:916 64 sec: 10146261 operations; 165391 current ops/sec; [READ: Count=157106, Max=50975, Min=4, Avg=81.2, 90=153, 99=241, 99.9=3425, 99.99=11591] [UPDATE: Count=8260, Max=59455, Min=159, Avg=355.29, 90=367, 99=491, 99.9=18639, 99.99=59455] 
2026-04-28 06:40:35:916 65 sec: 10303796 operations; 157535 current ops/sec; [READ: Count=149720, Max=333055, Min=4, Avg=89.74, 90=159, 99=251, 99.9=2591, 99.99=20063] [UPDATE: Count=7836, Max=45343, Min=152, Avg=289.63, 90=370, 99=476, 99.9=4375, 99.99=45343] 
2026-04-28 06:40:36:916 66 sec: 10448353 operations; 144557 current ops/sec; [READ: Count=137401, Max=86527, Min=4, Avg=92.04, 90=162, 99=253, 99.9=3149, 99.99=47007] [UPDATE: Count=7081, Max=13439, Min=163, Avg=292.99, 90=382, 99=492, 99.9=3641, 99.99=13439] 
2026-04-28 06:40:37:916 67 sec: 10603045 operations; 154692 current ops/sec; [READ: Count=147014, Max=13063, Min=4, Avg=83.85, 90=155, 99=236, 99.9=2871, 99.99=10327] [UPDATE: Count=7722, Max=70591, Min=159, Avg=566.63, 90=798, 99=1807, 99.9=68799, 99.99=70591] 
2026-04-28 06:40:38:916 68 sec: 10774296 operations; 171251 current ops/sec; [READ: Count=162835, Max=13231, Min=4, Avg=79.82, 90=150, 99=230, 99.9=2619, 99.99=9023] [UPDATE: Count=8419, Max=37215, Min=156, Avg=318.93, 90=360, 99=478, 99.9=21327, 99.99=37215] 
2026-04-28 06:40:39:916 69 sec: 10953411 operations; 179115 current ops/sec; [READ: Count=170144, Max=15191, Min=4, Avg=77.59, 90=145, 99=217, 99.9=2527, 99.99=7707] [UPDATE: Count=8968, Max=7883, Min=157, Avg=275.66, 90=353, 99=452, 99.9=2725, 99.99=7883] 
2026-04-28 06:40:40:916 70 sec: 11129701 operations; 176290 current ops/sec; [READ: Count=167428, Max=14767, Min=4, Avg=78.71, 90=151, 99=230, 99.9=2157, 99.99=9295] [UPDATE: Count=8856, Max=11143, Min=158, Avg=281.27, 90=368, 99=473, 99.9=1743, 99.99=11143] 
2026-04-28 06:40:41:916 71 sec: 11296477 operations; 166609.39 current ops/sec; [READ: Count=158371, Max=15407, Min=4, Avg=81.14, 90=157, 99=245, 99.9=3009, 99.99=10503] [UPDATE: Count=8405, Max=41631, Min=158, Avg=337.14, 90=378, 99=505, 99.9=24703, 99.99=41631] 
2026-04-28 06:40:42:916 72 sec: 11438889 operations; 142554.55 current ops/sec; [READ: Count=135454, Max=54111, Min=4, Avg=92, 90=169, 99=271, 99.9=2431, 99.99=16959] [UPDATE: Count=6968, Max=67007, Min=161, Avg=467.94, 90=412, 99=964, 99.9=66879, 99.99=67007] 
2026-04-28 06:40:43:916 73 sec: 11609332 operations; 170443 current ops/sec; [READ: Count=162005, Max=14103, Min=4, Avg=82.12, 90=154, 99=240, 99.9=2499, 99.99=10247] [UPDATE: Count=8428, Max=10999, Min=156, Avg=281.33, 90=366, 99=484, 99.9=4247, 99.99=10999] 
2026-04-28 06:40:44:916 74 sec: 11784157 operations; 174825 current ops/sec; [READ: Count=166021, Max=10439, Min=4, Avg=79.54, 90=153, 99=232, 99.9=2875, 99.99=6959] [UPDATE: Count=8822, Max=8711, Min=159, Avg=279.6, 90=361, 99=467, 99.9=6243, 99.99=8711] 
2026-04-28 06:40:45:916 75 sec: 11955319 operations; 171162 current ops/sec; [READ: Count=162557, Max=12151, Min=4, Avg=79.99, 90=157, 99=237, 99.9=2447, 99.99=7851] [UPDATE: Count=8608, Max=35231, Min=155, Avg=310.02, 90=368, 99=478, 99.9=18687, 99.99=35231] 
2026-04-28 06:40:46:916 76 sec: 12136555 operations; 181236 current ops/sec; [READ: Count=172253, Max=14615, Min=4, Avg=76.78, 90=149, 99=223, 99.9=2191, 99.99=8695] [UPDATE: Count=8970, Max=8647, Min=155, Avg=271.61, 90=356, 99=463, 99.9=2393, 99.99=8647] 
2026-04-28 06:40:47:916 77 sec: 12292035 operations; 155480 current ops/sec; [READ: Count=147702, Max=12079, Min=4, Avg=81.11, 90=158, 99=239, 99.9=1756, 99.99=10271] [UPDATE: Count=7776, Max=67327, Min=155, Avg=479.62, 90=583, 99=1318, 99.9=64671, 99.99=67327] 
2026-04-28 06:40:48:916 78 sec: 12459887 operations; 167852 current ops/sec; [READ: Count=159391, Max=16367, Min=4, Avg=80.92, 90=159, 99=243, 99.9=2867, 99.99=8255] [UPDATE: Count=8443, Max=40607, Min=163, Avg=329.66, 90=378, 99=494, 99.9=22863, 99.99=40607] 
2026-04-28 06:40:49:916 79 sec: 12619361 operations; 159474 current ops/sec; [READ: Count=151495, Max=283391, Min=4, Avg=88.78, 90=160, 99=251, 99.9=2861, 99.99=27855] [UPDATE: Count=8000, Max=9895, Min=153, Avg=281.42, 90=372, 99=483, 99.9=2219, 99.99=9895] 
2026-04-28 06:40:50:916 80 sec: 12769383 operations; 150022 current ops/sec; [READ: Count=142602, Max=97663, Min=4, Avg=94.4, 90=166, 99=266, 99.9=2685, 99.99=17231] [UPDATE: Count=7410, Max=101887, Min=147, Avg=303.36, 90=377, 99=488, 99.9=1861, 99.99=101887] 
2026-04-28 06:40:51:916 81 sec: 12947555 operations; 178172 current ops/sec; [READ: Count=169254, Max=12983, Min=4, Avg=77.99, 90=153, 99=234, 99.9=1707, 99.99=8255] [UPDATE: Count=8919, Max=11423, Min=155, Avg=275.63, 90=358, 99=469, 99.9=2611, 99.99=11423] 
2026-04-28 06:40:52:916 82 sec: 13086026 operations; 138471 current ops/sec; [READ: Count=131530, Max=13255, Min=4, Avg=85.15, 90=164, 99=257, 99.9=2805, 99.99=10239] [UPDATE: Count=6954, Max=88447, Min=161, Avg=652.72, 90=901, 99=1526, 99.9=66943, 99.99=88447] 
2026-04-28 06:40:53:916 83 sec: 13261611 operations; 175585 current ops/sec; [READ: Count=166883, Max=11215, Min=4, Avg=78.91, 90=149, 99=225, 99.9=2767, 99.99=8575] [UPDATE: Count=8684, Max=12039, Min=162, Avg=288.21, 90=363, 99=459, 99.9=4627, 99.99=12039] 
2026-04-28 06:40:54:916 84 sec: 13440910 operations; 179299 current ops/sec; [READ: Count=170344, Max=10551, Min=4, Avg=77.31, 90=149, 99=224, 99.9=1819, 99.99=8099] [UPDATE: Count=8986, Max=10183, Min=160, Avg=277.83, 90=357, 99=451, 99.9=1652, 99.99=10183] 
2026-04-28 06:40:55:916 85 sec: 13612030 operations; 171120 current ops/sec; [READ: Count=162625, Max=12943, Min=4, Avg=79.24, 90=153, 99=237, 99.9=3095, 99.99=8375] [UPDATE: Count=8488, Max=41215, Min=160, Avg=328.52, 90=372, 99=499, 99.9=22239, 99.99=41215] 
2026-04-28 06:40:56:916 86 sec: 13778051 operations; 165855.14 current ops/sec; [READ: Count=157769, Max=56063, Min=4, Avg=84.36, 90=155, 99=239, 99.9=2769, 99.99=17103] [UPDATE: Count=8260, Max=19263, Min=161, Avg=288.09, 90=372, 99=471, 99.9=3055, 99.99=19263] 
2026-04-28 06:40:57:916 87 sec: 13925688 operations; 147784.78 current ops/sec; [READ: Count=140142, Max=13271, Min=4, Avg=84.87, 90=164, 99=251, 99.9=1726, 99.99=7851] [UPDATE: Count=7471, Max=73919, Min=162, Avg=511.57, 90=566, 99=1255, 99.9=72575, 99.99=73919] 
2026-04-28 06:40:58:916 88 sec: 14099255 operations; 173567 current ops/sec; [READ: Count=164896, Max=12671, Min=4, Avg=80.18, 90=151, 99=228, 99.9=2217, 99.99=8343] [UPDATE: Count=8697, Max=6339, Min=160, Avg=283.46, 90=359, 99=467, 99.9=2373, 99.99=6339] 
2026-04-28 06:40:59:916 89 sec: 14270672 operations; 171417 current ops/sec; [READ: Count=162839, Max=11479, Min=4, Avg=80.11, 90=154, 99=234, 99.9=2337, 99.99=7503] [UPDATE: Count=8550, Max=88447, Min=155, Avg=307.76, 90=357, 99=469, 99.9=5651, 99.99=88447] 
2026-04-28 06:41:00:916 90 sec: 14447126 operations; 176454 current ops/sec; [READ: Count=167612, Max=7759, Min=4, Avg=79.25, 90=151, 99=229, 99.9=2905, 99.99=6567] [UPDATE: Count=8841, Max=8295, Min=154, Avg=270.77, 90=353, 99=457, 99.9=2509, 99.99=8295] 
2026-04-28 06:41:01:916 91 sec: 14626384 operations; 179258 current ops/sec; [READ: Count=170433, Max=10167, Min=4, Avg=77.38, 90=152, 99=228, 99.9=2303, 99.99=5799] [UPDATE: Count=8838, Max=10031, Min=160, Avg=280.48, 90=363, 99=470, 99.9=3235, 99.99=10031] 
2026-04-28 06:41:02:916 92 sec: 14779014 operations; 152630 current ops/sec; [READ: Count=145114, Max=21039, Min=4, Avg=81.95, 90=160, 99=258, 99.9=2301, 99.99=7983] [UPDATE: Count=7471, Max=126975, Min=161, Avg=486.94, 90=398, 99=1136, 99.9=70911, 99.99=126975] 
2026-04-28 06:41:03:916 93 sec: 14934725 operations; 155711 current ops/sec; [READ: Count=147909, Max=178431, Min=4, Avg=91.63, 90=162, 99=260, 99.9=3059, 99.99=14127] [UPDATE: Count=7824, Max=51647, Min=157, Avg=296.91, 90=373, 99=485, 99.9=5431, 99.99=51647] 
2026-04-28 06:41:04:916 94 sec: 15091409 operations; 156684 current ops/sec; [READ: Count=148714, Max=89727, Min=4, Avg=89.83, 90=163, 99=259, 99.9=2615, 99.99=39743] [UPDATE: Count=7955, Max=84415, Min=156, Avg=294.7, 90=374, 99=503, 99.9=5571, 99.99=84415] 
2026-04-28 06:41:05:916 95 sec: 15268117 operations; 176708 current ops/sec; [READ: Count=168015, Max=11951, Min=4, Avg=78.99, 90=154, 99=240, 99.9=3185, 99.99=8815] [UPDATE: Count=8730, Max=9311, Min=157, Avg=275.73, 90=356, 99=471, 99.9=5623, 99.99=9311] 
2026-04-28 06:41:06:916 96 sec: 15436016 operations; 167899 current ops/sec; [READ: Count=159665, Max=9143, Min=4, Avg=77.45, 90=156, 99=235, 99.9=2631, 99.99=7087] [UPDATE: Count=8226, Max=95103, Min=149, Avg=403.74, 90=363, 99=477, 99.9=83455, 99.99=95103] 
2026-04-28 06:41:07:916 97 sec: 15592507 operations; 156491 current ops/sec; [READ: Count=148612, Max=14687, Min=4, Avg=77.87, 90=153, 99=235, 99.9=2479, 99.99=10815] [UPDATE: Count=7862, Max=67263, Min=152, Avg=524.69, 90=772, 99=1372, 99.9=65663, 99.99=67263] 
2026-04-28 06:41:08:916 98 sec: 15758314 operations; 165807 current ops/sec; [READ: Count=157436, Max=12887, Min=4, Avg=82.26, 90=162, 99=243, 99.9=2395, 99.99=8615] [UPDATE: Count=8377, Max=6999, Min=161, Avg=326.1, 90=425, 99=1275, 99.9=3165, 99.99=6999] 
2026-04-28 06:41:09:916 99 sec: 15927780 operations; 169466 current ops/sec; [READ: Count=160984, Max=11383, Min=4, Avg=80.95, 90=158, 99=246, 99.9=3437, 99.99=7983] [UPDATE: Count=8507, Max=81855, Min=153, Avg=312.46, 90=370, 99=504, 99.9=6155, 99.99=81855] 
2026-04-28 06:41:10:916 100 sec: 16089957 operations; 162177 current ops/sec; [READ: Count=154058, Max=51263, Min=4, Avg=86.15, 90=159, 99=247, 99.9=2757, 99.99=12039] [UPDATE: Count=8115, Max=51871, Min=166, Avg=297.77, 90=374, 99=492, 99.9=5319, 99.99=51871] 
2026-04-28 06:41:11:916 101 sec: 16260790 operations; 170833 current ops/sec; [READ: Count=162089, Max=10959, Min=4, Avg=81.17, 90=156, 99=240, 99.9=2281, 99.99=7523] [UPDATE: Count=8712, Max=7587, Min=160, Avg=287.15, 90=371, 99=481, 99.9=2839, 99.99=7587] 
2026-04-28 06:41:12:916 102 sec: 16416483 operations; 155693 current ops/sec; [READ: Count=147909, Max=13359, Min=4, Avg=80.68, 90=155, 99=239, 99.9=2831, 99.99=8223] [UPDATE: Count=7782, Max=66751, Min=163, Avg=480.62, 90=558, 99=1438, 99.9=63295, 99.99=66751] 
2026-04-28 06:41:13:916 103 sec: 16580354 operations; 163871 current ops/sec; [READ: Count=155575, Max=14711, Min=4, Avg=83.47, 90=162, 99=248, 99.9=2655, 99.99=8343] [UPDATE: Count=8295, Max=86271, Min=158, Avg=325.17, 90=381, 99=526, 99.9=8599, 99.99=86271] 
2026-04-28 06:41:14:916 104 sec: 16754037 operations; 173683 current ops/sec; [READ: Count=164878, Max=13983, Min=4, Avg=79.88, 90=153, 99=230, 99.9=2593, 99.99=9311] [UPDATE: Count=8797, Max=11871, Min=168, Avg=286.87, 90=364, 99=473, 99.9=3935, 99.99=11871] 
2026-04-28 06:41:15:916 105 sec: 16930439 operations; 176402 current ops/sec; [READ: Count=167719, Max=7787, Min=4, Avg=78.73, 90=154, 99=234, 99.9=2615, 99.99=6319] [UPDATE: Count=8679, Max=5799, Min=164, Avg=283.48, 90=368, 99=477, 99.9=2875, 99.99=5799] 
2026-04-28 06:41:16:916 106 sec: 17097965 operations; 167526 current ops/sec; [READ: Count=159074, Max=15111, Min=4, Avg=81.67, 90=160, 99=246, 99.9=3341, 99.99=7107] [UPDATE: Count=8454, Max=37471, Min=161, Avg=319.68, 90=375, 99=494, 99.9=17743, 99.99=37471] 
2026-04-28 06:41:17:916 107 sec: 17235946 operations; 137981 current ops/sec; [READ: Count=131186, Max=334079, Min=4, Avg=96.1, 90=166, 99=273, 99.9=3235, 99.99=43647] [UPDATE: Count=6808, Max=68607, Min=154, Avg=461.43, 90=396, 99=1213, 99.9=64447, 99.99=68607] 
2026-04-28 06:41:18:916 108 sec: 17379952 operations; 144006 current ops/sec; [READ: Count=136842, Max=90239, Min=4, Avg=95.96, 90=166, 99=277, 99.9=2739, 99.99=49535] [UPDATE: Count=7183, Max=77375, Min=162, Avg=360.19, 90=559, 99=1357, 99.9=2653, 99.99=77375] 
2026-04-28 06:41:19:916 109 sec: 17555539 operations; 175587 current ops/sec; [READ: Count=166883, Max=11911, Min=4, Avg=79.59, 90=155, 99=238, 99.9=2241, 99.99=7715] [UPDATE: Count=8725, Max=7911, Min=157, Avg=274.17, 90=360, 99=469, 99.9=2271, 99.99=7911] 
2026-04-28 06:41:20:916 110 sec: 17728011 operations; 172472 current ops/sec; [READ: Count=163831, Max=15031, Min=4, Avg=79.6, 90=156, 99=240, 99.9=1908, 99.99=8415] [UPDATE: Count=8623, Max=86527, Min=156, Avg=304.93, 90=361, 99=480, 99.9=6599, 99.99=86527] 
2026-04-28 06:41:21:916 111 sec: 17904889 operations; 176878 current ops/sec; [READ: Count=168137, Max=9015, Min=4, Avg=78.9, 90=157, 99=239, 99.9=2399, 99.99=7063] [UPDATE: Count=8734, Max=8167, Min=154, Avg=274.79, 90=359, 99=474, 99.9=2665, 99.99=8167] 
2026-04-28 06:41:22:916 112 sec: 18083419 operations; 178530 current ops/sec; [READ: Count=169683, Max=9943, Min=4, Avg=77.49, 90=156, 99=236, 99.9=2575, 99.99=6395] [UPDATE: Count=8856, Max=6951, Min=164, Avg=284.06, 90=368, 99=475, 99.9=3175, 99.99=6951] 
2026-04-28 06:41:23:916 113 sec: 18222115 operations; 138696 current ops/sec; [READ: Count=131784, Max=15679, Min=4, Avg=87.14, 90=170, 99=271, 99.9=3113, 99.99=11207] [UPDATE: Count=6910, Max=70463, Min=164, Avg=615.33, 90=809, 99=1486, 99.9=64895, 99.99=70463] 
2026-04-28 06:41:24:916 114 sec: 18384587 operations; 162472 current ops/sec; [READ: Count=154386, Max=47743, Min=4, Avg=86.64, 90=162, 99=257, 99.9=2681, 99.99=12143] [UPDATE: Count=8075, Max=22703, Min=155, Avg=286.22, 90=372, 99=493, 99.9=3051, 99.99=22703] 
2026-04-28 06:41:25:916 115 sec: 18553622 operations; 169035 current ops/sec; [READ: Count=160533, Max=10895, Min=4, Avg=82.39, 90=156, 99=239, 99.9=3071, 99.99=10191] [UPDATE: Count=8515, Max=10991, Min=162, Avg=287.2, 90=369, 99=473, 99.9=3149, 99.99=10991] 
2026-04-28 06:41:26:916 116 sec: 18728873 operations; 175251 current ops/sec; [READ: Count=166414, Max=10935, Min=4, Avg=79.15, 90=154, 99=235, 99.9=2347, 99.99=7483] [UPDATE: Count=8849, Max=6519, Min=162, Avg=283.26, 90=367, 99=480, 99.9=2629, 99.99=6519] 
2026-04-28 06:41:27:916 117 sec: 18901611 operations; 172738 current ops/sec; [READ: Count=164101, Max=9999, Min=4, Avg=79.39, 90=157, 99=240, 99.9=2289, 99.99=7187] [UPDATE: Count=8635, Max=80575, Min=157, Avg=306.86, 90=369, 99=490, 99.9=7151, 99.99=80575] 
2026-04-28 06:41:28:916 118 sec: 19051724 operations; 150113 current ops/sec; [READ: Count=142641, Max=10079, Min=4, Avg=83.71, 90=166, 99=254, 99.9=2397, 99.99=8131] [UPDATE: Count=7452, Max=69183, Min=152, Avg=506.45, 90=643, 99=1383, 99.9=68479, 99.99=69183] 
2026-04-28 06:41:29:916 119 sec: 19223711 operations; 171987 current ops/sec; [READ: Count=163520, Max=10719, Min=4, Avg=81.25, 90=162, 99=248, 99.9=2441, 99.99=6267] [UPDATE: Count=8482, Max=8431, Min=154, Avg=281.68, 90=373, 99=481, 99.9=3243, 99.99=8431] 
Maximum time elapsed. Requesting stop for the workload.
Stop requested for workload. Now Joining!
2026-04-28 06:41:30:916 120 sec: 19392846 operations; 169135 current ops/sec; [READ: Count=160598, Max=10527, Min=4, Avg=81.06, 90=160, 99=249, 99.9=2813, 99.99=8031] [UPDATE: Count=8514, Max=40191, Min=154, Avg=312.53, 90=367, 99=494, 99.9=17343, 99.99=40191] 
2026-04-28 06:41:31:164 120 sec: 19393256 operations; 1646.59 current ops/sec; [READ: Count=372, Max=798, Min=4, Avg=81.61, 90=171, 99=423, 99.9=798, 99.99=798] [CLEANUP: Count=16, Max=245631, Min=53472, Avg=75970, 90=88959, 99=245631, 99.9=245631, 99.99=245631] [UPDATE: Count=12, Max=514, Min=182, Avg=305.83, 90=393, 99=514, 99.9=514, 99.99=514] 
	Command being timed: "/users/Xinying/ozonedb/ycsb/bin/ycsb run ozonedb -threads 16 -s -P /users/Xinying/ozonedb/ycsb/workloads/generated_workloads/workloadb_1KB_1000000_1000000 -p status.interval=1 -p maxexecutiontime=120 -p operationcount=0 -p shared_config=/users/Xinying/ozonedb/src/config/local/shared_config_rocksdb.json"
	User time (seconds): 933.62
	System time (seconds): 785.00
	Percent of CPU this job got: 1273%
	Elapsed (wall clock) time (h:mm:ss or m:ss): 2:14.95
	Average shared text size (kbytes): 0
	Average unshared data size (kbytes): 0
	Average stack size (kbytes): 0
	Average total size (kbytes): 0
	Maximum resident set size (kbytes): 98827928
	Average resident set size (kbytes): 0
	Major (requiring I/O) page faults: 801
	Minor (reclaiming a frame) page faults: 25313652
	Voluntary context switches: 10471425
	Involuntary context switches: 29827
	Swaps: 0
	File system inputs: 236936956
	File system outputs: 5188093
	Socket messages sent: 0
	Socket messages received: 0
	Signals delivered: 0
	Page size (bytes): 4096
	Exit status: 0
