# CMD: /usr/bin/time -v /users/Xinying/ozonedb/ycsb/bin/ycsb run ozonedb -threads 8 -s -P /users/Xinying/ozonedb/ycsb/workloads/generated_workloads/workloadb_1KB_1000000_1000000 -p status.interval=1 -p maxexecutiontime=120 -p operationcount=0 -p shared_config=/users/Xinying/ozonedb/src/config/local/shared_config_rocksdb.json
# devices=['sda6'] sectors_before=965871112 sectors_after=973891240
# elapsed_s=130.96 returncode=0

=== STDOUT ===
Starting compaction watcher
Starting compaction watcher
Starting compaction watcher
Starting compaction watcher
Starting compaction watcher
Starting compaction watcher
Starting compaction watcher
Starting compaction watcher
2026-04-28 06:32:25:049 - NewTail completed: 
2026-04-28 06:32:30:194 - NewTail completed: 
2026-04-28 06:32:30:196 - NewTail completed: 
2026-04-28 06:32:30:200 - Compaction started: 
140361124181568:Compacting datalog/35 datalog/36 into:sstable1/92a3ee9c-11ba-42bc-855d-d2553c5a8f79202604280032211777357950428956698.sst
2026-04-28 06:32:30:756 - Compaction completed: 
2026-04-28 06:32:35:500 - NewTail completed: 
2026-04-28 06:32:35:501 - NewTail completed: 
2026-04-28 06:32:40:568 - NewTail completed: 
2026-04-28 06:32:40:611 - Compaction started: 
140361124181568:Compacting datalog/37 datalog/38 into:sstable1/92a3ee9c-11ba-42bc-855d-d2553c5a8f79202604280032211777357960766030047.sst
2026-04-28 06:32:41:036 - Compaction completed: 
2026-04-28 06:32:41:052 - Compaction started: 
140362592183872:Compacting sstable1/fdf40179-5256-4028-90ea-15af28ebf787202604231034301776962195318187250.sst sstable1/fdf40179-5256-4028-90ea-15af28ebf787202604231034301776962203658627099.sst into:sstable2/ae7ce142-f6fb-4db9-ae15-567ce5f2f14d202604280032211777357961944660745.sst
2026-04-28 06:32:42:820 - Compaction completed: 
2026-04-28 06:32:46:030 - NewTail completed: 
2026-04-28 06:32:51:261 - NewTail completed: 
2026-04-28 06:32:51:268 - Compaction started: 
140362592183872:Compacting datalog/39 datalog/40 into:sstable1/ae7ce142-f6fb-4db9-ae15-567ce5f2f14d202604280032211777357971416672029.sst
2026-04-28 06:32:51:694 - Compaction completed: 
2026-04-28 06:32:56:622 - NewTail completed: 
2026-04-28 06:33:01:825 - NewTail completed: 
2026-04-28 06:33:01:833 - Compaction started: 
140361124181568:Compacting datalog/41 datalog/42 into:sstable1/92a3ee9c-11ba-42bc-855d-d2553c5a8f79202604280032211777357981969744081.sst
2026-04-28 06:33:02:246 - Compaction completed: 
2026-04-28 06:33:07:235 - NewTail completed: 
2026-04-28 06:33:12:441 - NewTail completed: 
2026-04-28 06:33:12:444 - NewTail completed: 
2026-04-28 06:33:12:467 - Compaction started: 
140361124181568:Compacting datalog/43 datalog/44 into:sstable1/92a3ee9c-11ba-42bc-855d-d2553c5a8f79202604280032211777357992605253390.sst
2026-04-28 06:33:12:876 - Compaction completed: 
2026-04-28 06:33:12:897 - Compaction started: 
140362592183872:Compacting sstable1/fdf40179-5256-4028-90ea-15af28ebf787202604231034301776962212445933441.sst sstable1/92a3ee9c-11ba-42bc-855d-d2553c5a8f79202604280032211777357950428956698.sst into:sstable2/ae7ce142-f6fb-4db9-ae15-567ce5f2f14d202604280032211777357993475457081.sst
2026-04-28 06:33:14:242 - Compaction completed: 
2026-04-28 06:33:17:890 - NewTail completed: 
2026-04-28 06:33:23:247 - NewTail completed: 
2026-04-28 06:33:23:296 - Compaction started: 
140361124181568:Compacting datalog/45 datalog/46 into:sstable1/92a3ee9c-11ba-42bc-855d-d2553c5a8f79202604280032211777358003461417563.sst
2026-04-28 06:33:23:756 - Compaction completed: 
2026-04-28 06:33:28:618 - NewTail completed: 
2026-04-28 06:33:33:908 - NewTail completed: 
2026-04-28 06:33:33:910 - NewTail completed: 
2026-04-28 06:33:33:977 - Compaction started: 
140362592183872:Compacting datalog/47 datalog/48 into:sstable1/ae7ce142-f6fb-4db9-ae15-567ce5f2f14d202604280032211777358014178367448.sst
2026-04-28 06:33:34:463 - Compaction completed: 
2026-04-28 06:33:34:508 - Compaction started: 
140363103868480:Compacting sstable1/92a3ee9c-11ba-42bc-855d-d2553c5a8f79202604280032211777357960766030047.sst sstable1/ae7ce142-f6fb-4db9-ae15-567ce5f2f14d202604280032211777357971416672029.sst into:sstable2/7e0c0942-d07d-4be0-acf4-333c90a36a91202604280032211777358015086014733.sst
2026-04-28 06:33:35:646 - Compaction completed: 
2026-04-28 06:33:39:368 - NewTail completed: 
2026-04-28 06:33:39:370 - NewTail completed: 
2026-04-28 06:33:44:614 - NewTail completed: 
2026-04-28 06:33:44:669 - Compaction started: 
140363103868480:Compacting datalog/49 datalog/50 into:sstable1/7e0c0942-d07d-4be0-acf4-333c90a36a91202604280032211777358024821627042.sst
2026-04-28 06:33:45:101 - Compaction completed: 
2026-04-28 06:33:50:021 - NewTail completed: 
2026-04-28 06:33:55:311 - NewTail completed: 
2026-04-28 06:33:55:381 - Compaction started: 
140362097243712:Compacting datalog/51 datalog/52 into:sstable1/7a7082ad-3bd6-4997-bf75-526f2030665c202604280032211777358035614555639.sst
2026-04-28 06:33:55:895 - Compaction completed: 
2026-04-28 06:33:55:902 - Compaction started: 
140362097243712:Compacting sstable1/92a3ee9c-11ba-42bc-855d-d2553c5a8f79202604280032211777357981969744081.sst sstable1/92a3ee9c-11ba-42bc-855d-d2553c5a8f79202604280032211777357992605253390.sst into:sstable2/7a7082ad-3bd6-4997-bf75-526f2030665c202604280032211777358036407443751.sst
2026-04-28 06:33:56:954 - Compaction completed: 
2026-04-28 06:34:00:897 - NewTail completed: 
2026-04-28 06:34:06:163 - NewTail completed: 
2026-04-28 06:34:06:215 - Compaction started: 
140362097243712:Compacting datalog/53 datalog/54 into:sstable1/7a7082ad-3bd6-4997-bf75-526f2030665c202604280032211777358046379430931.sst
2026-04-28 06:34:06:654 - Compaction completed: 
2026-04-28 06:34:11:755 - NewTail completed: 
2026-04-28 06:34:17:109 - NewTail completed: 
2026-04-28 06:34:17:133 - Compaction started: 
140362097243712:Compacting datalog/55 datalog/56 into:sstable1/7a7082ad-3bd6-4997-bf75-526f2030665c202604280032211777358057288837288.sst
2026-04-28 06:34:17:579 - Compaction completed: 
2026-04-28 06:34:17:636 - Compaction started: 
140362097243712:Compacting sstable1/92a3ee9c-11ba-42bc-855d-d2553c5a8f79202604280032211777358003461417563.sst sstable1/ae7ce142-f6fb-4db9-ae15-567ce5f2f14d202604280032211777358014178367448.sst into:sstable2/7a7082ad-3bd6-4997-bf75-526f2030665c202604280032211777358058053175297.sst
2026-04-28 06:34:18:585 - Compaction completed: 
[OVERALL], RunTime(ms), 120099
[OVERALL], Throughput(ops/sec), 106165.48847201059
[TOTAL_GCS_PS_Scavenge], Count, 167
[TOTAL_GC_TIME_PS_Scavenge], Time(ms), 433
[TOTAL_GC_TIME_%_PS_Scavenge], Time(%), 0.36053589122307433
[TOTAL_GCS_PS_MarkSweep], Count, 0
[TOTAL_GC_TIME_PS_MarkSweep], Time(ms), 0
[TOTAL_GC_TIME_%_PS_MarkSweep], Time(%), 0.0
[TOTAL_GCs], Count, 167
[TOTAL_GC_TIME], Time(ms), 433
[TOTAL_GC_TIME_%], Time(%), 0.36053589122307433
[READ], Operations, 12114153
[READ], AverageLatency(us), 62.39560875613838
[READ], MinLatency(us), 3
[READ], MaxLatency(us), 360447
[READ], 95thPercentileLatency(us), 127
[READ], 99thPercentileLatency(us), 149
[READ], Return=OK, 12114153
[CLEANUP], Operations, 8
[CLEANUP], AverageLatency(us), 70376.0
[CLEANUP], MinLatency(us), 16960
[CLEANUP], MaxLatency(us), 96703
[CLEANUP], 95thPercentileLatency(us), 96703
[CLEANUP], 99thPercentileLatency(us), 96703
[UPDATE], Operations, 636216
[UPDATE], AverageLatency(us), 275.6550196788512
[UPDATE], MinLatency(us), 140
[UPDATE], MaxLatency(us), 529919
[UPDATE], 95thPercentileLatency(us), 320
[UPDATE], 99thPercentileLatency(us), 680
[UPDATE], Return=OK, 636216

=== STDERR ===
[WARN]  Running against a source checkout. In order to get our runtime dependencies we'll have to invoke Maven. Depending on the state of your system, this may take ~30-45 seconds
[DEBUG]  Running 'mvn -pl site.ycsb:ozonedb-binding -am package -DskipTests dependency:build-classpath -DincludeScope=compile -Dmdep.outputFilterFile=true'
/usr/lib/jvm/java-8-openjdk-amd64/bin/java -cp /users/Xinying/ozonedb/ycsb/ozonedb/conf:/users/Xinying/ozonedb/ycsb/ozonedb/target/ozonedb-binding-0.18.0-SNAPSHOT.jar:/users/Xinying/.m2/repository/org/apache/htrace/htrace-core4/4.1.0-incubating/htrace-core4-4.1.0-incubating.jar:/users/Xinying/.m2/repository/org/slf4j/slf4j-api/1.7.25/slf4j-api-1.7.25.jar:/users/Xinying/.m2/repository/org/hdrhistogram/HdrHistogram/2.1.12/HdrHistogram-2.1.12.jar:/users/Xinying/.m2/repository/ch/qos/logback/logback-classic/1.2.3/logback-classic-1.2.3.jar:/users/Xinying/.m2/repository/ozonedbjnimaven/demoproc-jni/1.0/demoproc-jni-1.0.jar:/users/Xinying/.m2/repository/ch/qos/logback/logback-core/1.2.3/logback-core-1.2.3.jar:/users/Xinying/.m2/repository/org/codehaus/jackson/jackson-mapper-asl/1.9.4/jackson-mapper-asl-1.9.4.jar:/users/Xinying/.m2/repository/org/slf4j/slf4j-simple/1.7.25/slf4j-simple-1.7.25.jar:/users/Xinying/.m2/repository/org/codehaus/jackson/jackson-core-asl/1.9.4/jackson-core-asl-1.9.4.jar:/users/Xinying/ozonedb/ycsb/core/target/core-0.18.0-SNAPSHOT.jar site.ycsb.Client -db site.ycsb.db.OzoneDBClient -threads 8 -s -P /users/Xinying/ozonedb/ycsb/workloads/generated_workloads/workloadb_1KB_1000000_1000000 -p status.interval=1 -p maxexecutiontime=120 -p operationcount=0 -p shared_config=/users/Xinying/ozonedb/src/config/local/shared_config_rocksdb.json -t
Command line: -db site.ycsb.db.OzoneDBClient -threads 8 -s -P /users/Xinying/ozonedb/ycsb/workloads/generated_workloads/workloadb_1KB_1000000_1000000 -p status.interval=1 -p maxexecutiontime=120 -p operationcount=0 -p shared_config=/users/Xinying/ozonedb/src/config/local/shared_config_rocksdb.json -t
YCSB Client 0.18.0-SNAPSHOT

Loading workload...
Starting test.
SLF4J: Class path contains multiple SLF4J bindings.
SLF4J: Found binding in [jar:file:/users/Xinying/.m2/repository/ch/qos/logback/logback-classic/1.2.3/logback-classic-1.2.3.jar!/org/slf4j/impl/StaticLoggerBinder.class]
SLF4J: Found binding in [jar:file:/users/Xinying/.m2/repository/org/slf4j/slf4j-simple/1.7.25/slf4j-simple-1.7.25.jar!/org/slf4j/impl/StaticLoggerBinder.class]
SLF4J: See http://www.slf4j.org/codes.html#multiple_bindings for an explanation.
SLF4J: Actual binding is of type [ch.qos.logback.classic.util.ContextSelectorStaticBinder]
Maximum execution time specified as: 120 secs
2026-04-28 06:32:21:119 0 sec: 0 operations; 
DBWrapper: report latency for each error is false and specific error codes to track for latency are: []
2026-04-28 06:32:22:119 1 sec: 46 operations; 46 current ops/sec; [READ: Count=46, Max=254591, Min=14, Avg=11226.89, 90=653, 99=254591, 99.9=254591, 99.99=254591] 
2026-04-28 06:32:23:119 2 sec: 69911 operations; 69865 current ops/sec; [READ: Count=66427, Max=242559, Min=3, Avg=91.67, 90=115, 99=166, 99.9=586, 99.99=3313] [UPDATE: Count=3503, Max=529919, Min=162, Avg=891.78, 90=315, 99=450, 99.9=234623, 99.99=529919] 
2026-04-28 06:32:24:119 3 sec: 172992 operations; 103081 current ops/sec; [READ: Count=97986, Max=4231, Min=3, Avg=66.38, 90=110, 99=138, 99.9=229, 99.99=3621] [UPDATE: Count=5100, Max=4187, Min=150, Avg=247.3, 90=297, 99=343, 99.9=434, 99.99=4187] 
2026-04-28 06:32:25:119 4 sec: 276411 operations; 103419 current ops/sec; [READ: Count=98213, Max=3781, Min=3, Avg=62.55, 90=108, 99=135, 99.9=239, 99.99=2543] [UPDATE: Count=5198, Max=55679, Min=151, Avg=293.91, 90=292, 99=356, 99.9=6215, 99.99=55679] 
2026-04-28 06:32:26:119 5 sec: 386986 operations; 110575 current ops/sec; [READ: Count=105049, Max=4159, Min=3, Avg=61.65, 90=108, 99=136, 99.9=231, 99.99=2863] [UPDATE: Count=5534, Max=87935, Min=148, Avg=264.86, 90=285, 99=332, 99.9=399, 99.99=87935] 
2026-04-28 06:32:27:119 6 sec: 493728 operations; 106742 current ops/sec; [READ: Count=101394, Max=3143, Min=3, Avg=60.9, 90=109, 99=140, 99.9=411, 99.99=1960] [UPDATE: Count=5346, Max=40031, Min=148, Avg=305.47, 90=296, 99=582, 99.9=38655, 99.99=40031] 
2026-04-28 06:32:28:119 7 sec: 607378 operations; 113650 current ops/sec; [READ: Count=107937, Max=2669, Min=3, Avg=59.71, 90=108, 99=135, 99.9=404, 99.99=1909] [UPDATE: Count=5713, Max=2753, Min=151, Avg=238.11, 90=288, 99=335, 99.9=1848, 99.99=2753] 
2026-04-28 06:32:29:119 8 sec: 721548 operations; 114170 current ops/sec; [READ: Count=108414, Max=3157, Min=3, Avg=59.5, 90=108, 99=139, 99.9=409, 99.99=2026] [UPDATE: Count=5762, Max=3231, Min=142, Avg=234.15, 90=286, 99=336, 99.9=640, 99.99=3231] 
2026-04-28 06:32:30:119 9 sec: 837372 operations; 115824 current ops/sec; [READ: Count=110049, Max=3641, Min=3, Avg=58.53, 90=108, 99=135, 99.9=362, 99.99=1955] [UPDATE: Count=5761, Max=3619, Min=150, Avg=234.54, 90=287, 99=335, 99.9=548, 99.99=3619] 
2026-04-28 06:32:31:119 10 sec: 945828 operations; 108456 current ops/sec; [READ: Count=103155, Max=18175, Min=3, Avg=61.82, 90=110, 99=142, 99.9=726, 99.99=3229] [UPDATE: Count=5330, Max=57119, Min=146, Avg=269.08, 90=290, 99=355, 99.9=3331, 99.99=57119] 
2026-04-28 06:32:32:119 11 sec: 1046628 operations; 100800 current ops/sec; [READ: Count=95805, Max=2701, Min=3, Avg=61.5, 90=110, 99=141, 99.9=318, 99.99=1774] [UPDATE: Count=4962, Max=52543, Min=147, Avg=386.81, 90=543, 99=1242, 99.9=51647, 99.99=52543] 
2026-04-28 06:32:33:119 12 sec: 1157566 operations; 110938 current ops/sec; [READ: Count=105346, Max=3499, Min=3, Avg=61.49, 90=110, 99=137, 99.9=218, 99.99=2042] [UPDATE: Count=5596, Max=7415, Min=151, Avg=236.97, 90=287, 99=340, 99.9=1881, 99.99=7415] 
2026-04-28 06:32:34:119 13 sec: 1269572 operations; 112006 current ops/sec; [READ: Count=106587, Max=1927, Min=3, Avg=60.71, 90=110, 99=137, 99.9=314, 99.99=1748] [UPDATE: Count=5425, Max=2045, Min=154, Avg=244.7, 90=297, 99=340, 99.9=1837, 99.99=2045] 
2026-04-28 06:32:35:119 14 sec: 1382176 operations; 112604 current ops/sec; [READ: Count=107032, Max=2439, Min=3, Avg=60.26, 90=110, 99=138, 99.9=348, 99.99=1920] [UPDATE: Count=5564, Max=7799, Min=156, Avg=241.98, 90=295, 99=341, 99.9=554, 99.99=7799] 
2026-04-28 06:32:36:119 15 sec: 1493726 operations; 111550 current ops/sec; [READ: Count=106065, Max=2533, Min=3, Avg=59.66, 90=110, 99=138, 99.9=338, 99.99=1964] [UPDATE: Count=5499, Max=57023, Min=153, Avg=268.8, 90=290, 99=333, 99.9=4191, 99.99=57023] 
2026-04-28 06:32:37:119 16 sec: 1600839 operations; 107113 current ops/sec; [READ: Count=101658, Max=2581, Min=3, Avg=59.94, 90=111, 99=139, 99.9=283, 99.99=1957] [UPDATE: Count=5413, Max=50911, Min=150, Avg=316.59, 90=293, 99=694, 99.9=50143, 99.99=50911] 
2026-04-28 06:32:38:119 17 sec: 1715516 operations; 114677 current ops/sec; [READ: Count=108975, Max=2703, Min=3, Avg=59.19, 90=110, 99=137, 99.9=231, 99.99=2024] [UPDATE: Count=5739, Max=2713, Min=149, Avg=235.31, 90=290, 99=330, 99.9=1746, 99.99=2713] 
2026-04-28 06:32:39:119 18 sec: 1831278 operations; 115762 current ops/sec; [READ: Count=109911, Max=4451, Min=3, Avg=58.59, 90=110, 99=137, 99.9=296, 99.99=2395] [UPDATE: Count=5826, Max=2057, Min=147, Avg=232.9, 90=288, 99=330, 99.9=510, 99.99=2057] 
2026-04-28 06:32:40:119 19 sec: 1946900 operations; 115622 current ops/sec; [READ: Count=109828, Max=2647, Min=3, Avg=58.74, 90=111, 99=140, 99.9=325, 99.99=2027] [UPDATE: Count=5798, Max=702, Min=148, Avg=231.21, 90=288, 99=327, 99.9=366, 99.99=702] 
2026-04-28 06:32:41:119 20 sec: 2053847 operations; 106947 current ops/sec; [READ: Count=101547, Max=14567, Min=3, Avg=60.02, 90=112, 99=147, 99.9=470, 99.99=3129] [UPDATE: Count=5364, Max=83519, Min=145, Avg=300.01, 90=287, 99=359, 99.9=35903, 99.99=83519] 
2026-04-28 06:32:42:119 21 sec: 2145769 operations; 91922 current ops/sec; [READ: Count=87456, Max=360447, Min=3, Avg=72.06, 90=115, 99=146, 99.9=424, 99.99=2891] [UPDATE: Count=4477, Max=52639, Min=149, Avg=368.41, 90=331, 99=1100, 99.9=52383, 99.99=52639] 
2026-04-28 06:32:43:119 22 sec: 2246791 operations; 101022 current ops/sec; [READ: Count=95927, Max=60287, Min=3, Avg=68.06, 90=114, 99=146, 99.9=473, 99.99=9079] [UPDATE: Count=5108, Max=9231, Min=149, Avg=253.15, 90=299, 99=694, 99.9=1230, 99.99=9231] 
2026-04-28 06:32:44:119 23 sec: 2359170 operations; 112379 current ops/sec; [READ: Count=106821, Max=2485, Min=3, Avg=60.54, 90=112, 99=140, 99.9=323, 99.99=2189] [UPDATE: Count=5555, Max=1828, Min=157, Avg=239, 90=294, 99=331, 99.9=388, 99.99=1828] 
2026-04-28 06:32:45:119 24 sec: 2472838 operations; 113668 current ops/sec; [READ: Count=108007, Max=2665, Min=3, Avg=59.61, 90=112, 99=141, 99.9=313, 99.99=1969] [UPDATE: Count=5659, Max=6175, Min=152, Avg=239.7, 90=295, 99=340, 99.9=600, 99.99=6175] 
2026-04-28 06:32:46:119 25 sec: 2581135 operations; 108297 current ops/sec; [READ: Count=102963, Max=5035, Min=3, Avg=59.17, 90=111, 99=139, 99.9=320, 99.99=2067] [UPDATE: Count=5344, Max=81407, Min=155, Avg=288.24, 90=294, 99=344, 99.9=5159, 99.99=81407] 
2026-04-28 06:32:47:119 26 sec: 2691372 operations; 110237 current ops/sec; [READ: Count=104640, Max=16183, Min=3, Avg=59.41, 90=112, 99=140, 99.9=324, 99.99=2315] [UPDATE: Count=5558, Max=113535, Min=151, Avg=277.49, 90=291, 99=345, 99.9=1935, 99.99=113535] 
2026-04-28 06:32:48:119 27 sec: 2792223 operations; 100851 current ops/sec; [READ: Count=95876, Max=2057, Min=3, Avg=60.35, 90=113, 99=142, 99.9=221, 99.99=1825] [UPDATE: Count=4990, Max=51167, Min=151, Avg=451.48, 90=744, 99=1268, 99.9=49343, 99.99=51167] 
2026-04-28 06:32:49:119 28 sec: 2907526 operations; 115303 current ops/sec; [READ: Count=109706, Max=2731, Min=3, Avg=59.45, 90=111, 99=140, 99.9=237, 99.99=2235] [UPDATE: Count=5604, Max=2223, Min=145, Avg=228.45, 90=284, 99=333, 99.9=498, 99.99=2223] 
2026-04-28 06:32:50:119 29 sec: 3022413 operations; 114887 current ops/sec; [READ: Count=109052, Max=6283, Min=3, Avg=59.24, 90=111, 99=138, 99.9=341, 99.99=2137] [UPDATE: Count=5838, Max=6231, Min=150, Avg=229.19, 90=284, 99=326, 99.9=577, 99.99=6231] 
2026-04-28 06:32:51:119 30 sec: 3136496 operations; 114083 current ops/sec; [READ: Count=108462, Max=3701, Min=3, Avg=59.54, 90=112, 99=141, 99.9=379, 99.99=2117] [UPDATE: Count=5636, Max=2151, Min=152, Avg=237.22, 90=292, 99=340, 99.9=1840, 99.99=2151] 
2026-04-28 06:32:52:119 31 sec: 3241221 operations; 104725 current ops/sec; [READ: Count=99574, Max=16639, Min=3, Avg=62.53, 90=114, 99=146, 99.9=588, 99.99=3117] [UPDATE: Count=5141, Max=70143, Min=157, Avg=308.29, 90=306, 99=358, 99.9=12415, 99.99=70143] 
2026-04-28 06:32:53:119 32 sec: 3340278 operations; 98958.04 current ops/sec; [READ: Count=94018, Max=4183, Min=3, Avg=64.05, 90=115, 99=144, 99.9=281, 99.99=2317] [UPDATE: Count=5049, Max=48831, Min=150, Avg=356.43, 90=378, 99=1027, 99.9=47743, 99.99=48831] 
2026-04-28 06:32:54:119 33 sec: 3448684 operations; 108514.51 current ops/sec; [READ: Count=103028, Max=2491, Min=3, Avg=63.2, 90=114, 99=143, 99.9=268, 99.99=1949] [UPDATE: Count=5367, Max=5719, Min=149, Avg=240.95, 90=296, 99=338, 99.9=551, 99.99=5719] 
2026-04-28 06:32:55:119 34 sec: 3557994 operations; 109310 current ops/sec; [READ: Count=103719, Max=2487, Min=3, Avg=62.39, 90=114, 99=142, 99.9=377, 99.99=1979] [UPDATE: Count=5594, Max=2237, Min=149, Avg=238.31, 90=291, 99=337, 99.9=1833, 99.99=2237] 
2026-04-28 06:32:56:119 35 sec: 3668793 operations; 110799 current ops/sec; [READ: Count=105147, Max=2297, Min=3, Avg=61.62, 90=114, 99=143, 99.9=385, 99.99=1855] [UPDATE: Count=5648, Max=2631, Min=148, Avg=234.54, 90=289, 99=329, 99.9=552, 99.99=2631] 
2026-04-28 06:32:57:119 36 sec: 3778386 operations; 109593 current ops/sec; [READ: Count=104264, Max=2571, Min=3, Avg=61.23, 90=114, 99=143, 99.9=378, 99.99=1897] [UPDATE: Count=5327, Max=57727, Min=154, Avg=267.06, 90=290, 99=340, 99.9=2719, 99.99=57727] 
2026-04-28 06:32:58:119 37 sec: 3883710 operations; 105324 current ops/sec; [READ: Count=100071, Max=3029, Min=3, Avg=61.22, 90=114, 99=145, 99.9=301, 99.99=2002] [UPDATE: Count=5253, Max=48607, Min=153, Avg=321.5, 90=300, 99=748, 99.9=47967, 99.99=48607] 
2026-04-28 06:32:59:119 38 sec: 3994990 operations; 111280 current ops/sec; [READ: Count=105741, Max=2181, Min=3, Avg=61.04, 90=115, 99=143, 99.9=382, 99.99=1866] [UPDATE: Count=5538, Max=1992, Min=153, Avg=244.23, 90=303, 99=345, 99.9=576, 99.99=1992] 
2026-04-28 06:33:00:119 39 sec: 4107649 operations; 112659 current ops/sec; [READ: Count=107057, Max=2391, Min=3, Avg=60.19, 90=114, 99=143, 99.9=353, 99.99=1904] [UPDATE: Count=5602, Max=2055, Min=156, Avg=242.59, 90=300, 99=347, 99.9=1508, 99.99=2055] 
2026-04-28 06:33:01:119 40 sec: 4221124 operations; 113475 current ops/sec; [READ: Count=107809, Max=2239, Min=3, Avg=59.75, 90=114, 99=143, 99.9=350, 99.99=1919] [UPDATE: Count=5666, Max=2161, Min=157, Avg=239.97, 90=296, 99=340, 99.9=1942, 99.99=2161] 
2026-04-28 06:33:02:119 41 sec: 4330749 operations; 109625 current ops/sec; [READ: Count=104031, Max=4419, Min=3, Avg=60.33, 90=115, 99=145, 99.9=538, 99.99=3195] [UPDATE: Count=5598, Max=59103, Min=155, Avg=273.95, 90=298, 99=350, 99.9=5995, 99.99=59103] 
2026-04-28 06:33:03:119 42 sec: 4427248 operations; 96499 current ops/sec; [READ: Count=91730, Max=13503, Min=3, Avg=65.23, 90=117, 99=148, 99.9=449, 99.99=1969] [UPDATE: Count=4766, Max=52351, Min=155, Avg=386.26, 90=443, 99=1178, 99.9=51551, 99.99=52351] 
2026-04-28 06:33:04:119 43 sec: 4534048 operations; 106800 current ops/sec; [READ: Count=101399, Max=2036, Min=3, Avg=63.91, 90=116, 99=145, 99.9=204, 99.99=1865] [UPDATE: Count=5418, Max=2393, Min=155, Avg=245.53, 90=298, 99=345, 99.9=1901, 99.99=2393] 
2026-04-28 06:33:05:119 44 sec: 4642432 operations; 108384 current ops/sec; [READ: Count=102881, Max=2789, Min=3, Avg=63.19, 90=116, 99=144, 99.9=332, 99.99=2043] [UPDATE: Count=5488, Max=2277, Min=152, Avg=237.67, 90=294, 99=331, 99.9=393, 99.99=2277] 
2026-04-28 06:33:06:119 45 sec: 4752497 operations; 110065 current ops/sec; [READ: Count=104706, Max=2207, Min=3, Avg=62.23, 90=116, 99=144, 99.9=356, 99.99=1864] [UPDATE: Count=5348, Max=1970, Min=153, Avg=240.92, 90=297, 99=344, 99.9=551, 99.99=1970] 
2026-04-28 06:33:07:119 46 sec: 4862727 operations; 110230 current ops/sec; [READ: Count=104743, Max=2345, Min=3, Avg=62.19, 90=116, 99=146, 99.9=388, 99.99=2093] [UPDATE: Count=5501, Max=2239, Min=150, Avg=234.67, 90=290, 99=330, 99.9=1906, 99.99=2239] 
2026-04-28 06:33:08:119 47 sec: 4965188 operations; 102461 current ops/sec; [READ: Count=97387, Max=2869, Min=3, Avg=61.67, 90=116, 99=145, 99.9=383, 99.99=2022] [UPDATE: Count=5070, Max=57279, Min=152, Avg=357.88, 90=296, 99=696, 99.9=51487, 99.99=57279] 
2026-04-28 06:33:09:119 48 sec: 5077492 operations; 112304 current ops/sec; [READ: Count=106689, Max=2577, Min=3, Avg=61.15, 90=116, 99=144, 99.9=252, 99.99=1846] [UPDATE: Count=5617, Max=2341, Min=149, Avg=229.26, 90=286, 99=333, 99.9=407, 99.99=2341] 
2026-04-28 06:33:10:119 49 sec: 5189492 operations; 112000 current ops/sec; [READ: Count=106417, Max=3001, Min=3, Avg=61.02, 90=116, 99=146, 99.9=414, 99.99=2313] [UPDATE: Count=5587, Max=3175, Min=151, Avg=236.29, 90=292, 99=335, 99.9=1729, 99.99=3175] 
2026-04-28 06:33:11:119 50 sec: 5301540 operations; 112048 current ops/sec; [READ: Count=106322, Max=2399, Min=3, Avg=60.62, 90=116, 99=145, 99.9=390, 99.99=1948] [UPDATE: Count=5723, Max=2281, Min=147, Avg=237.24, 90=294, 99=339, 99.9=1959, 99.99=2281] 
2026-04-28 06:33:12:119 51 sec: 5414189 operations; 112649 current ops/sec; [READ: Count=107005, Max=5731, Min=3, Avg=60.36, 90=116, 99=145, 99.9=387, 99.99=1944] [UPDATE: Count=5647, Max=5879, Min=152, Avg=238.04, 90=292, 99=337, 99.9=2205, 99.99=5879] 
2026-04-28 06:33:13:119 52 sec: 5512237 operations; 98048 current ops/sec; [READ: Count=93206, Max=12887, Min=4, Avg=62.37, 90=117, 99=150, 99.9=787, 99.99=3271] [UPDATE: Count=4830, Max=56095, Min=152, Avg=372.41, 90=308, 99=978, 99.9=49151, 99.99=56095] 
2026-04-28 06:33:14:119 53 sec: 5613630 operations; 101393 current ops/sec; [READ: Count=96350, Max=240895, Min=4, Avg=70.36, 90=119, 99=155, 99.9=590, 99.99=3151] [UPDATE: Count=5045, Max=6927, Min=157, Avg=249.96, 90=302, 99=354, 99.9=2359, 99.99=6927] 
2026-04-28 06:33:15:119 54 sec: 5720972 operations; 107342 current ops/sec; [READ: Count=102043, Max=46751, Min=3, Avg=64.25, 90=117, 99=148, 99.9=366, 99.99=2799] [UPDATE: Count=5296, Max=3087, Min=150, Avg=236.49, 90=294, 99=346, 99.9=1744, 99.99=3087] 
2026-04-28 06:33:16:119 55 sec: 5833689 operations; 112717 current ops/sec; [READ: Count=107127, Max=3185, Min=3, Avg=60.62, 90=116, 99=146, 99.9=377, 99.99=2579] [UPDATE: Count=5591, Max=3151, Min=151, Avg=233.32, 90=291, 99=336, 99.9=1607, 99.99=3151] 
2026-04-28 06:33:17:119 56 sec: 5946235 operations; 112546 current ops/sec; [READ: Count=106817, Max=4107, Min=3, Avg=60.39, 90=116, 99=146, 99.9=385, 99.99=2201] [UPDATE: Count=5729, Max=4207, Min=146, Avg=235.61, 90=294, 99=340, 99.9=530, 99.99=4207] 
2026-04-28 06:33:18:119 57 sec: 6043691 operations; 97456 current ops/sec; [READ: Count=92552, Max=10463, Min=3, Avg=60.22, 90=116, 99=148, 99.9=371, 99.99=2237] [UPDATE: Count=4893, Max=73535, Min=148, Avg=460.52, 90=637, 99=1276, 99.9=49951, 99.99=73535] 
2026-04-28 06:33:19:119 58 sec: 6151644 operations; 107953 current ops/sec; [READ: Count=102635, Max=3819, Min=3, Avg=62.01, 90=117, 99=147, 99.9=259, 99.99=2875] [UPDATE: Count=5333, Max=3067, Min=151, Avg=271, 90=324, 99=885, 99.9=1151, 99.99=3067] 
2026-04-28 06:33:20:119 59 sec: 6263356 operations; 111712 current ops/sec; [READ: Count=106108, Max=4443, Min=3, Avg=61.11, 90=116, 99=144, 99.9=232, 99.99=2030] [UPDATE: Count=5612, Max=4523, Min=154, Avg=235.38, 90=291, 99=331, 99.9=386, 99.99=4523] 
2026-04-28 06:33:21:119 60 sec: 6375566 operations; 112210 current ops/sec; [READ: Count=106651, Max=5239, Min=3, Avg=61.02, 90=116, 99=145, 99.9=228, 99.99=4503] [UPDATE: Count=5552, Max=5343, Min=151, Avg=232.44, 90=288, 99=328, 99.9=1541, 99.99=5343] 
2026-04-28 06:33:22:119 61 sec: 6488692 operations; 113126 current ops/sec; [READ: Count=107568, Max=2875, Min=4, Avg=60.38, 90=116, 99=145, 99.9=338, 99.99=1953] [UPDATE: Count=5556, Max=2323, Min=153, Avg=235.15, 90=292, 99=334, 99.9=1562, 99.99=2323] 
2026-04-28 06:33:23:119 62 sec: 6594967 operations; 106275 current ops/sec; [READ: Count=101055, Max=13215, Min=4, Avg=60.46, 90=116, 99=145, 99.9=414, 99.99=1874] [UPDATE: Count=5222, Max=48927, Min=156, Avg=326.77, 90=301, 99=888, 99.9=47487, 99.99=48927] 
2026-04-28 06:33:24:119 63 sec: 6701286 operations; 106319 current ops/sec; [READ: Count=101062, Max=14055, Min=3, Avg=62.67, 90=117, 99=151, 99.9=765, 99.99=3449] [UPDATE: Count=5247, Max=59679, Min=155, Avg=282.06, 90=300, 99=356, 99.9=7319, 99.99=59679] 
2026-04-28 06:33:25:119 64 sec: 6809405 operations; 108119 current ops/sec; [READ: Count=102750, Max=2447, Min=4, Avg=63.08, 90=118, 99=148, 99.9=369, 99.99=1969] [UPDATE: Count=5372, Max=2495, Min=153, Avg=246.51, 90=303, 99=351, 99.9=1568, 99.99=2495] 
2026-04-28 06:33:26:119 65 sec: 6920187 operations; 110782 current ops/sec; [READ: Count=105304, Max=2391, Min=4, Avg=61.7, 90=117, 99=147, 99.9=319, 99.99=1834] [UPDATE: Count=5485, Max=1927, Min=152, Avg=237.72, 90=296, 99=341, 99.9=1661, 99.99=1927] 
2026-04-28 06:33:27:119 66 sec: 7028716 operations; 108529 current ops/sec; [READ: Count=102988, Max=10095, Min=4, Avg=62.45, 90=118, 99=147, 99.9=375, 99.99=2999] [UPDATE: Count=5532, Max=10279, Min=154, Avg=246.96, 90=305, 99=349, 99.9=545, 99.99=10279] 
2026-04-28 06:33:28:119 67 sec: 7132565 operations; 103849 current ops/sec; [READ: Count=98723, Max=10175, Min=4, Avg=62.05, 90=117, 99=148, 99.9=375, 99.99=9847] [UPDATE: Count=5128, Max=49279, Min=153, Avg=329.63, 90=307, 99=699, 99.9=48255, 99.99=49279] 
2026-04-28 06:33:29:119 68 sec: 7234029 operations; 101464 current ops/sec; [READ: Count=96374, Max=6755, Min=4, Avg=62.39, 90=118, 99=149, 99.9=244, 99.99=1941] [UPDATE: Count=5109, Max=85311, Min=150, Avg=355.09, 90=336, 99=1089, 99.9=40063, 99.99=85311] 
2026-04-28 06:33:30:119 69 sec: 7344546 operations; 110517 current ops/sec; [READ: Count=104936, Max=5415, Min=4, Avg=61.79, 90=118, 99=148, 99.9=248, 99.99=1926] [UPDATE: Count=5571, Max=11447, Min=147, Avg=238.64, 90=292, 99=339, 99.9=2012, 99.99=11447] 
2026-04-28 06:33:31:119 70 sec: 7455263 operations; 110717 current ops/sec; [READ: Count=105145, Max=4059, Min=4, Avg=61.72, 90=119, 99=149, 99.9=387, 99.99=1963] [UPDATE: Count=5571, Max=4111, Min=150, Avg=236.61, 90=294, 99=352, 99.9=1857, 99.99=4111] 
2026-04-28 06:33:32:119 71 sec: 7566943 operations; 111680 current ops/sec; [READ: Count=106212, Max=4235, Min=4, Avg=61.14, 90=118, 99=148, 99.9=308, 99.99=2455] [UPDATE: Count=5455, Max=4407, Min=147, Avg=240.23, 90=300, 99=341, 99.9=615, 99.99=4407] 
2026-04-28 06:33:33:119 72 sec: 7678299 operations; 111356 current ops/sec; [READ: Count=105791, Max=2141, Min=4, Avg=61.05, 90=118, 99=148, 99.9=389, 99.99=1840] [UPDATE: Count=5567, Max=2131, Min=152, Avg=241.96, 90=301, 99=341, 99.9=1435, 99.99=2131] 
2026-04-28 06:33:34:119 73 sec: 7779778 operations; 101479 current ops/sec; [READ: Count=96559, Max=3711, Min=4, Avg=60.8, 90=119, 99=151, 99.9=444, 99.99=3215] [UPDATE: Count=4920, Max=73279, Min=154, Avg=397.45, 90=309, 99=707, 99.9=53695, 99.99=73279] 
2026-04-28 06:33:35:119 74 sec: 7879538 operations; 99760 current ops/sec; [READ: Count=94838, Max=217599, Min=4, Avg=69.94, 90=122, 99=159, 99.9=687, 99.99=8783] [UPDATE: Count=4924, Max=1703, Min=153, Avg=241.84, 90=302, 99=350, 99.9=524, 99.99=1703] 
2026-04-28 06:33:36:119 75 sec: 7986602 operations; 107064 current ops/sec; [READ: Count=101674, Max=29871, Min=4, Avg=64.47, 90=119, 99=152, 99.9=480, 99.99=2053] [UPDATE: Count=5394, Max=1931, Min=152, Avg=233.03, 90=291, 99=335, 99.9=570, 99.99=1931] 
2026-04-28 06:33:37:119 76 sec: 8098690 operations; 112088 current ops/sec; [READ: Count=106557, Max=2659, Min=4, Avg=60.96, 90=118, 99=149, 99.9=362, 99.99=2059] [UPDATE: Count=5525, Max=2145, Min=155, Avg=236.12, 90=296, 99=345, 99.9=570, 99.99=2145] 
2026-04-28 06:33:38:119 77 sec: 8210582 operations; 111892 current ops/sec; [READ: Count=106181, Max=7339, Min=4, Avg=60.43, 90=118, 99=148, 99.9=348, 99.99=2073] [UPDATE: Count=5716, Max=7427, Min=150, Avg=242.48, 90=301, 99=344, 99.9=581, 99.99=7427] 
2026-04-28 06:33:39:119 78 sec: 8307828 operations; 97246 current ops/sec; [READ: Count=92362, Max=3407, Min=3, Avg=61.92, 90=119, 99=154, 99.9=338, 99.99=1904] [UPDATE: Count=4883, Max=50751, Min=150, Avg=432.61, 90=690, 99=1230, 99.9=50143, 99.99=50751] 
2026-04-28 06:33:40:119 79 sec: 8416070 operations; 108242 current ops/sec; [READ: Count=102858, Max=2032, Min=4, Avg=61.82, 90=119, 99=150, 99.9=233, 99.99=1796] [UPDATE: Count=5399, Max=60351, Min=150, Avg=269.31, 90=298, 99=344, 99.9=2357, 99.99=60351] 
2026-04-28 06:33:41:119 80 sec: 8526294 operations; 110224 current ops/sec; [READ: Count=104803, Max=2295, Min=4, Avg=62.14, 90=120, 99=153, 99.9=258, 99.99=1853] [UPDATE: Count=5408, Max=2285, Min=149, Avg=239.13, 90=300, 99=342, 99.9=436, 99.99=2285] 
2026-04-28 06:33:42:119 81 sec: 8637885 operations; 111591 current ops/sec; [READ: Count=106048, Max=2399, Min=4, Avg=61.48, 90=119, 99=149, 99.9=258, 99.99=2109] [UPDATE: Count=5552, Max=2225, Min=147, Avg=231.54, 90=292, 99=341, 99.9=1712, 99.99=2225] 
2026-04-28 06:33:43:119 82 sec: 8751170 operations; 113285 current ops/sec; [READ: Count=107663, Max=2215, Min=4, Avg=60.7, 90=118, 99=149, 99.9=418, 99.99=1897] [UPDATE: Count=5616, Max=2257, Min=145, Avg=225.74, 90=285, 99=326, 99.9=493, 99.99=2257] 
2026-04-28 06:33:44:119 83 sec: 8857524 operations; 106354 current ops/sec; [READ: Count=101053, Max=2641, Min=4, Avg=61.06, 90=120, 99=152, 99.9=429, 99.99=2149] [UPDATE: Count=5295, Max=50367, Min=142, Avg=310.91, 90=292, 99=618, 99.9=49567, 99.99=50367] 
2026-04-28 06:33:45:119 84 sec: 8965243 operations; 107719 current ops/sec; [READ: Count=102381, Max=9287, Min=4, Avg=60.99, 90=118, 99=152, 99.9=627, 99.99=3121] [UPDATE: Count=5343, Max=80767, Min=140, Avg=292.92, 90=291, 99=342, 99.9=19631, 99.99=80767] 
2026-04-28 06:33:46:119 85 sec: 9071806 operations; 106563 current ops/sec; [READ: Count=101213, Max=12751, Min=4, Avg=64.69, 90=121, 99=155, 99.9=398, 99.99=2085] [UPDATE: Count=5359, Max=1924, Min=149, Avg=236.27, 90=295, 99=340, 99.9=546, 99.99=1924] 
2026-04-28 06:33:47:119 86 sec: 9179845 operations; 108039 current ops/sec; [READ: Count=102621, Max=9247, Min=4, Avg=63.47, 90=121, 99=153, 99.9=375, 99.99=1969] [UPDATE: Count=5419, Max=8711, Min=151, Avg=238.37, 90=296, 99=342, 99.9=1753, 99.99=8711] 
2026-04-28 06:33:48:119 87 sec: 9288420 operations; 108575 current ops/sec; [READ: Count=103133, Max=8951, Min=4, Avg=63.16, 90=121, 99=152, 99.9=355, 99.99=2283] [UPDATE: Count=5443, Max=8999, Min=154, Avg=237.27, 90=297, 99=344, 99.9=481, 99.99=8999] 
2026-04-28 06:33:49:119 88 sec: 9388999 operations; 100579 current ops/sec; [READ: Count=95518, Max=2247, Min=4, Avg=62.41, 90=120, 99=151, 99.9=352, 99.99=1791] [UPDATE: Count=5044, Max=49503, Min=156, Avg=368.27, 90=421, 99=1216, 99.9=48223, 99.99=49503] 
2026-04-28 06:33:50:119 89 sec: 9491425 operations; 102426 current ops/sec; [READ: Count=97346, Max=60191, Min=4, Avg=63.69, 90=120, 99=150, 99.9=255, 99.99=3293] [UPDATE: Count=5083, Max=80575, Min=153, Avg=317.65, 90=294, 99=348, 99.9=60415, 99.99=80575] 
2026-04-28 06:33:51:119 90 sec: 9600549 operations; 109124 current ops/sec; [READ: Count=103582, Max=2393, Min=4, Avg=62.56, 90=121, 99=153, 99.9=396, 99.99=1797] [UPDATE: Count=5551, Max=1803, Min=151, Avg=239.14, 90=299, 99=347, 99.9=1654, 99.99=1803] 
2026-04-28 06:33:52:119 91 sec: 9710943 operations; 110394 current ops/sec; [READ: Count=104956, Max=2433, Min=4, Avg=62.06, 90=121, 99=151, 99.9=361, 99.99=1894] [UPDATE: Count=5425, Max=2101, Min=151, Avg=237.62, 90=297, 99=345, 99.9=1732, 99.99=2101] 
2026-04-28 06:33:53:119 92 sec: 9820061 operations; 109118 current ops/sec; [READ: Count=103570, Max=4095, Min=4, Avg=62.51, 90=121, 99=152, 99.9=385, 99.99=2279] [UPDATE: Count=5546, Max=4047, Min=154, Avg=240.15, 90=301, 99=341, 99.9=502, 99.99=4047] 
2026-04-28 06:33:54:119 93 sec: 9925046 operations; 104985 current ops/sec; [READ: Count=99633, Max=2151, Min=4, Avg=61.42, 90=121, 99=152, 99.9=372, 99.99=1837] [UPDATE: Count=5354, Max=47935, Min=154, Avg=316.29, 90=303, 99=719, 99.9=47167, 99.99=47935] 
2026-04-28 06:33:55:119 94 sec: 10037101 operations; 112055 current ops/sec; [READ: Count=106506, Max=4163, Min=4, Avg=61.03, 90=120, 99=151, 99.9=419, 99.99=1957] [UPDATE: Count=5550, Max=2067, Min=150, Avg=234.33, 90=296, 99=338, 99.9=737, 99.99=2067] 
2026-04-28 06:33:56:119 95 sec: 10137250 operations; 100149 current ops/sec; [READ: Count=95128, Max=148351, Min=4, Avg=65.29, 90=123, 99=160, 99.9=891, 99.99=3337] [UPDATE: Count=5015, Max=83519, Min=157, Avg=313.23, 90=303, 99=356, 99.9=18703, 99.99=83519] 
2026-04-28 06:33:57:119 96 sec: 10237744 operations; 100494 current ops/sec; [READ: Count=95653, Max=205055, Min=4, Avg=69.41, 90=125, 99=162, 99.9=687, 99.99=3213] [UPDATE: Count=4847, Max=3201, Min=164, Avg=253.33, 90=313, 99=370, 99.9=1847, 99.99=3201] 
2026-04-28 06:33:58:119 97 sec: 10346887 operations; 109143 current ops/sec; [READ: Count=103713, Max=2549, Min=4, Avg=61.7, 90=121, 99=152, 99.9=374, 99.99=1767] [UPDATE: Count=5435, Max=6339, Min=160, Avg=258.63, 90=311, 99=370, 99.9=5935, 99.99=6339] 
2026-04-28 06:33:59:119 98 sec: 10443678 operations; 96791 current ops/sec; [READ: Count=91876, Max=2779, Min=4, Avg=61.82, 90=121, 99=156, 99.9=365, 99.99=1894] [UPDATE: Count=4903, Max=47487, Min=158, Avg=438.44, 90=725, 99=1408, 99.9=46975, 99.99=47487] 
2026-04-28 06:34:00:119 99 sec: 10549826 operations; 106148 current ops/sec; [READ: Count=100862, Max=2287, Min=4, Avg=63.69, 90=122, 99=155, 99.9=259, 99.99=1809] [UPDATE: Count=5299, Max=1979, Min=155, Avg=262, 90=315, 99=844, 99.9=1263, 99.99=1979] 
2026-04-28 06:34:01:119 100 sec: 10654698 operations; 104872 current ops/sec; [READ: Count=99671, Max=2051, Min=4, Avg=62.48, 90=121, 99=151, 99.9=294, 99.99=1811] [UPDATE: Count=5199, Max=90751, Min=156, Avg=305.54, 90=305, 99=358, 99.9=18399, 99.99=90751] 
2026-04-28 06:34:02:119 101 sec: 10763818 operations; 109120 current ops/sec; [READ: Count=103577, Max=2301, Min=4, Avg=62.29, 90=121, 99=152, 99.9=357, 99.99=1950] [UPDATE: Count=5542, Max=2269, Min=156, Avg=244.66, 90=306, 99=349, 99.9=471, 99.99=2269] 
2026-04-28 06:34:03:119 102 sec: 10873325 operations; 109507 current ops/sec; [READ: Count=103973, Max=2095, Min=4, Avg=62.51, 90=122, 99=153, 99.9=366, 99.99=1798] [UPDATE: Count=5528, Max=2079, Min=152, Avg=236.48, 90=299, 99=345, 99.9=1397, 99.99=2079] 
2026-04-28 06:34:04:119 103 sec: 10977304 operations; 103979 current ops/sec; [READ: Count=98673, Max=2471, Min=4, Avg=61.95, 90=122, 99=153, 99.9=408, 99.99=1898] [UPDATE: Count=5310, Max=47647, Min=156, Avg=321.02, 90=308, 99=707, 99.9=46751, 99.99=47647] 
2026-04-28 06:34:05:119 104 sec: 11087297 operations; 109993 current ops/sec; [READ: Count=104400, Max=2761, Min=4, Avg=61.59, 90=122, 99=154, 99.9=400, 99.99=1906] [UPDATE: Count=5596, Max=8115, Min=154, Avg=246.09, 90=307, 99=359, 99.9=1978, 99.99=8115] 
2026-04-28 06:34:06:119 105 sec: 11198065 operations; 110768 current ops/sec; [READ: Count=105272, Max=2239, Min=4, Avg=61.54, 90=122, 99=154, 99.9=398, 99.99=2055] [UPDATE: Count=5505, Max=2397, Min=156, Avg=241.14, 90=303, 99=346, 99.9=551, 99.99=2397] 
2026-04-28 06:34:07:119 106 sec: 11298680 operations; 100615 current ops/sec; [READ: Count=95588, Max=10855, Min=4, Avg=65.1, 90=124, 99=161, 99.9=1182, 99.99=3613] [UPDATE: Count=5016, Max=79935, Min=158, Avg=318.63, 90=311, 99=370, 99.9=29647, 99.99=79935] 
2026-04-28 06:34:08:119 107 sec: 11403584 operations; 104904 current ops/sec; [READ: Count=99705, Max=4699, Min=4, Avg=65.3, 90=125, 99=158, 99.9=357, 99.99=1953] [UPDATE: Count=5201, Max=4739, Min=159, Avg=249.75, 90=311, 99=359, 99.9=2127, 99.99=4739] 
2026-04-28 06:34:09:119 108 sec: 11503073 operations; 99489 current ops/sec; [READ: Count=94579, Max=2669, Min=4, Avg=64.76, 90=125, 99=160, 99.9=416, 99.99=2485] [UPDATE: Count=4896, Max=48735, Min=161, Avg=346.27, 90=322, 99=937, 99.9=47071, 99.99=48735] 
2026-04-28 06:34:10:119 109 sec: 11605943 operations; 102870 current ops/sec; [READ: Count=97741, Max=4371, Min=4, Avg=65.62, 90=125, 99=160, 99.9=296, 99.99=3193] [UPDATE: Count=5144, Max=4363, Min=152, Avg=273.75, 90=326, 99=1018, 99.9=1636, 99.99=4363] 
2026-04-28 06:34:11:119 110 sec: 11711704 operations; 105761 current ops/sec; [READ: Count=100486, Max=3091, Min=4, Avg=64.57, 90=124, 99=156, 99.9=406, 99.99=1878] [UPDATE: Count=5272, Max=3375, Min=155, Avg=249.4, 90=311, 99=359, 99.9=1722, 99.99=3375] 
2026-04-28 06:34:12:119 111 sec: 11813117 operations; 101413 current ops/sec; [READ: Count=96303, Max=4711, Min=4, Avg=64.26, 90=124, 99=157, 99.9=428, 99.99=1984] [UPDATE: Count=5109, Max=82111, Min=154, Avg=319.16, 90=311, 99=356, 99.9=42079, 99.99=82111] 
2026-04-28 06:34:13:119 112 sec: 11919758 operations; 106641 current ops/sec; [READ: Count=101185, Max=7163, Min=4, Avg=63.88, 90=124, 99=156, 99.9=385, 99.99=2087] [UPDATE: Count=5451, Max=6975, Min=152, Avg=246.77, 90=305, 99=354, 99.9=3249, 99.99=6975] 
2026-04-28 06:34:14:119 113 sec: 12028624 operations; 108866 current ops/sec; [READ: Count=103426, Max=2453, Min=4, Avg=62.85, 90=124, 99=156, 99.9=421, 99.99=1889] [UPDATE: Count=5446, Max=2425, Min=154, Avg=239.75, 90=303, 99=350, 99.9=1317, 99.99=2425] 
2026-04-28 06:34:15:119 114 sec: 12131568 operations; 102944 current ops/sec; [READ: Count=97778, Max=3285, Min=4, Avg=62.65, 90=123, 99=155, 99.9=351, 99.99=2519] [UPDATE: Count=5160, Max=52191, Min=153, Avg=327.68, 90=306, 99=782, 99.9=51263, 99.99=52191] 
2026-04-28 06:34:16:119 115 sec: 12240510 operations; 108942 current ops/sec; [READ: Count=103516, Max=8847, Min=4, Avg=62.86, 90=123, 99=155, 99.9=394, 99.99=1899] [UPDATE: Count=5430, Max=8791, Min=154, Avg=238.65, 90=301, 99=346, 99.9=1458, 99.99=8791] 
2026-04-28 06:34:17:119 116 sec: 12350436 operations; 109926 current ops/sec; [READ: Count=104397, Max=1986, Min=4, Avg=61.72, 90=124, 99=156, 99.9=402, 99.99=1811] [UPDATE: Count=5515, Max=1937, Min=151, Avg=235.86, 90=299, 99=348, 99.9=1598, 99.99=1937] 
2026-04-28 06:34:18:119 117 sec: 12448627 operations; 98191 current ops/sec; [READ: Count=93342, Max=159743, Min=4, Avg=69.11, 90=126, 99=164, 99.9=1185, 99.99=8431] [UPDATE: Count=4861, Max=93503, Min=151, Avg=295.15, 90=298, 99=358, 99.9=23599, 99.99=93503] 
2026-04-28 06:34:19:119 118 sec: 12552838 operations; 104211 current ops/sec; [READ: Count=99020, Max=22031, Min=4, Avg=66.19, 90=126, 99=162, 99.9=683, 99.99=4111] [UPDATE: Count=5190, Max=18687, Min=149, Avg=242.96, 90=299, 99=357, 99.9=1958, 99.99=18687] 
2026-04-28 06:34:20:119 119 sec: 12645159 operations; 92321 current ops/sec; [READ: Count=87809, Max=3173, Min=4, Avg=65.46, 90=125, 99=159, 99.9=362, 99.99=2295] [UPDATE: Count=4512, Max=47135, Min=153, Avg=462.12, 90=762, 99=1313, 99.9=45407, 99.99=47135] 
2026-04-28 06:34:21:119 120 sec: 12750241 operations; 105082 current ops/sec; [READ: Count=99850, Max=2044, Min=4, Avg=64.93, 90=125, 99=157, 99.9=252, 99.99=1766] [UPDATE: Count=5234, Max=1962, Min=162, Avg=253.76, 90=314, 99=365, 99.9=1654, 99.99=1962] 
Maximum time elapsed. Requesting stop for the workload.
Stop requested for workload. Now Joining!
2026-04-28 06:34:21:217 120 sec: 12750369 operations; 1292.93 current ops/sec; [READ: Count=106, Max=182, Min=4, Avg=69.7, 90=127, 99=164, 99.9=182, 99.99=182] [CLEANUP: Count=8, Max=96703, Min=16960, Avg=70376, 90=96703, 99=96703, 99.9=96703, 99.99=96703] [UPDATE: Count=5, Max=319, Min=195, Avg=252.2, 90=319, 99=319, 99.9=319, 99.99=319] 
	Command being timed: "/users/Xinying/ozonedb/ycsb/bin/ycsb run ozonedb -threads 8 -s -P /users/Xinying/ozonedb/ycsb/workloads/generated_workloads/workloadb_1KB_1000000_1000000 -p status.interval=1 -p maxexecutiontime=120 -p operationcount=0 -p shared_config=/users/Xinying/ozonedb/src/config/local/shared_config_rocksdb.json"
	User time (seconds): 515.42
	System time (seconds): 410.34
	Percent of CPU this job got: 706%
	Elapsed (wall clock) time (h:mm:ss or m:ss): 2:10.95
	Average shared text size (kbytes): 0
	Average unshared data size (kbytes): 0
	Average stack size (kbytes): 0
	Average total size (kbytes): 0
	Maximum resident set size (kbytes): 57417772
	Average resident set size (kbytes): 0
	Major (requiring I/O) page faults: 766
	Minor (reclaiming a frame) page faults: 14812123
	Voluntary context switches: 3206370
	Involuntary context switches: 4743
	Swaps: 0
	File system inputs: 144536428
	File system outputs: 3519433
	Socket messages sent: 0
	Socket messages received: 0
	Signals delivered: 0
	Page size (bytes): 4096
	Exit status: 0
