# CMD: /usr/bin/time -v /users/Xinying/ozonedb/ycsb/bin/ycsb run ozonedb -threads 16 -s -P /users/Xinying/ozonedb/ycsb/workloads/generated_workloads/workloadd_1KB_1000000_1000000 -p status.interval=1 -p maxexecutiontime=120 -p operationcount=0 -p shared_config=/users/Xinying/ozonedb/src/config/local/shared_config_rocksdb.json
# devices=['sda6'] sectors_before=1330568984 sectors_after=1346717160
# elapsed_s=132.96 returncode=0

=== STDOUT ===
Starting compaction watcher
Starting compaction watcher
Starting compaction watcher
Starting compaction watcher
Starting compaction watcher
Starting compaction watcher
Starting compaction watcher
Starting compaction watcher
Starting compaction watcher
Starting compaction watcher
Starting compaction watcher
Starting compaction watcher
Starting compaction watcher
Starting compaction watcher
Starting compaction watcher
Starting compaction watcher
2026-04-28 07:38:18:642 - NewTail completed: 
2026-04-28 07:38:18:644 - NewTail completed: 
2026-04-28 07:38:18:645 - NewTail completed: 
2026-04-28 07:38:18:645 - NewTail completed: 
2026-04-28 07:38:18:647 - NewTail completed: 
2026-04-28 07:38:18:648 - NewTail completed: 
2026-04-28 07:38:18:649 - NewTail completed: 
2026-04-28 07:38:18:649 - NewTail completed: 
2026-04-28 07:38:18:713 - NewTail completed: 
2026-04-28 07:38:18:713 - NewTail completed: 
2026-04-28 07:38:18:714 - NewTail completed: 
2026-04-28 07:38:18:714 - NewTail completed: 
2026-04-28 07:38:21:005 - NewTail completed: 
2026-04-28 07:38:21:046 - Compaction started: 
139755735995968:Compacting datalog/35 datalog/36 into:sstable1/1d1ce87c-889a-4c9a-b9fa-18c4c426f503202604280138151777361901428991925.sst
2026-04-28 07:38:21:977 - Compaction completed: 
2026-04-28 07:38:22:037 - Compaction started: 
2026-04-28 07:38:23:337 - NewTail completed: 
2026-04-28 07:38:23:344 - NewTail completed: 
2026-04-28 07:38:23:344 - NewTail completed: 
139757848155712:Compacting sstable1/fdf40179-5256-4028-90ea-15af28ebf787202604231034301776962195318187250.sst sstable1/fdf40179-5256-4028-90ea-15af28ebf787202604231034301776962203658627099.sst into:sstable2/5c721437-1ece-4c59-ae8c-72b02c30d8c7202604280138151777361903209091891.sst
2026-04-28 07:38:24:248 - Compaction completed: 
2026-04-28 07:38:25:611 - NewTail completed: 
2026-04-28 07:38:25:643 - Compaction started: 
139756505978432:Compacting datalog/37 datalog/38 into:sstable1/1db03951-e952-485d-9fbc-04e0c101d9e9202604280138151777361905984759112.sst
2026-04-28 07:38:26:438 - Compaction completed: 
2026-04-28 07:38:28:213 - NewTail completed: 
2026-04-28 07:38:30:415 - NewTail completed: 
2026-04-28 07:38:30:467 - Compaction started: 
139757848155712:Compacting datalog/39 datalog/40 into:sstable1/5c721437-1ece-4c59-ae8c-72b02c30d8c7202604280138151777361910623668514.sst
2026-04-28 07:38:31:116 - Compaction started: 
2026-04-28 07:38:31:147 - Compaction completed: 
2026-04-28 07:38:33:122 - NewTail completed: 
2026-04-28 07:38:33:124 - NewTail completed: 
2026-04-28 07:38:33:126 - NewTail completed: 
139758134253120:Compacting sstable1/fdf40179-5256-4028-90ea-15af28ebf787202604231034301776962212445933441.sst sstable1/1d1ce87c-889a-4c9a-b9fa-18c4c426f503202604280138151777361901428991925.sst into:sstable2/6a143e9c-5b4e-4148-8fa2-d0ec03142a4f202604280138151777361912401305680.sst
2026-04-28 07:38:33:469 - Compaction completed: 
2026-04-28 07:38:35:625 - NewTail completed: 
2026-04-28 07:38:35:627 - NewTail completed: 
2026-04-28 07:38:35:629 - NewTail completed: 
2026-04-28 07:38:35:656 - Compaction started: 
139756263597632:Compacting datalog/41 datalog/42 into:sstable1/efd26bc2-4001-42c8-bc66-6e9873ed10fd202604280138151777361916002890961.sst
2026-04-28 07:38:36:448 - Compaction completed: 
2026-04-28 07:38:38:326 - NewTail completed: 
2026-04-28 07:38:38:329 - NewTail completed: 
2026-04-28 07:38:38:330 - NewTail completed: 
2026-04-28 07:38:40:644 - NewTail completed: 
2026-04-28 07:38:40:666 - Compaction started: 
139757001795136:Compacting datalog/43 datalog/44 into:sstable1/ac180746-001e-40f2-81e4-afc8751b327f202604280138151777361920963748646.sst
2026-04-28 07:38:41:395 - Compaction completed: 
2026-04-28 07:38:41:427 - Compaction started: 
2026-04-28 07:38:43:428 - NewTail completed: 
139759861143104:Compacting sstable1/1db03951-e952-485d-9fbc-04e0c101d9e9202604280138151777361905984759112.sst sstable1/5c721437-1ece-4c59-ae8c-72b02c30d8c7202604280138151777361910623668514.sst into:sstable2/b8455e3d-3e98-4644-80a5-558b19957445202604280138151777361922620751868.sst
2026-04-28 07:38:43:546 - Compaction completed: 
2026-04-28 07:38:45:931 - NewTail completed: 
2026-04-28 07:38:45:934 - Compaction started: 
139759283496512:Compacting datalog/45 datalog/46 into:sstable1/f46bb194-b374-47d7-9ecb-607961635dc9202604280138151777361926251744163.sst
2026-04-28 07:38:46:736 - Compaction completed: 
2026-04-28 07:38:48:739 - NewTail completed: 
2026-04-28 07:38:48:741 - NewTail completed: 
2026-04-28 07:38:48:742 - NewTail completed: 
2026-04-28 07:38:51:168 - NewTail completed: 
2026-04-28 07:38:51:169 - Compaction started: 
2026-04-28 07:38:51:173 - NewTail completed: 
2026-04-28 07:38:51:175 - NewTail completed: 
2026-04-28 07:38:51:176 - NewTail completed: 
2026-04-28 07:38:51:176 - NewTail completed: 
2026-04-28 07:38:51:177 - NewTail completed: 
139757864941120:Compacting datalog/47 datalog/48 into:sstable1/274fe889-40ea-4c84-9b30-f9ef9b2bc6e3202604280138151777361931493507334.sst
2026-04-28 07:38:52:014 - Compaction completed: 
2026-04-28 07:38:52:070 - Compaction started: 
2026-04-28 07:38:53:976 - NewTail completed: 
2026-04-28 07:38:53:980 - NewTail completed: 
2026-04-28 07:38:53:984 - NewTail completed: 
2026-04-28 07:38:53:984 - NewTail completed: 
139758142645824:Compacting sstable1/efd26bc2-4001-42c8-bc66-6e9873ed10fd202604280138151777361916002890961.sst sstable1/ac180746-001e-40f2-81e4-afc8751b327f202604280138151777361920963748646.sst into:sstable2/4588a153-5c90-433a-868b-726e5c6f986e202604280138151777361933264161940.sst
2026-04-28 07:38:54:293 - Compaction completed: 
2026-04-28 07:38:56:550 - NewTail completed: 
2026-04-28 07:38:56:551 - NewTail completed: 
2026-04-28 07:38:56:553 - NewTail completed: 
2026-04-28 07:38:56:575 - Compaction started: 
139759861143104:Compacting datalog/49 datalog/50 into:sstable1/b8455e3d-3e98-4644-80a5-558b19957445202604280138151777361936734481871.sst
2026-04-28 07:38:57:221 - Compaction completed: 
2026-04-28 07:38:59:453 - NewTail completed: 
2026-04-28 07:38:59:454 - NewTail completed: 
2026-04-28 07:38:59:455 - NewTail completed: 
2026-04-28 07:39:02:077 - NewTail completed: 
2026-04-28 07:39:02:094 - Compaction started: 
139757001795136:Compacting datalog/51 datalog/52 into:sstable1/ac180746-001e-40f2-81e4-afc8751b327f202604280138151777361942260237677.sst
2026-04-28 07:39:02:697 - Compaction completed: 
2026-04-28 07:39:02:699 - Compaction started: 
139756263597632:Compacting sstable1/f46bb194-b374-47d7-9ecb-607961635dc9202604280138151777361926251744163.sst sstable1/274fe889-40ea-4c84-9b30-f9ef9b2bc6e3202604280138151777361931493507334.sst into:sstable2/efd26bc2-4001-42c8-bc66-6e9873ed10fd202604280138151777361943638471184.sst
2026-04-28 07:39:04:605 - Compaction completed: 
2026-04-28 07:39:04:955 - NewTail completed: 
2026-04-28 07:39:04:960 - NewTail completed: 
2026-04-28 07:39:04:961 - NewTail completed: 
2026-04-28 07:39:07:757 - NewTail completed: 
2026-04-28 07:39:07:761 - NewTail completed: 
2026-04-28 07:39:07:769 - Compaction started: 
139759861143104:Compacting datalog/53 datalog/54 into:sstable1/b8455e3d-3e98-4644-80a5-558b19957445202604280138151777361947938635955.sst
2026-04-28 07:39:08:367 - Compaction completed: 
2026-04-28 07:39:10:491 - NewTail completed: 
2026-04-28 07:39:10:491 - NewTail completed: 
2026-04-28 07:39:10:499 - NewTail completed: 
2026-04-28 07:39:10:502 - NewTail completed: 
2026-04-28 07:39:10:504 - NewTail completed: 
2026-04-28 07:39:10:505 - NewTail completed: 
2026-04-28 07:39:13:166 - NewTail completed: 
2026-04-28 07:39:13:169 - NewTail completed: 
2026-04-28 07:39:13:170 - NewTail completed: 
2026-04-28 07:39:13:204 - Compaction started: 
139759861143104:Compacting datalog/55 datalog/56 into:sstable1/b8455e3d-3e98-4644-80a5-558b19957445202604280138151777361953423856950.sst
2026-04-28 07:39:13:884 - Compaction completed: 
2026-04-28 07:39:13:907 - Compaction started: 
139759283496512:Compacting sstable1/b8455e3d-3e98-4644-80a5-558b19957445202604280138151777361936734481871.sst sstable1/ac180746-001e-40f2-81e4-afc8751b327f202604280138151777361942260237677.sst into:sstable2/f46bb194-b374-47d7-9ecb-607961635dc9202604280138151777361954829919961.sst
2026-04-28 07:39:15:837 - Compaction completed: 
2026-04-28 07:39:16:098 - NewTail completed: 
2026-04-28 07:39:16:103 - NewTail completed: 
2026-04-28 07:39:16:107 - NewTail completed: 
2026-04-28 07:39:16:107 - NewTail completed: 
2026-04-28 07:39:18:970 - NewTail completed: 
2026-04-28 07:39:19:014 - Compaction started: 
139757848155712:Compacting datalog/57 datalog/58 into:sstable1/5c721437-1ece-4c59-ae8c-72b02c30d8c7202604280138151777361959187310562.sst
2026-04-28 07:39:19:609 - Compaction completed: 
2026-04-28 07:39:21:779 - NewTail completed: 
2026-04-28 07:39:21:780 - NewTail completed: 
2026-04-28 07:39:21:780 - NewTail completed: 
2026-04-28 07:39:24:614 - NewTail completed: 
2026-04-28 07:39:24:617 - NewTail completed: 
2026-04-28 07:39:24:617 - NewTail completed: 
2026-04-28 07:39:24:618 - NewTail completed: 
2026-04-28 07:39:24:618 - NewTail completed: 
2026-04-28 07:39:24:619 - NewTail completed: 
2026-04-28 07:39:24:619 - NewTail completed: 
2026-04-28 07:39:24:621 - NewTail completed: 
2026-04-28 07:39:24:622 - NewTail completed: 
2026-04-28 07:39:24:630 - Compaction started: 
139757001795136:Compacting datalog/59 datalog/60 into:sstable1/ac180746-001e-40f2-81e4-afc8751b327f202604280138151777361964822754906.sst
2026-04-28 07:39:25:243 - Compaction completed: 
2026-04-28 07:39:25:322 - Compaction started: 
139759861143104:Compacting sstable1/b8455e3d-3e98-4644-80a5-558b19957445202604280138151777361947938635955.sst sstable1/b8455e3d-3e98-4644-80a5-558b19957445202604280138151777361953423856950.sst into:sstable2/b8455e3d-3e98-4644-80a5-558b19957445202604280138151777361966095196035.sst
2026-04-28 07:39:27:049 - Compaction completed: 
2026-04-28 07:39:27:804 - NewTail completed: 
2026-04-28 07:39:30:586 - NewTail completed: 
2026-04-28 07:39:30:589 - NewTail completed: 
2026-04-28 07:39:30:648 - Compaction started: 
139757848155712:Compacting datalog/61 datalog/62 into:sstable1/5c721437-1ece-4c59-ae8c-72b02c30d8c7202604280138151777361970830951143.sst
2026-04-28 07:39:31:253 - Compaction completed: 
2026-04-28 07:39:33:606 - NewTail completed: 
2026-04-28 07:39:36:392 - NewTail completed: 
2026-04-28 07:39:36:397 - NewTail completed: 
2026-04-28 07:39:36:457 - Compaction started: 
139756263597632:Compacting datalog/63 datalog/64 into:sstable1/efd26bc2-4001-42c8-bc66-6e9873ed10fd202604280138151777361976647573877.sst
2026-04-28 07:39:37:235 - Compaction completed: 
2026-04-28 07:39:37:259 - Compaction started: 
139758142645824:Compacting sstable1/5c721437-1ece-4c59-ae8c-72b02c30d8c7202604280138151777361959187310562.sst sstable1/ac180746-001e-40f2-81e4-afc8751b327f202604280138151777361964822754906.sst into:sstable2/4588a153-5c90-433a-868b-726e5c6f986e202604280138151777361977962103987.sst
2026-04-28 07:39:38:955 - Compaction completed: 
2026-04-28 07:39:39:701 - NewTail completed: 
2026-04-28 07:39:39:702 - NewTail completed: 
2026-04-28 07:39:39:705 - NewTail completed: 
2026-04-28 07:39:42:502 - NewTail completed: 
2026-04-28 07:39:42:502 - NewTail completed: 
2026-04-28 07:39:42:504 - NewTail completed: 
2026-04-28 07:39:42:567 - Compaction started: 
139758370027072:Compacting datalog/65 datalog/66 into:sstable1/14984933-a917-4702-931c-d700a8aa054c202604280138151777361982831292549.sst
2026-04-28 07:39:43:351 - Compaction completed: 
2026-04-28 07:39:45:652 - NewTail completed: 
2026-04-28 07:39:48:652 - NewTail completed: 
2026-04-28 07:39:48:655 - NewTail completed: 
2026-04-28 07:39:48:656 - NewTail completed: 
2026-04-28 07:39:48:675 - Compaction started: 
139755701548608:Compacting datalog/67 datalog/68 into:sstable1/cc32192d-1684-41bb-992a-fc10ea46c31d202604280138151777361989014436446.sst
2026-04-28 07:39:49:612 - Compaction completed: 
2026-04-28 07:39:49:676 - Compaction started: 
139756263597632:Compacting sstable1/5c721437-1ece-4c59-ae8c-72b02c30d8c7202604280138151777361970830951143.sst sstable1/efd26bc2-4001-42c8-bc66-6e9873ed10fd202604280138151777361976647573877.sst into:sstable2/efd26bc2-4001-42c8-bc66-6e9873ed10fd202604280138151777361990399723869.sst
2026-04-28 07:39:51:335 - Compaction completed: 
2026-04-28 07:39:51:833 - NewTail completed: 
2026-04-28 07:39:54:934 - NewTail completed: 
2026-04-28 07:39:54:954 - Compaction started: 
139756263597632:Compacting datalog/69 datalog/70 into:sstable1/efd26bc2-4001-42c8-bc66-6e9873ed10fd202604280138151777361995189264040.sst
2026-04-28 07:39:55:630 - Compaction completed: 
2026-04-28 07:39:57:914 - NewTail completed: 
2026-04-28 07:40:00:964 - NewTail completed: 
2026-04-28 07:40:01:041 - Compaction started: 
139755701548608:Compacting datalog/71 datalog/72 into:sstable1/cc32192d-1684-41bb-992a-fc10ea46c31d202604280138151777362001191680238.sst
2026-04-28 07:40:01:620 - Compaction completed: 
2026-04-28 07:40:01:670 - Compaction started: 
139756263597632:Compacting sstable1/14984933-a917-4702-931c-d700a8aa054c202604280138151777361982831292549.sst sstable1/cc32192d-1684-41bb-992a-fc10ea46c31d202604280138151777361989014436446.sst into:sstable2/efd26bc2-4001-42c8-bc66-6e9873ed10fd202604280138151777362002438286799.sst
2026-04-28 07:40:03:408 - Compaction completed: 
2026-04-28 07:40:04:430 - NewTail completed: 
2026-04-28 07:40:04:431 - NewTail completed: 
2026-04-28 07:40:07:356 - NewTail completed: 
2026-04-28 07:40:07:362 - NewTail completed: 
2026-04-28 07:40:07:363 - NewTail completed: 
2026-04-28 07:40:07:363 - NewTail completed: 
2026-04-28 07:40:07:363 - NewTail completed: 
2026-04-28 07:40:07:399 - Compaction started: 
139758327187008:Compacting datalog/73 datalog/74 into:sstable1/76b3299c-3ffa-4d5b-9e71-3d7ef29d95f9202604280138151777362007694330343.sst
2026-04-28 07:40:08:251 - Compaction completed: 
2026-04-28 07:40:10:560 - NewTail completed: 
2026-04-28 07:40:10:565 - NewTail completed: 
2026-04-28 07:40:10:566 - NewTail completed: 
2026-04-28 07:40:10:567 - NewTail completed: 
2026-04-28 07:40:10:567 - NewTail completed: 
2026-04-28 07:40:10:567 - NewTail completed: 
2026-04-28 07:40:10:568 - NewTail completed: 
2026-04-28 07:40:10:569 - NewTail completed: 
2026-04-28 07:40:10:569 - NewTail completed: 
2026-04-28 07:40:13:640 - NewTail completed: 
2026-04-28 07:40:13:641 - NewTail completed: 
2026-04-28 07:40:13:642 - NewTail completed: 
2026-04-28 07:40:13:708 - Compaction started: 
139758134253120:Compacting datalog/75 datalog/76 into:sstable1/6a143e9c-5b4e-4148-8fa2-d0ec03142a4f202604280138151777362013878450942.sst
2026-04-28 07:40:14:309 - Compaction started: 
2026-04-28 07:40:14:316 - Compaction completed: 
139755735995968:Compacting sstable1/efd26bc2-4001-42c8-bc66-6e9873ed10fd202604280138151777361995189264040.sst sstable1/cc32192d-1684-41bb-992a-fc10ea46c31d202604280138151777362001191680238.sst into:sstable2/1d1ce87c-889a-4c9a-b9fa-18c4c426f503202604280138151777362015254481190.sst
2026-04-28 07:40:16:145 - Compaction completed: 
[OVERALL], RunTime(ms), 120685
[OVERALL], Throughput(ops/sec), 200871.99734846916
[TOTAL_GCS_PS_Scavenge], Count, 263
[TOTAL_GC_TIME_PS_Scavenge], Time(ms), 669
[TOTAL_GC_TIME_%_PS_Scavenge], Time(%), 0.554335667232879
[TOTAL_GCS_PS_MarkSweep], Count, 0
[TOTAL_GC_TIME_PS_MarkSweep], Time(ms), 0
[TOTAL_GC_TIME_%_PS_MarkSweep], Time(%), 0.0
[TOTAL_GCs], Count, 263
[TOTAL_GC_TIME], Time(ms), 669
[TOTAL_GC_TIME_%], Time(%), 0.554335667232879
[READ], Operations, 13515999
[READ], AverageLatency(us), 56.3732391516158
[READ], MinLatency(us), 3
[READ], MaxLatency(us), 537599
[READ], 95thPercentileLatency(us), 134
[READ], 99thPercentileLatency(us), 185
[READ], Return=OK, 13515999
[READ], Return=NOT_FOUND, 9512995
[CLEANUP], Operations, 16
[CLEANUP], AverageLatency(us), 118694.0
[CLEANUP], MinLatency(us), 38688
[CLEANUP], MaxLatency(us), 681471
[CLEANUP], 95thPercentileLatency(us), 681471
[CLEANUP], 99thPercentileLatency(us), 681471
[INSERT], Operations, 1213243
[INSERT], AverageLatency(us), 267.8182491059087
[INSERT], MinLatency(us), 132
[INSERT], MaxLatency(us), 267263
[INSERT], 95thPercentileLatency(us), 356
[INSERT], 99thPercentileLatency(us), 925
[INSERT], Return=OK, 1213243
[READ-FAILED], Operations, 9512995
[READ-FAILED], AverageLatency(us), 80.00883959257837
[READ-FAILED], MinLatency(us), 6
[READ-FAILED], MaxLatency(us), 156287
[READ-FAILED], 95thPercentileLatency(us), 129
[READ-FAILED], 99thPercentileLatency(us), 173

=== STDERR ===
[WARN]  Running against a source checkout. In order to get our runtime dependencies we'll have to invoke Maven. Depending on the state of your system, this may take ~30-45 seconds
[DEBUG]  Running 'mvn -pl site.ycsb:ozonedb-binding -am package -DskipTests dependency:build-classpath -DincludeScope=compile -Dmdep.outputFilterFile=true'
/usr/lib/jvm/java-8-openjdk-amd64/bin/java -cp /users/Xinying/ozonedb/ycsb/ozonedb/conf:/users/Xinying/ozonedb/ycsb/ozonedb/target/ozonedb-binding-0.18.0-SNAPSHOT.jar:/users/Xinying/.m2/repository/org/apache/htrace/htrace-core4/4.1.0-incubating/htrace-core4-4.1.0-incubating.jar:/users/Xinying/.m2/repository/org/slf4j/slf4j-api/1.7.25/slf4j-api-1.7.25.jar:/users/Xinying/.m2/repository/org/hdrhistogram/HdrHistogram/2.1.12/HdrHistogram-2.1.12.jar:/users/Xinying/.m2/repository/ch/qos/logback/logback-classic/1.2.3/logback-classic-1.2.3.jar:/users/Xinying/.m2/repository/ozonedbjnimaven/demoproc-jni/1.0/demoproc-jni-1.0.jar:/users/Xinying/.m2/repository/ch/qos/logback/logback-core/1.2.3/logback-core-1.2.3.jar:/users/Xinying/.m2/repository/org/codehaus/jackson/jackson-mapper-asl/1.9.4/jackson-mapper-asl-1.9.4.jar:/users/Xinying/.m2/repository/org/slf4j/slf4j-simple/1.7.25/slf4j-simple-1.7.25.jar:/users/Xinying/.m2/repository/org/codehaus/jackson/jackson-core-asl/1.9.4/jackson-core-asl-1.9.4.jar:/users/Xinying/ozonedb/ycsb/core/target/core-0.18.0-SNAPSHOT.jar site.ycsb.Client -db site.ycsb.db.OzoneDBClient -threads 16 -s -P /users/Xinying/ozonedb/ycsb/workloads/generated_workloads/workloadd_1KB_1000000_1000000 -p status.interval=1 -p maxexecutiontime=120 -p operationcount=0 -p shared_config=/users/Xinying/ozonedb/src/config/local/shared_config_rocksdb.json -t
Command line: -db site.ycsb.db.OzoneDBClient -threads 16 -s -P /users/Xinying/ozonedb/ycsb/workloads/generated_workloads/workloadd_1KB_1000000_1000000 -p status.interval=1 -p maxexecutiontime=120 -p operationcount=0 -p shared_config=/users/Xinying/ozonedb/src/config/local/shared_config_rocksdb.json -t
YCSB Client 0.18.0-SNAPSHOT

Loading workload...
Starting test.
SLF4J: Class path contains multiple SLF4J bindings.
SLF4J: Found binding in [jar:file:/users/Xinying/.m2/repository/ch/qos/logback/logback-classic/1.2.3/logback-classic-1.2.3.jar!/org/slf4j/impl/StaticLoggerBinder.class]
SLF4J: Found binding in [jar:file:/users/Xinying/.m2/repository/org/slf4j/slf4j-simple/1.7.25/slf4j-simple-1.7.25.jar!/org/slf4j/impl/StaticLoggerBinder.class]
SLF4J: See http://www.slf4j.org/codes.html#multiple_bindings for an explanation.
SLF4J: Actual binding is of type [ch.qos.logback.classic.util.ContextSelectorStaticBinder]
Maximum execution time specified as: 120 secs
2026-04-28 07:38:15:472 0 sec: 0 operations; 
2026-04-28 07:38:16:472 1 sec: 0 operations; 
DBWrapper: report latency for each error is false and specific error codes to track for latency are: []
2026-04-28 07:38:17:472 2 sec: 19890 operations; 19890 current ops/sec; [READ: Count=11935, Max=520959, Min=3, Avg=762.86, 90=151, 99=645, 99.9=503807, 99.99=518399] [INSERT: Count=1098, Max=267263, Min=178, Avg=542.84, 90=415, 99=988, 99.9=5167, 99.99=267263] [READ-FAILED: Count=8630, Max=4911, Min=36, Avg=90.58, 90=158, 99=612, 99.9=2011, 99.99=4911] 
2026-04-28 07:38:18:472 3 sec: 233695 operations; 213805 current ops/sec; [READ: Count=110516, Max=27615, Min=3, Avg=70.02, 90=105, 99=175, 99.9=9759, 99.99=25535] [INSERT: Count=10613, Max=7127, Min=156, Avg=220.23, 90=264, 99=328, 99.9=387, 99.99=1029] [READ-FAILED: Count=92050, Max=23423, Min=35, Avg=56.85, 90=80, 99=150, 99.9=264, 99.99=4199] 
2026-04-28 07:38:19:472 4 sec: 466382 operations; 232687 current ops/sec; [READ: Count=123699, Max=62303, Min=3, Avg=57.64, 90=97, 99=163, 99.9=7431, 99.99=27343] [INSERT: Count=11814, Max=72319, Min=150, Avg=254.22, 90=247, 99=322, 99.9=4021, 99.99=70015] [READ-FAILED: Count=96947, Max=28991, Min=35, Avg=55.26, 90=75, 99=149, 99.9=371, 99.99=3337] 
2026-04-28 07:38:20:472 5 sec: 725005 operations; 258623 current ops/sec; [READ: Count=131203, Max=27807, Min=3, Avg=49.82, 90=100, 99=152, 99.9=4655, 99.99=18623] [INSERT: Count=13013, Max=7699, Min=150, Avg=222.01, 90=253, 99=333, 99.9=4663, 99.99=7551] [READ-FAILED: Count=114206, Max=8783, Min=34, Avg=52.84, 90=72, 99=112, 99.9=210, 99.99=1167] 
2026-04-28 07:38:21:472 6 sec: 964932 operations; 239927 current ops/sec; [READ: Count=124749, Max=21567, Min=3, Avg=47.3, 90=100, 99=155, 99.9=4591, 99.99=16399] [INSERT: Count=11995, Max=63103, Min=140, Avg=340.3, 90=260, 99=883, 99.9=62591, 99.99=62975] [READ-FAILED: Count=103316, Max=6131, Min=35, Avg=53.76, 90=73, 99=119, 99.9=242, 99.99=3025] 
2026-04-28 07:38:22:472 7 sec: 1208059 operations; 243127 current ops/sec; [READ: Count=123829, Max=86527, Min=3, Avg=54.49, 90=99, 99=157, 99.9=4187, 99.99=25455] [INSERT: Count=12236, Max=3523, Min=136, Avg=193.3, 90=233, 99=301, 99.9=399, 99.99=1339] [READ-FAILED: Count=106728, Max=72959, Min=35, Avg=56.53, 90=73, 99=131, 99.9=304, 99.99=7759] 
2026-04-28 07:38:23:472 8 sec: 1463425 operations; 255366 current ops/sec; [READ: Count=142194, Max=453631, Min=3, Avg=51.34, 90=100, 99=157, 99.9=3757, 99.99=11327] [INSERT: Count=12736, Max=82879, Min=132, Avg=212.98, 90=232, 99=313, 99.9=1300, 99.99=73983] [READ-FAILED: Count=100430, Max=32831, Min=37, Avg=58.03, 90=80, 99=125, 99.9=210, 99.99=995] 
2026-04-28 07:38:24:472 9 sec: 1689808 operations; 226383 current ops/sec; [READ: Count=116684, Max=158719, Min=3, Avg=58.26, 90=99, 99=156, 99.9=4195, 99.99=25231] [INSERT: Count=11306, Max=12375, Min=143, Avg=204.87, 90=245, 99=312, 99.9=418, 99.99=5931] [READ-FAILED: Count=98224, Max=147327, Min=37, Avg=65.25, 90=74, 99=123, 99.9=233, 99.99=12359] 
2026-04-28 07:38:25:472 10 sec: 1961910 operations; 272102 current ops/sec; [READ: Count=138326, Max=27119, Min=3, Avg=44.65, 90=95, 99=151, 99.9=4835, 99.99=16591] [INSERT: Count=13549, Max=6755, Min=139, Avg=197.72, 90=237, 99=303, 99.9=383, 99.99=2433] [READ-FAILED: Count=120654, Max=13871, Min=36, Avg=54.67, 90=74, 99=124, 99.9=234, 99.99=1610] 
2026-04-28 07:38:26:472 11 sec: 2157678 operations; 195768 current ops/sec; [READ: Count=104243, Max=22223, Min=3, Avg=45.65, 90=96, 99=159, 99.9=4939, 99.99=17103] [INSERT: Count=9885, Max=88895, Min=149, Avg=595.01, 90=853, 99=1298, 99.9=87551, 99.99=88895] [READ-FAILED: Count=80920, Max=15055, Min=37, Avg=57.49, 90=76, 99=143, 99.9=767, 99.99=3527] 
2026-04-28 07:38:27:472 12 sec: 2387223 operations; 229545 current ops/sec; [READ: Count=119260, Max=75135, Min=3, Avg=60.43, 90=102, 99=164, 99.9=5915, 99.99=57983] [INSERT: Count=11599, Max=7747, Min=147, Avg=237.75, 90=276, 99=950, 99.9=1273, 99.99=7171] [READ-FAILED: Count=99300, Max=2233, Min=39, Avg=59.03, 90=82, 99=139, 99.9=265, 99.99=832] 
2026-04-28 07:38:28:472 13 sec: 2638674 operations; 251451 current ops/sec; [READ: Count=131390, Max=23919, Min=3, Avg=48.69, 90=98, 99=151, 99.9=4699, 99.99=13559] [INSERT: Count=12618, Max=43743, Min=146, Avg=239.47, 90=239, 99=299, 99.9=26351, 99.99=42719] [READ-FAILED: Count=107146, Max=11319, Min=39, Avg=56.45, 90=75, 99=128, 99.9=239, 99.99=1747] 
2026-04-28 07:38:29:472 14 sec: 2901398 operations; 262724 current ops/sec; [READ: Count=134837, Max=20895, Min=3, Avg=47.66, 90=99, 99=152, 99.9=4819, 99.99=14927] [INSERT: Count=13088, Max=10687, Min=144, Avg=196.8, 90=234, 99=303, 99.9=386, 99.99=6539] [READ-FAILED: Count=114774, Max=8607, Min=38, Avg=56.2, 90=75, 99=121, 99.9=223, 99.99=1796] 
2026-04-28 07:38:30:472 15 sec: 3168899 operations; 267501 current ops/sec; [READ: Count=140045, Max=13215, Min=3, Avg=42.44, 90=97, 99=147, 99.9=4263, 99.99=10975] [INSERT: Count=13054, Max=32543, Min=142, Avg=219.91, 90=236, 99=298, 99.9=1820, 99.99=31359] [READ-FAILED: Count=114191, Max=11511, Min=28, Avg=55.64, 90=74, 99=118, 99.9=257, 99.99=1161] 
2026-04-28 07:38:31:472 16 sec: 3356311 operations; 187412 current ops/sec; [READ: Count=100012, Max=96639, Min=3, Avg=59.4, 90=103, 99=164, 99.9=5411, 99.99=80383] [INSERT: Count=9445, Max=86207, Min=142, Avg=481.73, 90=665, 99=1346, 99.9=83711, 99.99=86207] [READ-FAILED: Count=77961, Max=95487, Min=39, Avg=66.08, 90=83, 99=151, 99.9=759, 99.99=4663] 
2026-04-28 07:38:32:472 17 sec: 3575775 operations; 219464 current ops/sec; [READ: Count=115759, Max=537599, Min=3, Avg=64.13, 90=106, 99=168, 99.9=4763, 99.99=13535] [INSERT: Count=11015, Max=2067, Min=146, Avg=223.27, 90=253, 99=802, 99.9=1407, 99.99=1990] [READ-FAILED: Count=92833, Max=10031, Min=41, Avg=63.75, 90=87, 99=146, 99.9=320, 99.99=2083] 
2026-04-28 07:38:33:472 18 sec: 3808787 operations; 233012 current ops/sec; [READ: Count=123160, Max=15079, Min=3, Avg=52.15, 90=105, 99=167, 99.9=4787, 99.99=11703] [INSERT: Count=11702, Max=39999, Min=149, Avg=239.01, 90=245, 99=318, 99.9=24383, 99.99=39839] [READ-FAILED: Count=97870, Max=2285, Min=26, Avg=61.1, 90=82, 99=135, 99.9=300, 99.99=1322] 
2026-04-28 07:38:34:472 19 sec: 4027920 operations; 219133 current ops/sec; [READ: Count=115274, Max=152959, Min=3, Avg=63.41, 90=102, 99=163, 99.9=5315, 99.99=114431] [INSERT: Count=10913, Max=8687, Min=149, Avg=207.13, 90=247, 99=315, 99.9=471, 99.99=2417] [READ-FAILED: Count=93260, Max=145279, Min=39, Avg=67.49, 90=84, 99=135, 99.9=335, 99.99=2309] 
2026-04-28 07:38:35:472 20 sec: 4283212 operations; 255292 current ops/sec; [READ: Count=132414, Max=23743, Min=3, Avg=47.41, 90=99, 99=156, 99.9=4583, 99.99=15735] [INSERT: Count=12654, Max=7795, Min=147, Avg=205.36, 90=244, 99=310, 99.9=420, 99.99=7795] [READ-FAILED: Count=110157, Max=13687, Min=41, Avg=59.86, 90=80, 99=124, 99.9=273, 99.99=3397] 
2026-04-28 07:38:36:472 21 sec: 4490616 operations; 207404 current ops/sec; [READ: Count=111734, Max=15423, Min=3, Avg=45.97, 90=104, 99=169, 99.9=4111, 99.99=11735] [INSERT: Count=10404, Max=82047, Min=148, Avg=464.57, 90=652, 99=1299, 99.9=75519, 99.99=81791] [READ-FAILED: Count=85054, Max=10815, Min=40, Avg=64.31, 90=87, 99=145, 99.9=446, 99.99=3099] 
2026-04-28 07:38:37:472 22 sec: 4699019 operations; 208403 current ops/sec; [READ: Count=111132, Max=87423, Min=3, Avg=63.45, 90=109, 99=173, 99.9=4515, 99.99=39935] [INSERT: Count=10392, Max=4025, Min=140, Avg=266.74, 90=521, 99=1106, 99.9=1390, 99.99=1528] [READ-FAILED: Count=87163, Max=71487, Min=37, Avg=67.34, 90=92, 99=147, 99.9=357, 99.99=1291] 
2026-04-28 07:38:38:472 23 sec: 4940402 operations; 241383 current ops/sec; [READ: Count=128455, Max=18159, Min=3, Avg=50.15, 90=103, 99=160, 99.9=4363, 99.99=12991] [INSERT: Count=12070, Max=43967, Min=139, Avg=232.13, 90=236, 99=302, 99.9=11431, 99.99=40671] [READ-FAILED: Count=100708, Max=9159, Min=43, Avg=61.76, 90=83, 99=130, 99.9=225, 99.99=2933] 
2026-04-28 07:38:39:472 24 sec: 5186994 operations; 246592 current ops/sec; [READ: Count=129583, Max=19663, Min=3, Avg=49.64, 90=105, 99=164, 99.9=4779, 99.99=11999] [INSERT: Count=12386, Max=7483, Min=139, Avg=195.24, 90=233, 99=296, 99.9=362, 99.99=2877] [READ-FAILED: Count=104760, Max=2943, Min=43, Avg=63.66, 90=87, 99=135, 99.9=256, 99.99=2179] 
2026-04-28 07:38:40:472 25 sec: 5438868 operations; 251874 current ops/sec; [READ: Count=131869, Max=12871, Min=3, Avg=46.42, 90=104, 99=161, 99.9=4479, 99.99=9791] [INSERT: Count=12540, Max=7307, Min=142, Avg=204.63, 90=239, 99=313, 99.9=2887, 99.99=4547] [READ-FAILED: Count=107311, Max=8147, Min=43, Avg=63.14, 90=85, 99=126, 99.9=235, 99.99=2533] 
2026-04-28 07:38:41:472 26 sec: 5654744 operations; 215876 current ops/sec; [READ: Count=120735, Max=38623, Min=3, Avg=45.62, 90=104, 99=167, 99.9=3881, 99.99=13831] [INSERT: Count=10806, Max=84991, Min=143, Avg=416.77, 90=305, 99=1207, 99.9=83775, 99.99=84927] [READ-FAILED: Count=84201, Max=6291, Min=43, Avg=64.85, 90=87, 99=137, 99.9=355, 99.99=3313] 
2026-04-28 07:38:42:472 27 sec: 5836859 operations; 182115 current ops/sec; [READ: Count=99377, Max=528895, Min=3, Avg=74.31, 90=112, 99=183, 99.9=5871, 99.99=60447] [INSERT: Count=9137, Max=9999, Min=149, Avg=289.04, 90=576, 99=1178, 99.9=3063, 99.99=9999] [READ-FAILED: Count=73786, Max=66559, Min=45, Avg=77.16, 90=101, 99=174, 99.9=463, 99.99=9295] 
2026-04-28 07:38:43:472 28 sec: 6064489 operations; 227630 current ops/sec; [READ: Count=123014, Max=11815, Min=4, Avg=52.34, 90=109, 99=176, 99.9=4059, 99.99=9567] [INSERT: Count=11244, Max=44095, Min=143, Avg=237.11, 90=242, 99=305, 99.9=12767, 99.99=42751] [READ-FAILED: Count=93294, Max=30399, Min=39, Avg=68.03, 90=93, 99=140, 99.9=264, 99.99=2609] 
2026-04-28 07:38:44:472 29 sec: 6275075 operations; 210586 current ops/sec; [READ: Count=112225, Max=150783, Min=3, Avg=57.8, 90=104, 99=169, 99.9=4747, 99.99=15703] [INSERT: Count=10518, Max=46463, Min=142, Avg=199.83, 90=232, 99=293, 99.9=506, 99.99=10351] [READ-FAILED: Count=87877, Max=140799, Min=44, Avg=79.83, 90=91, 99=151, 99.9=317, 99.99=102143] 
2026-04-28 07:38:45:472 30 sec: 6523913 operations; 248838 current ops/sec; [READ: Count=131283, Max=15287, Min=3, Avg=47.67, 90=102, 99=163, 99.9=5399, 99.99=12087] [INSERT: Count=12238, Max=2567, Min=140, Avg=194.47, 90=231, 99=292, 99.9=454, 99.99=2553] [READ-FAILED: Count=105358, Max=8519, Min=44, Avg=65.17, 90=88, 99=139, 99.9=251, 99.99=2383] 
2026-04-28 07:38:46:472 31 sec: 6745152 operations; 221239 current ops/sec; [READ: Count=119042, Max=15223, Min=3, Avg=46.29, 90=103, 99=170, 99.9=4619, 99.99=11263] [INSERT: Count=11088, Max=46783, Min=139, Avg=242.24, 90=238, 99=326, 99.9=29567, 99.99=44287] [READ-FAILED: Count=90910, Max=3319, Min=6, Avg=67.09, 90=91, 99=148, 99.9=436, 99.99=3119] 
2026-04-28 07:38:47:472 32 sec: 6930955 operations; 185803 current ops/sec; [READ: Count=101801, Max=79615, Min=3, Avg=61.52, 90=111, 99=178, 99.9=3955, 99.99=40895] [INSERT: Count=9255, Max=80959, Min=150, Avg=533.35, 90=794, 99=1275, 99.9=80319, 99.99=80959] [READ-FAILED: Count=74927, Max=65855, Min=46, Avg=75.19, 90=98, 99=163, 99.9=374, 99.99=3077] 
2026-04-28 07:38:48:472 33 sec: 7164678 operations; 233723 current ops/sec; [READ: Count=124639, Max=15647, Min=4, Avg=53.06, 90=106, 99=166, 99.9=4991, 99.99=11839] [INSERT: Count=11736, Max=9375, Min=142, Avg=203.28, 90=238, 99=303, 99.9=402, 99.99=8639] [READ-FAILED: Count=97330, Max=7183, Min=46, Avg=67.28, 90=90, 99=146, 99.9=294, 99.99=2879] 
2026-04-28 07:38:49:472 34 sec: 7401042 operations; 236364 current ops/sec; [READ: Count=128549, Max=11983, Min=4, Avg=48.4, 90=106, 99=164, 99.9=4243, 99.99=9239] [INSERT: Count=11701, Max=41567, Min=153, Avg=240.3, 90=245, 99=312, 99.9=24479, 99.99=37535] [READ-FAILED: Count=96089, Max=4915, Min=46, Avg=67.06, 90=90, 99=136, 99.9=236, 99.99=2317] 
2026-04-28 07:38:50:472 35 sec: 7637817 operations; 236775 current ops/sec; [READ: Count=126276, Max=20783, Min=4, Avg=50.17, 90=106, 99=167, 99.9=4675, 99.99=15975] [INSERT: Count=11821, Max=11599, Min=147, Avg=208.42, 90=244, 99=299, 99.9=377, 99.99=10623] [READ-FAILED: Count=98580, Max=9471, Min=41, Avg=68.11, 90=91, 99=149, 99.9=345, 99.99=2969] 
2026-04-28 07:38:51:472 36 sec: 7876527 operations; 238710 current ops/sec; [READ: Count=136264, Max=13983, Min=3, Avg=45.87, 90=107, 99=173, 99.9=4575, 99.99=10599] [INSERT: Count=11984, Max=82687, Min=151, Avg=240.34, 90=251, 99=326, 99.9=4623, 99.99=70207] [READ-FAILED: Count=90469, Max=5947, Min=47, Avg=70.65, 90=94, 99=150, 99.9=439, 99.99=4563] 
2026-04-28 07:38:52:472 37 sec: 8048430 operations; 171903 current ops/sec; [READ: Count=94700, Max=87359, Min=3, Avg=63.65, 90=116, 99=189, 99.9=4567, 99.99=68607] [INSERT: Count=8566, Max=81855, Min=158, Avg=449.89, 90=584, 99=1233, 99.9=81535, 99.99=81855] [READ-FAILED: Count=68691, Max=75391, Min=48, Avg=79.37, 90=106, 99=188, 99.9=587, 99.99=1797] 
2026-04-28 07:38:53:472 38 sec: 8266009 operations; 217579 current ops/sec; [READ: Count=117543, Max=435967, Min=4, Avg=60.98, 90=108, 99=172, 99.9=4751, 99.99=11759] [INSERT: Count=10973, Max=11167, Min=156, Avg=210.14, 90=243, 99=301, 99.9=400, 99.99=5307] [READ-FAILED: Count=89056, Max=8791, Min=49, Avg=71.7, 90=96, 99=158, 99.9=291, 99.99=2539] 
2026-04-28 07:38:54:472 39 sec: 8455206 operations; 189197 current ops/sec; [READ: Count=110462, Max=158719, Min=4, Avg=62.63, 90=109, 99=180, 99.9=4411, 99.99=14575] [INSERT: Count=9427, Max=95871, Min=157, Avg=294.86, 90=255, 99=332, 99.9=9215, 99.99=95871] [READ-FAILED: Count=69373, Max=146815, Min=48, Avg=85.36, 90=100, 99=159, 99.9=298, 99.99=9759] 
2026-04-28 07:38:55:472 40 sec: 8696110 operations; 240904 current ops/sec; [READ: Count=128597, Max=19759, Min=3, Avg=47.48, 90=103, 99=163, 99.9=4683, 99.99=11871] [INSERT: Count=12099, Max=8247, Min=151, Avg=206.71, 90=243, 99=307, 99.9=401, 99.99=5627] [READ-FAILED: Count=100268, Max=11471, Min=15, Avg=68.73, 90=92, 99=138, 99.9=282, 99.99=2409] 
2026-04-28 07:38:56:472 41 sec: 8935903 operations; 239793 current ops/sec; [READ: Count=128716, Max=19119, Min=4, Avg=47.13, 90=104, 99=167, 99.9=4555, 99.99=13527] [INSERT: Count=11940, Max=2991, Min=151, Avg=209, 90=248, 99=311, 99.9=540, 99.99=2943] [READ-FAILED: Count=99114, Max=5787, Min=47, Avg=70.02, 90=94, 99=140, 99.9=296, 99.99=2883] 
2026-04-28 07:38:57:472 42 sec: 9095850 operations; 159947 current ops/sec; [READ: Count=91593, Max=77567, Min=4, Avg=56.71, 90=113, 99=187, 99.9=3867, 99.99=16447] [INSERT: Count=7825, Max=80063, Min=141, Avg=706.55, 90=923, 99=1642, 99.9=79167, 99.99=80063] [READ-FAILED: Count=60566, Max=70143, Min=48, Avg=81.79, 90=104, 99=169, 99.9=485, 99.99=23375] 
2026-04-28 07:38:58:472 43 sec: 9313768 operations; 217918 current ops/sec; [READ: Count=118567, Max=18175, Min=4, Avg=57.34, 90=111, 99=178, 99.9=4499, 99.99=12447] [INSERT: Count=10739, Max=2835, Min=143, Avg=200.84, 90=236, 99=301, 99.9=2045, 99.99=2813] [READ-FAILED: Count=88562, Max=7995, Min=46, Avg=74.3, 90=101, 99=158, 99.9=282, 99.99=2683] 
2026-04-28 07:38:59:472 44 sec: 9538541 operations; 224773 current ops/sec; [READ: Count=122187, Max=15367, Min=4, Avg=52.21, 90=108, 99=168, 99.9=5243, 99.99=9863] [INSERT: Count=11287, Max=12127, Min=147, Avg=208.95, 90=242, 99=304, 99.9=406, 99.99=9815] [READ-FAILED: Count=91162, Max=7871, Min=50, Avg=72.07, 90=96, 99=143, 99.9=234, 99.99=3365] 
2026-04-28 07:39:00:472 45 sec: 9766056 operations; 227515 current ops/sec; [READ: Count=126846, Max=33279, Min=4, Avg=50.7, 90=110, 99=172, 99.9=4863, 99.99=11151] [INSERT: Count=11435, Max=66815, Min=150, Avg=238.73, 90=241, 99=305, 99.9=22303, 99.99=64831] [READ-FAILED: Count=89368, Max=13415, Min=35, Avg=73.74, 90=99, 99=151, 99.9=339, 99.99=3001] 
2026-04-28 07:39:01:472 46 sec: 10003918 operations; 237862 current ops/sec; [READ: Count=128433, Max=16047, Min=4, Avg=47.93, 90=108, 99=167, 99.9=4827, 99.99=9399] [INSERT: Count=11885, Max=2251, Min=146, Avg=200.18, 90=238, 99=300, 99.9=392, 99.99=2063] [READ-FAILED: Count=97512, Max=9783, Min=51, Avg=71.53, 90=96, 99=137, 99.9=259, 99.99=2295] 
2026-04-28 07:39:02:472 47 sec: 10198605 operations; 194687 current ops/sec; [READ: Count=113807, Max=15615, Min=4, Avg=48.02, 90=113, 99=181, 99.9=3787, 99.99=11799] [INSERT: Count=9844, Max=85567, Min=145, Avg=479.56, 90=633, 99=1200, 99.9=81855, 99.99=85567] [READ-FAILED: Count=71107, Max=4207, Min=51, Avg=76.07, 90=103, 99=152, 99.9=319, 99.99=2805] 
2026-04-28 07:39:03:472 48 sec: 10397677 operations; 199072 current ops/sec; [READ: Count=109856, Max=422143, Min=4, Avg=65.5, 90=112, 99=180, 99.9=4767, 99.99=31775] [INSERT: Count=9884, Max=4799, Min=150, Avg=202.35, 90=236, 99=298, 99.9=443, 99.99=4799] [READ-FAILED: Count=79298, Max=62143, Min=51, Avg=80.5, 90=103, 99=161, 99.9=321, 99.99=4967] 
2026-04-28 07:39:04:472 49 sec: 10616094 operations; 218417 current ops/sec; [READ: Count=119316, Max=37727, Min=4, Avg=55.04, 90=111, 99=182, 99.9=5059, 99.99=10831] [INSERT: Count=10899, Max=2961, Min=149, Avg=205.08, 90=243, 99=302, 99.9=403, 99.99=2875] [READ-FAILED: Count=88281, Max=4531, Min=52, Avg=76.5, 90=103, 99=156, 99.9=460, 99.99=2837] 
2026-04-28 07:39:05:472 50 sec: 10808878 operations; 192591.41 current ops/sec; [READ: Count=107597, Max=144383, Min=4, Avg=61.57, 90=109, 99=179, 99.9=5143, 99.99=12935] [INSERT: Count=9556, Max=44095, Min=142, Avg=246.25, 90=243, 99=316, 99.9=29583, 99.99=44095] [READ-FAILED: Count=75624, Max=141823, Min=51, Avg=87.7, 90=104, 99=160, 99.9=330, 99.99=7375] 
2026-04-28 07:39:06:472 51 sec: 11036153 operations; 227502.5 current ops/sec; [READ: Count=123311, Max=15271, Min=4, Avg=49.63, 90=108, 99=176, 99.9=5179, 99.99=11239] [INSERT: Count=11521, Max=6307, Min=147, Avg=204, 90=242, 99=306, 99.9=693, 99.99=2299] [READ-FAILED: Count=92347, Max=4211, Min=52, Avg=76.23, 90=103, 99=155, 99.9=489, 99.99=1337] 
2026-04-28 07:39:07:472 52 sec: 11215486 operations; 179333 current ops/sec; [READ: Count=99875, Max=15127, Min=4, Avg=50.82, 90=110, 99=179, 99.9=4807, 99.99=12535] [INSERT: Count=8965, Max=78655, Min=151, Avg=574.95, 90=904, 99=1397, 99.9=77823, 99.99=78655] [READ-FAILED: Count=70468, Max=8527, Min=52, Avg=76.66, 90=102, 99=161, 99.9=684, 99.99=2265] 
2026-04-28 07:39:08:472 53 sec: 11406757 operations; 191271 current ops/sec; [READ: Count=107405, Max=77503, Min=4, Avg=60.08, 90=119, 99=194, 99.9=4871, 99.99=27759] [INSERT: Count=9588, Max=44671, Min=154, Avg=285.85, 90=283, 99=997, 99.9=27631, 99.99=44671] [READ-FAILED: Count=74372, Max=65183, Min=47, Avg=86.25, 90=112, 99=179, 99.9=676, 99.99=4767] 
2026-04-28 07:39:09:472 54 sec: 11621242 operations; 214485 current ops/sec; [READ: Count=119111, Max=16263, Min=4, Avg=55.76, 90=113, 99=178, 99.9=3757, 99.99=10223] [INSERT: Count=10601, Max=3033, Min=152, Avg=207.31, 90=242, 99=299, 99.9=467, 99.99=2995] [READ-FAILED: Count=84704, Max=8623, Min=53, Avg=79.13, 90=106, 99=159, 99.9=312, 99.99=3027] 
2026-04-28 07:39:10:472 55 sec: 11840365 operations; 219123 current ops/sec; [READ: Count=120094, Max=13823, Min=4, Avg=53.45, 90=111, 99=176, 99.9=4819, 99.99=9895] [INSERT: Count=11026, Max=3309, Min=152, Avg=209.12, 90=245, 99=304, 99.9=389, 99.99=3193] [READ-FAILED: Count=88002, Max=4243, Min=30, Avg=77.51, 90=104, 99=155, 99.9=273, 99.99=2351] 
2026-04-28 07:39:11:472 56 sec: 12064704 operations; 224339 current ops/sec; [READ: Count=129323, Max=12623, Min=4, Avg=49.27, 90=110, 99=177, 99.9=4175, 99.99=10423] [INSERT: Count=11461, Max=82175, Min=146, Avg=236.2, 90=244, 99=320, 99.9=2441, 99.99=71487] [READ-FAILED: Count=83850, Max=6107, Min=54, Avg=77.34, 90=104, 99=148, 99.9=258, 99.99=2971] 
2026-04-28 07:39:12:472 57 sec: 12258322 operations; 193618 current ops/sec; [READ: Count=107650, Max=16367, Min=4, Avg=51.25, 90=112, 99=183, 99.9=3941, 99.99=10983] [INSERT: Count=9691, Max=78079, Min=144, Avg=423.99, 90=612, 99=1223, 99.9=76671, 99.99=78079] [READ-FAILED: Count=76047, Max=4339, Min=54, Avg=78.33, 90=105, 99=161, 99.9=355, 99.99=2401] 
2026-04-28 07:39:13:472 58 sec: 12476973 operations; 218651 current ops/sec; [READ: Count=121877, Max=12967, Min=4, Avg=50.23, 90=111, 99=173, 99.9=4567, 99.99=10159] [INSERT: Count=11096, Max=41407, Min=149, Avg=245.27, 90=243, 99=312, 99.9=24031, 99.99=41119] [READ-FAILED: Count=85712, Max=7391, Min=54, Avg=78.27, 90=103, 99=153, 99.9=379, 99.99=4611] 
2026-04-28 07:39:14:472 59 sec: 12670817 operations; 193844 current ops/sec; [READ: Count=107495, Max=256639, Min=4, Avg=62.61, 90=115, 99=188, 99.9=4763, 99.99=22879] [INSERT: Count=9900, Max=9479, Min=153, Avg=207.4, 90=244, 99=303, 99.9=427, 99.99=9479] [READ-FAILED: Count=76374, Max=62527, Min=55, Avg=85.9, 90=110, 99=172, 99.9=692, 99.99=2647] 
2026-04-28 07:39:15:472 60 sec: 12875847 operations; 205030 current ops/sec; [READ: Count=113930, Max=444159, Min=4, Avg=60.79, 90=117, 99=193, 99.9=4355, 99.99=9695] [INSERT: Count=10367, Max=7415, Min=147, Avg=206.45, 90=244, 99=305, 99.9=399, 99.99=5727] [READ-FAILED: Count=80764, Max=6391, Min=57, Avg=83.51, 90=113, 99=166, 99.9=299, 99.99=3525] 
2026-04-28 07:39:16:472 61 sec: 13065415 operations; 189568 current ops/sec; [READ: Count=113367, Max=151039, Min=4, Avg=60.45, 90=111, 99=183, 99.9=4507, 99.99=13167] [INSERT: Count=9586, Max=95103, Min=146, Avg=248.99, 90=239, 99=311, 99.9=4587, 99.99=95103] [READ-FAILED: Count=66545, Max=153087, Min=56, Avg=95.58, 90=111, 99=173, 99.9=585, 99.99=8735] 
2026-04-28 07:39:17:472 62 sec: 13254171 operations; 188756 current ops/sec; [READ: Count=104977, Max=19999, Min=4, Avg=52.8, 90=112, 99=184, 99.9=4847, 99.99=13647] [INSERT: Count=9431, Max=77375, Min=149, Avg=428.18, 90=628, 99=1188, 99.9=73471, 99.99=77375] [READ-FAILED: Count=74331, Max=5067, Min=24, Avg=81.09, 90=109, 99=161, 99.9=362, 99.99=3029] 
2026-04-28 07:39:18:472 63 sec: 13451972 operations; 197801 current ops/sec; [READ: Count=110504, Max=14887, Min=4, Avg=53.69, 90=118, 99=190, 99.9=4427, 99.99=10039] [INSERT: Count=9981, Max=10735, Min=144, Avg=318.16, 90=675, 99=1350, 99.9=2975, 99.99=10735] [READ-FAILED: Count=77300, Max=3529, Min=56, Avg=83.79, 90=115, 99=170, 99.9=338, 99.99=2661] 
2026-04-28 07:39:19:472 64 sec: 13666911 operations; 214939 current ops/sec; [READ: Count=120736, Max=15543, Min=4, Avg=51.12, 90=114, 99=186, 99.9=4479, 99.99=10815] [INSERT: Count=10843, Max=45343, Min=145, Avg=237.46, 90=236, 99=305, 99.9=29647, 99.99=44767] [READ-FAILED: Count=83401, Max=6651, Min=53, Avg=81.77, 90=110, 99=167, 99.9=586, 99.99=3155] 
2026-04-28 07:39:20:472 65 sec: 13864107 operations; 197196 current ops/sec; [READ: Count=109900, Max=72703, Min=4, Avg=63.82, 90=115, 99=189, 99.9=5023, 99.99=29215] [INSERT: Count=9895, Max=2135, Min=145, Avg=195.97, 90=231, 99=289, 99.9=352, 99.99=2135] [READ-FAILED: Count=77397, Max=61119, Min=55, Avg=85.77, 90=112, 99=181, 99.9=623, 99.99=2175] 
2026-04-28 07:39:21:472 66 sec: 14076204 operations; 212097 current ops/sec; [READ: Count=118152, Max=13247, Min=4, Avg=54.74, 90=114, 99=181, 99.9=4499, 99.99=10263] [INSERT: Count=10474, Max=2233, Min=151, Avg=204.46, 90=240, 99=301, 99.9=422, 99.99=2197] [READ-FAILED: Count=83466, Max=9071, Min=58, Avg=83.22, 90=112, 99=165, 99.9=325, 99.99=1953] 
2026-04-28 07:39:22:472 67 sec: 14260344 operations; 184140 current ops/sec; [READ: Count=105323, Max=11207, Min=4, Avg=53.36, 90=115, 99=187, 99.9=4463, 99.99=9359] [INSERT: Count=9237, Max=80511, Min=144, Avg=447.65, 90=537, 99=1248, 99.9=79679, 99.99=80511] [READ-FAILED: Count=69578, Max=6039, Min=58, Avg=84.32, 90=113, 99=171, 99.9=366, 99.99=4119] 
2026-04-28 07:39:23:472 68 sec: 14466083 operations; 205739 current ops/sec; [READ: Count=114929, Max=12839, Min=4, Avg=54.82, 90=118, 99=188, 99.9=4623, 99.99=10127] [INSERT: Count=10354, Max=2567, Min=146, Avg=231.05, 90=260, 99=1015, 99.9=2287, 99.99=2543] [READ-FAILED: Count=80439, Max=5551, Min=58, Avg=85.43, 90=116, 99=167, 99.9=341, 99.99=2321] 
2026-04-28 07:39:24:472 69 sec: 14682882 operations; 216799 current ops/sec; [READ: Count=120496, Max=17759, Min=4, Avg=52.51, 90=114, 99=181, 99.9=4707, 99.99=10927] [INSERT: Count=10888, Max=2077, Min=147, Avg=200.7, 90=237, 99=298, 99.9=403, 99.99=1922] [READ-FAILED: Count=85465, Max=9519, Min=58, Avg=82.41, 90=111, 99=159, 99.9=278, 99.99=1968] 
2026-04-28 07:39:25:472 70 sec: 14880749 operations; 197867 current ops/sec; [READ: Count=118656, Max=75839, Min=4, Avg=58.92, 90=117, 99=199, 99.9=4587, 99.99=57343] [INSERT: Count=9754, Max=80127, Min=146, Avg=243.11, 90=250, 99=324, 99.9=2303, 99.99=80127] [READ-FAILED: Count=69499, Max=4659, Min=58, Avg=87.52, 90=118, 99=180, 99.9=598, 99.99=4479] 
2026-04-28 07:39:26:472 71 sec: 15076610 operations; 195861 current ops/sec; [READ: Count=110353, Max=300543, Min=4, Avg=63.78, 90=119, 99=195, 99.9=4327, 99.99=10031] [INSERT: Count=9863, Max=2709, Min=144, Avg=201.1, 90=236, 99=294, 99.9=398, 99.99=2709] [READ-FAILED: Count=75683, Max=9583, Min=60, Avg=88.85, 90=120, 99=175, 99.9=306, 99.99=2387] 
2026-04-28 07:39:27:472 72 sec: 15237121 operations; 160511 current ops/sec; [READ: Count=90866, Max=153983, Min=4, Avg=74.58, 90=117, 99=197, 99.9=4867, 99.99=110463] [INSERT: Count=8082, Max=73791, Min=143, Avg=374.9, 90=259, 99=1018, 99.9=73279, 99.99=73791] [READ-FAILED: Count=61412, Max=144511, Min=57, Avg=95.28, 90=117, 99=195, 99.9=796, 99.99=3761] 
2026-04-28 07:39:28:472 73 sec: 15409495 operations; 172374 current ops/sec; [READ: Count=102790, Max=18127, Min=4, Avg=57.92, 90=125, 99=205, 99.9=4107, 99.99=9783] [INSERT: Count=8699, Max=79679, Min=136, Avg=451.56, 90=834, 99=1299, 99.9=7879, 99.99=79679] [READ-FAILED: Count=61004, Max=6983, Min=60, Avg=94.42, 90=129, 99=193, 99.9=562, 99.99=3233] 
2026-04-28 07:39:29:472 74 sec: 15620986 operations; 211491 current ops/sec; [READ: Count=118202, Max=13975, Min=4, Avg=55.12, 90=116, 99=185, 99.9=5047, 99.99=11023] [INSERT: Count=10614, Max=4959, Min=137, Avg=188.51, 90=227, 99=283, 99.9=360, 99.99=2667] [READ-FAILED: Count=82615, Max=6175, Min=59, Avg=85.21, 90=115, 99=166, 99.9=372, 99.99=2425] 
2026-04-28 07:39:30:472 75 sec: 15836796 operations; 215810 current ops/sec; [READ: Count=120264, Max=15119, Min=4, Avg=53.39, 90=114, 99=181, 99.9=4871, 99.99=11527] [INSERT: Count=10802, Max=7411, Min=139, Avg=187.01, 90=224, 99=283, 99.9=361, 99.99=2877] [READ-FAILED: Count=84760, Max=7423, Min=56, Avg=83.97, 90=112, 99=160, 99.9=294, 99.99=2861] 
2026-04-28 07:39:31:472 76 sec: 16031353 operations; 194557 current ops/sec; [READ: Count=111394, Max=70783, Min=4, Avg=59.49, 90=119, 99=196, 99.9=4163, 99.99=31567] [INSERT: Count=9765, Max=43935, Min=142, Avg=245.06, 90=244, 99=309, 99.9=28079, 99.99=43935] [READ-FAILED: Count=73487, Max=58495, Min=59, Avg=89.63, 90=119, 99=179, 99.9=541, 99.99=3157] 
2026-04-28 07:39:32:472 77 sec: 16233261 operations; 201908 current ops/sec; [READ: Count=113897, Max=16135, Min=4, Avg=58.05, 90=118, 99=186, 99.9=4295, 99.99=9343] [INSERT: Count=10083, Max=1758, Min=151, Avg=204.97, 90=240, 99=307, 99.9=1138, 99.99=1631] [READ-FAILED: Count=77660, Max=3595, Min=62, Avg=87.5, 90=116, 99=169, 99.9=352, 99.99=1851] 
2026-04-28 07:39:33:472 78 sec: 16408576 operations; 175315 current ops/sec; [READ: Count=100432, Max=12199, Min=4, Avg=58.69, 90=121, 99=197, 99.9=4331, 99.99=9799] [INSERT: Count=8798, Max=74879, Min=151, Avg=435.12, 90=624, 99=1247, 99.9=74431, 99.99=74879] [READ-FAILED: Count=66273, Max=9623, Min=61, Avg=90.63, 90=124, 99=183, 99.9=422, 99.99=2010] 
2026-04-28 07:39:34:472 79 sec: 16611169 operations; 202593 current ops/sec; [READ: Count=118903, Max=11599, Min=4, Avg=54.36, 90=119, 99=190, 99.9=3759, 99.99=10103] [INSERT: Count=10242, Max=83007, Min=156, Avg=252.68, 90=247, 99=313, 99.9=13279, 99.99=81279] [READ-FAILED: Count=73452, Max=3641, Min=61, Avg=88.89, 90=120, 99=171, 99.9=406, 99.99=2143] 
2026-04-28 07:39:35:472 80 sec: 16820689 operations; 209520 current ops/sec; [READ: Count=117687, Max=15079, Min=4, Avg=54.06, 90=116, 99=182, 99.9=4619, 99.99=10303] [INSERT: Count=10649, Max=2593, Min=148, Avg=205.3, 90=241, 99=302, 99.9=484, 99.99=2549] [READ-FAILED: Count=81139, Max=9047, Min=61, Avg=86.45, 90=113, 99=164, 99.9=401, 99.99=2431] 
2026-04-28 07:39:36:472 81 sec: 17025493 operations; 204804 current ops/sec; [READ: Count=116867, Max=11719, Min=4, Avg=52.52, 90=118, 99=190, 99.9=3941, 99.99=8983] [INSERT: Count=10279, Max=43039, Min=146, Avg=241.46, 90=241, 99=308, 99.9=27759, 99.99=42143] [READ-FAILED: Count=77621, Max=7123, Min=62, Avg=89.51, 90=121, 99=165, 99.9=315, 99.99=3455] 
2026-04-28 07:39:37:472 82 sec: 17213743 operations; 188250 current ops/sec; [READ: Count=106997, Max=75263, Min=4, Avg=61.17, 90=123, 99=202, 99.9=3865, 99.99=35647] [INSERT: Count=9509, Max=3415, Min=142, Avg=206.02, 90=244, 99=316, 99.9=1849, 99.99=3415] [READ-FAILED: Count=71847, Max=68415, Min=61, Avg=96.6, 90=126, 99=183, 99.9=755, 99.99=3503] 
2026-04-28 07:39:38:472 83 sec: 17371752 operations; 158009 current ops/sec; [READ: Count=91676, Max=272895, Min=4, Avg=70.03, 90=129, 99=220, 99.9=4119, 99.99=10519] [INSERT: Count=7951, Max=77119, Min=144, Avg=448.54, 90=647, 99=1220, 99.9=76095, 99.99=77119] [READ-FAILED: Count=58366, Max=3657, Min=64, Avg=100.26, 90=138, 99=205, 99.9=696, 99.99=2415] 
2026-04-28 07:39:39:472 84 sec: 17547446 operations; 175694 current ops/sec; [READ: Count=100635, Max=141695, Min=4, Avg=68.13, 90=118, 99=191, 99.9=4551, 99.99=14055] [INSERT: Count=8759, Max=6623, Min=148, Avg=206.08, 90=240, 99=293, 99.9=455, 99.99=6623] [READ-FAILED: Count=66287, Max=143231, Min=63, Avg=105.32, 90=118, 99=185, 99.9=747, 99.99=101503] 
2026-04-28 07:39:40:472 85 sec: 17747330 operations; 199884 current ops/sec; [READ: Count=114671, Max=12135, Min=4, Avg=55.17, 90=118, 99=190, 99.9=4951, 99.99=10391] [INSERT: Count=10057, Max=37535, Min=149, Avg=240.55, 90=242, 99=313, 99.9=22671, 99.99=37279] [READ-FAILED: Count=75176, Max=4987, Min=64, Avg=90.83, 90=123, 99=177, 99.9=349, 99.99=4611] 
2026-04-28 07:39:41:472 86 sec: 17958161 operations; 210831 current ops/sec; [READ: Count=119139, Max=14047, Min=4, Avg=52.48, 90=115, 99=182, 99.9=4663, 99.99=9799] [INSERT: Count=10489, Max=6087, Min=151, Avg=205.45, 90=239, 99=294, 99.9=1724, 99.99=4583] [READ-FAILED: Count=81169, Max=4527, Min=63, Avg=88.16, 90=116, 99=161, 99.9=269, 99.99=4383] 
2026-04-28 07:39:42:472 87 sec: 18166036 operations; 207875 current ops/sec; [READ: Count=118270, Max=10839, Min=4, Avg=51.83, 90=119, 99=198, 99.9=3839, 99.99=8471] [INSERT: Count=10230, Max=3715, Min=145, Avg=204.38, 90=244, 99=303, 99.9=384, 99.99=3001] [READ-FAILED: Count=79364, Max=3615, Min=63, Avg=92.52, 90=127, 99=172, 99.9=288, 99.99=3009] 
2026-04-28 07:39:43:474 88 sec: 18318635 operations; 152142.57 current ops/sec; [READ: Count=89726, Max=45567, Min=4, Avg=58.8, 90=127, 99=214, 99.9=5055, 99.99=13903] [INSERT: Count=7586, Max=78207, Min=150, Avg=584.4, 90=712, 99=1452, 99.9=77567, 99.99=78207] [READ-FAILED: Count=55198, Max=16359, Min=62, Avg=101.73, 90=137, 99=213, 99.9=918, 99.99=7255] 
2026-04-28 07:39:44:472 89 sec: 18508351 operations; 190286.86 current ops/sec; [READ: Count=109638, Max=78399, Min=4, Avg=63.58, 90=122, 99=198, 99.9=4795, 99.99=10655] [INSERT: Count=9474, Max=8343, Min=151, Avg=207.64, 90=243, 99=303, 99.9=374, 99.99=8343] [READ-FAILED: Count=70678, Max=73343, Min=60, Avg=98.92, 90=128, 99=187, 99.9=393, 99.99=6419] 
2026-04-28 07:39:45:472 90 sec: 18712003 operations; 203652 current ops/sec; [READ: Count=116090, Max=14847, Min=4, Avg=55.73, 90=118, 99=185, 99.9=4631, 99.99=9687] [INSERT: Count=10113, Max=3053, Min=150, Avg=203.39, 90=238, 99=293, 99.9=352, 99.99=3019] [READ-FAILED: Count=77431, Max=6223, Min=66, Avg=91.06, 90=120, 99=173, 99.9=292, 99.99=1487] 
2026-04-28 07:39:46:472 91 sec: 18905349 operations; 193346 current ops/sec; [READ: Count=113435, Max=15207, Min=4, Avg=53.17, 90=119, 99=191, 99.9=3897, 99.99=9663] [INSERT: Count=9593, Max=94975, Min=149, Avg=319.44, 90=239, 99=298, 99.9=78271, 99.99=94975] [READ-FAILED: Count=70384, Max=8671, Min=61, Avg=92.61, 90=124, 99=179, 99.9=361, 99.99=2469] 
2026-04-28 07:39:47:472 92 sec: 19111941 operations; 206592 current ops/sec; [READ: Count=117228, Max=14167, Min=4, Avg=52.77, 90=118, 99=189, 99.9=4147, 99.99=8903] [INSERT: Count=10218, Max=7227, Min=153, Avg=204.22, 90=240, 99=293, 99.9=368, 99.99=2347] [READ-FAILED: Count=79089, Max=6971, Min=66, Avg=92.2, 90=123, 99=176, 99.9=312, 99.99=2287] 
2026-04-28 07:39:48:472 93 sec: 19285943 operations; 174002 current ops/sec; [READ: Count=100362, Max=12423, Min=4, Avg=54.99, 90=123, 99=206, 99.9=4029, 99.99=9855] [INSERT: Count=8890, Max=73343, Min=150, Avg=429.65, 90=610, 99=1328, 99.9=72447, 99.99=73343] [READ-FAILED: Count=64904, Max=6755, Min=66, Avg=97.23, 90=134, 99=198, 99.9=389, 99.99=3809] 
2026-04-28 07:39:49:472 94 sec: 19478725 operations; 192782 current ops/sec; [READ: Count=112899, Max=15879, Min=4, Avg=53.16, 90=121, 99=197, 99.9=3819, 99.99=10119] [INSERT: Count=9771, Max=86207, Min=148, Avg=302.75, 90=239, 99=296, 99.9=69503, 99.99=86207] [READ-FAILED: Count=70003, Max=10223, Min=66, Avg=94.75, 90=125, 99=180, 99.9=648, 99.99=3365] 
2026-04-28 07:39:50:472 95 sec: 19656275 operations; 177550 current ops/sec; [READ: Count=101940, Max=282623, Min=4, Avg=70.35, 90=122, 99=203, 99.9=4123, 99.99=58239] [INSERT: Count=8948, Max=9351, Min=151, Avg=203.77, 90=240, 99=295, 99.9=352, 99.99=9351] [READ-FAILED: Count=66660, Max=65855, Min=67, Avg=99.53, 90=131, 99=190, 99.9=375, 99.99=2147] 
2026-04-28 07:39:51:472 96 sec: 19824503 operations; 168228 current ops/sec; [READ: Count=96608, Max=12447, Min=4, Avg=59.43, 90=125, 99=213, 99.9=4111, 99.99=10607] [INSERT: Count=8426, Max=2231, Min=149, Avg=208.96, 90=248, 99=307, 99.9=404, 99.99=2231] [READ-FAILED: Count=63029, Max=138495, Min=68, Avg=105.8, 90=138, 99=191, 99.9=339, 99.99=2137] 
2026-04-28 07:39:52:472 97 sec: 20025862 operations; 201359 current ops/sec; [READ: Count=121175, Max=149503, Min=4, Avg=62.06, 90=118, 99=192, 99.9=4045, 99.99=11047] [INSERT: Count=10132, Max=76095, Min=150, Avg=238.34, 90=242, 99=314, 99.9=5563, 99.99=75711] [READ-FAILED: Count=70236, Max=138879, Min=68, Avg=101.49, 90=128, 99=181, 99.9=351, 99.99=4041] 
2026-04-28 07:39:53:472 98 sec: 20187935 operations; 162073 current ops/sec; [READ: Count=94504, Max=15335, Min=4, Avg=56.73, 90=124, 99=208, 99.9=4279, 99.99=11215] [INSERT: Count=7954, Max=73535, Min=147, Avg=546.66, 90=827, 99=1312, 99.9=71679, 99.99=73535] [READ-FAILED: Count=59512, Max=8951, Min=68, Avg=99.87, 90=136, 99=197, 99.9=514, 99.99=3853] 
2026-04-28 07:39:54:472 99 sec: 20379477 operations; 191542 current ops/sec; [READ: Count=110064, Max=11951, Min=4, Avg=56.1, 90=123, 99=201, 99.9=4419, 99.99=9775] [INSERT: Count=9567, Max=3627, Min=141, Avg=252.11, 90=306, 99=1097, 99.9=1402, 99.99=3627] [READ-FAILED: Count=71940, Max=7067, Min=22, Avg=97.56, 90=134, 99=197, 99.9=337, 99.99=3441] 
2026-04-28 07:39:55:472 100 sec: 20581914 operations; 202437 current ops/sec; [READ: Count=122880, Max=18447, Min=4, Avg=52.69, 90=121, 99=198, 99.9=4037, 99.99=10559] [INSERT: Count=10271, Max=79231, Min=148, Avg=239.16, 90=244, 99=310, 99.9=7467, 99.99=78783] [READ-FAILED: Count=69311, Max=4215, Min=66, Avg=96.11, 90=128, 99=182, 99.9=413, 99.99=4055] 
2026-04-28 07:39:56:472 101 sec: 20761303 operations; 179389 current ops/sec; [READ: Count=103492, Max=82111, Min=4, Avg=67.73, 90=124, 99=207, 99.9=4443, 99.99=55647] [INSERT: Count=9009, Max=3659, Min=155, Avg=205.7, 90=243, 99=302, 99.9=416, 99.99=3659] [READ-FAILED: Count=66982, Max=58463, Min=69, Avg=101, 90=133, 99=198, 99.9=567, 99.99=2663] 
2026-04-28 07:39:57:472 102 sec: 20958195 operations; 196892 current ops/sec; [READ: Count=112855, Max=13679, Min=4, Avg=57.21, 90=120, 99=189, 99.9=4663, 99.99=9031] [INSERT: Count=9969, Max=4175, Min=146, Avg=203.48, 90=236, 99=300, 99.9=2625, 99.99=4175] [READ-FAILED: Count=73944, Max=8631, Min=70, Avg=95.92, 90=122, 99=177, 99.9=357, 99.99=3975] 
2026-04-28 07:39:58:472 103 sec: 21122096 operations; 163901 current ops/sec; [READ: Count=97343, Max=15231, Min=4, Avg=57.88, 90=125, 99=209, 99.9=3951, 99.99=10455] [INSERT: Count=8139, Max=75455, Min=148, Avg=496.2, 90=652, 99=1223, 99.9=72959, 99.99=75455] [READ-FAILED: Count=58411, Max=4163, Min=25, Avg=102.48, 90=139, 99=204, 99.9=1104, 99.99=3001] 
2026-04-28 07:39:59:472 104 sec: 21320453 operations; 198357 current ops/sec; [READ: Count=114740, Max=10783, Min=4, Avg=55.24, 90=122, 99=197, 99.9=3705, 99.99=7967] [INSERT: Count=9737, Max=4327, Min=151, Avg=205.31, 90=242, 99=295, 99.9=372, 99.99=4327] [READ-FAILED: Count=73995, Max=6223, Min=62, Avg=98.23, 90=131, 99=184, 99.9=360, 99.99=4211] 
2026-04-28 07:40:00:472 105 sec: 21523307 operations; 202854 current ops/sec; [READ: Count=116306, Max=13383, Min=4, Avg=54.01, 90=120, 99=188, 99.9=4155, 99.99=9295] [INSERT: Count=10174, Max=2193, Min=144, Avg=199.35, 90=235, 99=289, 99.9=1703, 99.99=2103] [READ-FAILED: Count=76361, Max=7247, Min=69, Avg=95.26, 90=122, 99=175, 99.9=312, 99.99=1846] 
2026-04-28 07:40:01:472 106 sec: 21712282 operations; 188975 current ops/sec; [READ: Count=111218, Max=13255, Min=4, Avg=52.5, 90=121, 99=197, 99.9=3569, 99.99=10119] [INSERT: Count=9410, Max=96255, Min=150, Avg=330.03, 90=244, 99=315, 99.9=84223, 99.99=96255] [READ-FAILED: Count=68304, Max=5771, Min=56, Avg=97.62, 90=131, 99=184, 99.9=292, 99.99=3251] 
2026-04-28 07:40:02:472 107 sec: 21887494 operations; 175212 current ops/sec; [READ: Count=101920, Max=272639, Min=5, Avg=70.34, 90=124, 99=200, 99.9=3661, 99.99=62911] [INSERT: Count=8682, Max=2133, Min=151, Avg=203.74, 90=241, 99=291, 99.9=557, 99.99=2133] [READ-FAILED: Count=64479, Max=66943, Min=71, Avg=103.76, 90=131, 99=197, 99.9=475, 99.99=2897] 
2026-04-28 07:40:03:472 108 sec: 22038450 operations; 150956 current ops/sec; [READ: Count=88444, Max=136959, Min=5, Avg=63.74, 90=127, 99=216, 99.9=4243, 99.99=10255] [INSERT: Count=7727, Max=72383, Min=153, Avg=399.96, 90=346, 99=1084, 99.9=71103, 99.99=72383] [READ-FAILED: Count=54774, Max=4311, Min=28, Avg=103.34, 90=139, 99=202, 99.9=453, 99.99=2203] 
2026-04-28 07:40:04:472 109 sec: 22201879 operations; 163429 current ops/sec; [READ: Count=97883, Max=167807, Min=4, Avg=75.39, 90=130, 99=220, 99.9=4079, 99.99=110079] [INSERT: Count=8245, Max=36159, Min=153, Avg=351.59, 90=649, 99=1205, 99.9=21631, 99.99=36159] [READ-FAILED: Count=57339, Max=156287, Min=71, Avg=115.59, 90=149, 99=216, 99.9=568, 99.99=3125] 
2026-04-28 07:40:05:472 110 sec: 22401023 operations; 199144 current ops/sec; [READ: Count=120312, Max=22703, Min=4, Avg=55.66, 90=122, 99=193, 99.9=4159, 99.99=10103] [INSERT: Count=9900, Max=91327, Min=149, Avg=216.63, 90=244, 99=304, 99.9=1962, 99.99=91327] [READ-FAILED: Count=68952, Max=6519, Min=24, Avg=98.58, 90=127, 99=184, 99.9=330, 99.99=4839] 
2026-04-28 07:40:06:472 111 sec: 22594933 operations; 193910 current ops/sec; [READ: Count=112193, Max=12839, Min=5, Avg=56.32, 90=123, 99=195, 99.9=4603, 99.99=9735] [INSERT: Count=9646, Max=10215, Min=158, Avg=212.4, 90=245, 99=301, 99.9=382, 99.99=10215] [READ-FAILED: Count=72061, Max=10167, Min=72, Avg=100.31, 90=131, 99=191, 99.9=316, 99.99=9983] 
2026-04-28 07:40:07:472 112 sec: 22796904 operations; 201971 current ops/sec; [READ: Count=125741, Max=13063, Min=4, Avg=51.03, 90=121, 99=196, 99.9=3465, 99.99=8735] [INSERT: Count=10137, Max=114431, Min=158, Avg=252.25, 90=247, 99=313, 99.9=2383, 99.99=113087] [READ-FAILED: Count=66064, Max=4049, Min=65, Avg=98.61, 90=130, 99=183, 99.9=309, 99.99=2851] 
2026-04-28 07:40:08:472 113 sec: 22962155 operations; 165251 current ops/sec; [READ: Count=96347, Max=77951, Min=5, Avg=65.92, 90=129, 99=219, 99.9=4651, 99.99=43551] [INSERT: Count=8239, Max=64831, Min=154, Avg=331.76, 90=287, 99=714, 99.9=43359, 99.99=64831] [READ-FAILED: Count=60752, Max=71423, Min=72, Avg=110.2, 90=144, 99=215, 99.9=681, 99.99=6619] 
2026-04-28 07:40:09:472 114 sec: 23137031 operations; 174876 current ops/sec; [READ: Count=102662, Max=11967, Min=5, Avg=64.5, 90=130, 99=214, 99.9=3863, 99.99=9367] [INSERT: Count=8753, Max=6035, Min=154, Avg=249.58, 90=311, 99=803, 99.9=3833, 99.99=6035] [READ-FAILED: Count=63452, Max=9087, Min=74, Avg=107.39, 90=148, 99=207, 99.9=354, 99.99=2479] 
2026-04-28 07:40:10:472 115 sec: 23328558 operations; 191527 current ops/sec; [READ: Count=111265, Max=17039, Min=5, Avg=58.46, 90=123, 99=190, 99.9=4195, 99.99=10399] [INSERT: Count=9529, Max=11087, Min=152, Avg=208.73, 90=238, 99=296, 99.9=434, 99.99=11087] [READ-FAILED: Count=70742, Max=5679, Min=73, Avg=100.57, 90=127, 99=188, 99.9=307, 99.99=2533] 
2026-04-28 07:40:11:472 116 sec: 23521550 operations; 192992 current ops/sec; [READ: Count=119847, Max=15143, Min=5, Avg=55.14, 90=125, 99=205, 99.9=3319, 99.99=9127] [INSERT: Count=9683, Max=90047, Min=155, Avg=243.42, 90=246, 99=311, 99.9=2117, 99.99=90047] [READ-FAILED: Count=63438, Max=8051, Min=53, Avg=104.58, 90=144, 99=197, 99.9=318, 99.99=2205] 
2026-04-28 07:40:12:472 117 sec: 23716186 operations; 194636 current ops/sec; [READ: Count=112849, Max=13567, Min=5, Avg=55.82, 90=123, 99=194, 99.9=4251, 99.99=8139] [INSERT: Count=9587, Max=4339, Min=157, Avg=210.31, 90=245, 99=298, 99.9=368, 99.99=4339] [READ-FAILED: Count=72299, Max=6795, Min=72, Avg=100.94, 90=129, 99=189, 99.9=324, 99.99=2757] 
2026-04-28 07:40:13:472 118 sec: 23907087 operations; 190901 current ops/sec; [READ: Count=110937, Max=14231, Min=5, Avg=53.51, 90=120, 99=184, 99.9=3851, 99.99=9279] [INSERT: Count=9466, Max=1649, Min=156, Avg=208.71, 90=241, 99=297, 99.9=572, 99.99=1649] [READ-FAILED: Count=70290, Max=6131, Min=74, Avg=98.46, 90=119, 99=178, 99.9=285, 99.99=1735] 
2026-04-28 07:40:14:472 119 sec: 24071956 operations; 164869 current ops/sec; [READ: Count=98519, Max=68799, Min=5, Avg=64.11, 90=131, 99=222, 99.9=4575, 99.99=27567] [INSERT: Count=8277, Max=73663, Min=149, Avg=413.68, 90=267, 99=968, 99.9=72191, 99.99=73663] [READ-FAILED: Count=58187, Max=60639, Min=75, Avg=112.39, 90=153, 99=218, 99.9=430, 99.99=3273] 
2026-04-28 07:40:15:472 120 sec: 24241789 operations; 169833 current ops/sec; [READ: Count=100426, Max=394495, Min=5, Avg=71.59, 90=131, 99=222, 99.9=4299, 99.99=11663] [INSERT: Count=8440, Max=490, Min=153, Avg=208.86, 90=248, 99=303, 99.9=370, 99.99=490] [READ-FAILED: Count=60954, Max=19135, Min=70, Avg=112.15, 90=154, 99=218, 99.9=394, 99.99=1775] 
Maximum time elapsed. Requesting stop for the workload.
Stop requested for workload. Now Joining!
2026-04-28 07:40:16:156 120 sec: 24242237 operations; 654.01 current ops/sec; [READ: Count=270, Max=6423, Min=5, Avg=72.56, 90=129, 99=232, 99.9=6423, 99.99=6423] [CLEANUP: Count=16, Max=681471, Min=38688, Avg=118694, 90=92223, 99=681471, 99.9=681471, 99.99=681471] [INSERT: Count=9, Max=321, Min=176, Avg=247.56, 90=321, 99=321, 99.9=321, 99.99=321] [READ-FAILED: Count=68, Max=212, Min=80, Avg=113.34, 90=160, 99=212, 99.9=212, 99.99=212] 
	Command being timed: "/users/Xinying/ozonedb/ycsb/bin/ycsb run ozonedb -threads 16 -s -P /users/Xinying/ozonedb/ycsb/workloads/generated_workloads/workloadd_1KB_1000000_1000000 -p status.interval=1 -p maxexecutiontime=120 -p operationcount=0 -p shared_config=/users/Xinying/ozonedb/src/config/local/shared_config_rocksdb.json"
	User time (seconds): 1213.16
	System time (seconds): 499.65
	Percent of CPU this job got: 1288%
	Elapsed (wall clock) time (h:mm:ss or m:ss): 2:12.95
	Average shared text size (kbytes): 0
	Average unshared data size (kbytes): 0
	Average stack size (kbytes): 0
	Average total size (kbytes): 0
	Maximum resident set size (kbytes): 72136988
	Average resident set size (kbytes): 0
	Major (requiring I/O) page faults: 819
	Minor (reclaiming a frame) page faults: 18704186
	Voluntary context switches: 8866718
	Involuntary context switches: 34471
	Swaps: 0
	File system inputs: 153584376
	File system outputs: 8703341
	Socket messages sent: 0
	Socket messages received: 0
	Signals delivered: 0
	Page size (bytes): 4096
	Exit status: 0
