# CMD: /usr/bin/time -v /users/Xinying/ozonedb/ycsb/bin/ycsb run ozonedb -threads 16 -s -P /users/Xinying/ozonedb/ycsb/workloads/generated_workloads/workloada_1KB_1000000_1000000 -p status.interval=1 -p maxexecutiontime=120 -p operationcount=0 -p shared_config=/users/Xinying/ozonedb/src/config/local/shared_config_rocksdb.json
# devices=['sda6'] sectors_before=859930448 sectors_after=890245688
# elapsed_s=134.78 returncode=0

=== STDOUT ===
Starting compaction watcher
Starting compaction watcher
Starting compaction watcher
Starting compaction watcher
Starting compaction watcher
Starting compaction watcher
Starting compaction watcher
Starting compaction watcher
Starting compaction watcherStarting compaction watcher

Starting compaction watcher
Starting compaction watcher
Starting compaction watcher
Starting compaction watcher
Starting compaction watcher
Starting compaction watcher
2026-04-28 06:16:06:974 - NewTail completed: 
2026-04-28 06:16:08:175 - NewTail completed: 
2026-04-28 06:16:08:179 - Compaction started: 
139624451495488:Compacting datalog/35 datalog/36 into:sstable1/3a3eb852-baa3-4e78-b945-3300a71c8e21202604280016041777356968546254683.sst
2026-04-28 06:16:08:941 - Compaction completed: 
2026-04-28 06:16:09:276 - NewTail completed: 
2026-04-28 06:16:10:277 - NewTail completed: 
2026-04-28 06:16:10:278 - Compaction started: 
139624485942848:Compacting datalog/37 datalog/38 into:sstable1/4fd474e3-5ccb-418a-8514-747819634bdb202604280016041777356970620608126.sst
2026-04-28 06:16:10:984 - Compaction completed: 
2026-04-28 06:16:10:985 - Compaction started: 
2026-04-28 06:16:11:679 - NewTail completed: 
2026-04-28 06:16:12:694 - NewTail completed: 
2026-04-28 06:16:12:699 - NewTail completed: 
2026-04-28 06:16:12:710 - Compaction started: 
139624451495488:Compacting sstable1/fdf40179-5256-4028-90ea-15af28ebf787202604231034301776962195318187250.sst sstable1/fdf40179-5256-4028-90ea-15af28ebf787202604231034301776962203658627099.sst into:sstable2/3a3eb852-baa3-4e78-b945-3300a71c8e21202604280016041777356971859402058.sst
2026-04-28 06:16:12:889 - Compaction completed: 
139623773038144:Compacting datalog/39 datalog/40 into:sstable1/61b4d832-be01-46f3-b7fe-bc201de3c9ad202604280016041777356973174273356.sst
2026-04-28 06:16:13:476 - Compaction completed: 
2026-04-28 06:16:13:882 - NewTail completed: 
2026-04-28 06:16:14:908 - NewTail completed: 
2026-04-28 06:16:14:915 - Compaction started: 
139623773038144:Compacting datalog/41 datalog/42 into:sstable1/61b4d832-be01-46f3-b7fe-bc201de3c9ad202604280016041777356975114971591.sst
2026-04-28 06:16:15:466 - Compaction completed: 
2026-04-28 06:16:15:493 - Compaction started: 
2026-04-28 06:16:15:984 - NewTail completed: 
139624434710080:Compacting sstable1/fdf40179-5256-4028-90ea-15af28ebf787202604231034301776962212445933441.sst sstable1/3a3eb852-baa3-4e78-b945-3300a71c8e21202604280016041777356968546254683.sst into:sstable2/8839c66f-c4db-4716-a638-4cb4332e383f202604280016041777356976465151966.sst
2026-04-28 06:16:17:334 - Compaction completed: 
2026-04-28 06:16:17:603 - NewTail completed: 
2026-04-28 06:16:17:617 - Compaction started: 
139623396439616:Compacting datalog/43 datalog/44 into:sstable1/92e36bc2-dda8-4ab8-98fb-95e32935d256202604280016041777356978027527828.sst
2026-04-28 06:16:18:356 - Compaction completed: 
2026-04-28 06:16:18:687 - NewTail completed: 
2026-04-28 06:16:19:688 - NewTail completed: 
2026-04-28 06:16:19:712 - Compaction started: 
139624485942848:Compacting datalog/45 datalog/46 into:sstable1/4fd474e3-5ccb-418a-8514-747819634bdb202604280016041777356979896149115.sst
2026-04-28 06:16:20:203 - Compaction completed: 
2026-04-28 06:16:20:789 - NewTail completed: 
2026-04-28 06:16:22:290 - NewTail completed: 
2026-04-28 06:16:22:322 - Compaction started: 
139623361992256:Compacting datalog/47 datalog/48 into:sstable1/010415d9-de19-48e9-b90f-015ef34f3bc8202604280016041777356982639821107.sst
2026-04-28 06:16:22:963 - Compaction completed: 
2026-04-28 06:16:23:023 - Compaction started: 
2026-04-28 06:16:23:391 - NewTail completed: 
139623003055680:Compacting sstable1/4fd474e3-5ccb-418a-8514-747819634bdb202604280016041777356970620608126.sst sstable1/61b4d832-be01-46f3-b7fe-bc201de3c9ad202604280016041777356973174273356.sst into:sstable2/c320f0ef-7a18-41d0-bb07-96dd2094e601202604280016041777356983788530764.sst
2026-04-28 06:16:24:420 - Compaction completed: 
2026-04-28 06:16:24:425 - NewTail completed: 
2026-04-28 06:16:24:425 - NewTail completed: 
2026-04-28 06:16:24:425 - NewTail completed: 
2026-04-28 06:16:24:425 - NewTail completed: 
2026-04-28 06:16:24:425 - NewTail completed: 
2026-04-28 06:16:24:426 - Compaction started: 
139622331967040:Compacting datalog/49 datalog/50 into:sstable1/b5b96136-359a-411c-90d9-de4782c13c26202604280016041777356984819996749.sst
2026-04-28 06:16:25:147 - Compaction completed: 
2026-04-28 06:16:25:525 - NewTail completed: 
2026-04-28 06:16:26:727 - NewTail completed: 
2026-04-28 06:16:26:728 - Compaction started: 
139622340359744:Compacting datalog/51 datalog/52 into:sstable1/3fa31029-aab0-436c-8972-d1f93895a26f202604280016041777356986934998673.sst
2026-04-28 06:16:27:254 - Compaction completed: 
2026-04-28 06:16:27:325 - Compaction started: 
2026-04-28 06:16:28:027 - NewTail completed: 
139621165061696:Compacting sstable1/61b4d832-be01-46f3-b7fe-bc201de3c9ad202604280016041777356975114971591.sst sstable1/92e36bc2-dda8-4ab8-98fb-95e32935d256202604280016041777356978027527828.sst into:sstable2/6df86404-6196-4d8d-8b71-ef23151c2c68202604280016041777356988174946454.sst
2026-04-28 06:16:28:778 - Compaction completed: 
2026-04-28 06:16:29:098 - NewTail completed: 
2026-04-28 06:16:29:132 - Compaction started: 
139622306788928:Compacting datalog/53 datalog/54 into:sstable1/bc9fd298-d014-437c-bc27-9b2fe5fca8e2202604280016041777356989425299580.sst
2026-04-28 06:16:29:755 - Compaction completed: 
2026-04-28 06:16:30:104 - NewTail completed: 
2026-04-28 06:16:31:105 - NewTail completed: 
2026-04-28 06:16:31:108 - NewTail completed: 
2026-04-28 06:16:31:135 - Compaction started: 
139623396439616:Compacting datalog/55 datalog/56 into:sstable1/92e36bc2-dda8-4ab8-98fb-95e32935d256202604280016041777356991349158717.sst
2026-04-28 06:16:31:657 - Compaction completed: 
2026-04-28 06:16:31:735 - Compaction started: 
2026-04-28 06:16:32:633 - NewTail completed: 
139621056898624:Compacting sstable1/4fd474e3-5ccb-418a-8514-747819634bdb202604280016041777356979896149115.sst sstable1/010415d9-de19-48e9-b90f-015ef34f3bc8202604280016041777356982639821107.sst into:sstable2/4e6a5ac0-0225-44c9-b22b-fc1bd2b33632202604280016041777356992392238219.sst
2026-04-28 06:16:33:096 - Compaction completed: 
2026-04-28 06:16:33:707 - NewTail completed: 
2026-04-28 06:16:33:739 - Compaction started: 
139623773038144:Compacting datalog/57 datalog/58 into:sstable1/61b4d832-be01-46f3-b7fe-bc201de3c9ad202604280016041777356993952298849.sst
2026-04-28 06:16:34:306 - Compaction completed: 
2026-04-28 06:16:34:804 - NewTail completed: 
2026-04-28 06:16:35:823 - NewTail completed: 
2026-04-28 06:16:35:839 - Compaction started: 
139622315181632:Compacting datalog/59 datalog/60 into:sstable1/902eb897-c77d-4914-9622-df543999728f202604280016041777356996211207892.sst
2026-04-28 06:16:36:535 - Compaction completed: 
2026-04-28 06:16:36:543 - Compaction started: 
2026-04-28 06:16:37:218 - NewTail completed: 
139622306788928:Compacting sstable1/b5b96136-359a-411c-90d9-de4782c13c26202604280016041777356984819996749.sst sstable1/3fa31029-aab0-436c-8972-d1f93895a26f202604280016041777356986934998673.sst into:sstable2/bc9fd298-d014-437c-bc27-9b2fe5fca8e2202604280016041777356997066293611.sst
2026-04-28 06:16:37:731 - Compaction completed: 
2026-04-28 06:16:38:439 - NewTail completed: 
2026-04-28 06:16:38:443 - Compaction started: 
139622306788928:Compacting datalog/61 datalog/62 into:sstable1/bc9fd298-d014-437c-bc27-9b2fe5fca8e2202604280016041777356998663530155.sst
2026-04-28 06:16:38:968 - Compaction completed: 
2026-04-28 06:16:39:510 - NewTail completed: 
2026-04-28 06:16:40:511 - NewTail completed: 
2026-04-28 06:16:40:548 - Compaction started: 
139622331967040:Compacting datalog/63 datalog/64 into:sstable1/b5b96136-359a-411c-90d9-de4782c13c26202604280016041777357000723773050.sst
2026-04-28 06:16:41:050 - Compaction started: 
2026-04-28 06:16:41:053 - Compaction completed: 
2026-04-28 06:16:41:546 - NewTail completed: 
2026-04-28 06:16:41:555 - NewTail completed: 
139623773038144:Compacting sstable1/bc9fd298-d014-437c-bc27-9b2fe5fca8e2202604280016041777356989425299580.sst sstable1/92e36bc2-dda8-4ab8-98fb-95e32935d256202604280016041777356991349158717.sst into:sstable2/61b4d832-be01-46f3-b7fe-bc201de3c9ad202604280016041777357001598982761.sst
2026-04-28 06:16:42:223 - Compaction completed: 
2026-04-28 06:16:43:050 - NewTail completed: 
2026-04-28 06:16:43:050 - NewTail completed: 
2026-04-28 06:16:43:054 - Compaction started: 
139621287347776:Compacting datalog/65 datalog/66 into:sstable1/3c5b26f8-d195-4eed-a07c-3f4051771c82202604280016041777357003362142245.sst
2026-04-28 06:16:43:697 - Compaction completed: 
2026-04-28 06:16:44:146 - NewTail completed: 
2026-04-28 06:16:45:127 - NewTail completed: 
2026-04-28 06:16:45:156 - Compaction started: 
139623361992256:Compacting datalog/67 datalog/68 into:sstable1/010415d9-de19-48e9-b90f-015ef34f3bc8202604280016041777357005387939940.sst
2026-04-28 06:16:45:719 - Compaction completed: 
2026-04-28 06:16:45:757 - Compaction started: 
2026-04-28 06:16:46:217 - NewTail completed: 
139622340359744:Compacting sstable1/61b4d832-be01-46f3-b7fe-bc201de3c9ad202604280016041777356993952298849.sst sstable1/902eb897-c77d-4914-9622-df543999728f202604280016041777356996211207892.sst into:sstable2/3fa31029-aab0-436c-8972-d1f93895a26f202604280016041777357006374143046.sst
2026-04-28 06:16:46:981 - Compaction completed: 
2026-04-28 06:16:47:719 - NewTail completed: 
2026-04-28 06:16:47:761 - Compaction started: 
139621287347776:Compacting datalog/69 datalog/70 into:sstable1/3c5b26f8-d195-4eed-a07c-3f4051771c82202604280016041777357007900956711.sst
2026-04-28 06:16:48:187 - Compaction completed: 
2026-04-28 06:16:48:820 - NewTail completed: 
2026-04-28 06:16:49:829 - NewTail completed: 
2026-04-28 06:16:49:833 - NewTail completed: 
2026-04-28 06:16:49:865 - Compaction started: 
139623361992256:Compacting datalog/71 datalog/72 into:sstable1/010415d9-de19-48e9-b90f-015ef34f3bc8202604280016041777357010038326406.sst
2026-04-28 06:16:50:366 - Compaction started: 
2026-04-28 06:16:50:377 - Compaction completed: 
2026-04-28 06:16:50:894 - NewTail completed: 
139621287347776:Compacting sstable1/bc9fd298-d014-437c-bc27-9b2fe5fca8e2202604280016041777356998663530155.sst sstable1/b5b96136-359a-411c-90d9-de4782c13c26202604280016041777357000723773050.sst into:sstable2/3c5b26f8-d195-4eed-a07c-3f4051771c82202604280016041777357010935342231.sst
2026-04-28 06:16:51:560 - Compaction completed: 
2026-04-28 06:16:52:088 - NewTail completed: 
2026-04-28 06:16:52:124 - Compaction started: 
139621181847104:Compacting datalog/73 datalog/74 into:sstable1/648c870b-0d85-4809-8ec7-6883b01f1a14202604280016041777357012343897922.sst
2026-04-28 06:16:52:655 - Compaction completed: 
2026-04-28 06:16:53:457 - NewTail completed: 
2026-04-28 06:16:54:458 - NewTail completed: 
2026-04-28 06:16:54:460 - Compaction started: 
139622340359744:Compacting datalog/75 datalog/76 into:sstable1/3fa31029-aab0-436c-8972-d1f93895a26f202604280016041777357014683770074.sst
2026-04-28 06:16:55:029 - Compaction started: 
2026-04-28 06:16:55:036 - Compaction completed: 
2026-04-28 06:16:55:559 - NewTail completed: 
139624485942848:Compacting sstable1/3c5b26f8-d195-4eed-a07c-3f4051771c82202604280016041777357003362142245.sst sstable1/010415d9-de19-48e9-b90f-015ef34f3bc8202604280016041777357005387939940.sst into:sstable2/4fd474e3-5ccb-418a-8514-747819634bdb202604280016041777357015720834518.sst
2026-04-28 06:16:56:419 - Compaction completed: 
2026-04-28 06:16:56:629 - NewTail completed: 
2026-04-28 06:16:56:636 - Compaction started: 
139624485942848:Compacting datalog/77 datalog/78 into:sstable1/4fd474e3-5ccb-418a-8514-747819634bdb202604280016041777357016772231338.sst
2026-04-28 06:16:57:083 - Compaction completed: 
2026-04-28 06:16:58:162 - NewTail completed: 
2026-04-28 06:16:59:190 - NewTail completed: 
2026-04-28 06:16:59:236 - Compaction started: 
139624451495488:Compacting datalog/79 datalog/80 into:sstable1/3a3eb852-baa3-4e78-b945-3300a71c8e21202604280016041777357019370970020.sst
2026-04-28 06:16:59:665 - Compaction started: 
2026-04-28 06:16:59:673 - Compaction completed: 
2026-04-28 06:17:00:290 - NewTail completed: 
139623773038144:Compacting sstable1/3c5b26f8-d195-4eed-a07c-3f4051771c82202604280016041777357007900956711.sst sstable1/010415d9-de19-48e9-b90f-015ef34f3bc8202604280016041777357010038326406.sst into:sstable2/61b4d832-be01-46f3-b7fe-bc201de3c9ad202604280016041777357020113709886.sst
2026-04-28 06:17:00:736 - Compaction completed: 
2026-04-28 06:17:01:366 - NewTail completed: 
2026-04-28 06:17:01:366 - NewTail completed: 
2026-04-28 06:17:01:378 - Compaction started: 
2026-04-28 06:17:01:392 - NewTail completed: 
139622340359744:Compacting datalog/81 datalog/82 into:sstable1/3fa31029-aab0-436c-8972-d1f93895a26f202604280016041777357021541900210.sst
2026-04-28 06:17:01:844 - Compaction completed: 
2026-04-28 06:17:02:668 - NewTail completed: 
2026-04-28 06:17:03:837 - NewTail completed: 
2026-04-28 06:17:03:845 - Compaction started: 
139624451495488:Compacting datalog/83 datalog/84 into:sstable1/3a3eb852-baa3-4e78-b945-3300a71c8e21202604280016041777357023978809043.sst
2026-04-28 06:17:04:267 - Compaction completed: 
2026-04-28 06:17:04:275 - Compaction started: 
2026-04-28 06:17:04:896 - NewTail completed: 
139623773038144:Compacting sstable1/648c870b-0d85-4809-8ec7-6883b01f1a14202604280016041777357012343897922.sst sstable1/3fa31029-aab0-436c-8972-d1f93895a26f202604280016041777357014683770074.sst into:sstable2/61b4d832-be01-46f3-b7fe-bc201de3c9ad202604280016041777357024820310285.sst
2026-04-28 06:17:05:447 - Compaction completed: 
2026-04-28 06:17:06:005 - NewTail completed: 
2026-04-28 06:17:06:010 - NewTail completed: 
2026-04-28 06:17:06:019 - NewTail completed: 
2026-04-28 06:17:06:047 - Compaction started: 
139621056898624:Compacting datalog/85 datalog/86 into:sstable1/4e6a5ac0-0225-44c9-b22b-fc1bd2b33632202604280016041777357026186413356.sst
2026-04-28 06:17:06:494 - Compaction completed: 
2026-04-28 06:17:07:041 - NewTail completed: 
2026-04-28 06:17:08:487 - NewTail completed: 
2026-04-28 06:17:08:552 - Compaction started: 
139621181847104:Compacting datalog/87 datalog/88 into:sstable1/648c870b-0d85-4809-8ec7-6883b01f1a14202604280016041777357028699762052.sst
2026-04-28 06:17:09:002 - Compaction completed: 
2026-04-28 06:17:09:054 - Compaction started: 
2026-04-28 06:17:09:609 - NewTail completed: 
139621181847104:Compacting sstable1/4fd474e3-5ccb-418a-8514-747819634bdb202604280016041777357016772231338.sst sstable1/3a3eb852-baa3-4e78-b945-3300a71c8e21202604280016041777357019370970020.sst into:sstable2/648c870b-0d85-4809-8ec7-6883b01f1a14202604280016041777357029621565219.sst
2026-04-28 06:17:10:270 - Compaction completed: 
2026-04-28 06:17:10:745 - NewTail completed: 
2026-04-28 06:17:10:757 - Compaction started: 
139624451495488:Compacting datalog/89 datalog/90 into:sstable1/3a3eb852-baa3-4e78-b945-3300a71c8e21202604280016041777357030896753480.sst
2026-04-28 06:17:11:195 - Compaction completed: 
2026-04-28 06:17:11:778 - NewTail completed: 
2026-04-28 06:17:13:149 - NewTail completed: 
2026-04-28 06:17:13:163 - Compaction started: 
139624451495488:Compacting datalog/91 datalog/92 into:sstable1/3a3eb852-baa3-4e78-b945-3300a71c8e21202604280016041777357033316423706.sst
2026-04-28 06:17:13:661 - Compaction started: 
2026-04-28 06:17:13:667 - Compaction completed: 
2026-04-28 06:17:14:306 - NewTail completed: 
139624434710080:Compacting sstable1/3fa31029-aab0-436c-8972-d1f93895a26f202604280016041777357021541900210.sst sstable1/3a3eb852-baa3-4e78-b945-3300a71c8e21202604280016041777357023978809043.sst into:sstable2/8839c66f-c4db-4716-a638-4cb4332e383f202604280016041777357034158338844.sst
2026-04-28 06:17:14:770 - Compaction completed: 
2026-04-28 06:17:15:453 - NewTail completed: 
2026-04-28 06:17:15:459 - NewTail completed: 
2026-04-28 06:17:15:483 - Compaction started: 
139624434710080:Compacting datalog/93 datalog/94 into:sstable1/8839c66f-c4db-4716-a638-4cb4332e383f202604280016041777357035643452777.sst
2026-04-28 06:17:15:963 - Compaction completed: 
2026-04-28 06:17:16:486 - NewTail completed: 
2026-04-28 06:17:17:485 - NewTail completed: 
2026-04-28 06:17:17:504 - Compaction started: 
139622340359744:Compacting datalog/95 datalog/96 into:sstable1/3fa31029-aab0-436c-8972-d1f93895a26f202604280016041777357037643301912.sst
2026-04-28 06:17:17:944 - Compaction completed: 
2026-04-28 06:17:17:970 - Compaction started: 
2026-04-28 06:17:18:954 - NewTail completed: 
139624451495488:Compacting sstable1/4e6a5ac0-0225-44c9-b22b-fc1bd2b33632202604280016041777357026186413356.sst sstable1/648c870b-0d85-4809-8ec7-6883b01f1a14202604280016041777357028699762052.sst into:sstable2/3a3eb852-baa3-4e78-b945-3300a71c8e21202604280016041777357038465390274.sst
2026-04-28 06:17:19:067 - Compaction completed: 
2026-04-28 06:17:20:056 - NewTail completed: 
2026-04-28 06:17:20:073 - Compaction started: 
139624434710080:Compacting datalog/97 datalog/98 into:sstable1/8839c66f-c4db-4716-a638-4cb4332e383f202604280016041777357040237603429.sst
2026-04-28 06:17:20:531 - Compaction completed: 
2026-04-28 06:17:21:157 - NewTail completed: 
2026-04-28 06:17:22:158 - NewTail completed: 
2026-04-28 06:17:22:176 - Compaction started: 
139624485942848:Compacting datalog/99 datalog/100 into:sstable1/4fd474e3-5ccb-418a-8514-747819634bdb202604280016041777357042338144820.sst
2026-04-28 06:17:22:644 - Compaction completed: 
2026-04-28 06:17:22:680 - Compaction started: 
2026-04-28 06:17:23:704 - NewTail completed: 
139624434710080:Compacting sstable1/3a3eb852-baa3-4e78-b945-3300a71c8e21202604280016041777357030896753480.sst sstable1/3a3eb852-baa3-4e78-b945-3300a71c8e21202604280016041777357033316423706.sst into:sstable2/8839c66f-c4db-4716-a638-4cb4332e383f202604280016041777357043143102259.sst
2026-04-28 06:17:23:779 - Compaction completed: 
2026-04-28 06:17:24:845 - NewTail completed: 
2026-04-28 06:17:24:845 - NewTail completed: 
2026-04-28 06:17:24:886 - Compaction started: 
139624451495488:Compacting datalog/101 datalog/102 into:sstable1/3a3eb852-baa3-4e78-b945-3300a71c8e21202604280016041777357045051652806.sst
2026-04-28 06:17:25:363 - Compaction completed: 
2026-04-28 06:17:25:879 - NewTail completed: 
2026-04-28 06:17:26:866 - NewTail completed: 
2026-04-28 06:17:26:893 - Compaction started: 
139624451495488:Compacting datalog/103 datalog/104 into:sstable1/3a3eb852-baa3-4e78-b945-3300a71c8e21202604280016041777357047112249880.sst
2026-04-28 06:17:27:440 - Compaction completed: 
2026-04-28 06:17:27:491 - Compaction started: 
2026-04-28 06:17:28:166 - NewTail completed: 
139624485942848:Compacting sstable1/8839c66f-c4db-4716-a638-4cb4332e383f202604280016041777357035643452777.sst sstable1/3fa31029-aab0-436c-8972-d1f93895a26f202604280016041777357037643301912.sst into:sstable2/4fd474e3-5ccb-418a-8514-747819634bdb202604280016041777357047977314148.sst
2026-04-28 06:17:28:569 - Compaction completed: 
2026-04-28 06:17:29:398 - NewTail completed: 
2026-04-28 06:17:29:403 - Compaction started: 
2026-04-28 06:17:29:418 - NewTail completed: 
139622315181632:Compacting datalog/105 datalog/106 into:sstable1/902eb897-c77d-4914-9622-df543999728f202604280016041777357049678089642.sst
2026-04-28 06:17:29:973 - Compaction completed: 
2026-04-28 06:17:30:467 - NewTail completed: 
2026-04-28 06:17:31:471 - NewTail completed: 
2026-04-28 06:17:31:506 - Compaction started: 
139624451495488:Compacting datalog/107 datalog/108 into:sstable1/3a3eb852-baa3-4e78-b945-3300a71c8e21202604280016041777357051690222240.sst
2026-04-28 06:17:32:008 - Compaction started: 
2026-04-28 06:17:32:016 - Compaction completed: 
2026-04-28 06:17:32:570 - NewTail completed: 
139622331967040:Compacting sstable1/8839c66f-c4db-4716-a638-4cb4332e383f202604280016041777357040237603429.sst sstable1/4fd474e3-5ccb-418a-8514-747819634bdb202604280016041777357042338144820.sst into:sstable2/b5b96136-359a-411c-90d9-de4782c13c26202604280016041777357052736089890.sst
2026-04-28 06:17:33:354 - Compaction completed: 
2026-04-28 06:17:34:071 - NewTail completed: 
2026-04-28 06:17:34:111 - Compaction started: 
139621287347776:Compacting datalog/109 datalog/110 into:sstable1/3c5b26f8-d195-4eed-a07c-3f4051771c82202604280016041777357054305997013.sst
2026-04-28 06:17:34:649 - Compaction completed: 
2026-04-28 06:17:35:173 - NewTail completed: 
2026-04-28 06:17:36:173 - NewTail completed: 
2026-04-28 06:17:36:214 - Compaction started: 
139622315181632:Compacting datalog/111 datalog/112 into:sstable1/902eb897-c77d-4914-9622-df543999728f202604280016041777357056380030260.sst
2026-04-28 06:17:36:691 - Compaction completed: 
2026-04-28 06:17:36:715 - Compaction started: 
2026-04-28 06:17:37:238 - NewTail completed: 
139622340359744:Compacting sstable1/3a3eb852-baa3-4e78-b945-3300a71c8e21202604280016041777357045051652806.sst sstable1/3a3eb852-baa3-4e78-b945-3300a71c8e21202604280016041777357047112249880.sst into:sstable2/3fa31029-aab0-436c-8972-d1f93895a26f202604280016041777357057262975455.sst
2026-04-28 06:17:37:892 - Compaction completed: 
2026-04-28 06:17:37:918 - Compaction started: 
2026-04-28 06:17:38:713 - NewTail completed: 
2026-04-28 06:17:38:720 - Compaction started: 
139622315181632:Compacting datalog/113 datalog/114 into:sstable1/902eb897-c77d-4914-9622-df543999728f202604280016041777357058858963605.sst
2026-04-28 06:17:39:178 - Compaction completed: 
2026-04-28 06:17:39:990 - NewTail completed: 
2026-04-28 06:17:41:042 - NewTail completed: 
2026-04-28 06:17:41:125 - Compaction started: 
139621056898624:Compacting datalog/115 datalog/116 into:sstable1/4e6a5ac0-0225-44c9-b22b-fc1bd2b33632202604280016041777357061323421384.sst
2026-04-28 06:17:41:700 - Compaction completed: 
2026-04-28 06:17:41:726 - Compaction started: 
139623361992256:Compacting sstable2/fdf40179-5256-4028-90ea-15af28ebf787202604231034301776962104820136883.sst sstable2/fdf40179-5256-4028-90ea-15af28ebf787202604231034301776962121274038077.sst into:sstable3/010415d9-de19-48e9-b90f-015ef34f3bc8202604280016041777357060104601870.sst
2026-04-28 06:17:42:168 - Compaction completed: 
2026-04-28 06:17:42:381 - NewTail completed: 
139623003055680:Compacting sstable1/902eb897-c77d-4914-9622-df543999728f202604280016041777357049678089642.sst sstable1/3a3eb852-baa3-4e78-b945-3300a71c8e21202604280016041777357051690222240.sst into:sstable2/c320f0ef-7a18-41d0-bb07-96dd2094e601202604280016041777357062565259105.sst
2026-04-28 06:17:43:148 - Compaction completed: 
2026-04-28 06:17:43:849 - NewTail completed: 
2026-04-28 06:17:43:850 - NewTail completed: 
2026-04-28 06:17:43:931 - Compaction started: 
139622306788928:Compacting datalog/117 datalog/118 into:sstable1/bc9fd298-d014-437c-bc27-9b2fe5fca8e2202604280016041777357064070923324.sst
2026-04-28 06:17:44:349 - Compaction completed: 
2026-04-28 06:17:45:485 - NewTail completed: 
2026-04-28 06:17:46:518 - NewTail completed: 
2026-04-28 06:17:46:525 - NewTail completed: 
2026-04-28 06:17:46:535 - Compaction started: 
139621165061696:Compacting datalog/119 datalog/120 into:sstable1/6df86404-6196-4d8d-8b71-ef23151c2c68202604280016041777357066743819174.sst
2026-04-28 06:17:47:052 - Compaction completed: 
2026-04-28 06:17:47:062 - Compaction started: 
2026-04-28 06:17:47:604 - NewTail completed: 
139621165061696:Compacting sstable1/3c5b26f8-d195-4eed-a07c-3f4051771c82202604280016041777357054305997013.sst sstable1/902eb897-c77d-4914-9622-df543999728f202604280016041777357056380030260.sst into:sstable2/6df86404-6196-4d8d-8b71-ef23151c2c68202604280016041777357067651222934.sst
2026-04-28 06:17:48:300 - Compaction completed: 
2026-04-28 06:17:49:052 - NewTail completed: 
2026-04-28 06:17:49:138 - Compaction started: 
139623396439616:Compacting datalog/121 datalog/122 into:sstable1/92e36bc2-dda8-4ab8-98fb-95e32935d256202604280016041777357069428759681.sst
2026-04-28 06:17:49:797 - Compaction completed: 
2026-04-28 06:17:50:122 - NewTail completed: 
2026-04-28 06:17:50:154 - NewTail completed: 
2026-04-28 06:17:51:123 - NewTail completed: 
2026-04-28 06:17:51:139 - NewTail completed: 
2026-04-28 06:17:51:143 - Compaction started: 
139623773038144:Compacting datalog/123 datalog/124 into:sstable1/61b4d832-be01-46f3-b7fe-bc201de3c9ad202604280016041777357071294477100.sst
2026-04-28 06:17:51:593 - Compaction completed: 
2026-04-28 06:17:51:644 - Compaction started: 
2026-04-28 06:17:52:193 - NewTail completed: 
139622315181632:Compacting sstable1/902eb897-c77d-4914-9622-df543999728f202604280016041777357058858963605.sst sstable1/4e6a5ac0-0225-44c9-b22b-fc1bd2b33632202604280016041777357061323421384.sst into:sstable2/902eb897-c77d-4914-9622-df543999728f202604280016041777357072200233272.sst
2026-04-28 06:17:52:838 - Compaction completed: 
2026-04-28 06:17:52:847 - Compaction started: 
2026-04-28 06:17:53:297 - NewTail completed: 
2026-04-28 06:17:53:302 - NewTail completed: 
2026-04-28 06:17:53:327 - Compaction started: 
139623361992256:Compacting datalog/125 datalog/126 into:sstable1/010415d9-de19-48e9-b90f-015ef34f3bc8202604280016041777357073495699707.sst
2026-04-28 06:17:53:819 - Compaction completed: 
2026-04-28 06:17:54:796 - NewTail completed: 
2026-04-28 06:17:55:828 - NewTail completed: 
2026-04-28 06:17:55:828 - NewTail completed: 
2026-04-28 06:17:55:850 - Compaction started: 
139623361992256:Compacting datalog/127 datalog/128 into:sstable1/010415d9-de19-48e9-b90f-015ef34f3bc8202604280016041777357076035965551.sst
2026-04-28 06:17:56:348 - Compaction completed: 
2026-04-28 06:17:56:357 - Compaction started: 
139621287347776:Compacting sstable2/fdf40179-5256-4028-90ea-15af28ebf787202604231034301776962138133770248.sst sstable2/fdf40179-5256-4028-90ea-15af28ebf787202604231034301776962154669117660.sst into:sstable3/3c5b26f8-d195-4eed-a07c-3f4051771c82202604280016041777357074887336381.sst
2026-04-28 06:17:56:902 - NewTail completed: 
2026-04-28 06:17:56:906 - NewTail completed: 
2026-04-28 06:17:57:023 - Compaction completed: 
139621321795136:Compacting sstable1/bc9fd298-d014-437c-bc27-9b2fe5fca8e2202604280016041777357064070923324.sst sstable1/6df86404-6196-4d8d-8b71-ef23151c2c68202604280016041777357066743819174.sst into:sstable2/d3c2ad87-d3a7-47e7-b6a9-e0fdac45d072202604280016041777357077304457212.sst
2026-04-28 06:17:58:018 - Compaction completed: 
2026-04-28 06:17:58:232 - NewTail completed: 
2026-04-28 06:17:58:232 - NewTail completed: 
2026-04-28 06:17:58:260 - Compaction started: 
139623773038144:Compacting datalog/129 datalog/130 into:sstable1/61b4d832-be01-46f3-b7fe-bc201de3c9ad202604280016041777357078451763353.sst
2026-04-28 06:17:58:754 - Compaction completed: 
2026-04-28 06:17:59:908 - NewTail completed: 
2026-04-28 06:18:01:004 - NewTail completed: 
2026-04-28 06:18:01:066 - Compaction started: 
139622315181632:Compacting datalog/131 datalog/132 into:sstable1/902eb897-c77d-4914-9622-df543999728f202604280016041777357081266961611.sst
2026-04-28 06:18:01:583 - Compaction completed: 
2026-04-28 06:18:01:623 - Compaction started: 
2026-04-28 06:18:02:105 - NewTail completed: 
139623396439616:Compacting sstable1/92e36bc2-dda8-4ab8-98fb-95e32935d256202604280016041777357069428759681.sst sstable1/61b4d832-be01-46f3-b7fe-bc201de3c9ad202604280016041777357071294477100.sst into:sstable2/92e36bc2-dda8-4ab8-98fb-95e32935d256202604280016041777357082192034540.sst
2026-04-28 06:18:02:844 - Compaction completed: 
2026-04-28 06:18:03:173 - NewTail completed: 
2026-04-28 06:18:03:176 - NewTail completed: 
2026-04-28 06:18:03:228 - Compaction started: 
139621181847104:Compacting datalog/133 datalog/134 into:sstable1/648c870b-0d85-4809-8ec7-6883b01f1a14202604280016041777357083378400958.sst
2026-04-28 06:18:03:767 - Compaction completed: 
[OVERALL], RunTime(ms), 120101
[OVERALL], Throughput(ops/sec), 48367.907011598574
[TOTAL_GCS_PS_Scavenge], Count, 152
[TOTAL_GC_TIME_PS_Scavenge], Time(ms), 423
[TOTAL_GC_TIME_%_PS_Scavenge], Time(%), 0.35220356200198166
[TOTAL_GCS_PS_MarkSweep], Count, 0
[TOTAL_GC_TIME_PS_MarkSweep], Time(ms), 0
[TOTAL_GC_TIME_%_PS_MarkSweep], Time(%), 0.0
[TOTAL_GCs], Count, 152
[TOTAL_GC_TIME], Time(ms), 423
[TOTAL_GC_TIME_%], Time(%), 0.35220356200198166
[READ], Operations, 2905285
[READ], AverageLatency(us), 154.87153170859312
[READ], MinLatency(us), 3
[READ], MaxLatency(us), 886783
[READ], 95thPercentileLatency(us), 228
[READ], 99thPercentileLatency(us), 396
[READ], Return=OK, 2905285
[CLEANUP], Operations, 16
[CLEANUP], AverageLatency(us), 67616.0625
[CLEANUP], MinLatency(us), 2056
[CLEANUP], MaxLatency(us), 94975
[CLEANUP], 95thPercentileLatency(us), 94975
[CLEANUP], 99thPercentileLatency(us), 94975
[UPDATE], Operations, 2903749
[UPDATE], AverageLatency(us), 493.90108683636225
[UPDATE], MinLatency(us), 139
[UPDATE], MaxLatency(us), 831999
[UPDATE], 95thPercentileLatency(us), 799
[UPDATE], 99thPercentileLatency(us), 1392
[UPDATE], Return=OK, 2903749

=== STDERR ===
[WARN]  Running against a source checkout. In order to get our runtime dependencies we'll have to invoke Maven. Depending on the state of your system, this may take ~30-45 seconds
[DEBUG]  Running 'mvn -pl site.ycsb:ozonedb-binding -am package -DskipTests dependency:build-classpath -DincludeScope=compile -Dmdep.outputFilterFile=true'
/usr/lib/jvm/java-8-openjdk-amd64/bin/java -cp /users/Xinying/ozonedb/ycsb/ozonedb/conf:/users/Xinying/ozonedb/ycsb/ozonedb/target/ozonedb-binding-0.18.0-SNAPSHOT.jar:/users/Xinying/.m2/repository/org/apache/htrace/htrace-core4/4.1.0-incubating/htrace-core4-4.1.0-incubating.jar:/users/Xinying/.m2/repository/org/slf4j/slf4j-api/1.7.25/slf4j-api-1.7.25.jar:/users/Xinying/.m2/repository/org/hdrhistogram/HdrHistogram/2.1.12/HdrHistogram-2.1.12.jar:/users/Xinying/.m2/repository/ch/qos/logback/logback-classic/1.2.3/logback-classic-1.2.3.jar:/users/Xinying/.m2/repository/ozonedbjnimaven/demoproc-jni/1.0/demoproc-jni-1.0.jar:/users/Xinying/.m2/repository/ch/qos/logback/logback-core/1.2.3/logback-core-1.2.3.jar:/users/Xinying/.m2/repository/org/codehaus/jackson/jackson-mapper-asl/1.9.4/jackson-mapper-asl-1.9.4.jar:/users/Xinying/.m2/repository/org/slf4j/slf4j-simple/1.7.25/slf4j-simple-1.7.25.jar:/users/Xinying/.m2/repository/org/codehaus/jackson/jackson-core-asl/1.9.4/jackson-core-asl-1.9.4.jar:/users/Xinying/ozonedb/ycsb/core/target/core-0.18.0-SNAPSHOT.jar site.ycsb.Client -db site.ycsb.db.OzoneDBClient -threads 16 -s -P /users/Xinying/ozonedb/ycsb/workloads/generated_workloads/workloada_1KB_1000000_1000000 -p status.interval=1 -p maxexecutiontime=120 -p operationcount=0 -p shared_config=/users/Xinying/ozonedb/src/config/local/shared_config_rocksdb.json -t
Command line: -db site.ycsb.db.OzoneDBClient -threads 16 -s -P /users/Xinying/ozonedb/ycsb/workloads/generated_workloads/workloada_1KB_1000000_1000000 -p status.interval=1 -p maxexecutiontime=120 -p operationcount=0 -p shared_config=/users/Xinying/ozonedb/src/config/local/shared_config_rocksdb.json -t
YCSB Client 0.18.0-SNAPSHOT

Loading workload...
Starting test.
SLF4J: Class path contains multiple SLF4J bindings.
SLF4J: Found binding in [jar:file:/users/Xinying/.m2/repository/ch/qos/logback/logback-classic/1.2.3/logback-classic-1.2.3.jar!/org/slf4j/impl/StaticLoggerBinder.class]
SLF4J: Found binding in [jar:file:/users/Xinying/.m2/repository/org/slf4j/slf4j-simple/1.7.25/slf4j-simple-1.7.25.jar!/org/slf4j/impl/StaticLoggerBinder.class]
SLF4J: See http://www.slf4j.org/codes.html#multiple_bindings for an explanation.
SLF4J: Actual binding is of type [ch.qos.logback.classic.util.ContextSelectorStaticBinder]
Maximum execution time specified as: 120 secs
2026-04-28 06:16:04:044 0 sec: 0 operations; 
2026-04-28 06:16:05:044 1 sec: 0 operations; 
DBWrapper: report latency for each error is false and specific error codes to track for latency are: []
2026-04-28 06:16:06:043 2 sec: 16 operations; 16 current ops/sec; [READ: Count=16, Max=505343, Min=18, Avg=219591.5, 90=502783, 99=505343, 99.9=505343, 99.99=505343] 
2026-04-28 06:16:07:043 3 sec: 32190 operations; 32174 current ops/sec; [READ: Count=16139, Max=56671, Min=3, Avg=245.69, 90=205, 99=1249, 99.9=43455, 99.99=56031] [UPDATE: Count=16247, Max=831999, Min=154, Avg=1136.76, 90=791, 99=3233, 99.9=52575, 99.99=830463] 
2026-04-28 06:16:08:043 4 sec: 80671 operations; 48481 current ops/sec; [READ: Count=24068, Max=58719, Min=3, Avg=189.54, 90=167, 99=326, 99.9=41375, 99.99=57631] [UPDATE: Count=24225, Max=93567, Min=145, Avg=463.21, 90=483, 99=770, 99.9=42335, 99.99=93439] 
2026-04-28 06:16:09:043 5 sec: 133049 operations; 52378 current ops/sec; [READ: Count=26166, Max=54623, Min=3, Avg=163.6, 90=150, 99=307, 99.9=37151, 99.99=50495] [UPDATE: Count=26207, Max=53023, Min=145, Avg=445.13, 90=457, 99=692, 99.9=38527, 99.99=51423] 
2026-04-28 06:16:10:043 6 sec: 190669 operations; 57620 current ops/sec; [READ: Count=28829, Max=80447, Min=3, Avg=134.49, 90=145, 99=272, 99.9=25855, 99.99=47199] [UPDATE: Count=28856, Max=71679, Min=147, Avg=426.38, 90=449, 99=638, 99.9=32831, 99.99=54047] 
2026-04-28 06:16:11:043 7 sec: 245943 operations; 55274 current ops/sec; [READ: Count=27591, Max=48095, Min=3, Avg=133.54, 90=148, 99=264, 99.9=22607, 99.99=44575] [UPDATE: Count=27599, Max=52351, Min=148, Avg=415.8, 90=462, 99=743, 99.9=27247, 99.99=45887] 
2026-04-28 06:16:12:043 8 sec: 285667 operations; 39724 current ops/sec; [READ: Count=19870, Max=51935, Min=3, Avg=139.85, 90=155, 99=275, 99.9=17551, 99.99=50207] [UPDATE: Count=19910, Max=384255, Min=155, Avg=689.24, 90=888, 99=1732, 99.9=44159, 99.99=127103] 
2026-04-28 06:16:13:043 9 sec: 336130 operations; 50463 current ops/sec; [READ: Count=25513, Max=144639, Min=3, Avg=139.02, 90=154, 99=284, 99.9=28655, 99.99=39807] [UPDATE: Count=24905, Max=86079, Min=148, Avg=434.1, 90=461, 99=665, 99.9=30639, 99.99=42815] 
2026-04-28 06:16:14:043 10 sec: 391017 operations; 54887 current ops/sec; [READ: Count=27564, Max=190335, Min=3, Avg=170.77, 90=149, 99=293, 99.9=25183, 99.99=153727] [UPDATE: Count=27340, Max=199551, Min=150, Avg=457.29, 90=456, 99=674, 99.9=30927, 99.99=179071] 
2026-04-28 06:16:15:043 11 sec: 448221 operations; 57204 current ops/sec; [READ: Count=28849, Max=56447, Min=3, Avg=153.41, 90=151, 99=282, 99.9=27119, 99.99=54655] [UPDATE: Count=28395, Max=83391, Min=150, Avg=408.3, 90=460, 99=644, 99.9=24911, 99.99=74111] 
2026-04-28 06:16:16:043 12 sec: 501851 operations; 53630 current ops/sec; [READ: Count=26918, Max=87103, Min=3, Avg=149.75, 90=151, 99=288, 99.9=33407, 99.99=79487] [UPDATE: Count=26717, Max=443391, Min=151, Avg=446.36, 90=450, 99=658, 99.9=33887, 99.99=82623] 
2026-04-28 06:16:17:043 13 sec: 534386 operations; 32535 current ops/sec; [READ: Count=16298, Max=26831, Min=4, Avg=127.5, 90=158, 99=318, 99.9=17471, 99.99=24591] [UPDATE: Count=16221, Max=282367, Min=152, Avg=855.58, 90=1096, 99=1588, 99.9=44895, 99.99=105471] 
2026-04-28 06:16:18:044 14 sec: 579341 operations; 44955 current ops/sec; [READ: Count=22373, Max=169855, Min=3, Avg=191.47, 90=164, 99=336, 99.9=30911, 99.99=156031] [UPDATE: Count=22566, Max=179455, Min=142, Avg=506.09, 90=517, 99=1287, 99.9=37695, 99.99=162687] 
2026-04-28 06:16:19:043 15 sec: 635190 operations; 55849 current ops/sec; [READ: Count=28128, Max=84543, Min=3, Avg=150.8, 90=154, 99=269, 99.9=28799, 99.99=81151] [UPDATE: Count=27733, Max=84415, Min=148, Avg=422.35, 90=457, 99=632, 99.9=32047, 99.99=64319] 
2026-04-28 06:16:20:043 16 sec: 692387 operations; 57197 current ops/sec; [READ: Count=28729, Max=58239, Min=4, Avg=136.43, 90=151, 99=280, 99.9=26079, 99.99=55071] [UPDATE: Count=28434, Max=62559, Min=147, Avg=413.03, 90=457, 99=654, 99.9=30607, 99.99=53023] 
2026-04-28 06:16:21:043 17 sec: 748665 operations; 56278 current ops/sec; [READ: Count=28145, Max=67711, Min=4, Avg=145.84, 90=158, 99=293, 99.9=22351, 99.99=62207] [UPDATE: Count=28166, Max=67199, Min=150, Avg=424.75, 90=470, 99=675, 99.9=26703, 99.99=62591] 
2026-04-28 06:16:22:043 18 sec: 784463 operations; 35798 current ops/sec; [READ: Count=17857, Max=27343, Min=4, Avg=128.82, 90=167, 99=318, 99.9=17055, 99.99=26943] [UPDATE: Count=17926, Max=121279, Min=158, Avg=763.63, 90=1063, 99=1606, 99.9=23391, 99.99=121023] 
2026-04-28 06:16:23:043 19 sec: 836061 operations; 51598 current ops/sec; [READ: Count=25838, Max=53727, Min=4, Avg=133.55, 90=160, 99=286, 99.9=23839, 99.99=43231] [UPDATE: Count=25733, Max=49791, Min=152, Avg=474.8, 90=567, 99=1295, 99.9=32287, 99.99=47967] 
2026-04-28 06:16:24:043 20 sec: 889071 operations; 53010 current ops/sec; [READ: Count=26620, Max=275711, Min=4, Avg=165.62, 90=168, 99=313, 99.9=27695, 99.99=63583] [UPDATE: Count=26405, Max=62591, Min=151, Avg=435.85, 90=467, 99=736, 99.9=32207, 99.99=61951] 
2026-04-28 06:16:25:043 21 sec: 942215 operations; 53144 current ops/sec; [READ: Count=26675, Max=121087, Min=4, Avg=181.72, 90=163, 99=310, 99.9=30783, 99.99=114111] [UPDATE: Count=26471, Max=113919, Min=155, Avg=419.11, 90=469, 99=667, 99.9=24287, 99.99=86207] 
2026-04-28 06:16:26:043 22 sec: 998820 operations; 56605 current ops/sec; [READ: Count=28177, Max=53631, Min=4, Avg=135.65, 90=158, 99=291, 99.9=25135, 99.99=43967] [UPDATE: Count=28416, Max=79871, Min=154, Avg=421.48, 90=466, 99=668, 99.9=25983, 99.99=69311] 
2026-04-28 06:16:27:043 23 sec: 1036014 operations; 37194 current ops/sec; [READ: Count=18582, Max=46367, Min=4, Avg=131.24, 90=164, 99=349, 99.9=20623, 99.99=41823] [UPDATE: Count=18605, Max=137343, Min=156, Avg=726.59, 90=942, 99=1838, 99.9=97663, 99.99=134271] 
2026-04-28 06:16:28:043 24 sec: 1084983 operations; 48969 current ops/sec; [READ: Count=24572, Max=380159, Min=4, Avg=171.92, 90=174, 99=310, 99.9=26575, 99.99=76095] [UPDATE: Count=24393, Max=78591, Min=139, Avg=464.45, 90=606, 99=1334, 99.9=22671, 99.99=71487] 
2026-04-28 06:16:29:043 25 sec: 1139998 operations; 55015 current ops/sec; [READ: Count=27617, Max=288511, Min=4, Avg=173.22, 90=164, 99=311, 99.9=30271, 99.99=89855] [UPDATE: Count=27406, Max=88575, Min=146, Avg=415.06, 90=464, 99=652, 99.9=28911, 99.99=73343] 
2026-04-28 06:16:30:043 26 sec: 1196365 operations; 56367 current ops/sec; [READ: Count=28089, Max=61567, Min=4, Avg=140.25, 90=163, 99=307, 99.9=25087, 99.99=54655] [UPDATE: Count=28278, Max=60287, Min=142, Avg=422.55, 90=464, 99=667, 99.9=30687, 99.99=58239] 
2026-04-28 06:16:31:043 27 sec: 1256885 operations; 60520 current ops/sec; [READ: Count=30422, Max=33631, Min=4, Avg=122.76, 90=156, 99=277, 99.9=19919, 99.99=30559] [UPDATE: Count=30099, Max=93631, Min=145, Avg=402.53, 90=456, 99=667, 99.9=24703, 99.99=37855] 
2026-04-28 06:16:32:043 28 sec: 1294183 operations; 37298 current ops/sec; [READ: Count=18752, Max=51263, Min=4, Avg=155.82, 90=176, 99=380, 99.9=22143, 99.99=51231] [UPDATE: Count=18541, Max=224767, Min=155, Avg=701.31, 90=926, 99=1742, 99.9=44703, 99.99=124863] 
2026-04-28 06:16:33:043 29 sec: 1342035 operations; 47852 current ops/sec; [READ: Count=23890, Max=243711, Min=4, Avg=146.33, 90=174, 99=316, 99.9=18863, 99.99=34783] [UPDATE: Count=23971, Max=79487, Min=145, Avg=517.12, 90=769, 99=1392, 99.9=25983, 99.99=68927] 
2026-04-28 06:16:34:043 30 sec: 1393711 operations; 51676 current ops/sec; [READ: Count=25872, Max=123135, Min=4, Avg=163.35, 90=170, 99=346, 99.9=28191, 99.99=87359] [UPDATE: Count=25804, Max=118399, Min=150, Avg=451.94, 90=476, 99=694, 99.9=30495, 99.99=115711] 
2026-04-28 06:16:35:043 31 sec: 1447835 operations; 54124 current ops/sec; [READ: Count=27031, Max=53759, Min=4, Avg=143.55, 90=164, 99=316, 99.9=28223, 99.99=42015] [UPDATE: Count=27096, Max=57087, Min=152, Avg=442.89, 90=475, 99=684, 99.9=32431, 99.99=55199] 
2026-04-28 06:16:36:043 32 sec: 1503442 operations; 55607 current ops/sec; [READ: Count=27816, Max=38687, Min=4, Avg=131.04, 90=171, 99=312, 99.9=24911, 99.99=35487] [UPDATE: Count=27786, Max=86207, Min=155, Avg=440.06, 90=486, 99=703, 99.9=26095, 99.99=45247] 
2026-04-28 06:16:37:043 33 sec: 1545626 operations; 42184 current ops/sec; [READ: Count=21218, Max=72383, Min=4, Avg=131.94, 90=174, 99=334, 99.9=18831, 99.99=39487] [UPDATE: Count=20963, Max=222975, Min=156, Avg=625.36, 90=775, 99=1583, 99.9=32591, 99.99=163071] 
2026-04-28 06:16:38:043 34 sec: 1586530 operations; 40904 current ops/sec; [READ: Count=20702, Max=125503, Min=4, Avg=174.36, 90=177, 99=369, 99.9=27423, 99.99=101887] [UPDATE: Count=20233, Max=125439, Min=148, Avg=608.18, 90=876, 99=1898, 99.9=30687, 99.99=108415] 
2026-04-28 06:16:39:043 35 sec: 1644015 operations; 57485 current ops/sec; [READ: Count=28841, Max=42527, Min=4, Avg=145.48, 90=165, 99=310, 99.9=28287, 99.99=41951] [UPDATE: Count=28623, Max=79551, Min=144, Avg=407.65, 90=457, 99=656, 99.9=29151, 99.99=69119] 
2026-04-28 06:16:40:043 36 sec: 1700625 operations; 56610 current ops/sec; [READ: Count=28357, Max=67391, Min=4, Avg=137.66, 90=170, 99=316, 99.9=22735, 99.99=59743] [UPDATE: Count=28255, Max=68927, Min=146, Avg=423.62, 90=472, 99=675, 99.9=28751, 99.99=65375] 
2026-04-28 06:16:41:043 37 sec: 1757815 operations; 57190 current ops/sec; [READ: Count=28577, Max=44735, Min=4, Avg=132, 90=171, 99=328, 99.9=22879, 99.99=42815] [UPDATE: Count=28617, Max=51487, Min=149, Avg=422.73, 90=476, 99=679, 99.9=29167, 99.99=44575] 
2026-04-28 06:16:42:043 38 sec: 1799902 operations; 42087 current ops/sec; [READ: Count=21040, Max=132991, Min=4, Avg=151.38, 90=175, 99=338, 99.9=20383, 99.99=59007] [UPDATE: Count=21046, Max=258815, Min=152, Avg=604.39, 90=660, 99=1511, 99.9=88767, 99.99=101823] 
2026-04-28 06:16:43:043 39 sec: 1842055 operations; 42153 current ops/sec; [READ: Count=21016, Max=106047, Min=4, Avg=158.54, 90=183, 99=352, 99.9=24511, 99.99=88703] [UPDATE: Count=21163, Max=108223, Min=157, Avg=593.75, 90=883, 99=1466, 99.9=23919, 99.99=103679] 
2026-04-28 06:16:44:043 40 sec: 1894397 operations; 52342 current ops/sec; [READ: Count=26289, Max=88703, Min=4, Avg=148.47, 90=174, 99=320, 99.9=26143, 99.99=60031] [UPDATE: Count=26084, Max=100735, Min=154, Avg=459.24, 90=486, 99=717, 99.9=34463, 99.99=100415] 
2026-04-28 06:16:45:043 41 sec: 1952711 operations; 58314 current ops/sec; [READ: Count=29124, Max=37567, Min=4, Avg=124, 90=168, 99=300, 99.9=18575, 99.99=35039] [UPDATE: Count=29155, Max=79487, Min=157, Avg=419.73, 90=473, 99=649, 99.9=26303, 99.99=68991] 
2026-04-28 06:16:46:043 42 sec: 2006190 operations; 53479 current ops/sec; [READ: Count=26664, Max=131071, Min=4, Avg=165.99, 90=177, 99=354, 99.9=27567, 99.99=73407] [UPDATE: Count=26864, Max=92095, Min=158, Avg=424.63, 90=481, 99=687, 99.9=26687, 99.99=77887] 
2026-04-28 06:16:47:043 43 sec: 2051343 operations; 45153 current ops/sec; [READ: Count=22449, Max=275199, Min=4, Avg=146.58, 90=178, 99=331, 99.9=20847, 99.99=39935] [UPDATE: Count=22610, Max=114495, Min=155, Avg=519.83, 90=496, 99=1100, 99.9=38335, 99.99=104639] 
2026-04-28 06:16:48:043 44 sec: 2089127 operations; 37784 current ops/sec; [READ: Count=18949, Max=86847, Min=4, Avg=149.42, 90=185, 99=350, 99.9=12943, 99.99=85311] [UPDATE: Count=18877, Max=90815, Min=163, Avg=739.39, 90=1052, 99=1755, 99.9=33279, 99.99=89919] 
2026-04-28 06:16:49:043 45 sec: 2142128 operations; 53001 current ops/sec; [READ: Count=26385, Max=81407, Min=4, Avg=161.31, 90=181, 99=353, 99.9=27679, 99.99=76415] [UPDATE: Count=26619, Max=77375, Min=152, Avg=436.21, 90=487, 99=690, 99.9=32015, 99.99=57279] 
2026-04-28 06:16:50:043 46 sec: 2200299 operations; 58171 current ops/sec; [READ: Count=29286, Max=40383, Min=4, Avg=128.01, 90=174, 99=321, 99.9=20703, 99.99=34847] [UPDATE: Count=28884, Max=56351, Min=155, Avg=419.33, 90=477, 99=674, 99.9=26511, 99.99=38367] 
2026-04-28 06:16:51:043 47 sec: 2253878 operations; 53579 current ops/sec; [READ: Count=26860, Max=263167, Min=5, Avg=156.49, 90=183, 99=343, 99.9=24079, 99.99=62239] [UPDATE: Count=26712, Max=78783, Min=152, Avg=436.81, 90=485, 99=678, 99.9=32463, 99.99=66495] 
2026-04-28 06:16:52:043 48 sec: 2304377 operations; 50499 current ops/sec; [READ: Count=25373, Max=105471, Min=5, Avg=158.5, 90=179, 99=348, 99.9=23055, 99.99=104255] [UPDATE: Count=25085, Max=107711, Min=159, Avg=420.94, 90=488, 99=756, 99.9=20607, 99.99=103871] 
2026-04-28 06:16:53:043 49 sec: 2339426 operations; 35049 current ops/sec; [READ: Count=17675, Max=85695, Min=5, Avg=149.44, 90=183, 99=387, 99.9=18271, 99.99=75007] [UPDATE: Count=17406, Max=106687, Min=160, Avg=836.51, 90=1072, 99=1966, 99.9=81983, 99.99=106431] 
2026-04-28 06:16:54:043 50 sec: 2396912 operations; 57486 current ops/sec; [READ: Count=28593, Max=42687, Min=5, Avg=139.95, 90=180, 99=341, 99.9=20799, 99.99=39071] [UPDATE: Count=28899, Max=80191, Min=156, Avg=410.3, 90=490, 99=682, 99.9=19887, 99.99=68607] 
2026-04-28 06:16:55:043 51 sec: 2453556 operations; 56644 current ops/sec; [READ: Count=28166, Max=43167, Min=5, Avg=145.57, 90=176, 99=355, 99.9=23151, 99.99=42495] [UPDATE: Count=28482, Max=80127, Min=151, Avg=411.83, 90=484, 99=715, 99.9=21743, 99.99=68735] 
2026-04-28 06:16:56:043 52 sec: 2506289 operations; 52733 current ops/sec; [READ: Count=26161, Max=62495, Min=5, Avg=155.93, 90=180, 99=364, 99.9=27135, 99.99=60159] [UPDATE: Count=26576, Max=304639, Min=156, Avg=445.03, 90=478, 99=693, 99.9=30847, 99.99=80895] 
2026-04-28 06:16:57:043 53 sec: 2561080 operations; 54791 current ops/sec; [READ: Count=27508, Max=101951, Min=5, Avg=142.15, 90=176, 99=348, 99.9=23055, 99.99=40287] [UPDATE: Count=27274, Max=96255, Min=152, Avg=438.28, 90=480, 99=672, 99.9=31375, 99.99=92863] 
2026-04-28 06:16:58:043 54 sec: 2590464 operations; 29384 current ops/sec; [READ: Count=14715, Max=67519, Min=5, Avg=153.42, 90=195, 99=384, 99.9=13927, 99.99=66367] [UPDATE: Count=14662, Max=131839, Min=173, Avg=932.07, 90=1256, 99=1848, 99.9=63551, 99.99=130495] 
2026-04-28 06:16:59:043 55 sec: 2645293 operations; 54829 current ops/sec; [READ: Count=27232, Max=39423, Min=5, Avg=138.92, 90=184, 99=355, 99.9=20031, 99.99=35935] [UPDATE: Count=27605, Max=80255, Min=153, Avg=437.83, 90=512, 99=1123, 99.9=26799, 99.99=68479] 
2026-04-28 06:17:00:043 56 sec: 2697115 operations; 51822 current ops/sec; [READ: Count=25791, Max=86463, Min=5, Avg=160.26, 90=184, 99=379, 99.9=24687, 99.99=81151] [UPDATE: Count=26035, Max=140415, Min=153, Avg=450.42, 90=483, 99=726, 99.9=35391, 99.99=83967] 
2026-04-28 06:17:01:043 57 sec: 2748699 operations; 51584 current ops/sec; [READ: Count=25674, Max=109631, Min=5, Avg=160.92, 90=194, 99=384, 99.9=24399, 99.99=101503] [UPDATE: Count=25919, Max=102399, Min=158, Avg=453.43, 90=493, 99=727, 99.9=29311, 99.99=89215] 
2026-04-28 06:17:02:043 58 sec: 2805296 operations; 56597 current ops/sec; [READ: Count=28155, Max=76543, Min=5, Avg=139.84, 90=184, 99=351, 99.9=20047, 99.99=63967] [UPDATE: Count=28431, Max=80575, Min=153, Avg=419.4, 90=489, 99=720, 99.9=20911, 99.99=68479] 
2026-04-28 06:17:03:043 59 sec: 2838655 operations; 33359 current ops/sec; [READ: Count=16785, Max=41503, Min=5, Avg=125.57, 90=195, 99=378, 99.9=10487, 99.99=34175] [UPDATE: Count=16572, Max=136575, Min=162, Avg=833.56, 90=1109, 99=2107, 99.9=81599, 99.99=126399] 
2026-04-28 06:17:04:043 60 sec: 2895186 operations; 56531 current ops/sec; [READ: Count=28316, Max=34495, Min=5, Avg=140.1, 90=195, 99=367, 99.9=21855, 99.99=29551] [UPDATE: Count=28252, Max=65599, Min=151, Avg=421.27, 90=496, 99=729, 99.9=25135, 99.99=45407] 
2026-04-28 06:17:05:043 61 sec: 2948301 operations; 53115 current ops/sec; [READ: Count=26427, Max=131967, Min=5, Avg=166.95, 90=188, 99=375, 99.9=24111, 99.99=73599] [UPDATE: Count=26656, Max=192127, Min=144, Avg=429.06, 90=476, 99=692, 99.9=28575, 99.99=79999] 
2026-04-28 06:17:06:043 62 sec: 3000493 operations; 52192 current ops/sec; [READ: Count=26010, Max=106303, Min=5, Avg=180.26, 90=186, 99=393, 99.9=31903, 99.99=90431] [UPDATE: Count=26150, Max=103359, Min=156, Avg=410.93, 90=474, 99=684, 99.9=28031, 99.99=81407] 
2026-04-28 06:17:07:043 63 sec: 3057701 operations; 57208 current ops/sec; [READ: Count=28542, Max=49279, Min=5, Avg=137.83, 90=189, 99=378, 99.9=20799, 99.99=44799] [UPDATE: Count=28656, Max=100927, Min=158, Avg=430.28, 90=491, 99=721, 99.9=26559, 99.99=69055] 
2026-04-28 06:17:08:043 64 sec: 3092708 operations; 35007 current ops/sec; [READ: Count=17532, Max=34911, Min=5, Avg=126.56, 90=195, 99=413, 99.9=11463, 99.99=32303] [UPDATE: Count=17489, Max=126335, Min=162, Avg=785.33, 90=1057, 99=2075, 99.9=57311, 99.99=105535] 
2026-04-28 06:17:09:046 65 sec: 3143770 operations; 50960.08 current ops/sec; [READ: Count=25516, Max=41311, Min=5, Avg=138.55, 90=195, 99=359, 99.9=20863, 99.99=36127] [UPDATE: Count=25570, Max=100607, Min=152, Avg=484.12, 90=594, 99=1318, 99.9=24703, 99.99=100287] 
2026-04-28 06:17:10:043 66 sec: 3194547 operations; 50878.76 current ops/sec; [READ: Count=25375, Max=61375, Min=5, Avg=148.12, 90=199, 99=390, 99.9=21743, 99.99=42175] [UPDATE: Count=25402, Max=297215, Min=153, Avg=475.66, 90=495, 99=765, 99.9=34367, 99.99=100159] 
2026-04-28 06:17:11:043 67 sec: 3246621 operations; 52074 current ops/sec; [READ: Count=26001, Max=113087, Min=5, Avg=166.51, 90=190, 99=412, 99.9=25391, 99.99=101503] [UPDATE: Count=26082, Max=114559, Min=152, Avg=442.69, 90=487, 99=758, 99.9=32591, 99.99=87615] 
2026-04-28 06:17:12:043 68 sec: 3302691 operations; 56070 current ops/sec; [READ: Count=28195, Max=65919, Min=5, Avg=153.31, 90=191, 99=365, 99.9=25199, 99.99=62047] [UPDATE: Count=27875, Max=81535, Min=150, Avg=413.99, 90=491, 99=695, 99.9=22495, 99.99=68543] 
2026-04-28 06:17:13:043 69 sec: 3343267 operations; 40576 current ops/sec; [READ: Count=20218, Max=32063, Min=5, Avg=137.64, 90=200, 99=386, 99.9=16351, 99.99=29935] [UPDATE: Count=20328, Max=102399, Min=151, Avg=644.78, 90=932, 99=1552, 99.9=27551, 99.99=102015] 
2026-04-28 06:17:14:043 70 sec: 3389754 operations; 46487 current ops/sec; [READ: Count=23130, Max=164607, Min=5, Avg=177.25, 90=206, 99=417, 99.9=29375, 99.99=71231] [UPDATE: Count=23379, Max=74815, Min=157, Avg=497.44, 90=640, 99=1393, 99.9=30815, 99.99=61535] 
2026-04-28 06:17:15:043 71 sec: 3438612 operations; 48858 current ops/sec; [READ: Count=24486, Max=114943, Min=5, Avg=186.34, 90=195, 99=428, 99.9=29775, 99.99=100863] [UPDATE: Count=24372, Max=192383, Min=157, Avg=470.89, 90=489, 99=755, 99.9=40735, 99.99=100863] 
2026-04-28 06:17:16:043 72 sec: 3495015 operations; 56403 current ops/sec; [READ: Count=28338, Max=52735, Min=5, Avg=143.49, 90=187, 99=385, 99.9=23151, 99.99=34143] [UPDATE: Count=28039, Max=62623, Min=156, Avg=406.38, 90=481, 99=718, 99.9=22463, 99.99=54975] 
2026-04-28 06:17:17:043 73 sec: 3551545 operations; 56530 current ops/sec; [READ: Count=28375, Max=86015, Min=6, Avg=150.65, 90=185, 99=366, 99.9=23119, 99.99=62207] [UPDATE: Count=28179, Max=100799, Min=157, Avg=425.44, 90=485, 99=715, 99.9=22367, 99.99=88447] 
2026-04-28 06:17:18:043 74 sec: 3592568 operations; 41023 current ops/sec; [READ: Count=20577, Max=52639, Min=6, Avg=137.32, 90=195, 99=374, 99.9=18351, 99.99=40287] [UPDATE: Count=20425, Max=182271, Min=158, Avg=626.96, 90=802, 99=1741, 99.9=52927, 99.99=171263] 
2026-04-28 06:17:19:043 75 sec: 3638618 operations; 46050 current ops/sec; [READ: Count=22851, Max=171647, Min=6, Avg=158.71, 90=204, 99=417, 99.9=20543, 99.99=39295] [UPDATE: Count=23229, Max=172287, Min=150, Avg=539.42, 90=824, 99=1680, 99.9=25471, 99.99=57471] 
2026-04-28 06:17:20:043 76 sec: 3692506 operations; 53888 current ops/sec; [READ: Count=26825, Max=112191, Min=5, Avg=167.62, 90=197, 99=397, 99.9=27551, 99.99=83391] [UPDATE: Count=27052, Max=105343, Min=151, Avg=420.16, 90=488, 99=723, 99.9=26591, 99.99=81343] 
2026-04-28 06:17:21:043 77 sec: 3746183 operations; 53677 current ops/sec; [READ: Count=26981, Max=70335, Min=6, Avg=164.34, 90=205, 99=424, 99.9=24687, 99.99=60927] [UPDATE: Count=26712, Max=69119, Min=148, Avg=428.23, 90=499, 99=776, 99.9=29343, 99.99=65055] 
2026-04-28 06:17:22:043 78 sec: 3803358 operations; 57175 current ops/sec; [READ: Count=28691, Max=41343, Min=6, Avg=140.19, 90=196, 99=391, 99.9=20319, 99.99=35551] [UPDATE: Count=28479, Max=65983, Min=150, Avg=415.62, 90=495, 99=716, 99.9=23711, 99.99=45151] 
2026-04-28 06:17:23:043 79 sec: 3845309 operations; 41951 current ops/sec; [READ: Count=20830, Max=76287, Min=6, Avg=154.56, 90=195, 99=415, 99.9=22655, 99.99=69823] [UPDATE: Count=21087, Max=105343, Min=154, Avg=593.38, 90=689, 99=1469, 99.9=63999, 99.99=104831] 
2026-04-28 06:17:24:043 80 sec: 3880284 operations; 34975 current ops/sec; [READ: Count=17438, Max=85887, Min=6, Avg=167.27, 90=217, 99=457, 99.9=17807, 99.99=85695] [UPDATE: Count=17561, Max=158207, Min=161, Avg=749.19, 90=1094, 99=1716, 99.9=71295, 99.99=102271] 
2026-04-28 06:17:25:043 81 sec: 3936249 operations; 55965 current ops/sec; [READ: Count=27854, Max=41119, Min=6, Avg=146.39, 90=201, 99=404, 99.9=23391, 99.99=35007] [UPDATE: Count=28109, Max=60895, Min=148, Avg=419.33, 90=495, 99=737, 99.9=27503, 99.99=54591] 
2026-04-28 06:17:26:043 82 sec: 3992796 operations; 56547 current ops/sec; [READ: Count=28349, Max=79487, Min=6, Avg=150.07, 90=194, 99=408, 99.9=23359, 99.99=46079] [UPDATE: Count=28212, Max=85887, Min=153, Avg=411.64, 90=476, 99=714, 99.9=23823, 99.99=59391] 
2026-04-28 06:17:27:043 83 sec: 4049364 operations; 56568 current ops/sec; [READ: Count=28048, Max=44895, Min=6, Avg=143.85, 90=196, 99=407, 99.9=22351, 99.99=37407] [UPDATE: Count=28517, Max=100479, Min=155, Avg=414.72, 90=488, 99=724, 99.9=24911, 99.99=59647] 
2026-04-28 06:17:28:043 84 sec: 4096100 operations; 46736 current ops/sec; [READ: Count=23595, Max=193023, Min=6, Avg=155.72, 90=203, 99=404, 99.9=18543, 99.99=57215] [UPDATE: Count=23114, Max=113663, Min=158, Avg=527.99, 90=606, 99=1460, 99.9=26111, 99.99=111871] 
2026-04-28 06:17:29:043 85 sec: 4135472 operations; 39372 current ops/sec; [READ: Count=19639, Max=90367, Min=6, Avg=159.84, 90=213, 99=440, 99.9=19279, 99.99=87871] [UPDATE: Count=19762, Max=89215, Min=158, Avg=646.25, 90=995, 99=1591, 99.9=33567, 99.99=86655] 
2026-04-28 06:17:30:043 86 sec: 4190914 operations; 55442 current ops/sec; [READ: Count=27769, Max=42783, Min=6, Avg=138.23, 90=196, 99=412, 99.9=19823, 99.99=39295] [UPDATE: Count=27629, Max=85119, Min=153, Avg=421.15, 90=488, 99=720, 99.9=27807, 99.99=68223] 
2026-04-28 06:17:31:043 87 sec: 4247045 operations; 56131 current ops/sec; [READ: Count=27947, Max=58655, Min=6, Avg=147.56, 90=197, 99=397, 99.9=21567, 99.99=42527] [UPDATE: Count=28217, Max=69567, Min=158, Avg=429.59, 90=490, 99=706, 99.9=29935, 99.99=64287] 
2026-04-28 06:17:32:043 88 sec: 4300706 operations; 53661 current ops/sec; [READ: Count=26856, Max=46943, Min=6, Avg=148.22, 90=200, 99=405, 99.9=21871, 99.99=45791] [UPDATE: Count=26777, Max=100543, Min=162, Avg=430.22, 90=498, 99=750, 99.9=25263, 99.99=62527] 
2026-04-28 06:17:33:043 89 sec: 4349535 operations; 48829 current ops/sec; [READ: Count=24699, Max=227839, Min=6, Avg=166.78, 90=203, 99=410, 99.9=19967, 99.99=72895] [UPDATE: Count=24147, Max=293119, Min=164, Avg=502.19, 90=494, 99=821, 99.9=39615, 99.99=128127] 
2026-04-28 06:17:34:043 90 sec: 4387449 operations; 37914 current ops/sec; [READ: Count=18999, Max=68159, Min=6, Avg=142.87, 90=219, 99=420, 99.9=11247, 99.99=67967] [UPDATE: Count=18925, Max=70911, Min=156, Avg=696.98, 90=1069, 99=1989, 99.9=13687, 99.99=68415] 
2026-04-28 06:17:35:043 91 sec: 4439515 operations; 52066 current ops/sec; [READ: Count=25803, Max=75839, Min=6, Avg=170.7, 90=205, 99=446, 99.9=26591, 99.99=63071] [UPDATE: Count=26253, Max=65919, Min=157, Avg=434.12, 90=500, 99=723, 99.9=31759, 99.99=65215] 
2026-04-28 06:17:36:043 92 sec: 4496975 operations; 57460 current ops/sec; [READ: Count=28830, Max=32751, Min=6, Avg=142.52, 90=200, 99=406, 99.9=21823, 99.99=31455] [UPDATE: Count=28625, Max=66111, Min=158, Avg=412.53, 90=494, 99=725, 99.9=24911, 99.99=61663] 
2026-04-28 06:17:37:043 93 sec: 4551824 operations; 54849 current ops/sec; [READ: Count=27368, Max=120511, Min=6, Avg=155.22, 90=208, 99=415, 99.9=20015, 99.99=58527] [UPDATE: Count=27495, Max=72639, Min=155, Avg=418.7, 90=502, 99=743, 99.9=21007, 99.99=65855] 
2026-04-28 06:17:38:043 94 sec: 4601879 operations; 50055 current ops/sec; [READ: Count=24999, Max=258943, Min=6, Avg=155.73, 90=203, 99=414, 99.9=19727, 99.99=86911] [UPDATE: Count=25021, Max=103679, Min=160, Avg=443.06, 90=499, 99=767, 99.9=25743, 99.99=81983] 
2026-04-28 06:17:39:043 95 sec: 4629813 operations; 27934 current ops/sec; [READ: Count=14133, Max=648703, Min=6, Avg=207.88, 90=226, 99=446, 99.9=6103, 99.99=150783] [UPDATE: Count=13816, Max=231807, Min=187, Avg=996.82, 90=1181, 99=1780, 99.9=95167, 99.99=207871] 
2026-04-28 06:17:40:043 96 sec: 4679372 operations; 49559 current ops/sec; [READ: Count=24699, Max=886783, Min=6, Avg=212.08, 90=220, 99=470, 99.9=26127, 99.99=74111] [UPDATE: Count=24889, Max=76927, Min=160, Avg=435.18, 90=508, 99=807, 99.9=27407, 99.99=60543] 
2026-04-28 06:17:41:043 97 sec: 4735551 operations; 56179 current ops/sec; [READ: Count=27914, Max=44671, Min=6, Avg=152, 90=208, 99=436, 99.9=22319, 99.99=34655] [UPDATE: Count=28221, Max=87743, Min=161, Avg=412.35, 90=508, 99=743, 99.9=20751, 99.99=37951] 
2026-04-28 06:17:42:043 98 sec: 4787578 operations; 52027 current ops/sec; [READ: Count=26073, Max=76351, Min=6, Avg=152.41, 90=212, 99=445, 99.9=19199, 99.99=70015] [UPDATE: Count=25988, Max=152319, Min=164, Avg=457.24, 90=518, 99=864, 99.9=23567, 99.99=78079] 
2026-04-28 06:17:43:043 99 sec: 4829767 operations; 42189 current ops/sec; [READ: Count=21053, Max=480767, Min=6, Avg=224.07, 90=196, 99=443, 99.9=20111, 99.99=273919] [UPDATE: Count=21144, Max=273151, Min=168, Avg=531.23, 90=498, 99=822, 99.9=25055, 99.99=270591] 
2026-04-28 06:17:44:043 100 sec: 4853345 operations; 23578 current ops/sec; [READ: Count=11831, Max=126143, Min=6, Avg=188.3, 90=206, 99=595, 99.9=23711, 99.99=115903] [UPDATE: Count=11705, Max=156159, Min=166, Avg=1167.02, 90=1604, 99=5415, 99.9=74943, 99.99=155135] 
2026-04-28 06:17:45:043 101 sec: 4883282 operations; 29937 current ops/sec; [READ: Count=15090, Max=42111, Min=6, Avg=148.36, 90=222, 99=492, 99.9=10191, 99.99=41311] [UPDATE: Count=14878, Max=40287, Min=169, Avg=922.7, 90=1336, 99=4799, 99.9=14839, 99.99=34975] 
2026-04-28 06:17:46:043 102 sec: 4938515 operations; 55233 current ops/sec; [READ: Count=27773, Max=35167, Min=6, Avg=142.71, 90=203, 99=486, 99.9=21103, 99.99=31023] [UPDATE: Count=27468, Max=65599, Min=162, Avg=432.76, 90=504, 99=818, 99.9=24399, 99.99=63007] 
2026-04-28 06:17:47:043 103 sec: 4994125 operations; 55610 current ops/sec; [READ: Count=27470, Max=65599, Min=6, Avg=137.8, 90=185, 99=431, 99.9=20015, 99.99=41439] [UPDATE: Count=28126, Max=85759, Min=164, Avg=424.24, 90=495, 99=804, 99.9=22239, 99.99=85631] 
2026-04-28 06:17:48:043 104 sec: 5048799 operations; 54674 current ops/sec; [READ: Count=27372, Max=270335, Min=6, Avg=157.03, 90=191, 99=468, 99.9=20159, 99.99=53567] [UPDATE: Count=27309, Max=169471, Min=166, Avg=427.33, 90=489, 99=827, 99.9=21935, 99.99=82879] 
2026-04-28 06:17:49:043 105 sec: 5081119 operations; 32320 current ops/sec; [READ: Count=15954, Max=106559, Min=6, Avg=177.67, 90=220, 99=491, 99.9=14759, 99.99=104063] [UPDATE: Count=16352, Max=107135, Min=169, Avg=803.77, 90=1101, 99=1790, 99.9=94079, 99.99=97023] 
2026-04-28 06:17:50:043 106 sec: 5134925 operations; 53806 current ops/sec; [READ: Count=27103, Max=69247, Min=6, Avg=144.79, 90=197, 99=492, 99.9=15903, 99.99=62015] [UPDATE: Count=26719, Max=82239, Min=156, Avg=443.85, 90=505, 99=978, 99.9=26847, 99.99=78719] 
2026-04-28 06:17:51:043 107 sec: 5192264 operations; 57339 current ops/sec; [READ: Count=28705, Max=31311, Min=6, Avg=137.51, 90=200, 99=453, 99.9=19295, 99.99=28639] [UPDATE: Count=28618, Max=85247, Min=158, Avg=414.33, 90=504, 99=780, 99.9=21391, 99.99=68287] 
2026-04-28 06:17:52:043 108 sec: 5247227 operations; 54963 current ops/sec; [READ: Count=27458, Max=89727, Min=7, Avg=151.78, 90=201, 99=493, 99.9=18527, 99.99=54943] [UPDATE: Count=27515, Max=85503, Min=156, Avg=420.97, 90=499, 99=806, 99.9=22143, 99.99=68351] 
2026-04-28 06:17:53:043 109 sec: 5299638 operations; 52411 current ops/sec; [READ: Count=26334, Max=245119, Min=7, Avg=167.01, 90=203, 99=480, 99.9=18927, 99.99=79871] [UPDATE: Count=26069, Max=108095, Min=160, Avg=441.87, 90=505, 99=905, 99.9=23999, 99.99=76095] 
2026-04-28 06:17:54:043 110 sec: 5334028 operations; 34390 current ops/sec; [READ: Count=17135, Max=634367, Min=7, Avg=199.57, 90=217, 99=552, 99.9=17071, 99.99=50527] [UPDATE: Count=17267, Max=108543, Min=165, Avg=719.69, 90=993, 99=1691, 99.9=59647, 99.99=107455] 
2026-04-28 06:17:55:043 111 sec: 5384355 operations; 50327 current ops/sec; [READ: Count=25254, Max=38303, Min=6, Avg=134.17, 90=210, 99=490, 99.9=11143, 99.99=28447] [UPDATE: Count=25051, Max=769023, Min=163, Avg=505.5, 90=629, 99=1346, 99.9=23551, 99.99=66175] 
2026-04-28 06:17:56:043 112 sec: 5439646 operations; 55291 current ops/sec; [READ: Count=27609, Max=36415, Min=6, Avg=144.54, 90=202, 99=469, 99.9=20863, 99.99=35423] [UPDATE: Count=27687, Max=85951, Min=164, Avg=430.29, 90=505, 99=876, 99.9=24175, 99.99=68991] 
2026-04-28 06:17:57:043 113 sec: 5487020 operations; 47374 current ops/sec; [READ: Count=23712, Max=285183, Min=7, Avg=168.09, 90=204, 99=510, 99.9=18767, 99.99=57663] [UPDATE: Count=23647, Max=62463, Min=161, Avg=435.52, 90=503, 99=838, 99.9=25455, 99.99=61855] 
2026-04-28 06:17:58:043 114 sec: 5536105 operations; 49085 current ops/sec; [READ: Count=24519, Max=287999, Min=7, Avg=225.59, 90=202, 99=470, 99.9=18415, 99.99=284159] [UPDATE: Count=24586, Max=474367, Min=155, Avg=484.2, 90=506, 99=790, 99.9=22639, 99.99=287999] 
2026-04-28 06:17:59:043 115 sec: 5572058 operations; 35953 current ops/sec; [READ: Count=17853, Max=107455, Min=7, Avg=188.01, 90=209, 99=543, 99.9=23119, 99.99=79103] [UPDATE: Count=18102, Max=109375, Min=163, Avg=699.1, 90=905, 99=1957, 99.9=85567, 99.99=105279] 
2026-04-28 06:18:00:043 116 sec: 5604778 operations; 32720 current ops/sec; [READ: Count=16440, Max=10671, Min=7, Avg=125, 90=229, 99=484, 99.9=5523, 99.99=10383] [UPDATE: Count=16277, Max=95615, Min=242, Avg=851.36, 90=1195, 99=2219, 99.9=11727, 99.99=64159] 
2026-04-28 06:18:01:043 117 sec: 5659101 operations; 54323 current ops/sec; [READ: Count=27075, Max=40415, Min=7, Avg=144.61, 90=205, 99=499, 99.9=21263, 99.99=31391] [UPDATE: Count=27246, Max=40127, Min=159, Avg=430.84, 90=535, 99=1217, 99.9=24575, 99.99=39423] 
2026-04-28 06:18:02:043 118 sec: 5714324 operations; 55223 current ops/sec; [READ: Count=27527, Max=75327, Min=7, Avg=155.07, 90=201, 99=490, 99.9=22879, 99.99=54239] [UPDATE: Count=27699, Max=68735, Min=160, Avg=417.29, 90=496, 99=827, 99.9=24143, 99.99=62623] 
2026-04-28 06:18:03:043 119 sec: 5767520 operations; 53196 current ops/sec; [READ: Count=26357, Max=294143, Min=7, Avg=175.5, 90=202, 99=509, 99.9=20799, 99.99=108095] [UPDATE: Count=26846, Max=116991, Min=154, Avg=427.74, 90=492, 99=802, 99.9=26671, 99.99=98495] 
Maximum time elapsed. Requesting stop for the workload.
Stop requested for workload. Now Joining!
2026-04-28 06:18:04:043 120 sec: 5808959 operations; 41439 current ops/sec; [READ: Count=20811, Max=65919, Min=7, Avg=149.29, 90=208, 99=505, 99.9=20895, 99.99=49215] [UPDATE: Count=20619, Max=105215, Min=152, Avg=621.53, 90=744, 99=1552, 99.9=71615, 99.99=102719] 
2026-04-28 06:18:04:144 120 sec: 5809034 operations; 742.57 current ops/sec; [READ: Count=31, Max=6207, Min=8, Avg=313.03, 90=284, 99=6207, 99.9=6207, 99.99=6207] [CLEANUP: Count=16, Max=94975, Min=2056, Avg=67616.06, 90=94335, 99=94975, 99.9=94975, 99.99=94975] [UPDATE: Count=26, Max=6035, Min=299, Avg=1037.12, 90=1207, 99=6035, 99.9=6035, 99.99=6035] 
	Command being timed: "/users/Xinying/ozonedb/ycsb/bin/ycsb run ozonedb -threads 16 -s -P /users/Xinying/ozonedb/ycsb/workloads/generated_workloads/workloada_1KB_1000000_1000000 -p status.interval=1 -p maxexecutiontime=120 -p operationcount=0 -p shared_config=/users/Xinying/ozonedb/src/config/local/shared_config_rocksdb.json"
	User time (seconds): 537.43
	System time (seconds): 806.40
	Percent of CPU this job got: 997%
	Elapsed (wall clock) time (h:mm:ss or m:ss): 2:14.77
	Average shared text size (kbytes): 0
	Average unshared data size (kbytes): 0
	Average stack size (kbytes): 0
	Average total size (kbytes): 0
	Maximum resident set size (kbytes): 98008704
	Average resident set size (kbytes): 0
	Major (requiring I/O) page faults: 837
	Minor (reclaiming a frame) page faults: 25675724
	Voluntary context switches: 19508172
	Involuntary context switches: 35239
	Swaps: 0
	File system inputs: 184539233
	File system outputs: 16744281
	Socket messages sent: 0
	Socket messages received: 0
	Signals delivered: 0
	Page size (bytes): 4096
	Exit status: 0
