# CMD: /usr/bin/time -v /users/Xinying/ozonedb/ycsb/bin/ycsb run ozonedb -threads 8 -s -P /users/Xinying/ozonedb/ycsb/workloads/generated_workloads/workloadd_1KB_1000000_1000000 -p status.interval=1 -p maxexecutiontime=120 -p operationcount=0 -p shared_config=/users/Xinying/ozonedb/src/config/local/shared_config_rocksdb.json
# devices=['sda6'] sectors_before=1289287128 sectors_after=1300640448
# elapsed_s=129.16 returncode=0

=== STDOUT ===
Starting compaction watcher
Starting compaction watcher
Starting compaction watcher
Starting compaction watcher
Starting compaction watcher
Starting compaction watcher
Starting compaction watcher
Starting compaction watcher
2026-04-28 07:33:36:657 - NewTail completed: 
2026-04-28 07:33:36:664 - NewTail completed: 
2026-04-28 07:33:36:664 - NewTail completed: 
2026-04-28 07:33:36:664 - NewTail completed: 
2026-04-28 07:33:40:060 - NewTail completed: 
2026-04-28 07:33:40:061 - Compaction started: 
140299871450688:Compacting datalog/35 datalog/36 into:sstable1/d8929dd7-dfa2-455d-b677-d7b019c0d371202604280133331777361620263283776.sst
2026-04-28 07:33:40:660 - Compaction completed: 
2026-04-28 07:33:40:660 - Compaction started: 
140300625524288:Compacting sstable1/fdf40179-5256-4028-90ea-15af28ebf787202604231034301776962195318187250.sst sstable1/fdf40179-5256-4028-90ea-15af28ebf787202604231034301776962203658627099.sst into:sstable2/55df5af8-e513-4d69-82d7-4a7be9b438eb202604280133331777361621488612793.sst
2026-04-28 07:33:42:361 - Compaction completed: 
2026-04-28 07:33:43:930 - NewTail completed: 
2026-04-28 07:33:47:536 - NewTail completed: 
2026-04-28 07:33:47:536 - NewTail completed: 
2026-04-28 07:33:47:538 - NewTail completed: 
2026-04-28 07:33:47:570 - Compaction started: 
140299821094464:Compacting datalog/37 datalog/38 into:sstable1/45625cfa-31e7-4fd8-ad58-ed6afc2d39d9202604280133331777361627792336213.sst
2026-04-28 07:33:48:215 - Compaction completed: 
2026-04-28 07:33:51:240 - NewTail completed: 
2026-04-28 07:33:51:242 - NewTail completed: 
2026-04-28 07:33:54:976 - NewTail completed: 
2026-04-28 07:33:54:979 - NewTail completed: 
2026-04-28 07:33:54:979 - NewTail completed: 
2026-04-28 07:33:54:980 - Compaction started: 
140299821094464:Compacting datalog/39 datalog/40 into:sstable1/45625cfa-31e7-4fd8-ad58-ed6afc2d39d9202604280133331777361635084591768.sst
2026-04-28 07:33:55:485 - Compaction started: 
2026-04-28 07:33:55:493 - Compaction completed: 
140300625524288:Compacting sstable1/fdf40179-5256-4028-90ea-15af28ebf787202604231034301776962212445933441.sst sstable1/d8929dd7-dfa2-455d-b677-d7b019c0d371202604280133331777361620263283776.sst into:sstable2/55df5af8-e513-4d69-82d7-4a7be9b438eb202604280133331777361636178694195.sst
2026-04-28 07:33:57:097 - Compaction completed: 
2026-04-28 07:33:59:048 - NewTail completed: 
2026-04-28 07:33:59:049 - NewTail completed: 
2026-04-28 07:34:02:787 - NewTail completed: 
2026-04-28 07:34:02:787 - NewTail completed: 
2026-04-28 07:34:02:787 - NewTail completed: 
2026-04-28 07:34:02:787 - NewTail completed: 
2026-04-28 07:34:02:789 - NewTail completed: 
2026-04-28 07:34:02:801 - Compaction started: 
140299871450688:Compacting datalog/41 datalog/42 into:sstable1/d8929dd7-dfa2-455d-b677-d7b019c0d371202604280133331777361642909774588.sst
2026-04-28 07:34:03:322 - Compaction completed: 
2026-04-28 07:34:06:590 - NewTail completed: 
2026-04-28 07:34:06:591 - NewTail completed: 
2026-04-28 07:34:06:592 - NewTail completed: 
2026-04-28 07:34:06:592 - NewTail completed: 
2026-04-28 07:34:10:461 - NewTail completed: 
2026-04-28 07:34:10:464 - NewTail completed: 
2026-04-28 07:34:10:523 - Compaction started: 
140300625524288:Compacting datalog/43 datalog/44 into:sstable1/55df5af8-e513-4d69-82d7-4a7be9b438eb202604280133331777361650675319090.sst
2026-04-28 07:34:11:089 - Compaction completed: 
2026-04-28 07:34:11:126 - Compaction started: 
140300625524288:Compacting sstable1/45625cfa-31e7-4fd8-ad58-ed6afc2d39d9202604280133331777361627792336213.sst sstable1/45625cfa-31e7-4fd8-ad58-ed6afc2d39d9202604280133331777361635084591768.sst into:sstable2/55df5af8-e513-4d69-82d7-4a7be9b438eb202604280133331777361651839481563.sst
2026-04-28 07:34:12:734 - Compaction completed: 
2026-04-28 07:34:14:668 - NewTail completed: 
2026-04-28 07:34:14:670 - NewTail completed: 
2026-04-28 07:34:18:603 - NewTail completed: 
2026-04-28 07:34:18:605 - NewTail completed: 
2026-04-28 07:34:18:605 - NewTail completed: 
2026-04-28 07:34:18:637 - Compaction started: 
140299821094464:Compacting datalog/45 datalog/46 into:sstable1/45625cfa-31e7-4fd8-ad58-ed6afc2d39d9202604280133331777361658761065872.sst
2026-04-28 07:34:19:168 - Compaction completed: 
2026-04-28 07:34:22:709 - NewTail completed: 
2026-04-28 07:34:22:709 - NewTail completed: 
2026-04-28 07:34:22:709 - NewTail completed: 
2026-04-28 07:34:22:709 - NewTail completed: 
2026-04-28 07:34:26:509 - NewTail completed: 
2026-04-28 07:34:26:547 - Compaction started: 
140299821094464:Compacting datalog/47 datalog/48 into:sstable1/45625cfa-31e7-4fd8-ad58-ed6afc2d39d9202604280133331777361666689805895.sst
2026-04-28 07:34:27:104 - Compaction completed: 
2026-04-28 07:34:27:150 - Compaction started: 
140299821094464:Compacting sstable1/d8929dd7-dfa2-455d-b677-d7b019c0d371202604280133331777361642909774588.sst sstable1/55df5af8-e513-4d69-82d7-4a7be9b438eb202604280133331777361650675319090.sst into:sstable2/45625cfa-31e7-4fd8-ad58-ed6afc2d39d9202604280133331777361667859715534.sst
2026-04-28 07:34:28:766 - Compaction completed: 
2026-04-28 07:34:30:787 - NewTail completed: 
2026-04-28 07:34:34:888 - NewTail completed: 
2026-04-28 07:34:34:962 - Compaction started: 
140299871450688:Compacting datalog/49 datalog/50 into:sstable1/d8929dd7-dfa2-455d-b677-d7b019c0d371202604280133331777361675085916567.sst
2026-04-28 07:34:35:490 - Compaction completed: 
2026-04-28 07:34:39:192 - NewTail completed: 
2026-04-28 07:34:43:228 - NewTail completed: 
2026-04-28 07:34:43:229 - NewTail completed: 
2026-04-28 07:34:43:230 - NewTail completed: 
2026-04-28 07:34:43:282 - Compaction started: 
140300625524288:Compacting datalog/51 datalog/52 into:sstable1/55df5af8-e513-4d69-82d7-4a7be9b438eb202604280133331777361683458838430.sst
2026-04-28 07:34:43:883 - Compaction completed: 
2026-04-28 07:34:43:897 - Compaction started: 
140300642309696:Compacting sstable1/45625cfa-31e7-4fd8-ad58-ed6afc2d39d9202604280133331777361658761065872.sst sstable1/45625cfa-31e7-4fd8-ad58-ed6afc2d39d9202604280133331777361666689805895.sst into:sstable2/dfc03ec4-a1ae-415b-ab40-f529688ebc1c202604280133331777361684776723718.sst
2026-04-28 07:34:45:658 - Compaction completed: 
2026-04-28 07:34:47:602 - NewTail completed: 
2026-04-28 07:34:52:135 - NewTail completed: 2026-04-28 07:34:52:135 - NewTail completed: 

2026-04-28 07:34:52:213 - Compaction started: 
140299821094464:Compacting datalog/53 datalog/54 into:sstable1/45625cfa-31e7-4fd8-ad58-ed6afc2d39d9202604280133331777361692353403721.sst
2026-04-28 07:34:52:769 - Compaction completed: 
2026-04-28 07:34:56:611 - NewTail completed: 
2026-04-28 07:35:00:845 - NewTail completed: 
2026-04-28 07:35:00:845 - NewTail completed: 
2026-04-28 07:35:00:847 - NewTail completed: 
2026-04-28 07:35:00:926 - Compaction started: 
140299821094464:Compacting datalog/55 datalog/56 into:sstable1/45625cfa-31e7-4fd8-ad58-ed6afc2d39d9202604280133331777361701067890955.sst
2026-04-28 07:35:01:478 - Compaction completed: 
2026-04-28 07:35:01:548 - Compaction started: 
140300625524288:Compacting sstable1/d8929dd7-dfa2-455d-b677-d7b019c0d371202604280133331777361675085916567.sst sstable1/55df5af8-e513-4d69-82d7-4a7be9b438eb202604280133331777361683458838430.sst into:sstable2/55df5af8-e513-4d69-82d7-4a7be9b438eb202604280133331777361702248968482.sst
2026-04-28 07:35:03:171 - Compaction completed: 
2026-04-28 07:35:05:521 - NewTail completed: 
2026-04-28 07:35:09:826 - NewTail completed: 
2026-04-28 07:35:09:895 - Compaction started: 
140300625524288:Compacting datalog/57 datalog/58 into:sstable1/55df5af8-e513-4d69-82d7-4a7be9b438eb202604280133331777361710068688002.sst
2026-04-28 07:35:10:494 - Compaction completed: 
2026-04-28 07:35:14:431 - NewTail completed: 
2026-04-28 07:35:18:831 - NewTail completed: 
2026-04-28 07:35:18:904 - Compaction started: 
140300642309696:Compacting datalog/59 datalog/60 into:sstable1/dfc03ec4-a1ae-415b-ab40-f529688ebc1c202604280133331777361719042956757.sst
2026-04-28 07:35:19:458 - Compaction completed: 
2026-04-28 07:35:19:533 - Compaction started: 
140300676757056:Compacting sstable1/45625cfa-31e7-4fd8-ad58-ed6afc2d39d9202604280133331777361692353403721.sst sstable1/45625cfa-31e7-4fd8-ad58-ed6afc2d39d9202604280133331777361701067890955.sst into:sstable2/df0b9c05-2985-42ae-af98-f4015ceabf6e202604280133331777361720347733312.sst
2026-04-28 07:35:21:217 - Compaction completed: 
2026-04-28 07:35:23:447 - NewTail completed: 
2026-04-28 07:35:23:448 - NewTail completed: 
2026-04-28 07:35:27:971 - NewTail completed: 
2026-04-28 07:35:27:973 - NewTail completed: 
2026-04-28 07:35:28:050 - Compaction started: 
140300625524288:Compacting datalog/61 datalog/62 into:sstable1/55df5af8-e513-4d69-82d7-4a7be9b438eb202604280133331777361728225356823.sst
2026-04-28 07:35:28:673 - Compaction completed: 
2026-04-28 07:35:32:693 - NewTail completed: 
[OVERALL], RunTime(ms), 120096
[OVERALL], Throughput(ops/sec), 137232.55562216893
[TOTAL_GCS_PS_Scavenge], Count, 206
[TOTAL_GC_TIME_PS_Scavenge], Time(ms), 393
[TOTAL_GC_TIME_%_PS_Scavenge], Time(%), 0.327238209432454
[TOTAL_GCS_PS_MarkSweep], Count, 0
[TOTAL_GC_TIME_PS_MarkSweep], Time(ms), 0
[TOTAL_GC_TIME_%_PS_MarkSweep], Time(%), 0.0
[TOTAL_GCs], Count, 206
[TOTAL_GC_TIME], Time(ms), 393
[TOTAL_GC_TIME_%], Time(%), 0.327238209432454
[READ], Operations, 9518798
[READ], AverageLatency(us), 38.630709990904315
[READ], MinLatency(us), 3
[READ], MaxLatency(us), 346623
[READ], 95thPercentileLatency(us), 108
[READ], 99thPercentileLatency(us), 133
[READ], Return=OK, 9518798
[READ], Return=NOT_FOUND, 6138752
[CLEANUP], Operations, 8
[CLEANUP], AverageLatency(us), 79682.0
[CLEANUP], MinLatency(us), 59232
[CLEANUP], MaxLatency(us), 93695
[CLEANUP], 95thPercentileLatency(us), 93695
[CLEANUP], 99thPercentileLatency(us), 93695
[INSERT], Operations, 823531
[INSERT], AverageLatency(us), 219.14753907260322
[INSERT], MinLatency(us), 136
[INSERT], MaxLatency(us), 329983
[INSERT], 95thPercentileLatency(us), 234
[INSERT], 99thPercentileLatency(us), 726
[INSERT], Return=OK, 823531
[READ-FAILED], Operations, 6138752
[READ-FAILED], AverageLatency(us), 60.881995884505514
[READ-FAILED], MinLatency(us), 6
[READ-FAILED], MaxLatency(us), 63871
[READ-FAILED], 95thPercentileLatency(us), 82
[READ-FAILED], 99thPercentileLatency(us), 96

=== STDERR ===
[WARN]  Running against a source checkout. In order to get our runtime dependencies we'll have to invoke Maven. Depending on the state of your system, this may take ~30-45 seconds
[DEBUG]  Running 'mvn -pl site.ycsb:ozonedb-binding -am package -DskipTests dependency:build-classpath -DincludeScope=compile -Dmdep.outputFilterFile=true'
/usr/lib/jvm/java-8-openjdk-amd64/bin/java -cp /users/Xinying/ozonedb/ycsb/ozonedb/conf:/users/Xinying/ozonedb/ycsb/ozonedb/target/ozonedb-binding-0.18.0-SNAPSHOT.jar:/users/Xinying/.m2/repository/org/apache/htrace/htrace-core4/4.1.0-incubating/htrace-core4-4.1.0-incubating.jar:/users/Xinying/.m2/repository/org/slf4j/slf4j-api/1.7.25/slf4j-api-1.7.25.jar:/users/Xinying/.m2/repository/org/hdrhistogram/HdrHistogram/2.1.12/HdrHistogram-2.1.12.jar:/users/Xinying/.m2/repository/ch/qos/logback/logback-classic/1.2.3/logback-classic-1.2.3.jar:/users/Xinying/.m2/repository/ozonedbjnimaven/demoproc-jni/1.0/demoproc-jni-1.0.jar:/users/Xinying/.m2/repository/ch/qos/logback/logback-core/1.2.3/logback-core-1.2.3.jar:/users/Xinying/.m2/repository/org/codehaus/jackson/jackson-mapper-asl/1.9.4/jackson-mapper-asl-1.9.4.jar:/users/Xinying/.m2/repository/org/slf4j/slf4j-simple/1.7.25/slf4j-simple-1.7.25.jar:/users/Xinying/.m2/repository/org/codehaus/jackson/jackson-core-asl/1.9.4/jackson-core-asl-1.9.4.jar:/users/Xinying/ozonedb/ycsb/core/target/core-0.18.0-SNAPSHOT.jar site.ycsb.Client -db site.ycsb.db.OzoneDBClient -threads 8 -s -P /users/Xinying/ozonedb/ycsb/workloads/generated_workloads/workloadd_1KB_1000000_1000000 -p status.interval=1 -p maxexecutiontime=120 -p operationcount=0 -p shared_config=/users/Xinying/ozonedb/src/config/local/shared_config_rocksdb.json -t
Command line: -db site.ycsb.db.OzoneDBClient -threads 8 -s -P /users/Xinying/ozonedb/ycsb/workloads/generated_workloads/workloadd_1KB_1000000_1000000 -p status.interval=1 -p maxexecutiontime=120 -p operationcount=0 -p shared_config=/users/Xinying/ozonedb/src/config/local/shared_config_rocksdb.json -t
YCSB Client 0.18.0-SNAPSHOT

Loading workload...
Starting test.
SLF4J: Class path contains multiple SLF4J bindings.
SLF4J: Found binding in [jar:file:/users/Xinying/.m2/repository/ch/qos/logback/logback-classic/1.2.3/logback-classic-1.2.3.jar!/org/slf4j/impl/StaticLoggerBinder.class]
SLF4J: Found binding in [jar:file:/users/Xinying/.m2/repository/org/slf4j/slf4j-simple/1.7.25/slf4j-simple-1.7.25.jar!/org/slf4j/impl/StaticLoggerBinder.class]
SLF4J: See http://www.slf4j.org/codes.html#multiple_bindings for an explanation.
SLF4J: Actual binding is of type [ch.qos.logback.classic.util.ContextSelectorStaticBinder]
Maximum execution time specified as: 120 secs
2026-04-28 07:33:33:287 0 sec: 0 operations; 
DBWrapper: report latency for each error is false and specific error codes to track for latency are: []
2026-04-28 07:33:34:287 1 sec: 0 operations; 
2026-04-28 07:33:35:287 2 sec: 74388 operations; 74388 current ops/sec; [READ: Count=42077, Max=259967, Min=3, Avg=110.19, 90=94, 99=1069, 99.9=3397, 99.99=243327] [INSERT: Count=3828, Max=329983, Min=158, Avg=965.14, 90=503, 99=1751, 99.9=323839, 99.99=329983] [READ-FAILED: Count=29764, Max=4651, Min=35, Avg=48.1, 90=60, 99=86, 99.9=130, 99.99=626] 
2026-04-28 07:33:36:287 3 sec: 214285 operations; 139897 current ops/sec; [READ: Count=76484, Max=8343, Min=3, Avg=43.71, 90=89, 99=135, 99.9=3255, 99.99=7051] [INSERT: Count=7049, Max=17007, Min=146, Avg=236.09, 90=232, 99=741, 99.9=15439, 99.99=17007] [READ-FAILED: Count=55508, Max=4551, Min=35, Avg=47.26, 90=59, 99=86, 99.9=166, 99.99=351] 
2026-04-28 07:33:37:287 4 sec: 377234 operations; 162949 current ops/sec; [READ: Count=92210, Max=7495, Min=3, Avg=34.73, 90=85, 99=117, 99.9=910, 99.99=6371] [INSERT: Count=8270, Max=67007, Min=143, Avg=206.09, 90=200, 99=290, 99.9=991, 99.99=67007] [READ-FAILED: Count=62328, Max=907, Min=33, Avg=44.59, 90=54, 99=71, 99.9=104, 99.99=284] 
2026-04-28 07:33:38:287 5 sec: 544618 operations; 167384 current ops/sec; [READ: Count=90392, Max=7027, Min=3, Avg=34.31, 90=86, 99=116, 99.9=431, 99.99=5339] [INSERT: Count=8292, Max=3981, Min=141, Avg=177.28, 90=192, 99=239, 99.9=1130, 99.99=3981] [READ-FAILED: Count=68632, Max=6011, Min=35, Avg=45.12, 90=53, 99=68, 99.9=102, 99.99=250] 
2026-04-28 07:33:39:287 6 sec: 714122 operations; 169504 current ops/sec; [READ: Count=91492, Max=5923, Min=3, Avg=33.2, 90=86, 99=116, 99.9=414, 99.99=4021] [INSERT: Count=8483, Max=3797, Min=145, Avg=181.12, 90=198, 99=245, 99.9=382, 99.99=3797] [READ-FAILED: Count=69639, Max=3747, Min=35, Avg=44.76, 90=53, 99=69, 99.9=110, 99.99=234] 
2026-04-28 07:33:40:287 7 sec: 883639 operations; 169517 current ops/sec; [READ: Count=94907, Max=6135, Min=3, Avg=30.97, 90=85, 99=117, 99.9=384, 99.99=3505] [INSERT: Count=8478, Max=67199, Min=141, Avg=207.08, 90=203, 99=259, 99.9=394, 99.99=67199] [READ-FAILED: Count=66123, Max=3139, Min=35, Avg=45.45, 90=54, 99=70, 99.9=106, 99.99=2975] 
2026-04-28 07:33:41:287 8 sec: 1019847 operations; 136208 current ops/sec; [READ: Count=74564, Max=321535, Min=3, Avg=43.18, 90=88, 99=124, 99.9=1596, 99.99=21551] [INSERT: Count=6872, Max=3929, Min=149, Avg=187.99, 90=204, 99=254, 99.9=665, 99.99=3929] [READ-FAILED: Count=54455, Max=5803, Min=36, Avg=48.01, 90=59, 99=81, 99.9=137, 99.99=522] 
2026-04-28 07:33:42:287 9 sec: 1161372 operations; 141525 current ops/sec; [READ: Count=78571, Max=307711, Min=3, Avg=43.66, 90=90, 99=126, 99.9=1134, 99.99=3307] [INSERT: Count=7120, Max=68095, Min=143, Avg=309.26, 90=471, 99=1119, 99.9=3629, 99.99=68095] [READ-FAILED: Count=56220, Max=6511, Min=37, Avg=48.67, 90=59, 99=80, 99.9=112, 99.99=275] 
2026-04-28 07:33:43:287 10 sec: 1318984 operations; 157612 current ops/sec; [READ: Count=86351, Max=56223, Min=3, Avg=38.72, 90=85, 99=117, 99.9=755, 99.99=4211] [INSERT: Count=7767, Max=6851, Min=140, Avg=176.74, 90=196, 99=241, 99.9=285, 99.99=6851] [READ-FAILED: Count=63453, Max=36799, Min=37, Avg=47.04, 90=56, 99=75, 99.9=122, 99.99=268] 
2026-04-28 07:33:44:287 11 sec: 1483714 operations; 164730 current ops/sec; [READ: Count=90644, Max=4319, Min=3, Avg=33.27, 90=85, 99=115, 99.9=554, 99.99=3813] [INSERT: Count=8200, Max=35327, Min=143, Avg=197.36, 90=195, 99=242, 99.9=305, 99.99=35327] [READ-FAILED: Count=65755, Max=4011, Min=37, Avg=46.37, 90=55, 99=69, 99.9=95, 99.99=145] 
2026-04-28 07:33:45:287 12 sec: 1653948 operations; 170234 current ops/sec; [READ: Count=92673, Max=5231, Min=3, Avg=32.43, 90=84, 99=114, 99.9=337, 99.99=4527] [INSERT: Count=8403, Max=4935, Min=139, Avg=172.44, 90=188, 99=234, 99.9=287, 99.99=4935] [READ-FAILED: Count=69194, Max=4911, Min=36, Avg=46.67, 90=55, 99=71, 99.9=119, 99.99=388] 
2026-04-28 07:33:46:287 13 sec: 1825994 operations; 172046 current ops/sec; [READ: Count=93289, Max=4061, Min=3, Avg=31.35, 90=84, 99=114, 99.9=286, 99.99=3401] [INSERT: Count=8576, Max=696, Min=143, Avg=173.46, 90=191, 99=238, 99.9=281, 99.99=696] [READ-FAILED: Count=70022, Max=342, Min=37, Avg=46.33, 90=55, 99=69, 99.9=97, 99.99=150] 
2026-04-28 07:33:47:287 14 sec: 1962374 operations; 136380 current ops/sec; [READ: Count=75954, Max=5395, Min=3, Avg=32.73, 90=89, 99=126, 99.9=1328, 99.99=4187] [INSERT: Count=6878, Max=71231, Min=144, Avg=389.65, 90=670, 99=1128, 99.9=67583, 99.99=71231] [READ-FAILED: Count=53610, Max=212, Min=37, Avg=48.12, 90=59, 99=83, 99.9=108, 99.99=184] 
2026-04-28 07:33:48:287 15 sec: 2124014 operations; 161640 current ops/sec; [READ: Count=89369, Max=19567, Min=3, Avg=32.46, 90=88, 99=121, 99.9=507, 99.99=3431] [INSERT: Count=8010, Max=33791, Min=144, Avg=199.64, 90=198, 99=246, 99.9=713, 99.99=33791] [READ-FAILED: Count=64151, Max=3221, Min=37, Avg=48.4, 90=58, 99=79, 99.9=137, 99.99=3011] 
2026-04-28 07:33:49:287 16 sec: 2277930 operations; 153916 current ops/sec; [READ: Count=85179, Max=29295, Min=3, Avg=39.54, 90=88, 99=120, 99.9=1169, 99.99=3337] [INSERT: Count=7576, Max=300, Min=145, Avg=177.5, 90=196, 99=239, 99.9=272, 99.99=300] [READ-FAILED: Count=61228, Max=467, Min=39, Avg=50.09, 90=60, 99=77, 99.9=107, 99.99=161] 
2026-04-28 07:33:50:287 17 sec: 2434353 operations; 156423 current ops/sec; [READ: Count=85660, Max=4491, Min=3, Avg=36.28, 90=88, 99=119, 99.9=640, 99.99=3943] [INSERT: Count=7851, Max=1949, Min=145, Avg=183.94, 90=201, 99=250, 99.9=289, 99.99=1949] [READ-FAILED: Count=62937, Max=1780, Min=39, Avg=49.93, 90=59, 99=75, 99.9=118, 99.99=308] 
2026-04-28 07:33:51:287 18 sec: 2592762 operations; 158409 current ops/sec; [READ: Count=88842, Max=4423, Min=3, Avg=33.62, 90=87, 99=118, 99.9=284, 99.99=3451] [INSERT: Count=7984, Max=32511, Min=144, Avg=193.66, 90=198, 99=247, 99.9=4375, 99.99=32511] [READ-FAILED: Count=61507, Max=4387, Min=39, Avg=49.53, 90=58, 99=73, 99.9=99, 99.99=185] 
2026-04-28 07:33:52:287 19 sec: 2732329 operations; 139567 current ops/sec; [READ: Count=78939, Max=33279, Min=3, Avg=34.88, 90=89, 99=122, 99.9=1367, 99.99=2995] [INSERT: Count=6858, Max=64959, Min=142, Avg=350.84, 90=532, 99=1088, 99.9=64255, 99.99=64959] [READ-FAILED: Count=53908, Max=1671, Min=39, Avg=49.88, 90=60, 99=78, 99.9=121, 99.99=302] 
2026-04-28 07:33:53:287 20 sec: 2893422 operations; 161093 current ops/sec; [READ: Count=89173, Max=4467, Min=3, Avg=34.57, 90=89, 99=119, 99.9=171, 99.99=3529] [INSERT: Count=7858, Max=318, Min=148, Avg=183.34, 90=202, 99=247, 99.9=278, 99.99=318] [READ-FAILED: Count=63962, Max=406, Min=39, Avg=49.42, 90=59, 99=73, 99.9=105, 99.99=276] 
2026-04-28 07:33:54:287 21 sec: 3057601 operations; 164179 current ops/sec; [READ: Count=90295, Max=5323, Min=3, Avg=33.72, 90=87, 99=118, 99.9=381, 99.99=4351] [INSERT: Count=8214, Max=336, Min=144, Avg=171.68, 90=190, 99=237, 99.9=280, 99.99=336] [READ-FAILED: Count=65678, Max=1850, Min=39, Avg=49.14, 90=58, 99=72, 99.9=107, 99.99=254] 
2026-04-28 07:33:55:287 22 sec: 3220711 operations; 163110 current ops/sec; [READ: Count=93770, Max=5047, Min=3, Avg=31.87, 90=88, 99=122, 99.9=473, 99.99=4067] [INSERT: Count=8207, Max=67839, Min=148, Avg=206.22, 90=199, 99=251, 99.9=338, 99.99=67839] [READ-FAILED: Count=61139, Max=3435, Min=29, Avg=49.28, 90=58, 99=73, 99.9=120, 99.99=602] 
2026-04-28 07:33:56:287 23 sec: 3358219 operations; 137508 current ops/sec; [READ: Count=77190, Max=258943, Min=3, Avg=46.8, 90=90, 99=125, 99.9=1572, 99.99=17999] [INSERT: Count=6994, Max=2277, Min=150, Avg=186.11, 90=203, 99=249, 99.9=286, 99.99=2277] [READ-FAILED: Count=53326, Max=27615, Min=39, Avg=52.79, 90=63, 99=82, 99.9=121, 99.99=352] 
2026-04-28 07:33:57:287 24 sec: 3470919 operations; 112700 current ops/sec; [READ: Count=64303, Max=69759, Min=3, Avg=45.23, 90=92, 99=135, 99.9=1495, 99.99=3465] [INSERT: Count=5745, Max=69503, Min=146, Avg=428.21, 90=686, 99=1188, 99.9=68927, 99.99=69503] [READ-FAILED: Count=42761, Max=63263, Min=41, Avg=56.58, 90=66, 99=93, 99.9=159, 99.99=581] 
2026-04-28 07:33:58:287 25 sec: 3623843 operations; 152924 current ops/sec; [READ: Count=85185, Max=4851, Min=3, Avg=37.33, 90=89, 99=121, 99.9=338, 99.99=3825] [INSERT: Count=7636, Max=8263, Min=138, Avg=186.36, 90=194, 99=251, 99.9=5763, 99.99=8263] [READ-FAILED: Count=59955, Max=443, Min=40, Avg=51.54, 90=61, 99=77, 99.9=112, 99.99=199] 
2026-04-28 07:33:59:287 26 sec: 3780310 operations; 156467 current ops/sec; [READ: Count=88501, Max=3551, Min=3, Avg=34.91, 90=88, 99=120, 99.9=628, 99.99=3063] [INSERT: Count=7737, Max=34943, Min=141, Avg=194.62, 90=190, 99=239, 99.9=1077, 99.99=34943] [READ-FAILED: Count=60254, Max=1753, Min=25, Avg=51.54, 90=61, 99=76, 99.9=114, 99.99=581] 
2026-04-28 07:34:00:287 27 sec: 3939567 operations; 159257 current ops/sec; [READ: Count=88448, Max=5571, Min=3, Avg=35.19, 90=88, 99=120, 99.9=225, 99.99=3993] [INSERT: Count=7909, Max=291, Min=140, Avg=169.63, 90=187, 99=232, 99.9=267, 99.99=291] [READ-FAILED: Count=62838, Max=3325, Min=40, Avg=51.37, 90=61, 99=77, 99.9=111, 99.99=214] 
2026-04-28 07:34:01:287 28 sec: 4100009 operations; 160442 current ops/sec; [READ: Count=88442, Max=6015, Min=3, Avg=33.99, 90=88, 99=119, 99.9=173, 99.99=3867] [INSERT: Count=8141, Max=5387, Min=140, Avg=172.05, 90=189, 99=237, 99.9=276, 99.99=5387] [READ-FAILED: Count=63916, Max=2044, Min=40, Avg=51.41, 90=60, 99=75, 99.9=119, 99.99=344] 
2026-04-28 07:34:02:287 29 sec: 4240716 operations; 140707 current ops/sec; [READ: Count=79285, Max=4119, Min=3, Avg=33.5, 90=89, 99=124, 99.9=813, 99.99=3259] [INSERT: Count=7023, Max=63135, Min=138, Avg=320.29, 90=528, 99=1181, 99.9=61183, 99.99=63135] [READ-FAILED: Count=54387, Max=1520, Min=41, Avg=52.02, 90=62, 99=83, 99.9=116, 99.99=282] 
2026-04-28 07:34:03:287 30 sec: 4400694 operations; 159978 current ops/sec; [READ: Count=93409, Max=3247, Min=3, Avg=32.17, 90=90, 99=125, 99.9=562, 99.99=2737] [INSERT: Count=7900, Max=68095, Min=142, Avg=205.75, 90=201, 99=250, 99.9=1064, 99.99=68095] [READ-FAILED: Count=58658, Max=1809, Min=40, Avg=52.18, 90=62, 99=80, 99.9=105, 99.99=1726] 
2026-04-28 07:34:04:287 31 sec: 4542910 operations; 142216 current ops/sec; [READ: Count=80092, Max=27839, Min=3, Avg=41.49, 90=92, 99=127, 99.9=1536, 99.99=2813] [INSERT: Count=7181, Max=304, Min=147, Avg=185.29, 90=203, 99=248, 99.9=277, 99.99=304] [READ-FAILED: Count=54954, Max=16815, Min=42, Avg=55.78, 90=66, 99=86, 99.9=121, 99.99=2189] 
2026-04-28 07:34:05:287 32 sec: 4694508 operations; 151598 current ops/sec; [READ: Count=84709, Max=3641, Min=3, Avg=37.27, 90=90, 99=123, 99.9=1215, 99.99=2827] [INSERT: Count=7494, Max=1461, Min=140, Avg=178.03, 90=195, 99=249, 99.9=681, 99.99=1461] [READ-FAILED: Count=59381, Max=2425, Min=40, Avg=54.08, 90=64, 99=79, 99.9=102, 99.99=397] 
2026-04-28 07:34:06:287 33 sec: 4847228 operations; 152720 current ops/sec; [READ: Count=85409, Max=4423, Min=3, Avg=36.26, 90=90, 99=123, 99.9=1736, 99.99=3335] [INSERT: Count=7782, Max=1956, Min=140, Avg=175.29, 90=192, 99=235, 99.9=273, 99.99=1956] [READ-FAILED: Count=59540, Max=1993, Min=43, Avg=54.42, 90=64, 99=80, 99.9=124, 99.99=458] 
2026-04-28 07:34:07:287 34 sec: 4982408 operations; 135180 current ops/sec; [READ: Count=81186, Max=3295, Min=3, Avg=33.52, 90=90, 99=126, 99.9=546, 99.99=2769] [INSERT: Count=6646, Max=69631, Min=142, Avg=366.05, 90=535, 99=1212, 99.9=66303, 99.99=69631] [READ-FAILED: Count=47391, Max=2287, Min=43, Avg=54.69, 90=65, 99=86, 99.9=115, 99.99=307] 
2026-04-28 07:34:08:287 35 sec: 5136736 operations; 154328 current ops/sec; [READ: Count=86390, Max=3385, Min=3, Avg=35.61, 90=91, 99=124, 99.9=202, 99.99=2701] [INSERT: Count=7622, Max=1758, Min=145, Avg=175.65, 90=193, 99=240, 99.9=272, 99.99=1758] [READ-FAILED: Count=60274, Max=2223, Min=43, Avg=54.45, 90=64, 99=79, 99.9=106, 99.99=187] 
2026-04-28 07:34:09:287 36 sec: 5292547 operations; 155811 current ops/sec; [READ: Count=87302, Max=3965, Min=3, Avg=35.02, 90=91, 99=123, 99.9=423, 99.99=2899] [INSERT: Count=7705, Max=2121, Min=138, Avg=174.45, 90=193, 99=238, 99.9=265, 99.99=2121] [READ-FAILED: Count=60803, Max=1936, Min=41, Avg=54.23, 90=64, 99=78, 99.9=115, 99.99=304] 
2026-04-28 07:34:10:287 37 sec: 5449756 operations; 157209 current ops/sec; [READ: Count=88547, Max=4071, Min=3, Avg=34.16, 90=90, 99=123, 99.9=421, 99.99=3271] [INSERT: Count=7841, Max=1522, Min=141, Avg=177.46, 90=195, 99=245, 99.9=306, 99.99=1522] [READ-FAILED: Count=60859, Max=1374, Min=43, Avg=53.93, 90=63, 99=78, 99.9=104, 99.99=163] 
2026-04-28 07:34:11:287 38 sec: 5593955 operations; 144199 current ops/sec; [READ: Count=82668, Max=39775, Min=3, Avg=37.27, 90=91, 99=127, 99.9=1099, 99.99=3395] [INSERT: Count=7095, Max=34303, Min=143, Avg=198.74, 90=192, 99=237, 99.9=1037, 99.99=34303] [READ-FAILED: Count=54430, Max=38975, Min=32, Avg=56.54, 90=65, 99=88, 99.9=139, 99.99=3087] 
2026-04-28 07:34:12:287 39 sec: 5710724 operations; 116769 current ops/sec; [READ: Count=67406, Max=263935, Min=3, Avg=48.31, 90=94, 99=131, 99.9=1301, 99.99=2807] [INSERT: Count=5868, Max=63135, Min=143, Avg=365.31, 90=595, 99=1267, 99.9=61727, 99.99=63135] [READ-FAILED: Count=43538, Max=6775, Min=46, Avg=58.06, 90=69, 99=88, 99.9=120, 99.99=205] 
2026-04-28 07:34:13:287 40 sec: 5851017 operations; 140293 current ops/sec; [READ: Count=79631, Max=54655, Min=3, Avg=41.87, 90=92, 99=131, 99.9=1341, 99.99=4251] [INSERT: Count=6912, Max=1331, Min=141, Avg=173.49, 90=195, 99=238, 99.9=291, 99.99=1331] [READ-FAILED: Count=53695, Max=54591, Min=44, Avg=59.48, 90=68, 99=95, 99.9=136, 99.99=502] 
2026-04-28 07:34:14:287 41 sec: 6000406 operations; 149389 current ops/sec; [READ: Count=84439, Max=9455, Min=3, Avg=37, 90=91, 99=125, 99.9=1581, 99.99=3623] [INSERT: Count=7285, Max=9519, Min=141, Avg=178.64, 90=196, 99=241, 99.9=271, 99.99=9519] [READ-FAILED: Count=57658, Max=9559, Min=41, Avg=56.74, 90=66, 99=80, 99.9=108, 99.99=1653] 
2026-04-28 07:34:15:287 42 sec: 6151623 operations; 151217 current ops/sec; [READ: Count=86421, Max=4423, Min=3, Avg=34.92, 90=90, 99=125, 99.9=370, 99.99=3105] [INSERT: Count=7508, Max=32415, Min=144, Avg=196.34, 90=193, 99=240, 99.9=821, 99.99=32415] [READ-FAILED: Count=57284, Max=2281, Min=44, Avg=56.08, 90=66, 99=81, 99.9=114, 99.99=385] 
2026-04-28 07:34:16:287 43 sec: 6304984 operations; 153361 current ops/sec; [READ: Count=86254, Max=3841, Min=3, Avg=34.84, 90=91, 99=126, 99.9=324, 99.99=3025] [INSERT: Count=7677, Max=1890, Min=138, Avg=173.77, 90=191, 99=240, 99.9=280, 99.99=1890] [READ-FAILED: Count=59418, Max=2101, Min=45, Avg=56.57, 90=66, 99=85, 99.9=113, 99.99=341] 
2026-04-28 07:34:17:287 44 sec: 6441968 operations; 136984 current ops/sec; [READ: Count=78372, Max=8783, Min=3, Avg=34.47, 90=91, 99=129, 99.9=681, 99.99=3791] [INSERT: Count=6768, Max=64831, Min=149, Avg=309.72, 90=370, 99=1040, 99.9=62783, 99.99=64831] [READ-FAILED: Count=51892, Max=6515, Min=44, Avg=56.74, 90=67, 99=89, 99.9=118, 99.99=235] 
2026-04-28 07:34:18:287 45 sec: 6587319 operations; 145351 current ops/sec; [READ: Count=82417, Max=4467, Min=3, Avg=34.63, 90=92, 99=126, 99.9=377, 99.99=3215] [INSERT: Count=7252, Max=1881, Min=143, Avg=237.35, 90=452, 99=1044, 99.9=1247, 99.99=1881] [READ-FAILED: Count=55623, Max=3581, Min=44, Avg=56.46, 90=66, 99=83, 99.9=139, 99.99=428] 
2026-04-28 07:34:19:287 46 sec: 6736780 operations; 149461 current ops/sec; [READ: Count=88347, Max=29647, Min=3, Avg=35.36, 90=91, 99=128, 99.9=1591, 99.99=3227] [INSERT: Count=7532, Max=70527, Min=144, Avg=202.12, 90=192, 99=245, 99.9=1034, 99.99=70527] [READ-FAILED: Count=53635, Max=26495, Min=6, Avg=57.3, 90=66, 99=86, 99.9=123, 99.99=3165] 
2026-04-28 07:34:20:287 47 sec: 6876647 operations; 139867 current ops/sec; [READ: Count=79697, Max=3383, Min=3, Avg=41.01, 90=94, 99=129, 99.9=1606, 99.99=2779] [INSERT: Count=6952, Max=2277, Min=144, Avg=179.38, 90=195, 99=239, 99.9=277, 99.99=2277] [READ-FAILED: Count=53146, Max=2117, Min=47, Avg=60.2, 90=71, 99=88, 99.9=136, 99.99=1399] 
2026-04-28 07:34:21:287 48 sec: 7021655 operations; 145008 current ops/sec; [READ: Count=82639, Max=3951, Min=3, Avg=38.55, 90=93, 99=127, 99.9=1282, 99.99=2645] [INSERT: Count=7373, Max=286, Min=143, Avg=171.45, 90=188, 99=234, 99.9=266, 99.99=286] [READ-FAILED: Count=55110, Max=3923, Min=47, Avg=59.32, 90=69, 99=84, 99.9=110, 99.99=388] 
2026-04-28 07:34:22:287 49 sec: 7155661 operations; 134006 current ops/sec; [READ: Count=76331, Max=4039, Min=3, Avg=37.43, 90=94, 99=129, 99.9=1449, 99.99=3283] [INSERT: Count=6772, Max=67391, Min=149, Avg=274.11, 90=203, 99=688, 99.9=66239, 99.99=67391] [READ-FAILED: Count=50845, Max=2253, Min=46, Avg=59.5, 90=70, 99=86, 99.9=129, 99.99=426] 
2026-04-28 07:34:23:287 50 sec: 7293539 operations; 137878 current ops/sec; [READ: Count=81767, Max=2739, Min=3, Avg=36.38, 90=93, 99=127, 99.9=406, 99.99=2381] [INSERT: Count=6904, Max=69375, Min=140, Avg=268.53, 90=499, 99=1113, 99.9=1379, 99.99=69375] [READ-FAILED: Count=49201, Max=1583, Min=47, Avg=59.03, 90=69, 99=86, 99.9=130, 99.99=396] 
2026-04-28 07:34:24:287 51 sec: 7442575 operations; 149036 current ops/sec; [READ: Count=84826, Max=3245, Min=3, Avg=36.55, 90=93, 99=126, 99.9=194, 99.99=2629] [INSERT: Count=7429, Max=273, Min=143, Avg=171.47, 90=187, 99=228, 99.9=256, 99.99=273] [READ-FAILED: Count=56748, Max=2225, Min=47, Avg=58.72, 90=68, 99=82, 99.9=110, 99.99=304] 
2026-04-28 07:34:25:287 52 sec: 7591972 operations; 149397 current ops/sec; [READ: Count=84492, Max=3583, Min=3, Avg=35.93, 90=92, 99=127, 99.9=1265, 99.99=2835] [INSERT: Count=7644, Max=2213, Min=143, Avg=172.57, 90=187, 99=237, 99.9=278, 99.99=2213] [READ-FAILED: Count=57341, Max=2289, Min=43, Avg=58.65, 90=68, 99=83, 99.9=127, 99.99=1300] 
2026-04-28 07:34:26:287 53 sec: 7743501 operations; 151529 current ops/sec; [READ: Count=86042, Max=4311, Min=3, Avg=35.28, 90=92, 99=125, 99.9=382, 99.99=3287] [INSERT: Count=7644, Max=1385, Min=144, Avg=170.36, 90=186, 99=230, 99.9=255, 99.99=1385] [READ-FAILED: Count=57767, Max=1345, Min=47, Avg=58.22, 90=67, 99=81, 99.9=108, 99.99=162] 
2026-04-28 07:34:27:287 54 sec: 7885925 operations; 142424 current ops/sec; [READ: Count=84664, Max=28895, Min=3, Avg=36.04, 90=93, 99=130, 99.9=1390, 99.99=3153] [INSERT: Count=7093, Max=71423, Min=143, Avg=208.46, 90=196, 99=251, 99.9=792, 99.99=71423] [READ-FAILED: Count=50666, Max=18367, Min=47, Avg=60.51, 90=69, 99=89, 99.9=147, 99.99=3043] 
2026-04-28 07:34:28:287 55 sec: 7997193 operations; 111268 current ops/sec; [READ: Count=65170, Max=311551, Min=3, Avg=52.49, 90=97, 99=138, 99.9=1280, 99.99=3283] [INSERT: Count=5687, Max=70015, Min=149, Avg=339.45, 90=500, 99=1135, 99.9=68927, 99.99=70015] [READ-FAILED: Count=40482, Max=3235, Min=49, Avg=63.6, 90=75, 99=98, 99.9=132, 99.99=3197] 
2026-04-28 07:34:29:287 56 sec: 8129744 operations; 132551 current ops/sec; [READ: Count=76254, Max=55647, Min=3, Avg=42.49, 90=95, 99=132, 99.9=1373, 99.99=2791] [INSERT: Count=6596, Max=1809, Min=147, Avg=182.72, 90=201, 99=246, 99.9=287, 99.99=1809] [READ-FAILED: Count=49644, Max=53695, Min=47, Avg=66.32, 90=73, 99=95, 99.9=148, 99.99=35935] 
2026-04-28 07:34:30:287 57 sec: 8275635 operations; 145891 current ops/sec; [READ: Count=83240, Max=4011, Min=3, Avg=37.23, 90=92, 99=128, 99.9=1272, 99.99=3049] [INSERT: Count=7331, Max=5247, Min=144, Avg=175.55, 90=194, 99=238, 99.9=283, 99.99=5247] [READ-FAILED: Count=55318, Max=1336, Min=47, Avg=60.2, 90=71, 99=87, 99.9=122, 99.99=410] 
2026-04-28 07:34:31:287 58 sec: 8420134 operations; 144499 current ops/sec; [READ: Count=86591, Max=3065, Min=3, Avg=35.1, 90=92, 99=127, 99.9=1258, 99.99=2619] [INSERT: Count=7246, Max=96127, Min=143, Avg=222.35, 90=193, 99=248, 99.9=1354, 99.99=96127] [READ-FAILED: Count=50738, Max=2016, Min=47, Avg=60.63, 90=71, 99=87, 99.9=115, 99.99=225] 
2026-04-28 07:34:32:287 59 sec: 8566856 operations; 146722 current ops/sec; [READ: Count=84011, Max=3601, Min=3, Avg=35.65, 90=93, 99=130, 99.9=459, 99.99=2793] [INSERT: Count=7289, Max=6307, Min=144, Avg=181.27, 90=197, 99=242, 99.9=279, 99.99=6307] [READ-FAILED: Count=55327, Max=2217, Min=48, Avg=61.3, 90=72, 99=91, 99.9=134, 99.99=483] 
2026-04-28 07:34:33:287 60 sec: 8688296 operations; 121440 current ops/sec; [READ: Count=70834, Max=4115, Min=3, Avg=37.07, 90=96, 99=139, 99.9=1078, 99.99=2691] [INSERT: Count=6055, Max=61183, Min=141, Avg=389.03, 90=673, 99=1206, 99.9=58527, 99.99=61183] [READ-FAILED: Count=44570, Max=1545, Min=16, Avg=62.57, 90=75, 99=105, 99.9=129, 99.99=1330] 
2026-04-28 07:34:34:287 61 sec: 8836931 operations; 148635 current ops/sec; [READ: Count=84995, Max=3895, Min=3, Avg=35.73, 90=93, 99=127, 99.9=242, 99.99=3221] [INSERT: Count=7387, Max=3729, Min=140, Avg=171.65, 90=187, 99=234, 99.9=286, 99.99=3729] [READ-FAILED: Count=56227, Max=3561, Min=48, Avg=60.66, 90=70, 99=85, 99.9=119, 99.99=1098] 
2026-04-28 07:34:35:287 62 sec: 8982940 operations; 146009 current ops/sec; [READ: Count=85088, Max=4319, Min=3, Avg=34.96, 90=94, 99=130, 99.9=1504, 99.99=2715] [INSERT: Count=7280, Max=34079, Min=136, Avg=195.37, 90=191, 99=243, 99.9=2935, 99.99=34079] [READ-FAILED: Count=53666, Max=4323, Min=48, Avg=61.96, 90=71, 99=93, 99.9=153, 99.99=3039] 
2026-04-28 07:34:36:287 63 sec: 9116251 operations; 133311 current ops/sec; [READ: Count=76805, Max=58175, Min=3, Avg=44.03, 90=95, 99=132, 99.9=1531, 99.99=4499] [INSERT: Count=6695, Max=2101, Min=141, Avg=172.23, 90=187, 99=234, 99.9=343, 99.99=2101] [READ-FAILED: Count=49839, Max=58559, Min=48, Avg=64.37, 90=74, 99=91, 99.9=123, 99.99=1475] 
2026-04-28 07:34:37:287 64 sec: 9254083 operations; 137832 current ops/sec; [READ: Count=79422, Max=3607, Min=3, Avg=40.13, 90=95, 99=132, 99.9=1505, 99.99=2835] [INSERT: Count=6919, Max=3609, Min=142, Avg=177.76, 90=194, 99=240, 99.9=284, 99.99=3609] [READ-FAILED: Count=51470, Max=3455, Min=50, Avg=64.28, 90=75, 99=91, 99.9=137, 99.99=548] 
2026-04-28 07:34:38:287 65 sec: 9377491 operations; 123408 current ops/sec; [READ: Count=71836, Max=3477, Min=3, Avg=40.11, 90=96, 99=136, 99.9=1487, 99.99=3113] [INSERT: Count=6189, Max=59455, Min=142, Avg=317.03, 90=481, 99=926, 99.9=58239, 99.99=59455] [READ-FAILED: Count=45402, Max=3455, Min=50, Avg=64.35, 90=75, 99=102, 99.9=130, 99.99=1640] 
2026-04-28 07:34:39:287 66 sec: 9518127 operations; 140636 current ops/sec; [READ: Count=82261, Max=2933, Min=3, Avg=37.98, 90=94, 99=131, 99.9=481, 99.99=2395] [INSERT: Count=6961, Max=34975, Min=143, Avg=198.87, 90=193, 99=240, 99.9=2029, 99.99=34975] [READ-FAILED: Count=51410, Max=1874, Min=50, Avg=62.7, 90=73, 99=91, 99.9=132, 99.99=427] 
2026-04-28 07:34:40:287 67 sec: 9662026 operations; 143899 current ops/sec; [READ: Count=83109, Max=2987, Min=3, Avg=37.6, 90=94, 99=130, 99.9=1430, 99.99=2471] [INSERT: Count=7284, Max=3075, Min=140, Avg=171.27, 90=187, 99=231, 99.9=282, 99.99=3075] [READ-FAILED: Count=53475, Max=2627, Min=32, Avg=62.5, 90=73, 99=87, 99.9=115, 99.99=263] 
2026-04-28 07:34:41:287 68 sec: 9804702 operations; 142676 current ops/sec; [READ: Count=82236, Max=4327, Min=3, Avg=37.5, 90=95, 99=131, 99.9=1494, 99.99=2949] [INSERT: Count=7239, Max=2010, Min=140, Avg=171.85, 90=187, 99=233, 99.9=273, 99.99=2010] [READ-FAILED: Count=53208, Max=2091, Min=51, Avg=63.8, 90=74, 99=90, 99.9=126, 99.99=1465] 
2026-04-28 07:34:42:287 69 sec: 9948193 operations; 143491 current ops/sec; [READ: Count=82849, Max=4367, Min=4, Avg=36.8, 90=95, 99=132, 99.9=1594, 99.99=2825] [INSERT: Count=7239, Max=2163, Min=143, Avg=174, 90=189, 99=233, 99.9=279, 99.99=2163] [READ-FAILED: Count=53422, Max=2083, Min=51, Avg=63.92, 90=74, 99=91, 99.9=142, 99.99=1906] 
2026-04-28 07:34:43:287 70 sec: 10083449 operations; 135256 current ops/sec; [READ: Count=81590, Max=2899, Min=3, Avg=34.52, 90=95, 99=133, 99.9=883, 99.99=2499] [INSERT: Count=6771, Max=61599, Min=138, Avg=263.82, 90=200, 99=681, 99.9=60031, 99.99=61599] [READ-FAILED: Count=46830, Max=1669, Min=50, Avg=63.25, 90=73, 99=89, 99.9=118, 99.99=261] 
2026-04-28 07:34:44:287 71 sec: 10213335 operations; 129886 current ops/sec; [READ: Count=76802, Max=346623, Min=3, Avg=45.47, 90=97, 99=138, 99.9=1594, 99.99=21359] [INSERT: Count=6402, Max=71423, Min=146, Avg=212.16, 90=197, 99=245, 99.9=1437, 99.99=71423] [READ-FAILED: Count=46750, Max=5359, Min=51, Avg=65.89, 90=77, 99=103, 99.9=170, 99.99=3055] 
2026-04-28 07:34:45:287 72 sec: 10339778 operations; 126443 current ops/sec; [READ: Count=73897, Max=332031, Min=4, Avg=47.01, 90=99, 99=142, 99.9=1526, 99.99=3141] [INSERT: Count=6299, Max=2103, Min=145, Avg=180.09, 90=196, 99=238, 99.9=274, 99.99=2103] [READ-FAILED: Count=46247, Max=6271, Min=52, Avg=68.04, 90=81, 99=107, 99.9=147, 99.99=1861] 
2026-04-28 07:34:46:287 73 sec: 10473534 operations; 133756 current ops/sec; [READ: Count=77852, Max=54431, Min=3, Avg=42.01, 90=95, 99=135, 99.9=1686, 99.99=3719] [INSERT: Count=6708, Max=1992, Min=146, Avg=175.23, 90=192, 99=235, 99.9=306, 99.99=1992] [READ-FAILED: Count=49201, Max=54655, Min=52, Avg=67.01, 90=77, 99=98, 99.9=140, 99.99=1669] 
2026-04-28 07:34:47:287 74 sec: 10616242 operations; 142708 current ops/sec; [READ: Count=82869, Max=4535, Min=3, Avg=36.6, 90=94, 99=132, 99.9=1673, 99.99=3335] [INSERT: Count=7009, Max=4951, Min=144, Avg=175.77, 90=191, 99=235, 99.9=270, 99.99=4951] [READ-FAILED: Count=52823, Max=4491, Min=52, Avg=65.4, 90=76, 99=91, 99.9=123, 99.99=2659] 
2026-04-28 07:34:48:287 75 sec: 10730499 operations; 114257 current ops/sec; [READ: Count=68662, Max=3533, Min=3, Avg=36.85, 90=97, 99=142, 99.9=1112, 99.99=2857] [INSERT: Count=5617, Max=59839, Min=149, Avg=458.8, 90=729, 99=1312, 99.9=58975, 99.99=59839] [READ-FAILED: Count=39957, Max=2481, Min=49, Avg=66.95, 90=79, 99=113, 99.9=177, 99.99=966] 
2026-04-28 07:34:49:287 76 sec: 10831021 operations; 100522 current ops/sec; [READ: Count=59927, Max=3411, Min=3, Avg=38.85, 90=98, 99=139, 99.9=1187, 99.99=3291] [INSERT: Count=4968, Max=10991, Min=148, Avg=623.15, 90=749, 99=8367, 99.9=10535, 99.99=10991] [READ-FAILED: Count=35623, Max=1831, Min=53, Avg=66.76, 90=78, 99=105, 99.9=164, 99.99=533] 
2026-04-28 07:34:50:287 77 sec: 10971400 operations; 140379 current ops/sec; [READ: Count=81644, Max=3693, Min=3, Avg=38.25, 90=97, 99=133, 99.9=1643, 99.99=2905] [INSERT: Count=7016, Max=3757, Min=142, Avg=173.89, 90=189, 99=235, 99.9=271, 99.99=3757] [READ-FAILED: Count=51728, Max=3625, Min=52, Avg=65.47, 90=76, 99=91, 99.9=118, 99.99=1034] 
2026-04-28 07:34:51:287 78 sec: 11113096 operations; 141696 current ops/sec; [READ: Count=82376, Max=4971, Min=3, Avg=37.14, 90=96, 99=133, 99.9=1573, 99.99=3417] [INSERT: Count=7105, Max=2385, Min=141, Avg=174.38, 90=190, 99=234, 99.9=268, 99.99=2385] [READ-FAILED: Count=52202, Max=2403, Min=52, Avg=65.57, 90=76, 99=92, 99.9=133, 99.99=2289] 
2026-04-28 07:34:52:287 79 sec: 11255768 operations; 142672 current ops/sec; [READ: Count=86263, Max=4491, Min=3, Avg=34.92, 90=95, 99=133, 99.9=647, 99.99=2637] [INSERT: Count=7254, Max=73727, Min=140, Avg=203.17, 90=189, 99=240, 99.9=873, 99.99=73727] [READ-FAILED: Count=49153, Max=4427, Min=52, Avg=65.84, 90=76, 99=92, 99.9=140, 99.99=4359] 
2026-04-28 07:34:53:287 80 sec: 11372693 operations; 116925 current ops/sec; [READ: Count=69219, Max=29023, Min=4, Avg=42.73, 90=99, 99=142, 99.9=1365, 99.99=13847] [INSERT: Count=5860, Max=55263, Min=146, Avg=330.26, 90=536, 99=1151, 99.9=54815, 99.99=55263] [READ-FAILED: Count=41959, Max=15823, Min=49, Avg=68.81, 90=79, 99=106, 99.9=161, 99.99=5047] 
2026-04-28 07:34:54:287 81 sec: 11503521 operations; 130828 current ops/sec; [READ: Count=76811, Max=2917, Min=4, Avg=43.63, 90=98, 99=136, 99.9=1442, 99.99=2233] [INSERT: Count=6555, Max=2099, Min=144, Avg=175.5, 90=192, 99=236, 99.9=277, 99.99=2099] [READ-FAILED: Count=47399, Max=1461, Min=54, Avg=68.29, 90=80, 99=97, 99.9=143, 99.99=575] 
2026-04-28 07:34:55:287 82 sec: 11636449 operations; 132928 current ops/sec; [READ: Count=78413, Max=4043, Min=4, Avg=41.86, 90=99, 99=136, 99.9=1425, 99.99=2251] [INSERT: Count=6494, Max=7611, Min=144, Avg=179.36, 90=196, 99=239, 99.9=297, 99.99=7611] [READ-FAILED: Count=47985, Max=3485, Min=53, Avg=68.55, 90=79, 99=95, 99.9=133, 99.99=1723] 
2026-04-28 07:34:56:287 83 sec: 11770682 operations; 134233 current ops/sec; [READ: Count=78339, Max=4499, Min=4, Avg=40.25, 90=98, 99=136, 99.9=1456, 99.99=2563] [INSERT: Count=6623, Max=4447, Min=144, Avg=182.1, 90=198, 99=245, 99.9=296, 99.99=4447] [READ-FAILED: Count=49288, Max=4511, Min=30, Avg=68.57, 90=79, 99=95, 99.9=130, 99.99=2171] 
2026-04-28 07:34:57:287 84 sec: 11904102 operations; 133420 current ops/sec; [READ: Count=78951, Max=5571, Min=4, Avg=39.03, 90=98, 99=135, 99.9=1425, 99.99=2331] [INSERT: Count=6795, Max=30655, Min=146, Avg=205.45, 90=201, 99=247, 99.9=3029, 99.99=30655] [READ-FAILED: Count=47661, Max=5523, Min=50, Avg=68.35, 90=79, 99=95, 99.9=137, 99.99=471] 
2026-04-28 07:34:58:287 85 sec: 12031471 operations; 127369 current ops/sec; [READ: Count=74939, Max=3405, Min=4, Avg=38.81, 90=98, 99=136, 99.9=1417, 99.99=2589] [INSERT: Count=6523, Max=56255, Min=147, Avg=261.17, 90=197, 99=970, 99.9=54431, 99.99=56255] [READ-FAILED: Count=45894, Max=1794, Min=54, Avg=68.32, 90=79, 99=94, 99.9=120, 99.99=1699] 
2026-04-28 07:34:59:287 86 sec: 12169675 operations; 138204 current ops/sec; [READ: Count=81100, Max=2791, Min=4, Avg=37.85, 90=97, 99=135, 99.9=1413, 99.99=2345] [INSERT: Count=6847, Max=7727, Min=142, Avg=177.76, 90=193, 99=237, 99.9=301, 99.99=7727] [READ-FAILED: Count=50257, Max=1953, Min=54, Avg=68.52, 90=79, 99=95, 99.9=139, 99.99=1367] 
2026-04-28 07:35:00:287 87 sec: 12309278 operations; 139603 current ops/sec; [READ: Count=81327, Max=4679, Min=4, Avg=37.4, 90=97, 99=135, 99.9=1539, 99.99=2483] [INSERT: Count=7001, Max=931, Min=138, Avg=170.23, 90=187, 99=238, 99.9=273, 99.99=931] [READ-FAILED: Count=51323, Max=1812, Min=55, Avg=68.23, 90=78, 99=93, 99.9=124, 99.99=1728] 
2026-04-28 07:35:01:287 88 sec: 12447400 operations; 138122 current ops/sec; [READ: Count=84324, Max=3099, Min=4, Avg=35.45, 90=97, 99=137, 99.9=1474, 99.99=2181] [INSERT: Count=6823, Max=74559, Min=144, Avg=214.54, 90=198, 99=251, 99.9=1649, 99.99=74559] [READ-FAILED: Count=46936, Max=3179, Min=55, Avg=69.92, 90=79, 99=97, 99.9=152, 99.99=3105] 
2026-04-28 07:35:02:287 89 sec: 12567780 operations; 120380 current ops/sec; [READ: Count=71436, Max=253055, Min=4, Avg=50.07, 90=100, 99=141, 99.9=1443, 99.99=3119] [INSERT: Count=5925, Max=1805, Min=144, Avg=179.85, 90=196, 99=242, 99.9=286, 99.99=1805] [READ-FAILED: Count=43004, Max=25439, Min=56, Avg=72.55, 90=83, 99=105, 99.9=158, 99.99=2597] 
2026-04-28 07:35:03:287 90 sec: 12684991 operations; 117211 current ops/sec; [READ: Count=69306, Max=58751, Min=4, Avg=46.04, 90=100, 99=145, 99.9=1410, 99.99=6347] [INSERT: Count=5867, Max=66239, Min=146, Avg=232.86, 90=195, 99=951, 99.9=11383, 99.99=66239] [READ-FAILED: Count=42041, Max=63871, Min=56, Avg=76.41, 90=83, 99=104, 99.9=142, 99.99=2193] 
2026-04-28 07:35:04:287 91 sec: 12798780 operations; 113789 current ops/sec; [READ: Count=67949, Max=2559, Min=4, Avg=42.69, 90=102, 99=147, 99.9=1319, 99.99=2343] [INSERT: Count=5751, Max=2585, Min=151, Avg=347.24, 90=704, 99=1171, 99.9=1470, 99.99=2585] [READ-FAILED: Count=40080, Max=2331, Min=56, Avg=71.81, 90=84, 99=117, 99.9=153, 99.99=1457] 
2026-04-28 07:35:05:287 92 sec: 12930622 operations; 131842 current ops/sec; [READ: Count=77825, Max=5983, Min=4, Avg=41.19, 90=98, 99=137, 99.9=1695, 99.99=3093] [INSERT: Count=6592, Max=5991, Min=150, Avg=184.11, 90=198, 99=248, 99.9=288, 99.99=5991] [READ-FAILED: Count=47439, Max=5927, Min=56, Avg=70.13, 90=80, 99=98, 99.9=134, 99.99=3009] 
2026-04-28 07:35:06:287 93 sec: 13062741 operations; 132119 current ops/sec; [READ: Count=78765, Max=2893, Min=4, Avg=39.25, 90=98, 99=137, 99.9=1437, 99.99=2237] [INSERT: Count=6598, Max=35295, Min=153, Avg=207.44, 90=201, 99=248, 99.9=1884, 99.99=35295] [READ-FAILED: Count=46837, Max=1890, Min=56, Avg=70.21, 90=81, 99=97, 99.9=146, 99.99=1628] 
2026-04-28 07:35:07:287 94 sec: 13197400 operations; 134659 current ops/sec; [READ: Count=79062, Max=3045, Min=4, Avg=39.27, 90=99, 99=137, 99.9=1604, 99.99=2599] [INSERT: Count=6730, Max=1998, Min=144, Avg=176.87, 90=192, 99=234, 99.9=276, 99.99=1998] [READ-FAILED: Count=48761, Max=1896, Min=24, Avg=70.38, 90=81, 99=101, 99.9=134, 99.99=1500] 
2026-04-28 07:35:08:287 95 sec: 13330398 operations; 132998 current ops/sec; [READ: Count=78407, Max=2685, Min=4, Avg=38.44, 90=98, 99=137, 99.9=1559, 99.99=2317] [INSERT: Count=6674, Max=1784, Min=149, Avg=183.39, 90=198, 99=244, 99.9=739, 99.99=1784] [READ-FAILED: Count=47871, Max=1659, Min=55, Avg=70.39, 90=81, 99=95, 99.9=127, 99.99=1590] 
2026-04-28 07:35:09:287 96 sec: 13461767 operations; 131369 current ops/sec; [READ: Count=77203, Max=3829, Min=4, Avg=37.1, 90=97, 99=136, 99.9=725, 99.99=2707] [INSERT: Count=6636, Max=57119, Min=148, Avg=254.94, 90=196, 99=664, 99.9=55071, 99.99=57119] [READ-FAILED: Count=47606, Max=1801, Min=56, Avg=69.83, 90=80, 99=95, 99.9=141, 99.99=1748] 
2026-04-28 07:35:10:287 97 sec: 13596705 operations; 134938 current ops/sec; [READ: Count=80630, Max=4491, Min=4, Avg=36.92, 90=98, 99=139, 99.9=1453, 99.99=2675] [INSERT: Count=6809, Max=35167, Min=147, Avg=207.43, 90=203, 99=255, 99.9=2709, 99.99=35167] [READ-FAILED: Count=47473, Max=3149, Min=56, Avg=70.52, 90=80, 99=95, 99.9=131, 99.99=3047] 
2026-04-28 07:35:11:287 98 sec: 13720952 operations; 124247 current ops/sec; [READ: Count=73643, Max=23215, Min=4, Avg=44.18, 90=101, 99=144, 99.9=1459, 99.99=3397] [INSERT: Count=6264, Max=3593, Min=153, Avg=187.47, 90=202, 99=250, 99.9=299, 99.99=3593] [READ-FAILED: Count=44344, Max=22895, Min=56, Avg=75.1, 90=85, 99=106, 99.9=157, 99.99=3373] 
2026-04-28 07:35:12:287 99 sec: 13849758 operations; 128806 current ops/sec; [READ: Count=76480, Max=3535, Min=4, Avg=42.1, 90=100, 99=139, 99.9=1426, 99.99=2253] [INSERT: Count=6335, Max=2127, Min=147, Avg=180.51, 90=197, 99=242, 99.9=284, 99.99=2127] [READ-FAILED: Count=46001, Max=2207, Min=55, Avg=73.61, 90=84, 99=100, 99.9=127, 99.99=2115] 
2026-04-28 07:35:13:287 100 sec: 13979520 operations; 129762 current ops/sec; [READ: Count=77331, Max=4667, Min=4, Avg=40.75, 90=100, 99=140, 99.9=1535, 99.99=3831] [INSERT: Count=6508, Max=4151, Min=151, Avg=187.1, 90=202, 99=248, 99.9=301, 99.99=4151] [READ-FAILED: Count=45930, Max=3909, Min=58, Avg=73.44, 90=84, 99=99, 99.9=134, 99.99=3549] 
2026-04-28 07:35:14:287 101 sec: 14096941 operations; 117421 current ops/sec; [READ: Count=70513, Max=5803, Min=4, Avg=41.34, 90=101, 99=143, 99.9=1485, 99.99=3253] [INSERT: Count=5763, Max=56575, Min=148, Avg=314.04, 90=471, 99=848, 99.9=55679, 99.99=56575] [READ-FAILED: Count=41164, Max=5819, Min=57, Avg=73.99, 90=85, 99=110, 99.9=179, 99.99=3731] 
2026-04-28 07:35:15:287 102 sec: 14227635 operations; 130694 current ops/sec; [READ: Count=78356, Max=3161, Min=4, Avg=39.73, 90=99, 99=139, 99.9=1377, 99.99=2417] [INSERT: Count=6529, Max=34783, Min=147, Avg=202.04, 90=199, 99=247, 99.9=1427, 99.99=34783] [READ-FAILED: Count=45761, Max=1461, Min=56, Avg=72.35, 90=83, 99=100, 99.9=135, 99.99=1311] 
2026-04-28 07:35:16:287 103 sec: 14358890 operations; 131255 current ops/sec; [READ: Count=77828, Max=3241, Min=4, Avg=39.49, 90=100, 99=141, 99.9=1542, 99.99=2765] [INSERT: Count=6674, Max=1729, Min=146, Avg=184.79, 90=203, 99=249, 99.9=306, 99.99=1729] [READ-FAILED: Count=46818, Max=1628, Min=56, Avg=73.47, 90=84, 99=100, 99.9=136, 99.99=1534] 
2026-04-28 07:35:17:287 104 sec: 14490949 operations; 132059 current ops/sec; [READ: Count=78062, Max=3337, Min=4, Avg=39.08, 90=100, 99=140, 99.9=1535, 99.99=2531] [INSERT: Count=6544, Max=3013, Min=145, Avg=186.69, 90=204, 99=252, 99.9=299, 99.99=3013] [READ-FAILED: Count=47391, Max=2855, Min=59, Avg=73.16, 90=84, 99=100, 99.9=138, 99.99=1664] 
2026-04-28 07:35:18:287 105 sec: 14623878 operations; 132929 current ops/sec; [READ: Count=78703, Max=4383, Min=4, Avg=38.38, 90=100, 99=141, 99.9=1572, 99.99=3295] [INSERT: Count=6722, Max=3443, Min=147, Avg=185.96, 90=202, 99=246, 99.9=306, 99.99=3443] [READ-FAILED: Count=47515, Max=3411, Min=59, Avg=73.15, 90=84, 99=99, 99.9=131, 99.99=2635] 
2026-04-28 07:35:19:287 106 sec: 14747719 operations; 123841 current ops/sec; [READ: Count=74911, Max=3365, Min=4, Avg=37.64, 90=100, 99=144, 99.9=1399, 99.99=3039] [INSERT: Count=6052, Max=57215, Min=144, Avg=293.38, 90=201, 99=698, 99.9=55519, 99.99=57215] [READ-FAILED: Count=42883, Max=3483, Min=58, Avg=73.94, 90=84, 99=111, 99.9=219, 99.99=3239] 
2026-04-28 07:35:20:287 107 sec: 14859875 operations; 112156 current ops/sec; [READ: Count=67437, Max=319999, Min=4, Avg=55.48, 90=103, 99=148, 99.9=1669, 99.99=12239] [INSERT: Count=5625, Max=1674, Min=147, Avg=179.62, 90=194, 99=235, 99.9=279, 99.99=1674] [READ-FAILED: Count=39088, Max=21023, Min=58, Avg=77.57, 90=91, 99=117, 99.9=187, 99.99=1614] 
2026-04-28 07:35:21:287 108 sec: 14979864 operations; 119989 current ops/sec; [READ: Count=72198, Max=55711, Min=4, Avg=46.68, 90=102, 99=148, 99.9=1591, 99.99=2817] [INSERT: Count=6026, Max=1727, Min=144, Avg=175.35, 90=191, 99=237, 99.9=390, 99.99=1727] [READ-FAILED: Count=41774, Max=54943, Min=59, Avg=79.97, 90=89, 99=113, 99.9=171, 99.99=1595] 
2026-04-28 07:35:22:287 109 sec: 15110592 operations; 130728 current ops/sec; [READ: Count=78098, Max=6271, Min=4, Avg=39.68, 90=99, 99=141, 99.9=1565, 99.99=3079] [INSERT: Count=6507, Max=1538, Min=144, Avg=180.21, 90=196, 99=238, 99.9=261, 99.99=1538] [READ-FAILED: Count=46098, Max=4319, Min=60, Avg=75.28, 90=86, 99=103, 99.9=129, 99.99=4231] 
2026-04-28 07:35:23:287 110 sec: 15244386 operations; 133794 current ops/sec; [READ: Count=79483, Max=3177, Min=4, Avg=38.15, 90=98, 99=140, 99.9=1458, 99.99=2501] [INSERT: Count=6649, Max=4387, Min=143, Avg=174.07, 90=189, 99=230, 99.9=293, 99.99=4387] [READ-FAILED: Count=47719, Max=1905, Min=58, Avg=74.45, 90=85, 99=101, 99.9=143, 99.99=1586] 
2026-04-28 07:35:24:287 111 sec: 15351424 operations; 107038 current ops/sec; [READ: Count=69182, Max=2425, Min=4, Avg=37.49, 90=100, 99=147, 99.9=1236, 99.99=2139] [INSERT: Count=5230, Max=88383, Min=145, Avg=519.3, 90=811, 99=1529, 99.9=54367, 99.99=88383] [READ-FAILED: Count=32609, Max=1760, Min=60, Avg=76.29, 90=88, 99=120, 99.9=167, 99.99=1195] 
2026-04-28 07:35:25:287 112 sec: 15481564 operations; 130140 current ops/sec; [READ: Count=77351, Max=2791, Min=4, Avg=40.56, 90=101, 99=143, 99.9=1481, 99.99=2413] [INSERT: Count=6595, Max=1574, Min=138, Avg=176.05, 90=192, 99=240, 99.9=287, 99.99=1574] [READ-FAILED: Count=46159, Max=1541, Min=59, Avg=74.71, 90=85, 99=107, 99.9=152, 99.99=1360] 
2026-04-28 07:35:26:287 113 sec: 15613225 operations; 131661 current ops/sec; [READ: Count=77970, Max=3065, Min=4, Avg=39.4, 90=100, 99=141, 99.9=1492, 99.99=2541] [INSERT: Count=6671, Max=1720, Min=144, Avg=176.05, 90=192, 99=241, 99.9=276, 99.99=1720] [READ-FAILED: Count=47014, Max=1765, Min=60, Avg=74.42, 90=85, 99=101, 99.9=168, 99.99=1480] 
2026-04-28 07:35:27:287 114 sec: 15745762 operations; 132537 current ops/sec; [READ: Count=78530, Max=4139, Min=4, Avg=38.77, 90=99, 99=140, 99.9=1607, 99.99=3059] [INSERT: Count=6688, Max=1782, Min=144, Avg=176.29, 90=192, 99=236, 99.9=266, 99.99=1782] [READ-FAILED: Count=47322, Max=1709, Min=55, Avg=74.39, 90=85, 99=100, 99.9=161, 99.99=1623] 
2026-04-28 07:35:28:287 115 sec: 15879488 operations; 133726 current ops/sec; [READ: Count=83654, Max=3167, Min=4, Avg=36.58, 90=99, 99=140, 99.9=1504, 99.99=2401] [INSERT: Count=6591, Max=80383, Min=147, Avg=214.96, 90=192, 99=242, 99.9=1762, 99.99=80383] [READ-FAILED: Count=43498, Max=3203, Min=60, Avg=75.21, 90=84, 99=101, 99.9=165, 99.99=3161] 
2026-04-28 07:35:29:287 116 sec: 15989466 operations; 109978 current ops/sec; [READ: Count=66019, Max=24015, Min=4, Avg=45.82, 90=103, 99=151, 99.9=1493, 99.99=13935] [INSERT: Count=5558, Max=56735, Min=145, Avg=322.47, 90=475, 99=1074, 99.9=55231, 99.99=56735] [READ-FAILED: Count=38449, Max=11135, Min=61, Avg=77.35, 90=89, 99=123, 99.9=165, 99.99=1546] 
2026-04-28 07:35:30:287 117 sec: 16110787 operations; 121321 current ops/sec; [READ: Count=72938, Max=3649, Min=4, Avg=45.95, 90=103, 99=146, 99.9=1533, 99.99=2693] [INSERT: Count=6136, Max=7443, Min=144, Avg=175.65, 90=190, 99=234, 99.9=286, 99.99=7443] [READ-FAILED: Count=42195, Max=2309, Min=62, Avg=78.82, 90=90, 99=109, 99.9=161, 99.99=2191] 
2026-04-28 07:35:31:287 118 sec: 16234668 operations; 123881 current ops/sec; [READ: Count=74379, Max=3705, Min=4, Avg=43.74, 90=102, 99=144, 99.9=1491, 99.99=2417] [INSERT: Count=6193, Max=3605, Min=142, Avg=179.99, 90=195, 99=239, 99.9=286, 99.99=3605] [READ-FAILED: Count=43295, Max=3609, Min=63, Avg=78.17, 90=89, 99=106, 99.9=151, 99.99=1207] 
2026-04-28 07:35:32:287 119 sec: 16360050 operations; 125382 current ops/sec; [READ: Count=75135, Max=3363, Min=4, Avg=42.43, 90=102, 99=145, 99.9=1470, 99.99=2401] [INSERT: Count=6163, Max=1989, Min=143, Avg=180.81, 90=195, 99=241, 99.9=1682, 99.99=1989] [READ-FAILED: Count=44096, Max=1834, Min=63, Avg=78.31, 90=89, 99=108, 99.9=149, 99.99=1585] 
Maximum time elapsed. Requesting stop for the workload.
Stop requested for workload. Now Joining!
2026-04-28 07:35:33:287 120 sec: 16480942 operations; 120892 current ops/sec; [READ: Count=74285, Max=2373, Min=4, Avg=40.51, 90=102, 99=143, 99.9=1379, 99.99=1996] [INSERT: Count=6015, Max=88127, Min=148, Avg=266.34, 90=197, 99=242, 99.9=53471, 99.99=88127] [READ-FAILED: Count=40596, Max=1505, Min=63, Avg=77.74, 90=88, 99=104, 99.9=136, 99.99=1244] 
2026-04-28 07:35:33:382 120 sec: 16481081 operations; 1463.16 current ops/sec; [READ: Count=77, Max=147, Min=4, Avg=43.32, 90=132, 99=147, 99.9=147, 99.99=147] [CLEANUP: Count=8, Max=93695, Min=59232, Avg=79682, 90=93695, 99=93695, 99.9=93695, 99.99=93695] [INSERT: Count=6, Max=184, Min=162, Avg=172.17, 90=184, 99=184, 99.9=184, 99.99=184] [READ-FAILED: Count=0, Max=0, Min=0, Avg=0, 90=0, 99=0, 99.9=0, 99.99=0] 
	Command being timed: "/users/Xinying/ozonedb/ycsb/bin/ycsb run ozonedb -threads 8 -s -P /users/Xinying/ozonedb/ycsb/workloads/generated_workloads/workloadd_1KB_1000000_1000000 -p status.interval=1 -p maxexecutiontime=120 -p operationcount=0 -p shared_config=/users/Xinying/ozonedb/src/config/local/shared_config_rocksdb.json"
	User time (seconds): 649.20
	System time (seconds): 256.03
	Percent of CPU this job got: 700%
	Elapsed (wall clock) time (h:mm:ss or m:ss): 2:09.16
	Average shared text size (kbytes): 0
	Average unshared data size (kbytes): 0
	Average stack size (kbytes): 0
	Average total size (kbytes): 0
	Maximum resident set size (kbytes): 37741428
	Average resident set size (kbytes): 0
	Major (requiring I/O) page faults: 783
	Minor (reclaiming a frame) page faults: 9923139
	Voluntary context switches: 3060627
	Involuntary context switches: 4657
	Swaps: 0
	File system inputs: 88014622
	File system outputs: 5740053
	Socket messages sent: 0
	Socket messages received: 0
	Signals delivered: 0
	Page size (bytes): 4096
	Exit status: 0
