# CMD: /usr/bin/time -v /users/Xinying/YCSB-cpp/ycsb -db sqlite -run -P /users/Xinying/YCSB-cpp/workloads/workloadc -P /users/Xinying/YCSB-cpp/sqlite/sqlite-trunk.properties -p sqlite.dbpath=/tank/ycsb_data/trunkcpp_ycsb/trunkcpp_ycsb.db -p threadcount=16 -p recordcount=1000000 -p maxexecutiontime=120
# devices=['sda6'] sectors_before=1844946312 sectors_after=1844974488
# elapsed_s=120.39 returncode=0

=== STDOUT ===
[Thread 139717935035968] SqliteDB::Init at 2026-04-28 03:06:42
Opening database with URL: file:///tank/ycsb_data/trunkcpp_ycsb/trunkcpp_ycsb.db?vfs=unix-excl
PRAGMA journal_mode: wal
PRAGMA mmap_size: 0
PRAGMA page_size: 4096
PRAGMA cache_size: -131072
PRAGMA synchronous: 2
[Thread 139717926643264] SqliteDB::Init at 2026-04-28 03:06:42
Opening database with URL: file:///tank/ycsb_data/trunkcpp_ycsb/trunkcpp_ycsb.db?vfs=unix-excl
PRAGMA journal_mode: wal
PRAGMA mmap_size: 0
PRAGMA page_size: 4096
PRAGMA cache_size: -131072
PRAGMA synchronous: 2
[Thread 139717918250560] SqliteDB::Init at 2026-04-28 03:06:42
Opening database with URL: file:///tank/ycsb_data/trunkcpp_ycsb/trunkcpp_ycsb.db?vfs=unix-excl
PRAGMA journal_mode: wal
PRAGMA mmap_size: 0
PRAGMA page_size: 4096
PRAGMA cache_size: -131072
PRAGMA synchronous: 2
[Thread 139717909857856] SqliteDB::Init at 2026-04-28 03:06:42
Opening database with URL: file:///tank/ycsb_data/trunkcpp_ycsb/trunkcpp_ycsb.db?vfs=unix-excl
PRAGMA journal_mode: wal
PRAGMA mmap_size: 0
PRAGMA page_size: 4096
PRAGMA cache_size: -131072
PRAGMA synchronous: 2
[Thread 139717901465152] SqliteDB::Init at 2026-04-28 03:06:42
Opening database with URL: file:///tank/ycsb_data/trunkcpp_ycsb/trunkcpp_ycsb.db?vfs=unix-excl
PRAGMA journal_mode: wal
PRAGMA mmap_size: 0
PRAGMA page_size: 4096
PRAGMA cache_size: -131072
PRAGMA synchronous: 2
[Thread 139717893072448] SqliteDB::Init at 2026-04-28 03:06:42
Opening database with URL: file:///tank/ycsb_data/trunkcpp_ycsb/trunkcpp_ycsb.db?vfs=unix-excl
PRAGMA journal_mode: wal
PRAGMA mmap_size: 0
PRAGMA page_size: 4096
PRAGMA cache_size: -131072
PRAGMA synchronous: 2
[Thread 139717884679744] SqliteDB::Init at 2026-04-28 03:06:42
Opening database with URL: file:///tank/ycsb_data/trunkcpp_ycsb/trunkcpp_ycsb.db?vfs=unix-excl
PRAGMA journal_mode: wal
PRAGMA mmap_size: 0
PRAGMA page_size: 4096
PRAGMA cache_size: -131072
PRAGMA synchronous: 2
[Thread 139717876287040] SqliteDB::Init at 2026-04-28 03:06:42
Opening database with URL: file:///tank/ycsb_data/trunkcpp_ycsb/trunkcpp_ycsb.db?vfs=unix-excl
PRAGMA journal_mode: wal
PRAGMA mmap_size: 0
PRAGMA page_size: 4096
PRAGMA cache_size: -131072
PRAGMA synchronous: 2
[Thread 139717867894336] SqliteDB::Init at 2026-04-28 03:06:42
Opening database with URL: file:///tank/ycsb_data/trunkcpp_ycsb/trunkcpp_ycsb.db?vfs=unix-excl
PRAGMA journal_mode: wal
PRAGMA mmap_size: 0
PRAGMA page_size: 4096
PRAGMA cache_size: -131072
PRAGMA synchronous: 2
[Thread 139717859501632] SqliteDB::Init at 2026-04-28 03:06:42
Opening database with URL: file:///tank/ycsb_data/trunkcpp_ycsb/trunkcpp_ycsb.db?vfs=unix-excl
PRAGMA journal_mode: wal
PRAGMA mmap_size: 0
PRAGMA page_size: 4096
PRAGMA cache_size: -131072
PRAGMA synchronous: 2
[Thread 139717851108928] SqliteDB::Init at 2026-04-28 03:06:42
Opening database with URL: file:///tank/ycsb_data/trunkcpp_ycsb/trunkcpp_ycsb.db?vfs=unix-excl
PRAGMA journal_mode: wal
PRAGMA mmap_size: 0
PRAGMA page_size: 4096
PRAGMA cache_size: -131072
PRAGMA synchronous: 2
[Thread 139717842716224] SqliteDB::Init at 2026-04-28 03:06:42
Opening database with URL: file:///tank/ycsb_data/trunkcpp_ycsb/trunkcpp_ycsb.db?vfs=unix-excl
PRAGMA journal_mode: wal
PRAGMA mmap_size: 0
PRAGMA page_size: 4096
PRAGMA cache_size: -131072
PRAGMA synchronous: 2
[Thread 139717834323520] SqliteDB::Init at 2026-04-28 03:06:42
Opening database with URL: file:///tank/ycsb_data/trunkcpp_ycsb/trunkcpp_ycsb.db?vfs=unix-excl
PRAGMA journal_mode: wal
PRAGMA mmap_size: 0
PRAGMA page_size: 4096
PRAGMA cache_size: -131072
PRAGMA synchronous: 2
[Thread 139717825930816] SqliteDB::Init at 2026-04-28 03:06:42
Opening database with URL: file:///tank/ycsb_data/trunkcpp_ycsb/trunkcpp_ycsb.db?vfs=unix-excl
PRAGMA journal_mode: wal
PRAGMA mmap_size: 0
PRAGMA page_size: 4096
PRAGMA cache_size: -131072
PRAGMA synchronous: 2
[Thread 139717817538112] SqliteDB::Init at 2026-04-28 03:06:42
Opening database with URL: file:///tank/ycsb_data/trunkcpp_ycsb/trunkcpp_ycsb.db?vfs=unix-excl
PRAGMA journal_mode: wal
PRAGMA mmap_size: 0
PRAGMA page_size: 4096
PRAGMA cache_size: -131072
PRAGMA synchronous: 2
[Thread 139717809145408] SqliteDB::Init at 2026-04-28 03:06:42
Opening database with URL: file:///tank/ycsb_data/trunkcpp_ycsb/trunkcpp_ycsb.db?vfs=unix-excl
PRAGMA journal_mode: wal
PRAGMA mmap_size: 0
PRAGMA page_size: 4096
PRAGMA cache_size: -131072
PRAGMA synchronous: 2
[HCTree] busy_snapshot aborts (discarded, not retried): 0
[Thread 139717893072448] SqliteDB::Cleanup (last) at 2026-04-28 03:08:42
Run runtime(sec): 120.321
Run operations(ops): 43605353
Run throughput(ops/sec): 362410

=== STDERR ===
	Command being timed: "/users/Xinying/YCSB-cpp/ycsb -db sqlite -run -P /users/Xinying/YCSB-cpp/workloads/workloadc -P /users/Xinying/YCSB-cpp/sqlite/sqlite-trunk.properties -p sqlite.dbpath=/tank/ycsb_data/trunkcpp_ycsb/trunkcpp_ycsb.db -p threadcount=16 -p recordcount=1000000 -p maxexecutiontime=120"
	User time (seconds): 434.71
	System time (seconds): 1474.57
	Percent of CPU this job got: 1585%
	Elapsed (wall clock) time (h:mm:ss or m:ss): 2:00.38
	Average shared text size (kbytes): 0
	Average unshared data size (kbytes): 0
	Average stack size (kbytes): 0
	Average total size (kbytes): 0
	Maximum resident set size (kbytes): 2191744
	Average resident set size (kbytes): 0
	Major (requiring I/O) page faults: 147
	Minor (reclaiming a frame) page faults: 546474
	Voluntary context switches: 381404
	Involuntary context switches: 3228
	Swaps: 0
	File system inputs: 234127312
	File system outputs: 0
	Socket messages sent: 0
	Socket messages received: 0
	Signals delivered: 0
	Page size (bytes): 4096
	Exit status: 0
