# CMD: /usr/bin/time -v /users/Xinying/YCSB-cpp/ycsb -db sqlite -run -P /users/Xinying/YCSB-cpp/workloads/workloadc -P /users/Xinying/YCSB-cpp/sqlite/sqlite-trunk.properties -p sqlite.dbpath=/tank/ycsb_data/trunkcpp_ycsb/trunkcpp_ycsb.db -p threadcount=2 -p recordcount=1000000 -p maxexecutiontime=120
# devices=['sda6'] sectors_before=1800295288 sectors_after=1800327928
# elapsed_s=120.11 returncode=0

=== STDOUT ===
[Thread 139918607259200] SqliteDB::Init at 2026-04-28 02:43:43
Opening database with URL: file:///tank/ycsb_data/trunkcpp_ycsb/trunkcpp_ycsb.db?vfs=unix-excl
PRAGMA journal_mode: wal
PRAGMA mmap_size: 0
PRAGMA page_size: 4096
PRAGMA cache_size: -131072
PRAGMA synchronous: 2
[Thread 139918598866496] SqliteDB::Init at 2026-04-28 02:43:43
Opening database with URL: file:///tank/ycsb_data/trunkcpp_ycsb/trunkcpp_ycsb.db?vfs=unix-excl
PRAGMA journal_mode: wal
PRAGMA mmap_size: 0
PRAGMA page_size: 4096
PRAGMA cache_size: -131072
PRAGMA synchronous: 2
[HCTree] busy_snapshot aborts (discarded, not retried): 0
[Thread 139918598866496] SqliteDB::Cleanup (last) at 2026-04-28 02:45:43
Run runtime(sec): 120.043
Run operations(ops): 7886177
Run throughput(ops/sec): 65694.5

=== STDERR ===
	Command being timed: "/users/Xinying/YCSB-cpp/ycsb -db sqlite -run -P /users/Xinying/YCSB-cpp/workloads/workloadc -P /users/Xinying/YCSB-cpp/sqlite/sqlite-trunk.properties -p sqlite.dbpath=/tank/ycsb_data/trunkcpp_ycsb/trunkcpp_ycsb.db -p threadcount=2 -p recordcount=1000000 -p maxexecutiontime=120"
	User time (seconds): 59.38
	System time (seconds): 180.46
	Percent of CPU this job got: 199%
	Elapsed (wall clock) time (h:mm:ss or m:ss): 2:00.10
	Average shared text size (kbytes): 0
	Average unshared data size (kbytes): 0
	Average stack size (kbytes): 0
	Average total size (kbytes): 0
	Maximum resident set size (kbytes): 287008
	Average resident set size (kbytes): 0
	Major (requiring I/O) page faults: 147
	Minor (reclaiming a frame) page faults: 69277
	Voluntary context switches: 2846
	Involuntary context switches: 418
	Swaps: 0
	File system inputs: 42277760
	File system outputs: 0
	Socket messages sent: 0
	Socket messages received: 0
	Signals delivered: 0
	Page size (bytes): 4096
	Exit status: 0
