# CMD: /usr/bin/time -v /users/Xinying/YCSB-cpp/ycsb -db sqlite -run -P /users/Xinying/YCSB-cpp/workloads/workloadb -P /users/Xinying/YCSB-cpp/sqlite/sqlite-trunk.properties -p sqlite.dbpath=/tank/ycsb_data/trunkcpp_ycsb/trunkcpp_ycsb.db -p threadcount=4 -p recordcount=1000000 -p maxexecutiontime=120
# devices=['sda6'] sectors_before=1772032392 sectors_after=1772039024
# elapsed_s=120.38 returncode=0

=== STDOUT ===
[Thread 140694012212800] SqliteDB::Init at 2026-04-28 02:29:03
Opening database with URL: file:///tank/ycsb_data/trunkcpp_ycsb/trunkcpp_ycsb.db?vfs=unix-excl
PRAGMA journal_mode: wal
PRAGMA mmap_size: 0
PRAGMA page_size: 4096
PRAGMA cache_size: -131072
PRAGMA synchronous: 2
[Thread 140694003820096] SqliteDB::Init at 2026-04-28 02:29:04
Opening database with URL: file:///tank/ycsb_data/trunkcpp_ycsb/trunkcpp_ycsb.db?vfs=unix-excl
PRAGMA journal_mode: wal
PRAGMA mmap_size: 0
PRAGMA page_size: 4096
PRAGMA cache_size: -131072
PRAGMA synchronous: 2
[Thread 140693995427392] SqliteDB::Init at 2026-04-28 02:29:04
Opening database with URL: file:///tank/ycsb_data/trunkcpp_ycsb/trunkcpp_ycsb.db?vfs=unix-excl
PRAGMA journal_mode: wal
PRAGMA mmap_size: 0
PRAGMA page_size: 4096
PRAGMA cache_size: -131072
PRAGMA synchronous: 2
[Thread 140693987034688] SqliteDB::Init at 2026-04-28 02:29:04
Opening database with URL: file:///tank/ycsb_data/trunkcpp_ycsb/trunkcpp_ycsb.db?vfs=unix-excl
PRAGMA journal_mode: wal
PRAGMA mmap_size: 0
PRAGMA page_size: 4096
PRAGMA cache_size: -131072
PRAGMA synchronous: 2
UPDATE step error: database is locked
UPDATE step error: database is locked
UPDATE step error: database is locked
UPDATE step error: database is locked
UPDATE step error: database is locked
UPDATE step error: database is locked
UPDATE step error: database is locked
UPDATE step error: database is locked
UPDATE step error: database is locked
UPDATE step error: database is locked
UPDATE step error: database is locked
UPDATE step error: database is locked
UPDATE step error: database is locked
UPDATE step error: database is locked
UPDATE step error: database is locked
[HCTree] busy_snapshot aborts (discarded, not retried): 0
[Thread 140694003820096] SqliteDB::Cleanup (last) at 2026-04-28 02:31:04
Run runtime(sec): 120.312
Run operations(ops): 344
Run throughput(ops/sec): 2.85922

=== STDERR ===
	Command being timed: "/users/Xinying/YCSB-cpp/ycsb -db sqlite -run -P /users/Xinying/YCSB-cpp/workloads/workloadb -P /users/Xinying/YCSB-cpp/sqlite/sqlite-trunk.properties -p sqlite.dbpath=/tank/ycsb_data/trunkcpp_ycsb/trunkcpp_ycsb.db -p threadcount=4 -p recordcount=1000000 -p maxexecutiontime=120"
	User time (seconds): 0.04
	System time (seconds): 0.16
	Percent of CPU this job got: 0%
	Elapsed (wall clock) time (h:mm:ss or m:ss): 2:00.37
	Average shared text size (kbytes): 0
	Average unshared data size (kbytes): 0
	Average stack size (kbytes): 0
	Average total size (kbytes): 0
	Maximum resident set size (kbytes): 20296
	Average resident set size (kbytes): 0
	Major (requiring I/O) page faults: 147
	Minor (reclaiming a frame) page faults: 2503
	Voluntary context switches: 5116
	Involuntary context switches: 1
	Swaps: 0
	File system inputs: 33160
	File system outputs: 16
	Socket messages sent: 0
	Socket messages received: 0
	Signals delivered: 0
	Page size (bytes): 4096
	Exit status: 0
