# CMD: /usr/bin/time -v /users/Xinying/YCSB-cpp/ycsb -db sqlite -run -P /users/Xinying/YCSB-cpp/workloads/workloadb -P /users/Xinying/YCSB-cpp/sqlite/sqlite-trunk.properties -p sqlite.dbpath=/tank/ycsb_data/trunkcpp_ycsb/trunkcpp_ycsb.db -p threadcount=16 -p recordcount=1000000 -p maxexecutiontime=120
# devices=['sda6'] sectors_before=1788193544 sectors_after=1788199960
# elapsed_s=120.39 returncode=0

=== STDOUT ===
[Thread 140458419816000] SqliteDB::Init at 2026-04-28 02:37:26
Opening database with URL: file:///tank/ycsb_data/trunkcpp_ycsb/trunkcpp_ycsb.db?vfs=unix-excl
PRAGMA journal_mode: wal
PRAGMA mmap_size: 0
PRAGMA page_size: 4096
PRAGMA cache_size: -131072
PRAGMA synchronous: 2
[Thread 140458411423296] SqliteDB::Init at 2026-04-28 02:37:26
Opening database with URL: file:///tank/ycsb_data/trunkcpp_ycsb/trunkcpp_ycsb.db?vfs=unix-excl
PRAGMA journal_mode: wal
PRAGMA mmap_size: 0
PRAGMA page_size: 4096
PRAGMA cache_size: -131072
PRAGMA synchronous: 2
[Thread 140458403030592] SqliteDB::Init at 2026-04-28 02:37:26
Opening database with URL: file:///tank/ycsb_data/trunkcpp_ycsb/trunkcpp_ycsb.db?vfs=unix-excl
PRAGMA journal_mode: wal
PRAGMA mmap_size: 0
PRAGMA page_size: 4096
PRAGMA cache_size: -131072
PRAGMA synchronous: 2
[Thread 140458394637888] SqliteDB::Init at 2026-04-28 02:37:26
Opening database with URL: file:///tank/ycsb_data/trunkcpp_ycsb/trunkcpp_ycsb.db?vfs=unix-excl
PRAGMA journal_mode: wal
PRAGMA mmap_size: 0
PRAGMA page_size: 4096
PRAGMA cache_size: -131072
PRAGMA synchronous: 2
[Thread 140458386245184] SqliteDB::Init at 2026-04-28 02:37:26
Opening database with URL: file:///tank/ycsb_data/trunkcpp_ycsb/trunkcpp_ycsb.db?vfs=unix-excl
PRAGMA journal_mode: wal
PRAGMA mmap_size: 0
PRAGMA page_size: 4096
PRAGMA cache_size: -131072
PRAGMA synchronous: 2
[Thread 140458369459776] SqliteDB::Init at 2026-04-28 02:37:26
Opening database with URL: file:///tank/ycsb_data/trunkcpp_ycsb/trunkcpp_ycsb.db?vfs=unix-excl
PRAGMA journal_mode: wal
PRAGMA mmap_size: 0
PRAGMA page_size: 4096
PRAGMA cache_size: -131072
PRAGMA synchronous: 2
[Thread 140458377852480] SqliteDB::Init at 2026-04-28 02:37:26
Opening database with URL: file:///tank/ycsb_data/trunkcpp_ycsb/trunkcpp_ycsb.db?vfs=unix-excl
PRAGMA journal_mode: wal
PRAGMA mmap_size: 0
PRAGMA page_size: 4096
PRAGMA cache_size: -131072
PRAGMA synchronous: 2
[Thread 140458361067072] SqliteDB::Init at 2026-04-28 02:37:26
Opening database with URL: file:///tank/ycsb_data/trunkcpp_ycsb/trunkcpp_ycsb.db?vfs=unix-excl
PRAGMA journal_mode: wal
PRAGMA mmap_size: 0
PRAGMA page_size: 4096
PRAGMA cache_size: -131072
PRAGMA synchronous: 2
[Thread 140458352674368] SqliteDB::Init at 2026-04-28 02:37:26
Opening database with URL: file:///tank/ycsb_data/trunkcpp_ycsb/trunkcpp_ycsb.db?vfs=unix-excl
PRAGMA journal_mode: wal
PRAGMA mmap_size: 0
PRAGMA page_size: 4096
PRAGMA cache_size: -131072
PRAGMA synchronous: 2
[Thread 140458344281664] SqliteDB::Init at 2026-04-28 02:37:26
Opening database with URL: file:///tank/ycsb_data/trunkcpp_ycsb/trunkcpp_ycsb.db?vfs=unix-excl
PRAGMA journal_mode: wal
PRAGMA mmap_size: 0
PRAGMA page_size: 4096
PRAGMA cache_size: -131072
PRAGMA synchronous: 2
[Thread 140458335888960] SqliteDB::Init at 2026-04-28 02:37:26
Opening database with URL: file:///tank/ycsb_data/trunkcpp_ycsb/trunkcpp_ycsb.db?vfs=unix-excl
PRAGMA journal_mode: wal
PRAGMA mmap_size: 0
PRAGMA page_size: 4096
PRAGMA cache_size: -131072
PRAGMA synchronous: 2
[Thread 140458327496256] SqliteDB::Init at 2026-04-28 02:37:26
Opening database with URL: file:///tank/ycsb_data/trunkcpp_ycsb/trunkcpp_ycsb.db?vfs=unix-excl
PRAGMA journal_mode: wal
PRAGMA mmap_size: 0
PRAGMA page_size: 4096
PRAGMA cache_size: -131072
PRAGMA synchronous: 2
[Thread 140458319103552] SqliteDB::Init at 2026-04-28 02:37:26
Opening database with URL: file:///tank/ycsb_data/trunkcpp_ycsb/trunkcpp_ycsb.db?vfs=unix-excl
PRAGMA journal_mode: wal
PRAGMA mmap_size: 0
PRAGMA page_size: 4096
PRAGMA cache_size: -131072
PRAGMA synchronous: 2
[Thread 140458310710848] SqliteDB::Init at 2026-04-28 02:37:26
Opening database with URL: file:///tank/ycsb_data/trunkcpp_ycsb/trunkcpp_ycsb.db?vfs=unix-excl
PRAGMA journal_mode: wal
PRAGMA mmap_size: 0
PRAGMA page_size: 4096
PRAGMA cache_size: -131072
PRAGMA synchronous: 2
[Thread 140458302318144] SqliteDB::Init at 2026-04-28 02:37:26
Opening database with URL: file:///tank/ycsb_data/trunkcpp_ycsb/trunkcpp_ycsb.db?vfs=unix-excl
PRAGMA journal_mode: wal
PRAGMA mmap_size: 0
PRAGMA page_size: 4096
PRAGMA cache_size: -131072
PRAGMA synchronous: 2
[Thread 140458293925440] SqliteDB::Init at 2026-04-28 02:37:26
Opening database with URL: file:///tank/ycsb_data/trunkcpp_ycsb/trunkcpp_ycsb.db?vfs=unix-excl
PRAGMA journal_mode: wal
PRAGMA mmap_size: 0
PRAGMA page_size: 4096
PRAGMA cache_size: -131072
PRAGMA synchronous: 2
UPDATE step error: database is locked
UPDATE step error: database is locked
UPDATE step error: database is locked
UPDATE step error: database is locked
UPDATE step error: database is locked
UPDATE step error: database is locked
UPDATE step error: database is locked
UPDATE step error: database is locked
UPDATE step error: database is locked
UPDATE step error: database is locked
UPDATE step error: database is locked
UPDATE step error: database is locked
UPDATE step error: database is locked
UPDATE step error: database is locked
UPDATE step error: database is locked
UPDATE step error: database is locked
UPDATE step error: database is locked
UPDATE step error: database is locked
UPDATE step error: database is locked
UPDATE step error: database is locked
UPDATE step error: database is locked
UPDATE step error: database is locked
UPDATE step error: database is locked
UPDATE step error: database is locked
UPDATE step error: database is locked
UPDATE step error: database is locked
UPDATE step error: database is locked
UPDATE step error: database is locked
UPDATE step error: database is locked
UPDATE step error: database is locked
UPDATE step error: database is locked
UPDATE step error: database is locked
UPDATE step error: database is locked
UPDATE step error: database is locked
UPDATE step error: database is locked
UPDATE step error: database is locked
UPDATE step error: database is locked
UPDATE step error: database is locked
UPDATE step error: database is locked
UPDATE step error: database is locked
UPDATE step error: database is locked
UPDATE step error: database is locked
UPDATE step error: database is locked
UPDATE step error: database is locked
UPDATE step error: database is locked
UPDATE step error: database is locked
UPDATE step error: database is locked
UPDATE step error: database is locked
UPDATE step error: database is locked
UPDATE step error: database is locked
UPDATE step error: database is locked
UPDATE step error: database is locked
UPDATE step error: database is locked
UPDATE step error: database is locked
UPDATE step error: database is locked
UPDATE step error: database is locked
UPDATE step error: database is locked
UPDATE step error: database is locked
UPDATE step error: database is locked
UPDATE step error: database is locked
UPDATE step error: database is locked
UPDATE step error: database is locked
UPDATE step error: database is locked
[HCTree] busy_snapshot aborts (discarded, not retried): 0
[Thread 140458302318144] SqliteDB::Cleanup (last) at 2026-04-28 02:39:26
Run runtime(sec): 120.319
Run operations(ops): 1167
Run throughput(ops/sec): 9.69923

=== STDERR ===
	Command being timed: "/users/Xinying/YCSB-cpp/ycsb -db sqlite -run -P /users/Xinying/YCSB-cpp/workloads/workloadb -P /users/Xinying/YCSB-cpp/sqlite/sqlite-trunk.properties -p sqlite.dbpath=/tank/ycsb_data/trunkcpp_ycsb/trunkcpp_ycsb.db -p threadcount=16 -p recordcount=1000000 -p maxexecutiontime=120"
	User time (seconds): 0.12
	System time (seconds): 0.62
	Percent of CPU this job got: 0%
	Elapsed (wall clock) time (h:mm:ss or m:ss): 2:00.38
	Average shared text size (kbytes): 0
	Average unshared data size (kbytes): 0
	Average stack size (kbytes): 0
	Average total size (kbytes): 0
	Maximum resident set size (kbytes): 31680
	Average resident set size (kbytes): 0
	Major (requiring I/O) page faults: 146
	Minor (reclaiming a frame) page faults: 5891
	Voluntary context switches: 20642
	Involuntary context switches: 9
	Swaps: 0
	File system inputs: 55024
	File system outputs: 16
	Socket messages sent: 0
	Socket messages received: 0
	Signals delivered: 0
	Page size (bytes): 4096
	Exit status: 0
