# CMD: /usr/bin/time -v /users/Xinying/YCSB-cpp/ycsb -db sqlite -run -P /users/Xinying/YCSB-cpp/workloads/workloadd -P /users/Xinying/YCSB-cpp/sqlite/sqlite-trunk.properties -p sqlite.dbpath=/tank/ycsb_data/trunkcpp_ycsb/trunkcpp_ycsb.db -p threadcount=2 -p recordcount=1000000 -p maxexecutiontime=120
# devices=['sda6'] sectors_before=1861076744 sectors_after=1861082456
# elapsed_s=120.39 returncode=0

=== STDOUT ===
[Thread 139654513862208] SqliteDB::Init at 2026-04-28 03:15:04
Opening database with URL: file:///tank/ycsb_data/trunkcpp_ycsb/trunkcpp_ycsb.db?vfs=unix-excl
PRAGMA journal_mode: wal
PRAGMA mmap_size: 0
PRAGMA page_size: 4096
PRAGMA cache_size: -131072
PRAGMA synchronous: 2
[Thread 139654505469504] SqliteDB::Init at 2026-04-28 03:15:04
Opening database with URL: file:///tank/ycsb_data/trunkcpp_ycsb/trunkcpp_ycsb.db?vfs=unix-excl
PRAGMA journal_mode: wal
PRAGMA mmap_size: 0
PRAGMA page_size: 4096
PRAGMA cache_size: -131072
PRAGMA synchronous: 2
[HCTree] busy_snapshot aborts (discarded, not retried): 0
[Thread 139654505469504] SqliteDB::Cleanup (last) at 2026-04-28 03:17:05
Run runtime(sec): 120.303
Run operations(ops): 194
Run throughput(ops/sec): 1.6126

=== STDERR ===
	Command being timed: "/users/Xinying/YCSB-cpp/ycsb -db sqlite -run -P /users/Xinying/YCSB-cpp/workloads/workloadd -P /users/Xinying/YCSB-cpp/sqlite/sqlite-trunk.properties -p sqlite.dbpath=/tank/ycsb_data/trunkcpp_ycsb/trunkcpp_ycsb.db -p threadcount=2 -p recordcount=1000000 -p maxexecutiontime=120"
	User time (seconds): 0.03
	System time (seconds): 0.08
	Percent of CPU this job got: 0%
	Elapsed (wall clock) time (h:mm:ss or m:ss): 2:00.38
	Average shared text size (kbytes): 0
	Average unshared data size (kbytes): 0
	Average stack size (kbytes): 0
	Average total size (kbytes): 0
	Maximum resident set size (kbytes): 17712
	Average resident set size (kbytes): 0
	Major (requiring I/O) page faults: 148
	Minor (reclaiming a frame) page faults: 1742
	Voluntary context switches: 2614
	Involuntary context switches: 4
	Swaps: 0
	File system inputs: 28208
	File system outputs: 32
	Socket messages sent: 0
	Socket messages received: 0
	Signals delivered: 0
	Page size (bytes): 4096
	Exit status: 0
