# CMD: /users/Xinying/ozonedb/ycsb/bin/ycsb run ozonedb -threads 1 -s -P /users/Xinying/ozonedb/ycsb/workloads/generated_workloads/workloadc_1KB_1000000_1000000 -p status.interval=10 -p requestdistribution=sequential -p operationcount=1000000 -p maxexecutiontime=0 -p shared_config=/tmp/churn_v4_configs/shared_config_varyR_n4_r1pct_rep5.json
[WARN]  Running against a source checkout. In order to get our runtime dependencies we'll have to invoke Maven. Depending on the state of your system, this may take ~30-45 seconds
[DEBUG]  Running 'mvn -pl site.ycsb:ozonedb-binding -am package -DskipTests dependency:build-classpath -DincludeScope=compile -Dmdep.outputFilterFile=true'
/usr/lib/jvm/java-8-openjdk-amd64/bin/java -cp /users/Xinying/ozonedb/ycsb/ozonedb/conf:/users/Xinying/ozonedb/ycsb/ozonedb/target/ozonedb-binding-0.18.0-SNAPSHOT.jar:/users/Xinying/.m2/repository/org/apache/htrace/htrace-core4/4.1.0-incubating/htrace-core4-4.1.0-incubating.jar:/users/Xinying/.m2/repository/org/slf4j/slf4j-api/1.7.25/slf4j-api-1.7.25.jar:/users/Xinying/.m2/repository/org/hdrhistogram/HdrHistogram/2.1.12/HdrHistogram-2.1.12.jar:/users/Xinying/.m2/repository/ch/qos/logback/logback-classic/1.2.3/logback-classic-1.2.3.jar:/users/Xinying/.m2/repository/ozonedbjnimaven/demoproc-jni/1.0/demoproc-jni-1.0.jar:/users/Xinying/.m2/repository/ch/qos/logback/logback-core/1.2.3/logback-core-1.2.3.jar:/users/Xinying/.m2/repository/org/codehaus/jackson/jackson-mapper-asl/1.9.4/jackson-mapper-asl-1.9.4.jar:/users/Xinying/.m2/repository/org/slf4j/slf4j-simple/1.7.25/slf4j-simple-1.7.25.jar:/users/Xinying/.m2/repository/org/codehaus/jackson/jackson-core-asl/1.9.4/jackson-core-asl-1.9.4.jar:/users/Xinying/ozonedb/ycsb/core/target/core-0.18.0-SNAPSHOT.jar site.ycsb.Client -db site.ycsb.db.OzoneDBClient -threads 1 -s -P /users/Xinying/ozonedb/ycsb/workloads/generated_workloads/workloadc_1KB_1000000_1000000 -p status.interval=10 -p requestdistribution=sequential -p operationcount=1000000 -p maxexecutiontime=0 -p shared_config=/tmp/churn_v4_configs/shared_config_varyR_n4_r1pct_rep5.json -t
Command line: -db site.ycsb.db.OzoneDBClient -threads 1 -s -P /users/Xinying/ozonedb/ycsb/workloads/generated_workloads/workloadc_1KB_1000000_1000000 -p status.interval=10 -p requestdistribution=sequential -p operationcount=1000000 -p maxexecutiontime=0 -p shared_config=/tmp/churn_v4_configs/shared_config_varyR_n4_r1pct_rep5.json -t
YCSB Client 0.18.0-SNAPSHOT

Loading workload...
Starting test.
SLF4J: Class path contains multiple SLF4J bindings.
SLF4J: Found binding in [jar:file:/users/Xinying/.m2/repository/ch/qos/logback/logback-classic/1.2.3/logback-classic-1.2.3.jar!/org/slf4j/impl/StaticLoggerBinder.class]
SLF4J: Found binding in [jar:file:/users/Xinying/.m2/repository/org/slf4j/slf4j-simple/1.7.25/slf4j-simple-1.7.25.jar!/org/slf4j/impl/StaticLoggerBinder.class]
SLF4J: See http://www.slf4j.org/codes.html#multiple_bindings for an explanation.
SLF4J: Actual binding is of type [ch.qos.logback.classic.util.ContextSelectorStaticBinder]
2026-05-01 06:43:00:279 0 sec: 0 operations; est completion in 0 second 
Starting compaction watcher
DBWrapper: report latency for each error is false and specific error codes to track for latency are: []
2026-05-01 06:43:10:279 10 sec: 27522 operations; 2752.2 current ops/sec; est completion in 5 minutes [READ: Count=27533, Max=8279, Min=77, Avg=173.63, 90=188, 99=219, 99.9=269, 99.99=3071] 
2026-05-01 06:43:20:279 20 sec: 87542 operations; 6002 current ops/sec; est completion in 3 minutes [READ: Count=60013, Max=397, Min=82, Avg=165.08, 90=182, 99=212, 99.9=259, 99.99=302] 
2026-05-01 06:43:30:279 30 sec: 147275 operations; 5973.3 current ops/sec; est completion in 2 minutes [READ: Count=59733, Max=331, Min=84, Avg=166.11, 90=183, 99=214, 99.9=261, 99.99=315] 
2026-05-01 06:43:40:279 40 sec: 208465 operations; 6119 current ops/sec; est completion in 2 minutes [READ: Count=61191, Max=5579, Min=67, Avg=162.29, 90=180, 99=209, 99.9=253, 99.99=332] 
2026-05-01 06:43:50:279 50 sec: 277821 operations; 6935.6 current ops/sec; est completion in 2 minutes [READ: Count=69356, Max=1971, Min=64, Avg=143.23, 90=160, 99=191, 99.9=237, 99.99=296] 
2026-05-01 06:44:00:279 60 sec: 349379 operations; 7155.8 current ops/sec; est completion in 1 minute [READ: Count=71557, Max=4475, Min=59, Avg=138.78, 90=158, 99=188, 99.9=235, 99.99=849] 
2026-05-01 06:44:10:279 70 sec: 424156 operations; 7477.7 current ops/sec; est completion in 1 minute [READ: Count=74778, Max=877, Min=61, Avg=132.78, 90=152, 99=180, 99.9=228, 99.99=387] 
2026-05-01 06:44:20:279 80 sec: 503384 operations; 7922.8 current ops/sec; est completion in 1 minute [READ: Count=79227, Max=908, Min=63, Avg=125.26, 90=145, 99=172, 99.9=219, 99.99=369] 
2026-05-01 06:44:30:279 90 sec: 589874 operations; 8649 current ops/sec; est completion in 1 minute [READ: Count=86490, Max=3847, Min=59, Avg=114.64, 90=135, 99=159, 99.9=202, 99.99=307] 
2026-05-01 06:44:40:278 100 sec: 686734 operations; 9686 current ops/sec; est completion in 46 seconds [READ: Count=96860, Max=416, Min=51, Avg=102.27, 90=122, 99=145, 99.9=187, 99.99=257] 
2026-05-01 06:44:50:279 110 sec: 799149 operations; 11241.5 current ops/sec; est completion in 28 seconds [READ: Count=112418, Max=361, Min=49, Avg=87.97, 90=108, 99=128, 99.9=164, 99.99=208] 
2026-05-01 06:45:00:279 120 sec: 941559 operations; 14241 current ops/sec; est completion in 8 second [READ: Count=142415, Max=3855, Min=42, Avg=69.27, 90=90, 99=108, 99.9=139, 99.99=167] 
[OZONEDB-PROFILE] reads=1000000  avg_total=115.08us  view=27.21us(23.6%)  log=0.51us(0.4%)  sst=87.14us_per_call x 999709_calls(75.7%_of_total)
[OZONEDB-SST-PROFILE] level | time_total_ms | enters | range_rejects | table_gets | hits
[OZONEDB-SST-PROFILE] L1  |      7570.47 |  6958032 |        10302 |    6947730 |  13452
[OZONEDB-SST-PROFILE] L2  |     76440.42 | 98851078 |        55600 |   98795478 | 986257
[OZONEDB-TBL-PROFILE] file_filter_reject=103831140  block_filter_reject=902123  index_invalid=0  block_read_more=315381  hit_from_cache=694564  miss_after_read=10236  found=999709
2026-05-01 06:45:03:374 123 sec: 1000000 operations; 18882.39 current ops/sec; [READ: Count=58429, Max=166, Min=25, Avg=50.93, 90=72, 99=86, 99.9=104, 99.99=140] [CLEANUP: Count=1, Max=63967, Min=63936, Avg=63952, 90=63967, 99=63967, 99.9=63967, 99.99=63967] 
[OVERALL], RunTime(ms), 123096
[OVERALL], Throughput(ops/sec), 8123.740820172873
[TOTAL_GCS_PS_Scavenge], Count, 5
[TOTAL_GC_TIME_PS_Scavenge], Time(ms), 19
[TOTAL_GC_TIME_%_PS_Scavenge], Time(%), 0.015435107558328458
[TOTAL_GCS_PS_MarkSweep], Count, 0
[TOTAL_GC_TIME_PS_MarkSweep], Time(ms), 0
[TOTAL_GC_TIME_%_PS_MarkSweep], Time(%), 0.0
[TOTAL_GCs], Count, 5
[TOTAL_GC_TIME], Time(ms), 19
[TOTAL_GC_TIME_%], Time(%), 0.015435107558328458
[READ], Operations, 1000000
[READ], AverageLatency(us), 116.809599
[READ], MinLatency(us), 25
[READ], MaxLatency(us), 8279
[READ], 95thPercentileLatency(us), 176
[READ], 99thPercentileLatency(us), 193
[READ], Return=OK, 1000000
[CLEANUP], Operations, 1
[CLEANUP], AverageLatency(us), 63952.0
[CLEANUP], MinLatency(us), 63936
[CLEANUP], MaxLatency(us), 63967
[CLEANUP], 95thPercentileLatency(us), 63967
[CLEANUP], 99thPercentileLatency(us), 63967
