# CMD: /users/Xinying/ozonedb/ycsb/bin/ycsb run ozonedb -threads 1 -s -P /users/Xinying/ozonedb/ycsb/workloads/generated_workloads/workloadc_1KB_1000000_1000000 -p status.interval=10 -p requestdistribution=sequential -p operationcount=1000000 -p maxexecutiontime=0 -p shared_config=/tmp/churn_v4_configs/shared_config_varyW_n16_r0pct.json
[WARN]  Running against a source checkout. In order to get our runtime dependencies we'll have to invoke Maven. Depending on the state of your system, this may take ~30-45 seconds
[DEBUG]  Running 'mvn -pl site.ycsb:ozonedb-binding -am package -DskipTests dependency:build-classpath -DincludeScope=compile -Dmdep.outputFilterFile=true'
/usr/lib/jvm/java-8-openjdk-amd64/bin/java -cp /users/Xinying/ozonedb/ycsb/ozonedb/conf:/users/Xinying/ozonedb/ycsb/ozonedb/target/ozonedb-binding-0.18.0-SNAPSHOT.jar:/users/Xinying/.m2/repository/org/apache/htrace/htrace-core4/4.1.0-incubating/htrace-core4-4.1.0-incubating.jar:/users/Xinying/.m2/repository/org/slf4j/slf4j-api/1.7.25/slf4j-api-1.7.25.jar:/users/Xinying/.m2/repository/org/hdrhistogram/HdrHistogram/2.1.12/HdrHistogram-2.1.12.jar:/users/Xinying/.m2/repository/ch/qos/logback/logback-classic/1.2.3/logback-classic-1.2.3.jar:/users/Xinying/.m2/repository/ozonedbjnimaven/demoproc-jni/1.0/demoproc-jni-1.0.jar:/users/Xinying/.m2/repository/ch/qos/logback/logback-core/1.2.3/logback-core-1.2.3.jar:/users/Xinying/.m2/repository/org/codehaus/jackson/jackson-mapper-asl/1.9.4/jackson-mapper-asl-1.9.4.jar:/users/Xinying/.m2/repository/org/slf4j/slf4j-simple/1.7.25/slf4j-simple-1.7.25.jar:/users/Xinying/.m2/repository/org/codehaus/jackson/jackson-core-asl/1.9.4/jackson-core-asl-1.9.4.jar:/users/Xinying/ozonedb/ycsb/core/target/core-0.18.0-SNAPSHOT.jar site.ycsb.Client -db site.ycsb.db.OzoneDBClient -threads 1 -s -P /users/Xinying/ozonedb/ycsb/workloads/generated_workloads/workloadc_1KB_1000000_1000000 -p status.interval=10 -p requestdistribution=sequential -p operationcount=1000000 -p maxexecutiontime=0 -p shared_config=/tmp/churn_v4_configs/shared_config_varyW_n16_r0pct.json -t
Command line: -db site.ycsb.db.OzoneDBClient -threads 1 -s -P /users/Xinying/ozonedb/ycsb/workloads/generated_workloads/workloadc_1KB_1000000_1000000 -p status.interval=10 -p requestdistribution=sequential -p operationcount=1000000 -p maxexecutiontime=0 -p shared_config=/tmp/churn_v4_configs/shared_config_varyW_n16_r0pct.json -t
YCSB Client 0.18.0-SNAPSHOT

Loading workload...
Starting test.
SLF4J: Class path contains multiple SLF4J bindings.
SLF4J: Found binding in [jar:file:/users/Xinying/.m2/repository/ch/qos/logback/logback-classic/1.2.3/logback-classic-1.2.3.jar!/org/slf4j/impl/StaticLoggerBinder.class]
SLF4J: Found binding in [jar:file:/users/Xinying/.m2/repository/org/slf4j/slf4j-simple/1.7.25/slf4j-simple-1.7.25.jar!/org/slf4j/impl/StaticLoggerBinder.class]
SLF4J: See http://www.slf4j.org/codes.html#multiple_bindings for an explanation.
SLF4J: Actual binding is of type [ch.qos.logback.classic.util.ContextSelectorStaticBinder]
2026-05-01 03:47:37:931 0 sec: 0 operations; est completion in 0 second 
Starting compaction watcher
DBWrapper: report latency for each error is false and specific error codes to track for latency are: []
2026-05-01 03:47:47:930 10 sec: 115198 operations; 11519.8 current ops/sec; est completion in 1 minute [READ: Count=115219, Max=7111, Min=48, Avg=78.22, 90=85, 99=105, 99.9=132, 99.99=441] 
2026-05-01 03:47:57:930 20 sec: 244240 operations; 12904.2 current ops/sec; est completion in 1 minute [READ: Count=129028, Max=5323, Min=39, Avg=76.39, 90=83, 99=97, 99.9=120, 99.99=203] 
2026-05-01 03:48:07:930 30 sec: 375654 operations; 13141.4 current ops/sec; est completion in 50 seconds [READ: Count=131415, Max=4083, Min=48, Avg=75.14, 90=81, 99=94, 99.9=117, 99.99=175] 
2026-05-01 03:48:17:930 40 sec: 508506 operations; 13285.2 current ops/sec; est completion in 39 seconds [READ: Count=132851, Max=431, Min=47, Avg=74.32, 90=81, 99=94, 99.9=119, 99.99=193] 
2026-05-01 03:48:27:930 50 sec: 641201 operations; 13269.5 current ops/sec; est completion in 28 seconds [READ: Count=132698, Max=3591, Min=26, Avg=74.4, 90=81, 99=94, 99.9=118, 99.99=271] 
2026-05-01 03:48:37:930 60 sec: 851334 operations; 21013.3 current ops/sec; est completion in 11 seconds [READ: Count=210132, Max=7299, Min=25, Avg=46.62, 90=56, 99=66, 99.9=89, 99.99=140] 
[OZONEDB-PROFILE] reads=1000000  avg_total=61.04us  view=2.82us(4.6%)  log=0.48us(0.8%)  sst=57.55us_per_call x 999709_calls(94.3%_of_total)
[OZONEDB-SST-PROFILE] level | time_total_ms | enters | range_rejects | table_gets | hits
[OZONEDB-SST-PROFILE] L1  |      4117.53 |  6958032 |        10302 |    6947730 |  13452
[OZONEDB-SST-PROFILE] L2  |     53053.97 |  4464186 |          256 |    4463930 | 986257
[OZONEDB-TBL-PROFILE] file_filter_reject=10313738  block_filter_reject=97118  index_invalid=0  block_read_more=761420  hit_from_cache=239384  miss_after_read=1095  found=999709
2026-05-01 03:48:42:603 64 sec: 1000000 operations; 31813.82 current ops/sec; [READ: Count=148657, Max=4355, Min=3, Avg=29.89, 90=54, 99=62, 99.9=76, 99.99=146] [CLEANUP: Count=1, Max=97023, Min=96960, Avg=96992, 90=97023, 99=97023, 99.9=97023, 99.99=97023] 
[OVERALL], RunTime(ms), 64673
[OVERALL], Throughput(ops/sec), 15462.40316670017
[TOTAL_GCS_PS_Scavenge], Count, 5
[TOTAL_GC_TIME_PS_Scavenge], Time(ms), 19
[TOTAL_GC_TIME_%_PS_Scavenge], Time(%), 0.029378566016730324
[TOTAL_GCS_PS_MarkSweep], Count, 0
[TOTAL_GC_TIME_PS_MarkSweep], Time(ms), 0
[TOTAL_GC_TIME_%_PS_MarkSweep], Time(%), 0.0
[TOTAL_GCs], Count, 5
[TOTAL_GC_TIME], Time(ms), 19
[TOTAL_GC_TIME_%], Time(%), 0.029378566016730324
[READ], Operations, 1000000
[READ], AverageLatency(us), 62.728357
[READ], MinLatency(us), 3
[READ], MaxLatency(us), 7299
[READ], 95thPercentileLatency(us), 84
[READ], 99thPercentileLatency(us), 95
[READ], Return=OK, 1000000
[CLEANUP], Operations, 1
[CLEANUP], AverageLatency(us), 96992.0
[CLEANUP], MinLatency(us), 96960
[CLEANUP], MaxLatency(us), 97023
[CLEANUP], 95thPercentileLatency(us), 97023
[CLEANUP], 99thPercentileLatency(us), 97023
