# CMD: /usr/lib/jvm/java-8-openjdk-amd64/bin/java -cp /users/Xinying/ozonedb/ycsb/ozonedb/conf:/users/Xinying/ozonedb/ycsb/ozonedb/target/ozonedb-binding-0.18.0-SNAPSHOT.jar:/users/Xinying/.m2/repository/org/apache/htrace/htrace-core4/4.1.0-incubating/htrace-core4-4.1.0-incubating.jar:/users/Xinying/.m2/repository/org/slf4j/slf4j-api/1.7.25/slf4j-api-1.7.25.jar:/users/Xinying/.m2/repository/org/hdrhistogram/HdrHistogram/2.1.12/HdrHistogram-2.1.12.jar:/users/Xinying/.m2/repository/ch/qos/logback/logback-classic/1.2.3/logback-classic-1.2.3.jar:/users/Xinying/.m2/repository/ozonedbjnimaven/demoproc-jni/1.0/demoproc-jni-1.0.jar:/users/Xinying/.m2/repository/ch/qos/logback/logback-core/1.2.3/logback-core-1.2.3.jar:/users/Xinying/.m2/repository/org/codehaus/jackson/jackson-mapper-asl/1.9.4/jackson-mapper-asl-1.9.4.jar:/users/Xinying/.m2/repository/org/slf4j/slf4j-simple/1.7.25/slf4j-simple-1.7.25.jar:/users/Xinying/.m2/repository/org/codehaus/jackson/jackson-core-asl/1.9.4/jackson-core-asl-1.9.4.jar:/users/Xinying/ozonedb/ycsb/core/target/core-0.18.0-SNAPSHOT.jar site.ycsb.Client -db site.ycsb.db.OzoneDBClient -threads 1 -s -P /users/Xinying/ozonedb/ycsb/workloads/generated_workloads/workloadc_1KB_1000000_1000000 -p status.interval=30 -p requestdistribution=uniform -p operationcount=1000000000 -p maxexecutiontime=660 -p shared_config=/tmp/churn_v4_configs/shared_config_varyW_n16_r0pct.json -t
# env OZONEDB_CHURN_ABORT_RATE=0.0
Command line: -db site.ycsb.db.OzoneDBClient -threads 1 -s -P /users/Xinying/ozonedb/ycsb/workloads/generated_workloads/workloadc_1KB_1000000_1000000 -p status.interval=30 -p requestdistribution=uniform -p operationcount=1000000000 -p maxexecutiontime=660 -p shared_config=/tmp/churn_v4_configs/shared_config_varyW_n16_r0pct.json -t
YCSB Client 0.18.0-SNAPSHOT

Loading workload...
Starting test.
SLF4J: Class path contains multiple SLF4J bindings.
SLF4J: Found binding in [jar:file:/users/Xinying/.m2/repository/ch/qos/logback/logback-classic/1.2.3/logback-classic-1.2.3.jar!/org/slf4j/impl/StaticLoggerBinder.class]
SLF4J: Found binding in [jar:file:/users/Xinying/.m2/repository/org/slf4j/slf4j-simple/1.7.25/slf4j-simple-1.7.25.jar!/org/slf4j/impl/StaticLoggerBinder.class]
SLF4J: See http://www.slf4j.org/codes.html#multiple_bindings for an explanation.
SLF4J: Actual binding is of type [ch.qos.logback.classic.util.ContextSelectorStaticBinder]
Maximum execution time specified as: 660 secs
2026-05-01 03:47:00:110 0 sec: 0 operations; est completion in 0 second 
Starting compaction watcher
DBWrapper: report latency for each error is false and specific error codes to track for latency are: []
2814098:COMPACT_START sstable=0 input_files: "datalog/23" input_files: "datalog/24" compactIntoNextLevel: true destinationLevel: 1
2026-05-01 03:47:00:188 - Compaction started: 
139626475832896:Compacting datalog/23 datalog/24 into:sstable1/dbb71712-9543-41fd-86e4-a836fddef97b202604302147001777607220346979173.sst
2026-05-01 03:47:00:372 - Compaction completed: 
2814098:COMPACT_START sstable=0 input_files: "datalog/37" input_files: "datalog/38" compactIntoNextLevel: true destinationLevel: 1
2026-05-01 03:47:00:437 - Compaction started: 
139626475832896:Compacting datalog/37 datalog/38 into:sstable1/dbb71712-9543-41fd-86e4-a836fddef97b202604302147001777607220631308773.sst
2026-05-01 03:47:00:708 - Compaction completed: 
2814098:COMPACT_START sstable=0 input_files: "datalog/67" input_files: "datalog/68" compactIntoNextLevel: true destinationLevel: 1
2026-05-01 03:47:00:756 - Compaction started: 
139626475832896:Compacting datalog/67 datalog/68 into:sstable1/dbb71712-9543-41fd-86e4-a836fddef97b202604302147001777607221473140122.sst
2026-05-01 03:47:01:542 - Compaction completed: 
2814098:COMPACT_START sstable=0 input_files: "datalog/197" input_files: "datalog/198" compactIntoNextLevel: true destinationLevel: 1
2026-05-01 03:47:01:568 - Compaction started: 
139626475832896:Compacting datalog/197 datalog/198 into:sstable1/dbb71712-9543-41fd-86e4-a836fddef97b202604302147001777607221572585190.sst
2026-05-01 03:47:01:607 - Compaction completed: 
2814098:COMPACT_START sstable=0 input_files: "datalog/223" input_files: "datalog/224" compactIntoNextLevel: true destinationLevel: 1
2026-05-01 03:47:01:690 - Compaction started: 
139626475832896:Compacting datalog/223 datalog/224 into:sstable1/dbb71712-9543-41fd-86e4-a836fddef97b202604302147001777607221693181858.sst
2026-05-01 03:47:01:717 - Compaction completed: 
2814098:COMPACT_START sstable=0 input_files: "datalog/251" input_files: "datalog/252" compactIntoNextLevel: true destinationLevel: 1
2026-05-01 03:47:01:794 - Compaction started: 
139626475832896:Compacting datalog/251 datalog/252 into:sstable1/dbb71712-9543-41fd-86e4-a836fddef97b202604302147001777607221798439564.sst
2026-05-01 03:47:01:858 - Compaction completed: 
2814098:COMPACT_START sstable=0 input_files: "datalog/293" input_files: "datalog/294" compactIntoNextLevel: true destinationLevel: 1
2026-05-01 03:47:01:934 - Compaction started: 
139626475832896:Compacting datalog/293 datalog/294 into:sstable1/dbb71712-9543-41fd-86e4-a836fddef97b202604302147001777607221938418646.sst
2026-05-01 03:47:01:960 - Compaction completed: 
2814098:COMPACT_START sstable=0 input_files: "datalog/319" input_files: "datalog/320" compactIntoNextLevel: true destinationLevel: 1
2026-05-01 03:47:02:048 - Compaction started: 
139626475832896:Compacting datalog/319 datalog/320 into:sstable1/dbb71712-9543-41fd-86e4-a836fddef97b202604302147001777607222713174634.sst
2026-05-01 03:47:02:777 - Compaction completed: 
2814098:COMPACT_START sstable=0 input_files: "datalog/519" input_files: "datalog/520" compactIntoNextLevel: true destinationLevel: 1
2026-05-01 03:47:02:864 - Compaction started: 
139626475832896:Compacting datalog/519 datalog/520 into:sstable1/dbb71712-9543-41fd-86e4-a836fddef97b202604302147001777607222866115911.sst
2026-05-01 03:47:02:883 - Compaction completed: 
2814098:COMPACT_START sstable=0 input_files: "datalog/551" input_files: "datalog/552" compactIntoNextLevel: true destinationLevel: 1
2026-05-01 03:47:02:967 - Compaction started: 
139626475832896:Compacting datalog/551 datalog/552 into:sstable1/dbb71712-9543-41fd-86e4-a836fddef97b202604302147001777607222970071536.sst
2026-05-01 03:47:02:988 - Compaction completed: 
2814098:COMPACT_START sstable=0 input_files: "datalog/583" input_files: "datalog/584" compactIntoNextLevel: true destinationLevel: 1
2026-05-01 03:47:03:072 - Compaction started: 
139626475832896:Compacting datalog/583 datalog/584 into:sstable1/dbb71712-9543-41fd-86e4-a836fddef97b202604302147001777607223075697472.sst
2026-05-01 03:47:03:096 - Compaction completed: 
2814098:COMPACT_START sstable=0 input_files: "datalog/615" input_files: "datalog/616" compactIntoNextLevel: true destinationLevel: 1
2026-05-01 03:47:03:176 - Compaction started: 
139626475832896:Compacting datalog/615 datalog/616 into:sstable1/dbb71712-9543-41fd-86e4-a836fddef97b202604302147001777607223179198926.sst
2026-05-01 03:47:03:197 - Compaction completed: 
2814098:COMPACT_START sstable=0 input_files: "datalog/647" input_files: "datalog/648" compactIntoNextLevel: true destinationLevel: 1
2026-05-01 03:47:03:280 - Compaction started: 
139626475832896:Compacting datalog/647 datalog/648 into:sstable1/dbb71712-9543-41fd-86e4-a836fddef97b202604302147001777607223283934292.sst
2026-05-01 03:47:03:302 - Compaction completed: 
2814098:COMPACT_START sstable=0 input_files: "datalog/679" input_files: "datalog/680" compactIntoNextLevel: true destinationLevel: 1
2026-05-01 03:47:03:396 - Compaction started: 
139626475832896:Compacting datalog/679 datalog/680 into:sstable1/dbb71712-9543-41fd-86e4-a836fddef97b202604302147001777607223398919709.sst
2026-05-01 03:47:03:414 - Compaction completed: 
2814098:COMPACT_START sstable=0 input_files: "datalog/711" input_files: "datalog/712" compactIntoNextLevel: true destinationLevel: 1
2026-05-01 03:47:03:498 - Compaction started: 
139626475832896:Compacting datalog/711 datalog/712 into:sstable1/dbb71712-9543-41fd-86e4-a836fddef97b202604302147001777607223500511952.sst
2026-05-01 03:47:03:517 - Compaction completed: 
2814098:COMPACT_START sstable=0 input_files: "datalog/743" input_files: "datalog/744" compactIntoNextLevel: true destinationLevel: 1
2026-05-01 03:47:03:604 - Compaction started: 
139626475832896:Compacting datalog/743 datalog/744 into:sstable1/dbb71712-9543-41fd-86e4-a836fddef97b202604302147001777607223607058485.sst
2026-05-01 03:47:03:621 - Compaction completed: 
2814098:COMPACT_START sstable=0 input_files: "datalog/775" input_files: "datalog/776" compactIntoNextLevel: true destinationLevel: 1
2026-05-01 03:47:03:706 - Compaction started: 
139626475832896:Compacting datalog/775 datalog/776 into:sstable1/dbb71712-9543-41fd-86e4-a836fddef97b202604302147001777607223708982200.sst
2026-05-01 03:47:03:723 - Compaction completed: 
2814098:COMPACT_START sstable=0 input_files: "datalog/807" input_files: "datalog/808" compactIntoNextLevel: true destinationLevel: 1
2026-05-01 03:47:03:812 - Compaction started: 
139626475832896:Compacting datalog/807 datalog/808 into:sstable1/dbb71712-9543-41fd-86e4-a836fddef97b202604302147001777607223816074577.sst
2026-05-01 03:47:03:836 - Compaction completed: 
2814098:COMPACT_START sstable=0 input_files: "datalog/839" input_files: "datalog/840" compactIntoNextLevel: true destinationLevel: 1
2026-05-01 03:47:03:918 - Compaction started: 
139626475832896:Compacting datalog/839 datalog/840 into:sstable1/dbb71712-9543-41fd-86e4-a836fddef97b202604302147001777607223921323737.sst
2026-05-01 03:47:03:940 - Compaction completed: 
2814098:COMPACT_START sstable=1 input_files: "sstable1/53e3b283-263f-406c-b594-215c02bbdb42202604302147001777607220235292030.sst" input_files: "sstable1/6a48bb39-2cfe-4ba3-9358-43a86f54c647202604302147001777607220314766181.sst" compactIntoNextLevel: true destinationLevel: 2
2026-05-01 03:47:04:021 - Compaction started: 
139626475832896:Compacting sstable1/53e3b283-263f-406c-b594-215c02bbdb42202604302147001777607220235292030.sst sstable1/6a48bb39-2cfe-4ba3-9358-43a86f54c647202604302147001777607220314766181.sst into:sstable2/dbb71712-9543-41fd-86e4-a836fddef97b202604302147001777607224047266880.sst
2026-05-01 03:47:04:085 - Compaction completed: 
2814098:COMPACT_START sstable=1 input_files: "sstable1/223811f1-8f4d-4cce-8cc5-706cbc4a8bc6202604302147001777607221206966466.sst" input_files: "sstable1/dbb71712-9543-41fd-86e4-a836fddef97b202604302147001777607221473140122.sst" compactIntoNextLevel: true destinationLevel: 2
2026-05-01 03:47:04:125 - Compaction started: 
139626475832896:Compacting sstable1/223811f1-8f4d-4cce-8cc5-706cbc4a8bc6202604302147001777607221206966466.sst sstable1/dbb71712-9543-41fd-86e4-a836fddef97b202604302147001777607221473140122.sst into:sstable2/dbb71712-9543-41fd-86e4-a836fddef97b202604302147001777607224162738208.sst
2026-05-01 03:47:04:224 - Compaction completed: 
2814098:COMPACT_START sstable=1 input_files: "sstable1/8a306972-bff3-46f1-a8de-513fd6e4850d202604302147001777607221124914963.sst" input_files: "sstable1/c057b7ed-724e-406e-a9b8-aeb8bed1caeb202604302147001777607221240649083.sst" compactIntoNextLevel: true destinationLevel: 2
2026-05-01 03:47:04:228 - Compaction started: 
139626475832896:Compacting sstable1/8a306972-bff3-46f1-a8de-513fd6e4850d202604302147001777607221124914963.sst sstable1/c057b7ed-724e-406e-a9b8-aeb8bed1caeb202604302147001777607221240649083.sst into:sstable2/dbb71712-9543-41fd-86e4-a836fddef97b202604302147001777607224259507899.sst
2026-05-01 03:47:04:310 - Compaction completed: 
2814098:COMPACT_START sstable=1 input_files: "sstable1/53e3b283-263f-406c-b594-215c02bbdb42202604302147001777607221453295161.sst" input_files: "sstable1/aadfdebd-04b8-43ed-9d3e-71e779914646202604302147001777607221454612211.sst" compactIntoNextLevel: true destinationLevel: 2
2026-05-01 03:47:04:332 - Compaction started: 
139626475832896:Compacting sstable1/53e3b283-263f-406c-b594-215c02bbdb42202604302147001777607221453295161.sst sstable1/aadfdebd-04b8-43ed-9d3e-71e779914646202604302147001777607221454612211.sst into:sstable2/dbb71712-9543-41fd-86e4-a836fddef97b202604302147001777607224366918973.sst
2026-05-01 03:47:04:417 - Compaction completed: 
2814098:COMPACT_START sstable=1 input_files: "sstable1/de909f0a-514e-4aec-9a14-39761798a4bd202604302147001777607221694577254.sst" input_files: "sstable1/fa3c7f1b-2546-46c6-bdaa-14329c940c45202604302147001777607221695812130.sst" compactIntoNextLevel: true destinationLevel: 2
2026-05-01 03:47:04:436 - Compaction started: 
139626475832896:Compacting sstable1/de909f0a-514e-4aec-9a14-39761798a4bd202604302147001777607221694577254.sst sstable1/fa3c7f1b-2546-46c6-bdaa-14329c940c45202604302147001777607221695812130.sst into:sstable2/dbb71712-9543-41fd-86e4-a836fddef97b202604302147001777607224464538096.sst
2026-05-01 03:47:04:526 - Compaction completed: 
2814098:COMPACT_START sstable=1 input_files: "sstable1/44b553e2-b1b5-4dab-8b53-e33cff240a85202604302147001777607221871086593.sst" input_files: "sstable1/6fdfa363-aea4-46c6-b5b4-aba9cf2514cf202604302147001777607221883246143.sst" compactIntoNextLevel: true destinationLevel: 2
2026-05-01 03:47:04:539 - Compaction started: 
139626475832896:Compacting sstable1/44b553e2-b1b5-4dab-8b53-e33cff240a85202604302147001777607221871086593.sst sstable1/6fdfa363-aea4-46c6-b5b4-aba9cf2514cf202604302147001777607221883246143.sst into:sstable2/dbb71712-9543-41fd-86e4-a836fddef97b202604302147001777607224569139982.sst
2026-05-01 03:47:04:617 - Compaction completed: 
2814098:COMPACT_START sstable=1 input_files: "sstable1/44b553e2-b1b5-4dab-8b53-e33cff240a85202604302147001777607222110834389.sst" input_files: "sstable1/8a306972-bff3-46f1-a8de-513fd6e4850d202604302147001777607222116870767.sst" compactIntoNextLevel: true destinationLevel: 2
2026-05-01 03:47:04:643 - Compaction started: 
139626475832896:Compacting sstable1/44b553e2-b1b5-4dab-8b53-e33cff240a85202604302147001777607222110834389.sst sstable1/8a306972-bff3-46f1-a8de-513fd6e4850d202604302147001777607222116870767.sst into:sstable2/dbb71712-9543-41fd-86e4-a836fddef97b202604302147001777607224676022536.sst
2026-05-01 03:47:04:731 - Compaction completed: 
2814098:COMPACT_START sstable=1 input_files: "sstable1/94538d5c-dd3d-4dc9-a6d0-8fe0c64514ea202604302147001777607222352040379.sst" input_files: "sstable1/aadfdebd-04b8-43ed-9d3e-71e779914646202604302147001777607222366823147.sst" compactIntoNextLevel: true destinationLevel: 2
2026-05-01 03:47:04:747 - Compaction started: 
139626475832896:Compacting sstable1/94538d5c-dd3d-4dc9-a6d0-8fe0c64514ea202604302147001777607222352040379.sst sstable1/aadfdebd-04b8-43ed-9d3e-71e779914646202604302147001777607222366823147.sst into:sstable2/dbb71712-9543-41fd-86e4-a836fddef97b202604302147001777607224781716991.sst
2026-05-01 03:47:04:854 - Compaction completed: 
2814098:COMPACT_START sstable=1 input_files: "sstable1/53e3b283-263f-406c-b594-215c02bbdb42202604302147001777607222868174040.sst" input_files: "sstable1/94538d5c-dd3d-4dc9-a6d0-8fe0c64514ea202604302147001777607222879210724.sst" compactIntoNextLevel: true destinationLevel: 2
2026-05-01 03:47:04:955 - Compaction started: 
139626475832896:Compacting sstable1/53e3b283-263f-406c-b594-215c02bbdb42202604302147001777607222868174040.sst sstable1/94538d5c-dd3d-4dc9-a6d0-8fe0c64514ea202604302147001777607222879210724.sst into:sstable2/dbb71712-9543-41fd-86e4-a836fddef97b202604302147001777607224983325192.sst
2026-05-01 03:47:05:030 - Compaction completed: 
2814098:COMPACT_START sstable=1 input_files: "sstable1/de909f0a-514e-4aec-9a14-39761798a4bd202604302147001777607223131386734.sst" input_files: "sstable1/6a48bb39-2cfe-4ba3-9358-43a86f54c647202604302147001777607223131871523.sst" compactIntoNextLevel: true destinationLevel: 2
2026-05-01 03:47:05:073 - Compaction started: 
139626475832896:Compacting sstable1/de909f0a-514e-4aec-9a14-39761798a4bd202604302147001777607223131386734.sst sstable1/6a48bb39-2cfe-4ba3-9358-43a86f54c647202604302147001777607223131871523.sst into:sstable2/dbb71712-9543-41fd-86e4-a836fddef97b202604302147001777607225102221862.sst
2026-05-01 03:47:05:157 - Compaction completed: 
2814098:COMPACT_START sstable=1 input_files: "sstable1/aadfdebd-04b8-43ed-9d3e-71e779914646202604302147001777607223318366395.sst" input_files: "sstable1/d668cb06-2199-40a8-834d-7f29e31e0033202604302147001777607223330099385.sst" compactIntoNextLevel: true destinationLevel: 2
2026-05-01 03:47:05:187 - Compaction started: 
139626475832896:Compacting sstable1/aadfdebd-04b8-43ed-9d3e-71e779914646202604302147001777607223318366395.sst sstable1/d668cb06-2199-40a8-834d-7f29e31e0033202604302147001777607223330099385.sst into:sstable2/dbb71712-9543-41fd-86e4-a836fddef97b202604302147001777607225213584896.sst
2026-05-01 03:47:05:257 - Compaction completed: 
2814098:COMPACT_START sstable=1 input_files: "sstable1/de909f0a-514e-4aec-9a14-39761798a4bd202604302147001777607223560965637.sst" input_files: "sstable1/c057b7ed-724e-406e-a9b8-aeb8bed1caeb202604302147001777607223569438806.sst" compactIntoNextLevel: true destinationLevel: 2
2026-05-01 03:47:05:292 - Compaction started: 
139626475832896:Compacting sstable1/de909f0a-514e-4aec-9a14-39761798a4bd202604302147001777607223560965637.sst sstable1/c057b7ed-724e-406e-a9b8-aeb8bed1caeb202604302147001777607223569438806.sst into:sstable2/dbb71712-9543-41fd-86e4-a836fddef97b202604302147001777607225316108446.sst
2026-05-01 03:47:05:357 - Compaction completed: 
2814098:COMPACT_START sstable=1 input_files: "sstable1/de909f0a-514e-4aec-9a14-39761798a4bd202604302147001777607223767926575.sst" input_files: "sstable1/c057b7ed-724e-406e-a9b8-aeb8bed1caeb202604302147001777607223774492427.sst" compactIntoNextLevel: true destinationLevel: 2
2026-05-01 03:47:05:395 - Compaction started: 
139626475832896:Compacting sstable1/de909f0a-514e-4aec-9a14-39761798a4bd202604302147001777607223767926575.sst sstable1/c057b7ed-724e-406e-a9b8-aeb8bed1caeb202604302147001777607223774492427.sst into:sstable2/dbb71712-9543-41fd-86e4-a836fddef97b202604302147001777607225427378917.sst
2026-05-01 03:47:05:479 - Compaction completed: 
2814098:COMPACT_START sstable=1 input_files: "sstable2/dbb71712-9543-41fd-86e4-a836fddef97b202604302147001777607224047266880.sst" input_files: "sstable2/745ddd3c-fa3a-4797-b93d-24318a07214d202604302147001777607224062374107.sst" compactIntoNextLevel: false destinationLevel: 2
2026-05-01 03:47:05:500 - Compaction started: 
139626475832896:Compacting sstable2/dbb71712-9543-41fd-86e4-a836fddef97b202604302147001777607224047266880.sst sstable2/745ddd3c-fa3a-4797-b93d-24318a07214d202604302147001777607224062374107.sst into:sstable2/0_dbb71712-9543-41fd-86e4-a836fddef97b202604302147001777607225564434216.sst
2026-05-01 03:47:05:664 - Compaction completed: 
2814098:COMPACT_START sstable=1 input_files: "sstable2/94538d5c-dd3d-4dc9-a6d0-8fe0c64514ea202604302147001777607224289677068.sst" input_files: "sstable2/6a48bb39-2cfe-4ba3-9358-43a86f54c647202604302147001777607224309004268.sst" compactIntoNextLevel: false destinationLevel: 2
2026-05-01 03:47:05:718 - Compaction started: 
139626475832896:Compacting sstable2/94538d5c-dd3d-4dc9-a6d0-8fe0c64514ea202604302147001777607224289677068.sst sstable2/6a48bb39-2cfe-4ba3-9358-43a86f54c647202604302147001777607224309004268.sst into:sstable2/0_dbb71712-9543-41fd-86e4-a836fddef97b202604302147001777607225789308753.sst
2026-05-01 03:47:05:903 - Compaction completed: 
2814098:COMPACT_START sstable=1 input_files: "sstable2/6a48bb39-2cfe-4ba3-9358-43a86f54c647202604302147001777607224404290597.sst" input_files: "sstable2/6fdfa363-aea4-46c6-b5b4-aba9cf2514cf202604302147001777607224412548762.sst" compactIntoNextLevel: false destinationLevel: 2
2026-05-01 03:47:05:945 - Compaction started: 
139626475832896:Compacting sstable2/6a48bb39-2cfe-4ba3-9358-43a86f54c647202604302147001777607224404290597.sst sstable2/6fdfa363-aea4-46c6-b5b4-aba9cf2514cf202604302147001777607224412548762.sst into:sstable2/0_dbb71712-9543-41fd-86e4-a836fddef97b202604302147001777607226016022138.sst
2026-05-01 03:47:06:125 - Compaction completed: 
2814098:COMPACT_START sstable=1 input_files: "sstable2/0_c057b7ed-724e-406e-a9b8-aeb8bed1caeb202604302147001777607225927337958.sst" input_files: "sstable2/0_94538d5c-dd3d-4dc9-a6d0-8fe0c64514ea202604302147001777607225986370459.sst" compactIntoNextLevel: false destinationLevel: 2
2026-05-01 03:47:06:166 - Compaction started: 
139626475832896:Compacting sstable2/0_c057b7ed-724e-406e-a9b8-aeb8bed1caeb202604302147001777607225927337958.sst sstable2/0_94538d5c-dd3d-4dc9-a6d0-8fe0c64514ea202604302147001777607225986370459.sst into:sstable2/1_dbb71712-9543-41fd-86e4-a836fddef97b202604302147001777607226344152508.sst
2026-05-01 03:47:06:558 - Compaction completed: 
2814098:COMPACT_START sstable=1 input_files: "sstable2/1_44b553e2-b1b5-4dab-8b53-e33cff240a85202604302147001777607226190318056.sst" input_files: "sstable2/1_c057b7ed-724e-406e-a9b8-aeb8bed1caeb202604302147001777607226272887069.sst" compactIntoNextLevel: false destinationLevel: 2
2026-05-01 03:47:06:580 - Compaction started: 
139626475832896:Compacting sstable2/1_44b553e2-b1b5-4dab-8b53-e33cff240a85202604302147001777607226190318056.sst sstable2/1_c057b7ed-724e-406e-a9b8-aeb8bed1caeb202604302147001777607226272887069.sst into:sstable2/2_dbb71712-9543-41fd-86e4-a836fddef97b202604302147001777607226896242269.sst
2026-05-01 03:47:07:396 - Compaction completed: 
2814098:COMPACT_START sstable=1 input_files: "sstable2/1_53e3b283-263f-406c-b594-215c02bbdb42202604302147001777607226997280132.sst" input_files: "sstable2/1_8a306972-bff3-46f1-a8de-513fd6e4850d202604302147001777607227089708713.sst" compactIntoNextLevel: false destinationLevel: 2
2026-05-01 03:47:07:413 - Compaction started: 
139626475832896:Compacting sstable2/1_53e3b283-263f-406c-b594-215c02bbdb42202604302147001777607226997280132.sst sstable2/1_8a306972-bff3-46f1-a8de-513fd6e4850d202604302147001777607227089708713.sst into:sstable2/2_dbb71712-9543-41fd-86e4-a836fddef97b202604302147001777607227639997797.sst
2026-05-01 03:47:08:006 - Compaction completed: 
2814098:COMPACT_START sstable=1 input_files: "sstable2/223811f1-8f4d-4cce-8cc5-706cbc4a8bc6202604302147001777607224979522912.sst" input_files: "sstable2/ad5c3cb6-0e10-438c-b82b-dbe352859c70202604302147001777607224981878198.sst" compactIntoNextLevel: false destinationLevel: 2
2026-05-01 03:47:08:059 - Compaction started: 
139626475832896:Compacting sstable2/223811f1-8f4d-4cce-8cc5-706cbc4a8bc6202604302147001777607224979522912.sst sstable2/ad5c3cb6-0e10-438c-b82b-dbe352859c70202604302147001777607224981878198.sst into:sstable2/0_dbb71712-9543-41fd-86e4-a836fddef97b202604302147001777607228127964953.sst
2026-05-01 03:47:08:229 - Compaction completed: 
2814098:COMPACT_START sstable=1 input_files: "sstable2/0_6a48bb39-2cfe-4ba3-9358-43a86f54c647202604302147001777607227991375056.sst" input_files: "sstable2/0_d668cb06-2199-40a8-834d-7f29e31e0033202604302147001777607228051858277.sst" compactIntoNextLevel: false destinationLevel: 2
2026-05-01 03:47:08:280 - Compaction started: 
139626475832896:Compacting sstable2/0_6a48bb39-2cfe-4ba3-9358-43a86f54c647202604302147001777607227991375056.sst sstable2/0_d668cb06-2199-40a8-834d-7f29e31e0033202604302147001777607228051858277.sst into:sstable2/1_dbb71712-9543-41fd-86e4-a836fddef97b202604302147001777607228404821690.sst
2026-05-01 03:47:08:615 - Compaction completed: 
2814098:COMPACT_START sstable=1 input_files: "sstable2/745ddd3c-fa3a-4797-b93d-24318a07214d202604302147001777607225101703470.sst" input_files: "sstable2/94538d5c-dd3d-4dc9-a6d0-8fe0c64514ea202604302147001777607225101060695.sst" compactIntoNextLevel: false destinationLevel: 2
2026-05-01 03:47:08:733 - Compaction started: 
139626475832896:Compacting sstable2/745ddd3c-fa3a-4797-b93d-24318a07214d202604302147001777607225101703470.sst sstable2/94538d5c-dd3d-4dc9-a6d0-8fe0c64514ea202604302147001777607225101060695.sst into:sstable2/0_dbb71712-9543-41fd-86e4-a836fddef97b202604302147001777607228801557060.sst
2026-05-01 03:47:09:024 - Compaction completed: 
2814098:COMPACT_START sstable=1 input_files: "sstable2/0_8e50b6f3-5ed0-4446-aa81-3dfa1265d15c202604302147001777607228644801350.sst" input_files: "sstable2/0_de909f0a-514e-4aec-9a14-39761798a4bd202604302147001777607228658795220.sst" compactIntoNextLevel: false destinationLevel: 2
2026-05-01 03:47:09:059 - Compaction started: 
139626475832896:Compacting sstable2/0_8e50b6f3-5ed0-4446-aa81-3dfa1265d15c202604302147001777607228644801350.sst sstable2/0_de909f0a-514e-4aec-9a14-39761798a4bd202604302147001777607228658795220.sst into:sstable2/1_dbb71712-9543-41fd-86e4-a836fddef97b202604302147001777607229177633501.sst
2026-05-01 03:47:09:810 - Compaction completed: 
2814098:COMPACT_START sstable=1 input_files: "sstable2/d668cb06-2199-40a8-834d-7f29e31e0033202604302147001777607225245943982.sst" input_files: "sstable2/c057b7ed-724e-406e-a9b8-aeb8bed1caeb202604302147001777607225249502274.sst" compactIntoNextLevel: false destinationLevel: 2
2026-05-01 03:47:09:918 - Compaction started: 
139626475832896:Compacting sstable2/d668cb06-2199-40a8-834d-7f29e31e0033202604302147001777607225245943982.sst sstable2/c057b7ed-724e-406e-a9b8-aeb8bed1caeb202604302147001777607225249502274.sst into:sstable2/0_dbb71712-9543-41fd-86e4-a836fddef97b202604302147001777607229972817542.sst
2026-05-01 03:47:10:233 - Compaction completed: 
2814098:COMPACT_START sstable=1 input_files: "sstable2/745ddd3c-fa3a-4797-b93d-24318a07214d202604302147001777607225307584563.sst" input_files: "sstable2/94538d5c-dd3d-4dc9-a6d0-8fe0c64514ea202604302147001777607225305805156.sst" compactIntoNextLevel: false destinationLevel: 2
2026-05-01 03:47:10:258 - Compaction started: 
139626475832896:Compacting sstable2/745ddd3c-fa3a-4797-b93d-24318a07214d202604302147001777607225307584563.sst sstable2/94538d5c-dd3d-4dc9-a6d0-8fe0c64514ea202604302147001777607225305805156.sst into:sstable2/0_dbb71712-9543-41fd-86e4-a836fddef97b202604302147001777607230310404804.sst
2026-05-01 03:47:10:543 - Compaction completed: 
2814098:COMPACT_START sstable=1 input_files: "sstable2/d668cb06-2199-40a8-834d-7f29e31e0033202604302147001777607225363503135.sst" input_files: "sstable2/c057b7ed-724e-406e-a9b8-aeb8bed1caeb202604302147001777607225349099166.sst" compactIntoNextLevel: false destinationLevel: 2
2026-05-01 03:47:10:595 - Compaction started: 
139626475832896:Compacting sstable2/d668cb06-2199-40a8-834d-7f29e31e0033202604302147001777607225363503135.sst sstable2/c057b7ed-724e-406e-a9b8-aeb8bed1caeb202604302147001777607225349099166.sst into:sstable2/0_dbb71712-9543-41fd-86e4-a836fddef97b202604302147001777607230650751649.sst
2026-05-01 03:47:10:913 - Compaction completed: 
2814098:COMPACT_START sstable=1 input_files: "sstable2/2_6a48bb39-2cfe-4ba3-9358-43a86f54c647202604302147001777607228960075453.sst" input_files: "sstable2/2_8a306972-bff3-46f1-a8de-513fd6e4850d202604302147001777607229887808133.sst" compactIntoNextLevel: false destinationLevel: 2
2026-05-01 03:47:10:923 - Compaction started: 
139626475832896:Compacting sstable2/2_6a48bb39-2cfe-4ba3-9358-43a86f54c647202604302147001777607228960075453.sst sstable2/2_8a306972-bff3-46f1-a8de-513fd6e4850d202604302147001777607229887808133.sst into:sstable2/3_dbb71712-9543-41fd-86e4-a836fddef97b202604302147001777607231453615329.sst
2026-05-01 03:47:13:177 - Compaction completed: 
2814098:COMPACT_START sstable=1 input_files: "sstable2/4_94538d5c-dd3d-4dc9-a6d0-8fe0c64514ea202604302147001777607230993640001.sst" input_files: "sstable2/4_ad5c3cb6-0e10-438c-b82b-dbe352859c70202604302147001777607231563311648.sst" compactIntoNextLevel: false destinationLevel: 2
2026-05-01 03:47:14:782 - Compaction started: 
139626475832896:Compacting sstable2/4_94538d5c-dd3d-4dc9-a6d0-8fe0c64514ea202604302147001777607230993640001.sst sstable2/4_ad5c3cb6-0e10-438c-b82b-dbe352859c70202604302147001777607231563311648.sst into:sstable2/5_dbb71712-9543-41fd-86e4-a836fddef97b202604302147001777607237402387742.sst
2026-05-01 03:47:20:928 - Compaction completed: 
2026-05-01 03:47:30:111 30 sec: 239583 operations; 7986.1 current ops/sec; est completion in 1 day 10 hours [READ: Count=239608, Max=3291135, Min=5, Avg=123.28, 90=133, 99=351, 99.9=1597, 99.99=32143] 
