# CMD: /usr/lib/jvm/java-8-openjdk-amd64/bin/java -cp /users/Xinying/ozonedb/ycsb/ozonedb/conf:/users/Xinying/ozonedb/ycsb/ozonedb/target/ozonedb-binding-0.18.0-SNAPSHOT.jar:/users/Xinying/.m2/repository/org/apache/htrace/htrace-core4/4.1.0-incubating/htrace-core4-4.1.0-incubating.jar:/users/Xinying/.m2/repository/org/slf4j/slf4j-api/1.7.25/slf4j-api-1.7.25.jar:/users/Xinying/.m2/repository/org/hdrhistogram/HdrHistogram/2.1.12/HdrHistogram-2.1.12.jar:/users/Xinying/.m2/repository/ch/qos/logback/logback-classic/1.2.3/logback-classic-1.2.3.jar:/users/Xinying/.m2/repository/ozonedbjnimaven/demoproc-jni/1.0/demoproc-jni-1.0.jar:/users/Xinying/.m2/repository/ch/qos/logback/logback-core/1.2.3/logback-core-1.2.3.jar:/users/Xinying/.m2/repository/org/codehaus/jackson/jackson-mapper-asl/1.9.4/jackson-mapper-asl-1.9.4.jar:/users/Xinying/.m2/repository/org/slf4j/slf4j-simple/1.7.25/slf4j-simple-1.7.25.jar:/users/Xinying/.m2/repository/org/codehaus/jackson/jackson-core-asl/1.9.4/jackson-core-asl-1.9.4.jar:/users/Xinying/ozonedb/ycsb/core/target/core-0.18.0-SNAPSHOT.jar site.ycsb.Client -db site.ycsb.db.OzoneDBClient -threads 1 -s -P /users/Xinying/ozonedb/ycsb/workloads/generated_workloads/workloadc_1KB_1000000_1000000 -p status.interval=30 -p requestdistribution=uniform -p operationcount=1000000000 -p maxexecutiontime=660 -p shared_config=/tmp/churn_v4_configs/shared_config_varyW_n16_r0pct.json -t
# env OZONEDB_CHURN_ABORT_RATE=0.0
Command line: -db site.ycsb.db.OzoneDBClient -threads 1 -s -P /users/Xinying/ozonedb/ycsb/workloads/generated_workloads/workloadc_1KB_1000000_1000000 -p status.interval=30 -p requestdistribution=uniform -p operationcount=1000000000 -p maxexecutiontime=660 -p shared_config=/tmp/churn_v4_configs/shared_config_varyW_n16_r0pct.json -t
YCSB Client 0.18.0-SNAPSHOT

Loading workload...
Starting test.
SLF4J: Class path contains multiple SLF4J bindings.
SLF4J: Found binding in [jar:file:/users/Xinying/.m2/repository/ch/qos/logback/logback-classic/1.2.3/logback-classic-1.2.3.jar!/org/slf4j/impl/StaticLoggerBinder.class]
SLF4J: Found binding in [jar:file:/users/Xinying/.m2/repository/org/slf4j/slf4j-simple/1.7.25/slf4j-simple-1.7.25.jar!/org/slf4j/impl/StaticLoggerBinder.class]
SLF4J: See http://www.slf4j.org/codes.html#multiple_bindings for an explanation.
SLF4J: Actual binding is of type [ch.qos.logback.classic.util.ContextSelectorStaticBinder]
Maximum execution time specified as: 660 secs
2026-05-01 03:47:00:069 0 sec: 0 operations; est completion in 0 second 
Starting compaction watcher
DBWrapper: report latency for each error is false and specific error codes to track for latency are: []
2814111:COMPACT_START sstable=0 input_files: "datalog/5" input_files: "datalog/6" compactIntoNextLevel: true destinationLevel: 1
2026-05-01 03:47:00:147 - Compaction started: 
139918600816192:Compacting datalog/5 datalog/6 into:sstable1/ad5c3cb6-0e10-438c-b82b-dbe352859c70202604302147001777607221236845642.sst
2026-05-01 03:47:01:339 - Compaction completed: 
2814111:COMPACT_START sstable=0 input_files: "datalog/155" input_files: "datalog/156" compactIntoNextLevel: true destinationLevel: 1
2026-05-01 03:47:01:364 - Compaction started: 
139918600816192:Compacting datalog/155 datalog/156 into:sstable1/ad5c3cb6-0e10-438c-b82b-dbe352859c70202604302147001777607221390369591.sst
2026-05-01 03:47:01:450 - Compaction completed: 
2814111:COMPACT_START sstable=0 input_files: "datalog/183" input_files: "datalog/184" compactIntoNextLevel: true destinationLevel: 1
2026-05-01 03:47:01:531 - Compaction started: 
139918600816192:Compacting datalog/183 datalog/184 into:sstable1/ad5c3cb6-0e10-438c-b82b-dbe352859c70202604302147001777607221608948674.sst
2026-05-01 03:47:01:635 - Compaction completed: 
2814111:COMPACT_START sstable=0 input_files: "datalog/239" input_files: "datalog/240" compactIntoNextLevel: true destinationLevel: 1
2026-05-01 03:47:01:743 - Compaction started: 
139918600816192:Compacting datalog/239 datalog/240 into:sstable1/ad5c3cb6-0e10-438c-b82b-dbe352859c70202604302147001777607221747408577.sst
2026-05-01 03:47:01:773 - Compaction completed: 
2814111:COMPACT_START sstable=0 input_files: "datalog/267" input_files: "datalog/268" compactIntoNextLevel: true destinationLevel: 1
2026-05-01 03:47:01:851 - Compaction started: 
139918600816192:Compacting datalog/267 datalog/268 into:sstable1/ad5c3cb6-0e10-438c-b82b-dbe352859c70202604302147001777607221854360570.sst
2026-05-01 03:47:01:881 - Compaction completed: 
2814111:COMPACT_START sstable=0 input_files: "datalog/297" input_files: "datalog/298" compactIntoNextLevel: true destinationLevel: 1
2026-05-01 03:47:01:959 - Compaction started: 
139918600816192:Compacting datalog/297 datalog/298 into:sstable1/ad5c3cb6-0e10-438c-b82b-dbe352859c70202604302147001777607221961742650.sst
2026-05-01 03:47:01:983 - Compaction completed: 
2814111:COMPACT_START sstable=0 input_files: "datalog/325" input_files: "datalog/326" compactIntoNextLevel: true destinationLevel: 1
2026-05-01 03:47:02:063 - Compaction started: 
139918600816192:Compacting datalog/325 datalog/326 into:sstable1/ad5c3cb6-0e10-438c-b82b-dbe352859c70202604302147001777607222065362736.sst
2026-05-01 03:47:02:085 - Compaction completed: 
2814111:COMPACT_START sstable=0 input_files: "datalog/351" input_files: "datalog/352" compactIntoNextLevel: true destinationLevel: 1
2026-05-01 03:47:02:166 - Compaction started: 
139918600816192:Compacting datalog/351 datalog/352 into:sstable1/ad5c3cb6-0e10-438c-b82b-dbe352859c70202604302147001777607222229305692.sst
2026-05-01 03:47:02:268 - Compaction completed: 
2814111:COMPACT_START sstable=0 input_files: "datalog/381" input_files: "datalog/382" compactIntoNextLevel: true destinationLevel: 1
2026-05-01 03:47:02:274 - Compaction started: 
139918600816192:Compacting datalog/381 datalog/382 into:sstable1/ad5c3cb6-0e10-438c-b82b-dbe352859c70202604302147001777607222277551045.sst
2026-05-01 03:47:02:299 - Compaction completed: 
2814111:COMPACT_START sstable=0 input_files: "datalog/403" input_files: "datalog/404" compactIntoNextLevel: true destinationLevel: 1
2026-05-01 03:47:02:384 - Compaction started: 
139918600816192:Compacting datalog/403 datalog/404 into:sstable1/ad5c3cb6-0e10-438c-b82b-dbe352859c70202604302147001777607222599839241.sst
2026-05-01 03:47:02:625 - Compaction completed: 
2814111:COMPACT_START sstable=0 input_files: "datalog/471" input_files: "datalog/472" compactIntoNextLevel: true destinationLevel: 1
2026-05-01 03:47:02:689 - Compaction started: 
139918600816192:Compacting datalog/471 datalog/472 into:sstable1/ad5c3cb6-0e10-438c-b82b-dbe352859c70202604302147001777607222691886657.sst
2026-05-01 03:47:02:714 - Compaction completed: 
2814111:COMPACT_START sstable=0 input_files: "datalog/509" input_files: "datalog/510" compactIntoNextLevel: true destinationLevel: 1
2026-05-01 03:47:02:821 - Compaction started: 
139918600816192:Compacting datalog/509 datalog/510 into:sstable1/ad5c3cb6-0e10-438c-b82b-dbe352859c70202604302147001777607222824252493.sst
2026-05-01 03:47:02:844 - Compaction completed: 
2814111:COMPACT_START sstable=0 input_files: "datalog/541" input_files: "datalog/542" compactIntoNextLevel: true destinationLevel: 1
2026-05-01 03:47:02:925 - Compaction started: 
139918600816192:Compacting datalog/541 datalog/542 into:sstable1/ad5c3cb6-0e10-438c-b82b-dbe352859c70202604302147001777607222928122598.sst
2026-05-01 03:47:02:947 - Compaction completed: 
2814111:COMPACT_START sstable=0 input_files: "datalog/573" input_files: "datalog/574" compactIntoNextLevel: true destinationLevel: 1
2026-05-01 03:47:03:031 - Compaction started: 
139918600816192:Compacting datalog/573 datalog/574 into:sstable1/ad5c3cb6-0e10-438c-b82b-dbe352859c70202604302147001777607223034499873.sst
2026-05-01 03:47:03:057 - Compaction completed: 
2814111:COMPACT_START sstable=0 input_files: "datalog/607" input_files: "datalog/608" compactIntoNextLevel: true destinationLevel: 1
2026-05-01 03:47:03:154 - Compaction started: 
139918600816192:Compacting datalog/607 datalog/608 into:sstable1/ad5c3cb6-0e10-438c-b82b-dbe352859c70202604302147001777607223169427553.sst
2026-05-01 03:47:03:212 - Compaction completed: 
2814111:COMPACT_START sstable=0 input_files: "datalog/639" input_files: "datalog/640" compactIntoNextLevel: true destinationLevel: 1
2026-05-01 03:47:03:258 - Compaction started: 
139918600816192:Compacting datalog/639 datalog/640 into:sstable1/ad5c3cb6-0e10-438c-b82b-dbe352859c70202604302147001777607223260571796.sst
2026-05-01 03:47:03:277 - Compaction completed: 
2814111:COMPACT_START sstable=0 input_files: "datalog/677" input_files: "datalog/678" compactIntoNextLevel: true destinationLevel: 1
2026-05-01 03:47:03:386 - Compaction started: 
139918600816192:Compacting datalog/677 datalog/678 into:sstable1/ad5c3cb6-0e10-438c-b82b-dbe352859c70202604302147001777607223389112459.sst
2026-05-01 03:47:03:408 - Compaction completed: 
2814111:COMPACT_START sstable=0 input_files: "datalog/709" input_files: "datalog/710" compactIntoNextLevel: true destinationLevel: 1
2026-05-01 03:47:03:489 - Compaction started: 
139918600816192:Compacting datalog/709 datalog/710 into:sstable1/ad5c3cb6-0e10-438c-b82b-dbe352859c70202604302147001777607223491950849.sst
2026-05-01 03:47:03:510 - Compaction completed: 
2814111:COMPACT_START sstable=0 input_files: "datalog/741" input_files: "datalog/742" compactIntoNextLevel: true destinationLevel: 1
2026-05-01 03:47:03:596 - Compaction started: 
139918600816192:Compacting datalog/741 datalog/742 into:sstable1/ad5c3cb6-0e10-438c-b82b-dbe352859c70202604302147001777607223598883416.sst
2026-05-01 03:47:03:612 - Compaction completed: 
2814111:COMPACT_START sstable=0 input_files: "datalog/773" input_files: "datalog/774" compactIntoNextLevel: true destinationLevel: 1
2026-05-01 03:47:03:699 - Compaction started: 
139918600816192:Compacting datalog/773 datalog/774 into:sstable1/ad5c3cb6-0e10-438c-b82b-dbe352859c70202604302147001777607223702814555.sst
2026-05-01 03:47:03:726 - Compaction completed: 
2814111:COMPACT_START sstable=0 input_files: "datalog/805" input_files: "datalog/806" compactIntoNextLevel: true destinationLevel: 1
2026-05-01 03:47:03:812 - Compaction started: 
139918600816192:Compacting datalog/805 datalog/806 into:sstable1/ad5c3cb6-0e10-438c-b82b-dbe352859c70202604302147001777607223814595023.sst
2026-05-01 03:47:03:830 - Compaction completed: 
2814111:COMPACT_START sstable=0 input_files: "datalog/837" input_files: "datalog/838" compactIntoNextLevel: true destinationLevel: 1
2026-05-01 03:47:03:915 - Compaction started: 
139918600816192:Compacting datalog/837 datalog/838 into:sstable1/ad5c3cb6-0e10-438c-b82b-dbe352859c70202604302147001777607223919930053.sst
2026-05-01 03:47:03:939 - Compaction completed: 
2814111:COMPACT_START sstable=0 input_files: "datalog/869" input_files: "datalog/870" compactIntoNextLevel: true destinationLevel: 1
2026-05-01 03:47:04:019 - Compaction started: 
139918600816192:Compacting datalog/869 datalog/870 into:sstable1/ad5c3cb6-0e10-438c-b82b-dbe352859c70202604302147001777607224021525633.sst
2026-05-01 03:47:04:039 - Compaction completed: 
2814111:COMPACT_START sstable=1 input_files: "sstable1/8e50b6f3-5ed0-4446-aa81-3dfa1265d15c202604302147001777607220758060492.sst" input_files: "sstable1/de909f0a-514e-4aec-9a14-39761798a4bd202604302147001777607220681666738.sst" compactIntoNextLevel: true destinationLevel: 2
2026-05-01 03:47:04:122 - Compaction started: 
139918600816192:Compacting sstable1/8e50b6f3-5ed0-4446-aa81-3dfa1265d15c202604302147001777607220758060492.sst sstable1/de909f0a-514e-4aec-9a14-39761798a4bd202604302147001777607220681666738.sst into:sstable2/ad5c3cb6-0e10-438c-b82b-dbe352859c70202604302147001777607224164815022.sst
2026-05-01 03:47:04:230 - Compaction completed: 
2814111:COMPACT_START sstable=1 input_files: "sstable1/44b553e2-b1b5-4dab-8b53-e33cff240a85202604302147001777607221412324378.sst" input_files: "sstable1/c057b7ed-724e-406e-a9b8-aeb8bed1caeb202604302147001777607221436803658.sst" compactIntoNextLevel: true destinationLevel: 2
2026-05-01 03:47:04:326 - Compaction started: 
139918600816192:Compacting sstable1/44b553e2-b1b5-4dab-8b53-e33cff240a85202604302147001777607221412324378.sst sstable1/c057b7ed-724e-406e-a9b8-aeb8bed1caeb202604302147001777607221436803658.sst into:sstable2/ad5c3cb6-0e10-438c-b82b-dbe352859c70202604302147001777607224363399844.sst
2026-05-01 03:47:04:419 - Compaction completed: 
2814111:COMPACT_START sstable=1 input_files: "sstable1/c057b7ed-724e-406e-a9b8-aeb8bed1caeb202604302147001777607221654698779.sst" input_files: "sstable1/aadfdebd-04b8-43ed-9d3e-71e779914646202604302147001777607221730638512.sst" compactIntoNextLevel: true destinationLevel: 2
2026-05-01 03:47:04:430 - Compaction started: 
139918600816192:Compacting sstable1/c057b7ed-724e-406e-a9b8-aeb8bed1caeb202604302147001777607221654698779.sst sstable1/aadfdebd-04b8-43ed-9d3e-71e779914646202604302147001777607221730638512.sst into:sstable2/ad5c3cb6-0e10-438c-b82b-dbe352859c70202604302147001777607224467255180.sst
2026-05-01 03:47:04:533 - Compaction completed: 
2814111:COMPACT_START sstable=1 input_files: "sstable1/6a48bb39-2cfe-4ba3-9358-43a86f54c647202604302147001777607221834139084.sst" input_files: "sstable1/ad5c3cb6-0e10-438c-b82b-dbe352859c70202604302147001777607221854360570.sst" compactIntoNextLevel: true destinationLevel: 2
2026-05-01 03:47:04:535 - Compaction started: 
139918600816192:Compacting sstable1/6a48bb39-2cfe-4ba3-9358-43a86f54c647202604302147001777607221834139084.sst sstable1/ad5c3cb6-0e10-438c-b82b-dbe352859c70202604302147001777607221854360570.sst into:sstable2/ad5c3cb6-0e10-438c-b82b-dbe352859c70202604302147001777607224563734397.sst
2026-05-01 03:47:04:605 - Compaction completed: 
2814111:COMPACT_START sstable=1 input_files: "sstable1/ad5c3cb6-0e10-438c-b82b-dbe352859c70202604302147001777607222065362736.sst" input_files: "sstable1/6a48bb39-2cfe-4ba3-9358-43a86f54c647202604302147001777607222070022413.sst" compactIntoNextLevel: true destinationLevel: 2
2026-05-01 03:47:04:638 - Compaction started: 
139918600816192:Compacting sstable1/ad5c3cb6-0e10-438c-b82b-dbe352859c70202604302147001777607222065362736.sst sstable1/6a48bb39-2cfe-4ba3-9358-43a86f54c647202604302147001777607222070022413.sst into:sstable2/ad5c3cb6-0e10-438c-b82b-dbe352859c70202604302147001777607224665166690.sst
2026-05-01 03:47:04:714 - Compaction completed: 
2814111:COMPACT_START sstable=1 input_files: "sstable1/6fdfa363-aea4-46c6-b5b4-aba9cf2514cf202604302147001777607222300519814.sst" input_files: "sstable1/44b553e2-b1b5-4dab-8b53-e33cff240a85202604302147001777607222321139618.sst" compactIntoNextLevel: true destinationLevel: 2
2026-05-01 03:47:04:742 - Compaction started: 
139918600816192:Compacting sstable1/6fdfa363-aea4-46c6-b5b4-aba9cf2514cf202604302147001777607222300519814.sst sstable1/44b553e2-b1b5-4dab-8b53-e33cff240a85202604302147001777607222321139618.sst into:sstable2/ad5c3cb6-0e10-438c-b82b-dbe352859c70202604302147001777607224771309205.sst
2026-05-01 03:47:04:842 - Compaction completed: 
2814111:COMPACT_START sstable=1 input_files: "sstable1/44b553e2-b1b5-4dab-8b53-e33cff240a85202604302147001777607222631510216.sst" input_files: "sstable1/8a306972-bff3-46f1-a8de-513fd6e4850d202604302147001777607222639598703.sst" compactIntoNextLevel: true destinationLevel: 2
2026-05-01 03:47:04:851 - Compaction started: 
139918600816192:Compacting sstable1/44b553e2-b1b5-4dab-8b53-e33cff240a85202604302147001777607222631510216.sst sstable1/8a306972-bff3-46f1-a8de-513fd6e4850d202604302147001777607222639598703.sst into:sstable2/ad5c3cb6-0e10-438c-b82b-dbe352859c70202604302147001777607224893212012.sst
2026-05-01 03:47:04:950 - Compaction completed: 
2814111:COMPACT_START sstable=1 input_files: "sstable1/8a306972-bff3-46f1-a8de-513fd6e4850d202604302147001777607222848535025.sst" input_files: "sstable1/dbb71712-9543-41fd-86e4-a836fddef97b202604302147001777607222866115911.sst" compactIntoNextLevel: true destinationLevel: 2
2026-05-01 03:47:04:954 - Compaction started: 
139918600816192:Compacting sstable1/8a306972-bff3-46f1-a8de-513fd6e4850d202604302147001777607222848535025.sst sstable1/dbb71712-9543-41fd-86e4-a836fddef97b202604302147001777607222866115911.sst into:sstable2/ad5c3cb6-0e10-438c-b82b-dbe352859c70202604302147001777607224981878198.sst
2026-05-01 03:47:05:026 - Compaction completed: 
2814111:COMPACT_START sstable=1 input_files: "sstable1/8a306972-bff3-46f1-a8de-513fd6e4850d202604302147001777607223056997318.sst" input_files: "sstable1/dbb71712-9543-41fd-86e4-a836fddef97b202604302147001777607223075697472.sst" compactIntoNextLevel: true destinationLevel: 2
2026-05-01 03:47:05:057 - Compaction started: 
139918600816192:Compacting sstable1/8a306972-bff3-46f1-a8de-513fd6e4850d202604302147001777607223056997318.sst sstable1/dbb71712-9543-41fd-86e4-a836fddef97b202604302147001777607223075697472.sst into:sstable2/ad5c3cb6-0e10-438c-b82b-dbe352859c70202604302147001777607225088517205.sst
2026-05-01 03:47:05:142 - Compaction completed: 
2814111:COMPACT_START sstable=1 input_files: "sstable1/223811f1-8f4d-4cce-8cc5-706cbc4a8bc6202604302147001777607223291885041.sst" input_files: "sstable1/dbb71712-9543-41fd-86e4-a836fddef97b202604302147001777607223283934292.sst" compactIntoNextLevel: true destinationLevel: 2
2026-05-01 03:47:05:161 - Compaction started: 
139918600816192:Compacting sstable1/223811f1-8f4d-4cce-8cc5-706cbc4a8bc6202604302147001777607223291885041.sst sstable1/dbb71712-9543-41fd-86e4-a836fddef97b202604302147001777607223283934292.sst into:sstable2/ad5c3cb6-0e10-438c-b82b-dbe352859c70202604302147001777607225192741383.sst
2026-05-01 03:47:05:238 - Compaction completed: 
2814111:COMPACT_START sstable=1 input_files: "sstable1/ad5c3cb6-0e10-438c-b82b-dbe352859c70202604302147001777607223491950849.sst" input_files: "sstable1/dbb71712-9543-41fd-86e4-a836fddef97b202604302147001777607223500511952.sst" compactIntoNextLevel: true destinationLevel: 2
2026-05-01 03:47:05:266 - Compaction started: 
139918600816192:Compacting sstable1/ad5c3cb6-0e10-438c-b82b-dbe352859c70202604302147001777607223491950849.sst sstable1/dbb71712-9543-41fd-86e4-a836fddef97b202604302147001777607223500511952.sst into:sstable2/ad5c3cb6-0e10-438c-b82b-dbe352859c70202604302147001777607225292778902.sst
2026-05-01 03:47:05:337 - Compaction completed: 
2814111:COMPACT_START sstable=1 input_files: "sstable1/ad5c3cb6-0e10-438c-b82b-dbe352859c70202604302147001777607223702814555.sst" input_files: "sstable1/dbb71712-9543-41fd-86e4-a836fddef97b202604302147001777607223708982200.sst" compactIntoNextLevel: true destinationLevel: 2
2026-05-01 03:47:05:369 - Compaction started: 
139918600816192:Compacting sstable1/ad5c3cb6-0e10-438c-b82b-dbe352859c70202604302147001777607223702814555.sst sstable1/dbb71712-9543-41fd-86e4-a836fddef97b202604302147001777607223708982200.sst into:sstable2/ad5c3cb6-0e10-438c-b82b-dbe352859c70202604302147001777607225395238651.sst
2026-05-01 03:47:05:443 - Compaction completed: 
2814111:COMPACT_START sstable=1 input_files: "sstable1/ad5c3cb6-0e10-438c-b82b-dbe352859c70202604302147001777607223919930053.sst" input_files: "sstable1/dbb71712-9543-41fd-86e4-a836fddef97b202604302147001777607223921323737.sst" compactIntoNextLevel: true destinationLevel: 2
2026-05-01 03:47:05:475 - Compaction started: 
139918600816192:Compacting sstable1/ad5c3cb6-0e10-438c-b82b-dbe352859c70202604302147001777607223919930053.sst sstable1/dbb71712-9543-41fd-86e4-a836fddef97b202604302147001777607223921323737.sst into:sstable2/ad5c3cb6-0e10-438c-b82b-dbe352859c70202604302147001777607225494563864.sst
2026-05-01 03:47:05:532 - Compaction completed: 
2814111:COMPACT_START sstable=1 input_files: "sstable2/53e3b283-263f-406c-b594-215c02bbdb42202604302147001777607224185531717.sst" input_files: "sstable2/6a48bb39-2cfe-4ba3-9358-43a86f54c647202604302147001777607224194183420.sst" compactIntoNextLevel: false destinationLevel: 2
2026-05-01 03:47:05:586 - Compaction started: 
139918600816192:Compacting sstable2/53e3b283-263f-406c-b594-215c02bbdb42202604302147001777607224185531717.sst sstable2/6a48bb39-2cfe-4ba3-9358-43a86f54c647202604302147001777607224194183420.sst into:sstable2/0_ad5c3cb6-0e10-438c-b82b-dbe352859c70202604302147001777607225656043350.sst
2026-05-01 03:47:05:815 - Compaction completed: 
2814111:COMPACT_START sstable=1 input_files: "sstable2/0_94538d5c-dd3d-4dc9-a6d0-8fe0c64514ea202604302147001777607225729603902.sst" input_files: "sstable2/0_745ddd3c-fa3a-4797-b93d-24318a07214d202604302147001777607225723958867.sst" compactIntoNextLevel: false destinationLevel: 2
2026-05-01 03:47:05:928 - Compaction started: 
139918600816192:Compacting sstable2/0_94538d5c-dd3d-4dc9-a6d0-8fe0c64514ea202604302147001777607225729603902.sst sstable2/0_745ddd3c-fa3a-4797-b93d-24318a07214d202604302147001777607225723958867.sst into:sstable2/1_ad5c3cb6-0e10-438c-b82b-dbe352859c70202604302147001777607226099004657.sst
2026-05-01 03:47:06:363 - Compaction completed: 
2814111:COMPACT_START sstable=1 input_files: "sstable2/1_745ddd3c-fa3a-4797-b93d-24318a07214d202604302147001777607226068330240.sst" input_files: "sstable2/1_ad5c3cb6-0e10-438c-b82b-dbe352859c70202604302147001777607226099004657.sst" compactIntoNextLevel: false destinationLevel: 2
2026-05-01 03:47:06:442 - Compaction started: 
139918600816192:Compacting sstable2/1_745ddd3c-fa3a-4797-b93d-24318a07214d202604302147001777607226068330240.sst sstable2/1_ad5c3cb6-0e10-438c-b82b-dbe352859c70202604302147001777607226099004657.sst into:sstable2/2_ad5c3cb6-0e10-438c-b82b-dbe352859c70202604302147001777607226796115042.sst
2026-05-01 03:47:07:372 - Compaction completed: 
2814111:COMPACT_START sstable=1 input_files: "sstable2/2_745ddd3c-fa3a-4797-b93d-24318a07214d202604302147001777607226623971580.sst" input_files: "sstable2/2_94538d5c-dd3d-4dc9-a6d0-8fe0c64514ea202604302147001777607226699750071.sst" compactIntoNextLevel: false destinationLevel: 2
2026-05-01 03:47:07:383 - Compaction started: 
139918600816192:Compacting sstable2/2_745ddd3c-fa3a-4797-b93d-24318a07214d202604302147001777607226623971580.sst sstable2/2_94538d5c-dd3d-4dc9-a6d0-8fe0c64514ea202604302147001777607226699750071.sst into:sstable2/3_ad5c3cb6-0e10-438c-b82b-dbe352859c70202604302147001777607228000004237.sst
2026-05-01 03:47:09:074 - Compaction completed: 
2814111:COMPACT_START sstable=1 input_files: "sstable2/de909f0a-514e-4aec-9a14-39761798a4bd202604302147001777607225144988152.sst" input_files: "sstable2/8a306972-bff3-46f1-a8de-513fd6e4850d202604302147001777607225148758672.sst" compactIntoNextLevel: false destinationLevel: 2
2026-05-01 03:47:09:113 - Compaction started: 
139918600816192:Compacting sstable2/de909f0a-514e-4aec-9a14-39761798a4bd202604302147001777607225144988152.sst sstable2/8a306972-bff3-46f1-a8de-513fd6e4850d202604302147001777607225148758672.sst into:sstable2/0_ad5c3cb6-0e10-438c-b82b-dbe352859c70202604302147001777607229182222856.sst
2026-05-01 03:47:09:491 - Compaction completed: 
2814111:COMPACT_START sstable=1 input_files: "sstable2/dbb71712-9543-41fd-86e4-a836fddef97b202604302147001777607225213584896.sst" input_files: "sstable2/745ddd3c-fa3a-4797-b93d-24318a07214d202604302147001777607225202210028.sst" compactIntoNextLevel: false destinationLevel: 2
2026-05-01 03:47:09:552 - Compaction started: 
139918600816192:Compacting sstable2/dbb71712-9543-41fd-86e4-a836fddef97b202604302147001777607225213584896.sst sstable2/745ddd3c-fa3a-4797-b93d-24318a07214d202604302147001777607225202210028.sst into:sstable2/0_ad5c3cb6-0e10-438c-b82b-dbe352859c70202604302147001777607229603578460.sst
2026-05-01 03:47:09:884 - Compaction completed: 
2814111:COMPACT_START sstable=1 input_files: "sstable2/de909f0a-514e-4aec-9a14-39761798a4bd202604302147001777607225253389653.sst" input_files: "sstable2/8a306972-bff3-46f1-a8de-513fd6e4850d202604302147001777607225255032093.sst" compactIntoNextLevel: false destinationLevel: 2
2026-05-01 03:47:09:992 - Compaction started: 
139918600816192:Compacting sstable2/de909f0a-514e-4aec-9a14-39761798a4bd202604302147001777607225253389653.sst sstable2/8a306972-bff3-46f1-a8de-513fd6e4850d202604302147001777607225255032093.sst into:sstable2/0_ad5c3cb6-0e10-438c-b82b-dbe352859c70202604302147001777607230048264610.sst
2026-05-01 03:47:10:307 - Compaction completed: 
2814111:COMPACT_START sstable=1 input_files: "sstable2/3_6fdfa363-aea4-46c6-b5b4-aba9cf2514cf202604302147001777607228141158411.sst" input_files: "sstable2/3_745ddd3c-fa3a-4797-b93d-24318a07214d202604302147001777607228397061329.sst" compactIntoNextLevel: false destinationLevel: 2
2026-05-01 03:47:10:317 - Compaction started: 
139918600816192:Compacting sstable2/3_6fdfa363-aea4-46c6-b5b4-aba9cf2514cf202604302147001777607228141158411.sst sstable2/3_745ddd3c-fa3a-4797-b93d-24318a07214d202604302147001777607228397061329.sst into:sstable2/4_ad5c3cb6-0e10-438c-b82b-dbe352859c70202604302147001777607231563311648.sst
2026-05-01 03:47:14:832 - Compaction completed: 
2814111:COMPACT_START sstable=1 input_files: "sstable2/4_c057b7ed-724e-406e-a9b8-aeb8bed1caeb202604302147001777607234823628337.sst" input_files: "sstable2/4_8e50b6f3-5ed0-4446-aa81-3dfa1265d15c202604302147001777607235091216084.sst" compactIntoNextLevel: false destinationLevel: 2
2026-05-01 03:47:16:508 - Compaction started: 
139918600816192:Compacting sstable2/4_c057b7ed-724e-406e-a9b8-aeb8bed1caeb202604302147001777607234823628337.sst sstable2/4_8e50b6f3-5ed0-4446-aa81-3dfa1265d15c202604302147001777607235091216084.sst into:sstable2/5_ad5c3cb6-0e10-438c-b82b-dbe352859c70202604302147001777607238293372334.sst
2026-05-01 03:47:20:664 - Compaction completed: 
2026-05-01 03:47:30:069 30 sec: 240030 operations; 8001 current ops/sec; est completion in 1 day 10 hours [READ: Count=240064, Max=3753983, Min=5, Avg=123.03, 90=127, 99=336, 99.9=953, 99.99=27119] 
