# CMD: /usr/lib/jvm/java-8-openjdk-amd64/bin/java -cp /users/Xinying/ozonedb/ycsb/ozonedb/conf:/users/Xinying/ozonedb/ycsb/ozonedb/target/ozonedb-binding-0.18.0-SNAPSHOT.jar:/users/Xinying/.m2/repository/org/apache/htrace/htrace-core4/4.1.0-incubating/htrace-core4-4.1.0-incubating.jar:/users/Xinying/.m2/repository/org/slf4j/slf4j-api/1.7.25/slf4j-api-1.7.25.jar:/users/Xinying/.m2/repository/org/hdrhistogram/HdrHistogram/2.1.12/HdrHistogram-2.1.12.jar:/users/Xinying/.m2/repository/ch/qos/logback/logback-classic/1.2.3/logback-classic-1.2.3.jar:/users/Xinying/.m2/repository/ozonedbjnimaven/demoproc-jni/1.0/demoproc-jni-1.0.jar:/users/Xinying/.m2/repository/ch/qos/logback/logback-core/1.2.3/logback-core-1.2.3.jar:/users/Xinying/.m2/repository/org/codehaus/jackson/jackson-mapper-asl/1.9.4/jackson-mapper-asl-1.9.4.jar:/users/Xinying/.m2/repository/org/slf4j/slf4j-simple/1.7.25/slf4j-simple-1.7.25.jar:/users/Xinying/.m2/repository/org/codehaus/jackson/jackson-core-asl/1.9.4/jackson-core-asl-1.9.4.jar:/users/Xinying/ozonedb/ycsb/core/target/core-0.18.0-SNAPSHOT.jar site.ycsb.Client -db site.ycsb.db.OzoneDBClient -threads 1 -s -P /users/Xinying/ozonedb/ycsb/workloads/generated_workloads/workloadc_1KB_1000000_1000000 -p status.interval=30 -p requestdistribution=uniform -p operationcount=1000000000 -p maxexecutiontime=660 -p shared_config=/tmp/churn_v4_configs/shared_config_varyW_n16_r0pct.json -t
# env OZONEDB_CHURN_ABORT_RATE=0.0
Command line: -db site.ycsb.db.OzoneDBClient -threads 1 -s -P /users/Xinying/ozonedb/ycsb/workloads/generated_workloads/workloadc_1KB_1000000_1000000 -p status.interval=30 -p requestdistribution=uniform -p operationcount=1000000000 -p maxexecutiontime=660 -p shared_config=/tmp/churn_v4_configs/shared_config_varyW_n16_r0pct.json -t
YCSB Client 0.18.0-SNAPSHOT

Loading workload...
Starting test.
SLF4J: Class path contains multiple SLF4J bindings.
SLF4J: Found binding in [jar:file:/users/Xinying/.m2/repository/ch/qos/logback/logback-classic/1.2.3/logback-classic-1.2.3.jar!/org/slf4j/impl/StaticLoggerBinder.class]
SLF4J: Found binding in [jar:file:/users/Xinying/.m2/repository/org/slf4j/slf4j-simple/1.7.25/slf4j-simple-1.7.25.jar!/org/slf4j/impl/StaticLoggerBinder.class]
SLF4J: See http://www.slf4j.org/codes.html#multiple_bindings for an explanation.
SLF4J: Actual binding is of type [ch.qos.logback.classic.util.ContextSelectorStaticBinder]
Maximum execution time specified as: 660 secs
2026-05-01 03:47:00:028 0 sec: 0 operations; est completion in 0 second 
Starting compaction watcher
DBWrapper: report latency for each error is false and specific error codes to track for latency are: []
2814108:COMPACT_START sstable=0 input_files: "datalog/1" input_files: "datalog/2" compactIntoNextLevel: true destinationLevel: 1
2026-05-01 03:47:00:131 - Compaction started: 
140012939093568:Compacting datalog/1 datalog/2 into:sstable1/53e3b283-263f-406c-b594-215c02bbdb42202604302147001777607220235292030.sst
2026-05-01 03:47:00:530 - Compaction completed: 
2814108:COMPACT_START sstable=0 input_files: "datalog/59" input_files: "datalog/60" compactIntoNextLevel: true destinationLevel: 1
2026-05-01 03:47:00:605 - Compaction started: 
140012939093568:Compacting datalog/59 datalog/60 into:sstable1/53e3b283-263f-406c-b594-215c02bbdb42202604302147001777607220653501786.sst
2026-05-01 03:47:01:069 - Compaction completed: 
2814108:COMPACT_START sstable=0 input_files: "datalog/111" input_files: "datalog/112" compactIntoNextLevel: true destinationLevel: 1
2026-05-01 03:47:01:114 - Compaction started: 
140012939093568:Compacting datalog/111 datalog/112 into:sstable1/53e3b283-263f-406c-b594-215c02bbdb42202604302147001777607221196076136.sst
2026-05-01 03:47:01:278 - Compaction completed: 
2814108:COMPACT_START sstable=0 input_files: "datalog/153" input_files: "datalog/154" compactIntoNextLevel: true destinationLevel: 1
2026-05-01 03:47:01:341 - Compaction started: 
140012939093568:Compacting datalog/153 datalog/154 into:sstable1/53e3b283-263f-406c-b594-215c02bbdb42202604302147001777607221345131416.sst
2026-05-01 03:47:01:385 - Compaction completed: 
2814108:COMPACT_START sstable=0 input_files: "datalog/173" input_files: "datalog/174" compactIntoNextLevel: true destinationLevel: 1
2026-05-01 03:47:01:450 - Compaction started: 
140012939093568:Compacting datalog/173 datalog/174 into:sstable1/53e3b283-263f-406c-b594-215c02bbdb42202604302147001777607221453295161.sst
2026-05-01 03:47:01:504 - Compaction completed: 
2814108:COMPACT_START sstable=0 input_files: "datalog/201" input_files: "datalog/202" compactIntoNextLevel: true destinationLevel: 1
2026-05-01 03:47:01:572 - Compaction started: 
140012939093568:Compacting datalog/201 datalog/202 into:sstable1/53e3b283-263f-406c-b594-215c02bbdb42202604302147001777607221576277332.sst
2026-05-01 03:47:01:620 - Compaction completed: 
2814108:COMPACT_START sstable=0 input_files: "datalog/231" input_files: "datalog/232" compactIntoNextLevel: true destinationLevel: 1
2026-05-01 03:47:01:700 - Compaction started: 
140012939093568:Compacting datalog/231 datalog/232 into:sstable1/53e3b283-263f-406c-b594-215c02bbdb42202604302147001777607221703783627.sst
2026-05-01 03:47:01:727 - Compaction completed: 
2814108:COMPACT_START sstable=0 input_files: "datalog/259" input_files: "datalog/260" compactIntoNextLevel: true destinationLevel: 1
2026-05-01 03:47:01:803 - Compaction started: 
140012939093568:Compacting datalog/259 datalog/260 into:sstable1/53e3b283-263f-406c-b594-215c02bbdb42202604302147001777607221806403607.sst
2026-05-01 03:47:01:830 - Compaction completed: 
2814108:COMPACT_START sstable=0 input_files: "datalog/287" input_files: "datalog/288" compactIntoNextLevel: true destinationLevel: 1
2026-05-01 03:47:01:912 - Compaction started: 
140012939093568:Compacting datalog/287 datalog/288 into:sstable1/53e3b283-263f-406c-b594-215c02bbdb42202604302147001777607221915623073.sst
2026-05-01 03:47:01:940 - Compaction completed: 
2814108:COMPACT_START sstable=0 input_files: "datalog/313" input_files: "datalog/314" compactIntoNextLevel: true destinationLevel: 1
2026-05-01 03:47:02:022 - Compaction started: 
140012939093568:Compacting datalog/313 datalog/314 into:sstable1/53e3b283-263f-406c-b594-215c02bbdb42202604302147001777607222025559121.sst
2026-05-01 03:47:02:049 - Compaction completed: 
2814108:COMPACT_START sstable=0 input_files: "datalog/343" input_files: "datalog/344" compactIntoNextLevel: true destinationLevel: 1
2026-05-01 03:47:02:125 - Compaction started: 
140012939093568:Compacting datalog/343 datalog/344 into:sstable1/53e3b283-263f-406c-b594-215c02bbdb42202604302147001777607222128476449.sst
2026-05-01 03:47:02:148 - Compaction completed: 
2814108:COMPACT_START sstable=0 input_files: "datalog/369" input_files: "datalog/370" compactIntoNextLevel: true destinationLevel: 1
2026-05-01 03:47:02:233 - Compaction started: 
140012939093568:Compacting datalog/369 datalog/370 into:sstable1/53e3b283-263f-406c-b594-215c02bbdb42202604302147001777607222685754188.sst
2026-05-01 03:47:02:729 - Compaction completed: 
2814108:COMPACT_START sstable=0 input_files: "datalog/487" input_files: "datalog/488" compactIntoNextLevel: true destinationLevel: 1
2026-05-01 03:47:02:741 - Compaction started: 
140012939093568:Compacting datalog/487 datalog/488 into:sstable1/53e3b283-263f-406c-b594-215c02bbdb42202604302147001777607222743895909.sst
2026-05-01 03:47:02:763 - Compaction completed: 
2814108:COMPACT_START sstable=0 input_files: "datalog/521" input_files: "datalog/522" compactIntoNextLevel: true destinationLevel: 1
2026-05-01 03:47:02:865 - Compaction started: 
140012939093568:Compacting datalog/521 datalog/522 into:sstable1/53e3b283-263f-406c-b594-215c02bbdb42202604302147001777607222868174040.sst
2026-05-01 03:47:02:888 - Compaction completed: 
2814108:COMPACT_START sstable=0 input_files: "datalog/553" input_files: "datalog/554" compactIntoNextLevel: true destinationLevel: 1
2026-05-01 03:47:02:968 - Compaction started: 
140012939093568:Compacting datalog/553 datalog/554 into:sstable1/53e3b283-263f-406c-b594-215c02bbdb42202604302147001777607222971170957.sst
2026-05-01 03:47:02:987 - Compaction completed: 
2814108:COMPACT_START sstable=0 input_files: "datalog/585" input_files: "datalog/586" compactIntoNextLevel: true destinationLevel: 1
2026-05-01 03:47:03:077 - Compaction started: 
140012939093568:Compacting datalog/585 datalog/586 into:sstable1/53e3b283-263f-406c-b594-215c02bbdb42202604302147001777607223079716889.sst
2026-05-01 03:47:03:099 - Compaction completed: 
2814108:COMPACT_START sstable=0 input_files: "datalog/619" input_files: "datalog/620" compactIntoNextLevel: true destinationLevel: 1
2026-05-01 03:47:03:197 - Compaction started: 
140012939093568:Compacting datalog/619 datalog/620 into:sstable1/53e3b283-263f-406c-b594-215c02bbdb42202604302147001777607223200590607.sst
2026-05-01 03:47:03:226 - Compaction completed: 
2814108:COMPACT_START sstable=0 input_files: "datalog/649" input_files: "datalog/650" compactIntoNextLevel: true destinationLevel: 1
2026-05-01 03:47:03:304 - Compaction started: 
140012939093568:Compacting datalog/649 datalog/650 into:sstable1/53e3b283-263f-406c-b594-215c02bbdb42202604302147001777607223307171314.sst
2026-05-01 03:47:03:325 - Compaction completed: 
2814108:COMPACT_START sstable=0 input_files: "datalog/681" input_files: "datalog/682" compactIntoNextLevel: true destinationLevel: 1
2026-05-01 03:47:03:410 - Compaction started: 
140012939093568:Compacting datalog/681 datalog/682 into:sstable1/53e3b283-263f-406c-b594-215c02bbdb42202604302147001777607223413183274.sst
2026-05-01 03:47:03:437 - Compaction completed: 
2814108:COMPACT_START sstable=0 input_files: "datalog/713" input_files: "datalog/714" compactIntoNextLevel: true destinationLevel: 1
2026-05-01 03:47:03:513 - Compaction started: 
140012939093568:Compacting datalog/713 datalog/714 into:sstable1/53e3b283-263f-406c-b594-215c02bbdb42202604302147001777607223515327863.sst
2026-05-01 03:47:03:543 - Compaction completed: 
2814108:COMPACT_START sstable=0 input_files: "datalog/745" input_files: "datalog/746" compactIntoNextLevel: true destinationLevel: 1
2026-05-01 03:47:03:615 - Compaction started: 
140012939093568:Compacting datalog/745 datalog/746 into:sstable1/53e3b283-263f-406c-b594-215c02bbdb42202604302147001777607223617637722.sst
2026-05-01 03:47:03:637 - Compaction completed: 
2814108:COMPACT_START sstable=0 input_files: "datalog/783" input_files: "datalog/784" compactIntoNextLevel: true destinationLevel: 1
2026-05-01 03:47:03:725 - Compaction started: 
140012939093568:Compacting datalog/783 datalog/784 into:sstable1/53e3b283-263f-406c-b594-215c02bbdb42202604302147001777607223728080080.sst
2026-05-01 03:47:03:746 - Compaction completed: 
2814108:COMPACT_START sstable=0 input_files: "datalog/815" input_files: "datalog/816" compactIntoNextLevel: true destinationLevel: 1
2026-05-01 03:47:03:829 - Compaction started: 
140012939093568:Compacting datalog/815 datalog/816 into:sstable1/53e3b283-263f-406c-b594-215c02bbdb42202604302147001777607223834112058.sst
2026-05-01 03:47:03:853 - Compaction completed: 
2814108:COMPACT_START sstable=0 input_files: "datalog/847" input_files: "datalog/848" compactIntoNextLevel: true destinationLevel: 1
2026-05-01 03:47:03:933 - Compaction started: 
140012939093568:Compacting datalog/847 datalog/848 into:sstable1/53e3b283-263f-406c-b594-215c02bbdb42202604302147001777607223936447675.sst
2026-05-01 03:47:03:956 - Compaction completed: 
2814108:COMPACT_START sstable=1 input_files: "sstable1/8a306972-bff3-46f1-a8de-513fd6e4850d202604302147001777607220415575335.sst" input_files: "sstable1/223811f1-8f4d-4cce-8cc5-706cbc4a8bc6202604302147001777607220345603894.sst" compactIntoNextLevel: true destinationLevel: 2
2026-05-01 03:47:04:037 - Compaction started: 
140012939093568:Compacting sstable1/8a306972-bff3-46f1-a8de-513fd6e4850d202604302147001777607220415575335.sst sstable1/223811f1-8f4d-4cce-8cc5-706cbc4a8bc6202604302147001777607220345603894.sst into:sstable2/53e3b283-263f-406c-b594-215c02bbdb42202604302147001777607224062319906.sst
2026-05-01 03:47:04:108 - Compaction completed: 
2814108:COMPACT_START sstable=1 input_files: "sstable1/8e50b6f3-5ed0-4446-aa81-3dfa1265d15c202604302147001777607220870736689.sst" input_files: "sstable1/6a48bb39-2cfe-4ba3-9358-43a86f54c647202604302147001777607221162985038.sst" compactIntoNextLevel: true destinationLevel: 2
2026-05-01 03:47:04:140 - Compaction started: 
140012939093568:Compacting sstable1/8e50b6f3-5ed0-4446-aa81-3dfa1265d15c202604302147001777607220870736689.sst sstable1/6a48bb39-2cfe-4ba3-9358-43a86f54c647202604302147001777607221162985038.sst into:sstable2/53e3b283-263f-406c-b594-215c02bbdb42202604302147001777607224185531717.sst
2026-05-01 03:47:04:238 - Compaction completed: 
2814108:COMPACT_START sstable=1 input_files: "sstable1/de909f0a-514e-4aec-9a14-39761798a4bd202604302147001777607221211684482.sst" input_files: "sstable1/aadfdebd-04b8-43ed-9d3e-71e779914646202604302147001777607221218432736.sst" compactIntoNextLevel: true destinationLevel: 2
2026-05-01 03:47:04:247 - Compaction started: 
140012939093568:Compacting sstable1/de909f0a-514e-4aec-9a14-39761798a4bd202604302147001777607221211684482.sst sstable1/aadfdebd-04b8-43ed-9d3e-71e779914646202604302147001777607221218432736.sst into:sstable2/53e3b283-263f-406c-b594-215c02bbdb42202604302147001777607224276485954.sst
2026-05-01 03:47:04:353 - Compaction completed: 
2814108:COMPACT_START sstable=1 input_files: "sstable1/44b553e2-b1b5-4dab-8b53-e33cff240a85202604302147001777607221762389488.sst" input_files: "sstable1/745ddd3c-fa3a-4797-b93d-24318a07214d202604302147001777607221797434339.sst" compactIntoNextLevel: true destinationLevel: 2
2026-05-01 03:47:04:452 - Compaction started: 
140012939093568:Compacting sstable1/44b553e2-b1b5-4dab-8b53-e33cff240a85202604302147001777607221762389488.sst sstable1/745ddd3c-fa3a-4797-b93d-24318a07214d202604302147001777607221797434339.sst into:sstable2/53e3b283-263f-406c-b594-215c02bbdb42202604302147001777607224480605233.sst
2026-05-01 03:47:04:540 - Compaction completed: 
2814108:COMPACT_START sstable=1 input_files: "sstable1/223811f1-8f4d-4cce-8cc5-706cbc4a8bc6202604302147001777607221921598777.sst" input_files: "sstable1/94538d5c-dd3d-4dc9-a6d0-8fe0c64514ea202604302147001777607221927542191.sst" compactIntoNextLevel: true destinationLevel: 2
2026-05-01 03:47:04:555 - Compaction started: 
140012939093568:Compacting sstable1/223811f1-8f4d-4cce-8cc5-706cbc4a8bc6202604302147001777607221921598777.sst sstable1/94538d5c-dd3d-4dc9-a6d0-8fe0c64514ea202604302147001777607221927542191.sst into:sstable2/53e3b283-263f-406c-b594-215c02bbdb42202604302147001777607224591785524.sst
2026-05-01 03:47:04:660 - Compaction completed: 
2814108:COMPACT_START sstable=1 input_files: "sstable1/6a48bb39-2cfe-4ba3-9358-43a86f54c647202604302147001777607222176419816.sst" input_files: "sstable1/223811f1-8f4d-4cce-8cc5-706cbc4a8bc6202604302147001777607222621123451.sst" compactIntoNextLevel: true destinationLevel: 2
2026-05-01 03:47:04:662 - Compaction started: 
140012939093568:Compacting sstable1/6a48bb39-2cfe-4ba3-9358-43a86f54c647202604302147001777607222176419816.sst sstable1/223811f1-8f4d-4cce-8cc5-706cbc4a8bc6202604302147001777607222621123451.sst into:sstable2/53e3b283-263f-406c-b594-215c02bbdb42202604302147001777607224690786008.sst
2026-05-01 03:47:04:741 - Compaction completed: 
2814108:COMPACT_START sstable=1 input_files: "sstable1/d668cb06-2199-40a8-834d-7f29e31e0033202604302147001777607222434677840.sst" input_files: "sstable1/745ddd3c-fa3a-4797-b93d-24318a07214d202604302147001777607222448784822.sst" compactIntoNextLevel: true destinationLevel: 2
2026-05-01 03:47:04:765 - Compaction started: 
140012939093568:Compacting sstable1/d668cb06-2199-40a8-834d-7f29e31e0033202604302147001777607222434677840.sst sstable1/745ddd3c-fa3a-4797-b93d-24318a07214d202604302147001777607222448784822.sst into:sstable2/53e3b283-263f-406c-b594-215c02bbdb42202604302147001777607224792785736.sst
2026-05-01 03:47:04:858 - Compaction completed: 
2814108:COMPACT_START sstable=1 input_files: "sstable1/6a48bb39-2cfe-4ba3-9358-43a86f54c647202604302147001777607222703938966.sst" input_files: "sstable1/c057b7ed-724e-406e-a9b8-aeb8bed1caeb202604302147001777607222704279815.sst" compactIntoNextLevel: true destinationLevel: 2
2026-05-01 03:47:04:868 - Compaction started: 
140012939093568:Compacting sstable1/6a48bb39-2cfe-4ba3-9358-43a86f54c647202604302147001777607222703938966.sst sstable1/c057b7ed-724e-406e-a9b8-aeb8bed1caeb202604302147001777607222704279815.sst into:sstable2/53e3b283-263f-406c-b594-215c02bbdb42202604302147001777607224888293600.sst
2026-05-01 03:47:04:955 - Compaction completed: 
2814108:COMPACT_START sstable=1 input_files: "sstable1/ad5c3cb6-0e10-438c-b82b-dbe352859c70202604302147001777607222928122598.sst" input_files: "sstable1/223811f1-8f4d-4cce-8cc5-706cbc4a8bc6202604302147001777607222938661940.sst" compactIntoNextLevel: true destinationLevel: 2
2026-05-01 03:47:04:975 - Compaction started: 
140012939093568:Compacting sstable1/ad5c3cb6-0e10-438c-b82b-dbe352859c70202604302147001777607222928122598.sst sstable1/223811f1-8f4d-4cce-8cc5-706cbc4a8bc6202604302147001777607222938661940.sst into:sstable2/53e3b283-263f-406c-b594-215c02bbdb42202604302147001777607225004661108.sst
2026-05-01 03:47:05:060 - Compaction completed: 
2814108:COMPACT_START sstable=1 input_files: "sstable1/c057b7ed-724e-406e-a9b8-aeb8bed1caeb202604302147001777607223155254067.sst" input_files: "sstable1/ad5c3cb6-0e10-438c-b82b-dbe352859c70202604302147001777607223169427553.sst" compactIntoNextLevel: true destinationLevel: 2
2026-05-01 03:47:05:080 - Compaction started: 
140012939093568:Compacting sstable1/c057b7ed-724e-406e-a9b8-aeb8bed1caeb202604302147001777607223155254067.sst sstable1/ad5c3cb6-0e10-438c-b82b-dbe352859c70202604302147001777607223169427553.sst into:sstable2/53e3b283-263f-406c-b594-215c02bbdb42202604302147001777607225109930687.sst
2026-05-01 03:47:05:158 - Compaction completed: 
2814108:COMPACT_START sstable=1 input_files: "sstable1/8a306972-bff3-46f1-a8de-513fd6e4850d202604302147001777607223367270564.sst" input_files: "sstable1/44b553e2-b1b5-4dab-8b53-e33cff240a85202604302147001777607223369840633.sst" compactIntoNextLevel: true destinationLevel: 2
2026-05-01 03:47:05:192 - Compaction started: 
140012939093568:Compacting sstable1/8a306972-bff3-46f1-a8de-513fd6e4850d202604302147001777607223367270564.sst sstable1/44b553e2-b1b5-4dab-8b53-e33cff240a85202604302147001777607223369840633.sst into:sstable2/53e3b283-263f-406c-b594-215c02bbdb42202604302147001777607225217508674.sst
2026-05-01 03:47:05:273 - Compaction completed: 
2814108:COMPACT_START sstable=1 input_files: "sstable1/8a306972-bff3-46f1-a8de-513fd6e4850d202604302147001777607223571142240.sst" input_files: "sstable1/44b553e2-b1b5-4dab-8b53-e33cff240a85202604302147001777607223573780486.sst" compactIntoNextLevel: true destinationLevel: 2
2026-05-01 03:47:05:295 - Compaction started: 
140012939093568:Compacting sstable1/8a306972-bff3-46f1-a8de-513fd6e4850d202604302147001777607223571142240.sst sstable1/44b553e2-b1b5-4dab-8b53-e33cff240a85202604302147001777607223573780486.sst into:sstable2/53e3b283-263f-406c-b594-215c02bbdb42202604302147001777607225320658257.sst
2026-05-01 03:47:05:364 - Compaction completed: 
2814108:COMPACT_START sstable=1 input_files: "sstable1/8a306972-bff3-46f1-a8de-513fd6e4850d202604302147001777607223775824244.sst" input_files: "sstable1/44b553e2-b1b5-4dab-8b53-e33cff240a85202604302147001777607223778525580.sst" compactIntoNextLevel: true destinationLevel: 2
2026-05-01 03:47:05:399 - Compaction started: 
140012939093568:Compacting sstable1/8a306972-bff3-46f1-a8de-513fd6e4850d202604302147001777607223775824244.sst sstable1/44b553e2-b1b5-4dab-8b53-e33cff240a85202604302147001777607223778525580.sst into:sstable2/53e3b283-263f-406c-b594-215c02bbdb42202604302147001777607225422848472.sst
2026-05-01 03:47:05:472 - Compaction completed: 
2814108:COMPACT_START sstable=1 input_files: "sstable2/8e50b6f3-5ed0-4446-aa81-3dfa1265d15c202604302147001777607224067569058.sst" input_files: "sstable2/aadfdebd-04b8-43ed-9d3e-71e779914646202604302147001777607224061493075.sst" compactIntoNextLevel: false destinationLevel: 2
2026-05-01 03:47:05:509 - Compaction started: 
140012939093568:Compacting sstable2/8e50b6f3-5ed0-4446-aa81-3dfa1265d15c202604302147001777607224067569058.sst sstable2/aadfdebd-04b8-43ed-9d3e-71e779914646202604302147001777607224061493075.sst into:sstable2/0_53e3b283-263f-406c-b594-215c02bbdb42202604302147001777607225581706353.sst
2026-05-01 03:47:05:733 - Compaction completed: 
2814108:COMPACT_START sstable=1 input_files: "sstable2/8a306972-bff3-46f1-a8de-513fd6e4850d202604302147001777607224318809864.sst" input_files: "sstable2/44b553e2-b1b5-4dab-8b53-e33cff240a85202604302147001777607224340419774.sst" compactIntoNextLevel: false destinationLevel: 2
2026-05-01 03:47:05:848 - Compaction started: 
140012939093568:Compacting sstable2/8a306972-bff3-46f1-a8de-513fd6e4850d202604302147001777607224318809864.sst sstable2/44b553e2-b1b5-4dab-8b53-e33cff240a85202604302147001777607224340419774.sst into:sstable2/0_53e3b283-263f-406c-b594-215c02bbdb42202604302147001777607225904457937.sst
2026-05-01 03:47:06:008 - Compaction completed: 
2814108:COMPACT_START sstable=1 input_files: "sstable2/44b553e2-b1b5-4dab-8b53-e33cff240a85202604302147001777607224430052523.sst" input_files: "sstable2/fa3c7f1b-2546-46c6-bdaa-14329c940c45202604302147001777607224440936090.sst" compactIntoNextLevel: false destinationLevel: 2
2026-05-01 03:47:06:076 - Compaction started: 
140012939093568:Compacting sstable2/44b553e2-b1b5-4dab-8b53-e33cff240a85202604302147001777607224430052523.sst sstable2/fa3c7f1b-2546-46c6-bdaa-14329c940c45202604302147001777607224440936090.sst into:sstable2/0_53e3b283-263f-406c-b594-215c02bbdb42202604302147001777607226145737544.sst
2026-05-01 03:47:06:329 - Compaction completed: 
2814108:COMPACT_START sstable=1 input_files: "sstable2/8a306972-bff3-46f1-a8de-513fd6e4850d202604302147001777607224529221993.sst" input_files: "sstable2/44b553e2-b1b5-4dab-8b53-e33cff240a85202604302147001777607224532650422.sst" compactIntoNextLevel: false destinationLevel: 2
2026-05-01 03:47:06:403 - Compaction started: 
140012939093568:Compacting sstable2/8a306972-bff3-46f1-a8de-513fd6e4850d202604302147001777607224529221993.sst sstable2/44b553e2-b1b5-4dab-8b53-e33cff240a85202604302147001777607224532650422.sst into:sstable2/0_53e3b283-263f-406c-b594-215c02bbdb42202604302147001777607226456683362.sst
2026-05-01 03:47:06:559 - Compaction completed: 
2814108:COMPACT_START sstable=1 input_files: "sstable2/de909f0a-514e-4aec-9a14-39761798a4bd202604302147001777607224626209111.sst" input_files: "sstable2/c057b7ed-724e-406e-a9b8-aeb8bed1caeb202604302147001777607224625360069.sst" compactIntoNextLevel: false destinationLevel: 2
2026-05-01 03:47:06:622 - Compaction started: 
140012939093568:Compacting sstable2/de909f0a-514e-4aec-9a14-39761798a4bd202604302147001777607224626209111.sst sstable2/c057b7ed-724e-406e-a9b8-aeb8bed1caeb202604302147001777607224625360069.sst into:sstable2/0_53e3b283-263f-406c-b594-215c02bbdb42202604302147001777607226689231517.sst
2026-05-01 03:47:06:804 - Compaction completed: 
2814108:COMPACT_START sstable=1 input_files: "sstable2/0_44b553e2-b1b5-4dab-8b53-e33cff240a85202604302147001777607226505906038.sst" input_files: "sstable2/0_8e50b6f3-5ed0-4446-aa81-3dfa1265d15c202604302147001777607226557760289.sst" compactIntoNextLevel: false destinationLevel: 2
2026-05-01 03:47:06:837 - Compaction started: 
140012939093568:Compacting sstable2/0_44b553e2-b1b5-4dab-8b53-e33cff240a85202604302147001777607226505906038.sst sstable2/0_8e50b6f3-5ed0-4446-aa81-3dfa1265d15c202604302147001777607226557760289.sst into:sstable2/1_53e3b283-263f-406c-b594-215c02bbdb42202604302147001777607226997280132.sst
2026-05-01 03:47:07:284 - Compaction completed: 
2814108:COMPACT_START sstable=1 input_files: "sstable2/1_6a48bb39-2cfe-4ba3-9358-43a86f54c647202604302147001777607226924381251.sst" input_files: "sstable2/1_aadfdebd-04b8-43ed-9d3e-71e779914646202604302147001777607226956847167.sst" compactIntoNextLevel: false destinationLevel: 2
2026-05-01 03:47:07:359 - Compaction started: 
140012939093568:Compacting sstable2/1_6a48bb39-2cfe-4ba3-9358-43a86f54c647202604302147001777607226924381251.sst sstable2/1_aadfdebd-04b8-43ed-9d3e-71e779914646202604302147001777607226956847167.sst into:sstable2/2_53e3b283-263f-406c-b594-215c02bbdb42202604302147001777607227663186978.sst
2026-05-01 03:47:08:097 - Compaction completed: 
2814108:COMPACT_START sstable=1 input_files: "sstable2/0_aadfdebd-04b8-43ed-9d3e-71e779914646202604302147001777607227870962674.sst" input_files: "sstable2/0_c057b7ed-724e-406e-a9b8-aeb8bed1caeb202604302147001777607227925121846.sst" compactIntoNextLevel: false destinationLevel: 2
2026-05-01 03:47:08:111 - Compaction started: 
140012939093568:Compacting sstable2/0_aadfdebd-04b8-43ed-9d3e-71e779914646202604302147001777607227870962674.sst sstable2/0_c057b7ed-724e-406e-a9b8-aeb8bed1caeb202604302147001777607227925121846.sst into:sstable2/1_53e3b283-263f-406c-b594-215c02bbdb42202604302147001777607228223785564.sst
2026-05-01 03:47:08:453 - Compaction completed: 
2814108:COMPACT_START sstable=1 input_files: "sstable2/0_94538d5c-dd3d-4dc9-a6d0-8fe0c64514ea202604302147001777607228385343577.sst" input_files: "sstable2/0_de909f0a-514e-4aec-9a14-39761798a4bd202604302147001777607228400671889.sst" compactIntoNextLevel: false destinationLevel: 2
2026-05-01 03:47:08:538 - Compaction started: 
140012939093568:Compacting sstable2/0_94538d5c-dd3d-4dc9-a6d0-8fe0c64514ea202604302147001777607228385343577.sst sstable2/0_de909f0a-514e-4aec-9a14-39761798a4bd202604302147001777607228400671889.sst into:sstable2/1_53e3b283-263f-406c-b594-215c02bbdb42202604302147001777607228666390121.sst
2026-05-01 03:47:09:162 - Compaction completed: 
2814108:COMPACT_START sstable=1 input_files: "sstable2/fa3c7f1b-2546-46c6-bdaa-14329c940c45202604302147001777607225157598438.sst" input_files: "sstable2/223811f1-8f4d-4cce-8cc5-706cbc4a8bc6202604302147001777607225184651263.sst" compactIntoNextLevel: false destinationLevel: 2
2026-05-01 03:47:09:184 - Compaction started: 
140012939093568:Compacting sstable2/fa3c7f1b-2546-46c6-bdaa-14329c940c45202604302147001777607225157598438.sst sstable2/223811f1-8f4d-4cce-8cc5-706cbc4a8bc6202604302147001777607225184651263.sst into:sstable2/0_53e3b283-263f-406c-b594-215c02bbdb42202604302147001777607229235913611.sst
2026-05-01 03:47:09:515 - Compaction completed: 
2814108:COMPACT_START sstable=1 input_files: "sstable2/0_ad5c3cb6-0e10-438c-b82b-dbe352859c70202604302147001777607229182222856.sst" input_files: "sstable2/0_53e3b283-263f-406c-b594-215c02bbdb42202604302147001777607229235913611.sst" compactIntoNextLevel: false destinationLevel: 2
2026-05-01 03:47:09:618 - Compaction started: 
140012939093568:Compacting sstable2/0_ad5c3cb6-0e10-438c-b82b-dbe352859c70202604302147001777607229182222856.sst sstable2/0_53e3b283-263f-406c-b594-215c02bbdb42202604302147001777607229235913611.sst into:sstable2/1_53e3b283-263f-406c-b594-215c02bbdb42202604302147001777607229717327649.sst
2026-05-01 03:47:10:243 - Compaction completed: 
2814108:COMPACT_START sstable=1 input_files: "sstable2/dbb71712-9543-41fd-86e4-a836fddef97b202604302147001777607225316108446.sst" input_files: "sstable2/53e3b283-263f-406c-b594-215c02bbdb42202604302147001777607225320658257.sst" compactIntoNextLevel: false destinationLevel: 2
2026-05-01 03:47:10:277 - Compaction started: 
140012939093568:Compacting sstable2/dbb71712-9543-41fd-86e4-a836fddef97b202604302147001777607225316108446.sst sstable2/53e3b283-263f-406c-b594-215c02bbdb42202604302147001777607225320658257.sst into:sstable2/0_53e3b283-263f-406c-b594-215c02bbdb42202604302147001777607230331236214.sst
2026-05-01 03:47:10:556 - Compaction completed: 
2814108:COMPACT_START sstable=1 input_files: "sstable2/de909f0a-514e-4aec-9a14-39761798a4bd202604302147001777607225349354275.sst" input_files: "sstable2/8a306972-bff3-46f1-a8de-513fd6e4850d202604302147001777607225357876855.sst" compactIntoNextLevel: false destinationLevel: 2
2026-05-01 03:47:10:614 - Compaction started: 
140012939093568:Compacting sstable2/de909f0a-514e-4aec-9a14-39761798a4bd202604302147001777607225349354275.sst sstable2/8a306972-bff3-46f1-a8de-513fd6e4850d202604302147001777607225357876855.sst into:sstable2/0_53e3b283-263f-406c-b594-215c02bbdb42202604302147001777607230657925170.sst
2026-05-01 03:47:10:909 - Compaction completed: 
2814108:COMPACT_START sstable=1 input_files: "sstable2/223811f1-8f4d-4cce-8cc5-706cbc4a8bc6202604302147001777607225391052001.sst" input_files: "sstable2/ad5c3cb6-0e10-438c-b82b-dbe352859c70202604302147001777607225395238651.sst" compactIntoNextLevel: false destinationLevel: 2
2026-05-01 03:47:10:941 - Compaction started: 
140012939093568:Compacting sstable2/223811f1-8f4d-4cce-8cc5-706cbc4a8bc6202604302147001777607225391052001.sst sstable2/ad5c3cb6-0e10-438c-b82b-dbe352859c70202604302147001777607225395238651.sst into:sstable2/0_53e3b283-263f-406c-b594-215c02bbdb42202604302147001777607230999231375.sst
2026-05-01 03:47:11:236 - Compaction completed: 
2814108:COMPACT_START sstable=1 input_files: "sstable2/94538d5c-dd3d-4dc9-a6d0-8fe0c64514ea202604302147001777607225410496501.sst" input_files: "sstable2/745ddd3c-fa3a-4797-b93d-24318a07214d202604302147001777607225409884082.sst" compactIntoNextLevel: false destinationLevel: 2
2026-05-01 03:47:11:275 - Compaction started: 
140012939093568:Compacting sstable2/94538d5c-dd3d-4dc9-a6d0-8fe0c64514ea202604302147001777607225410496501.sst sstable2/745ddd3c-fa3a-4797-b93d-24318a07214d202604302147001777607225409884082.sst into:sstable2/0_53e3b283-263f-406c-b594-215c02bbdb42202604302147001777607231331329264.sst
2026-05-01 03:47:11:581 - Compaction completed: 
2814108:COMPACT_START sstable=1 input_files: "sstable2/0_53e3b283-263f-406c-b594-215c02bbdb42202604302147001777607230999231375.sst" input_files: "sstable2/0_d668cb06-2199-40a8-834d-7f29e31e0033202604302147001777607231301858594.sst" compactIntoNextLevel: false destinationLevel: 2
2026-05-01 03:47:11:607 - Compaction started: 
140012939093568:Compacting sstable2/0_53e3b283-263f-406c-b594-215c02bbdb42202604302147001777607230999231375.sst sstable2/0_d668cb06-2199-40a8-834d-7f29e31e0033202604302147001777607231301858594.sst into:sstable2/1_53e3b283-263f-406c-b594-215c02bbdb42202604302147001777607231688998882.sst
2026-05-01 03:47:12:202 - Compaction completed: 
2814108:COMPACT_START sstable=1 input_files: "sstable2/2_8a306972-bff3-46f1-a8de-513fd6e4850d202604302147001777607231707000336.sst" input_files: "sstable2/2_6fdfa363-aea4-46c6-b5b4-aba9cf2514cf202604302147001777607232038635857.sst" compactIntoNextLevel: false destinationLevel: 2
2026-05-01 03:47:12:898 - Compaction started: 
140012939093568:Compacting sstable2/2_8a306972-bff3-46f1-a8de-513fd6e4850d202604302147001777607231707000336.sst sstable2/2_6fdfa363-aea4-46c6-b5b4-aba9cf2514cf202604302147001777607232038635857.sst into:sstable2/3_53e3b283-263f-406c-b594-215c02bbdb42202604302147001777607233276921466.sst
2026-05-01 03:47:14:189 - Compaction completed: 
2026-05-01 03:47:30:028 30 sec: 263206 operations; 8773.53 current ops/sec; est completion in 1 day 7 hours [READ: Count=263252, Max=3485695, Min=5, Avg=112.01, 90=133, 99=339, 99.9=1163, 99.99=25743] 
