# CMD: /usr/lib/jvm/java-8-openjdk-amd64/bin/java -cp /users/Xinying/ozonedb/ycsb/ozonedb/conf:/users/Xinying/ozonedb/ycsb/ozonedb/target/ozonedb-binding-0.18.0-SNAPSHOT.jar:/users/Xinying/.m2/repository/org/apache/htrace/htrace-core4/4.1.0-incubating/htrace-core4-4.1.0-incubating.jar:/users/Xinying/.m2/repository/org/slf4j/slf4j-api/1.7.25/slf4j-api-1.7.25.jar:/users/Xinying/.m2/repository/org/hdrhistogram/HdrHistogram/2.1.12/HdrHistogram-2.1.12.jar:/users/Xinying/.m2/repository/ch/qos/logback/logback-classic/1.2.3/logback-classic-1.2.3.jar:/users/Xinying/.m2/repository/ozonedbjnimaven/demoproc-jni/1.0/demoproc-jni-1.0.jar:/users/Xinying/.m2/repository/ch/qos/logback/logback-core/1.2.3/logback-core-1.2.3.jar:/users/Xinying/.m2/repository/org/codehaus/jackson/jackson-mapper-asl/1.9.4/jackson-mapper-asl-1.9.4.jar:/users/Xinying/.m2/repository/org/slf4j/slf4j-simple/1.7.25/slf4j-simple-1.7.25.jar:/users/Xinying/.m2/repository/org/codehaus/jackson/jackson-core-asl/1.9.4/jackson-core-asl-1.9.4.jar:/users/Xinying/ozonedb/ycsb/core/target/core-0.18.0-SNAPSHOT.jar site.ycsb.Client -db site.ycsb.db.OzoneDBClient -threads 1 -s -P /users/Xinying/ozonedb/ycsb/workloads/generated_workloads/workloadc_1KB_1000000_1000000 -p status.interval=30 -p requestdistribution=uniform -p operationcount=1000000000 -p maxexecutiontime=660 -p shared_config=/tmp/churn_v4_configs/shared_config_varyW_n16_r0pct.json -t
# env OZONEDB_CHURN_ABORT_RATE=0.0
Command line: -db site.ycsb.db.OzoneDBClient -threads 1 -s -P /users/Xinying/ozonedb/ycsb/workloads/generated_workloads/workloadc_1KB_1000000_1000000 -p status.interval=30 -p requestdistribution=uniform -p operationcount=1000000000 -p maxexecutiontime=660 -p shared_config=/tmp/churn_v4_configs/shared_config_varyW_n16_r0pct.json -t
YCSB Client 0.18.0-SNAPSHOT

Loading workload...
Starting test.
SLF4J: Class path contains multiple SLF4J bindings.
SLF4J: Found binding in [jar:file:/users/Xinying/.m2/repository/ch/qos/logback/logback-classic/1.2.3/logback-classic-1.2.3.jar!/org/slf4j/impl/StaticLoggerBinder.class]
SLF4J: Found binding in [jar:file:/users/Xinying/.m2/repository/org/slf4j/slf4j-simple/1.7.25/slf4j-simple-1.7.25.jar!/org/slf4j/impl/StaticLoggerBinder.class]
SLF4J: See http://www.slf4j.org/codes.html#multiple_bindings for an explanation.
SLF4J: Actual binding is of type [ch.qos.logback.classic.util.ContextSelectorStaticBinder]
Maximum execution time specified as: 660 secs
2026-05-01 03:47:00:080 0 sec: 0 operations; est completion in 0 second 
Starting compaction watcher
DBWrapper: report latency for each error is false and specific error codes to track for latency are: []
2814101:COMPACT_START sstable=0 input_files: "datalog/11" input_files: "datalog/12" compactIntoNextLevel: true destinationLevel: 1
2026-05-01 03:47:00:155 - Compaction started: 
139634621281856:Compacting datalog/11 datalog/12 into:sstable1/d668cb06-2199-40a8-834d-7f29e31e0033202604302147001777607220824821494.sst
2026-05-01 03:47:00:904 - Compaction completed: 
2814101:COMPACT_START sstable=0 input_files: "datalog/91" input_files: "datalog/92" compactIntoNextLevel: true destinationLevel: 1
2026-05-01 03:47:00:976 - Compaction started: 
139634621281856:Compacting datalog/91 datalog/92 into:sstable1/d668cb06-2199-40a8-834d-7f29e31e0033202604302147001777607221962356461.sst
2026-05-01 03:47:01:990 - Compaction completed: 
2814101:COMPACT_START sstable=0 input_files: "datalog/337" input_files: "datalog/338" compactIntoNextLevel: true destinationLevel: 1
2026-05-01 03:47:02:114 - Compaction started: 
139634621281856:Compacting datalog/337 datalog/338 into:sstable1/d668cb06-2199-40a8-834d-7f29e31e0033202604302147001777607222117563947.sst
2026-05-01 03:47:02:138 - Compaction completed: 
2814101:COMPACT_START sstable=0 input_files: "datalog/367" input_files: "datalog/368" compactIntoNextLevel: true destinationLevel: 1
2026-05-01 03:47:02:225 - Compaction started: 
139634621281856:Compacting datalog/367 datalog/368 into:sstable1/d668cb06-2199-40a8-834d-7f29e31e0033202604302147001777607222341027018.sst
2026-05-01 03:47:02:362 - Compaction completed: 
2814101:COMPACT_START sstable=0 input_files: "datalog/417" input_files: "datalog/418" compactIntoNextLevel: true destinationLevel: 1
2026-05-01 03:47:02:431 - Compaction started: 
139634621281856:Compacting datalog/417 datalog/418 into:sstable1/d668cb06-2199-40a8-834d-7f29e31e0033202604302147001777607222434677840.sst
2026-05-01 03:47:02:467 - Compaction completed: 
2814101:COMPACT_START sstable=0 input_files: "datalog/437" input_files: "datalog/438" compactIntoNextLevel: true destinationLevel: 1
2026-05-01 03:47:02:535 - Compaction started: 
139634621281856:Compacting datalog/437 datalog/438 into:sstable1/d668cb06-2199-40a8-834d-7f29e31e0033202604302147001777607222537911902.sst
2026-05-01 03:47:02:558 - Compaction completed: 
2814101:COMPACT_START sstable=0 input_files: "datalog/461" input_files: "datalog/462" compactIntoNextLevel: true destinationLevel: 1
2026-05-01 03:47:02:641 - Compaction started: 
139634621281856:Compacting datalog/461 datalog/462 into:sstable1/d668cb06-2199-40a8-834d-7f29e31e0033202604302147001777607222643997130.sst
2026-05-01 03:47:02:665 - Compaction completed: 
2814101:COMPACT_START sstable=0 input_files: "datalog/491" input_files: "datalog/492" compactIntoNextLevel: true destinationLevel: 1
2026-05-01 03:47:02:745 - Compaction started: 
139634621281856:Compacting datalog/491 datalog/492 into:sstable1/d668cb06-2199-40a8-834d-7f29e31e0033202604302147001777607222747873927.sst
2026-05-01 03:47:02:771 - Compaction completed: 
2814101:COMPACT_START sstable=0 input_files: "datalog/531" input_files: "datalog/532" compactIntoNextLevel: true destinationLevel: 1
2026-05-01 03:47:02:901 - Compaction started: 
139634621281856:Compacting datalog/531 datalog/532 into:sstable1/d668cb06-2199-40a8-834d-7f29e31e0033202604302147001777607222904369309.sst
2026-05-01 03:47:02:933 - Compaction completed: 
2814101:COMPACT_START sstable=0 input_files: "datalog/563" input_files: "datalog/564" compactIntoNextLevel: true destinationLevel: 1
2026-05-01 03:47:03:010 - Compaction started: 
139634621281856:Compacting datalog/563 datalog/564 into:sstable1/d668cb06-2199-40a8-834d-7f29e31e0033202604302147001777607223012851441.sst
2026-05-01 03:47:03:039 - Compaction completed: 
2814101:COMPACT_START sstable=0 input_files: "datalog/595" input_files: "datalog/596" compactIntoNextLevel: true destinationLevel: 1
2026-05-01 03:47:03:113 - Compaction started: 
139634621281856:Compacting datalog/595 datalog/596 into:sstable1/d668cb06-2199-40a8-834d-7f29e31e0033202604302147001777607223117062304.sst
2026-05-01 03:47:03:137 - Compaction completed: 
2814101:COMPACT_START sstable=0 input_files: "datalog/627" input_files: "datalog/628" compactIntoNextLevel: true destinationLevel: 1
2026-05-01 03:47:03:223 - Compaction started: 
139634621281856:Compacting datalog/627 datalog/628 into:sstable1/d668cb06-2199-40a8-834d-7f29e31e0033202604302147001777607223225690591.sst
2026-05-01 03:47:03:247 - Compaction completed: 
2814101:COMPACT_START sstable=0 input_files: "datalog/659" input_files: "datalog/660" compactIntoNextLevel: true destinationLevel: 1
2026-05-01 03:47:03:327 - Compaction started: 
139634621281856:Compacting datalog/659 datalog/660 into:sstable1/d668cb06-2199-40a8-834d-7f29e31e0033202604302147001777607223330099385.sst
2026-05-01 03:47:03:348 - Compaction completed: 
2814101:COMPACT_START sstable=0 input_files: "datalog/691" input_files: "datalog/692" compactIntoNextLevel: true destinationLevel: 1
2026-05-01 03:47:03:430 - Compaction started: 
139634621281856:Compacting datalog/691 datalog/692 into:sstable1/d668cb06-2199-40a8-834d-7f29e31e0033202604302147001777607223432855932.sst
2026-05-01 03:47:03:455 - Compaction completed: 
2814101:COMPACT_START sstable=0 input_files: "datalog/723" input_files: "datalog/724" compactIntoNextLevel: true destinationLevel: 1
2026-05-01 03:47:03:533 - Compaction started: 
139634621281856:Compacting datalog/723 datalog/724 into:sstable1/d668cb06-2199-40a8-834d-7f29e31e0033202604302147001777607223536395898.sst
2026-05-01 03:47:03:555 - Compaction completed: 
2814101:COMPACT_START sstable=0 input_files: "datalog/755" input_files: "datalog/756" compactIntoNextLevel: true destinationLevel: 1
2026-05-01 03:47:03:637 - Compaction started: 
139634621281856:Compacting datalog/755 datalog/756 into:sstable1/d668cb06-2199-40a8-834d-7f29e31e0033202604302147001777607223640401436.sst
2026-05-01 03:47:03:658 - Compaction completed: 
2814101:COMPACT_START sstable=0 input_files: "datalog/787" input_files: "datalog/788" compactIntoNextLevel: true destinationLevel: 1
2026-05-01 03:47:03:739 - Compaction started: 
139634621281856:Compacting datalog/787 datalog/788 into:sstable1/d668cb06-2199-40a8-834d-7f29e31e0033202604302147001777607223742559370.sst
2026-05-01 03:47:03:762 - Compaction completed: 
2814101:COMPACT_START sstable=0 input_files: "datalog/819" input_files: "datalog/820" compactIntoNextLevel: true destinationLevel: 1
2026-05-01 03:47:03:845 - Compaction started: 
139634621281856:Compacting datalog/819 datalog/820 into:sstable1/d668cb06-2199-40a8-834d-7f29e31e0033202604302147001777607223849229294.sst
2026-05-01 03:47:03:870 - Compaction completed: 
2814101:COMPACT_START sstable=0 input_files: "datalog/855" input_files: "datalog/856" compactIntoNextLevel: true destinationLevel: 1
2026-05-01 03:47:03:966 - Compaction started: 
139634621281856:Compacting datalog/855 datalog/856 into:sstable1/d668cb06-2199-40a8-834d-7f29e31e0033202604302147001777607223969233421.sst
2026-05-01 03:47:03:990 - Compaction completed: 
2814101:COMPACT_START sstable=1 input_files: "sstable1/94538d5c-dd3d-4dc9-a6d0-8fe0c64514ea202604302147001777607220376128760.sst" input_files: "sstable1/6fdfa363-aea4-46c6-b5b4-aba9cf2514cf202604302147001777607220452663529.sst" compactIntoNextLevel: true destinationLevel: 2
2026-05-01 03:47:04:072 - Compaction started: 
139634621281856:Compacting sstable1/94538d5c-dd3d-4dc9-a6d0-8fe0c64514ea202604302147001777607220376128760.sst sstable1/6fdfa363-aea4-46c6-b5b4-aba9cf2514cf202604302147001777607220452663529.sst into:sstable2/d668cb06-2199-40a8-834d-7f29e31e0033202604302147001777607224112950131.sst
2026-05-01 03:47:04:179 - Compaction completed: 
2814101:COMPACT_START sstable=1 input_files: "sstable1/223811f1-8f4d-4cce-8cc5-706cbc4a8bc6202604302147001777607221380759411.sst" input_files: "sstable1/44b553e2-b1b5-4dab-8b53-e33cff240a85202604302147001777607221309788245.sst" compactIntoNextLevel: true destinationLevel: 2
2026-05-01 03:47:04:279 - Compaction started: 
139634621281856:Compacting sstable1/223811f1-8f4d-4cce-8cc5-706cbc4a8bc6202604302147001777607221380759411.sst sstable1/44b553e2-b1b5-4dab-8b53-e33cff240a85202604302147001777607221309788245.sst into:sstable2/d668cb06-2199-40a8-834d-7f29e31e0033202604302147001777607224309780383.sst
2026-05-01 03:47:04:363 - Compaction completed: 
2814101:COMPACT_START sstable=1 input_files: "sstable1/223811f1-8f4d-4cce-8cc5-706cbc4a8bc6202604302147001777607221624398043.sst" input_files: "sstable1/de909f0a-514e-4aec-9a14-39761798a4bd202604302147001777607221564190479.sst" compactIntoNextLevel: true destinationLevel: 2
2026-05-01 03:47:04:383 - Compaction started: 
139634621281856:Compacting sstable1/223811f1-8f4d-4cce-8cc5-706cbc4a8bc6202604302147001777607221624398043.sst sstable1/de909f0a-514e-4aec-9a14-39761798a4bd202604302147001777607221564190479.sst into:sstable2/d668cb06-2199-40a8-834d-7f29e31e0033202604302147001777607224416427525.sst
2026-05-01 03:47:04:490 - Compaction completed: 
2814101:COMPACT_START sstable=1 input_files: "sstable1/ad5c3cb6-0e10-438c-b82b-dbe352859c70202604302147001777607221961742650.sst" input_files: "sstable1/c057b7ed-724e-406e-a9b8-aeb8bed1caeb202604302147001777607221970092116.sst" compactIntoNextLevel: true destinationLevel: 2
2026-05-01 03:47:04:589 - Compaction started: 
139634621281856:Compacting sstable1/ad5c3cb6-0e10-438c-b82b-dbe352859c70202604302147001777607221961742650.sst sstable1/c057b7ed-724e-406e-a9b8-aeb8bed1caeb202604302147001777607221970092116.sst into:sstable2/d668cb06-2199-40a8-834d-7f29e31e0033202604302147001777607224621998877.sst
2026-05-01 03:47:04:674 - Compaction completed: 
2814101:COMPACT_START sstable=1 input_files: "sstable1/8a306972-bff3-46f1-a8de-513fd6e4850d202604302147001777607222224292431.sst" input_files: "sstable1/d668cb06-2199-40a8-834d-7f29e31e0033202604302147001777607222341027018.sst" compactIntoNextLevel: true destinationLevel: 2
2026-05-01 03:47:04:693 - Compaction started: 
139634621281856:Compacting sstable1/8a306972-bff3-46f1-a8de-513fd6e4850d202604302147001777607222224292431.sst sstable1/d668cb06-2199-40a8-834d-7f29e31e0033202604302147001777607222341027018.sst into:sstable2/d668cb06-2199-40a8-834d-7f29e31e0033202604302147001777607224728300030.sst
2026-05-01 03:47:04:781 - Compaction completed: 
2814101:COMPACT_START sstable=1 input_files: "sstable1/6a48bb39-2cfe-4ba3-9358-43a86f54c647202604302147001777607222493520345.sst" input_files: "sstable1/c057b7ed-724e-406e-a9b8-aeb8bed1caeb202604302147001777607222497488846.sst" compactIntoNextLevel: true destinationLevel: 2
2026-05-01 03:47:04:796 - Compaction started: 
139634621281856:Compacting sstable1/6a48bb39-2cfe-4ba3-9358-43a86f54c647202604302147001777607222493520345.sst sstable1/c057b7ed-724e-406e-a9b8-aeb8bed1caeb202604302147001777607222497488846.sst into:sstable2/d668cb06-2199-40a8-834d-7f29e31e0033202604302147001777607224818330494.sst
2026-05-01 03:47:04:882 - Compaction completed: 
2814101:COMPACT_START sstable=1 input_files: "sstable1/44b553e2-b1b5-4dab-8b53-e33cff240a85202604302147001777607222735582199.sst" input_files: "sstable1/53e3b283-263f-406c-b594-215c02bbdb42202604302147001777607222743895909.sst" compactIntoNextLevel: true destinationLevel: 2
2026-05-01 03:47:04:900 - Compaction started: 
139634621281856:Compacting sstable1/44b553e2-b1b5-4dab-8b53-e33cff240a85202604302147001777607222735582199.sst sstable1/53e3b283-263f-406c-b594-215c02bbdb42202604302147001777607222743895909.sst into:sstable2/d668cb06-2199-40a8-834d-7f29e31e0033202604302147001777607224926921701.sst
2026-05-01 03:47:04:973 - Compaction completed: 
2814101:COMPACT_START sstable=1 input_files: "sstable1/8a306972-bff3-46f1-a8de-513fd6e4850d202604302147001777607222951513027.sst" input_files: "sstable1/dbb71712-9543-41fd-86e4-a836fddef97b202604302147001777607222970071536.sst" compactIntoNextLevel: true destinationLevel: 2
2026-05-01 03:47:05:004 - Compaction started: 
139634621281856:Compacting sstable1/8a306972-bff3-46f1-a8de-513fd6e4850d202604302147001777607222951513027.sst sstable1/dbb71712-9543-41fd-86e4-a836fddef97b202604302147001777607222970071536.sst into:sstable2/d668cb06-2199-40a8-834d-7f29e31e0033202604302147001777607225031055610.sst
2026-05-01 03:47:05:080 - Compaction completed: 
2814101:COMPACT_START sstable=1 input_files: "sstable1/94538d5c-dd3d-4dc9-a6d0-8fe0c64514ea202604302147001777607223199501454.sst" input_files: "sstable1/53e3b283-263f-406c-b594-215c02bbdb42202604302147001777607223200590607.sst" compactIntoNextLevel: true destinationLevel: 2
2026-05-01 03:47:05:116 - Compaction started: 
139634621281856:Compacting sstable1/94538d5c-dd3d-4dc9-a6d0-8fe0c64514ea202604302147001777607223199501454.sst sstable1/53e3b283-263f-406c-b594-215c02bbdb42202604302147001777607223200590607.sst into:sstable2/d668cb06-2199-40a8-834d-7f29e31e0033202604302147001777607225141842734.sst
2026-05-01 03:47:05:188 - Compaction completed: 
2814101:COMPACT_START sstable=1 input_files: "sstable1/53e3b283-263f-406c-b594-215c02bbdb42202604302147001777607223413183274.sst" input_files: "sstable1/745ddd3c-fa3a-4797-b93d-24318a07214d202604302147001777607223415458961.sst" compactIntoNextLevel: true destinationLevel: 2
2026-05-01 03:47:05:219 - Compaction started: 
139634621281856:Compacting sstable1/53e3b283-263f-406c-b594-215c02bbdb42202604302147001777607223413183274.sst sstable1/745ddd3c-fa3a-4797-b93d-24318a07214d202604302147001777607223415458961.sst into:sstable2/d668cb06-2199-40a8-834d-7f29e31e0033202604302147001777607225245943982.sst
2026-05-01 03:47:05:289 - Compaction completed: 
2814101:COMPACT_START sstable=1 input_files: "sstable1/53e3b283-263f-406c-b594-215c02bbdb42202604302147001777607223617637722.sst" input_files: "sstable1/745ddd3c-fa3a-4797-b93d-24318a07214d202604302147001777607223618802766.sst" compactIntoNextLevel: true destinationLevel: 2
2026-05-01 03:47:05:323 - Compaction started: 
139634621281856:Compacting sstable1/53e3b283-263f-406c-b594-215c02bbdb42202604302147001777607223617637722.sst sstable1/745ddd3c-fa3a-4797-b93d-24318a07214d202604302147001777607223618802766.sst into:sstable2/d668cb06-2199-40a8-834d-7f29e31e0033202604302147001777607225363503135.sst
2026-05-01 03:47:05:402 - Compaction completed: 
2814101:COMPACT_START sstable=1 input_files: "sstable1/745ddd3c-fa3a-4797-b93d-24318a07214d202604302147001777607223824564456.sst" input_files: "sstable1/8e50b6f3-5ed0-4446-aa81-3dfa1265d15c202604302147001777607223829697761.sst" compactIntoNextLevel: true destinationLevel: 2
2026-05-01 03:47:05:426 - Compaction started: 
139634621281856:Compacting sstable1/745ddd3c-fa3a-4797-b93d-24318a07214d202604302147001777607223824564456.sst sstable1/8e50b6f3-5ed0-4446-aa81-3dfa1265d15c202604302147001777607223829697761.sst into:sstable2/d668cb06-2199-40a8-834d-7f29e31e0033202604302147001777607225454893208.sst
2026-05-01 03:47:05:500 - Compaction completed: 
2814101:COMPACT_START sstable=1 input_files: "sstable2/d668cb06-2199-40a8-834d-7f29e31e0033202604302147001777607224112950131.sst" input_files: "sstable2/de909f0a-514e-4aec-9a14-39761798a4bd202604302147001777607224119962330.sst" compactIntoNextLevel: false destinationLevel: 2
2026-05-01 03:47:05:536 - Compaction started: 
139634621281856:Compacting sstable2/d668cb06-2199-40a8-834d-7f29e31e0033202604302147001777607224112950131.sst sstable2/de909f0a-514e-4aec-9a14-39761798a4bd202604302147001777607224119962330.sst into:sstable2/0_d668cb06-2199-40a8-834d-7f29e31e0033202604302147001777607225614998658.sst
2026-05-01 03:47:05:782 - Compaction completed: 
2814101:COMPACT_START sstable=1 input_files: "sstable2/0_d668cb06-2199-40a8-834d-7f29e31e0033202604302147001777607225614998658.sst" input_files: "sstable2/0_c057b7ed-724e-406e-a9b8-aeb8bed1caeb202604302147001777607225655261204.sst" compactIntoNextLevel: false destinationLevel: 2
2026-05-01 03:47:05:854 - Compaction started: 
139634621281856:Compacting sstable2/0_d668cb06-2199-40a8-834d-7f29e31e0033202604302147001777607225614998658.sst sstable2/0_c057b7ed-724e-406e-a9b8-aeb8bed1caeb202604302147001777607225655261204.sst into:sstable2/1_d668cb06-2199-40a8-834d-7f29e31e0033202604302147001777607226002715587.sst
2026-05-01 03:47:06:283 - Compaction completed: 
2814101:COMPACT_START sstable=1 input_files: "sstable2/1_de909f0a-514e-4aec-9a14-39761798a4bd202604302147001777607226044156342.sst" input_files: "sstable2/1_223811f1-8f4d-4cce-8cc5-706cbc4a8bc6202604302147001777607226035719091.sst" compactIntoNextLevel: false destinationLevel: 2
2026-05-01 03:47:06:368 - Compaction started: 
139634621281856:Compacting sstable2/1_de909f0a-514e-4aec-9a14-39761798a4bd202604302147001777607226044156342.sst sstable2/1_223811f1-8f4d-4cce-8cc5-706cbc4a8bc6202604302147001777607226035719091.sst into:sstable2/2_d668cb06-2199-40a8-834d-7f29e31e0033202604302147001777607226691496344.sst
2026-05-01 03:47:07:321 - Compaction completed: 
2814101:COMPACT_START sstable=1 input_files: "sstable2/53e3b283-263f-406c-b594-215c02bbdb42202604302147001777607224792785736.sst" input_files: "sstable2/6a48bb39-2cfe-4ba3-9358-43a86f54c647202604302147001777607224815489307.sst" compactIntoNextLevel: false destinationLevel: 2
2026-05-01 03:47:07:426 - Compaction started: 
139634621281856:Compacting sstable2/53e3b283-263f-406c-b594-215c02bbdb42202604302147001777607224792785736.sst sstable2/6a48bb39-2cfe-4ba3-9358-43a86f54c647202604302147001777607224815489307.sst into:sstable2/0_d668cb06-2199-40a8-834d-7f29e31e0033202604302147001777607227491400366.sst
2026-05-01 03:47:07:612 - Compaction completed: 
2814101:COMPACT_START sstable=1 input_files: "sstable2/0_d668cb06-2199-40a8-834d-7f29e31e0033202604302147001777607227491400366.sst" input_files: "sstable2/0_de909f0a-514e-4aec-9a14-39761798a4bd202604302147001777607227491576746.sst" compactIntoNextLevel: false destinationLevel: 2
2026-05-01 03:47:07:664 - Compaction started: 
139634621281856:Compacting sstable2/0_d668cb06-2199-40a8-834d-7f29e31e0033202604302147001777607227491400366.sst sstable2/0_de909f0a-514e-4aec-9a14-39761798a4bd202604302147001777607227491576746.sst into:sstable2/1_d668cb06-2199-40a8-834d-7f29e31e0033202604302147001777607227778448192.sst
2026-05-01 03:47:07:971 - Compaction completed: 
2814101:COMPACT_START sstable=1 input_files: "sstable2/fa3c7f1b-2546-46c6-bdaa-14329c940c45202604302147001777607224948969763.sst" input_files: "sstable2/44b553e2-b1b5-4dab-8b53-e33cff240a85202604302147001777607224973776848.sst" compactIntoNextLevel: false destinationLevel: 2
2026-05-01 03:47:07:986 - Compaction started: 
139634621281856:Compacting sstable2/fa3c7f1b-2546-46c6-bdaa-14329c940c45202604302147001777607224948969763.sst sstable2/44b553e2-b1b5-4dab-8b53-e33cff240a85202604302147001777607224973776848.sst into:sstable2/0_d668cb06-2199-40a8-834d-7f29e31e0033202604302147001777607228051858277.sst
2026-05-01 03:47:08:148 - Compaction completed: 
2814101:COMPACT_START sstable=1 input_files: "sstable2/2_53e3b283-263f-406c-b594-215c02bbdb42202604302147001777607227663186978.sst" input_files: "sstable2/2_dbb71712-9543-41fd-86e4-a836fddef97b202604302147001777607227639997797.sst" compactIntoNextLevel: false destinationLevel: 2
2026-05-01 03:47:08:202 - Compaction started: 
139634621281856:Compacting sstable2/2_53e3b283-263f-406c-b594-215c02bbdb42202604302147001777607227663186978.sst sstable2/2_dbb71712-9543-41fd-86e4-a836fddef97b202604302147001777607227639997797.sst into:sstable2/3_d668cb06-2199-40a8-834d-7f29e31e0033202604302147001777607228837694590.sst
2026-05-01 03:47:11:214 - Compaction completed: 
2814101:COMPACT_START sstable=1 input_files: "sstable2/aadfdebd-04b8-43ed-9d3e-71e779914646202604302147001777607225402748964.sst" input_files: "sstable2/8e50b6f3-5ed0-4446-aa81-3dfa1265d15c202604302147001777607225405487008.sst" compactIntoNextLevel: false destinationLevel: 2
2026-05-01 03:47:11:252 - Compaction started: 
139634621281856:Compacting sstable2/aadfdebd-04b8-43ed-9d3e-71e779914646202604302147001777607225402748964.sst sstable2/8e50b6f3-5ed0-4446-aa81-3dfa1265d15c202604302147001777607225405487008.sst into:sstable2/0_d668cb06-2199-40a8-834d-7f29e31e0033202604302147001777607231301858594.sst
2026-05-01 03:47:11:496 - Compaction completed: 
2814101:COMPACT_START sstable=1 input_files: "sstable2/2_de909f0a-514e-4aec-9a14-39761798a4bd202604302147001777607230360849591.sst" input_files: "sstable2/2_745ddd3c-fa3a-4797-b93d-24318a07214d202604302147001777607230592260975.sst" compactIntoNextLevel: false destinationLevel: 2
2026-05-01 03:47:11:578 - Compaction started: 
139634621281856:Compacting sstable2/2_de909f0a-514e-4aec-9a14-39761798a4bd202604302147001777607230360849591.sst sstable2/2_745ddd3c-fa3a-4797-b93d-24318a07214d202604302147001777607230592260975.sst into:sstable2/3_d668cb06-2199-40a8-834d-7f29e31e0033202604302147001777607232085833376.sst
2026-05-01 03:47:13:736 - Compaction completed: 
2026-05-01 03:47:30:080 30 sec: 266932 operations; 8897.73 current ops/sec; est completion in 1 day 7 hours [READ: Count=266956, Max=3682303, Min=4, Avg=110.46, 90=122, 99=320, 99.9=793, 99.99=25487] 
