# CMD: /usr/lib/jvm/java-8-openjdk-amd64/bin/java -cp /users/Xinying/ozonedb/ycsb/ozonedb/conf:/users/Xinying/ozonedb/ycsb/ozonedb/target/ozonedb-binding-0.18.0-SNAPSHOT.jar:/users/Xinying/.m2/repository/org/apache/htrace/htrace-core4/4.1.0-incubating/htrace-core4-4.1.0-incubating.jar:/users/Xinying/.m2/repository/org/slf4j/slf4j-api/1.7.25/slf4j-api-1.7.25.jar:/users/Xinying/.m2/repository/org/hdrhistogram/HdrHistogram/2.1.12/HdrHistogram-2.1.12.jar:/users/Xinying/.m2/repository/ch/qos/logback/logback-classic/1.2.3/logback-classic-1.2.3.jar:/users/Xinying/.m2/repository/ozonedbjnimaven/demoproc-jni/1.0/demoproc-jni-1.0.jar:/users/Xinying/.m2/repository/ch/qos/logback/logback-core/1.2.3/logback-core-1.2.3.jar:/users/Xinying/.m2/repository/org/codehaus/jackson/jackson-mapper-asl/1.9.4/jackson-mapper-asl-1.9.4.jar:/users/Xinying/.m2/repository/org/slf4j/slf4j-simple/1.7.25/slf4j-simple-1.7.25.jar:/users/Xinying/.m2/repository/org/codehaus/jackson/jackson-core-asl/1.9.4/jackson-core-asl-1.9.4.jar:/users/Xinying/ozonedb/ycsb/core/target/core-0.18.0-SNAPSHOT.jar site.ycsb.Client -db site.ycsb.db.OzoneDBClient -threads 1 -s -P /users/Xinying/ozonedb/ycsb/workloads/generated_workloads/workloadc_1KB_1000000_1000000 -p status.interval=30 -p requestdistribution=uniform -p operationcount=1000000000 -p maxexecutiontime=660 -p shared_config=/tmp/churn_v4_configs/shared_config_varyW_n16_r0pct.json -t
# env OZONEDB_CHURN_ABORT_RATE=0.0
Command line: -db site.ycsb.db.OzoneDBClient -threads 1 -s -P /users/Xinying/ozonedb/ycsb/workloads/generated_workloads/workloadc_1KB_1000000_1000000 -p status.interval=30 -p requestdistribution=uniform -p operationcount=1000000000 -p maxexecutiontime=660 -p shared_config=/tmp/churn_v4_configs/shared_config_varyW_n16_r0pct.json -t
YCSB Client 0.18.0-SNAPSHOT

Loading workload...
Starting test.
SLF4J: Class path contains multiple SLF4J bindings.
SLF4J: Found binding in [jar:file:/users/Xinying/.m2/repository/ch/qos/logback/logback-classic/1.2.3/logback-classic-1.2.3.jar!/org/slf4j/impl/StaticLoggerBinder.class]
SLF4J: Found binding in [jar:file:/users/Xinying/.m2/repository/org/slf4j/slf4j-simple/1.7.25/slf4j-simple-1.7.25.jar!/org/slf4j/impl/StaticLoggerBinder.class]
SLF4J: See http://www.slf4j.org/codes.html#multiple_bindings for an explanation.
SLF4J: Actual binding is of type [ch.qos.logback.classic.util.ContextSelectorStaticBinder]
Maximum execution time specified as: 660 secs
2026-05-01 03:47:00:106 0 sec: 0 operations; est completion in 0 second 
Starting compaction watcher
DBWrapper: report latency for each error is false and specific error codes to track for latency are: []
2814105:COMPACT_START sstable=0 input_files: "datalog/17" input_files: "datalog/18" compactIntoNextLevel: true destinationLevel: 1
2026-05-01 03:47:00:188 - Compaction started: 
139804423460416:Compacting datalog/17 datalog/18 into:sstable1/8a306972-bff3-46f1-a8de-513fd6e4850d202604302147001777607220415575335.sst
2026-05-01 03:47:00:475 - Compaction completed: 
2814105:COMPACT_START sstable=0 input_files: "datalog/47" input_files: "datalog/48" compactIntoNextLevel: true destinationLevel: 1
2026-05-01 03:47:00:484 - Compaction started: 
139804423460416:Compacting datalog/47 datalog/48 into:sstable1/8a306972-bff3-46f1-a8de-513fd6e4850d202604302147001777607220669342258.sst
2026-05-01 03:47:00:759 - Compaction completed: 
2814105:COMPACT_START sstable=0 input_files: "datalog/77" input_files: "datalog/78" compactIntoNextLevel: true destinationLevel: 1
2026-05-01 03:47:00:813 - Compaction started: 
139804423460416:Compacting datalog/77 datalog/78 into:sstable1/8a306972-bff3-46f1-a8de-513fd6e4850d202604302147001777607220982893812.sst
2026-05-01 03:47:01:004 - Compaction completed: 
2814105:COMPACT_START sstable=0 input_files: "datalog/99" input_files: "datalog/100" compactIntoNextLevel: true destinationLevel: 1
2026-05-01 03:47:01:019 - Compaction started: 
139804423460416:Compacting datalog/99 datalog/100 into:sstable1/8a306972-bff3-46f1-a8de-513fd6e4850d202604302147001777607221022635261.sst
2026-05-01 03:47:01:046 - Compaction completed: 
2814105:COMPACT_START sstable=0 input_files: "datalog/113" input_files: "datalog/114" compactIntoNextLevel: true destinationLevel: 1
2026-05-01 03:47:01:121 - Compaction started: 
139804423460416:Compacting datalog/113 datalog/114 into:sstable1/8a306972-bff3-46f1-a8de-513fd6e4850d202604302147001777607221124914963.sst
2026-05-01 03:47:01:145 - Compaction completed: 
2814105:COMPACT_START sstable=0 input_files: "datalog/129" input_files: "datalog/130" compactIntoNextLevel: true destinationLevel: 1
2026-05-01 03:47:01:223 - Compaction started: 
139804423460416:Compacting datalog/129 datalog/130 into:sstable1/8a306972-bff3-46f1-a8de-513fd6e4850d202604302147001777607221229643998.sst
2026-05-01 03:47:01:250 - Compaction completed: 
2814105:COMPACT_START sstable=0 input_files: "datalog/149" input_files: "datalog/150" compactIntoNextLevel: true destinationLevel: 1
2026-05-01 03:47:01:326 - Compaction started: 
139804423460416:Compacting datalog/149 datalog/150 into:sstable1/8a306972-bff3-46f1-a8de-513fd6e4850d202604302147001777607221328848214.sst
2026-05-01 03:47:01:348 - Compaction completed: 
2814105:COMPACT_START sstable=0 input_files: "datalog/169" input_files: "datalog/170" compactIntoNextLevel: true destinationLevel: 1
2026-05-01 03:47:01:437 - Compaction started: 
139804423460416:Compacting datalog/169 datalog/170 into:sstable1/8a306972-bff3-46f1-a8de-513fd6e4850d202604302147001777607221440337164.sst
2026-05-01 03:47:01:462 - Compaction completed: 
2814105:COMPACT_START sstable=0 input_files: "datalog/191" input_files: "datalog/192" compactIntoNextLevel: true destinationLevel: 1
2026-05-01 03:47:01:548 - Compaction started: 
139804423460416:Compacting datalog/191 datalog/192 into:sstable1/8a306972-bff3-46f1-a8de-513fd6e4850d202604302147001777607221550801013.sst
2026-05-01 03:47:01:573 - Compaction completed: 
2814105:COMPACT_START sstable=0 input_files: "datalog/229" input_files: "datalog/230" compactIntoNextLevel: true destinationLevel: 1
2026-05-01 03:47:01:694 - Compaction started: 
139804423460416:Compacting datalog/229 datalog/230 into:sstable1/8a306972-bff3-46f1-a8de-513fd6e4850d202604302147001777607221696921620.sst
2026-05-01 03:47:01:717 - Compaction completed: 
2814105:COMPACT_START sstable=0 input_files: "datalog/257" input_files: "datalog/258" compactIntoNextLevel: true destinationLevel: 1
2026-05-01 03:47:01:797 - Compaction started: 
139804423460416:Compacting datalog/257 datalog/258 into:sstable1/8a306972-bff3-46f1-a8de-513fd6e4850d202604302147001777607221800178515.sst
2026-05-01 03:47:01:820 - Compaction completed: 
2814105:COMPACT_START sstable=0 input_files: "datalog/283" input_files: "datalog/284" compactIntoNextLevel: true destinationLevel: 1
2026-05-01 03:47:01:901 - Compaction started: 
139804423460416:Compacting datalog/283 datalog/284 into:sstable1/8a306972-bff3-46f1-a8de-513fd6e4850d202604302147001777607221904124672.sst
2026-05-01 03:47:01:924 - Compaction completed: 
2814105:COMPACT_START sstable=0 input_files: "datalog/305" input_files: "datalog/306" compactIntoNextLevel: true destinationLevel: 1
2026-05-01 03:47:02:006 - Compaction started: 
139804423460416:Compacting datalog/305 datalog/306 into:sstable1/8a306972-bff3-46f1-a8de-513fd6e4850d202604302147001777607222008576918.sst
2026-05-01 03:47:02:031 - Compaction completed: 
2814105:COMPACT_START sstable=0 input_files: "datalog/335" input_files: "datalog/336" compactIntoNextLevel: true destinationLevel: 1
2026-05-01 03:47:02:113 - Compaction started: 
139804423460416:Compacting datalog/335 datalog/336 into:sstable1/8a306972-bff3-46f1-a8de-513fd6e4850d202604302147001777607222116870767.sst
2026-05-01 03:47:02:138 - Compaction completed: 
2814105:COMPACT_START sstable=0 input_files: "datalog/365" input_files: "datalog/366" compactIntoNextLevel: true destinationLevel: 1
2026-05-01 03:47:02:221 - Compaction started: 
139804423460416:Compacting datalog/365 datalog/366 into:sstable1/8a306972-bff3-46f1-a8de-513fd6e4850d202604302147001777607222224292431.sst
2026-05-01 03:47:02:243 - Compaction completed: 
2814105:COMPACT_START sstable=0 input_files: "datalog/393" input_files: "datalog/394" compactIntoNextLevel: true destinationLevel: 1
2026-05-01 03:47:02:326 - Compaction started: 
139804423460416:Compacting datalog/393 datalog/394 into:sstable1/8a306972-bff3-46f1-a8de-513fd6e4850d202604302147001777607222328544933.sst
2026-05-01 03:47:02:345 - Compaction completed: 
2814105:COMPACT_START sstable=0 input_files: "datalog/415" input_files: "datalog/416" compactIntoNextLevel: true destinationLevel: 1
2026-05-01 03:47:02:430 - Compaction started: 
139804423460416:Compacting datalog/415 datalog/416 into:sstable1/8a306972-bff3-46f1-a8de-513fd6e4850d202604302147001777607222432692558.sst
2026-05-01 03:47:02:453 - Compaction completed: 
2814105:COMPACT_START sstable=0 input_files: "datalog/435" input_files: "datalog/436" compactIntoNextLevel: true destinationLevel: 1
2026-05-01 03:47:02:534 - Compaction started: 
139804423460416:Compacting datalog/435 datalog/436 into:sstable1/8a306972-bff3-46f1-a8de-513fd6e4850d202604302147001777607222537005853.sst
2026-05-01 03:47:02:555 - Compaction completed: 
2814105:COMPACT_START sstable=0 input_files: "datalog/459" input_files: "datalog/460" compactIntoNextLevel: true destinationLevel: 1
2026-05-01 03:47:02:637 - Compaction started: 
139804423460416:Compacting datalog/459 datalog/460 into:sstable1/8a306972-bff3-46f1-a8de-513fd6e4850d202604302147001777607222639598703.sst
2026-05-01 03:47:02:656 - Compaction completed: 
2814105:COMPACT_START sstable=0 input_files: "datalog/489" input_files: "datalog/490" compactIntoNextLevel: true destinationLevel: 1
2026-05-01 03:47:02:742 - Compaction started: 
139804423460416:Compacting datalog/489 datalog/490 into:sstable1/8a306972-bff3-46f1-a8de-513fd6e4850d202604302147001777607222744459966.sst
2026-05-01 03:47:02:761 - Compaction completed: 
2814105:COMPACT_START sstable=0 input_files: "datalog/517" input_files: "datalog/518" compactIntoNextLevel: true destinationLevel: 1
2026-05-01 03:47:02:846 - Compaction started: 
139804423460416:Compacting datalog/517 datalog/518 into:sstable1/8a306972-bff3-46f1-a8de-513fd6e4850d202604302147001777607222848535025.sst
2026-05-01 03:47:02:865 - Compaction completed: 
2814105:COMPACT_START sstable=0 input_files: "datalog/549" input_files: "datalog/550" compactIntoNextLevel: true destinationLevel: 1
2026-05-01 03:47:02:949 - Compaction started: 
139804423460416:Compacting datalog/549 datalog/550 into:sstable1/8a306972-bff3-46f1-a8de-513fd6e4850d202604302147001777607222951513027.sst
2026-05-01 03:47:02:968 - Compaction completed: 
2814105:COMPACT_START sstable=0 input_files: "datalog/581" input_files: "datalog/582" compactIntoNextLevel: true destinationLevel: 1
2026-05-01 03:47:03:053 - Compaction started: 
139804423460416:Compacting datalog/581 datalog/582 into:sstable1/8a306972-bff3-46f1-a8de-513fd6e4850d202604302147001777607223056997318.sst
2026-05-01 03:47:03:079 - Compaction completed: 
2814105:COMPACT_START sstable=0 input_files: "datalog/613" input_files: "datalog/614" compactIntoNextLevel: true destinationLevel: 1
2026-05-01 03:47:03:156 - Compaction started: 
139804423460416:Compacting datalog/613 datalog/614 into:sstable1/8a306972-bff3-46f1-a8de-513fd6e4850d202604302147001777607223158468875.sst
2026-05-01 03:47:03:175 - Compaction completed: 
2814105:COMPACT_START sstable=0 input_files: "datalog/643" input_files: "datalog/644" compactIntoNextLevel: true destinationLevel: 1
2026-05-01 03:47:03:261 - Compaction started: 
139804423460416:Compacting datalog/643 datalog/644 into:sstable1/8a306972-bff3-46f1-a8de-513fd6e4850d202604302147001777607223264228292.sst
2026-05-01 03:47:03:286 - Compaction completed: 
2814105:COMPACT_START sstable=0 input_files: "datalog/669" input_files: "datalog/670" compactIntoNextLevel: true destinationLevel: 1
2026-05-01 03:47:03:364 - Compaction started: 
139804423460416:Compacting datalog/669 datalog/670 into:sstable1/8a306972-bff3-46f1-a8de-513fd6e4850d202604302147001777607223367270564.sst
2026-05-01 03:47:03:387 - Compaction completed: 
2814105:COMPACT_START sstable=0 input_files: "datalog/701" input_files: "datalog/702" compactIntoNextLevel: true destinationLevel: 1
2026-05-01 03:47:03:466 - Compaction started: 
139804423460416:Compacting datalog/701 datalog/702 into:sstable1/8a306972-bff3-46f1-a8de-513fd6e4850d202604302147001777607223469054217.sst
2026-05-01 03:47:03:484 - Compaction completed: 
2814105:COMPACT_START sstable=0 input_files: "datalog/733" input_files: "datalog/734" compactIntoNextLevel: true destinationLevel: 1
2026-05-01 03:47:03:568 - Compaction started: 
139804423460416:Compacting datalog/733 datalog/734 into:sstable1/8a306972-bff3-46f1-a8de-513fd6e4850d202604302147001777607223571142240.sst
2026-05-01 03:47:03:585 - Compaction completed: 
2814105:COMPACT_START sstable=0 input_files: "datalog/765" input_files: "datalog/766" compactIntoNextLevel: true destinationLevel: 1
2026-05-01 03:47:03:670 - Compaction started: 
139804423460416:Compacting datalog/765 datalog/766 into:sstable1/8a306972-bff3-46f1-a8de-513fd6e4850d202604302147001777607223673089689.sst
2026-05-01 03:47:03:691 - Compaction completed: 
2814105:COMPACT_START sstable=0 input_files: "datalog/797" input_files: "datalog/798" compactIntoNextLevel: true destinationLevel: 1
2026-05-01 03:47:03:773 - Compaction started: 
139804423460416:Compacting datalog/797 datalog/798 into:sstable1/8a306972-bff3-46f1-a8de-513fd6e4850d202604302147001777607223775824244.sst
2026-05-01 03:47:03:808 - Compaction completed: 
2814105:COMPACT_START sstable=0 input_files: "datalog/829" input_files: "datalog/830" compactIntoNextLevel: true destinationLevel: 1
2026-05-01 03:47:03:877 - Compaction started: 
139804423460416:Compacting datalog/829 datalog/830 into:sstable1/8a306972-bff3-46f1-a8de-513fd6e4850d202604302147001777607223880354707.sst
2026-05-01 03:47:03:899 - Compaction completed: 
2814105:COMPACT_START sstable=0 input_files: "datalog/861" input_files: "datalog/862" compactIntoNextLevel: true destinationLevel: 1
2026-05-01 03:47:03:980 - Compaction started: 
139804423460416:Compacting datalog/861 datalog/862 into:sstable1/8a306972-bff3-46f1-a8de-513fd6e4850d202604302147001777607223984186169.sst
2026-05-01 03:47:04:003 - Compaction completed: 
2814105:COMPACT_START sstable=1 input_files: "sstable1/94538d5c-dd3d-4dc9-a6d0-8fe0c64514ea202604302147001777607221442751742.sst" input_files: "sstable1/8a306972-bff3-46f1-a8de-513fd6e4850d202604302147001777607220669342258.sst" compactIntoNextLevel: true destinationLevel: 2
2026-05-01 03:47:04:084 - Compaction started: 
139804423460416:Compacting sstable1/94538d5c-dd3d-4dc9-a6d0-8fe0c64514ea202604302147001777607221442751742.sst sstable1/8a306972-bff3-46f1-a8de-513fd6e4850d202604302147001777607220669342258.sst into:sstable2/8a306972-bff3-46f1-a8de-513fd6e4850d202604302147001777607224122395352.sst
2026-05-01 03:47:04:178 - Compaction completed: 
2814105:COMPACT_START sstable=1 input_files: "sstable1/8e50b6f3-5ed0-4446-aa81-3dfa1265d15c202604302147001777607221073538007.sst" input_files: "sstable1/6fdfa363-aea4-46c6-b5b4-aba9cf2514cf202604302147001777607221084008741.sst" compactIntoNextLevel: true destinationLevel: 2
2026-05-01 03:47:04:187 - Compaction started: 
139804423460416:Compacting sstable1/8e50b6f3-5ed0-4446-aa81-3dfa1265d15c202604302147001777607221073538007.sst sstable1/6fdfa363-aea4-46c6-b5b4-aba9cf2514cf202604302147001777607221084008741.sst into:sstable2/8a306972-bff3-46f1-a8de-513fd6e4850d202604302147001777607224214301643.sst
2026-05-01 03:47:04:259 - Compaction completed: 
2814105:COMPACT_START sstable=1 input_files: "sstable1/53e3b283-263f-406c-b594-215c02bbdb42202604302147001777607221345131416.sst" input_files: "sstable1/ad5c3cb6-0e10-438c-b82b-dbe352859c70202604302147001777607221390369591.sst" compactIntoNextLevel: true destinationLevel: 2
2026-05-01 03:47:04:289 - Compaction started: 
139804423460416:Compacting sstable1/53e3b283-263f-406c-b594-215c02bbdb42202604302147001777607221345131416.sst sstable1/ad5c3cb6-0e10-438c-b82b-dbe352859c70202604302147001777607221390369591.sst into:sstable2/8a306972-bff3-46f1-a8de-513fd6e4850d202604302147001777607224318809864.sst
2026-05-01 03:47:04:371 - Compaction completed: 
2814105:COMPACT_START sstable=1 input_files: "sstable1/745ddd3c-fa3a-4797-b93d-24318a07214d202604302147001777607221578458683.sst" input_files: "sstable1/94538d5c-dd3d-4dc9-a6d0-8fe0c64514ea202604302147001777607221616197376.sst" compactIntoNextLevel: true destinationLevel: 2
2026-05-01 03:47:04:395 - Compaction started: 
139804423460416:Compacting sstable1/745ddd3c-fa3a-4797-b93d-24318a07214d202604302147001777607221578458683.sst sstable1/94538d5c-dd3d-4dc9-a6d0-8fe0c64514ea202604302147001777607221616197376.sst into:sstable2/8a306972-bff3-46f1-a8de-513fd6e4850d202604302147001777607224428094942.sst
2026-05-01 03:47:04:490 - Compaction completed: 
2814105:COMPACT_START sstable=1 input_files: "sstable1/8a306972-bff3-46f1-a8de-513fd6e4850d202604302147001777607221800178515.sst" input_files: "sstable1/53e3b283-263f-406c-b594-215c02bbdb42202604302147001777607221806403607.sst" compactIntoNextLevel: true destinationLevel: 2
2026-05-01 03:47:04:498 - Compaction started: 
139804423460416:Compacting sstable1/8a306972-bff3-46f1-a8de-513fd6e4850d202604302147001777607221800178515.sst sstable1/53e3b283-263f-406c-b594-215c02bbdb42202604302147001777607221806403607.sst into:sstable2/8a306972-bff3-46f1-a8de-513fd6e4850d202604302147001777607224529221993.sst
2026-05-01 03:47:04:582 - Compaction completed: 
2814105:COMPACT_START sstable=1 input_files: "sstable1/53e3b283-263f-406c-b594-215c02bbdb42202604302147001777607222025559121.sst" input_files: "sstable1/223811f1-8f4d-4cce-8cc5-706cbc4a8bc6202604302147001777607222028066032.sst" compactIntoNextLevel: true destinationLevel: 2
2026-05-01 03:47:04:604 - Compaction started: 
139804423460416:Compacting sstable1/53e3b283-263f-406c-b594-215c02bbdb42202604302147001777607222025559121.sst sstable1/223811f1-8f4d-4cce-8cc5-706cbc4a8bc6202604302147001777607222028066032.sst into:sstable2/8a306972-bff3-46f1-a8de-513fd6e4850d202604302147001777607224640561584.sst
2026-05-01 03:47:04:704 - Compaction completed: 
2814105:COMPACT_START sstable=1 input_files: "sstable1/de909f0a-514e-4aec-9a14-39761798a4bd202604302147001777607222482582636.sst" input_files: "sstable1/8e50b6f3-5ed0-4446-aa81-3dfa1265d15c202604302147001777607222272044460.sst" compactIntoNextLevel: true destinationLevel: 2
2026-05-01 03:47:04:707 - Compaction started: 
139804423460416:Compacting sstable1/de909f0a-514e-4aec-9a14-39761798a4bd202604302147001777607222482582636.sst sstable1/8e50b6f3-5ed0-4446-aa81-3dfa1265d15c202604302147001777607222272044460.sst into:sstable2/8a306972-bff3-46f1-a8de-513fd6e4850d202604302147001777607224745668918.sst
2026-05-01 03:47:04:800 - Compaction completed: 
2814105:COMPACT_START sstable=1 input_files: "sstable1/94538d5c-dd3d-4dc9-a6d0-8fe0c64514ea202604302147001777607222559474774.sst" input_files: "sstable1/aadfdebd-04b8-43ed-9d3e-71e779914646202604302147001777607222580823184.sst" compactIntoNextLevel: true destinationLevel: 2
2026-05-01 03:47:04:810 - Compaction started: 
139804423460416:Compacting sstable1/94538d5c-dd3d-4dc9-a6d0-8fe0c64514ea202604302147001777607222559474774.sst sstable1/aadfdebd-04b8-43ed-9d3e-71e779914646202604302147001777607222580823184.sst into:sstable2/8a306972-bff3-46f1-a8de-513fd6e4850d202604302147001777607224844233905.sst
2026-05-01 03:47:04:893 - Compaction completed: 
2814105:COMPACT_START sstable=1 input_files: "sstable1/de909f0a-514e-4aec-9a14-39761798a4bd202604302147001777607222798879186.sst" input_files: "sstable1/fa3c7f1b-2546-46c6-bdaa-14329c940c45202604302147001777607222805225556.sst" compactIntoNextLevel: true destinationLevel: 2
2026-05-01 03:47:04:914 - Compaction started: 
139804423460416:Compacting sstable1/de909f0a-514e-4aec-9a14-39761798a4bd202604302147001777607222798879186.sst sstable1/fa3c7f1b-2546-46c6-bdaa-14329c940c45202604302147001777607222805225556.sst into:sstable2/8a306972-bff3-46f1-a8de-513fd6e4850d202604302147001777607224944436502.sst
2026-05-01 03:47:04:999 - Compaction completed: 
2814105:COMPACT_START sstable=1 input_files: "sstable1/de909f0a-514e-4aec-9a14-39761798a4bd202604302147001777607223020731677.sst" input_files: "sstable1/fa3c7f1b-2546-46c6-bdaa-14329c940c45202604302147001777607223022594701.sst" compactIntoNextLevel: true destinationLevel: 2
2026-05-01 03:47:05:018 - Compaction started: 
139804423460416:Compacting sstable1/de909f0a-514e-4aec-9a14-39761798a4bd202604302147001777607223020731677.sst sstable1/fa3c7f1b-2546-46c6-bdaa-14329c940c45202604302147001777607223022594701.sst into:sstable2/8a306972-bff3-46f1-a8de-513fd6e4850d202604302147001777607225058092927.sst
2026-05-01 03:47:05:106 - Compaction completed: 
2814105:COMPACT_START sstable=1 input_files: "sstable1/6a48bb39-2cfe-4ba3-9358-43a86f54c647202604302147001777607223235246629.sst" input_files: "sstable1/6fdfa363-aea4-46c6-b5b4-aba9cf2514cf202604302147001777607223236167987.sst" compactIntoNextLevel: true destinationLevel: 2
2026-05-01 03:47:05:122 - Compaction started: 
139804423460416:Compacting sstable1/6a48bb39-2cfe-4ba3-9358-43a86f54c647202604302147001777607223235246629.sst sstable1/6fdfa363-aea4-46c6-b5b4-aba9cf2514cf202604302147001777607223236167987.sst into:sstable2/8a306972-bff3-46f1-a8de-513fd6e4850d202604302147001777607225148758672.sst
2026-05-01 03:47:05:192 - Compaction completed: 
2814105:COMPACT_START sstable=1 input_files: "sstable1/6fdfa363-aea4-46c6-b5b4-aba9cf2514cf202604302147001777607223441450718.sst" input_files: "sstable1/6a48bb39-2cfe-4ba3-9358-43a86f54c647202604302147001777607223445430100.sst" compactIntoNextLevel: true destinationLevel: 2
2026-05-01 03:47:05:226 - Compaction started: 
139804423460416:Compacting sstable1/6fdfa363-aea4-46c6-b5b4-aba9cf2514cf202604302147001777607223441450718.sst sstable1/6a48bb39-2cfe-4ba3-9358-43a86f54c647202604302147001777607223445430100.sst into:sstable2/8a306972-bff3-46f1-a8de-513fd6e4850d202604302147001777607225255032093.sst
2026-05-01 03:47:05:304 - Compaction completed: 
2814105:COMPACT_START sstable=1 input_files: "sstable1/6fdfa363-aea4-46c6-b5b4-aba9cf2514cf202604302147001777607223647781574.sst" input_files: "sstable1/6a48bb39-2cfe-4ba3-9358-43a86f54c647202604302147001777607223649706103.sst" compactIntoNextLevel: true destinationLevel: 2
2026-05-01 03:47:05:330 - Compaction started: 
139804423460416:Compacting sstable1/6fdfa363-aea4-46c6-b5b4-aba9cf2514cf202604302147001777607223647781574.sst sstable1/6a48bb39-2cfe-4ba3-9358-43a86f54c647202604302147001777607223649706103.sst into:sstable2/8a306972-bff3-46f1-a8de-513fd6e4850d202604302147001777607225357876855.sst
2026-05-01 03:47:05:407 - Compaction completed: 
2814105:COMPACT_START sstable=1 input_files: "sstable1/6a48bb39-2cfe-4ba3-9358-43a86f54c647202604302147001777607223855722760.sst" input_files: "sstable1/6fdfa363-aea4-46c6-b5b4-aba9cf2514cf202604302147001777607223855913057.sst" compactIntoNextLevel: true destinationLevel: 2
2026-05-01 03:47:05:435 - Compaction started: 
139804423460416:Compacting sstable1/6a48bb39-2cfe-4ba3-9358-43a86f54c647202604302147001777607223855722760.sst sstable1/6fdfa363-aea4-46c6-b5b4-aba9cf2514cf202604302147001777607223855913057.sst into:sstable2/8a306972-bff3-46f1-a8de-513fd6e4850d202604302147001777607225459337902.sst
2026-05-01 03:47:05:501 - Compaction completed: 
2814105:COMPACT_START sstable=1 input_files: "sstable2/223811f1-8f4d-4cce-8cc5-706cbc4a8bc6202604302147001777607224158918335.sst" input_files: "sstable2/ad5c3cb6-0e10-438c-b82b-dbe352859c70202604302147001777607224164815022.sst" compactIntoNextLevel: false destinationLevel: 2
2026-05-01 03:47:05:545 - Compaction started: 
139804423460416:Compacting sstable2/223811f1-8f4d-4cce-8cc5-706cbc4a8bc6202604302147001777607224158918335.sst sstable2/ad5c3cb6-0e10-438c-b82b-dbe352859c70202604302147001777607224164815022.sst into:sstable2/0_8a306972-bff3-46f1-a8de-513fd6e4850d202604302147001777607225673085876.sst
2026-05-01 03:47:05:836 - Compaction completed: 
2814105:COMPACT_START sstable=1 input_files: "sstable2/0_de909f0a-514e-4aec-9a14-39761798a4bd202604302147001777607225615528532.sst" input_files: "sstable2/0_8a306972-bff3-46f1-a8de-513fd6e4850d202604302147001777607225673085876.sst" compactIntoNextLevel: false destinationLevel: 2
2026-05-01 03:47:05:884 - Compaction started: 
139804423460416:Compacting sstable2/0_de909f0a-514e-4aec-9a14-39761798a4bd202604302147001777607225615528532.sst sstable2/0_8a306972-bff3-46f1-a8de-513fd6e4850d202604302147001777607225673085876.sst into:sstable2/1_8a306972-bff3-46f1-a8de-513fd6e4850d202604302147001777607226012201695.sst
2026-05-01 03:47:06:305 - Compaction completed: 
2814105:COMPACT_START sstable=1 input_files: "sstable2/ad5c3cb6-0e10-438c-b82b-dbe352859c70202604302147001777607224563734397.sst" input_files: "sstable2/223811f1-8f4d-4cce-8cc5-706cbc4a8bc6202604302147001777607224564561528.sst" compactIntoNextLevel: false destinationLevel: 2
2026-05-01 03:47:06:410 - Compaction started: 
139804423460416:Compacting sstable2/ad5c3cb6-0e10-438c-b82b-dbe352859c70202604302147001777607224563734397.sst sstable2/223811f1-8f4d-4cce-8cc5-706cbc4a8bc6202604302147001777607224564561528.sst into:sstable2/0_8a306972-bff3-46f1-a8de-513fd6e4850d202604302147001777607226493734245.sst
2026-05-01 03:47:06:607 - Compaction completed: 
2814105:COMPACT_START sstable=1 input_files: "sstable2/8a306972-bff3-46f1-a8de-513fd6e4850d202604302147001777607224640561584.sst" input_files: "sstable2/44b553e2-b1b5-4dab-8b53-e33cff240a85202604302147001777607224635802049.sst" compactIntoNextLevel: false destinationLevel: 2
2026-05-01 03:47:06:627 - Compaction started: 
139804423460416:Compacting sstable2/8a306972-bff3-46f1-a8de-513fd6e4850d202604302147001777607224640561584.sst sstable2/44b553e2-b1b5-4dab-8b53-e33cff240a85202604302147001777607224635802049.sst into:sstable2/0_8a306972-bff3-46f1-a8de-513fd6e4850d202604302147001777607226680484486.sst
2026-05-01 03:47:06:848 - Compaction completed: 
2814105:COMPACT_START sstable=1 input_files: "sstable2/0_53e3b283-263f-406c-b594-215c02bbdb42202604302147001777607226689231517.sst" input_files: "sstable2/0_8a306972-bff3-46f1-a8de-513fd6e4850d202604302147001777607226680484486.sst" compactIntoNextLevel: false destinationLevel: 2
2026-05-01 03:47:06:969 - Compaction started: 
139804423460416:Compacting sstable2/0_53e3b283-263f-406c-b594-215c02bbdb42202604302147001777607226689231517.sst sstable2/0_8a306972-bff3-46f1-a8de-513fd6e4850d202604302147001777607226680484486.sst into:sstable2/1_8a306972-bff3-46f1-a8de-513fd6e4850d202604302147001777607227089708713.sst
2026-05-01 03:47:07:304 - Compaction completed: 
2814105:COMPACT_START sstable=1 input_files: "sstable2/2_d668cb06-2199-40a8-834d-7f29e31e0033202604302147001777607226691496344.sst" input_files: "sstable2/2_ad5c3cb6-0e10-438c-b82b-dbe352859c70202604302147001777607226796115042.sst" compactIntoNextLevel: false destinationLevel: 2
2026-05-01 03:47:07:388 - Compaction started: 
139804423460416:Compacting sstable2/2_d668cb06-2199-40a8-834d-7f29e31e0033202604302147001777607226691496344.sst sstable2/2_ad5c3cb6-0e10-438c-b82b-dbe352859c70202604302147001777607226796115042.sst into:sstable2/3_8a306972-bff3-46f1-a8de-513fd6e4850d202604302147001777607228097956384.sst
2026-05-01 03:47:09:641 - Compaction completed: 
2814105:COMPACT_START sstable=1 input_files: "sstable2/1_53e3b283-263f-406c-b594-215c02bbdb42202604302147001777607228666390121.sst" input_files: "sstable2/1_94538d5c-dd3d-4dc9-a6d0-8fe0c64514ea202604302147001777607229007723507.sst" compactIntoNextLevel: false destinationLevel: 2
2026-05-01 03:47:09:676 - Compaction started: 
139804423460416:Compacting sstable2/1_53e3b283-263f-406c-b594-215c02bbdb42202604302147001777607228666390121.sst sstable2/1_94538d5c-dd3d-4dc9-a6d0-8fe0c64514ea202604302147001777607229007723507.sst into:sstable2/2_8a306972-bff3-46f1-a8de-513fd6e4850d202604302147001777607229887808133.sst
2026-05-01 03:47:10:822 - Compaction completed: 
2814105:COMPACT_START sstable=1 input_files: "sstable2/0_dbb71712-9543-41fd-86e4-a836fddef97b202604302147001777607230310404804.sst" input_files: "sstable2/0_53e3b283-263f-406c-b594-215c02bbdb42202604302147001777607230331236214.sst" compactIntoNextLevel: false destinationLevel: 2
2026-05-01 03:47:10:843 - Compaction started: 
139804423460416:Compacting sstable2/0_dbb71712-9543-41fd-86e4-a836fddef97b202604302147001777607230310404804.sst sstable2/0_53e3b283-263f-406c-b594-215c02bbdb42202604302147001777607230331236214.sst into:sstable2/1_8a306972-bff3-46f1-a8de-513fd6e4850d202604302147001777607230951155469.sst
2026-05-01 03:47:11:412 - Compaction completed: 
2814105:COMPACT_START sstable=1 input_files: "sstable2/1_c057b7ed-724e-406e-a9b8-aeb8bed1caeb202604302147001777607230682044897.sst" input_files: "sstable2/1_8a306972-bff3-46f1-a8de-513fd6e4850d202604302147001777607230951155469.sst" compactIntoNextLevel: false destinationLevel: 2
2026-05-01 03:47:11:476 - Compaction started: 
139804423460416:Compacting sstable2/1_c057b7ed-724e-406e-a9b8-aeb8bed1caeb202604302147001777607230682044897.sst sstable2/1_8a306972-bff3-46f1-a8de-513fd6e4850d202604302147001777607230951155469.sst into:sstable2/2_8a306972-bff3-46f1-a8de-513fd6e4850d202604302147001777607231707000336.sst
2026-05-01 03:47:12:647 - Compaction completed: 
2814105:COMPACT_START sstable=1 input_files: "sstable2/2_223811f1-8f4d-4cce-8cc5-706cbc4a8bc6202604302147001777607232637433017.sst" input_files: "sstable2/2_8e50b6f3-5ed0-4446-aa81-3dfa1265d15c202604302147001777607232933371063.sst" compactIntoNextLevel: false destinationLevel: 2
2026-05-01 03:47:13:511 - Compaction started: 
139804423460416:Compacting sstable2/2_223811f1-8f4d-4cce-8cc5-706cbc4a8bc6202604302147001777607232637433017.sst sstable2/2_8e50b6f3-5ed0-4446-aa81-3dfa1265d15c202604302147001777607232933371063.sst into:sstable2/3_8a306972-bff3-46f1-a8de-513fd6e4850d202604302147001777607233944008825.sst
2026-05-01 03:47:14:807 - Compaction completed: 
2026-05-01 03:47:30:106 30 sec: 269949 operations; 8998.3 current ops/sec; est completion in 1 day 6 hours [READ: Count=269974, Max=2709503, Min=5, Avg=109.36, 90=126, 99=376, 99.9=1156, 99.99=27199] 
