# CMD: /usr/lib/jvm/java-8-openjdk-amd64/bin/java -cp /users/Xinying/ozonedb/ycsb/ozonedb/conf:/users/Xinying/ozonedb/ycsb/ozonedb/target/ozonedb-binding-0.18.0-SNAPSHOT.jar:/users/Xinying/.m2/repository/org/apache/htrace/htrace-core4/4.1.0-incubating/htrace-core4-4.1.0-incubating.jar:/users/Xinying/.m2/repository/org/slf4j/slf4j-api/1.7.25/slf4j-api-1.7.25.jar:/users/Xinying/.m2/repository/org/hdrhistogram/HdrHistogram/2.1.12/HdrHistogram-2.1.12.jar:/users/Xinying/.m2/repository/ch/qos/logback/logback-classic/1.2.3/logback-classic-1.2.3.jar:/users/Xinying/.m2/repository/ozonedbjnimaven/demoproc-jni/1.0/demoproc-jni-1.0.jar:/users/Xinying/.m2/repository/ch/qos/logback/logback-core/1.2.3/logback-core-1.2.3.jar:/users/Xinying/.m2/repository/org/codehaus/jackson/jackson-mapper-asl/1.9.4/jackson-mapper-asl-1.9.4.jar:/users/Xinying/.m2/repository/org/slf4j/slf4j-simple/1.7.25/slf4j-simple-1.7.25.jar:/users/Xinying/.m2/repository/org/codehaus/jackson/jackson-core-asl/1.9.4/jackson-core-asl-1.9.4.jar:/users/Xinying/ozonedb/ycsb/core/target/core-0.18.0-SNAPSHOT.jar site.ycsb.Client -db site.ycsb.db.OzoneDBClient -threads 1 -s -P /users/Xinying/ozonedb/ycsb/workloads/generated_workloads/workloadc_1KB_1000000_1000000 -p status.interval=30 -p requestdistribution=uniform -p operationcount=1000000000 -p maxexecutiontime=660 -p shared_config=/tmp/churn_v4_configs/shared_config_varyW_n16_r0pct.json -t
# env OZONEDB_CHURN_ABORT_RATE=0.0
Command line: -db site.ycsb.db.OzoneDBClient -threads 1 -s -P /users/Xinying/ozonedb/ycsb/workloads/generated_workloads/workloadc_1KB_1000000_1000000 -p status.interval=30 -p requestdistribution=uniform -p operationcount=1000000000 -p maxexecutiontime=660 -p shared_config=/tmp/churn_v4_configs/shared_config_varyW_n16_r0pct.json -t
YCSB Client 0.18.0-SNAPSHOT

Loading workload...
Starting test.
SLF4J: Class path contains multiple SLF4J bindings.
SLF4J: Found binding in [jar:file:/users/Xinying/.m2/repository/ch/qos/logback/logback-classic/1.2.3/logback-classic-1.2.3.jar!/org/slf4j/impl/StaticLoggerBinder.class]
SLF4J: Found binding in [jar:file:/users/Xinying/.m2/repository/org/slf4j/slf4j-simple/1.7.25/slf4j-simple-1.7.25.jar!/org/slf4j/impl/StaticLoggerBinder.class]
SLF4J: See http://www.slf4j.org/codes.html#multiple_bindings for an explanation.
SLF4J: Actual binding is of type [ch.qos.logback.classic.util.ContextSelectorStaticBinder]
Maximum execution time specified as: 660 secs
2026-05-01 03:47:00:030 0 sec: 0 operations; est completion in 0 second 
Starting compaction watcher
DBWrapper: report latency for each error is false and specific error codes to track for latency are: []
2814100:COMPACT_START sstable=0 input_files: "datalog/3" input_files: "datalog/4" compactIntoNextLevel: true destinationLevel: 1
2026-05-01 03:47:00:131 - Compaction started: 
139672529331776:Compacting datalog/3 datalog/4 into:sstable1/6a48bb39-2cfe-4ba3-9358-43a86f54c647202604302147001777607220314766181.sst
2026-05-01 03:47:00:388 - Compaction completed: 
2814100:COMPACT_START sstable=0 input_files: "datalog/39" input_files: "datalog/40" compactIntoNextLevel: true destinationLevel: 1
2026-05-01 03:47:00:449 - Compaction started: 
139672529331776:Compacting datalog/39 datalog/40 into:sstable1/6a48bb39-2cfe-4ba3-9358-43a86f54c647202604302147001777607220670268305.sst
2026-05-01 03:47:00:760 - Compaction completed: 
2814100:COMPACT_START sstable=0 input_files: "datalog/83" input_files: "datalog/84" compactIntoNextLevel: true destinationLevel: 1
2026-05-01 03:47:00:866 - Compaction started: 
139672529331776:Compacting datalog/83 datalog/84 into:sstable1/6a48bb39-2cfe-4ba3-9358-43a86f54c647202604302147001777607221162985038.sst
2026-05-01 03:47:01:184 - Compaction completed: 
2814100:COMPACT_START sstable=0 input_files: "datalog/133" input_files: "datalog/134" compactIntoNextLevel: true destinationLevel: 1
2026-05-01 03:47:01:281 - Compaction started: 
139672529331776:Compacting datalog/133 datalog/134 into:sstable1/6a48bb39-2cfe-4ba3-9358-43a86f54c647202604302147001777607221285606953.sst
2026-05-01 03:47:01:309 - Compaction completed: 
2814100:COMPACT_START sstable=0 input_files: "datalog/163" input_files: "datalog/164" compactIntoNextLevel: true destinationLevel: 1
2026-05-01 03:47:01:402 - Compaction started: 
139672529331776:Compacting datalog/163 datalog/164 into:sstable1/6a48bb39-2cfe-4ba3-9358-43a86f54c647202604302147001777607221405901314.sst
2026-05-01 03:47:01:433 - Compaction completed: 
2814100:COMPACT_START sstable=0 input_files: "datalog/181" input_files: "datalog/182" compactIntoNextLevel: true destinationLevel: 1
2026-05-01 03:47:01:520 - Compaction started: 
139672529331776:Compacting datalog/181 datalog/182 into:sstable1/6a48bb39-2cfe-4ba3-9358-43a86f54c647202604302147001777607221522871432.sst
2026-05-01 03:47:01:542 - Compaction completed: 
2814100:COMPACT_START sstable=0 input_files: "datalog/211" input_files: "datalog/212" compactIntoNextLevel: true destinationLevel: 1
2026-05-01 03:47:01:622 - Compaction started: 
139672529331776:Compacting datalog/211 datalog/212 into:sstable1/6a48bb39-2cfe-4ba3-9358-43a86f54c647202604302147001777607221625467959.sst
2026-05-01 03:47:01:649 - Compaction completed: 
2814100:COMPACT_START sstable=0 input_files: "datalog/235" input_files: "datalog/236" compactIntoNextLevel: true destinationLevel: 1
2026-05-01 03:47:01:727 - Compaction started: 
139672529331776:Compacting datalog/235 datalog/236 into:sstable1/6a48bb39-2cfe-4ba3-9358-43a86f54c647202604302147001777607221730378454.sst
2026-05-01 03:47:01:751 - Compaction completed: 
2814100:COMPACT_START sstable=0 input_files: "datalog/265" input_files: "datalog/266" compactIntoNextLevel: true destinationLevel: 1
2026-05-01 03:47:01:831 - Compaction started: 
139672529331776:Compacting datalog/265 datalog/266 into:sstable1/6a48bb39-2cfe-4ba3-9358-43a86f54c647202604302147001777607221834139084.sst
2026-05-01 03:47:01:859 - Compaction completed: 
2814100:COMPACT_START sstable=0 input_files: "datalog/295" input_files: "datalog/296" compactIntoNextLevel: true destinationLevel: 1
2026-05-01 03:47:01:937 - Compaction started: 
139672529331776:Compacting datalog/295 datalog/296 into:sstable1/6a48bb39-2cfe-4ba3-9358-43a86f54c647202604302147001777607221941134528.sst
2026-05-01 03:47:01:968 - Compaction completed: 
2814100:COMPACT_START sstable=0 input_files: "datalog/327" input_files: "datalog/328" compactIntoNextLevel: true destinationLevel: 1
2026-05-01 03:47:02:067 - Compaction started: 
139672529331776:Compacting datalog/327 datalog/328 into:sstable1/6a48bb39-2cfe-4ba3-9358-43a86f54c647202604302147001777607222070022413.sst
2026-05-01 03:47:02:096 - Compaction completed: 
2814100:COMPACT_START sstable=0 input_files: "datalog/353" input_files: "datalog/354" compactIntoNextLevel: true destinationLevel: 1
2026-05-01 03:47:02:172 - Compaction started: 
139672529331776:Compacting datalog/353 datalog/354 into:sstable1/6a48bb39-2cfe-4ba3-9358-43a86f54c647202604302147001777607222176419816.sst
2026-05-01 03:47:02:200 - Compaction completed: 
2814100:COMPACT_START sstable=0 input_files: "datalog/383" input_files: "datalog/384" compactIntoNextLevel: true destinationLevel: 1
2026-05-01 03:47:02:279 - Compaction started: 
139672529331776:Compacting datalog/383 datalog/384 into:sstable1/6a48bb39-2cfe-4ba3-9358-43a86f54c647202604302147001777607222282131314.sst
2026-05-01 03:47:02:301 - Compaction completed: 
2814100:COMPACT_START sstable=0 input_files: "datalog/405" input_files: "datalog/406" compactIntoNextLevel: true destinationLevel: 1
2026-05-01 03:47:02:384 - Compaction started: 
139672529331776:Compacting datalog/405 datalog/406 into:sstable1/6a48bb39-2cfe-4ba3-9358-43a86f54c647202604302147001777607222387678022.sst
2026-05-01 03:47:02:407 - Compaction completed: 
2814100:COMPACT_START sstable=0 input_files: "datalog/429" input_files: "datalog/430" compactIntoNextLevel: true destinationLevel: 1
2026-05-01 03:47:02:490 - Compaction started: 
139672529331776:Compacting datalog/429 datalog/430 into:sstable1/6a48bb39-2cfe-4ba3-9358-43a86f54c647202604302147001777607222493520345.sst
2026-05-01 03:47:02:525 - Compaction completed: 
2814100:COMPACT_START sstable=0 input_files: "datalog/451" input_files: "datalog/452" compactIntoNextLevel: true destinationLevel: 1
2026-05-01 03:47:02:595 - Compaction started: 
139672529331776:Compacting datalog/451 datalog/452 into:sstable1/6a48bb39-2cfe-4ba3-9358-43a86f54c647202604302147001777607222598381738.sst
2026-05-01 03:47:02:620 - Compaction completed: 
2814100:COMPACT_START sstable=0 input_files: "datalog/477" input_files: "datalog/478" compactIntoNextLevel: true destinationLevel: 1
2026-05-01 03:47:02:701 - Compaction started: 
139672529331776:Compacting datalog/477 datalog/478 into:sstable1/6a48bb39-2cfe-4ba3-9358-43a86f54c647202604302147001777607222703938966.sst
2026-05-01 03:47:02:730 - Compaction completed: 
2814100:COMPACT_START sstable=0 input_files: "datalog/507" input_files: "datalog/508" compactIntoNextLevel: true destinationLevel: 1
2026-05-01 03:47:02:815 - Compaction started: 
139672529331776:Compacting datalog/507 datalog/508 into:sstable1/6a48bb39-2cfe-4ba3-9358-43a86f54c647202604302147001777607222819705758.sst
2026-05-01 03:47:02:846 - Compaction completed: 
2814100:COMPACT_START sstable=0 input_files: "datalog/539" input_files: "datalog/540" compactIntoNextLevel: true destinationLevel: 1
2026-05-01 03:47:02:918 - Compaction started: 
139672529331776:Compacting datalog/539 datalog/540 into:sstable1/6a48bb39-2cfe-4ba3-9358-43a86f54c647202604302147001777607222920758129.sst
2026-05-01 03:47:02:938 - Compaction completed: 
2814100:COMPACT_START sstable=0 input_files: "datalog/571" input_files: "datalog/572" compactIntoNextLevel: true destinationLevel: 1
2026-05-01 03:47:03:022 - Compaction started: 
139672529331776:Compacting datalog/571 datalog/572 into:sstable1/6a48bb39-2cfe-4ba3-9358-43a86f54c647202604302147001777607223025163627.sst
2026-05-01 03:47:03:046 - Compaction completed: 
2814100:COMPACT_START sstable=0 input_files: "datalog/603" input_files: "datalog/604" compactIntoNextLevel: true destinationLevel: 1
2026-05-01 03:47:03:128 - Compaction started: 
139672529331776:Compacting datalog/603 datalog/604 into:sstable1/6a48bb39-2cfe-4ba3-9358-43a86f54c647202604302147001777607223131871523.sst
2026-05-01 03:47:03:154 - Compaction completed: 
2814100:COMPACT_START sstable=0 input_files: "datalog/629" input_files: "datalog/630" compactIntoNextLevel: true destinationLevel: 1
2026-05-01 03:47:03:232 - Compaction started: 
139672529331776:Compacting datalog/629 datalog/630 into:sstable1/6a48bb39-2cfe-4ba3-9358-43a86f54c647202604302147001777607223235246629.sst
2026-05-01 03:47:03:262 - Compaction completed: 
2814100:COMPACT_START sstable=0 input_files: "datalog/661" input_files: "datalog/662" compactIntoNextLevel: true destinationLevel: 1
2026-05-01 03:47:03:339 - Compaction started: 
139672529331776:Compacting datalog/661 datalog/662 into:sstable1/6a48bb39-2cfe-4ba3-9358-43a86f54c647202604302147001777607223343303765.sst
2026-05-01 03:47:03:362 - Compaction completed: 
2814100:COMPACT_START sstable=0 input_files: "datalog/695" input_files: "datalog/696" compactIntoNextLevel: true destinationLevel: 1
2026-05-01 03:47:03:442 - Compaction started: 
139672529331776:Compacting datalog/695 datalog/696 into:sstable1/6a48bb39-2cfe-4ba3-9358-43a86f54c647202604302147001777607223445430100.sst
2026-05-01 03:47:03:466 - Compaction completed: 
2814100:COMPACT_START sstable=0 input_files: "datalog/727" input_files: "datalog/728" compactIntoNextLevel: true destinationLevel: 1
2026-05-01 03:47:03:544 - Compaction started: 
139672529331776:Compacting datalog/727 datalog/728 into:sstable1/6a48bb39-2cfe-4ba3-9358-43a86f54c647202604302147001777607223547388990.sst
2026-05-01 03:47:03:566 - Compaction completed: 
2814100:COMPACT_START sstable=0 input_files: "datalog/759" input_files: "datalog/760" compactIntoNextLevel: true destinationLevel: 1
2026-05-01 03:47:03:646 - Compaction started: 
139672529331776:Compacting datalog/759 datalog/760 into:sstable1/6a48bb39-2cfe-4ba3-9358-43a86f54c647202604302147001777607223649706103.sst
2026-05-01 03:47:03:668 - Compaction completed: 
2814100:COMPACT_START sstable=0 input_files: "datalog/791" input_files: "datalog/792" compactIntoNextLevel: true destinationLevel: 1
2026-05-01 03:47:03:749 - Compaction started: 
139672529331776:Compacting datalog/791 datalog/792 into:sstable1/6a48bb39-2cfe-4ba3-9358-43a86f54c647202604302147001777607223752213612.sst
2026-05-01 03:47:03:771 - Compaction completed: 
2814100:COMPACT_START sstable=0 input_files: "datalog/821" input_files: "datalog/822" compactIntoNextLevel: true destinationLevel: 1
2026-05-01 03:47:03:852 - Compaction started: 
139672529331776:Compacting datalog/821 datalog/822 into:sstable1/6a48bb39-2cfe-4ba3-9358-43a86f54c647202604302147001777607223855722760.sst
2026-05-01 03:47:03:877 - Compaction completed: 
2814100:COMPACT_START sstable=0 input_files: "datalog/851" input_files: "datalog/852" compactIntoNextLevel: true destinationLevel: 1
2026-05-01 03:47:03:955 - Compaction started: 
139672529331776:Compacting datalog/851 datalog/852 into:sstable1/6a48bb39-2cfe-4ba3-9358-43a86f54c647202604302147001777607223958744364.sst
2026-05-01 03:47:03:974 - Compaction completed: 
2814100:COMPACT_START sstable=1 input_files: "sstable1/c057b7ed-724e-406e-a9b8-aeb8bed1caeb202604302147001777607220737773603.sst" input_files: "sstable1/fa3c7f1b-2546-46c6-bdaa-14329c940c45202604302147001777607220508342802.sst" compactIntoNextLevel: true destinationLevel: 2
2026-05-01 03:47:04:059 - Compaction started: 
139672529331776:Compacting sstable1/c057b7ed-724e-406e-a9b8-aeb8bed1caeb202604302147001777607220737773603.sst sstable1/fa3c7f1b-2546-46c6-bdaa-14329c940c45202604302147001777607220508342802.sst into:sstable2/6a48bb39-2cfe-4ba3-9358-43a86f54c647202604302147001777607224097187906.sst
2026-05-01 03:47:04:157 - Compaction completed: 
2814100:COMPACT_START sstable=1 input_files: "sstable1/aadfdebd-04b8-43ed-9d3e-71e779914646202604302147001777607220951314448.sst" input_files: "sstable1/c057b7ed-724e-406e-a9b8-aeb8bed1caeb202604302147001777607221094888030.sst" compactIntoNextLevel: true destinationLevel: 2
2026-05-01 03:47:04:162 - Compaction started: 
139672529331776:Compacting sstable1/aadfdebd-04b8-43ed-9d3e-71e779914646202604302147001777607220951314448.sst sstable1/c057b7ed-724e-406e-a9b8-aeb8bed1caeb202604302147001777607221094888030.sst into:sstable2/6a48bb39-2cfe-4ba3-9358-43a86f54c647202604302147001777607224194183420.sst
2026-05-01 03:47:04:253 - Compaction completed: 
2814100:COMPACT_START sstable=1 input_files: "sstable1/6a48bb39-2cfe-4ba3-9358-43a86f54c647202604302147001777607221285606953.sst" input_files: "sstable1/8e50b6f3-5ed0-4446-aa81-3dfa1265d15c202604302147001777607221286943650.sst" compactIntoNextLevel: true destinationLevel: 2
2026-05-01 03:47:04:267 - Compaction started: 
139672529331776:Compacting sstable1/6a48bb39-2cfe-4ba3-9358-43a86f54c647202604302147001777607221285606953.sst sstable1/8e50b6f3-5ed0-4446-aa81-3dfa1265d15c202604302147001777607221286943650.sst into:sstable2/6a48bb39-2cfe-4ba3-9358-43a86f54c647202604302147001777607224309004268.sst
2026-05-01 03:47:04:368 - Compaction completed: 
2814100:COMPACT_START sstable=1 input_files: "sstable1/6fdfa363-aea4-46c6-b5b4-aba9cf2514cf202604302147001777607221545018189.sst" input_files: "sstable1/c057b7ed-724e-406e-a9b8-aeb8bed1caeb202604302147001777607221539071429.sst" compactIntoNextLevel: true destinationLevel: 2
2026-05-01 03:47:04:372 - Compaction started: 
139672529331776:Compacting sstable1/6fdfa363-aea4-46c6-b5b4-aba9cf2514cf202604302147001777607221545018189.sst sstable1/c057b7ed-724e-406e-a9b8-aeb8bed1caeb202604302147001777607221539071429.sst into:sstable2/6a48bb39-2cfe-4ba3-9358-43a86f54c647202604302147001777607224404290597.sst
2026-05-01 03:47:04:468 - Compaction completed: 
2814100:COMPACT_START sstable=1 input_files: "sstable1/aadfdebd-04b8-43ed-9d3e-71e779914646202604302147001777607221805302773.sst" input_files: "sstable1/dbb71712-9543-41fd-86e4-a836fddef97b202604302147001777607221798439564.sst" compactIntoNextLevel: true destinationLevel: 2
2026-05-01 03:47:04:477 - Compaction started: 
139672529331776:Compacting sstable1/aadfdebd-04b8-43ed-9d3e-71e779914646202604302147001777607221805302773.sst sstable1/dbb71712-9543-41fd-86e4-a836fddef97b202604302147001777607221798439564.sst into:sstable2/6a48bb39-2cfe-4ba3-9358-43a86f54c647202604302147001777607224505722129.sst
2026-05-01 03:47:04:560 - Compaction completed: 
2814100:COMPACT_START sstable=1 input_files: "sstable1/dbb71712-9543-41fd-86e4-a836fddef97b202604302147001777607221938418646.sst" input_files: "sstable1/6a48bb39-2cfe-4ba3-9358-43a86f54c647202604302147001777607221941134528.sst" compactIntoNextLevel: true destinationLevel: 2
2026-05-01 03:47:04:581 - Compaction started: 
139672529331776:Compacting sstable1/dbb71712-9543-41fd-86e4-a836fddef97b202604302147001777607221938418646.sst sstable1/6a48bb39-2cfe-4ba3-9358-43a86f54c647202604302147001777607221941134528.sst into:sstable2/6a48bb39-2cfe-4ba3-9358-43a86f54c647202604302147001777607224610630069.sst
2026-05-01 03:47:04:662 - Compaction completed: 
2814100:COMPACT_START sstable=1 input_files: "sstable1/c057b7ed-724e-406e-a9b8-aeb8bed1caeb202604302147001777607222180770304.sst" input_files: "sstable1/fa3c7f1b-2546-46c6-bdaa-14329c940c45202604302147001777607222181025523.sst" compactIntoNextLevel: true destinationLevel: 2
2026-05-01 03:47:04:685 - Compaction started: 
139672529331776:Compacting sstable1/c057b7ed-724e-406e-a9b8-aeb8bed1caeb202604302147001777607222180770304.sst sstable1/fa3c7f1b-2546-46c6-bdaa-14329c940c45202604302147001777607222181025523.sst into:sstable2/6a48bb39-2cfe-4ba3-9358-43a86f54c647202604302147001777607224712287195.sst
2026-05-01 03:47:04:762 - Compaction completed: 
2814100:COMPACT_START sstable=1 input_files: "sstable1/94538d5c-dd3d-4dc9-a6d0-8fe0c64514ea202604302147001777607222455580274.sst" input_files: "sstable1/aadfdebd-04b8-43ed-9d3e-71e779914646202604302147001777607222470006965.sst" compactIntoNextLevel: true destinationLevel: 2
2026-05-01 03:47:04:788 - Compaction started: 
139672529331776:Compacting sstable1/94538d5c-dd3d-4dc9-a6d0-8fe0c64514ea202604302147001777607222455580274.sst sstable1/aadfdebd-04b8-43ed-9d3e-71e779914646202604302147001777607222470006965.sst into:sstable2/6a48bb39-2cfe-4ba3-9358-43a86f54c647202604302147001777607224815489307.sst
2026-05-01 03:47:04:865 - Compaction completed: 
2814100:COMPACT_START sstable=1 input_files: "sstable1/223811f1-8f4d-4cce-8cc5-706cbc4a8bc6202604302147001777607222709120342.sst" input_files: "sstable1/6fdfa363-aea4-46c6-b5b4-aba9cf2514cf202604302147001777607222711759901.sst" compactIntoNextLevel: true destinationLevel: 2
2026-05-01 03:47:04:895 - Compaction started: 
139672529331776:Compacting sstable1/223811f1-8f4d-4cce-8cc5-706cbc4a8bc6202604302147001777607222709120342.sst sstable1/6fdfa363-aea4-46c6-b5b4-aba9cf2514cf202604302147001777607222711759901.sst into:sstable2/6a48bb39-2cfe-4ba3-9358-43a86f54c647202604302147001777607224922891975.sst
2026-05-01 03:47:04:984 - Compaction completed: 
2814100:COMPACT_START sstable=1 input_files: "sstable1/44b553e2-b1b5-4dab-8b53-e33cff240a85202604302147001777607222943968871.sst" input_files: "sstable1/c057b7ed-724e-406e-a9b8-aeb8bed1caeb202604302147001777607222947547671.sst" compactIntoNextLevel: true destinationLevel: 2
2026-05-01 03:47:04:999 - Compaction started: 
139672529331776:Compacting sstable1/44b553e2-b1b5-4dab-8b53-e33cff240a85202604302147001777607222943968871.sst sstable1/c057b7ed-724e-406e-a9b8-aeb8bed1caeb202604302147001777607222947547671.sst into:sstable2/6a48bb39-2cfe-4ba3-9358-43a86f54c647202604302147001777607225025372795.sst
2026-05-01 03:47:05:067 - Compaction completed: 
2814100:COMPACT_START sstable=1 input_files: "sstable1/223811f1-8f4d-4cce-8cc5-706cbc4a8bc6202604302147001777607223157647004.sst" input_files: "sstable1/44b553e2-b1b5-4dab-8b53-e33cff240a85202604302147001777607223157849724.sst" compactIntoNextLevel: true destinationLevel: 2
2026-05-01 03:47:05:103 - Compaction started: 
139672529331776:Compacting sstable1/223811f1-8f4d-4cce-8cc5-706cbc4a8bc6202604302147001777607223157647004.sst sstable1/44b553e2-b1b5-4dab-8b53-e33cff240a85202604302147001777607223157849724.sst into:sstable2/6a48bb39-2cfe-4ba3-9358-43a86f54c647202604302147001777607225126479096.sst
2026-05-01 03:47:05:172 - Compaction completed: 
2814100:COMPACT_START sstable=1 input_files: "sstable1/fa3c7f1b-2546-46c6-bdaa-14329c940c45202604302147001777607223380729721.sst" input_files: "sstable1/223811f1-8f4d-4cce-8cc5-706cbc4a8bc6202604302147001777607223383439683.sst" compactIntoNextLevel: true destinationLevel: 2
2026-05-01 03:47:05:207 - Compaction started: 
139672529331776:Compacting sstable1/fa3c7f1b-2546-46c6-bdaa-14329c940c45202604302147001777607223380729721.sst sstable1/223811f1-8f4d-4cce-8cc5-706cbc4a8bc6202604302147001777607223383439683.sst into:sstable2/6a48bb39-2cfe-4ba3-9358-43a86f54c647202604302147001777607225233398629.sst
2026-05-01 03:47:05:271 - Compaction completed: 
2814100:COMPACT_START sstable=1 input_files: "sstable1/fa3c7f1b-2546-46c6-bdaa-14329c940c45202604302147001777607223586152765.sst" input_files: "sstable1/223811f1-8f4d-4cce-8cc5-706cbc4a8bc6202604302147001777607223589018309.sst" compactIntoNextLevel: true destinationLevel: 2
2026-05-01 03:47:05:311 - Compaction started: 
139672529331776:Compacting sstable1/fa3c7f1b-2546-46c6-bdaa-14329c940c45202604302147001777607223586152765.sst sstable1/223811f1-8f4d-4cce-8cc5-706cbc4a8bc6202604302147001777607223589018309.sst into:sstable2/6a48bb39-2cfe-4ba3-9358-43a86f54c647202604302147001777607225334709434.sst
2026-05-01 03:47:05:372 - Compaction completed: 
2814100:COMPACT_START sstable=1 input_files: "sstable1/fa3c7f1b-2546-46c6-bdaa-14329c940c45202604302147001777607223789707727.sst" input_files: "sstable1/223811f1-8f4d-4cce-8cc5-706cbc4a8bc6202604302147001777607223810747107.sst" compactIntoNextLevel: true destinationLevel: 2
2026-05-01 03:47:05:414 - Compaction started: 
139672529331776:Compacting sstable1/fa3c7f1b-2546-46c6-bdaa-14329c940c45202604302147001777607223789707727.sst sstable1/223811f1-8f4d-4cce-8cc5-706cbc4a8bc6202604302147001777607223810747107.sst into:sstable2/6a48bb39-2cfe-4ba3-9358-43a86f54c647202604302147001777607225434605828.sst
2026-05-01 03:47:05:475 - Compaction completed: 
2814100:COMPACT_START sstable=1 input_files: "sstable2/53e3b283-263f-406c-b594-215c02bbdb42202604302147001777607224062319906.sst" input_files: "sstable2/94538d5c-dd3d-4dc9-a6d0-8fe0c64514ea202604302147001777607224080693227.sst" compactIntoNextLevel: false destinationLevel: 2
2026-05-01 03:47:05:520 - Compaction started: 
139672529331776:Compacting sstable2/53e3b283-263f-406c-b594-215c02bbdb42202604302147001777607224062319906.sst sstable2/94538d5c-dd3d-4dc9-a6d0-8fe0c64514ea202604302147001777607224080693227.sst into:sstable2/0_6a48bb39-2cfe-4ba3-9358-43a86f54c647202604302147001777607225579847928.sst
2026-05-01 03:47:05:700 - Compaction completed: 
2814100:COMPACT_START sstable=1 input_files: "sstable2/6fdfa363-aea4-46c6-b5b4-aba9cf2514cf202604302147001777607224300746564.sst" input_files: "sstable2/d668cb06-2199-40a8-834d-7f29e31e0033202604302147001777607224309780383.sst" compactIntoNextLevel: false destinationLevel: 2
2026-05-01 03:47:05:739 - Compaction started: 
139672529331776:Compacting sstable2/6fdfa363-aea4-46c6-b5b4-aba9cf2514cf202604302147001777607224300746564.sst sstable2/d668cb06-2199-40a8-834d-7f29e31e0033202604302147001777607224309780383.sst into:sstable2/0_6a48bb39-2cfe-4ba3-9358-43a86f54c647202604302147001777607225834141027.sst
2026-05-01 03:47:05:922 - Compaction completed: 
2814100:COMPACT_START sstable=1 input_files: "sstable2/c057b7ed-724e-406e-a9b8-aeb8bed1caeb202604302147001777607224426254692.sst" input_files: "sstable2/8a306972-bff3-46f1-a8de-513fd6e4850d202604302147001777607224428094942.sst" compactIntoNextLevel: false destinationLevel: 2
2026-05-01 03:47:05:960 - Compaction started: 
139672529331776:Compacting sstable2/c057b7ed-724e-406e-a9b8-aeb8bed1caeb202604302147001777607224426254692.sst sstable2/8a306972-bff3-46f1-a8de-513fd6e4850d202604302147001777607224428094942.sst into:sstable2/0_6a48bb39-2cfe-4ba3-9358-43a86f54c647202604302147001777607226024975306.sst
2026-05-01 03:47:06:159 - Compaction completed: 
2814100:COMPACT_START sstable=1 input_files: "sstable2/aadfdebd-04b8-43ed-9d3e-71e779914646202604302147001777607224478808003.sst" input_files: "sstable2/8e50b6f3-5ed0-4446-aa81-3dfa1265d15c202604302147001777607224483648980.sst" compactIntoNextLevel: false destinationLevel: 2
2026-05-01 03:47:06:178 - Compaction started: 
139672529331776:Compacting sstable2/aadfdebd-04b8-43ed-9d3e-71e779914646202604302147001777607224478808003.sst sstable2/8e50b6f3-5ed0-4446-aa81-3dfa1265d15c202604302147001777607224483648980.sst into:sstable2/0_6a48bb39-2cfe-4ba3-9358-43a86f54c647202604302147001777607226235680314.sst
2026-05-01 03:47:06:345 - Compaction completed: 
2814100:COMPACT_START sstable=1 input_files: "sstable2/0_53e3b283-263f-406c-b594-215c02bbdb42202604302147001777607226145737544.sst" input_files: "sstable2/0_94538d5c-dd3d-4dc9-a6d0-8fe0c64514ea202604302147001777607226223748561.sst" compactIntoNextLevel: false destinationLevel: 2
2026-05-01 03:47:06:390 - Compaction started: 
139672529331776:Compacting sstable2/0_53e3b283-263f-406c-b594-215c02bbdb42202604302147001777607226145737544.sst sstable2/0_94538d5c-dd3d-4dc9-a6d0-8fe0c64514ea202604302147001777607226223748561.sst into:sstable2/1_6a48bb39-2cfe-4ba3-9358-43a86f54c647202604302147001777607226552143507.sst
2026-05-01 03:47:06:786 - Compaction completed: 
2814100:COMPACT_START sstable=1 input_files: "sstable2/0_53e3b283-263f-406c-b594-215c02bbdb42202604302147001777607226456683362.sst" input_files: "sstable2/0_8a306972-bff3-46f1-a8de-513fd6e4850d202604302147001777607226493734245.sst" compactIntoNextLevel: false destinationLevel: 2
2026-05-01 03:47:06:806 - Compaction started: 
139672529331776:Compacting sstable2/0_53e3b283-263f-406c-b594-215c02bbdb42202604302147001777607226456683362.sst sstable2/0_8a306972-bff3-46f1-a8de-513fd6e4850d202604302147001777607226493734245.sst into:sstable2/1_6a48bb39-2cfe-4ba3-9358-43a86f54c647202604302147001777607226924381251.sst
2026-05-01 03:47:07:213 - Compaction completed: 
2814100:COMPACT_START sstable=1 input_files: "sstable2/223811f1-8f4d-4cce-8cc5-706cbc4a8bc6202604302147001777607224764375745.sst" input_files: "sstable2/dbb71712-9543-41fd-86e4-a836fddef97b202604302147001777607224781716991.sst" compactIntoNextLevel: false destinationLevel: 2
2026-05-01 03:47:07:239 - Compaction started: 
139672529331776:Compacting sstable2/223811f1-8f4d-4cce-8cc5-706cbc4a8bc6202604302147001777607224764375745.sst sstable2/dbb71712-9543-41fd-86e4-a836fddef97b202604302147001777607224781716991.sst into:sstable2/0_6a48bb39-2cfe-4ba3-9358-43a86f54c647202604302147001777607227322878664.sst
2026-05-01 03:47:07:431 - Compaction completed: 
2814100:COMPACT_START sstable=1 input_files: "sstable2/c057b7ed-724e-406e-a9b8-aeb8bed1caeb202604302147001777607224833539873.sst" input_files: "sstable2/de909f0a-514e-4aec-9a14-39761798a4bd202604302147001777607224830244013.sst" compactIntoNextLevel: false destinationLevel: 2
2026-05-01 03:47:07:465 - Compaction started: 
139672529331776:Compacting sstable2/c057b7ed-724e-406e-a9b8-aeb8bed1caeb202604302147001777607224833539873.sst sstable2/de909f0a-514e-4aec-9a14-39761798a4bd202604302147001777607224830244013.sst into:sstable2/0_6a48bb39-2cfe-4ba3-9358-43a86f54c647202604302147001777607227524403398.sst
2026-05-01 03:47:07:620 - Compaction completed: 
2814100:COMPACT_START sstable=1 input_files: "sstable2/745ddd3c-fa3a-4797-b93d-24318a07214d202604302147001777607224897417809.sst" input_files: "sstable2/8e50b6f3-5ed0-4446-aa81-3dfa1265d15c202604302147001777607224889917856.sst" compactIntoNextLevel: false destinationLevel: 2
2026-05-01 03:47:07:692 - Compaction started: 
139672529331776:Compacting sstable2/745ddd3c-fa3a-4797-b93d-24318a07214d202604302147001777607224897417809.sst sstable2/8e50b6f3-5ed0-4446-aa81-3dfa1265d15c202604302147001777607224889917856.sst into:sstable2/0_6a48bb39-2cfe-4ba3-9358-43a86f54c647202604302147001777607227753353167.sst
2026-05-01 03:47:07:853 - Compaction completed: 
2814100:COMPACT_START sstable=1 input_files: "sstable2/c057b7ed-724e-406e-a9b8-aeb8bed1caeb202604302147001777607224938389013.sst" input_files: "sstable2/8a306972-bff3-46f1-a8de-513fd6e4850d202604302147001777607224944436502.sst" compactIntoNextLevel: false destinationLevel: 2
2026-05-01 03:47:07:928 - Compaction started: 
139672529331776:Compacting sstable2/c057b7ed-724e-406e-a9b8-aeb8bed1caeb202604302147001777607224938389013.sst sstable2/8a306972-bff3-46f1-a8de-513fd6e4850d202604302147001777607224944436502.sst into:sstable2/0_6a48bb39-2cfe-4ba3-9358-43a86f54c647202604302147001777607227991375056.sst
2026-05-01 03:47:08:080 - Compaction completed: 
2814100:COMPACT_START sstable=1 input_files: "sstable2/94538d5c-dd3d-4dc9-a6d0-8fe0c64514ea202604302147001777607224996171570.sst" input_files: "sstable2/53e3b283-263f-406c-b594-215c02bbdb42202604302147001777607225004661108.sst" compactIntoNextLevel: false destinationLevel: 2
2026-05-01 03:47:08:155 - Compaction started: 
139672529331776:Compacting sstable2/94538d5c-dd3d-4dc9-a6d0-8fe0c64514ea202604302147001777607224996171570.sst sstable2/53e3b283-263f-406c-b594-215c02bbdb42202604302147001777607225004661108.sst into:sstable2/0_6a48bb39-2cfe-4ba3-9358-43a86f54c647202604302147001777607228214222242.sst
2026-05-01 03:47:08:300 - Compaction completed: 
2814100:COMPACT_START sstable=1 input_files: "sstable2/0_c057b7ed-724e-406e-a9b8-aeb8bed1caeb202604302147001777607228157466720.sst" input_files: "sstable2/0_6a48bb39-2cfe-4ba3-9358-43a86f54c647202604302147001777607228214222242.sst" compactIntoNextLevel: false destinationLevel: 2
2026-05-01 03:47:08:375 - Compaction started: 
139672529331776:Compacting sstable2/0_c057b7ed-724e-406e-a9b8-aeb8bed1caeb202604302147001777607228157466720.sst sstable2/0_6a48bb39-2cfe-4ba3-9358-43a86f54c647202604302147001777607228214222242.sst into:sstable2/1_6a48bb39-2cfe-4ba3-9358-43a86f54c647202604302147001777607228489229451.sst
2026-05-01 03:47:08:686 - Compaction completed: 
2814100:COMPACT_START sstable=1 input_files: "sstable2/1_223811f1-8f4d-4cce-8cc5-706cbc4a8bc6202604302147001777607228460059135.sst" input_files: "sstable2/1_6a48bb39-2cfe-4ba3-9358-43a86f54c647202604302147001777607228489229451.sst" compactIntoNextLevel: false destinationLevel: 2
2026-05-01 03:47:08:705 - Compaction started: 
139672529331776:Compacting sstable2/1_223811f1-8f4d-4cce-8cc5-706cbc4a8bc6202604302147001777607228460059135.sst sstable2/1_6a48bb39-2cfe-4ba3-9358-43a86f54c647202604302147001777607228489229451.sst into:sstable2/2_6a48bb39-2cfe-4ba3-9358-43a86f54c647202604302147001777607228960075453.sst
2026-05-01 03:47:10:125 - Compaction completed: 
2814100:COMPACT_START sstable=1 input_files: "sstable2/aadfdebd-04b8-43ed-9d3e-71e779914646202604302147001777607225296944813.sst" input_files: "sstable2/8e50b6f3-5ed0-4446-aa81-3dfa1265d15c202604302147001777607225303731268.sst" compactIntoNextLevel: false destinationLevel: 2
2026-05-01 03:47:10:194 - Compaction started: 
139672529331776:Compacting sstable2/aadfdebd-04b8-43ed-9d3e-71e779914646202604302147001777607225296944813.sst sstable2/8e50b6f3-5ed0-4446-aa81-3dfa1265d15c202604302147001777607225303731268.sst into:sstable2/0_6a48bb39-2cfe-4ba3-9358-43a86f54c647202604302147001777607230245709014.sst
2026-05-01 03:47:10:482 - Compaction completed: 
2814100:COMPACT_START sstable=1 input_files: "sstable2/0_ad5c3cb6-0e10-438c-b82b-dbe352859c70202604302147001777607230048264610.sst" input_files: "sstable2/0_6fdfa363-aea4-46c6-b5b4-aba9cf2514cf202604302147001777607230168786488.sst" compactIntoNextLevel: false destinationLevel: 2
2026-05-01 03:47:10:524 - Compaction started: 
139672529331776:Compacting sstable2/0_ad5c3cb6-0e10-438c-b82b-dbe352859c70202604302147001777607230048264610.sst sstable2/0_6fdfa363-aea4-46c6-b5b4-aba9cf2514cf202604302147001777607230168786488.sst into:sstable2/1_6a48bb39-2cfe-4ba3-9358-43a86f54c647202604302147001777607230618276436.sst
2026-05-01 03:47:11:183 - Compaction completed: 
2814100:COMPACT_START sstable=1 input_files: "sstable2/dbb71712-9543-41fd-86e4-a836fddef97b202604302147001777607225427378917.sst" input_files: "sstable2/53e3b283-263f-406c-b594-215c02bbdb42202604302147001777607225422848472.sst" compactIntoNextLevel: false destinationLevel: 2
2026-05-01 03:47:11:282 - Compaction started: 
139672529331776:Compacting sstable2/dbb71712-9543-41fd-86e4-a836fddef97b202604302147001777607225427378917.sst sstable2/53e3b283-263f-406c-b594-215c02bbdb42202604302147001777607225422848472.sst into:sstable2/0_6a48bb39-2cfe-4ba3-9358-43a86f54c647202604302147001777607231348074052.sst
2026-05-01 03:47:11:596 - Compaction completed: 
2814100:COMPACT_START sstable=1 input_files: "sstable2/c057b7ed-724e-406e-a9b8-aeb8bed1caeb202604302147001777607225451194703.sst" input_files: "sstable2/8a306972-bff3-46f1-a8de-513fd6e4850d202604302147001777607225459337902.sst" compactIntoNextLevel: false destinationLevel: 2
2026-05-01 03:47:11:619 - Compaction started: 
139672529331776:Compacting sstable2/c057b7ed-724e-406e-a9b8-aeb8bed1caeb202604302147001777607225451194703.sst sstable2/8a306972-bff3-46f1-a8de-513fd6e4850d202604302147001777607225459337902.sst into:sstable2/0_6a48bb39-2cfe-4ba3-9358-43a86f54c647202604302147001777607231680164737.sst
2026-05-01 03:47:11:932 - Compaction completed: 
2814100:COMPACT_START sstable=1 input_files: "sstable2/0_de909f0a-514e-4aec-9a14-39761798a4bd202604302147001777607231524068805.sst" input_files: "sstable2/0_745ddd3c-fa3a-4797-b93d-24318a07214d202604302147001777607231586900399.sst" compactIntoNextLevel: false destinationLevel: 2
2026-05-01 03:47:11:952 - Compaction started: 
139672529331776:Compacting sstable2/0_de909f0a-514e-4aec-9a14-39761798a4bd202604302147001777607231524068805.sst sstable2/0_745ddd3c-fa3a-4797-b93d-24318a07214d202604302147001777607231586900399.sst into:sstable2/1_6a48bb39-2cfe-4ba3-9358-43a86f54c647202604302147001777607232069673775.sst
2026-05-01 03:47:12:520 - Compaction completed: 
2814100:COMPACT_START sstable=1 input_files: "sstable2/5_dbb71712-9543-41fd-86e4-a836fddef97b202604302147001777607237402387742.sst" input_files: "sstable2/5_de909f0a-514e-4aec-9a14-39761798a4bd202604302147001777607237660988568.sst" compactIntoNextLevel: false destinationLevel: 2
2026-05-01 03:47:20:696 - Compaction started: 
2026-05-01 03:47:30:030 30 sec: 198868 operations; 6628.93 current ops/sec; est completion in 1 day 17 hours [READ: Count=198902, Max=2834431, Min=6, Avg=148.35, 90=160, 99=422, 99.9=3563, 99.99=30367] 
139672529331776:Compacting sstable2/5_dbb71712-9543-41fd-86e4-a836fddef97b202604302147001777607237402387742.sst sstable2/5_de909f0a-514e-4aec-9a14-39761798a4bd202604302147001777607237660988568.sst into:sstable2/6_6a48bb39-2cfe-4ba3-9358-43a86f54c647202604302147001777607245557451462.sst
2026-05-01 03:47:30:632 - Compaction completed: 
