# CMD: /usr/lib/jvm/java-8-openjdk-amd64/bin/java -cp /users/Xinying/ozonedb/ycsb/ozonedb/conf:/users/Xinying/ozonedb/ycsb/ozonedb/target/ozonedb-binding-0.18.0-SNAPSHOT.jar:/users/Xinying/.m2/repository/org/apache/htrace/htrace-core4/4.1.0-incubating/htrace-core4-4.1.0-incubating.jar:/users/Xinying/.m2/repository/org/slf4j/slf4j-api/1.7.25/slf4j-api-1.7.25.jar:/users/Xinying/.m2/repository/org/hdrhistogram/HdrHistogram/2.1.12/HdrHistogram-2.1.12.jar:/users/Xinying/.m2/repository/ch/qos/logback/logback-classic/1.2.3/logback-classic-1.2.3.jar:/users/Xinying/.m2/repository/ozonedbjnimaven/demoproc-jni/1.0/demoproc-jni-1.0.jar:/users/Xinying/.m2/repository/ch/qos/logback/logback-core/1.2.3/logback-core-1.2.3.jar:/users/Xinying/.m2/repository/org/codehaus/jackson/jackson-mapper-asl/1.9.4/jackson-mapper-asl-1.9.4.jar:/users/Xinying/.m2/repository/org/slf4j/slf4j-simple/1.7.25/slf4j-simple-1.7.25.jar:/users/Xinying/.m2/repository/org/codehaus/jackson/jackson-core-asl/1.9.4/jackson-core-asl-1.9.4.jar:/users/Xinying/ozonedb/ycsb/core/target/core-0.18.0-SNAPSHOT.jar site.ycsb.Client -db site.ycsb.db.OzoneDBClient -threads 1 -s -P /users/Xinying/ozonedb/ycsb/workloads/generated_workloads/workloadc_1KB_1000000_1000000 -p status.interval=30 -p requestdistribution=uniform -p operationcount=1000000000 -p maxexecutiontime=660 -p shared_config=/tmp/churn_v4_configs/shared_config_varyW_n16_r0pct.json -t
# env OZONEDB_CHURN_ABORT_RATE=0.0
Command line: -db site.ycsb.db.OzoneDBClient -threads 1 -s -P /users/Xinying/ozonedb/ycsb/workloads/generated_workloads/workloadc_1KB_1000000_1000000 -p status.interval=30 -p requestdistribution=uniform -p operationcount=1000000000 -p maxexecutiontime=660 -p shared_config=/tmp/churn_v4_configs/shared_config_varyW_n16_r0pct.json -t
YCSB Client 0.18.0-SNAPSHOT

Loading workload...
Starting test.
SLF4J: Class path contains multiple SLF4J bindings.
SLF4J: Found binding in [jar:file:/users/Xinying/.m2/repository/ch/qos/logback/logback-classic/1.2.3/logback-classic-1.2.3.jar!/org/slf4j/impl/StaticLoggerBinder.class]
SLF4J: Found binding in [jar:file:/users/Xinying/.m2/repository/org/slf4j/slf4j-simple/1.7.25/slf4j-simple-1.7.25.jar!/org/slf4j/impl/StaticLoggerBinder.class]
SLF4J: See http://www.slf4j.org/codes.html#multiple_bindings for an explanation.
SLF4J: Actual binding is of type [ch.qos.logback.classic.util.ContextSelectorStaticBinder]
Maximum execution time specified as: 660 secs
2026-05-01 03:47:00:062 0 sec: 0 operations; est completion in 0 second 
Starting compaction watcher
DBWrapper: report latency for each error is false and specific error codes to track for latency are: []
2814116:COMPACT_START sstable=0 input_files: "datalog/13" input_files: "datalog/14" compactIntoNextLevel: true destinationLevel: 1
2026-05-01 03:47:00:162 - Compaction started: 
139748605572672:Compacting datalog/13 datalog/14 into:sstable1/de909f0a-514e-4aec-9a14-39761798a4bd202604302147001777607220363297540.sst
2026-05-01 03:47:00:431 - Compaction completed: 
2814116:COMPACT_START sstable=0 input_files: "datalog/43" input_files: "datalog/44" compactIntoNextLevel: true destinationLevel: 1
2026-05-01 03:47:00:467 - Compaction started: 
139748605572672:Compacting datalog/43 datalog/44 into:sstable1/de909f0a-514e-4aec-9a14-39761798a4bd202604302147001777607220538404260.sst
2026-05-01 03:47:00:605 - Compaction completed: 
2814116:COMPACT_START sstable=0 input_files: "datalog/63" input_files: "datalog/64" compactIntoNextLevel: true destinationLevel: 1
2026-05-01 03:47:00:674 - Compaction started: 
139748605572672:Compacting datalog/63 datalog/64 into:sstable1/de909f0a-514e-4aec-9a14-39761798a4bd202604302147001777607220681666738.sst
2026-05-01 03:47:00:745 - Compaction completed: 
2814116:COMPACT_START sstable=0 input_files: "datalog/73" input_files: "datalog/74" compactIntoNextLevel: true destinationLevel: 1
2026-05-01 03:47:00:792 - Compaction started: 
139748605572672:Compacting datalog/73 datalog/74 into:sstable1/de909f0a-514e-4aec-9a14-39761798a4bd202604302147001777607220850657549.sst
2026-05-01 03:47:00:924 - Compaction completed: 
2814116:COMPACT_START sstable=0 input_files: "datalog/97" input_files: "datalog/98" compactIntoNextLevel: true destinationLevel: 1
2026-05-01 03:47:00:997 - Compaction started: 
139748605572672:Compacting datalog/97 datalog/98 into:sstable1/de909f0a-514e-4aec-9a14-39761798a4bd202604302147001777607221049213046.sst
2026-05-01 03:47:01:075 - Compaction completed: 
2814116:COMPACT_START sstable=0 input_files: "datalog/107" input_files: "datalog/108" compactIntoNextLevel: true destinationLevel: 1
2026-05-01 03:47:01:100 - Compaction started: 
139748605572672:Compacting datalog/107 datalog/108 into:sstable1/de909f0a-514e-4aec-9a14-39761798a4bd202604302147001777607221104504732.sst
2026-05-01 03:47:01:129 - Compaction completed: 
2814116:COMPACT_START sstable=0 input_files: "datalog/125" input_files: "datalog/126" compactIntoNextLevel: true destinationLevel: 1
2026-05-01 03:47:01:208 - Compaction started: 
139748605572672:Compacting datalog/125 datalog/126 into:sstable1/de909f0a-514e-4aec-9a14-39761798a4bd202604302147001777607221211684482.sst
2026-05-01 03:47:01:233 - Compaction completed: 
2814116:COMPACT_START sstable=0 input_files: "datalog/145" input_files: "datalog/146" compactIntoNextLevel: true destinationLevel: 1
2026-05-01 03:47:01:313 - Compaction started: 
139748605572672:Compacting datalog/145 datalog/146 into:sstable1/de909f0a-514e-4aec-9a14-39761798a4bd202604302147001777607221316662114.sst
2026-05-01 03:47:01:338 - Compaction completed: 
2814116:COMPACT_START sstable=0 input_files: "datalog/171" input_files: "datalog/172" compactIntoNextLevel: true destinationLevel: 1
2026-05-01 03:47:01:447 - Compaction started: 
139748605572672:Compacting datalog/171 datalog/172 into:sstable1/de909f0a-514e-4aec-9a14-39761798a4bd202604302147001777607221450193696.sst
2026-05-01 03:47:01:471 - Compaction completed: 
2814116:COMPACT_START sstable=0 input_files: "datalog/195" input_files: "datalog/196" compactIntoNextLevel: true destinationLevel: 1
2026-05-01 03:47:01:557 - Compaction started: 
139748605572672:Compacting datalog/195 datalog/196 into:sstable1/de909f0a-514e-4aec-9a14-39761798a4bd202604302147001777607221564190479.sst
2026-05-01 03:47:01:593 - Compaction completed: 
2814116:COMPACT_START sstable=0 input_files: "datalog/225" input_files: "datalog/226" compactIntoNextLevel: true destinationLevel: 1
2026-05-01 03:47:01:691 - Compaction started: 
139748605572672:Compacting datalog/225 datalog/226 into:sstable1/de909f0a-514e-4aec-9a14-39761798a4bd202604302147001777607221694577254.sst
2026-05-01 03:47:01:720 - Compaction completed: 
2814116:COMPACT_START sstable=0 input_files: "datalog/253" input_files: "datalog/254" compactIntoNextLevel: true destinationLevel: 1
2026-05-01 03:47:01:795 - Compaction started: 
139748605572672:Compacting datalog/253 datalog/254 into:sstable1/de909f0a-514e-4aec-9a14-39761798a4bd202604302147001777607221798916779.sst
2026-05-01 03:47:01:840 - Compaction completed: 
2814116:COMPACT_START sstable=0 input_files: "datalog/279" input_files: "datalog/280" compactIntoNextLevel: true destinationLevel: 1
2026-05-01 03:47:01:898 - Compaction started: 
139748605572672:Compacting datalog/279 datalog/280 into:sstable1/de909f0a-514e-4aec-9a14-39761798a4bd202604302147001777607221902019264.sst
2026-05-01 03:47:01:920 - Compaction completed: 
2814116:COMPACT_START sstable=0 input_files: "datalog/321" input_files: "datalog/322" compactIntoNextLevel: true destinationLevel: 1
2026-05-01 03:47:02:049 - Compaction started: 
139748605572672:Compacting datalog/321 datalog/322 into:sstable1/de909f0a-514e-4aec-9a14-39761798a4bd202604302147001777607222051574271.sst
2026-05-01 03:47:02:068 - Compaction completed: 
2814116:COMPACT_START sstable=0 input_files: "datalog/347" input_files: "datalog/348" compactIntoNextLevel: true destinationLevel: 1
2026-05-01 03:47:02:163 - Compaction started: 
139748605572672:Compacting datalog/347 datalog/348 into:sstable1/de909f0a-514e-4aec-9a14-39761798a4bd202604302147001777607222166634609.sst
2026-05-01 03:47:02:184 - Compaction completed: 
2814116:COMPACT_START sstable=0 input_files: "datalog/377" input_files: "datalog/378" compactIntoNextLevel: true destinationLevel: 1
2026-05-01 03:47:02:267 - Compaction started: 
139748605572672:Compacting datalog/377 datalog/378 into:sstable1/de909f0a-514e-4aec-9a14-39761798a4bd202604302147001777607222482582636.sst
2026-05-01 03:47:02:500 - Compaction completed: 
2814116:COMPACT_START sstable=0 input_files: "datalog/445" input_files: "datalog/446" compactIntoNextLevel: true destinationLevel: 1
2026-05-01 03:47:02:574 - Compaction started: 
139748605572672:Compacting datalog/445 datalog/446 into:sstable1/de909f0a-514e-4aec-9a14-39761798a4bd202604302147001777607222577045972.sst
2026-05-01 03:47:02:595 - Compaction completed: 
2814116:COMPACT_START sstable=0 input_files: "datalog/467" input_files: "datalog/468" compactIntoNextLevel: true destinationLevel: 1
2026-05-01 03:47:02:678 - Compaction started: 
139748605572672:Compacting datalog/467 datalog/468 into:sstable1/de909f0a-514e-4aec-9a14-39761798a4bd202604302147001777607222681120630.sst
2026-05-01 03:47:02:698 - Compaction completed: 
2814116:COMPACT_START sstable=0 input_files: "datalog/501" input_files: "datalog/502" compactIntoNextLevel: true destinationLevel: 1
2026-05-01 03:47:02:796 - Compaction started: 
139748605572672:Compacting datalog/501 datalog/502 into:sstable1/de909f0a-514e-4aec-9a14-39761798a4bd202604302147001777607222798879186.sst
2026-05-01 03:47:02:822 - Compaction completed: 
2814116:COMPACT_START sstable=0 input_files: "datalog/535" input_files: "datalog/536" compactIntoNextLevel: true destinationLevel: 1
2026-05-01 03:47:02:907 - Compaction started: 
139748605572672:Compacting datalog/535 datalog/536 into:sstable1/de909f0a-514e-4aec-9a14-39761798a4bd202604302147001777607222909542428.sst
2026-05-01 03:47:02:929 - Compaction completed: 
2814116:COMPACT_START sstable=0 input_files: "datalog/565" input_files: "datalog/566" compactIntoNextLevel: true destinationLevel: 1
2026-05-01 03:47:03:017 - Compaction started: 
139748605572672:Compacting datalog/565 datalog/566 into:sstable1/de909f0a-514e-4aec-9a14-39761798a4bd202604302147001777607223020731677.sst
2026-05-01 03:47:03:043 - Compaction completed: 
2814116:COMPACT_START sstable=0 input_files: "datalog/601" input_files: "datalog/602" compactIntoNextLevel: true destinationLevel: 1
2026-05-01 03:47:03:128 - Compaction started: 
139748605572672:Compacting datalog/601 datalog/602 into:sstable1/de909f0a-514e-4aec-9a14-39761798a4bd202604302147001777607223131386734.sst
2026-05-01 03:47:03:150 - Compaction completed: 
2814116:COMPACT_START sstable=0 input_files: "datalog/633" input_files: "datalog/634" compactIntoNextLevel: true destinationLevel: 1
2026-05-01 03:47:03:233 - Compaction started: 
139748605572672:Compacting datalog/633 datalog/634 into:sstable1/de909f0a-514e-4aec-9a14-39761798a4bd202604302147001777607223236577094.sst
2026-05-01 03:47:03:255 - Compaction completed: 
2814116:COMPACT_START sstable=0 input_files: "datalog/665" input_files: "datalog/666" compactIntoNextLevel: true destinationLevel: 1
2026-05-01 03:47:03:342 - Compaction started: 
139748605572672:Compacting datalog/665 datalog/666 into:sstable1/de909f0a-514e-4aec-9a14-39761798a4bd202604302147001777607223345729142.sst
2026-05-01 03:47:03:361 - Compaction completed: 
2814116:COMPACT_START sstable=0 input_files: "datalog/697" input_files: "datalog/698" compactIntoNextLevel: true destinationLevel: 1
2026-05-01 03:47:03:445 - Compaction started: 
139748605572672:Compacting datalog/697 datalog/698 into:sstable1/de909f0a-514e-4aec-9a14-39761798a4bd202604302147001777607223448187620.sst
2026-05-01 03:47:03:464 - Compaction completed: 
2814116:COMPACT_START sstable=0 input_files: "datalog/729" input_files: "datalog/730" compactIntoNextLevel: true destinationLevel: 1
2026-05-01 03:47:03:558 - Compaction started: 
139748605572672:Compacting datalog/729 datalog/730 into:sstable1/de909f0a-514e-4aec-9a14-39761798a4bd202604302147001777607223560965637.sst
2026-05-01 03:47:03:579 - Compaction completed: 
2814116:COMPACT_START sstable=0 input_files: "datalog/761" input_files: "datalog/762" compactIntoNextLevel: true destinationLevel: 1
2026-05-01 03:47:03:661 - Compaction started: 
139748605572672:Compacting datalog/761 datalog/762 into:sstable1/de909f0a-514e-4aec-9a14-39761798a4bd202604302147001777607223664101626.sst
2026-05-01 03:47:03:680 - Compaction completed: 
2814116:COMPACT_START sstable=0 input_files: "datalog/793" input_files: "datalog/794" compactIntoNextLevel: true destinationLevel: 1
2026-05-01 03:47:03:765 - Compaction started: 
139748605572672:Compacting datalog/793 datalog/794 into:sstable1/de909f0a-514e-4aec-9a14-39761798a4bd202604302147001777607223767926575.sst
2026-05-01 03:47:03:783 - Compaction completed: 
2814116:COMPACT_START sstable=0 input_files: "datalog/825" input_files: "datalog/826" compactIntoNextLevel: true destinationLevel: 1
2026-05-01 03:47:03:869 - Compaction started: 
139748605572672:Compacting datalog/825 datalog/826 into:sstable1/de909f0a-514e-4aec-9a14-39761798a4bd202604302147001777607223871773446.sst
2026-05-01 03:47:03:887 - Compaction completed: 
2814116:COMPACT_START sstable=0 input_files: "datalog/857" input_files: "datalog/858" compactIntoNextLevel: true destinationLevel: 1
2026-05-01 03:47:03:973 - Compaction started: 
139748605572672:Compacting datalog/857 datalog/858 into:sstable1/de909f0a-514e-4aec-9a14-39761798a4bd202604302147001777607223977006497.sst
2026-05-01 03:47:03:996 - Compaction completed: 
2814116:COMPACT_START sstable=1 input_files: "sstable1/dbb71712-9543-41fd-86e4-a836fddef97b202604302147001777607220631308773.sst" input_files: "sstable1/6a48bb39-2cfe-4ba3-9358-43a86f54c647202604302147001777607220670268305.sst" compactIntoNextLevel: true destinationLevel: 2
2026-05-01 03:47:04:077 - Compaction started: 
139748605572672:Compacting sstable1/dbb71712-9543-41fd-86e4-a836fddef97b202604302147001777607220631308773.sst sstable1/6a48bb39-2cfe-4ba3-9358-43a86f54c647202604302147001777607220670268305.sst into:sstable2/de909f0a-514e-4aec-9a14-39761798a4bd202604302147001777607224119962330.sst
2026-05-01 03:47:04:178 - Compaction completed: 
2814116:COMPACT_START sstable=1 input_files: "sstable1/fa3c7f1b-2546-46c6-bdaa-14329c940c45202604302147001777607221037876539.sst" input_files: "sstable1/44b553e2-b1b5-4dab-8b53-e33cff240a85202604302147001777607220997187975.sst" compactIntoNextLevel: true destinationLevel: 2
2026-05-01 03:47:04:181 - Compaction started: 
139748605572672:Compacting sstable1/fa3c7f1b-2546-46c6-bdaa-14329c940c45202604302147001777607221037876539.sst sstable1/44b553e2-b1b5-4dab-8b53-e33cff240a85202604302147001777607220997187975.sst into:sstable2/de909f0a-514e-4aec-9a14-39761798a4bd202604302147001777607224213684055.sst
2026-05-01 03:47:04:269 - Compaction completed: 
2814116:COMPACT_START sstable=1 input_files: "sstable1/de909f0a-514e-4aec-9a14-39761798a4bd202604302147001777607221316662114.sst" input_files: "sstable1/aadfdebd-04b8-43ed-9d3e-71e779914646202604302147001777607221328242117.sst" compactIntoNextLevel: true destinationLevel: 2
2026-05-01 03:47:04:285 - Compaction started: 
139748605572672:Compacting sstable1/de909f0a-514e-4aec-9a14-39761798a4bd202604302147001777607221316662114.sst sstable1/aadfdebd-04b8-43ed-9d3e-71e779914646202604302147001777607221328242117.sst into:sstable2/de909f0a-514e-4aec-9a14-39761798a4bd202604302147001777607224314842235.sst
2026-05-01 03:47:04:368 - Compaction completed: 
2814116:COMPACT_START sstable=1 input_files: "sstable1/dbb71712-9543-41fd-86e4-a836fddef97b202604302147001777607221572585190.sst" input_files: "sstable1/aadfdebd-04b8-43ed-9d3e-71e779914646202604302147001777607221571236300.sst" compactIntoNextLevel: true destinationLevel: 2
2026-05-01 03:47:04:388 - Compaction started: 
139748605572672:Compacting sstable1/dbb71712-9543-41fd-86e4-a836fddef97b202604302147001777607221572585190.sst sstable1/aadfdebd-04b8-43ed-9d3e-71e779914646202604302147001777607221571236300.sst into:sstable2/de909f0a-514e-4aec-9a14-39761798a4bd202604302147001777607224430800605.sst
2026-05-01 03:47:04:506 - Compaction completed: 
2814116:COMPACT_START sstable=1 input_files: "sstable1/8a306972-bff3-46f1-a8de-513fd6e4850d202604302147001777607222008576918.sst" input_files: "sstable1/fa3c7f1b-2546-46c6-bdaa-14329c940c45202604302147001777607222009203122.sst" compactIntoNextLevel: true destinationLevel: 2
2026-05-01 03:47:04:594 - Compaction started: 
139748605572672:Compacting sstable1/8a306972-bff3-46f1-a8de-513fd6e4850d202604302147001777607222008576918.sst sstable1/fa3c7f1b-2546-46c6-bdaa-14329c940c45202604302147001777607222009203122.sst into:sstable2/de909f0a-514e-4aec-9a14-39761798a4bd202604302147001777607224626209111.sst
2026-05-01 03:47:04:683 - Compaction completed: 
2814116:COMPACT_START sstable=1 input_files: "sstable1/53e3b283-263f-406c-b594-215c02bbdb42202604302147001777607222685754188.sst" input_files: "sstable1/745ddd3c-fa3a-4797-b93d-24318a07214d202604302147001777607222238856921.sst" compactIntoNextLevel: true destinationLevel: 2
2026-05-01 03:47:04:702 - Compaction started: 
139748605572672:Compacting sstable1/53e3b283-263f-406c-b594-215c02bbdb42202604302147001777607222685754188.sst sstable1/745ddd3c-fa3a-4797-b93d-24318a07214d202604302147001777607222238856921.sst into:sstable2/de909f0a-514e-4aec-9a14-39761798a4bd202604302147001777607224733670199.sst
2026-05-01 03:47:04:789 - Compaction completed: 
2814116:COMPACT_START sstable=1 input_files: "sstable1/d668cb06-2199-40a8-834d-7f29e31e0033202604302147001777607222537911902.sst" input_files: "sstable1/745ddd3c-fa3a-4797-b93d-24318a07214d202604302147001777607222562623879.sst" compactIntoNextLevel: true destinationLevel: 2
2026-05-01 03:47:04:806 - Compaction started: 
139748605572672:Compacting sstable1/d668cb06-2199-40a8-834d-7f29e31e0033202604302147001777607222537911902.sst sstable1/745ddd3c-fa3a-4797-b93d-24318a07214d202604302147001777607222562623879.sst into:sstable2/de909f0a-514e-4aec-9a14-39761798a4bd202604302147001777607224830244013.sst
2026-05-01 03:47:04:904 - Compaction completed: 
2814116:COMPACT_START sstable=1 input_files: "sstable1/94538d5c-dd3d-4dc9-a6d0-8fe0c64514ea202604302147001777607222770582327.sst" input_files: "sstable1/745ddd3c-fa3a-4797-b93d-24318a07214d202604302147001777607222788213437.sst" compactIntoNextLevel: true destinationLevel: 2
2026-05-01 03:47:04:910 - Compaction started: 
139748605572672:Compacting sstable1/94538d5c-dd3d-4dc9-a6d0-8fe0c64514ea202604302147001777607222770582327.sst sstable1/745ddd3c-fa3a-4797-b93d-24318a07214d202604302147001777607222788213437.sst into:sstable2/de909f0a-514e-4aec-9a14-39761798a4bd202604302147001777607224944155415.sst
2026-05-01 03:47:04:992 - Compaction completed: 
2814116:COMPACT_START sstable=1 input_files: "sstable1/aadfdebd-04b8-43ed-9d3e-71e779914646202604302147001777607223004371420.sst" input_files: "sstable1/d668cb06-2199-40a8-834d-7f29e31e0033202604302147001777607223012851441.sst" compactIntoNextLevel: true destinationLevel: 2
2026-05-01 03:47:05:016 - Compaction started: 
139748605572672:Compacting sstable1/aadfdebd-04b8-43ed-9d3e-71e779914646202604302147001777607223004371420.sst sstable1/d668cb06-2199-40a8-834d-7f29e31e0033202604302147001777607223012851441.sst into:sstable2/de909f0a-514e-4aec-9a14-39761798a4bd202604302147001777607225050883168.sst
2026-05-01 03:47:05:096 - Compaction completed: 
2814116:COMPACT_START sstable=1 input_files: "sstable1/aadfdebd-04b8-43ed-9d3e-71e779914646202604302147001777607223214798457.sst" input_files: "sstable1/d668cb06-2199-40a8-834d-7f29e31e0033202604302147001777607223225690591.sst" compactIntoNextLevel: true destinationLevel: 2
2026-05-01 03:47:05:119 - Compaction started: 
139748605572672:Compacting sstable1/aadfdebd-04b8-43ed-9d3e-71e779914646202604302147001777607223214798457.sst sstable1/d668cb06-2199-40a8-834d-7f29e31e0033202604302147001777607223225690591.sst into:sstable2/de909f0a-514e-4aec-9a14-39761798a4bd202604302147001777607225144988152.sst
2026-05-01 03:47:05:189 - Compaction completed: 
2814116:COMPACT_START sstable=1 input_files: "sstable1/aadfdebd-04b8-43ed-9d3e-71e779914646202604302147001777607223420925581.sst" input_files: "sstable1/d668cb06-2199-40a8-834d-7f29e31e0033202604302147001777607223432855932.sst" compactIntoNextLevel: true destinationLevel: 2
2026-05-01 03:47:05:223 - Compaction started: 
139748605572672:Compacting sstable1/aadfdebd-04b8-43ed-9d3e-71e779914646202604302147001777607223420925581.sst sstable1/d668cb06-2199-40a8-834d-7f29e31e0033202604302147001777607223432855932.sst into:sstable2/de909f0a-514e-4aec-9a14-39761798a4bd202604302147001777607225253389653.sst
2026-05-01 03:47:05:295 - Compaction completed: 
2814116:COMPACT_START sstable=1 input_files: "sstable1/94538d5c-dd3d-4dc9-a6d0-8fe0c64514ea202604302147001777607223631895777.sst" input_files: "sstable1/d668cb06-2199-40a8-834d-7f29e31e0033202604302147001777607223640401436.sst" compactIntoNextLevel: true destinationLevel: 2
2026-05-01 03:47:05:326 - Compaction started: 
139748605572672:Compacting sstable1/94538d5c-dd3d-4dc9-a6d0-8fe0c64514ea202604302147001777607223631895777.sst sstable1/d668cb06-2199-40a8-834d-7f29e31e0033202604302147001777607223640401436.sst into:sstable2/de909f0a-514e-4aec-9a14-39761798a4bd202604302147001777607225349354275.sst
2026-05-01 03:47:05:382 - Compaction completed: 
2814116:COMPACT_START sstable=1 input_files: "sstable1/aadfdebd-04b8-43ed-9d3e-71e779914646202604302147001777607223830991196.sst" input_files: "sstable1/53e3b283-263f-406c-b594-215c02bbdb42202604302147001777607223834112058.sst" compactIntoNextLevel: true destinationLevel: 2
2026-05-01 03:47:05:430 - Compaction started: 
139748605572672:Compacting sstable1/aadfdebd-04b8-43ed-9d3e-71e779914646202604302147001777607223830991196.sst sstable1/53e3b283-263f-406c-b594-215c02bbdb42202604302147001777607223834112058.sst into:sstable2/de909f0a-514e-4aec-9a14-39761798a4bd202604302147001777607225459328926.sst
2026-05-01 03:47:05:505 - Compaction completed: 
2814116:COMPACT_START sstable=1 input_files: "sstable2/44b553e2-b1b5-4dab-8b53-e33cff240a85202604302147001777607224126668344.sst" input_files: "sstable2/fa3c7f1b-2546-46c6-bdaa-14329c940c45202604302147001777607224135460069.sst" compactIntoNextLevel: false destinationLevel: 2
2026-05-01 03:47:05:541 - Compaction started: 
139748605572672:Compacting sstable2/44b553e2-b1b5-4dab-8b53-e33cff240a85202604302147001777607224126668344.sst sstable2/fa3c7f1b-2546-46c6-bdaa-14329c940c45202604302147001777607224135460069.sst into:sstable2/0_de909f0a-514e-4aec-9a14-39761798a4bd202604302147001777607225615528532.sst
2026-05-01 03:47:05:783 - Compaction completed: 
2814116:COMPACT_START sstable=1 input_files: "sstable2/0_fa3c7f1b-2546-46c6-bdaa-14329c940c45202604302147001777607225631515920.sst" input_files: "sstable2/0_223811f1-8f4d-4cce-8cc5-706cbc4a8bc6202604302147001777607225669280291.sst" compactIntoNextLevel: false destinationLevel: 2
2026-05-01 03:47:05:887 - Compaction started: 
139748605572672:Compacting sstable2/0_fa3c7f1b-2546-46c6-bdaa-14329c940c45202604302147001777607225631515920.sst sstable2/0_223811f1-8f4d-4cce-8cc5-706cbc4a8bc6202604302147001777607225669280291.sst into:sstable2/1_de909f0a-514e-4aec-9a14-39761798a4bd202604302147001777607226044156342.sst
2026-05-01 03:47:06:315 - Compaction completed: 
2814116:COMPACT_START sstable=1 input_files: "sstable2/dbb71712-9543-41fd-86e4-a836fddef97b202604302147001777607224569139982.sst" input_files: "sstable2/745ddd3c-fa3a-4797-b93d-24318a07214d202604302147001777607224572933215.sst" compactIntoNextLevel: false destinationLevel: 2
2026-05-01 03:47:06:419 - Compaction started: 
139748605572672:Compacting sstable2/dbb71712-9543-41fd-86e4-a836fddef97b202604302147001777607224569139982.sst sstable2/745ddd3c-fa3a-4797-b93d-24318a07214d202604302147001777607224572933215.sst into:sstable2/0_de909f0a-514e-4aec-9a14-39761798a4bd202604302147001777607226475966789.sst
2026-05-01 03:47:06:576 - Compaction completed: 
2814116:COMPACT_START sstable=1 input_files: "sstable2/fa3c7f1b-2546-46c6-bdaa-14329c940c45202604302147001777607224644689173.sst" input_files: "sstable2/ad5c3cb6-0e10-438c-b82b-dbe352859c70202604302147001777607224665166690.sst" compactIntoNextLevel: false destinationLevel: 2
2026-05-01 03:47:06:643 - Compaction started: 
139748605572672:Compacting sstable2/fa3c7f1b-2546-46c6-bdaa-14329c940c45202604302147001777607224644689173.sst sstable2/ad5c3cb6-0e10-438c-b82b-dbe352859c70202604302147001777607224665166690.sst into:sstable2/0_de909f0a-514e-4aec-9a14-39761798a4bd202604302147001777607226694717664.sst
2026-05-01 03:47:06:832 - Compaction completed: 
2814116:COMPACT_START sstable=1 input_files: "sstable2/6fdfa363-aea4-46c6-b5b4-aba9cf2514cf202604302147001777607224720322882.sst" input_files: "sstable2/d668cb06-2199-40a8-834d-7f29e31e0033202604302147001777607224728300030.sst" compactIntoNextLevel: false destinationLevel: 2
2026-05-01 03:47:06:886 - Compaction started: 
139748605572672:Compacting sstable2/6fdfa363-aea4-46c6-b5b4-aba9cf2514cf202604302147001777607224720322882.sst sstable2/d668cb06-2199-40a8-834d-7f29e31e0033202604302147001777607224728300030.sst into:sstable2/0_de909f0a-514e-4aec-9a14-39761798a4bd202604302147001777607226955934145.sst
2026-05-01 03:47:07:118 - Compaction completed: 
2814116:COMPACT_START sstable=1 input_files: "sstable2/fa3c7f1b-2546-46c6-bdaa-14329c940c45202604302147001777607224750379010.sst" input_files: "sstable2/ad5c3cb6-0e10-438c-b82b-dbe352859c70202604302147001777607224771309205.sst" compactIntoNextLevel: false destinationLevel: 2
2026-05-01 03:47:07:214 - Compaction started: 
139748605572672:Compacting sstable2/fa3c7f1b-2546-46c6-bdaa-14329c940c45202604302147001777607224750379010.sst sstable2/ad5c3cb6-0e10-438c-b82b-dbe352859c70202604302147001777607224771309205.sst into:sstable2/0_de909f0a-514e-4aec-9a14-39761798a4bd202604302147001777607227278822105.sst
2026-05-01 03:47:07:385 - Compaction completed: 
2814116:COMPACT_START sstable=1 input_files: "sstable2/6fdfa363-aea4-46c6-b5b4-aba9cf2514cf202604302147001777607224822199178.sst" input_files: "sstable2/d668cb06-2199-40a8-834d-7f29e31e0033202604302147001777607224818330494.sst" compactIntoNextLevel: false destinationLevel: 2
2026-05-01 03:47:07:440 - Compaction started: 
139748605572672:Compacting sstable2/6fdfa363-aea4-46c6-b5b4-aba9cf2514cf202604302147001777607224822199178.sst sstable2/d668cb06-2199-40a8-834d-7f29e31e0033202604302147001777607224818330494.sst into:sstable2/0_de909f0a-514e-4aec-9a14-39761798a4bd202604302147001777607227491576746.sst
2026-05-01 03:47:07:605 - Compaction completed: 
2814116:COMPACT_START sstable=1 input_files: "sstable2/ad5c3cb6-0e10-438c-b82b-dbe352859c70202604302147001777607224893212012.sst" input_files: "sstable2/aadfdebd-04b8-43ed-9d3e-71e779914646202604302147001777607224886452628.sst" compactIntoNextLevel: false destinationLevel: 2
2026-05-01 03:47:07:676 - Compaction started: 
139748605572672:Compacting sstable2/ad5c3cb6-0e10-438c-b82b-dbe352859c70202604302147001777607224893212012.sst sstable2/aadfdebd-04b8-43ed-9d3e-71e779914646202604302147001777607224886452628.sst into:sstable2/0_de909f0a-514e-4aec-9a14-39761798a4bd202604302147001777607227727531500.sst
2026-05-01 03:47:07:827 - Compaction completed: 
2814116:COMPACT_START sstable=1 input_files: "sstable2/0_44b553e2-b1b5-4dab-8b53-e33cff240a85202604302147001777607227604649857.sst" input_files: "sstable2/0_de909f0a-514e-4aec-9a14-39761798a4bd202604302147001777607227727531500.sst" compactIntoNextLevel: false destinationLevel: 2
2026-05-01 03:47:07:896 - Compaction started: 
139748605572672:Compacting sstable2/0_44b553e2-b1b5-4dab-8b53-e33cff240a85202604302147001777607227604649857.sst sstable2/0_de909f0a-514e-4aec-9a14-39761798a4bd202604302147001777607227727531500.sst into:sstable2/1_de909f0a-514e-4aec-9a14-39761798a4bd202604302147001777607228031105784.sst
2026-05-01 03:47:08:215 - Compaction completed: 
2814116:COMPACT_START sstable=1 input_files: "sstable2/6fdfa363-aea4-46c6-b5b4-aba9cf2514cf202604302147001777607225038990328.sst" input_files: "sstable2/c057b7ed-724e-406e-a9b8-aeb8bed1caeb202604302147001777607225045157011.sst" compactIntoNextLevel: false destinationLevel: 2
2026-05-01 03:47:08:348 - Compaction started: 
139748605572672:Compacting sstable2/6fdfa363-aea4-46c6-b5b4-aba9cf2514cf202604302147001777607225038990328.sst sstable2/c057b7ed-724e-406e-a9b8-aeb8bed1caeb202604302147001777607225045157011.sst into:sstable2/0_de909f0a-514e-4aec-9a14-39761798a4bd202604302147001777607228400671889.sst
2026-05-01 03:47:08:497 - Compaction completed: 
2814116:COMPACT_START sstable=1 input_files: "sstable2/aadfdebd-04b8-43ed-9d3e-71e779914646202604302147001777607225106017249.sst" input_files: "sstable2/8e50b6f3-5ed0-4446-aa81-3dfa1265d15c202604302147001777607225100680021.sst" compactIntoNextLevel: false destinationLevel: 2
2026-05-01 03:47:08:588 - Compaction started: 
139748605572672:Compacting sstable2/aadfdebd-04b8-43ed-9d3e-71e779914646202604302147001777607225106017249.sst sstable2/8e50b6f3-5ed0-4446-aa81-3dfa1265d15c202604302147001777607225100680021.sst into:sstable2/0_de909f0a-514e-4aec-9a14-39761798a4bd202604302147001777607228658795220.sst
2026-05-01 03:47:08:864 - Compaction completed: 
2814116:COMPACT_START sstable=1 input_files: "sstable2/6a48bb39-2cfe-4ba3-9358-43a86f54c647202604302147001777607225126479096.sst" input_files: "sstable2/6fdfa363-aea4-46c6-b5b4-aba9cf2514cf202604302147001777607225134971440.sst" compactIntoNextLevel: false destinationLevel: 2
2026-05-01 03:47:08:919 - Compaction started: 
139748605572672:Compacting sstable2/6a48bb39-2cfe-4ba3-9358-43a86f54c647202604302147001777607225126479096.sst sstable2/6fdfa363-aea4-46c6-b5b4-aba9cf2514cf202604302147001777607225134971440.sst into:sstable2/0_de909f0a-514e-4aec-9a14-39761798a4bd202604302147001777607228971914292.sst
2026-05-01 03:47:09:244 - Compaction completed: 
2814116:COMPACT_START sstable=1 input_files: "sstable2/0_de909f0a-514e-4aec-9a14-39761798a4bd202604302147001777607228971914292.sst" input_files: "sstable2/0_44b553e2-b1b5-4dab-8b53-e33cff240a85202604302147001777607229010410796.sst" compactIntoNextLevel: false destinationLevel: 2
2026-05-01 03:47:09:365 - Compaction started: 
139748605572672:Compacting sstable2/0_de909f0a-514e-4aec-9a14-39761798a4bd202604302147001777607228971914292.sst sstable2/0_44b553e2-b1b5-4dab-8b53-e33cff240a85202604302147001777607229010410796.sst into:sstable2/1_de909f0a-514e-4aec-9a14-39761798a4bd202604302147001777607229474266561.sst
2026-05-01 03:47:10:013 - Compaction completed: 
2814116:COMPACT_START sstable=1 input_files: "sstable2/1_dbb71712-9543-41fd-86e4-a836fddef97b202604302147001777607229177633501.sst" input_files: "sstable2/1_8e50b6f3-5ed0-4446-aa81-3dfa1265d15c202604302147001777607229470595357.sst" compactIntoNextLevel: false destinationLevel: 2
2026-05-01 03:47:10:110 - Compaction started: 
139748605572672:Compacting sstable2/1_dbb71712-9543-41fd-86e4-a836fddef97b202604302147001777607229177633501.sst sstable2/1_8e50b6f3-5ed0-4446-aa81-3dfa1265d15c202604302147001777607229470595357.sst into:sstable2/2_de909f0a-514e-4aec-9a14-39761798a4bd202604302147001777607230360849591.sst
2026-05-01 03:47:11:442 - Compaction completed: 
2814116:COMPACT_START sstable=1 input_files: "sstable2/6a48bb39-2cfe-4ba3-9358-43a86f54c647202604302147001777607225434605828.sst" input_files: "sstable2/6fdfa363-aea4-46c6-b5b4-aba9cf2514cf202604302147001777607225441543186.sst" compactIntoNextLevel: false destinationLevel: 2
2026-05-01 03:47:11:478 - Compaction started: 
139748605572672:Compacting sstable2/6a48bb39-2cfe-4ba3-9358-43a86f54c647202604302147001777607225434605828.sst sstable2/6fdfa363-aea4-46c6-b5b4-aba9cf2514cf202604302147001777607225441543186.sst into:sstable2/0_de909f0a-514e-4aec-9a14-39761798a4bd202604302147001777607231524068805.sst
2026-05-01 03:47:11:751 - Compaction completed: 
2814116:COMPACT_START sstable=1 input_files: "sstable2/44b553e2-b1b5-4dab-8b53-e33cff240a85202604302147001777607225497627027.sst" input_files: "sstable2/ad5c3cb6-0e10-438c-b82b-dbe352859c70202604302147001777607225494563864.sst" compactIntoNextLevel: false destinationLevel: 2
2026-05-01 03:47:11:811 - Compaction started: 
139748605572672:Compacting sstable2/44b553e2-b1b5-4dab-8b53-e33cff240a85202604302147001777607225497627027.sst sstable2/ad5c3cb6-0e10-438c-b82b-dbe352859c70202604302147001777607225494563864.sst into:sstable2/0_de909f0a-514e-4aec-9a14-39761798a4bd202604302147001777607231890494832.sst
2026-05-01 03:47:12:130 - Compaction completed: 
2814116:COMPACT_START sstable=1 input_files: "sstable2/0_de909f0a-514e-4aec-9a14-39761798a4bd202604302147001777607231890494832.sst" input_files: "sstable2/0_745ddd3c-fa3a-4797-b93d-24318a07214d202604302147001777607231935410973.sst" compactIntoNextLevel: false destinationLevel: 2
2026-05-01 03:47:12:269 - Compaction started: 
139748605572672:Compacting sstable2/0_de909f0a-514e-4aec-9a14-39761798a4bd202604302147001777607231890494832.sst sstable2/0_745ddd3c-fa3a-4797-b93d-24318a07214d202604302147001777607231935410973.sst into:sstable2/1_de909f0a-514e-4aec-9a14-39761798a4bd202604302147001777607232381903921.sst
2026-05-01 03:47:12:719 - Compaction completed: 
2814116:COMPACT_START sstable=1 input_files: "sstable2/4_fa3c7f1b-2546-46c6-bdaa-14329c940c45202604302147001777607232557854451.sst" input_files: "sstable2/4_aadfdebd-04b8-43ed-9d3e-71e779914646202604302147001777607233746881576.sst" compactIntoNextLevel: false destinationLevel: 2
2026-05-01 03:47:15:411 - Compaction started: 
139748605572672:Compacting sstable2/4_fa3c7f1b-2546-46c6-bdaa-14329c940c45202604302147001777607232557854451.sst sstable2/4_aadfdebd-04b8-43ed-9d3e-71e779914646202604302147001777607233746881576.sst into:sstable2/5_de909f0a-514e-4aec-9a14-39761798a4bd202604302147001777607237660988568.sst
2026-05-01 03:47:20:308 - Compaction completed: 
2026-05-01 03:47:30:061 30 sec: 226807 operations; 7560.23 current ops/sec; est completion in 1 day 12 hours [READ: Count=226841, Max=3557375, Min=5, Avg=130, 90=144, 99=350, 99.9=1509, 99.99=37855] 
