# CMD: /usr/lib/jvm/java-8-openjdk-amd64/bin/java -cp /users/Xinying/ozonedb/ycsb/ozonedb/conf:/users/Xinying/ozonedb/ycsb/ozonedb/target/ozonedb-binding-0.18.0-SNAPSHOT.jar:/users/Xinying/.m2/repository/org/apache/htrace/htrace-core4/4.1.0-incubating/htrace-core4-4.1.0-incubating.jar:/users/Xinying/.m2/repository/org/slf4j/slf4j-api/1.7.25/slf4j-api-1.7.25.jar:/users/Xinying/.m2/repository/org/hdrhistogram/HdrHistogram/2.1.12/HdrHistogram-2.1.12.jar:/users/Xinying/.m2/repository/ch/qos/logback/logback-classic/1.2.3/logback-classic-1.2.3.jar:/users/Xinying/.m2/repository/ozonedbjnimaven/demoproc-jni/1.0/demoproc-jni-1.0.jar:/users/Xinying/.m2/repository/ch/qos/logback/logback-core/1.2.3/logback-core-1.2.3.jar:/users/Xinying/.m2/repository/org/codehaus/jackson/jackson-mapper-asl/1.9.4/jackson-mapper-asl-1.9.4.jar:/users/Xinying/.m2/repository/org/slf4j/slf4j-simple/1.7.25/slf4j-simple-1.7.25.jar:/users/Xinying/.m2/repository/org/codehaus/jackson/jackson-core-asl/1.9.4/jackson-core-asl-1.9.4.jar:/users/Xinying/ozonedb/ycsb/core/target/core-0.18.0-SNAPSHOT.jar site.ycsb.Client -db site.ycsb.db.OzoneDBClient -threads 1 -s -P /users/Xinying/ozonedb/ycsb/workloads/generated_workloads/workloadc_1KB_1000000_1000000 -p status.interval=30 -p requestdistribution=uniform -p operationcount=1000000000 -p maxexecutiontime=660 -p shared_config=/tmp/churn_v4_configs/shared_config_varyW_n16_r0pct.json -t
# env OZONEDB_CHURN_ABORT_RATE=0.0
Command line: -db site.ycsb.db.OzoneDBClient -threads 1 -s -P /users/Xinying/ozonedb/ycsb/workloads/generated_workloads/workloadc_1KB_1000000_1000000 -p status.interval=30 -p requestdistribution=uniform -p operationcount=1000000000 -p maxexecutiontime=660 -p shared_config=/tmp/churn_v4_configs/shared_config_varyW_n16_r0pct.json -t
YCSB Client 0.18.0-SNAPSHOT

Loading workload...
Starting test.
SLF4J: Class path contains multiple SLF4J bindings.
SLF4J: Found binding in [jar:file:/users/Xinying/.m2/repository/ch/qos/logback/logback-classic/1.2.3/logback-classic-1.2.3.jar!/org/slf4j/impl/StaticLoggerBinder.class]
SLF4J: Found binding in [jar:file:/users/Xinying/.m2/repository/org/slf4j/slf4j-simple/1.7.25/slf4j-simple-1.7.25.jar!/org/slf4j/impl/StaticLoggerBinder.class]
SLF4J: See http://www.slf4j.org/codes.html#multiple_bindings for an explanation.
SLF4J: Actual binding is of type [ch.qos.logback.classic.util.ContextSelectorStaticBinder]
Maximum execution time specified as: 660 secs
2026-05-01 03:47:00:111 0 sec: 0 operations; est completion in 0 second 
Starting compaction watcher
DBWrapper: report latency for each error is false and specific error codes to track for latency are: []
2814121:COMPACT_START sstable=0 input_files: "datalog/29" input_files: "datalog/30" compactIntoNextLevel: true destinationLevel: 1
2026-05-01 03:47:00:215 - Compaction started: 
139669333218880:Compacting datalog/29 datalog/30 into:sstable1/6fdfa363-aea4-46c6-b5b4-aba9cf2514cf202604302147001777607220234517017.sst
2026-05-01 03:47:00:284 - Compaction completed: 
2814121:COMPACT_START sstable=0 input_files: "datalog/35" input_files: "datalog/36" compactIntoNextLevel: true destinationLevel: 1
2026-05-01 03:47:00:421 - Compaction started: 
139669333218880:Compacting datalog/35 datalog/36 into:sstable1/6fdfa363-aea4-46c6-b5b4-aba9cf2514cf202604302147001777607220452663529.sst
2026-05-01 03:47:00:524 - Compaction completed: 
2814121:COMPACT_START sstable=0 input_files: "datalog/53" input_files: "datalog/54" compactIntoNextLevel: true destinationLevel: 1
2026-05-01 03:47:00:557 - Compaction started: 
139669333218880:Compacting datalog/53 datalog/54 into:sstable1/6fdfa363-aea4-46c6-b5b4-aba9cf2514cf202604302147001777607220736444851.sst
2026-05-01 03:47:00:791 - Compaction completed: 
2814121:COMPACT_START sstable=0 input_files: "datalog/79" input_files: "datalog/80" compactIntoNextLevel: true destinationLevel: 1
2026-05-01 03:47:00:863 - Compaction started: 
139669333218880:Compacting datalog/79 datalog/80 into:sstable1/6fdfa363-aea4-46c6-b5b4-aba9cf2514cf202604302147001777607220988007150.sst
2026-05-01 03:47:01:024 - Compaction completed: 
2814121:COMPACT_START sstable=0 input_files: "datalog/103" input_files: "datalog/104" compactIntoNextLevel: true destinationLevel: 1
2026-05-01 03:47:01:081 - Compaction started: 
139669333218880:Compacting datalog/103 datalog/104 into:sstable1/6fdfa363-aea4-46c6-b5b4-aba9cf2514cf202604302147001777607221084008741.sst
2026-05-01 03:47:01:104 - Compaction completed: 
2814121:COMPACT_START sstable=0 input_files: "datalog/119" input_files: "datalog/120" compactIntoNextLevel: true destinationLevel: 1
2026-05-01 03:47:01:184 - Compaction started: 
139669333218880:Compacting datalog/119 datalog/120 into:sstable1/6fdfa363-aea4-46c6-b5b4-aba9cf2514cf202604302147001777607221186641565.sst
2026-05-01 03:47:01:206 - Compaction completed: 
2814121:COMPACT_START sstable=0 input_files: "datalog/137" input_files: "datalog/138" compactIntoNextLevel: true destinationLevel: 1
2026-05-01 03:47:01:285 - Compaction started: 
139669333218880:Compacting datalog/137 datalog/138 into:sstable1/6fdfa363-aea4-46c6-b5b4-aba9cf2514cf202604302147001777607221288736501.sst
2026-05-01 03:47:01:310 - Compaction completed: 
2814121:COMPACT_START sstable=0 input_files: "datalog/161" input_files: "datalog/162" compactIntoNextLevel: true destinationLevel: 1
2026-05-01 03:47:01:393 - Compaction started: 
139669333218880:Compacting datalog/161 datalog/162 into:sstable1/6fdfa363-aea4-46c6-b5b4-aba9cf2514cf202604302147001777607221396149178.sst
2026-05-01 03:47:01:415 - Compaction completed: 
2814121:COMPACT_START sstable=0 input_files: "datalog/185" input_files: "datalog/186" compactIntoNextLevel: true destinationLevel: 1
2026-05-01 03:47:01:533 - Compaction started: 
139669333218880:Compacting datalog/185 datalog/186 into:sstable1/6fdfa363-aea4-46c6-b5b4-aba9cf2514cf202604302147001777607221545018189.sst
2026-05-01 03:47:01:584 - Compaction completed: 
2814121:COMPACT_START sstable=0 input_files: "datalog/213" input_files: "datalog/214" compactIntoNextLevel: true destinationLevel: 1
2026-05-01 03:47:01:636 - Compaction started: 
139669333218880:Compacting datalog/213 datalog/214 into:sstable1/6fdfa363-aea4-46c6-b5b4-aba9cf2514cf202604302147001777607221638877763.sst
2026-05-01 03:47:01:703 - Compaction completed: 
2814121:COMPACT_START sstable=0 input_files: "datalog/241" input_files: "datalog/242" compactIntoNextLevel: true destinationLevel: 1
2026-05-01 03:47:01:739 - Compaction started: 
139669333218880:Compacting datalog/241 datalog/242 into:sstable1/6fdfa363-aea4-46c6-b5b4-aba9cf2514cf202604302147001777607221742440772.sst
2026-05-01 03:47:01:761 - Compaction completed: 
2814121:COMPACT_START sstable=0 input_files: "datalog/275" input_files: "datalog/276" compactIntoNextLevel: true destinationLevel: 1
2026-05-01 03:47:01:880 - Compaction started: 
139669333218880:Compacting datalog/275 datalog/276 into:sstable1/6fdfa363-aea4-46c6-b5b4-aba9cf2514cf202604302147001777607221883246143.sst
2026-05-01 03:47:01:900 - Compaction completed: 
2814121:COMPACT_START sstable=0 input_files: "datalog/303" input_files: "datalog/304" compactIntoNextLevel: true destinationLevel: 1
2026-05-01 03:47:01:983 - Compaction started: 
139669333218880:Compacting datalog/303 datalog/304 into:sstable1/6fdfa363-aea4-46c6-b5b4-aba9cf2514cf202604302147001777607221986245806.sst
2026-05-01 03:47:02:005 - Compaction completed: 
2814121:COMPACT_START sstable=0 input_files: "datalog/331" input_files: "datalog/332" compactIntoNextLevel: true destinationLevel: 1
2026-05-01 03:47:02:089 - Compaction started: 
139669333218880:Compacting datalog/331 datalog/332 into:sstable1/6fdfa363-aea4-46c6-b5b4-aba9cf2514cf202604302147001777607222092017987.sst
2026-05-01 03:47:02:112 - Compaction completed: 
2814121:COMPACT_START sstable=0 input_files: "datalog/361" input_files: "datalog/362" compactIntoNextLevel: true destinationLevel: 1
2026-05-01 03:47:02:193 - Compaction started: 
139669333218880:Compacting datalog/361 datalog/362 into:sstable1/6fdfa363-aea4-46c6-b5b4-aba9cf2514cf202604302147001777607222195631901.sst
2026-05-01 03:47:02:223 - Compaction completed: 
2814121:COMPACT_START sstable=0 input_files: "datalog/389" input_files: "datalog/390" compactIntoNextLevel: true destinationLevel: 1
2026-05-01 03:47:02:297 - Compaction started: 
139669333218880:Compacting datalog/389 datalog/390 into:sstable1/6fdfa363-aea4-46c6-b5b4-aba9cf2514cf202604302147001777607222300519814.sst
2026-05-01 03:47:02:319 - Compaction completed: 
2814121:COMPACT_START sstable=0 input_files: "datalog/411" input_files: "datalog/412" compactIntoNextLevel: true destinationLevel: 1
2026-05-01 03:47:02:400 - Compaction started: 
139669333218880:Compacting datalog/411 datalog/412 into:sstable1/6fdfa363-aea4-46c6-b5b4-aba9cf2514cf202604302147001777607222486740031.sst
2026-05-01 03:47:02:508 - Compaction completed: 
2814121:COMPACT_START sstable=0 input_files: "datalog/455" input_files: "datalog/456" compactIntoNextLevel: true destinationLevel: 1
2026-05-01 03:47:02:606 - Compaction started: 
139669333218880:Compacting datalog/455 datalog/456 into:sstable1/6fdfa363-aea4-46c6-b5b4-aba9cf2514cf202604302147001777607222609079868.sst
2026-05-01 03:47:02:630 - Compaction completed: 
2814121:COMPACT_START sstable=0 input_files: "datalog/483" input_files: "datalog/484" compactIntoNextLevel: true destinationLevel: 1
2026-05-01 03:47:02:709 - Compaction started: 
139669333218880:Compacting datalog/483 datalog/484 into:sstable1/6fdfa363-aea4-46c6-b5b4-aba9cf2514cf202604302147001777607222711759901.sst
2026-05-01 03:47:02:732 - Compaction completed: 
2814121:COMPACT_START sstable=0 input_files: "datalog/505" input_files: "datalog/506" compactIntoNextLevel: true destinationLevel: 1
2026-05-01 03:47:02:812 - Compaction started: 
139669333218880:Compacting datalog/505 datalog/506 into:sstable1/6fdfa363-aea4-46c6-b5b4-aba9cf2514cf202604302147001777607222815667416.sst
2026-05-01 03:47:02:834 - Compaction completed: 
2814121:COMPACT_START sstable=0 input_files: "datalog/537" input_files: "datalog/538" compactIntoNextLevel: true destinationLevel: 1
2026-05-01 03:47:02:916 - Compaction started: 
139669333218880:Compacting datalog/537 datalog/538 into:sstable1/6fdfa363-aea4-46c6-b5b4-aba9cf2514cf202604302147001777607222918900846.sst
2026-05-01 03:47:02:936 - Compaction completed: 
2814121:COMPACT_START sstable=0 input_files: "datalog/569" input_files: "datalog/570" compactIntoNextLevel: true destinationLevel: 1
2026-05-01 03:47:03:020 - Compaction started: 
139669333218880:Compacting datalog/569 datalog/570 into:sstable1/6fdfa363-aea4-46c6-b5b4-aba9cf2514cf202604302147001777607223023161844.sst
2026-05-01 03:47:03:049 - Compaction completed: 
2814121:COMPACT_START sstable=0 input_files: "datalog/599" input_files: "datalog/600" compactIntoNextLevel: true destinationLevel: 1
2026-05-01 03:47:03:127 - Compaction started: 
139669333218880:Compacting datalog/599 datalog/600 into:sstable1/6fdfa363-aea4-46c6-b5b4-aba9cf2514cf202604302147001777607223130438215.sst
2026-05-01 03:47:03:150 - Compaction completed: 
2814121:COMPACT_START sstable=0 input_files: "datalog/631" input_files: "datalog/632" compactIntoNextLevel: true destinationLevel: 1
2026-05-01 03:47:03:232 - Compaction started: 
139669333218880:Compacting datalog/631 datalog/632 into:sstable1/6fdfa363-aea4-46c6-b5b4-aba9cf2514cf202604302147001777607223236167987.sst
2026-05-01 03:47:03:284 - Compaction completed: 
2814121:COMPACT_START sstable=0 input_files: "datalog/663" input_files: "datalog/664" compactIntoNextLevel: true destinationLevel: 1
2026-05-01 03:47:03:337 - Compaction started: 
139669333218880:Compacting datalog/663 datalog/664 into:sstable1/6fdfa363-aea4-46c6-b5b4-aba9cf2514cf202604302147001777607223339524939.sst
2026-05-01 03:47:03:355 - Compaction completed: 
2814121:COMPACT_START sstable=0 input_files: "datalog/693" input_files: "datalog/694" compactIntoNextLevel: true destinationLevel: 1
2026-05-01 03:47:03:439 - Compaction started: 
139669333218880:Compacting datalog/693 datalog/694 into:sstable1/6fdfa363-aea4-46c6-b5b4-aba9cf2514cf202604302147001777607223441450718.sst
2026-05-01 03:47:03:458 - Compaction completed: 
2814121:COMPACT_START sstable=0 input_files: "datalog/725" input_files: "datalog/726" compactIntoNextLevel: true destinationLevel: 1
2026-05-01 03:47:03:541 - Compaction started: 
139669333218880:Compacting datalog/725 datalog/726 into:sstable1/6fdfa363-aea4-46c6-b5b4-aba9cf2514cf202604302147001777607223544774778.sst
2026-05-01 03:47:03:563 - Compaction completed: 
2814121:COMPACT_START sstable=0 input_files: "datalog/757" input_files: "datalog/758" compactIntoNextLevel: true destinationLevel: 1
2026-05-01 03:47:03:645 - Compaction started: 
139669333218880:Compacting datalog/757 datalog/758 into:sstable1/6fdfa363-aea4-46c6-b5b4-aba9cf2514cf202604302147001777607223647781574.sst
2026-05-01 03:47:03:662 - Compaction completed: 
2814121:COMPACT_START sstable=0 input_files: "datalog/789" input_files: "datalog/790" compactIntoNextLevel: true destinationLevel: 1
2026-05-01 03:47:03:747 - Compaction started: 
139669333218880:Compacting datalog/789 datalog/790 into:sstable1/6fdfa363-aea4-46c6-b5b4-aba9cf2514cf202604302147001777607223750838895.sst
2026-05-01 03:47:03:766 - Compaction completed: 
2814121:COMPACT_START sstable=0 input_files: "datalog/823" input_files: "datalog/824" compactIntoNextLevel: true destinationLevel: 1
2026-05-01 03:47:03:853 - Compaction started: 
139669333218880:Compacting datalog/823 datalog/824 into:sstable1/6fdfa363-aea4-46c6-b5b4-aba9cf2514cf202604302147001777607223855913057.sst
2026-05-01 03:47:03:874 - Compaction completed: 
2814121:COMPACT_START sstable=0 input_files: "datalog/853" input_files: "datalog/854" compactIntoNextLevel: true destinationLevel: 1
2026-05-01 03:47:03:957 - Compaction started: 
139669333218880:Compacting datalog/853 datalog/854 into:sstable1/6fdfa363-aea4-46c6-b5b4-aba9cf2514cf202604302147001777607223959707219.sst
2026-05-01 03:47:03:979 - Compaction completed: 
2814121:COMPACT_START sstable=1 input_files: "sstable1/6fdfa363-aea4-46c6-b5b4-aba9cf2514cf202604302147001777607220234517017.sst" input_files: "sstable1/8e50b6f3-5ed0-4446-aa81-3dfa1265d15c202604302147001777607220552225916.sst" compactIntoNextLevel: true destinationLevel: 2
2026-05-01 03:47:04:060 - Compaction started: 
139669333218880:Compacting sstable1/6fdfa363-aea4-46c6-b5b4-aba9cf2514cf202604302147001777607220234517017.sst sstable1/8e50b6f3-5ed0-4446-aa81-3dfa1265d15c202604302147001777607220552225916.sst into:sstable2/6fdfa363-aea4-46c6-b5b4-aba9cf2514cf202604302147001777607224095850768.sst
2026-05-01 03:47:04:162 - Compaction completed: 
2814121:COMPACT_START sstable=1 input_files: "sstable1/8e50b6f3-5ed0-4446-aa81-3dfa1265d15c202604302147001777607220970167850.sst" input_files: "sstable1/d668cb06-2199-40a8-834d-7f29e31e0033202604302147001777607221962356461.sst" compactIntoNextLevel: true destinationLevel: 2
2026-05-01 03:47:04:164 - Compaction started: 
139669333218880:Compacting sstable1/8e50b6f3-5ed0-4446-aa81-3dfa1265d15c202604302147001777607220970167850.sst sstable1/d668cb06-2199-40a8-834d-7f29e31e0033202604302147001777607221962356461.sst into:sstable2/6fdfa363-aea4-46c6-b5b4-aba9cf2514cf202604302147001777607224193143180.sst
2026-05-01 03:47:04:238 - Compaction completed: 
2814121:COMPACT_START sstable=1 input_files: "sstable1/6fdfa363-aea4-46c6-b5b4-aba9cf2514cf202604302147001777607221288736501.sst" input_files: "sstable1/fa3c7f1b-2546-46c6-bdaa-14329c940c45202604302147001777607221292839204.sst" compactIntoNextLevel: true destinationLevel: 2
2026-05-01 03:47:04:268 - Compaction started: 
139669333218880:Compacting sstable1/6fdfa363-aea4-46c6-b5b4-aba9cf2514cf202604302147001777607221288736501.sst sstable1/fa3c7f1b-2546-46c6-bdaa-14329c940c45202604302147001777607221292839204.sst into:sstable2/6fdfa363-aea4-46c6-b5b4-aba9cf2514cf202604302147001777607224300746564.sst
2026-05-01 03:47:04:357 - Compaction completed: 
2814121:COMPACT_START sstable=1 input_files: "sstable1/44b553e2-b1b5-4dab-8b53-e33cff240a85202604302147001777607221539522534.sst" input_files: "sstable1/8a306972-bff3-46f1-a8de-513fd6e4850d202604302147001777607221550801013.sst" compactIntoNextLevel: true destinationLevel: 2
2026-05-01 03:47:04:378 - Compaction started: 
139669333218880:Compacting sstable1/44b553e2-b1b5-4dab-8b53-e33cff240a85202604302147001777607221539522534.sst sstable1/8a306972-bff3-46f1-a8de-513fd6e4850d202604302147001777607221550801013.sst into:sstable2/6fdfa363-aea4-46c6-b5b4-aba9cf2514cf202604302147001777607224412548762.sst
2026-05-01 03:47:04:474 - Compaction completed: 
2814121:COMPACT_START sstable=1 input_files: "sstable1/de909f0a-514e-4aec-9a14-39761798a4bd202604302147001777607221798916779.sst" input_files: "sstable1/fa3c7f1b-2546-46c6-bdaa-14329c940c45202604302147001777607221799167419.sst" compactIntoNextLevel: true destinationLevel: 2
2026-05-01 03:47:04:486 - Compaction started: 
139669333218880:Compacting sstable1/de909f0a-514e-4aec-9a14-39761798a4bd202604302147001777607221798916779.sst sstable1/fa3c7f1b-2546-46c6-bdaa-14329c940c45202604302147001777607221799167419.sst into:sstable2/6fdfa363-aea4-46c6-b5b4-aba9cf2514cf202604302147001777607224513418901.sst
2026-05-01 03:47:04:561 - Compaction completed: 
2814121:COMPACT_START sstable=1 input_files: "sstable1/44b553e2-b1b5-4dab-8b53-e33cff240a85202604302147001777607221974104770.sst" input_files: "sstable1/6fdfa363-aea4-46c6-b5b4-aba9cf2514cf202604302147001777607221986245806.sst" compactIntoNextLevel: true destinationLevel: 2
2026-05-01 03:47:04:589 - Compaction started: 
139669333218880:Compacting sstable1/44b553e2-b1b5-4dab-8b53-e33cff240a85202604302147001777607221974104770.sst sstable1/6fdfa363-aea4-46c6-b5b4-aba9cf2514cf202604302147001777607221986245806.sst into:sstable2/6fdfa363-aea4-46c6-b5b4-aba9cf2514cf202604302147001777607224617992836.sst
2026-05-01 03:47:04:670 - Compaction completed: 
2814121:COMPACT_START sstable=1 input_files: "sstable1/6fdfa363-aea4-46c6-b5b4-aba9cf2514cf202604302147001777607222195631901.sst" input_files: "sstable1/44b553e2-b1b5-4dab-8b53-e33cff240a85202604302147001777607222265922121.sst" compactIntoNextLevel: true destinationLevel: 2
2026-05-01 03:47:04:692 - Compaction started: 
139669333218880:Compacting sstable1/6fdfa363-aea4-46c6-b5b4-aba9cf2514cf202604302147001777607222195631901.sst sstable1/44b553e2-b1b5-4dab-8b53-e33cff240a85202604302147001777607222265922121.sst into:sstable2/6fdfa363-aea4-46c6-b5b4-aba9cf2514cf202604302147001777607224720322882.sst
2026-05-01 03:47:04:770 - Compaction completed: 
2814121:COMPACT_START sstable=1 input_files: "sstable1/8e50b6f3-5ed0-4446-aa81-3dfa1265d15c202604302147001777607222485642844.sst" input_files: "sstable1/fa3c7f1b-2546-46c6-bdaa-14329c940c45202604302147001777607222492428547.sst" compactIntoNextLevel: true destinationLevel: 2
2026-05-01 03:47:04:795 - Compaction started: 
139669333218880:Compacting sstable1/8e50b6f3-5ed0-4446-aa81-3dfa1265d15c202604302147001777607222485642844.sst sstable1/fa3c7f1b-2546-46c6-bdaa-14329c940c45202604302147001777607222492428547.sst into:sstable2/6fdfa363-aea4-46c6-b5b4-aba9cf2514cf202604302147001777607224822199178.sst
2026-05-01 03:47:04:879 - Compaction completed: 
2814121:COMPACT_START sstable=1 input_files: "sstable1/8a306972-bff3-46f1-a8de-513fd6e4850d202604302147001777607222744459966.sst" input_files: "sstable1/d668cb06-2199-40a8-834d-7f29e31e0033202604302147001777607222747873927.sst" compactIntoNextLevel: true destinationLevel: 2
2026-05-01 03:47:04:901 - Compaction started: 
139669333218880:Compacting sstable1/8a306972-bff3-46f1-a8de-513fd6e4850d202604302147001777607222744459966.sst sstable1/d668cb06-2199-40a8-834d-7f29e31e0033202604302147001777607222747873927.sst into:sstable2/6fdfa363-aea4-46c6-b5b4-aba9cf2514cf202604302147001777607224927406820.sst
2026-05-01 03:47:04:987 - Compaction completed: 
2814121:COMPACT_START sstable=1 input_files: "sstable1/53e3b283-263f-406c-b594-215c02bbdb42202604302147001777607222971170957.sst" input_files: "sstable1/94538d5c-dd3d-4dc9-a6d0-8fe0c64514ea202604302147001777607222985548135.sst" compactIntoNextLevel: true destinationLevel: 2
2026-05-01 03:47:05:005 - Compaction started: 
139669333218880:Compacting sstable1/53e3b283-263f-406c-b594-215c02bbdb42202604302147001777607222971170957.sst sstable1/94538d5c-dd3d-4dc9-a6d0-8fe0c64514ea202604302147001777607222985548135.sst into:sstable2/6fdfa363-aea4-46c6-b5b4-aba9cf2514cf202604302147001777607225038990328.sst
2026-05-01 03:47:05:091 - Compaction completed: 
2814121:COMPACT_START sstable=1 input_files: "sstable1/8a306972-bff3-46f1-a8de-513fd6e4850d202604302147001777607223158468875.sst" input_files: "sstable1/dbb71712-9543-41fd-86e4-a836fddef97b202604302147001777607223179198926.sst" compactIntoNextLevel: true destinationLevel: 2
2026-05-01 03:47:05:110 - Compaction started: 
139669333218880:Compacting sstable1/8a306972-bff3-46f1-a8de-513fd6e4850d202604302147001777607223158468875.sst sstable1/dbb71712-9543-41fd-86e4-a836fddef97b202604302147001777607223179198926.sst into:sstable2/6fdfa363-aea4-46c6-b5b4-aba9cf2514cf202604302147001777607225134971440.sst
2026-05-01 03:47:05:173 - Compaction completed: 
2814121:COMPACT_START sstable=1 input_files: "sstable1/ad5c3cb6-0e10-438c-b82b-dbe352859c70202604302147001777607223389112459.sst" input_files: "sstable1/dbb71712-9543-41fd-86e4-a836fddef97b202604302147001777607223398919709.sst" compactIntoNextLevel: true destinationLevel: 2
2026-05-01 03:47:05:213 - Compaction started: 
139669333218880:Compacting sstable1/ad5c3cb6-0e10-438c-b82b-dbe352859c70202604302147001777607223389112459.sst sstable1/dbb71712-9543-41fd-86e4-a836fddef97b202604302147001777607223398919709.sst into:sstable2/6fdfa363-aea4-46c6-b5b4-aba9cf2514cf202604302147001777607225238888022.sst
2026-05-01 03:47:05:272 - Compaction completed: 
2814121:COMPACT_START sstable=1 input_files: "sstable1/ad5c3cb6-0e10-438c-b82b-dbe352859c70202604302147001777607223598883416.sst" input_files: "sstable1/dbb71712-9543-41fd-86e4-a836fddef97b202604302147001777607223607058485.sst" compactIntoNextLevel: true destinationLevel: 2
2026-05-01 03:47:05:316 - Compaction started: 
139669333218880:Compacting sstable1/ad5c3cb6-0e10-438c-b82b-dbe352859c70202604302147001777607223598883416.sst sstable1/dbb71712-9543-41fd-86e4-a836fddef97b202604302147001777607223607058485.sst into:sstable2/6fdfa363-aea4-46c6-b5b4-aba9cf2514cf202604302147001777607225339962113.sst
2026-05-01 03:47:05:378 - Compaction completed: 
2814121:COMPACT_START sstable=1 input_files: "sstable1/ad5c3cb6-0e10-438c-b82b-dbe352859c70202604302147001777607223814595023.sst" input_files: "sstable1/dbb71712-9543-41fd-86e4-a836fddef97b202604302147001777607223816074577.sst" compactIntoNextLevel: true destinationLevel: 2
2026-05-01 03:47:05:419 - Compaction started: 
139669333218880:Compacting sstable1/ad5c3cb6-0e10-438c-b82b-dbe352859c70202604302147001777607223814595023.sst sstable1/dbb71712-9543-41fd-86e4-a836fddef97b202604302147001777607223816074577.sst into:sstable2/6fdfa363-aea4-46c6-b5b4-aba9cf2514cf202604302147001777607225441543186.sst
2026-05-01 03:47:05:484 - Compaction completed: 
2814121:COMPACT_START sstable=1 input_files: "sstable2/6a48bb39-2cfe-4ba3-9358-43a86f54c647202604302147001777607224097187906.sst" input_files: "sstable2/6fdfa363-aea4-46c6-b5b4-aba9cf2514cf202604302147001777607224095850768.sst" compactIntoNextLevel: false destinationLevel: 2
2026-05-01 03:47:05:526 - Compaction started: 
139669333218880:Compacting sstable2/6a48bb39-2cfe-4ba3-9358-43a86f54c647202604302147001777607224097187906.sst sstable2/6fdfa363-aea4-46c6-b5b4-aba9cf2514cf202604302147001777607224095850768.sst into:sstable2/0_6fdfa363-aea4-46c6-b5b4-aba9cf2514cf202604302147001777607225591348202.sst
2026-05-01 03:47:05:762 - Compaction completed: 
2814121:COMPACT_START sstable=1 input_files: "sstable2/0_6a48bb39-2cfe-4ba3-9358-43a86f54c647202604302147001777607225579847928.sst" input_files: "sstable2/0_6fdfa363-aea4-46c6-b5b4-aba9cf2514cf202604302147001777607225591348202.sst" compactIntoNextLevel: false destinationLevel: 2
2026-05-01 03:47:05:834 - Compaction started: 
139669333218880:Compacting sstable2/0_6a48bb39-2cfe-4ba3-9358-43a86f54c647202604302147001777607225579847928.sst sstable2/0_6fdfa363-aea4-46c6-b5b4-aba9cf2514cf202604302147001777607225591348202.sst into:sstable2/1_6fdfa363-aea4-46c6-b5b4-aba9cf2514cf202604302147001777607225985591238.sst
2026-05-01 03:47:06:230 - Compaction completed: 
2814121:COMPACT_START sstable=1 input_files: "sstable2/0_aadfdebd-04b8-43ed-9d3e-71e779914646202604302147001777607226010160127.sst" input_files: "sstable2/0_dbb71712-9543-41fd-86e4-a836fddef97b202604302147001777607226016022138.sst" compactIntoNextLevel: false destinationLevel: 2
2026-05-01 03:47:06:250 - Compaction started: 
139669333218880:Compacting sstable2/0_aadfdebd-04b8-43ed-9d3e-71e779914646202604302147001777607226010160127.sst sstable2/0_dbb71712-9543-41fd-86e4-a836fddef97b202604302147001777607226016022138.sst into:sstable2/1_6fdfa363-aea4-46c6-b5b4-aba9cf2514cf202604302147001777607226386899923.sst
2026-05-01 03:47:06:607 - Compaction completed: 
2814121:COMPACT_START sstable=1 input_files: "sstable2/1_dbb71712-9543-41fd-86e4-a836fddef97b202604302147001777607226344152508.sst" input_files: "sstable2/1_6fdfa363-aea4-46c6-b5b4-aba9cf2514cf202604302147001777607226386899923.sst" compactIntoNextLevel: false destinationLevel: 2
2026-05-01 03:47:06:684 - Compaction started: 
139669333218880:Compacting sstable2/1_dbb71712-9543-41fd-86e4-a836fddef97b202604302147001777607226344152508.sst sstable2/1_6fdfa363-aea4-46c6-b5b4-aba9cf2514cf202604302147001777607226386899923.sst into:sstable2/2_6fdfa363-aea4-46c6-b5b4-aba9cf2514cf202604302147001777607227015174635.sst
2026-05-01 03:47:07:473 - Compaction completed: 
2814121:COMPACT_START sstable=1 input_files: "sstable2/2_dbb71712-9543-41fd-86e4-a836fddef97b202604302147001777607226896242269.sst" input_files: "sstable2/2_6fdfa363-aea4-46c6-b5b4-aba9cf2514cf202604302147001777607227015174635.sst" compactIntoNextLevel: false destinationLevel: 2
2026-05-01 03:47:07:508 - Compaction started: 
139669333218880:Compacting sstable2/2_dbb71712-9543-41fd-86e4-a836fddef97b202604302147001777607226896242269.sst sstable2/2_6fdfa363-aea4-46c6-b5b4-aba9cf2514cf202604302147001777607227015174635.sst into:sstable2/3_6fdfa363-aea4-46c6-b5b4-aba9cf2514cf202604302147001777607228141158411.sst
2026-05-01 03:47:09:726 - Compaction completed: 
2814121:COMPACT_START sstable=1 input_files: "sstable2/94538d5c-dd3d-4dc9-a6d0-8fe0c64514ea202604302147001777607225202785046.sst" input_files: "sstable2/53e3b283-263f-406c-b594-215c02bbdb42202604302147001777607225217508674.sst" compactIntoNextLevel: false destinationLevel: 2
2026-05-01 03:47:09:758 - Compaction started: 
139669333218880:Compacting sstable2/94538d5c-dd3d-4dc9-a6d0-8fe0c64514ea202604302147001777607225202785046.sst sstable2/53e3b283-263f-406c-b594-215c02bbdb42202604302147001777607225217508674.sst into:sstable2/0_6fdfa363-aea4-46c6-b5b4-aba9cf2514cf202604302147001777607229802952963.sst
2026-05-01 03:47:10:076 - Compaction completed: 
2814121:COMPACT_START sstable=1 input_files: "sstable2/fa3c7f1b-2546-46c6-bdaa-14329c940c45202604302147001777607225260534030.sst" input_files: "sstable2/223811f1-8f4d-4cce-8cc5-706cbc4a8bc6202604302147001777607225288709641.sst" compactIntoNextLevel: false destinationLevel: 2
2026-05-01 03:47:10:109 - Compaction started: 
139669333218880:Compacting sstable2/fa3c7f1b-2546-46c6-bdaa-14329c940c45202604302147001777607225260534030.sst sstable2/223811f1-8f4d-4cce-8cc5-706cbc4a8bc6202604302147001777607225288709641.sst into:sstable2/0_6fdfa363-aea4-46c6-b5b4-aba9cf2514cf202604302147001777607230168786488.sst
2026-05-01 03:47:10:426 - Compaction completed: 
2814121:COMPACT_START sstable=1 input_files: "sstable2/6a48bb39-2cfe-4ba3-9358-43a86f54c647202604302147001777607225334709434.sst" input_files: "sstable2/6fdfa363-aea4-46c6-b5b4-aba9cf2514cf202604302147001777607225339962113.sst" compactIntoNextLevel: false destinationLevel: 2
2026-05-01 03:47:10:545 - Compaction started: 
139669333218880:Compacting sstable2/6a48bb39-2cfe-4ba3-9358-43a86f54c647202604302147001777607225334709434.sst sstable2/6fdfa363-aea4-46c6-b5b4-aba9cf2514cf202604302147001777607225339962113.sst into:sstable2/0_6fdfa363-aea4-46c6-b5b4-aba9cf2514cf202604302147001777607230602633034.sst
2026-05-01 03:47:10:844 - Compaction completed: 
2814121:COMPACT_START sstable=1 input_files: "sstable2/fa3c7f1b-2546-46c6-bdaa-14329c940c45202604302147001777607225361351300.sst" input_files: "sstable2/44b553e2-b1b5-4dab-8b53-e33cff240a85202604302147001777607225390400479.sst" compactIntoNextLevel: false destinationLevel: 2
2026-05-01 03:47:10:879 - Compaction started: 
139669333218880:Compacting sstable2/fa3c7f1b-2546-46c6-bdaa-14329c940c45202604302147001777607225361351300.sst sstable2/44b553e2-b1b5-4dab-8b53-e33cff240a85202604302147001777607225390400479.sst into:sstable2/0_6fdfa363-aea4-46c6-b5b4-aba9cf2514cf202604302147001777607230939240488.sst
2026-05-01 03:47:11:192 - Compaction completed: 
2814121:COMPACT_START sstable=1 input_files: "sstable2/0_6fdfa363-aea4-46c6-b5b4-aba9cf2514cf202604302147001777607230602633034.sst" input_files: "sstable2/0_dbb71712-9543-41fd-86e4-a836fddef97b202604302147001777607230650751649.sst" compactIntoNextLevel: false destinationLevel: 2
2026-05-01 03:47:11:221 - Compaction started: 
139669333218880:Compacting sstable2/0_6fdfa363-aea4-46c6-b5b4-aba9cf2514cf202604302147001777607230602633034.sst sstable2/0_dbb71712-9543-41fd-86e4-a836fddef97b202604302147001777607230650751649.sst into:sstable2/1_6fdfa363-aea4-46c6-b5b4-aba9cf2514cf202604302147001777607231327023040.sst
2026-05-01 03:47:11:788 - Compaction completed: 
2814121:COMPACT_START sstable=1 input_files: "sstable2/1_6fdfa363-aea4-46c6-b5b4-aba9cf2514cf202604302147001777607231327023040.sst" input_files: "sstable2/1_44b553e2-b1b5-4dab-8b53-e33cff240a85202604302147001777607231321347948.sst" compactIntoNextLevel: false destinationLevel: 2
2026-05-01 03:47:11:857 - Compaction started: 
139669333218880:Compacting sstable2/1_6fdfa363-aea4-46c6-b5b4-aba9cf2514cf202604302147001777607231327023040.sst sstable2/1_44b553e2-b1b5-4dab-8b53-e33cff240a85202604302147001777607231321347948.sst into:sstable2/2_6fdfa363-aea4-46c6-b5b4-aba9cf2514cf202604302147001777607232038635857.sst
2026-05-01 03:47:12:854 - Compaction completed: 
2026-05-01 03:47:30:111 30 sec: 265323 operations; 8844.1 current ops/sec; est completion in 1 day 7 hours [READ: Count=265340, Max=3080191, Min=5, Avg=111.1, 90=130, 99=362, 99.9=1079, 99.99=27311] 
