# CMD: /users/Xinying/ozonedb/ycsb/bin/ycsb run ozonedb -threads 1 -s -P /users/Xinying/ozonedb/ycsb/workloads/generated_workloads/workloadc_1KB_1000000_1000000 -p status.interval=10 -p requestdistribution=sequential -p operationcount=1000000 -p maxexecutiontime=0 -p shared_config=/tmp/churn_v4_configs/shared_config_varyW_n1_r0pct.json
[WARN]  Running against a source checkout. In order to get our runtime dependencies we'll have to invoke Maven. Depending on the state of your system, this may take ~30-45 seconds
[DEBUG]  Running 'mvn -pl site.ycsb:ozonedb-binding -am package -DskipTests dependency:build-classpath -DincludeScope=compile -Dmdep.outputFilterFile=true'
/usr/lib/jvm/java-8-openjdk-amd64/bin/java -cp /users/Xinying/ozonedb/ycsb/ozonedb/conf:/users/Xinying/ozonedb/ycsb/ozonedb/target/ozonedb-binding-0.18.0-SNAPSHOT.jar:/users/Xinying/.m2/repository/org/apache/htrace/htrace-core4/4.1.0-incubating/htrace-core4-4.1.0-incubating.jar:/users/Xinying/.m2/repository/org/slf4j/slf4j-api/1.7.25/slf4j-api-1.7.25.jar:/users/Xinying/.m2/repository/org/hdrhistogram/HdrHistogram/2.1.12/HdrHistogram-2.1.12.jar:/users/Xinying/.m2/repository/ch/qos/logback/logback-classic/1.2.3/logback-classic-1.2.3.jar:/users/Xinying/.m2/repository/ozonedbjnimaven/demoproc-jni/1.0/demoproc-jni-1.0.jar:/users/Xinying/.m2/repository/ch/qos/logback/logback-core/1.2.3/logback-core-1.2.3.jar:/users/Xinying/.m2/repository/org/codehaus/jackson/jackson-mapper-asl/1.9.4/jackson-mapper-asl-1.9.4.jar:/users/Xinying/.m2/repository/org/slf4j/slf4j-simple/1.7.25/slf4j-simple-1.7.25.jar:/users/Xinying/.m2/repository/org/codehaus/jackson/jackson-core-asl/1.9.4/jackson-core-asl-1.9.4.jar:/users/Xinying/ozonedb/ycsb/core/target/core-0.18.0-SNAPSHOT.jar site.ycsb.Client -db site.ycsb.db.OzoneDBClient -threads 1 -s -P /users/Xinying/ozonedb/ycsb/workloads/generated_workloads/workloadc_1KB_1000000_1000000 -p status.interval=10 -p requestdistribution=sequential -p operationcount=1000000 -p maxexecutiontime=0 -p shared_config=/tmp/churn_v4_configs/shared_config_varyW_n1_r0pct.json -t
Command line: -db site.ycsb.db.OzoneDBClient -threads 1 -s -P /users/Xinying/ozonedb/ycsb/workloads/generated_workloads/workloadc_1KB_1000000_1000000 -p status.interval=10 -p requestdistribution=sequential -p operationcount=1000000 -p maxexecutiontime=0 -p shared_config=/tmp/churn_v4_configs/shared_config_varyW_n1_r0pct.json -t
YCSB Client 0.18.0-SNAPSHOT

Loading workload...
Starting test.
SLF4J: Class path contains multiple SLF4J bindings.
SLF4J: Found binding in [jar:file:/users/Xinying/.m2/repository/ch/qos/logback/logback-classic/1.2.3/logback-classic-1.2.3.jar!/org/slf4j/impl/StaticLoggerBinder.class]
SLF4J: Found binding in [jar:file:/users/Xinying/.m2/repository/org/slf4j/slf4j-simple/1.7.25/slf4j-simple-1.7.25.jar!/org/slf4j/impl/StaticLoggerBinder.class]
SLF4J: See http://www.slf4j.org/codes.html#multiple_bindings for an explanation.
SLF4J: Actual binding is of type [ch.qos.logback.classic.util.ContextSelectorStaticBinder]
2026-05-01 03:38:47:873 0 sec: 0 operations; est completion in 0 second 
Starting compaction watcher
DBWrapper: report latency for each error is false and specific error codes to track for latency are: []
2790621:COMPACT_START sstable=1 input_files: "sstable2/8120d323-52dc-4623-8255-3809acdb508e202604302136261777606644706983986.sst" input_files: "sstable2/8120d323-52dc-4623-8255-3809acdb508e202604302136261777606644808999369.sst" compactIntoNextLevel: false destinationLevel: 2
2026-05-01 03:38:48:296 - Compaction started: 
140342175180352:Compacting sstable2/8120d323-52dc-4623-8255-3809acdb508e202604302136261777606644706983986.sst sstable2/8120d323-52dc-4623-8255-3809acdb508e202604302136261777606644808999369.sst into:sstable2/0_0c7e2a29-718c-4488-adac-e6290eaf7ef7202604302138471777606728345223642.sst
2026-05-01 03:38:48:407 - Compaction completed: 
2790621:COMPACT_START sstable=1 input_files: "sstable2/8120d323-52dc-4623-8255-3809acdb508e202604302136261777606644910678863.sst" input_files: "sstable2/8120d323-52dc-4623-8255-3809acdb508e202604302136261777606645012373274.sst" compactIntoNextLevel: false destinationLevel: 2
2026-05-01 03:38:48:499 - Compaction started: 
140342175180352:Compacting sstable2/8120d323-52dc-4623-8255-3809acdb508e202604302136261777606644910678863.sst sstable2/8120d323-52dc-4623-8255-3809acdb508e202604302136261777606645012373274.sst into:sstable2/0_0c7e2a29-718c-4488-adac-e6290eaf7ef7202604302138471777606728538332653.sst
2026-05-01 03:38:48:614 - Compaction completed: 
2790621:COMPACT_START sstable=1 input_files: "sstable2/0_0c7e2a29-718c-4488-adac-e6290eaf7ef7202604302138471777606728345223642.sst" input_files: "sstable2/0_0c7e2a29-718c-4488-adac-e6290eaf7ef7202604302138471777606728538332653.sst" compactIntoNextLevel: false destinationLevel: 2
2026-05-01 03:38:48:702 - Compaction started: 
140342175180352:Compacting sstable2/0_0c7e2a29-718c-4488-adac-e6290eaf7ef7202604302138471777606728345223642.sst sstable2/0_0c7e2a29-718c-4488-adac-e6290eaf7ef7202604302138471777606728538332653.sst into:sstable2/1_0c7e2a29-718c-4488-adac-e6290eaf7ef7202604302138471777606728781186466.sst
2026-05-01 03:38:48:900 - Compaction completed: 
2790621:COMPACT_START sstable=1 input_files: "sstable2/8120d323-52dc-4623-8255-3809acdb508e202604302136261777606645114028331.sst" input_files: "sstable2/8120d323-52dc-4623-8255-3809acdb508e202604302136261777606645215740105.sst" compactIntoNextLevel: false destinationLevel: 2
2026-05-01 03:38:48:905 - Compaction started: 
140342175180352:Compacting sstable2/8120d323-52dc-4623-8255-3809acdb508e202604302136261777606645114028331.sst sstable2/8120d323-52dc-4623-8255-3809acdb508e202604302136261777606645215740105.sst into:sstable2/0_0c7e2a29-718c-4488-adac-e6290eaf7ef7202604302138471777606728944134859.sst
2026-05-01 03:38:49:002 - Compaction completed: 
2790621:COMPACT_START sstable=1 input_files: "sstable2/8120d323-52dc-4623-8255-3809acdb508e202604302136261777606645317513454.sst" input_files: "sstable2/8120d323-52dc-4623-8255-3809acdb508e202604302136261777606645418993944.sst" compactIntoNextLevel: false destinationLevel: 2
2026-05-01 03:38:49:009 - Compaction started: 
140342175180352:Compacting sstable2/8120d323-52dc-4623-8255-3809acdb508e202604302136261777606645317513454.sst sstable2/8120d323-52dc-4623-8255-3809acdb508e202604302136261777606645418993944.sst into:sstable2/0_0c7e2a29-718c-4488-adac-e6290eaf7ef7202604302138471777606729047780055.sst
2026-05-01 03:38:49:107 - Compaction completed: 
2790621:COMPACT_START sstable=1 input_files: "sstable2/8120d323-52dc-4623-8255-3809acdb508e202604302136261777606645520826795.sst" input_files: "sstable2/8120d323-52dc-4623-8255-3809acdb508e202604302136261777606645622605183.sst" compactIntoNextLevel: false destinationLevel: 2
2026-05-01 03:38:49:113 - Compaction started: 
140342175180352:Compacting sstable2/8120d323-52dc-4623-8255-3809acdb508e202604302136261777606645520826795.sst sstable2/8120d323-52dc-4623-8255-3809acdb508e202604302136261777606645622605183.sst into:sstable2/0_0c7e2a29-718c-4488-adac-e6290eaf7ef7202604302138471777606729151823800.sst
2026-05-01 03:38:49:210 - Compaction completed: 
2790621:COMPACT_START sstable=1 input_files: "sstable2/0_0c7e2a29-718c-4488-adac-e6290eaf7ef7202604302138471777606728944134859.sst" input_files: "sstable2/0_0c7e2a29-718c-4488-adac-e6290eaf7ef7202604302138471777606729047780055.sst" compactIntoNextLevel: false destinationLevel: 2
2026-05-01 03:38:49:216 - Compaction started: 
140342175180352:Compacting sstable2/0_0c7e2a29-718c-4488-adac-e6290eaf7ef7202604302138471777606728944134859.sst sstable2/0_0c7e2a29-718c-4488-adac-e6290eaf7ef7202604302138471777606729047780055.sst into:sstable2/1_0c7e2a29-718c-4488-adac-e6290eaf7ef7202604302138471777606729286398867.sst
2026-05-01 03:38:49:403 - Compaction completed: 
2790621:COMPACT_START sstable=1 input_files: "sstable2/8120d323-52dc-4623-8255-3809acdb508e202604302136261777606645724685618.sst" input_files: "sstable2/8120d323-52dc-4623-8255-3809acdb508e202604302136261777606645825643018.sst" compactIntoNextLevel: false destinationLevel: 2
2026-05-01 03:38:49:420 - Compaction started: 
140342175180352:Compacting sstable2/8120d323-52dc-4623-8255-3809acdb508e202604302136261777606645724685618.sst sstable2/8120d323-52dc-4623-8255-3809acdb508e202604302136261777606645825643018.sst into:sstable2/0_0c7e2a29-718c-4488-adac-e6290eaf7ef7202604302138471777606729460696722.sst
2026-05-01 03:38:49:521 - Compaction completed: 
2790621:COMPACT_START sstable=1 input_files: "sstable2/8120d323-52dc-4623-8255-3809acdb508e202604302136261777606645927239335.sst" input_files: "sstable2/8120d323-52dc-4623-8255-3809acdb508e202604302136261777606646029075121.sst" compactIntoNextLevel: false destinationLevel: 2
2026-05-01 03:38:49:526 - Compaction started: 
140342175180352:Compacting sstable2/8120d323-52dc-4623-8255-3809acdb508e202604302136261777606645927239335.sst sstable2/8120d323-52dc-4623-8255-3809acdb508e202604302136261777606646029075121.sst into:sstable2/0_0c7e2a29-718c-4488-adac-e6290eaf7ef7202604302138471777606729565982456.sst
2026-05-01 03:38:49:627 - Compaction completed: 
2790621:COMPACT_START sstable=1 input_files: "sstable2/0_0c7e2a29-718c-4488-adac-e6290eaf7ef7202604302138471777606729151823800.sst" input_files: "sstable2/0_0c7e2a29-718c-4488-adac-e6290eaf7ef7202604302138471777606729460696722.sst" compactIntoNextLevel: false destinationLevel: 2
2026-05-01 03:38:49:631 - Compaction started: 
140342175180352:Compacting sstable2/0_0c7e2a29-718c-4488-adac-e6290eaf7ef7202604302138471777606729151823800.sst sstable2/0_0c7e2a29-718c-4488-adac-e6290eaf7ef7202604302138471777606729460696722.sst into:sstable2/1_0c7e2a29-718c-4488-adac-e6290eaf7ef7202604302138471777606729702969385.sst
2026-05-01 03:38:49:828 - Compaction completed: 
2790621:COMPACT_START sstable=1 input_files: "sstable2/8120d323-52dc-4623-8255-3809acdb508e202604302136261777606646130604824.sst" input_files: "sstable2/8120d323-52dc-4623-8255-3809acdb508e202604302136261777606646232275460.sst" compactIntoNextLevel: false destinationLevel: 2
2026-05-01 03:38:49:836 - Compaction started: 
140342175180352:Compacting sstable2/8120d323-52dc-4623-8255-3809acdb508e202604302136261777606646130604824.sst sstable2/8120d323-52dc-4623-8255-3809acdb508e202604302136261777606646232275460.sst into:sstable2/0_0c7e2a29-718c-4488-adac-e6290eaf7ef7202604302138471777606729877527369.sst
2026-05-01 03:38:49:938 - Compaction completed: 
2790621:COMPACT_START sstable=1 input_files: "sstable2/8120d323-52dc-4623-8255-3809acdb508e202604302136261777606646334316491.sst" input_files: "sstable2/8120d323-52dc-4623-8255-3809acdb508e202604302136261777606646434335190.sst" compactIntoNextLevel: false destinationLevel: 2
2026-05-01 03:38:49:944 - Compaction started: 
140342175180352:Compacting sstable2/8120d323-52dc-4623-8255-3809acdb508e202604302136261777606646334316491.sst sstable2/8120d323-52dc-4623-8255-3809acdb508e202604302136261777606646434335190.sst into:sstable2/0_0c7e2a29-718c-4488-adac-e6290eaf7ef7202604302138471777606729984749663.sst
2026-05-01 03:38:50:045 - Compaction completed: 
2790621:COMPACT_START sstable=1 input_files: "sstable2/0_0c7e2a29-718c-4488-adac-e6290eaf7ef7202604302138471777606729565982456.sst" input_files: "sstable2/0_0c7e2a29-718c-4488-adac-e6290eaf7ef7202604302138471777606729877527369.sst" compactIntoNextLevel: false destinationLevel: 2
2026-05-01 03:38:50:049 - Compaction started: 
140342175180352:Compacting sstable2/0_0c7e2a29-718c-4488-adac-e6290eaf7ef7202604302138471777606729565982456.sst sstable2/0_0c7e2a29-718c-4488-adac-e6290eaf7ef7202604302138471777606729877527369.sst into:sstable2/1_0c7e2a29-718c-4488-adac-e6290eaf7ef7202604302138471777606730125098207.sst
2026-05-01 03:38:50:246 - Compaction completed: 
2790621:COMPACT_START sstable=1 input_files: "sstable2/8120d323-52dc-4623-8255-3809acdb508e202604302136261777606646536686453.sst" input_files: "sstable2/8120d323-52dc-4623-8255-3809acdb508e202604302136261777606646638528762.sst" compactIntoNextLevel: false destinationLevel: 2
2026-05-01 03:38:50:254 - Compaction started: 
140342175180352:Compacting sstable2/8120d323-52dc-4623-8255-3809acdb508e202604302136261777606646536686453.sst sstable2/8120d323-52dc-4623-8255-3809acdb508e202604302136261777606646638528762.sst into:sstable2/0_0c7e2a29-718c-4488-adac-e6290eaf7ef7202604302138471777606730295530744.sst
2026-05-01 03:38:50:356 - Compaction completed: 
2790621:COMPACT_START sstable=1 input_files: "sstable2/8120d323-52dc-4623-8255-3809acdb508e202604302136261777606646738753176.sst" input_files: "sstable2/8120d323-52dc-4623-8255-3809acdb508e202604302136261777606646840238335.sst" compactIntoNextLevel: false destinationLevel: 2
2026-05-01 03:38:50:362 - Compaction started: 
140342175180352:Compacting sstable2/8120d323-52dc-4623-8255-3809acdb508e202604302136261777606646738753176.sst sstable2/8120d323-52dc-4623-8255-3809acdb508e202604302136261777606646840238335.sst into:sstable2/0_0c7e2a29-718c-4488-adac-e6290eaf7ef7202604302138471777606730399619553.sst
2026-05-01 03:38:50:455 - Compaction completed: 
2790621:COMPACT_START sstable=1 input_files: "sstable2/0_0c7e2a29-718c-4488-adac-e6290eaf7ef7202604302138471777606729984749663.sst" input_files: "sstable2/0_0c7e2a29-718c-4488-adac-e6290eaf7ef7202604302138471777606730295530744.sst" compactIntoNextLevel: false destinationLevel: 2
2026-05-01 03:38:50:466 - Compaction started: 
140342175180352:Compacting sstable2/0_0c7e2a29-718c-4488-adac-e6290eaf7ef7202604302138471777606729984749663.sst sstable2/0_0c7e2a29-718c-4488-adac-e6290eaf7ef7202604302138471777606730295530744.sst into:sstable2/1_0c7e2a29-718c-4488-adac-e6290eaf7ef7202604302138471777606730538799625.sst
2026-05-01 03:38:50:659 - Compaction completed: 
2790621:COMPACT_START sstable=1 input_files: "sstable2/8120d323-52dc-4623-8255-3809acdb508e202604302136261777606646942457290.sst" input_files: "sstable2/8120d323-52dc-4623-8255-3809acdb508e202604302136261777606647045039866.sst" compactIntoNextLevel: false destinationLevel: 2
2026-05-01 03:38:50:672 - Compaction started: 
140342175180352:Compacting sstable2/8120d323-52dc-4623-8255-3809acdb508e202604302136261777606646942457290.sst sstable2/8120d323-52dc-4623-8255-3809acdb508e202604302136261777606647045039866.sst into:sstable2/0_0c7e2a29-718c-4488-adac-e6290eaf7ef7202604302138471777606730711077012.sst
2026-05-01 03:38:50:769 - Compaction completed: 
2790621:COMPACT_START sstable=1 input_files: "sstable2/8120d323-52dc-4623-8255-3809acdb508e202604302136261777606647146093135.sst" input_files: "sstable2/8120d323-52dc-4623-8255-3809acdb508e202604302136261777606647247194454.sst" compactIntoNextLevel: false destinationLevel: 2
2026-05-01 03:38:50:778 - Compaction started: 
140342175180352:Compacting sstable2/8120d323-52dc-4623-8255-3809acdb508e202604302136261777606647146093135.sst sstable2/8120d323-52dc-4623-8255-3809acdb508e202604302136261777606647247194454.sst into:sstable2/0_0c7e2a29-718c-4488-adac-e6290eaf7ef7202604302138471777606730816940648.sst
2026-05-01 03:38:50:875 - Compaction completed: 
2790621:COMPACT_START sstable=1 input_files: "sstable2/0_0c7e2a29-718c-4488-adac-e6290eaf7ef7202604302138471777606730399619553.sst" input_files: "sstable2/0_0c7e2a29-718c-4488-adac-e6290eaf7ef7202604302138471777606730711077012.sst" compactIntoNextLevel: false destinationLevel: 2
2026-05-01 03:38:50:883 - Compaction started: 
140342175180352:Compacting sstable2/0_0c7e2a29-718c-4488-adac-e6290eaf7ef7202604302138471777606730399619553.sst sstable2/0_0c7e2a29-718c-4488-adac-e6290eaf7ef7202604302138471777606730711077012.sst into:sstable2/1_0c7e2a29-718c-4488-adac-e6290eaf7ef7202604302138471777606730950466147.sst
2026-05-01 03:38:51:064 - Compaction completed: 
2790621:COMPACT_START sstable=1 input_files: "sstable2/8120d323-52dc-4623-8255-3809acdb508e202604302136261777606647349125699.sst" input_files: "sstable2/8120d323-52dc-4623-8255-3809acdb508e202604302136261777606647450819490.sst" compactIntoNextLevel: false destinationLevel: 2
2026-05-01 03:38:51:090 - Compaction started: 
140342175180352:Compacting sstable2/8120d323-52dc-4623-8255-3809acdb508e202604302136261777606647349125699.sst sstable2/8120d323-52dc-4623-8255-3809acdb508e202604302136261777606647450819490.sst into:sstable2/0_0c7e2a29-718c-4488-adac-e6290eaf7ef7202604302138471777606731128067728.sst
2026-05-01 03:38:51:185 - Compaction completed: 
2790621:COMPACT_START sstable=1 input_files: "sstable2/8120d323-52dc-4623-8255-3809acdb508e202604302136261777606647552197487.sst" input_files: "sstable2/8120d323-52dc-4623-8255-3809acdb508e202604302136261777606647654932460.sst" compactIntoNextLevel: false destinationLevel: 2
2026-05-01 03:38:51:196 - Compaction started: 
140342175180352:Compacting sstable2/8120d323-52dc-4623-8255-3809acdb508e202604302136261777606647552197487.sst sstable2/8120d323-52dc-4623-8255-3809acdb508e202604302136261777606647654932460.sst into:sstable2/0_0c7e2a29-718c-4488-adac-e6290eaf7ef7202604302138471777606731235355275.sst
2026-05-01 03:38:51:294 - Compaction completed: 
2790621:Task input_files: "sstable2/0_8120d323-52dc-4623-8255-3809acdb508e202604302136261777606704104581953.sst" input_files: "sstable2/0_8120d323-52dc-4623-8255-3809acdb508e202604302136261777606704625265810.sst" compactIntoNextLevel: false destinationLevel: 2 is dead (hb=30)
2790621:Found dead task input_files: "sstable2/0_8120d323-52dc-4623-8255-3809acdb508e202604302136261777606704104581953.sst" input_files: "sstable2/0_8120d323-52dc-4623-8255-3809acdb508e202604302136261777606704625265810.sst" compactIntoNextLevel: false destinationLevel: 2
2790621:COMPACT_START sstable=1 input_files: "sstable2/0_8120d323-52dc-4623-8255-3809acdb508e202604302136261777606704104581953.sst" input_files: "sstable2/0_8120d323-52dc-4623-8255-3809acdb508e202604302136261777606704625265810.sst" compactIntoNextLevel: false destinationLevel: 2
2026-05-01 03:38:51:298 - Compaction started: 
140342175180352:Compacting sstable2/0_8120d323-52dc-4623-8255-3809acdb508e202604302136261777606704104581953.sst sstable2/0_8120d323-52dc-4623-8255-3809acdb508e202604302136261777606704625265810.sst into:sstable2/0c7e2a29-718c-4488-adac-e6290eaf7ef7202604302138471777606731377111187.sst
2026-05-01 03:38:51:494 - Compaction completed: 
2790621:COMPACT_START sstable=1 input_files: "sstable2/0_0c7e2a29-718c-4488-adac-e6290eaf7ef7202604302138471777606730816940648.sst" input_files: "sstable2/0_0c7e2a29-718c-4488-adac-e6290eaf7ef7202604302138471777606731128067728.sst" compactIntoNextLevel: false destinationLevel: 2
2026-05-01 03:38:51:504 - Compaction started: 
140342175180352:Compacting sstable2/0_0c7e2a29-718c-4488-adac-e6290eaf7ef7202604302138471777606730816940648.sst sstable2/0_0c7e2a29-718c-4488-adac-e6290eaf7ef7202604302138471777606731128067728.sst into:sstable2/1_0c7e2a29-718c-4488-adac-e6290eaf7ef7202604302138471777606731572272736.sst
2026-05-01 03:38:51:687 - Compaction completed: 
2790621:COMPACT_START sstable=1 input_files: "sstable2/8120d323-52dc-4623-8255-3809acdb508e202604302136261777606647755102342.sst" input_files: "sstable2/8120d323-52dc-4623-8255-3809acdb508e202604302136261777606647859643181.sst" compactIntoNextLevel: false destinationLevel: 2
2026-05-01 03:38:51:713 - Compaction started: 
140342175180352:Compacting sstable2/8120d323-52dc-4623-8255-3809acdb508e202604302136261777606647755102342.sst sstable2/8120d323-52dc-4623-8255-3809acdb508e202604302136261777606647859643181.sst into:sstable2/0_0c7e2a29-718c-4488-adac-e6290eaf7ef7202604302138471777606731750672935.sst
2026-05-01 03:38:51:807 - Compaction completed: 
2790621:COMPACT_START sstable=1 input_files: "sstable2/8120d323-52dc-4623-8255-3809acdb508e202604302136261777606647961009015.sst" input_files: "sstable2/8120d323-52dc-4623-8255-3809acdb508e202604302136261777606648064085238.sst" compactIntoNextLevel: false destinationLevel: 2
2026-05-01 03:38:51:823 - Compaction started: 
140342175180352:Compacting sstable2/8120d323-52dc-4623-8255-3809acdb508e202604302136261777606647961009015.sst sstable2/8120d323-52dc-4623-8255-3809acdb508e202604302136261777606648064085238.sst into:sstable2/0_0c7e2a29-718c-4488-adac-e6290eaf7ef7202604302138471777606731860384467.sst
2026-05-01 03:38:51:917 - Compaction completed: 
2790621:COMPACT_START sstable=1 input_files: "sstable2/8120d323-52dc-4623-8255-3809acdb508e202604302136261777606648166655872.sst" input_files: "sstable2/8120d323-52dc-4623-8255-3809acdb508e202604302136261777606648269928353.sst" compactIntoNextLevel: false destinationLevel: 2
2026-05-01 03:38:51:934 - Compaction started: 
140342175180352:Compacting sstable2/8120d323-52dc-4623-8255-3809acdb508e202604302136261777606648166655872.sst sstable2/8120d323-52dc-4623-8255-3809acdb508e202604302136261777606648269928353.sst into:sstable2/0_0c7e2a29-718c-4488-adac-e6290eaf7ef7202604302138471777606731972655289.sst
2026-05-01 03:38:52:030 - Compaction completed: 
2790621:COMPACT_START sstable=1 input_files: "sstable2/8120d323-52dc-4623-8255-3809acdb508e202604302136261777606648371898631.sst" input_files: "sstable2/8120d323-52dc-4623-8255-3809acdb508e202604302136261777606648473436799.sst" compactIntoNextLevel: false destinationLevel: 2
2026-05-01 03:38:52:047 - Compaction started: 
140342175180352:Compacting sstable2/8120d323-52dc-4623-8255-3809acdb508e202604302136261777606648371898631.sst sstable2/8120d323-52dc-4623-8255-3809acdb508e202604302136261777606648473436799.sst into:sstable2/0_0c7e2a29-718c-4488-adac-e6290eaf7ef7202604302138471777606732084115310.sst
2026-05-01 03:38:52:140 - Compaction completed: 
2790621:COMPACT_START sstable=1 input_files: "sstable2/8120d323-52dc-4623-8255-3809acdb508e202604302136261777606648575632330.sst" input_files: "sstable2/8120d323-52dc-4623-8255-3809acdb508e202604302136261777606648677579445.sst" compactIntoNextLevel: false destinationLevel: 2
2026-05-01 03:38:52:161 - Compaction started: 
140342175180352:Compacting sstable2/8120d323-52dc-4623-8255-3809acdb508e202604302136261777606648575632330.sst sstable2/8120d323-52dc-4623-8255-3809acdb508e202604302136261777606648677579445.sst into:sstable2/0_0c7e2a29-718c-4488-adac-e6290eaf7ef7202604302138471777606732199437173.sst
2026-05-01 03:38:52:258 - Compaction completed: 
2790621:COMPACT_START sstable=1 input_files: "sstable2/8120d323-52dc-4623-8255-3809acdb508e202604302136261777606648778964396.sst" input_files: "sstable2/8120d323-52dc-4623-8255-3809acdb508e202604302136261777606648880621587.sst" compactIntoNextLevel: false destinationLevel: 2
2026-05-01 03:38:52:276 - Compaction started: 
140342175180352:Compacting sstable2/8120d323-52dc-4623-8255-3809acdb508e202604302136261777606648778964396.sst sstable2/8120d323-52dc-4623-8255-3809acdb508e202604302136261777606648880621587.sst into:sstable2/0_0c7e2a29-718c-4488-adac-e6290eaf7ef7202604302138471777606732315613348.sst
2026-05-01 03:38:52:375 - Compaction completed: 
2790621:COMPACT_START sstable=1 input_files: "sstable2/8120d323-52dc-4623-8255-3809acdb508e202604302136261777606648981372519.sst" input_files: "sstable2/8120d323-52dc-4623-8255-3809acdb508e202604302136261777606649083094301.sst" compactIntoNextLevel: false destinationLevel: 2
2026-05-01 03:38:52:391 - Compaction started: 
140342175180352:Compacting sstable2/8120d323-52dc-4623-8255-3809acdb508e202604302136261777606648981372519.sst sstable2/8120d323-52dc-4623-8255-3809acdb508e202604302136261777606649083094301.sst into:sstable2/0_0c7e2a29-718c-4488-adac-e6290eaf7ef7202604302138471777606732429725833.sst
2026-05-01 03:38:52:486 - Compaction completed: 
2790621:COMPACT_START sstable=1 input_files: "sstable2/8120d323-52dc-4623-8255-3809acdb508e202604302136261777606649184468943.sst" input_files: "sstable2/8120d323-52dc-4623-8255-3809acdb508e202604302136261777606649285900641.sst" compactIntoNextLevel: false destinationLevel: 2
2026-05-01 03:38:52:509 - Compaction started: 
140342175180352:Compacting sstable2/8120d323-52dc-4623-8255-3809acdb508e202604302136261777606649184468943.sst sstable2/8120d323-52dc-4623-8255-3809acdb508e202604302136261777606649285900641.sst into:sstable2/0_0c7e2a29-718c-4488-adac-e6290eaf7ef7202604302138471777606732547156430.sst
2026-05-01 03:38:52:604 - Compaction completed: 
2790621:COMPACT_START sstable=1 input_files: "sstable2/8120d323-52dc-4623-8255-3809acdb508e202604302136261777606649387363087.sst" input_files: "sstable2/8120d323-52dc-4623-8255-3809acdb508e202604302136261777606649488789796.sst" compactIntoNextLevel: false destinationLevel: 2
2026-05-01 03:38:52:627 - Compaction started: 
140342175180352:Compacting sstable2/8120d323-52dc-4623-8255-3809acdb508e202604302136261777606649387363087.sst sstable2/8120d323-52dc-4623-8255-3809acdb508e202604302136261777606649488789796.sst into:sstable2/0_0c7e2a29-718c-4488-adac-e6290eaf7ef7202604302138471777606732664366764.sst
2026-05-01 03:38:52:720 - Compaction completed: 
2790621:COMPACT_START sstable=1 input_files: "sstable2/8120d323-52dc-4623-8255-3809acdb508e202604302136261777606649590815038.sst" input_files: "sstable2/8120d323-52dc-4623-8255-3809acdb508e202604302136261777606649691170508.sst" compactIntoNextLevel: false destinationLevel: 2
2026-05-01 03:38:52:747 - Compaction started: 
140342175180352:Compacting sstable2/8120d323-52dc-4623-8255-3809acdb508e202604302136261777606649590815038.sst sstable2/8120d323-52dc-4623-8255-3809acdb508e202604302136261777606649691170508.sst into:sstable2/0_0c7e2a29-718c-4488-adac-e6290eaf7ef7202604302138471777606732783513951.sst
2026-05-01 03:38:52:838 - Compaction completed: 
2790621:COMPACT_START sstable=1 input_files: "sstable2/8120d323-52dc-4623-8255-3809acdb508e202604302136261777606649793276521.sst" input_files: "sstable2/8120d323-52dc-4623-8255-3809acdb508e202604302136261777606649894512061.sst" compactIntoNextLevel: false destinationLevel: 2
2026-05-01 03:38:52:868 - Compaction started: 
140342175180352:Compacting sstable2/8120d323-52dc-4623-8255-3809acdb508e202604302136261777606649793276521.sst sstable2/8120d323-52dc-4623-8255-3809acdb508e202604302136261777606649894512061.sst into:sstable2/0_0c7e2a29-718c-4488-adac-e6290eaf7ef7202604302138471777606732903977125.sst
2026-05-01 03:38:52:957 - Compaction completed: 
2790621:COMPACT_START sstable=1 input_files: "sstable2/8120d323-52dc-4623-8255-3809acdb508e202604302136261777606649995940995.sst" input_files: "sstable2/8120d323-52dc-4623-8255-3809acdb508e202604302136261777606650097320926.sst" compactIntoNextLevel: false destinationLevel: 2
2026-05-01 03:38:52:991 - Compaction started: 
140342175180352:Compacting sstable2/8120d323-52dc-4623-8255-3809acdb508e202604302136261777606649995940995.sst sstable2/8120d323-52dc-4623-8255-3809acdb508e202604302136261777606650097320926.sst into:sstable2/0_0c7e2a29-718c-4488-adac-e6290eaf7ef7202604302138471777606733026266904.sst
2026-05-01 03:38:53:079 - Compaction completed: 
2790621:COMPACT_START sstable=1 input_files: "sstable2/8120d323-52dc-4623-8255-3809acdb508e202604302136261777606650199899024.sst" input_files: "sstable2/8120d323-52dc-4623-8255-3809acdb508e202604302136261777606650300447456.sst" compactIntoNextLevel: false destinationLevel: 2
2026-05-01 03:38:53:114 - Compaction started: 
140342175180352:Compacting sstable2/8120d323-52dc-4623-8255-3809acdb508e202604302136261777606650199899024.sst sstable2/8120d323-52dc-4623-8255-3809acdb508e202604302136261777606650300447456.sst into:sstable2/0_0c7e2a29-718c-4488-adac-e6290eaf7ef7202604302138471777606733150262111.sst
2026-05-01 03:38:53:204 - Compaction completed: 
2790621:COMPACT_START sstable=1 input_files: "sstable2/8120d323-52dc-4623-8255-3809acdb508e202604302136261777606650401861742.sst" input_files: "sstable2/8120d323-52dc-4623-8255-3809acdb508e202604302136261777606650503417162.sst" compactIntoNextLevel: false destinationLevel: 2
2026-05-01 03:38:53:239 - Compaction started: 
140342175180352:Compacting sstable2/8120d323-52dc-4623-8255-3809acdb508e202604302136261777606650401861742.sst sstable2/8120d323-52dc-4623-8255-3809acdb508e202604302136261777606650503417162.sst into:sstable2/0_0c7e2a29-718c-4488-adac-e6290eaf7ef7202604302138471777606733274660334.sst
2026-05-01 03:38:53:328 - Compaction completed: 
2790621:COMPACT_START sstable=1 input_files: "sstable2/8120d323-52dc-4623-8255-3809acdb508e202604302136261777606650605105883.sst" input_files: "sstable2/8120d323-52dc-4623-8255-3809acdb508e202604302136261777606650706781398.sst" compactIntoNextLevel: false destinationLevel: 2
2026-05-01 03:38:53:365 - Compaction started: 
140342175180352:Compacting sstable2/8120d323-52dc-4623-8255-3809acdb508e202604302136261777606650605105883.sst sstable2/8120d323-52dc-4623-8255-3809acdb508e202604302136261777606650706781398.sst into:sstable2/0_0c7e2a29-718c-4488-adac-e6290eaf7ef7202604302138471777606733399813173.sst
2026-05-01 03:38:53:452 - Compaction completed: 
2790621:COMPACT_START sstable=1 input_files: "sstable2/8120d323-52dc-4623-8255-3809acdb508e202604302136261777606650809547038.sst" input_files: "sstable2/8120d323-52dc-4623-8255-3809acdb508e202604302136261777606650910252385.sst" compactIntoNextLevel: false destinationLevel: 2
2026-05-01 03:38:53:492 - Compaction started: 
140342175180352:Compacting sstable2/8120d323-52dc-4623-8255-3809acdb508e202604302136261777606650809547038.sst sstable2/8120d323-52dc-4623-8255-3809acdb508e202604302136261777606650910252385.sst into:sstable2/0_0c7e2a29-718c-4488-adac-e6290eaf7ef7202604302138471777606733528934172.sst
2026-05-01 03:38:53:584 - Compaction completed: 
2790621:COMPACT_START sstable=1 input_files: "sstable2/8120d323-52dc-4623-8255-3809acdb508e202604302136261777606651010716709.sst" input_files: "sstable2/8120d323-52dc-4623-8255-3809acdb508e202604302136261777606651112558106.sst" compactIntoNextLevel: false destinationLevel: 2
2026-05-01 03:38:53:620 - Compaction started: 
140342175180352:Compacting sstable2/8120d323-52dc-4623-8255-3809acdb508e202604302136261777606651010716709.sst sstable2/8120d323-52dc-4623-8255-3809acdb508e202604302136261777606651112558106.sst into:sstable2/0_0c7e2a29-718c-4488-adac-e6290eaf7ef7202604302138471777606733655296428.sst
2026-05-01 03:38:53:707 - Compaction completed: 
2790621:COMPACT_START sstable=1 input_files: "sstable2/8120d323-52dc-4623-8255-3809acdb508e202604302136261777606651214222791.sst" input_files: "sstable2/8120d323-52dc-4623-8255-3809acdb508e202604302136261777606651315889170.sst" compactIntoNextLevel: false destinationLevel: 2
2026-05-01 03:38:53:750 - Compaction started: 
140342175180352:Compacting sstable2/8120d323-52dc-4623-8255-3809acdb508e202604302136261777606651214222791.sst sstable2/8120d323-52dc-4623-8255-3809acdb508e202604302136261777606651315889170.sst into:sstable2/0_0c7e2a29-718c-4488-adac-e6290eaf7ef7202604302138471777606733786407880.sst
2026-05-01 03:38:53:840 - Compaction completed: 
2790621:COMPACT_START sstable=1 input_files: "sstable2/8120d323-52dc-4623-8255-3809acdb508e202604302136261777606651418501702.sst" input_files: "sstable2/8120d323-52dc-4623-8255-3809acdb508e202604302136261777606651518827777.sst" compactIntoNextLevel: false destinationLevel: 2
2026-05-01 03:38:53:881 - Compaction started: 
140342175180352:Compacting sstable2/8120d323-52dc-4623-8255-3809acdb508e202604302136261777606651418501702.sst sstable2/8120d323-52dc-4623-8255-3809acdb508e202604302136261777606651518827777.sst into:sstable2/0_0c7e2a29-718c-4488-adac-e6290eaf7ef7202604302138471777606733920200629.sst
2026-05-01 03:38:53:978 - Compaction completed: 
2790621:COMPACT_START sstable=1 input_files: "sstable2/8120d323-52dc-4623-8255-3809acdb508e202604302136261777606651619520539.sst" input_files: "sstable2/8120d323-52dc-4623-8255-3809acdb508e202604302136261777606651721048478.sst" compactIntoNextLevel: false destinationLevel: 2
2026-05-01 03:38:54:013 - Compaction started: 
140342175180352:Compacting sstable2/8120d323-52dc-4623-8255-3809acdb508e202604302136261777606651619520539.sst sstable2/8120d323-52dc-4623-8255-3809acdb508e202604302136261777606651721048478.sst into:sstable2/0_0c7e2a29-718c-4488-adac-e6290eaf7ef7202604302138471777606734048077055.sst
2026-05-01 03:38:54:100 - Compaction completed: 
2790621:COMPACT_START sstable=1 input_files: "sstable2/8120d323-52dc-4623-8255-3809acdb508e202604302136261777606651823669938.sst" input_files: "sstable2/8120d323-52dc-4623-8255-3809acdb508e202604302136261777606651925338050.sst" compactIntoNextLevel: false destinationLevel: 2
2026-05-01 03:38:54:146 - Compaction started: 
140342175180352:Compacting sstable2/8120d323-52dc-4623-8255-3809acdb508e202604302136261777606651823669938.sst sstable2/8120d323-52dc-4623-8255-3809acdb508e202604302136261777606651925338050.sst into:sstable2/0_0c7e2a29-718c-4488-adac-e6290eaf7ef7202604302138471777606734183522824.sst
2026-05-01 03:38:54:239 - Compaction completed: 
2790621:COMPACT_START sstable=1 input_files: "sstable2/8120d323-52dc-4623-8255-3809acdb508e202604302136261777606652026855599.sst" input_files: "sstable2/8120d323-52dc-4623-8255-3809acdb508e202604302136261777606652128436487.sst" compactIntoNextLevel: false destinationLevel: 2
2026-05-01 03:38:54:281 - Compaction started: 
140342175180352:Compacting sstable2/8120d323-52dc-4623-8255-3809acdb508e202604302136261777606652026855599.sst sstable2/8120d323-52dc-4623-8255-3809acdb508e202604302136261777606652128436487.sst into:sstable2/0_0c7e2a29-718c-4488-adac-e6290eaf7ef7202604302138471777606734318707584.sst
2026-05-01 03:38:54:375 - Compaction completed: 
2790621:COMPACT_START sstable=1 input_files: "sstable2/8120d323-52dc-4623-8255-3809acdb508e202604302136261777606652229260446.sst" input_files: "sstable2/8120d323-52dc-4623-8255-3809acdb508e202604302136261777606652330679390.sst" compactIntoNextLevel: false destinationLevel: 2
2026-05-01 03:38:54:417 - Compaction started: 
140342175180352:Compacting sstable2/8120d323-52dc-4623-8255-3809acdb508e202604302136261777606652229260446.sst sstable2/8120d323-52dc-4623-8255-3809acdb508e202604302136261777606652330679390.sst into:sstable2/0_0c7e2a29-718c-4488-adac-e6290eaf7ef7202604302138471777606734452648992.sst
2026-05-01 03:38:54:505 - Compaction completed: 
2790621:COMPACT_START sstable=1 input_files: "sstable2/8120d323-52dc-4623-8255-3809acdb508e202604302136261777606652432253897.sst" input_files: "sstable2/8120d323-52dc-4623-8255-3809acdb508e202604302136261777606652533766877.sst" compactIntoNextLevel: false destinationLevel: 2
2026-05-01 03:38:54:554 - Compaction started: 
140342175180352:Compacting sstable2/8120d323-52dc-4623-8255-3809acdb508e202604302136261777606652432253897.sst sstable2/8120d323-52dc-4623-8255-3809acdb508e202604302136261777606652533766877.sst into:sstable2/0_0c7e2a29-718c-4488-adac-e6290eaf7ef7202604302138471777606734591684614.sst
2026-05-01 03:38:54:647 - Compaction completed: 
2790621:COMPACT_START sstable=1 input_files: "sstable2/8120d323-52dc-4623-8255-3809acdb508e202604302136261777606652635118245.sst" input_files: "sstable2/8120d323-52dc-4623-8255-3809acdb508e202604302136261777606652737793064.sst" compactIntoNextLevel: false destinationLevel: 2
2026-05-01 03:38:54:693 - Compaction started: 
140342175180352:Compacting sstable2/8120d323-52dc-4623-8255-3809acdb508e202604302136261777606652635118245.sst sstable2/8120d323-52dc-4623-8255-3809acdb508e202604302136261777606652737793064.sst into:sstable2/0_0c7e2a29-718c-4488-adac-e6290eaf7ef7202604302138471777606734731130655.sst
2026-05-01 03:38:54:788 - Compaction completed: 
2790621:COMPACT_START sstable=1 input_files: "sstable2/8120d323-52dc-4623-8255-3809acdb508e202604302136261777606652839304171.sst" input_files: "sstable2/8120d323-52dc-4623-8255-3809acdb508e202604302136261777606652943733972.sst" compactIntoNextLevel: false destinationLevel: 2
2026-05-01 03:38:54:834 - Compaction started: 
140342175180352:Compacting sstable2/8120d323-52dc-4623-8255-3809acdb508e202604302136261777606652839304171.sst sstable2/8120d323-52dc-4623-8255-3809acdb508e202604302136261777606652943733972.sst into:sstable2/0_0c7e2a29-718c-4488-adac-e6290eaf7ef7202604302138471777606734878388494.sst
2026-05-01 03:38:54:935 - Compaction completed: 
2026-05-01 03:38:57:873 10 sec: 74914 operations; 7491.4 current ops/sec; est completion in 2 minutes [READ: Count=74930, Max=13935, Min=71, Avg=125.93, 90=140, 99=170, 99.9=298, 99.99=5079] 
2026-05-01 03:39:07:873 20 sec: 156398 operations; 8148.4 current ops/sec; est completion in 1 minute [READ: Count=81474, Max=476, Min=75, Avg=121.39, 90=131, 99=155, 99.9=211, 99.99=280] 
2026-05-01 03:39:17:873 30 sec: 238426 operations; 8202.8 current ops/sec; est completion in 1 minute [READ: Count=82027, Max=5471, Min=67, Avg=120.79, 90=131, 99=156, 99.9=205, 99.99=399] 
2026-05-01 03:39:27:873 40 sec: 320807 operations; 8238.1 current ops/sec; est completion in 1 minute [READ: Count=82380, Max=496, Min=76, Avg=120.34, 90=131, 99=154, 99.9=202, 99.99=283] 
2026-05-01 03:39:37:873 50 sec: 403067 operations; 8226 current ops/sec; est completion in 1 minute [READ: Count=82259, Max=4143, Min=69, Avg=120.48, 90=130, 99=152, 99.9=201, 99.99=297] 
2026-05-01 03:39:47:873 60 sec: 486411 operations; 8334.4 current ops/sec; est completion in 1 minute [READ: Count=83345, Max=512, Min=75, Avg=118.92, 90=130, 99=152, 99.9=200, 99.99=253] 
2026-05-01 03:39:57:873 70 sec: 568402 operations; 8199.1 current ops/sec; est completion in 54 seconds [READ: Count=81992, Max=3803, Min=71, Avg=120.89, 90=130, 99=154, 99.9=201, 99.99=273] 
2026-05-01 03:40:07:873 80 sec: 660175 operations; 9177.3 current ops/sec; est completion in 42 seconds [READ: Count=91779, Max=722, Min=41, Avg=107.92, 90=128, 99=149, 99.9=196, 99.99=264] 
2026-05-01 03:40:17:873 90 sec: 807519 operations; 14734.4 current ops/sec; est completion in 22 seconds [READ: Count=147342, Max=3815, Min=32, Avg=66.86, 90=86, 99=108, 99.9=146, 99.99=240] 
[OZONEDB-PROFILE] reads=1000000  avg_total=95.35us  view=14.17us(14.9%)  log=0.53us(0.6%)  sst=80.46us_per_call x 999709_calls(84.4%_of_total)
[OZONEDB-SST-PROFILE] level | time_total_ms | enters | range_rejects | table_gets | hits
[OZONEDB-SST-PROFILE] L1  |      5559.48 |  6958032 |        10302 |    6947730 |  13452
[OZONEDB-SST-PROFILE] L2  |     73237.29 | 58463293 |        28035 |   58435258 | 986257
[OZONEDB-TBL-PROFILE] file_filter_reject=63820103  block_filter_reject=556823  index_invalid=0  block_read_more=649496  hit_from_cache=356566  miss_after_read=6353  found=999709
2026-05-01 03:40:26:629 98 sec: 1000000 operations; 21982.75 current ops/sec; [READ: Count=192472, Max=198, Min=13, Avg=43.9, 90=65, 99=83, 99.9=117, 99.99=152] [CLEANUP: Count=1, Max=118847, Min=118784, Avg=118816, 90=118847, 99=118847, 99.9=118847, 99.99=118847] 
[OVERALL], RunTime(ms), 98756
[OVERALL], Throughput(ops/sec), 10125.96702985135
[TOTAL_GCS_PS_Scavenge], Count, 5
[TOTAL_GC_TIME_PS_Scavenge], Time(ms), 20
[TOTAL_GC_TIME_%_PS_Scavenge], Time(%), 0.020251934059702704
[TOTAL_GCS_PS_MarkSweep], Count, 0
[TOTAL_GC_TIME_PS_MarkSweep], Time(ms), 0
[TOTAL_GC_TIME_%_PS_MarkSweep], Time(%), 0.0
[TOTAL_GCs], Count, 5
[TOTAL_GC_TIME], Time(ms), 20
[TOTAL_GC_TIME_%], Time(%), 0.020251934059702704
[READ], Operations, 1000000
[READ], AverageLatency(us), 97.089069
[READ], MinLatency(us), 13
[READ], MaxLatency(us), 13935
[READ], 95thPercentileLatency(us), 134
[READ], 99thPercentileLatency(us), 151
[READ], Return=OK, 1000000
[CLEANUP], Operations, 1
[CLEANUP], AverageLatency(us), 118816.0
[CLEANUP], MinLatency(us), 118784
[CLEANUP], MaxLatency(us), 118847
[CLEANUP], 95thPercentileLatency(us), 118847
[CLEANUP], 99thPercentileLatency(us), 118847
