# CMD: /users/Xinying/ozonedb/ycsb/bin/ycsb run ozonedb -threads 1 -s -P /users/Xinying/ozonedb/ycsb/workloads/generated_workloads/workloadc_1KB_1000000_1000000 -p status.interval=10 -p requestdistribution=sequential -p operationcount=1000000 -p maxexecutiontime=0 -p shared_config=/tmp/churn_v4_configs/shared_config_varyR_n4_r10pct_rep2.json
[WARN]  Running against a source checkout. In order to get our runtime dependencies we'll have to invoke Maven. Depending on the state of your system, this may take ~30-45 seconds
[DEBUG]  Running 'mvn -pl site.ycsb:ozonedb-binding -am package -DskipTests dependency:build-classpath -DincludeScope=compile -Dmdep.outputFilterFile=true'
/usr/lib/jvm/java-8-openjdk-amd64/bin/java -cp /users/Xinying/ozonedb/ycsb/ozonedb/conf:/users/Xinying/ozonedb/ycsb/ozonedb/target/ozonedb-binding-0.18.0-SNAPSHOT.jar:/users/Xinying/.m2/repository/org/apache/htrace/htrace-core4/4.1.0-incubating/htrace-core4-4.1.0-incubating.jar:/users/Xinying/.m2/repository/org/slf4j/slf4j-api/1.7.25/slf4j-api-1.7.25.jar:/users/Xinying/.m2/repository/org/hdrhistogram/HdrHistogram/2.1.12/HdrHistogram-2.1.12.jar:/users/Xinying/.m2/repository/ch/qos/logback/logback-classic/1.2.3/logback-classic-1.2.3.jar:/users/Xinying/.m2/repository/ozonedbjnimaven/demoproc-jni/1.0/demoproc-jni-1.0.jar:/users/Xinying/.m2/repository/ch/qos/logback/logback-core/1.2.3/logback-core-1.2.3.jar:/users/Xinying/.m2/repository/org/codehaus/jackson/jackson-mapper-asl/1.9.4/jackson-mapper-asl-1.9.4.jar:/users/Xinying/.m2/repository/org/slf4j/slf4j-simple/1.7.25/slf4j-simple-1.7.25.jar:/users/Xinying/.m2/repository/org/codehaus/jackson/jackson-core-asl/1.9.4/jackson-core-asl-1.9.4.jar:/users/Xinying/ozonedb/ycsb/core/target/core-0.18.0-SNAPSHOT.jar site.ycsb.Client -db site.ycsb.db.OzoneDBClient -threads 1 -s -P /users/Xinying/ozonedb/ycsb/workloads/generated_workloads/workloadc_1KB_1000000_1000000 -p status.interval=10 -p requestdistribution=sequential -p operationcount=1000000 -p maxexecutiontime=0 -p shared_config=/tmp/churn_v4_configs/shared_config_varyR_n4_r10pct_rep2.json -t
Command line: -db site.ycsb.db.OzoneDBClient -threads 1 -s -P /users/Xinying/ozonedb/ycsb/workloads/generated_workloads/workloadc_1KB_1000000_1000000 -p status.interval=10 -p requestdistribution=sequential -p operationcount=1000000 -p maxexecutiontime=0 -p shared_config=/tmp/churn_v4_configs/shared_config_varyR_n4_r10pct_rep2.json -t
YCSB Client 0.18.0-SNAPSHOT

Loading workload...
Starting test.
SLF4J: Class path contains multiple SLF4J bindings.
SLF4J: Found binding in [jar:file:/users/Xinying/.m2/repository/ch/qos/logback/logback-classic/1.2.3/logback-classic-1.2.3.jar!/org/slf4j/impl/StaticLoggerBinder.class]
SLF4J: Found binding in [jar:file:/users/Xinying/.m2/repository/org/slf4j/slf4j-simple/1.7.25/slf4j-simple-1.7.25.jar!/org/slf4j/impl/StaticLoggerBinder.class]
SLF4J: See http://www.slf4j.org/codes.html#multiple_bindings for an explanation.
SLF4J: Actual binding is of type [ch.qos.logback.classic.util.ContextSelectorStaticBinder]
2026-05-01 07:04:59:637 0 sec: 0 operations; est completion in 0 second 
Starting compaction watcher
DBWrapper: report latency for each error is false and specific error codes to track for latency are: []
2026-05-01 07:05:09:637 10 sec: 44017 operations; 4401.7 current ops/sec; est completion in 3 minutes [READ: Count=44029, Max=3809, Min=76, Avg=173.49, 90=191, 99=219, 99.9=262, 99.99=740] 
2026-05-01 07:05:19:637 20 sec: 103923 operations; 5990.6 current ops/sec; est completion in 2 minutes [READ: Count=59898, Max=8231, Min=78, Avg=165.5, 90=183, 99=211, 99.9=258, 99.99=374] 
2026-05-01 07:05:29:637 30 sec: 165536 operations; 6161.3 current ops/sec; est completion in 2 minutes [READ: Count=61610, Max=5755, Min=78, Avg=161.03, 90=179, 99=207, 99.9=254, 99.99=361] 
2026-05-01 07:05:39:637 40 sec: 229490 operations; 6395.4 current ops/sec; est completion in 2 minutes [READ: Count=63957, Max=1784, Min=63, Avg=155.26, 90=174, 99=202, 99.9=251, 99.99=384] 
2026-05-01 07:05:49:637 50 sec: 295696 operations; 6620.6 current ops/sec; est completion in 2 minutes [READ: Count=66206, Max=935, Min=80, Avg=150, 90=169, 99=195, 99.9=243, 99.99=859] 
2026-05-01 07:05:59:637 60 sec: 364347 operations; 6865.1 current ops/sec; est completion in 1 minute [READ: Count=68651, Max=4399, Min=65, Avg=144.63, 90=164, 99=190, 99.9=242, 99.99=840] 
2026-05-01 07:06:09:637 70 sec: 435987 operations; 7164 current ops/sec; est completion in 1 minute [READ: Count=71638, Max=806, Min=65, Avg=138.6, 90=158, 99=184, 99.9=233, 99.99=357] 
2026-05-01 07:06:19:637 80 sec: 512073 operations; 7608.6 current ops/sec; est completion in 1 minute [READ: Count=76088, Max=389, Min=68, Avg=130.44, 90=150, 99=175, 99.9=223, 99.99=368] 
2026-05-01 07:06:29:637 90 sec: 594864 operations; 8279.1 current ops/sec; est completion in 1 minute [READ: Count=82792, Max=4255, Min=58, Avg=119.79, 90=139, 99=162, 99.9=205, 99.99=344] 
2026-05-01 07:06:39:637 100 sec: 687256 operations; 9239.2 current ops/sec; est completion in 46 seconds [READ: Count=92392, Max=363, Min=56, Avg=107.25, 90=127, 99=150, 99.9=189, 99.99=245] 
2026-05-01 07:06:49:637 110 sec: 793583 operations; 10632.7 current ops/sec; est completion in 29 seconds [READ: Count=106329, Max=4199, Min=53, Avg=93.07, 90=113, 99=131, 99.9=167, 99.99=214] 
2026-05-01 07:06:59:637 120 sec: 926540 operations; 13295.7 current ops/sec; est completion in 10 seconds [READ: Count=132960, Max=4031, Min=46, Avg=74.24, 90=95, 99=111, 99.9=141, 99.99=175] 
[OZONEDB-PROFILE] reads=1000000  avg_total=119.04us  view=30.46us(25.6%)  log=0.55us(0.5%)  sst=87.82us_per_call x 999709_calls(73.8%_of_total)
[OZONEDB-SST-PROFILE] level | time_total_ms | enters | range_rejects | table_gets | hits
[OZONEDB-SST-PROFILE] L1  |      7904.01 |  6958032 |        10302 |    6947730 |  13452
[OZONEDB-SST-PROFILE] L2  |     76723.36 | 102104535 |        56716 |  102047819 | 986257
[OZONEDB-TBL-PROFILE] file_filter_reject=107054416  block_filter_reject=930914  index_invalid=0  block_read_more=258676  hit_from_cache=751543  miss_after_read=10510  found=999709
2026-05-01 07:07:03:902 124 sec: 1000000 operations; 17223.92 current ops/sec; [READ: Count=73450, Max=149, Min=29, Avg=55.69, 90=77, 99=88, 99.9=110, 99.99=139] [CLEANUP: Count=1, Max=102911, Min=102848, Avg=102880, 90=102911, 99=102911, 99.9=102911, 99.99=102911] 
[OVERALL], RunTime(ms), 124265
[OVERALL], Throughput(ops/sec), 8047.318231199452
[TOTAL_GCS_PS_Scavenge], Count, 5
[TOTAL_GC_TIME_PS_Scavenge], Time(ms), 19
[TOTAL_GC_TIME_%_PS_Scavenge], Time(%), 0.015289904639278961
[TOTAL_GCS_PS_MarkSweep], Count, 0
[TOTAL_GC_TIME_PS_MarkSweep], Time(ms), 0
[TOTAL_GC_TIME_%_PS_MarkSweep], Time(%), 0.0
[TOTAL_GCs], Count, 5
[TOTAL_GC_TIME], Time(ms), 19
[TOTAL_GC_TIME_%], Time(%), 0.015289904639278961
[READ], Operations, 1000000
[READ], AverageLatency(us), 120.801126
[READ], MinLatency(us), 29
[READ], MaxLatency(us), 8231
[READ], 95thPercentileLatency(us), 176
[READ], 99thPercentileLatency(us), 194
[READ], Return=OK, 1000000
[CLEANUP], Operations, 1
[CLEANUP], AverageLatency(us), 102880.0
[CLEANUP], MinLatency(us), 102848
[CLEANUP], MaxLatency(us), 102911
[CLEANUP], 95thPercentileLatency(us), 102911
[CLEANUP], 99thPercentileLatency(us), 102911
