# CMD: /users/Xinying/ozonedb/ycsb/bin/ycsb run ozonedb -threads 1 -s -P /users/Xinying/ozonedb/ycsb/workloads/generated_workloads/workloadc_1KB_500000_500000 -p status.interval=10 -p requestdistribution=sequential -p operationcount=500000 -p maxexecutiontime=0 -p shared_config=/tmp/churn_v4_configs/shared_config_varyW_n16_r0pct.json
[WARN]  Running against a source checkout. In order to get our runtime dependencies we'll have to invoke Maven. Depending on the state of your system, this may take ~30-45 seconds
[DEBUG]  Running 'mvn -pl site.ycsb:ozonedb-binding -am package -DskipTests dependency:build-classpath -DincludeScope=compile -Dmdep.outputFilterFile=true'
/usr/lib/jvm/java-8-openjdk-amd64/bin/java -cp /users/Xinying/ozonedb/ycsb/ozonedb/conf:/users/Xinying/ozonedb/ycsb/ozonedb/target/ozonedb-binding-0.18.0-SNAPSHOT.jar:/users/Xinying/.m2/repository/org/apache/htrace/htrace-core4/4.1.0-incubating/htrace-core4-4.1.0-incubating.jar:/users/Xinying/.m2/repository/org/slf4j/slf4j-api/1.7.25/slf4j-api-1.7.25.jar:/users/Xinying/.m2/repository/org/hdrhistogram/HdrHistogram/2.1.12/HdrHistogram-2.1.12.jar:/users/Xinying/.m2/repository/ch/qos/logback/logback-classic/1.2.3/logback-classic-1.2.3.jar:/users/Xinying/.m2/repository/ozonedbjnimaven/demoproc-jni/1.0/demoproc-jni-1.0.jar:/users/Xinying/.m2/repository/ch/qos/logback/logback-core/1.2.3/logback-core-1.2.3.jar:/users/Xinying/.m2/repository/org/codehaus/jackson/jackson-mapper-asl/1.9.4/jackson-mapper-asl-1.9.4.jar:/users/Xinying/.m2/repository/org/slf4j/slf4j-simple/1.7.25/slf4j-simple-1.7.25.jar:/users/Xinying/.m2/repository/org/codehaus/jackson/jackson-core-asl/1.9.4/jackson-core-asl-1.9.4.jar:/users/Xinying/ozonedb/ycsb/core/target/core-0.18.0-SNAPSHOT.jar site.ycsb.Client -db site.ycsb.db.OzoneDBClient -threads 1 -s -P /users/Xinying/ozonedb/ycsb/workloads/generated_workloads/workloadc_1KB_500000_500000 -p status.interval=10 -p requestdistribution=sequential -p operationcount=500000 -p maxexecutiontime=0 -p shared_config=/tmp/churn_v4_configs/shared_config_varyW_n16_r0pct.json -t
Command line: -db site.ycsb.db.OzoneDBClient -threads 1 -s -P /users/Xinying/ozonedb/ycsb/workloads/generated_workloads/workloadc_1KB_500000_500000 -p status.interval=10 -p requestdistribution=sequential -p operationcount=500000 -p maxexecutiontime=0 -p shared_config=/tmp/churn_v4_configs/shared_config_varyW_n16_r0pct.json -t
YCSB Client 0.18.0-SNAPSHOT

Loading workload...
Starting test.
SLF4J: Class path contains multiple SLF4J bindings.
SLF4J: Found binding in [jar:file:/users/Xinying/.m2/repository/ch/qos/logback/logback-classic/1.2.3/logback-classic-1.2.3.jar!/org/slf4j/impl/StaticLoggerBinder.class]
SLF4J: Found binding in [jar:file:/users/Xinying/.m2/repository/org/slf4j/slf4j-simple/1.7.25/slf4j-simple-1.7.25.jar!/org/slf4j/impl/StaticLoggerBinder.class]
SLF4J: See http://www.slf4j.org/codes.html#multiple_bindings for an explanation.
SLF4J: Actual binding is of type [ch.qos.logback.classic.util.ContextSelectorStaticBinder]
2026-05-01 03:15:46:069 0 sec: 0 operations; est completion in 0 second 
Starting compaction watcher
DBWrapper: report latency for each error is false and specific error codes to track for latency are: []
2026-05-01 03:15:56:069 10 sec: 169618 operations; 16961.8 current ops/sec; est completion in 20 seconds [READ: Count=169650, Max=7547, Min=30, Avg=55.43, 90=63, 99=75, 99.9=98, 99.99=251] 
2026-05-01 03:16:06:069 20 sec: 360110 operations; 19049.2 current ops/sec; est completion in 8 second [READ: Count=190477, Max=4847, Min=17, Avg=51.5, 90=62, 99=72, 99.9=91, 99.99=130] 
[OZONEDB-PROFILE] reads=500000  avg_total=42.16us  view=2.73us(6.5%)  log=0.75us(1.8%)  sst=38.60us_per_call x 498512_calls(91.3%_of_total)
[OZONEDB-SST-PROFILE] level | time_total_ms | enters | range_rejects | table_gets | hits
[OZONEDB-SST-PROFILE] L1  |      1805.51 |  2956756 |         2828 |    2953928 |  13692
[OZONEDB-SST-PROFILE] L2  |     17261.24 |  2643944 |          455 |    2643489 | 484820
[OZONEDB-TBL-PROFILE] file_filter_reject=5052484  block_filter_reject=45912  index_invalid=0  block_read_more=300043  hit_from_cache=198978  miss_after_read=509  found=498512
2026-05-01 03:16:09:095 23 sec: 500000 operations; 46229.35 current ops/sec; [READ: Count=139873, Max=1407, Min=3, Avg=20.29, 90=36, 99=45, 99.9=59, 99.99=89] [CLEANUP: Count=1, Max=72127, Min=72064, Avg=72096, 90=72127, 99=72127, 99.9=72127, 99.99=72127] 
[OVERALL], RunTime(ms), 23027
[OVERALL], Throughput(ops/sec), 21713.640508967732
[TOTAL_GCS_PS_Scavenge], Count, 2
[TOTAL_GC_TIME_PS_Scavenge], Time(ms), 9
[TOTAL_GC_TIME_%_PS_Scavenge], Time(%), 0.03908455291614192
[TOTAL_GCS_PS_MarkSweep], Count, 0
[TOTAL_GC_TIME_PS_MarkSweep], Time(ms), 0
[TOTAL_GC_TIME_%_PS_MarkSweep], Time(%), 0.0
[TOTAL_GCs], Count, 2
[TOTAL_GC_TIME], Time(ms), 9
[TOTAL_GC_TIME_%], Time(%), 0.03908455291614192
[READ], Operations, 500000
[READ], AverageLatency(us), 44.101022
[READ], MinLatency(us), 3
[READ], MaxLatency(us), 7547
[READ], 95thPercentileLatency(us), 64
[READ], 99thPercentileLatency(us), 72
[READ], Return=OK, 500000
[CLEANUP], Operations, 1
[CLEANUP], AverageLatency(us), 72096.0
[CLEANUP], MinLatency(us), 72064
[CLEANUP], MaxLatency(us), 72127
[CLEANUP], 95thPercentileLatency(us), 72127
[CLEANUP], 99thPercentileLatency(us), 72127
