# CMD: /usr/lib/jvm/java-8-openjdk-amd64/bin/java -cp /users/Xinying/ozonedb/ycsb/ozonedb/conf:/users/Xinying/ozonedb/ycsb/ozonedb/target/ozonedb-binding-0.18.0-SNAPSHOT.jar:/users/Xinying/.m2/repository/org/apache/htrace/htrace-core4/4.1.0-incubating/htrace-core4-4.1.0-incubating.jar:/users/Xinying/.m2/repository/org/slf4j/slf4j-api/1.7.25/slf4j-api-1.7.25.jar:/users/Xinying/.m2/repository/org/hdrhistogram/HdrHistogram/2.1.12/HdrHistogram-2.1.12.jar:/users/Xinying/.m2/repository/ch/qos/logback/logback-classic/1.2.3/logback-classic-1.2.3.jar:/users/Xinying/.m2/repository/ozonedbjnimaven/demoproc-jni/1.0/demoproc-jni-1.0.jar:/users/Xinying/.m2/repository/ch/qos/logback/logback-core/1.2.3/logback-core-1.2.3.jar:/users/Xinying/.m2/repository/org/codehaus/jackson/jackson-mapper-asl/1.9.4/jackson-mapper-asl-1.9.4.jar:/users/Xinying/.m2/repository/org/slf4j/slf4j-simple/1.7.25/slf4j-simple-1.7.25.jar:/users/Xinying/.m2/repository/org/codehaus/jackson/jackson-core-asl/1.9.4/jackson-core-asl-1.9.4.jar:/users/Xinying/ozonedb/ycsb/core/target/core-0.18.0-SNAPSHOT.jar site.ycsb.Client -db site.ycsb.db.OzoneDBClient -threads 1 -s -P /users/Xinying/ozonedb/ycsb/workloads/generated_workloads/workloadc_1KB_500000_500000 -p status.interval=30 -p requestdistribution=uniform -p operationcount=1000000000 -p maxexecutiontime=360 -p shared_config=/tmp/churn_v4_configs/shared_config_varyW_n16_r0pct.json -t
# env OZONEDB_CHURN_ABORT_RATE=0.0
Command line: -db site.ycsb.db.OzoneDBClient -threads 1 -s -P /users/Xinying/ozonedb/ycsb/workloads/generated_workloads/workloadc_1KB_500000_500000 -p status.interval=30 -p requestdistribution=uniform -p operationcount=1000000000 -p maxexecutiontime=360 -p shared_config=/tmp/churn_v4_configs/shared_config_varyW_n16_r0pct.json -t
YCSB Client 0.18.0-SNAPSHOT

Loading workload...
Starting test.
SLF4J: Class path contains multiple SLF4J bindings.
SLF4J: Found binding in [jar:file:/users/Xinying/.m2/repository/ch/qos/logback/logback-classic/1.2.3/logback-classic-1.2.3.jar!/org/slf4j/impl/StaticLoggerBinder.class]
SLF4J: Found binding in [jar:file:/users/Xinying/.m2/repository/org/slf4j/slf4j-simple/1.7.25/slf4j-simple-1.7.25.jar!/org/slf4j/impl/StaticLoggerBinder.class]
SLF4J: See http://www.slf4j.org/codes.html#multiple_bindings for an explanation.
SLF4J: Actual binding is of type [ch.qos.logback.classic.util.ContextSelectorStaticBinder]
Maximum execution time specified as: 360 secs
2026-05-01 03:15:21:829 0 sec: 0 operations; est completion in 0 second 
Starting compaction watcher
DBWrapper: report latency for each error is false and specific error codes to track for latency are: []
2774233:COMPACT_START sstable=0 input_files: "datalog/9" input_files: "datalog/10" compactIntoNextLevel: true destinationLevel: 1
2026-05-01 03:15:21:870 - Compaction started: 
139982807213632:Compacting datalog/9 datalog/10 into:sstable1/72f65f05-90bd-436c-80d7-c9f6495764cb202604302115211777605322478547908.sst
2026-05-01 03:15:22:533 - Compaction completed: 
2774233:COMPACT_START sstable=0 input_files: "datalog/101" input_files: "datalog/102" compactIntoNextLevel: true destinationLevel: 1
2026-05-01 03:15:22:576 - Compaction started: 
139982807213632:Compacting datalog/101 datalog/102 into:sstable1/72f65f05-90bd-436c-80d7-c9f6495764cb202604302115211777605322579864050.sst
2026-05-01 03:15:22:604 - Compaction completed: 
2774233:COMPACT_START sstable=0 input_files: "datalog/117" input_files: "datalog/118" compactIntoNextLevel: true destinationLevel: 1
2026-05-01 03:15:22:684 - Compaction started: 
139982807213632:Compacting datalog/117 datalog/118 into:sstable1/72f65f05-90bd-436c-80d7-c9f6495764cb202604302115211777605322691457082.sst
2026-05-01 03:15:22:728 - Compaction completed: 
2774233:COMPACT_START sstable=0 input_files: "datalog/141" input_files: "datalog/142" compactIntoNextLevel: true destinationLevel: 1
2026-05-01 03:15:22:815 - Compaction started: 
139982807213632:Compacting datalog/141 datalog/142 into:sstable1/72f65f05-90bd-436c-80d7-c9f6495764cb202604302115211777605322838009270.sst
2026-05-01 03:15:22:869 - Compaction completed: 
2774233:COMPACT_START sstable=0 input_files: "datalog/163" input_files: "datalog/164" compactIntoNextLevel: true destinationLevel: 1
2026-05-01 03:15:22:918 - Compaction started: 
139982807213632:Compacting datalog/163 datalog/164 into:sstable1/72f65f05-90bd-436c-80d7-c9f6495764cb202604302115211777605322921296916.sst
2026-05-01 03:15:22:955 - Compaction completed: 
2774233:COMPACT_START sstable=0 input_files: "datalog/185" input_files: "datalog/186" compactIntoNextLevel: true destinationLevel: 1
2026-05-01 03:15:23:020 - Compaction started: 
139982807213632:Compacting datalog/185 datalog/186 into:sstable1/72f65f05-90bd-436c-80d7-c9f6495764cb202604302115211777605323022994654.sst
2026-05-01 03:15:23:045 - Compaction completed: 
2774233:COMPACT_START sstable=0 input_files: "datalog/207" input_files: "datalog/208" compactIntoNextLevel: true destinationLevel: 1
2026-05-01 03:15:23:122 - Compaction started: 
139982807213632:Compacting datalog/207 datalog/208 into:sstable1/72f65f05-90bd-436c-80d7-c9f6495764cb202604302115211777605323125105576.sst
2026-05-01 03:15:23:148 - Compaction completed: 
2774233:COMPACT_START sstable=0 input_files: "datalog/233" input_files: "datalog/234" compactIntoNextLevel: true destinationLevel: 1
2026-05-01 03:15:23:225 - Compaction started: 
139982807213632:Compacting datalog/233 datalog/234 into:sstable1/72f65f05-90bd-436c-80d7-c9f6495764cb202604302115211777605323228027358.sst
2026-05-01 03:15:23:251 - Compaction completed: 
2774233:COMPACT_START sstable=0 input_files: "datalog/261" input_files: "datalog/262" compactIntoNextLevel: true destinationLevel: 1
2026-05-01 03:15:23:328 - Compaction started: 
139982807213632:Compacting datalog/261 datalog/262 into:sstable1/72f65f05-90bd-436c-80d7-c9f6495764cb202604302115211777605323331045991.sst
2026-05-01 03:15:23:351 - Compaction completed: 
2774233:COMPACT_START sstable=0 input_files: "datalog/301" input_files: "datalog/302" compactIntoNextLevel: true destinationLevel: 1
2026-05-01 03:15:23:455 - Compaction started: 
139982807213632:Compacting datalog/301 datalog/302 into:sstable1/72f65f05-90bd-436c-80d7-c9f6495764cb202604302115211777605323458826199.sst
2026-05-01 03:15:23:489 - Compaction completed: 
2774233:COMPACT_START sstable=0 input_files: "datalog/331" input_files: "datalog/332" compactIntoNextLevel: true destinationLevel: 1
2026-05-01 03:15:23:566 - Compaction started: 
139982807213632:Compacting datalog/331 datalog/332 into:sstable1/72f65f05-90bd-436c-80d7-c9f6495764cb202604302115211777605323570051221.sst
2026-05-01 03:15:23:591 - Compaction completed: 
2774233:COMPACT_START sstable=0 input_files: "datalog/361" input_files: "datalog/362" compactIntoNextLevel: true destinationLevel: 1
2026-05-01 03:15:23:669 - Compaction started: 
139982807213632:Compacting datalog/361 datalog/362 into:sstable1/72f65f05-90bd-436c-80d7-c9f6495764cb202604302115211777605323672103633.sst
2026-05-01 03:15:23:693 - Compaction completed: 
2774233:COMPACT_START sstable=1 input_files: "sstable1/e399ada6-adba-45b3-bf53-89d109e7dc87202604302115211777605322086465081.sst" input_files: "sstable1/72621c20-456b-44a2-a71d-15b9262907f8202604302115211777605322081673651.sst" compactIntoNextLevel: true destinationLevel: 2
2026-05-01 03:15:23:798 - Compaction started: 
139982807213632:Compacting sstable1/e399ada6-adba-45b3-bf53-89d109e7dc87202604302115211777605322086465081.sst sstable1/72621c20-456b-44a2-a71d-15b9262907f8202604302115211777605322081673651.sst into:sstable2/72f65f05-90bd-436c-80d7-c9f6495764cb202604302115211777605323835594896.sst
2026-05-01 03:15:23:893 - Compaction completed: 
2774233:COMPACT_START sstable=1 input_files: "sstable1/16c7ca75-6492-4f36-b319-df7aee0d6af1202604302115211777605322965558736.sst" input_files: "sstable1/87938ba4-5b3a-4be4-a83e-2bb29e3b1330202604302115211777605322502431738.sst" compactIntoNextLevel: true destinationLevel: 2
2026-05-01 03:15:23:901 - Compaction started: 
139982807213632:Compacting sstable1/16c7ca75-6492-4f36-b319-df7aee0d6af1202604302115211777605322965558736.sst sstable1/87938ba4-5b3a-4be4-a83e-2bb29e3b1330202604302115211777605322502431738.sst into:sstable2/72f65f05-90bd-436c-80d7-c9f6495764cb202604302115211777605323944552078.sst
2026-05-01 03:15:24:007 - Compaction completed: 
2774233:COMPACT_START sstable=1 input_files: "sstable1/72f65f05-90bd-436c-80d7-c9f6495764cb202604302115211777605323022994654.sst" input_files: "sstable1/91cfe996-6521-4929-a62c-2a242ed6365d202604302115211777605323151055728.sst" compactIntoNextLevel: true destinationLevel: 2
2026-05-01 03:15:24:106 - Compaction started: 
139982807213632:Compacting sstable1/72f65f05-90bd-436c-80d7-c9f6495764cb202604302115211777605323022994654.sst sstable1/91cfe996-6521-4929-a62c-2a242ed6365d202604302115211777605323151055728.sst into:sstable2/72f65f05-90bd-436c-80d7-c9f6495764cb202604302115211777605324141699164.sst
2026-05-01 03:15:24:202 - Compaction completed: 
2774233:COMPACT_START sstable=1 input_files: "sstable1/369bb4f9-a5d4-4fdd-bd2d-e85aa12ff6f1202604302115211777605323223326037.sst" input_files: "sstable1/f2051e37-d681-490b-981c-6646e3e56f27202604302115211777605323226824544.sst" compactIntoNextLevel: true destinationLevel: 2
2026-05-01 03:15:24:211 - Compaction started: 
139982807213632:Compacting sstable1/369bb4f9-a5d4-4fdd-bd2d-e85aa12ff6f1202604302115211777605323223326037.sst sstable1/f2051e37-d681-490b-981c-6646e3e56f27202604302115211777605323226824544.sst into:sstable2/72f65f05-90bd-436c-80d7-c9f6495764cb202604302115211777605324241136545.sst
2026-05-01 03:15:24:297 - Compaction completed: 
2774233:COMPACT_START sstable=1 input_files: "sstable1/11d2d69e-fa70-44b4-9663-c9ac82317852202604302115211777605323444827965.sst" input_files: "sstable1/131d5d39-eae8-4d28-b770-4cfc47f40f3d202604302115211777605323453704110.sst" compactIntoNextLevel: true destinationLevel: 2
2026-05-01 03:15:24:317 - Compaction started: 
139982807213632:Compacting sstable1/11d2d69e-fa70-44b4-9663-c9ac82317852202604302115211777605323444827965.sst sstable1/131d5d39-eae8-4d28-b770-4cfc47f40f3d202604302115211777605323453704110.sst into:sstable2/72f65f05-90bd-436c-80d7-c9f6495764cb202604302115211777605324354843990.sst
2026-05-01 03:15:24:399 - Compaction completed: 
2774233:COMPACT_START sstable=1 input_files: "sstable1/369bb4f9-a5d4-4fdd-bd2d-e85aa12ff6f1202604302115211777605323641081025.sst" input_files: "sstable1/16c7ca75-6492-4f36-b319-df7aee0d6af1202604302115211777605323646199267.sst" compactIntoNextLevel: true destinationLevel: 2
2026-05-01 03:15:24:421 - Compaction started: 
139982807213632:Compacting sstable1/369bb4f9-a5d4-4fdd-bd2d-e85aa12ff6f1202604302115211777605323641081025.sst sstable1/16c7ca75-6492-4f36-b319-df7aee0d6af1202604302115211777605323646199267.sst into:sstable2/72f65f05-90bd-436c-80d7-c9f6495764cb202604302115211777605324442571697.sst
2026-05-01 03:15:24:492 - Compaction completed: 
2774233:COMPACT_START sstable=1 input_files: "sstable2/e399ada6-adba-45b3-bf53-89d109e7dc87202604302115211777605323929234432.sst" input_files: "sstable2/ee26aafb-c13f-4429-8f7a-be01b5809b49202604302115211777605323924804220.sst" compactIntoNextLevel: false destinationLevel: 2
2026-05-01 03:15:24:533 - Compaction started: 
139982807213632:Compacting sstable2/e399ada6-adba-45b3-bf53-89d109e7dc87202604302115211777605323929234432.sst sstable2/ee26aafb-c13f-4429-8f7a-be01b5809b49202604302115211777605323924804220.sst into:sstable2/0_72f65f05-90bd-436c-80d7-c9f6495764cb202604302115211777605324598483124.sst
2026-05-01 03:15:24:726 - Compaction completed: 
2774233:COMPACT_START sstable=1 input_files: "sstable2/0_72621c20-456b-44a2-a71d-15b9262907f8202604302115211777605324582753677.sst" input_files: "sstable2/0_ee26aafb-c13f-4429-8f7a-be01b5809b49202604302115211777605324587197344.sst" compactIntoNextLevel: false destinationLevel: 2
2026-05-01 03:15:24:746 - Compaction started: 
139982807213632:Compacting sstable2/0_72621c20-456b-44a2-a71d-15b9262907f8202604302115211777605324582753677.sst sstable2/0_ee26aafb-c13f-4429-8f7a-be01b5809b49202604302115211777605324587197344.sst into:sstable2/1_72f65f05-90bd-436c-80d7-c9f6495764cb202604302115211777605324875129526.sst
2026-05-01 03:15:25:149 - Compaction completed: 
2774233:COMPACT_START sstable=1 input_files: "sstable2/0_e399ada6-adba-45b3-bf53-89d109e7dc87202604302115211777605324812786462.sst" input_files: "sstable2/0_ee26aafb-c13f-4429-8f7a-be01b5809b49202604302115211777605324819813471.sst" compactIntoNextLevel: false destinationLevel: 2
2026-05-01 03:15:25:160 - Compaction started: 
139982807213632:Compacting sstable2/0_e399ada6-adba-45b3-bf53-89d109e7dc87202604302115211777605324812786462.sst sstable2/0_ee26aafb-c13f-4429-8f7a-be01b5809b49202604302115211777605324819813471.sst into:sstable2/1_72f65f05-90bd-436c-80d7-c9f6495764cb202604302115211777605325310254897.sst
2026-05-01 03:15:25:565 - Compaction completed: 
2774233:COMPACT_START sstable=1 input_files: "sstable2/0_3ee92399-bb88-4d93-bde7-aaff9c53d994202604302115211777605325377853121.sst" input_files: "sstable2/0_ddf95a26-5d14-4716-ad29-6dfacd8ba65b202604302115211777605325307308846.sst" compactIntoNextLevel: false destinationLevel: 2
2026-05-01 03:15:25:615 - Compaction started: 
139982807213632:Compacting sstable2/0_3ee92399-bb88-4d93-bde7-aaff9c53d994202604302115211777605325377853121.sst sstable2/0_ddf95a26-5d14-4716-ad29-6dfacd8ba65b202604302115211777605325307308846.sst into:sstable2/1_72f65f05-90bd-436c-80d7-c9f6495764cb202604302115211777605325755551860.sst
2026-05-01 03:15:25:997 - Compaction completed: 
2774233:COMPACT_START sstable=1 input_files: "sstable2/ddf95a26-5d14-4716-ad29-6dfacd8ba65b202604302115211777605324470001031.sst" input_files: "sstable2/c6ff2d7d-20ad-49ca-a5b9-7646d3295288202604302115211777605324473177003.sst" compactIntoNextLevel: false destinationLevel: 2
2026-05-01 03:15:26:034 - Compaction started: 
139982807213632:Compacting sstable2/ddf95a26-5d14-4716-ad29-6dfacd8ba65b202604302115211777605324470001031.sst sstable2/c6ff2d7d-20ad-49ca-a5b9-7646d3295288202604302115211777605324473177003.sst into:sstable2/0_72f65f05-90bd-436c-80d7-c9f6495764cb202604302115211777605326098863638.sst
2026-05-01 03:15:26:203 - Compaction completed: 
