# CMD: /usr/lib/jvm/java-8-openjdk-amd64/bin/java -cp /users/Xinying/ozonedb/ycsb/ozonedb/conf:/users/Xinying/ozonedb/ycsb/ozonedb/target/ozonedb-binding-0.18.0-SNAPSHOT.jar:/users/Xinying/.m2/repository/org/apache/htrace/htrace-core4/4.1.0-incubating/htrace-core4-4.1.0-incubating.jar:/users/Xinying/.m2/repository/org/slf4j/slf4j-api/1.7.25/slf4j-api-1.7.25.jar:/users/Xinying/.m2/repository/org/hdrhistogram/HdrHistogram/2.1.12/HdrHistogram-2.1.12.jar:/users/Xinying/.m2/repository/ch/qos/logback/logback-classic/1.2.3/logback-classic-1.2.3.jar:/users/Xinying/.m2/repository/ozonedbjnimaven/demoproc-jni/1.0/demoproc-jni-1.0.jar:/users/Xinying/.m2/repository/ch/qos/logback/logback-core/1.2.3/logback-core-1.2.3.jar:/users/Xinying/.m2/repository/org/codehaus/jackson/jackson-mapper-asl/1.9.4/jackson-mapper-asl-1.9.4.jar:/users/Xinying/.m2/repository/org/slf4j/slf4j-simple/1.7.25/slf4j-simple-1.7.25.jar:/users/Xinying/.m2/repository/org/codehaus/jackson/jackson-core-asl/1.9.4/jackson-core-asl-1.9.4.jar:/users/Xinying/ozonedb/ycsb/core/target/core-0.18.0-SNAPSHOT.jar site.ycsb.Client -db site.ycsb.db.OzoneDBClient -threads 1 -s -P /users/Xinying/ozonedb/ycsb/workloads/generated_workloads/workloadc_1KB_500000_500000 -p status.interval=30 -p requestdistribution=uniform -p operationcount=1000000000 -p maxexecutiontime=360 -p shared_config=/tmp/churn_v4_configs/shared_config_varyW_n16_r0pct.json -t
# env OZONEDB_CHURN_ABORT_RATE=0.0
Command line: -db site.ycsb.db.OzoneDBClient -threads 1 -s -P /users/Xinying/ozonedb/ycsb/workloads/generated_workloads/workloadc_1KB_500000_500000 -p status.interval=30 -p requestdistribution=uniform -p operationcount=1000000000 -p maxexecutiontime=360 -p shared_config=/tmp/churn_v4_configs/shared_config_varyW_n16_r0pct.json -t
YCSB Client 0.18.0-SNAPSHOT

Loading workload...
Starting test.
SLF4J: Class path contains multiple SLF4J bindings.
SLF4J: Found binding in [jar:file:/users/Xinying/.m2/repository/ch/qos/logback/logback-classic/1.2.3/logback-classic-1.2.3.jar!/org/slf4j/impl/StaticLoggerBinder.class]
SLF4J: Found binding in [jar:file:/users/Xinying/.m2/repository/org/slf4j/slf4j-simple/1.7.25/slf4j-simple-1.7.25.jar!/org/slf4j/impl/StaticLoggerBinder.class]
SLF4J: See http://www.slf4j.org/codes.html#multiple_bindings for an explanation.
SLF4J: Actual binding is of type [ch.qos.logback.classic.util.ContextSelectorStaticBinder]
2026-05-01 03:15:21:798 0 sec: 0 operations; est completion in 0 second 
Maximum execution time specified as: 360 secs
Starting compaction watcher
DBWrapper: report latency for each error is false and specific error codes to track for latency are: []
2774237:COMPACT_START sstable=0 input_files: "datalog/1" input_files: "datalog/2" compactIntoNextLevel: true destinationLevel: 1
2026-05-01 03:15:21:847 - Compaction started: 
140109441640000:Compacting datalog/1 datalog/2 into:sstable1/ee26aafb-c13f-4429-8f7a-be01b5809b49202604302115211777605321975496870.sst
2026-05-01 03:15:22:035 - Compaction completed: 
2774237:COMPACT_START sstable=0 input_files: "datalog/33" input_files: "datalog/34" compactIntoNextLevel: true destinationLevel: 1
2026-05-01 03:15:22:048 - Compaction started: 
140109441640000:Compacting datalog/33 datalog/34 into:sstable1/ee26aafb-c13f-4429-8f7a-be01b5809b49202604302115211777605322100124169.sst
2026-05-01 03:15:22:122 - Compaction completed: 
2774237:COMPACT_START sstable=0 input_files: "datalog/39" input_files: "datalog/40" compactIntoNextLevel: true destinationLevel: 1
2026-05-01 03:15:22:157 - Compaction started: 
140109441640000:Compacting datalog/39 datalog/40 into:sstable1/ee26aafb-c13f-4429-8f7a-be01b5809b49202604302115211777605322875327937.sst
2026-05-01 03:15:22:904 - Compaction completed: 
2774237:COMPACT_START sstable=0 input_files: "datalog/173" input_files: "datalog/174" compactIntoNextLevel: true destinationLevel: 1
2026-05-01 03:15:22:968 - Compaction started: 
140109441640000:Compacting datalog/173 datalog/174 into:sstable1/ee26aafb-c13f-4429-8f7a-be01b5809b49202604302115211777605323338313901.sst
2026-05-01 03:15:23:363 - Compaction completed: 
2774237:COMPACT_START sstable=0 input_files: "datalog/281" input_files: "datalog/282" compactIntoNextLevel: true destinationLevel: 1
2026-05-01 03:15:23:378 - Compaction started: 
140109441640000:Compacting datalog/281 datalog/282 into:sstable1/ee26aafb-c13f-4429-8f7a-be01b5809b49202604302115211777605323381215261.sst
2026-05-01 03:15:23:400 - Compaction completed: 
2774237:COMPACT_START sstable=0 input_files: "datalog/309" input_files: "datalog/310" compactIntoNextLevel: true destinationLevel: 1
2026-05-01 03:15:23:481 - Compaction started: 
140109441640000:Compacting datalog/309 datalog/310 into:sstable1/ee26aafb-c13f-4429-8f7a-be01b5809b49202604302115211777605323485309330.sst
2026-05-01 03:15:23:512 - Compaction completed: 
2774237:COMPACT_START sstable=0 input_files: "datalog/339" input_files: "datalog/340" compactIntoNextLevel: true destinationLevel: 1
2026-05-01 03:15:23:584 - Compaction started: 
140109441640000:Compacting datalog/339 datalog/340 into:sstable1/ee26aafb-c13f-4429-8f7a-be01b5809b49202604302115211777605323587828006.sst
2026-05-01 03:15:23:617 - Compaction completed: 
2774237:COMPACT_START sstable=0 input_files: "datalog/371" input_files: "datalog/372" compactIntoNextLevel: true destinationLevel: 1
2026-05-01 03:15:23:686 - Compaction started: 
140109441640000:Compacting datalog/371 datalog/372 into:sstable1/ee26aafb-c13f-4429-8f7a-be01b5809b49202604302115211777605323689680273.sst
2026-05-01 03:15:23:710 - Compaction completed: 
2774237:COMPACT_START sstable=1 input_files: "sstable1/87938ba4-5b3a-4be4-a83e-2bb29e3b1330202604302115211777605322204726770.sst" input_files: "sstable1/91cfe996-6521-4929-a62c-2a242ed6365d202604302115211777605321902921740.sst" compactIntoNextLevel: true destinationLevel: 2
2026-05-01 03:15:23:790 - Compaction started: 
140109441640000:Compacting sstable1/87938ba4-5b3a-4be4-a83e-2bb29e3b1330202604302115211777605322204726770.sst sstable1/91cfe996-6521-4929-a62c-2a242ed6365d202604302115211777605321902921740.sst into:sstable2/ee26aafb-c13f-4429-8f7a-be01b5809b49202604302115211777605323823308551.sst
2026-05-01 03:15:23:879 - Compaction completed: 
2774237:COMPACT_START sstable=1 input_files: "sstable1/131d5d39-eae8-4d28-b770-4cfc47f40f3d202604302115211777605322554294932.sst" input_files: "sstable1/74cebe49-1dea-473e-9b56-50a1a1f64d13202604302115211777605322501374847.sst" compactIntoNextLevel: true destinationLevel: 2
2026-05-01 03:15:23:893 - Compaction started: 
140109441640000:Compacting sstable1/131d5d39-eae8-4d28-b770-4cfc47f40f3d202604302115211777605322554294932.sst sstable1/74cebe49-1dea-473e-9b56-50a1a1f64d13202604302115211777605322501374847.sst into:sstable2/ee26aafb-c13f-4429-8f7a-be01b5809b49202604302115211777605323924804220.sst
2026-05-01 03:15:23:991 - Compaction completed: 
2774237:COMPACT_START sstable=1 input_files: "sstable1/72f65f05-90bd-436c-80d7-c9f6495764cb202604302115211777605322691457082.sst" input_files: "sstable1/369bb4f9-a5d4-4fdd-bd2d-e85aa12ff6f1202604302115211777605322698666633.sst" compactIntoNextLevel: true destinationLevel: 2
2026-05-01 03:15:23:996 - Compaction started: 
140109441640000:Compacting sstable1/72f65f05-90bd-436c-80d7-c9f6495764cb202604302115211777605322691457082.sst sstable1/369bb4f9-a5d4-4fdd-bd2d-e85aa12ff6f1202604302115211777605322698666633.sst into:sstable2/ee26aafb-c13f-4429-8f7a-be01b5809b49202604302115211777605324028303473.sst
2026-05-01 03:15:24:093 - Compaction completed: 
2774237:COMPACT_START sstable=1 input_files: "sstable1/16c7ca75-6492-4f36-b319-df7aee0d6af1202604302115211777605323002718786.sst" input_files: "sstable1/369bb4f9-a5d4-4fdd-bd2d-e85aa12ff6f1202604302115211777605323014236210.sst" compactIntoNextLevel: true destinationLevel: 2
2026-05-01 03:15:24:102 - Compaction started: 
140109441640000:Compacting sstable1/16c7ca75-6492-4f36-b319-df7aee0d6af1202604302115211777605323002718786.sst sstable1/369bb4f9-a5d4-4fdd-bd2d-e85aa12ff6f1202604302115211777605323014236210.sst into:sstable2/ee26aafb-c13f-4429-8f7a-be01b5809b49202604302115211777605324139853094.sst
2026-05-01 03:15:24:194 - Compaction completed: 
2774237:COMPACT_START sstable=1 input_files: "sstable1/3ee92399-bb88-4d93-bde7-aaff9c53d994202604302115211777605323190497334.sst" input_files: "sstable1/16c7ca75-6492-4f36-b319-df7aee0d6af1202604302115211777605323203063915.sst" compactIntoNextLevel: true destinationLevel: 2
2026-05-01 03:15:24:205 - Compaction started: 
140109441640000:Compacting sstable1/3ee92399-bb88-4d93-bde7-aaff9c53d994202604302115211777605323190497334.sst sstable1/16c7ca75-6492-4f36-b319-df7aee0d6af1202604302115211777605323203063915.sst into:sstable2/ee26aafb-c13f-4429-8f7a-be01b5809b49202604302115211777605324240440982.sst
2026-05-01 03:15:24:293 - Compaction completed: 
2774237:COMPACT_START sstable=1 input_files: "sstable1/16c7ca75-6492-4f36-b319-df7aee0d6af1202604302115211777605323419898876.sst" input_files: "sstable1/f2051e37-d681-490b-981c-6646e3e56f27202604302115211777605323433146053.sst" compactIntoNextLevel: true destinationLevel: 2
2026-05-01 03:15:24:309 - Compaction started: 
140109441640000:Compacting sstable1/16c7ca75-6492-4f36-b319-df7aee0d6af1202604302115211777605323419898876.sst sstable1/f2051e37-d681-490b-981c-6646e3e56f27202604302115211777605323433146053.sst into:sstable2/ee26aafb-c13f-4429-8f7a-be01b5809b49202604302115211777605324337455573.sst
2026-05-01 03:15:24:381 - Compaction completed: 
2774237:COMPACT_START sstable=1 input_files: "sstable1/91cfe996-6521-4929-a62c-2a242ed6365d202604302115211777605323611945253.sst" input_files: "sstable1/ddf95a26-5d14-4716-ad29-6dfacd8ba65b202604302115211777605323622517416.sst" compactIntoNextLevel: true destinationLevel: 2
2026-05-01 03:15:24:412 - Compaction started: 
140109441640000:Compacting sstable1/91cfe996-6521-4929-a62c-2a242ed6365d202604302115211777605323611945253.sst sstable1/ddf95a26-5d14-4716-ad29-6dfacd8ba65b202604302115211777605323622517416.sst into:sstable2/ee26aafb-c13f-4429-8f7a-be01b5809b49202604302115211777605324438796201.sst
2026-05-01 03:15:24:479 - Compaction completed: 
2774237:COMPACT_START sstable=1 input_files: "sstable2/131d5d39-eae8-4d28-b770-4cfc47f40f3d202604302115211777605323898092260.sst" input_files: "sstable2/4389c8fa-bc8b-4865-89cd-23b315d11888202604302115211777605323919191090.sst" compactIntoNextLevel: false destinationLevel: 2
2026-05-01 03:15:24:523 - Compaction started: 
140109441640000:Compacting sstable2/131d5d39-eae8-4d28-b770-4cfc47f40f3d202604302115211777605323898092260.sst sstable2/4389c8fa-bc8b-4865-89cd-23b315d11888202604302115211777605323919191090.sst into:sstable2/0_ee26aafb-c13f-4429-8f7a-be01b5809b49202604302115211777605324587197344.sst
2026-05-01 03:15:24:711 - Compaction completed: 
2774237:COMPACT_START sstable=1 input_files: "sstable2/74cebe49-1dea-473e-9b56-50a1a1f64d13202604302115211777605324129332438.sst" input_files: "sstable2/f2051e37-d681-490b-981c-6646e3e56f27202604302115211777605324128853540.sst" compactIntoNextLevel: false destinationLevel: 2
2026-05-01 03:15:24:758 - Compaction started: 
140109441640000:Compacting sstable2/74cebe49-1dea-473e-9b56-50a1a1f64d13202604302115211777605324129332438.sst sstable2/f2051e37-d681-490b-981c-6646e3e56f27202604302115211777605324128853540.sst into:sstable2/0_ee26aafb-c13f-4429-8f7a-be01b5809b49202604302115211777605324819813471.sst
2026-05-01 03:15:24:942 - Compaction completed: 
2774237:COMPACT_START sstable=1 input_files: "sstable2/ee26aafb-c13f-4429-8f7a-be01b5809b49202604302115211777605324240440982.sst" input_files: "sstable2/72f65f05-90bd-436c-80d7-c9f6495764cb202604302115211777605324241136545.sst" compactIntoNextLevel: false destinationLevel: 2
2026-05-01 03:15:24:984 - Compaction started: 
140109441640000:Compacting sstable2/ee26aafb-c13f-4429-8f7a-be01b5809b49202604302115211777605324240440982.sst sstable2/72f65f05-90bd-436c-80d7-c9f6495764cb202604302115211777605324241136545.sst into:sstable2/0_ee26aafb-c13f-4429-8f7a-be01b5809b49202604302115211777605325053239275.sst
2026-05-01 03:15:25:176 - Compaction completed: 
2774237:COMPACT_START sstable=1 input_files: "sstable2/0_11d2d69e-fa70-44b4-9663-c9ac82317852202604302115211777605324951581091.sst" input_files: "sstable2/0_91cfe996-6521-4929-a62c-2a242ed6365d202604302115211777605324967127426.sst" compactIntoNextLevel: false destinationLevel: 2
2026-05-01 03:15:25:193 - Compaction started: 
140109441640000:Compacting sstable2/0_11d2d69e-fa70-44b4-9663-c9ac82317852202604302115211777605324951581091.sst sstable2/0_91cfe996-6521-4929-a62c-2a242ed6365d202604302115211777605324967127426.sst into:sstable2/1_ee26aafb-c13f-4429-8f7a-be01b5809b49202604302115211777605325422954143.sst
2026-05-01 03:15:25:706 - Compaction completed: 
2774237:COMPACT_START sstable=1 input_files: "sstable2/1_72f65f05-90bd-436c-80d7-c9f6495764cb202604302115211777605325310254897.sst" input_files: "sstable2/1_87938ba4-5b3a-4be4-a83e-2bb29e3b1330202604302115211777605325314973140.sst" compactIntoNextLevel: false destinationLevel: 2
2026-05-01 03:15:25:720 - Compaction started: 
140109441640000:Compacting sstable2/1_72f65f05-90bd-436c-80d7-c9f6495764cb202604302115211777605325310254897.sst sstable2/1_87938ba4-5b3a-4be4-a83e-2bb29e3b1330202604302115211777605325314973140.sst into:sstable2/2_ee26aafb-c13f-4429-8f7a-be01b5809b49202604302115211777605326048491116.sst
2026-05-01 03:15:26:485 - Compaction completed: 
2774237:COMPACT_START sstable=1 input_files: "sstable2/2_c6ff2d7d-20ad-49ca-a5b9-7646d3295288202604302115211777605326341382342.sst" input_files: "sstable2/2_91cfe996-6521-4929-a62c-2a242ed6365d202604302115211777605326515991610.sst" compactIntoNextLevel: false destinationLevel: 2
2026-05-01 03:15:26:851 - Compaction started: 
140109441640000:Compacting sstable2/2_c6ff2d7d-20ad-49ca-a5b9-7646d3295288202604302115211777605326341382342.sst sstable2/2_91cfe996-6521-4929-a62c-2a242ed6365d202604302115211777605326515991610.sst into:sstable2/3_ee26aafb-c13f-4429-8f7a-be01b5809b49202604302115211777605327329486689.sst
2026-05-01 03:15:28:071 - Compaction completed: 
