# CMD: /usr/lib/jvm/java-8-openjdk-amd64/bin/java -cp /users/Xinying/ozonedb/ycsb/ozonedb/conf:/users/Xinying/ozonedb/ycsb/ozonedb/target/ozonedb-binding-0.18.0-SNAPSHOT.jar:/users/Xinying/.m2/repository/org/apache/htrace/htrace-core4/4.1.0-incubating/htrace-core4-4.1.0-incubating.jar:/users/Xinying/.m2/repository/org/slf4j/slf4j-api/1.7.25/slf4j-api-1.7.25.jar:/users/Xinying/.m2/repository/org/hdrhistogram/HdrHistogram/2.1.12/HdrHistogram-2.1.12.jar:/users/Xinying/.m2/repository/ch/qos/logback/logback-classic/1.2.3/logback-classic-1.2.3.jar:/users/Xinying/.m2/repository/ozonedbjnimaven/demoproc-jni/1.0/demoproc-jni-1.0.jar:/users/Xinying/.m2/repository/ch/qos/logback/logback-core/1.2.3/logback-core-1.2.3.jar:/users/Xinying/.m2/repository/org/codehaus/jackson/jackson-mapper-asl/1.9.4/jackson-mapper-asl-1.9.4.jar:/users/Xinying/.m2/repository/org/slf4j/slf4j-simple/1.7.25/slf4j-simple-1.7.25.jar:/users/Xinying/.m2/repository/org/codehaus/jackson/jackson-core-asl/1.9.4/jackson-core-asl-1.9.4.jar:/users/Xinying/ozonedb/ycsb/core/target/core-0.18.0-SNAPSHOT.jar site.ycsb.Client -db site.ycsb.db.OzoneDBClient -threads 1 -s -P /users/Xinying/ozonedb/ycsb/workloads/generated_workloads/workloadc_1KB_500000_500000 -p status.interval=30 -p requestdistribution=uniform -p operationcount=1000000000 -p maxexecutiontime=360 -p shared_config=/tmp/churn_v4_configs/shared_config_varyW_n16_r0pct.json -t
# env OZONEDB_CHURN_ABORT_RATE=0.0
Command line: -db site.ycsb.db.OzoneDBClient -threads 1 -s -P /users/Xinying/ozonedb/ycsb/workloads/generated_workloads/workloadc_1KB_500000_500000 -p status.interval=30 -p requestdistribution=uniform -p operationcount=1000000000 -p maxexecutiontime=360 -p shared_config=/tmp/churn_v4_configs/shared_config_varyW_n16_r0pct.json -t
YCSB Client 0.18.0-SNAPSHOT

Loading workload...
Starting test.
SLF4J: Class path contains multiple SLF4J bindings.
SLF4J: Found binding in [jar:file:/users/Xinying/.m2/repository/ch/qos/logback/logback-classic/1.2.3/logback-classic-1.2.3.jar!/org/slf4j/impl/StaticLoggerBinder.class]
SLF4J: Found binding in [jar:file:/users/Xinying/.m2/repository/org/slf4j/slf4j-simple/1.7.25/slf4j-simple-1.7.25.jar!/org/slf4j/impl/StaticLoggerBinder.class]
SLF4J: See http://www.slf4j.org/codes.html#multiple_bindings for an explanation.
SLF4J: Actual binding is of type [ch.qos.logback.classic.util.ContextSelectorStaticBinder]
Maximum execution time specified as: 360 secs
2026-05-01 03:15:21:824 0 sec: 0 operations; est completion in 0 second 
Starting compaction watcher
DBWrapper: report latency for each error is false and specific error codes to track for latency are: []
2774183:COMPACT_START sstable=0 input_files: "datalog/11" input_files: "datalog/12" compactIntoNextLevel: true destinationLevel: 1
2026-05-01 03:15:21:871 - Compaction started: 
140647352755776:Compacting datalog/11 datalog/12 into:sstable1/c6ff2d7d-20ad-49ca-a5b9-7646d3295288202604302115211777605322097849506.sst
2026-05-01 03:15:22:120 - Compaction completed: 
2774183:COMPACT_START sstable=0 input_files: "datalog/41" input_files: "datalog/42" compactIntoNextLevel: true destinationLevel: 1
2026-05-01 03:15:22:172 - Compaction started: 
140647352755776:Compacting datalog/41 datalog/42 into:sstable1/c6ff2d7d-20ad-49ca-a5b9-7646d3295288202604302115211777605322177626443.sst
2026-05-01 03:15:22:199 - Compaction completed: 
2774183:COMPACT_START sstable=0 input_files: "datalog/47" input_files: "datalog/48" compactIntoNextLevel: true destinationLevel: 1
2026-05-01 03:15:22:277 - Compaction started: 
140647352755776:Compacting datalog/47 datalog/48 into:sstable1/c6ff2d7d-20ad-49ca-a5b9-7646d3295288202604302115211777605322307414574.sst
2026-05-01 03:15:22:330 - Compaction completed: 
2774183:COMPACT_START sstable=0 input_files: "datalog/67" input_files: "datalog/68" compactIntoNextLevel: true destinationLevel: 1
2026-05-01 03:15:22:379 - Compaction started: 
140647352755776:Compacting datalog/67 datalog/68 into:sstable1/c6ff2d7d-20ad-49ca-a5b9-7646d3295288202604302115211777605322382449163.sst
2026-05-01 03:15:22:406 - Compaction completed: 
2774183:COMPACT_START sstable=0 input_files: "datalog/95" input_files: "datalog/96" compactIntoNextLevel: true destinationLevel: 1
2026-05-01 03:15:22:525 - Compaction started: 
140647352755776:Compacting datalog/95 datalog/96 into:sstable1/c6ff2d7d-20ad-49ca-a5b9-7646d3295288202604302115211777605322537715141.sst
2026-05-01 03:15:22:567 - Compaction completed: 
2774183:COMPACT_START sstable=0 input_files: "datalog/113" input_files: "datalog/114" compactIntoNextLevel: true destinationLevel: 1
2026-05-01 03:15:22:628 - Compaction started: 
140647352755776:Compacting datalog/113 datalog/114 into:sstable1/c6ff2d7d-20ad-49ca-a5b9-7646d3295288202604302115211777605322631386697.sst
2026-05-01 03:15:22:659 - Compaction completed: 
2774183:COMPACT_START sstable=0 input_files: "datalog/131" input_files: "datalog/132" compactIntoNextLevel: true destinationLevel: 1
2026-05-01 03:15:22:742 - Compaction started: 
140647352755776:Compacting datalog/131 datalog/132 into:sstable1/c6ff2d7d-20ad-49ca-a5b9-7646d3295288202604302115211777605322902771038.sst
2026-05-01 03:15:22:936 - Compaction completed: 
2774183:COMPACT_START sstable=0 input_files: "datalog/169" input_files: "datalog/170" compactIntoNextLevel: true destinationLevel: 1
2026-05-01 03:15:22:944 - Compaction started: 
140647352755776:Compacting datalog/169 datalog/170 into:sstable1/c6ff2d7d-20ad-49ca-a5b9-7646d3295288202604302115211777605322974431313.sst
2026-05-01 03:15:22:998 - Compaction completed: 
2774183:COMPACT_START sstable=0 input_files: "datalog/195" input_files: "datalog/196" compactIntoNextLevel: true destinationLevel: 1
2026-05-01 03:15:23:049 - Compaction started: 
140647352755776:Compacting datalog/195 datalog/196 into:sstable1/c6ff2d7d-20ad-49ca-a5b9-7646d3295288202604302115211777605323052345008.sst
2026-05-01 03:15:23:073 - Compaction completed: 
2774183:COMPACT_START sstable=0 input_files: "datalog/217" input_files: "datalog/218" compactIntoNextLevel: true destinationLevel: 1
2026-05-01 03:15:23:160 - Compaction started: 
140647352755776:Compacting datalog/217 datalog/218 into:sstable1/c6ff2d7d-20ad-49ca-a5b9-7646d3295288202604302115211777605323163956425.sst
2026-05-01 03:15:23:185 - Compaction completed: 
2774183:COMPACT_START sstable=0 input_files: "datalog/251" input_files: "datalog/252" compactIntoNextLevel: true destinationLevel: 1
2026-05-01 03:15:23:270 - Compaction started: 
140647352755776:Compacting datalog/251 datalog/252 into:sstable1/c6ff2d7d-20ad-49ca-a5b9-7646d3295288202604302115211777605323272828668.sst
2026-05-01 03:15:23:296 - Compaction completed: 
2774183:COMPACT_START sstable=0 input_files: "datalog/285" input_files: "datalog/286" compactIntoNextLevel: true destinationLevel: 1
2026-05-01 03:15:23:412 - Compaction started: 
140647352755776:Compacting datalog/285 datalog/286 into:sstable1/c6ff2d7d-20ad-49ca-a5b9-7646d3295288202604302115211777605323414655560.sst
2026-05-01 03:15:23:447 - Compaction completed: 
2774183:COMPACT_START sstable=0 input_files: "datalog/317" input_files: "datalog/318" compactIntoNextLevel: true destinationLevel: 1
2026-05-01 03:15:23:516 - Compaction started: 
140647352755776:Compacting datalog/317 datalog/318 into:sstable1/c6ff2d7d-20ad-49ca-a5b9-7646d3295288202604302115211777605323519149688.sst
2026-05-01 03:15:23:542 - Compaction completed: 
2774183:COMPACT_START sstable=0 input_files: "datalog/349" input_files: "datalog/350" compactIntoNextLevel: true destinationLevel: 1
2026-05-01 03:15:23:619 - Compaction started: 
140647352755776:Compacting datalog/349 datalog/350 into:sstable1/c6ff2d7d-20ad-49ca-a5b9-7646d3295288202604302115211777605323623081583.sst
2026-05-01 03:15:23:645 - Compaction completed: 
2774183:COMPACT_START sstable=0 input_files: "datalog/381" input_files: "datalog/382" compactIntoNextLevel: true destinationLevel: 1
2026-05-01 03:15:23:723 - Compaction started: 
140647352755776:Compacting datalog/381 datalog/382 into:sstable1/c6ff2d7d-20ad-49ca-a5b9-7646d3295288202604302115211777605323726797773.sst
2026-05-01 03:15:23:745 - Compaction completed: 
2774183:COMPACT_START sstable=1 input_files: "sstable1/c6ff2d7d-20ad-49ca-a5b9-7646d3295288202604302115211777605322177626443.sst" input_files: "sstable1/e399ada6-adba-45b3-bf53-89d109e7dc87202604302115211777605322273674783.sst" compactIntoNextLevel: true destinationLevel: 2
2026-05-01 03:15:23:826 - Compaction started: 
140647352755776:Compacting sstable1/c6ff2d7d-20ad-49ca-a5b9-7646d3295288202604302115211777605322177626443.sst sstable1/e399ada6-adba-45b3-bf53-89d109e7dc87202604302115211777605322273674783.sst into:sstable2/c6ff2d7d-20ad-49ca-a5b9-7646d3295288202604302115211777605323884392385.sst
2026-05-01 03:15:23:969 - Compaction completed: 
2774183:COMPACT_START sstable=1 input_files: "sstable1/72f65f05-90bd-436c-80d7-c9f6495764cb202604302115211777605322838009270.sst" input_files: "sstable1/74cebe49-1dea-473e-9b56-50a1a1f64d13202604302115211777605323082330202.sst" compactIntoNextLevel: true destinationLevel: 2
2026-05-01 03:15:24:032 - Compaction started: 
140647352755776:Compacting sstable1/72f65f05-90bd-436c-80d7-c9f6495764cb202604302115211777605322838009270.sst sstable1/74cebe49-1dea-473e-9b56-50a1a1f64d13202604302115211777605323082330202.sst into:sstable2/c6ff2d7d-20ad-49ca-a5b9-7646d3295288202604302115211777605324057330772.sst
2026-05-01 03:15:24:112 - Compaction completed: 
2774183:COMPACT_START sstable=1 input_files: "sstable1/16c7ca75-6492-4f36-b319-df7aee0d6af1202604302115211777605323100157993.sst" input_files: "sstable1/369bb4f9-a5d4-4fdd-bd2d-e85aa12ff6f1202604302115211777605323119879402.sst" compactIntoNextLevel: true destinationLevel: 2
2026-05-01 03:15:24:134 - Compaction started: 
140647352755776:Compacting sstable1/16c7ca75-6492-4f36-b319-df7aee0d6af1202604302115211777605323100157993.sst sstable1/369bb4f9-a5d4-4fdd-bd2d-e85aa12ff6f1202604302115211777605323119879402.sst into:sstable2/c6ff2d7d-20ad-49ca-a5b9-7646d3295288202604302115211777605324163714572.sst
2026-05-01 03:15:24:219 - Compaction completed: 
2774183:COMPACT_START sstable=1 input_files: "sstable1/ddf95a26-5d14-4716-ad29-6dfacd8ba65b202604302115211777605323290046625.sst" input_files: "sstable1/3ee92399-bb88-4d93-bde7-aaff9c53d994202604302115211777605323293123091.sst" compactIntoNextLevel: true destinationLevel: 2
2026-05-01 03:15:24:238 - Compaction started: 
140647352755776:Compacting sstable1/ddf95a26-5d14-4716-ad29-6dfacd8ba65b202604302115211777605323290046625.sst sstable1/3ee92399-bb88-4d93-bde7-aaff9c53d994202604302115211777605323293123091.sst into:sstable2/c6ff2d7d-20ad-49ca-a5b9-7646d3295288202604302115211777605324266081564.sst
2026-05-01 03:15:24:316 - Compaction completed: 
2774183:COMPACT_START sstable=1 input_files: "sstable1/91cfe996-6521-4929-a62c-2a242ed6365d202604302115211777605323506478342.sst" input_files: "sstable1/ddf95a26-5d14-4716-ad29-6dfacd8ba65b202604302115211777605323518207362.sst" compactIntoNextLevel: true destinationLevel: 2
2026-05-01 03:15:24:342 - Compaction started: 
140647352755776:Compacting sstable1/91cfe996-6521-4929-a62c-2a242ed6365d202604302115211777605323506478342.sst sstable1/ddf95a26-5d14-4716-ad29-6dfacd8ba65b202604302115211777605323518207362.sst into:sstable2/c6ff2d7d-20ad-49ca-a5b9-7646d3295288202604302115211777605324378719624.sst
2026-05-01 03:15:24:428 - Compaction completed: 
2774183:COMPACT_START sstable=1 input_files: "sstable1/87938ba4-5b3a-4be4-a83e-2bb29e3b1330202604302115211777605323699966450.sst" input_files: "sstable1/11d2d69e-fa70-44b4-9663-c9ac82317852202604302115211777605323708561969.sst" compactIntoNextLevel: true destinationLevel: 2
2026-05-01 03:15:24:446 - Compaction started: 
140647352755776:Compacting sstable1/87938ba4-5b3a-4be4-a83e-2bb29e3b1330202604302115211777605323699966450.sst sstable1/11d2d69e-fa70-44b4-9663-c9ac82317852202604302115211777605323708561969.sst into:sstable2/c6ff2d7d-20ad-49ca-a5b9-7646d3295288202604302115211777605324473177003.sst
2026-05-01 03:15:24:521 - Compaction completed: 
2774183:COMPACT_START sstable=1 input_files: "sstable2/f2051e37-d681-490b-981c-6646e3e56f27202604302115211777605324022053130.sst" input_files: "sstable2/ee26aafb-c13f-4429-8f7a-be01b5809b49202604302115211777605324028303473.sst" compactIntoNextLevel: false destinationLevel: 2
2026-05-01 03:15:24:561 - Compaction started: 
140647352755776:Compacting sstable2/f2051e37-d681-490b-981c-6646e3e56f27202604302115211777605324022053130.sst sstable2/ee26aafb-c13f-4429-8f7a-be01b5809b49202604302115211777605324028303473.sst into:sstable2/0_c6ff2d7d-20ad-49ca-a5b9-7646d3295288202604302115211777605324628541175.sst
2026-05-01 03:15:24:747 - Compaction completed: 
2774183:COMPACT_START sstable=1 input_files: "sstable2/ee26aafb-c13f-4429-8f7a-be01b5809b49202604302115211777605324139853094.sst" input_files: "sstable2/e399ada6-adba-45b3-bf53-89d109e7dc87202604302115211777605324133512541.sst" compactIntoNextLevel: false destinationLevel: 2
2026-05-01 03:15:24:777 - Compaction started: 
140647352755776:Compacting sstable2/ee26aafb-c13f-4429-8f7a-be01b5809b49202604302115211777605324139853094.sst sstable2/e399ada6-adba-45b3-bf53-89d109e7dc87202604302115211777605324133512541.sst into:sstable2/0_c6ff2d7d-20ad-49ca-a5b9-7646d3295288202604302115211777605324840966202.sst
2026-05-01 03:15:24:960 - Compaction completed: 
2774183:COMPACT_START sstable=1 input_files: "sstable2/0_369bb4f9-a5d4-4fdd-bd2d-e85aa12ff6f1202604302115211777605324735585502.sst" input_files: "sstable2/0_4389c8fa-bc8b-4865-89cd-23b315d11888202604302115211777605324781000553.sst" compactIntoNextLevel: false destinationLevel: 2
2026-05-01 03:15:24:984 - Compaction started: 
140647352755776:Compacting sstable2/0_369bb4f9-a5d4-4fdd-bd2d-e85aa12ff6f1202604302115211777605324735585502.sst sstable2/0_4389c8fa-bc8b-4865-89cd-23b315d11888202604302115211777605324781000553.sst into:sstable2/1_c6ff2d7d-20ad-49ca-a5b9-7646d3295288202604302115211777605325176011848.sst
2026-05-01 03:15:25:492 - Compaction completed: 
2774183:COMPACT_START sstable=1 input_files: "sstable2/91cfe996-6521-4929-a62c-2a242ed6365d202604302115211777605324360350349.sst" input_files: "sstable2/ddf95a26-5d14-4716-ad29-6dfacd8ba65b202604302115211777605324370542901.sst" compactIntoNextLevel: false destinationLevel: 2
2026-05-01 03:15:25:523 - Compaction started: 
140647352755776:Compacting sstable2/91cfe996-6521-4929-a62c-2a242ed6365d202604302115211777605324360350349.sst sstable2/ddf95a26-5d14-4716-ad29-6dfacd8ba65b202604302115211777605324370542901.sst into:sstable2/0_c6ff2d7d-20ad-49ca-a5b9-7646d3295288202604302115211777605325590322841.sst
2026-05-01 03:15:25:711 - Compaction completed: 
2774183:COMPACT_START sstable=1 input_files: "sstable2/ee26aafb-c13f-4429-8f7a-be01b5809b49202604302115211777605324438796201.sst" input_files: "sstable2/e399ada6-adba-45b3-bf53-89d109e7dc87202604302115211777605324454219977.sst" compactIntoNextLevel: false destinationLevel: 2
2026-05-01 03:15:25:743 - Compaction started: 
140647352755776:Compacting sstable2/ee26aafb-c13f-4429-8f7a-be01b5809b49202604302115211777605324438796201.sst sstable2/e399ada6-adba-45b3-bf53-89d109e7dc87202604302115211777605324454219977.sst into:sstable2/0_c6ff2d7d-20ad-49ca-a5b9-7646d3295288202604302115211777605325800041827.sst
2026-05-01 03:15:25:908 - Compaction completed: 
2774183:COMPACT_START sstable=1 input_files: "sstable2/1_3ee92399-bb88-4d93-bde7-aaff9c53d994202604302115211777605325685066387.sst" input_files: "sstable2/1_72f65f05-90bd-436c-80d7-c9f6495764cb202604302115211777605325755551860.sst" compactIntoNextLevel: false destinationLevel: 2
2026-05-01 03:15:26:064 - Compaction started: 
140647352755776:Compacting sstable2/1_3ee92399-bb88-4d93-bde7-aaff9c53d994202604302115211777605325685066387.sst sstable2/1_72f65f05-90bd-436c-80d7-c9f6495764cb202604302115211777605325755551860.sst into:sstable2/2_c6ff2d7d-20ad-49ca-a5b9-7646d3295288202604302115211777605326341382342.sst
2026-05-01 03:15:26:692 - Compaction completed: 
