# CMD: /usr/bin/time -v /users/Xinying/YCSB-cpp/ycsb -db sqlite -run -P /users/Xinying/YCSB-cpp/workloads/workloadb -P /users/Xinying/YCSB-cpp/sqlite/sqlite-bcw.properties -p sqlite.dbpath=/tank/ycsb_data/multi-proc-run/shared_bcw_ycsb.db -p threadcount=1 -p recordcount=1000000 -p maxexecutiontime=90 -p sqlite.locking_mode=NORMAL -p sqlite.vfs=unix
# shared_work_path=/tank/ycsb_data/multi-proc-run/shared_bcw_ycsb.db  proc_id=3/4
[Thread 140336257857088] SqliteDB::Init at 2026-04-29 10:29:34
Opening database with URL: file:///tank/ycsb_data/multi-proc-run/shared_bcw_ycsb.db?vfs=unix
PRAGMA journal_mode: wal2
PRAGMA mmap_size: 0
PRAGMA page_size: 4096
PRAGMA cache_size: -131072
PRAGMA synchronous: 2
[HCTree] busy_snapshot aborts (discarded, not retried): 61
[Thread 140336257857088] SqliteDB::Cleanup (last) at 2026-04-29 10:31:04
Run runtime(sec): 90.0014
Run operations(ops): 636253
Run throughput(ops/sec): 7068.69
	Command being timed: "/users/Xinying/YCSB-cpp/ycsb -db sqlite -run -P /users/Xinying/YCSB-cpp/workloads/workloadb -P /users/Xinying/YCSB-cpp/sqlite/sqlite-bcw.properties -p sqlite.dbpath=/tank/ycsb_data/multi-proc-run/shared_bcw_ycsb.db -p threadcount=1 -p recordcount=1000000 -p maxexecutiontime=90 -p sqlite.locking_mode=NORMAL -p sqlite.vfs=unix"
	User time (seconds): 7.39
	System time (seconds): 63.06
	Percent of CPU this job got: 78%
	Elapsed (wall clock) time (h:mm:ss or m:ss): 1:30.01
	Average shared text size (kbytes): 0
	Average unshared data size (kbytes): 0
	Average stack size (kbytes): 0
	Average total size (kbytes): 0
	Maximum resident set size (kbytes): 11044
	Average resident set size (kbytes): 0
	Major (requiring I/O) page faults: 385
	Minor (reclaiming a frame) page faults: 1357
	Voluntary context switches: 105110
	Involuntary context switches: 120
	Swaps: 0
	File system inputs: 22463640
	File system outputs: 254678
	Socket messages sent: 0
	Socket messages received: 0
	Signals delivered: 0
	Page size (bytes): 4096
	Exit status: 0
