# CMD: /usr/bin/time -v /users/Xinying/YCSB-cpp/ycsb -db sqlite -run -P /users/Xinying/YCSB-cpp/workloads/workloadb -P /users/Xinying/YCSB-cpp/sqlite/sqlite-bcw.properties -p sqlite.dbpath=/tank/ycsb_data/multi-proc-run/shared_bcw_ycsb.db -p threadcount=1 -p recordcount=1000000 -p maxexecutiontime=90 -p sqlite.locking_mode=NORMAL -p sqlite.vfs=unix
# shared_work_path=/tank/ycsb_data/multi-proc-run/shared_bcw_ycsb.db  proc_id=7/16
[Thread 139892268361280] SqliteDB::Init at 2026-04-29 10:32:55
Opening database with URL: file:///tank/ycsb_data/multi-proc-run/shared_bcw_ycsb.db?vfs=unix
PRAGMA journal_mode: wal2
PRAGMA mmap_size: 0
PRAGMA page_size: 4096
PRAGMA cache_size: -131072
PRAGMA synchronous: 2
[HCTree] busy_snapshot aborts (discarded, not retried): 144
[Thread 139892268361280] SqliteDB::Cleanup (last) at 2026-04-29 10:34:25
Run runtime(sec): 90.0014
Run operations(ops): 252053
Run throughput(ops/sec): 2798.95
	Command being timed: "/users/Xinying/YCSB-cpp/ycsb -db sqlite -run -P /users/Xinying/YCSB-cpp/workloads/workloadb -P /users/Xinying/YCSB-cpp/sqlite/sqlite-bcw.properties -p sqlite.dbpath=/tank/ycsb_data/multi-proc-run/shared_bcw_ycsb.db -p threadcount=1 -p recordcount=1000000 -p maxexecutiontime=90 -p sqlite.locking_mode=NORMAL -p sqlite.vfs=unix"
	User time (seconds): 4.09
	System time (seconds): 29.81
	Percent of CPU this job got: 37%
	Elapsed (wall clock) time (h:mm:ss or m:ss): 1:30.01
	Average shared text size (kbytes): 0
	Average unshared data size (kbytes): 0
	Average stack size (kbytes): 0
	Average total size (kbytes): 0
	Maximum resident set size (kbytes): 10956
	Average resident set size (kbytes): 0
	Major (requiring I/O) page faults: 517
	Minor (reclaiming a frame) page faults: 1249
	Voluntary context switches: 51727
	Involuntary context switches: 89
	Swaps: 0
	File system inputs: 10485168
	File system outputs: 101373
	Socket messages sent: 0
	Socket messages received: 0
	Signals delivered: 0
	Page size (bytes): 4096
	Exit status: 0
