# CMD: /usr/bin/time -v /users/Xinying/YCSB-cpp/ycsb -db sqlite -run -P /users/Xinying/YCSB-cpp/workloads/workloada_hctree -P /users/Xinying/YCSB-cpp/sqlite/sqlite-bcw.properties -p sqlite.dbpath=/tank/ycsb_data/multi-proc-run/shared_bcw_ycsb.db -p threadcount=1 -p recordcount=1000000 -p maxexecutiontime=90 -p sqlite.locking_mode=NORMAL -p sqlite.vfs=unix
# shared_work_path=/tank/ycsb_data/multi-proc-run/shared_bcw_ycsb.db  proc_id=3/4
[Thread 140667386197568] SqliteDB::Init at 2026-04-29 10:22:39
Opening database with URL: file:///tank/ycsb_data/multi-proc-run/shared_bcw_ycsb.db?vfs=unix
PRAGMA journal_mode: wal2
PRAGMA mmap_size: 0
PRAGMA page_size: 4096
PRAGMA cache_size: -131072
PRAGMA synchronous: 2
[HCTree] busy_snapshot aborts (discarded, not retried): 177
[Thread 140667386197568] SqliteDB::Cleanup (last) at 2026-04-29 10:24:16
Run runtime(sec): 96.7802
Run operations(ops): 124454
Run throughput(ops/sec): 1284.12
	Command being timed: "/users/Xinying/YCSB-cpp/ycsb -db sqlite -run -P /users/Xinying/YCSB-cpp/workloads/workloada_hctree -P /users/Xinying/YCSB-cpp/sqlite/sqlite-bcw.properties -p sqlite.dbpath=/tank/ycsb_data/multi-proc-run/shared_bcw_ycsb.db -p threadcount=1 -p recordcount=1000000 -p maxexecutiontime=90 -p sqlite.locking_mode=NORMAL -p sqlite.vfs=unix"
	User time (seconds): 3.04
	System time (seconds): 22.91
	Percent of CPU this job got: 26%
	Elapsed (wall clock) time (h:mm:ss or m:ss): 1:36.84
	Average shared text size (kbytes): 0
	Average unshared data size (kbytes): 0
	Average stack size (kbytes): 0
	Average total size (kbytes): 0
	Maximum resident set size (kbytes): 18692
	Average resident set size (kbytes): 0
	Major (requiring I/O) page faults: 610
	Minor (reclaiming a frame) page faults: 3182
	Voluntary context switches: 205742
	Involuntary context switches: 61
	Swaps: 0
	File system inputs: 4931520
	File system outputs: 1505561
	Socket messages sent: 0
	Socket messages received: 0
	Signals delivered: 0
	Page size (bytes): 4096
	Exit status: 0
