# CMD: /usr/bin/time -v /users/Xinying/YCSB-cpp/ycsb -db sqlite -run -P /users/Xinying/YCSB-cpp/workloads/workloada_hctree -P /users/Xinying/YCSB-cpp/sqlite/sqlite-bcw.properties -p sqlite.dbpath=/tank/ycsb_data/multi-proc-run/shared_bcw_ycsb.db -p threadcount=1 -p recordcount=1000000 -p maxexecutiontime=90 -p sqlite.locking_mode=NORMAL -p sqlite.vfs=unix
# shared_work_path=/tank/ycsb_data/multi-proc-run/shared_bcw_ycsb.db  proc_id=0/8
[Thread 139825897457216] SqliteDB::Init at 2026-04-29 10:24:24
Opening database with URL: file:///tank/ycsb_data/multi-proc-run/shared_bcw_ycsb.db?vfs=unix
PRAGMA journal_mode: wal2
PRAGMA mmap_size: 0
PRAGMA page_size: 4096
PRAGMA cache_size: -131072
PRAGMA synchronous: 2
[HCTree] busy_snapshot aborts (discarded, not retried): 203
[Thread 139825897457216] SqliteDB::Cleanup (last) at 2026-04-29 10:25:54
Run runtime(sec): 90.0111
Run operations(ops): 65708
Run throughput(ops/sec): 727.743
	Command being timed: "/users/Xinying/YCSB-cpp/ycsb -db sqlite -run -P /users/Xinying/YCSB-cpp/workloads/workloada_hctree -P /users/Xinying/YCSB-cpp/sqlite/sqlite-bcw.properties -p sqlite.dbpath=/tank/ycsb_data/multi-proc-run/shared_bcw_ycsb.db -p threadcount=1 -p recordcount=1000000 -p maxexecutiontime=90 -p sqlite.locking_mode=NORMAL -p sqlite.vfs=unix"
	User time (seconds): 1.59
	System time (seconds): 9.22
	Percent of CPU this job got: 12%
	Elapsed (wall clock) time (h:mm:ss or m:ss): 1:30.07
	Average shared text size (kbytes): 0
	Average unshared data size (kbytes): 0
	Average stack size (kbytes): 0
	Average total size (kbytes): 0
	Maximum resident set size (kbytes): 14380
	Average resident set size (kbytes): 0
	Major (requiring I/O) page faults: 612
	Minor (reclaiming a frame) page faults: 2044
	Voluntary context switches: 115892
	Involuntary context switches: 33
	Swaps: 0
	File system inputs: 2227176
	File system outputs: 263652
	Socket messages sent: 0
	Socket messages received: 0
	Signals delivered: 0
	Page size (bytes): 4096
	Exit status: 0
