# CMD: /usr/bin/time -v /users/Xinying/YCSB-cpp/ycsb -db sqlite -run -P /users/Xinying/YCSB-cpp/workloads/workloadf -P /users/Xinying/YCSB-cpp/sqlite/sqlite-bcw.properties -p sqlite.dbpath=/tank/ycsb_data/multi-proc-run/shared_bcw_ycsb.db -p threadcount=1 -p recordcount=1000000 -p maxexecutiontime=90 -p sqlite.locking_mode=NORMAL -p sqlite.vfs=unix
# shared_work_path=/tank/ycsb_data/multi-proc-run/shared_bcw_ycsb.db  proc_id=8/16
[Thread 139629448111680] SqliteDB::Init at 2026-04-29 10:52:51
Opening database with URL: file:///tank/ycsb_data/multi-proc-run/shared_bcw_ycsb.db?vfs=unix
PRAGMA journal_mode: wal2
PRAGMA mmap_size: 0
PRAGMA page_size: 4096
PRAGMA cache_size: -131072
PRAGMA synchronous: 2
[HCTree] busy_snapshot aborts (discarded, not retried): 199
[Thread 139629448111680] SqliteDB::Cleanup (last) at 2026-04-29 10:54:21
Run runtime(sec): 90.0021
Run operations(ops): 34511
Run throughput(ops/sec): 381.235
	Command being timed: "/users/Xinying/YCSB-cpp/ycsb -db sqlite -run -P /users/Xinying/YCSB-cpp/workloads/workloadf -P /users/Xinying/YCSB-cpp/sqlite/sqlite-bcw.properties -p sqlite.dbpath=/tank/ycsb_data/multi-proc-run/shared_bcw_ycsb.db -p threadcount=1 -p recordcount=1000000 -p maxexecutiontime=90 -p sqlite.locking_mode=NORMAL -p sqlite.vfs=unix"
	User time (seconds): 1.01
	System time (seconds): 5.07
	Percent of CPU this job got: 6%
	Elapsed (wall clock) time (h:mm:ss or m:ss): 1:30.03
	Average shared text size (kbytes): 0
	Average unshared data size (kbytes): 0
	Average stack size (kbytes): 0
	Average total size (kbytes): 0
	Maximum resident set size (kbytes): 11324
	Average resident set size (kbytes): 0
	Major (requiring I/O) page faults: 638
	Minor (reclaiming a frame) page faults: 1233
	Voluntary context switches: 68180
	Involuntary context switches: 14
	Swaps: 0
	File system inputs: 1363872
	File system outputs: 138041
	Socket messages sent: 0
	Socket messages received: 0
	Signals delivered: 0
	Page size (bytes): 4096
	Exit status: 0
