# CMD: /usr/bin/time -v /usr/lib/jvm/java-8-openjdk-amd64/bin/java -cp /users/Xinying/ozonedb/ycsb/ozonedb/conf:/users/Xinying/ozonedb/ycsb/ozonedb/target/ozonedb-binding-0.18.0-SNAPSHOT.jar:/users/Xinying/.m2/repository/org/apache/htrace/htrace-core4/4.1.0-incubating/htrace-core4-4.1.0-incubating.jar:/users/Xinying/.m2/repository/org/slf4j/slf4j-api/1.7.25/slf4j-api-1.7.25.jar:/users/Xinying/.m2/repository/org/hdrhistogram/HdrHistogram/2.1.12/HdrHistogram-2.1.12.jar:/users/Xinying/.m2/repository/ch/qos/logback/logback-classic/1.2.3/logback-classic-1.2.3.jar:/users/Xinying/.m2/repository/ozonedbjnimaven/demoproc-jni/1.0/demoproc-jni-1.0.jar:/users/Xinying/.m2/repository/ch/qos/logback/logback-core/1.2.3/logback-core-1.2.3.jar:/users/Xinying/.m2/repository/org/codehaus/jackson/jackson-mapper-asl/1.9.4/jackson-mapper-asl-1.9.4.jar:/users/Xinying/.m2/repository/org/slf4j/slf4j-simple/1.7.25/slf4j-simple-1.7.25.jar:/users/Xinying/.m2/repository/org/codehaus/jackson/jackson-core-asl/1.9.4/jackson-core-asl-1.9.4.jar:/users/Xinying/ozonedb/ycsb/core/target/core-0.18.0-SNAPSHOT.jar site.ycsb.Client -db site.ycsb.db.OzoneDBClient -threads 1 -s -P /users/Xinying/ozonedb/ycsb/workloads/generated_workloads/workloada_1KB_1000000_1000000 -p status.interval=1 -p maxexecutiontime=90 -p operationcount=0 -p shared_config=/tmp/phase1_ozonedb_configs/shared_config_SHARED_workloada_p8_r1_proc5.json -t
# shared_work_path=/tank/ycsb_data/multi-proc-run/shared_ozonedb  proc_id=5/8
Command line: -db site.ycsb.db.OzoneDBClient -threads 1 -s -P /users/Xinying/ozonedb/ycsb/workloads/generated_workloads/workloada_1KB_1000000_1000000 -p status.interval=1 -p maxexecutiontime=90 -p operationcount=0 -p shared_config=/tmp/phase1_ozonedb_configs/shared_config_SHARED_workloada_p8_r1_proc5.json -t
YCSB Client 0.18.0-SNAPSHOT

Loading workload...
Starting test.
SLF4J: Class path contains multiple SLF4J bindings.
SLF4J: Found binding in [jar:file:/users/Xinying/.m2/repository/ch/qos/logback/logback-classic/1.2.3/logback-classic-1.2.3.jar!/org/slf4j/impl/StaticLoggerBinder.class]
SLF4J: Found binding in [jar:file:/users/Xinying/.m2/repository/org/slf4j/slf4j-simple/1.7.25/slf4j-simple-1.7.25.jar!/org/slf4j/impl/StaticLoggerBinder.class]
SLF4J: See http://www.slf4j.org/codes.html#multiple_bindings for an explanation.
SLF4J: Actual binding is of type [ch.qos.logback.classic.util.ContextSelectorStaticBinder]
Maximum execution time specified as: 90 secs
2026-04-29 15:17:31:846 0 sec: 0 operations; 
Starting compaction watcher
DBWrapper: report latency for each error is false and specific error codes to track for latency are: []
2026-04-29 15:17:32:846 1 sec: 1047 operations; 1047 current ops/sec; [READ: Count=482, Max=46335, Min=7, Avg=341.74, 90=698, 99=2875, 99.9=46335, 99.99=46335] [UPDATE: Count=583, Max=135679, Min=177, Avg=871.49, 90=1288, 99=3115, 99.9=135679, 99.99=135679] 
2026-04-29 15:17:33:846 2 sec: 4793 operations; 3746 current ops/sec; [READ: Count=1900, Max=3679, Min=5, Avg=107.41, 90=145, 99=864, 99.9=3675, 99.99=3679] [UPDATE: Count=1834, Max=73983, Min=157, Avg=418.38, 90=556, 99=1992, 99.9=4727, 99.99=73983] 
2026-04-29 15:17:34:846 3 sec: 10013 operations; 5220 current ops/sec; [READ: Count=2609, Max=6743, Min=5, Avg=84.95, 90=132, 99=185, 99.9=6247, 99.99=6743] [UPDATE: Count=2610, Max=6775, Min=159, Avg=290.45, 90=356, 99=576, 99.9=5395, 99.99=6775] 
2026-04-29 15:17:34:956 - NewTail completed: 
2026-04-29 15:17:35:846 4 sec: 15457 operations; 5444 current ops/sec; [READ: Count=2728, Max=5447, Min=5, Avg=78.36, 90=129, 99=194, 99.9=5047, 99.99=5447] [UPDATE: Count=2716, Max=6831, Min=159, Avg=284.24, 90=354, 99=472, 99.9=5931, 99.99=6831] 
2026-04-29 15:17:36:846 5 sec: 20756 operations; 5299 current ops/sec; [READ: Count=2683, Max=4979, Min=5, Avg=70.25, 90=126, 99=154, 99.9=2093, 99.99=4979] [UPDATE: Count=2613, Max=73663, Min=158, Avg=305.14, 90=335, 99=435, 99.9=5191, 99.99=73663] 
2026-04-29 15:17:37:846 6 sec: 24861 operations; 4105 current ops/sec; [READ: Count=2013, Max=4623, Min=5, Avg=75.47, 90=131, 99=192, 99.9=2951, 99.99=4623] [UPDATE: Count=2093, Max=110975, Min=158, Avg=400.06, 90=579, 99=1154, 99.9=4483, 99.99=110975] 
2026-04-29 15:17:37:861 - Compaction started: 
139704078857792:Compacting datalog/37 datalog/38 into:sstable1/d049eb7a-a95c-406e-8655-b3f677c7deec202604290917311777475858035015731.sst
2026-04-29 15:17:38:320 - Compaction completed: 
2026-04-29 15:17:38:846 7 sec: 30127 operations; 5266 current ops/sec; [READ: Count=2611, Max=5343, Min=5, Avg=84.18, 90=140, 99=189, 99.9=4791, 99.99=5343] [UPDATE: Count=2655, Max=10255, Min=159, Avg=288.28, 90=369, 99=461, 99.9=3407, 99.99=10255] 
2026-04-29 15:17:39:846 8 sec: 35552 operations; 5425 current ops/sec; [READ: Count=2660, Max=4867, Min=5, Avg=75.24, 90=133, 99=185, 99.9=4199, 99.99=4867] [UPDATE: Count=2895, Max=9671, Min=160, Avg=283.02, 90=350, 99=449, 99.9=5283, 99.99=9671] 
2026-04-29 15:17:40:846 9 sec: 41398 operations; 5846 current ops/sec; [READ: Count=2947, Max=4803, Min=5, Avg=72.91, 90=126, 99=155, 99.9=4283, 99.99=4803] [UPDATE: Count=2771, Max=4867, Min=158, Avg=266.55, 90=333, 99=405, 99.9=4355, 99.99=4867] 
2026-04-29 15:17:41:846 10 sec: 47095 operations; 5697 current ops/sec; [READ: Count=2847, Max=9783, Min=5, Avg=75.25, 90=128, 99=170, 99.9=4751, 99.99=9783] [UPDATE: Count=2849, Max=5115, Min=152, Avg=270.99, 90=338, 99=412, 99.9=4375, 99.99=5115] 
2026-04-29 15:17:42:846 11 sec: 50903 operations; 3808 current ops/sec; [READ: Count=1935, Max=4075, Min=5, Avg=75.16, 90=135, 99=183, 99.9=3829, 99.99=4075] [UPDATE: Count=1871, Max=126079, Min=158, Avg=451.28, 90=694, 99=1261, 99.9=4359, 99.99=126079] 
2026-04-29 15:17:43:846 12 sec: 56083 operations; 5180 current ops/sec; [READ: Count=2622, Max=4247, Min=5, Avg=71.79, 90=133, 99=173, 99.9=3913, 99.99=4247] [UPDATE: Count=2560, Max=85183, Min=163, Avg=312.34, 90=346, 99=454, 99.9=5199, 99.99=85183] 
2026-04-29 15:17:44:846 13 sec: 61842 operations; 5759 current ops/sec; [READ: Count=2930, Max=5783, Min=5, Avg=78.88, 90=133, 99=169, 99.9=4483, 99.99=5783] [UPDATE: Count=2826, Max=6771, Min=156, Avg=267.25, 90=333, 99=391, 99.9=4659, 99.99=6771] 
2026-04-29 15:17:45:846 14 sec: 67257 operations; 5415 current ops/sec; [READ: Count=2691, Max=4847, Min=5, Avg=76.46, 90=142, 99=193, 99.9=4511, 99.99=4847] [UPDATE: Count=2726, Max=5915, Min=158, Avg=287.53, 90=362, 99=451, 99.9=5011, 99.99=5915] 
2026-04-29 15:17:46:572 - Compaction started: 
2026-04-29 15:17:46:846 15 sec: 71393 operations; 4136 current ops/sec; [READ: Count=2061, Max=9047, Min=5, Avg=82.13, 90=138, 99=180, 99.9=4475, 99.99=9047] [UPDATE: Count=2074, Max=223871, Min=168, Avg=396.1, 90=363, 99=464, 99.9=4009, 99.99=223871] 
139704078857792:Compacting sstable1/8a559bee-a6a6-4a8c-a83e-361c80abffe2202604281758001777420838419171344.sst sstable1/8a559bee-a6a6-4a8c-a83e-361c80abffe2202604281758001777420838805903791.sst into:sstable2/d049eb7a-a95c-406e-8655-b3f677c7deec202604290917311777475866896688347.sst
2026-04-29 15:17:47:310 - Compaction completed: 
2026-04-29 15:17:47:846 16 sec: 74850 operations; 3457 current ops/sec; [READ: Count=1675, Max=15527, Min=5, Avg=96.56, 90=151, 99=217, 99.9=4615, 99.99=15527] [UPDATE: Count=1781, Max=123519, Min=175, Avg=466.32, 90=670, 99=1325, 99.9=2119, 99.99=123519] 
2026-04-29 15:17:48:846 17 sec: 79725 operations; 4875 current ops/sec; [READ: Count=2391, Max=4983, Min=5, Avg=77.25, 90=133, 99=169, 99.9=4707, 99.99=4983] [UPDATE: Count=2486, Max=6187, Min=158, Avg=324.66, 90=534, 99=1137, 99.9=3249, 99.99=6187] 
2026-04-29 15:17:49:178 - Compaction started: 
139704078857792:Compacting datalog/45 datalog/46 into:sstable1/d049eb7a-a95c-406e-8655-b3f677c7deec202604290917311777475869322960295.sst
2026-04-29 15:17:49:620 - Compaction completed: 
2026-04-29 15:17:49:846 18 sec: 85574 operations; 5849 current ops/sec; [READ: Count=2927, Max=4259, Min=5, Avg=67.24, 90=130, 99=161, 99.9=3523, 99.99=4259] [UPDATE: Count=2922, Max=11159, Min=152, Avg=272, 90=331, 99=396, 99.9=4915, 99.99=11159] 
2026-04-29 15:17:50:846 19 sec: 90911 operations; 5337 current ops/sec; [READ: Count=2702, Max=4763, Min=5, Avg=75.51, 90=138, 99=177, 99.9=4379, 99.99=4763] [UPDATE: Count=2636, Max=85887, Min=155, Avg=298.63, 90=336, 99=419, 99.9=4223, 99.99=85887] 
2026-04-29 15:17:51:846 20 sec: 96305 operations; 5394 current ops/sec; [READ: Count=2673, Max=4415, Min=5, Avg=69.75, 90=136, 99=162, 99.9=4001, 99.99=4415] [UPDATE: Count=2717, Max=12239, Min=153, Avg=275.9, 90=337, 99=409, 99.9=5499, 99.99=12239] 
2026-04-29 15:17:52:846 21 sec: 100419 operations; 4114 current ops/sec; [READ: Count=2095, Max=4899, Min=5, Avg=72.65, 90=140, 99=199, 99.9=1677, 99.99=4899] [UPDATE: Count=2020, Max=123775, Min=160, Avg=443.96, 90=566, 99=1285, 99.9=6531, 99.99=123775] 
2026-04-29 15:17:53:846 22 sec: 103798 operations; 3379 current ops/sec; [READ: Count=1695, Max=3813, Min=5, Avg=72.73, 90=136, 99=176, 99.9=1494, 99.99=3813] [UPDATE: Count=1687, Max=85311, Min=159, Avg=516.67, 90=877, 99=2773, 99.9=6423, 99.99=85311] 
2026-04-29 15:17:54:846 23 sec: 109277 operations; 5479 current ops/sec; [READ: Count=2739, Max=5055, Min=5, Avg=80.3, 90=143, 99=202, 99.9=4179, 99.99=5055] [UPDATE: Count=2738, Max=5763, Min=152, Avg=281.57, 90=368, 99=460, 99.9=4303, 99.99=5763] 
2026-04-29 15:17:55:489 - Compaction started: 
2026-04-29 15:17:55:846 24 sec: 112680 operations; 3403 current ops/sec; [READ: Count=1702, Max=1162, Min=5, Avg=68.95, 90=140, 99=189, 99.9=322, 99.99=1162] [UPDATE: Count=1699, Max=159231, Min=155, Avg=427.06, 90=355, 99=509, 99.9=73535, 99.99=159231] 
139704078857792:Compacting sstable1/be40bca0-f3a2-47c9-9c71-e151b6b50309202604290917311777475860651318275.sst sstable1/12bb11ca-377a-4384-bb2a-e6c4d3db6a98202604290917311777475863581393068.sst into:sstable2/d049eb7a-a95c-406e-8655-b3f677c7deec202604290917311777475875942061982.sst
2026-04-29 15:17:56:487 - Compaction completed: 
2026-04-29 15:17:56:846 25 sec: 117776 operations; 5096 current ops/sec; [READ: Count=2551, Max=12391, Min=5, Avg=83.04, 90=138, 99=200, 99.9=5651, 99.99=12391] [UPDATE: Count=2550, Max=163967, Min=160, Avg=365.48, 90=344, 99=436, 99.9=5451, 99.99=163967] 
2026-04-29 15:17:57:846 26 sec: 122348 operations; 4572 current ops/sec; [READ: Count=2243, Max=5071, Min=5, Avg=74.87, 90=141, 99=185, 99.9=4331, 99.99=5071] [UPDATE: Count=2325, Max=114559, Min=164, Avg=354.69, 90=375, 99=1254, 99.9=4343, 99.99=114559] 
2026-04-29 15:17:58:086 - NewTail completed: 
2026-04-29 15:17:58:099 - Compaction started: 
139704078857792:Compacting datalog/51 datalog/52 into:sstable1/d049eb7a-a95c-406e-8655-b3f677c7deec202604290917311777475878244839401.sst
2026-04-29 15:17:58:554 - Compaction completed: 
2026-04-29 15:17:58:846 27 sec: 126194 operations; 3846 current ops/sec; [READ: Count=1934, Max=5603, Min=5, Avg=82.55, 90=148, 99=216, 99.9=5035, 99.99=5603] [UPDATE: Count=1913, Max=5027, Min=154, Avg=435.81, 90=860, 99=1745, 99.9=4331, 99.99=5027] 
2026-04-29 15:17:59:846 28 sec: 131507 operations; 5313 current ops/sec; [READ: Count=2630, Max=5359, Min=5, Avg=77.72, 90=139, 99=179, 99.9=4555, 99.99=5359] [UPDATE: Count=2683, Max=71871, Min=152, Avg=293.51, 90=338, 99=435, 99.9=4467, 99.99=71871] 
2026-04-29 15:18:00:846 29 sec: 137123 operations; 5616 current ops/sec; [READ: Count=2780, Max=4739, Min=5, Avg=74.28, 90=142, 99=192, 99.9=4087, 99.99=4739] [UPDATE: Count=2837, Max=5571, Min=158, Avg=276.88, 90=350, 99=442, 99.9=4659, 99.99=5571] 
2026-04-29 15:18:00:905 - Compaction started: 
139704078857792:Compacting datalog/53 datalog/54 into:sstable1/d049eb7a-a95c-406e-8655-b3f677c7deec202604290917311777475881042136199.sst
2026-04-29 15:18:01:331 - Compaction completed: 
2026-04-29 15:18:01:846 30 sec: 142923 operations; 5800 current ops/sec; [READ: Count=2977, Max=5775, Min=5, Avg=76.27, 90=140, 99=190, 99.9=4107, 99.99=5775] [UPDATE: Count=2823, Max=6527, Min=151, Avg=270.49, 90=335, 99=441, 99.9=5131, 99.99=6527] 
2026-04-29 15:18:02:846 31 sec: 147460 operations; 4537 current ops/sec; [READ: Count=2311, Max=11047, Min=5, Avg=81.7, 90=144, 99=226, 99.9=4531, 99.99=11047] [UPDATE: Count=2223, Max=83775, Min=146, Avg=316.86, 90=356, 99=532, 99.9=4911, 99.99=83775] 
2026-04-29 15:18:03:846 32 sec: 147990 operations; 530 current ops/sec; [READ: Count=258, Max=796, Min=6, Avg=104.22, 90=203, 99=537, 99.9=796, 99.99=796] [UPDATE: Count=272, Max=118527, Min=545, Avg=3935.62, 90=5331, 99=11319, 99.9=118527, 99.99=118527] 
2026-04-29 15:18:04:846 33 sec: 148706 operations; 716 current ops/sec; [READ: Count=351, Max=1625, Min=6, Avg=100.09, 90=184, 99=739, 99.9=1625, 99.99=1625] [UPDATE: Count=365, Max=5283, Min=576, Avg=2639.17, 90=4001, 99=4827, 99.9=5283, 99.99=5283] 
2026-04-29 15:18:05:846 34 sec: 153396 operations; 4690 current ops/sec; [READ: Count=2362, Max=5619, Min=5, Avg=75.14, 90=140, 99=177, 99.9=4411, 99.99=5619] [UPDATE: Count=2328, Max=72127, Min=152, Avg=350.35, 90=387, 99=1421, 99.9=5655, 99.99=72127] 
2026-04-29 15:18:06:846 35 sec: 158695 operations; 5299 current ops/sec; [READ: Count=2620, Max=5619, Min=5, Avg=81.97, 90=152, 99=213, 99.9=4587, 99.99=5619] [UPDATE: Count=2682, Max=6275, Min=155, Avg=289.83, 90=369, 99=491, 99.9=4995, 99.99=6275] 
2026-04-29 15:18:07:846 36 sec: 164369 operations; 5674 current ops/sec; [READ: Count=2844, Max=5087, Min=6, Avg=76.22, 90=142, 99=197, 99.9=4171, 99.99=5087] [UPDATE: Count=2829, Max=5635, Min=160, Avg=273.78, 90=349, 99=435, 99.9=4623, 99.99=5635] 
2026-04-29 15:18:08:846 37 sec: 168791 operations; 4422 current ops/sec; [READ: Count=2265, Max=9927, Min=6, Avg=84.1, 90=150, 99=219, 99.9=3905, 99.99=9927] [UPDATE: Count=2158, Max=77823, Min=156, Avg=371.85, 90=552, 99=1151, 99.9=3271, 99.99=77823] 
2026-04-29 15:18:09:846 38 sec: 174242 operations; 5451 current ops/sec; [READ: Count=2701, Max=16863, Min=6, Avg=84.01, 90=148, 99=208, 99.9=4479, 99.99=16863] [UPDATE: Count=2750, Max=5075, Min=155, Avg=278.14, 90=358, 99=484, 99.9=4235, 99.99=5075] 
2026-04-29 15:18:10:846 39 sec: 179876 operations; 5634 current ops/sec; [READ: Count=2768, Max=4883, Min=5, Avg=70.26, 90=141, 99=179, 99.9=4037, 99.99=4883] [UPDATE: Count=2866, Max=4923, Min=164, Avg=278, 90=354, 99=425, 99.9=4315, 99.99=4923] 
2026-04-29 15:18:11:124 - Compaction started: 
139704078857792:Compacting datalog/59 datalog/60 into:sstable1/d049eb7a-a95c-406e-8655-b3f677c7deec202604290917311777475891277232804.sst
2026-04-29 15:18:11:577 - Compaction completed: 
2026-04-29 15:18:11:846 40 sec: 185327 operations; 5451 current ops/sec; [READ: Count=2692, Max=9823, Min=5, Avg=82.19, 90=145, 99=205, 99.9=5659, 99.99=9823] [UPDATE: Count=2758, Max=5191, Min=163, Avg=279.3, 90=360, 99=469, 99.9=4855, 99.99=5191] 
2026-04-29 15:18:12:846 41 sec: 190576 operations; 5249 current ops/sec; [READ: Count=2594, Max=4651, Min=6, Avg=78.53, 90=149, 99=218, 99.9=4227, 99.99=4651] [UPDATE: Count=2655, Max=31919, Min=159, Avg=296.72, 90=367, 99=469, 99.9=4567, 99.99=31919] 
2026-04-29 15:18:13:846 42 sec: 193506 operations; 2930 current ops/sec; [READ: Count=1424, Max=5011, Min=6, Avg=82.2, 90=156, 99=244, 99.9=2377, 99.99=5011] [UPDATE: Count=1505, Max=127103, Min=157, Avg=583.27, 90=864, 99=1371, 99.9=4283, 99.99=127103] 
2026-04-29 15:18:14:201 - NewTail completed: 
2026-04-29 15:18:14:732 - Compaction started: 
2026-04-29 15:18:14:846 43 sec: 198501 operations; 4995 current ops/sec; [READ: Count=2478, Max=5843, Min=6, Avg=75.7, 90=147, 99=199, 99.9=4283, 99.99=5843] [UPDATE: Count=2516, Max=6123, Min=158, Avg=279.87, 90=358, 99=445, 99.9=4287, 99.99=6123] 
139704078857792:Compacting sstable1/d049eb7a-a95c-406e-8655-b3f677c7deec202604290917311777475878244839401.sst sstable1/d049eb7a-a95c-406e-8655-b3f677c7deec202604290917311777475881042136199.sst into:sstable2/d049eb7a-a95c-406e-8655-b3f677c7deec202604290917311777475895215793406.sst
2026-04-29 15:18:15:781 - Compaction completed: 
2026-04-29 15:18:15:846 44 sec: 202015 operations; 3514 current ops/sec; [READ: Count=1721, Max=9407, Min=6, Avg=93.43, 90=165, 99=250, 99.9=4487, 99.99=9407] [UPDATE: Count=1794, Max=176255, Min=166, Avg=520.29, 90=408, 99=593, 99.9=174207, 99.99=176255] 
2026-04-29 15:18:16:846 45 sec: 207706 operations; 5691 current ops/sec; [READ: Count=2848, Max=6399, Min=6, Avg=76.29, 90=149, 99=190, 99.9=5059, 99.99=6399] [UPDATE: Count=2844, Max=4895, Min=155, Avg=272.22, 90=351, 99=428, 99.9=4511, 99.99=4895] 
2026-04-29 15:18:17:846 46 sec: 212779 operations; 5073 current ops/sec; [READ: Count=2524, Max=11047, Min=6, Avg=81.66, 90=150, 99=220, 99.9=4291, 99.99=11047] [UPDATE: Count=2548, Max=83071, Min=153, Avg=308.35, 90=361, 99=457, 99.9=4343, 99.99=83071] 
2026-04-29 15:18:18:846 47 sec: 215955 operations; 3176 current ops/sec; [READ: Count=1630, Max=4323, Min=6, Avg=77.75, 90=152, 99=235, 99.9=3767, 99.99=4323] [UPDATE: Count=1546, Max=119999, Min=152, Avg=561.45, 90=841, 99=1407, 99.9=7467, 99.99=119999] 
2026-04-29 15:18:19:846 48 sec: 221536 operations; 5581 current ops/sec; [READ: Count=2764, Max=5199, Min=6, Avg=81.18, 90=148, 99=209, 99.9=4843, 99.99=5199] [UPDATE: Count=2819, Max=4223, Min=156, Avg=272.13, 90=354, 99=444, 99.9=814, 99.99=4223] 
2026-04-29 15:18:20:846 49 sec: 226416 operations; 4880 current ops/sec; [READ: Count=2435, Max=4175, Min=6, Avg=84.83, 90=155, 99=238, 99.9=3843, 99.99=4175] [UPDATE: Count=2443, Max=96319, Min=156, Avg=321.35, 90=371, 99=474, 99.9=4487, 99.99=96319] 
2026-04-29 15:18:21:846 50 sec: 231823 operations; 5407 current ops/sec; [READ: Count=2703, Max=5743, Min=6, Avg=79.54, 90=150, 99=223, 99.9=4627, 99.99=5743] [UPDATE: Count=2704, Max=11839, Min=157, Avg=287.28, 90=360, 99=497, 99.9=4971, 99.99=11839] 
2026-04-29 15:18:22:846 51 sec: 237546 operations; 5723 current ops/sec; [READ: Count=2854, Max=4927, Min=6, Avg=79.28, 90=150, 99=201, 99.9=4811, 99.99=4927] [UPDATE: Count=2871, Max=6771, Min=156, Avg=266.57, 90=348, 99=440, 99.9=4017, 99.99=6771] 
2026-04-29 15:18:23:846 52 sec: 240714 operations; 3168 current ops/sec; [READ: Count=1607, Max=7555, Min=6, Avg=82.35, 90=149, 99=246, 99.9=5495, 99.99=7555] [UPDATE: Count=1558, Max=118591, Min=157, Avg=552.88, 90=1040, 99=2191, 99.9=5003, 99.99=118591] 
2026-04-29 15:18:24:846 53 sec: 244816 operations; 4102 current ops/sec; [READ: Count=2062, Max=4303, Min=6, Avg=87.39, 90=160, 99=238, 99.9=3855, 99.99=4303] [UPDATE: Count=2043, Max=83903, Min=159, Avg=398.44, 90=584, 99=1523, 99.9=4571, 99.99=83903] 
2026-04-29 15:18:25:846 54 sec: 250229 operations; 5413 current ops/sec; [READ: Count=2689, Max=5559, Min=6, Avg=80.64, 90=156, 99=204, 99.9=4005, 99.99=5559] [UPDATE: Count=2723, Max=5047, Min=162, Avg=284.41, 90=364, 99=442, 99.9=4307, 99.99=5047] 
2026-04-29 15:18:26:846 55 sec: 255333 operations; 5104 current ops/sec; [READ: Count=2545, Max=10903, Min=6, Avg=86.02, 90=151, 99=205, 99.9=5471, 99.99=10903] [UPDATE: Count=2559, Max=68479, Min=165, Avg=302.2, 90=357, 99=439, 99.9=3741, 99.99=68479] 
2026-04-29 15:18:27:846 56 sec: 260735 operations; 5402 current ops/sec; [READ: Count=2690, Max=5851, Min=6, Avg=83.24, 90=153, 99=215, 99.9=4551, 99.99=5851] [UPDATE: Count=2712, Max=11591, Min=156, Avg=283.11, 90=359, 99=455, 99.9=5111, 99.99=11591] 
2026-04-29 15:18:28:846 57 sec: 264372 operations; 3637 current ops/sec; [READ: Count=1831, Max=5651, Min=6, Avg=78.78, 90=154, 99=221, 99.9=4223, 99.99=5651] [UPDATE: Count=1804, Max=121983, Min=161, Avg=470.49, 90=842, 99=1428, 99.9=4579, 99.99=121983] 
2026-04-29 15:18:29:257 - Compaction started: 
139704078857792:Compacting datalog/71 datalog/72 into:sstable1/d049eb7a-a95c-406e-8655-b3f677c7deec202604290917311777475909420324266.sst
2026-04-29 15:18:29:724 - Compaction completed: 
2026-04-29 15:18:29:846 58 sec: 269117 operations; 4745 current ops/sec; [READ: Count=2330, Max=10647, Min=6, Avg=80.63, 90=152, 99=219, 99.9=3987, 99.99=10647] [UPDATE: Count=2419, Max=5539, Min=159, Avg=333.37, 90=451, 99=1334, 99.9=4847, 99.99=5539] 
2026-04-29 15:18:30:846 59 sec: 274162 operations; 5045 current ops/sec; [READ: Count=2545, Max=5255, Min=6, Avg=80.96, 90=151, 99=214, 99.9=4483, 99.99=5255] [UPDATE: Count=2497, Max=84607, Min=156, Avg=314.42, 90=357, 99=442, 99.9=4595, 99.99=84607] 
2026-04-29 15:18:31:846 60 sec: 279746 operations; 5584 current ops/sec; [READ: Count=2789, Max=5655, Min=6, Avg=77.62, 90=151, 99=197, 99.9=4903, 99.99=5655] [UPDATE: Count=2795, Max=7523, Min=158, Avg=277.28, 90=351, 99=440, 99.9=5755, 99.99=7523] 
2026-04-29 15:18:31:963 - Compaction started: 
139704078857792:Compacting datalog/73 datalog/74 into:sstable1/d049eb7a-a95c-406e-8655-b3f677c7deec202604290917311777475912118539160.sst
2026-04-29 15:18:32:440 - Compaction completed: 
2026-04-29 15:18:32:846 61 sec: 284944 operations; 5198 current ops/sec; [READ: Count=2608, Max=6707, Min=6, Avg=87.14, 90=164, 99=256, 99.9=4387, 99.99=6707] [UPDATE: Count=2590, Max=5795, Min=159, Avg=295.26, 90=382, 99=521, 99.9=4475, 99.99=5795] 
2026-04-29 15:18:33:846 62 sec: 288316 operations; 3372 current ops/sec; [READ: Count=1720, Max=3233, Min=6, Avg=80.36, 90=164, 99=259, 99.9=600, 99.99=3233] [UPDATE: Count=1651, Max=122687, Min=165, Avg=516.83, 90=413, 99=4531, 99.9=16039, 99.99=122687] 
2026-04-29 15:18:34:846 63 sec: 289175 operations; 859 current ops/sec; [READ: Count=411, Max=1406, Min=7, Avg=86.8, 90=173, 99=441, 99.9=1406, 99.99=1406] [UPDATE: Count=448, Max=11031, Min=328, Avg=2154.07, 90=4279, 99=7631, 99.9=11031, 99.99=11031] 
2026-04-29 15:18:35:846 64 sec: 293620 operations; 4445 current ops/sec; [READ: Count=2190, Max=4323, Min=6, Avg=86.87, 90=171, 99=244, 99.9=3495, 99.99=4323] [UPDATE: Count=2258, Max=5687, Min=156, Avg=355.4, 90=560, 99=1113, 99.9=4731, 99.99=5687] 
2026-04-29 15:18:36:072 - Compaction started: 
139704078857792:Compacting datalog/75 datalog/76 into:sstable1/d049eb7a-a95c-406e-8655-b3f677c7deec202604290917311777475916257056833.sst
2026-04-29 15:18:36:594 - Compaction completed: 
2026-04-29 15:18:36:846 65 sec: 298858 operations; 5238 current ops/sec; [READ: Count=2642, Max=10783, Min=6, Avg=88.23, 90=162, 99=230, 99.9=5419, 99.99=10783] [UPDATE: Count=2594, Max=6267, Min=163, Avg=292.39, 90=371, 99=469, 99.9=5007, 99.99=6267] 
2026-04-29 15:18:37:846 66 sec: 303736 operations; 4878 current ops/sec; [READ: Count=2393, Max=4283, Min=6, Avg=79.54, 90=155, 99=210, 99.9=3937, 99.99=4283] [UPDATE: Count=2485, Max=100479, Min=162, Avg=322.81, 90=364, 99=461, 99.9=4311, 99.99=100479] 
2026-04-29 15:18:38:846 67 sec: 308084 operations; 4348 current ops/sec; [READ: Count=2213, Max=5203, Min=6, Avg=86.57, 90=165, 99=241, 99.9=4687, 99.99=5203] [UPDATE: Count=2135, Max=97535, Min=166, Avg=375.3, 90=465, 99=998, 99.9=4471, 99.99=97535] 
2026-04-29 15:18:39:846 68 sec: 313554 operations; 5470 current ops/sec; [READ: Count=2782, Max=3811, Min=6, Avg=73.01, 90=152, 99=198, 99.9=462, 99.99=3811] [UPDATE: Count=2688, Max=9743, Min=161, Avg=293.41, 90=362, 99=871, 99.9=4407, 99.99=9743] 
2026-04-29 15:18:40:846 69 sec: 319049 operations; 5495 current ops/sec; [READ: Count=2702, Max=5571, Min=6, Avg=79.26, 90=150, 99=210, 99.9=3991, 99.99=5571] [UPDATE: Count=2794, Max=11007, Min=157, Avg=278.34, 90=352, 99=446, 99.9=4411, 99.99=11007] 
2026-04-29 15:18:41:846 70 sec: 324708 operations; 5659 current ops/sec; [READ: Count=2794, Max=5339, Min=6, Avg=75.23, 90=150, 99=203, 99.9=4595, 99.99=5339] [UPDATE: Count=2866, Max=6231, Min=154, Avg=272.77, 90=352, 99=439, 99.9=4591, 99.99=6231] 
2026-04-29 15:18:42:846 71 sec: 330357 operations; 5649 current ops/sec; [READ: Count=2811, Max=5815, Min=7, Avg=84.24, 90=154, 99=201, 99.9=4783, 99.99=5815] [UPDATE: Count=2837, Max=4375, Min=158, Avg=266.12, 90=353, 99=433, 99.9=661, 99.99=4375] 
2026-04-29 15:18:43:846 72 sec: 334731 operations; 4374 current ops/sec; [READ: Count=2123, Max=4231, Min=7, Avg=70.78, 90=158, 99=203, 99.9=291, 99.99=4231] [UPDATE: Count=2251, Max=125375, Min=158, Avg=374.45, 90=355, 99=678, 99.9=5063, 99.99=125375] 
2026-04-29 15:18:44:846 73 sec: 338464 operations; 3733 current ops/sec; [READ: Count=1847, Max=5159, Min=7, Avg=87.16, 90=164, 99=263, 99.9=3861, 99.99=5159] [UPDATE: Count=1885, Max=5903, Min=151, Avg=441.85, 90=829, 99=1276, 99.9=2165, 99.99=5903] 
2026-04-29 15:18:45:846 74 sec: 343787 operations; 5323 current ops/sec; [READ: Count=2640, Max=4459, Min=7, Avg=83, 90=165, 99=257, 99.9=3869, 99.99=4459] [UPDATE: Count=2683, Max=10167, Min=154, Avg=287.83, 90=373, 99=489, 99.9=4355, 99.99=10167] 
2026-04-29 15:18:46:846 75 sec: 349234 operations; 5447 current ops/sec; [READ: Count=2746, Max=10975, Min=6, Avg=83.88, 90=155, 99=211, 99.9=4247, 99.99=10975] [UPDATE: Count=2700, Max=7795, Min=159, Avg=281.21, 90=357, 99=445, 99.9=6231, 99.99=7795] 
2026-04-29 15:18:47:846 76 sec: 354440 operations; 5206 current ops/sec; [READ: Count=2594, Max=5659, Min=7, Avg=82.45, 90=154, 99=223, 99.9=4987, 99.99=5659] [UPDATE: Count=2612, Max=83135, Min=155, Avg=298.32, 90=353, 99=460, 99.9=5503, 99.99=83135] 
2026-04-29 15:18:48:846 77 sec: 359471 operations; 5031 current ops/sec; [READ: Count=2545, Max=10135, Min=7, Avg=91.93, 90=175, 99=268, 99.9=4459, 99.99=10135] [UPDATE: Count=2486, Max=5175, Min=155, Avg=296.36, 90=390, 99=566, 99.9=4287, 99.99=5175] 
2026-04-29 15:18:48:950 - NewTail completed: 
2026-04-29 15:18:49:846 78 sec: 362616 operations; 3145 current ops/sec; [READ: Count=1526, Max=4351, Min=7, Avg=80.15, 90=157, 99=231, 99.9=2957, 99.99=4351] [UPDATE: Count=1623, Max=125439, Min=160, Avg=551.58, 90=848, 99=1352, 99.9=5423, 99.99=125439] 
2026-04-29 15:18:50:846 79 sec: 367796 operations; 5180 current ops/sec; [READ: Count=2567, Max=5659, Min=7, Avg=90.4, 90=165, 99=293, 99.9=4419, 99.99=5659] [UPDATE: Count=2611, Max=8351, Min=164, Avg=290.92, 90=378, 99=500, 99.9=4851, 99.99=8351] 
2026-04-29 15:18:51:846 80 sec: 373345 operations; 5549 current ops/sec; [READ: Count=2779, Max=9103, Min=7, Avg=82.52, 90=154, 99=229, 99.9=3777, 99.99=9103] [UPDATE: Count=2770, Max=4639, Min=160, Avg=275.2, 90=360, 99=459, 99.9=4215, 99.99=4639] 
2026-04-29 15:18:52:846 81 sec: 378237 operations; 4892 current ops/sec; [READ: Count=2412, Max=5719, Min=7, Avg=78.7, 90=155, 99=223, 99.9=4367, 99.99=5719] [UPDATE: Count=2481, Max=88639, Min=159, Avg=323.54, 90=362, 99=458, 99.9=8271, 99.99=88639] 
2026-04-29 15:18:53:846 82 sec: 383762 operations; 5525 current ops/sec; [READ: Count=2750, Max=5215, Min=7, Avg=82.43, 90=150, 99=239, 99.9=4931, 99.99=5215] [UPDATE: Count=2774, Max=5659, Min=155, Avg=275.78, 90=363, 99=477, 99.9=4387, 99.99=5659] 
2026-04-29 15:18:54:846 83 sec: 386168 operations; 2406 current ops/sec; [READ: Count=1246, Max=4139, Min=7, Avg=86.67, 90=164, 99=259, 99.9=1900, 99.99=4139] [UPDATE: Count=1159, Max=116799, Min=165, Avg=765.83, 90=1207, 99=2205, 99.9=6435, 99.99=116799] 
2026-04-29 15:18:55:846 84 sec: 391170 operations; 5002 current ops/sec; [READ: Count=2521, Max=6219, Min=7, Avg=78.28, 90=147, 99=221, 99.9=3399, 99.99=6219] [UPDATE: Count=2482, Max=83839, Min=164, Avg=320.41, 90=361, 99=472, 99.9=5539, 99.99=83839] 
2026-04-29 15:18:56:756 - Compaction started: 
2026-04-29 15:18:56:846 85 sec: 396711 operations; 5541 current ops/sec; [READ: Count=2758, Max=4807, Min=7, Avg=79.9, 90=152, 99=218, 99.9=4351, 99.99=4807] [UPDATE: Count=2782, Max=5959, Min=166, Avg=277.32, 90=361, 99=440, 99.9=4799, 99.99=5959] 
139704078857792:Compacting datalog/89 datalog/90 into:sstable1/d049eb7a-a95c-406e-8655-b3f677c7deec202604290917311777475936906047293.sst
2026-04-29 15:18:57:193 - Compaction completed: 
2026-04-29 15:18:57:258 - Compaction started: 
2026-04-29 15:18:57:846 86 sec: 400217 operations; 3506 current ops/sec; [READ: Count=1755, Max=161535, Min=7, Avg=265.59, 90=160, 99=273, 99.9=153343, 99.99=161535] [UPDATE: Count=1751, Max=11279, Min=169, Avg=301.92, 90=361, 99=524, 99.9=10447, 99.99=11279] 
139704078857792:Compacting sstable1/3a3335b2-a133-4e2e-9d4c-36e7497f6a03202604290917311777475921825848240.sst sstable1/898741e3-b1c0-4013-b688-cc27b8353864202604290917311777475924946642803.sst into:sstable2/d049eb7a-a95c-406e-8655-b3f677c7deec202604290917311777475937685941934.sst
2026-04-29 15:18:58:257 - NewTail completed: 
2026-04-29 15:18:58:287 - Compaction completed: 
2026-04-29 15:18:58:846 87 sec: 405638 operations; 5421 current ops/sec; [READ: Count=2706, Max=5151, Min=7, Avg=79.83, 90=153, 99=227, 99.9=4379, 99.99=5151] [UPDATE: Count=2716, Max=16279, Min=162, Avg=285.59, 90=366, 99=468, 99.9=4927, 99.99=16279] 
2026-04-29 15:18:59:846 88 sec: 408466 operations; 2828 current ops/sec; [READ: Count=1382, Max=4295, Min=7, Avg=80.62, 90=155, 99=232, 99.9=4115, 99.99=4295] [UPDATE: Count=1445, Max=117439, Min=171, Avg=611.92, 90=1061, 99=1849, 99.9=5191, 99.99=117439] 
2026-04-29 15:19:00:846 89 sec: 413801 operations; 5335 current ops/sec; [READ: Count=2703, Max=9927, Min=7, Avg=84.5, 90=160, 99=251, 99.9=3777, 99.99=9927] [UPDATE: Count=2632, Max=7119, Min=162, Avg=289.97, 90=376, 99=482, 99.9=4919, 99.99=7119] 
Maximum time elapsed. Requesting stop for the workload.
Stop requested for workload. Now Joining!
[OZONEDB-PROFILE] reads=418998  avg_total=80.93us  view=6.12us(7.6%)  log=9.59us(11.8%)  sst=100.33us_per_call x 271418_calls(80.3%_of_total)
[OZONEDB-SST-PROFILE] level | time_total_ms | enters | range_rejects | table_gets | hits
[OZONEDB-SST-PROFILE] L1  |      7296.78 |  1112125 |        40829 |    1071296 |  70525
[OZONEDB-SST-PROFILE] L2  |      7432.15 |  1141263 |       137706 |    1003557 |  71413
[OZONEDB-SST-PROFILE] L3  |       924.57 |   258750 |       129272 |     129478 |   8622
[OZONEDB-SST-PROFILE] L4  |       924.50 |   241302 |       120450 |     120852 |   8748
[OZONEDB-SST-PROFILE] L5  |       843.83 |   223924 |       111823 |     112101 |   8662
[OZONEDB-SST-PROFILE] L6  |       833.25 |   206654 |       103208 |     103446 |   8590
[OZONEDB-SST-PROFILE] L7  |      8791.86 |   328325 |           13 |     328312 |  94858
[OZONEDB-TBL-PROFILE] file_filter_reject=2567689  block_filter_reject=29598  index_invalid=0  block_read_more=250988  hit_from_cache=20767  miss_after_read=337  found=271418
2026-04-29 15:19:01:846 90 sec: 418994 operations; 5193 current ops/sec; [READ: Count=2541, Max=4543, Min=7, Avg=82.91, 90=158, 99=250, 99.9=4143, 99.99=4543] [UPDATE: Count=2654, Max=9391, Min=168, Avg=294.42, 90=372, 99=490, 99.9=4871, 99.99=9391] 
2026-04-29 15:19:01:908 90 sec: 418998 operations; 65.57 current ops/sec; [READ: Count=1, Max=108, Min=108, Avg=108, 90=108, 99=108, 99.9=108, 99.99=108] [CLEANUP: Count=1, Max=60607, Min=60576, Avg=60592, 90=60607, 99=60607, 99.9=60607, 99.99=60607] [UPDATE: Count=0, Max=0, Min=0, Avg=0, 90=0, 99=0, 99.9=0, 99.99=0] 
[OVERALL], RunTime(ms), 90062
[OVERALL], Throughput(ops/sec), 4652.328395993871
[TOTAL_GCS_PS_Scavenge], Count, 5
[TOTAL_GC_TIME_PS_Scavenge], Time(ms), 22
[TOTAL_GC_TIME_%_PS_Scavenge], Time(%), 0.024427616530834317
[TOTAL_GCS_PS_MarkSweep], Count, 0
[TOTAL_GC_TIME_PS_MarkSweep], Time(ms), 0
[TOTAL_GC_TIME_%_PS_MarkSweep], Time(%), 0.0
[TOTAL_GCs], Count, 5
[TOTAL_GC_TIME], Time(ms), 22
[TOTAL_GC_TIME_%], Time(%), 0.024427616530834317
[READ], Operations, 209076
[READ], AverageLatency(us), 82.29732250473512
[READ], MinLatency(us), 5
[READ], MaxLatency(us), 161535
[READ], 95thPercentileLatency(us), 167
[READ], 99thPercentileLatency(us), 221
[READ], Return=OK, 209076
[CLEANUP], Operations, 1
[CLEANUP], AverageLatency(us), 60592.0
[CLEANUP], MinLatency(us), 60576
[CLEANUP], MaxLatency(us), 60607
[CLEANUP], 95thPercentileLatency(us), 60607
[CLEANUP], 99thPercentileLatency(us), 60607
[UPDATE], Operations, 209922
[UPDATE], AverageLatency(us), 341.6458494107335
[UPDATE], MinLatency(us), 146
[UPDATE], MaxLatency(us), 223871
[UPDATE], 95thPercentileLatency(us), 544
[UPDATE], 99thPercentileLatency(us), 1322
[UPDATE], Return=OK, 209922
	Command being timed: "/usr/lib/jvm/java-8-openjdk-amd64/bin/java -cp /users/Xinying/ozonedb/ycsb/ozonedb/conf:/users/Xinying/ozonedb/ycsb/ozonedb/target/ozonedb-binding-0.18.0-SNAPSHOT.jar:/users/Xinying/.m2/repository/org/apache/htrace/htrace-core4/4.1.0-incubating/htrace-core4-4.1.0-incubating.jar:/users/Xinying/.m2/repository/org/slf4j/slf4j-api/1.7.25/slf4j-api-1.7.25.jar:/users/Xinying/.m2/repository/org/hdrhistogram/HdrHistogram/2.1.12/HdrHistogram-2.1.12.jar:/users/Xinying/.m2/repository/ch/qos/logback/logback-classic/1.2.3/logback-classic-1.2.3.jar:/users/Xinying/.m2/repository/ozonedbjnimaven/demoproc-jni/1.0/demoproc-jni-1.0.jar:/users/Xinying/.m2/repository/ch/qos/logback/logback-core/1.2.3/logback-core-1.2.3.jar:/users/Xinying/.m2/repository/org/codehaus/jackson/jackson-mapper-asl/1.9.4/jackson-mapper-asl-1.9.4.jar:/users/Xinying/.m2/repository/org/slf4j/slf4j-simple/1.7.25/slf4j-simple-1.7.25.jar:/users/Xinying/.m2/repository/org/codehaus/jackson/jackson-core-asl/1.9.4/jackson-core-asl-1.9.4.jar:/users/Xinying/ozonedb/ycsb/core/target/core-0.18.0-SNAPSHOT.jar site.ycsb.Client -db site.ycsb.db.OzoneDBClient -threads 1 -s -P /users/Xinying/ozonedb/ycsb/workloads/generated_workloads/workloada_1KB_1000000_1000000 -p status.interval=1 -p maxexecutiontime=90 -p operationcount=0 -p shared_config=/tmp/phase1_ozonedb_configs/shared_config_SHARED_workloada_p8_r1_proc5.json -t"
	User time (seconds): 31.89
	System time (seconds): 40.09
	Percent of CPU this job got: 77%
	Elapsed (wall clock) time (h:mm:ss or m:ss): 1:32.46
	Average shared text size (kbytes): 0
	Average unshared data size (kbytes): 0
	Average stack size (kbytes): 0
	Average total size (kbytes): 0
	Maximum resident set size (kbytes): 4999336
	Average resident set size (kbytes): 0
	Major (requiring I/O) page faults: 358
	Minor (reclaiming a frame) page faults: 1402607
	Voluntary context switches: 577223
	Involuntary context switches: 879
	Swaps: 0
	File system inputs: 10480864
	File system outputs: 1972687
	Socket messages sent: 0
	Socket messages received: 0
	Signals delivered: 0
	Page size (bytes): 4096
	Exit status: 0
