# CMD: /usr/bin/time -v /usr/lib/jvm/java-8-openjdk-amd64/bin/java -cp /users/Xinying/ozonedb/ycsb/ozonedb/conf:/users/Xinying/ozonedb/ycsb/ozonedb/target/ozonedb-binding-0.18.0-SNAPSHOT.jar:/users/Xinying/.m2/repository/org/apache/htrace/htrace-core4/4.1.0-incubating/htrace-core4-4.1.0-incubating.jar:/users/Xinying/.m2/repository/org/slf4j/slf4j-api/1.7.25/slf4j-api-1.7.25.jar:/users/Xinying/.m2/repository/org/hdrhistogram/HdrHistogram/2.1.12/HdrHistogram-2.1.12.jar:/users/Xinying/.m2/repository/ch/qos/logback/logback-classic/1.2.3/logback-classic-1.2.3.jar:/users/Xinying/.m2/repository/ozonedbjnimaven/demoproc-jni/1.0/demoproc-jni-1.0.jar:/users/Xinying/.m2/repository/ch/qos/logback/logback-core/1.2.3/logback-core-1.2.3.jar:/users/Xinying/.m2/repository/org/codehaus/jackson/jackson-mapper-asl/1.9.4/jackson-mapper-asl-1.9.4.jar:/users/Xinying/.m2/repository/org/slf4j/slf4j-simple/1.7.25/slf4j-simple-1.7.25.jar:/users/Xinying/.m2/repository/org/codehaus/jackson/jackson-core-asl/1.9.4/jackson-core-asl-1.9.4.jar:/users/Xinying/ozonedb/ycsb/core/target/core-0.18.0-SNAPSHOT.jar site.ycsb.Client -db site.ycsb.db.OzoneDBClient -threads 1 -s -P /users/Xinying/ozonedb/ycsb/workloads/generated_workloads/workloadb_1KB_1000000_1000000 -p status.interval=1 -p maxexecutiontime=90 -p operationcount=0 -p shared_config=/tmp/phase1_ozonedb_configs/shared_config_SHARED_workloadb_p8_r1_proc3.json -t
# shared_work_path=/tank/ycsb_data/multi-proc-run/shared_ozonedb  proc_id=3/8
Command line: -db site.ycsb.db.OzoneDBClient -threads 1 -s -P /users/Xinying/ozonedb/ycsb/workloads/generated_workloads/workloadb_1KB_1000000_1000000 -p status.interval=1 -p maxexecutiontime=90 -p operationcount=0 -p shared_config=/tmp/phase1_ozonedb_configs/shared_config_SHARED_workloadb_p8_r1_proc3.json -t
YCSB Client 0.18.0-SNAPSHOT

Loading workload...
Starting test.
SLF4J: Class path contains multiple SLF4J bindings.
SLF4J: Found binding in [jar:file:/users/Xinying/.m2/repository/ch/qos/logback/logback-classic/1.2.3/logback-classic-1.2.3.jar!/org/slf4j/impl/StaticLoggerBinder.class]
SLF4J: Found binding in [jar:file:/users/Xinying/.m2/repository/org/slf4j/slf4j-simple/1.7.25/slf4j-simple-1.7.25.jar!/org/slf4j/impl/StaticLoggerBinder.class]
SLF4J: See http://www.slf4j.org/codes.html#multiple_bindings for an explanation.
SLF4J: Actual binding is of type [ch.qos.logback.classic.util.ContextSelectorStaticBinder]
Maximum execution time specified as: 90 secs
2026-04-29 15:24:08:217 0 sec: 0 operations; 
Starting compaction watcher
DBWrapper: report latency for each error is false and specific error codes to track for latency are: []
2026-04-29 15:24:09:217 1 sec: 6325 operations; 6325 current ops/sec; [READ: Count=6031, Max=50879, Min=4, Avg=91.72, 90=131, 99=180, 99.9=1238, 99.99=50879] [UPDATE: Count=318, Max=45215, Min=191, Avg=452.79, 90=391, 99=633, 99.9=45215, 99.99=45215] 
2026-04-29 15:24:10:217 2 sec: 18504 operations; 12179 current ops/sec; [READ: Count=11548, Max=2141, Min=4, Avg=69.77, 90=118, 99=154, 99.9=512, 99.99=1860] [UPDATE: Count=612, Max=7687, Min=169, Avg=268.8, 90=307, 99=417, 99.9=7687, 99.99=7687] 
2026-04-29 15:24:11:217 3 sec: 31645 operations; 13141 current ops/sec; [READ: Count=12470, Max=2103, Min=4, Avg=64.64, 90=115, 99=146, 99.9=650, 99.99=1920] [UPDATE: Count=674, Max=415, Min=170, Avg=251.42, 90=309, 99=353, 99.9=415, 99.99=415] 
2026-04-29 15:24:12:217 4 sec: 43778 operations; 12133 current ops/sec; [READ: Count=11520, Max=4471, Min=4, Avg=64.23, 90=116, 99=151, 99.9=358, 99.99=1798] [UPDATE: Count=616, Max=82431, Min=164, Avg=382.94, 90=306, 99=384, 99.9=82431, 99.99=82431] 
2026-04-29 15:24:13:217 5 sec: 57811 operations; 14033 current ops/sec; [READ: Count=13366, Max=1600, Min=4, Avg=60.81, 90=115, 99=142, 99.9=351, 99.99=1579] [UPDATE: Count=664, Max=391, Min=168, Avg=244.42, 90=302, 99=337, 99.9=391, 99.99=391] 
2026-04-29 15:24:14:217 6 sec: 70855 operations; 13044 current ops/sec; [READ: Count=12399, Max=2349, Min=4, Avg=61.69, 90=116, 99=144, 99.9=235, 99.99=1610] [UPDATE: Count=641, Max=43615, Min=169, Avg=333, 90=313, 99=896, 99.9=43615, 99.99=43615] 
2026-04-29 15:24:15:217 7 sec: 84982 operations; 14127 current ops/sec; [READ: Count=13428, Max=1532, Min=4, Avg=60.16, 90=116, 99=144, 99.9=362, 99.99=1427] [UPDATE: Count=701, Max=415, Min=164, Avg=245.25, 90=307, 99=342, 99.9=415, 99.99=415] 
2026-04-29 15:24:16:217 8 sec: 99382 operations; 14400 current ops/sec; [READ: Count=13723, Max=1531, Min=4, Avg=59.07, 90=116, 99=144, 99.9=409, 99.99=1418] [UPDATE: Count=681, Max=1366, Min=167, Avg=246.11, 90=303, 99=355, 99.9=1366, 99.99=1366] 
2026-04-29 15:24:16:690 - NewTail completed: 
2026-04-29 15:24:17:217 9 sec: 113170 operations; 13788 current ops/sec; [READ: Count=13088, Max=8043, Min=4, Avg=61.52, 90=118, 99=151, 99.9=552, 99.99=1588] [UPDATE: Count=697, Max=883, Min=159, Avg=248.73, 90=310, 99=390, 99.9=883, 99.99=883] 
2026-04-29 15:24:18:217 10 sec: 126850 operations; 13680 current ops/sec; [READ: Count=13008, Max=1516, Min=4, Avg=63.13, 90=118, 99=145, 99.9=389, 99.99=1454] [UPDATE: Count=668, Max=363, Min=157, Avg=238.56, 90=296, 99=335, 99.9=363, 99.99=363] 
2026-04-29 15:24:19:217 11 sec: 139097 operations; 12247 current ops/sec; [READ: Count=11660, Max=5655, Min=4, Avg=62.4, 90=117, 99=146, 99.9=709, 99.99=1337] [UPDATE: Count=588, Max=49119, Min=160, Avg=433.42, 90=668, 99=1704, 99.9=49119, 99.99=49119] 
2026-04-29 15:24:20:217 12 sec: 152944 operations; 13847 current ops/sec; [READ: Count=13213, Max=1800, Min=4, Avg=62.52, 90=118, 99=146, 99.9=328, 99.99=1792] [UPDATE: Count=639, Max=369, Min=165, Avg=243.91, 90=303, 99=337, 99.9=369, 99.99=369] 
2026-04-29 15:24:21:217 13 sec: 167081 operations; 14137 current ops/sec; [READ: Count=13432, Max=1644, Min=4, Avg=60.95, 90=117, 99=145, 99.9=403, 99.99=1613] [UPDATE: Count=706, Max=1795, Min=152, Avg=232.91, 90=289, 99=338, 99.9=1795, 99.99=1795] 
2026-04-29 15:24:22:097 - NewTail completed: 
2026-04-29 15:24:22:217 14 sec: 181406 operations; 14325 current ops/sec; [READ: Count=13590, Max=1730, Min=5, Avg=59.58, 90=117, 99=144, 99.9=421, 99.99=1540] [UPDATE: Count=733, Max=1292, Min=156, Avg=238.3, 90=298, 99=356, 99.9=1292, 99.99=1292] 
2026-04-29 15:24:23:217 15 sec: 195635 operations; 14229 current ops/sec; [READ: Count=13491, Max=1449, Min=4, Avg=59.8, 90=117, 99=152, 99.9=358, 99.99=1411] [UPDATE: Count=738, Max=1577, Min=158, Avg=240.39, 90=302, 99=360, 99.9=1577, 99.99=1577] 
2026-04-29 15:24:24:217 16 sec: 202989 operations; 7354 current ops/sec; [READ: Count=6993, Max=1818, Min=4, Avg=58.79, 90=115, 99=149, 99.9=381, 99.99=1818] [UPDATE: Count=353, Max=63935, Min=154, Avg=1638.13, 90=8087, 99=13351, 99.9=63935, 99.99=63935] 
2026-04-29 15:24:25:217 17 sec: 213818 operations; 10829 current ops/sec; [READ: Count=10253, Max=1714, Min=4, Avg=58.75, 90=118, 99=145, 99.9=238, 99.99=1401] [UPDATE: Count=581, Max=12687, Min=159, Avg=667.75, 90=306, 99=10887, 99.9=12687, 99.99=12687] 
2026-04-29 15:24:26:217 18 sec: 228559 operations; 14741 current ops/sec; [READ: Count=13982, Max=2177, Min=4, Avg=57.63, 90=116, 99=142, 99.9=393, 99.99=1560] [UPDATE: Count=759, Max=1865, Min=154, Avg=235.14, 90=296, 99=332, 99.9=1865, 99.99=1865] 
2026-04-29 15:24:27:217 19 sec: 243391 operations; 14832 current ops/sec; [READ: Count=14093, Max=1739, Min=4, Avg=57.69, 90=115, 99=142, 99.9=341, 99.99=1568] [UPDATE: Count=738, Max=1800, Min=155, Avg=231.98, 90=292, 99=321, 99.9=1800, 99.99=1800] 
2026-04-29 15:24:28:217 20 sec: 258115 operations; 14724 current ops/sec; [READ: Count=13972, Max=1767, Min=4, Avg=57.78, 90=116, 99=145, 99.9=417, 99.99=1750] [UPDATE: Count=750, Max=1551, Min=157, Avg=235.99, 90=293, 99=324, 99.9=1551, 99.99=1551] 
2026-04-29 15:24:29:217 21 sec: 266908 operations; 8793 current ops/sec; [READ: Count=8398, Max=7247, Min=5, Avg=61.97, 90=118, 99=148, 99.9=325, 99.99=7247] [UPDATE: Count=393, Max=43807, Min=169, Avg=1181.29, 90=458, 99=12079, 99.9=43807, 99.99=43807] 
2026-04-29 15:24:30:217 22 sec: 270580 operations; 3672 current ops/sec; [READ: Count=3464, Max=1096, Min=5, Avg=62.84, 90=117, 99=170, 99.9=314, 99.99=1096] [UPDATE: Count=214, Max=13199, Min=167, Avg=3668.15, 90=9175, 99=10679, 99.9=13199, 99.99=13199] 
2026-04-29 15:24:31:217 23 sec: 284400 operations; 13820 current ops/sec; [READ: Count=13137, Max=1491, Min=5, Avg=62.24, 90=118, 99=150, 99.9=237, 99.99=1421] [UPDATE: Count=681, Max=1353, Min=161, Avg=244.1, 90=302, 99=350, 99.9=1353, 99.99=1353] 
2026-04-29 15:24:32:217 24 sec: 297602 operations; 13202 current ops/sec; [READ: Count=12508, Max=1905, Min=5, Avg=65.06, 90=126, 99=163, 99.9=329, 99.99=1719] [UPDATE: Count=693, Max=402, Min=149, Avg=247.12, 90=317, 99=359, 99.9=402, 99.99=402] 
2026-04-29 15:24:33:217 25 sec: 311660 operations; 14058 current ops/sec; [READ: Count=13363, Max=4087, Min=5, Avg=61, 90=120, 99=150, 99.9=399, 99.99=1812] [UPDATE: Count=694, Max=1977, Min=153, Avg=242.86, 90=298, 99=358, 99.9=1977, 99.99=1977] 
2026-04-29 15:24:34:217 26 sec: 325480 operations; 13820 current ops/sec; [READ: Count=13145, Max=1958, Min=5, Avg=59.54, 90=118, 99=144, 99.9=414, 99.99=1711] [UPDATE: Count=679, Max=39423, Min=152, Avg=298.25, 90=298, 99=861, 99.9=39423, 99.99=39423] 
2026-04-29 15:24:35:217 27 sec: 339862 operations; 14382 current ops/sec; [READ: Count=13698, Max=1610, Min=5, Avg=60.09, 90=119, 99=145, 99.9=185, 99.99=1563] [UPDATE: Count=680, Max=1368, Min=153, Avg=235.72, 90=296, 99=338, 99.9=1368, 99.99=1368] 
2026-04-29 15:24:36:217 28 sec: 354498 operations; 14636 current ops/sec; [READ: Count=13923, Max=1888, Min=5, Avg=58.87, 90=118, 99=147, 99.9=437, 99.99=1655] [UPDATE: Count=714, Max=604, Min=154, Avg=230.33, 90=294, 99=348, 99.9=604, 99.99=604] 
2026-04-29 15:24:37:217 29 sec: 369013 operations; 14500.5 current ops/sec; [READ: Count=13813, Max=1721, Min=5, Avg=59.03, 90=119, 99=147, 99.9=387, 99.99=1700] [UPDATE: Count=706, Max=2077, Min=156, Avg=238.71, 90=298, 99=351, 99.9=2077, 99.99=2077] 
2026-04-29 15:24:38:217 30 sec: 383534 operations; 14535.54 current ops/sec; [READ: Count=13793, Max=1574, Min=5, Avg=58.84, 90=119, 99=149, 99.9=434, 99.99=1493] [UPDATE: Count=726, Max=1429, Min=160, Avg=237.5, 90=300, 99=342, 99.9=1429, 99.99=1429] 
2026-04-29 15:24:39:217 31 sec: 397285 operations; 13751 current ops/sec; [READ: Count=13069, Max=2163, Min=5, Avg=57.99, 90=118, 99=145, 99.9=395, 99.99=1724] [UPDATE: Count=679, Max=52607, Min=163, Avg=333.86, 90=310, 99=642, 99.9=52607, 99.99=52607] 
2026-04-29 15:24:40:217 32 sec: 410682 operations; 13397 current ops/sec; [READ: Count=12692, Max=53887, Min=5, Avg=64.21, 90=120, 99=150, 99.9=476, 99.99=1381] [UPDATE: Count=703, Max=590, Min=157, Avg=240.37, 90=303, 99=343, 99.9=590, 99.99=590] 
2026-04-29 15:24:41:217 33 sec: 424891 operations; 14209 current ops/sec; [READ: Count=13477, Max=1467, Min=5, Avg=59.72, 90=118, 99=147, 99.9=374, 99.99=1402] [UPDATE: Count=735, Max=1350, Min=162, Avg=245.79, 90=304, 99=359, 99.9=1350, 99.99=1350] 
2026-04-29 15:24:42:217 34 sec: 439501 operations; 14610 current ops/sec; [READ: Count=13874, Max=1872, Min=5, Avg=58, 90=118, 99=147, 99.9=355, 99.99=1469] [UPDATE: Count=736, Max=396, Min=157, Avg=244.11, 90=308, 99=348, 99.9=396, 99.99=396] 
2026-04-29 15:24:43:217 35 sec: 453816 operations; 14315 current ops/sec; [READ: Count=13592, Max=1701, Min=5, Avg=59.81, 90=120, 99=149, 99.9=442, 99.99=1617] [UPDATE: Count=722, Max=473, Min=158, Avg=237.39, 90=305, 99=355, 99.9=473, 99.99=473] 
2026-04-29 15:24:44:217 36 sec: 467308 operations; 13492 current ops/sec; [READ: Count=12820, Max=4355, Min=5, Avg=59.63, 90=120, 99=148, 99.9=367, 99.99=2006] [UPDATE: Count=671, Max=56223, Min=160, Avg=328.94, 90=302, 99=644, 99.9=56223, 99.99=56223] 
2026-04-29 15:24:45:217 37 sec: 479674 operations; 12366 current ops/sec; [READ: Count=11704, Max=1373, Min=5, Avg=60.71, 90=122, 99=147, 99.9=233, 99.99=1319] [UPDATE: Count=663, Max=88895, Min=164, Avg=416.08, 90=336, 99=1118, 99.9=88895, 99.99=88895] 
2026-04-29 15:24:46:217 38 sec: 494349 operations; 14660.34 current ops/sec; [READ: Count=13990, Max=1666, Min=5, Avg=58.7, 90=120, 99=146, 99.9=335, 99.99=1617] [UPDATE: Count=688, Max=376, Min=157, Avg=236.59, 90=299, 99=334, 99.9=376, 99.99=376] 
2026-04-29 15:24:47:217 39 sec: 508517 operations; 14182.18 current ops/sec; [READ: Count=13403, Max=1529, Min=5, Avg=59.69, 90=121, 99=147, 99.9=359, 99.99=1356] [UPDATE: Count=763, Max=2189, Min=159, Avg=241.62, 90=300, 99=339, 99.9=2189, 99.99=2189] 
2026-04-29 15:24:48:217 40 sec: 523105 operations; 14588 current ops/sec; [READ: Count=13839, Max=1784, Min=5, Avg=57.97, 90=121, 99=148, 99.9=327, 99.99=1566] [UPDATE: Count=750, Max=1614, Min=164, Avg=242.55, 90=303, 99=346, 99.9=1614, 99.99=1614] 
2026-04-29 15:24:49:217 41 sec: 537689 operations; 14584 current ops/sec; [READ: Count=13819, Max=1716, Min=5, Avg=58.03, 90=120, 99=148, 99.9=381, 99.99=1715] [UPDATE: Count=764, Max=1333, Min=163, Avg=238.84, 90=301, 99=351, 99.9=1333, 99.99=1333] 
2026-04-29 15:24:50:217 42 sec: 550981 operations; 13292 current ops/sec; [READ: Count=12628, Max=7851, Min=5, Avg=60.96, 90=123, 99=154, 99.9=441, 99.99=1615] [UPDATE: Count=663, Max=48415, Min=157, Avg=324.79, 90=307, 99=892, 99.9=48415, 99.99=48415] 
2026-04-29 15:24:51:217 43 sec: 564801 operations; 13820 current ops/sec; [READ: Count=13156, Max=1466, Min=5, Avg=62.15, 90=123, 99=153, 99.9=309, 99.99=1417] [UPDATE: Count=664, Max=1708, Min=156, Avg=251.53, 90=306, 99=349, 99.9=1708, 99.99=1708] 
2026-04-29 15:24:52:217 44 sec: 578782 operations; 13981 current ops/sec; [READ: Count=13268, Max=1448, Min=5, Avg=61.09, 90=123, 99=152, 99.9=316, 99.99=1426] [UPDATE: Count=714, Max=400, Min=159, Avg=243.71, 90=308, 99=349, 99.9=400, 99.99=400] 
2026-04-29 15:24:53:217 45 sec: 592979 operations; 14197 current ops/sec; [READ: Count=13462, Max=1832, Min=5, Avg=60.15, 90=122, 99=153, 99.9=321, 99.99=1481] [UPDATE: Count=733, Max=1473, Min=159, Avg=237.66, 90=299, 99=345, 99.9=1473, 99.99=1473] 
2026-04-29 15:24:54:217 46 sec: 606720 operations; 13741 current ops/sec; [READ: Count=13046, Max=2219, Min=5, Avg=62.56, 90=127, 99=161, 99.9=336, 99.99=1552] [UPDATE: Count=696, Max=463, Min=162, Avg=241.28, 90=312, 99=399, 99.9=463, 99.99=463] 
2026-04-29 15:24:55:217 47 sec: 619839 operations; 13119 current ops/sec; [READ: Count=12496, Max=1325, Min=5, Avg=60.41, 90=124, 99=153, 99.9=251, 99.99=1301] [UPDATE: Count=623, Max=48831, Min=155, Avg=369.7, 90=431, 99=988, 99.9=48831, 99.99=48831] 
2026-04-29 15:24:56:217 48 sec: 633676 operations; 13837 current ops/sec; [READ: Count=13135, Max=1632, Min=5, Avg=61.53, 90=124, 99=150, 99.9=213, 99.99=1549] [UPDATE: Count=702, Max=1578, Min=163, Avg=246, 90=309, 99=355, 99.9=1578, 99.99=1578] 
2026-04-29 15:24:57:217 49 sec: 647939 operations; 14263 current ops/sec; [READ: Count=13563, Max=1660, Min=5, Avg=60.25, 90=123, 99=150, 99.9=203, 99.99=1648] [UPDATE: Count=699, Max=399, Min=156, Avg=239.07, 90=305, 99=343, 99.9=399, 99.99=399] 
2026-04-29 15:24:58:217 50 sec: 662379 operations; 14440 current ops/sec; [READ: Count=13709, Max=1997, Min=5, Avg=59.14, 90=123, 99=151, 99.9=378, 99.99=1855] [UPDATE: Count=733, Max=1221, Min=157, Avg=235.67, 90=301, 99=357, 99.9=1221, 99.99=1221] 
2026-04-29 15:24:59:217 51 sec: 676681 operations; 14302 current ops/sec; [READ: Count=13575, Max=1631, Min=5, Avg=59.24, 90=123, 99=152, 99.9=391, 99.99=1464] [UPDATE: Count=730, Max=755, Min=163, Avg=247.05, 90=314, 99=357, 99.9=755, 99.99=755] 
2026-04-29 15:25:00:217 52 sec: 690524 operations; 13843 current ops/sec; [READ: Count=13133, Max=1693, Min=5, Avg=58.06, 90=122, 99=151, 99.9=237, 99.99=1628] [UPDATE: Count=705, Max=48895, Min=155, Avg=314.03, 90=310, 99=564, 99.9=48895, 99.99=48895] 
2026-04-29 15:25:01:217 53 sec: 704334 operations; 13810 current ops/sec; [READ: Count=13107, Max=5875, Min=5, Avg=62.28, 90=124, 99=156, 99.9=540, 99.99=1223] [UPDATE: Count=705, Max=807, Min=158, Avg=239.04, 90=300, 99=345, 99.9=807, 99.99=807] 
2026-04-29 15:25:02:217 54 sec: 718478 operations; 14129.87 current ops/sec; [READ: Count=13444, Max=8943, Min=5, Avg=61.28, 90=123, 99=152, 99.9=382, 99.99=1337] [UPDATE: Count=699, Max=363, Min=153, Avg=229.22, 90=293, 99=339, 99.9=363, 99.99=363] 
2026-04-29 15:25:03:217 55 sec: 732649 operations; 14185.19 current ops/sec; [READ: Count=13407, Max=1677, Min=5, Avg=59.64, 90=124, 99=153, 99.9=328, 99.99=1519] [UPDATE: Count=765, Max=2291, Min=159, Avg=240.95, 90=305, 99=374, 99.9=2291, 99.99=2291] 
2026-04-29 15:25:04:217 56 sec: 747022 operations; 14373 current ops/sec; [READ: Count=13644, Max=1767, Min=5, Avg=59.27, 90=124, 99=151, 99.9=274, 99.99=1682] [UPDATE: Count=728, Max=765, Min=161, Avg=240.74, 90=304, 99=342, 99.9=765, 99.99=765] 
2026-04-29 15:25:05:217 57 sec: 759493 operations; 12471 current ops/sec; [READ: Count=11858, Max=1493, Min=5, Avg=60.76, 90=125, 99=154, 99.9=318, 99.99=1360] [UPDATE: Count=614, Max=48447, Min=162, Avg=432.16, 90=660, 99=1386, 99.9=48447, 99.99=48447] 
2026-04-29 15:25:05:450 - NewTail completed: 
2026-04-29 15:25:06:217 58 sec: 773449 operations; 13956 current ops/sec; [READ: Count=13214, Max=1620, Min=5, Avg=60.43, 90=124, 99=152, 99.9=186, 99.99=1432] [UPDATE: Count=743, Max=1331, Min=164, Avg=250.38, 90=314, 99=362, 99.9=1331, 99.99=1331] 
2026-04-29 15:25:07:217 59 sec: 787539 operations; 14090 current ops/sec; [READ: Count=13350, Max=5215, Min=5, Avg=60.48, 90=125, 99=152, 99.9=181, 99.99=1626] [UPDATE: Count=740, Max=1405, Min=162, Avg=238.96, 90=304, 99=337, 99.9=1405, 99.99=1405] 
2026-04-29 15:25:08:217 60 sec: 801716 operations; 14177 current ops/sec; [READ: Count=13499, Max=2143, Min=5, Avg=60.33, 90=124, 99=153, 99.9=419, 99.99=1497] [UPDATE: Count=675, Max=7595, Min=159, Avg=251.72, 90=305, 99=355, 99.9=7595, 99.99=7595] 
2026-04-29 15:25:09:217 61 sec: 816034 operations; 14318 current ops/sec; [READ: Count=13649, Max=1531, Min=5, Avg=60.16, 90=125, 99=155, 99.9=422, 99.99=1317] [UPDATE: Count=670, Max=496, Min=158, Avg=243.59, 90=315, 99=368, 99.9=496, 99.99=496] 
2026-04-29 15:25:10:217 62 sec: 829548 operations; 13514 current ops/sec; [READ: Count=12824, Max=1620, Min=5, Avg=59.77, 90=125, 99=152, 99.9=415, 99.99=1584] [UPDATE: Count=690, Max=50303, Min=162, Avg=316.63, 90=311, 99=464, 99.9=50303, 99.99=50303] 
2026-04-29 15:25:10:654 - NewTail completed: 
2026-04-29 15:25:11:217 63 sec: 843575 operations; 14027 current ops/sec; [READ: Count=13303, Max=7119, Min=5, Avg=60.61, 90=125, 99=155, 99.9=506, 99.99=1329] [UPDATE: Count=727, Max=1259, Min=162, Avg=245.17, 90=312, 99=344, 99.9=1259, 99.99=1259] 
2026-04-29 15:25:12:217 64 sec: 857086 operations; 13511 current ops/sec; [READ: Count=12831, Max=1496, Min=5, Avg=62.67, 90=126, 99=161, 99.9=436, 99.99=1303] [UPDATE: Count=677, Max=12039, Min=165, Avg=266.97, 90=312, 99=406, 99.9=12039, 99.99=12039] 
2026-04-29 15:25:13:217 65 sec: 870755 operations; 13669 current ops/sec; [READ: Count=12987, Max=1566, Min=5, Avg=62.91, 90=128, 99=171, 99.9=432, 99.99=1515] [UPDATE: Count=682, Max=427, Min=166, Avg=245.66, 90=314, 99=379, 99.9=427, 99.99=427] 
2026-04-29 15:25:14:217 66 sec: 884862 operations; 14107 current ops/sec; [READ: Count=13392, Max=1923, Min=5, Avg=60.59, 90=126, 99=156, 99.9=419, 99.99=1547] [UPDATE: Count=716, Max=1700, Min=161, Avg=241.26, 90=308, 99=359, 99.9=1700, 99.99=1700] 
2026-04-29 15:25:15:217 67 sec: 897348 operations; 12486 current ops/sec; [READ: Count=11873, Max=1538, Min=5, Avg=59.56, 90=125, 99=155, 99.9=396, 99.99=1327] [UPDATE: Count=612, Max=49215, Min=171, Avg=455.63, 90=750, 99=1283, 99.9=49215, 99.99=49215] 
2026-04-29 15:25:16:217 68 sec: 911322 operations; 13974 current ops/sec; [READ: Count=13276, Max=1860, Min=5, Avg=60.3, 90=125, 99=153, 99.9=249, 99.99=1479] [UPDATE: Count=699, Max=1238, Min=154, Avg=263.64, 90=320, 99=789, 99.9=1238, 99.99=1238] 
2026-04-29 15:25:17:217 69 sec: 925200 operations; 13878 current ops/sec; [READ: Count=13190, Max=1750, Min=5, Avg=61.37, 90=126, 99=153, 99.9=187, 99.99=1554] [UPDATE: Count=686, Max=6831, Min=168, Avg=255.05, 90=313, 99=360, 99.9=6831, 99.99=6831] 
2026-04-29 15:25:18:217 70 sec: 939035 operations; 13835 current ops/sec; [READ: Count=13138, Max=2573, Min=5, Avg=61.45, 90=127, 99=158, 99.9=208, 99.99=1889] [UPDATE: Count=697, Max=1470, Min=163, Avg=254.27, 90=319, 99=380, 99.9=1470, 99.99=1470] 
2026-04-29 15:25:19:217 71 sec: 953158 operations; 14123 current ops/sec; [READ: Count=13446, Max=3941, Min=5, Avg=60.85, 90=127, 99=157, 99.9=364, 99.99=1885] [UPDATE: Count=679, Max=2089, Min=159, Avg=244.65, 90=313, 99=346, 99.9=2089, 99.99=2089] 
2026-04-29 15:25:20:217 72 sec: 966408 operations; 13250 current ops/sec; [READ: Count=12623, Max=1469, Min=5, Avg=61.63, 90=128, 99=157, 99.9=395, 99.99=1398] [UPDATE: Count=625, Max=47871, Min=164, Avg=331.39, 90=323, 99=760, 99.9=47871, 99.99=47871] 
2026-04-29 15:25:21:217 73 sec: 980411 operations; 14003 current ops/sec; [READ: Count=13287, Max=1839, Min=5, Avg=61.02, 90=127, 99=157, 99.9=229, 99.99=1767] [UPDATE: Count=718, Max=376, Min=161, Avg=241.64, 90=312, 99=357, 99.9=376, 99.99=376] 
2026-04-29 15:25:21:265 - Compaction started: 
139812031874624:Compacting datalog/47 datalog/48 into:sstable1/b8be38c7-4b37-4517-80fa-afb7f4d7c658202604290924081777476321439625973.sst
2026-04-29 15:25:21:718 - Compaction completed: 
2026-04-29 15:25:22:217 74 sec: 993569 operations; 13158 current ops/sec; [READ: Count=12460, Max=7335, Min=5, Avg=65, 90=130, 99=166, 99.9=465, 99.99=3177] [UPDATE: Count=696, Max=1483, Min=161, Avg=251.67, 90=318, 99=401, 99.9=1483, 99.99=1483] 
2026-04-29 15:25:23:217 75 sec: 1007185 operations; 13616 current ops/sec; [READ: Count=12900, Max=1532, Min=5, Avg=62.86, 90=128, 99=158, 99.9=356, 99.99=1377] [UPDATE: Count=716, Max=544, Min=158, Avg=242.67, 90=305, 99=359, 99.9=544, 99.99=544] 
2026-04-29 15:25:24:217 76 sec: 1020968 operations; 13783 current ops/sec; [READ: Count=13143, Max=1510, Min=5, Avg=62.74, 90=128, 99=166, 99.9=330, 99.99=1425] [UPDATE: Count=642, Max=1756, Min=161, Avg=249.36, 90=317, 99=381, 99.9=1756, 99.99=1756] 
2026-04-29 15:25:25:217 77 sec: 1034395 operations; 13427 current ops/sec; [READ: Count=12768, Max=1533, Min=5, Avg=59.8, 90=123, 99=153, 99.9=409, 99.99=1264] [UPDATE: Count=657, Max=49887, Min=161, Avg=337.52, 90=315, 99=954, 99.9=49887, 99.99=49887] 
2026-04-29 15:25:26:217 78 sec: 1047947 operations; 13552 current ops/sec; [READ: Count=12862, Max=1681, Min=5, Avg=62.06, 90=127, 99=156, 99.9=243, 99.99=1412] [UPDATE: Count=691, Max=1426, Min=162, Avg=269.34, 90=321, 99=1018, 99.9=1426, 99.99=1426] 
2026-04-29 15:25:27:217 79 sec: 1060776 operations; 12829 current ops/sec; [READ: Count=12204, Max=1666, Min=5, Avg=61.6, 90=127, 99=156, 99.9=450, 99.99=1577] [UPDATE: Count=624, Max=83391, Min=161, Avg=374.72, 90=308, 99=346, 99.9=83391, 99.99=83391] 
2026-04-29 15:25:28:217 80 sec: 1074666 operations; 13890 current ops/sec; [READ: Count=13197, Max=1592, Min=5, Avg=61.93, 90=128, 99=158, 99.9=422, 99.99=1501] [UPDATE: Count=694, Max=491, Min=166, Avg=240.88, 90=308, 99=350, 99.9=491, 99.99=491] 
2026-04-29 15:25:29:217 81 sec: 1088765 operations; 14099 current ops/sec; [READ: Count=13411, Max=2429, Min=5, Avg=60.53, 90=127, 99=156, 99.9=381, 99.99=1478] [UPDATE: Count=692, Max=1471, Min=169, Avg=249.38, 90=318, 99=352, 99.9=1471, 99.99=1471] 
2026-04-29 15:25:30:217 82 sec: 1102816 operations; 14051 current ops/sec; [READ: Count=13343, Max=4455, Min=5, Avg=60.7, 90=127, 99=158, 99.9=345, 99.99=1531] [UPDATE: Count=705, Max=1502, Min=163, Avg=247.67, 90=315, 99=355, 99.9=1502, 99.99=1502] 
2026-04-29 15:25:31:217 83 sec: 1116264 operations; 13448 current ops/sec; [READ: Count=12763, Max=1534, Min=5, Avg=60.65, 90=127, 99=158, 99.9=321, 99.99=1325] [UPDATE: Count=685, Max=47647, Min=151, Avg=307.69, 90=305, 99=694, 99.9=47647, 99.99=47647] 
2026-04-29 15:25:31:878 - Compaction started: 
2026-04-29 15:25:32:217 84 sec: 1130224 operations; 13960 current ops/sec; [READ: Count=13274, Max=3235, Min=5, Avg=61.58, 90=129, 99=163, 99.9=548, 99.99=3085] [UPDATE: Count=686, Max=1095, Min=155, Avg=243.57, 90=319, 99=447, 99.9=1095, 99.99=1095] 
139812031874624:Compacting datalog/49 datalog/50 into:sstable1/b8be38c7-4b37-4517-80fa-afb7f4d7c658202604290924081777476331997704562.sst
2026-04-29 15:25:32:269 - Compaction completed: 
2026-04-29 15:25:32:281 - Compaction started: 
2026-04-29 15:25:33:217 85 sec: 1138449 operations; 8216.78 current ops/sec; [READ: Count=7817, Max=190591, Min=5, Avg=112.82, 90=136, 99=196, 99.9=1051, 99.99=190591] [UPDATE: Count=409, Max=1446, Min=161, Avg=265.67, 90=336, 99=419, 99.9=1446, 99.99=1446] 
139812031874624:Compacting sstable1/48ef151f-6798-4238-adce-92b5a8568010202604290924081777476279385010452.sst sstable1/14ddb375-5d91-4647-a120-9da35558739a202604290924081777476289792212265.sst into:sstable2/b8be38c7-4b37-4517-80fa-afb7f4d7c658202604290924081777476332715987049.sst
2026-04-29 15:25:33:275 - Compaction completed: 
2026-04-29 15:25:34:217 86 sec: 1152232 operations; 13796.8 current ops/sec; [READ: Count=13091, Max=12479, Min=5, Avg=62.1, 90=126, 99=162, 99.9=296, 99.99=1703] [UPDATE: Count=689, Max=1791, Min=162, Avg=249.56, 90=316, 99=390, 99.9=1791, 99.99=1791] 
2026-04-29 15:25:35:217 87 sec: 1166379 operations; 14147 current ops/sec; [READ: Count=13437, Max=1744, Min=5, Avg=60.24, 90=127, 99=156, 99.9=360, 99.99=1642] [UPDATE: Count=713, Max=592, Min=171, Avg=244.32, 90=315, 99=344, 99.9=592, 99.99=592] 
2026-04-29 15:25:36:217 88 sec: 1177021 operations; 10642 current ops/sec; [READ: Count=10112, Max=1671, Min=5, Avg=65.36, 90=134, 99=192, 99.9=367, 99.99=1194] [UPDATE: Count=533, Max=46303, Min=165, Avg=612.42, 90=1085, 99=2225, 99.9=46303, 99.99=46303] 
2026-04-29 15:25:37:217 89 sec: 1190577 operations; 13556 current ops/sec; [READ: Count=12861, Max=1581, Min=5, Avg=63.31, 90=131, 99=162, 99.9=280, 99.99=1560] [UPDATE: Count=692, Max=479, Min=163, Avg=246.67, 90=316, 99=350, 99.9=479, 99.99=479] 
2026-04-29 15:25:37:486 - NewTail completed: 
Maximum time elapsed. Requesting stop for the workload.
Stop requested for workload. Now Joining!
2026-04-29 15:25:38:217 90 sec: 1204226 operations; 13649 current ops/sec; [READ: Count=12965, Max=1631, Min=5, Avg=62.83, 90=130, 99=162, 99.9=241, 99.99=1568] [UPDATE: Count=684, Max=1020, Min=158, Avg=248.68, 90=316, 99=357, 99.9=1020, 99.99=1020] 
[OZONEDB-PROFILE] reads=1204237  avg_total=59.71us  view=4.30us(7.2%)  log=2.05us(3.4%)  sst=80.01us_per_call x 799939_calls(89.0%_of_total)
[OZONEDB-SST-PROFILE] level | time_total_ms | enters | range_rejects | table_gets | hits
[OZONEDB-SST-PROFILE] L1  |     13300.67 |  3015224 |       394502 |    2620722 | 189686
[OZONEDB-SST-PROFILE] L2  |      6077.78 |  1577004 |       578976 |     998028 |  66335
[OZONEDB-SST-PROFILE] L3  |      3297.84 |  1086820 |       542909 |     543911 |  36286
[OZONEDB-SST-PROFILE] L4  |      3269.64 |  1013570 |       505948 |     507622 |  36449
[OZONEDB-SST-PROFILE] L5  |      3092.73 |   941054 |       469907 |     471147 |  36149
[OZONEDB-SST-PROFILE] L6  |      3054.01 |   868887 |       433866 |     435021 |  36447
[OZONEDB-SST-PROFILE] L7  |     31424.01 |  1377087 |           56 |    1377031 | 398587
[OZONEDB-TBL-PROFILE] file_filter_reject=6085382  block_filter_reject=67396  index_invalid=0  block_read_more=676096  hit_from_cache=124608  miss_after_read=765  found=799939
2026-04-29 15:25:38:291 90 sec: 1204237 operations; 146.67 current ops/sec; [READ: Count=7, Max=127, Min=5, Avg=38.43, 90=127, 99=127, 99.9=127, 99.99=127] [CLEANUP: Count=1, Max=73279, Min=73216, Avg=73248, 90=73279, 99=73279, 99.9=73279, 99.99=73279] [UPDATE: Count=0, Max=0, Min=0, Avg=0, 90=0, 99=0, 99.9=0, 99.99=0] 
[OVERALL], RunTime(ms), 90075
[OVERALL], Throughput(ops/sec), 13369.270052733833
[TOTAL_GCS_PS_Scavenge], Count, 7
[TOTAL_GC_TIME_PS_Scavenge], Time(ms), 28
[TOTAL_GC_TIME_%_PS_Scavenge], Time(%), 0.031085206772134333
[TOTAL_GCS_PS_MarkSweep], Count, 0
[TOTAL_GC_TIME_PS_MarkSweep], Time(ms), 0
[TOTAL_GC_TIME_%_PS_MarkSweep], Time(%), 0.0
[TOTAL_GCs], Count, 7
[TOTAL_GC_TIME], Time(ms), 28
[TOTAL_GC_TIME_%], Time(%), 0.031085206772134333
[READ], Operations, 1143909
[READ], AverageLatency(us), 61.36919370334528
[READ], MinLatency(us), 4
[READ], MaxLatency(us), 190591
[READ], 95thPercentileLatency(us), 132
[READ], 99thPercentileLatency(us), 154
[READ], Return=OK, 1143909
[CLEANUP], Operations, 1
[CLEANUP], AverageLatency(us), 73248.0
[CLEANUP], MinLatency(us), 73216
[CLEANUP], MaxLatency(us), 73279
[CLEANUP], 95thPercentileLatency(us), 73279
[CLEANUP], 99thPercentileLatency(us), 73279
[UPDATE], Operations, 60328
[UPDATE], AverageLatency(us), 299.6683132210582
[UPDATE], MinLatency(us), 149
[UPDATE], MaxLatency(us), 88895
[UPDATE], 95thPercentileLatency(us), 331
[UPDATE], 99thPercentileLatency(us), 823
[UPDATE], Return=OK, 60328
	Command being timed: "/usr/lib/jvm/java-8-openjdk-amd64/bin/java -cp /users/Xinying/ozonedb/ycsb/ozonedb/conf:/users/Xinying/ozonedb/ycsb/ozonedb/target/ozonedb-binding-0.18.0-SNAPSHOT.jar:/users/Xinying/.m2/repository/org/apache/htrace/htrace-core4/4.1.0-incubating/htrace-core4-4.1.0-incubating.jar:/users/Xinying/.m2/repository/org/slf4j/slf4j-api/1.7.25/slf4j-api-1.7.25.jar:/users/Xinying/.m2/repository/org/hdrhistogram/HdrHistogram/2.1.12/HdrHistogram-2.1.12.jar:/users/Xinying/.m2/repository/ch/qos/logback/logback-classic/1.2.3/logback-classic-1.2.3.jar:/users/Xinying/.m2/repository/ozonedbjnimaven/demoproc-jni/1.0/demoproc-jni-1.0.jar:/users/Xinying/.m2/repository/ch/qos/logback/logback-core/1.2.3/logback-core-1.2.3.jar:/users/Xinying/.m2/repository/org/codehaus/jackson/jackson-mapper-asl/1.9.4/jackson-mapper-asl-1.9.4.jar:/users/Xinying/.m2/repository/org/slf4j/slf4j-simple/1.7.25/slf4j-simple-1.7.25.jar:/users/Xinying/.m2/repository/org/codehaus/jackson/jackson-core-asl/1.9.4/jackson-core-asl-1.9.4.jar:/users/Xinying/ozonedb/ycsb/core/target/core-0.18.0-SNAPSHOT.jar site.ycsb.Client -db site.ycsb.db.OzoneDBClient -threads 1 -s -P /users/Xinying/ozonedb/ycsb/workloads/generated_workloads/workloadb_1KB_1000000_1000000 -p status.interval=1 -p maxexecutiontime=90 -p operationcount=0 -p shared_config=/tmp/phase1_ozonedb_configs/shared_config_SHARED_workloadb_p8_r1_proc3.json -t"
	User time (seconds): 50.25
	System time (seconds): 36.54
	Percent of CPU this job got: 94%
	Elapsed (wall clock) time (h:mm:ss or m:ss): 1:31.82
	Average shared text size (kbytes): 0
	Average unshared data size (kbytes): 0
	Average stack size (kbytes): 0
	Average total size (kbytes): 0
	Maximum resident set size (kbytes): 5585784
	Average resident set size (kbytes): 0
	Major (requiring I/O) page faults: 425
	Minor (reclaiming a frame) page faults: 1433038
	Voluntary context switches: 147384
	Involuntary context switches: 811
	Swaps: 0
	File system inputs: 12577979
	File system outputs: 494810
	Socket messages sent: 0
	Socket messages received: 0
	Signals delivered: 0
	Page size (bytes): 4096
	Exit status: 0
