# CMD: /usr/bin/time -v /usr/lib/jvm/java-8-openjdk-amd64/bin/java -cp /users/Xinying/ozonedb/ycsb/ozonedb/conf:/users/Xinying/ozonedb/ycsb/ozonedb/target/ozonedb-binding-0.18.0-SNAPSHOT.jar:/users/Xinying/.m2/repository/org/apache/htrace/htrace-core4/4.1.0-incubating/htrace-core4-4.1.0-incubating.jar:/users/Xinying/.m2/repository/org/slf4j/slf4j-api/1.7.25/slf4j-api-1.7.25.jar:/users/Xinying/.m2/repository/org/hdrhistogram/HdrHistogram/2.1.12/HdrHistogram-2.1.12.jar:/users/Xinying/.m2/repository/ch/qos/logback/logback-classic/1.2.3/logback-classic-1.2.3.jar:/users/Xinying/.m2/repository/ozonedbjnimaven/demoproc-jni/1.0/demoproc-jni-1.0.jar:/users/Xinying/.m2/repository/ch/qos/logback/logback-core/1.2.3/logback-core-1.2.3.jar:/users/Xinying/.m2/repository/org/codehaus/jackson/jackson-mapper-asl/1.9.4/jackson-mapper-asl-1.9.4.jar:/users/Xinying/.m2/repository/org/slf4j/slf4j-simple/1.7.25/slf4j-simple-1.7.25.jar:/users/Xinying/.m2/repository/org/codehaus/jackson/jackson-core-asl/1.9.4/jackson-core-asl-1.9.4.jar:/users/Xinying/ozonedb/ycsb/core/target/core-0.18.0-SNAPSHOT.jar site.ycsb.Client -db site.ycsb.db.OzoneDBClient -threads 1 -s -P /users/Xinying/ozonedb/ycsb/workloads/generated_workloads/workloadf_1KB_1000000_1000000 -p status.interval=1 -p maxexecutiontime=90 -p operationcount=0 -p shared_config=/tmp/phase1_ozonedb_configs/shared_config_SHARED_workloadf_p16_r1_proc1.json -t
# shared_work_path=/tank/ycsb_data/multi-proc-run/shared_ozonedb  proc_id=1/16
Command line: -db site.ycsb.db.OzoneDBClient -threads 1 -s -P /users/Xinying/ozonedb/ycsb/workloads/generated_workloads/workloadf_1KB_1000000_1000000 -p status.interval=1 -p maxexecutiontime=90 -p operationcount=0 -p shared_config=/tmp/phase1_ozonedb_configs/shared_config_SHARED_workloadf_p16_r1_proc1.json -t
YCSB Client 0.18.0-SNAPSHOT

Loading workload...
Starting test.
SLF4J: Class path contains multiple SLF4J bindings.
SLF4J: Found binding in [jar:file:/users/Xinying/.m2/repository/ch/qos/logback/logback-classic/1.2.3/logback-classic-1.2.3.jar!/org/slf4j/impl/StaticLoggerBinder.class]
SLF4J: Found binding in [jar:file:/users/Xinying/.m2/repository/org/slf4j/slf4j-simple/1.7.25/slf4j-simple-1.7.25.jar!/org/slf4j/impl/StaticLoggerBinder.class]
SLF4J: See http://www.slf4j.org/codes.html#multiple_bindings for an explanation.
SLF4J: Actual binding is of type [ch.qos.logback.classic.util.ContextSelectorStaticBinder]
Maximum execution time specified as: 90 secs
2026-04-29 15:45:32:906 0 sec: 0 operations; 
Starting compaction watcher
DBWrapper: report latency for each error is false and specific error codes to track for latency are: []
2026-04-29 15:45:33:905 1 sec: 1395 operations; 1395 current ops/sec; [READ: Count=1408, Max=50975, Min=6, Avg=168.27, 90=191, 99=784, 99.9=6919, 99.99=50975] [READ-MODIFY-WRITE: Count=710, Max=140927, Min=192, Avg=789.19, 90=894, 99=3209, 99.9=140927, 99.99=140927] [UPDATE: Count=712, Max=79935, Min=176, Avg=565.6, 90=712, 99=2823, 99.9=79935, 99.99=79935] 
2026-04-29 15:45:34:033 - NewTail completed: 
2026-04-29 15:45:34:905 2 sec: 4914 operations; 3519 current ops/sec; [READ: Count=3508, Max=8687, Min=5, Avg=103.59, 90=158, 99=250, 99.9=7887, 99.99=8687] [READ-MODIFY-WRITE: Count=1766, Max=10439, Min=173, Avg=446.47, 90=562, 99=1666, 99.9=8615, 99.99=10439] [UPDATE: Count=1767, Max=7823, Min=160, Avg=339.64, 90=415, 99=1198, 99.9=6467, 99.99=7823] 
2026-04-29 15:45:35:905 3 sec: 8204 operations; 3290 current ops/sec; [READ: Count=3289, Max=15983, Min=5, Avg=108.05, 90=163, 99=324, 99.9=7431, 99.99=15983] [READ-MODIFY-WRITE: Count=1593, Max=16359, Min=182, Avg=500.56, 90=648, 99=2445, 99.9=11127, 99.99=16359] [UPDATE: Count=1592, Max=10783, Min=172, Avg=390.74, 90=512, 99=1591, 99.9=10335, 99.99=10783] 
2026-04-29 15:45:36:905 4 sec: 11933 operations; 3729 current ops/sec; [READ: Count=3734, Max=9127, Min=5, Avg=92.92, 90=141, 99=215, 99.9=8079, 99.99=9127] [READ-MODIFY-WRITE: Count=1865, Max=56511, Min=180, Avg=437.2, 90=512, 99=843, 99.9=10023, 99.99=56511] [UPDATE: Count=1866, Max=56063, Min=172, Avg=342.18, 90=384, 99=652, 99.9=9799, 99.99=56063] 
2026-04-29 15:45:37:905 5 sec: 15636 operations; 3703 current ops/sec; [READ: Count=3698, Max=15503, Min=5, Avg=102.81, 90=167, 99=256, 99.9=6883, 99.99=15503] [READ-MODIFY-WRITE: Count=1844, Max=13479, Min=183, Avg=437.95, 90=564, 99=815, 99.9=8007, 99.99=13479] [UPDATE: Count=1843, Max=13207, Min=173, Avg=328.07, 90=415, 99=591, 99.9=6951, 99.99=13207] 
2026-04-29 15:45:38:905 6 sec: 17776 operations; 2140 current ops/sec; [READ: Count=2140, Max=8147, Min=5, Avg=93.16, 90=150, 99=274, 99.9=3791, 99.99=8147] [READ-MODIFY-WRITE: Count=1054, Max=112319, Min=194, Avg=845.23, 90=1348, 99=3783, 99.9=56927, 99.99=112319] [UPDATE: Count=1053, Max=111743, Min=183, Avg=752.46, 90=1269, 99=3141, 99.9=56607, 99.99=111743] 
2026-04-29 15:45:39:905 7 sec: 20628 operations; 2852 current ops/sec; [READ: Count=2854, Max=73087, Min=5, Avg=112.64, 90=151, 99=231, 99.9=6935, 99.99=73087] [READ-MODIFY-WRITE: Count=1450, Max=20095, Min=177, Avg=554.3, 90=678, 99=5271, 99.9=13767, 99.99=20095] [UPDATE: Count=1453, Max=19055, Min=165, Avg=459.16, 90=566, 99=3165, 99.9=13655, 99.99=19055] 
2026-04-29 15:45:40:905 8 sec: 24600 operations; 3972 current ops/sec; [READ: Count=3972, Max=7667, Min=5, Avg=94.45, 90=151, 99=241, 99.9=6183, 99.99=7667] [READ-MODIFY-WRITE: Count=1999, Max=15719, Min=179, Avg=401.72, 90=515, 99=816, 99.9=7407, 99.99=15719] [UPDATE: Count=1996, Max=15551, Min=165, Avg=305.41, 90=385, 99=582, 99.9=4551, 99.99=15551] 
2026-04-29 15:45:41:905 9 sec: 28584 operations; 3984 current ops/sec; [READ: Count=3985, Max=7571, Min=5, Avg=81.12, 90=137, 99=204, 99.9=6611, 99.99=7571] [READ-MODIFY-WRITE: Count=2054, Max=56895, Min=177, Avg=406.58, 90=484, 99=695, 99.9=7363, 99.99=56895] [UPDATE: Count=2056, Max=56703, Min=165, Avg=323.15, 90=368, 99=532, 99.9=7023, 99.99=56703] 
2026-04-29 15:45:42:905 10 sec: 32535 operations; 3951 current ops/sec; [READ: Count=3950, Max=7515, Min=5, Avg=98.63, 90=164, 99=245, 99.9=6151, 99.99=7515] [READ-MODIFY-WRITE: Count=1889, Max=9759, Min=166, Avg=417.44, 90=547, 99=820, 99.9=7103, 99.99=9759] [UPDATE: Count=1887, Max=9535, Min=157, Avg=315.25, 90=410, 99=584, 99.9=4579, 99.99=9535] 
2026-04-29 15:45:43:905 11 sec: 35241 operations; 2706 current ops/sec; [READ: Count=2704, Max=7171, Min=5, Avg=96.94, 90=163, 99=243, 99.9=6811, 99.99=7171] [READ-MODIFY-WRITE: Count=1391, Max=114559, Min=186, Avg=615.55, 90=861, 99=1632, 99.9=13239, 99.99=114559] [UPDATE: Count=1392, Max=114367, Min=175, Avg=522.59, 90=756, 99=1313, 99.9=13135, 99.99=114367] 
2026-04-29 15:45:44:905 12 sec: 38833 operations; 3592 current ops/sec; [READ: Count=3592, Max=7775, Min=5, Avg=97.25, 90=163, 99=254, 99.9=6227, 99.99=7775] [READ-MODIFY-WRITE: Count=1826, Max=8127, Min=175, Avg=444.78, 90=601, 99=1425, 99.9=7447, 99.99=8127] [UPDATE: Count=1824, Max=7223, Min=165, Avg=340.75, 90=454, 99=1197, 99.9=4379, 99.99=7223] 
2026-04-29 15:45:45:905 13 sec: 42653 operations; 3820 current ops/sec; [READ: Count=3820, Max=7595, Min=5, Avg=86.59, 90=150, 99=226, 99.9=6103, 99.99=7595] [READ-MODIFY-WRITE: Count=1913, Max=57823, Min=183, Avg=442.76, 90=532, 99=747, 99.9=16799, 99.99=57823] [UPDATE: Count=1915, Max=57535, Min=170, Avg=350.58, 90=401, 99=553, 99.9=16607, 99.99=57535] 
2026-04-29 15:45:46:905 14 sec: 46659 operations; 4006 current ops/sec; [READ: Count=4006, Max=12615, Min=5, Avg=85.32, 90=147, 99=214, 99.9=6215, 99.99=12615] [READ-MODIFY-WRITE: Count=1995, Max=53951, Min=167, Avg=406.31, 90=506, 99=684, 99.9=7047, 99.99=53951] [UPDATE: Count=1995, Max=53631, Min=155, Avg=323.08, 90=374, 99=503, 99.9=6835, 99.99=53631] 
2026-04-29 15:45:47:905 15 sec: 50696 operations; 4037 current ops/sec; [READ: Count=4037, Max=15711, Min=5, Avg=90.93, 90=159, 99=269, 99.9=5599, 99.99=15711] [READ-MODIFY-WRITE: Count=1975, Max=16375, Min=171, Avg=412.38, 90=519, 99=804, 99.9=13391, 99.99=16375] [UPDATE: Count=1974, Max=13191, Min=163, Avg=313.03, 90=387, 99=552, 99.9=7903, 99.99=13191] 
2026-04-29 15:45:48:905 16 sec: 53719 operations; 3023 current ops/sec; [READ: Count=3023, Max=6659, Min=5, Avg=89.45, 90=155, 99=257, 99.9=5747, 99.99=6659] [READ-MODIFY-WRITE: Count=1519, Max=110399, Min=179, Avg=552.81, 90=812, 99=1702, 99.9=7687, 99.99=110399] [UPDATE: Count=1518, Max=109823, Min=169, Avg=472.86, 90=722, 99=1552, 99.9=7459, 99.99=109823] 
2026-04-29 15:45:49:905 17 sec: 55556 operations; 1837 current ops/sec; [READ: Count=1839, Max=3365, Min=5, Avg=97.03, 90=175, 99=325, 99.9=2669, 99.99=3365] [READ-MODIFY-WRITE: Count=920, Max=52287, Min=246, Avg=985.96, 90=1462, 99=2725, 99.9=52287, 99.99=52287] [UPDATE: Count=922, Max=52159, Min=222, Avg=884.37, 90=1346, 99=1964, 99.9=52159, 99.99=52159] 
2026-04-29 15:45:50:905 18 sec: 59525 operations; 3969 current ops/sec; [READ: Count=3968, Max=7915, Min=5, Avg=90.47, 90=156, 99=240, 99.9=6363, 99.99=7915] [READ-MODIFY-WRITE: Count=1983, Max=14223, Min=179, Avg=414.75, 90=542, 99=822, 99.9=8263, 99.99=14223] [UPDATE: Count=1984, Max=13967, Min=168, Avg=316.08, 90=401, 99=562, 99.9=7275, 99.99=13967] 
2026-04-29 15:45:51:905 19 sec: 63384 operations; 3859 current ops/sec; [READ: Count=3858, Max=8003, Min=6, Avg=102.36, 90=168, 99=265, 99.9=7083, 99.99=8003] [READ-MODIFY-WRITE: Count=1944, Max=7975, Min=180, Avg=410.56, 90=538, 99=799, 99.9=7851, 99.99=7975] [UPDATE: Count=1944, Max=7687, Min=168, Avg=305.18, 90=395, 99=545, 99.9=6235, 99.99=7687] 
2026-04-29 15:45:52:905 20 sec: 67292 operations; 3908 current ops/sec; [READ: Count=3909, Max=14135, Min=5, Avg=95.89, 90=159, 99=238, 99.9=7847, 99.99=14135] [READ-MODIFY-WRITE: Count=1996, Max=14615, Min=174, Avg=409.26, 90=523, 99=752, 99.9=14559, 99.99=14615] [UPDATE: Count=1995, Max=14463, Min=163, Avg=308.45, 90=389, 99=559, 99.9=11263, 99.99=14463] 
2026-04-29 15:45:53:905 21 sec: 70150 operations; 2858 current ops/sec; [READ: Count=2857, Max=14919, Min=5, Avg=91.44, 90=165, 99=273, 99.9=6083, 99.99=14919] [READ-MODIFY-WRITE: Count=1449, Max=109887, Min=172, Avg=600.17, 90=566, 99=3731, 99.9=57983, 99.99=109887] [UPDATE: Count=1447, Max=109695, Min=162, Avg=502.51, 90=418, 99=3477, 99.9=57791, 99.99=109695] 
2026-04-29 15:45:54:905 22 sec: 71042 operations; 892 current ops/sec; [READ: Count=892, Max=1757, Min=6, Avg=89.48, 90=167, 99=908, 99.9=1757, 99.99=1757] [READ-MODIFY-WRITE: Count=447, Max=7691, Min=354, Avg=2153, 90=3785, 99=5347, 99.9=7691, 99.99=7691] [UPDATE: Count=448, Max=7435, Min=325, Avg=2057.76, 90=3633, 99=5035, 99.9=7435, 99.99=7435] 
2026-04-29 15:45:55:905 23 sec: 73356 operations; 2314 current ops/sec; [READ: Count=2314, Max=7495, Min=5, Avg=91.55, 90=166, 99=255, 99.9=4411, 99.99=7495] [READ-MODIFY-WRITE: Count=1173, Max=58431, Min=175, Avg=747.17, 90=1610, 99=3775, 99.9=7691, 99.99=58431] [UPDATE: Count=1174, Max=58047, Min=164, Avg=666.02, 90=1508, 99=3671, 99.9=7611, 99.99=58047] 
2026-04-29 15:45:56:905 24 sec: 77345 operations; 3989 current ops/sec; [READ: Count=3989, Max=8199, Min=5, Avg=91.39, 90=155, 99=234, 99.9=6903, 99.99=8199] [READ-MODIFY-WRITE: Count=2015, Max=11943, Min=164, Avg=401.03, 90=531, 99=693, 99.9=7855, 99.99=11943] [UPDATE: Count=2015, Max=11719, Min=154, Avg=310.81, 90=392, 99=540, 99.9=6887, 99.99=11719] 
2026-04-29 15:45:57:905 25 sec: 80983 operations; 3638 current ops/sec; [READ: Count=3638, Max=11479, Min=5, Avg=99.32, 90=171, 99=306, 99.9=6587, 99.99=11479] [READ-MODIFY-WRITE: Count=1797, Max=55871, Min=180, Avg=455.01, 90=584, 99=1106, 99.9=11871, 99.99=55871] [UPDATE: Count=1797, Max=55455, Min=171, Avg=350.05, 90=418, 99=878, 99.9=6683, 99.99=55455] 
2026-04-29 15:45:58:905 26 sec: 84474 operations; 3491 current ops/sec; [READ: Count=3491, Max=11959, Min=5, Avg=93.92, 90=160, 99=237, 99.9=7131, 99.99=11959] [READ-MODIFY-WRITE: Count=1740, Max=87039, Min=166, Avg=478.06, 90=563, 99=1194, 99.9=15439, 99.99=87039] [UPDATE: Count=1739, Max=86783, Min=158, Avg=381.67, 90=423, 99=914, 99.9=15247, 99.99=86783] 
2026-04-29 15:45:59:905 27 sec: 87274 operations; 2800 current ops/sec; [READ: Count=2801, Max=8375, Min=6, Avg=95.87, 90=167, 99=287, 99.9=5655, 99.99=8375] [READ-MODIFY-WRITE: Count=1382, Max=10151, Min=176, Avg=612.95, 90=1008, 99=1510, 99.9=4175, 99.99=10151] [UPDATE: Count=1383, Max=9943, Min=166, Avg=523.55, 90=892, 99=1405, 99.9=3823, 99.99=9943] 
2026-04-29 15:46:00:905 28 sec: 91307 operations; 4033 current ops/sec; [READ: Count=4034, Max=8583, Min=5, Avg=88.63, 90=154, 99=247, 99.9=6719, 99.99=8583] [READ-MODIFY-WRITE: Count=2033, Max=52287, Min=165, Avg=402, 90=501, 99=684, 99.9=7743, 99.99=52287] [UPDATE: Count=2034, Max=52191, Min=155, Avg=311.5, 90=367, 99=489, 99.9=7627, 99.99=52191] 
2026-04-29 15:46:01:905 29 sec: 95029 operations; 3722 current ops/sec; [READ: Count=3722, Max=16847, Min=6, Avg=98.26, 90=169, 99=272, 99.9=6831, 99.99=16847] [READ-MODIFY-WRITE: Count=1904, Max=38175, Min=163, Avg=423.7, 90=558, 99=741, 99.9=7387, 99.99=38175] [UPDATE: Count=1903, Max=38047, Min=153, Avg=328.3, 90=406, 99=579, 99.9=7031, 99.99=38047] 
2026-04-29 15:46:02:905 30 sec: 99134 operations; 4105 current ops/sec; [READ: Count=4103, Max=8043, Min=6, Avg=83.61, 90=150, 99=225, 99.9=6883, 99.99=8043] [READ-MODIFY-WRITE: Count=2017, Max=57055, Min=172, Avg=400.29, 90=504, 99=673, 99.9=8019, 99.99=57055] [UPDATE: Count=2017, Max=56831, Min=163, Avg=321.24, 90=378, 99=497, 99.9=2563, 99.99=56831] 
2026-04-29 15:46:03:905 31 sec: 102830 operations; 3696 current ops/sec; [READ: Count=3696, Max=7559, Min=6, Avg=90.73, 90=166, 99=270, 99.9=6383, 99.99=7559] [READ-MODIFY-WRITE: Count=1839, Max=55775, Min=175, Avg=449.52, 90=553, 99=900, 99.9=8303, 99.99=55775] [UPDATE: Count=1837, Max=55615, Min=164, Avg=354.17, 90=408, 99=639, 99.9=8115, 99.99=55615] 
2026-04-29 15:46:04:905 32 sec: 105006 operations; 2176 current ops/sec; [READ: Count=2178, Max=7371, Min=6, Avg=99.9, 90=177, 99=329, 99.9=3169, 99.99=7371] [READ-MODIFY-WRITE: Count=1092, Max=105855, Min=182, Avg=823.17, 90=1151, 99=1673, 99.9=7631, 99.99=105855] [UPDATE: Count=1094, Max=105663, Min=166, Avg=714.49, 90=1034, 99=1407, 99.9=1851, 99.99=105663] 
2026-04-29 15:46:05:905 33 sec: 108738 operations; 3732 current ops/sec; [READ: Count=3732, Max=7255, Min=6, Avg=96.38, 90=173, 99=273, 99.9=6027, 99.99=7255] [READ-MODIFY-WRITE: Count=1893, Max=21167, Min=181, Avg=432.83, 90=558, 99=886, 99.9=16495, 99.99=21167] [UPDATE: Count=1893, Max=20943, Min=165, Avg=333.43, 90=408, 99=609, 99.9=16383, 99.99=20943] 
2026-04-29 15:46:06:905 34 sec: 112390 operations; 3652 current ops/sec; [READ: Count=3650, Max=15319, Min=6, Avg=91.35, 90=167, 99=277, 99.9=5931, 99.99=15319] [READ-MODIFY-WRITE: Count=1817, Max=91199, Min=174, Avg=447.51, 90=555, 99=774, 99.9=7307, 99.99=91199] [UPDATE: Count=1817, Max=90943, Min=164, Avg=361.89, 90=403, 99=581, 99.9=7119, 99.99=90943] 
2026-04-29 15:46:07:905 35 sec: 116089 operations; 3699 current ops/sec; [READ: Count=3700, Max=9527, Min=6, Avg=92.72, 90=166, 99=273, 99.9=7551, 99.99=9527] [READ-MODIFY-WRITE: Count=1870, Max=54431, Min=164, Avg=444.01, 90=537, 99=885, 99.9=9823, 99.99=54431] [UPDATE: Count=1870, Max=54143, Min=153, Avg=346.71, 90=402, 99=591, 99.9=8975, 99.99=54143] 
2026-04-29 15:46:08:905 36 sec: 119969 operations; 3880 current ops/sec; [READ: Count=3879, Max=7527, Min=6, Avg=96.65, 90=180, 99=286, 99.9=6039, 99.99=7527] [READ-MODIFY-WRITE: Count=1915, Max=17407, Min=170, Avg=423.46, 90=563, 99=1149, 99.9=9183, 99.99=17407] [UPDATE: Count=1914, Max=17183, Min=162, Avg=321.34, 90=403, 99=651, 99.9=6887, 99.99=17183] 
2026-04-29 15:46:09:905 37 sec: 121898 operations; 1929 current ops/sec; [READ: Count=1931, Max=12455, Min=6, Avg=104.62, 90=185, 99=339, 99.9=5339, 99.99=12455] [READ-MODIFY-WRITE: Count=979, Max=109695, Min=174, Avg=914.75, 90=1195, 99=2459, 99.9=109695, 99.99=109695] [UPDATE: Count=978, Max=109439, Min=163, Avg=810.5, 90=1054, 99=1875, 99.9=109439, 99.99=109439] 
2026-04-29 15:46:10:905 38 sec: 125443 operations; 3545 current ops/sec; [READ: Count=3545, Max=7911, Min=6, Avg=96.1, 90=174, 99=276, 99.9=6935, 99.99=7911] [READ-MODIFY-WRITE: Count=1762, Max=58463, Min=160, Avg=465.59, 90=618, 99=1232, 99.9=9119, 99.99=58463] [UPDATE: Count=1764, Max=58303, Min=152, Avg=369.09, 90=450, 99=1079, 99.9=8951, 99.99=58303] 
2026-04-29 15:46:11:905 39 sec: 129284 operations; 3841 current ops/sec; [READ: Count=3840, Max=8463, Min=6, Avg=101.2, 90=171, 99=268, 99.9=7511, 99.99=8463] [READ-MODIFY-WRITE: Count=1889, Max=58943, Min=166, Avg=423.95, 90=538, 99=730, 99.9=9135, 99.99=58943] [UPDATE: Count=1890, Max=58815, Min=153, Avg=318.22, 90=378, 99=511, 99.9=1840, 99.99=58815] 
2026-04-29 15:46:12:905 40 sec: 133002 operations; 3718 current ops/sec; [READ: Count=3716, Max=8815, Min=6, Avg=101.23, 90=172, 99=290, 99.9=8067, 99.99=8815] [READ-MODIFY-WRITE: Count=1862, Max=59615, Min=170, Avg=433.35, 90=546, 99=775, 99.9=9383, 99.99=59615] [UPDATE: Count=1860, Max=59487, Min=156, Avg=326.84, 90=391, 99=530, 99.9=1277, 99.99=59487] 
2026-04-29 15:46:13:905 41 sec: 137055 operations; 4053 current ops/sec; [READ: Count=4054, Max=7847, Min=6, Avg=101.81, 90=176, 99=298, 99.9=7119, 99.99=7847] [READ-MODIFY-WRITE: Count=1995, Max=12031, Min=169, Avg=411.05, 90=548, 99=757, 99.9=8183, 99.99=12031] [UPDATE: Count=1996, Max=11743, Min=158, Avg=293.2, 90=384, 99=513, 99.9=641, 99.99=11743] 
2026-04-29 15:46:14:905 42 sec: 138766 operations; 1711 current ops/sec; [READ: Count=1711, Max=18095, Min=6, Avg=101.37, 90=173, 99=352, 99.9=4735, 99.99=18095] [READ-MODIFY-WRITE: Count=855, Max=109183, Min=173, Avg=1076.68, 90=1878, 99=6311, 99.9=109183, 99.99=109183] [UPDATE: Count=854, Max=109055, Min=165, Avg=962.81, 90=1793, 99=5343, 99.9=109055, 99.99=109055] 
2026-04-29 15:46:15:905 43 sec: 141697 operations; 2931 current ops/sec; [READ: Count=2931, Max=5743, Min=6, Avg=97.14, 90=179, 99=308, 99.9=5431, 99.99=5743] [READ-MODIFY-WRITE: Count=1482, Max=9671, Min=183, Avg=573.92, 90=943, 99=1546, 99.9=7359, 99.99=9671] [UPDATE: Count=1482, Max=9295, Min=173, Avg=477.98, 90=835, 99=1321, 99.9=7183, 99.99=9295] 
2026-04-29 15:46:15:997 - NewTail completed: 
2026-04-29 15:46:16:905 44 sec: 145709 operations; 4012 current ops/sec; [READ: Count=4014, Max=7687, Min=6, Avg=88.77, 90=166, 99=251, 99.9=5303, 99.99=7687] [READ-MODIFY-WRITE: Count=2028, Max=6919, Min=171, Avg=402.06, 90=538, 99=775, 99.9=6255, 99.99=6919] [UPDATE: Count=2028, Max=6747, Min=161, Avg=312.97, 90=396, 99=556, 99.9=6215, 99.99=6747] 
2026-04-29 15:46:17:905 45 sec: 149645 operations; 3936 current ops/sec; [READ: Count=3933, Max=7235, Min=6, Avg=88.89, 90=166, 99=257, 99.9=6783, 99.99=7235] [READ-MODIFY-WRITE: Count=1945, Max=17647, Min=179, Avg=417.68, 90=540, 99=742, 99.9=12447, 99.99=17647] [UPDATE: Count=1944, Max=17391, Min=171, Avg=326.35, 90=393, 99=533, 99.9=12255, 99.99=17391] 
2026-04-29 15:46:18:905 46 sec: 153271 operations; 3626 current ops/sec; [READ: Count=3626, Max=12167, Min=6, Avg=108.54, 90=186, 99=320, 99.9=7075, 99.99=12167] [READ-MODIFY-WRITE: Count=1816, Max=18687, Min=178, Avg=449.53, 90=598, 99=838, 99.9=12727, 99.99=18687] [UPDATE: Count=1816, Max=18479, Min=169, Avg=329.89, 90=427, 99=578, 99.9=10335, 99.99=18479] 
2026-04-29 15:46:19:905 47 sec: 155681 operations; 2410 current ops/sec; [READ: Count=2414, Max=7271, Min=6, Avg=100.89, 90=187, 99=325, 99.9=5567, 99.99=7271] [READ-MODIFY-WRITE: Count=1196, Max=102079, Min=169, Avg=727.93, 90=1164, 99=2415, 99.9=12903, 99.99=102079] [UPDATE: Count=1196, Max=101887, Min=159, Avg=631.48, 90=1043, 99=2059, 99.9=12839, 99.99=101887] 
2026-04-29 15:46:20:905 48 sec: 158471 operations; 2790 current ops/sec; [READ: Count=2786, Max=6763, Min=6, Avg=108.62, 90=197, 99=343, 99.9=6559, 99.99=6763] [READ-MODIFY-WRITE: Count=1393, Max=59743, Min=171, Avg=595.12, 90=933, 99=1966, 99.9=12463, 99.99=59743] [UPDATE: Count=1393, Max=59519, Min=162, Avg=494.18, 90=835, 99=1728, 99.9=12223, 99.99=59519] 
2026-04-29 15:46:21:905 49 sec: 162219 operations; 3748 current ops/sec; [READ: Count=3748, Max=7123, Min=6, Avg=100.33, 90=186, 99=309, 99.9=6323, 99.99=7123] [READ-MODIFY-WRITE: Count=1862, Max=19375, Min=170, Avg=436.69, 90=577, 99=811, 99.9=8511, 99.99=19375] [UPDATE: Count=1862, Max=19183, Min=160, Avg=331.01, 90=412, 99=561, 99.9=8327, 99.99=19183] 
2026-04-29 15:46:22:905 50 sec: 165977 operations; 3758 current ops/sec; [READ: Count=3759, Max=7459, Min=6, Avg=95.85, 90=181, 99=302, 99.9=6507, 99.99=7459] [READ-MODIFY-WRITE: Count=1894, Max=20143, Min=179, Avg=425.39, 90=563, 99=801, 99.9=9071, 99.99=20143] [UPDATE: Count=1895, Max=20063, Min=168, Avg=333.29, 90=395, 99=550, 99.9=8879, 99.99=20063] 
2026-04-29 15:46:23:905 51 sec: 169781 operations; 3804 current ops/sec; [READ: Count=3804, Max=11431, Min=6, Avg=102.18, 90=183, 99=304, 99.9=6867, 99.99=11431] [READ-MODIFY-WRITE: Count=1915, Max=20175, Min=172, Avg=422.28, 90=566, 99=790, 99.9=8035, 99.99=20175] [UPDATE: Count=1915, Max=20095, Min=162, Avg=314.43, 90=406, 99=550, 99.9=3339, 99.99=20095] 
2026-04-29 15:46:24:905 52 sec: 172201 operations; 2420 current ops/sec; [READ: Count=2420, Max=6811, Min=6, Avg=100.56, 90=194, 99=323, 99.9=6371, 99.99=6811] [READ-MODIFY-WRITE: Count=1259, Max=112319, Min=178, Avg=695.16, 90=1114, 99=2031, 99.9=11583, 99.99=112319] [UPDATE: Count=1259, Max=111999, Min=165, Avg=596.34, 90=988, 99=1859, 99.9=11367, 99.99=111999] 
2026-04-29 15:46:25:905 53 sec: 174819 operations; 2618 current ops/sec; [READ: Count=2619, Max=5919, Min=7, Avg=100.21, 90=186, 99=342, 99.9=5207, 99.99=5919] [READ-MODIFY-WRITE: Count=1272, Max=6411, Min=189, Avg=685.27, 90=1357, 99=2149, 99.9=6059, 99.99=6411] [UPDATE: Count=1273, Max=3905, Min=176, Avg=574.14, 90=1217, 99=1918, 99.9=3279, 99.99=3905] 
2026-04-29 15:46:26:112 - NewTail completed: 
2026-04-29 15:46:26:172 - Compaction started: 
140561646343744:Compacting datalog/81 datalog/82 into:sstable1/0f5e43a3-26eb-4db9-9039-3ccf1fb1b8d7202604290945321777477586343270902.sst
2026-04-29 15:46:26:662 - Compaction completed: 
2026-04-29 15:46:26:905 54 sec: 178581 operations; 3762 current ops/sec; [READ: Count=3762, Max=13815, Min=7, Avg=108.52, 90=195, 99=316, 99.9=6703, 99.99=13815] [READ-MODIFY-WRITE: Count=1857, Max=14367, Min=179, Avg=432.99, 90=585, 99=937, 99.9=8223, 99.99=14367] [UPDATE: Count=1855, Max=6123, Min=169, Avg=313.82, 90=411, 99=582, 99.9=5831, 99.99=6123] 
2026-04-29 15:46:27:905 55 sec: 182474 operations; 3893 current ops/sec; [READ: Count=3892, Max=8927, Min=7, Avg=105.82, 90=188, 99=324, 99.9=6771, 99.99=8927] [READ-MODIFY-WRITE: Count=1950, Max=8719, Min=169, Avg=396.8, 90=557, 99=831, 99.9=7067, 99.99=8719] [UPDATE: Count=1952, Max=8511, Min=157, Avg=296.66, 90=382, 99=544, 99.9=3347, 99.99=8511] 
2026-04-29 15:46:28:905 56 sec: 186538 operations; 4064 current ops/sec; [READ: Count=4065, Max=8455, Min=6, Avg=92.39, 90=174, 99=301, 99.9=6423, 99.99=8455] [READ-MODIFY-WRITE: Count=1994, Max=18431, Min=165, Avg=401.37, 90=535, 99=789, 99.9=14543, 99.99=18431] [UPDATE: Count=1993, Max=18191, Min=153, Avg=308.8, 90=374, 99=519, 99.9=14279, 99.99=18191] 
2026-04-29 15:46:29:905 57 sec: 188953 operations; 2415 current ops/sec; [READ: Count=2414, Max=6783, Min=6, Avg=92.34, 90=173, 99=329, 99.9=5403, 99.99=6783] [READ-MODIFY-WRITE: Count=1188, Max=104959, Min=168, Avg=743.36, 90=684, 99=6135, 99.9=56319, 99.99=104959] [UPDATE: Count=1187, Max=104383, Min=158, Avg=647.35, 90=478, 99=5055, 99.9=56223, 99.99=104383] 
2026-04-29 15:46:30:905 58 sec: 189677 operations; 724 current ops/sec; [READ: Count=724, Max=1431, Min=7, Avg=106.06, 90=209, 99=857, 99.9=1431, 99.99=1431] [READ-MODIFY-WRITE: Count=374, Max=5643, Min=441, Avg=2569.11, 90=3893, 99=4827, 99.9=5643, 99.99=5643] [UPDATE: Count=375, Max=5491, Min=433, Avg=2463.14, 90=3791, 99=4655, 99.9=5491, 99.99=5491] 
2026-04-29 15:46:31:905 59 sec: 190744 operations; 1067 current ops/sec; [READ: Count=1067, Max=1324, Min=7, Avg=104.86, 90=218, 99=425, 99.9=1236, 99.99=1324] [READ-MODIFY-WRITE: Count=521, Max=7415, Min=222, Avg=1793.27, 90=3385, 99=4867, 99.9=7415, 99.99=7415] [UPDATE: Count=520, Max=7403, Min=198, Avg=1687.64, 90=3271, 99=4647, 99.9=7403, 99.99=7403] 
2026-04-29 15:46:32:905 60 sec: 194552 operations; 3808 current ops/sec; [READ: Count=3808, Max=6583, Min=7, Avg=98.83, 90=185, 99=329, 99.9=5715, 99.99=6583] [READ-MODIFY-WRITE: Count=1934, Max=25759, Min=175, Avg=420.33, 90=561, 99=837, 99.9=12631, 99.99=25759] [UPDATE: Count=1935, Max=25551, Min=164, Avg=321.73, 90=393, 99=564, 99.9=12511, 99.99=25551] 
2026-04-29 15:46:33:905 61 sec: 198474 operations; 3922 current ops/sec; [READ: Count=3922, Max=19311, Min=7, Avg=100.26, 90=181, 99=286, 99.9=6175, 99.99=19311] [READ-MODIFY-WRITE: Count=1958, Max=14591, Min=173, Avg=403.23, 90=540, 99=784, 99.9=8671, 99.99=14591] [UPDATE: Count=1957, Max=14239, Min=162, Avg=302.75, 90=386, 99=514, 99.9=8511, 99.99=14239] 
2026-04-29 15:46:34:905 62 sec: 201459 operations; 2985 current ops/sec; [READ: Count=2985, Max=11727, Min=6, Avg=101.64, 90=180, 99=323, 99.9=8303, 99.99=11727] [READ-MODIFY-WRITE: Count=1459, Max=77375, Min=166, Avg=571.83, 90=661, 99=3913, 99.9=22495, 99.99=77375] [UPDATE: Count=1459, Max=77247, Min=155, Avg=475.7, 90=490, 99=3635, 99.9=22287, 99.99=77247] 
2026-04-29 15:46:35:905 63 sec: 203541 operations; 2082 current ops/sec; [READ: Count=2083, Max=7031, Min=6, Avg=101.51, 90=185, 99=408, 99.9=3191, 99.99=7031] [READ-MODIFY-WRITE: Count=1050, Max=60703, Min=173, Avg=853.54, 90=1455, 99=4151, 99.9=7355, 99.99=60703] [UPDATE: Count=1051, Max=60511, Min=162, Avg=745.86, 90=1313, 99=3951, 99.9=4439, 99.99=60511] 
2026-04-29 15:46:36:905 64 sec: 207365 operations; 3824 current ops/sec; [READ: Count=3824, Max=7563, Min=7, Avg=98.56, 90=185, 99=306, 99.9=6907, 99.99=7563] [READ-MODIFY-WRITE: Count=1876, Max=22703, Min=180, Avg=421.13, 90=557, 99=790, 99.9=11367, 99.99=22703] [UPDATE: Count=1876, Max=22511, Min=168, Avg=327.57, 90=394, 99=533, 99.9=11111, 99.99=22511] 
2026-04-29 15:46:37:094 - Compaction started: 
2026-04-29 15:46:37:905 65 sec: 209623 operations; 2258 current ops/sec; [READ: Count=2258, Max=193023, Min=7, Avg=271.49, 90=197, 99=403, 99.9=15263, 99.99=193023] [READ-MODIFY-WRITE: Count=1135, Max=205695, Min=179, Avg=621.35, 90=592, 99=885, 99.9=15623, 99.99=205695] [UPDATE: Count=1135, Max=12623, Min=166, Avg=335.6, 90=405, 99=551, 99.9=9911, 99.99=12623] 
140561646343744:Compacting sstable1/bfc5a41f-850c-430f-a2d0-44378979e3fb202604290945321777477583718835417.sst sstable1/0f5e43a3-26eb-4db9-9039-3ccf1fb1b8d7202604290945321777477586343270902.sst into:sstable2/0f5e43a3-26eb-4db9-9039-3ccf1fb1b8d7202604290945321777477597569590179.sst
2026-04-29 15:46:38:161 - Compaction completed: 
2026-04-29 15:46:38:905 66 sec: 213055 operations; 3432 current ops/sec; [READ: Count=3431, Max=7859, Min=7, Avg=116, 90=219, 99=400, 99.9=6927, 99.99=7859] [READ-MODIFY-WRITE: Count=1695, Max=23967, Min=193, Avg=457.35, 90=637, 99=927, 99.9=10359, 99.99=23967] [UPDATE: Count=1695, Max=23647, Min=182, Avg=349.58, 90=436, 99=577, 99.9=10335, 99.99=23647] 
2026-04-29 15:46:39:905 67 sec: 216213 operations; 3158 current ops/sec; [READ: Count=3158, Max=11839, Min=7, Avg=105.98, 90=191, 99=363, 99.9=5855, 99.99=11839] [READ-MODIFY-WRITE: Count=1603, Max=102719, Min=187, Avg=526.01, 90=610, 99=1316, 99.9=23135, 99.99=102719] [UPDATE: Count=1604, Max=102463, Min=175, Avg=409.98, 90=432, 99=1017, 99.9=22911, 99.99=102463] 
2026-04-29 15:46:40:905 68 sec: 218963 operations; 2750 current ops/sec; [READ: Count=2750, Max=7695, Min=7, Avg=102.74, 90=191, 99=342, 99.9=3785, 99.99=7695] [READ-MODIFY-WRITE: Count=1401, Max=9679, Min=187, Avg=612.14, 90=962, 99=1666, 99.9=7211, 99.99=9679] [UPDATE: Count=1400, Max=9439, Min=177, Avg=506.8, 90=833, 99=1374, 99.9=7071, 99.99=9439] 
2026-04-29 15:46:41:905 69 sec: 222832 operations; 3869 current ops/sec; [READ: Count=3869, Max=13935, Min=7, Avg=101.36, 90=179, 99=322, 99.9=6579, 99.99=13935] [READ-MODIFY-WRITE: Count=1985, Max=14487, Min=185, Avg=403.38, 90=553, 99=756, 99.9=11247, 99.99=14487] [UPDATE: Count=1985, Max=11015, Min=173, Avg=301.85, 90=383, 99=508, 99.9=5763, 99.99=11015] 
2026-04-29 15:46:41:935 - NewTail completed: 
2026-04-29 15:46:42:905 70 sec: 226639 operations; 3807 current ops/sec; [READ: Count=3807, Max=20927, Min=7, Avg=106.74, 90=186, 99=346, 99.9=6531, 99.99=20927] [READ-MODIFY-WRITE: Count=1901, Max=21375, Min=175, Avg=422.64, 90=586, 99=843, 99.9=7063, 99.99=21375] [UPDATE: Count=1901, Max=6747, Min=162, Avg=307.68, 90=405, 99=564, 99.9=5987, 99.99=6747] 
2026-04-29 15:46:43:905 71 sec: 230338 operations; 3699 current ops/sec; [READ: Count=3699, Max=7571, Min=7, Avg=97.82, 90=178, 99=309, 99.9=6471, 99.99=7571] [READ-MODIFY-WRITE: Count=1823, Max=61183, Min=184, Avg=445.47, 90=556, 99=834, 99.9=9375, 99.99=61183] [UPDATE: Count=1824, Max=60895, Min=172, Avg=345.21, 90=396, 99=543, 99.9=9175, 99.99=60895] 
2026-04-29 15:46:43:938 - NewTail completed: 
2026-04-29 15:46:44:905 72 sec: 233870 operations; 3532 current ops/sec; [READ: Count=3532, Max=9567, Min=7, Avg=108.58, 90=201, 99=370, 99.9=6943, 99.99=9567] [READ-MODIFY-WRITE: Count=1766, Max=11431, Min=184, Avg=419.59, 90=588, 99=881, 99.9=7915, 99.99=11431] [UPDATE: Count=1764, Max=6775, Min=171, Avg=315.5, 90=413, 99=572, 99.9=6183, 99.99=6775] 
2026-04-29 15:46:45:905 73 sec: 236040 operations; 2170 current ops/sec; [READ: Count=2170, Max=9295, Min=7, Avg=113.45, 90=206, 99=466, 99.9=3333, 99.99=9295] [READ-MODIFY-WRITE: Count=1116, Max=110975, Min=194, Avg=832.12, 90=1098, 99=1882, 99.9=44959, 99.99=110975] [UPDATE: Count=1117, Max=110463, Min=178, Avg=715.17, 90=949, 99=1375, 99.9=44927, 99.99=110463] 
2026-04-29 15:46:46:905 74 sec: 239233 operations; 3193 current ops/sec; [READ: Count=3193, Max=14575, Min=7, Avg=127.01, 90=223, 99=414, 99.9=7531, 99.99=14575] [READ-MODIFY-WRITE: Count=1603, Max=60863, Min=193, Avg=487.18, 90=638, 99=922, 99.9=7887, 99.99=60863] [UPDATE: Count=1603, Max=60415, Min=180, Avg=365.66, 90=430, 99=578, 99.9=6619, 99.99=60415] 
2026-04-29 15:46:47:905 75 sec: 242834 operations; 3601 current ops/sec; [READ: Count=3601, Max=7075, Min=7, Avg=104.29, 90=194, 99=369, 99.9=6555, 99.99=7075] [READ-MODIFY-WRITE: Count=1822, Max=54623, Min=175, Avg=450.26, 90=576, 99=882, 99.9=7507, 99.99=54623] [UPDATE: Count=1822, Max=54463, Min=163, Avg=337.98, 90=403, 99=587, 99.9=5511, 99.99=54463] 
2026-04-29 15:46:48:905 76 sec: 246419 operations; 3585 current ops/sec; [READ: Count=3586, Max=14015, Min=7, Avg=103.19, 90=186, 99=334, 99.9=7111, 99.99=14015] [READ-MODIFY-WRITE: Count=1804, Max=61247, Min=184, Avg=451.62, 90=565, 99=798, 99.9=14447, 99.99=61247] [UPDATE: Count=1804, Max=61087, Min=172, Avg=344.73, 90=394, 99=500, 99.9=7803, 99.99=61087] 
2026-04-29 15:46:49:345 - NewTail completed: 
2026-04-29 15:46:49:905 77 sec: 250391 operations; 3972 current ops/sec; [READ: Count=3972, Max=7539, Min=7, Avg=95.35, 90=183, 99=342, 99.9=6895, 99.99=7539] [READ-MODIFY-WRITE: Count=1997, Max=7903, Min=182, Avg=403.34, 90=547, 99=838, 99.9=7411, 99.99=7903] [UPDATE: Count=1996, Max=6747, Min=169, Avg=306.76, 90=391, 99=531, 99.9=5839, 99.99=6747] 
2026-04-29 15:46:50:905 78 sec: 252066 operations; 1675 current ops/sec; [READ: Count=1674, Max=6731, Min=8, Avg=114.39, 90=220, 99=454, 99.9=2623, 99.99=6731] [READ-MODIFY-WRITE: Count=773, Max=111487, Min=189, Avg=1155.1, 90=1746, 99=4607, 99.9=111487, 99.99=111487] [UPDATE: Count=775, Max=111167, Min=172, Avg=1038.38, 90=1581, 99=4587, 99.9=111167, 99.99=111167] 
2026-04-29 15:46:51:905 79 sec: 255023 operations; 2957 current ops/sec; [READ: Count=2957, Max=12599, Min=7, Avg=113.43, 90=211, 99=392, 99.9=6403, 99.99=12599] [READ-MODIFY-WRITE: Count=1508, Max=60639, Min=174, Avg=552.2, 90=777, 99=1557, 99.9=8303, 99.99=60639] [UPDATE: Count=1507, Max=60223, Min=163, Avg=435.83, 90=595, 99=1341, 99.9=7283, 99.99=60223] 
2026-04-29 15:46:52:905 80 sec: 258303 operations; 3280 current ops/sec; [READ: Count=3280, Max=8247, Min=8, Avg=117.54, 90=210, 99=390, 99.9=7051, 99.99=8247] [READ-MODIFY-WRITE: Count=1674, Max=61183, Min=185, Avg=481.33, 90=614, 99=900, 99.9=8583, 99.99=61183] [UPDATE: Count=1675, Max=60959, Min=172, Avg=361.95, 90=419, 99=593, 99.9=7087, 99.99=60959] 
2026-04-29 15:46:53:905 81 sec: 262094 operations; 3791 current ops/sec; [READ: Count=3791, Max=8327, Min=8, Avg=96.29, 90=169, 99=298, 99.9=7675, 99.99=8327] [READ-MODIFY-WRITE: Count=1907, Max=61151, Min=174, Avg=426.05, 90=525, 99=734, 99.9=8839, 99.99=61151] [UPDATE: Count=1906, Max=60959, Min=163, Avg=328.88, 90=375, 99=485, 99.9=8647, 99.99=60959] 
2026-04-29 15:46:54:905 82 sec: 265693 operations; 3599 current ops/sec; [READ: Count=3599, Max=7831, Min=8, Avg=101.43, 90=187, 99=367, 99.9=6411, 99.99=7831] [READ-MODIFY-WRITE: Count=1833, Max=55103, Min=175, Avg=446.07, 90=569, 99=886, 99.9=13303, 99.99=55103] [UPDATE: Count=1834, Max=55007, Min=163, Avg=341.91, 90=400, 99=546, 99.9=13255, 99.99=55007] 
2026-04-29 15:46:55:905 83 sec: 267589 operations; 1896 current ops/sec; [READ: Count=1896, Max=13231, Min=8, Avg=110.96, 90=198, 99=414, 99.9=8399, 99.99=13231] [READ-MODIFY-WRITE: Count=934, Max=115007, Min=181, Avg=942.24, 90=1586, 99=2649, 99.9=115007, 99.99=115007] [UPDATE: Count=933, Max=114751, Min=169, Avg=841.16, 90=1452, 99=2337, 99.9=114751, 99.99=114751] 
2026-04-29 15:46:56:905 84 sec: 270782 operations; 3193 current ops/sec; [READ: Count=3194, Max=7119, Min=7, Avg=101.43, 90=187, 99=378, 99.9=6215, 99.99=7119] [READ-MODIFY-WRITE: Count=1571, Max=54463, Min=184, Avg=524.83, 90=829, 99=1855, 99.9=8263, 99.99=54463] [UPDATE: Count=1570, Max=54207, Min=169, Avg=425.53, 90=651, 99=1735, 99.9=8115, 99.99=54207] 
2026-04-29 15:46:57:905 85 sec: 274497 operations; 3715 current ops/sec; [READ: Count=3714, Max=7459, Min=8, Avg=103.22, 90=181, 99=369, 99.9=6827, 99.99=7459] [READ-MODIFY-WRITE: Count=1847, Max=61503, Min=174, Avg=444.47, 90=558, 99=907, 99.9=7863, 99.99=61503] [UPDATE: Count=1849, Max=61375, Min=163, Avg=329.17, 90=387, 99=527, 99.9=1159, 99.99=61375] 
2026-04-29 15:46:58:905 86 sec: 277813 operations; 3316 current ops/sec; [READ: Count=3317, Max=8511, Min=8, Avg=106.59, 90=195, 99=335, 99.9=7055, 99.99=8511] [READ-MODIFY-WRITE: Count=1687, Max=106047, Min=184, Avg=489.75, 90=595, 99=881, 99.9=8839, 99.99=106047] [UPDATE: Count=1686, Max=105791, Min=170, Avg=378.7, 90=409, 99=573, 99.9=8599, 99.99=105791] 
2026-04-29 15:46:59:905 87 sec: 281398 operations; 3585 current ops/sec; [READ: Count=3584, Max=7811, Min=8, Avg=109.41, 90=197, 99=371, 99.9=6679, 99.99=7811] [READ-MODIFY-WRITE: Count=1859, Max=42207, Min=178, Avg=433.16, 90=588, 99=931, 99.9=7651, 99.99=42207] [UPDATE: Count=1858, Max=42079, Min=167, Avg=322.4, 90=402, 99=586, 99.9=1611, 99.99=42079] 
2026-04-29 15:47:00:905 88 sec: 282917 operations; 1519 current ops/sec; [READ: Count=1519, Max=11327, Min=8, Avg=121.52, 90=214, 99=489, 99.9=7319, 99.99=11327] [READ-MODIFY-WRITE: Count=750, Max=104511, Min=189, Avg=1193.96, 90=3343, 99=5871, 99.9=104511, 99.99=104511] [UPDATE: Count=750, Max=104447, Min=176, Avg=1080.17, 90=3167, 99=5607, 99.9=104447, 99.99=104447] 
2026-04-29 15:47:01:905 89 sec: 283701 operations; 784 current ops/sec; [READ: Count=784, Max=1637, Min=8, Avg=106.2, 90=215, 99=873, 99.9=1637, 99.99=1637] [READ-MODIFY-WRITE: Count=390, Max=5203, Min=389, Avg=2449.91, 90=4015, 99=4931, 99.9=5203, 99.99=5203] [UPDATE: Count=390, Max=5071, Min=370, Avg=2347.98, 90=3935, 99=4859, 99.9=5071, 99.99=5071] 
Maximum time elapsed. Requesting stop for the workload.
Stop requested for workload. Now Joining!
[OZONEDB-PROFILE] reads=427349  avg_total=78.78us  view=7.83us(9.9%)  log=12.72us(16.1%)  sst=90.41us_per_call x 274077_calls(73.6%_of_total)
[OZONEDB-SST-PROFILE] level | time_total_ms | enters | range_rejects | table_gets | hits
[OZONEDB-SST-PROFILE] L1  |      6236.92 |  1164888 |        33677 |    1131211 |  71609
[OZONEDB-SST-PROFILE] L2  |      8471.81 |  1341025 |       123654 |    1217371 |  86428
[OZONEDB-SST-PROFILE] L3  |       760.83 |   231873 |       115837 |     116036 |   7687
[OZONEDB-SST-PROFILE] L4  |       732.28 |   216359 |       108011 |     108348 |   7870
[OZONEDB-SST-PROFILE] L5  |       692.84 |   200696 |       100220 |     100476 |   7771
[OZONEDB-SST-PROFILE] L6  |       659.45 |   185165 |        92456 |      92709 |   7494
[OZONEDB-SST-PROFILE] L7  |      7013.05 |   294581 |           13 |     294568 |  85218
[OZONEDB-TBL-PROFILE] file_filter_reject=2755424  block_filter_reject=30891  index_invalid=0  block_read_more=172286  hit_from_cache=102118  miss_after_read=327  found=274077
2026-04-29 15:47:02:905 90 sec: 284784 operations; 1083 current ops/sec; [READ: Count=1084, Max=1676, Min=8, Avg=111.49, 90=223, 99=588, 99.9=1473, 99.99=1676] [READ-MODIFY-WRITE: Count=545, Max=61823, Min=189, Avg=1727.26, 90=3325, 99=4767, 99.9=61823, 99.99=61823] [UPDATE: Count=545, Max=61695, Min=176, Avg=1608.97, 90=3209, 99=4715, 99.9=61695, 99.99=61695] 
2026-04-29 15:47:02:962 90 sec: 284786 operations; 35.09 current ops/sec; [READ: Count=0, Max=0, Min=0, Avg=0, 90=0, 99=0, 99.9=0, 99.99=0] [READ-MODIFY-WRITE: Count=0, Max=0, Min=0, Avg=0, 90=0, 99=0, 99.9=0, 99.99=0] [CLEANUP: Count=1, Max=55743, Min=55712, Avg=55728, 90=55743, 99=55743, 99.9=55743, 99.99=55743] [UPDATE: Count=0, Max=0, Min=0, Avg=0, 90=0, 99=0, 99.9=0, 99.99=0] 
[OVERALL], RunTime(ms), 90057
[OVERALL], Throughput(ops/sec), 3162.2861076873537
[TOTAL_GCS_PS_Scavenge], Count, 4
[TOTAL_GC_TIME_PS_Scavenge], Time(ms), 19
[TOTAL_GC_TIME_%_PS_Scavenge], Time(%), 0.021097749203282366
[TOTAL_GCS_PS_MarkSweep], Count, 0
[TOTAL_GC_TIME_PS_MarkSweep], Time(ms), 0
[TOTAL_GC_TIME_%_PS_MarkSweep], Time(%), 0.0
[TOTAL_GCs], Count, 4
[TOTAL_GC_TIME], Time(ms), 19
[TOTAL_GC_TIME_%], Time(%), 0.021097749203282366
[READ], Operations, 284786
[READ], AverageLatency(us), 101.10110398685329
[READ], MinLatency(us), 5
[READ], MaxLatency(us), 193023
[READ], 95thPercentileLatency(us), 210
[READ], 99thPercentileLatency(us), 324
[READ], Return=OK, 284786
[READ-MODIFY-WRITE], Operations, 142563
[READ-MODIFY-WRITE], AverageLatency(us), 524.473818592482
[READ-MODIFY-WRITE], MinLatency(us), 160
[READ-MODIFY-WRITE], MaxLatency(us), 205695
[READ-MODIFY-WRITE], 95thPercentileLatency(us), 970
[READ-MODIFY-WRITE], 99thPercentileLatency(us), 3037
[CLEANUP], Operations, 1
[CLEANUP], AverageLatency(us), 55728.0
[CLEANUP], MinLatency(us), 55712
[CLEANUP], MaxLatency(us), 55743
[CLEANUP], 95thPercentileLatency(us), 55743
[CLEANUP], 99thPercentileLatency(us), 55743
[UPDATE], Operations, 142563
[UPDATE], AverageLatency(us), 421.2069751618583
[UPDATE], MinLatency(us), 152
[UPDATE], MaxLatency(us), 114751
[UPDATE], 95thPercentileLatency(us), 830
[UPDATE], 99thPercentileLatency(us), 2527
[UPDATE], Return=OK, 142563
	Command being timed: "/usr/lib/jvm/java-8-openjdk-amd64/bin/java -cp /users/Xinying/ozonedb/ycsb/ozonedb/conf:/users/Xinying/ozonedb/ycsb/ozonedb/target/ozonedb-binding-0.18.0-SNAPSHOT.jar:/users/Xinying/.m2/repository/org/apache/htrace/htrace-core4/4.1.0-incubating/htrace-core4-4.1.0-incubating.jar:/users/Xinying/.m2/repository/org/slf4j/slf4j-api/1.7.25/slf4j-api-1.7.25.jar:/users/Xinying/.m2/repository/org/hdrhistogram/HdrHistogram/2.1.12/HdrHistogram-2.1.12.jar:/users/Xinying/.m2/repository/ch/qos/logback/logback-classic/1.2.3/logback-classic-1.2.3.jar:/users/Xinying/.m2/repository/ozonedbjnimaven/demoproc-jni/1.0/demoproc-jni-1.0.jar:/users/Xinying/.m2/repository/ch/qos/logback/logback-core/1.2.3/logback-core-1.2.3.jar:/users/Xinying/.m2/repository/org/codehaus/jackson/jackson-mapper-asl/1.9.4/jackson-mapper-asl-1.9.4.jar:/users/Xinying/.m2/repository/org/slf4j/slf4j-simple/1.7.25/slf4j-simple-1.7.25.jar:/users/Xinying/.m2/repository/org/codehaus/jackson/jackson-core-asl/1.9.4/jackson-core-asl-1.9.4.jar:/users/Xinying/ozonedb/ycsb/core/target/core-0.18.0-SNAPSHOT.jar site.ycsb.Client -db site.ycsb.db.OzoneDBClient -threads 1 -s -P /users/Xinying/ozonedb/ycsb/workloads/generated_workloads/workloadf_1KB_1000000_1000000 -p status.interval=1 -p maxexecutiontime=90 -p operationcount=0 -p shared_config=/tmp/phase1_ozonedb_configs/shared_config_SHARED_workloadf_p16_r1_proc1.json -t"
	User time (seconds): 32.57
	System time (seconds): 34.44
	Percent of CPU this job got: 71%
	Elapsed (wall clock) time (h:mm:ss or m:ss): 1:33.65
	Average shared text size (kbytes): 0
	Average unshared data size (kbytes): 0
	Average stack size (kbytes): 0
	Average total size (kbytes): 0
	Maximum resident set size (kbytes): 5375052
	Average resident set size (kbytes): 0
	Major (requiring I/O) page faults: 350
	Minor (reclaiming a frame) page faults: 1360750
	Voluntary context switches: 513199
	Involuntary context switches: 2576
	Swaps: 0
	File system inputs: 8524700
	File system outputs: 591603
	Socket messages sent: 0
	Socket messages received: 0
	Signals delivered: 0
	Page size (bytes): 4096
	Exit status: 0
