# CMD: /usr/bin/time -v /usr/lib/jvm/java-8-openjdk-amd64/bin/java -cp /users/Xinying/ozonedb/ycsb/ozonedb/conf:/users/Xinying/ozonedb/ycsb/ozonedb/target/ozonedb-binding-0.18.0-SNAPSHOT.jar:/users/Xinying/.m2/repository/org/apache/htrace/htrace-core4/4.1.0-incubating/htrace-core4-4.1.0-incubating.jar:/users/Xinying/.m2/repository/org/slf4j/slf4j-api/1.7.25/slf4j-api-1.7.25.jar:/users/Xinying/.m2/repository/org/hdrhistogram/HdrHistogram/2.1.12/HdrHistogram-2.1.12.jar:/users/Xinying/.m2/repository/ch/qos/logback/logback-classic/1.2.3/logback-classic-1.2.3.jar:/users/Xinying/.m2/repository/ozonedbjnimaven/demoproc-jni/1.0/demoproc-jni-1.0.jar:/users/Xinying/.m2/repository/ch/qos/logback/logback-core/1.2.3/logback-core-1.2.3.jar:/users/Xinying/.m2/repository/org/codehaus/jackson/jackson-mapper-asl/1.9.4/jackson-mapper-asl-1.9.4.jar:/users/Xinying/.m2/repository/org/slf4j/slf4j-simple/1.7.25/slf4j-simple-1.7.25.jar:/users/Xinying/.m2/repository/org/codehaus/jackson/jackson-core-asl/1.9.4/jackson-core-asl-1.9.4.jar:/users/Xinying/ozonedb/ycsb/core/target/core-0.18.0-SNAPSHOT.jar site.ycsb.Client -db site.ycsb.db.OzoneDBClient -threads 1 -s -P /users/Xinying/ozonedb/ycsb/workloads/generated_workloads/workloadd_1KB_1000000_1000000 -p status.interval=1 -p maxexecutiontime=90 -p operationcount=0 -p shared_config=/tmp/phase1_ozonedb_configs/shared_config_SHARED_workloadd_p8_r1_proc5.json -t
# shared_work_path=/tank/ycsb_data/multi-proc-run/shared_ozonedb  proc_id=5/8
Command line: -db site.ycsb.db.OzoneDBClient -threads 1 -s -P /users/Xinying/ozonedb/ycsb/workloads/generated_workloads/workloadd_1KB_1000000_1000000 -p status.interval=1 -p maxexecutiontime=90 -p operationcount=0 -p shared_config=/tmp/phase1_ozonedb_configs/shared_config_SHARED_workloadd_p8_r1_proc5.json -t
YCSB Client 0.18.0-SNAPSHOT

Loading workload...
Starting test.
SLF4J: Class path contains multiple SLF4J bindings.
SLF4J: Found binding in [jar:file:/users/Xinying/.m2/repository/ch/qos/logback/logback-classic/1.2.3/logback-classic-1.2.3.jar!/org/slf4j/impl/StaticLoggerBinder.class]
SLF4J: Found binding in [jar:file:/users/Xinying/.m2/repository/org/slf4j/slf4j-simple/1.7.25/slf4j-simple-1.7.25.jar!/org/slf4j/impl/StaticLoggerBinder.class]
SLF4J: See http://www.slf4j.org/codes.html#multiple_bindings for an explanation.
SLF4J: Actual binding is of type [ch.qos.logback.classic.util.ContextSelectorStaticBinder]
Maximum execution time specified as: 90 secs
2026-04-29 15:37:18:489 0 sec: 0 operations; 
Starting compaction watcher
DBWrapper: report latency for each error is false and specific error codes to track for latency are: []
2026-04-29 15:37:19:489 1 sec: 10418 operations; 10407.59 current ops/sec; [READ: Count=8184, Max=46367, Min=4, Avg=48.47, 90=104, 99=175, 99.9=1553, 99.99=46367] [INSERT: Count=545, Max=22095, Min=164, Avg=285.71, 90=280, 99=1083, 99.9=22095, 99.99=22095] [READ-FAILED: Count=1749, Max=8495, Min=33, Avg=67.29, 90=77, 99=116, 99.9=4579, 99.99=8495] 
2026-04-29 15:37:20:489 2 sec: 33168 operations; 22772.77 current ops/sec; [READ: Count=18527, Max=2621, Min=4, Avg=31.77, 90=86, 99=149, 99.9=314, 99.99=2303] [INSERT: Count=1140, Max=1683, Min=151, Avg=186.84, 90=221, 99=275, 99.9=659, 99.99=1683] [READ-FAILED: Count=3049, Max=159, Min=31, Avg=49.17, 90=61, 99=82, 99.9=122, 99.99=159] 
2026-04-29 15:37:21:489 3 sec: 55227 operations; 22059 current ops/sec; [READ: Count=16098, Max=2377, Min=4, Avg=32.31, 90=84, 99=127, 99.9=329, 99.99=2303] [INSERT: Count=1119, Max=11559, Min=147, Avg=187.02, 90=195, 99=247, 99.9=270, 99.99=11559] [READ-FAILED: Count=4834, Max=266, Min=31, Avg=47.86, 90=57, 99=68, 99.9=135, 99.99=266] 
2026-04-29 15:37:22:489 4 sec: 78319 operations; 23092 current ops/sec; [READ: Count=17629, Max=2487, Min=4, Avg=29.88, 90=82, 99=130, 99.9=363, 99.99=2203] [INSERT: Count=1128, Max=2997, Min=153, Avg=203.51, 90=212, 99=522, 99.9=2819, 99.99=2997] [READ-FAILED: Count=4345, Max=173, Min=32, Avg=47.99, 90=57, 99=67, 99.9=87, 99.99=173] 
2026-04-29 15:37:23:489 5 sec: 102115 operations; 23796 current ops/sec; [READ: Count=17543, Max=1747, Min=4, Avg=29.18, 90=81, 99=123, 99.9=360, 99.99=1730] [INSERT: Count=1179, Max=409, Min=152, Avg=180.86, 90=197, 99=260, 99.9=390, 99.99=409] [READ-FAILED: Count=5060, Max=115, Min=32, Avg=47.5, 90=56, 99=64, 99.9=77, 99.99=115] 
2026-04-29 15:37:24:489 6 sec: 122438 operations; 20323 current ops/sec; [READ: Count=15076, Max=4647, Min=4, Avg=30.07, 90=81, 99=128, 99.9=412, 99.99=2033] [INSERT: Count=1004, Max=79423, Min=154, Avg=312.8, 90=242, 99=1056, 99.9=14055, 99.99=79423] [READ-FAILED: Count=4252, Max=2095, Min=30, Avg=47.55, 90=56, 99=68, 99.9=105, 99.99=2095] 
2026-04-29 15:37:25:489 7 sec: 142750 operations; 20312 current ops/sec; [READ: Count=14125, Max=2171, Min=5, Avg=36.39, 90=85, 99=129, 99.9=188, 99.99=1944] [INSERT: Count=1031, Max=283, Min=158, Avg=193.59, 90=213, 99=253, 99.9=283, 99.99=283] [READ-FAILED: Count=5146, Max=109, Min=33, Avg=49.87, 90=58, 99=68, 99.9=84, 99.99=109] 
2026-04-29 15:37:26:489 8 sec: 164531 operations; 21781 current ops/sec; [READ: Count=15853, Max=2205, Min=5, Avg=33.41, 90=85, 99=130, 99.9=209, 99.99=2030] [INSERT: Count=1046, Max=307, Min=157, Avg=189.11, 90=208, 99=269, 99.9=307, 99.99=307] [READ-FAILED: Count=4889, Max=312, Min=34, Avg=49.59, 90=58, 99=68, 99.9=106, 99.99=312] 
2026-04-29 15:37:27:489 9 sec: 186740 operations; 22209 current ops/sec; [READ: Count=17058, Max=5543, Min=4, Avg=32.32, 90=87, 99=137, 99.9=195, 99.99=1986] [INSERT: Count=1068, Max=12575, Min=153, Avg=200.57, 90=213, 99=260, 99.9=351, 99.99=12575] [READ-FAILED: Count=4075, Max=107, Min=33, Avg=50.23, 90=60, 99=77, 99.9=99, 99.99=107] 
2026-04-29 15:37:28:489 10 sec: 209326 operations; 22586 current ops/sec; [READ: Count=16402, Max=1835, Min=4, Avg=31.56, 90=86, 99=132, 99.9=219, 99.99=1587] [INSERT: Count=1157, Max=315, Min=152, Avg=179.16, 90=198, 99=249, 99.9=277, 99.99=315] [READ-FAILED: Count=5027, Max=314, Min=33, Avg=49.19, 90=58, 99=72, 99.9=92, 99.99=314] 
2026-04-29 15:37:29:489 11 sec: 230740 operations; 21414 current ops/sec; [READ: Count=16609, Max=1907, Min=4, Avg=30.29, 90=87, 99=142, 99.9=216, 99.99=1720] [INSERT: Count=1050, Max=70143, Min=151, Avg=267.42, 90=218, 99=729, 99.9=1060, 99.99=70143] [READ-FAILED: Count=3757, Max=201, Min=33, Avg=50.97, 90=61, 99=78, 99.9=100, 99.99=201] 
2026-04-29 15:37:30:489 12 sec: 253512 operations; 22772 current ops/sec; [READ: Count=16118, Max=1869, Min=4, Avg=30.68, 90=85, 99=128, 99.9=181, 99.99=1771] [INSERT: Count=1139, Max=627, Min=151, Avg=182.99, 90=206, 99=256, 99.9=310, 99.99=627] [READ-FAILED: Count=5505, Max=1005, Min=33, Avg=49.3, 90=59, 99=70, 99.9=89, 99.99=1005] 
2026-04-29 15:37:31:489 13 sec: 277104 operations; 23592 current ops/sec; [READ: Count=19031, Max=2789, Min=4, Avg=30.67, 90=84, 99=137, 99.9=284, 99.99=1970] [INSERT: Count=1107, Max=10943, Min=151, Avg=192.75, 90=203, 99=253, 99.9=359, 99.99=10943] [READ-FAILED: Count=3459, Max=105, Min=34, Avg=51.11, 90=61, 99=72, 99.9=91, 99.99=105] 
2026-04-29 15:37:32:489 14 sec: 300156 operations; 23052 current ops/sec; [READ: Count=17203, Max=2038, Min=5, Avg=31.35, 90=83, 99=131, 99.9=231, 99.99=1882] [INSERT: Count=1122, Max=1177, Min=148, Avg=176.31, 90=193, 99=238, 99.9=285, 99.99=1177] [READ-FAILED: Count=4729, Max=304, Min=34, Avg=50.27, 90=59, 99=70, 99.9=85, 99.99=304] 
2026-04-29 15:37:33:489 15 sec: 324094 operations; 23938 current ops/sec; [READ: Count=18369, Max=1969, Min=5, Avg=30.23, 90=84, 99=130, 99.9=168, 99.99=1916] [INSERT: Count=1149, Max=262, Min=144, Avg=171.29, 90=190, 99=234, 99.9=248, 99.99=262] [READ-FAILED: Count=4420, Max=86, Min=34, Avg=49.88, 90=58, 99=67, 99.9=76, 99.99=86] 
2026-04-29 15:37:34:489 16 sec: 347252 operations; 23134.87 current ops/sec; [READ: Count=17409, Max=1960, Min=5, Avg=29.08, 90=83, 99=127, 99.9=168, 99.99=1739] [INSERT: Count=1105, Max=12095, Min=144, Avg=184.49, 90=190, 99=245, 99.9=461, 99.99=12095] [READ-FAILED: Count=4633, Max=92, Min=33, Avg=49.13, 90=57, 99=67, 99.9=76, 99.99=92] 
2026-04-29 15:37:35:489 17 sec: 368392 operations; 21161.16 current ops/sec; [READ: Count=15859, Max=5763, Min=5, Avg=32.04, 90=90, 99=145, 99.9=277, 99.99=1834] [INSERT: Count=1078, Max=72959, Min=150, Avg=271.7, 90=226, 99=783, 99.9=1052, 99.99=72959] [READ-FAILED: Count=4219, Max=240, Min=31, Avg=50.27, 90=61, 99=85, 99.9=104, 99.99=240] 
2026-04-29 15:37:36:489 18 sec: 390358 operations; 21966 current ops/sec; [READ: Count=16018, Max=1957, Min=5, Avg=32.5, 90=90, 99=144, 99.9=216, 99.99=1886] [INSERT: Count=1099, Max=695, Min=151, Avg=185.39, 90=209, 99=258, 99.9=301, 99.99=695] [READ-FAILED: Count=4839, Max=134, Min=34, Avg=51.64, 90=62, 99=85, 99.9=97, 99.99=134] 
2026-04-29 15:37:37:489 19 sec: 413192 operations; 22834 current ops/sec; [READ: Count=16887, Max=1771, Min=5, Avg=30.59, 90=84, 99=130, 99.9=246, 99.99=1692] [INSERT: Count=1165, Max=13679, Min=148, Avg=187.87, 90=195, 99=251, 99.9=318, 99.99=13679] [READ-FAILED: Count=4912, Max=318, Min=34, Avg=50.72, 90=60, 99=70, 99.9=101, 99.99=318] 
2026-04-29 15:37:38:489 20 sec: 434590 operations; 21398 current ops/sec; [READ: Count=14652, Max=1928, Min=5, Avg=34.01, 90=85, 99=125, 99.9=304, 99.99=1690] [INSERT: Count=1044, Max=321, Min=147, Avg=177.34, 90=197, 99=243, 99.9=282, 99.99=321] [READ-FAILED: Count=5580, Max=116, Min=35, Avg=50.76, 90=59, 99=70, 99.9=86, 99.99=116] 
2026-04-29 15:37:39:489 21 sec: 456662 operations; 22072 current ops/sec; [READ: Count=15615, Max=1943, Min=5, Avg=31.87, 90=86, 99=127, 99.9=181, 99.99=1833] [INSERT: Count=1152, Max=285, Min=150, Avg=181.12, 90=198, 99=244, 99.9=278, 99.99=285] [READ-FAILED: Count=5298, Max=309, Min=30, Avg=50.62, 90=59, 99=69, 99.9=79, 99.99=309] 
2026-04-29 15:37:40:489 22 sec: 476675 operations; 20013 current ops/sec; [READ: Count=14043, Max=1852, Min=5, Avg=31.43, 90=85, 99=124, 99.9=165, 99.99=1789] [INSERT: Count=982, Max=71807, Min=149, Avg=298.36, 90=222, 99=1013, 99.9=71807, 99.99=71807] [READ-FAILED: Count=4987, Max=110, Min=34, Avg=48.93, 90=57, 99=68, 99.9=84, 99.99=110] 
2026-04-29 15:37:41:489 23 sec: 499072 operations; 22397 current ops/sec; [READ: Count=15304, Max=1957, Min=5, Avg=31.72, 90=85, 99=123, 99.9=178, 99.99=1798] [INSERT: Count=1139, Max=288, Min=148, Avg=179.08, 90=198, 99=249, 99.9=279, 99.99=288] [READ-FAILED: Count=5957, Max=80, Min=30, Avg=48.15, 90=56, 99=65, 99.9=74, 99.99=80] 
2026-04-29 15:37:42:489 24 sec: 521173 operations; 22101 current ops/sec; [READ: Count=15143, Max=1777, Min=5, Avg=31.52, 90=86, 99=124, 99.9=177, 99.99=1659] [INSERT: Count=1164, Max=370, Min=150, Avg=181.45, 90=200, 99=257, 99.9=306, 99.99=370] [READ-FAILED: Count=5785, Max=311, Min=31, Avg=49.48, 90=58, 99=68, 99.9=79, 99.99=311] 
2026-04-29 15:37:43:489 25 sec: 543431 operations; 22258 current ops/sec; [READ: Count=15638, Max=2589, Min=5, Avg=31.59, 90=87, 99=126, 99.9=319, 99.99=1871] [INSERT: Count=1113, Max=329, Min=150, Avg=183.4, 90=201, 99=246, 99.9=301, 99.99=329] [READ-FAILED: Count=5510, Max=128, Min=35, Avg=50.45, 90=59, 99=67, 99.9=76, 99.99=128] 
2026-04-29 15:37:44:489 26 sec: 565345 operations; 21914 current ops/sec; [READ: Count=16193, Max=2139, Min=5, Avg=32.08, 90=84, 99=131, 99.9=253, 99.99=2073] [INSERT: Count=1105, Max=12823, Min=147, Avg=195.74, 90=196, 99=246, 99.9=5631, 99.99=12823] [READ-FAILED: Count=4620, Max=313, Min=35, Avg=51.91, 90=61, 99=72, 99.9=99, 99.99=313] 
2026-04-29 15:37:45:489 27 sec: 585329 operations; 19984 current ops/sec; [READ: Count=14946, Max=1761, Min=5, Avg=32.7, 90=88, 99=138, 99.9=225, 99.99=1736] [INSERT: Count=974, Max=73151, Min=151, Avg=279.21, 90=215, 99=880, 99.9=73151, 99.99=73151] [READ-FAILED: Count=4066, Max=325, Min=36, Avg=52.13, 90=61, 99=79, 99.9=103, 99.99=325] 
2026-04-29 15:37:46:489 28 sec: 608461 operations; 23132 current ops/sec; [READ: Count=17155, Max=1945, Min=5, Avg=30.65, 90=84, 99=129, 99.9=168, 99.99=1725] [INSERT: Count=1089, Max=307, Min=152, Avg=182.75, 90=201, 99=253, 99.9=297, 99.99=307] [READ-FAILED: Count=4885, Max=160, Min=35, Avg=51.21, 90=60, 99=70, 99.9=88, 99.99=160] 
2026-04-29 15:37:47:489 29 sec: 630774 operations; 22313 current ops/sec; [READ: Count=16128, Max=2051, Min=5, Avg=30.84, 90=85, 99=129, 99.9=187, 99.99=1969] [INSERT: Count=1162, Max=14615, Min=149, Avg=191.83, 90=198, 99=255, 99.9=361, 99.99=14615] [READ-FAILED: Count=5031, Max=318, Min=36, Avg=50.79, 90=59, 99=68, 99.9=87, 99.99=318] 
2026-04-29 15:37:48:489 30 sec: 652816 operations; 22042 current ops/sec; [READ: Count=15293, Max=1792, Min=5, Avg=31.48, 90=86, 99=127, 99.9=175, 99.99=1743] [INSERT: Count=1124, Max=283, Min=157, Avg=183.73, 90=203, 99=255, 99.9=277, 99.99=283] [READ-FAILED: Count=5619, Max=114, Min=35, Avg=51.2, 90=60, 99=69, 99.9=85, 99.99=114] 
2026-04-29 15:37:49:489 31 sec: 675620 operations; 22804 current ops/sec; [READ: Count=16757, Max=1769, Min=5, Avg=30.51, 90=85, 99=128, 99.9=187, 99.99=1761] [INSERT: Count=1106, Max=311, Min=154, Avg=188.67, 90=207, 99=259, 99.9=296, 99.99=311] [READ-FAILED: Count=4939, Max=136, Min=36, Avg=51.75, 90=61, 99=70, 99.9=90, 99.99=136] 
2026-04-29 15:37:50:489 32 sec: 695866 operations; 20246 current ops/sec; [READ: Count=14331, Max=1787, Min=5, Avg=31.17, 90=87, 99=126, 99.9=167, 99.99=1772] [INSERT: Count=1001, Max=76351, Min=148, Avg=282.69, 90=206, 99=784, 99.9=13991, 99.99=76351] [READ-FAILED: Count=4918, Max=147, Min=31, Avg=50.52, 90=59, 99=69, 99.9=97, 99.99=147] 
2026-04-29 15:37:51:489 33 sec: 717899 operations; 22033 current ops/sec; [READ: Count=16559, Max=2223, Min=5, Avg=33.14, 90=85, 99=133, 99.9=301, 99.99=1837] [INSERT: Count=1078, Max=320, Min=150, Avg=177.57, 90=194, 99=243, 99.9=284, 99.99=320] [READ-FAILED: Count=4398, Max=312, Min=36, Avg=53.55, 90=63, 99=75, 99.9=114, 99.99=312] 
2026-04-29 15:37:52:489 34 sec: 739356 operations; 21457 current ops/sec; [READ: Count=15079, Max=1797, Min=5, Avg=33.44, 90=87, 99=129, 99.9=212, 99.99=1683] [INSERT: Count=1074, Max=282, Min=151, Avg=182.88, 90=203, 99=254, 99.9=281, 99.99=282] [READ-FAILED: Count=5296, Max=102, Min=33, Avg=52.04, 90=60, 99=70, 99.9=78, 99.99=102] 
2026-04-29 15:37:53:489 35 sec: 761796 operations; 22440 current ops/sec; [READ: Count=16747, Max=1766, Min=5, Avg=31.67, 90=88, 99=139, 99.9=214, 99.99=1705] [INSERT: Count=1078, Max=1012, Min=153, Avg=185.72, 90=213, 99=248, 99.9=327, 99.99=1012] [READ-FAILED: Count=4617, Max=150, Min=34, Avg=52.95, 90=63, 99=86, 99.9=109, 99.99=150] 
2026-04-29 15:37:53:702 - NewTail completed: 
2026-04-29 15:37:54:489 36 sec: 784251 operations; 22455 current ops/sec; [READ: Count=16637, Max=4995, Min=5, Avg=31.48, 90=86, 99=132, 99.9=179, 99.99=1843] [INSERT: Count=1058, Max=996, Min=157, Avg=190.48, 90=209, 99=255, 99.9=289, 99.99=996] [READ-FAILED: Count=4758, Max=320, Min=36, Avg=52.63, 90=61, 99=71, 99.9=99, 99.99=320] 
2026-04-29 15:37:55:489 37 sec: 804631 operations; 20380 current ops/sec; [READ: Count=15397, Max=1575, Min=5, Avg=31.13, 90=87, 99=135, 99.9=241, 99.99=1413] [INSERT: Count=996, Max=71295, Min=154, Avg=284.86, 90=221, 99=882, 99.9=71295, 99.99=71295] [READ-FAILED: Count=3999, Max=108, Min=36, Avg=53.67, 90=63, 99=74, 99.9=89, 99.99=108] 
2026-04-29 15:37:56:489 38 sec: 826818 operations; 22187 current ops/sec; [READ: Count=16493, Max=1993, Min=5, Avg=31.78, 90=88, 99=135, 99.9=211, 99.99=1943] [INSERT: Count=1126, Max=323, Min=152, Avg=183.13, 90=203, 99=249, 99.9=316, 99.99=323] [READ-FAILED: Count=4563, Max=312, Min=35, Avg=53.64, 90=64, 99=74, 99.9=99, 99.99=312] 
2026-04-29 15:37:57:489 39 sec: 848734 operations; 21916 current ops/sec; [READ: Count=16129, Max=1886, Min=5, Avg=32.17, 90=87, 99=134, 99.9=201, 99.99=1757] [INSERT: Count=1076, Max=14279, Min=146, Avg=192.39, 90=202, 99=252, 99.9=1391, 99.99=14279] [READ-FAILED: Count=4711, Max=196, Min=36, Avg=53.06, 90=62, 99=73, 99.9=86, 99.99=196] 
2026-04-29 15:37:58:489 40 sec: 871637 operations; 22903 current ops/sec; [READ: Count=18263, Max=1960, Min=5, Avg=32.22, 90=86, 99=140, 99.9=229, 99.99=1829] [INSERT: Count=1073, Max=285, Min=151, Avg=178.38, 90=195, 99=238, 99.9=277, 99.99=285] [READ-FAILED: Count=3563, Max=143, Min=37, Avg=54.84, 90=65, 99=76, 99.9=97, 99.99=143] 
2026-04-29 15:37:59:489 41 sec: 893766 operations; 22129 current ops/sec; [READ: Count=16104, Max=1913, Min=5, Avg=32.44, 90=87, 99=131, 99.9=172, 99.99=1739] [INSERT: Count=1094, Max=285, Min=146, Avg=175.85, 90=195, 99=247, 99.9=267, 99.99=285] [READ-FAILED: Count=4933, Max=111, Min=37, Avg=52.9, 90=62, 99=72, 99.9=84, 99.99=111] 
2026-04-29 15:38:00:489 42 sec: 913393 operations; 19627 current ops/sec; [READ: Count=14347, Max=1885, Min=5, Avg=33.38, 90=91, 99=139, 99.9=283, 99.99=1755] [INSERT: Count=1002, Max=67519, Min=147, Avg=268.33, 90=215, 99=989, 99.9=1417, 99.99=67519] [READ-FAILED: Count=4277, Max=220, Min=37, Avg=53.8, 90=63, 99=85, 99.9=131, 99.99=220] 
2026-04-29 15:38:01:489 43 sec: 935133 operations; 21740 current ops/sec; [READ: Count=15333, Max=1888, Min=5, Avg=32.5, 90=88, 99=126, 99.9=162, 99.99=1350] [INSERT: Count=1115, Max=13503, Min=141, Avg=184.98, 90=189, 99=232, 99.9=334, 99.99=13503] [READ-FAILED: Count=5294, Max=140, Min=35, Avg=51.48, 90=61, 99=70, 99.9=88, 99.99=140] 
2026-04-29 15:38:02:489 44 sec: 956688 operations; 21555 current ops/sec; [READ: Count=15110, Max=1938, Min=5, Avg=33.34, 90=89, 99=129, 99.9=278, 99.99=1759] [INSERT: Count=1078, Max=374, Min=146, Avg=171.6, 90=189, 99=239, 99.9=283, 99.99=374] [READ-FAILED: Count=5367, Max=95, Min=37, Avg=53.28, 90=62, 99=72, 99.9=81, 99.99=95] 
2026-04-29 15:38:03:489 45 sec: 978683 operations; 21995 current ops/sec; [READ: Count=16235, Max=4559, Min=5, Avg=32.34, 90=89, 99=134, 99.9=214, 99.99=1884] [INSERT: Count=1102, Max=665, Min=149, Avg=182.18, 90=199, 99=251, 99.9=484, 99.99=665] [READ-FAILED: Count=4657, Max=324, Min=37, Avg=53.69, 90=63, 99=78, 99.9=100, 99.99=324] 
2026-04-29 15:38:04:489 46 sec: 999237 operations; 20554 current ops/sec; [READ: Count=14885, Max=2199, Min=5, Avg=34.83, 90=90, 99=135, 99.9=291, 99.99=1869] [INSERT: Count=1045, Max=15103, Min=151, Avg=198.54, 90=204, 99=250, 99.9=377, 99.99=15103] [READ-FAILED: Count=4625, Max=153, Min=37, Avg=54.26, 90=64, 99=75, 99.9=111, 99.99=153] 
2026-04-29 15:38:05:489 47 sec: 1018638 operations; 19401 current ops/sec; [READ: Count=14386, Max=2010, Min=5, Avg=34.1, 90=89, 99=138, 99.9=230, 99.99=1741] [INSERT: Count=957, Max=70399, Min=151, Avg=279.8, 90=222, 99=704, 99.9=70399, 99.99=70399] [READ-FAILED: Count=4058, Max=323, Min=37, Avg=54.2, 90=63, 99=75, 99.9=120, 99.99=323] 
2026-04-29 15:38:06:489 48 sec: 1039654 operations; 21016 current ops/sec; [READ: Count=15067, Max=1930, Min=5, Avg=33.77, 90=89, 99=131, 99.9=176, 99.99=1903] [INSERT: Count=1088, Max=295, Min=155, Avg=188.03, 90=206, 99=251, 99.9=288, 99.99=295] [READ-FAILED: Count=4856, Max=95, Min=38, Avg=54.1, 90=63, 99=73, 99.9=88, 99.99=95] 
2026-04-29 15:38:07:489 49 sec: 1060104 operations; 20450 current ops/sec; [READ: Count=14102, Max=1903, Min=5, Avg=34.4, 90=90, 99=128, 99.9=394, 99.99=1626] [INSERT: Count=1047, Max=15959, Min=150, Avg=197.14, 90=200, 99=255, 99.9=277, 99.99=15959] [READ-FAILED: Count=5312, Max=100, Min=38, Avg=53.7, 90=63, 99=73, 99.9=82, 99.99=100] 
2026-04-29 15:38:08:489 50 sec: 1081988 operations; 21884 current ops/sec; [READ: Count=15818, Max=1846, Min=5, Avg=32.31, 90=88, 99=132, 99.9=294, 99.99=1730] [INSERT: Count=1073, Max=297, Min=153, Avg=180.27, 90=198, 99=250, 99.9=273, 99.99=297] [READ-FAILED: Count=4983, Max=309, Min=38, Avg=54.54, 90=64, 99=74, 99.9=94, 99.99=309] 
2026-04-29 15:38:09:489 51 sec: 1103671 operations; 21683 current ops/sec; [READ: Count=15739, Max=1898, Min=5, Avg=32.23, 90=89, 99=130, 99.9=193, 99.99=1807] [INSERT: Count=1095, Max=527, Min=156, Avg=187.9, 90=208, 99=252, 99.9=288, 99.99=527] [READ-FAILED: Count=4848, Max=100, Min=38, Avg=54.25, 90=64, 99=73, 99.9=84, 99.99=100] 
2026-04-29 15:38:10:489 52 sec: 1123317 operations; 19646 current ops/sec; [READ: Count=14207, Max=1869, Min=5, Avg=33.14, 90=92, 99=136, 99.9=192, 99.99=1751] [INSERT: Count=969, Max=73471, Min=150, Avg=269.84, 90=206, 99=723, 99.9=73471, 99.99=73471] [READ-FAILED: Count=4476, Max=120, Min=38, Avg=54.82, 90=64, 99=76, 99.9=95, 99.99=120] 
2026-04-29 15:38:10:726 - NewTail completed: 
2026-04-29 15:38:11:489 53 sec: 1144147 operations; 20830 current ops/sec; [READ: Count=15311, Max=1881, Min=5, Avg=34.86, 90=91, 99=136, 99.9=195, 99.99=1758] [INSERT: Count=1013, Max=1066, Min=154, Avg=184.99, 90=201, 99=253, 99.9=1017, 99.99=1066] [READ-FAILED: Count=4501, Max=311, Min=38, Avg=56.6, 90=67, 99=79, 99.9=109, 99.99=311] 
2026-04-29 15:38:12:489 54 sec: 1165540 operations; 21393 current ops/sec; [READ: Count=16032, Max=1883, Min=6, Avg=34.27, 90=91, 99=137, 99.9=328, 99.99=1747] [INSERT: Count=1025, Max=411, Min=152, Avg=178.71, 90=197, 99=249, 99.9=268, 99.99=411] [READ-FAILED: Count=4337, Max=144, Min=39, Avg=56.21, 90=66, 99=79, 99.9=128, 99.99=144] 
2026-04-29 15:38:13:489 55 sec: 1187416 operations; 21854.15 current ops/sec; [READ: Count=16379, Max=3683, Min=6, Avg=33.05, 90=89, 99=136, 99.9=223, 99.99=1984] [INSERT: Count=1073, Max=282, Min=147, Avg=176.63, 90=196, 99=251, 99.9=270, 99.99=282] [READ-FAILED: Count=4422, Max=314, Min=38, Avg=55.47, 90=65, 99=77, 99.9=117, 99.99=314] 
2026-04-29 15:38:14:489 56 sec: 1207900 operations; 20504.5 current ops/sec; [READ: Count=14563, Max=1716, Min=6, Avg=34.17, 90=93, 99=137, 99.9=191, 99.99=1679] [INSERT: Count=1058, Max=16399, Min=152, Avg=194.24, 90=196, 99=247, 99.9=299, 99.99=16399] [READ-FAILED: Count=4863, Max=122, Min=39, Avg=56.29, 90=66, 99=75, 99.9=84, 99.99=122] 
2026-04-29 15:38:15:489 57 sec: 1228514 operations; 20614 current ops/sec; [READ: Count=15742, Max=1734, Min=6, Avg=31.97, 90=89, 99=140, 99.9=213, 99.99=1706] [INSERT: Count=1021, Max=70079, Min=151, Avg=252.42, 90=198, 99=531, 99.9=1034, 99.99=70079] [READ-FAILED: Count=3852, Max=216, Min=38, Avg=56.21, 90=66, 99=76, 99.9=91, 99.99=216] 
2026-04-29 15:38:16:489 58 sec: 1249185 operations; 20671 current ops/sec; [READ: Count=14488, Max=1858, Min=6, Avg=33.49, 90=90, 99=129, 99.9=173, 99.99=1720] [INSERT: Count=1054, Max=977, Min=155, Avg=203.23, 90=218, 99=684, 99.9=966, 99.99=977] [READ-FAILED: Count=5130, Max=122, Min=38, Avg=54.26, 90=63, 99=73, 99.9=84, 99.99=122] 
2026-04-29 15:38:17:489 59 sec: 1269822 operations; 20637 current ops/sec; [READ: Count=14340, Max=1936, Min=6, Avg=33.72, 90=90, 99=131, 99.9=418, 99.99=1924] [INSERT: Count=1056, Max=314, Min=165, Avg=194.11, 90=210, 99=261, 99.9=312, 99.99=314] [READ-FAILED: Count=5244, Max=148, Min=38, Avg=55.14, 90=64, 99=72, 99.9=80, 99.99=148] 
2026-04-29 15:38:18:489 60 sec: 1290515 operations; 20693 current ops/sec; [READ: Count=15961, Max=2625, Min=6, Avg=35.25, 90=91, 99=149, 99.9=286, 99.99=1905] [INSERT: Count=1006, Max=16247, Min=152, Avg=200.6, 90=207, 99=263, 99.9=332, 99.99=16247] [READ-FAILED: Count=3722, Max=322, Min=38, Avg=56.96, 90=68, 99=86, 99.9=115, 99.99=322] 
2026-04-29 15:38:19:489 61 sec: 1312022 operations; 21507 current ops/sec; [READ: Count=16054, Max=1753, Min=6, Avg=33.47, 90=89, 99=135, 99.9=172, 99.99=1700] [INSERT: Count=1043, Max=580, Min=156, Avg=182.74, 90=200, 99=255, 99.9=311, 99.99=580] [READ-FAILED: Count=4406, Max=121, Min=40, Avg=56.37, 90=65, 99=75, 99.9=88, 99.99=121] 
2026-04-29 15:38:20:489 62 sec: 1332994 operations; 20972 current ops/sec; [READ: Count=15527, Max=1843, Min=6, Avg=34.24, 90=92, 99=137, 99.9=231, 99.99=1691] [INSERT: Count=1068, Max=314, Min=152, Avg=184.49, 90=203, 99=253, 99.9=297, 99.99=314] [READ-FAILED: Count=4380, Max=322, Min=40, Avg=56.76, 90=67, 99=80, 99.9=114, 99.99=322] 
2026-04-29 15:38:21:489 63 sec: 1352193 operations; 19199 current ops/sec; [READ: Count=14632, Max=1740, Min=6, Avg=33.53, 90=91, 99=141, 99.9=227, 99.99=1732] [INSERT: Count=946, Max=68991, Min=148, Avg=298.02, 90=227, 99=1002, 99.9=68991, 99.99=68991] [READ-FAILED: Count=3626, Max=203, Min=39, Avg=57.01, 90=67, 99=92, 99.9=110, 99.99=203] 
2026-04-29 15:38:22:489 64 sec: 1373182 operations; 20989 current ops/sec; [READ: Count=14951, Max=3403, Min=6, Avg=33.39, 90=89, 99=133, 99.9=317, 99.99=1579] [INSERT: Count=1069, Max=357, Min=150, Avg=185.25, 90=203, 99=249, 99.9=295, 99.99=357] [READ-FAILED: Count=4964, Max=154, Min=40, Avg=56.27, 90=65, 99=76, 99.9=94, 99.99=154] 
2026-04-29 15:38:23:489 65 sec: 1394131 operations; 20949 current ops/sec; [READ: Count=14934, Max=1856, Min=6, Avg=33.8, 90=91, 99=135, 99.9=333, 99.99=1711] [INSERT: Count=1067, Max=926, Min=150, Avg=182.35, 90=200, 99=250, 99.9=311, 99.99=926] [READ-FAILED: Count=4946, Max=322, Min=39, Avg=56.15, 90=66, 99=78, 99.9=126, 99.99=322] 
2026-04-29 15:38:24:489 66 sec: 1414876 operations; 20745 current ops/sec; [READ: Count=14284, Max=1855, Min=6, Avg=33.57, 90=91, 99=131, 99.9=364, 99.99=1702] [INSERT: Count=1048, Max=326, Min=155, Avg=185.72, 90=202, 99=254, 99.9=312, 99.99=326] [READ-FAILED: Count=5412, Max=181, Min=37, Avg=55.94, 90=65, 99=75, 99.9=90, 99.99=181] 
2026-04-29 15:38:25:489 67 sec: 1434424 operations; 19548 current ops/sec; [READ: Count=13720, Max=1888, Min=6, Avg=36.95, 90=92, 99=135, 99.9=393, 99.99=1806] [INSERT: Count=989, Max=13711, Min=156, Avg=196.7, 90=199, 99=245, 99.9=13711, 99.99=13711] [READ-FAILED: Count=4851, Max=318, Min=39, Avg=57.22, 90=67, 99=81, 99.9=118, 99.99=318] 
2026-04-29 15:38:26:489 68 sec: 1453457 operations; 19033 current ops/sec; [READ: Count=14332, Max=1979, Min=6, Avg=34.99, 90=91, 99=138, 99.9=218, 99.99=1731] [INSERT: Count=951, Max=68415, Min=158, Avg=279.25, 90=216, 99=887, 99.9=68415, 99.99=68415] [READ-FAILED: Count=3743, Max=97, Min=40, Avg=56.56, 90=66, 99=78, 99.9=90, 99.99=97] 
2026-04-29 15:38:27:489 69 sec: 1473833 operations; 20376 current ops/sec; [READ: Count=14399, Max=1580, Min=6, Avg=35.12, 90=91, 99=134, 99.9=167, 99.99=1529] [INSERT: Count=1044, Max=312, Min=149, Avg=181.95, 90=200, 99=256, 99.9=312, 99.99=312] [READ-FAILED: Count=4931, Max=159, Min=41, Avg=57.18, 90=66, 99=76, 99.9=88, 99.99=159] 
2026-04-29 15:38:28:489 70 sec: 1494398 operations; 20565 current ops/sec; [READ: Count=14681, Max=1698, Min=6, Avg=33.95, 90=91, 99=136, 99.9=192, 99.99=1544] [INSERT: Count=1023, Max=15095, Min=149, Avg=197.48, 90=204, 99=263, 99.9=299, 99.99=15095] [READ-FAILED: Count=4865, Max=320, Min=40, Avg=56.99, 90=67, 99=85, 99.9=104, 99.99=320] 
2026-04-29 15:38:29:489 71 sec: 1515017 operations; 20619 current ops/sec; [READ: Count=14639, Max=1784, Min=6, Avg=34.14, 90=90, 99=135, 99.9=285, 99.99=1762] [INSERT: Count=1036, Max=273, Min=154, Avg=185.27, 90=203, 99=250, 99.9=270, 99.99=273] [READ-FAILED: Count=4942, Max=136, Min=41, Avg=57.73, 90=66, 99=76, 99.9=106, 99.99=136] 
2026-04-29 15:38:30:489 72 sec: 1535821 operations; 20804 current ops/sec; [READ: Count=14839, Max=1916, Min=6, Avg=33.77, 90=91, 99=134, 99.9=182, 99.99=1837] [INSERT: Count=1053, Max=268, Min=153, Avg=181.63, 90=200, 99=250, 99.9=266, 99.99=268] [READ-FAILED: Count=4906, Max=323, Min=40, Avg=57.91, 90=67, 99=77, 99.9=97, 99.99=323] 
2026-04-29 15:38:31:489 73 sec: 1555032 operations; 19211 current ops/sec; [READ: Count=13719, Max=1929, Min=6, Avg=33.39, 90=91, 99=134, 99.9=202, 99.99=1630] [INSERT: Count=965, Max=68479, Min=153, Avg=268.83, 90=208, 99=669, 99.9=68479, 99.99=68479] [READ-FAILED: Count=4533, Max=135, Min=42, Avg=57.67, 90=67, 99=78, 99.9=94, 99.99=135] 
2026-04-29 15:38:31:851 - NewTail completed: 
2026-04-29 15:38:32:489 74 sec: 1574646 operations; 19594.41 current ops/sec; [READ: Count=14024, Max=2037, Min=6, Avg=36.53, 90=93, 99=139, 99.9=285, 99.99=1869] [INSERT: Count=992, Max=1526, Min=157, Avg=191.78, 90=210, 99=278, 99.9=1526, 99.99=1526] [READ-FAILED: Count=4604, Max=290, Min=41, Avg=59.92, 90=71, 99=86, 99.9=115, 99.99=290] 
2026-04-29 15:38:33:489 75 sec: 1594651 operations; 20005 current ops/sec; [READ: Count=14851, Max=1881, Min=6, Avg=36.26, 90=92, 99=141, 99.9=294, 99.99=1865] [INSERT: Count=985, Max=319, Min=157, Avg=190.31, 90=211, 99=251, 99.9=319, 99.99=319] [READ-FAILED: Count=4160, Max=363, Min=42, Avg=60.47, 90=71, 99=84, 99.9=107, 99.99=363] 
2026-04-29 15:38:34:489 76 sec: 1615375 operations; 20744.74 current ops/sec; [READ: Count=15098, Max=2000, Min=6, Avg=34.78, 90=92, 99=135, 99.9=190, 99.99=1797] [INSERT: Count=1047, Max=280, Min=149, Avg=179.41, 90=197, 99=241, 99.9=264, 99.99=280] [READ-FAILED: Count=4584, Max=126, Min=41, Avg=57.68, 90=67, 99=77, 99.9=90, 99.99=126] 
2026-04-29 15:38:35:489 77 sec: 1635824 operations; 20449 current ops/sec; [READ: Count=15101, Max=1739, Min=6, Avg=34.45, 90=92, 99=138, 99.9=209, 99.99=1734] [INSERT: Count=1035, Max=16655, Min=152, Avg=198.02, 90=199, 99=248, 99.9=277, 99.99=16655] [READ-FAILED: Count=4313, Max=330, Min=41, Avg=58.56, 90=68, 99=78, 99.9=99, 99.99=330] 
2026-04-29 15:38:36:489 78 sec: 1655879 operations; 20055 current ops/sec; [READ: Count=15230, Max=1756, Min=6, Avg=32.64, 90=90, 99=139, 99.9=182, 99.99=1581] [INSERT: Count=955, Max=68927, Min=154, Avg=269.38, 90=210, 99=790, 99.9=68927, 99.99=68927] [READ-FAILED: Count=3864, Max=96, Min=41, Avg=57.89, 90=67, 99=77, 99.9=87, 99.99=96] 
2026-04-29 15:38:37:489 79 sec: 1677277 operations; 21398 current ops/sec; [READ: Count=15698, Max=1790, Min=6, Avg=33.69, 90=93, 99=138, 99.9=187, 99.99=1774] [INSERT: Count=1026, Max=1137, Min=146, Avg=177.33, 90=195, 99=255, 99.9=354, 99.99=1137] [READ-FAILED: Count=4681, Max=244, Min=39, Avg=56.88, 90=66, 99=82, 99.9=116, 99.99=244] 
2026-04-29 15:38:38:489 80 sec: 1698708 operations; 21431 current ops/sec; [READ: Count=16458, Max=1849, Min=6, Avg=33.79, 90=93, 99=145, 99.9=269, 99.99=1696] [INSERT: Count=1063, Max=296, Min=149, Avg=178.59, 90=198, 99=251, 99.9=290, 99.99=296] [READ-FAILED: Count=3907, Max=323, Min=38, Avg=58.82, 90=68, 99=83, 99.9=106, 99.99=323] 
2026-04-29 15:38:38:958 - NewTail completed: 
2026-04-29 15:38:39:489 81 sec: 1718720 operations; 20012 current ops/sec; [READ: Count=13747, Max=1704, Min=6, Avg=36.14, 90=93, 99=131, 99.9=313, 99.99=1701] [INSERT: Count=1011, Max=827, Min=151, Avg=178.1, 90=194, 99=249, 99.9=321, 99.99=827] [READ-FAILED: Count=5254, Max=167, Min=40, Avg=57.3, 90=67, 99=80, 99.9=97, 99.99=167] 
2026-04-29 15:38:40:489 82 sec: 1737595 operations; 18875 current ops/sec; [READ: Count=12893, Max=1812, Min=6, Avg=38.8, 90=94, 99=135, 99.9=308, 99.99=1761] [INSERT: Count=1014, Max=734, Min=150, Avg=178.17, 90=194, 99=241, 99.9=280, 99.99=734] [READ-FAILED: Count=4963, Max=337, Min=43, Avg=59.79, 90=70, 99=81, 99.9=98, 99.99=337] 
2026-04-29 15:38:41:489 83 sec: 1756373 operations; 18778 current ops/sec; [READ: Count=13752, Max=2022, Min=6, Avg=35.14, 90=93, 99=137, 99.9=245, 99.99=1773] [INSERT: Count=948, Max=67327, Min=150, Avg=267.34, 90=204, 99=632, 99.9=67327, 99.99=67327] [READ-FAILED: Count=4082, Max=147, Min=42, Avg=59.31, 90=69, 99=80, 99.9=95, 99.99=147] 
2026-04-29 15:38:42:489 84 sec: 1776548 operations; 20175 current ops/sec; [READ: Count=15310, Max=2237, Min=6, Avg=36.69, 90=98, 99=150, 99.9=360, 99.99=1984] [INSERT: Count=1005, Max=644, Min=145, Avg=179.87, 90=203, 99=260, 99.9=402, 99.99=644] [READ-FAILED: Count=3855, Max=122, Min=41, Avg=60.76, 90=72, 99=90, 99.9=110, 99.99=122] 
2026-04-29 15:38:43:489 85 sec: 1796608 operations; 20060 current ops/sec; [READ: Count=15436, Max=1811, Min=6, Avg=35.55, 90=98, 99=148, 99.9=197, 99.99=1722] [INSERT: Count=1030, Max=14495, Min=147, Avg=200.35, 90=207, 99=260, 99.9=329, 99.99=14495] [READ-FAILED: Count=3597, Max=155, Min=42, Avg=61.78, 90=73, 99=85, 99.9=108, 99.99=155] 
2026-04-29 15:38:44:489 86 sec: 1817712 operations; 21104 current ops/sec; [READ: Count=15985, Max=1743, Min=6, Avg=34.35, 90=94, 99=139, 99.9=218, 99.99=1709] [INSERT: Count=1041, Max=298, Min=149, Avg=174.22, 90=191, 99=243, 99.9=284, 99.99=298] [READ-FAILED: Count=4079, Max=142, Min=43, Avg=60.34, 90=70, 99=81, 99.9=101, 99.99=142] 
2026-04-29 15:38:45:489 87 sec: 1839182 operations; 21470 current ops/sec; [READ: Count=16691, Max=1918, Min=6, Avg=33.82, 90=95, 99=147, 99.9=201, 99.99=1807] [INSERT: Count=1031, Max=392, Min=147, Avg=176.76, 90=196, 99=248, 99.9=304, 99.99=392] [READ-FAILED: Count=3748, Max=289, Min=42, Avg=61.06, 90=71, 99=83, 99.9=102, 99.99=289] 
2026-04-29 15:38:46:197 - NewTail completed: 
2026-04-29 15:38:46:489 88 sec: 1858126 operations; 18944 current ops/sec; [READ: Count=15080, Max=1646, Min=6, Avg=36.11, 90=98, 99=154, 99.9=315, 99.99=1568] [INSERT: Count=905, Max=70463, Min=148, Avg=272.2, 90=203, 99=729, 99.9=70463, 99.99=70463] [READ-FAILED: Count=2963, Max=326, Min=43, Avg=63.17, 90=75, 99=92, 99.9=126, 99.99=326] 
2026-04-29 15:38:47:489 89 sec: 1878852 operations; 20726 current ops/sec; [READ: Count=17118, Max=1815, Min=6, Avg=36.2, 90=95, 99=155, 99.9=293, 99.99=1776] [INSERT: Count=1041, Max=6387, Min=153, Avg=187.04, 90=199, 99=255, 99.9=330, 99.99=6387] [READ-FAILED: Count=2562, Max=134, Min=43, Avg=63.62, 90=75, 99=86, 99.9=98, 99.99=134] 
2026-04-29 15:38:48:489 90 sec: 1899413 operations; 20561 current ops/sec; [READ: Count=15712, Max=1863, Min=6, Avg=35.6, 90=96, 99=147, 99.9=228, 99.99=1708] [INSERT: Count=1022, Max=290, Min=150, Avg=176.83, 90=194, 99=243, 99.9=280, 99.99=290] [READ-FAILED: Count=3825, Max=320, Min=43, Avg=61.93, 90=73, 99=84, 99.9=99, 99.99=320] 
Maximum time elapsed. Requesting stop for the workload.
Stop requested for workload. Now Joining!
[OZONEDB-PROFILE] reads=1804866  avg_total=36.57us  view=4.82us(13.2%)  log=1.59us(4.4%)  sst=47.18us_per_call x 1146198_calls(81.9%_of_total)
[OZONEDB-SST-PROFILE] level | time_total_ms | enters | range_rejects | table_gets | hits
[OZONEDB-SST-PROFILE] L1  |     16409.54 |  7288239 |       791553 |    6496686 | 450332
[OZONEDB-SST-PROFILE] L2  |      4234.51 |  1389895 |       694043 |     695852 |  52998
[OZONEDB-SST-PROFILE] L3  |      3435.71 |  1284713 |       641851 |     642862 |  36787
[OZONEDB-SST-PROFILE] L4  |      3093.15 |  1210763 |       604701 |     606062 |  29232
[OZONEDB-SST-PROFILE] L5  |      2714.85 |  1152819 |       576010 |     576809 |  23555
[OZONEDB-SST-PROFILE] L6  |      2528.59 |  1105935 |       552658 |     553277 |  20185
[OZONEDB-SST-PROFILE] L7  |     21029.59 |  2035941 |           72 |    2035869 | 123807
[OZONEDB-TBL-PROFILE] file_filter_reject=10758488  block_filter_reject=110819  index_invalid=0  block_read_more=415270  hit_from_cache=322840  miss_after_read=1214  found=736896
2026-04-29 15:38:48:566 90 sec: 1899435 operations; 282.05 current ops/sec; [READ: Count=20, Max=100, Min=7, Avg=29.75, 90=88, 99=100, 99.9=100, 99.99=100] [CLEANUP: Count=1, Max=76735, Min=76672, Avg=76704, 90=76735, 99=76735, 99.9=76735, 99.99=76735] [INSERT: Count=0, Max=0, Min=0, Avg=0, 90=0, 99=0, 99.9=0, 99.99=0] [READ-FAILED: Count=0, Max=0, Min=0, Avg=0, 90=0, 99=0, 99.9=0, 99.99=0] 
[OVERALL], RunTime(ms), 90078
[OVERALL], Throughput(ops/sec), 21086.558316126026
[TOTAL_GCS_PS_Scavenge], Count, 9
[TOTAL_GC_TIME_PS_Scavenge], Time(ms), 34
[TOTAL_GC_TIME_%_PS_Scavenge], Time(%), 0.037745065387775036
[TOTAL_GCS_PS_MarkSweep], Count, 0
[TOTAL_GC_TIME_PS_MarkSweep], Time(ms), 0
[TOTAL_GC_TIME_%_PS_MarkSweep], Time(%), 0.0
[TOTAL_GCs], Count, 9
[TOTAL_GC_TIME], Time(ms), 34
[TOTAL_GC_TIME_%], Time(%), 0.037745065387775036
[READ], Operations, 1395564
[READ], AverageLatency(us), 33.118580731517866
[READ], MinLatency(us), 4
[READ], MaxLatency(us), 46367
[READ], 95thPercentileLatency(us), 109
[READ], 99thPercentileLatency(us), 136
[READ], Return=OK, 1395564
[READ], Return=NOT_FOUND, 409302
[CLEANUP], Operations, 1
[CLEANUP], AverageLatency(us), 76704.0
[CLEANUP], MinLatency(us), 76672
[CLEANUP], MaxLatency(us), 76735
[CLEANUP], 95thPercentileLatency(us), 76735
[CLEANUP], 99thPercentileLatency(us), 76735
[INSERT], Operations, 94569
[INSERT], AverageLatency(us), 202.441825545369
[INSERT], MinLatency(us), 141
[INSERT], MaxLatency(us), 79423
[INSERT], 95thPercentileLatency(us), 220
[INSERT], 99thPercentileLatency(us), 307
[INSERT], Return=OK, 94569
[READ-FAILED], Operations, 409302
[READ-FAILED], AverageLatency(us), 54.046879810018034
[READ-FAILED], MinLatency(us), 30
[READ-FAILED], MaxLatency(us), 8495
[READ-FAILED], 95thPercentileLatency(us), 69
[READ-FAILED], 99thPercentileLatency(us), 78
	Command being timed: "/usr/lib/jvm/java-8-openjdk-amd64/bin/java -cp /users/Xinying/ozonedb/ycsb/ozonedb/conf:/users/Xinying/ozonedb/ycsb/ozonedb/target/ozonedb-binding-0.18.0-SNAPSHOT.jar:/users/Xinying/.m2/repository/org/apache/htrace/htrace-core4/4.1.0-incubating/htrace-core4-4.1.0-incubating.jar:/users/Xinying/.m2/repository/org/slf4j/slf4j-api/1.7.25/slf4j-api-1.7.25.jar:/users/Xinying/.m2/repository/org/hdrhistogram/HdrHistogram/2.1.12/HdrHistogram-2.1.12.jar:/users/Xinying/.m2/repository/ch/qos/logback/logback-classic/1.2.3/logback-classic-1.2.3.jar:/users/Xinying/.m2/repository/ozonedbjnimaven/demoproc-jni/1.0/demoproc-jni-1.0.jar:/users/Xinying/.m2/repository/ch/qos/logback/logback-core/1.2.3/logback-core-1.2.3.jar:/users/Xinying/.m2/repository/org/codehaus/jackson/jackson-mapper-asl/1.9.4/jackson-mapper-asl-1.9.4.jar:/users/Xinying/.m2/repository/org/slf4j/slf4j-simple/1.7.25/slf4j-simple-1.7.25.jar:/users/Xinying/.m2/repository/org/codehaus/jackson/jackson-core-asl/1.9.4/jackson-core-asl-1.9.4.jar:/users/Xinying/ozonedb/ycsb/core/target/core-0.18.0-SNAPSHOT.jar site.ycsb.Client -db site.ycsb.db.OzoneDBClient -threads 1 -s -P /users/Xinying/ozonedb/ycsb/workloads/generated_workloads/workloadd_1KB_1000000_1000000 -p status.interval=1 -p maxexecutiontime=90 -p operationcount=0 -p shared_config=/tmp/phase1_ozonedb_configs/shared_config_SHARED_workloadd_p8_r1_proc5.json -t"
	User time (seconds): 57.87
	System time (seconds): 26.38
	Percent of CPU this job got: 91%
	Elapsed (wall clock) time (h:mm:ss or m:ss): 1:31.69
	Average shared text size (kbytes): 0
	Average unshared data size (kbytes): 0
	Average stack size (kbytes): 0
	Average total size (kbytes): 0
	Maximum resident set size (kbytes): 4251164
	Average resident set size (kbytes): 0
	Major (requiring I/O) page faults: 437
	Minor (reclaiming a frame) page faults: 1067429
	Voluntary context switches: 227317
	Involuntary context switches: 1102
	Swaps: 0
	File system inputs: 8454382
	File system outputs: 217566
	Socket messages sent: 0
	Socket messages received: 0
	Signals delivered: 0
	Page size (bytes): 4096
	Exit status: 0
