# CMD: /usr/bin/time -v /usr/lib/jvm/java-8-openjdk-amd64/bin/java -cp /users/Xinying/ozonedb/ycsb/ozonedb/conf:/users/Xinying/ozonedb/ycsb/ozonedb/target/ozonedb-binding-0.18.0-SNAPSHOT.jar:/users/Xinying/.m2/repository/org/apache/htrace/htrace-core4/4.1.0-incubating/htrace-core4-4.1.0-incubating.jar:/users/Xinying/.m2/repository/org/slf4j/slf4j-api/1.7.25/slf4j-api-1.7.25.jar:/users/Xinying/.m2/repository/org/hdrhistogram/HdrHistogram/2.1.12/HdrHistogram-2.1.12.jar:/users/Xinying/.m2/repository/ch/qos/logback/logback-classic/1.2.3/logback-classic-1.2.3.jar:/users/Xinying/.m2/repository/ozonedbjnimaven/demoproc-jni/1.0/demoproc-jni-1.0.jar:/users/Xinying/.m2/repository/ch/qos/logback/logback-core/1.2.3/logback-core-1.2.3.jar:/users/Xinying/.m2/repository/org/codehaus/jackson/jackson-mapper-asl/1.9.4/jackson-mapper-asl-1.9.4.jar:/users/Xinying/.m2/repository/org/slf4j/slf4j-simple/1.7.25/slf4j-simple-1.7.25.jar:/users/Xinying/.m2/repository/org/codehaus/jackson/jackson-core-asl/1.9.4/jackson-core-asl-1.9.4.jar:/users/Xinying/ozonedb/ycsb/core/target/core-0.18.0-SNAPSHOT.jar site.ycsb.Client -db site.ycsb.db.OzoneDBClient -threads 1 -s -P /users/Xinying/ozonedb/ycsb/workloads/generated_workloads/workloadc_1KB_1000000_1000000 -p status.interval=1 -p maxexecutiontime=90 -p operationcount=0 -p shared_config=/tmp/phase1_ozonedb_configs/shared_config_SHARED_workloadc_p16_r1_proc10.json -t
# shared_work_path=/tank/ycsb_data/multi-proc-run/shared_ozonedb  proc_id=10/16
Command line: -db site.ycsb.db.OzoneDBClient -threads 1 -s -P /users/Xinying/ozonedb/ycsb/workloads/generated_workloads/workloadc_1KB_1000000_1000000 -p status.interval=1 -p maxexecutiontime=90 -p operationcount=0 -p shared_config=/tmp/phase1_ozonedb_configs/shared_config_SHARED_workloadc_p16_r1_proc10.json -t
YCSB Client 0.18.0-SNAPSHOT

Loading workload...
Starting test.
SLF4J: Class path contains multiple SLF4J bindings.
SLF4J: Found binding in [jar:file:/users/Xinying/.m2/repository/ch/qos/logback/logback-classic/1.2.3/logback-classic-1.2.3.jar!/org/slf4j/impl/StaticLoggerBinder.class]
SLF4J: Found binding in [jar:file:/users/Xinying/.m2/repository/org/slf4j/slf4j-simple/1.7.25/slf4j-simple-1.7.25.jar!/org/slf4j/impl/StaticLoggerBinder.class]
SLF4J: See http://www.slf4j.org/codes.html#multiple_bindings for an explanation.
SLF4J: Actual binding is of type [ch.qos.logback.classic.util.ContextSelectorStaticBinder]
Maximum execution time specified as: 90 secs
2026-04-29 15:32:22:092 0 sec: 0 operations; 
Starting compaction watcher
DBWrapper: report latency for each error is false and specific error codes to track for latency are: []
2026-04-29 15:32:23:092 1 sec: 6532 operations; 6532 current ops/sec; [READ: Count=6560, Max=57695, Min=6, Avg=97.22, 90=130, 99=173, 99.9=1140, 99.99=57695] 
2026-04-29 15:32:24:092 2 sec: 16139 operations; 9607 current ops/sec; [READ: Count=9587, Max=16055, Min=5, Avg=101.35, 90=139, 99=203, 99.9=4439, 99.99=16055] 
2026-04-29 15:32:25:092 3 sec: 29089 operations; 12950 current ops/sec; [READ: Count=12949, Max=2909, Min=5, Avg=75.43, 90=116, 99=145, 99.9=408, 99.99=727] 
2026-04-29 15:32:26:092 4 sec: 41081 operations; 11992 current ops/sec; [READ: Count=11994, Max=4759, Min=5, Avg=81.36, 90=125, 99=153, 99.9=394, 99.99=2147] 
2026-04-29 15:32:27:092 5 sec: 53309 operations; 12228 current ops/sec; [READ: Count=12230, Max=473, Min=5, Avg=79.87, 90=126, 99=152, 99.9=177, 99.99=464] 
2026-04-29 15:32:28:092 6 sec: 65914 operations; 12605 current ops/sec; [READ: Count=12600, Max=2387, Min=6, Avg=77.62, 90=123, 99=149, 99.9=182, 99.99=1075] 
2026-04-29 15:32:29:092 7 sec: 79127 operations; 13213 current ops/sec; [READ: Count=13212, Max=851, Min=5, Avg=74.22, 90=118, 99=143, 99.9=176, 99.99=410] 
2026-04-29 15:32:30:092 8 sec: 92436 operations; 13309 current ops/sec; [READ: Count=13311, Max=746, Min=5, Avg=73.7, 90=117, 99=144, 99.9=186, 99.99=431] 
2026-04-29 15:32:31:092 9 sec: 105595 operations; 13159 current ops/sec; [READ: Count=13162, Max=1576, Min=5, Avg=74.54, 90=118, 99=144, 99.9=277, 99.99=1065] 
2026-04-29 15:32:32:092 10 sec: 118765 operations; 13170 current ops/sec; [READ: Count=13165, Max=1799, Min=5, Avg=74.5, 90=118, 99=144, 99.9=182, 99.99=589] 
2026-04-29 15:32:33:092 11 sec: 131860 operations; 13095 current ops/sec; [READ: Count=13098, Max=2585, Min=5, Avg=74.88, 90=118, 99=144, 99.9=170, 99.99=2075] 
2026-04-29 15:32:34:092 12 sec: 145088 operations; 13228 current ops/sec; [READ: Count=13228, Max=2985, Min=5, Avg=74.14, 90=118, 99=144, 99.9=169, 99.99=2259] 
2026-04-29 15:32:35:092 13 sec: 158016 operations; 12928 current ops/sec; [READ: Count=12927, Max=9311, Min=5, Avg=75.85, 90=119, 99=150, 99.9=311, 99.99=2513] 
2026-04-29 15:32:36:092 14 sec: 168291 operations; 10275 current ops/sec; [READ: Count=10277, Max=2643, Min=5, Avg=95.71, 90=159, 99=195, 99.9=260, 99.99=827] 
2026-04-29 15:32:37:092 15 sec: 181504 operations; 13213 current ops/sec; [READ: Count=13209, Max=532, Min=5, Avg=74.34, 90=117, 99=142, 99.9=164, 99.99=528] 
2026-04-29 15:32:38:092 16 sec: 195121 operations; 13617 current ops/sec; [READ: Count=13619, Max=1488, Min=5, Avg=72.3, 90=116, 99=142, 99.9=170, 99.99=804] 
2026-04-29 15:32:39:092 17 sec: 208660 operations; 13539 current ops/sec; [READ: Count=13540, Max=1162, Min=5, Avg=72.74, 90=116, 99=143, 99.9=176, 99.99=770] 
2026-04-29 15:32:40:092 18 sec: 222205 operations; 13545 current ops/sec; [READ: Count=13543, Max=1220, Min=5, Avg=72.72, 90=116, 99=142, 99.9=313, 99.99=614] 
2026-04-29 15:32:41:092 19 sec: 235729 operations; 13524 current ops/sec; [READ: Count=13524, Max=3017, Min=5, Avg=72.8, 90=116, 99=142, 99.9=164, 99.99=839] 
2026-04-29 15:32:42:092 20 sec: 249302 operations; 13573 current ops/sec; [READ: Count=13575, Max=1481, Min=5, Avg=72.55, 90=116, 99=142, 99.9=189, 99.99=545] 
2026-04-29 15:32:43:092 21 sec: 262973 operations; 13671 current ops/sec; [READ: Count=13671, Max=760, Min=5, Avg=72.04, 90=116, 99=143, 99.9=197, 99.99=521] 
2026-04-29 15:32:44:092 22 sec: 276566 operations; 13593 current ops/sec; [READ: Count=13594, Max=1421, Min=5, Avg=72.45, 90=116, 99=144, 99.9=181, 99.99=643] 
2026-04-29 15:32:45:092 23 sec: 290048 operations; 13482 current ops/sec; [READ: Count=13483, Max=682, Min=5, Avg=73.05, 90=117, 99=144, 99.9=334, 99.99=656] 
2026-04-29 15:32:46:092 24 sec: 303668 operations; 13620 current ops/sec; [READ: Count=13617, Max=1618, Min=5, Avg=72.33, 90=116, 99=142, 99.9=170, 99.99=1099] 
2026-04-29 15:32:47:092 25 sec: 317116 operations; 13448 current ops/sec; [READ: Count=13447, Max=1210, Min=5, Avg=73.24, 90=117, 99=144, 99.9=188, 99.99=650] 
2026-04-29 15:32:48:092 26 sec: 330698 operations; 13582 current ops/sec; [READ: Count=13582, Max=791, Min=5, Avg=72.52, 90=116, 99=144, 99.9=263, 99.99=719] 
2026-04-29 15:32:49:092 27 sec: 343932 operations; 13234 current ops/sec; [READ: Count=13233, Max=13591, Min=5, Avg=74.38, 90=117, 99=145, 99.9=187, 99.99=2573] 
2026-04-29 15:32:50:092 28 sec: 357284 operations; 13352 current ops/sec; [READ: Count=13353, Max=1895, Min=5, Avg=73.69, 90=117, 99=143, 99.9=167, 99.99=789] 
2026-04-29 15:32:51:092 29 sec: 370793 operations; 13509 current ops/sec; [READ: Count=13512, Max=1821, Min=5, Avg=72.87, 90=117, 99=143, 99.9=174, 99.99=681] 
2026-04-29 15:32:52:092 30 sec: 384224 operations; 13431 current ops/sec; [READ: Count=13425, Max=1214, Min=5, Avg=73.34, 90=117, 99=144, 99.9=181, 99.99=1118] 
2026-04-29 15:32:53:092 31 sec: 397714 operations; 13490 current ops/sec; [READ: Count=13494, Max=580, Min=5, Avg=72.97, 90=117, 99=143, 99.9=163, 99.99=483] 
2026-04-29 15:32:54:092 32 sec: 411220 operations; 13506 current ops/sec; [READ: Count=13505, Max=1445, Min=5, Avg=72.93, 90=116, 99=144, 99.9=172, 99.99=402] 
2026-04-29 15:32:55:092 33 sec: 424731 operations; 13511 current ops/sec; [READ: Count=13510, Max=1593, Min=5, Avg=72.88, 90=116, 99=143, 99.9=180, 99.99=1054] 
2026-04-29 15:32:56:092 34 sec: 438167 operations; 13436 current ops/sec; [READ: Count=13434, Max=4103, Min=5, Avg=73.32, 90=117, 99=144, 99.9=214, 99.99=741] 
2026-04-29 15:32:57:092 35 sec: 451685 operations; 13518 current ops/sec; [READ: Count=13515, Max=2265, Min=5, Avg=72.79, 90=117, 99=144, 99.9=183, 99.99=1896] 
2026-04-29 15:32:58:094 36 sec: 463958 operations; 12248.5 current ops/sec; [READ: Count=12273, Max=1044, Min=5, Avg=80.39, 90=127, 99=174, 99.9=218, 99.99=967] 
2026-04-29 15:32:59:092 37 sec: 476897 operations; 12964.93 current ops/sec; [READ: Count=12944, Max=5587, Min=5, Avg=76.01, 90=120, 99=147, 99.9=340, 99.99=441] 
2026-04-29 15:33:00:092 38 sec: 490515 operations; 13618 current ops/sec; [READ: Count=13619, Max=493, Min=5, Avg=72.32, 90=116, 99=141, 99.9=200, 99.99=412] 
2026-04-29 15:33:01:092 39 sec: 504034 operations; 13519 current ops/sec; [READ: Count=13515, Max=1773, Min=5, Avg=72.85, 90=116, 99=142, 99.9=175, 99.99=858] 
2026-04-29 15:33:02:092 40 sec: 517523 operations; 13489 current ops/sec; [READ: Count=13491, Max=828, Min=5, Avg=73.03, 90=116, 99=143, 99.9=168, 99.99=526] 
2026-04-29 15:33:03:092 41 sec: 530907 operations; 13384 current ops/sec; [READ: Count=13382, Max=6299, Min=5, Avg=73.57, 90=117, 99=143, 99.9=190, 99.99=2081] 
2026-04-29 15:33:04:092 42 sec: 543337 operations; 12430 current ops/sec; [READ: Count=12433, Max=2042, Min=5, Avg=79.26, 90=125, 99=176, 99.9=210, 99.99=643] 
2026-04-29 15:33:05:092 43 sec: 556833 operations; 13496 current ops/sec; [READ: Count=13495, Max=1175, Min=5, Avg=72.99, 90=117, 99=143, 99.9=208, 99.99=1095] 
2026-04-29 15:33:06:092 44 sec: 570319 operations; 13486 current ops/sec; [READ: Count=13486, Max=1140, Min=4, Avg=73.03, 90=116, 99=143, 99.9=204, 99.99=926] 
2026-04-29 15:33:07:092 45 sec: 583933 operations; 13614 current ops/sec; [READ: Count=13612, Max=1011, Min=5, Avg=72.35, 90=116, 99=145, 99.9=169, 99.99=979] 
2026-04-29 15:33:08:092 46 sec: 597471 operations; 13538 current ops/sec; [READ: Count=13539, Max=1746, Min=5, Avg=72.74, 90=117, 99=141, 99.9=239, 99.99=752] 
2026-04-29 15:33:09:092 47 sec: 610974 operations; 13503 current ops/sec; [READ: Count=13504, Max=2335, Min=5, Avg=72.93, 90=116, 99=144, 99.9=180, 99.99=1583] 
2026-04-29 15:33:10:092 48 sec: 624575 operations; 13601 current ops/sec; [READ: Count=13601, Max=1050, Min=5, Avg=72.42, 90=116, 99=142, 99.9=308, 99.99=707] 
2026-04-29 15:33:11:092 49 sec: 638030 operations; 13455 current ops/sec; [READ: Count=13454, Max=1006, Min=5, Avg=73.2, 90=116, 99=143, 99.9=245, 99.99=976] 
2026-04-29 15:33:12:092 50 sec: 651445 operations; 13415 current ops/sec; [READ: Count=13414, Max=967, Min=5, Avg=73.43, 90=117, 99=144, 99.9=162, 99.99=377] 
2026-04-29 15:33:13:092 51 sec: 664918 operations; 13473 current ops/sec; [READ: Count=13474, Max=2307, Min=5, Avg=73.09, 90=117, 99=144, 99.9=167, 99.99=725] 
2026-04-29 15:33:14:092 52 sec: 678489 operations; 13571 current ops/sec; [READ: Count=13572, Max=929, Min=5, Avg=72.57, 90=116, 99=143, 99.9=165, 99.99=646] 
2026-04-29 15:33:15:092 53 sec: 691994 operations; 13505 current ops/sec; [READ: Count=13505, Max=1145, Min=5, Avg=72.93, 90=117, 99=143, 99.9=172, 99.99=624] 
2026-04-29 15:33:16:092 54 sec: 705521 operations; 13527 current ops/sec; [READ: Count=13526, Max=800, Min=5, Avg=72.82, 90=117, 99=142, 99.9=219, 99.99=614] 
2026-04-29 15:33:17:092 55 sec: 717968 operations; 12447 current ops/sec; [READ: Count=12446, Max=6515, Min=6, Avg=79.15, 90=125, 99=163, 99.9=192, 99.99=1750] 
2026-04-29 15:33:18:092 56 sec: 730932 operations; 12964 current ops/sec; [READ: Count=12965, Max=2717, Min=5, Avg=75.96, 90=121, 99=150, 99.9=189, 99.99=1525] 
2026-04-29 15:33:19:092 57 sec: 744332 operations; 13400 current ops/sec; [READ: Count=13401, Max=1580, Min=5, Avg=73.5, 90=118, 99=144, 99.9=187, 99.99=870] 
2026-04-29 15:33:20:092 58 sec: 757892 operations; 13560 current ops/sec; [READ: Count=13560, Max=584, Min=5, Avg=72.64, 90=117, 99=143, 99.9=164, 99.99=478] 
2026-04-29 15:33:21:092 59 sec: 771329 operations; 13437 current ops/sec; [READ: Count=13435, Max=4915, Min=4, Avg=73.28, 90=117, 99=142, 99.9=184, 99.99=2415] 
2026-04-29 15:33:22:092 60 sec: 784930 operations; 13601 current ops/sec; [READ: Count=13602, Max=460, Min=5, Avg=72.4, 90=117, 99=147, 99.9=198, 99.99=457] 
2026-04-29 15:33:23:092 61 sec: 798474 operations; 13544 current ops/sec; [READ: Count=13544, Max=586, Min=5, Avg=72.74, 90=117, 99=143, 99.9=170, 99.99=431] 
2026-04-29 15:33:24:092 62 sec: 811775 operations; 13301 current ops/sec; [READ: Count=13301, Max=1790, Min=5, Avg=74.03, 90=117, 99=149, 99.9=191, 99.99=1291] 
2026-04-29 15:33:25:092 63 sec: 825289 operations; 13514 current ops/sec; [READ: Count=13513, Max=1319, Min=5, Avg=72.9, 90=117, 99=142, 99.9=168, 99.99=855] 
2026-04-29 15:33:26:092 64 sec: 838882 operations; 13593 current ops/sec; [READ: Count=13594, Max=809, Min=5, Avg=72.43, 90=116, 99=140, 99.9=165, 99.99=566] 
2026-04-29 15:33:27:092 65 sec: 852443 operations; 13561 current ops/sec; [READ: Count=13560, Max=407, Min=5, Avg=72.61, 90=116, 99=145, 99.9=163, 99.99=396] 
2026-04-29 15:33:28:092 66 sec: 865860 operations; 13417 current ops/sec; [READ: Count=13417, Max=974, Min=5, Avg=73.4, 90=117, 99=144, 99.9=195, 99.99=672] 
2026-04-29 15:33:29:092 67 sec: 879307 operations; 13447 current ops/sec; [READ: Count=13449, Max=2353, Min=5, Avg=73.23, 90=117, 99=144, 99.9=172, 99.99=1305] 
2026-04-29 15:33:30:092 68 sec: 892850 operations; 13543 current ops/sec; [READ: Count=13541, Max=911, Min=5, Avg=72.73, 90=117, 99=146, 99.9=180, 99.99=596] 
2026-04-29 15:33:31:092 69 sec: 906246 operations; 13396 current ops/sec; [READ: Count=13397, Max=6339, Min=5, Avg=73.5, 90=117, 99=143, 99.9=183, 99.99=467] 
2026-04-29 15:33:32:092 70 sec: 919680 operations; 13434 current ops/sec; [READ: Count=13433, Max=1152, Min=4, Avg=73.34, 90=117, 99=145, 99.9=173, 99.99=743] 
2026-04-29 15:33:33:092 71 sec: 931734 operations; 12054 current ops/sec; [READ: Count=12054, Max=1973, Min=5, Avg=81.75, 90=130, 99=178, 99.9=226, 99.99=651] 
2026-04-29 15:33:34:092 72 sec: 945226 operations; 13492 current ops/sec; [READ: Count=13493, Max=1265, Min=5, Avg=73.04, 90=117, 99=145, 99.9=179, 99.99=402] 
2026-04-29 15:33:35:092 73 sec: 958691 operations; 13465 current ops/sec; [READ: Count=13465, Max=438, Min=5, Avg=73.14, 90=117, 99=144, 99.9=284, 99.99=415] 
2026-04-29 15:33:36:092 74 sec: 972228 operations; 13537 current ops/sec; [READ: Count=13536, Max=2105, Min=4, Avg=72.77, 90=116, 99=143, 99.9=177, 99.99=1701] 
2026-04-29 15:33:37:092 75 sec: 985690 operations; 13462 current ops/sec; [READ: Count=13462, Max=1786, Min=5, Avg=73.18, 90=117, 99=142, 99.9=182, 99.99=909] 
2026-04-29 15:33:38:092 76 sec: 998974 operations; 13284 current ops/sec; [READ: Count=13284, Max=2479, Min=5, Avg=74.15, 90=118, 99=146, 99.9=363, 99.99=1930] 
2026-04-29 15:33:39:092 77 sec: 1012300 operations; 13326 current ops/sec; [READ: Count=13327, Max=1933, Min=5, Avg=73.93, 90=118, 99=144, 99.9=204, 99.99=439] 
2026-04-29 15:33:40:092 78 sec: 1026326 operations; 14026 current ops/sec; [READ: Count=14026, Max=439, Min=5, Avg=70.2, 90=113, 99=139, 99.9=289, 99.99=435] 
2026-04-29 15:33:41:092 79 sec: 1039899 operations; 13573 current ops/sec; [READ: Count=13574, Max=1309, Min=5, Avg=72.57, 90=116, 99=141, 99.9=179, 99.99=1156] 
2026-04-29 15:33:42:092 80 sec: 1053390 operations; 13491 current ops/sec; [READ: Count=13491, Max=1932, Min=5, Avg=73.01, 90=117, 99=143, 99.9=173, 99.99=586] 
2026-04-29 15:33:43:092 81 sec: 1067012 operations; 13622 current ops/sec; [READ: Count=13622, Max=883, Min=4, Avg=72.3, 90=116, 99=141, 99.9=174, 99.99=794] 
2026-04-29 15:33:44:092 82 sec: 1080506 operations; 13494 current ops/sec; [READ: Count=13493, Max=439, Min=5, Avg=73, 90=117, 99=145, 99.9=216, 99.99=432] 
2026-04-29 15:33:45:092 83 sec: 1092705 operations; 12199 current ops/sec; [READ: Count=12200, Max=7063, Min=5, Avg=80.79, 90=126, 99=174, 99.9=252, 99.99=2729] 
2026-04-29 15:33:46:092 84 sec: 1106319 operations; 13614 current ops/sec; [READ: Count=13613, Max=1305, Min=5, Avg=72.32, 90=116, 99=143, 99.9=373, 99.99=956] 
2026-04-29 15:33:47:092 85 sec: 1116170 operations; 9851 current ops/sec; [READ: Count=9852, Max=545, Min=6, Avg=100.15, 90=163, 99=198, 99.9=225, 99.99=545] 
2026-04-29 15:33:48:092 86 sec: 1129621 operations; 13451 current ops/sec; [READ: Count=13450, Max=2079, Min=5, Avg=73.21, 90=117, 99=144, 99.9=334, 99.99=1224] 
2026-04-29 15:33:49:092 87 sec: 1143060 operations; 13439 current ops/sec; [READ: Count=13439, Max=776, Min=5, Avg=73.28, 90=117, 99=144, 99.9=175, 99.99=731] 
2026-04-29 15:33:50:092 88 sec: 1156703 operations; 13643 current ops/sec; [READ: Count=13642, Max=674, Min=5, Avg=72.17, 90=116, 99=140, 99.9=229, 99.99=582] 
2026-04-29 15:33:51:092 89 sec: 1170395 operations; 13692 current ops/sec; [READ: Count=13692, Max=353, Min=5, Avg=71.92, 90=115, 99=140, 99.9=178, 99.99=353] 
Maximum time elapsed. Requesting stop for the workload.
2026-04-29 15:33:52:092 90 sec: 1184094 operations; 13699 current ops/sec; [READ: Count=13698, Max=381, Min=5, Avg=71.87, 90=115, 99=141, 99.9=167, 99.99=365] 
Stop requested for workload. Now Joining!
[OZONEDB-PROFILE] reads=1184099  avg_total=72.63us  view=3.90us(5.4%)  log=0.81us(1.1%)  sst=68.75us_per_call x 1165976_calls(93.2%_of_total)
[OZONEDB-SST-PROFILE] level | time_total_ms | enters | range_rejects | table_gets | hits
[OZONEDB-SST-PROFILE] L1  |      6314.02 |  2330325 |      1164360 |    1165965 |  73873
[OZONEDB-SST-PROFILE] L2  |      5401.45 |  2182463 |      1090380 |    1092083 |  63372
[OZONEDB-SST-PROFILE] L3  |      5304.88 |  2055973 |      1027247 |    1028726 |  67807
[OZONEDB-SST-PROFILE] L4  |      5431.90 |  1919612 |       958700 |     960912 | 107071
[OZONEDB-SST-PROFILE] L5  |      4744.54 |  1705751 |       851962 |     853789 |  54098
[OZONEDB-SST-PROFILE] L6  |      4749.07 |  1597552 |       797836 |     799716 |  63853
[OZONEDB-SST-PROFILE] L7  |     47457.76 |  2564552 |          117 |    2564435 | 735902
[OZONEDB-TBL-PROFILE] file_filter_reject=7182433  block_filter_reject=115796  index_invalid=0  block_read_more=677650  hit_from_cache=489747  miss_after_read=1421  found=1165976
2026-04-29 15:33:52:115 90 sec: 1184099 operations; 217.39 current ops/sec; [READ: Count=4, Max=112, Min=18, Avg=58.5, 90=112, 99=112, 99.9=112, 99.99=112] [CLEANUP: Count=1, Max=22815, Min=22800, Avg=22808, 90=22815, 99=22815, 99.9=22815, 99.99=22815] 
[OVERALL], RunTime(ms), 90023
[OVERALL], Throughput(ops/sec), 13153.29415815958
[TOTAL_GCS_PS_Scavenge], Count, 6
[TOTAL_GC_TIME_PS_Scavenge], Time(ms), 47
[TOTAL_GC_TIME_%_PS_Scavenge], Time(%), 0.052208879952900925
[TOTAL_GCS_PS_MarkSweep], Count, 0
[TOTAL_GC_TIME_PS_MarkSweep], Time(ms), 0
[TOTAL_GC_TIME_%_PS_MarkSweep], Time(%), 0.0
[TOTAL_GCs], Count, 6
[TOTAL_GC_TIME], Time(ms), 47
[TOTAL_GC_TIME_%], Time(%), 0.052208879952900925
[READ], Operations, 1184099
[READ], AverageLatency(us), 74.49903006420915
[READ], MinLatency(us), 4
[READ], MaxLatency(us), 57695
[READ], 95thPercentileLatency(us), 125
[READ], 99thPercentileLatency(us), 152
[READ], Return=OK, 1184099
[CLEANUP], Operations, 1
[CLEANUP], AverageLatency(us), 22808.0
[CLEANUP], MinLatency(us), 22800
[CLEANUP], MaxLatency(us), 22815
[CLEANUP], 95thPercentileLatency(us), 22815
[CLEANUP], 99thPercentileLatency(us), 22815
	Command being timed: "/usr/lib/jvm/java-8-openjdk-amd64/bin/java -cp /users/Xinying/ozonedb/ycsb/ozonedb/conf:/users/Xinying/ozonedb/ycsb/ozonedb/target/ozonedb-binding-0.18.0-SNAPSHOT.jar:/users/Xinying/.m2/repository/org/apache/htrace/htrace-core4/4.1.0-incubating/htrace-core4-4.1.0-incubating.jar:/users/Xinying/.m2/repository/org/slf4j/slf4j-api/1.7.25/slf4j-api-1.7.25.jar:/users/Xinying/.m2/repository/org/hdrhistogram/HdrHistogram/2.1.12/HdrHistogram-2.1.12.jar:/users/Xinying/.m2/repository/ch/qos/logback/logback-classic/1.2.3/logback-classic-1.2.3.jar:/users/Xinying/.m2/repository/ozonedbjnimaven/demoproc-jni/1.0/demoproc-jni-1.0.jar:/users/Xinying/.m2/repository/ch/qos/logback/logback-core/1.2.3/logback-core-1.2.3.jar:/users/Xinying/.m2/repository/org/codehaus/jackson/jackson-mapper-asl/1.9.4/jackson-mapper-asl-1.9.4.jar:/users/Xinying/.m2/repository/org/slf4j/slf4j-simple/1.7.25/slf4j-simple-1.7.25.jar:/users/Xinying/.m2/repository/org/codehaus/jackson/jackson-core-asl/1.9.4/jackson-core-asl-1.9.4.jar:/users/Xinying/ozonedb/ycsb/core/target/core-0.18.0-SNAPSHOT.jar site.ycsb.Client -db site.ycsb.db.OzoneDBClient -threads 1 -s -P /users/Xinying/ozonedb/ycsb/workloads/generated_workloads/workloadc_1KB_1000000_1000000 -p status.interval=1 -p maxexecutiontime=90 -p operationcount=0 -p shared_config=/tmp/phase1_ozonedb_configs/shared_config_SHARED_workloadc_p16_r1_proc10.json -t"
	User time (seconds): 59.74
	System time (seconds): 33.96
	Percent of CPU this job got: 101%
	Elapsed (wall clock) time (h:mm:ss or m:ss): 1:32.69
	Average shared text size (kbytes): 0
	Average unshared data size (kbytes): 0
	Average stack size (kbytes): 0
	Average total size (kbytes): 0
	Maximum resident set size (kbytes): 4737012
	Average resident set size (kbytes): 0
	Major (requiring I/O) page faults: 422
	Minor (reclaiming a frame) page faults: 1188864
	Voluntary context switches: 13642
	Involuntary context switches: 1161
	Swaps: 0
	File system inputs: 10913004
	File system outputs: 808
	Socket messages sent: 0
	Socket messages received: 0
	Signals delivered: 0
	Page size (bytes): 4096
	Exit status: 0
