# CMD: /usr/bin/time -v /usr/lib/jvm/java-8-openjdk-amd64/bin/java -cp /users/Xinying/ozonedb/ycsb/ozonedb/conf:/users/Xinying/ozonedb/ycsb/ozonedb/target/ozonedb-binding-0.18.0-SNAPSHOT.jar:/users/Xinying/.m2/repository/org/apache/htrace/htrace-core4/4.1.0-incubating/htrace-core4-4.1.0-incubating.jar:/users/Xinying/.m2/repository/org/slf4j/slf4j-api/1.7.25/slf4j-api-1.7.25.jar:/users/Xinying/.m2/repository/org/hdrhistogram/HdrHistogram/2.1.12/HdrHistogram-2.1.12.jar:/users/Xinying/.m2/repository/ch/qos/logback/logback-classic/1.2.3/logback-classic-1.2.3.jar:/users/Xinying/.m2/repository/ozonedbjnimaven/demoproc-jni/1.0/demoproc-jni-1.0.jar:/users/Xinying/.m2/repository/ch/qos/logback/logback-core/1.2.3/logback-core-1.2.3.jar:/users/Xinying/.m2/repository/org/codehaus/jackson/jackson-mapper-asl/1.9.4/jackson-mapper-asl-1.9.4.jar:/users/Xinying/.m2/repository/org/slf4j/slf4j-simple/1.7.25/slf4j-simple-1.7.25.jar:/users/Xinying/.m2/repository/org/codehaus/jackson/jackson-core-asl/1.9.4/jackson-core-asl-1.9.4.jar:/users/Xinying/ozonedb/ycsb/core/target/core-0.18.0-SNAPSHOT.jar site.ycsb.Client -db site.ycsb.db.OzoneDBClient -threads 1 -s -P /users/Xinying/ozonedb/ycsb/workloads/generated_workloads/workloadd_1KB_1000000_1000000 -p status.interval=1 -p maxexecutiontime=90 -p operationcount=0 -p shared_config=/tmp/phase1_ozonedb_configs/shared_config_SHARED_workloadd_p16_r1_proc15.json -t
# shared_work_path=/tank/ycsb_data/multi-proc-run/shared_ozonedb  proc_id=15/16
Command line: -db site.ycsb.db.OzoneDBClient -threads 1 -s -P /users/Xinying/ozonedb/ycsb/workloads/generated_workloads/workloadd_1KB_1000000_1000000 -p status.interval=1 -p maxexecutiontime=90 -p operationcount=0 -p shared_config=/tmp/phase1_ozonedb_configs/shared_config_SHARED_workloadd_p16_r1_proc15.json -t
YCSB Client 0.18.0-SNAPSHOT

Loading workload...
Starting test.
SLF4J: Class path contains multiple SLF4J bindings.
SLF4J: Found binding in [jar:file:/users/Xinying/.m2/repository/ch/qos/logback/logback-classic/1.2.3/logback-classic-1.2.3.jar!/org/slf4j/impl/StaticLoggerBinder.class]
SLF4J: Found binding in [jar:file:/users/Xinying/.m2/repository/org/slf4j/slf4j-simple/1.7.25/slf4j-simple-1.7.25.jar!/org/slf4j/impl/StaticLoggerBinder.class]
SLF4J: See http://www.slf4j.org/codes.html#multiple_bindings for an explanation.
SLF4J: Actual binding is of type [ch.qos.logback.classic.util.ContextSelectorStaticBinder]
Maximum execution time specified as: 90 secs
2026-04-29 15:38:57:121 0 sec: 0 operations; 
Starting compaction watcher
DBWrapper: report latency for each error is false and specific error codes to track for latency are: []
2026-04-29 15:38:58:121 1 sec: 7281 operations; 7281 current ops/sec; [READ: Count=6486, Max=57087, Min=4, Avg=56.63, 90=113, 99=257, 99.9=3259, 99.99=57087] [INSERT: Count=357, Max=21071, Min=184, Avg=608.67, 90=936, 99=7179, 99.9=21071, 99.99=21071] [READ-FAILED: Count=439, Max=1377, Min=39, Avg=75.59, 90=95, 99=229, 99.9=1377, 99.99=1377] 
2026-04-29 15:38:59:121 2 sec: 24849 operations; 17568 current ops/sec; [READ: Count=15037, Max=4479, Min=4, Avg=35.43, 90=94, 99=175, 99.9=424, 99.99=4479] [INSERT: Count=870, Max=72447, Min=164, Avg=374.49, 90=284, 99=985, 99.9=72447, 99.99=72447] [READ-FAILED: Count=1672, Max=105, Min=32, Avg=51.51, 90=64, 99=84, 99.9=102, 99.99=105] 
2026-04-29 15:39:00:121 3 sec: 44236 operations; 19387 current ops/sec; [READ: Count=15216, Max=4675, Min=4, Avg=37.36, 90=97, 99=162, 99.9=506, 99.99=4635] [INSERT: Count=976, Max=5759, Min=153, Avg=230.54, 90=267, 99=390, 99.9=5759, 99.99=5759] [READ-FAILED: Count=3200, Max=206, Min=32, Avg=53.21, 90=67, 99=89, 99.9=162, 99.99=206] 
2026-04-29 15:39:01:121 4 sec: 63513 operations; 19277 current ops/sec; [READ: Count=15702, Max=4739, Min=4, Avg=37.33, 90=98, 99=169, 99.9=623, 99.99=4049] [INSERT: Count=956, Max=15711, Min=164, Avg=240.78, 90=268, 99=399, 99.9=15711, 99.99=15711] [READ-FAILED: Count=2609, Max=245, Min=33, Avg=56.3, 90=74, 99=97, 99.9=177, 99.99=245] 
2026-04-29 15:39:02:121 5 sec: 83220 operations; 19707 current ops/sec; [READ: Count=15694, Max=3947, Min=4, Avg=37.84, 90=92, 99=156, 99.9=456, 99.99=3583] [INSERT: Count=945, Max=5455, Min=157, Avg=222.35, 90=259, 99=350, 99.9=5455, 99.99=5455] [READ-FAILED: Count=3073, Max=242, Min=34, Avg=54.03, 90=68, 99=89, 99.9=165, 99.99=242] 
2026-04-29 15:39:03:121 6 sec: 100739 operations; 17519 current ops/sec; [READ: Count=14560, Max=3415, Min=4, Avg=34.48, 90=91, 99=161, 99.9=280, 99.99=3313] [INSERT: Count=859, Max=122623, Min=163, Avg=413.24, 90=494, 99=1005, 99.9=122623, 99.99=122623] [READ-FAILED: Count=2099, Max=186, Min=35, Avg=55.38, 90=71, 99=96, 99.9=154, 99.99=186] 
2026-04-29 15:39:04:121 7 sec: 120372 operations; 19633 current ops/sec; [READ: Count=15353, Max=3659, Min=4, Avg=36.89, 90=97, 99=163, 99.9=667, 99.99=3427] [INSERT: Count=959, Max=2237, Min=160, Avg=228.14, 90=269, 99=446, 99.9=2237, 99.99=2237] [READ-FAILED: Count=3329, Max=236, Min=31, Avg=54.86, 90=71, 99=98, 99.9=165, 99.99=236] 
2026-04-29 15:39:05:121 8 sec: 139654 operations; 19282 current ops/sec; [READ: Count=14166, Max=3453, Min=4, Avg=37.07, 90=94, 99=149, 99.9=312, 99.99=3041] [INSERT: Count=951, Max=4923, Min=155, Avg=232.29, 90=282, 99=615, 99.9=4923, 99.99=4923] [READ-FAILED: Count=4147, Max=346, Min=33, Avg=53.78, 90=66, 99=85, 99.9=145, 99.99=346] 
2026-04-29 15:39:06:121 9 sec: 159253 operations; 19599 current ops/sec; [READ: Count=14267, Max=3393, Min=5, Avg=37.51, 90=96, 99=150, 99.9=266, 99.99=3331] [INSERT: Count=1001, Max=3531, Min=148, Avg=212.47, 90=253, 99=321, 99.9=463, 99.99=3531] [READ-FAILED: Count=4330, Max=170, Min=32, Avg=51.73, 90=63, 99=82, 99.9=100, 99.99=170] 
2026-04-29 15:39:07:121 10 sec: 178222 operations; 18969 current ops/sec; [READ: Count=14831, Max=6995, Min=5, Avg=37.72, 90=101, 99=167, 99.9=679, 99.99=3527] [INSERT: Count=927, Max=21919, Min=165, Avg=257.19, 90=282, 99=353, 99.9=21919, 99.99=21919] [READ-FAILED: Count=3212, Max=441, Min=34, Avg=54.85, 90=70, 99=96, 99.9=165, 99.99=441] 
2026-04-29 15:39:08:121 11 sec: 194623 operations; 16401 current ops/sec; [READ: Count=11430, Max=4779, Min=5, Avg=37.52, 90=97, 99=142, 99.9=360, 99.99=3315] [INSERT: Count=886, Max=112767, Min=165, Avg=378.45, 90=339, 99=925, 99.9=112767, 99.99=112767] [READ-FAILED: Count=4100, Max=319, Min=35, Avg=52.44, 90=63, 99=81, 99.9=153, 99.99=319] 
2026-04-29 15:39:09:121 12 sec: 214440 operations; 19817 current ops/sec; [READ: Count=15243, Max=3961, Min=5, Avg=36.4, 90=96, 99=155, 99.9=438, 99.99=3495] [INSERT: Count=950, Max=20639, Min=153, Avg=233.06, 90=260, 99=356, 99.9=20639, 99.99=20639] [READ-FAILED: Count=3623, Max=177, Min=35, Avg=55.31, 90=69, 99=88, 99.9=116, 99.99=177] 
2026-04-29 15:39:10:121 13 sec: 234117 operations; 19677 current ops/sec; [READ: Count=15525, Max=3397, Min=5, Avg=37.25, 90=101, 99=164, 99.9=328, 99.99=3089] [INSERT: Count=963, Max=2095, Min=151, Avg=218.02, 90=263, 99=337, 99.9=2095, 99.99=2095] [READ-FAILED: Count=3184, Max=2173, Min=36, Avg=59.04, 90=75, 99=96, 99.9=123, 99.99=2173] 
2026-04-29 15:39:11:121 14 sec: 254770 operations; 20653 current ops/sec; [READ: Count=18170, Max=3781, Min=5, Avg=31.25, 90=90, 99=163, 99.9=282, 99.99=3723] [INSERT: Count=991, Max=111423, Min=162, Avg=332.41, 90=254, 99=321, 99.9=111423, 99.99=111423] [READ-FAILED: Count=1500, Max=163, Min=34, Avg=53.51, 90=66, 99=85, 99.9=116, 99.99=163] 
2026-04-29 15:39:12:121 15 sec: 274671 operations; 19901 current ops/sec; [READ: Count=15344, Max=3377, Min=5, Avg=33.53, 90=92, 99=153, 99.9=302, 99.99=3121] [INSERT: Count=955, Max=2235, Min=159, Avg=220.46, 90=258, 99=357, 99.9=2235, 99.99=2235] [READ-FAILED: Count=3584, Max=120, Min=33, Avg=52.75, 90=66, 99=86, 99.9=97, 99.99=120] 
2026-04-29 15:39:13:121 16 sec: 290660 operations; 15989 current ops/sec; [READ: Count=15224, Max=3509, Min=5, Avg=41.12, 90=111, 99=212, 99.9=396, 99.99=3075] [INSERT: Count=779, Max=103295, Min=170, Avg=534.49, 90=534, 99=1322, 99.9=103295, 99.99=103295] [READ-FAILED: Count=0, Max=0, Min=0, Avg=0, 90=0, 99=0, 99.9=0, 99.99=0] 
2026-04-29 15:39:14:121 17 sec: 312341 operations; 21681 current ops/sec; [READ: Count=18176, Max=3787, Min=5, Avg=32.68, 90=91, 99=153, 99.9=293, 99.99=3547] [INSERT: Count=1109, Max=18543, Min=159, Avg=230.42, 90=255, 99=333, 99.9=618, 99.99=18543] [READ-FAILED: Count=2391, Max=117, Min=35, Avg=53.09, 90=62, 99=75, 99.9=104, 99.99=117] 
2026-04-29 15:39:15:121 18 sec: 332332 operations; 19991 current ops/sec; [READ: Count=16027, Max=3659, Min=5, Avg=36.29, 90=101, 99=173, 99.9=291, 99.99=3577] [INSERT: Count=1022, Max=635, Min=152, Avg=219.71, 90=266, 99=351, 99.9=565, 99.99=635] [READ-FAILED: Count=2948, Max=716, Min=35, Avg=57.66, 90=75, 99=96, 99.9=164, 99.99=716] 
2026-04-29 15:39:16:121 19 sec: 351517 operations; 19185 current ops/sec; [READ: Count=13924, Max=5351, Min=5, Avg=37.04, 90=95, 99=153, 99.9=383, 99.99=3761] [INSERT: Count=979, Max=22975, Min=157, Avg=234.94, 90=254, 99=335, 99.9=22975, 99.99=22975] [READ-FAILED: Count=4272, Max=180, Min=35, Avg=54.24, 90=66, 99=87, 99.9=115, 99.99=180] 
2026-04-29 15:39:17:121 20 sec: 369475 operations; 17958 current ops/sec; [READ: Count=13821, Max=3741, Min=5, Avg=41.17, 90=107, 99=173, 99.9=320, 99.99=3619] [INSERT: Count=927, Max=1584, Min=162, Avg=227.01, 90=273, 99=370, 99.9=1584, 99.99=1584] [READ-FAILED: Count=3212, Max=320, Min=35, Avg=61.63, 90=81, 99=104, 99.9=173, 99.99=320] 
2026-04-29 15:39:18:121 21 sec: 387049 operations; 17574 current ops/sec; [READ: Count=13038, Max=3579, Min=5, Avg=34.5, 90=92, 99=143, 99.9=264, 99.99=3479] [INSERT: Count=856, Max=101055, Min=162, Avg=393.48, 90=367, 99=1150, 99.9=101055, 99.99=101055] [READ-FAILED: Count=3685, Max=220, Min=34, Avg=52.52, 90=62, 99=84, 99.9=166, 99.99=220] 
2026-04-29 15:39:19:121 22 sec: 406694 operations; 19645 current ops/sec; [READ: Count=15306, Max=3587, Min=5, Avg=37.69, 90=104, 99=173, 99.9=312, 99.99=3379] [INSERT: Count=941, Max=757, Min=151, Avg=215.93, 90=262, 99=364, 99.9=757, 99.99=757] [READ-FAILED: Count=3389, Max=314, Min=35, Avg=57.83, 90=76, 99=96, 99.9=153, 99.99=314] 
2026-04-29 15:39:20:121 23 sec: 427392 operations; 20698 current ops/sec; [READ: Count=17860, Max=3345, Min=5, Avg=33.01, 90=91, 99=161, 99.9=336, 99.99=3213] [INSERT: Count=1041, Max=68735, Min=145, Avg=269.37, 90=248, 99=322, 99.9=1575, 99.99=68735] [READ-FAILED: Count=1803, Max=679, Min=36, Avg=59.68, 90=78, 99=101, 99.9=193, 99.99=679] 
2026-04-29 15:39:21:121 24 sec: 446619 operations; 19227 current ops/sec; [READ: Count=13583, Max=3619, Min=5, Avg=37.83, 90=95, 99=147, 99.9=356, 99.99=3437] [INSERT: Count=1008, Max=1999, Min=146, Avg=206.01, 90=250, 99=325, 99.9=647, 99.99=1999] [READ-FAILED: Count=4640, Max=188, Min=36, Avg=55.18, 90=67, 99=88, 99.9=160, 99.99=188] 
2026-04-29 15:39:22:121 25 sec: 466304 operations; 19685 current ops/sec; [READ: Count=14454, Max=3661, Min=5, Avg=35.95, 90=94, 99=150, 99.9=284, 99.99=3399] [INSERT: Count=965, Max=19599, Min=157, Avg=231.22, 90=252, 99=329, 99.9=19599, 99.99=19599] [READ-FAILED: Count=4265, Max=179, Min=37, Avg=55.06, 90=66, 99=87, 99.9=108, 99.99=179] 
2026-04-29 15:39:23:121 26 sec: 483617 operations; 17313 current ops/sec; [READ: Count=14425, Max=3541, Min=5, Avg=38.14, 90=106, 99=182, 99.9=317, 99.99=3433] [INSERT: Count=828, Max=102655, Min=162, Avg=360.58, 90=281, 99=815, 99.9=102655, 99.99=102655] [READ-FAILED: Count=2049, Max=226, Min=37, Avg=63.13, 90=84, 99=106, 99.9=155, 99.99=226] 
2026-04-29 15:39:24:121 27 sec: 503156 operations; 19539 current ops/sec; [READ: Count=17640, Max=3321, Min=5, Avg=34.58, 90=97, 99=173, 99.9=308, 99.99=3301] [INSERT: Count=953, Max=71999, Min=161, Avg=326, 90=314, 99=895, 99.9=71999, 99.99=71999] [READ-FAILED: Count=958, Max=147, Min=38, Avg=60.46, 90=75, 99=97, 99.9=147, 99.99=147] 
2026-04-29 15:39:25:121 28 sec: 523373 operations; 20217 current ops/sec; [READ: Count=17673, Max=3707, Min=5, Avg=37.73, 90=103, 99=184, 99.9=322, 99.99=3441] [INSERT: Count=995, Max=524, Min=155, Avg=220.92, 90=264, 99=340, 99.9=524, 99.99=524] [READ-FAILED: Count=1546, Max=259, Min=32, Avg=57.99, 90=72, 99=102, 99.9=149, 99.99=259] 
2026-04-29 15:39:26:121 29 sec: 542167 operations; 18794 current ops/sec; [READ: Count=14609, Max=4591, Min=5, Avg=34.59, 90=92, 99=144, 99.9=271, 99.99=3657] [INSERT: Count=974, Max=96319, Min=154, Avg=304.77, 90=246, 99=316, 99.9=96319, 99.99=96319] [READ-FAILED: Count=3219, Max=178, Min=38, Avg=54.97, 90=66, 99=80, 99.9=100, 99.99=178] 
2026-04-29 15:39:27:121 30 sec: 560541 operations; 18374 current ops/sec; [READ: Count=14750, Max=3623, Min=5, Avg=39.82, 90=109, 99=181, 99.9=307, 99.99=3555] [INSERT: Count=928, Max=2061, Min=163, Avg=234.13, 90=276, 99=366, 99.9=2061, 99.99=2061] [READ-FAILED: Count=2681, Max=368, Min=38, Avg=64.13, 90=85, 99=106, 99.9=145, 99.99=368] 
2026-04-29 15:39:28:121 31 sec: 581265 operations; 20724 current ops/sec; [READ: Count=17485, Max=4061, Min=5, Avg=35.21, 90=92, 99=157, 99.9=312, 99.99=3535] [INSERT: Count=988, Max=19455, Min=154, Avg=230.83, 90=249, 99=318, 99.9=19455, 99.99=19455] [READ-FAILED: Count=2248, Max=224, Min=40, Avg=57.02, 90=67, 99=84, 99.9=167, 99.99=224] 
2026-04-29 15:39:29:121 32 sec: 597299 operations; 16034 current ops/sec; [READ: Count=12750, Max=3323, Min=5, Avg=39.85, 90=108, 99=172, 99.9=288, 99.99=3229] [INSERT: Count=812, Max=108479, Min=153, Avg=391.57, 90=329, 99=980, 99.9=108479, 99.99=108479] [READ-FAILED: Count=2480, Max=220, Min=39, Avg=64.67, 90=85, 99=111, 99.9=185, 99.99=220] 
2026-04-29 15:39:30:121 33 sec: 615966 operations; 18667 current ops/sec; [READ: Count=16123, Max=3435, Min=5, Avg=36.31, 90=101, 99=170, 99.9=395, 99.99=3421] [INSERT: Count=915, Max=94463, Min=156, Avg=319.3, 90=259, 99=348, 99.9=94463, 99.99=94463] [READ-FAILED: Count=1627, Max=163, Min=40, Avg=62.19, 90=79, 99=102, 99.9=123, 99.99=163] 
2026-04-29 15:39:31:121 34 sec: 636403 operations; 20437 current ops/sec; [READ: Count=15892, Max=3527, Min=5, Avg=35.43, 90=96, 99=151, 99.9=240, 99.99=3323] [INSERT: Count=1029, Max=1354, Min=157, Avg=203.69, 90=243, 99=302, 99.9=427, 99.99=1354] [READ-FAILED: Count=3520, Max=229, Min=39, Avg=58.03, 90=70, 99=92, 99.9=129, 99.99=229] 
2026-04-29 15:39:32:121 35 sec: 655045 operations; 18642 current ops/sec; [READ: Count=14923, Max=3151, Min=6, Avg=39.33, 90=101, 99=174, 99.9=362, 99.99=2951] [INSERT: Count=893, Max=20143, Min=157, Avg=239.97, 90=256, 99=332, 99.9=20143, 99.99=20143] [READ-FAILED: Count=2822, Max=1115, Min=40, Avg=62.9, 90=78, 99=99, 99.9=188, 99.99=1115] 
2026-04-29 15:39:33:121 36 sec: 676378 operations; 21333 current ops/sec; [READ: Count=18876, Max=3673, Min=6, Avg=34.28, 90=95, 99=169, 99.9=298, 99.99=2991] [INSERT: Count=1005, Max=19375, Min=151, Avg=236.67, 90=246, 99=323, 99.9=6095, 99.99=19375] [READ-FAILED: Count=1458, Max=204, Min=44, Avg=62.85, 90=82, 99=107, 99.9=184, 99.99=204] 
2026-04-29 15:39:34:121 37 sec: 693221 operations; 16843 current ops/sec; [READ: Count=13727, Max=3075, Min=6, Avg=38.11, 90=105, 99=172, 99.9=285, 99.99=3009] [INSERT: Count=820, Max=100543, Min=157, Avg=379.45, 90=312, 99=941, 99.9=100543, 99.99=100543] [READ-FAILED: Count=2297, Max=236, Min=36, Avg=63.4, 90=84, 99=105, 99.9=161, 99.99=236] 
2026-04-29 15:39:35:121 38 sec: 712713 operations; 19492 current ops/sec; [READ: Count=15449, Max=3143, Min=6, Avg=36.64, 90=99, 99=162, 99.9=362, 99.99=3099] [INSERT: Count=980, Max=21599, Min=151, Avg=226.52, 90=249, 99=332, 99.9=21599, 99.99=21599] [READ-FAILED: Count=3058, Max=191, Min=38, Avg=62.14, 90=81, 99=101, 99.9=152, 99.99=191] 
2026-04-29 15:39:36:121 39 sec: 730834 operations; 18121 current ops/sec; [READ: Count=12808, Max=5643, Min=6, Avg=41.05, 90=98, 99=150, 99.9=329, 99.99=3483] [INSERT: Count=947, Max=3005, Min=155, Avg=206.02, 90=239, 99=311, 99.9=3005, 99.99=3005] [READ-FAILED: Count=4367, Max=176, Min=38, Avg=58.94, 90=71, 99=95, 99.9=166, 99.99=176] 
2026-04-29 15:39:37:121 40 sec: 746807 operations; 15973 current ops/sec; [READ: Count=12379, Max=3495, Min=6, Avg=43.26, 90=113, 99=183, 99.9=359, 99.99=3159] [INSERT: Count=853, Max=69695, Min=155, Avg=302.08, 90=263, 99=380, 99.9=69695, 99.99=69695] [READ-FAILED: Count=2739, Max=169, Min=34, Avg=68.05, 90=89, 99=111, 99.9=164, 99.99=169] 
2026-04-29 15:39:38:121 41 sec: 766423 operations; 19616 current ops/sec; [READ: Count=15823, Max=3157, Min=6, Avg=37.09, 90=100, 99=167, 99.9=269, 99.99=3073] [INSERT: Count=994, Max=506, Min=167, Avg=218.22, 90=261, 99=339, 99.9=506, 99.99=506] [READ-FAILED: Count=2799, Max=1496, Min=40, Avg=62.13, 90=80, 99=105, 99.9=198, 99.99=1496] 
2026-04-29 15:39:39:121 42 sec: 782536 operations; 16113 current ops/sec; [READ: Count=12753, Max=3135, Min=6, Avg=35.97, 90=98, 99=161, 99.9=253, 99.99=3075] [INSERT: Count=819, Max=99967, Min=154, Avg=452.71, 90=282, 99=906, 99.9=99967, 99.99=99967] [READ-FAILED: Count=2539, Max=260, Min=40, Avg=59.79, 90=72, 99=95, 99.9=172, 99.99=260] 
2026-04-29 15:39:40:121 43 sec: 801572 operations; 19036 current ops/sec; [READ: Count=15322, Max=4027, Min=6, Avg=39.32, 90=98, 99=178, 99.9=332, 99.99=3237] [INSERT: Count=1000, Max=10799, Min=151, Avg=212.86, 90=245, 99=347, 99.9=1061, 99.99=10799] [READ-FAILED: Count=2723, Max=318, Min=41, Avg=59.9, 90=72, 99=91, 99.9=194, 99.99=318] 
2026-04-29 15:39:41:121 44 sec: 820927 operations; 19355 current ops/sec; [READ: Count=14045, Max=3107, Min=6, Avg=37.32, 90=95, 99=140, 99.9=264, 99.99=2911] [INSERT: Count=967, Max=1911, Min=162, Avg=208.66, 90=249, 99=325, 99.9=1911, 99.99=1911] [READ-FAILED: Count=4338, Max=186, Min=40, Avg=58.03, 90=68, 99=81, 99.9=106, 99.99=186] 
2026-04-29 15:39:42:121 45 sec: 839402 operations; 18475 current ops/sec; [READ: Count=12769, Max=3413, Min=6, Avg=38.95, 90=98, 99=142, 99.9=360, 99.99=3233] [INSERT: Count=989, Max=382, Min=161, Avg=210.67, 90=256, 99=322, 99.9=382, 99.99=382] [READ-FAILED: Count=4712, Max=182, Min=40, Avg=58.03, 90=68, 99=85, 99.9=125, 99.99=182] 
2026-04-29 15:39:43:121 46 sec: 857574 operations; 18172 current ops/sec; [READ: Count=13160, Max=3957, Min=6, Avg=39.54, 90=100, 99=156, 99.9=372, 99.99=3269] [INSERT: Count=905, Max=20239, Min=159, Avg=233.04, 90=253, 99=330, 99.9=20239, 99.99=20239] [READ-FAILED: Count=4112, Max=653, Min=41, Avg=60.21, 90=72, 99=96, 99.9=123, 99.99=653] 
2026-04-29 15:39:44:121 47 sec: 873513 operations; 15939 current ops/sec; [READ: Count=12990, Max=3333, Min=6, Avg=40.77, 90=107, 99=180, 99.9=304, 99.99=3185] [INSERT: Count=771, Max=98623, Min=163, Avg=401.06, 90=402, 99=1163, 99.9=98623, 99.99=98623] [READ-FAILED: Count=2177, Max=361, Min=42, Avg=65.36, 90=84, 99=110, 99.9=192, 99.99=361] 
2026-04-29 15:39:45:121 48 sec: 892712 operations; 19199 current ops/sec; [READ: Count=15815, Max=3401, Min=6, Avg=37.62, 90=102, 99=173, 99.9=277, 99.99=3395] [INSERT: Count=957, Max=23695, Min=150, Avg=239.73, 90=259, 99=342, 99.9=23695, 99.99=23695] [READ-FAILED: Count=2428, Max=191, Min=40, Avg=63.25, 90=84, 99=109, 99.9=166, 99.99=191] 
2026-04-29 15:39:46:121 49 sec: 910657 operations; 17945 current ops/sec; [READ: Count=13203, Max=3365, Min=6, Avg=40.87, 90=105, 99=171, 99.9=453, 99.99=3343] [INSERT: Count=935, Max=3775, Min=159, Avg=213, 90=254, 99=337, 99.9=3775, 99.99=3775] [READ-FAILED: Count=3808, Max=270, Min=42, Avg=63.05, 90=78, 99=103, 99.9=166, 99.99=270] 
2026-04-29 15:39:47:121 50 sec: 928565 operations; 17908 current ops/sec; [READ: Count=13529, Max=3281, Min=6, Avg=40.32, 90=104, 99=163, 99.9=365, 99.99=2855] [INSERT: Count=944, Max=15495, Min=149, Avg=227.21, 90=249, 99=348, 99.9=15495, 99.99=15495] [READ-FAILED: Count=3432, Max=244, Min=43, Avg=63.7, 90=80, 99=104, 99.9=194, 99.99=244] 
2026-04-29 15:39:48:121 51 sec: 946920 operations; 18355 current ops/sec; [READ: Count=13402, Max=3361, Min=6, Avg=41.3, 90=100, 99=147, 99.9=357, 99.99=3321] [INSERT: Count=885, Max=338, Min=156, Avg=200.47, 90=239, 99=303, 99.9=338, 99.99=338] [READ-FAILED: Count=4067, Max=205, Min=41, Avg=60.96, 90=71, 99=84, 99.9=105, 99.99=205] 
2026-04-29 15:39:49:121 52 sec: 962922 operations; 16002 current ops/sec; [READ: Count=12506, Max=3303, Min=6, Avg=38.75, 90=101, 99=161, 99.9=404, 99.99=3231] [INSERT: Count=809, Max=102207, Min=152, Avg=406.36, 90=358, 99=1100, 99.9=102207, 99.99=102207] [READ-FAILED: Count=2690, Max=160, Min=42, Avg=62.57, 90=75, 99=100, 99.9=120, 99.99=160] 
2026-04-29 15:39:50:121 53 sec: 981110 operations; 18188 current ops/sec; [READ: Count=12906, Max=3249, Min=6, Avg=40.38, 90=100, 99=147, 99.9=371, 99.99=3231] [INSERT: Count=926, Max=367, Min=164, Avg=207.86, 90=243, 99=313, 99.9=367, 99.99=367] [READ-FAILED: Count=4352, Max=809, Min=43, Avg=60.86, 90=72, 99=88, 99.9=123, 99.99=809] 
2026-04-29 15:39:51:121 54 sec: 999384 operations; 18274 current ops/sec; [READ: Count=14005, Max=3375, Min=6, Avg=36.99, 90=97, 99=151, 99.9=290, 99.99=2913] [INSERT: Count=896, Max=72063, Min=159, Avg=287.76, 90=250, 99=313, 99.9=72063, 99.99=72063] [READ-FAILED: Count=3373, Max=170, Min=42, Avg=60.46, 90=71, 99=86, 99.9=106, 99.99=170] 
2026-04-29 15:39:52:121 55 sec: 1016728 operations; 17344 current ops/sec; [READ: Count=12714, Max=3221, Min=6, Avg=43.04, 90=105, 99=166, 99.9=304, 99.99=3043] [INSERT: Count=899, Max=2032, Min=161, Avg=214.17, 90=251, 99=328, 99.9=2032, 99.99=2032] [READ-FAILED: Count=3729, Max=182, Min=44, Avg=64.18, 90=79, 99=103, 99.9=138, 99.99=182] 
2026-04-29 15:39:53:121 56 sec: 1034938 operations; 18210 current ops/sec; [READ: Count=14497, Max=3299, Min=6, Avg=37.76, 90=100, 99=156, 99.9=262, 99.99=2937] [INSERT: Count=881, Max=70719, Min=161, Avg=288.25, 90=242, 99=304, 99.9=70719, 99.99=70719] [READ-FAILED: Count=2834, Max=182, Min=43, Avg=63.02, 90=76, 99=100, 99.9=172, 99.99=182] 
2026-04-29 15:39:54:121 57 sec: 1051056 operations; 16118 current ops/sec; [READ: Count=14152, Max=3327, Min=6, Avg=40.84, 90=115, 99=195, 99.9=323, 99.99=3059] [INSERT: Count=790, Max=100287, Min=160, Avg=404.93, 90=443, 99=1150, 99.9=100287, 99.99=100287] [READ-FAILED: Count=1173, Max=189, Min=43, Avg=70.61, 90=97, 99=124, 99.9=173, 99.99=189] 
2026-04-29 15:39:55:121 58 sec: 1068147 operations; 17091 current ops/sec; [READ: Count=16033, Max=3333, Min=6, Avg=42.03, 90=120, 99=213, 99.9=369, 99.99=3197] [INSERT: Count=851, Max=90815, Min=167, Avg=340.02, 90=279, 99=360, 99.9=90815, 99.99=90815] [READ-FAILED: Count=208, Max=133, Min=53, Avg=80.96, 90=98, 99=125, 99.9=133, 99.99=133] 
2026-04-29 15:39:56:121 59 sec: 1087658 operations; 19511 current ops/sec; [READ: Count=17217, Max=3389, Min=6, Avg=38.84, 90=103, 99=178, 99.9=287, 99.99=3147] [INSERT: Count=941, Max=11007, Min=158, Avg=226.61, 90=258, 99=332, 99.9=11007, 99.99=11007] [READ-FAILED: Count=1358, Max=190, Min=45, Avg=70.65, 90=93, 99=120, 99.9=172, 99.99=190] 
2026-04-29 15:39:57:121 60 sec: 1105828 operations; 18170 current ops/sec; [READ: Count=15169, Max=3357, Min=7, Avg=40.07, 90=107, 99=182, 99.9=324, 99.99=3317] [INSERT: Count=954, Max=20287, Min=162, Avg=244.58, 90=261, 99=330, 99.9=20287, 99.99=20287] [READ-FAILED: Count=2044, Max=328, Min=45, Avg=67.46, 90=86, 99=111, 99.9=145, 99.99=328] 
2026-04-29 15:39:58:121 61 sec: 1122612 operations; 16784 current ops/sec; [READ: Count=13864, Max=5299, Min=7, Avg=44.55, 90=120, 99=194, 99.9=389, 99.99=3155] [INSERT: Count=841, Max=2731, Min=171, Avg=239.34, 90=281, 99=382, 99.9=2731, 99.99=2731] [READ-FAILED: Count=2075, Max=312, Min=44, Avg=77.13, 90=99, 99=127, 99.9=234, 99.99=312] 
2026-04-29 15:39:59:121 62 sec: 1138979 operations; 16367 current ops/sec; [READ: Count=14796, Max=3475, Min=7, Avg=41.32, 90=118, 99=206, 99.9=377, 99.99=3051] [INSERT: Count=790, Max=94847, Min=167, Avg=388.37, 90=335, 99=1152, 99.9=94847, 99.99=94847] [READ-FAILED: Count=780, Max=206, Min=51, Avg=74.97, 90=100, 99=146, 99.9=206, 99.99=206] 
2026-04-29 15:40:00:121 63 sec: 1156728 operations; 17749 current ops/sec; [READ: Count=15545, Max=52767, Min=7, Avg=41.18, 90=98, 99=170, 99.9=389, 99.99=3391] [INSERT: Count=877, Max=74943, Min=156, Avg=293.64, 90=251, 99=311, 99.9=74943, 99.99=74943] [READ-FAILED: Count=1339, Max=180, Min=46, Avg=65.11, 90=79, 99=115, 99.9=149, 99.99=180] 
2026-04-29 15:40:01:121 64 sec: 1174285 operations; 17557 current ops/sec; [READ: Count=12288, Max=3405, Min=7, Avg=41.4, 90=102, 99=149, 99.9=331, 99.99=3141] [INSERT: Count=915, Max=532, Min=161, Avg=212.68, 90=254, 99=328, 99.9=532, 99.99=532] [READ-FAILED: Count=4344, Max=183, Min=40, Avg=63.43, 90=75, 99=98, 99.9=117, 99.99=183] 
2026-04-29 15:40:02:121 65 sec: 1192454 operations; 18169 current ops/sec; [READ: Count=13473, Max=3445, Min=7, Avg=39.1, 90=99, 99=151, 99.9=220, 99.99=3247] [INSERT: Count=901, Max=22079, Min=162, Avg=234.23, 90=249, 99=297, 99.9=22079, 99.99=22079] [READ-FAILED: Count=3799, Max=189, Min=45, Avg=63.64, 90=76, 99=96, 99.9=173, 99.99=189] 
2026-04-29 15:40:03:121 66 sec: 1211155 operations; 18701 current ops/sec; [READ: Count=13853, Max=3227, Min=7, Avg=38.9, 90=101, 99=149, 99.9=300, 99.99=2931] [INSERT: Count=919, Max=403, Min=162, Avg=206.92, 90=240, 99=313, 99.9=403, 99.99=403] [READ-FAILED: Count=3927, Max=328, Min=45, Avg=63.59, 90=75, 99=90, 99.9=114, 99.99=328] 
2026-04-29 15:40:04:121 67 sec: 1226472 operations; 15317 current ops/sec; [READ: Count=11378, Max=3579, Min=7, Avg=42.59, 90=102, 99=159, 99.9=354, 99.99=3147] [INSERT: Count=771, Max=92927, Min=161, Avg=379.7, 90=272, 99=967, 99.9=92927, 99.99=92927] [READ-FAILED: Count=3172, Max=290, Min=45, Avg=64.72, 90=76, 99=103, 99.9=183, 99.99=290] 
2026-04-29 15:40:05:121 68 sec: 1242760 operations; 16288 current ops/sec; [READ: Count=13370, Max=3219, Min=7, Avg=45.94, 90=121, 99=199, 99.9=433, 99.99=3105] [INSERT: Count=815, Max=1751, Min=167, Avg=248.04, 90=284, 99=811, 99.9=1751, 99.99=1751] [READ-FAILED: Count=2096, Max=174, Min=46, Avg=77.71, 90=101, 99=129, 99.9=158, 99.99=174] 
2026-04-29 15:40:06:121 69 sec: 1261969 operations; 19209 current ops/sec; [READ: Count=16368, Max=3117, Min=7, Avg=38.58, 90=104, 99=180, 99.9=349, 99.99=3057] [INSERT: Count=914, Max=24639, Min=159, Avg=240.01, 90=252, 99=329, 99.9=24639, 99.99=24639] [READ-FAILED: Count=1931, Max=325, Min=45, Avg=66.16, 90=80, 99=107, 99.9=130, 99.99=325] 
2026-04-29 15:40:07:121 70 sec: 1280570 operations; 18601 current ops/sec; [READ: Count=14019, Max=3391, Min=7, Avg=39.27, 90=101, 99=155, 99.9=321, 99.99=2923] [INSERT: Count=938, Max=2044, Min=162, Avg=209.38, 90=241, 99=308, 99.9=2044, 99.99=2044] [READ-FAILED: Count=3645, Max=145, Min=46, Avg=63.89, 90=75, 99=94, 99.9=114, 99.99=145] 
2026-04-29 15:40:08:121 71 sec: 1297426 operations; 16856 current ops/sec; [READ: Count=12038, Max=6099, Min=7, Avg=42.38, 90=102, 99=152, 99.9=348, 99.99=3529] [INSERT: Count=882, Max=23199, Min=161, Avg=242.43, 90=250, 99=335, 99.9=23199, 99.99=23199] [READ-FAILED: Count=3936, Max=322, Min=45, Avg=65.14, 90=77, 99=95, 99.9=147, 99.99=322] 
2026-04-29 15:40:09:121 72 sec: 1314120 operations; 16694 current ops/sec; [READ: Count=13725, Max=3041, Min=7, Avg=42.93, 90=112, 99=185, 99.9=337, 99.99=2847] [INSERT: Count=816, Max=638, Min=165, Avg=223.02, 90=263, 99=360, 99.9=638, 99.99=638] [READ-FAILED: Count=2147, Max=397, Min=45, Avg=74.05, 90=97, 99=124, 99.9=202, 99.99=397] 
2026-04-29 15:40:10:121 73 sec: 1330247 operations; 16127 current ops/sec; [READ: Count=12906, Max=3061, Min=7, Avg=41.79, 90=112, 99=181, 99.9=346, 99.99=2639] [INSERT: Count=776, Max=100095, Min=158, Avg=407.22, 90=389, 99=1275, 99.9=100095, 99.99=100095] [READ-FAILED: Count=2452, Max=339, Min=47, Avg=71.46, 90=94, 99=125, 99.9=187, 99.99=339] 
2026-04-29 15:40:11:121 74 sec: 1348763 operations; 18516 current ops/sec; [READ: Count=13828, Max=3013, Min=7, Avg=39.61, 90=102, 99=154, 99.9=274, 99.99=3009] [INSERT: Count=930, Max=387, Min=148, Avg=199.78, 90=238, 99=302, 99.9=387, 99.99=387] [READ-FAILED: Count=3755, Max=194, Min=45, Avg=65.29, 90=77, 99=96, 99.9=146, 99.99=194] 
2026-04-29 15:40:12:121 75 sec: 1364327 operations; 15564 current ops/sec; [READ: Count=12510, Max=3811, Min=7, Avg=48.57, 90=124, 99=206, 99.9=381, 99.99=2845] [INSERT: Count=790, Max=15383, Min=171, Avg=253.73, 90=277, 99=357, 99.9=15383, 99.99=15383] [READ-FAILED: Count=2263, Max=388, Min=48, Avg=75.96, 90=99, 99=128, 99.9=189, 99.99=388] 
2026-04-29 15:40:13:121 76 sec: 1382437 operations; 18110 current ops/sec; [READ: Count=15443, Max=3419, Min=7, Avg=42.32, 90=112, 99=189, 99.9=328, 99.99=3399] [INSERT: Count=919, Max=452, Min=159, Avg=218.01, 90=260, 99=336, 99.9=452, 99.99=452] [READ-FAILED: Count=1751, Max=163, Min=48, Avg=71.36, 90=91, 99=116, 99.9=139, 99.99=163] 
2026-04-29 15:40:14:121 77 sec: 1399876 operations; 17439 current ops/sec; [READ: Count=13073, Max=2959, Min=7, Avg=41.26, 90=104, 99=155, 99.9=361, 99.99=2905] [INSERT: Count=865, Max=24335, Min=167, Avg=238.48, 90=252, 99=317, 99.9=24335, 99.99=24335] [READ-FAILED: Count=3497, Max=196, Min=47, Avg=66.91, 90=79, 99=102, 99.9=178, 99.99=196] 
2026-04-29 15:40:15:121 78 sec: 1403740 operations; 3864 current ops/sec; [READ: Count=3422, Max=1653, Min=7, Avg=38.56, 90=106, 99=206, 99.9=421, 99.99=1653] [INSERT: Count=183, Max=104063, Min=169, Avg=4615.57, 90=7075, 99=15791, 99.9=104063, 99.99=104063] [READ-FAILED: Count=257, Max=147, Min=56, Avg=67.69, 90=79, 99=105, 99.9=147, 99.99=147] 
2026-04-29 15:40:16:121 79 sec: 1416162 operations; 12422 current ops/sec; [READ: Count=9928, Max=2837, Min=7, Avg=41.44, 90=109, 99=183, 99.9=458, 99.99=2837] [INSERT: Count=632, Max=6447, Min=157, Avg=712.17, 90=3163, 99=5575, 99.9=6447, 99.99=6447] [READ-FAILED: Count=1866, Max=193, Min=49, Avg=67.35, 90=80, 99=111, 99.9=188, 99.99=193] 
2026-04-29 15:40:17:121 80 sec: 1433018 operations; 16856 current ops/sec; [READ: Count=13437, Max=3153, Min=7, Avg=43.6, 90=115, 99=184, 99.9=342, 99.99=3039] [INSERT: Count=869, Max=21023, Min=159, Avg=239.2, 90=256, 99=336, 99.9=21023, 99.99=21023] [READ-FAILED: Count=2554, Max=180, Min=49, Avg=72.89, 90=93, 99=117, 99.9=147, 99.99=180] 
2026-04-29 15:40:18:121 81 sec: 1450165 operations; 17147 current ops/sec; [READ: Count=12790, Max=3029, Min=7, Avg=43.85, 90=106, 99=163, 99.9=379, 99.99=2967] [INSERT: Count=884, Max=676, Min=154, Avg=201.82, 90=238, 99=299, 99.9=676, 99.99=676] [READ-FAILED: Count=3468, Max=189, Min=48, Avg=69.44, 90=83, 99=108, 99.9=131, 99.99=189] 
2026-04-29 15:40:19:121 82 sec: 1468113 operations; 17948 current ops/sec; [READ: Count=14833, Max=3131, Min=7, Avg=41.31, 90=108, 99=179, 99.9=390, 99.99=2825] [INSERT: Count=840, Max=22607, Min=158, Avg=242.29, 90=253, 99=361, 99.9=22607, 99.99=22607] [READ-FAILED: Count=2283, Max=382, Min=47, Avg=71.46, 90=89, 99=115, 99.9=158, 99.99=382] 
2026-04-29 15:40:20:121 83 sec: 1483135 operations; 15022 current ops/sec; [READ: Count=11661, Max=3173, Min=7, Avg=44.08, 90=116, 99=185, 99.9=284, 99.99=2945] [INSERT: Count=773, Max=75839, Min=157, Avg=347.55, 90=301, 99=1107, 99.9=75839, 99.99=75839] [READ-FAILED: Count=2577, Max=226, Min=49, Avg=74.42, 90=97, 99=121, 99.9=171, 99.99=226] 
2026-04-29 15:40:21:121 84 sec: 1501290 operations; 18155 current ops/sec; [READ: Count=16860, Max=3417, Min=7, Avg=42.83, 90=123, 99=213, 99.9=322, 99.99=2959] [INSERT: Count=831, Max=21871, Min=168, Avg=259.17, 90=274, 99=354, 99.9=21871, 99.99=21871] [READ-FAILED: Count=464, Max=177, Min=57, Avg=92.07, 90=112, 99=133, 99.9=177, 99.99=177] 
2026-04-29 15:40:22:121 85 sec: 1519295 operations; 18005 current ops/sec; [READ: Count=15649, Max=2879, Min=7, Avg=43.16, 90=111, 99=198, 99.9=386, 99.99=2725] [INSERT: Count=886, Max=478, Min=161, Avg=217.68, 90=257, 99=333, 99.9=478, 99.99=478] [READ-FAILED: Count=1475, Max=289, Min=50, Avg=75.56, 90=98, 99=125, 99.9=243, 99.99=289] 
2026-04-29 15:40:23:121 86 sec: 1536673 operations; 17378 current ops/sec; [READ: Count=15110, Max=3117, Min=7, Avg=44.59, 90=120, 99=202, 99.9=302, 99.99=3045] [INSERT: Count=876, Max=1542, Min=164, Avg=225.63, 90=271, 99=341, 99.9=1542, 99.99=1542] [READ-FAILED: Count=1396, Max=221, Min=49, Avg=77.5, 90=101, 99=125, 99.9=134, 99.99=221] 
2026-04-29 15:40:24:121 87 sec: 1554232 operations; 17559 current ops/sec; [READ: Count=14959, Max=3307, Min=7, Avg=42.58, 90=115, 99=201, 99.9=321, 99.99=3195] [INSERT: Count=902, Max=28175, Min=165, Avg=250.44, 90=256, 99=314, 99.9=28175, 99.99=28175] [READ-FAILED: Count=1699, Max=192, Min=51, Avg=68.6, 90=81, 99=113, 99.9=187, 99.99=192] 
2026-04-29 15:40:25:121 88 sec: 1569072 operations; 14840 current ops/sec; [READ: Count=11915, Max=2915, Min=7, Avg=43.82, 90=117, 99=192, 99.9=312, 99.99=2731] [INSERT: Count=738, Max=94975, Min=157, Avg=391.87, 90=336, 99=1011, 99.9=94975, 99.99=94975] [READ-FAILED: Count=2182, Max=495, Min=48, Avg=78.12, 90=107, 99=132, 99.9=163, 99.99=495] 
2026-04-29 15:40:26:121 89 sec: 1586559 operations; 17487 current ops/sec; [READ: Count=14216, Max=3029, Min=8, Avg=42.37, 90=108, 99=180, 99.9=375, 99.99=2945] [INSERT: Count=833, Max=28191, Min=158, Avg=246.21, 90=254, 99=323, 99.9=28191, 99.99=28191] [READ-FAILED: Count=2436, Max=242, Min=49, Avg=70.83, 90=86, 99=117, 99.9=198, 99.99=242] 
Maximum time elapsed. Requesting stop for the workload.
Stop requested for workload. Now Joining!
2026-04-29 15:40:27:121 90 sec: 1602919 operations; 16360 current ops/sec; [READ: Count=11382, Max=3015, Min=8, Avg=44.81, 90=107, 99=160, 99.9=377, 99.99=2993] [INSERT: Count=884, Max=373, Min=168, Avg=211.13, 90=250, 99=313, 99.9=373, 99.99=373] [READ-FAILED: Count=4095, Max=172, Min=48, Avg=69.41, 90=82, 99=108, 99.9=135, 99.99=172] 
[OZONEDB-PROFILE] reads=1522934  avg_total=41.25us  view=6.55us(15.9%)  log=2.58us(6.3%)  sst=52.06us_per_call x 933422_calls(77.4%_of_total)
[OZONEDB-SST-PROFILE] level | time_total_ms | enters | range_rejects | table_gets | hits
[OZONEDB-SST-PROFILE] L1  |     17278.14 |  8548901 |       582147 |    7966754 | 440817
[OZONEDB-SST-PROFILE] L2  |      3820.41 |   983617 |       491022 |     492595 |  46845
[OZONEDB-SST-PROFILE] L3  |      3029.84 |   890590 |       444835 |     445755 |  32559
[OZONEDB-SST-PROFILE] L4  |      2641.63 |   825258 |       412063 |     413195 |  25329
[OZONEDB-SST-PROFILE] L5  |      2301.28 |   774955 |       387115 |     387840 |  20493
[OZONEDB-SST-PROFILE] L6  |      2065.29 |   734217 |       366849 |     367368 |  17062
[OZONEDB-SST-PROFILE] L7  |     16851.49 |  1318334 |           54 |    1318280 | 105985
[OZONEDB-TBL-PROFILE] file_filter_reject=10597323  block_filter_reject=104264  index_invalid=0  block_read_more=356498  hit_from_cache=333702  miss_after_read=1110  found=689090
2026-04-29 15:40:27:128 90 sec: 1602932 operations; 1857.14 current ops/sec; [READ: Count=7, Max=98, Min=9, Avg=29.14, 90=98, 99=98, 99.9=98, 99.99=98] [CLEANUP: Count=1, Max=5815, Min=5812, Avg=5814, 90=5815, 99=5815, 99.9=5815, 99.99=5815] [INSERT: Count=2, Max=217, Min=190, Avg=203.5, 90=217, 99=217, 99.9=217, 99.99=217] [READ-FAILED: Count=0, Max=0, Min=0, Avg=0, 90=0, 99=0, 99.9=0, 99.99=0] 
[OVERALL], RunTime(ms), 90007
[OVERALL], Throughput(ops/sec), 17808.97041341229
[TOTAL_GCS_PS_Scavenge], Count, 8
[TOTAL_GC_TIME_PS_Scavenge], Time(ms), 41
[TOTAL_GC_TIME_%_PS_Scavenge], Time(%), 0.04555201262124057
[TOTAL_GCS_PS_MarkSweep], Count, 0
[TOTAL_GC_TIME_PS_MarkSweep], Time(ms), 0
[TOTAL_GC_TIME_%_PS_MarkSweep], Time(%), 0.0
[TOTAL_GCs], Count, 8
[TOTAL_GC_TIME], Time(ms), 41
[TOTAL_GC_TIME_%], Time(%), 0.04555201262124057
[READ], Operations, 1278602
[READ], AverageLatency(us), 39.15548544425865
[READ], MinLatency(us), 4
[READ], MaxLatency(us), 57087
[READ], 95thPercentileLatency(us), 125
[READ], 99thPercentileLatency(us), 173
[READ], Return=OK, 1278602
[READ], Return=NOT_FOUND, 244332
[CLEANUP], Operations, 1
[CLEANUP], AverageLatency(us), 5814.0
[CLEANUP], MinLatency(us), 5812
[CLEANUP], MaxLatency(us), 5815
[CLEANUP], 95thPercentileLatency(us), 5815
[CLEANUP], 99thPercentileLatency(us), 5815
[INSERT], Operations, 79998
[INSERT], AverageLatency(us), 280.6774044351109
[INSERT], MinLatency(us), 145
[INSERT], MaxLatency(us), 122623
[INSERT], 95thPercentileLatency(us), 298
[INSERT], 99thPercentileLatency(us), 751
[INSERT], Return=OK, 79998
[READ-FAILED], Operations, 244332
[READ-FAILED], AverageLatency(us), 61.93269403925806
[READ-FAILED], MinLatency(us), 31
[READ-FAILED], MaxLatency(us), 2173
[READ-FAILED], 95thPercentileLatency(us), 88
[READ-FAILED], 99thPercentileLatency(us), 107
	Command being timed: "/usr/lib/jvm/java-8-openjdk-amd64/bin/java -cp /users/Xinying/ozonedb/ycsb/ozonedb/conf:/users/Xinying/ozonedb/ycsb/ozonedb/target/ozonedb-binding-0.18.0-SNAPSHOT.jar:/users/Xinying/.m2/repository/org/apache/htrace/htrace-core4/4.1.0-incubating/htrace-core4-4.1.0-incubating.jar:/users/Xinying/.m2/repository/org/slf4j/slf4j-api/1.7.25/slf4j-api-1.7.25.jar:/users/Xinying/.m2/repository/org/hdrhistogram/HdrHistogram/2.1.12/HdrHistogram-2.1.12.jar:/users/Xinying/.m2/repository/ch/qos/logback/logback-classic/1.2.3/logback-classic-1.2.3.jar:/users/Xinying/.m2/repository/ozonedbjnimaven/demoproc-jni/1.0/demoproc-jni-1.0.jar:/users/Xinying/.m2/repository/ch/qos/logback/logback-core/1.2.3/logback-core-1.2.3.jar:/users/Xinying/.m2/repository/org/codehaus/jackson/jackson-mapper-asl/1.9.4/jackson-mapper-asl-1.9.4.jar:/users/Xinying/.m2/repository/org/slf4j/slf4j-simple/1.7.25/slf4j-simple-1.7.25.jar:/users/Xinying/.m2/repository/org/codehaus/jackson/jackson-core-asl/1.9.4/jackson-core-asl-1.9.4.jar:/users/Xinying/ozonedb/ycsb/core/target/core-0.18.0-SNAPSHOT.jar site.ycsb.Client -db site.ycsb.db.OzoneDBClient -threads 1 -s -P /users/Xinying/ozonedb/ycsb/workloads/generated_workloads/workloadd_1KB_1000000_1000000 -p status.interval=1 -p maxexecutiontime=90 -p operationcount=0 -p shared_config=/tmp/phase1_ozonedb_configs/shared_config_SHARED_workloadd_p16_r1_proc15.json -t"
	User time (seconds): 55.16
	System time (seconds): 28.00
	Percent of CPU this job got: 89%
	Elapsed (wall clock) time (h:mm:ss or m:ss): 1:32.45
	Average shared text size (kbytes): 0
	Average unshared data size (kbytes): 0
	Average stack size (kbytes): 0
	Average total size (kbytes): 0
	Maximum resident set size (kbytes): 4612908
	Average resident set size (kbytes): 0
	Major (requiring I/O) page faults: 464
	Minor (reclaiming a frame) page faults: 1156864
	Voluntary context switches: 215742
	Involuntary context switches: 3234
	Swaps: 0
	File system inputs: 8709148
	File system outputs: 184296
	Socket messages sent: 0
	Socket messages received: 0
	Signals delivered: 0
	Page size (bytes): 4096
	Exit status: 0
