# CMD: /usr/bin/time -v /usr/lib/jvm/java-8-openjdk-amd64/bin/java -cp /users/Xinying/ozonedb/ycsb/ozonedb/conf:/users/Xinying/ozonedb/ycsb/ozonedb/target/ozonedb-binding-0.18.0-SNAPSHOT.jar:/users/Xinying/.m2/repository/org/apache/htrace/htrace-core4/4.1.0-incubating/htrace-core4-4.1.0-incubating.jar:/users/Xinying/.m2/repository/org/slf4j/slf4j-api/1.7.25/slf4j-api-1.7.25.jar:/users/Xinying/.m2/repository/org/hdrhistogram/HdrHistogram/2.1.12/HdrHistogram-2.1.12.jar:/users/Xinying/.m2/repository/ch/qos/logback/logback-classic/1.2.3/logback-classic-1.2.3.jar:/users/Xinying/.m2/repository/ozonedbjnimaven/demoproc-jni/1.0/demoproc-jni-1.0.jar:/users/Xinying/.m2/repository/ch/qos/logback/logback-core/1.2.3/logback-core-1.2.3.jar:/users/Xinying/.m2/repository/org/codehaus/jackson/jackson-mapper-asl/1.9.4/jackson-mapper-asl-1.9.4.jar:/users/Xinying/.m2/repository/org/slf4j/slf4j-simple/1.7.25/slf4j-simple-1.7.25.jar:/users/Xinying/.m2/repository/org/codehaus/jackson/jackson-core-asl/1.9.4/jackson-core-asl-1.9.4.jar:/users/Xinying/ozonedb/ycsb/core/target/core-0.18.0-SNAPSHOT.jar site.ycsb.Client -db site.ycsb.db.OzoneDBClient -threads 1 -s -P /users/Xinying/ozonedb/ycsb/workloads/generated_workloads/workloada_1KB_1000000_1000000 -p status.interval=1 -p maxexecutiontime=90 -p operationcount=0 -p shared_config=/tmp/phase1_ozonedb_configs/shared_config_SHARED_workloada_p8_r1_proc2.json -t
# shared_work_path=/tank/ycsb_data/multi-proc-run/shared_ozonedb  proc_id=2/8
Command line: -db site.ycsb.db.OzoneDBClient -threads 1 -s -P /users/Xinying/ozonedb/ycsb/workloads/generated_workloads/workloada_1KB_1000000_1000000 -p status.interval=1 -p maxexecutiontime=90 -p operationcount=0 -p shared_config=/tmp/phase1_ozonedb_configs/shared_config_SHARED_workloada_p8_r1_proc2.json -t
YCSB Client 0.18.0-SNAPSHOT

Loading workload...
Starting test.
SLF4J: Class path contains multiple SLF4J bindings.
SLF4J: Found binding in [jar:file:/users/Xinying/.m2/repository/ch/qos/logback/logback-classic/1.2.3/logback-classic-1.2.3.jar!/org/slf4j/impl/StaticLoggerBinder.class]
SLF4J: Found binding in [jar:file:/users/Xinying/.m2/repository/org/slf4j/slf4j-simple/1.7.25/slf4j-simple-1.7.25.jar!/org/slf4j/impl/StaticLoggerBinder.class]
SLF4J: See http://www.slf4j.org/codes.html#multiple_bindings for an explanation.
SLF4J: Actual binding is of type [ch.qos.logback.classic.util.ContextSelectorStaticBinder]
Maximum execution time specified as: 90 secs
2026-04-29 15:17:31:846 0 sec: 0 operations; 
Starting compaction watcher
DBWrapper: report latency for each error is false and specific error codes to track for latency are: []
2026-04-29 15:17:32:846 1 sec: 1027 operations; 1025.97 current ops/sec; [READ: Count=493, Max=3367, Min=7, Avg=197.18, 90=213, 99=1879, 99.9=3367, 99.99=3367] [UPDATE: Count=551, Max=167167, Min=178, Avg=990.78, 90=1421, 99=3995, 99.9=167167, 99.99=167167] 
2026-04-29 15:17:33:480 - NewTail completed: 
2026-04-29 15:17:33:846 2 sec: 5253 operations; 4226 current ops/sec; [READ: Count=2083, Max=5615, Min=5, Avg=109.25, 90=134, 99=968, 99.9=4155, 99.99=5615] [UPDATE: Count=2137, Max=9615, Min=158, Avg=348.58, 90=487, 99=1765, 99.9=4559, 99.99=9615] 
2026-04-29 15:17:34:846 3 sec: 10448 operations; 5195 current ops/sec; [READ: Count=2607, Max=5899, Min=5, Avg=84.17, 90=131, 99=187, 99.9=5463, 99.99=5899] [UPDATE: Count=2585, Max=7155, Min=162, Avg=294.89, 90=356, 99=625, 99.9=5671, 99.99=7155] 
2026-04-29 15:17:35:846 4 sec: 15648 operations; 5200 current ops/sec; [READ: Count=2560, Max=12607, Min=5, Avg=82.45, 90=133, 99=179, 99.9=5547, 99.99=12607] [UPDATE: Count=2639, Max=27391, Min=162, Avg=293.26, 90=348, 99=418, 99.9=6039, 99.99=27391] 
2026-04-29 15:17:36:284 - NewTail completed: 
2026-04-29 15:17:36:846 5 sec: 21567 operations; 5919 current ops/sec; [READ: Count=2951, Max=5135, Min=5, Avg=72.14, 90=121, 99=152, 99.9=4967, 99.99=5135] [UPDATE: Count=2966, Max=5203, Min=154, Avg=260.78, 90=324, 99=384, 99.9=4647, 99.99=5203] 
2026-04-29 15:17:37:846 6 sec: 25745 operations; 4178 current ops/sec; [READ: Count=2094, Max=4147, Min=5, Avg=72.25, 90=131, 99=173, 99.9=2391, 99.99=4147] [UPDATE: Count=2086, Max=110911, Min=158, Avg=401.36, 90=586, 99=1121, 99.9=4471, 99.99=110911] 
2026-04-29 15:17:38:846 7 sec: 31126 operations; 5381 current ops/sec; [READ: Count=2667, Max=4463, Min=5, Avg=75.59, 90=129, 99=176, 99.9=4001, 99.99=4463] [UPDATE: Count=2710, Max=27455, Min=162, Avg=289.69, 90=341, 99=433, 99.9=5495, 99.99=27455] 
2026-04-29 15:17:39:846 8 sec: 36706 operations; 5580 current ops/sec; [READ: Count=2838, Max=5627, Min=5, Avg=68.52, 90=128, 99=160, 99.9=4595, 99.99=5627] [UPDATE: Count=2744, Max=27615, Min=162, Avg=289.03, 90=341, 99=438, 99.9=5199, 99.99=27615] 
2026-04-29 15:17:40:846 9 sec: 41613 operations; 4907 current ops/sec; [READ: Count=2465, Max=29759, Min=5, Avg=94.16, 90=150, 99=205, 99.9=4491, 99.99=29759] [UPDATE: Count=2443, Max=27663, Min=162, Avg=308.46, 90=383, 99=478, 99.9=4803, 99.99=27663] 
2026-04-29 15:17:41:846 10 sec: 47191 operations; 5578 current ops/sec; [READ: Count=2790, Max=4751, Min=5, Avg=67.65, 90=129, 99=162, 99.9=356, 99.99=4751] [UPDATE: Count=2785, Max=28911, Min=161, Avg=286.17, 90=336, 99=431, 99.9=5103, 99.99=28911] 
2026-04-29 15:17:42:846 11 sec: 50899 operations; 3708 current ops/sec; [READ: Count=1836, Max=5007, Min=5, Avg=74.37, 90=136, 99=189, 99.9=4663, 99.99=5007] [UPDATE: Count=1874, Max=126399, Min=155, Avg=455.93, 90=707, 99=1380, 99.9=5287, 99.99=126399] 
2026-04-29 15:17:43:846 12 sec: 56501 operations; 5602 current ops/sec; [READ: Count=2719, Max=4423, Min=5, Avg=74.51, 90=133, 99=172, 99.9=3831, 99.99=4423] [UPDATE: Count=2882, Max=11911, Min=159, Avg=271.9, 90=342, 99=438, 99.9=4407, 99.99=11911] 
2026-04-29 15:17:44:846 13 sec: 61911 operations; 5410 current ops/sec; [READ: Count=2627, Max=5491, Min=5, Avg=81.11, 90=134, 99=186, 99.9=4731, 99.99=5491] [UPDATE: Count=2783, Max=29151, Min=156, Avg=278.08, 90=337, 99=410, 99.9=4735, 99.99=29151] 
2026-04-29 15:17:45:846 14 sec: 67443 operations; 5532 current ops/sec; [READ: Count=2778, Max=4767, Min=5, Avg=77.18, 90=137, 99=185, 99.9=4687, 99.99=4767] [UPDATE: Count=2753, Max=8591, Min=156, Avg=281.4, 90=353, 99=458, 99.9=4947, 99.99=8591] 
2026-04-29 15:17:46:846 15 sec: 72678 operations; 5235 current ops/sec; [READ: Count=2619, Max=5167, Min=5, Avg=78.42, 90=140, 99=190, 99.9=4375, 99.99=5167] [UPDATE: Count=2617, Max=29919, Min=165, Avg=299.67, 90=364, 99=455, 99.9=5183, 99.99=29919] 
2026-04-29 15:17:47:846 16 sec: 76249 operations; 3571 current ops/sec; [READ: Count=1744, Max=13631, Min=5, Avg=86.85, 90=138, 99=219, 99.9=4455, 99.99=13631] [UPDATE: Count=1824, Max=121919, Min=161, Avg=461.49, 90=655, 99=1354, 99.9=30735, 99.99=121919] 
2026-04-29 15:17:48:846 17 sec: 81135 operations; 4886 current ops/sec; [READ: Count=2460, Max=5331, Min=5, Avg=71.73, 90=135, 99=189, 99.9=3615, 99.99=5331] [UPDATE: Count=2429, Max=7563, Min=162, Avg=335.77, 90=543, 99=1136, 99.9=4507, 99.99=7563] 
2026-04-29 15:17:49:627 - Compaction started: 
2026-04-29 15:17:49:846 18 sec: 85579 operations; 4444 current ops/sec; [READ: Count=2245, Max=10687, Min=5, Avg=69.44, 90=130, 99=162, 99.9=3853, 99.99=10687] [UPDATE: Count=2195, Max=30415, Min=156, Avg=282, 90=331, 99=424, 99.9=5475, 99.99=30415] 
140405727274560:Compacting sstable1/898741e3-b1c0-4013-b688-cc27b8353864202604290917311777475855245816117.sst sstable1/d049eb7a-a95c-406e-8655-b3f677c7deec202604290917311777475858035015731.sst into:sstable2/f331e93f-fa25-4a64-9dde-ce7c09cc2ef0202604290917311777475870192546321.sst
2026-04-29 15:17:50:821 - Compaction completed: 
2026-04-29 15:17:50:846 19 sec: 89838 operations; 4259 current ops/sec; [READ: Count=2101, Max=246015, Min=5, Avg=199.24, 90=135, 99=185, 99.9=4391, 99.99=246015] [UPDATE: Count=2165, Max=184063, Min=155, Avg=366.36, 90=334, 99=416, 99.9=10383, 99.99=184063] 
2026-04-29 15:17:51:846 20 sec: 95702 operations; 5864 current ops/sec; [READ: Count=2955, Max=5331, Min=5, Avg=73.45, 90=133, 99=164, 99.9=5231, 99.99=5331] [UPDATE: Count=2904, Max=13671, Min=155, Avg=266.45, 90=335, 99=401, 99.9=4439, 99.99=13671] 
2026-04-29 15:17:52:846 21 sec: 100043 operations; 4341 current ops/sec; [READ: Count=2207, Max=4603, Min=5, Avg=72.73, 90=137, 99=181, 99.9=2873, 99.99=4603] [UPDATE: Count=2134, Max=123903, Min=156, Avg=390.17, 90=556, 99=1176, 99.9=4699, 99.99=123903] 
2026-04-29 15:17:53:846 22 sec: 103667 operations; 3624 current ops/sec; [READ: Count=1812, Max=4479, Min=5, Avg=79.88, 90=149, 99=226, 99.9=2451, 99.99=4479] [UPDATE: Count=1816, Max=13095, Min=156, Avg=467.38, 90=870, 99=2247, 99.9=6499, 99.99=13095] 
2026-04-29 15:17:54:846 23 sec: 109334 operations; 5667 current ops/sec; [READ: Count=2823, Max=4543, Min=5, Avg=79.71, 90=139, 99=187, 99.9=4495, 99.99=4543] [UPDATE: Count=2840, Max=4675, Min=160, Avg=269.69, 90=350, 99=426, 99.9=612, 99.99=4675] 
2026-04-29 15:17:55:846 24 sec: 114976 operations; 5642 current ops/sec; [READ: Count=2847, Max=4911, Min=5, Avg=73.28, 90=139, 99=175, 99.9=1786, 99.99=4911] [UPDATE: Count=2797, Max=7847, Min=157, Avg=279.7, 90=343, 99=434, 99.9=4855, 99.99=7847] 
2026-04-29 15:17:56:410 - NewTail completed: 
2026-04-29 15:17:56:846 25 sec: 120472 operations; 5496 current ops/sec; [READ: Count=2677, Max=12223, Min=5, Avg=79.95, 90=143, 99=187, 99.9=4427, 99.99=12223] [UPDATE: Count=2817, Max=7047, Min=159, Avg=275.94, 90=341, 99=425, 99.9=5495, 99.99=7047] 
2026-04-29 15:17:57:846 26 sec: 125045 operations; 4573 current ops/sec; [READ: Count=2238, Max=5839, Min=5, Avg=74.02, 90=143, 99=181, 99.9=4543, 99.99=5839] [UPDATE: Count=2333, Max=114815, Min=162, Avg=354.38, 90=374, 99=1341, 99.9=4215, 99.99=114815] 
2026-04-29 15:17:58:846 27 sec: 128704 operations; 3659 current ops/sec; [READ: Count=1808, Max=10343, Min=5, Avg=83.72, 90=154, 99=235, 99.9=3041, 99.99=10343] [UPDATE: Count=1853, Max=26735, Min=156, Avg=454.78, 90=857, 99=1742, 99.9=4443, 99.99=26735] 
2026-04-29 15:17:59:514 - NewTail completed: 
2026-04-29 15:17:59:846 28 sec: 134383 operations; 5679 current ops/sec; [READ: Count=2815, Max=5175, Min=5, Avg=74.43, 90=141, 99=183, 99.9=3839, 99.99=5175] [UPDATE: Count=2866, Max=5751, Min=153, Avg=272.86, 90=343, 99=433, 99.9=5187, 99.99=5751] 
2026-04-29 15:18:00:846 29 sec: 139872 operations; 5489 current ops/sec; [READ: Count=2741, Max=4947, Min=5, Avg=80.61, 90=147, 99=202, 99.9=4611, 99.99=4947] [UPDATE: Count=2746, Max=4667, Min=156, Avg=278.92, 90=360, 99=466, 99.9=4211, 99.99=4667] 
2026-04-29 15:18:01:345 - Compaction started: 
2026-04-29 15:18:01:846 30 sec: 143558 operations; 3686 current ops/sec; [READ: Count=1830, Max=178175, Min=5, Avg=258.47, 90=136, 99=189, 99.9=151039, 99.99=178175] [UPDATE: Count=1856, Max=30591, Min=152, Avg=281.12, 90=336, 99=429, 99.9=5199, 99.99=30591] 
140405727274560:Compacting sstable1/3a3335b2-a133-4e2e-9d4c-36e7497f6a03202604290917311777475866272897308.sst sstable1/d049eb7a-a95c-406e-8655-b3f677c7deec202604290917311777475869322960295.sst into:sstable2/f331e93f-fa25-4a64-9dde-ce7c09cc2ef0202604290917311777475881784311063.sst
2026-04-29 15:18:02:353 - Compaction completed: 
2026-04-29 15:18:02:846 31 sec: 148449 operations; 4891 current ops/sec; [READ: Count=2447, Max=12943, Min=5, Avg=86.84, 90=147, 99=215, 99.9=4847, 99.99=12943] [UPDATE: Count=2442, Max=12351, Min=156, Avg=278.77, 90=360, 99=513, 99.9=4061, 99.99=12351] 
2026-04-29 15:18:03:846 32 sec: 148990 operations; 541 current ops/sec; [READ: Count=267, Max=839, Min=7, Avg=99.94, 90=184, 99=481, 99.9=839, 99.99=839] [UPDATE: Count=275, Max=118207, Min=268, Avg=3892.2, 90=5119, 99=7627, 99.9=118207, 99.99=118207] 
2026-04-29 15:18:04:846 33 sec: 149722 operations; 732 current ops/sec; [READ: Count=360, Max=947, Min=6, Avg=99.65, 90=189, 99=689, 99.9=947, 99.99=947] [UPDATE: Count=371, Max=5439, Min=715, Avg=2594.44, 90=3995, 99=4963, 99.9=5439, 99.99=5439] 
2026-04-29 15:18:05:566 - Compaction started: 
2026-04-29 15:18:05:846 34 sec: 154564 operations; 4842 current ops/sec; [READ: Count=2448, Max=5091, Min=5, Avg=79.9, 90=148, 99=213, 99.9=4435, 99.99=5091] [UPDATE: Count=2398, Max=7471, Min=153, Avg=332.61, 90=405, 99=1562, 99.9=5371, 99.99=7471] 
140405727274560:Compacting datalog/55 datalog/56 into:sstable1/f331e93f-fa25-4a64-9dde-ce7c09cc2ef0202604290917311777475885709646718.sst
2026-04-29 15:18:06:013 - Compaction completed: 
2026-04-29 15:18:06:846 35 sec: 160141 operations; 5577 current ops/sec; [READ: Count=2812, Max=11487, Min=5, Avg=80.85, 90=143, 99=188, 99.9=4459, 99.99=11487] [UPDATE: Count=2763, Max=4935, Min=155, Avg=276.64, 90=353, 99=451, 99.9=4095, 99.99=4935] 
2026-04-29 15:18:07:846 36 sec: 165577 operations; 5436 current ops/sec; [READ: Count=2706, Max=4719, Min=5, Avg=77.59, 90=145, 99=211, 99.9=4167, 99.99=4719] [UPDATE: Count=2731, Max=32447, Min=156, Avg=286.3, 90=349, 99=442, 99.9=4911, 99.99=32447] 
2026-04-29 15:18:08:846 37 sec: 169943 operations; 4366 current ops/sec; [READ: Count=2195, Max=4359, Min=5, Avg=72.3, 90=140, 99=206, 99.9=3611, 99.99=4359] [UPDATE: Count=2170, Max=77951, Min=157, Avg=384.47, 90=556, 99=1083, 99.9=6055, 99.99=77951] 
2026-04-29 15:18:09:846 38 sec: 175367 operations; 5424 current ops/sec; [READ: Count=2674, Max=4807, Min=6, Avg=78.36, 90=142, 99=185, 99.9=4123, 99.99=4807] [UPDATE: Count=2751, Max=32831, Min=161, Avg=284.49, 90=342, 99=419, 99.9=4231, 99.99=32831] 
2026-04-29 15:18:10:846 39 sec: 181125 operations; 5758 current ops/sec; [READ: Count=2893, Max=5039, Min=5, Avg=69.6, 90=139, 99=175, 99.9=4463, 99.99=5039] [UPDATE: Count=2864, Max=4943, Min=161, Avg=275.88, 90=349, 99=416, 99.9=4439, 99.99=4943] 
2026-04-29 15:18:11:846 40 sec: 186674 operations; 5549 current ops/sec; [READ: Count=2775, Max=5387, Min=5, Avg=72.46, 90=143, 99=187, 99.9=4093, 99.99=5387] [UPDATE: Count=2774, Max=32831, Min=158, Avg=285.11, 90=346, 99=419, 99.9=5035, 99.99=32831] 
2026-04-29 15:18:12:846 41 sec: 192381 operations; 5707 current ops/sec; [READ: Count=2900, Max=4959, Min=6, Avg=69.82, 90=138, 99=174, 99.9=4223, 99.99=4959] [UPDATE: Count=2807, Max=32895, Min=159, Avg=281.23, 90=344, 99=416, 99.9=4975, 99.99=32895] 
2026-04-29 15:18:13:846 42 sec: 195326 operations; 2945 current ops/sec; [READ: Count=1485, Max=1706, Min=6, Avg=87.38, 90=164, 99=282, 99.9=1696, 99.99=1706] [UPDATE: Count=1461, Max=127103, Min=163, Avg=592.19, 90=882, 99=1419, 99.9=4607, 99.99=127103] 
2026-04-29 15:18:14:846 43 sec: 200891 operations; 5565 current ops/sec; [READ: Count=2816, Max=4839, Min=6, Avg=76.89, 90=146, 99=191, 99.9=3833, 99.99=4839] [UPDATE: Count=2747, Max=31535, Min=157, Avg=282.14, 90=340, 99=428, 99.9=6511, 99.99=31535] 
2026-04-29 15:18:15:846 44 sec: 206020 operations; 5129 current ops/sec; [READ: Count=2598, Max=4057, Min=6, Avg=79.18, 90=151, 99=227, 99.9=3407, 99.99=4057] [UPDATE: Count=2530, Max=58655, Min=156, Avg=306.24, 90=363, 99=455, 99.9=4447, 99.99=58655] 
2026-04-29 15:18:16:846 45 sec: 211784 operations; 5764 current ops/sec; [READ: Count=2862, Max=6071, Min=6, Avg=74.34, 90=142, 99=186, 99.9=5215, 99.99=6071] [UPDATE: Count=2905, Max=14679, Min=154, Avg=272.11, 90=342, 99=417, 99.9=4967, 99.99=14679] 
2026-04-29 15:18:17:846 46 sec: 217483 operations; 5699 current ops/sec; [READ: Count=2898, Max=5191, Min=6, Avg=73.78, 90=147, 99=196, 99.9=4291, 99.99=5191] [UPDATE: Count=2801, Max=13855, Min=150, Avg=277.66, 90=345, 99=457, 99.9=5587, 99.99=13855] 
2026-04-29 15:18:18:846 47 sec: 220599 operations; 3116 current ops/sec; [READ: Count=1614, Max=5043, Min=6, Avg=84.6, 90=158, 99=243, 99.9=2587, 99.99=5043] [UPDATE: Count=1501, Max=119807, Min=157, Avg=571.91, 90=842, 99=1357, 99.9=35455, 99.99=119807] 
2026-04-29 15:18:19:846 48 sec: 226223 operations; 5624 current ops/sec; [READ: Count=2799, Max=4687, Min=6, Avg=77.42, 90=146, 99=187, 99.9=4635, 99.99=4687] [UPDATE: Count=2825, Max=9023, Min=155, Avg=274.42, 90=351, 99=417, 99.9=4415, 99.99=9023] 
2026-04-29 15:18:20:493 - Compaction started: 
2026-04-29 15:18:20:846 49 sec: 230030 operations; 3807 current ops/sec; [READ: Count=1958, Max=8311, Min=6, Avg=76.14, 90=140, 99=188, 99.9=4615, 99.99=8311] [UPDATE: Count=1847, Max=169471, Min=155, Avg=376.77, 90=340, 99=432, 99.9=29503, 99.99=169471] 
140405727274560:Compacting sstable1/f331e93f-fa25-4a64-9dde-ce7c09cc2ef0202604290917311777475885709646718.sst sstable1/3a3335b2-a133-4e2e-9d4c-36e7497f6a03202604290917311777475888533908106.sst into:sstable2/f331e93f-fa25-4a64-9dde-ce7c09cc2ef0202604290917311777475900948417887.sst
2026-04-29 15:18:21:579 - Compaction completed: 
2026-04-29 15:18:21:846 50 sec: 234844 operations; 4814 current ops/sec; [READ: Count=2416, Max=4435, Min=6, Avg=85.91, 90=163, 99=234, 99.9=3947, 99.99=4435] [UPDATE: Count=2398, Max=175999, Min=157, Avg=388.43, 90=386, 99=537, 99.9=11415, 99.99=175999] 
2026-04-29 15:18:22:846 51 sec: 240296 operations; 5452 current ops/sec; [READ: Count=2651, Max=5491, Min=6, Avg=75.99, 90=148, 99=198, 99.9=4703, 99.99=5491] [UPDATE: Count=2801, Max=33791, Min=158, Avg=282.69, 90=347, 99=436, 99.9=4991, 99.99=33791] 
2026-04-29 15:18:23:846 52 sec: 243223 operations; 2927 current ops/sec; [READ: Count=1438, Max=2703, Min=6, Avg=79.23, 90=160, 99=251, 99.9=1054, 99.99=2703] [UPDATE: Count=1490, Max=122047, Min=160, Avg=591.56, 90=1095, 99=2437, 99.9=7635, 99.99=122047] 
2026-04-29 15:18:24:846 53 sec: 247871 operations; 4648 current ops/sec; [READ: Count=2307, Max=4355, Min=6, Avg=79.22, 90=150, 99=217, 99.9=3525, 99.99=4355] [UPDATE: Count=2342, Max=15839, Min=160, Avg=345.97, 90=557, 99=1455, 99.9=4251, 99.99=15839] 
2026-04-29 15:18:25:846 54 sec: 253501 operations; 5630 current ops/sec; [READ: Count=2846, Max=4783, Min=6, Avg=78.11, 90=151, 99=197, 99.9=4159, 99.99=4783] [UPDATE: Count=2785, Max=4939, Min=156, Avg=276.24, 90=353, 99=442, 99.9=4603, 99.99=4939] 
2026-04-29 15:18:25:950 - NewTail completed: 
2026-04-29 15:18:26:003 - Compaction started: 
140405727274560:Compacting datalog/69 datalog/70 into:sstable1/f331e93f-fa25-4a64-9dde-ce7c09cc2ef0202604290917311777475906147196581.sst
2026-04-29 15:18:26:463 - Compaction completed: 
2026-04-29 15:18:26:505 - Compaction started: 
2026-04-29 15:18:26:846 55 sec: 257385 operations; 3884 current ops/sec; [READ: Count=1968, Max=10319, Min=6, Avg=84.32, 90=148, 99=207, 99.9=5719, 99.99=10319] [UPDATE: Count=1913, Max=174719, Min=161, Avg=366.91, 90=349, 99=443, 99.9=4951, 99.99=174719] 
140405727274560:Compacting sstable1/d049eb7a-a95c-406e-8655-b3f677c7deec202604290917311777475891277232804.sst sstable1/3a3335b2-a133-4e2e-9d4c-36e7497f6a03202604290917311777475894370741503.sst into:sstable2/f331e93f-fa25-4a64-9dde-ce7c09cc2ef0202604290917311777475906979599127.sst
2026-04-29 15:18:27:590 - Compaction completed: 
2026-04-29 15:18:27:846 56 sec: 262393 operations; 5008 current ops/sec; [READ: Count=2520, Max=8751, Min=6, Avg=78.66, 90=150, 99=203, 99.9=3807, 99.99=8751] [UPDATE: Count=2492, Max=175487, Min=159, Avg=369.35, 90=348, 99=443, 99.9=15103, 99.99=175487] 
2026-04-29 15:18:28:846 57 sec: 265989 operations; 3596 current ops/sec; [READ: Count=1790, Max=4759, Min=6, Avg=82.97, 90=150, 99=213, 99.9=4387, 99.99=4759] [UPDATE: Count=1802, Max=121919, Min=161, Avg=469.01, 90=835, 99=1385, 99.9=5667, 99.99=121919] 
2026-04-29 15:18:29:846 58 sec: 270765 operations; 4776 current ops/sec; [READ: Count=2349, Max=10247, Min=6, Avg=79.72, 90=148, 99=203, 99.9=3711, 99.99=10247] [UPDATE: Count=2431, Max=37055, Min=158, Avg=331.83, 90=416, 99=1228, 99.9=4667, 99.99=37055] 
2026-04-29 15:18:30:846 59 sec: 276191 operations; 5426 current ops/sec; [READ: Count=2654, Max=4803, Min=6, Avg=78.35, 90=147, 99=203, 99.9=3855, 99.99=4803] [UPDATE: Count=2770, Max=16399, Min=164, Avg=282.77, 90=356, 99=442, 99.9=5147, 99.99=16399] 
2026-04-29 15:18:31:846 60 sec: 281764 operations; 5573 current ops/sec; [READ: Count=2825, Max=5195, Min=6, Avg=82.09, 90=153, 99=206, 99.9=4767, 99.99=5195] [UPDATE: Count=2749, Max=7795, Min=162, Avg=276.46, 90=357, 99=442, 99.9=4219, 99.99=7795] 
2026-04-29 15:18:32:846 61 sec: 287065 operations; 5301 current ops/sec; [READ: Count=2651, Max=9607, Min=6, Avg=84.53, 90=156, 99=213, 99.9=3999, 99.99=9607] [UPDATE: Count=2649, Max=37215, Min=161, Avg=289.64, 90=364, 99=442, 99.9=3665, 99.99=37215] 
2026-04-29 15:18:33:846 62 sec: 290435 operations; 3370 current ops/sec; [READ: Count=1674, Max=4743, Min=6, Avg=77.51, 90=149, 99=207, 99.9=3877, 99.99=4743] [UPDATE: Count=1694, Max=133887, Min=165, Avg=509.04, 90=374, 99=4779, 99.9=33279, 99.99=133887] 
2026-04-29 15:18:34:846 63 sec: 291339 operations; 904 current ops/sec; [READ: Count=473, Max=1297, Min=6, Avg=93.2, 90=175, 99=603, 99.9=1297, 99.99=1297] [UPDATE: Count=431, Max=11327, Min=284, Avg=2219.45, 90=4411, 99=7367, 99.9=11327, 99.99=11327] 
2026-04-29 15:18:35:846 64 sec: 295924 operations; 4585 current ops/sec; [READ: Count=2297, Max=4459, Min=6, Avg=82.49, 90=163, 99=250, 99.9=2291, 99.99=4459] [UPDATE: Count=2291, Max=7347, Min=154, Avg=350.59, 90=561, 99=1161, 99.9=4659, 99.99=7347] 
2026-04-29 15:18:36:846 65 sec: 301357 operations; 5433 current ops/sec; [READ: Count=2711, Max=4895, Min=6, Avg=71.66, 90=148, 99=194, 99.9=493, 99.99=4895] [UPDATE: Count=2721, Max=37727, Min=159, Avg=293.22, 90=349, 99=422, 99.9=5411, 99.99=37727] 
2026-04-29 15:18:37:846 66 sec: 306928 operations; 5571 current ops/sec; [READ: Count=2800, Max=4811, Min=6, Avg=77.69, 90=151, 99=207, 99.9=4025, 99.99=4811] [UPDATE: Count=2771, Max=27855, Min=161, Avg=279.48, 90=348, 99=436, 99.9=4739, 99.99=27855] 
2026-04-29 15:18:38:846 67 sec: 311268 operations; 4340 current ops/sec; [READ: Count=2154, Max=4859, Min=7, Avg=83.39, 90=161, 99=251, 99.9=4391, 99.99=4859] [UPDATE: Count=2187, Max=97727, Min=161, Avg=371.83, 90=463, 99=1082, 99.9=5359, 99.99=97727] 
2026-04-29 15:18:39:846 68 sec: 316470 operations; 5202 current ops/sec; [READ: Count=2608, Max=9439, Min=6, Avg=82.45, 90=154, 99=236, 99.9=4175, 99.99=9439] [UPDATE: Count=2593, Max=38015, Min=161, Avg=299.81, 90=367, 99=805, 99.9=4239, 99.99=38015] 
2026-04-29 15:18:40:846 69 sec: 321842 operations; 5372 current ops/sec; [READ: Count=2655, Max=10919, Min=6, Avg=77.67, 90=153, 99=218, 99.9=3523, 99.99=10919] [UPDATE: Count=2717, Max=37983, Min=159, Avg=289.27, 90=345, 99=428, 99.9=4687, 99.99=37983] 
2026-04-29 15:18:41:846 70 sec: 327306 operations; 5464 current ops/sec; [READ: Count=2756, Max=4739, Min=6, Avg=75.67, 90=153, 99=215, 99.9=4211, 99.99=4739] [UPDATE: Count=2707, Max=37535, Min=154, Avg=289.33, 90=355, 99=452, 99.9=4947, 99.99=37535] 
2026-04-29 15:18:42:846 71 sec: 332941 operations; 5635 current ops/sec; [READ: Count=2851, Max=4507, Min=7, Avg=75.37, 90=152, 99=214, 99.9=3671, 99.99=4507] [UPDATE: Count=2786, Max=9719, Min=158, Avg=278.79, 90=356, 99=473, 99.9=5011, 99.99=9719] 
2026-04-29 15:18:43:846 72 sec: 337908 operations; 4967 current ops/sec; [READ: Count=2513, Max=5207, Min=7, Avg=75.36, 90=148, 99=212, 99.9=4363, 99.99=5207] [UPDATE: Count=2451, Max=125567, Min=156, Avg=327.52, 90=345, 99=573, 99.9=6235, 99.99=125567] 
2026-04-29 15:18:44:846 73 sec: 341638 operations; 3730 current ops/sec; [READ: Count=1901, Max=5339, Min=7, Avg=76.19, 90=154, 99=209, 99.9=2031, 99.99=5339] [UPDATE: Count=1831, Max=33503, Min=150, Avg=464.3, 90=811, 99=1286, 99.9=3959, 99.99=33503] 
2026-04-29 15:18:45:846 74 sec: 347284 operations; 5646 current ops/sec; [READ: Count=2832, Max=9503, Min=7, Avg=82.8, 90=152, 99=210, 99.9=4567, 99.99=9503] [UPDATE: Count=2814, Max=4183, Min=157, Avg=269.06, 90=350, 99=437, 99.9=3827, 99.99=4183] 
2026-04-29 15:18:46:846 75 sec: 352614 operations; 5330 current ops/sec; [READ: Count=2672, Max=14831, Min=7, Avg=79.51, 90=144, 99=212, 99.9=3985, 99.99=14831] [UPDATE: Count=2661, Max=37375, Min=156, Avg=293.16, 90=353, 99=449, 99.9=5131, 99.99=37375] 
2026-04-29 15:18:47:846 76 sec: 358494 operations; 5880 current ops/sec; [READ: Count=2943, Max=5923, Min=7, Avg=75.47, 90=145, 99=197, 99.9=4775, 99.99=5923] [UPDATE: Count=2936, Max=14247, Min=154, Avg=261.96, 90=340, 99=421, 99.9=4575, 99.99=14247] 
2026-04-29 15:18:48:846 77 sec: 363706 operations; 5212 current ops/sec; [READ: Count=2576, Max=5915, Min=7, Avg=90.31, 90=163, 99=265, 99.9=4563, 99.99=5915] [UPDATE: Count=2632, Max=4155, Min=157, Avg=280.08, 90=367, 99=504, 99.9=2829, 99.99=4155] 
2026-04-29 15:18:48:949 - NewTail completed: 
2026-04-29 15:18:49:846 78 sec: 366703 operations; 2997 current ops/sec; [READ: Count=1450, Max=4235, Min=7, Avg=89.24, 90=172, 99=297, 99.9=2651, 99.99=4235] [UPDATE: Count=1548, Max=125439, Min=159, Avg=573.27, 90=882, 99=1376, 99.9=8131, 99.99=125439] 
2026-04-29 15:18:50:846 79 sec: 372111 operations; 5408 current ops/sec; [READ: Count=2768, Max=4391, Min=7, Avg=79.81, 90=155, 99=208, 99.9=4051, 99.99=4391] [UPDATE: Count=2641, Max=36991, Min=163, Avg=292.08, 90=357, 99=433, 99.9=4215, 99.99=36991] 
2026-04-29 15:18:51:846 80 sec: 377502 operations; 5391 current ops/sec; [READ: Count=2714, Max=4499, Min=7, Avg=90.15, 90=165, 99=266, 99.9=3971, 99.99=4499] [UPDATE: Count=2677, Max=10295, Min=158, Avg=278.95, 90=369, 99=495, 99.9=735, 99.99=10295] 
2026-04-29 15:18:52:846 81 sec: 382584 operations; 5082 current ops/sec; [READ: Count=2609, Max=13983, Min=7, Avg=90.84, 90=170, 99=268, 99.9=4279, 99.99=13983] [UPDATE: Count=2473, Max=18943, Min=160, Avg=305.28, 90=396, 99=526, 99.9=5131, 99.99=18943] 
2026-04-29 15:18:53:846 82 sec: 387945 operations; 5361 current ops/sec; [READ: Count=2650, Max=4743, Min=7, Avg=74.69, 90=157, 99=217, 99.9=3861, 99.99=4743] [UPDATE: Count=2710, Max=36863, Min=165, Avg=292.88, 90=363, 99=467, 99.9=5183, 99.99=36863] 
2026-04-29 15:18:54:846 83 sec: 390312 operations; 2367 current ops/sec; [READ: Count=1210, Max=4567, Min=7, Avg=81.33, 90=160, 99=259, 99.9=1650, 99.99=4567] [UPDATE: Count=1156, Max=117375, Min=165, Avg=776.47, 90=1258, 99=2253, 99.9=6159, 99.99=117375] 
2026-04-29 15:18:55:846 84 sec: 395528 operations; 5216 current ops/sec; [READ: Count=2545, Max=4227, Min=7, Avg=83.38, 90=161, 99=245, 99.9=3715, 99.99=4227] [UPDATE: Count=2672, Max=14159, Min=162, Avg=291.88, 90=368, 99=476, 99.9=4923, 99.99=14159] 
2026-04-29 15:18:56:846 85 sec: 400684 operations; 5156 current ops/sec; [READ: Count=2509, Max=5091, Min=7, Avg=81.5, 90=149, 99=219, 99.9=4695, 99.99=5091] [UPDATE: Count=2647, Max=37023, Min=165, Avg=297.7, 90=356, 99=456, 99.9=6339, 99.99=37023] 
2026-04-29 15:18:57:846 86 sec: 405456 operations; 4772 current ops/sec; [READ: Count=2352, Max=5267, Min=7, Avg=91.61, 90=173, 99=279, 99.9=4891, 99.99=5267] [UPDATE: Count=2419, Max=11951, Min=167, Avg=320.58, 90=398, 99=574, 99.9=10311, 99.99=11951] 
2026-04-29 15:18:58:846 87 sec: 410389 operations; 4933 current ops/sec; [READ: Count=2474, Max=11527, Min=7, Avg=91.02, 90=165, 99=271, 99.9=4575, 99.99=11527] [UPDATE: Count=2462, Max=30975, Min=166, Avg=311.97, 90=400, 99=541, 99.9=4339, 99.99=30975] 
2026-04-29 15:18:59:846 88 sec: 413313 operations; 2924 current ops/sec; [READ: Count=1507, Max=4755, Min=7, Avg=78.65, 90=162, 99=236, 99.9=1493, 99.99=4755] [UPDATE: Count=1415, Max=115135, Min=167, Avg=619.56, 90=1084, 99=1953, 99.9=4835, 99.99=115135] 
2026-04-29 15:19:00:846 89 sec: 418578 operations; 5265 current ops/sec; [READ: Count=2617, Max=6279, Min=7, Avg=83.68, 90=155, 99=222, 99.9=4683, 99.99=6279] [UPDATE: Count=2648, Max=37343, Min=164, Avg=291.92, 90=364, 99=465, 99.9=4063, 99.99=37343] 
Maximum time elapsed. Requesting stop for the workload.
Stop requested for workload. Now Joining!
[OZONEDB-PROFILE] reads=423760  avg_total=80.63us  view=6.00us(7.4%)  log=9.55us(11.8%)  sst=100.30us_per_call x 273980_calls(80.4%_of_total)
[OZONEDB-SST-PROFILE] level | time_total_ms | enters | range_rejects | table_gets | hits
[OZONEDB-SST-PROFILE] L1  |      7519.48 |  1121268 |        41608 |    1079660 |  70799
[OZONEDB-SST-PROFILE] L2  |      7439.22 |  1155456 |       139312 |    1016144 |  72250
[OZONEDB-SST-PROFILE] L3  |       906.36 |   261629 |       130698 |     130931 |   8481
[OZONEDB-SST-PROFILE] L4  |       935.05 |   244532 |       122084 |     122448 |   8696
[OZONEDB-SST-PROFILE] L5  |       851.95 |   227198 |       113453 |     113745 |   8806
[OZONEDB-SST-PROFILE] L6  |       863.32 |   209611 |       104668 |     104943 |   8764
[OZONEDB-SST-PROFILE] L7  |      8775.05 |   331771 |           13 |     331758 |  96184
[OZONEDB-TBL-PROFILE] file_filter_reject=2595752  block_filter_reject=29544  index_invalid=0  block_read_more=253355  hit_from_cache=20978  miss_after_read=353  found=273980
2026-04-29 15:19:01:846 90 sec: 423756 operations; 5178 current ops/sec; [READ: Count=2562, Max=4415, Min=7, Avg=78.37, 90=153, 99=221, 99.9=3725, 99.99=4415] [UPDATE: Count=2617, Max=37311, Min=166, Avg=302.46, 90=361, 99=450, 99.9=5455, 99.99=37311] 
2026-04-29 15:19:01:892 90 sec: 423760 operations; 86.96 current ops/sec; [READ: Count=1, Max=90, Min=90, Avg=90, 90=90, 99=90, 99.9=90, 99.99=90] [CLEANUP: Count=1, Max=45343, Min=45312, Avg=45328, 90=45343, 99=45343, 99.9=45343, 99.99=45343] [UPDATE: Count=1, Max=291, Min=291, Avg=291, 90=291, 99=291, 99.9=291, 99.99=291] 
[OVERALL], RunTime(ms), 90047
[OVERALL], Throughput(ops/sec), 4705.986873521605
[TOTAL_GCS_PS_Scavenge], Count, 5
[TOTAL_GC_TIME_PS_Scavenge], Time(ms), 21
[TOTAL_GC_TIME_%_PS_Scavenge], Time(%), 0.023321154508201273
[TOTAL_GCS_PS_MarkSweep], Count, 0
[TOTAL_GC_TIME_PS_MarkSweep], Time(ms), 0
[TOTAL_GC_TIME_%_PS_MarkSweep], Time(%), 0.0
[TOTAL_GCs], Count, 5
[TOTAL_GC_TIME], Time(ms), 21
[TOTAL_GC_TIME_%], Time(%), 0.023321154508201273
[READ], Operations, 211736
[READ], AverageLatency(us), 82.24544243775267
[READ], MinLatency(us), 5
[READ], MaxLatency(us), 246015
[READ], 95thPercentileLatency(us), 165
[READ], 99thPercentileLatency(us), 218
[READ], Return=OK, 211736
[CLEANUP], Operations, 1
[CLEANUP], AverageLatency(us), 45328.0
[CLEANUP], MinLatency(us), 45312
[CLEANUP], MaxLatency(us), 45343
[CLEANUP], 95thPercentileLatency(us), 45343
[CLEANUP], 99thPercentileLatency(us), 45343
[UPDATE], Operations, 212024
[UPDATE], AverageLatency(us), 337.1570199600045
[UPDATE], MinLatency(us), 150
[UPDATE], MaxLatency(us), 184063
[UPDATE], 95thPercentileLatency(us), 539
[UPDATE], 99thPercentileLatency(us), 1329
[UPDATE], Return=OK, 212024
	Command being timed: "/usr/lib/jvm/java-8-openjdk-amd64/bin/java -cp /users/Xinying/ozonedb/ycsb/ozonedb/conf:/users/Xinying/ozonedb/ycsb/ozonedb/target/ozonedb-binding-0.18.0-SNAPSHOT.jar:/users/Xinying/.m2/repository/org/apache/htrace/htrace-core4/4.1.0-incubating/htrace-core4-4.1.0-incubating.jar:/users/Xinying/.m2/repository/org/slf4j/slf4j-api/1.7.25/slf4j-api-1.7.25.jar:/users/Xinying/.m2/repository/org/hdrhistogram/HdrHistogram/2.1.12/HdrHistogram-2.1.12.jar:/users/Xinying/.m2/repository/ch/qos/logback/logback-classic/1.2.3/logback-classic-1.2.3.jar:/users/Xinying/.m2/repository/ozonedbjnimaven/demoproc-jni/1.0/demoproc-jni-1.0.jar:/users/Xinying/.m2/repository/ch/qos/logback/logback-core/1.2.3/logback-core-1.2.3.jar:/users/Xinying/.m2/repository/org/codehaus/jackson/jackson-mapper-asl/1.9.4/jackson-mapper-asl-1.9.4.jar:/users/Xinying/.m2/repository/org/slf4j/slf4j-simple/1.7.25/slf4j-simple-1.7.25.jar:/users/Xinying/.m2/repository/org/codehaus/jackson/jackson-core-asl/1.9.4/jackson-core-asl-1.9.4.jar:/users/Xinying/ozonedb/ycsb/core/target/core-0.18.0-SNAPSHOT.jar site.ycsb.Client -db site.ycsb.db.OzoneDBClient -threads 1 -s -P /users/Xinying/ozonedb/ycsb/workloads/generated_workloads/workloada_1KB_1000000_1000000 -p status.interval=1 -p maxexecutiontime=90 -p operationcount=0 -p shared_config=/tmp/phase1_ozonedb_configs/shared_config_SHARED_workloada_p8_r1_proc2.json -t"
	User time (seconds): 31.24
	System time (seconds): 37.44
	Percent of CPU this job got: 74%
	Elapsed (wall clock) time (h:mm:ss or m:ss): 1:32.45
	Average shared text size (kbytes): 0
	Average unshared data size (kbytes): 0
	Average stack size (kbytes): 0
	Average total size (kbytes): 0
	Maximum resident set size (kbytes): 5014744
	Average resident set size (kbytes): 0
	Major (requiring I/O) page faults: 355
	Minor (reclaiming a frame) page faults: 1288649
	Voluntary context switches: 577158
	Involuntary context switches: 858
	Swaps: 0
	File system inputs: 9693913
	File system outputs: 1381943
	Socket messages sent: 0
	Socket messages received: 0
	Signals delivered: 0
	Page size (bytes): 4096
	Exit status: 0
