# CMD: /usr/bin/time -v /usr/lib/jvm/java-8-openjdk-amd64/bin/java -cp /users/Xinying/ozonedb/ycsb/ozonedb/conf:/users/Xinying/ozonedb/ycsb/ozonedb/target/ozonedb-binding-0.18.0-SNAPSHOT.jar:/users/Xinying/.m2/repository/org/apache/htrace/htrace-core4/4.1.0-incubating/htrace-core4-4.1.0-incubating.jar:/users/Xinying/.m2/repository/org/slf4j/slf4j-api/1.7.25/slf4j-api-1.7.25.jar:/users/Xinying/.m2/repository/org/hdrhistogram/HdrHistogram/2.1.12/HdrHistogram-2.1.12.jar:/users/Xinying/.m2/repository/ch/qos/logback/logback-classic/1.2.3/logback-classic-1.2.3.jar:/users/Xinying/.m2/repository/ozonedbjnimaven/demoproc-jni/1.0/demoproc-jni-1.0.jar:/users/Xinying/.m2/repository/ch/qos/logback/logback-core/1.2.3/logback-core-1.2.3.jar:/users/Xinying/.m2/repository/org/codehaus/jackson/jackson-mapper-asl/1.9.4/jackson-mapper-asl-1.9.4.jar:/users/Xinying/.m2/repository/org/slf4j/slf4j-simple/1.7.25/slf4j-simple-1.7.25.jar:/users/Xinying/.m2/repository/org/codehaus/jackson/jackson-core-asl/1.9.4/jackson-core-asl-1.9.4.jar:/users/Xinying/ozonedb/ycsb/core/target/core-0.18.0-SNAPSHOT.jar site.ycsb.Client -db site.ycsb.db.OzoneDBClient -threads 1 -s -P /users/Xinying/ozonedb/ycsb/workloads/generated_workloads/workloadf_1KB_1000000_1000000 -p status.interval=1 -p maxexecutiontime=90 -p operationcount=0 -p shared_config=/tmp/phase1_ozonedb_configs/shared_config_SHARED_workloadf_p16_r1_proc8.json -t
# shared_work_path=/tank/ycsb_data/multi-proc-run/shared_ozonedb  proc_id=8/16
Command line: -db site.ycsb.db.OzoneDBClient -threads 1 -s -P /users/Xinying/ozonedb/ycsb/workloads/generated_workloads/workloadf_1KB_1000000_1000000 -p status.interval=1 -p maxexecutiontime=90 -p operationcount=0 -p shared_config=/tmp/phase1_ozonedb_configs/shared_config_SHARED_workloadf_p16_r1_proc8.json -t
YCSB Client 0.18.0-SNAPSHOT

Loading workload...
Starting test.
SLF4J: Class path contains multiple SLF4J bindings.
SLF4J: Found binding in [jar:file:/users/Xinying/.m2/repository/ch/qos/logback/logback-classic/1.2.3/logback-classic-1.2.3.jar!/org/slf4j/impl/StaticLoggerBinder.class]
SLF4J: Found binding in [jar:file:/users/Xinying/.m2/repository/org/slf4j/slf4j-simple/1.7.25/slf4j-simple-1.7.25.jar!/org/slf4j/impl/StaticLoggerBinder.class]
SLF4J: See http://www.slf4j.org/codes.html#multiple_bindings for an explanation.
SLF4J: Actual binding is of type [ch.qos.logback.classic.util.ContextSelectorStaticBinder]
Maximum execution time specified as: 90 secs
2026-04-29 15:45:32:928 0 sec: 0 operations; 
Starting compaction watcher
DBWrapper: report latency for each error is false and specific error codes to track for latency are: []
2026-04-29 15:45:33:928 1 sec: 1475 operations; 1475 current ops/sec; [READ: Count=1476, Max=51199, Min=5, Avg=169.18, 90=178, 99=1205, 99.9=7239, 99.99=51199] [READ-MODIFY-WRITE: Count=754, Max=149759, Min=187, Avg=816.36, 90=844, 99=3867, 99.9=149759, 99.99=149759] [UPDATE: Count=760, Max=85695, Min=170, Avg=556.74, 90=649, 99=3027, 99.9=85695, 99.99=85695] 
2026-04-29 15:45:34:928 2 sec: 4603 operations; 3128 current ops/sec; [READ: Count=3127, Max=22527, Min=5, Avg=109.04, 90=153, 99=263, 99.9=8051, 99.99=22527] [READ-MODIFY-WRITE: Count=1546, Max=93567, Min=181, Avg=508.47, 90=547, 99=1725, 99.9=10119, 99.99=93567] [UPDATE: Count=1540, Max=92543, Min=172, Avg=402.23, 90=411, 99=1436, 99.9=8391, 99.99=92543] 
2026-04-29 15:45:35:131 - Compaction started: 
139713700668992:Compacting datalog/35 datalog/36 into:sstable1/bfc5a41f-850c-430f-a2d0-44378979e3fb202604290945321777477535374999542.sst
2026-04-29 15:45:35:800 - Compaction completed: 
2026-04-29 15:45:35:929 3 sec: 8148 operations; 3545 current ops/sec; [READ: Count=3545, Max=13999, Min=5, Avg=103.64, 90=156, 99=286, 99.9=8247, 99.99=13999] [READ-MODIFY-WRITE: Count=1772, Max=14391, Min=178, Avg=444.26, 90=585, 99=1560, 99.9=7895, 99.99=14391] [UPDATE: Count=1772, Max=7647, Min=167, Avg=346.72, 90=455, 99=1312, 99.9=7643, 99.99=7647] 
2026-04-29 15:45:36:928 4 sec: 11988 operations; 3840 current ops/sec; [READ: Count=3843, Max=9007, Min=5, Avg=93.12, 90=144, 99=218, 99.9=7931, 99.99=9007] [READ-MODIFY-WRITE: Count=1926, Max=49215, Min=185, Avg=422.89, 90=513, 99=761, 99.9=9583, 99.99=49215] [UPDATE: Count=1926, Max=48927, Min=171, Avg=326.76, 90=385, 99=576, 99.9=5299, 99.99=48927] 
2026-04-29 15:45:37:928 5 sec: 16214 operations; 4226 current ops/sec; [READ: Count=4226, Max=14239, Min=5, Avg=85.08, 90=141, 99=208, 99.9=6259, 99.99=14239] [READ-MODIFY-WRITE: Count=2107, Max=8175, Min=175, Avg=387.32, 90=500, 99=686, 99.9=6835, 99.99=8175] [UPDATE: Count=2109, Max=6335, Min=161, Avg=297.03, 90=380, 99=525, 99.9=5419, 99.99=6335] 
2026-04-29 15:45:38:928 6 sec: 18274 operations; 2060 current ops/sec; [READ: Count=2058, Max=7339, Min=5, Avg=98.68, 90=157, 99=298, 99.9=5695, 99.99=7339] [READ-MODIFY-WRITE: Count=1073, Max=112063, Min=192, Avg=825.07, 90=1282, 99=3369, 99.9=49631, 99.99=112063] [UPDATE: Count=1071, Max=111551, Min=179, Avg=733.74, 90=1160, 99=3185, 99.9=49471, 99.99=111551] 
2026-04-29 15:45:39:928 7 sec: 21188 operations; 2914 current ops/sec; [READ: Count=2916, Max=7043, Min=5, Avg=91.62, 90=145, 99=223, 99.9=6987, 99.99=7043] [READ-MODIFY-WRITE: Count=1489, Max=68671, Min=176, Avg=579.67, 90=650, 99=4343, 99.9=24415, 99.99=68671] [UPDATE: Count=1490, Max=68415, Min=158, Avg=485.92, 90=567, 99=3889, 99.9=24287, 99.99=68415] 
2026-04-29 15:45:40:928 8 sec: 25474 operations; 4286 current ops/sec; [READ: Count=4287, Max=12911, Min=5, Avg=80.13, 90=136, 99=199, 99.9=5467, 99.99=12911] [READ-MODIFY-WRITE: Count=2115, Max=15487, Min=178, Avg=381, 90=476, 99=663, 99.9=7379, 99.99=15487] [UPDATE: Count=2117, Max=15391, Min=161, Avg=303.74, 90=364, 99=514, 99.9=7051, 99.99=15391] 
2026-04-29 15:45:41:928 9 sec: 29556 operations; 4082 current ops/sec; [READ: Count=4079, Max=8263, Min=5, Avg=79.35, 90=135, 99=197, 99.9=7171, 99.99=8263] [READ-MODIFY-WRITE: Count=1997, Max=50623, Min=170, Avg=416.29, 90=489, 99=719, 99.9=10223, 99.99=50623] [UPDATE: Count=1994, Max=50399, Min=161, Avg=329.87, 90=376, 99=539, 99.9=10071, 99.99=50399] 
2026-04-29 15:45:42:928 10 sec: 33306 operations; 3750 current ops/sec; [READ: Count=3751, Max=13847, Min=5, Avg=95.24, 90=161, 99=246, 99.9=6723, 99.99=13847] [READ-MODIFY-WRITE: Count=1937, Max=14367, Min=173, Avg=422.32, 90=556, 99=916, 99.9=11167, 99.99=14367] [UPDATE: Count=1942, Max=10919, Min=163, Avg=326.75, 90=414, 99=783, 99.9=8019, 99.99=10919] 
2026-04-29 15:45:43:928 11 sec: 36340 operations; 3034 current ops/sec; [READ: Count=3034, Max=7135, Min=5, Avg=83.69, 90=141, 99=220, 99.9=6223, 99.99=7135] [READ-MODIFY-WRITE: Count=1495, Max=115711, Min=180, Avg=578.75, 90=856, 99=1423, 99.9=7527, 99.99=115711] [UPDATE: Count=1492, Max=115327, Min=168, Avg=492.61, 90=765, 99=1281, 99.9=7051, 99.99=115327] 
2026-04-29 15:45:44:928 12 sec: 39879 operations; 3539 current ops/sec; [READ: Count=3538, Max=8639, Min=5, Avg=99.76, 90=168, 99=254, 99.9=6451, 99.99=8639] [READ-MODIFY-WRITE: Count=1790, Max=9151, Min=181, Avg=431.64, 90=599, 99=1385, 99.9=6727, 99.99=9151] [UPDATE: Count=1788, Max=1721, Min=170, Avg=332.61, 90=452, 99=1089, 99.9=1538, 99.99=1721] 
2026-04-29 15:45:45:928 13 sec: 43882 operations; 4003 current ops/sec; [READ: Count=4003, Max=8335, Min=5, Avg=84.97, 90=145, 99=227, 99.9=5875, 99.99=8335] [READ-MODIFY-WRITE: Count=1973, Max=51743, Min=182, Avg=434.95, 90=518, 99=692, 99.9=18015, 99.99=51743] [UPDATE: Count=1975, Max=51391, Min=172, Avg=346.63, 90=387, 99=507, 99.9=17887, 99.99=51391] 
2026-04-29 15:45:46:928 14 sec: 48011 operations; 4129 current ops/sec; [READ: Count=4131, Max=11791, Min=5, Avg=82.48, 90=143, 99=224, 99.9=5531, 99.99=11791] [READ-MODIFY-WRITE: Count=2016, Max=47711, Min=175, Avg=400.43, 90=488, 99=663, 99.9=7387, 99.99=47711] [UPDATE: Count=2016, Max=47519, Min=163, Avg=320.18, 90=369, 99=526, 99.9=7251, 99.99=47519] 
2026-04-29 15:45:47:748 - NewTail completed: 
2026-04-29 15:45:47:928 15 sec: 51986 operations; 3975 current ops/sec; [READ: Count=3973, Max=21071, Min=6, Avg=93.6, 90=161, 99=238, 99.9=6915, 99.99=21071] [READ-MODIFY-WRITE: Count=1973, Max=21807, Min=168, Avg=409.28, 90=533, 99=737, 99.9=8727, 99.99=21807] [UPDATE: Count=1973, Max=8375, Min=159, Avg=310.72, 90=397, 99=564, 99.9=6715, 99.99=8375] 
2026-04-29 15:45:48:928 16 sec: 54818 operations; 2832 current ops/sec; [READ: Count=2833, Max=8059, Min=6, Avg=99.8, 90=166, 99=267, 99.9=7107, 99.99=8059] [READ-MODIFY-WRITE: Count=1401, Max=110911, Min=184, Avg=602.04, 90=870, 99=1806, 99.9=10503, 99.99=110911] [UPDATE: Count=1400, Max=110527, Min=172, Avg=504.37, 90=752, 99=1585, 99.9=10303, 99.99=110527] 
2026-04-29 15:45:49:928 17 sec: 56663 operations; 1845 current ops/sec; [READ: Count=1844, Max=2897, Min=5, Avg=102.15, 90=179, 99=314, 99.9=2747, 99.99=2897] [READ-MODIFY-WRITE: Count=935, Max=41183, Min=183, Avg=959.99, 90=1440, 99=2389, 99.9=41183, 99.99=41183] [UPDATE: Count=935, Max=40991, Min=170, Avg=859.48, 90=1315, 99=1855, 99.9=40991, 99.99=40991] 
2026-04-29 15:45:50:928 18 sec: 60760 operations; 4097 current ops/sec; [READ: Count=4098, Max=7567, Min=6, Avg=89.64, 90=148, 99=231, 99.9=6247, 99.99=7567] [READ-MODIFY-WRITE: Count=2050, Max=12207, Min=174, Avg=388.71, 90=512, 99=748, 99.9=7391, 99.99=12207] [UPDATE: Count=2050, Max=11887, Min=162, Avg=302.25, 90=384, 99=525, 99.9=2535, 99.99=11887] 
2026-04-29 15:45:51:453 - NewTail completed: 
2026-04-29 15:45:51:928 19 sec: 64714 operations; 3954 current ops/sec; [READ: Count=3956, Max=11791, Min=6, Avg=97.5, 90=166, 99=262, 99.9=6639, 99.99=11791] [READ-MODIFY-WRITE: Count=1996, Max=7851, Min=170, Avg=402.28, 90=540, 99=745, 99.9=7747, 99.99=7851] [UPDATE: Count=1997, Max=7643, Min=162, Avg=302.14, 90=390, 99=501, 99.9=5511, 99.99=7643] 
2026-04-29 15:45:52:928 20 sec: 68823 operations; 4109 current ops/sec; [READ: Count=4106, Max=16687, Min=5, Avg=92.89, 90=156, 99=243, 99.9=8107, 99.99=16687] [READ-MODIFY-WRITE: Count=2019, Max=8399, Min=166, Avg=386.25, 90=526, 99=713, 99.9=7635, 99.99=8399] [UPDATE: Count=2018, Max=7651, Min=157, Avg=301.41, 90=394, 99=562, 99.9=3085, 99.99=7651] 
2026-04-29 15:45:53:928 21 sec: 71711 operations; 2888 current ops/sec; [READ: Count=2888, Max=7467, Min=5, Avg=93.65, 90=155, 99=252, 99.9=7147, 99.99=7467] [READ-MODIFY-WRITE: Count=1427, Max=118975, Min=173, Avg=612.04, 90=558, 99=4375, 99.9=50335, 99.99=118975] [UPDATE: Count=1426, Max=111679, Min=164, Avg=506.16, 90=413, 99=3617, 99.9=50175, 99.99=111679] 
2026-04-29 15:45:54:928 22 sec: 72529 operations; 818 current ops/sec; [READ: Count=818, Max=2079, Min=6, Avg=106.11, 90=199, 99=1036, 99.9=2079, 99.99=2079] [READ-MODIFY-WRITE: Count=426, Max=7731, Min=346, Avg=2240.62, 90=3917, 99=5175, 99.9=7731, 99.99=7731] [UPDATE: Count=426, Max=7715, Min=329, Avg=2133.17, 90=3827, 99=5035, 99.9=7715, 99.99=7715] 
2026-04-29 15:45:55:928 23 sec: 74867 operations; 2338 current ops/sec; [READ: Count=2338, Max=7003, Min=5, Avg=93.36, 90=168, 99=278, 99.9=4611, 99.99=7003] [READ-MODIFY-WRITE: Count=1210, Max=50879, Min=173, Avg=741.33, 90=1535, 99=3875, 99.9=8271, 99.99=50879] [UPDATE: Count=1213, Max=50751, Min=164, Avg=641.17, 90=1413, 99=3299, 99.9=8011, 99.99=50751] 
2026-04-29 15:45:56:660 - NewTail completed: 
2026-04-29 15:45:56:928 24 sec: 78909 operations; 4042 current ops/sec; [READ: Count=4042, Max=7763, Min=5, Avg=90.67, 90=159, 99=241, 99.9=6535, 99.99=7763] [READ-MODIFY-WRITE: Count=2083, Max=14479, Min=172, Avg=394.93, 90=521, 99=693, 99.9=7511, 99.99=14479] [UPDATE: Count=2082, Max=14175, Min=162, Avg=299.58, 90=385, 99=519, 99.9=880, 99.99=14175] 
2026-04-29 15:45:57:928 25 sec: 82590 operations; 3681 current ops/sec; [READ: Count=3682, Max=21775, Min=5, Avg=92.83, 90=173, 99=269, 99.9=4103, 99.99=21775] [READ-MODIFY-WRITE: Count=1820, Max=47807, Min=188, Avg=443.16, 90=560, 99=763, 99.9=9119, 99.99=47807] [UPDATE: Count=1820, Max=47647, Min=176, Avg=356.37, 90=404, 99=563, 99.9=8871, 99.99=47647] 
2026-04-29 15:45:58:928 26 sec: 86003 operations; 3413 current ops/sec; [READ: Count=3412, Max=8567, Min=5, Avg=93.33, 90=163, 99=241, 99.9=6907, 99.99=8567] [READ-MODIFY-WRITE: Count=1724, Max=87167, Min=176, Avg=483.18, 90=571, 99=1154, 99.9=15239, 99.99=87167] [UPDATE: Count=1722, Max=86911, Min=165, Avg=389.9, 90=434, 99=1015, 99.9=15039, 99.99=86911] 
2026-04-29 15:45:59:928 27 sec: 88708 operations; 2705 current ops/sec; [READ: Count=2705, Max=6871, Min=5, Avg=102.28, 90=181, 99=287, 99.9=6287, 99.99=6871] [READ-MODIFY-WRITE: Count=1365, Max=7199, Min=170, Avg=620.3, 90=1008, 99=1549, 99.9=4143, 99.99=7199] [UPDATE: Count=1365, Max=3077, Min=161, Avg=518.89, 90=896, 99=1389, 99.9=2587, 99.99=3077] 
2026-04-29 15:46:00:873 - NewTail completed: 
2026-04-29 15:46:00:928 28 sec: 92941 operations; 4233 current ops/sec; [READ: Count=4234, Max=7939, Min=6, Avg=84.5, 90=151, 99=226, 99.9=5803, 99.99=7939] [READ-MODIFY-WRITE: Count=2105, Max=44735, Min=168, Avg=388.06, 90=487, 99=651, 99.9=8207, 99.99=44735] [UPDATE: Count=2107, Max=44639, Min=159, Avg=304.7, 90=362, 99=485, 99.9=7815, 99.99=44639] 
2026-04-29 15:46:01:928 29 sec: 96679 operations; 3738 current ops/sec; [READ: Count=3737, Max=10831, Min=6, Avg=100.83, 90=169, 99=284, 99.9=7067, 99.99=10831] [READ-MODIFY-WRITE: Count=1927, Max=30207, Min=161, Avg=426.44, 90=556, 99=752, 99.9=11279, 99.99=30207] [UPDATE: Count=1925, Max=29935, Min=149, Avg=315.88, 90=405, 99=538, 99.9=2313, 99.99=29935] 
2026-04-29 15:46:02:928 30 sec: 100528 operations; 3849 current ops/sec; [READ: Count=3849, Max=8735, Min=6, Avg=88.95, 90=157, 99=242, 99.9=7731, 99.99=8735] [READ-MODIFY-WRITE: Count=1929, Max=48895, Min=165, Avg=430.63, 90=513, 99=746, 99.9=11495, 99.99=48895] [UPDATE: Count=1930, Max=48767, Min=156, Avg=338.46, 90=385, 99=535, 99.9=11303, 99.99=48767] 
2026-04-29 15:46:03:928 31 sec: 104130 operations; 3602 current ops/sec; [READ: Count=3602, Max=7543, Min=6, Avg=92.38, 90=165, 99=242, 99.9=6959, 99.99=7543] [READ-MODIFY-WRITE: Count=1865, Max=48383, Min=175, Avg=426.19, 90=533, 99=745, 99.9=8147, 99.99=48383] [UPDATE: Count=1864, Max=48063, Min=166, Avg=338.74, 90=396, 99=555, 99.9=8023, 99.99=48063] 
2026-04-29 15:46:04:928 32 sec: 106289 operations; 2159 current ops/sec; [READ: Count=2159, Max=8727, Min=6, Avg=107.92, 90=190, 99=330, 99.9=3489, 99.99=8727] [READ-MODIFY-WRITE: Count=1091, Max=106303, Min=175, Avg=832.15, 90=1181, 99=1656, 99.9=9735, 99.99=106303] [UPDATE: Count=1093, Max=106047, Min=167, Avg=721.09, 90=1033, 99=1371, 99.9=1873, 99.99=106047] 
2026-04-29 15:46:05:928 33 sec: 110220 operations; 3931 current ops/sec; [READ: Count=3933, Max=42847, Min=6, Avg=98.87, 90=158, 99=255, 99.9=6115, 99.99=42847] [READ-MODIFY-WRITE: Count=1970, Max=43295, Min=174, Avg=420.02, 90=515, 99=762, 99.9=10839, 99.99=43295] [UPDATE: Count=1970, Max=10727, Min=164, Avg=305.65, 90=384, 99=509, 99.9=8295, 99.99=10727] 
2026-04-29 15:46:06:928 34 sec: 114022 operations; 3802 current ops/sec; [READ: Count=3800, Max=7399, Min=6, Avg=94.62, 90=168, 99=274, 99.9=7095, 99.99=7399] [READ-MODIFY-WRITE: Count=1919, Max=49279, Min=174, Avg=422.06, 90=542, 99=750, 99.9=7739, 99.99=49279] [UPDATE: Count=1918, Max=49183, Min=164, Avg=328.53, 90=400, 99=534, 99.9=5859, 99.99=49183] 
2026-04-29 15:46:07:928 35 sec: 117859 operations; 3837 current ops/sec; [READ: Count=3838, Max=8543, Min=6, Avg=90.47, 90=159, 99=259, 99.9=7263, 99.99=8543] [READ-MODIFY-WRITE: Count=1952, Max=46175, Min=180, Avg=425.08, 90=522, 99=759, 99.9=8139, 99.99=46175] [UPDATE: Count=1952, Max=46079, Min=160, Avg=329.89, 90=386, 99=530, 99.9=7559, 99.99=46079] 
2026-04-29 15:46:08:928 36 sec: 121703 operations; 3844 current ops/sec; [READ: Count=3844, Max=7387, Min=6, Avg=98.26, 90=177, 99=314, 99.9=6475, 99.99=7387] [READ-MODIFY-WRITE: Count=1925, Max=8479, Min=171, Avg=422.08, 90=571, 99=1123, 99.9=7871, 99.99=8479] [UPDATE: Count=1925, Max=8327, Min=161, Avg=318.3, 90=415, 99=733, 99.9=7651, 99.99=8327] 
2026-04-29 15:46:09:928 37 sec: 123522 operations; 1819 current ops/sec; [READ: Count=1818, Max=11431, Min=6, Avg=115.79, 90=200, 99=427, 99.9=7603, 99.99=11431] [READ-MODIFY-WRITE: Count=914, Max=109951, Min=203, Avg=966.13, 90=1207, 99=2563, 99.9=109951, 99.99=109951] [UPDATE: Count=913, Max=109631, Min=191, Avg=858.03, 90=1076, 99=2079, 99.9=109631, 99.99=109631] 
2026-04-29 15:46:10:928 38 sec: 127317 operations; 3795 current ops/sec; [READ: Count=3794, Max=7623, Min=6, Avg=91.8, 90=164, 99=259, 99.9=7091, 99.99=7623] [READ-MODIFY-WRITE: Count=1885, Max=50015, Min=169, Avg=433.76, 90=567, 99=1157, 99.9=7695, 99.99=50015] [UPDATE: Count=1887, Max=49919, Min=161, Avg=340.8, 90=411, 99=988, 99.9=7135, 99.99=49919] 
2026-04-29 15:46:11:928 39 sec: 131592 operations; 4275 current ops/sec; [READ: Count=4279, Max=11399, Min=6, Avg=86.3, 90=149, 99=229, 99.9=7071, 99.99=11399] [READ-MODIFY-WRITE: Count=2109, Max=50783, Min=162, Avg=377.79, 90=479, 99=636, 99.9=7451, 99.99=50783] [UPDATE: Count=2107, Max=50687, Min=152, Avg=295.17, 90=356, 99=478, 99.9=1341, 99.99=50687] 
2026-04-29 15:46:12:928 40 sec: 135184 operations; 3592 current ops/sec; [READ: Count=3590, Max=9551, Min=6, Avg=103.2, 90=185, 99=289, 99.9=7939, 99.99=9551] [READ-MODIFY-WRITE: Count=1796, Max=51423, Min=171, Avg=448.49, 90=570, 99=837, 99.9=9975, 99.99=51423] [UPDATE: Count=1797, Max=51231, Min=160, Avg=345.4, 90=403, 99=559, 99.9=8695, 99.99=51231] 
2026-04-29 15:46:13:928 41 sec: 139222 operations; 4038 current ops/sec; [READ: Count=4037, Max=7543, Min=6, Avg=97.01, 90=175, 99=297, 99.9=6047, 99.99=7543] [READ-MODIFY-WRITE: Count=2021, Max=7875, Min=163, Avg=401.26, 90=554, 99=775, 99.9=6731, 99.99=7875] [UPDATE: Count=2022, Max=6511, Min=152, Avg=296.24, 90=391, 99=533, 99.9=3793, 99.99=6511] 
2026-04-29 15:46:14:928 42 sec: 140810 operations; 1588 current ops/sec; [READ: Count=1588, Max=14047, Min=6, Avg=109.2, 90=186, 99=382, 99.9=7483, 99.99=14047] [READ-MODIFY-WRITE: Count=783, Max=109439, Min=174, Avg=1152.71, 90=2006, 99=7759, 99.9=109439, 99.99=109439] [UPDATE: Count=782, Max=109183, Min=165, Avg=1051.3, 90=1858, 99=7107, 99.9=109183, 99.99=109183] 
2026-04-29 15:46:15:928 43 sec: 143712 operations; 2902 current ops/sec; [READ: Count=2903, Max=7899, Min=6, Avg=108.44, 90=183, 99=351, 99.9=6871, 99.99=7899] [READ-MODIFY-WRITE: Count=1440, Max=8719, Min=181, Avg=575.05, 90=939, 99=1514, 99.9=4323, 99.99=8719] [UPDATE: Count=1440, Max=3193, Min=171, Avg=470.75, 90=830, 99=1302, 99.9=1553, 99.99=3193] 
2026-04-29 15:46:16:928 44 sec: 147497 operations; 3785 current ops/sec; [READ: Count=3784, Max=7391, Min=6, Avg=92.53, 90=165, 99=261, 99.9=6583, 99.99=7391] [READ-MODIFY-WRITE: Count=1850, Max=92287, Min=182, Avg=438.39, 90=522, 99=743, 99.9=7259, 99.99=92287] [UPDATE: Count=1851, Max=92031, Min=172, Avg=346.75, 90=384, 99=546, 99.9=5515, 99.99=92031] 
2026-04-29 15:46:17:054 - Compaction started: 
139713700668992:Compacting datalog/73 datalog/74 into:sstable1/bfc5a41f-850c-430f-a2d0-44378979e3fb202604290945321777477577190489134.sst
2026-04-29 15:46:17:493 - Compaction completed: 
2026-04-29 15:46:17:928 45 sec: 151613 operations; 4116 current ops/sec; [READ: Count=4115, Max=12103, Min=6, Avg=91.6, 90=163, 99=253, 99.9=6679, 99.99=12103] [READ-MODIFY-WRITE: Count=2045, Max=12527, Min=173, Avg=395.08, 90=521, 99=731, 99.9=7515, 99.99=12527] [UPDATE: Count=2044, Max=7355, Min=164, Avg=300.4, 90=377, 99=519, 99.9=4615, 99.99=7355] 
2026-04-29 15:46:18:928 46 sec: 155343 operations; 3730 current ops/sec; [READ: Count=3731, Max=11287, Min=6, Avg=101.18, 90=183, 99=304, 99.9=7007, 99.99=11287] [READ-MODIFY-WRITE: Count=1897, Max=10647, Min=169, Avg=421.35, 90=573, 99=838, 99.9=7999, 99.99=10647] [UPDATE: Count=1897, Max=10551, Min=158, Avg=323.45, 90=409, 99=593, 99.9=7355, 99.99=10551] 
2026-04-29 15:46:19:059 - Compaction started: 
139713700668992:Compacting datalog/75 datalog/76 into:sstable1/bfc5a41f-850c-430f-a2d0-44378979e3fb202604290945321777477579184150649.sst
2026-04-29 15:46:19:486 - Compaction completed: 
2026-04-29 15:46:19:928 47 sec: 157742 operations; 2399 current ops/sec; [READ: Count=2399, Max=8247, Min=6, Avg=103.9, 90=180, 99=375, 99.9=6647, 99.99=8247] [READ-MODIFY-WRITE: Count=1182, Max=102975, Min=176, Avg=728.5, 90=1215, 99=3125, 99.9=6319, 99.99=102975] [UPDATE: Count=1181, Max=102591, Min=167, Avg=630.29, 90=1090, 99=2105, 99.9=6119, 99.99=102591] 
2026-04-29 15:46:20:928 48 sec: 160715 operations; 2973 current ops/sec; [READ: Count=2973, Max=8191, Min=6, Avg=105.22, 90=185, 99=311, 99.9=6063, 99.99=8191] [READ-MODIFY-WRITE: Count=1518, Max=51839, Min=170, Avg=554.99, 90=846, 99=1843, 99.9=8463, 99.99=51839] [UPDATE: Count=1520, Max=51711, Min=161, Avg=447.37, 90=728, 99=1636, 99.9=3993, 99.99=51711] 
2026-04-29 15:46:21:501 - Compaction started: 
2026-04-29 15:46:21:928 49 sec: 164624 operations; 3909 current ops/sec; [READ: Count=3909, Max=7123, Min=6, Avg=99.3, 90=182, 99=312, 99.9=6139, 99.99=7123] [READ-MODIFY-WRITE: Count=1898, Max=11551, Min=174, Avg=412.25, 90=568, 99=777, 99.9=7719, 99.99=11551] [UPDATE: Count=1898, Max=11439, Min=164, Avg=317.51, 90=402, 99=537, 99.9=7659, 99.99=11439] 
139713700668992:Compacting datalog/77 datalog/78 into:sstable1/bfc5a41f-850c-430f-a2d0-44378979e3fb202604290945321777477581629535784.sst
2026-04-29 15:46:21:981 - Compaction completed: 
2026-04-29 15:46:22:003 - Compaction started: 
2026-04-29 15:46:22:928 50 sec: 167213 operations; 2589 current ops/sec; [READ: Count=2589, Max=144255, Min=7, Avg=217.7, 90=181, 99=355, 99.9=8351, 99.99=144255] [READ-MODIFY-WRITE: Count=1288, Max=15519, Min=178, Avg=441.84, 90=554, 99=1231, 99.9=12311, 99.99=15519] [UPDATE: Count=1287, Max=15247, Min=166, Avg=334.14, 90=391, 99=638, 99.9=12231, 99.99=15247] 
139713700668992:Compacting sstable1/7c622379-6ce8-45a7-b5d5-7695148dc9b6202604290945321777477570710252579.sst sstable1/7c622379-6ce8-45a7-b5d5-7695148dc9b6202604290945321777477572530500835.sst into:sstable2/bfc5a41f-850c-430f-a2d0-44378979e3fb202604290945321777477582468195402.sst
2026-04-29 15:46:23:148 - Compaction completed: 
2026-04-29 15:46:23:566 - Compaction started: 
2026-04-29 15:46:23:928 51 sec: 171034 operations; 3821 current ops/sec; [READ: Count=3824, Max=13663, Min=6, Avg=103.05, 90=177, 99=314, 99.9=7243, 99.99=13663] [READ-MODIFY-WRITE: Count=1862, Max=14303, Min=171, Avg=431.47, 90=566, 99=871, 99.9=12287, 99.99=14303] [UPDATE: Count=1863, Max=12207, Min=160, Avg=320.47, 90=407, 99=559, 99.9=7379, 99.99=12207] 
139713700668992:Compacting datalog/79 datalog/80 into:sstable1/bfc5a41f-850c-430f-a2d0-44378979e3fb202604290945321777477583718835417.sst
2026-04-29 15:46:24:040 - Compaction completed: 
2026-04-29 15:46:24:703 - NewTail completed: 
2026-04-29 15:46:24:928 52 sec: 173503 operations; 2469 current ops/sec; [READ: Count=2466, Max=12439, Min=6, Avg=102.14, 90=180, 99=336, 99.9=6535, 99.99=12439] [READ-MODIFY-WRITE: Count=1279, Max=111871, Min=174, Avg=678.94, 90=1083, 99=2085, 99.9=8199, 99.99=111871] [UPDATE: Count=1277, Max=111679, Min=165, Avg=580.41, 90=969, 99=1733, 99.9=8127, 99.99=111679] 
2026-04-29 15:46:25:928 53 sec: 176045 operations; 2542 current ops/sec; [READ: Count=2542, Max=7051, Min=7, Avg=106, 90=197, 99=335, 99.9=5527, 99.99=7051] [READ-MODIFY-WRITE: Count=1244, Max=7407, Min=191, Avg=693.64, 90=1354, 99=2151, 99.9=7255, 99.99=7407] [UPDATE: Count=1245, Max=4775, Min=180, Avg=581.42, 90=1223, 99=1948, 99.9=2649, 99.99=4775] 
2026-04-29 15:46:26:928 54 sec: 179611 operations; 3566 current ops/sec; [READ: Count=3566, Max=14263, Min=7, Avg=100.91, 90=178, 99=326, 99.9=7075, 99.99=14263] [READ-MODIFY-WRITE: Count=1812, Max=92159, Min=177, Avg=449.31, 90=552, 99=772, 99.9=8143, 99.99=92159] [UPDATE: Count=1813, Max=91967, Min=165, Avg=348.54, 90=390, 99=513, 99.9=7275, 99.99=91967] 
2026-04-29 15:46:27:105 - NewTail completed: 
2026-04-29 15:46:27:928 55 sec: 183207 operations; 3596 current ops/sec; [READ: Count=3596, Max=18239, Min=7, Avg=113.46, 90=202, 99=345, 99.9=6567, 99.99=18239] [READ-MODIFY-WRITE: Count=1830, Max=18831, Min=170, Avg=448.79, 90=610, 99=941, 99.9=8719, 99.99=18831] [UPDATE: Count=1829, Max=8447, Min=159, Avg=318.45, 90=412, 99=608, 99.9=5419, 99.99=8447] 
2026-04-29 15:46:28:928 56 sec: 187237 operations; 4030 current ops/sec; [READ: Count=4030, Max=8159, Min=6, Avg=95.48, 90=177, 99=318, 99.9=6339, 99.99=8159] [READ-MODIFY-WRITE: Count=2048, Max=8959, Min=165, Avg=394.21, 90=537, 99=777, 99.9=8439, 99.99=8959] [UPDATE: Count=2048, Max=8823, Min=150, Avg=295.94, 90=379, 99=507, 99.9=6747, 99.99=8823] 
2026-04-29 15:46:29:928 57 sec: 189525 operations; 2288 current ops/sec; [READ: Count=2288, Max=7595, Min=7, Avg=101.25, 90=182, 99=333, 99.9=6655, 99.99=7595] [READ-MODIFY-WRITE: Count=1133, Max=108799, Min=173, Avg=765.78, 90=757, 99=5107, 99.9=47807, 99.99=108799] [UPDATE: Count=1132, Max=108607, Min=162, Avg=672.63, 90=527, 99=4911, 99.9=47551, 99.99=108607] 
2026-04-29 15:46:30:928 58 sec: 190285 operations; 760 current ops/sec; [READ: Count=760, Max=1204, Min=7, Avg=99.75, 90=193, 99=831, 99.9=1204, 99.99=1204] [READ-MODIFY-WRITE: Count=375, Max=5003, Min=356, Avg=2561.06, 90=4001, 99=4847, 99.9=5003, 99.99=5003] [UPDATE: Count=375, Max=4987, Min=343, Avg=2460.04, 90=3889, 99=4759, 99.9=4987, 99.99=4987] 
2026-04-29 15:46:31:928 59 sec: 191381 operations; 1096 current ops/sec; [READ: Count=1096, Max=4081, Min=7, Avg=104.27, 90=210, 99=568, 99.9=1591, 99.99=4081] [READ-MODIFY-WRITE: Count=556, Max=12415, Min=205, Avg=1681.71, 90=3273, 99=5291, 99.9=12415, 99.99=12415] [UPDATE: Count=556, Max=12303, Min=190, Avg=1588.17, 90=3171, 99=5275, 99.9=12303, 99.99=12303] 
2026-04-29 15:46:31:982 - Compaction started: 
139713700668992:Compacting datalog/85 datalog/86 into:sstable1/bfc5a41f-850c-430f-a2d0-44378979e3fb202604290945321777477592140024766.sst
2026-04-29 15:46:32:476 - Compaction completed: 
2026-04-29 15:46:32:928 60 sec: 195262 operations; 3881 current ops/sec; [READ: Count=3881, Max=7959, Min=7, Avg=105.02, 90=189, 99=338, 99.9=7407, 99.99=7959] [READ-MODIFY-WRITE: Count=1915, Max=6683, Min=175, Avg=402.58, 90=572, 99=834, 99.9=6215, 99.99=6683] [UPDATE: Count=1915, Max=5923, Min=164, Avg=304.51, 90=402, 99=550, 99.9=4983, 99.99=5923] 
2026-04-29 15:46:33:928 61 sec: 198817 operations; 3555 current ops/sec; [READ: Count=3555, Max=19839, Min=7, Avg=116.37, 90=205, 99=360, 99.9=7275, 99.99=19839] [READ-MODIFY-WRITE: Count=1784, Max=15623, Min=174, Avg=437.16, 90=598, 99=849, 99.9=8791, 99.99=15623] [UPDATE: Count=1786, Max=15567, Min=163, Avg=323.24, 90=411, 99=579, 99.9=8487, 99.99=15567] 
2026-04-29 15:46:34:928 62 sec: 201626 operations; 2809 current ops/sec; [READ: Count=2809, Max=8583, Min=7, Avg=113.48, 90=198, 99=349, 99.9=8431, 99.99=8583] [READ-MODIFY-WRITE: Count=1385, Max=82047, Min=182, Avg=610.77, 90=749, 99=4045, 99.9=9175, 99.99=82047] [UPDATE: Count=1385, Max=74815, Min=171, Avg=486.81, 90=531, 99=3235, 99.9=4455, 99.99=74815] 
2026-04-29 15:46:35:928 63 sec: 203752 operations; 2126 current ops/sec; [READ: Count=2129, Max=5571, Min=7, Avg=109.64, 90=206, 99=401, 99.9=4211, 99.99=5571] [READ-MODIFY-WRITE: Count=1040, Max=51743, Min=177, Avg=838.04, 90=1441, 99=4167, 99.9=7835, 99.99=51743] [UPDATE: Count=1040, Max=51647, Min=165, Avg=731.4, 90=1285, 99=3969, 99.9=7715, 99.99=51647] 
2026-04-29 15:46:36:928 64 sec: 207566 operations; 3814 current ops/sec; [READ: Count=3812, Max=7655, Min=7, Avg=103.22, 90=188, 99=335, 99.9=6435, 99.99=7655] [READ-MODIFY-WRITE: Count=1909, Max=13231, Min=178, Avg=415.46, 90=580, 99=845, 99.9=7807, 99.99=13231] [UPDATE: Count=1908, Max=12919, Min=167, Avg=313.16, 90=400, 99=549, 99.9=7687, 99.99=12919] 
2026-04-29 15:46:37:518 - NewTail completed: 
2026-04-29 15:46:37:928 65 sec: 211323 operations; 3757 current ops/sec; [READ: Count=3757, Max=13159, Min=7, Avg=110.51, 90=199, 99=348, 99.9=6703, 99.99=13159] [READ-MODIFY-WRITE: Count=1941, Max=13607, Min=180, Avg=409.33, 90=582, 99=831, 99.9=6763, 99.99=13607] [UPDATE: Count=1942, Max=1233, Min=168, Avg=296.49, 90=399, 99=523, 99.9=810, 99.99=1233] 
2026-04-29 15:46:38:520 - NewTail completed: 
2026-04-29 15:46:38:928 66 sec: 215434 operations; 4111 current ops/sec; [READ: Count=4110, Max=17807, Min=7, Avg=99.22, 90=176, 99=308, 99.9=7743, 99.99=17807] [READ-MODIFY-WRITE: Count=2026, Max=8607, Min=177, Avg=388.21, 90=529, 99=757, 99.9=8111, 99.99=8607] [UPDATE: Count=2026, Max=3147, Min=163, Avg=287.87, 90=371, 99=495, 99.9=621, 99.99=3147] 
2026-04-29 15:46:39:928 67 sec: 218886 operations; 3452 current ops/sec; [READ: Count=3451, Max=12215, Min=7, Avg=97.94, 90=177, 99=353, 99.9=7071, 99.99=12215] [READ-MODIFY-WRITE: Count=1722, Max=102527, Min=174, Avg=480.29, 90=586, 99=1333, 99.9=12559, 99.99=102527] [UPDATE: Count=1720, Max=102399, Min=161, Avg=379.66, 90=422, 99=1099, 99.9=12279, 99.99=102399] 
2026-04-29 15:46:40:923 - NewTail completed: 
2026-04-29 15:46:40:928 68 sec: 221566 operations; 2680 current ops/sec; [READ: Count=2680, Max=7431, Min=7, Avg=112.82, 90=206, 99=387, 99.9=6007, 99.99=7431] [READ-MODIFY-WRITE: Count=1341, Max=6335, Min=194, Avg=621.57, 90=1012, 99=1642, 99.9=6319, 99.99=6335] [UPDATE: Count=1341, Max=4411, Min=177, Avg=511.02, 90=869, 99=1364, 99.9=2483, 99.99=4411] 
2026-04-29 15:46:41:928 69 sec: 225518 operations; 3952 current ops/sec; [READ: Count=3952, Max=6951, Min=7, Avg=101.38, 90=187, 99=371, 99.9=6391, 99.99=6951] [READ-MODIFY-WRITE: Count=1996, Max=7467, Min=179, Avg=400.05, 90=551, 99=834, 99.9=7243, 99.99=7467] [UPDATE: Count=1996, Max=7311, Min=168, Avg=295.76, 90=387, 99=516, 99.9=777, 99.99=7311] 
2026-04-29 15:46:42:928 70 sec: 228911 operations; 3393 current ops/sec; [READ: Count=3393, Max=17023, Min=7, Avg=108.92, 90=188, 99=363, 99.9=6683, 99.99=17023] [READ-MODIFY-WRITE: Count=1720, Max=89087, Min=189, Avg=460.18, 90=567, 99=921, 99.9=7747, 99.99=89087] [UPDATE: Count=1720, Max=89023, Min=177, Avg=362.65, 90=396, 99=547, 99.9=7655, 99.99=89023] 
2026-04-29 15:46:43:928 71 sec: 232536 operations; 3625 current ops/sec; [READ: Count=3626, Max=14175, Min=7, Avg=104.39, 90=186, 99=343, 99.9=7215, 99.99=14175] [READ-MODIFY-WRITE: Count=1840, Max=49791, Min=188, Avg=441.97, 90=566, 99=838, 99.9=14679, 99.99=49791] [UPDATE: Count=1840, Max=49567, Min=175, Avg=334.12, 90=399, 99=550, 99.9=5699, 99.99=49567] 
2026-04-29 15:46:44:928 72 sec: 235851 operations; 3315 current ops/sec; [READ: Count=3315, Max=6739, Min=7, Avg=96.44, 90=186, 99=333, 99.9=5903, 99.99=6739] [READ-MODIFY-WRITE: Count=1625, Max=89791, Min=176, Avg=465.82, 90=565, 99=921, 99.9=7171, 99.99=89791] [UPDATE: Count=1625, Max=89535, Min=164, Avg=370.36, 90=406, 99=656, 99.9=6995, 99.99=89535] 
2026-04-29 15:46:45:928 73 sec: 238162 operations; 2311 current ops/sec; [READ: Count=2311, Max=8783, Min=7, Avg=110.79, 90=212, 99=428, 99.9=3643, 99.99=8783] [READ-MODIFY-WRITE: Count=1164, Max=110207, Min=179, Avg=814.66, 90=1114, 99=2183, 99.9=34207, 99.99=110207] [UPDATE: Count=1164, Max=109951, Min=166, Avg=696.56, 90=963, 99=1412, 99.9=34175, 99.99=109951] 
2026-04-29 15:46:46:928 74 sec: 241711 operations; 3549 current ops/sec; [READ: Count=3550, Max=7787, Min=7, Avg=102.49, 90=193, 99=335, 99.9=5923, 99.99=7787] [READ-MODIFY-WRITE: Count=1775, Max=50111, Min=179, Avg=456.27, 90=572, 99=873, 99.9=17503, 99.99=50111] [UPDATE: Count=1775, Max=49631, Min=166, Avg=353.58, 90=395, 99=563, 99.9=17311, 99.99=49631] 
2026-04-29 15:46:47:928 75 sec: 245491 operations; 3780 current ops/sec; [READ: Count=3780, Max=8287, Min=7, Avg=98.04, 90=181, 99=341, 99.9=6535, 99.99=8287] [READ-MODIFY-WRITE: Count=1864, Max=44511, Min=183, Avg=432.01, 90=548, 99=846, 99.9=8415, 99.99=44511] [UPDATE: Count=1866, Max=44287, Min=171, Avg=333.16, 90=389, 99=555, 99.9=8163, 99.99=44287] 
2026-04-29 15:46:48:928 76 sec: 249252 operations; 3761 current ops/sec; [READ: Count=3760, Max=8423, Min=7, Avg=97.85, 90=174, 99=312, 99.9=7307, 99.99=8423] [READ-MODIFY-WRITE: Count=1873, Max=50591, Min=182, Avg=420.31, 90=553, 99=783, 99.9=14015, 99.99=50591] [UPDATE: Count=1873, Max=50431, Min=171, Avg=332.88, 90=393, 99=517, 99.9=13887, 99.99=50431] 
2026-04-29 15:46:49:839 - Compaction started: 
2026-04-29 15:46:49:928 77 sec: 252511 operations; 3259 current ops/sec; [READ: Count=3258, Max=7611, Min=7, Avg=103.8, 90=188, 99=350, 99.9=6951, 99.99=7611] [READ-MODIFY-WRITE: Count=1608, Max=89919, Min=180, Avg=474.32, 90=573, 99=804, 99.9=7931, 99.99=89919] [UPDATE: Count=1606, Max=89727, Min=170, Avg=366.27, 90=405, 99=523, 99.9=5467, 99.99=89727] 
139713700668992:Compacting sstable1/bf173a22-bc58-485d-878a-172e426c6d71202604290945321777477598741921802.sst sstable1/bf173a22-bc58-485d-878a-172e426c6d71202604290945321777477601110322927.sst into:sstable2/bfc5a41f-850c-430f-a2d0-44378979e3fb202604290945321777477610328568566.sst
2026-04-29 15:46:50:928 78 sec: 253594 operations; 1083 current ops/sec; [READ: Count=1085, Max=157951, Min=8, Avg=367.52, 90=222, 99=670, 99.9=116735, 99.99=157951] [READ-MODIFY-WRITE: Count=569, Max=234239, Min=320, Avg=1765.33, 90=1860, 99=5687, 99.9=234239, 99.99=234239] [UPDATE: Count=570, Max=76159, Min=298, Avg=1166.47, 90=1666, 99=4243, 99.9=76159, 99.99=76159] 
2026-04-29 15:46:50:951 - Compaction completed: 
2026-04-29 15:46:51:928 79 sec: 256727 operations; 3133 current ops/sec; [READ: Count=3132, Max=12351, Min=7, Avg=112.34, 90=201, 99=378, 99.9=6539, 99.99=12351] [READ-MODIFY-WRITE: Count=1586, Max=50335, Min=185, Avg=521.73, 90=745, 99=1435, 99.9=13279, 99.99=50335] [UPDATE: Count=1586, Max=50207, Min=172, Avg=403.23, 90=583, 99=1205, 99.9=6871, 99.99=50207] 
2026-04-29 15:46:52:928 80 sec: 260607 operations; 3880 current ops/sec; [READ: Count=3881, Max=8023, Min=7, Avg=92.15, 90=174, 99=297, 99.9=6919, 99.99=8023] [READ-MODIFY-WRITE: Count=1956, Max=50847, Min=175, Avg=420.41, 90=535, 99=730, 99.9=12967, 99.99=50847] [UPDATE: Count=1957, Max=50719, Min=163, Avg=324.34, 90=383, 99=495, 99.9=12847, 99.99=50719] 
2026-04-29 15:46:53:928 81 sec: 264177 operations; 3570 current ops/sec; [READ: Count=3570, Max=8743, Min=8, Avg=107.67, 90=196, 99=391, 99.9=7967, 99.99=8743] [READ-MODIFY-WRITE: Count=1761, Max=50847, Min=178, Avg=452.69, 90=587, 99=894, 99.9=11751, 99.99=50847] [UPDATE: Count=1760, Max=50623, Min=166, Avg=344.64, 90=408, 99=523, 99.9=11623, 99.99=50623] 
2026-04-29 15:46:54:928 82 sec: 267813 operations; 3636 current ops/sec; [READ: Count=3635, Max=13175, Min=8, Avg=99.78, 90=191, 99=359, 99.9=5883, 99.99=13175] [READ-MODIFY-WRITE: Count=1805, Max=44927, Min=184, Avg=443.54, 90=580, 99=833, 99.9=8991, 99.99=44927] [UPDATE: Count=1805, Max=44703, Min=170, Avg=348.51, 90=401, 99=532, 99.9=8895, 99.99=44703] 
2026-04-29 15:46:55:928 83 sec: 269612 operations; 1799 current ops/sec; [READ: Count=1799, Max=49727, Min=8, Avg=133.44, 90=196, 99=431, 99.9=7163, 99.99=49727] [READ-MODIFY-WRITE: Count=887, Max=112319, Min=190, Avg=1014.5, 90=1550, 99=2937, 99.9=112319, 99.99=112319] [UPDATE: Count=886, Max=112127, Min=178, Avg=851.86, 90=1436, 99=2241, 99.9=112127, 99.99=112127] 
2026-04-29 15:46:56:928 84 sec: 272752 operations; 3140 current ops/sec; [READ: Count=3140, Max=6887, Min=7, Avg=106.76, 90=195, 99=399, 99.9=5307, 99.99=6887] [READ-MODIFY-WRITE: Count=1564, Max=44735, Min=184, Avg=519.21, 90=783, 99=1900, 99.9=6391, 99.99=44735] [UPDATE: Count=1566, Max=44607, Min=172, Avg=419.98, 90=603, 99=1737, 99.9=6099, 99.99=44607] 
2026-04-29 15:46:57:928 85 sec: 276268 operations; 3516 current ops/sec; [READ: Count=3516, Max=15391, Min=8, Avg=109.56, 90=199, 99=347, 99.9=6167, 99.99=15391] [READ-MODIFY-WRITE: Count=1770, Max=51359, Min=179, Avg=450.99, 90=580, 99=831, 99.9=15839, 99.99=51359] [UPDATE: Count=1769, Max=51167, Min=165, Avg=342.6, 90=412, 99=544, 99.9=6243, 99.99=51167] 
2026-04-29 15:46:58:928 86 sec: 279861 operations; 3593 current ops/sec; [READ: Count=3593, Max=8839, Min=8, Avg=108.82, 90=191, 99=398, 99.9=7995, 99.99=8839] [READ-MODIFY-WRITE: Count=1816, Max=45695, Min=181, Avg=450.22, 90=573, 99=922, 99.9=8823, 99.99=45695] [UPDATE: Count=1816, Max=45471, Min=170, Avg=330.38, 90=395, 99=563, 99.9=8655, 99.99=45471] 
2026-04-29 15:46:59:928 87 sec: 283879 operations; 4018 current ops/sec; [READ: Count=4019, Max=11711, Min=8, Avg=91.74, 90=174, 99=315, 99.9=5415, 99.99=11711] [READ-MODIFY-WRITE: Count=2020, Max=32127, Min=183, Avg=389.64, 90=522, 99=749, 99.9=7483, 99.99=32127] [UPDATE: Count=2020, Max=32015, Min=169, Avg=308.19, 90=365, 99=486, 99.9=7263, 99.99=32015] 
2026-04-29 15:47:00:928 88 sec: 285388 operations; 1509 current ops/sec; [READ: Count=1508, Max=12127, Min=8, Avg=111.71, 90=196, 99=412, 99.9=6275, 99.99=12127] [READ-MODIFY-WRITE: Count=719, Max=104319, Min=197, Avg=1271.68, 90=3551, 99=6935, 99.9=104319, 99.99=104319] [UPDATE: Count=719, Max=103871, Min=185, Avg=1152.28, 90=3435, 99=6563, 99.9=103871, 99.99=103871] 
2026-04-29 15:47:01:928 89 sec: 286167 operations; 779 current ops/sec; [READ: Count=779, Max=1988, Min=8, Avg=100.13, 90=192, 99=974, 99.9=1988, 99.99=1988] [READ-MODIFY-WRITE: Count=391, Max=5215, Min=546, Avg=2452.56, 90=3985, 99=4899, 99.9=5215, 99.99=5215] [UPDATE: Count=390, Max=4959, Min=491, Avg=2352.15, 90=3889, 99=4723, 99.9=4959, 99.99=4959] 
Maximum time elapsed. Requesting stop for the workload.
Stop requested for workload. Now Joining!
[OZONEDB-PROFILE] reads=431147  avg_total=78.33us  view=7.69us(9.8%)  log=12.50us(16.0%)  sst=90.32us_per_call x 276369_calls(73.9%_of_total)
[OZONEDB-SST-PROFILE] level | time_total_ms | enters | range_rejects | table_gets | hits
[OZONEDB-SST-PROFILE] L1  |      6416.14 |  1172517 |        33873 |    1138644 |  72294
[OZONEDB-SST-PROFILE] L2  |      8494.94 |  1355188 |       125046 |    1230142 |  86651
[OZONEDB-SST-PROFILE] L3  |       764.76 |   234620 |       117196 |     117424 |   7721
[OZONEDB-SST-PROFILE] L4  |       733.53 |   219008 |       109305 |     109703 |   8214
[OZONEDB-SST-PROFILE] L5  |       691.09 |   202696 |       101214 |     101482 |   7898
[OZONEDB-SST-PROFILE] L6  |       661.96 |   186949 |        93363 |      93586 |   7651
[OZONEDB-SST-PROFILE] L7  |      6994.55 |   297240 |           10 |     297230 |  85940
[OZONEDB-TBL-PROFILE] file_filter_reject=2780349  block_filter_reject=31166  index_invalid=0  block_read_more=173589  hit_from_cache=103107  miss_after_read=327  found=276369
2026-04-29 15:47:02:928 90 sec: 287305 operations; 1138 current ops/sec; [READ: Count=1139, Max=1942, Min=8, Avg=103.24, 90=210, 99=500, 99.9=1535, 99.99=1942] [READ-MODIFY-WRITE: Count=598, Max=51903, Min=179, Avg=1576.98, 90=3159, 99=5279, 99.9=51903, 99.99=51903] [UPDATE: Count=598, Max=51807, Min=168, Avg=1473.02, 90=3045, 99=4711, 99.9=51807, 99.99=51807] 
2026-04-29 15:47:02:995 90 sec: 287310 operations; 75.76 current ops/sec; [READ: Count=3, Max=113, Min=12, Avg=78, 90=113, 99=113, 99.9=113, 99.99=113] [READ-MODIFY-WRITE: Count=0, Max=0, Min=0, Avg=0, 90=0, 99=0, 99.9=0, 99.99=0] [CLEANUP: Count=1, Max=65727, Min=65664, Avg=65696, 90=65727, 99=65727, 99.9=65727, 99.99=65727] [UPDATE: Count=0, Max=0, Min=0, Avg=0, 90=0, 99=0, 99.9=0, 99.99=0] 
[OVERALL], RunTime(ms), 90067
[OVERALL], Throughput(ops/sec), 3189.9585863856905
[TOTAL_GCS_PS_Scavenge], Count, 4
[TOTAL_GC_TIME_PS_Scavenge], Time(ms), 22
[TOTAL_GC_TIME_%_PS_Scavenge], Time(%), 0.024426260450553478
[TOTAL_GCS_PS_MarkSweep], Count, 0
[TOTAL_GC_TIME_PS_MarkSweep], Time(ms), 0
[TOTAL_GC_TIME_%_PS_MarkSweep], Time(%), 0.0
[TOTAL_GCs], Count, 4
[TOTAL_GC_TIME], Time(ms), 22
[TOTAL_GC_TIME_%], Time(%), 0.024426260450553478
[READ], Operations, 287310
[READ], AverageLatency(us), 101.1172078939125
[READ], MinLatency(us), 5
[READ], MaxLatency(us), 157951
[READ], 95thPercentileLatency(us), 208
[READ], 99thPercentileLatency(us), 321
[READ], Return=OK, 287310
[READ-MODIFY-WRITE], Operations, 143837
[READ-MODIFY-WRITE], AverageLatency(us), 518.3519191863012
[READ-MODIFY-WRITE], MinLatency(us), 161
[READ-MODIFY-WRITE], MaxLatency(us), 234239
[READ-MODIFY-WRITE], 95thPercentileLatency(us), 958
[READ-MODIFY-WRITE], 99thPercentileLatency(us), 2983
[CLEANUP], Operations, 1
[CLEANUP], AverageLatency(us), 65696.0
[CLEANUP], MinLatency(us), 65664
[CLEANUP], MaxLatency(us), 65727
[CLEANUP], 95thPercentileLatency(us), 65727
[CLEANUP], 99thPercentileLatency(us), 65727
[UPDATE], Operations, 143837
[UPDATE], AverageLatency(us), 415.9076106982209
[UPDATE], MinLatency(us), 149
[UPDATE], MaxLatency(us), 115327
[UPDATE], 95thPercentileLatency(us), 816
[UPDATE], 99thPercentileLatency(us), 2465
[UPDATE], Return=OK, 143837
	Command being timed: "/usr/lib/jvm/java-8-openjdk-amd64/bin/java -cp /users/Xinying/ozonedb/ycsb/ozonedb/conf:/users/Xinying/ozonedb/ycsb/ozonedb/target/ozonedb-binding-0.18.0-SNAPSHOT.jar:/users/Xinying/.m2/repository/org/apache/htrace/htrace-core4/4.1.0-incubating/htrace-core4-4.1.0-incubating.jar:/users/Xinying/.m2/repository/org/slf4j/slf4j-api/1.7.25/slf4j-api-1.7.25.jar:/users/Xinying/.m2/repository/org/hdrhistogram/HdrHistogram/2.1.12/HdrHistogram-2.1.12.jar:/users/Xinying/.m2/repository/ch/qos/logback/logback-classic/1.2.3/logback-classic-1.2.3.jar:/users/Xinying/.m2/repository/ozonedbjnimaven/demoproc-jni/1.0/demoproc-jni-1.0.jar:/users/Xinying/.m2/repository/ch/qos/logback/logback-core/1.2.3/logback-core-1.2.3.jar:/users/Xinying/.m2/repository/org/codehaus/jackson/jackson-mapper-asl/1.9.4/jackson-mapper-asl-1.9.4.jar:/users/Xinying/.m2/repository/org/slf4j/slf4j-simple/1.7.25/slf4j-simple-1.7.25.jar:/users/Xinying/.m2/repository/org/codehaus/jackson/jackson-core-asl/1.9.4/jackson-core-asl-1.9.4.jar:/users/Xinying/ozonedb/ycsb/core/target/core-0.18.0-SNAPSHOT.jar site.ycsb.Client -db site.ycsb.db.OzoneDBClient -threads 1 -s -P /users/Xinying/ozonedb/ycsb/workloads/generated_workloads/workloadf_1KB_1000000_1000000 -p status.interval=1 -p maxexecutiontime=90 -p operationcount=0 -p shared_config=/tmp/phase1_ozonedb_configs/shared_config_SHARED_workloadf_p16_r1_proc8.json -t"
	User time (seconds): 33.77
	System time (seconds): 37.09
	Percent of CPU this job got: 75%
	Elapsed (wall clock) time (h:mm:ss or m:ss): 1:33.71
	Average shared text size (kbytes): 0
	Average unshared data size (kbytes): 0
	Average stack size (kbytes): 0
	Average total size (kbytes): 0
	Maximum resident set size (kbytes): 5384812
	Average resident set size (kbytes): 0
	Major (requiring I/O) page faults: 348
	Minor (reclaiming a frame) page faults: 1446301
	Voluntary context switches: 518774
	Involuntary context switches: 2497
	Swaps: 0
	File system inputs: 9523363
	File system outputs: 1243893
	Socket messages sent: 0
	Socket messages received: 0
	Signals delivered: 0
	Page size (bytes): 4096
	Exit status: 0
