# CMD: /usr/bin/time -v /usr/lib/jvm/java-8-openjdk-amd64/bin/java -cp /users/Xinying/ozonedb/ycsb/ozonedb/conf:/users/Xinying/ozonedb/ycsb/ozonedb/target/ozonedb-binding-0.18.0-SNAPSHOT.jar:/users/Xinying/.m2/repository/org/apache/htrace/htrace-core4/4.1.0-incubating/htrace-core4-4.1.0-incubating.jar:/users/Xinying/.m2/repository/org/slf4j/slf4j-api/1.7.25/slf4j-api-1.7.25.jar:/users/Xinying/.m2/repository/org/hdrhistogram/HdrHistogram/2.1.12/HdrHistogram-2.1.12.jar:/users/Xinying/.m2/repository/ch/qos/logback/logback-classic/1.2.3/logback-classic-1.2.3.jar:/users/Xinying/.m2/repository/ozonedbjnimaven/demoproc-jni/1.0/demoproc-jni-1.0.jar:/users/Xinying/.m2/repository/ch/qos/logback/logback-core/1.2.3/logback-core-1.2.3.jar:/users/Xinying/.m2/repository/org/codehaus/jackson/jackson-mapper-asl/1.9.4/jackson-mapper-asl-1.9.4.jar:/users/Xinying/.m2/repository/org/slf4j/slf4j-simple/1.7.25/slf4j-simple-1.7.25.jar:/users/Xinying/.m2/repository/org/codehaus/jackson/jackson-core-asl/1.9.4/jackson-core-asl-1.9.4.jar:/users/Xinying/ozonedb/ycsb/core/target/core-0.18.0-SNAPSHOT.jar site.ycsb.Client -db site.ycsb.db.OzoneDBClient -threads 1 -s -P /users/Xinying/ozonedb/ycsb/workloads/generated_workloads/workloadb_1KB_1000000_1000000 -p status.interval=1 -p maxexecutiontime=90 -p operationcount=0 -p shared_config=/tmp/phase1_ozonedb_configs/shared_config_SHARED_workloadb_p8_r1_proc4.json -t
# shared_work_path=/tank/ycsb_data/multi-proc-run/shared_ozonedb  proc_id=4/8
Command line: -db site.ycsb.db.OzoneDBClient -threads 1 -s -P /users/Xinying/ozonedb/ycsb/workloads/generated_workloads/workloadb_1KB_1000000_1000000 -p status.interval=1 -p maxexecutiontime=90 -p operationcount=0 -p shared_config=/tmp/phase1_ozonedb_configs/shared_config_SHARED_workloadb_p8_r1_proc4.json -t
YCSB Client 0.18.0-SNAPSHOT

Loading workload...
Starting test.
SLF4J: Class path contains multiple SLF4J bindings.
SLF4J: Found binding in [jar:file:/users/Xinying/.m2/repository/ch/qos/logback/logback-classic/1.2.3/logback-classic-1.2.3.jar!/org/slf4j/impl/StaticLoggerBinder.class]
SLF4J: Found binding in [jar:file:/users/Xinying/.m2/repository/org/slf4j/slf4j-simple/1.7.25/slf4j-simple-1.7.25.jar!/org/slf4j/impl/StaticLoggerBinder.class]
SLF4J: See http://www.slf4j.org/codes.html#multiple_bindings for an explanation.
SLF4J: Actual binding is of type [ch.qos.logback.classic.util.ContextSelectorStaticBinder]
Maximum execution time specified as: 90 secs
2026-04-29 15:24:08:216 0 sec: 0 operations; 
Starting compaction watcher
DBWrapper: report latency for each error is false and specific error codes to track for latency are: []
2026-04-29 15:24:09:216 1 sec: 6559 operations; 6559 current ops/sec; [READ: Count=6250, Max=47007, Min=4, Avg=86.7, 90=125, 99=179, 99.9=1054, 99.99=47007] [UPDATE: Count=338, Max=49087, Min=188, Avg=467.6, 90=403, 99=1673, 99.9=49087, 99.99=49087] 
2026-04-29 15:24:10:216 2 sec: 18592 operations; 12033 current ops/sec; [READ: Count=11388, Max=2167, Min=4, Avg=70.8, 90=118, 99=151, 99.9=575, 99.99=1946] [UPDATE: Count=627, Max=1519, Min=172, Avg=257.78, 90=317, 99=381, 99.9=1519, 99.99=1519] 
2026-04-29 15:24:11:216 3 sec: 31755 operations; 13163 current ops/sec; [READ: Count=12508, Max=1998, Min=4, Avg=65.07, 90=115, 99=145, 99.9=621, 99.99=1922] [UPDATE: Count=647, Max=628, Min=167, Avg=250.66, 90=310, 99=366, 99.9=628, 99.99=628] 
2026-04-29 15:24:12:216 4 sec: 44264 operations; 12509 current ops/sec; [READ: Count=11901, Max=4263, Min=4, Avg=62.52, 90=114, 99=141, 99.9=412, 99.99=2143] [UPDATE: Count=612, Max=79679, Min=166, Avg=379.36, 90=304, 99=456, 99.9=79679, 99.99=79679] 
2026-04-29 15:24:13:216 5 sec: 57993 operations; 13729 current ops/sec; [READ: Count=13024, Max=1647, Min=4, Avg=61.4, 90=115, 99=143, 99.9=347, 99.99=1605] [UPDATE: Count=712, Max=595, Min=168, Avg=247.4, 90=304, 99=358, 99.9=595, 99.99=595] 
2026-04-29 15:24:14:216 6 sec: 71187 operations; 13194 current ops/sec; [READ: Count=12522, Max=1797, Min=4, Avg=60.36, 90=115, 99=141, 99.9=222, 99.99=1522] [UPDATE: Count=661, Max=44863, Min=169, Avg=336.59, 90=312, 99=1213, 99.9=44863, 99.99=44863] 
2026-04-29 15:24:15:216 7 sec: 85261 operations; 14074 current ops/sec; [READ: Count=13362, Max=2181, Min=4, Avg=59.97, 90=115, 99=140, 99.9=365, 99.99=1706] [UPDATE: Count=720, Max=385, Min=169, Avg=246.65, 90=305, 99=333, 99.9=385, 99.99=385] 
2026-04-29 15:24:16:216 8 sec: 99559 operations; 14298 current ops/sec; [READ: Count=13601, Max=1641, Min=4, Avg=59.37, 90=116, 99=141, 99.9=443, 99.99=1597] [UPDATE: Count=695, Max=1718, Min=161, Avg=246.93, 90=306, 99=347, 99.9=1718, 99.99=1718] 
2026-04-29 15:24:16:692 - NewTail completed: 
2026-04-29 15:24:17:216 9 sec: 113244 operations; 13685 current ops/sec; [READ: Count=13000, Max=6843, Min=4, Avg=62.04, 90=119, 99=153, 99.9=509, 99.99=1953] [UPDATE: Count=685, Max=1326, Min=159, Avg=250.68, 90=313, 99=393, 99.9=1326, 99.99=1326] 
2026-04-29 15:24:18:216 10 sec: 126546 operations; 13302 current ops/sec; [READ: Count=12636, Max=1576, Min=5, Avg=65.23, 90=122, 99=151, 99.9=422, 99.99=1569] [UPDATE: Count=672, Max=382, Min=156, Avg=234.03, 90=295, 99=324, 99.9=382, 99.99=382] 
2026-04-29 15:24:19:215 11 sec: 138281 operations; 11735 current ops/sec; [READ: Count=11163, Max=1620, Min=4, Avg=66.03, 90=123, 99=163, 99.9=360, 99.99=1512] [UPDATE: Count=562, Max=49503, Min=161, Avg=436.24, 90=666, 99=1764, 99.9=49503, 99.99=49503] 
2026-04-29 15:24:20:216 12 sec: 151877 operations; 13596 current ops/sec; [READ: Count=12929, Max=6595, Min=5, Avg=63.14, 90=120, 99=150, 99.9=266, 99.99=1716] [UPDATE: Count=677, Max=1354, Min=163, Avg=244.63, 90=305, 99=358, 99.9=1354, 99.99=1354] 
2026-04-29 15:24:21:216 13 sec: 165762 operations; 13885 current ops/sec; [READ: Count=13168, Max=1635, Min=5, Avg=62.06, 90=118, 99=149, 99.9=403, 99.99=1514] [UPDATE: Count=709, Max=385, Min=152, Avg=232.77, 90=289, 99=337, 99.9=385, 99.99=385] 
2026-04-29 15:24:22:094 - NewTail completed: 
2026-04-29 15:24:22:216 14 sec: 180037 operations; 14275 current ops/sec; [READ: Count=13585, Max=1922, Min=5, Avg=60.38, 90=119, 99=150, 99.9=375, 99.99=1880] [UPDATE: Count=696, Max=990, Min=150, Avg=235.01, 90=299, 99=384, 99.9=990, 99.99=990] 
2026-04-29 15:24:23:215 15 sec: 193774 operations; 13737 current ops/sec; [READ: Count=13012, Max=1914, Min=4, Avg=62.21, 90=121, 99=150, 99.9=408, 99.99=1820] [UPDATE: Count=719, Max=473, Min=161, Avg=243.1, 90=304, 99=349, 99.9=473, 99.99=473] 
2026-04-29 15:24:24:216 16 sec: 200758 operations; 6984 current ops/sec; [READ: Count=6622, Max=1416, Min=4, Avg=60.92, 90=122, 99=155, 99.9=401, 99.99=1416] [UPDATE: Count=355, Max=51391, Min=161, Avg=1648.4, 90=8247, 99=13879, 99.9=51391, 99.99=51391] 
2026-04-29 15:24:25:215 17 sec: 211754 operations; 10996 current ops/sec; [READ: Count=10485, Max=1593, Min=4, Avg=59.53, 90=116, 99=149, 99.9=218, 99.99=1523] [UPDATE: Count=519, Max=12759, Min=153, Avg=706.85, 90=308, 99=10703, 99.9=12759, 99.99=12759] 
2026-04-29 15:24:26:216 18 sec: 226328 operations; 14574 current ops/sec; [READ: Count=13850, Max=1961, Min=4, Avg=58.86, 90=117, 99=145, 99.9=413, 99.99=1802] [UPDATE: Count=717, Max=448, Min=157, Avg=235.71, 90=295, 99=332, 99.9=448, 99.99=448] 
2026-04-29 15:24:27:216 19 sec: 240804 operations; 14476 current ops/sec; [READ: Count=13725, Max=1943, Min=4, Avg=59.06, 90=118, 99=144, 99.9=327, 99.99=1799] [UPDATE: Count=754, Max=566, Min=153, Avg=230.28, 90=290, 99=351, 99.9=566, 99.99=566] 
2026-04-29 15:24:27:801 - Compaction started: 
2026-04-29 15:24:28:216 20 sec: 255019 operations; 14215 current ops/sec; [READ: Count=13492, Max=2999, Min=4, Avg=60.24, 90=121, 99=152, 99.9=559, 99.99=2987] [UPDATE: Count=722, Max=888, Min=155, Avg=237.55, 90=298, 99=348, 99.9=888, 99.99=888] 
140356939130432:Compacting datalog/37 datalog/38 into:sstable1/ee47815a-bfb8-4bc7-920e-90978bb11993202604290924081777476267971557796.sst
2026-04-29 15:24:28:250 - Compaction completed: 
2026-04-29 15:24:29:216 21 sec: 263663 operations; 8644 current ops/sec; [READ: Count=8222, Max=7015, Min=5, Avg=63.64, 90=122, 99=153, 99.9=390, 99.99=7015] [UPDATE: Count=419, Max=49695, Min=165, Avg=1103.34, 90=450, 99=11823, 99.9=49695, 99.99=49695] 
2026-04-29 15:24:30:216 22 sec: 267636 operations; 3973 current ops/sec; [READ: Count=3812, Max=1184, Min=5, Avg=63.69, 90=122, 99=161, 99.9=350, 99.99=1184] [UPDATE: Count=168, Max=12423, Min=164, Avg=4508.18, 90=9455, 99=11175, 99.9=12423, 99.99=12423] 
2026-04-29 15:24:31:216 23 sec: 281148 operations; 13512 current ops/sec; [READ: Count=12883, Max=1572, Min=5, Avg=64.6, 90=125, 99=152, 99.9=244, 99.99=1492] [UPDATE: Count=625, Max=1332, Min=168, Avg=243.79, 90=306, 99=350, 99.9=1332, 99.99=1332] 
2026-04-29 15:24:32:216 24 sec: 295001 operations; 13853 current ops/sec; [READ: Count=13149, Max=1891, Min=5, Avg=62.29, 90=121, 99=148, 99.9=241, 99.99=1669] [UPDATE: Count=705, Max=1132, Min=153, Avg=235.06, 90=296, 99=328, 99.9=1132, 99.99=1132] 
2026-04-29 15:24:33:216 25 sec: 309306 operations; 14305 current ops/sec; [READ: Count=13597, Max=1660, Min=5, Avg=60.09, 90=119, 99=147, 99.9=317, 99.99=1536] [UPDATE: Count=705, Max=365, Min=156, Avg=230.41, 90=293, 99=337, 99.9=365, 99.99=365] 
2026-04-29 15:24:34:216 26 sec: 322904 operations; 13598 current ops/sec; [READ: Count=12904, Max=1540, Min=5, Avg=60.23, 90=119, 99=146, 99.9=427, 99.99=1529] [UPDATE: Count=697, Max=38495, Min=154, Avg=297.25, 90=301, 99=693, 99.9=38495, 99.99=38495] 
2026-04-29 15:24:35:216 27 sec: 337481 operations; 14577 current ops/sec; [READ: Count=13824, Max=1654, Min=5, Avg=58.68, 90=118, 99=145, 99.9=192, 99.99=1640] [UPDATE: Count=754, Max=1558, Min=150, Avg=229.54, 90=292, 99=339, 99.9=1558, 99.99=1558] 
2026-04-29 15:24:36:216 28 sec: 352280 operations; 14799 current ops/sec; [READ: Count=14047, Max=1957, Min=5, Avg=58.07, 90=116, 99=146, 99.9=423, 99.99=1635] [UPDATE: Count=753, Max=609, Min=149, Avg=224.34, 90=284, 99=333, 99.9=609, 99.99=609] 
2026-04-29 15:24:37:215 29 sec: 366902 operations; 14622 current ops/sec; [READ: Count=13852, Max=1673, Min=5, Avg=58.4, 90=120, 99=148, 99.9=392, 99.99=1506] [UPDATE: Count=768, Max=380, Min=158, Avg=226.91, 90=289, 99=328, 99.9=380, 99.99=380] 
2026-04-29 15:24:38:216 30 sec: 381490 operations; 14588 current ops/sec; [READ: Count=13846, Max=1641, Min=5, Avg=58.17, 90=119, 99=146, 99.9=405, 99.99=1451] [UPDATE: Count=746, Max=1501, Min=159, Avg=239.65, 90=301, 99=360, 99.9=1501, 99.99=1501] 
2026-04-29 15:24:39:215 31 sec: 394968 operations; 13478 current ops/sec; [READ: Count=12791, Max=1803, Min=5, Avg=58.97, 90=120, 99=146, 99.9=398, 99.99=1689] [UPDATE: Count=679, Max=53567, Min=158, Avg=338.96, 90=308, 99=933, 99.9=53567, 99.99=53567] 
2026-04-29 15:24:40:215 32 sec: 408208 operations; 13240 current ops/sec; [READ: Count=12576, Max=60863, Min=5, Avg=65.8, 90=121, 99=150, 99.9=513, 99.99=6787] [UPDATE: Count=669, Max=606, Min=155, Avg=236.2, 90=304, 99=350, 99.9=606, 99.99=606] 
2026-04-29 15:24:41:215 33 sec: 422013 operations; 13805 current ops/sec; [READ: Count=13081, Max=1669, Min=5, Avg=61.78, 90=122, 99=151, 99.9=412, 99.99=1547] [UPDATE: Count=723, Max=605, Min=155, Avg=243.52, 90=309, 99=356, 99.9=605, 99.99=605] 
2026-04-29 15:24:42:216 34 sec: 436094 operations; 14081 current ops/sec; [READ: Count=13364, Max=1759, Min=5, Avg=60.34, 90=121, 99=148, 99.9=387, 99.99=1741] [UPDATE: Count=716, Max=587, Min=164, Avg=248.37, 90=314, 99=356, 99.9=587, 99.99=587] 
2026-04-29 15:24:43:216 35 sec: 450461 operations; 14367 current ops/sec; [READ: Count=13650, Max=1606, Min=5, Avg=59.64, 90=121, 99=148, 99.9=398, 99.99=1240] [UPDATE: Count=717, Max=381, Min=160, Avg=237.91, 90=303, 99=343, 99.9=381, 99.99=381] 
2026-04-29 15:24:44:215 36 sec: 463865 operations; 13404 current ops/sec; [READ: Count=12723, Max=5003, Min=5, Avg=59.98, 90=121, 99=154, 99.9=756, 99.99=1707] [UPDATE: Count=681, Max=55743, Min=161, Avg=324.75, 90=305, 99=492, 99.9=55743, 99.99=55743] 
2026-04-29 15:24:45:215 37 sec: 476487 operations; 12622 current ops/sec; [READ: Count=11994, Max=1669, Min=5, Avg=60.06, 90=121, 99=150, 99.9=214, 99.99=1612] [UPDATE: Count=627, Max=90367, Min=163, Avg=423.01, 90=332, 99=1150, 99.9=90367, 99.99=90367] 
2026-04-29 15:24:46:215 38 sec: 490669 operations; 14182 current ops/sec; [READ: Count=13469, Max=1796, Min=5, Avg=60.51, 90=121, 99=146, 99.9=203, 99.99=1680] [UPDATE: Count=714, Max=394, Min=157, Avg=237.01, 90=299, 99=328, 99.9=394, 99.99=394] 
2026-04-29 15:24:47:215 39 sec: 504882 operations; 14213 current ops/sec; [READ: Count=13473, Max=1656, Min=5, Avg=59.58, 90=122, 99=151, 99.9=368, 99.99=1579] [UPDATE: Count=741, Max=2561, Min=157, Avg=244.49, 90=301, 99=358, 99.9=2561, 99.99=2561] 
2026-04-29 15:24:48:215 40 sec: 518995 operations; 14113 current ops/sec; [READ: Count=13427, Max=1782, Min=5, Avg=60.86, 90=124, 99=159, 99.9=348, 99.99=1728] [UPDATE: Count=685, Max=549, Min=163, Avg=243.25, 90=309, 99=351, 99.9=549, 99.99=549] 
2026-04-29 15:24:49:215 41 sec: 533384 operations; 14389 current ops/sec; [READ: Count=13678, Max=1551, Min=5, Avg=59.45, 90=123, 99=151, 99.9=367, 99.99=1538] [UPDATE: Count=712, Max=556, Min=161, Avg=239.61, 90=307, 99=339, 99.9=556, 99.99=556] 
2026-04-29 15:24:50:216 42 sec: 546980 operations; 13596 current ops/sec; [READ: Count=12957, Max=7083, Min=5, Avg=60.16, 90=122, 99=149, 99.9=357, 99.99=1729] [UPDATE: Count=637, Max=47967, Min=155, Avg=322.43, 90=306, 99=743, 99.9=47967, 99.99=47967] 
2026-04-29 15:24:51:216 43 sec: 560800 operations; 13820 current ops/sec; [READ: Count=13136, Max=1737, Min=5, Avg=62.35, 90=123, 99=152, 99.9=347, 99.99=1627] [UPDATE: Count=685, Max=368, Min=158, Avg=241.33, 90=302, 99=347, 99.9=368, 99.99=368] 
2026-04-29 15:24:52:215 44 sec: 574620 operations; 13820 current ops/sec; [READ: Count=13096, Max=1574, Min=5, Avg=61.87, 90=124, 99=154, 99.9=354, 99.99=1563] [UPDATE: Count=723, Max=466, Min=161, Avg=240.64, 90=306, 99=356, 99.9=466, 99.99=466] 
2026-04-29 15:24:53:215 45 sec: 588721 operations; 14101 current ops/sec; [READ: Count=13418, Max=1958, Min=5, Avg=61.31, 90=126, 99=152, 99.9=303, 99.99=1752] [UPDATE: Count=683, Max=1652, Min=159, Avg=235.96, 90=298, 99=338, 99.9=1652, 99.99=1652] 
2026-04-29 15:24:54:215 46 sec: 602740 operations; 14019 current ops/sec; [READ: Count=13375, Max=2141, Min=5, Avg=61.87, 90=127, 99=156, 99.9=385, 99.99=2051] [UPDATE: Count=643, Max=1286, Min=161, Avg=243.17, 90=305, 99=357, 99.9=1286, 99.99=1286] 
2026-04-29 15:24:55:215 47 sec: 615727 operations; 12987 current ops/sec; [READ: Count=12354, Max=1741, Min=5, Avg=61.32, 90=126, 99=155, 99.9=240, 99.99=1527] [UPDATE: Count=634, Max=46431, Min=159, Avg=359.22, 90=418, 99=1060, 99.9=46431, 99.99=46431] 
2026-04-29 15:24:56:215 48 sec: 629409 operations; 13682 current ops/sec; [READ: Count=12975, Max=4283, Min=5, Avg=62.59, 90=128, 99=155, 99.9=238, 99.99=1605] [UPDATE: Count=708, Max=1323, Min=167, Avg=243.13, 90=308, 99=358, 99.9=1323, 99.99=1323] 
2026-04-29 15:24:57:216 49 sec: 643006 operations; 13597 current ops/sec; [READ: Count=12947, Max=1698, Min=5, Avg=63.71, 90=129, 99=169, 99.9=266, 99.99=1577] [UPDATE: Count=648, Max=404, Min=154, Avg=245.07, 90=312, 99=370, 99.9=404, 99.99=404] 
2026-04-29 15:24:58:215 50 sec: 657508 operations; 14502 current ops/sec; [READ: Count=13818, Max=2183, Min=5, Avg=59.67, 90=123, 99=153, 99.9=388, 99.99=1436] [UPDATE: Count=684, Max=1360, Min=156, Avg=232.29, 90=298, 99=380, 99.9=1360, 99.99=1360] 
2026-04-29 15:24:59:216 51 sec: 671679 operations; 14171 current ops/sec; [READ: Count=13447, Max=1857, Min=5, Avg=60.08, 90=125, 99=155, 99.9=351, 99.99=1519] [UPDATE: Count=724, Max=499, Min=169, Avg=242.97, 90=309, 99=344, 99.9=499, 99.99=499] 
2026-04-29 15:25:00:216 52 sec: 684895 operations; 13216 current ops/sec; [READ: Count=12572, Max=1666, Min=5, Avg=60.45, 90=125, 99=155, 99.9=281, 99.99=1659] [UPDATE: Count=650, Max=49023, Min=156, Avg=345.79, 90=312, 99=862, 99.9=49023, 99.99=49023] 
2026-04-29 15:25:00:542 - Compaction started: 
2026-04-29 15:25:01:216 53 sec: 694954 operations; 10059 current ops/sec; [READ: Count=9533, Max=238079, Min=5, Avg=90.46, 90=126, 99=164, 99.9=916, 99.99=238079] [UPDATE: Count=522, Max=1278, Min=159, Avg=241.19, 90=309, 99=351, 99.9=1278, 99.99=1278] 
140356939130432:Compacting sstable1/8a559bee-a6a6-4a8c-a83e-361c80abffe2202604281758001777420838419171344.sst sstable1/8a559bee-a6a6-4a8c-a83e-361c80abffe2202604281758001777420838805903791.sst into:sstable2/ee47815a-bfb8-4bc7-920e-90978bb11993202604290924081777476300880086005.sst
2026-04-29 15:25:01:303 - Compaction completed: 
2026-04-29 15:25:02:215 54 sec: 709010 operations; 14056 current ops/sec; [READ: Count=13370, Max=8927, Min=5, Avg=61.75, 90=125, 99=153, 99.9=348, 99.99=1710] [UPDATE: Count=686, Max=363, Min=154, Avg=230.19, 90=297, 99=327, 99.9=363, 99.99=363] 
2026-04-29 15:25:03:216 55 sec: 723088 operations; 14078 current ops/sec; [READ: Count=13353, Max=2057, Min=5, Avg=60.81, 90=125, 99=153, 99.9=321, 99.99=1767] [UPDATE: Count=724, Max=360, Min=159, Avg=237.34, 90=306, 99=332, 99.9=360, 99.99=360] 
2026-04-29 15:25:04:216 56 sec: 737347 operations; 14259 current ops/sec; [READ: Count=13546, Max=1560, Min=5, Avg=59.8, 90=125, 99=153, 99.9=307, 99.99=1317] [UPDATE: Count=714, Max=1365, Min=157, Avg=243.27, 90=305, 99=359, 99.9=1365, 99.99=1365] 
2026-04-29 15:25:05:216 57 sec: 749778 operations; 12431 current ops/sec; [READ: Count=11797, Max=1301, Min=5, Avg=60.55, 90=125, 99=155, 99.9=274, 99.99=1249] [UPDATE: Count=635, Max=50719, Min=159, Avg=427.52, 90=653, 99=1529, 99.9=50719, 99.99=50719] 
2026-04-29 15:25:05:446 - NewTail completed: 
2026-04-29 15:25:06:216 58 sec: 763692 operations; 13914 current ops/sec; [READ: Count=13222, Max=1689, Min=5, Avg=61.53, 90=127, 99=153, 99.9=192, 99.99=1637] [UPDATE: Count=690, Max=963, Min=156, Avg=247.11, 90=312, 99=367, 99.9=963, 99.99=963] 
2026-04-29 15:25:07:216 59 sec: 777651 operations; 13959 current ops/sec; [READ: Count=13268, Max=1393, Min=5, Avg=61.89, 90=127, 99=156, 99.9=203, 99.99=1326] [UPDATE: Count=693, Max=607, Min=161, Avg=235.02, 90=303, 99=360, 99.9=607, 99.99=607] 
2026-04-29 15:25:08:216 60 sec: 791496 operations; 13845 current ops/sec; [READ: Count=13125, Max=2343, Min=5, Avg=61.61, 90=127, 99=157, 99.9=371, 99.99=1596] [UPDATE: Count=719, Max=1320, Min=160, Avg=244.12, 90=316, 99=385, 99.9=1320, 99.99=1320] 
2026-04-29 15:25:09:216 61 sec: 805086 operations; 13590 current ops/sec; [READ: Count=12906, Max=1630, Min=5, Avg=63.01, 90=129, 99=164, 99.9=426, 99.99=1521] [UPDATE: Count=682, Max=501, Min=149, Avg=244.05, 90=316, 99=363, 99.9=501, 99.99=501] 
2026-04-29 15:25:10:216 62 sec: 818585 operations; 13499 current ops/sec; [READ: Count=12809, Max=1671, Min=5, Avg=59.6, 90=125, 99=155, 99.9=453, 99.99=1588] [UPDATE: Count=692, Max=50655, Min=159, Avg=320.46, 90=310, 99=597, 99.9=50655, 99.99=50655] 
2026-04-29 15:25:10:654 - NewTail completed: 
2026-04-29 15:25:10:656 - Compaction started: 
140356939130432:Compacting datalog/45 datalog/46 into:sstable1/ee47815a-bfb8-4bc7-920e-90978bb11993202604290924081777476310799621700.sst
2026-04-29 15:25:11:087 - Compaction completed: 
2026-04-29 15:25:11:216 63 sec: 832844 operations; 14259 current ops/sec; [READ: Count=13598, Max=7419, Min=5, Avg=60.13, 90=122, 99=156, 99.9=451, 99.99=2933] [UPDATE: Count=662, Max=3593, Min=160, Avg=251.37, 90=314, 99=436, 99.9=3593, 99.99=3593] 
2026-04-29 15:25:12:216 64 sec: 846312 operations; 13468 current ops/sec; [READ: Count=12798, Max=13015, Min=5, Avg=64.14, 90=125, 99=159, 99.9=636, 99.99=1589] [UPDATE: Count=676, Max=555, Min=162, Avg=242.75, 90=308, 99=374, 99.9=555, 99.99=555] 
2026-04-29 15:25:13:215 65 sec: 860552 operations; 14240 current ops/sec; [READ: Count=13557, Max=1898, Min=5, Avg=60.29, 90=126, 99=155, 99.9=380, 99.99=1454] [UPDATE: Count=675, Max=1670, Min=165, Avg=246.54, 90=312, 99=354, 99.9=1670, 99.99=1670] 
2026-04-29 15:25:14:216 66 sec: 874673 operations; 14121 current ops/sec; [READ: Count=13366, Max=1958, Min=5, Avg=60.11, 90=125, 99=156, 99.9=420, 99.99=1836] [UPDATE: Count=754, Max=376, Min=164, Avg=239.57, 90=307, 99=347, 99.9=376, 99.99=376] 
2026-04-29 15:25:15:215 67 sec: 887192 operations; 12519 current ops/sec; [READ: Count=11925, Max=1756, Min=5, Avg=60.35, 90=126, 99=166, 99.9=353, 99.99=1653] [UPDATE: Count=597, Max=48447, Min=163, Avg=445.55, 90=730, 99=1305, 99.9=48447, 99.99=48447] 
2026-04-29 15:25:16:059 - NewTail completed: 
2026-04-29 15:25:16:216 68 sec: 900713 operations; 13521 current ops/sec; [READ: Count=12849, Max=1425, Min=5, Avg=62.65, 90=129, 99=157, 99.9=210, 99.99=1388] [UPDATE: Count=676, Max=2449, Min=157, Avg=265.56, 90=329, 99=834, 99.9=2449, 99.99=2449] 
2026-04-29 15:25:17:216 69 sec: 914725 operations; 14012 current ops/sec; [READ: Count=13312, Max=1553, Min=5, Avg=61.19, 90=128, 99=158, 99.9=223, 99.99=1474] [UPDATE: Count=697, Max=383, Min=166, Avg=243.44, 90=309, 99=350, 99.9=383, 99.99=383] 
2026-04-29 15:25:18:216 70 sec: 928588 operations; 13863 current ops/sec; [READ: Count=13172, Max=1837, Min=5, Avg=61.84, 90=129, 99=160, 99.9=243, 99.99=1607] [UPDATE: Count=687, Max=400, Min=160, Avg=247, 90=322, 99=362, 99.9=400, 99.99=400] 
2026-04-29 15:25:19:216 71 sec: 942602 operations; 14014 current ops/sec; [READ: Count=13300, Max=1529, Min=5, Avg=60.94, 90=128, 99=158, 99.9=321, 99.99=1458] [UPDATE: Count=715, Max=1872, Min=156, Avg=243.01, 90=312, 99=360, 99.9=1872, 99.99=1872] 
2026-04-29 15:25:20:216 72 sec: 955746 operations; 13144 current ops/sec; [READ: Count=12504, Max=3769, Min=5, Avg=61.9, 90=131, 99=162, 99.9=400, 99.99=1652] [UPDATE: Count=640, Max=46943, Min=167, Avg=329.25, 90=323, 99=587, 99.9=46943, 99.99=46943] 
2026-04-29 15:25:21:216 73 sec: 969440 operations; 13694 current ops/sec; [READ: Count=12978, Max=1700, Min=5, Avg=62.63, 90=130, 99=160, 99.9=387, 99.99=1597] [UPDATE: Count=715, Max=374, Min=160, Avg=239.43, 90=312, 99=350, 99.9=374, 99.99=374] 
2026-04-29 15:25:21:264 - NewTail completed: 
2026-04-29 15:25:22:216 74 sec: 982767 operations; 13327 current ops/sec; [READ: Count=12658, Max=7507, Min=5, Avg=64.69, 90=131, 99=164, 99.9=427, 99.99=1517] [UPDATE: Count=673, Max=922, Min=159, Avg=246.68, 90=318, 99=418, 99.9=922, 99.99=922] 
2026-04-29 15:25:23:216 75 sec: 996246 operations; 13479 current ops/sec; [READ: Count=12821, Max=1952, Min=5, Avg=64.29, 90=131, 99=161, 99.9=359, 99.99=1737] [UPDATE: Count=657, Max=535, Min=157, Avg=242.61, 90=315, 99=355, 99.9=535, 99.99=535] 
2026-04-29 15:25:24:216 76 sec: 1009665 operations; 13419 current ops/sec; [READ: Count=12710, Max=1578, Min=5, Avg=63.54, 90=131, 99=162, 99.9=357, 99.99=1548] [UPDATE: Count=709, Max=1877, Min=157, Avg=248.99, 90=317, 99=365, 99.9=1877, 99.99=1877] 
2026-04-29 15:25:25:215 77 sec: 1023094 operations; 13429 current ops/sec; [READ: Count=12780, Max=1655, Min=5, Avg=60.36, 90=123, 99=154, 99.9=363, 99.99=1558] [UPDATE: Count=646, Max=49119, Min=159, Avg=331.02, 90=305, 99=1074, 99.9=49119, 99.99=49119] 
2026-04-29 15:25:26:216 78 sec: 1036403 operations; 13309 current ops/sec; [READ: Count=12639, Max=1641, Min=5, Avg=63.26, 90=131, 99=163, 99.9=229, 99.99=1632] [UPDATE: Count=670, Max=1351, Min=163, Avg=275.91, 90=328, 99=1090, 99.9=1351, 99.99=1351] 
2026-04-29 15:25:27:216 79 sec: 1048787 operations; 12384 current ops/sec; [READ: Count=11752, Max=1547, Min=5, Avg=63.82, 90=132, 99=169, 99.9=400, 99.99=1432] [UPDATE: Count=634, Max=80959, Min=156, Avg=371.76, 90=316, 99=389, 99.9=80959, 99.99=80959] 
2026-04-29 15:25:28:216 80 sec: 1062386 operations; 13599 current ops/sec; [READ: Count=12904, Max=1551, Min=5, Avg=63.27, 90=130, 99=163, 99.9=448, 99.99=1450] [UPDATE: Count=695, Max=1870, Min=161, Avg=240.99, 90=307, 99=365, 99.9=1870, 99.99=1870] 
2026-04-29 15:25:29:215 81 sec: 1075877 operations; 13491 current ops/sec; [READ: Count=12779, Max=1649, Min=5, Avg=63.27, 90=132, 99=162, 99.9=358, 99.99=1637] [UPDATE: Count=713, Max=682, Min=167, Avg=246.62, 90=315, 99=367, 99.9=682, 99.99=682] 
2026-04-29 15:25:30:215 82 sec: 1089627 operations; 13750 current ops/sec; [READ: Count=13074, Max=1499, Min=5, Avg=62.33, 90=131, 99=159, 99.9=209, 99.99=1353] [UPDATE: Count=674, Max=1709, Min=163, Avg=251.27, 90=320, 99=356, 99.9=1709, 99.99=1709] 
2026-04-29 15:25:31:216 83 sec: 1102946 operations; 13319 current ops/sec; [READ: Count=12629, Max=1785, Min=5, Avg=60.91, 90=128, 99=156, 99.9=363, 99.99=1532] [UPDATE: Count=690, Max=47743, Min=156, Avg=312.46, 90=307, 99=678, 99.9=47743, 99.99=47743] 
2026-04-29 15:25:31:876 - NewTail completed: 
2026-04-29 15:25:32:215 84 sec: 1116726 operations; 13780 current ops/sec; [READ: Count=13094, Max=5355, Min=5, Avg=62.18, 90=129, 99=168, 99.9=451, 99.99=1705] [UPDATE: Count=687, Max=3223, Min=159, Avg=247.09, 90=310, 99=420, 99.9=3223, 99.99=3223] 
2026-04-29 15:25:33:216 85 sec: 1129816 operations; 13090 current ops/sec; [READ: Count=12398, Max=5635, Min=5, Avg=65.44, 90=130, 99=166, 99.9=774, 99.99=1787] [UPDATE: Count=692, Max=530, Min=165, Avg=250.81, 90=324, 99=374, 99.9=530, 99.99=530] 
2026-04-29 15:25:34:215 86 sec: 1143234 operations; 13418 current ops/sec; [READ: Count=12764, Max=12407, Min=5, Avg=64.44, 90=132, 99=165, 99.9=388, 99.99=1510] [UPDATE: Count=659, Max=419, Min=168, Avg=245.51, 90=318, 99=365, 99.9=419, 99.99=419] 
2026-04-29 15:25:35:215 87 sec: 1157313 operations; 14079 current ops/sec; [READ: Count=13380, Max=1833, Min=5, Avg=61.15, 90=128, 99=159, 99.9=290, 99.99=1517] [UPDATE: Count=693, Max=485, Min=165, Avg=239.05, 90=308, 99=344, 99.9=485, 99.99=485] 
2026-04-29 15:25:36:216 88 sec: 1167743 operations; 10430 current ops/sec; [READ: Count=9918, Max=1596, Min=5, Avg=67.25, 90=135, 99=196, 99.9=657, 99.99=1596] [UPDATE: Count=517, Max=47807, Min=174, Avg=619.06, 90=1273, 99=2097, 99.9=47807, 99.99=47807] 
2026-04-29 15:25:37:215 89 sec: 1181717 operations; 13974 current ops/sec; [READ: Count=13278, Max=1577, Min=5, Avg=61.11, 90=128, 99=158, 99.9=196, 99.99=1385] [UPDATE: Count=691, Max=403, Min=166, Avg=249.82, 90=318, 99=349, 99.9=403, 99.99=403] 
2026-04-29 15:25:37:485 - NewTail completed: 
Maximum time elapsed. Requesting stop for the workload.
Stop requested for workload. Now Joining!
2026-04-29 15:25:38:215 90 sec: 1195498 operations; 13781 current ops/sec; [READ: Count=13067, Max=1582, Min=5, Avg=61.64, 90=129, 99=157, 99.9=195, 99.99=1560] [UPDATE: Count=715, Max=1444, Min=158, Avg=249.79, 90=316, 99=363, 99.9=1444, 99.99=1444] [OZONEDB-PROFILE] reads=1195506  avg_total=60.17us  view=4.47us(7.4%)  log=2.14us(3.6%)  sst=80.37us_per_call x 793611_calls(88.7%_of_total)

[OZONEDB-SST-PROFILE] level | time_total_ms | enters | range_rejects | table_gets | hits
[OZONEDB-SST-PROFILE] L1  |     13209.63 |  2988157 |       389314 |    2598843 | 188658
[OZONEDB-SST-PROFILE] L2  |      6087.24 |  1566292 |       573258 |     993034 |  66169
[OZONEDB-SST-PROFILE] L3  |      3306.77 |  1076569 |       537791 |     538778 |  35725
[OZONEDB-SST-PROFILE] L4  |      3233.88 |  1004358 |       501311 |     503047 |  36052
[OZONEDB-SST-PROFILE] L5  |      3064.69 |   932672 |       465720 |     466952 |  35956
[OZONEDB-SST-PROFILE] L6  |      2994.70 |   860955 |       429926 |     431029 |  35527
[OZONEDB-SST-PROFILE] L7  |     31410.18 |  1366767 |           81 |    1366686 | 395524
[OZONEDB-TBL-PROFILE] file_filter_reject=6036704  block_filter_reject=67272  index_invalid=0  block_read_more=670243  hit_from_cache=124150  miss_after_read=782  found=793611
2026-04-29 15:25:38:296 90 sec: 1195506 operations; 98.77 current ops/sec; [READ: Count=5, Max=135, Min=8, Avg=52.6, 90=135, 99=135, 99.9=135, 99.99=135] [CLEANUP: Count=1, Max=80127, Min=80064, Avg=80096, 90=80127, 99=80127, 99.9=80127, 99.99=80127] [UPDATE: Count=0, Max=0, Min=0, Avg=0, 90=0, 99=0, 99.9=0, 99.99=0] 
[OVERALL], RunTime(ms), 90081
[OVERALL], Throughput(ops/sec), 13271.455689879109
[TOTAL_GCS_PS_Scavenge], Count, 7
[TOTAL_GC_TIME_PS_Scavenge], Time(ms), 31
[TOTAL_GC_TIME_%_PS_Scavenge], Time(%), 0.03441347231935703
[TOTAL_GCS_PS_MarkSweep], Count, 0
[TOTAL_GC_TIME_PS_MarkSweep], Time(ms), 0
[TOTAL_GC_TIME_%_PS_MarkSweep], Time(%), 0.0
[TOTAL_GCs], Count, 7
[TOTAL_GC_TIME], Time(ms), 31
[TOTAL_GC_TIME_%], Time(%), 0.03441347231935703
[READ], Operations, 1135618
[READ], AverageLatency(us), 61.98692518082665
[READ], MinLatency(us), 4
[READ], MaxLatency(us), 238079
[READ], 95thPercentileLatency(us), 134
[READ], 99thPercentileLatency(us), 156
[READ], Return=OK, 1135618
[CLEANUP], Operations, 1
[CLEANUP], AverageLatency(us), 80096.0
[CLEANUP], MinLatency(us), 80064
[CLEANUP], MaxLatency(us), 80127
[CLEANUP], 95thPercentileLatency(us), 80127
[CLEANUP], 99thPercentileLatency(us), 80127
[UPDATE], Operations, 59888
[UPDATE], AverageLatency(us), 298.2798724285333
[UPDATE], MinLatency(us), 149
[UPDATE], MaxLatency(us), 90367
[UPDATE], 95thPercentileLatency(us), 331
[UPDATE], 99thPercentileLatency(us), 846
[UPDATE], Return=OK, 59888
	Command being timed: "/usr/lib/jvm/java-8-openjdk-amd64/bin/java -cp /users/Xinying/ozonedb/ycsb/ozonedb/conf:/users/Xinying/ozonedb/ycsb/ozonedb/target/ozonedb-binding-0.18.0-SNAPSHOT.jar:/users/Xinying/.m2/repository/org/apache/htrace/htrace-core4/4.1.0-incubating/htrace-core4-4.1.0-incubating.jar:/users/Xinying/.m2/repository/org/slf4j/slf4j-api/1.7.25/slf4j-api-1.7.25.jar:/users/Xinying/.m2/repository/org/hdrhistogram/HdrHistogram/2.1.12/HdrHistogram-2.1.12.jar:/users/Xinying/.m2/repository/ch/qos/logback/logback-classic/1.2.3/logback-classic-1.2.3.jar:/users/Xinying/.m2/repository/ozonedbjnimaven/demoproc-jni/1.0/demoproc-jni-1.0.jar:/users/Xinying/.m2/repository/ch/qos/logback/logback-core/1.2.3/logback-core-1.2.3.jar:/users/Xinying/.m2/repository/org/codehaus/jackson/jackson-mapper-asl/1.9.4/jackson-mapper-asl-1.9.4.jar:/users/Xinying/.m2/repository/org/slf4j/slf4j-simple/1.7.25/slf4j-simple-1.7.25.jar:/users/Xinying/.m2/repository/org/codehaus/jackson/jackson-core-asl/1.9.4/jackson-core-asl-1.9.4.jar:/users/Xinying/ozonedb/ycsb/core/target/core-0.18.0-SNAPSHOT.jar site.ycsb.Client -db site.ycsb.db.OzoneDBClient -threads 1 -s -P /users/Xinying/ozonedb/ycsb/workloads/generated_workloads/workloadb_1KB_1000000_1000000 -p status.interval=1 -p maxexecutiontime=90 -p operationcount=0 -p shared_config=/tmp/phase1_ozonedb_configs/shared_config_SHARED_workloadb_p8_r1_proc4.json -t"
	User time (seconds): 50.66
	System time (seconds): 36.25
	Percent of CPU this job got: 94%
	Elapsed (wall clock) time (h:mm:ss or m:ss): 1:31.78
	Average shared text size (kbytes): 0
	Average unshared data size (kbytes): 0
	Average stack size (kbytes): 0
	Average total size (kbytes): 0
	Maximum resident set size (kbytes): 5529936
	Average resident set size (kbytes): 0
	Major (requiring I/O) page faults: 432
	Minor (reclaiming a frame) page faults: 1419218
	Voluntary context switches: 147117
	Involuntary context switches: 843
	Swaps: 0
	File system inputs: 12417175
	File system outputs: 458928
	Socket messages sent: 0
	Socket messages received: 0
	Signals delivered: 0
	Page size (bytes): 4096
	Exit status: 0
