# CMD: /usr/bin/time -v /usr/lib/jvm/java-8-openjdk-amd64/bin/java -cp /users/Xinying/ozonedb/ycsb/ozonedb/conf:/users/Xinying/ozonedb/ycsb/ozonedb/target/ozonedb-binding-0.18.0-SNAPSHOT.jar:/users/Xinying/.m2/repository/org/apache/htrace/htrace-core4/4.1.0-incubating/htrace-core4-4.1.0-incubating.jar:/users/Xinying/.m2/repository/org/slf4j/slf4j-api/1.7.25/slf4j-api-1.7.25.jar:/users/Xinying/.m2/repository/org/hdrhistogram/HdrHistogram/2.1.12/HdrHistogram-2.1.12.jar:/users/Xinying/.m2/repository/ch/qos/logback/logback-classic/1.2.3/logback-classic-1.2.3.jar:/users/Xinying/.m2/repository/ozonedbjnimaven/demoproc-jni/1.0/demoproc-jni-1.0.jar:/users/Xinying/.m2/repository/ch/qos/logback/logback-core/1.2.3/logback-core-1.2.3.jar:/users/Xinying/.m2/repository/org/codehaus/jackson/jackson-mapper-asl/1.9.4/jackson-mapper-asl-1.9.4.jar:/users/Xinying/.m2/repository/org/slf4j/slf4j-simple/1.7.25/slf4j-simple-1.7.25.jar:/users/Xinying/.m2/repository/org/codehaus/jackson/jackson-core-asl/1.9.4/jackson-core-asl-1.9.4.jar:/users/Xinying/ozonedb/ycsb/core/target/core-0.18.0-SNAPSHOT.jar site.ycsb.Client -db site.ycsb.db.OzoneDBClient -threads 1 -s -P /users/Xinying/ozonedb/ycsb/workloads/generated_workloads/workloadb_1KB_1000000_1000000 -p status.interval=1 -p maxexecutiontime=90 -p operationcount=0 -p shared_config=/tmp/phase1_ozonedb_configs/shared_config_SHARED_workloadb_p16_r1_proc15.json -t
# shared_work_path=/tank/ycsb_data/multi-proc-run/shared_ozonedb  proc_id=15/16
Command line: -db site.ycsb.db.OzoneDBClient -threads 1 -s -P /users/Xinying/ozonedb/ycsb/workloads/generated_workloads/workloadb_1KB_1000000_1000000 -p status.interval=1 -p maxexecutiontime=90 -p operationcount=0 -p shared_config=/tmp/phase1_ozonedb_configs/shared_config_SHARED_workloadb_p16_r1_proc15.json -t
YCSB Client 0.18.0-SNAPSHOT

Loading workload...
Starting test.
SLF4J: Class path contains multiple SLF4J bindings.
SLF4J: Found binding in [jar:file:/users/Xinying/.m2/repository/ch/qos/logback/logback-classic/1.2.3/logback-classic-1.2.3.jar!/org/slf4j/impl/StaticLoggerBinder.class]
SLF4J: Found binding in [jar:file:/users/Xinying/.m2/repository/org/slf4j/slf4j-simple/1.7.25/slf4j-simple-1.7.25.jar!/org/slf4j/impl/StaticLoggerBinder.class]
SLF4J: See http://www.slf4j.org/codes.html#multiple_bindings for an explanation.
SLF4J: Actual binding is of type [ch.qos.logback.classic.util.ContextSelectorStaticBinder]
Maximum execution time specified as: 90 secs
2026-04-29 15:25:47:302 0 sec: 0 operations; 
Starting compaction watcher
DBWrapper: report latency for each error is false and specific error codes to track for latency are: []
2026-04-29 15:25:48:301 1 sec: 5266 operations; 5266 current ops/sec; [READ: Count=4996, Max=61823, Min=5, Avg=104.27, 90=144, 99=231, 99.9=2313, 99.99=61823] [UPDATE: Count=302, Max=26575, Min=202, Avg=532.28, 90=460, 99=3599, 99.9=26575, 99.99=26575] 
2026-04-29 15:25:49:301 2 sec: 14082 operations; 8816 current ops/sec; [READ: Count=8397, Max=14799, Min=4, Avg=94.61, 90=153, 99=220, 99.9=2531, 99.99=14799] [UPDATE: Count=396, Max=8391, Min=170, Avg=412.92, 90=428, 99=2743, 99.9=8391, 99.99=8391] 
2026-04-29 15:25:49:576 - NewTail completed: 
2026-04-29 15:25:50:301 3 sec: 25752 operations; 11670 current ops/sec; [READ: Count=11108, Max=3847, Min=4, Avg=73.26, 90=130, 99=176, 99.9=2293, 99.99=3381] [UPDATE: Count=557, Max=1303, Min=177, Avg=286.99, 90=364, 99=784, 99.9=1303, 99.99=1303] 
2026-04-29 15:25:51:301 4 sec: 37423 operations; 11671 current ops/sec; [READ: Count=11108, Max=4907, Min=4, Avg=72.93, 90=132, 99=182, 99.9=2016, 99.99=3593] [UPDATE: Count=567, Max=800, Min=181, Avg=289.91, 90=373, 99=458, 99.9=800, 99.99=800] 
2026-04-29 15:25:52:301 5 sec: 49875 operations; 12452 current ops/sec; [READ: Count=11848, Max=2735, Min=4, Avg=66.43, 90=125, 99=167, 99.9=708, 99.99=2723] [UPDATE: Count=605, Max=4195, Min=178, Avg=307.6, 90=361, 99=954, 99.9=4195, 99.99=4195] 
2026-04-29 15:25:53:301 6 sec: 60881 operations; 11006 current ops/sec; [READ: Count=10437, Max=9391, Min=4, Avg=69.87, 90=133, 99=182, 99.9=597, 99.99=3493] [UPDATE: Count=567, Max=69695, Min=163, Avg=433.32, 90=373, 99=1292, 99.9=69695, 99.99=69695] 
2026-04-29 15:25:54:301 7 sec: 73446 operations; 12565 current ops/sec; [READ: Count=11931, Max=2699, Min=4, Avg=67.6, 90=125, 99=167, 99.9=401, 99.99=2681] [UPDATE: Count=632, Max=2977, Min=172, Avg=273.46, 90=333, 99=411, 99.9=2977, 99.99=2977] 
2026-04-29 15:25:55:301 8 sec: 86634 operations; 13188 current ops/sec; [READ: Count=12544, Max=2629, Min=5, Avg=63.98, 90=123, 99=153, 99.9=237, 99.99=2627] [UPDATE: Count=646, Max=3009, Min=178, Avg=272.8, 90=337, 99=390, 99.9=3009, 99.99=3009] 
2026-04-29 15:25:56:301 9 sec: 99581 operations; 12947 current ops/sec; [READ: Count=12320, Max=2821, Min=4, Avg=65.04, 90=126, 99=172, 99.9=382, 99.99=2793] [UPDATE: Count=630, Max=1395, Min=175, Avg=281.73, 90=351, 99=444, 99.9=1395, 99.99=1395] 
2026-04-29 15:25:57:301 10 sec: 112788 operations; 13207 current ops/sec; [READ: Count=12565, Max=3245, Min=5, Avg=64.31, 90=124, 99=158, 99.9=375, 99.99=2655] [UPDATE: Count=633, Max=811, Min=179, Avg=268.97, 90=334, 99=426, 99.9=811, 99.99=811] 
2026-04-29 15:25:58:301 11 sec: 122529 operations; 9741 current ops/sec; [READ: Count=9297, Max=2641, Min=4, Avg=73.31, 90=148, 99=198, 99.9=1171, 99.99=2641] [UPDATE: Count=447, Max=75455, Min=181, Avg=675.14, 90=1337, 99=2527, 99.9=75455, 99.99=75455] 
2026-04-29 15:25:59:301 12 sec: 134578 operations; 12049 current ops/sec; [READ: Count=11409, Max=2689, Min=4, Avg=65.3, 90=129, 99=180, 99.9=494, 99.99=2625] [UPDATE: Count=642, Max=62303, Min=174, Avg=368.39, 90=348, 99=443, 99.9=62303, 99.99=62303] 
2026-04-29 15:26:00:301 13 sec: 146191 operations; 11613 current ops/sec; [READ: Count=11003, Max=8063, Min=5, Avg=72.96, 90=135, 99=191, 99.9=1511, 99.99=6335] [UPDATE: Count=608, Max=3813, Min=163, Avg=296.36, 90=365, 99=703, 99.9=3813, 99.99=3813] 
2026-04-29 15:26:01:301 14 sec: 158226 operations; 12035 current ops/sec; [READ: Count=11459, Max=2851, Min=5, Avg=71.3, 90=135, 99=187, 99.9=409, 99.99=2657] [UPDATE: Count=581, Max=2915, Min=167, Avg=281.96, 90=346, 99=453, 99.9=2915, 99.99=2915] 
2026-04-29 15:26:01:993 - NewTail completed: 
2026-04-29 15:26:02:301 15 sec: 171028 operations; 12802 current ops/sec; [READ: Count=12150, Max=3019, Min=5, Avg=66.49, 90=129, 99=185, 99.9=391, 99.99=2707] [UPDATE: Count=650, Max=1298, Min=168, Avg=269.79, 90=346, 99=442, 99.9=1298, 99.99=1298] 
2026-04-29 15:26:03:301 16 sec: 180794 operations; 9766 current ops/sec; [READ: Count=9296, Max=2917, Min=5, Avg=64.34, 90=128, 99=165, 99.9=442, 99.99=2917] [UPDATE: Count=463, Max=74239, Min=176, Avg=838.12, 90=360, 99=10927, 99.9=74239, 99.99=74239] 
2026-04-29 15:26:04:301 17 sec: 183257 operations; 2463 current ops/sec; [READ: Count=2341, Max=595, Min=5, Avg=67.24, 90=128, 99=201, 99.9=527, 99.99=595] [UPDATE: Count=122, Max=12295, Min=1373, Avg=6867.69, 90=8711, 99=10927, 99.9=12295, 99.99=12295] 
2026-04-29 15:26:05:301 18 sec: 188730 operations; 5473 current ops/sec; [READ: Count=5199, Max=2809, Min=5, Avg=66.89, 90=135, 99=191, 99.9=443, 99.99=2809] [UPDATE: Count=277, Max=19327, Min=170, Avg=2336.5, 90=6207, 99=18559, 99.9=19327, 99.99=19327] 
2026-04-29 15:26:06:301 19 sec: 201675 operations; 12945 current ops/sec; [READ: Count=12300, Max=2801, Min=5, Avg=66.05, 90=130, 99=182, 99.9=1019, 99.99=2645] [UPDATE: Count=643, Max=908, Min=161, Avg=266.24, 90=344, 99=422, 99.9=908, 99.99=908] 
2026-04-29 15:26:07:301 20 sec: 213010 operations; 11335 current ops/sec; [READ: Count=10755, Max=51391, Min=5, Avg=70.55, 90=129, 99=176, 99.9=795, 99.99=3041] [UPDATE: Count=581, Max=70655, Min=159, Avg=390.3, 90=337, 99=521, 99.9=70655, 99.99=70655] 
2026-04-29 15:26:08:301 21 sec: 222717 operations; 9707 current ops/sec; [READ: Count=9234, Max=2873, Min=5, Avg=75.77, 90=149, 99=204, 99.9=884, 99.99=2873] [UPDATE: Count=471, Max=57279, Min=164, Avg=604.72, 90=399, 99=5967, 99.9=57279, 99.99=57279] 
2026-04-29 15:26:09:301 22 sec: 232380 operations; 9663 current ops/sec; [READ: Count=9140, Max=2501, Min=5, Avg=66.3, 90=129, 99=170, 99.9=561, 99.99=2501] [UPDATE: Count=528, Max=7291, Min=160, Avg=727.05, 90=1104, 99=6207, 99.9=7291, 99.99=7291] 
2026-04-29 15:26:09:898 - NewTail completed: 
2026-04-29 15:26:10:301 23 sec: 244166 operations; 11786 current ops/sec; [READ: Count=11202, Max=3393, Min=5, Avg=73.24, 90=142, 99=195, 99.9=989, 99.99=2941] [UPDATE: Count=584, Max=2313, Min=155, Avg=280.62, 90=364, 99=426, 99.9=2313, 99.99=2313] 
2026-04-29 15:26:11:301 24 sec: 257086 operations; 12920 current ops/sec; [READ: Count=12194, Max=2709, Min=5, Avg=65.6, 90=130, 99=167, 99.9=469, 99.99=2563] [UPDATE: Count=721, Max=433, Min=159, Avg=252.33, 90=321, 99=387, 99.9=433, 99.99=433] 
2026-04-29 15:26:12:301 25 sec: 269894 operations; 12808 current ops/sec; [READ: Count=12147, Max=3837, Min=5, Avg=66.67, 90=132, 99=177, 99.9=266, 99.99=3047] [UPDATE: Count=661, Max=2417, Min=154, Avg=264.73, 90=342, 99=418, 99.9=2417, 99.99=2417] 
2026-04-29 15:26:12:808 - NewTail completed: 
2026-04-29 15:26:13:301 26 sec: 279866 operations; 9972 current ops/sec; [READ: Count=9469, Max=3237, Min=5, Avg=79.77, 90=165, 99=214, 99.9=2215, 99.99=3237] [UPDATE: Count=504, Max=70335, Min=173, Avg=458.13, 90=410, 99=523, 99.9=70335, 99.99=70335] 
2026-04-29 15:26:14:301 27 sec: 290935 operations; 11069 current ops/sec; [READ: Count=10525, Max=8151, Min=5, Avg=76.33, 90=141, 99=200, 99.9=1374, 99.99=2779] [UPDATE: Count=545, Max=1353, Min=174, Avg=334.3, 90=483, 99=998, 99.9=1353, 99.99=1353] 
2026-04-29 15:26:15:301 28 sec: 302136 operations; 11201 current ops/sec; [READ: Count=10639, Max=4991, Min=5, Avg=76.53, 90=148, 99=203, 99.9=1776, 99.99=3611] [UPDATE: Count=562, Max=2539, Min=181, Avg=302.78, 90=388, 99=526, 99.9=2539, 99.99=2539] 
2026-04-29 15:26:16:301 29 sec: 314157 operations; 12021 current ops/sec; [READ: Count=11461, Max=3431, Min=5, Avg=71.64, 90=139, 99=200, 99.9=890, 99.99=3249] [UPDATE: Count=561, Max=1413, Min=178, Avg=290.53, 90=376, 99=475, 99.9=1413, 99.99=1413] 
2026-04-29 15:26:17:301 30 sec: 326852 operations; 12695 current ops/sec; [READ: Count=12038, Max=3015, Min=5, Avg=67, 90=133, 99=186, 99.9=401, 99.99=2673] [UPDATE: Count=655, Max=573, Min=168, Avg=271.07, 90=344, 99=453, 99.9=573, 99.99=573] 
2026-04-29 15:26:18:301 31 sec: 339447 operations; 12595 current ops/sec; [READ: Count=11954, Max=3337, Min=5, Avg=67.47, 90=133, 99=185, 99.9=411, 99.99=3263] [UPDATE: Count=646, Max=2997, Min=165, Avg=274.48, 90=357, 99=461, 99.9=2997, 99.99=2997] 
2026-04-29 15:26:19:301 32 sec: 351428 operations; 11981 current ops/sec; [READ: Count=11384, Max=2805, Min=5, Avg=64.5, 90=130, 99=165, 99.9=387, 99.99=2635] [UPDATE: Count=598, Max=73471, Min=175, Avg=420.37, 90=354, 99=973, 99.9=73471, 99.99=73471] 
2026-04-29 15:26:20:301 33 sec: 363749 operations; 12321 current ops/sec; [READ: Count=11703, Max=8807, Min=5, Avg=69.87, 90=135, 99=183, 99.9=706, 99.99=2555] [UPDATE: Count=613, Max=502, Min=170, Avg=272, 90=347, 99=431, 99.9=502, 99.99=502] 
2026-04-29 15:26:21:301 34 sec: 376679 operations; 12930 current ops/sec; [READ: Count=12297, Max=9583, Min=5, Avg=66.2, 90=131, 99=177, 99.9=452, 99.99=3335] [UPDATE: Count=641, Max=517, Min=175, Avg=265.34, 90=338, 99=440, 99.9=517, 99.99=517] 
2026-04-29 15:26:22:301 35 sec: 389681 operations; 13002 current ops/sec; [READ: Count=12394, Max=3127, Min=5, Avg=65.7, 90=134, 99=172, 99.9=692, 99.99=2765] [UPDATE: Count=601, Max=3407, Min=172, Avg=281.94, 90=355, 99=470, 99.9=3407, 99.99=3407] 
2026-04-29 15:26:23:301 36 sec: 402421 operations; 12740 current ops/sec; [READ: Count=12111, Max=3045, Min=5, Avg=66.75, 90=135, 99=196, 99.9=458, 99.99=2933] [UPDATE: Count=629, Max=1170, Min=176, Avg=278.91, 90=365, 99=453, 99.9=1170, 99.99=1170] 
2026-04-29 15:26:24:301 37 sec: 413489 operations; 11068 current ops/sec; [READ: Count=10537, Max=3021, Min=5, Avg=65.94, 90=133, 99=184, 99.9=443, 99.99=2301] [UPDATE: Count=533, Max=72511, Min=167, Avg=546.62, 90=798, 99=1323, 99.9=72511, 99.99=72511] 
2026-04-29 15:26:25:301 38 sec: 424121 operations; 10632 current ops/sec; [READ: Count=10103, Max=2785, Min=5, Avg=74.7, 90=152, 99=202, 99.9=444, 99.99=2729] [UPDATE: Count=525, Max=76607, Min=190, Avg=439.75, 90=386, 99=445, 99.9=76607, 99.99=76607] 
2026-04-29 15:26:26:301 39 sec: 436573 operations; 12452 current ops/sec; [READ: Count=11820, Max=6151, Min=5, Avg=68.8, 90=136, 99=173, 99.9=1340, 99.99=2671] [UPDATE: Count=635, Max=437, Min=174, Avg=270.22, 90=342, 99=393, 99.9=437, 99.99=437] 
2026-04-29 15:26:27:301 40 sec: 448909 operations; 12336 current ops/sec; [READ: Count=11742, Max=12431, Min=5, Avg=70.24, 90=136, 99=186, 99.9=1033, 99.99=3863] [UPDATE: Count=592, Max=556, Min=168, Avg=270.17, 90=342, 99=414, 99.9=556, 99.99=556] 
2026-04-29 15:26:28:301 41 sec: 459573 operations; 10664 current ops/sec; [READ: Count=10154, Max=2907, Min=5, Avg=74.91, 90=150, 99=214, 99.9=763, 99.99=2717] [UPDATE: Count=511, Max=76991, Min=181, Avg=439.5, 90=389, 99=480, 99.9=76991, 99.99=76991] 
2026-04-29 15:26:29:301 42 sec: 469957 operations; 10384 current ops/sec; [READ: Count=9886, Max=4319, Min=5, Avg=70.04, 90=139, 99=208, 99.9=1727, 99.99=4319] [UPDATE: Count=498, Max=76095, Min=172, Avg=590.62, 90=856, 99=1371, 99.9=76095, 99.99=76095] 
2026-04-29 15:26:30:301 43 sec: 482102 operations; 12145 current ops/sec; [READ: Count=11534, Max=3255, Min=5, Avg=70.54, 90=142, 99=193, 99.9=857, 99.99=2745] [UPDATE: Count=611, Max=4371, Min=168, Avg=280.03, 90=346, 99=465, 99.9=4371, 99.99=4371] 
2026-04-29 15:26:31:301 44 sec: 493926 operations; 11824 current ops/sec; [READ: Count=11218, Max=2863, Min=5, Avg=68.97, 90=138, 99=201, 99.9=705, 99.99=2539] [UPDATE: Count=606, Max=42911, Min=172, Avg=348.22, 90=354, 99=454, 99.9=42911, 99.99=42911] 
2026-04-29 15:26:32:301 45 sec: 505299 operations; 11373 current ops/sec; [READ: Count=10804, Max=11215, Min=5, Avg=75.91, 90=146, 99=207, 99.9=1766, 99.99=2607] [UPDATE: Count=569, Max=1924, Min=169, Avg=289.7, 90=374, 99=486, 99.9=1924, 99.99=1924] 
2026-04-29 15:26:33:301 46 sec: 516816 operations; 11517 current ops/sec; [READ: Count=10933, Max=2953, Min=5, Avg=75.03, 90=147, 99=212, 99.9=1737, 99.99=2937] [UPDATE: Count=583, Max=730, Min=174, Avg=282.42, 90=372, 99=479, 99.9=730, 99.99=730] 
2026-04-29 15:26:34:301 47 sec: 526120 operations; 9304 current ops/sec; [READ: Count=8842, Max=2623, Min=5, Avg=83.08, 90=168, 99=231, 99.9=798, 99.99=2623] [UPDATE: Count=461, Max=74303, Min=172, Avg=546.48, 90=631, 99=1481, 99.9=74303, 99.99=74303] 
2026-04-29 15:26:35:301 48 sec: 538634 operations; 12514 current ops/sec; [READ: Count=11893, Max=2841, Min=5, Avg=68.32, 90=136, 99=172, 99.9=1690, 99.99=2689] [UPDATE: Count=624, Max=2883, Min=176, Avg=276.34, 90=341, 99=461, 99.9=2883, 99.99=2883] 
2026-04-29 15:26:36:301 49 sec: 550361 operations; 11727 current ops/sec; [READ: Count=11168, Max=2615, Min=5, Avg=73.78, 90=146, 99=217, 99.9=432, 99.99=2543] [UPDATE: Count=561, Max=2403, Min=173, Avg=286.3, 90=378, 99=492, 99.9=2403, 99.99=2403] 
2026-04-29 15:26:37:301 50 sec: 563031 operations; 12670 current ops/sec; [READ: Count=12067, Max=3079, Min=5, Avg=67.39, 90=137, 99=172, 99.9=379, 99.99=3029] [UPDATE: Count=597, Max=2647, Min=171, Avg=273.01, 90=347, 99=403, 99.9=2647, 99.99=2647] 
2026-04-29 15:26:38:301 51 sec: 573983 operations; 10952 current ops/sec; [READ: Count=10402, Max=8255, Min=5, Avg=76.17, 90=150, 99=220, 99.9=739, 99.99=2347] [UPDATE: Count=554, Max=43551, Min=169, Avg=363.12, 90=374, 99=483, 99.9=43551, 99.99=43551] 
2026-04-29 15:26:39:301 52 sec: 582161 operations; 8178 current ops/sec; [READ: Count=7805, Max=2499, Min=5, Avg=88.43, 90=180, 99=247, 99.9=1724, 99.99=2499] [UPDATE: Count=373, Max=77247, Min=211, Avg=797.02, 90=998, 99=1789, 99.9=77247, 99.99=77247] 
2026-04-29 15:26:40:301 53 sec: 593835 operations; 11674 current ops/sec; [READ: Count=11084, Max=2785, Min=5, Avg=72.78, 90=143, 99=204, 99.9=473, 99.99=2621] [UPDATE: Count=588, Max=1406, Min=187, Avg=303.51, 90=388, 99=823, 99.9=1406, 99.99=1406] 
2026-04-29 15:26:41:301 54 sec: 605857 operations; 12022 current ops/sec; [READ: Count=11412, Max=2783, Min=5, Avg=70.79, 90=140, 99=181, 99.9=454, 99.99=2781] [UPDATE: Count=612, Max=5691, Min=184, Avg=289.51, 90=348, 99=434, 99.9=5691, 99.99=5691] 
2026-04-29 15:26:42:301 55 sec: 618178 operations; 12321 current ops/sec; [READ: Count=11693, Max=3761, Min=5, Avg=69.27, 90=140, 99=184, 99.9=862, 99.99=2763] [UPDATE: Count=630, Max=2727, Min=179, Avg=277.24, 90=349, 99=424, 99.9=2727, 99.99=2727] 
2026-04-29 15:26:43:301 56 sec: 628882 operations; 10704 current ops/sec; [READ: Count=10141, Max=3981, Min=5, Avg=79.88, 90=162, 99=228, 99.9=1789, 99.99=2907] [UPDATE: Count=559, Max=3923, Min=172, Avg=313.33, 90=416, 99=505, 99.9=3923, 99.99=3923] 
2026-04-29 15:26:44:301 57 sec: 638511 operations; 9629 current ops/sec; [READ: Count=9172, Max=7203, Min=5, Avg=78.09, 90=154, 99=225, 99.9=1807, 99.99=7203] [UPDATE: Count=459, Max=68479, Min=168, Avg=589.23, 90=917, 99=2367, 99.9=68479, 99.99=68479] 
2026-04-29 15:26:45:301 58 sec: 650500 operations; 11989 current ops/sec; [READ: Count=11399, Max=2537, Min=5, Avg=72.4, 90=140, 99=195, 99.9=810, 99.99=2465] [UPDATE: Count=591, Max=478, Min=173, Avg=271.48, 90=346, 99=442, 99.9=478, 99.99=478] 
2026-04-29 15:26:46:301 59 sec: 663116 operations; 12616 current ops/sec; [READ: Count=12013, Max=2563, Min=5, Avg=67.98, 90=137, 99=173, 99.9=398, 99.99=2555] [UPDATE: Count=602, Max=2581, Min=171, Avg=279.87, 90=353, 99=421, 99.9=2581, 99.99=2581] 
2026-04-29 15:26:47:301 60 sec: 675414 operations; 12298 current ops/sec; [READ: Count=11702, Max=2665, Min=5, Avg=69.65, 90=140, 99=175, 99.9=1474, 99.99=2631] [UPDATE: Count=594, Max=9991, Min=184, Avg=286.31, 90=345, 99=406, 99.9=9991, 99.99=9991] 
2026-04-29 15:26:48:301 61 sec: 687762 operations; 12348 current ops/sec; [READ: Count=11737, Max=2735, Min=5, Avg=69.56, 90=141, 99=198, 99.9=382, 99.99=2613] [UPDATE: Count=611, Max=2695, Min=180, Avg=276, 90=349, 99=413, 99.9=2695, 99.99=2695] 
2026-04-29 15:26:49:301 62 sec: 697946 operations; 10184 current ops/sec; [READ: Count=9699, Max=3159, Min=5, Avg=68.06, 90=142, 99=184, 99.9=410, 99.99=3159] [UPDATE: Count=484, Max=77055, Min=175, Avg=676.32, 90=372, 99=9039, 99.9=77055, 99.99=77055] 
2026-04-29 15:26:50:301 63 sec: 700183 operations; 2237 current ops/sec; [READ: Count=2125, Max=564, Min=5, Avg=74.07, 90=149, 99=294, 99.9=514, 99.99=564] [UPDATE: Count=111, Max=15175, Min=2414, Avg=7540.91, 90=9343, 99=13903, 99.9=15175, 99.99=15175] 
2026-04-29 15:26:51:301 64 sec: 706572 operations; 6389 current ops/sec; [READ: Count=6064, Max=2621, Min=5, Avg=81.86, 90=170, 99=247, 99.9=543, 99.99=2621] [UPDATE: Count=325, Max=8871, Min=173, Avg=1452.94, 90=6455, 99=8431, 99.9=8871, 99.99=8871] 
2026-04-29 15:26:52:301 65 sec: 717952 operations; 11380 current ops/sec; [READ: Count=10800, Max=2421, Min=5, Avg=70.38, 90=141, 99=199, 99.9=721, 99.99=2363] [UPDATE: Count=582, Max=78591, Min=176, Avg=430.05, 90=363, 99=465, 99.9=78591, 99.99=78591] 
2026-04-29 15:26:53:301 66 sec: 729387 operations; 11435 current ops/sec; [READ: Count=10894, Max=11551, Min=5, Avg=76.17, 90=147, 99=223, 99.9=1916, 99.99=3175] [UPDATE: Count=541, Max=546, Min=176, Avg=287.64, 90=369, 99=492, 99.9=546, 99.99=546] 
2026-04-29 15:26:54:301 67 sec: 740878 operations; 11491 current ops/sec; [READ: Count=10922, Max=2929, Min=5, Avg=67.32, 90=137, 99=176, 99.9=432, 99.99=2923] [UPDATE: Count=567, Max=54271, Min=170, Avg=437.18, 90=349, 99=5527, 99.9=54271, 99.99=54271] 
2026-04-29 15:26:55:301 68 sec: 743370 operations; 2492 current ops/sec; [READ: Count=2358, Max=717, Min=5, Avg=69.88, 90=140, 99=246, 99.9=594, 99.99=717] [UPDATE: Count=134, Max=52863, Min=1267, Avg=6199.32, 90=7131, 99=14727, 99.9=52863, 99.99=52863] 
2026-04-29 15:26:56:301 69 sec: 753196 operations; 9826 current ops/sec; [READ: Count=9318, Max=2887, Min=5, Avg=70.85, 90=143, 99=203, 99.9=563, 99.99=2887] [UPDATE: Count=512, Max=9503, Min=172, Avg=647.82, 90=902, 99=6519, 99.9=9503, 99.99=9503] 
2026-04-29 15:26:57:301 70 sec: 765337 operations; 12141 current ops/sec; [READ: Count=11489, Max=2743, Min=5, Avg=70.38, 90=142, 99=200, 99.9=387, 99.99=2603] [UPDATE: Count=650, Max=2637, Min=163, Avg=271.02, 90=353, 99=455, 99.9=2637, 99.99=2637] 
2026-04-29 15:26:58:301 71 sec: 776523 operations; 11186 current ops/sec; [READ: Count=10605, Max=3031, Min=5, Avg=76.58, 90=155, 99=236, 99.9=470, 99.99=2945] [UPDATE: Count=579, Max=2855, Min=171, Avg=298.17, 90=411, 99=505, 99.9=2855, 99.99=2855] 
2026-04-29 15:26:59:301 72 sec: 785676 operations; 9153 current ops/sec; [READ: Count=8672, Max=7875, Min=5, Avg=90.11, 90=183, 99=252, 99.9=2171, 99.99=7875] [UPDATE: Count=484, Max=48415, Min=180, Avg=423.58, 90=426, 99=515, 99.9=48415, 99.99=48415] 
2026-04-29 15:27:00:301 73 sec: 794519 operations; 8843 current ops/sec; [READ: Count=8394, Max=5827, Min=5, Avg=89.94, 90=175, 99=258, 99.9=1728, 99.99=5827] [UPDATE: Count=449, Max=56767, Min=176, Avg=516.77, 90=630, 99=1432, 99.9=56767, 99.99=56767] 
2026-04-29 15:27:01:301 74 sec: 805511 operations; 10992 current ops/sec; [READ: Count=10415, Max=2571, Min=5, Avg=79.19, 90=155, 99=228, 99.9=940, 99.99=2531] [UPDATE: Count=574, Max=522, Min=168, Avg=278.86, 90=368, 99=499, 99.9=522, 99.99=522] 
2026-04-29 15:27:02:301 75 sec: 816426 operations; 10915 current ops/sec; [READ: Count=10392, Max=3051, Min=5, Avg=74.41, 90=149, 99=213, 99.9=693, 99.99=2975] [UPDATE: Count=526, Max=63647, Min=168, Avg=404.74, 90=370, 99=448, 99.9=63647, 99.99=63647] 
2026-04-29 15:27:03:301 76 sec: 828660 operations; 12234 current ops/sec; [READ: Count=11596, Max=2821, Min=5, Avg=69.42, 90=142, 99=192, 99.9=805, 99.99=2805] [UPDATE: Count=636, Max=2843, Min=173, Avg=282.55, 90=356, 99=439, 99.9=2843, 99.99=2843] 
2026-04-29 15:27:04:301 77 sec: 840403 operations; 11743 current ops/sec; [READ: Count=11187, Max=2779, Min=5, Avg=73.5, 90=148, 99=214, 99.9=489, 99.99=2739] [UPDATE: Count=558, Max=2895, Min=172, Avg=291.2, 90=378, 99=462, 99.9=2895, 99.99=2895] 
2026-04-29 15:27:05:301 78 sec: 849105 operations; 8702 current ops/sec; [READ: Count=8255, Max=2725, Min=5, Avg=90.83, 90=189, 99=259, 99.9=1807, 99.99=2725] [UPDATE: Count=446, Max=72959, Min=178, Avg=531.6, 90=450, 99=1241, 99.9=72959, 99.99=72959] 
2026-04-29 15:27:06:301 79 sec: 861299 operations; 12194 current ops/sec; [READ: Count=11599, Max=8231, Min=6, Avg=70.63, 90=142, 99=185, 99.9=487, 99.99=2581] [UPDATE: Count=594, Max=1519, Min=177, Avg=279.8, 90=357, 99=420, 99.9=1519, 99.99=1519] 
2026-04-29 15:27:07:301 80 sec: 873057 operations; 11758 current ops/sec; [READ: Count=11219, Max=18623, Min=5, Avg=73.98, 90=148, 99=220, 99.9=542, 99.99=3209] [UPDATE: Count=540, Max=2689, Min=176, Avg=286.46, 90=372, 99=463, 99.9=2689, 99.99=2689] 
2026-04-29 15:27:08:301 81 sec: 884987 operations; 11930 current ops/sec; [READ: Count=11339, Max=2807, Min=6, Avg=71.38, 90=148, 99=201, 99.9=461, 99.99=2791] [UPDATE: Count=594, Max=11207, Min=172, Avg=295.57, 90=354, 99=455, 99.9=11207, 99.99=11207] 
2026-04-29 15:27:09:301 82 sec: 897272 operations; 12285 current ops/sec; [READ: Count=11648, Max=3027, Min=5, Avg=69.44, 90=145, 99=195, 99.9=425, 99.99=2891] [UPDATE: Count=639, Max=2495, Min=173, Avg=275.22, 90=363, 99=451, 99.9=2495, 99.99=2495] 
2026-04-29 15:27:10:301 83 sec: 907454 operations; 10182 current ops/sec; [READ: Count=9702, Max=2885, Min=5, Avg=72.74, 90=149, 99=233, 99.9=604, 99.99=2885] [UPDATE: Count=476, Max=68223, Min=175, Avg=590.93, 90=931, 99=1339, 99.9=68223, 99.99=68223] 
2026-04-29 15:27:11:301 84 sec: 918271 operations; 10817 current ops/sec; [READ: Count=10292, Max=3033, Min=5, Avg=77.32, 90=159, 99=223, 99.9=357, 99.99=2829] [UPDATE: Count=527, Max=38559, Min=162, Avg=359.16, 90=382, 99=473, 99.9=38559, 99.99=38559] 
2026-04-29 15:27:12:301 85 sec: 930281 operations; 12010 current ops/sec; [READ: Count=11416, Max=6631, Min=6, Avg=72.09, 90=146, 99=197, 99.9=1047, 99.99=2489] [UPDATE: Count=592, Max=2423, Min=169, Avg=273.88, 90=346, 99=432, 99.9=2423, 99.99=2423] 
2026-04-29 15:27:13:301 86 sec: 942374 operations; 12093 current ops/sec; [READ: Count=11533, Max=3325, Min=6, Avg=71.62, 90=143, 99=195, 99.9=576, 99.99=2825] [UPDATE: Count=562, Max=7179, Min=166, Avg=283.24, 90=348, 99=466, 99.9=7179, 99.99=7179] 
2026-04-29 15:27:14:301 87 sec: 954188 operations; 11814 current ops/sec; [READ: Count=11196, Max=2701, Min=6, Avg=71.55, 90=146, 99=218, 99.9=811, 99.99=2699] [UPDATE: Count=616, Max=5979, Min=179, Avg=298.6, 90=368, 99=546, 99.9=5979, 99.99=5979] 
2026-04-29 15:27:15:301 88 sec: 964234 operations; 10046 current ops/sec; [READ: Count=9516, Max=2707, Min=6, Avg=72.92, 90=147, 99=218, 99.9=1154, 99.99=2707] [UPDATE: Count=529, Max=69119, Min=188, Avg=554.82, 90=558, 99=1244, 99.9=69119, 99.99=69119] 
2026-04-29 15:27:16:301 89 sec: 976585 operations; 12351 current ops/sec; [READ: Count=11781, Max=2959, Min=5, Avg=70.18, 90=143, 99=188, 99.9=450, 99.99=2787] [UPDATE: Count=570, Max=469, Min=176, Avg=278.47, 90=361, 99=413, 99.9=469, 99.99=469] 
2026-04-29 15:27:17:301 90 sec: 989076 operations; 12491 current ops/sec; [READ: Count=11858, Max=2929, Min=6, Avg=68, 90=142, 99=185, 99.9=448, 99.99=2641] [UPDATE: Count=633, Max=4735, Min=172, Avg=282.32, 90=355, 99=429, 99.9=4735, 99.99=4735] 
Maximum time elapsed. Requesting stop for the workload.
Stop requested for workload. Now Joining!
[OZONEDB-PROFILE] reads=989096  avg_total=69.79us  view=5.52us(7.9%)  log=3.41us(4.9%)  sst=92.04us_per_call x 651689_calls(86.9%_of_total)
[OZONEDB-SST-PROFILE] level | time_total_ms | enters | range_rejects | table_gets | hits
[OZONEDB-SST-PROFILE] L1  |     12827.20 |  2546755 |       203586 |    2343169 | 161558
[OZONEDB-SST-PROFILE] L2  |      9335.79 |  1696859 |       425914 |    1270945 |  90049
[OZONEDB-SST-PROFILE] L3  |      2743.87 |   799438 |       399358 |     400080 |  26231
[OZONEDB-SST-PROFILE] L4  |      2718.39 |   746486 |       372643 |     373843 |  26785
[OZONEDB-SST-PROFILE] L5  |      2605.77 |   693119 |       346074 |     347045 |  26696
[OZONEDB-SST-PROFILE] L6  |      2553.34 |   639911 |       319550 |     320361 |  26800
[OZONEDB-SST-PROFILE] L7  |     26743.86 |  1013907 |           36 |    1013871 | 293570
[OZONEDB-TBL-PROFILE] file_filter_reject=5359442  block_filter_reject=57512  index_invalid=0  block_read_more=560253  hit_from_cache=92107  miss_after_read=671  found=651689
2026-04-29 15:27:17:390 90 sec: 989096 operations; 224.72 current ops/sec; [READ: Count=18, Max=191, Min=8, Avg=82.39, 90=137, 99=191, 99.9=191, 99.99=191] [CLEANUP: Count=1, Max=86975, Min=86912, Avg=86944, 90=86975, 99=86975, 99.9=86975, 99.99=86975] [UPDATE: Count=0, Max=0, Min=0, Avg=0, 90=0, 99=0, 99.9=0, 99.99=0] 
[OVERALL], RunTime(ms), 90089
[OVERALL], Throughput(ops/sec), 10979.09844709121
[TOTAL_GCS_PS_Scavenge], Count, 6
[TOTAL_GC_TIME_PS_Scavenge], Time(ms), 29
[TOTAL_GC_TIME_%_PS_Scavenge], Time(%), 0.032190389503712995
[TOTAL_GCS_PS_MarkSweep], Count, 0
[TOTAL_GC_TIME_PS_MarkSweep], Time(ms), 0
[TOTAL_GC_TIME_%_PS_MarkSweep], Time(%), 0.0
[TOTAL_GCs], Count, 6
[TOTAL_GC_TIME], Time(ms), 29
[TOTAL_GC_TIME_%], Time(%), 0.032190389503712995
[READ], Operations, 939918
[READ], AverageLatency(us), 71.85479371604757
[READ], MinLatency(us), 4
[READ], MaxLatency(us), 61823
[READ], 95thPercentileLatency(us), 159
[READ], 99thPercentileLatency(us), 204
[READ], Return=OK, 939918
[CLEANUP], Operations, 1
[CLEANUP], AverageLatency(us), 86944.0
[CLEANUP], MinLatency(us), 86912
[CLEANUP], MaxLatency(us), 86975
[CLEANUP], 95thPercentileLatency(us), 86975
[CLEANUP], 99thPercentileLatency(us), 86975
[UPDATE], Operations, 49178
[UPDATE], AverageLatency(us), 422.41447395176704
[UPDATE], MinLatency(us), 154
[UPDATE], MaxLatency(us), 78591
[UPDATE], 95thPercentileLatency(us), 461
[UPDATE], 99thPercentileLatency(us), 5579
[UPDATE], Return=OK, 49178
	Command being timed: "/usr/lib/jvm/java-8-openjdk-amd64/bin/java -cp /users/Xinying/ozonedb/ycsb/ozonedb/conf:/users/Xinying/ozonedb/ycsb/ozonedb/target/ozonedb-binding-0.18.0-SNAPSHOT.jar:/users/Xinying/.m2/repository/org/apache/htrace/htrace-core4/4.1.0-incubating/htrace-core4-4.1.0-incubating.jar:/users/Xinying/.m2/repository/org/slf4j/slf4j-api/1.7.25/slf4j-api-1.7.25.jar:/users/Xinying/.m2/repository/org/hdrhistogram/HdrHistogram/2.1.12/HdrHistogram-2.1.12.jar:/users/Xinying/.m2/repository/ch/qos/logback/logback-classic/1.2.3/logback-classic-1.2.3.jar:/users/Xinying/.m2/repository/ozonedbjnimaven/demoproc-jni/1.0/demoproc-jni-1.0.jar:/users/Xinying/.m2/repository/ch/qos/logback/logback-core/1.2.3/logback-core-1.2.3.jar:/users/Xinying/.m2/repository/org/codehaus/jackson/jackson-mapper-asl/1.9.4/jackson-mapper-asl-1.9.4.jar:/users/Xinying/.m2/repository/org/slf4j/slf4j-simple/1.7.25/slf4j-simple-1.7.25.jar:/users/Xinying/.m2/repository/org/codehaus/jackson/jackson-core-asl/1.9.4/jackson-core-asl-1.9.4.jar:/users/Xinying/ozonedb/ycsb/core/target/core-0.18.0-SNAPSHOT.jar site.ycsb.Client -db site.ycsb.db.OzoneDBClient -threads 1 -s -P /users/Xinying/ozonedb/ycsb/workloads/generated_workloads/workloadb_1KB_1000000_1000000 -p status.interval=1 -p maxexecutiontime=90 -p operationcount=0 -p shared_config=/tmp/phase1_ozonedb_configs/shared_config_SHARED_workloadb_p16_r1_proc15.json -t"
	User time (seconds): 48.36
	System time (seconds): 35.18
	Percent of CPU this job got: 89%
	Elapsed (wall clock) time (h:mm:ss or m:ss): 1:32.97
	Average shared text size (kbytes): 0
	Average unshared data size (kbytes): 0
	Average stack size (kbytes): 0
	Average total size (kbytes): 0
	Maximum resident set size (kbytes): 5262100
	Average resident set size (kbytes): 0
	Major (requiring I/O) page faults: 424
	Minor (reclaiming a frame) page faults: 1317981
	Voluntary context switches: 129298
	Involuntary context switches: 2304
	Swaps: 0
	File system inputs: 10869869
	File system outputs: 113333
	Socket messages sent: 0
	Socket messages received: 0
	Signals delivered: 0
	Page size (bytes): 4096
	Exit status: 0
