# CMD: /usr/bin/time -v /usr/lib/jvm/java-8-openjdk-amd64/bin/java -cp /users/Xinying/ozonedb/ycsb/ozonedb/conf:/users/Xinying/ozonedb/ycsb/ozonedb/target/ozonedb-binding-0.18.0-SNAPSHOT.jar:/users/Xinying/.m2/repository/org/apache/htrace/htrace-core4/4.1.0-incubating/htrace-core4-4.1.0-incubating.jar:/users/Xinying/.m2/repository/org/slf4j/slf4j-api/1.7.25/slf4j-api-1.7.25.jar:/users/Xinying/.m2/repository/org/hdrhistogram/HdrHistogram/2.1.12/HdrHistogram-2.1.12.jar:/users/Xinying/.m2/repository/ch/qos/logback/logback-classic/1.2.3/logback-classic-1.2.3.jar:/users/Xinying/.m2/repository/ozonedbjnimaven/demoproc-jni/1.0/demoproc-jni-1.0.jar:/users/Xinying/.m2/repository/ch/qos/logback/logback-core/1.2.3/logback-core-1.2.3.jar:/users/Xinying/.m2/repository/org/codehaus/jackson/jackson-mapper-asl/1.9.4/jackson-mapper-asl-1.9.4.jar:/users/Xinying/.m2/repository/org/slf4j/slf4j-simple/1.7.25/slf4j-simple-1.7.25.jar:/users/Xinying/.m2/repository/org/codehaus/jackson/jackson-core-asl/1.9.4/jackson-core-asl-1.9.4.jar:/users/Xinying/ozonedb/ycsb/core/target/core-0.18.0-SNAPSHOT.jar site.ycsb.Client -db site.ycsb.db.OzoneDBClient -threads 1 -s -P /users/Xinying/ozonedb/ycsb/workloads/generated_workloads/workloadf_1KB_1000000_1000000 -p status.interval=1 -p maxexecutiontime=90 -p operationcount=0 -p shared_config=/tmp/phase1_ozonedb_configs/shared_config_SHARED_workloadf_p16_r1_proc14.json -t
# shared_work_path=/tank/ycsb_data/multi-proc-run/shared_ozonedb  proc_id=14/16
Command line: -db site.ycsb.db.OzoneDBClient -threads 1 -s -P /users/Xinying/ozonedb/ycsb/workloads/generated_workloads/workloadf_1KB_1000000_1000000 -p status.interval=1 -p maxexecutiontime=90 -p operationcount=0 -p shared_config=/tmp/phase1_ozonedb_configs/shared_config_SHARED_workloadf_p16_r1_proc14.json -t
YCSB Client 0.18.0-SNAPSHOT

Loading workload...
Starting test.
SLF4J: Class path contains multiple SLF4J bindings.
SLF4J: Found binding in [jar:file:/users/Xinying/.m2/repository/ch/qos/logback/logback-classic/1.2.3/logback-classic-1.2.3.jar!/org/slf4j/impl/StaticLoggerBinder.class]
SLF4J: Found binding in [jar:file:/users/Xinying/.m2/repository/org/slf4j/slf4j-simple/1.7.25/slf4j-simple-1.7.25.jar!/org/slf4j/impl/StaticLoggerBinder.class]
SLF4J: See http://www.slf4j.org/codes.html#multiple_bindings for an explanation.
SLF4J: Actual binding is of type [ch.qos.logback.classic.util.ContextSelectorStaticBinder]
2026-04-29 15:45:32:910 0 sec: 0 operations; 
Maximum execution time specified as: 90 secs
Starting compaction watcher
DBWrapper: report latency for each error is false and specific error codes to track for latency are: []
2026-04-29 15:45:33:910 1 sec: 1505 operations; 1505 current ops/sec; [READ: Count=1509, Max=49471, Min=5, Avg=163.18, 90=191, 99=885, 99.9=8223, 99.99=49471] [READ-MODIFY-WRITE: Count=741, Max=155903, Min=212, Avg=803.24, 90=892, 99=3759, 99.9=155903, 99.99=155903] [UPDATE: Count=754, Max=94847, Min=193, Avg=577.14, 90=666, 99=2817, 99.9=94847, 99.99=94847] 
2026-04-29 15:45:34:910 2 sec: 4423 operations; 2918 current ops/sec; [READ: Count=2916, Max=22895, Min=5, Avg=118.14, 90=164, 99=262, 99.9=10063, 99.99=22895] [READ-MODIFY-WRITE: Count=1486, Max=85951, Min=187, Avg=523.95, 90=598, 99=1761, 99.9=12271, 99.99=85951] [UPDATE: Count=1476, Max=85183, Min=170, Avg=411.09, 90=440, 99=1228, 99.9=9383, 99.99=85183] 
2026-04-29 15:45:35:131 - NewTail completed: 
2026-04-29 15:45:35:910 3 sec: 7503 operations; 3080 current ops/sec; [READ: Count=3081, Max=9439, Min=5, Avg=113.81, 90=167, 99=323, 99.9=8671, 99.99=9439] [READ-MODIFY-WRITE: Count=1589, Max=11583, Min=185, Avg=514.69, 90=694, 99=1950, 99.9=10503, 99.99=11583] [UPDATE: Count=1588, Max=10383, Min=172, Avg=394.23, 90=551, 99=1447, 99.9=10311, 99.99=10383] 
2026-04-29 15:45:36:910 4 sec: 11111 operations; 3608 current ops/sec; [READ: Count=3606, Max=10671, Min=5, Avg=99.3, 90=157, 99=230, 99.9=7703, 99.99=10671] [READ-MODIFY-WRITE: Count=1816, Max=43167, Min=183, Avg=439.4, 90=534, 99=738, 99.9=11111, 99.99=43167] [UPDATE: Count=1816, Max=42751, Min=169, Avg=345.07, 90=401, 99=572, 99.9=11087, 99.99=42751] 
2026-04-29 15:45:37:224 - NewTail completed: 
2026-04-29 15:45:37:910 5 sec: 15096 operations; 3985 current ops/sec; [READ: Count=3986, Max=13199, Min=5, Avg=90.67, 90=150, 99=232, 99.9=7415, 99.99=13199] [READ-MODIFY-WRITE: Count=2045, Max=8011, Min=177, Avg=389.88, 90=523, 99=800, 99.9=6135, 99.99=8011] [UPDATE: Count=2045, Max=5979, Min=165, Avg=304.73, 90=397, 99=630, 99.9=2219, 99.99=5979] 
2026-04-29 15:45:38:910 6 sec: 17225 operations; 2129 current ops/sec; [READ: Count=2128, Max=10015, Min=5, Avg=92.07, 90=152, 99=243, 99.9=5095, 99.99=10015] [READ-MODIFY-WRITE: Count=1048, Max=112639, Min=188, Avg=867.18, 90=1380, 99=4045, 99.9=43583, 99.99=112639] [UPDATE: Count=1046, Max=111999, Min=170, Avg=758.47, 90=1276, 99=3497, 99.9=43327, 99.99=111999] 
2026-04-29 15:45:39:728 - NewTail completed: 
2026-04-29 15:45:39:732 - Compaction started: 
2026-04-29 15:45:39:910 7 sec: 20152 operations; 2927 current ops/sec; [READ: Count=2928, Max=57375, Min=5, Avg=111.28, 90=152, 99=220, 99.9=7591, 99.99=57375] [READ-MODIFY-WRITE: Count=1542, Max=57919, Min=170, Avg=567.29, 90=635, 99=5159, 99.9=24543, 99.99=57919] [UPDATE: Count=1545, Max=24271, Min=159, Avg=430, 90=546, 99=2959, 99.9=13671, 99.99=24271] 
140378606900800:Compacting datalog/39 datalog/40 into:sstable1/18716a66-5c14-425d-8c2a-8fab15f53419202604290945321777477539903520822.sst
2026-04-29 15:45:40:215 - Compaction completed: 
2026-04-29 15:45:40:729 - NewTail completed: 
2026-04-29 15:45:40:911 8 sec: 24206 operations; 4054 current ops/sec; [READ: Count=4053, Max=11743, Min=5, Avg=94.33, 90=154, 99=231, 99.9=6147, 99.99=11743] [READ-MODIFY-WRITE: Count=1989, Max=7683, Min=178, Avg=397.51, 90=529, 99=976, 99.9=6543, 99.99=7683] [UPDATE: Count=1986, Max=7659, Min=165, Avg=303.17, 90=391, 99=538, 99.9=4163, 99.99=7659] 
2026-04-29 15:45:41:910 9 sec: 28169 operations; 3963 current ops/sec; [READ: Count=3965, Max=7735, Min=5, Avg=85.79, 90=142, 99=206, 99.9=6835, 99.99=7735] [READ-MODIFY-WRITE: Count=1994, Max=43295, Min=179, Avg=413.98, 90=505, 99=712, 99.9=7947, 99.99=43295] [UPDATE: Count=1997, Max=43007, Min=170, Avg=324.13, 90=390, 99=538, 99.9=6599, 99.99=43007] 
2026-04-29 15:45:42:910 10 sec: 31865 operations; 3696 current ops/sec; [READ: Count=3694, Max=7755, Min=5, Avg=89.48, 90=144, 99=247, 99.9=7095, 99.99=7755] [READ-MODIFY-WRITE: Count=1848, Max=95423, Min=180, Avg=452.29, 90=517, 99=826, 99.9=8079, 99.99=95423] [UPDATE: Count=1847, Max=95167, Min=168, Avg=355.3, 90=391, 99=590, 99.9=6979, 99.99=95167] 
2026-04-29 15:45:43:835 - NewTail completed: 
2026-04-29 15:45:43:841 - Compaction started: 
2026-04-29 15:45:43:910 11 sec: 34624 operations; 2759 current ops/sec; [READ: Count=2759, Max=7411, Min=5, Avg=90.65, 90=155, 99=228, 99.9=6111, 99.99=7411] [READ-MODIFY-WRITE: Count=1407, Max=114751, Min=185, Avg=616.07, 90=868, 99=1473, 99.9=8887, 99.99=114751] [UPDATE: Count=1406, Max=114239, Min=171, Avg=525.36, 90=770, 99=1291, 99.9=8703, 99.99=114239] 
140378606900800:Compacting datalog/43 datalog/44 into:sstable1/18716a66-5c14-425d-8c2a-8fab15f53419202604290945321777477543966598226.sst
2026-04-29 15:45:44:294 - Compaction completed: 
2026-04-29 15:45:44:910 12 sec: 38225 operations; 3601 current ops/sec; [READ: Count=3601, Max=8071, Min=5, Avg=98.21, 90=160, 99=274, 99.9=6803, 99.99=8071] [READ-MODIFY-WRITE: Count=1796, Max=8527, Min=180, Avg=444.03, 90=591, 99=1404, 99.9=8031, 99.99=8527] [UPDATE: Count=1795, Max=7283, Min=171, Avg=341.41, 90=450, 99=1193, 99.9=6903, 99.99=7283] 
2026-04-29 15:45:45:838 - NewTail completed: 
2026-04-29 15:45:45:846 - Compaction started: 
2026-04-29 15:45:45:910 13 sec: 42123 operations; 3898 current ops/sec; [READ: Count=3899, Max=9719, Min=5, Avg=93.23, 90=151, 99=251, 99.9=6431, 99.99=9719] [READ-MODIFY-WRITE: Count=1944, Max=45215, Min=181, Avg=422.65, 90=535, 99=770, 99.9=10719, 99.99=45215] [UPDATE: Count=1945, Max=44863, Min=170, Avg=330.89, 90=400, 99=570, 99.9=10639, 99.99=44863] 
140378606900800:Compacting datalog/45 datalog/46 into:sstable1/18716a66-5c14-425d-8c2a-8fab15f53419202604290945321777477545963110326.sst
2026-04-29 15:45:46:268 - Compaction completed: 
2026-04-29 15:45:46:910 14 sec: 45966 operations; 3843 current ops/sec; [READ: Count=3844, Max=7103, Min=5, Avg=90.81, 90=159, 99=228, 99.9=6347, 99.99=7103] [READ-MODIFY-WRITE: Count=1924, Max=41023, Min=183, Avg=422.16, 90=534, 99=737, 99.9=8327, 99.99=41023] [UPDATE: Count=1925, Max=40671, Min=170, Avg=330.62, 90=393, 99=551, 99.9=8183, 99.99=40671] 
2026-04-29 15:45:47:748 - NewTail completed: 
2026-04-29 15:45:47:750 - Compaction started: 
2026-04-29 15:45:47:910 15 sec: 50083 operations; 4117 current ops/sec; [READ: Count=4116, Max=21039, Min=5, Avg=89.72, 90=149, 99=241, 99.9=5839, 99.99=21039] [READ-MODIFY-WRITE: Count=2120, Max=8695, Min=173, Avg=374.1, 90=506, 99=671, 99.9=7131, 99.99=8695] [UPDATE: Count=2119, Max=8399, Min=162, Avg=290.92, 90=378, 99=512, 99.9=947, 99.99=8399] 
140378606900800:Compacting datalog/47 datalog/48 into:sstable1/18716a66-5c14-425d-8c2a-8fab15f53419202604290945321777477547881537643.sst
2026-04-29 15:45:48:215 - Compaction completed: 
2026-04-29 15:45:48:910 16 sec: 52975 operations; 2892 current ops/sec; [READ: Count=2891, Max=8383, Min=5, Avg=98.43, 90=166, 99=280, 99.9=6827, 99.99=8383] [READ-MODIFY-WRITE: Count=1439, Max=107647, Min=187, Avg=584.81, 90=858, 99=1771, 99.9=7211, 99.99=107647] [UPDATE: Count=1438, Max=107455, Min=172, Avg=489.45, 90=751, 99=1573, 99.9=6983, 99.99=107455] 
2026-04-29 15:45:49:910 17 sec: 54880 operations; 1905 current ops/sec; [READ: Count=1905, Max=3739, Min=5, Avg=98.39, 90=175, 99=289, 99.9=3145, 99.99=3739] [READ-MODIFY-WRITE: Count=958, Max=34591, Min=214, Avg=938.22, 90=1413, 99=2575, 99.9=34591, 99.99=34591] [UPDATE: Count=959, Max=34303, Min=205, Avg=840.52, 90=1318, 99=1927, 99.9=34303, 99.99=34303] 
2026-04-29 15:45:50:444 - NewTail completed: 
2026-04-29 15:45:50:456 - Compaction started: 
140378606900800:Compacting datalog/49 datalog/50 into:sstable1/18716a66-5c14-425d-8c2a-8fab15f53419202604290945321777477550586609425.sst
2026-04-29 15:45:50:893 - Compaction completed: 
2026-04-29 15:45:50:910 18 sec: 58853 operations; 3973 current ops/sec; [READ: Count=3973, Max=6855, Min=5, Avg=90.32, 90=159, 99=236, 99.9=6199, 99.99=6855] [READ-MODIFY-WRITE: Count=2012, Max=7227, Min=177, Avg=402.88, 90=530, 99=755, 99.9=6723, 99.99=7227] [UPDATE: Count=2012, Max=6575, Min=169, Avg=311.4, 90=395, 99=541, 99.9=5443, 99.99=6575] 
2026-04-29 15:45:51:453 - NewTail completed: 
2026-04-29 15:45:51:910 19 sec: 62681 operations; 3828 current ops/sec; [READ: Count=3828, Max=8287, Min=6, Avg=96.99, 90=168, 99=248, 99.9=6155, 99.99=8287] [READ-MODIFY-WRITE: Count=1956, Max=8919, Min=168, Avg=412.44, 90=540, 99=769, 99.9=8855, 99.99=8919] [UPDATE: Count=1956, Max=8799, Min=159, Avg=314.99, 90=394, 99=548, 99.9=8471, 99.99=8799] 
2026-04-29 15:45:52:446 - NewTail completed: 
2026-04-29 15:45:52:460 - Compaction started: 
2026-04-29 15:45:52:910 20 sec: 66810 operations; 4129 current ops/sec; [READ: Count=4130, Max=22031, Min=5, Avg=92.05, 90=155, 99=251, 99.9=7867, 99.99=22031] [READ-MODIFY-WRITE: Count=2063, Max=8199, Min=170, Avg=385.63, 90=523, 99=749, 99.9=8011, 99.99=8199] [UPDATE: Count=2062, Max=6979, Min=162, Avg=295.52, 90=389, 99=557, 99.9=2311, 99.99=6979] 
140378606900800:Compacting datalog/51 datalog/52 into:sstable1/18716a66-5c14-425d-8c2a-8fab15f53419202604290945321777477552577637453.sst
2026-04-29 15:45:52:940 - Compaction completed: 
2026-04-29 15:45:53:910 21 sec: 69542 operations; 2732 current ops/sec; [READ: Count=2731, Max=13903, Min=5, Avg=106.33, 90=179, 99=284, 99.9=7459, 99.99=13903] [READ-MODIFY-WRITE: Count=1334, Max=108607, Min=172, Avg=639.13, 90=626, 99=3847, 99.9=43327, 99.99=108607] [UPDATE: Count=1335, Max=108287, Min=162, Avg=526.12, 90=446, 99=3355, 99.9=42975, 99.99=108287] 
2026-04-29 15:45:54:910 22 sec: 70408 operations; 866 current ops/sec; [READ: Count=866, Max=1968, Min=6, Avg=101.01, 90=192, 99=933, 99.9=1968, 99.99=1968] [READ-MODIFY-WRITE: Count=438, Max=8903, Min=316, Avg=2185.63, 90=4021, 99=5095, 99.9=8903, 99.99=8903] [UPDATE: Count=437, Max=8455, Min=308, Avg=2078.37, 90=3843, 99=4979, 99.9=8455, 99.99=8455] 
2026-04-29 15:45:55:910 23 sec: 72880 operations; 2472 current ops/sec; [READ: Count=2473, Max=6227, Min=5, Avg=87.4, 90=161, 99=244, 99.9=4635, 99.99=6227] [READ-MODIFY-WRITE: Count=1230, Max=43135, Min=181, Avg=718.43, 90=1506, 99=3523, 99.9=8967, 99.99=43135] [UPDATE: Count=1231, Max=43007, Min=169, Avg=632.64, 90=1437, 99=3369, 99.9=8679, 99.99=43007] 
2026-04-29 15:45:56:266 - Compaction started: 
2026-04-29 15:45:56:723 - NewTail completed: 
2026-04-29 15:45:56:910 24 sec: 75040 operations; 2160 current ops/sec; [READ: Count=2160, Max=222591, Min=5, Avg=285.64, 90=178, 99=301, 99.9=15087, 99.99=222591] [READ-MODIFY-WRITE: Count=1100, Max=189311, Min=184, Avg=609.7, 90=573, 99=833, 99.9=16591, 99.99=189311] [UPDATE: Count=1102, Max=14471, Min=166, Avg=342.72, 90=417, 99=619, 99.9=12327, 99.99=14471] 
140378606900800:Compacting sstable1/18716a66-5c14-425d-8c2a-8fab15f53419202604290945321777477543966598226.sst sstable1/18716a66-5c14-425d-8c2a-8fab15f53419202604290945321777477545963110326.sst into:sstable2/18716a66-5c14-425d-8c2a-8fab15f53419202604290945321777477556798969184.sst
2026-04-29 15:45:57:485 - Compaction completed: 
2026-04-29 15:45:57:910 25 sec: 78625 operations; 3585 current ops/sec; [READ: Count=3584, Max=12151, Min=5, Avg=106.57, 90=180, 99=286, 99.9=7307, 99.99=12151] [READ-MODIFY-WRITE: Count=1766, Max=40383, Min=174, Avg=446.93, 90=578, 99=829, 99.9=7867, 99.99=40383] [UPDATE: Count=1763, Max=40255, Min=163, Avg=343.87, 90=426, 99=600, 99.9=7583, 99.99=40255] 
2026-04-29 15:45:58:555 - NewTail completed: 
2026-04-29 15:45:58:910 26 sec: 82072 operations; 3447 current ops/sec; [READ: Count=3449, Max=13095, Min=5, Avg=97.64, 90=161, 99=267, 99.9=6971, 99.99=13095] [READ-MODIFY-WRITE: Count=1773, Max=87295, Min=170, Avg=477.5, 90=549, 99=1408, 99.9=13559, 99.99=87295] [UPDATE: Count=1774, Max=87039, Min=159, Avg=369.48, 90=401, 99=1100, 99.9=11951, 99.99=87039] 
2026-04-29 15:45:59:910 27 sec: 84700 operations; 2628 current ops/sec; [READ: Count=2627, Max=7527, Min=6, Avg=100.61, 90=181, 99=287, 99.9=7151, 99.99=7527] [READ-MODIFY-WRITE: Count=1384, Max=5307, Min=179, Avg=621.44, 90=1039, 99=1656, 99.9=3831, 99.99=5307] [UPDATE: Count=1384, Max=5063, Min=168, Avg=526.37, 90=904, 99=1380, 99.9=3123, 99.99=5063] 
2026-04-29 15:46:00:507 - Compaction started: 
2026-04-29 15:46:00:910 28 sec: 87212 operations; 2512 current ops/sec; [READ: Count=2510, Max=179711, Min=5, Avg=241.81, 90=157, 99=256, 99.9=15183, 99.99=179711] [READ-MODIFY-WRITE: Count=1233, Max=37023, Min=162, Avg=400.49, 90=512, 99=712, 99.9=5871, 99.99=37023] [UPDATE: Count=1232, Max=36863, Min=153, Avg=310.24, 90=372, 99=502, 99.9=650, 99.99=36863] 
2026-04-29 15:46:00:926 - NewTail completed: 
140378606900800:Compacting sstable1/18716a66-5c14-425d-8c2a-8fab15f53419202604290945321777477547881537643.sst sstable1/18716a66-5c14-425d-8c2a-8fab15f53419202604290945321777477550586609425.sst into:sstable2/18716a66-5c14-425d-8c2a-8fab15f53419202604290945321777477561000141615.sst
2026-04-29 15:46:01:702 - Compaction completed: 
2026-04-29 15:46:01:910 29 sec: 90825 operations; 3613 current ops/sec; [READ: Count=3614, Max=18095, Min=5, Avg=106.77, 90=170, 99=316, 99.9=6147, 99.99=18095] [READ-MODIFY-WRITE: Count=1853, Max=22495, Min=167, Avg=423.75, 90=560, 99=784, 99.9=10871, 99.99=22495] [UPDATE: Count=1854, Max=22287, Min=158, Avg=328.87, 90=411, 99=569, 99.9=10759, 99.99=22287] 
2026-04-29 15:46:01:921 - Compaction started: 
140378606900800:Compacting datalog/59 datalog/60 into:sstable1/18716a66-5c14-425d-8c2a-8fab15f53419202604290945321777477562083294132.sst
2026-04-29 15:46:02:469 - Compaction completed: 
2026-04-29 15:46:02:910 30 sec: 94766 operations; 3941 current ops/sec; [READ: Count=3943, Max=34367, Min=6, Avg=98.31, 90=160, 99=256, 99.9=7683, 99.99=34367] [READ-MODIFY-WRITE: Count=1909, Max=41215, Min=170, Avg=416.93, 90=524, 99=713, 99.9=9759, 99.99=41215] [UPDATE: Count=1909, Max=40991, Min=161, Avg=315.95, 90=385, 99=504, 99.9=7127, 99.99=40991] 
2026-04-29 15:46:03:910 31 sec: 98710 operations; 3944 current ops/sec; [READ: Count=3942, Max=7039, Min=5, Avg=82.37, 90=157, 99=236, 99.9=5883, 99.99=7039] [READ-MODIFY-WRITE: Count=1932, Max=39647, Min=169, Avg=429.04, 90=534, 99=946, 99.9=10279, 99.99=39647] [UPDATE: Count=1931, Max=39359, Min=159, Avg=339.99, 90=396, 99=614, 99.9=10119, 99.99=39359] 
2026-04-29 15:46:04:910 32 sec: 100840 operations; 2130 current ops/sec; [READ: Count=2130, Max=6623, Min=6, Avg=105.06, 90=182, 99=298, 99.9=3469, 99.99=6623] [READ-MODIFY-WRITE: Count=1063, Max=105983, Min=203, Avg=832.3, 90=1157, 99=1582, 99.9=7959, 99.99=105983] [UPDATE: Count=1066, Max=105855, Min=186, Avg=731.73, 90=1055, 99=1428, 99.9=2593, 99.99=105855] 
2026-04-29 15:46:05:164 - NewTail completed: 
2026-04-29 15:46:05:910 33 sec: 104677 operations; 3837 current ops/sec; [READ: Count=3837, Max=14407, Min=6, Avg=104.21, 90=182, 99=290, 99.9=7055, 99.99=14407] [READ-MODIFY-WRITE: Count=1919, Max=7451, Min=172, Avg=410.74, 90=577, 99=772, 99.9=7351, 99.99=7451] [UPDATE: Count=1917, Max=2287, Min=161, Avg=307.72, 90=412, 99=559, 99.9=1551, 99.99=2287] 
2026-04-29 15:46:06:910 34 sec: 108532 operations; 3855 current ops/sec; [READ: Count=3855, Max=8239, Min=6, Avg=90.21, 90=167, 99=284, 99.9=6047, 99.99=8239] [READ-MODIFY-WRITE: Count=1949, Max=41119, Min=174, Avg=424.03, 90=536, 99=751, 99.9=16447, 99.99=41119] [UPDATE: Count=1949, Max=40991, Min=164, Avg=329.85, 90=389, 99=544, 99.9=16327, 99.99=40991] 
2026-04-29 15:46:07:910 35 sec: 112170 operations; 3638 current ops/sec; [READ: Count=3638, Max=8055, Min=6, Avg=103.81, 90=179, 99=297, 99.9=7567, 99.99=8055] [READ-MODIFY-WRITE: Count=1828, Max=37695, Min=176, Avg=437.74, 90=562, 99=832, 99.9=7999, 99.99=37695] [UPDATE: Count=1828, Max=37407, Min=164, Avg=335.24, 90=409, 99=617, 99.9=6763, 99.99=37407] 
2026-04-29 15:46:08:069 - NewTail completed: 
2026-04-29 15:46:08:136 - Compaction started: 
140378606900800:Compacting datalog/65 datalog/66 into:sstable1/18716a66-5c14-425d-8c2a-8fab15f53419202604290945321777477568302466235.sst
2026-04-29 15:46:08:625 - Compaction completed: 
2026-04-29 15:46:08:910 36 sec: 116197 operations; 4027 current ops/sec; [READ: Count=4027, Max=7043, Min=6, Avg=92.15, 90=165, 99=267, 99.9=6407, 99.99=7043] [READ-MODIFY-WRITE: Count=2021, Max=13311, Min=172, Avg=411.19, 90=550, 99=1001, 99.9=7287, 99.99=13311] [UPDATE: Count=2022, Max=13055, Min=163, Avg=306.17, 90=400, 99=613, 99.9=2331, 99.99=13055] 
2026-04-29 15:46:09:910 37 sec: 118040 operations; 1843 current ops/sec; [READ: Count=1843, Max=12543, Min=6, Avg=122.13, 90=199, 99=416, 99.9=6719, 99.99=12543] [READ-MODIFY-WRITE: Count=921, Max=111231, Min=220, Avg=971.46, 90=1232, 99=2521, 99.9=111231, 99.99=111231] [UPDATE: Count=920, Max=107455, Min=198, Avg=836.38, 90=1088, 99=2046, 99.9=107455, 99.99=107455] 
2026-04-29 15:46:10:911 38 sec: 121858 operations; 3814.19 current ops/sec; [READ: Count=3819, Max=8199, Min=6, Avg=93.43, 90=164, 99=253, 99.9=6983, 99.99=8199] [READ-MODIFY-WRITE: Count=1914, Max=41247, Min=166, Avg=435.16, 90=556, 99=1176, 99.9=8695, 99.99=41247] [UPDATE: Count=1916, Max=41023, Min=156, Avg=331.45, 90=413, 99=912, 99.9=2055, 99.99=41023] 
2026-04-29 15:46:11:910 39 sec: 125628 operations; 3773.77 current ops/sec; [READ: Count=3770, Max=11919, Min=6, Avg=100.54, 90=176, 99=282, 99.9=7275, 99.99=11919] [READ-MODIFY-WRITE: Count=1930, Max=41279, Min=164, Avg=409.12, 90=547, 99=716, 99.9=7579, 99.99=41279] [UPDATE: Count=1928, Max=41087, Min=153, Avg=316.62, 90=389, 99=515, 99.9=5835, 99.99=41087] 
2026-04-29 15:46:12:910 40 sec: 129384 operations; 3756 current ops/sec; [READ: Count=3755, Max=8171, Min=6, Avg=96.87, 90=178, 99=280, 99.9=7975, 99.99=8171] [READ-MODIFY-WRITE: Count=1850, Max=41695, Min=174, Avg=435.61, 90=561, 99=838, 99.9=14367, 99.99=41695] [UPDATE: Count=1850, Max=41503, Min=162, Avg=339.01, 90=404, 99=597, 99.9=14263, 99.99=41503] 
2026-04-29 15:46:13:282 - NewTail completed: 
2026-04-29 15:46:13:910 41 sec: 133549 operations; 4165 current ops/sec; [READ: Count=4166, Max=7547, Min=6, Avg=93.79, 90=175, 99=304, 99.9=5715, 99.99=7547] [READ-MODIFY-WRITE: Count=2079, Max=7027, Min=160, Avg=374.41, 90=526, 99=726, 99.9=5983, 99.99=7027] [UPDATE: Count=2079, Max=6887, Min=152, Avg=288.3, 90=378, 99=510, 99.9=1239, 99.99=6887] 
2026-04-29 15:46:14:910 42 sec: 135283 operations; 1734 current ops/sec; [READ: Count=1732, Max=17247, Min=6, Avg=103.58, 90=183, 99=386, 99.9=5959, 99.99=17247] [READ-MODIFY-WRITE: Count=876, Max=109695, Min=170, Avg=1049.21, 90=1974, 99=6279, 99.9=109695, 99.99=109695] [UPDATE: Count=876, Max=109439, Min=161, Avg=930.77, 90=1779, 99=4819, 99.9=109439, 99.99=109439] 
2026-04-29 15:46:15:910 43 sec: 138106 operations; 2823 current ops/sec; [READ: Count=2826, Max=8215, Min=6, Avg=107.01, 90=184, 99=325, 99.9=6643, 99.99=8215] [READ-MODIFY-WRITE: Count=1442, Max=8439, Min=180, Avg=588.96, 90=975, 99=1527, 99.9=6971, 99.99=8439] [UPDATE: Count=1443, Max=5807, Min=172, Avg=478.81, 90=845, 99=1299, 99.9=4287, 99.99=5807] 
2026-04-29 15:46:16:910 44 sec: 141774 operations; 3668 current ops/sec; [READ: Count=3666, Max=7575, Min=6, Avg=96.07, 90=170, 99=280, 99.9=6663, 99.99=7575] [READ-MODIFY-WRITE: Count=1816, Max=82559, Min=183, Avg=453.7, 90=553, 99=757, 99.9=11407, 99.99=82559] [UPDATE: Count=1815, Max=82495, Min=171, Avg=352.25, 90=398, 99=514, 99.9=11311, 99.99=82495] 
2026-04-29 15:46:16:986 - NewTail completed: 
2026-04-29 15:46:17:911 45 sec: 145661 operations; 3883.12 current ops/sec; [READ: Count=3888, Max=13039, Min=6, Avg=94.72, 90=177, 99=304, 99.9=6843, 99.99=13039] [READ-MODIFY-WRITE: Count=1970, Max=8295, Min=176, Avg=406.98, 90=561, 99=781, 99.9=7375, 99.99=8295] [UPDATE: Count=1970, Max=7191, Min=164, Avg=316.46, 90=394, 99=556, 99.9=6655, 99.99=7191] 
2026-04-29 15:46:17:982 - NewTail completed: 
2026-04-29 15:46:18:910 46 sec: 149496 operations; 3838.84 current ops/sec; [READ: Count=3834, Max=11719, Min=6, Avg=103.15, 90=178, 99=306, 99.9=7159, 99.99=11719] [READ-MODIFY-WRITE: Count=1939, Max=8059, Min=176, Avg=417.83, 90=572, 99=804, 99.9=7943, 99.99=8059] [UPDATE: Count=1940, Max=7755, Min=164, Avg=306.32, 90=404, 99=563, 99.9=7055, 99.99=7755] 
2026-04-29 15:46:18:989 - NewTail completed: 
2026-04-29 15:46:19:910 47 sec: 151969 operations; 2473 current ops/sec; [READ: Count=2474, Max=8647, Min=6, Avg=94.89, 90=181, 99=303, 99.9=5191, 99.99=8647] [READ-MODIFY-WRITE: Count=1241, Max=102591, Min=175, Avg=706.47, 90=1163, 99=2305, 99.9=12327, 99.99=102591] [UPDATE: Count=1240, Max=102527, Min=163, Avg=612.71, 90=1013, 99=2011, 99.9=12199, 99.99=102527] 
2026-04-29 15:46:20:910 48 sec: 155083 operations; 3114 current ops/sec; [READ: Count=3113, Max=6219, Min=6, Avg=100.71, 90=182, 99=318, 99.9=5675, 99.99=6219] [READ-MODIFY-WRITE: Count=1534, Max=40703, Min=177, Avg=540.17, 90=858, 99=1798, 99.9=5891, 99.99=40703] [UPDATE: Count=1535, Max=40479, Min=165, Avg=441.89, 90=766, 99=1588, 99.9=5319, 99.99=40479] 
2026-04-29 15:46:21:486 - NewTail completed: 
2026-04-29 15:46:21:910 49 sec: 159216 operations; 4133 current ops/sec; [READ: Count=4137, Max=8375, Min=6, Avg=92.82, 90=166, 99=284, 99.9=6479, 99.99=8375] [READ-MODIFY-WRITE: Count=2107, Max=8935, Min=172, Avg=384.58, 90=524, 99=715, 99.9=6743, 99.99=8935] [UPDATE: Count=2106, Max=814, Min=162, Avg=288.1, 90=381, 99=511, 99.9=604, 99.99=814] 
2026-04-29 15:46:22:487 - NewTail completed: 
2026-04-29 15:46:22:910 50 sec: 163061 operations; 3845 current ops/sec; [READ: Count=3841, Max=14383, Min=6, Avg=100.27, 90=182, 99=309, 99.9=6079, 99.99=14383] [READ-MODIFY-WRITE: Count=1941, Max=14855, Min=177, Avg=407.89, 90=563, 99=816, 99.9=8107, 99.99=14855] [UPDATE: Count=1941, Max=7943, Min=167, Avg=312.04, 90=399, 99=570, 99.9=7423, 99.99=7943] 
2026-04-29 15:46:23:488 - NewTail completed: 
2026-04-29 15:46:23:910 51 sec: 167083 operations; 4022 current ops/sec; [READ: Count=4023, Max=10927, Min=7, Avg=101.16, 90=185, 99=309, 99.9=6727, 99.99=10927] [READ-MODIFY-WRITE: Count=1949, Max=7939, Min=167, Avg=401.38, 90=567, 99=779, 99.9=7299, 99.99=7939] [UPDATE: Count=1949, Max=1160, Min=156, Avg=299.5, 90=401, 99=533, 99.9=857, 99.99=1160] 
2026-04-29 15:46:24:910 52 sec: 169458 operations; 2375 current ops/sec; [READ: Count=2374, Max=7243, Min=7, Avg=106.58, 90=189, 99=347, 99.9=6243, 99.99=7243] [READ-MODIFY-WRITE: Count=1130, Max=110655, Min=188, Avg=765.76, 90=1051, 99=1992, 99.9=88959, 99.99=110655] [UPDATE: Count=1130, Max=110591, Min=174, Avg=655.34, 90=952, 99=1680, 99.9=88831, 99.99=110591] 
2026-04-29 15:46:25:910 53 sec: 171986 operations; 2528 current ops/sec; [READ: Count=2528, Max=6387, Min=7, Avg=101.81, 90=191, 99=349, 99.9=3797, 99.99=6387] [READ-MODIFY-WRITE: Count=1290, Max=6399, Min=193, Avg=666.42, 90=1328, 99=2073, 99.9=3573, 99.99=6399] [UPDATE: Count=1290, Max=6027, Min=180, Avg=570.79, 90=1198, 99=1910, 99.9=2259, 99.99=6027] 
2026-04-29 15:46:26:910 54 sec: 175612 operations; 3626 current ops/sec; [READ: Count=3627, Max=11311, Min=6, Avg=97.31, 90=172, 99=303, 99.9=6691, 99.99=11311] [READ-MODIFY-WRITE: Count=1869, Max=79935, Min=169, Avg=440.18, 90=546, 99=777, 99.9=7243, 99.99=79935] [UPDATE: Count=1870, Max=79743, Min=159, Avg=341.24, 90=389, 99=531, 99.9=5975, 99.99=79743] 
2026-04-29 15:46:27:910 55 sec: 179067 operations; 3455 current ops/sec; [READ: Count=3454, Max=8271, Min=6, Avg=99.52, 90=185, 99=332, 99.9=6451, 99.99=8271] [READ-MODIFY-WRITE: Count=1719, Max=88383, Min=169, Avg=465.04, 90=589, 99=789, 99.9=9007, 99.99=88383] [UPDATE: Count=1717, Max=88063, Min=160, Avg=366.79, 90=410, 99=562, 99.9=8855, 99.99=88063] 
2026-04-29 15:46:28:103 - NewTail completed: 
2026-04-29 15:46:28:910 56 sec: 182977 operations; 3910 current ops/sec; [READ: Count=3910, Max=11783, Min=6, Avg=98.98, 90=186, 99=337, 99.9=7299, 99.99=11783] [READ-MODIFY-WRITE: Count=1994, Max=22495, Min=160, Avg=410.03, 90=556, 99=980, 99.9=9559, 99.99=22495] [UPDATE: Count=1996, Max=22175, Min=151, Avg=311.43, 90=381, 99=652, 99.9=9391, 99.99=22175] 
2026-04-29 15:46:29:910 57 sec: 185275 operations; 2298 current ops/sec; [READ: Count=2298, Max=7527, Min=6, Avg=97.39, 90=182, 99=308, 99.9=5987, 99.99=7527] [READ-MODIFY-WRITE: Count=1203, Max=105023, Min=175, Avg=738.54, 90=723, 99=5327, 99.9=35551, 99.99=105023] [UPDATE: Count=1201, Max=104703, Min=163, Avg=638.8, 90=488, 99=4815, 99.9=35423, 99.99=104703] 
2026-04-29 15:46:30:910 58 sec: 186035 operations; 760 current ops/sec; [READ: Count=760, Max=1203, Min=7, Avg=108.1, 90=228, 99=662, 99.9=1203, 99.99=1203] [READ-MODIFY-WRITE: Count=357, Max=5927, Min=510, Avg=2680.74, 90=4179, 99=5375, 99.9=5927, 99.99=5927] [UPDATE: Count=357, Max=5615, Min=381, Avg=2567.97, 90=4059, 99=5087, 99.9=5615, 99.99=5615] 
2026-04-29 15:46:31:899 - NewTail completed: 
2026-04-29 15:46:31:910 59 sec: 187072 operations; 1037 current ops/sec; [READ: Count=1037, Max=4267, Min=6, Avg=112.29, 90=223, 99=468, 99.9=1705, 99.99=4267] [READ-MODIFY-WRITE: Count=540, Max=7519, Min=182, Avg=1749.5, 90=3377, 99=5023, 99.9=7519, 99.99=7519] [UPDATE: Count=541, Max=7431, Min=171, Avg=1630.52, 90=3289, 99=4839, 99.9=7431, 99.99=7431] 
2026-04-29 15:46:32:907 - NewTail completed: 
2026-04-29 15:46:32:910 60 sec: 190965 operations; 3893 current ops/sec; [READ: Count=3893, Max=7651, Min=7, Avg=101.49, 90=184, 99=310, 99.9=6699, 99.99=7651] [READ-MODIFY-WRITE: Count=1974, Max=12511, Min=171, Avg=406.89, 90=559, 99=780, 99.9=7939, 99.99=12511] [UPDATE: Count=1974, Max=12319, Min=160, Avg=301.91, 90=392, 99=516, 99.9=1325, 99.99=12319] 
2026-04-29 15:46:33:901 - NewTail completed: 
2026-04-29 15:46:33:910 61 sec: 194912 operations; 3947 current ops/sec; [READ: Count=3949, Max=11431, Min=6, Avg=103.11, 90=190, 99=336, 99.9=7107, 99.99=11431] [READ-MODIFY-WRITE: Count=1953, Max=11751, Min=174, Avg=403.67, 90=568, 99=847, 99.9=8327, 99.99=11751] [UPDATE: Count=1954, Max=7903, Min=163, Avg=298.72, 90=393, 99=539, 99.9=3201, 99.99=7903] 
2026-04-29 15:46:33:988 - Compaction started: 
140378606900800:Compacting datalog/87 datalog/88 into:sstable1/18716a66-5c14-425d-8c2a-8fab15f53419202604290945321777477594165102689.sst
2026-04-29 15:46:34:527 - Compaction completed: 
2026-04-29 15:46:34:910 62 sec: 198014 operations; 3102 current ops/sec; [READ: Count=3100, Max=12255, Min=7, Avg=100.16, 90=177, 99=319, 99.9=7115, 99.99=12255] [READ-MODIFY-WRITE: Count=1551, Max=78207, Min=173, Avg=545.71, 90=635, 99=3663, 99.9=11551, 99.99=78207] [UPDATE: Count=1549, Max=77951, Min=163, Avg=440.05, 90=466, 99=3421, 99.9=5319, 99.99=77951] 
2026-04-29 15:46:35:910 63 sec: 200044 operations; 2030 current ops/sec; [READ: Count=2032, Max=6719, Min=7, Avg=112.64, 90=210, 99=374, 99.9=5335, 99.99=6719] [READ-MODIFY-WRITE: Count=1009, Max=38463, Min=191, Avg=876.54, 90=1466, 99=4163, 99.9=7123, 99.99=38463] [UPDATE: Count=1010, Max=38271, Min=182, Avg=758.97, 90=1325, 99=3849, 99.9=4699, 99.99=38271] 
2026-04-29 15:46:36:504 - NewTail completed: 
2026-04-29 15:46:36:910 64 sec: 203684 operations; 3640 current ops/sec; [READ: Count=3637, Max=8303, Min=7, Avg=107.8, 90=204, 99=368, 99.9=6255, 99.99=8303] [READ-MODIFY-WRITE: Count=1817, Max=8687, Min=172, Avg=428.72, 90=609, 99=941, 99.9=8135, 99.99=8687] [UPDATE: Count=1816, Max=8599, Min=160, Avg=325.44, 90=421, 99=618, 99.9=7879, 99.99=8599] 
2026-04-29 15:46:37:910 65 sec: 207394 operations; 3710 current ops/sec; [READ: Count=3710, Max=13839, Min=7, Avg=101.8, 90=176, 99=307, 99.9=7311, 99.99=13839] [READ-MODIFY-WRITE: Count=1827, Max=87999, Min=184, Avg=424.08, 90=532, 99=751, 99.9=7271, 99.99=87999] [UPDATE: Count=1827, Max=87807, Min=172, Avg=337.26, 90=383, 99=493, 99.9=1560, 99.99=87807] 
2026-04-29 15:46:38:910 66 sec: 210890 operations; 3496 current ops/sec; [READ: Count=3496, Max=11775, Min=7, Avg=108.07, 90=183, 99=336, 99.9=7963, 99.99=11775] [READ-MODIFY-WRITE: Count=1749, Max=88191, Min=187, Avg=447.08, 90=552, 99=778, 99.9=9359, 99.99=88191] [UPDATE: Count=1749, Max=87935, Min=173, Avg=352.26, 90=393, 99=520, 99.9=9167, 99.99=87935] 
2026-04-29 15:46:39:509 - NewTail completed: 
2026-04-29 15:46:39:910 67 sec: 214314 operations; 3424 current ops/sec; [READ: Count=3424, Max=6955, Min=7, Avg=91.03, 90=179, 99=302, 99.9=5155, 99.99=6955] [READ-MODIFY-WRITE: Count=1738, Max=101823, Min=178, Avg=482.24, 90=591, 99=1220, 99.9=14991, 99.99=101823] [UPDATE: Count=1739, Max=101695, Min=167, Avg=392.17, 90=435, 99=1032, 99.9=14823, 99.99=101695] 
2026-04-29 15:46:40:910 68 sec: 217025 operations; 2711 current ops/sec; [READ: Count=2711, Max=8067, Min=7, Avg=110.38, 90=204, 99=392, 99.9=4203, 99.99=8067] [READ-MODIFY-WRITE: Count=1348, Max=8511, Min=191, Avg=635.7, 90=993, 99=1836, 99.9=7251, 99.99=8511] [UPDATE: Count=1347, Max=4759, Min=180, Avg=515.6, 90=851, 99=1438, 99.9=4535, 99.99=4759] 
2026-04-29 15:46:41:910 69 sec: 220488 operations; 3463 current ops/sec; [READ: Count=3465, Max=7755, Min=7, Avg=103.82, 90=185, 99=336, 99.9=7103, 99.99=7755] [READ-MODIFY-WRITE: Count=1813, Max=88319, Min=179, Avg=449.43, 90=562, 99=796, 99.9=8091, 99.99=88319] [UPDATE: Count=1813, Max=88191, Min=169, Avg=349.49, 90=387, 99=518, 99.9=7303, 99.99=88191] 
2026-04-29 15:46:42:910 70 sec: 223920 operations; 3432 current ops/sec; [READ: Count=3431, Max=20223, Min=7, Avg=110.81, 90=204, 99=376, 99.9=6603, 99.99=20223] [READ-MODIFY-WRITE: Count=1673, Max=77503, Min=185, Avg=473.33, 90=599, 99=843, 99.9=7887, 99.99=77503] [UPDATE: Count=1673, Max=77375, Min=172, Avg=365.5, 90=413, 99=541, 99.9=7203, 99.99=77375] 
2026-04-29 15:46:43:910 71 sec: 227633 operations; 3713 current ops/sec; [READ: Count=3714, Max=8959, Min=7, Avg=98.14, 90=179, 99=307, 99.9=6679, 99.99=8959] [READ-MODIFY-WRITE: Count=1888, Max=39679, Min=181, Avg=438.9, 90=561, 99=843, 99.9=9463, 99.99=39679] [UPDATE: Count=1890, Max=39519, Min=173, Avg=331.98, 90=397, 99=541, 99.9=7723, 99.99=39519] 
2026-04-29 15:46:44:910 72 sec: 231173 operations; 3540 current ops/sec; [READ: Count=3539, Max=7043, Min=7, Avg=91.99, 90=168, 99=309, 99.9=6375, 99.99=7043] [READ-MODIFY-WRITE: Count=1775, Max=79103, Min=181, Avg=437.01, 90=529, 99=760, 99.9=7387, 99.99=79103] [UPDATE: Count=1773, Max=78847, Min=168, Avg=345.02, 90=375, 99=514, 99.9=5967, 99.99=78847] 
2026-04-29 15:46:45:910 73 sec: 233595 operations; 2422 current ops/sec; [READ: Count=2422, Max=8367, Min=7, Avg=101.41, 90=191, 99=371, 99.9=2927, 99.99=8367] [READ-MODIFY-WRITE: Count=1203, Max=109823, Min=185, Avg=771.97, 90=1063, 99=1597, 99.9=23535, 99.99=109823] [UPDATE: Count=1205, Max=109759, Min=175, Avg=667.13, 90=935, 99=1348, 99.9=23535, 99.99=109759] 
2026-04-29 15:46:46:910 74 sec: 237403 operations; 3808 current ops/sec; [READ: Count=3808, Max=18383, Min=7, Avg=104.37, 90=184, 99=338, 99.9=6675, 99.99=18383] [READ-MODIFY-WRITE: Count=1850, Max=39903, Min=182, Avg=435.68, 90=569, 99=856, 99.9=18927, 99.99=39903] [UPDATE: Count=1850, Max=39807, Min=169, Avg=321.01, 90=395, 99=537, 99.9=4983, 99.99=39807] 
2026-04-29 15:46:47:910 75 sec: 240931 operations; 3528 current ops/sec; [READ: Count=3528, Max=7275, Min=7, Avg=105.21, 90=197, 99=377, 99.9=6367, 99.99=7275] [READ-MODIFY-WRITE: Count=1829, Max=33823, Min=182, Avg=440.58, 90=597, 99=900, 99.9=8519, 99.99=33823] [UPDATE: Count=1828, Max=33599, Min=170, Avg=339.02, 90=420, 99=585, 99.9=8391, 99.99=33599] 
2026-04-29 15:46:48:910 76 sec: 244623 operations; 3692 current ops/sec; [READ: Count=3692, Max=14623, Min=7, Avg=98.11, 90=175, 99=308, 99.9=7535, 99.99=14623] [READ-MODIFY-WRITE: Count=1892, Max=40639, Min=188, Avg=440.39, 90=553, 99=849, 99.9=15175, 99.99=40639] [UPDATE: Count=1892, Max=40479, Min=173, Avg=332.93, 90=391, 99=528, 99.9=8231, 99.99=40479] 
2026-04-29 15:46:49:910 77 sec: 248250 operations; 3627 current ops/sec; [READ: Count=3627, Max=7731, Min=7, Avg=96.76, 90=180, 99=348, 99.9=6055, 99.99=7731] [READ-MODIFY-WRITE: Count=1829, Max=79935, Min=184, Avg=450.21, 90=557, 99=877, 99.9=8095, 99.99=79935] [UPDATE: Count=1830, Max=79871, Min=170, Avg=349.99, 90=400, 99=537, 99.9=7487, 99.99=79871] 
2026-04-29 15:46:50:910 78 sec: 249785 operations; 1535 current ops/sec; [READ: Count=1536, Max=6131, Min=7, Avg=112.66, 90=207, 99=440, 99.9=3185, 99.99=6131] [READ-MODIFY-WRITE: Count=783, Max=111679, Min=185, Avg=1166.53, 90=1787, 99=4383, 99.9=111679, 99.99=111679] [UPDATE: Count=782, Max=111487, Min=172, Avg=1052.55, 90=1654, 99=3995, 99.9=111487, 99.99=111487] 
2026-04-29 15:46:51:910 79 sec: 253002 operations; 3217 current ops/sec; [READ: Count=3216, Max=11767, Min=7, Avg=110.52, 90=202, 99=411, 99.9=6459, 99.99=11767] [READ-MODIFY-WRITE: Count=1556, Max=41119, Min=180, Avg=519.45, 90=793, 99=1453, 99.9=12567, 99.99=41119] [UPDATE: Count=1556, Max=40991, Min=167, Avg=408.88, 90=637, 99=1258, 99.9=7047, 99.99=40991] 
2026-04-29 15:46:52:910 80 sec: 256756 operations; 3754 current ops/sec; [READ: Count=3754, Max=7107, Min=7, Avg=102.11, 90=188, 99=358, 99.9=6263, 99.99=7107] [READ-MODIFY-WRITE: Count=1856, Max=41439, Min=180, Avg=423.85, 90=575, 99=838, 99.9=7483, 99.99=41439] [UPDATE: Count=1856, Max=41279, Min=166, Avg=327.58, 90=399, 99=551, 99.9=6391, 99.99=41279] 
2026-04-29 15:46:53:910 81 sec: 260516 operations; 3760 current ops/sec; [READ: Count=3760, Max=8231, Min=7, Avg=101.9, 90=181, 99=325, 99.9=7647, 99.99=8231] [READ-MODIFY-WRITE: Count=1888, Max=41087, Min=180, Avg=423.12, 90=556, 99=834, 99.9=8043, 99.99=41087] [UPDATE: Count=1889, Max=40991, Min=168, Avg=322.1, 90=390, 99=524, 99.9=7215, 99.99=40991] 
2026-04-29 15:46:54:910 82 sec: 263960 operations; 3444 current ops/sec; [READ: Count=3444, Max=54303, Min=7, Avg=117.85, 90=198, 99=374, 99.9=6491, 99.99=54303] [READ-MODIFY-WRITE: Count=1764, Max=54815, Min=180, Avg=464.68, 90=570, 99=890, 99.9=35711, 99.99=54815] [UPDATE: Count=1763, Max=35327, Min=170, Avg=332.21, 90=396, 99=544, 99.9=8119, 99.99=35327] 
2026-04-29 15:46:55:910 83 sec: 265766 operations; 1806 current ops/sec; [READ: Count=1806, Max=12159, Min=8, Avg=121.68, 90=214, 99=470, 99.9=7295, 99.99=12159] [READ-MODIFY-WRITE: Count=899, Max=114367, Min=203, Avg=997.03, 90=1566, 99=2737, 99.9=114367, 99.99=114367] [UPDATE: Count=899, Max=114239, Min=184, Avg=863.46, 90=1423, 99=2275, 99.9=114239, 99.99=114239] 
2026-04-29 15:46:56:910 84 sec: 268961 operations; 3195 current ops/sec; [READ: Count=3195, Max=6607, Min=7, Avg=105.29, 90=200, 99=412, 99.9=5291, 99.99=6607] [READ-MODIFY-WRITE: Count=1571, Max=35071, Min=184, Avg=535.7, 90=815, 99=1913, 99.9=6995, 99.99=35071] [UPDATE: Count=1571, Max=34847, Min=171, Avg=416.83, 90=633, 99=1646, 99.9=2010, 99.99=34847] 
2026-04-29 15:46:57:910 85 sec: 272667 operations; 3706 current ops/sec; [READ: Count=3706, Max=7503, Min=8, Avg=101.74, 90=191, 99=347, 99.9=6291, 99.99=7503] [READ-MODIFY-WRITE: Count=1835, Max=42143, Min=180, Avg=431.14, 90=578, 99=871, 99.9=14855, 99.99=42143] [UPDATE: Count=1834, Max=42047, Min=168, Avg=335.06, 90=401, 99=549, 99.9=14479, 99.99=42047] 
2026-04-29 15:46:58:910 86 sec: 276333 operations; 3666 current ops/sec; [READ: Count=3666, Max=8239, Min=8, Avg=105.73, 90=195, 99=370, 99.9=7647, 99.99=8239] [READ-MODIFY-WRITE: Count=1850, Max=36223, Min=179, Avg=444.23, 90=584, 99=908, 99.9=8591, 99.99=36223] [UPDATE: Count=1850, Max=35839, Min=167, Avg=326.16, 90=401, 99=542, 99.9=7503, 99.99=35839] 
2026-04-29 15:46:59:910 87 sec: 280033 operations; 3700 current ops/sec; [READ: Count=3700, Max=11383, Min=8, Avg=102.49, 90=192, 99=362, 99.9=6515, 99.99=11383] [READ-MODIFY-WRITE: Count=1876, Max=23263, Min=188, Avg=431.34, 90=573, 99=878, 99.9=7631, 99.99=23263] [UPDATE: Count=1878, Max=22943, Min=176, Avg=326.04, 90=397, 99=567, 99.9=7383, 99.99=22943] 
2026-04-29 15:47:00:910 88 sec: 281441 operations; 1408 current ops/sec; [READ: Count=1408, Max=11095, Min=8, Avg=124.63, 90=214, 99=534, 99.9=6799, 99.99=11095] [READ-MODIFY-WRITE: Count=693, Max=108863, Min=194, Avg=1323.56, 90=3387, 99=7139, 99.9=108863, 99.99=108863] [UPDATE: Count=691, Max=108351, Min=182, Avg=1186.14, 90=3247, 99=6559, 99.9=108351, 99.99=108351] 
2026-04-29 15:47:01:910 89 sec: 282173 operations; 732 current ops/sec; [READ: Count=732, Max=1400, Min=8, Avg=111.26, 90=217, 99=832, 99.9=1400, 99.99=1400] [READ-MODIFY-WRITE: Count=384, Max=5851, Min=557, Avg=2506.99, 90=3991, 99=4843, 99.9=5851, 99.99=5851] [UPDATE: Count=384, Max=4895, Min=542, Avg=2387.32, 90=3819, 99=4647, 99.9=4895, 99.99=4895] 
Maximum time elapsed. Requesting stop for the workload.
Stop requested for workload. Now Joining!
2026-04-29 15:47:02:910 90 sec: 283297 operations; 1124 current ops/sec; [READ: Count=1123, Max=1815, Min=7, Avg=113.91, 90=236, 99=573, 99.9=1450, 99.99=1815] [READ-MODIFY-WRITE: Count=556, Max=42463, Min=233, Avg=1675.95, 90=3133, 99=4711, 99.9=42463, 99.99=42463] [UPDATE: Count=559, Max=42335, Min=214, Avg=1555.68, 90=3075, 99=4599, 99.9=42335, 99.99=42335] 
[OZONEDB-PROFILE] reads=425606  avg_total=79.74us  view=7.76us(9.7%)  log=12.77us(16.0%)  sst=92.13us_per_call x 272353_calls(73.9%_of_total)
[OZONEDB-SST-PROFILE] level | time_total_ms | enters | range_rejects | table_gets | hits
[OZONEDB-SST-PROFILE] L1  |      6658.44 |  1157633 |        32559 |    1125074 |  71293
[OZONEDB-SST-PROFILE] L2  |      8432.76 |  1344771 |       121814 |    1222957 |  86633
[OZONEDB-SST-PROFILE] L3  |       747.45 |   228683 |       114259 |     114424 |   7437
[OZONEDB-SST-PROFILE] L4  |       719.87 |   213596 |       106610 |     106986 |   7603
[OZONEDB-SST-PROFILE] L5  |       684.45 |   198451 |        99071 |      99380 |   7638
[OZONEDB-SST-PROFILE] L6  |       654.63 |   183254 |        91508 |      91746 |   7560
[OZONEDB-SST-PROFILE] L7  |      6987.79 |   290540 |            9 |     290531 |  84189
[OZONEDB-TBL-PROFILE] file_filter_reject=2747883  block_filter_reject=30552  index_invalid=0  block_read_more=171294  hit_from_cache=101369  miss_after_read=310  found=272353
2026-04-29 15:47:02:948 90 sec: 283311 operations; 368.42 current ops/sec; [READ: Count=14, Max=291, Min=13, Avg=78.21, 90=183, 99=291, 99.9=291, 99.99=291] [READ-MODIFY-WRITE: Count=6, Max=365, Min=228, Avg=297.5, 90=365, 99=365, 99.9=365, 99.99=365] [CLEANUP: Count=1, Max=34623, Min=34592, Avg=34608, 90=34623, 99=34623, 99.9=34623, 99.99=34623] [UPDATE: Count=3, Max=241, Min=209, Avg=227.33, 90=241, 99=241, 99.9=241, 99.99=241] 
[OVERALL], RunTime(ms), 90038
[OVERALL], Throughput(ops/sec), 3146.571447611009
[TOTAL_GCS_PS_Scavenge], Count, 4
[TOTAL_GC_TIME_PS_Scavenge], Time(ms), 18
[TOTAL_GC_TIME_%_PS_Scavenge], Time(%), 0.019991559119482884
[TOTAL_GCS_PS_MarkSweep], Count, 0
[TOTAL_GC_TIME_PS_MarkSweep], Time(ms), 0
[TOTAL_GC_TIME_%_PS_MarkSweep], Time(%), 0.0
[TOTAL_GCs], Count, 4
[TOTAL_GC_TIME], Time(ms), 18
[TOTAL_GC_TIME_%], Time(%), 0.019991559119482884
[READ], Operations, 283311
[READ], AverageLatency(us), 103.14154762787184
[READ], MinLatency(us), 5
[READ], MaxLatency(us), 222591
[READ], 95thPercentileLatency(us), 210
[READ], 99thPercentileLatency(us), 324
[READ], Return=OK, 283311
[READ-MODIFY-WRITE], Operations, 142295
[READ-MODIFY-WRITE], AverageLatency(us), 522.6727924382445
[READ-MODIFY-WRITE], MinLatency(us), 160
[READ-MODIFY-WRITE], MaxLatency(us), 189311
[READ-MODIFY-WRITE], 95thPercentileLatency(us), 966
[READ-MODIFY-WRITE], 99thPercentileLatency(us), 3017
[CLEANUP], Operations, 1
[CLEANUP], AverageLatency(us), 34608.0
[CLEANUP], MinLatency(us), 34592
[CLEANUP], MaxLatency(us), 34623
[CLEANUP], 95thPercentileLatency(us), 34623
[CLEANUP], 99thPercentileLatency(us), 34623
[UPDATE], Operations, 142295
[UPDATE], AverageLatency(us), 419.1651639200253
[UPDATE], MinLatency(us), 151
[UPDATE], MaxLatency(us), 114239
[UPDATE], 95thPercentileLatency(us), 819
[UPDATE], 99thPercentileLatency(us), 2509
[UPDATE], Return=OK, 142295
	Command being timed: "/usr/lib/jvm/java-8-openjdk-amd64/bin/java -cp /users/Xinying/ozonedb/ycsb/ozonedb/conf:/users/Xinying/ozonedb/ycsb/ozonedb/target/ozonedb-binding-0.18.0-SNAPSHOT.jar:/users/Xinying/.m2/repository/org/apache/htrace/htrace-core4/4.1.0-incubating/htrace-core4-4.1.0-incubating.jar:/users/Xinying/.m2/repository/org/slf4j/slf4j-api/1.7.25/slf4j-api-1.7.25.jar:/users/Xinying/.m2/repository/org/hdrhistogram/HdrHistogram/2.1.12/HdrHistogram-2.1.12.jar:/users/Xinying/.m2/repository/ch/qos/logback/logback-classic/1.2.3/logback-classic-1.2.3.jar:/users/Xinying/.m2/repository/ozonedbjnimaven/demoproc-jni/1.0/demoproc-jni-1.0.jar:/users/Xinying/.m2/repository/ch/qos/logback/logback-core/1.2.3/logback-core-1.2.3.jar:/users/Xinying/.m2/repository/org/codehaus/jackson/jackson-mapper-asl/1.9.4/jackson-mapper-asl-1.9.4.jar:/users/Xinying/.m2/repository/org/slf4j/slf4j-simple/1.7.25/slf4j-simple-1.7.25.jar:/users/Xinying/.m2/repository/org/codehaus/jackson/jackson-core-asl/1.9.4/jackson-core-asl-1.9.4.jar:/users/Xinying/ozonedb/ycsb/core/target/core-0.18.0-SNAPSHOT.jar site.ycsb.Client -db site.ycsb.db.OzoneDBClient -threads 1 -s -P /users/Xinying/ozonedb/ycsb/workloads/generated_workloads/workloadf_1KB_1000000_1000000 -p status.interval=1 -p maxexecutiontime=90 -p operationcount=0 -p shared_config=/tmp/phase1_ozonedb_configs/shared_config_SHARED_workloadf_p16_r1_proc14.json -t"
	User time (seconds): 34.36
	System time (seconds): 37.35
	Percent of CPU this job got: 76%
	Elapsed (wall clock) time (h:mm:ss or m:ss): 1:33.59
	Average shared text size (kbytes): 0
	Average unshared data size (kbytes): 0
	Average stack size (kbytes): 0
	Average total size (kbytes): 0
	Maximum resident set size (kbytes): 5363912
	Average resident set size (kbytes): 0
	Major (requiring I/O) page faults: 356
	Minor (reclaiming a frame) page faults: 1492957
	Voluntary context switches: 512190
	Involuntary context switches: 2417
	Swaps: 0
	File system inputs: 9890831
	File system outputs: 1507750
	Socket messages sent: 0
	Socket messages received: 0
	Signals delivered: 0
	Page size (bytes): 4096
	Exit status: 0
