# CMD: /usr/bin/time -v /usr/lib/jvm/java-8-openjdk-amd64/bin/java -cp /users/Xinying/ozonedb/ycsb/ozonedb/conf:/users/Xinying/ozonedb/ycsb/ozonedb/target/ozonedb-binding-0.18.0-SNAPSHOT.jar:/users/Xinying/.m2/repository/org/apache/htrace/htrace-core4/4.1.0-incubating/htrace-core4-4.1.0-incubating.jar:/users/Xinying/.m2/repository/org/slf4j/slf4j-api/1.7.25/slf4j-api-1.7.25.jar:/users/Xinying/.m2/repository/org/hdrhistogram/HdrHistogram/2.1.12/HdrHistogram-2.1.12.jar:/users/Xinying/.m2/repository/ch/qos/logback/logback-classic/1.2.3/logback-classic-1.2.3.jar:/users/Xinying/.m2/repository/ozonedbjnimaven/demoproc-jni/1.0/demoproc-jni-1.0.jar:/users/Xinying/.m2/repository/ch/qos/logback/logback-core/1.2.3/logback-core-1.2.3.jar:/users/Xinying/.m2/repository/org/codehaus/jackson/jackson-mapper-asl/1.9.4/jackson-mapper-asl-1.9.4.jar:/users/Xinying/.m2/repository/org/slf4j/slf4j-simple/1.7.25/slf4j-simple-1.7.25.jar:/users/Xinying/.m2/repository/org/codehaus/jackson/jackson-core-asl/1.9.4/jackson-core-asl-1.9.4.jar:/users/Xinying/ozonedb/ycsb/core/target/core-0.18.0-SNAPSHOT.jar site.ycsb.Client -db site.ycsb.db.OzoneDBClient -threads 1 -s -P /users/Xinying/ozonedb/ycsb/workloads/generated_workloads/workloadf_1KB_1000000_1000000 -p status.interval=1 -p maxexecutiontime=90 -p operationcount=0 -p shared_config=/tmp/phase1_ozonedb_configs/shared_config_SHARED_workloadf_p16_r1_proc6.json -t
# shared_work_path=/tank/ycsb_data/multi-proc-run/shared_ozonedb  proc_id=6/16
Command line: -db site.ycsb.db.OzoneDBClient -threads 1 -s -P /users/Xinying/ozonedb/ycsb/workloads/generated_workloads/workloadf_1KB_1000000_1000000 -p status.interval=1 -p maxexecutiontime=90 -p operationcount=0 -p shared_config=/tmp/phase1_ozonedb_configs/shared_config_SHARED_workloadf_p16_r1_proc6.json -t
YCSB Client 0.18.0-SNAPSHOT

Loading workload...
Starting test.
SLF4J: Class path contains multiple SLF4J bindings.
SLF4J: Found binding in [jar:file:/users/Xinying/.m2/repository/ch/qos/logback/logback-classic/1.2.3/logback-classic-1.2.3.jar!/org/slf4j/impl/StaticLoggerBinder.class]
SLF4J: Found binding in [jar:file:/users/Xinying/.m2/repository/org/slf4j/slf4j-simple/1.7.25/slf4j-simple-1.7.25.jar!/org/slf4j/impl/StaticLoggerBinder.class]
SLF4J: See http://www.slf4j.org/codes.html#multiple_bindings for an explanation.
SLF4J: Actual binding is of type [ch.qos.logback.classic.util.ContextSelectorStaticBinder]
Maximum execution time specified as: 90 secs
2026-04-29 15:45:32:911 0 sec: 0 operations; 
Starting compaction watcher
DBWrapper: report latency for each error is false and specific error codes to track for latency are: []
2026-04-29 15:45:33:910 1 sec: 1445 operations; 1445 current ops/sec; [READ: Count=1452, Max=60831, Min=5, Avg=182.26, 90=183, 99=937, 99.9=7831, 99.99=60831] [READ-MODIFY-WRITE: Count=761, Max=197503, Min=192, Avg=821.44, 90=818, 99=3161, 99.9=197503, 99.99=197503] [UPDATE: Count=772, Max=124095, Min=178, Avg=585.58, 90=591, 99=2931, 99.9=124095, 99.99=124095] 
2026-04-29 15:45:34:910 2 sec: 4514 operations; 3069 current ops/sec; [READ: Count=3063, Max=9463, Min=5, Avg=115.76, 90=167, 99=272, 99.9=8895, 99.99=9463] [READ-MODIFY-WRITE: Count=1562, Max=45727, Min=180, Avg=500.19, 90=585, 99=1676, 99.9=9791, 99.99=45727] [UPDATE: Count=1552, Max=44671, Min=169, Avg=373.6, 90=439, 99=1211, 99.9=6975, 99.99=44671] 
2026-04-29 15:45:35:910 3 sec: 7519 operations; 3005 current ops/sec; [READ: Count=3009, Max=15071, Min=5, Avg=112.5, 90=163, 99=322, 99.9=9215, 99.99=15071] [READ-MODIFY-WRITE: Count=1501, Max=56927, Min=186, Avg=540.1, 90=664, 99=2159, 99.9=15407, 99.99=56927] [UPDATE: Count=1503, Max=56255, Min=173, Avg=424.43, 90=514, 99=1605, 99.9=9887, 99.99=56255] 
2026-04-29 15:45:36:281 - NewTail completed: 
2026-04-29 15:45:36:910 4 sec: 11376 operations; 3857 current ops/sec; [READ: Count=3853, Max=9199, Min=5, Avg=94.39, 90=154, 99=210, 99.9=7959, 99.99=9199] [READ-MODIFY-WRITE: Count=1907, Max=11575, Min=191, Avg=409.82, 90=535, 99=705, 99.9=7371, 99.99=11575] [UPDATE: Count=1906, Max=11223, Min=167, Avg=325.42, 90=408, 99=569, 99.9=7055, 99.99=11223] 
2026-04-29 15:45:37:910 5 sec: 15020 operations; 3644 current ops/sec; [READ: Count=3644, Max=13703, Min=5, Avg=92.05, 90=150, 99=239, 99.9=7935, 99.99=13703] [READ-MODIFY-WRITE: Count=1829, Max=57599, Min=181, Avg=449.88, 90=528, 99=1006, 99.9=8447, 99.99=57599] [UPDATE: Count=1827, Max=57439, Min=162, Avg=354.96, 90=401, 99=624, 99.9=8343, 99.99=57439] 
2026-04-29 15:45:38:183 - NewTail completed: 
2026-04-29 15:45:38:910 6 sec: 17463 operations; 2443 current ops/sec; [READ: Count=2443, Max=7783, Min=5, Avg=90.02, 90=149, 99=246, 99.9=6259, 99.99=7783] [READ-MODIFY-WRITE: Count=1205, Max=112255, Min=185, Avg=734.44, 90=1149, 99=3525, 99.9=8075, 99.99=112255] [UPDATE: Count=1206, Max=112063, Min=172, Avg=640.69, 90=1038, 99=3103, 99.9=6807, 99.99=112063] 
2026-04-29 15:45:39:910 7 sec: 20211 operations; 2748 current ops/sec; [READ: Count=2749, Max=36159, Min=5, Avg=107.44, 90=157, 99=225, 99.9=7095, 99.99=36159] [READ-MODIFY-WRITE: Count=1345, Max=57887, Min=175, Avg=613.13, 90=681, 99=5147, 99.9=25071, 99.99=57887] [UPDATE: Count=1345, Max=57631, Min=159, Avg=514.82, 90=569, 99=4383, 99.9=24863, 99.99=57631] 
2026-04-29 15:45:40:910 8 sec: 23974 operations; 3763 current ops/sec; [READ: Count=3764, Max=15759, Min=5, Avg=89.95, 90=144, 99=204, 99.9=6595, 99.99=15759] [READ-MODIFY-WRITE: Count=1944, Max=58495, Min=176, Avg=416.63, 90=509, 99=711, 99.9=12207, 99.99=58495] [UPDATE: Count=1945, Max=58303, Min=157, Avg=333.04, 90=384, 99=516, 99.9=12023, 99.99=58303] 
2026-04-29 15:45:41:688 - NewTail completed: 
2026-04-29 15:45:41:910 9 sec: 28087 operations; 4113 current ops/sec; [READ: Count=4113, Max=8687, Min=5, Avg=85.98, 90=139, 99=213, 99.9=8031, 99.99=8687] [READ-MODIFY-WRITE: Count=2066, Max=9031, Min=174, Avg=395.75, 90=509, 99=701, 99.9=8839, 99.99=9031] [UPDATE: Count=2066, Max=8663, Min=162, Avg=306.16, 90=384, 99=544, 99.9=6755, 99.99=8663] 
2026-04-29 15:45:42:910 10 sec: 31814 operations; 3727 current ops/sec; [READ: Count=3725, Max=16399, Min=5, Avg=93.41, 90=150, 99=225, 99.9=7191, 99.99=16399] [READ-MODIFY-WRITE: Count=1891, Max=53791, Min=171, Avg=430.58, 90=530, 99=779, 99.9=7439, 99.99=53791] [UPDATE: Count=1891, Max=53503, Min=159, Avg=337.18, 90=398, 99=591, 99.9=6155, 99.99=53503] 
2026-04-29 15:45:43:910 11 sec: 34602 operations; 2788 current ops/sec; [READ: Count=2788, Max=6991, Min=5, Avg=85.58, 90=149, 99=225, 99.9=5439, 99.99=6991] [READ-MODIFY-WRITE: Count=1378, Max=115007, Min=178, Avg=629.21, 90=864, 99=1533, 99.9=56159, 99.99=115007] [UPDATE: Count=1377, Max=114495, Min=166, Avg=545.69, 90=747, 99=1320, 99.9=56127, 99.99=114495] 
2026-04-29 15:45:44:892 - NewTail completed: 
2026-04-29 15:45:44:910 12 sec: 38230 operations; 3628 current ops/sec; [READ: Count=3629, Max=7951, Min=5, Avg=97.74, 90=163, 99=278, 99.9=6567, 99.99=7951] [READ-MODIFY-WRITE: Count=1808, Max=8271, Min=184, Avg=450.35, 90=600, 99=1409, 99.9=7763, 99.99=8271] [UPDATE: Count=1808, Max=7223, Min=174, Avg=348.64, 90=453, 99=1227, 99.9=6927, 99.99=7223] 
2026-04-29 15:45:45:910 13 sec: 42054 operations; 3824 current ops/sec; [READ: Count=3823, Max=16895, Min=5, Avg=92.04, 90=149, 99=237, 99.9=6899, 99.99=16895] [READ-MODIFY-WRITE: Count=1925, Max=56255, Min=179, Avg=422.1, 90=522, 99=703, 99.9=9311, 99.99=56255] [UPDATE: Count=1926, Max=56063, Min=166, Avg=329.36, 90=391, 99=518, 99.9=5131, 99.99=56063] 
2026-04-29 15:45:46:910 14 sec: 45744 operations; 3690 current ops/sec; [READ: Count=3691, Max=13695, Min=5, Avg=90.51, 90=146, 99=212, 99.9=7163, 99.99=13695] [READ-MODIFY-WRITE: Count=1863, Max=100991, Min=180, Avg=446.29, 90=507, 99=735, 99.9=14175, 99.99=100991] [UPDATE: Count=1862, Max=94079, Min=167, Avg=350.35, 90=378, 99=518, 99.9=6483, 99.99=94079] 
2026-04-29 15:45:47:910 15 sec: 49737 operations; 3993 current ops/sec; [READ: Count=3992, Max=20143, Min=5, Avg=90.11, 90=148, 99=221, 99.9=7683, 99.99=20143] [READ-MODIFY-WRITE: Count=1963, Max=49567, Min=169, Avg=402.4, 90=513, 99=677, 99.9=7975, 99.99=49567] [UPDATE: Count=1964, Max=49407, Min=160, Avg=319.74, 90=388, 99=527, 99.9=1971, 99.99=49407] 
2026-04-29 15:45:48:910 16 sec: 52727 operations; 2990 current ops/sec; [READ: Count=2991, Max=15423, Min=5, Avg=92.22, 90=155, 99=257, 99.9=6555, 99.99=15423] [READ-MODIFY-WRITE: Count=1468, Max=110911, Min=183, Avg=578.45, 90=828, 99=1881, 99.9=7219, 99.99=110911] [UPDATE: Count=1467, Max=110591, Min=171, Avg=485.4, 90=718, 99=1587, 99.9=6971, 99.99=110591] 
2026-04-29 15:45:49:910 17 sec: 54524 operations; 1797 current ops/sec; [READ: Count=1796, Max=3489, Min=5, Avg=96.15, 90=177, 99=290, 99.9=3173, 99.99=3489] [READ-MODIFY-WRITE: Count=894, Max=90047, Min=191, Avg=1018.73, 90=1433, 99=3105, 99.9=90047, 99.99=90047] [UPDATE: Count=895, Max=89727, Min=182, Avg=917.11, 90=1315, 99=2441, 99.9=89727, 99.99=89727] 
2026-04-29 15:45:50:910 18 sec: 58031 operations; 3507 current ops/sec; [READ: Count=3506, Max=7195, Min=5, Avg=94.74, 90=169, 99=247, 99.9=6239, 99.99=7195] [READ-MODIFY-WRITE: Count=1732, Max=63583, Min=183, Avg=476.07, 90=569, 99=1027, 99.9=7823, 99.99=63583] [UPDATE: Count=1730, Max=63295, Min=173, Avg=375.62, 90=424, 99=724, 99.9=7559, 99.99=63295] 
2026-04-29 15:45:51:910 19 sec: 61680 operations; 3649 current ops/sec; [READ: Count=3649, Max=8423, Min=5, Avg=92.7, 90=160, 99=235, 99.9=6335, 99.99=8423] [READ-MODIFY-WRITE: Count=1848, Max=56191, Min=183, Avg=436.02, 90=532, 99=711, 99.9=7783, 99.99=56191] [UPDATE: Count=1848, Max=55871, Min=171, Avg=349.07, 90=391, 99=533, 99.9=7771, 99.99=55871] 
2026-04-29 15:45:52:910 20 sec: 65721 operations; 4041 current ops/sec; [READ: Count=4041, Max=9439, Min=5, Avg=83.2, 90=142, 99=224, 99.9=7923, 99.99=9439] [READ-MODIFY-WRITE: Count=1996, Max=59071, Min=172, Avg=410.79, 90=491, 99=719, 99.9=22143, 99.99=59071] [UPDATE: Count=1996, Max=58943, Min=163, Avg=328.65, 90=373, 99=509, 99.9=21855, 99.99=58943] 
2026-04-29 15:45:53:910 21 sec: 68990 operations; 3269 current ops/sec; [READ: Count=3270, Max=7451, Min=5, Avg=88.58, 90=148, 99=241, 99.9=6523, 99.99=7451] [READ-MODIFY-WRITE: Count=1654, Max=108223, Min=168, Avg=518.5, 90=523, 99=3635, 99.9=7755, 99.99=108223] [UPDATE: Count=1655, Max=107967, Min=158, Avg=428.35, 90=392, 99=3045, 99.9=5243, 99.99=107967] 
2026-04-29 15:45:54:910 22 sec: 69870 operations; 880 current ops/sec; [READ: Count=880, Max=1880, Min=5, Avg=99.08, 90=192, 99=922, 99.9=1880, 99.99=1880] [READ-MODIFY-WRITE: Count=429, Max=8023, Min=417, Avg=2239.16, 90=3931, 99=5307, 99.9=8023, 99.99=8023] [UPDATE: Count=428, Max=7831, Min=328, Avg=2124.65, 90=3797, 99=5051, 99.9=7831, 99.99=7831] 
2026-04-29 15:45:55:910 23 sec: 72420 operations; 2550 current ops/sec; [READ: Count=2549, Max=9567, Min=5, Avg=96.23, 90=169, 99=282, 99.9=6807, 99.99=9567] [READ-MODIFY-WRITE: Count=1276, Max=9951, Min=182, Avg=688.4, 90=1482, 99=3601, 99.9=7047, 99.99=9951] [UPDATE: Count=1276, Max=5759, Min=172, Avg=585.51, 90=1353, 99=3297, 99.9=5587, 99.99=5759] 
2026-04-29 15:45:56:910 24 sec: 75859 operations; 3439 current ops/sec; [READ: Count=3440, Max=13407, Min=6, Avg=109.53, 90=181, 99=276, 99.9=7527, 99.99=13407] [READ-MODIFY-WRITE: Count=1754, Max=52927, Min=180, Avg=459.42, 90=581, 99=768, 99.9=13911, 99.99=52927] [UPDATE: Count=1756, Max=52703, Min=170, Avg=349.94, 90=422, 99=555, 99.9=1328, 99.99=52703] 
2026-04-29 15:45:57:614 - NewTail completed: 
2026-04-29 15:45:57:910 25 sec: 79987 operations; 4128 current ops/sec; [READ: Count=4128, Max=20223, Min=5, Avg=90.62, 90=154, 99=272, 99.9=6739, 99.99=20223] [READ-MODIFY-WRITE: Count=2049, Max=20687, Min=172, Avg=398.58, 90=524, 99=760, 99.9=7363, 99.99=20687] [UPDATE: Count=2048, Max=7211, Min=163, Avg=300.65, 90=389, 99=504, 99.9=1143, 99.99=7211] 
2026-04-29 15:45:58:910 26 sec: 83052 operations; 3065 current ops/sec; [READ: Count=3065, Max=13663, Min=5, Avg=95.27, 90=161, 99=262, 99.9=6987, 99.99=13663] [READ-MODIFY-WRITE: Count=1572, Max=88447, Min=181, Avg=544.51, 90=559, 99=1848, 99.9=60063, 99.99=88447] [UPDATE: Count=1572, Max=87999, Min=171, Avg=445.25, 90=424, 99=1252, 99.9=59807, 99.99=87999] 
2026-04-29 15:45:59:910 27 sec: 85883 operations; 2831 current ops/sec; [READ: Count=2831, Max=6751, Min=6, Avg=93.91, 90=171, 99=290, 99.9=3591, 99.99=6751] [READ-MODIFY-WRITE: Count=1398, Max=9247, Min=170, Avg=618.27, 90=1024, 99=1696, 99.9=5023, 99.99=9247] [UPDATE: Count=1399, Max=8975, Min=161, Avg=519.38, 90=903, 99=1392, 99.9=4045, 99.99=8975] 
2026-04-29 15:46:00:910 28 sec: 89156 operations; 3273 current ops/sec; [READ: Count=3273, Max=11743, Min=6, Avg=102.89, 90=176, 99=275, 99.9=7659, 99.99=11743] [READ-MODIFY-WRITE: Count=1679, Max=101631, Min=178, Avg=468.58, 90=548, 99=743, 99.9=12143, 99.99=101631] [UPDATE: Count=1677, Max=101375, Min=168, Avg=367.03, 90=387, 99=546, 99.9=9111, 99.99=101375] 
2026-04-29 15:46:01:910 29 sec: 92794 operations; 3638 current ops/sec; [READ: Count=3638, Max=13871, Min=6, Avg=95.97, 90=158, 99=246, 99.9=7691, 99.99=13871] [READ-MODIFY-WRITE: Count=1822, Max=48095, Min=172, Avg=440.59, 90=531, 99=789, 99.9=14223, 99.99=48095] [UPDATE: Count=1822, Max=47999, Min=161, Avg=333.53, 90=395, 99=562, 99.9=7375, 99.99=47999] 
2026-04-29 15:46:02:910 30 sec: 96869 operations; 4075 current ops/sec; [READ: Count=4075, Max=14599, Min=5, Avg=89.39, 90=150, 99=231, 99.9=7563, 99.99=14599] [READ-MODIFY-WRITE: Count=2096, Max=83327, Min=168, Avg=425.14, 90=512, 99=687, 99.9=8655, 99.99=83327] [UPDATE: Count=2098, Max=83263, Min=157, Avg=333.89, 90=388, 99=519, 99.9=1559, 99.99=83263] 
2026-04-29 15:46:03:724 - NewTail completed: 
2026-04-29 15:46:03:752 - Compaction started: 
2026-04-29 15:46:03:910 31 sec: 100932 operations; 4063 current ops/sec; [READ: Count=4063, Max=7875, Min=6, Avg=89.79, 90=156, 99=254, 99.9=6507, 99.99=7875] [READ-MODIFY-WRITE: Count=2027, Max=7395, Min=170, Avg=396.65, 90=532, 99=787, 99.9=6787, 99.99=7395] [UPDATE: Count=2025, Max=6367, Min=161, Avg=304.07, 90=392, 99=576, 99.9=1821, 99.99=6367] 
140279889663552:Compacting datalog/61 datalog/62 into:sstable1/2648f5d9-7274-46bd-af0b-8e2fcca8180e202604290945321777477563926736938.sst
2026-04-29 15:46:04:228 - Compaction completed: 
2026-04-29 15:46:04:910 32 sec: 103083 operations; 2151 current ops/sec; [READ: Count=2152, Max=5351, Min=6, Avg=103.27, 90=186, 99=323, 99.9=3253, 99.99=5351] [READ-MODIFY-WRITE: Count=1073, Max=106367, Min=186, Avg=833.33, 90=1152, 99=1726, 99.9=13303, 99.99=106367] [UPDATE: Count=1074, Max=106111, Min=176, Avg=727.26, 90=1036, 99=1423, 99.9=13119, 99.99=106111] 
2026-04-29 15:46:05:910 33 sec: 106583 operations; 3500 current ops/sec; [READ: Count=3499, Max=50847, Min=6, Avg=108.75, 90=161, 99=269, 99.9=7183, 99.99=50847] [READ-MODIFY-WRITE: Count=1791, Max=60927, Min=178, Avg=459.36, 90=527, 99=762, 99.9=51391, 99.99=60927] [UPDATE: Count=1792, Max=60639, Min=166, Avg=340.98, 90=386, 99=530, 99.9=9535, 99.99=60639] 
2026-04-29 15:46:06:910 34 sec: 110550 operations; 3967 current ops/sec; [READ: Count=3969, Max=7939, Min=6, Avg=95.87, 90=169, 99=299, 99.9=6447, 99.99=7939] [READ-MODIFY-WRITE: Count=1982, Max=6831, Min=168, Avg=402.23, 90=560, 99=780, 99.9=6535, 99.99=6831] [UPDATE: Count=1980, Max=6715, Min=159, Avg=307.25, 90=401, 99=551, 99.9=5011, 99.99=6715] 
2026-04-29 15:46:07:138 - NewTail completed: 
2026-04-29 15:46:07:910 35 sec: 114359 operations; 3809 current ops/sec; [READ: Count=3809, Max=9215, Min=6, Avg=99.48, 90=177, 99=278, 99.9=7563, 99.99=9215] [READ-MODIFY-WRITE: Count=1894, Max=11135, Min=177, Avg=423.73, 90=572, 99=829, 99.9=8623, 99.99=11135] [UPDATE: Count=1896, Max=10887, Min=167, Avg=322.58, 90=411, 99=629, 99.9=6479, 99.99=10887] 
2026-04-29 15:46:08:910 36 sec: 118137 operations; 3778 current ops/sec; [READ: Count=3776, Max=15527, Min=6, Avg=93.06, 90=167, 99=271, 99.9=7139, 99.99=15527] [READ-MODIFY-WRITE: Count=1838, Max=60447, Min=168, Avg=433.76, 90=552, 99=825, 99.9=10151, 99.99=60447] [UPDATE: Count=1838, Max=60191, Min=157, Avg=346.25, 90=397, 99=580, 99.9=7215, 99.99=60191] 
2026-04-29 15:46:09:231 - NewTail completed: 
2026-04-29 15:46:09:910 37 sec: 120123 operations; 1986 current ops/sec; [READ: Count=1986, Max=12295, Min=6, Avg=115.09, 90=201, 99=347, 99.9=6255, 99.99=12295] [READ-MODIFY-WRITE: Count=973, Max=110207, Min=195, Avg=893.07, 90=1194, 99=2355, 99.9=110207, 99.99=110207] [UPDATE: Count=973, Max=109951, Min=183, Avg=786.23, 90=1093, 99=1958, 99.9=109951, 99.99=109951] 
2026-04-29 15:46:10:910 38 sec: 124015 operations; 3892 current ops/sec; [READ: Count=3892, Max=8751, Min=6, Avg=92.74, 90=166, 99=267, 99.9=6911, 99.99=8751] [READ-MODIFY-WRITE: Count=1945, Max=12599, Min=164, Avg=410.74, 90=580, 99=1199, 99.9=6119, 99.99=12599] [UPDATE: Count=1944, Max=12495, Min=154, Avg=323.75, 90=417, 99=1027, 99.9=6027, 99.99=12495] 
2026-04-29 15:46:11:910 39 sec: 128186 operations; 4171 current ops/sec; [READ: Count=4171, Max=14167, Min=6, Avg=97.01, 90=168, 99=274, 99.9=6863, 99.99=14167] [READ-MODIFY-WRITE: Count=2020, Max=9031, Min=171, Avg=385.35, 90=521, 99=735, 99.9=7067, 99.99=9031] [UPDATE: Count=2020, Max=6871, Min=160, Avg=290.08, 90=373, 99=520, 99.9=1283, 99.99=6871] 
2026-04-29 15:46:12:910 40 sec: 132153 operations; 3967 current ops/sec; [READ: Count=3968, Max=15167, Min=6, Avg=96.37, 90=167, 99=265, 99.9=7415, 99.99=15167] [READ-MODIFY-WRITE: Count=2032, Max=9407, Min=173, Avg=396.38, 90=537, 99=739, 99.9=7619, 99.99=9407] [UPDATE: Count=2032, Max=6935, Min=161, Avg=299.45, 90=397, 99=546, 99.9=903, 99.99=6935] 
2026-04-29 15:46:13:910 41 sec: 135986 operations; 3833 current ops/sec; [READ: Count=3832, Max=8495, Min=6, Avg=93.85, 90=170, 99=294, 99.9=7119, 99.99=8495] [READ-MODIFY-WRITE: Count=1907, Max=54687, Min=171, Avg=426.03, 90=536, 99=750, 99.9=7691, 99.99=54687] [UPDATE: Count=1907, Max=54591, Min=160, Avg=331.02, 90=386, 99=530, 99.9=7611, 99.99=54591] 
2026-04-29 15:46:14:910 42 sec: 137431 operations; 1445 current ops/sec; [READ: Count=1444, Max=15199, Min=6, Avg=113.01, 90=193, 99=493, 99.9=7083, 99.99=15199] [READ-MODIFY-WRITE: Count=753, Max=114943, Min=216, Avg=1234.07, 90=1895, 99=7539, 99.9=114943, 99.99=114943] [UPDATE: Count=753, Max=108927, Min=201, Avg=1105.77, 90=1780, 99=6699, 99.9=108927, 99.99=108927] 
2026-04-29 15:46:15:910 43 sec: 140243 operations; 2812 current ops/sec; [READ: Count=2814, Max=9847, Min=6, Avg=104.56, 90=177, 99=343, 99.9=6211, 99.99=9847] [READ-MODIFY-WRITE: Count=1429, Max=6527, Min=174, Avg=592.94, 90=995, 99=1621, 99.9=5195, 99.99=6527] [UPDATE: Count=1429, Max=4583, Min=163, Avg=489.05, 90=880, 99=1318, 99.9=1846, 99.99=4583] 
2026-04-29 15:46:16:910 44 sec: 144039 operations; 3796 current ops/sec; [READ: Count=3795, Max=7679, Min=6, Avg=94.59, 90=169, 99=271, 99.9=7391, 99.99=7679] [READ-MODIFY-WRITE: Count=1865, Max=45439, Min=179, Avg=428.85, 90=545, 99=778, 99.9=7999, 99.99=45439] [UPDATE: Count=1866, Max=45119, Min=168, Avg=338.92, 90=396, 99=546, 99.9=7963, 99.99=45119] 
2026-04-29 15:46:17:910 45 sec: 147756 operations; 3717 current ops/sec; [READ: Count=3717, Max=8359, Min=6, Avg=94.63, 90=168, 99=277, 99.9=6243, 99.99=8359] [READ-MODIFY-WRITE: Count=1866, Max=57695, Min=178, Avg=441.63, 90=545, 99=822, 99.9=8031, 99.99=57695] [UPDATE: Count=1866, Max=57439, Min=166, Avg=342.78, 90=394, 99=558, 99.9=7911, 99.99=57439] 
2026-04-29 15:46:18:910 46 sec: 151309 operations; 3553 current ops/sec; [READ: Count=3552, Max=18431, Min=6, Avg=100.31, 90=174, 99=310, 99.9=7171, 99.99=18431] [READ-MODIFY-WRITE: Count=1811, Max=63487, Min=180, Avg=443.55, 90=552, 99=819, 99.9=8015, 99.99=63487] [UPDATE: Count=1811, Max=63167, Min=169, Avg=350.28, 90=405, 99=581, 99.9=7999, 99.99=63167] 
2026-04-29 15:46:19:910 47 sec: 153517 operations; 2208 current ops/sec; [READ: Count=2210, Max=8215, Min=6, Avg=102.03, 90=175, 99=365, 99.9=5783, 99.99=8215] [READ-MODIFY-WRITE: Count=1104, Max=102911, Min=180, Avg=794.62, 90=1178, 99=2281, 99.9=59327, 99.99=102911] [UPDATE: Count=1103, Max=102655, Min=168, Avg=697.02, 90=1067, 99=1965, 99.9=59007, 99.99=102655] 
2026-04-29 15:46:20:910 48 sec: 156796 operations; 3279 current ops/sec; [READ: Count=3280, Max=7631, Min=6, Avg=96.24, 90=177, 99=314, 99.9=5243, 99.99=7631] [READ-MODIFY-WRITE: Count=1684, Max=7867, Min=173, Avg=497.68, 90=866, 99=1586, 99.9=6255, 99.99=7867] [UPDATE: Count=1683, Max=6047, Min=160, Avg=401.77, 90=744, 99=1425, 99.9=4371, 99.99=6047] 
2026-04-29 15:46:21:910 49 sec: 160468 operations; 3672 current ops/sec; [READ: Count=3671, Max=7859, Min=6, Avg=90.85, 90=168, 99=273, 99.9=5687, 99.99=7859] [READ-MODIFY-WRITE: Count=1844, Max=64703, Min=173, Avg=451.65, 90=557, 99=735, 99.9=8239, 99.99=64703] [UPDATE: Count=1846, Max=64607, Min=164, Avg=356.62, 90=404, 99=536, 99.9=7459, 99.99=64607] 
2026-04-29 15:46:22:910 50 sec: 164213 operations; 3745 current ops/sec; [READ: Count=3745, Max=14431, Min=6, Avg=92.45, 90=167, 99=285, 99.9=6275, 99.99=14431] [READ-MODIFY-WRITE: Count=1896, Max=65471, Min=182, Avg=438.63, 90=535, 99=809, 99.9=9287, 99.99=65471] [UPDATE: Count=1895, Max=65343, Min=170, Avg=340.34, 90=384, 99=534, 99.9=8967, 99.99=65343] 
2026-04-29 15:46:23:910 51 sec: 168019 operations; 3806 current ops/sec; [READ: Count=3805, Max=23823, Min=6, Avg=90.89, 90=165, 99=273, 99.9=6067, 99.99=23823] [READ-MODIFY-WRITE: Count=1914, Max=68287, Min=178, Avg=437.5, 90=529, 99=759, 99.9=24335, 99.99=68287] [UPDATE: Count=1914, Max=68223, Min=169, Avg=337.4, 90=382, 99=527, 99.9=8767, 99.99=68223] 
2026-04-29 15:46:24:910 52 sec: 170390 operations; 2371 current ops/sec; [READ: Count=2371, Max=15039, Min=6, Avg=108.55, 90=196, 99=349, 99.9=5639, 99.99=15039] [READ-MODIFY-WRITE: Count=1174, Max=110591, Min=175, Avg=750.04, 90=1075, 99=2353, 99.9=54207, 99.99=110591] [UPDATE: Count=1174, Max=110399, Min=166, Avg=627.01, 90=982, 99=1713, 99.9=54111, 99.99=110399] 
2026-04-29 15:46:25:910 53 sec: 172873 operations; 2483 current ops/sec; [READ: Count=2483, Max=8175, Min=7, Avg=106.34, 90=188, 99=350, 99.9=5459, 99.99=8175] [READ-MODIFY-WRITE: Count=1263, Max=5723, Min=171, Avg=682.13, 90=1369, 99=2283, 99.9=4139, 99.99=5723] [UPDATE: Count=1263, Max=2453, Min=158, Avg=577.51, 90=1219, 99=1950, 99.9=2329, 99.99=2453] 
2026-04-29 15:46:26:910 54 sec: 176615 operations; 3742 current ops/sec; [READ: Count=3743, Max=12239, Min=7, Avg=100.52, 90=178, 99=292, 99.9=6979, 99.99=12239] [READ-MODIFY-WRITE: Count=1888, Max=52671, Min=174, Avg=421.44, 90=546, 99=770, 99.9=8023, 99.99=52671] [UPDATE: Count=1888, Max=52447, Min=162, Avg=325.72, 90=386, 99=537, 99.9=7711, 99.99=52447] 
2026-04-29 15:46:27:910 55 sec: 179975 operations; 3360 current ops/sec; [READ: Count=3359, Max=15063, Min=7, Avg=114.79, 90=202, 99=363, 99.9=7231, 99.99=15063] [READ-MODIFY-WRITE: Count=1670, Max=54399, Min=182, Avg=482.7, 90=606, 99=989, 99.9=15431, 99.99=54399] [UPDATE: Count=1670, Max=54207, Min=170, Avg=363.04, 90=410, 99=605, 99.9=7763, 99.99=54207] 
2026-04-29 15:46:28:910 56 sec: 183768 operations; 3793 current ops/sec; [READ: Count=3792, Max=9695, Min=7, Avg=98.31, 90=177, 99=313, 99.9=6743, 99.99=9695] [READ-MODIFY-WRITE: Count=1895, Max=58175, Min=175, Avg=422.49, 90=549, 99=816, 99.9=9159, 99.99=58175] [UPDATE: Count=1896, Max=58015, Min=163, Avg=326.09, 90=385, 99=527, 99.9=9135, 99.99=58015] 
2026-04-29 15:46:29:910 57 sec: 186515 operations; 2747 current ops/sec; [READ: Count=2748, Max=7115, Min=7, Avg=89.56, 90=161, 99=273, 99.9=6031, 99.99=7115] [READ-MODIFY-WRITE: Count=1365, Max=104255, Min=165, Avg=627.49, 90=580, 99=4579, 99.9=11391, 99.99=104255] [UPDATE: Count=1363, Max=104191, Min=154, Avg=547.55, 90=426, 99=4539, 99.9=11319, 99.99=104191] 
2026-04-29 15:46:30:910 58 sec: 187281 operations; 766 current ops/sec; [READ: Count=766, Max=1051, Min=7, Avg=104.84, 90=216, 99=772, 99.9=1051, 99.99=1051] [READ-MODIFY-WRITE: Count=367, Max=5331, Min=615, Avg=2611.34, 90=4001, 99=4767, 99.9=5331, 99.99=5331] [UPDATE: Count=367, Max=5227, Min=599, Avg=2502.21, 90=3877, 99=4631, 99.9=5227, 99.99=5227] 
2026-04-29 15:46:31:910 59 sec: 188341 operations; 1060 current ops/sec; [READ: Count=1060, Max=2477, Min=7, Avg=107.19, 90=212, 99=481, 99.9=1604, 99.99=2477] [READ-MODIFY-WRITE: Count=518, Max=7255, Min=178, Avg=1791.85, 90=3519, 99=4975, 99.9=7255, 99.99=7255] [UPDATE: Count=518, Max=7139, Min=167, Avg=1683.25, 90=3355, 99=4679, 99.9=7139, 99.99=7139] 
2026-04-29 15:46:32:910 60 sec: 192091 operations; 3750 current ops/sec; [READ: Count=3750, Max=14383, Min=7, Avg=96.02, 90=176, 99=305, 99.9=5991, 99.99=14383] [READ-MODIFY-WRITE: Count=1873, Max=66943, Min=178, Avg=440.59, 90=558, 99=790, 99.9=8207, 99.99=66943] [UPDATE: Count=1873, Max=66879, Min=169, Avg=341.54, 90=399, 99=528, 99.9=7979, 99.99=66879] 
2026-04-29 15:46:33:910 61 sec: 195783 operations; 3692 current ops/sec; [READ: Count=3692, Max=8679, Min=7, Avg=89.21, 90=175, 99=286, 99.9=1803, 99.99=8679] [READ-MODIFY-WRITE: Count=1847, Max=60319, Min=182, Avg=445.72, 90=538, 99=781, 99.9=22255, 99.99=60319] [UPDATE: Count=1847, Max=60095, Min=171, Avg=355.42, 90=384, 99=554, 99.9=22063, 99.99=60095] 
2026-04-29 15:46:34:910 62 sec: 198503 operations; 2720 current ops/sec; [READ: Count=2720, Max=14207, Min=7, Avg=104.69, 90=187, 99=334, 99.9=7803, 99.99=14207] [READ-MODIFY-WRITE: Count=1342, Max=78335, Min=183, Avg=661.02, 90=700, 99=4331, 99.9=73791, 99.99=78335] [UPDATE: Count=1342, Max=78207, Min=171, Avg=535.26, 90=501, 99=3411, 99.9=73471, 99.99=78207] 
2026-04-29 15:46:35:910 63 sec: 200645 operations; 2142 current ops/sec; [READ: Count=2142, Max=7867, Min=7, Avg=106.1, 90=195, 99=368, 99.9=3321, 99.99=7867] [READ-MODIFY-WRITE: Count=1071, Max=11431, Min=185, Avg=830.84, 90=1438, 99=4063, 99.9=8599, 99.99=11431] [UPDATE: Count=1073, Max=11191, Min=177, Avg=715.91, 90=1288, 99=3953, 99.9=6143, 99.99=11191] 
2026-04-29 15:46:36:910 64 sec: 204208 operations; 3563 current ops/sec; [READ: Count=3563, Max=8179, Min=7, Avg=98.96, 90=185, 99=366, 99.9=6539, 99.99=8179] [READ-MODIFY-WRITE: Count=1816, Max=68223, Min=186, Avg=451.56, 90=560, 99=935, 99.9=8679, 99.99=68223] [UPDATE: Count=1815, Max=68031, Min=174, Avg=351.74, 90=398, 99=567, 99.9=8303, 99.99=68031] 
2026-04-29 15:46:37:910 65 sec: 207941 operations; 3733 current ops/sec; [READ: Count=3733, Max=13535, Min=7, Avg=104.46, 90=179, 99=343, 99.9=7351, 99.99=13535] [READ-MODIFY-WRITE: Count=1821, Max=55839, Min=181, Avg=440.61, 90=565, 99=833, 99.9=8535, 99.99=55839] [UPDATE: Count=1822, Max=55615, Min=172, Avg=330.25, 90=393, 99=526, 99.9=2473, 99.99=55615] 
2026-04-29 15:46:38:910 66 sec: 211489 operations; 3548 current ops/sec; [READ: Count=3548, Max=14799, Min=7, Avg=108.24, 90=191, 99=315, 99.9=7783, 99.99=14799] [READ-MODIFY-WRITE: Count=1749, Max=56287, Min=181, Avg=473.21, 90=583, 99=862, 99.9=15343, 99.99=56287] [UPDATE: Count=1748, Max=56031, Min=170, Avg=347.03, 90=409, 99=550, 99.9=9383, 99.99=56031] 
2026-04-29 15:46:39:910 67 sec: 214479 operations; 2990 current ops/sec; [READ: Count=2990, Max=7655, Min=7, Avg=103.97, 90=191, 99=332, 99.9=7015, 99.99=7655] [READ-MODIFY-WRITE: Count=1521, Max=101951, Min=187, Avg=550.14, 90=624, 99=1266, 99.9=68799, 99.99=101951] [UPDATE: Count=1521, Max=101951, Min=178, Avg=448.31, 90=450, 99=1127, 99.9=68671, 99.99=101951] 
2026-04-29 15:46:40:910 68 sec: 217196 operations; 2717 current ops/sec; [READ: Count=2717, Max=5999, Min=7, Avg=111.01, 90=198, 99=381, 99.9=5551, 99.99=5999] [READ-MODIFY-WRITE: Count=1376, Max=6431, Min=178, Avg=619.49, 90=990, 99=1675, 99.9=5923, 99.99=6431] [UPDATE: Count=1375, Max=4155, Min=166, Avg=502.42, 90=830, 99=1331, 99.9=3823, 99.99=4155] 
2026-04-29 15:46:41:910 69 sec: 220855 operations; 3659 current ops/sec; [READ: Count=3659, Max=13631, Min=7, Avg=94.56, 90=180, 99=323, 99.9=2441, 99.99=13631] [READ-MODIFY-WRITE: Count=1852, Max=57599, Min=188, Avg=443.31, 90=548, 99=819, 99.9=13983, 99.99=57599] [UPDATE: Count=1852, Max=57471, Min=176, Avg=348.85, 90=390, 99=571, 99.9=6931, 99.99=57471] 
2026-04-29 15:46:42:910 70 sec: 224225 operations; 3370 current ops/sec; [READ: Count=3370, Max=9111, Min=7, Avg=109.02, 90=198, 99=376, 99.9=6447, 99.99=9111] [READ-MODIFY-WRITE: Count=1723, Max=45343, Min=183, Avg=475.47, 90=587, 99=894, 99.9=18255, 99.99=45343] [UPDATE: Count=1725, Max=45183, Min=172, Avg=361.68, 90=413, 99=547, 99.9=17999, 99.99=45183] 
2026-04-29 15:46:43:910 71 sec: 228022 operations; 3797 current ops/sec; [READ: Count=3797, Max=14223, Min=7, Avg=102.64, 90=184, 99=332, 99.9=7295, 99.99=14223] [READ-MODIFY-WRITE: Count=1859, Max=14583, Min=189, Avg=435.34, 90=586, 99=832, 99.9=12367, 99.99=14583] [UPDATE: Count=1858, Max=12127, Min=180, Avg=323.63, 90=406, 99=552, 99.9=9199, 99.99=12127] 
2026-04-29 15:46:44:910 72 sec: 231486 operations; 3464 current ops/sec; [READ: Count=3464, Max=7263, Min=7, Avg=99.13, 90=184, 99=336, 99.9=6051, 99.99=7263] [READ-MODIFY-WRITE: Count=1712, Max=45823, Min=191, Avg=440.94, 90=576, 99=831, 99.9=8059, 99.99=45823] [UPDATE: Count=1711, Max=45599, Min=178, Avg=346.87, 90=407, 99=591, 99.9=7855, 99.99=45599] 
2026-04-29 15:46:45:910 73 sec: 233667 operations; 2181 current ops/sec; [READ: Count=2182, Max=10439, Min=7, Avg=112.9, 90=199, 99=423, 99.9=4775, 99.99=10439] [READ-MODIFY-WRITE: Count=1088, Max=109759, Min=185, Avg=866.85, 90=1101, 99=2933, 99.9=90239, 99.99=109759] [UPDATE: Count=1089, Max=109631, Min=173, Avg=737.41, 90=943, 99=1470, 99.9=90239, 99.99=109631] 
2026-04-29 15:46:46:910 74 sec: 237368 operations; 3701 current ops/sec; [READ: Count=3700, Max=12911, Min=7, Avg=108.24, 90=192, 99=361, 99.9=6071, 99.99=12911] [READ-MODIFY-WRITE: Count=1861, Max=13423, Min=185, Avg=439.3, 90=581, 99=964, 99.9=8147, 99.99=13423] [UPDATE: Count=1863, Max=7579, Min=173, Avg=317.12, 90=403, 99=585, 99.9=6787, 99.99=7579] 
2026-04-29 15:46:47:395 - NewTail completed: 
2026-04-29 15:46:47:910 75 sec: 241027 operations; 3659 current ops/sec; [READ: Count=3659, Max=14903, Min=7, Avg=106.13, 90=192, 99=358, 99.9=7483, 99.99=14903] [READ-MODIFY-WRITE: Count=1885, Max=15559, Min=182, Avg=425.53, 90=583, 99=903, 99.9=8807, 99.99=15559] [UPDATE: Count=1883, Max=7239, Min=167, Avg=319.88, 90=411, 99=605, 99.9=7227, 99.99=7239] 
2026-04-29 15:46:48:910 76 sec: 244972 operations; 3945 current ops/sec; [READ: Count=3945, Max=7919, Min=7, Avg=92.95, 90=174, 99=294, 99.9=6995, 99.99=7919] [READ-MODIFY-WRITE: Count=1970, Max=9231, Min=183, Avg=416.47, 90=545, 99=760, 99.9=8111, 99.99=9231] [UPDATE: Count=1970, Max=7939, Min=167, Avg=315.15, 90=392, 99=516, 99.9=6843, 99.99=7939] 
2026-04-29 15:46:49:910 77 sec: 248730 operations; 3758 current ops/sec; [READ: Count=3758, Max=7315, Min=7, Avg=100.82, 90=183, 99=343, 99.9=6567, 99.99=7315] [READ-MODIFY-WRITE: Count=1853, Max=44511, Min=187, Avg=437.4, 90=571, 99=891, 99.9=7559, 99.99=44511] [UPDATE: Count=1854, Max=44383, Min=174, Avg=330.37, 90=396, 99=524, 99.9=5535, 99.99=44383] 
2026-04-29 15:46:50:910 78 sec: 250251 operations; 1521 current ops/sec; [READ: Count=1521, Max=4511, Min=8, Avg=113.12, 90=212, 99=457, 99.9=2389, 99.99=4511] [READ-MODIFY-WRITE: Count=796, Max=112127, Min=191, Avg=1153.64, 90=1778, 99=4983, 99.9=112127, 99.99=112127] [UPDATE: Count=796, Max=111871, Min=179, Avg=1035.17, 90=1610, 99=3633, 99.9=111871, 99.99=111871] 
2026-04-29 15:46:51:910 79 sec: 253330 operations; 3079 current ops/sec; [READ: Count=3078, Max=11175, Min=8, Avg=115.04, 90=205, 99=397, 99.9=6671, 99.99=11175] [READ-MODIFY-WRITE: Count=1571, Max=9431, Min=184, Avg=518.4, 90=809, 99=1460, 99.9=7899, 99.99=9431] [UPDATE: Count=1570, Max=8887, Min=172, Avg=405.69, 90=665, 99=1283, 99.9=6599, 99.99=8887] 
2026-04-29 15:46:52:910 80 sec: 257196 operations; 3866 current ops/sec; [READ: Count=3867, Max=17359, Min=7, Avg=100.18, 90=184, 99=323, 99.9=6699, 99.99=17359] [READ-MODIFY-WRITE: Count=1897, Max=8647, Min=184, Avg=417.94, 90=566, 99=835, 99.9=8015, 99.99=8647] [UPDATE: Count=1897, Max=8375, Min=173, Avg=318.55, 90=397, 99=554, 99.9=7219, 99.99=8375] 
2026-04-29 15:46:53:910 81 sec: 260711 operations; 3515 current ops/sec; [READ: Count=3515, Max=8775, Min=8, Avg=113.51, 90=209, 99=381, 99.9=7547, 99.99=8775] [READ-MODIFY-WRITE: Count=1771, Max=9583, Min=188, Avg=451.28, 90=615, 99=928, 99.9=8983, 99.99=9583] [UPDATE: Count=1771, Max=9255, Min=176, Avg=334.03, 90=419, 99=551, 99.9=8543, 99.99=9255] 
2026-04-29 15:46:54:910 82 sec: 264472 operations; 3761 current ops/sec; [READ: Count=3761, Max=8559, Min=8, Avg=102.25, 90=193, 99=363, 99.9=6387, 99.99=8559] [READ-MODIFY-WRITE: Count=1907, Max=9063, Min=184, Avg=428.23, 90=587, 99=893, 99.9=8043, 99.99=9063] [UPDATE: Count=1906, Max=7271, Min=169, Avg=318.01, 90=410, 99=551, 99.9=7047, 99.99=7271] 
2026-04-29 15:46:55:910 83 sec: 266230 operations; 1758 current ops/sec; [READ: Count=1757, Max=11415, Min=8, Avg=123.41, 90=222, 99=466, 99.9=6263, 99.99=11415] [READ-MODIFY-WRITE: Count=887, Max=114751, Min=194, Avg=1002.85, 90=1589, 99=2489, 99.9=114751, 99.99=114751] [UPDATE: Count=888, Max=114623, Min=182, Avg=876.65, 90=1446, 99=2059, 99.9=114623, 99.99=114623] 
2026-04-29 15:46:56:706 - NewTail completed: 
2026-04-29 15:46:56:910 84 sec: 269448 operations; 3218 current ops/sec; [READ: Count=3219, Max=7495, Min=7, Avg=104.33, 90=198, 99=366, 99.9=6039, 99.99=7495] [READ-MODIFY-WRITE: Count=1625, Max=7975, Min=187, Avg=516.77, 90=821, 99=1878, 99.9=7659, 99.99=7975] [UPDATE: Count=1624, Max=7427, Min=173, Avg=403.98, 90=632, 99=1719, 99.9=6619, 99.99=7427] 
2026-04-29 15:46:57:910 85 sec: 273587 operations; 4139 current ops/sec; [READ: Count=4139, Max=13303, Min=8, Avg=95.09, 90=170, 99=291, 99.9=6787, 99.99=13303] [READ-MODIFY-WRITE: Count=2021, Max=13407, Min=183, Avg=397.49, 90=532, 99=728, 99.9=7115, 99.99=13407] [UPDATE: Count=2022, Max=13263, Min=170, Avg=295.68, 90=375, 99=485, 99.9=1006, 99.99=13263] 
2026-04-29 15:46:58:710 - Compaction started: 
2026-04-29 15:46:58:910 86 sec: 277204 operations; 3617 current ops/sec; [READ: Count=3617, Max=60735, Min=8, Avg=121.3, 90=192, 99=374, 99.9=7403, 99.99=60735] [READ-MODIFY-WRITE: Count=1801, Max=9103, Min=184, Avg=414, 90=576, 99=933, 99.9=7091, 99.99=9103] [UPDATE: Count=1800, Max=6603, Min=171, Avg=306.75, 90=393, 99=567, 99.9=3753, 99.99=6603] 
140279889663552:Compacting datalog/109 datalog/110 into:sstable1/2648f5d9-7274-46bd-af0b-8e2fcca8180e202604290945321777477618835979486.sst
2026-04-29 15:46:59:217 - Compaction completed: 
2026-04-29 15:46:59:910 87 sec: 280583 operations; 3379 current ops/sec; [READ: Count=3378, Max=8103, Min=8, Avg=107.82, 90=200, 99=401, 99.9=6707, 99.99=8103] [READ-MODIFY-WRITE: Count=1678, Max=88447, Min=185, Avg=487.63, 90=602, 99=906, 99.9=10655, 99.99=88447] [UPDATE: Count=1678, Max=88191, Min=173, Avg=370.16, 90=409, 99=541, 99.9=10463, 99.99=88191] 
2026-04-29 15:47:00:910 88 sec: 282046 operations; 1463 current ops/sec; [READ: Count=1464, Max=11687, Min=8, Avg=125.66, 90=230, 99=484, 99.9=8107, 99.99=11687] [READ-MODIFY-WRITE: Count=718, Max=109247, Min=188, Avg=1274.61, 90=3415, 99=7411, 99.9=109247, 99.99=109247] [UPDATE: Count=719, Max=108543, Min=177, Avg=1139.48, 90=3323, 99=6431, 99.9=108543, 99.99=108543] 
2026-04-29 15:47:01:910 89 sec: 282794 operations; 748 current ops/sec; [READ: Count=747, Max=1471, Min=8, Avg=112.31, 90=239, 99=896, 99.9=1471, 99.99=1471] [READ-MODIFY-WRITE: Count=376, Max=5387, Min=349, Avg=2552.26, 90=4207, 99=4907, 99.9=5387, 99.99=5387] [UPDATE: Count=375, Max=5331, Min=288, Avg=2429.56, 90=3997, 99=4783, 99.9=5331, 99.99=5331] 
Maximum time elapsed. Requesting stop for the workload.
Stop requested for workload. Now Joining!
2026-04-29 15:47:02:910 90 sec: 284050 operations; 1256 current ops/sec; [READ: Count=1257, Max=1797, Min=8, Avg=103.05, 90=198, 99=408, 99.9=1403, 99.99=1797] [READ-MODIFY-WRITE: Count=636, Max=8791, Min=200, Avg=1467.18, 90=3145, 99=4903, 99.9=8791, 99.99=8791] [UPDATE: Count=636, Max=8687, Min=186, Avg=1362.89, 90=3063, 99=4739, 99.9=8687, 99.99=8687] 
[OZONEDB-PROFILE] reads=426358  avg_total=77.73us  view=7.78us(10.0%)  log=13.11us(16.9%)  sst=88.27us_per_call x 273350_calls(72.8%_of_total)
[OZONEDB-SST-PROFILE] level | time_total_ms | enters | range_rejects | table_gets | hits
[OZONEDB-SST-PROFILE] L1  |      5816.56 |  1163612 |        32535 |    1131077 |  71745
[OZONEDB-SST-PROFILE] L2  |      8437.22 |  1350302 |       122836 |    1227466 |  86321
[OZONEDB-SST-PROFILE] L3  |       747.03 |   230394 |       115110 |     115284 |   7543
[OZONEDB-SST-PROFILE] L4  |       710.71 |   215173 |       107434 |     107739 |   7737
[OZONEDB-SST-PROFILE] L5  |       670.79 |   199725 |        99729 |      99996 |   7679
[OZONEDB-SST-PROFILE] L6  |       653.31 |   184371 |        92047 |      92324 |   7749
[OZONEDB-SST-PROFILE] L7  |      6888.22 |   292749 |            9 |     292740 |  84576
[OZONEDB-TBL-PROFILE] file_filter_reject=2761679  block_filter_reject=31256  index_invalid=0  block_read_more=171794  hit_from_cache=101897  miss_after_read=341  found=273350
2026-04-29 15:47:03:009 90 sec: 284051 operations; 10.1 current ops/sec; [READ: Count=0, Max=0, Min=0, Avg=0, 90=0, 99=0, 99.9=0, 99.99=0] [READ-MODIFY-WRITE: Count=1, Max=6027, Min=6024, Avg=6026, 90=6027, 99=6027, 99.9=6027, 99.99=6027] [CLEANUP: Count=1, Max=94655, Min=94592, Avg=94624, 90=94655, 99=94655, 99.9=94655, 99.99=94655] [UPDATE: Count=1, Max=5167, Min=5164, Avg=5166, 90=5167, 99=5167, 99.9=5167, 99.99=5167] 
[OVERALL], RunTime(ms), 90099
[OVERALL], Throughput(ops/sec), 3152.6543024894836
[TOTAL_GCS_PS_Scavenge], Count, 4
[TOTAL_GC_TIME_PS_Scavenge], Time(ms), 16
[TOTAL_GC_TIME_%_PS_Scavenge], Time(%), 0.01775824370969711
[TOTAL_GCS_PS_MarkSweep], Count, 0
[TOTAL_GC_TIME_PS_MarkSweep], Time(ms), 0
[TOTAL_GC_TIME_%_PS_MarkSweep], Time(%), 0.0
[TOTAL_GCs], Count, 4
[TOTAL_GC_TIME], Time(ms), 16
[TOTAL_GC_TIME_%], Time(%), 0.01775824370969711
[READ], Operations, 284051
[READ], AverageLatency(us), 99.6323054662719
[READ], MinLatency(us), 5
[READ], MaxLatency(us), 60831
[READ], 95thPercentileLatency(us), 207
[READ], 99thPercentileLatency(us), 322
[READ], Return=OK, 284051
[READ-MODIFY-WRITE], Operations, 142307
[READ-MODIFY-WRITE], AverageLatency(us), 527.8966178754383
[READ-MODIFY-WRITE], MinLatency(us), 164
[READ-MODIFY-WRITE], MaxLatency(us), 197503
[READ-MODIFY-WRITE], 95thPercentileLatency(us), 963
[READ-MODIFY-WRITE], 99thPercentileLatency(us), 3059
[CLEANUP], Operations, 1
[CLEANUP], AverageLatency(us), 94624.0
[CLEANUP], MinLatency(us), 94592
[CLEANUP], MaxLatency(us), 94655
[CLEANUP], 95thPercentileLatency(us), 94655
[CLEANUP], 99thPercentileLatency(us), 94655
[UPDATE], Operations, 142307
[UPDATE], AverageLatency(us), 425.6485836958126
[UPDATE], MinLatency(us), 154
[UPDATE], MaxLatency(us), 124095
[UPDATE], 95thPercentileLatency(us), 817
[UPDATE], 99thPercentileLatency(us), 2529
[UPDATE], Return=OK, 142307
	Command being timed: "/usr/lib/jvm/java-8-openjdk-amd64/bin/java -cp /users/Xinying/ozonedb/ycsb/ozonedb/conf:/users/Xinying/ozonedb/ycsb/ozonedb/target/ozonedb-binding-0.18.0-SNAPSHOT.jar:/users/Xinying/.m2/repository/org/apache/htrace/htrace-core4/4.1.0-incubating/htrace-core4-4.1.0-incubating.jar:/users/Xinying/.m2/repository/org/slf4j/slf4j-api/1.7.25/slf4j-api-1.7.25.jar:/users/Xinying/.m2/repository/org/hdrhistogram/HdrHistogram/2.1.12/HdrHistogram-2.1.12.jar:/users/Xinying/.m2/repository/ch/qos/logback/logback-classic/1.2.3/logback-classic-1.2.3.jar:/users/Xinying/.m2/repository/ozonedbjnimaven/demoproc-jni/1.0/demoproc-jni-1.0.jar:/users/Xinying/.m2/repository/ch/qos/logback/logback-core/1.2.3/logback-core-1.2.3.jar:/users/Xinying/.m2/repository/org/codehaus/jackson/jackson-mapper-asl/1.9.4/jackson-mapper-asl-1.9.4.jar:/users/Xinying/.m2/repository/org/slf4j/slf4j-simple/1.7.25/slf4j-simple-1.7.25.jar:/users/Xinying/.m2/repository/org/codehaus/jackson/jackson-core-asl/1.9.4/jackson-core-asl-1.9.4.jar:/users/Xinying/ozonedb/ycsb/core/target/core-0.18.0-SNAPSHOT.jar site.ycsb.Client -db site.ycsb.db.OzoneDBClient -threads 1 -s -P /users/Xinying/ozonedb/ycsb/workloads/generated_workloads/workloadf_1KB_1000000_1000000 -p status.interval=1 -p maxexecutiontime=90 -p operationcount=0 -p shared_config=/tmp/phase1_ozonedb_configs/shared_config_SHARED_workloadf_p16_r1_proc6.json -t"
	User time (seconds): 31.87
	System time (seconds): 34.97
	Percent of CPU this job got: 71%
	Elapsed (wall clock) time (h:mm:ss or m:ss): 1:33.72
	Average shared text size (kbytes): 0
	Average unshared data size (kbytes): 0
	Average stack size (kbytes): 0
	Average total size (kbytes): 0
	Maximum resident set size (kbytes): 5328008
	Average resident set size (kbytes): 0
	Major (requiring I/O) page faults: 361
	Minor (reclaiming a frame) page faults: 1368126
	Voluntary context switches: 524211
	Involuntary context switches: 2467
	Swaps: 0
	File system inputs: 8344814
	File system outputs: 512997
	Socket messages sent: 0
	Socket messages received: 0
	Signals delivered: 0
	Page size (bytes): 4096
	Exit status: 0
