# CMD: /usr/bin/time -v /usr/lib/jvm/java-8-openjdk-amd64/bin/java -cp /users/Xinying/ozonedb/ycsb/ozonedb/conf:/users/Xinying/ozonedb/ycsb/ozonedb/target/ozonedb-binding-0.18.0-SNAPSHOT.jar:/users/Xinying/.m2/repository/org/apache/htrace/htrace-core4/4.1.0-incubating/htrace-core4-4.1.0-incubating.jar:/users/Xinying/.m2/repository/org/slf4j/slf4j-api/1.7.25/slf4j-api-1.7.25.jar:/users/Xinying/.m2/repository/org/hdrhistogram/HdrHistogram/2.1.12/HdrHistogram-2.1.12.jar:/users/Xinying/.m2/repository/ch/qos/logback/logback-classic/1.2.3/logback-classic-1.2.3.jar:/users/Xinying/.m2/repository/ozonedbjnimaven/demoproc-jni/1.0/demoproc-jni-1.0.jar:/users/Xinying/.m2/repository/ch/qos/logback/logback-core/1.2.3/logback-core-1.2.3.jar:/users/Xinying/.m2/repository/org/codehaus/jackson/jackson-mapper-asl/1.9.4/jackson-mapper-asl-1.9.4.jar:/users/Xinying/.m2/repository/org/slf4j/slf4j-simple/1.7.25/slf4j-simple-1.7.25.jar:/users/Xinying/.m2/repository/org/codehaus/jackson/jackson-core-asl/1.9.4/jackson-core-asl-1.9.4.jar:/users/Xinying/ozonedb/ycsb/core/target/core-0.18.0-SNAPSHOT.jar site.ycsb.Client -db site.ycsb.db.OzoneDBClient -threads 1 -s -P /users/Xinying/ozonedb/ycsb/workloads/generated_workloads/workloadc_1KB_1000000_1000000 -p status.interval=1 -p maxexecutiontime=90 -p operationcount=0 -p shared_config=/tmp/phase1_ozonedb_configs/shared_config_SHARED_workloadc_p16_r1_proc9.json -t
# shared_work_path=/tank/ycsb_data/multi-proc-run/shared_ozonedb  proc_id=9/16
Command line: -db site.ycsb.db.OzoneDBClient -threads 1 -s -P /users/Xinying/ozonedb/ycsb/workloads/generated_workloads/workloadc_1KB_1000000_1000000 -p status.interval=1 -p maxexecutiontime=90 -p operationcount=0 -p shared_config=/tmp/phase1_ozonedb_configs/shared_config_SHARED_workloadc_p16_r1_proc9.json -t
YCSB Client 0.18.0-SNAPSHOT

Loading workload...
Starting test.
SLF4J: Class path contains multiple SLF4J bindings.
SLF4J: Found binding in [jar:file:/users/Xinying/.m2/repository/ch/qos/logback/logback-classic/1.2.3/logback-classic-1.2.3.jar!/org/slf4j/impl/StaticLoggerBinder.class]
SLF4J: Found binding in [jar:file:/users/Xinying/.m2/repository/org/slf4j/slf4j-simple/1.7.25/slf4j-simple-1.7.25.jar!/org/slf4j/impl/StaticLoggerBinder.class]
SLF4J: See http://www.slf4j.org/codes.html#multiple_bindings for an explanation.
SLF4J: Actual binding is of type [ch.qos.logback.classic.util.ContextSelectorStaticBinder]
Maximum execution time specified as: 90 secs
2026-04-29 15:32:22:084 0 sec: 0 operations; 
Starting compaction watcher
DBWrapper: report latency for each error is false and specific error codes to track for latency are: []
2026-04-29 15:32:23:083 1 sec: 6217 operations; 6217 current ops/sec; [READ: Count=6247, Max=63135, Min=6, Avg=101.76, 90=136, 99=198, 99.9=595, 99.99=63135] 
2026-04-29 15:32:24:083 2 sec: 16797 operations; 10580 current ops/sec; [READ: Count=10558, Max=14655, Min=6, Avg=91.85, 90=131, 99=179, 99.9=1078, 99.99=12671] 
2026-04-29 15:32:25:083 3 sec: 29604 operations; 12807 current ops/sec; [READ: Count=12804, Max=3709, Min=5, Avg=76.33, 90=117, 99=151, 99.9=452, 99.99=1050] 
2026-04-29 15:32:26:085 4 sec: 42818 operations; 13187.62 current ops/sec; [READ: Count=13214, Max=4795, Min=5, Avg=74.07, 90=115, 99=142, 99.9=376, 99.99=2149] 
2026-04-29 15:32:27:083 5 sec: 55968 operations; 13176.35 current ops/sec; [READ: Count=13152, Max=1613, Min=5, Avg=74.15, 90=117, 99=145, 99.9=185, 99.99=794] 
2026-04-29 15:32:28:083 6 sec: 69197 operations; 13229 current ops/sec; [READ: Count=13230, Max=2719, Min=5, Avg=73.98, 90=117, 99=145, 99.9=175, 99.99=1604] 
2026-04-29 15:32:29:083 7 sec: 82459 operations; 13262 current ops/sec; [READ: Count=13261, Max=689, Min=5, Avg=73.95, 90=117, 99=145, 99.9=201, 99.99=628] 
2026-04-29 15:32:30:083 8 sec: 95736 operations; 13277 current ops/sec; [READ: Count=13278, Max=826, Min=5, Avg=73.85, 90=117, 99=143, 99.9=182, 99.99=643] 
2026-04-29 15:32:31:083 9 sec: 108901 operations; 13165 current ops/sec; [READ: Count=13164, Max=2809, Min=5, Avg=74.46, 90=117, 99=145, 99.9=184, 99.99=669] 
2026-04-29 15:32:32:083 10 sec: 122083 operations; 13182 current ops/sec; [READ: Count=13181, Max=2175, Min=5, Avg=74.39, 90=118, 99=145, 99.9=209, 99.99=1749] 
2026-04-29 15:32:33:083 11 sec: 135402 operations; 13319 current ops/sec; [READ: Count=13318, Max=2163, Min=5, Avg=73.63, 90=118, 99=144, 99.9=166, 99.99=934] 
2026-04-29 15:32:34:083 12 sec: 148599 operations; 13197 current ops/sec; [READ: Count=13197, Max=2571, Min=5, Avg=74.33, 90=118, 99=145, 99.9=198, 99.99=2219] 
2026-04-29 15:32:35:083 13 sec: 161504 operations; 12905 current ops/sec; [READ: Count=12905, Max=7215, Min=5, Avg=76.1, 90=118, 99=157, 99.9=324, 99.99=4455] 
2026-04-29 15:32:36:083 14 sec: 173938 operations; 12434 current ops/sec; [READ: Count=12438, Max=2011, Min=5, Avg=78.95, 90=123, 99=174, 99.9=238, 99.99=1148] 
2026-04-29 15:32:37:083 15 sec: 183129 operations; 9191 current ops/sec; [READ: Count=9186, Max=1140, Min=9, Avg=107.04, 90=166, 99=202, 99.9=404, 99.99=1140] 
2026-04-29 15:32:38:083 16 sec: 196071 operations; 12942 current ops/sec; [READ: Count=12938, Max=1094, Min=5, Avg=76.05, 90=120, 99=167, 99.9=283, 99.99=596] 
2026-04-29 15:32:39:083 17 sec: 209635 operations; 13564 current ops/sec; [READ: Count=13574, Max=831, Min=5, Avg=72.6, 90=117, 99=143, 99.9=181, 99.99=680] 
2026-04-29 15:32:40:083 18 sec: 223052 operations; 13417 current ops/sec; [READ: Count=13413, Max=733, Min=5, Avg=73.42, 90=117, 99=143, 99.9=176, 99.99=619] 
2026-04-29 15:32:41:083 19 sec: 236510 operations; 13458 current ops/sec; [READ: Count=13458, Max=1308, Min=4, Avg=73.17, 90=117, 99=147, 99.9=179, 99.99=1020] 
2026-04-29 15:32:42:083 20 sec: 250036 operations; 13526 current ops/sec; [READ: Count=13526, Max=3189, Min=5, Avg=72.76, 90=117, 99=144, 99.9=170, 99.99=804] 
2026-04-29 15:32:43:083 21 sec: 263597 operations; 13561 current ops/sec; [READ: Count=13566, Max=721, Min=5, Avg=72.6, 90=117, 99=144, 99.9=168, 99.99=382] 
2026-04-29 15:32:44:083 22 sec: 276974 operations; 13377 current ops/sec; [READ: Count=13372, Max=536, Min=4, Avg=73.63, 90=118, 99=145, 99.9=187, 99.99=394] 
2026-04-29 15:32:45:083 23 sec: 290352 operations; 13378 current ops/sec; [READ: Count=13376, Max=526, Min=5, Avg=73.63, 90=117, 99=144, 99.9=184, 99.99=367] 
2026-04-29 15:32:46:083 24 sec: 303803 operations; 13451 current ops/sec; [READ: Count=13453, Max=1375, Min=5, Avg=73.21, 90=118, 99=145, 99.9=173, 99.99=891] 
2026-04-29 15:32:47:083 25 sec: 317241 operations; 13438 current ops/sec; [READ: Count=13436, Max=704, Min=5, Avg=73.29, 90=118, 99=144, 99.9=185, 99.99=502] 
2026-04-29 15:32:48:083 26 sec: 330762 operations; 13521 current ops/sec; [READ: Count=13528, Max=412, Min=5, Avg=72.83, 90=118, 99=145, 99.9=166, 99.99=390] 
2026-04-29 15:32:49:084 27 sec: 344110 operations; 13348 current ops/sec; [READ: Count=13343, Max=6675, Min=5, Avg=73.78, 90=118, 99=145, 99.9=185, 99.99=1965] 
2026-04-29 15:32:50:083 28 sec: 357251 operations; 13141 current ops/sec; [READ: Count=13141, Max=1266, Min=5, Avg=74.88, 90=120, 99=146, 99.9=190, 99.99=961] 
2026-04-29 15:32:51:083 29 sec: 370459 operations; 13208 current ops/sec; [READ: Count=13208, Max=1797, Min=5, Avg=74.57, 90=118, 99=161, 99.9=213, 99.99=1253] 
2026-04-29 15:32:52:083 30 sec: 383894 operations; 13435 current ops/sec; [READ: Count=13434, Max=771, Min=5, Avg=73.29, 90=118, 99=148, 99.9=219, 99.99=682] 
2026-04-29 15:32:53:083 31 sec: 397151 operations; 13257 current ops/sec; [READ: Count=13258, Max=892, Min=5, Avg=74.27, 90=119, 99=154, 99.9=200, 99.99=882] 
2026-04-29 15:32:54:083 32 sec: 410459 operations; 13308 current ops/sec; [READ: Count=13306, Max=1256, Min=5, Avg=74, 90=118, 99=147, 99.9=199, 99.99=955] 
2026-04-29 15:32:55:083 33 sec: 423356 operations; 12897 current ops/sec; [READ: Count=12896, Max=3449, Min=4, Avg=76.34, 90=120, 99=166, 99.9=344, 99.99=820] 
2026-04-29 15:32:56:083 34 sec: 436896 operations; 13540 current ops/sec; [READ: Count=13541, Max=619, Min=5, Avg=72.73, 90=117, 99=142, 99.9=174, 99.99=441] 
2026-04-29 15:32:57:083 35 sec: 450179 operations; 13283 current ops/sec; [READ: Count=13283, Max=1168, Min=4, Avg=74.17, 90=117, 99=143, 99.9=201, 99.99=1161] 
2026-04-29 15:32:58:083 36 sec: 463509 operations; 13330 current ops/sec; [READ: Count=13329, Max=1069, Min=5, Avg=73.89, 90=118, 99=142, 99.9=169, 99.99=992] 
2026-04-29 15:32:59:083 37 sec: 476671 operations; 13162 current ops/sec; [READ: Count=13164, Max=10791, Min=5, Avg=74.76, 90=119, 99=147, 99.9=182, 99.99=405] 
2026-04-29 15:33:00:083 38 sec: 489990 operations; 13319 current ops/sec; [READ: Count=13318, Max=1403, Min=5, Avg=73.93, 90=118, 99=145, 99.9=185, 99.99=440] 
2026-04-29 15:33:01:083 39 sec: 503335 operations; 13345 current ops/sec; [READ: Count=13346, Max=3555, Min=5, Avg=73.73, 90=117, 99=142, 99.9=167, 99.99=445] 
2026-04-29 15:33:02:083 40 sec: 516647 operations; 13312 current ops/sec; [READ: Count=13312, Max=3221, Min=5, Avg=73.92, 90=118, 99=144, 99.9=170, 99.99=986] 
2026-04-29 15:33:03:083 41 sec: 527029 operations; 10382 current ops/sec; [READ: Count=10379, Max=6027, Min=5, Avg=94.96, 90=157, 99=197, 99.9=836, 99.99=2217] 
2026-04-29 15:33:04:083 42 sec: 539925 operations; 12896 current ops/sec; [READ: Count=12900, Max=4483, Min=5, Avg=76.34, 90=120, 99=165, 99.9=214, 99.99=729] 
2026-04-29 15:33:05:083 43 sec: 553312 operations; 13387 current ops/sec; [READ: Count=13384, Max=1297, Min=5, Avg=73.56, 90=118, 99=145, 99.9=195, 99.99=740] 
2026-04-29 15:33:06:083 44 sec: 566633 operations; 13321 current ops/sec; [READ: Count=13321, Max=2749, Min=5, Avg=73.89, 90=118, 99=143, 99.9=180, 99.99=1471] 
2026-04-29 15:33:07:083 45 sec: 580026 operations; 13393 current ops/sec; [READ: Count=13394, Max=2279, Min=4, Avg=73.5, 90=118, 99=143, 99.9=174, 99.99=661] 
2026-04-29 15:33:08:083 46 sec: 593404 operations; 13378 current ops/sec; [READ: Count=13377, Max=1774, Min=5, Avg=73.59, 90=118, 99=146, 99.9=204, 99.99=1237] 
2026-04-29 15:33:09:083 47 sec: 606826 operations; 13422 current ops/sec; [READ: Count=13423, Max=3137, Min=5, Avg=73.34, 90=118, 99=142, 99.9=164, 99.99=1602] 
2026-04-29 15:33:10:083 48 sec: 620162 operations; 13336 current ops/sec; [READ: Count=13338, Max=1550, Min=5, Avg=73.82, 90=118, 99=143, 99.9=173, 99.99=781] 
2026-04-29 15:33:11:083 49 sec: 633464 operations; 13302 current ops/sec; [READ: Count=13300, Max=1335, Min=5, Avg=74.04, 90=118, 99=145, 99.9=194, 99.99=772] 
2026-04-29 15:33:12:083 50 sec: 646916 operations; 13452 current ops/sec; [READ: Count=13451, Max=822, Min=5, Avg=73.18, 90=118, 99=143, 99.9=169, 99.99=477] 
2026-04-29 15:33:13:083 51 sec: 660150 operations; 13234 current ops/sec; [READ: Count=13234, Max=775, Min=5, Avg=74.4, 90=119, 99=145, 99.9=173, 99.99=696] 
2026-04-29 15:33:14:083 52 sec: 673420 operations; 13270 current ops/sec; [READ: Count=13271, Max=3703, Min=5, Avg=74.18, 90=118, 99=145, 99.9=180, 99.99=400] 
2026-04-29 15:33:15:083 53 sec: 686877 operations; 13457 current ops/sec; [READ: Count=13458, Max=830, Min=5, Avg=73.17, 90=118, 99=142, 99.9=170, 99.99=791] 
2026-04-29 15:33:16:083 54 sec: 700326 operations; 13449 current ops/sec; [READ: Count=13449, Max=1207, Min=5, Avg=73.19, 90=118, 99=142, 99.9=163, 99.99=936] 
2026-04-29 15:33:17:083 55 sec: 712925 operations; 12599 current ops/sec; [READ: Count=12598, Max=1683, Min=5, Avg=78.18, 90=122, 99=173, 99.9=225, 99.99=782] 
2026-04-29 15:33:18:083 56 sec: 724890 operations; 11965 current ops/sec; [READ: Count=11964, Max=5811, Min=5, Avg=82.27, 90=129, 99=182, 99.9=268, 99.99=1989] 
2026-04-29 15:33:19:083 57 sec: 738327 operations; 13437 current ops/sec; [READ: Count=13437, Max=724, Min=5, Avg=73.29, 90=117, 99=143, 99.9=177, 99.99=572] 
2026-04-29 15:33:20:083 58 sec: 751611 operations; 13284 current ops/sec; [READ: Count=13285, Max=449, Min=5, Avg=74.14, 90=119, 99=146, 99.9=174, 99.99=434] 
2026-04-29 15:33:21:083 59 sec: 764845 operations; 13234 current ops/sec; [READ: Count=13233, Max=2221, Min=5, Avg=74.42, 90=118, 99=150, 99.9=184, 99.99=1174] 
2026-04-29 15:33:22:083 60 sec: 778276 operations; 13431 current ops/sec; [READ: Count=13430, Max=3171, Min=5, Avg=73.28, 90=117, 99=146, 99.9=194, 99.99=1986] 
2026-04-29 15:33:23:083 61 sec: 791692 operations; 13416 current ops/sec; [READ: Count=13418, Max=730, Min=5, Avg=73.41, 90=118, 99=144, 99.9=180, 99.99=400] 
2026-04-29 15:33:24:083 62 sec: 805195 operations; 13503 current ops/sec; [READ: Count=13501, Max=461, Min=5, Avg=72.93, 90=118, 99=144, 99.9=252, 99.99=438] 
2026-04-29 15:33:25:083 63 sec: 818729 operations; 13534 current ops/sec; [READ: Count=13536, Max=1129, Min=5, Avg=72.74, 90=117, 99=145, 99.9=173, 99.99=841] 
2026-04-29 15:33:26:083 64 sec: 832016 operations; 13287 current ops/sec; [READ: Count=13286, Max=542, Min=5, Avg=74.13, 90=118, 99=145, 99.9=193, 99.99=479] 
2026-04-29 15:33:27:083 65 sec: 845475 operations; 13459 current ops/sec; [READ: Count=13459, Max=1234, Min=5, Avg=73.17, 90=117, 99=145, 99.9=183, 99.99=546] 
2026-04-29 15:33:28:083 66 sec: 858763 operations; 13288 current ops/sec; [READ: Count=13287, Max=1015, Min=5, Avg=74.12, 90=118, 99=145, 99.9=241, 99.99=810] 
2026-04-29 15:33:29:083 67 sec: 872264 operations; 13501 current ops/sec; [READ: Count=13501, Max=1193, Min=5, Avg=72.95, 90=118, 99=145, 99.9=175, 99.99=662] 
2026-04-29 15:33:30:083 68 sec: 885625 operations; 13361 current ops/sec; [READ: Count=13362, Max=522, Min=5, Avg=73.69, 90=118, 99=147, 99.9=178, 99.99=376] 
2026-04-29 15:33:31:083 69 sec: 899047 operations; 13422 current ops/sec; [READ: Count=13421, Max=596, Min=4, Avg=73.39, 90=118, 99=144, 99.9=171, 99.99=419] 
2026-04-29 15:33:32:083 70 sec: 912043 operations; 12996 current ops/sec; [READ: Count=12998, Max=8727, Min=5, Avg=75.77, 90=120, 99=149, 99.9=231, 99.99=491] 
2026-04-29 15:33:33:083 71 sec: 925538 operations; 13495 current ops/sec; [READ: Count=13495, Max=414, Min=5, Avg=72.98, 90=118, 99=145, 99.9=180, 99.99=333] 
2026-04-29 15:33:34:083 72 sec: 938945 operations; 13407 current ops/sec; [READ: Count=13407, Max=1024, Min=5, Avg=73.45, 90=118, 99=144, 99.9=169, 99.99=649] 
2026-04-29 15:33:35:083 73 sec: 952420 operations; 13475 current ops/sec; [READ: Count=13474, Max=1189, Min=5, Avg=73.1, 90=118, 99=145, 99.9=171, 99.99=644] 
2026-04-29 15:33:36:083 74 sec: 965943 operations; 13523 current ops/sec; [READ: Count=13524, Max=999, Min=5, Avg=72.82, 90=117, 99=143, 99.9=172, 99.99=789] 
2026-04-29 15:33:37:083 75 sec: 979456 operations; 13513 current ops/sec; [READ: Count=13513, Max=1326, Min=5, Avg=72.88, 90=117, 99=144, 99.9=194, 99.99=1296] 
2026-04-29 15:33:38:083 76 sec: 992912 operations; 13456 current ops/sec; [READ: Count=13453, Max=1310, Min=5, Avg=73.2, 90=117, 99=144, 99.9=182, 99.99=1057] 
2026-04-29 15:33:39:083 77 sec: 1006119 operations; 13207 current ops/sec; [READ: Count=13209, Max=778, Min=5, Avg=74.56, 90=120, 99=146, 99.9=186, 99.99=618] 
2026-04-29 15:33:40:083 78 sec: 1019576 operations; 13457 current ops/sec; [READ: Count=13457, Max=594, Min=4, Avg=73.17, 90=118, 99=146, 99.9=179, 99.99=429] 
2026-04-29 15:33:41:083 79 sec: 1033058 operations; 13482 current ops/sec; [READ: Count=13483, Max=794, Min=5, Avg=73.06, 90=117, 99=144, 99.9=191, 99.99=750] 
2026-04-29 15:33:42:083 80 sec: 1046446 operations; 13388 current ops/sec; [READ: Count=13386, Max=2861, Min=5, Avg=73.56, 90=118, 99=144, 99.9=185, 99.99=815] 
2026-04-29 15:33:43:083 81 sec: 1059893 operations; 13447 current ops/sec; [READ: Count=13449, Max=832, Min=5, Avg=73.24, 90=117, 99=141, 99.9=173, 99.99=707] 
2026-04-29 15:33:44:083 82 sec: 1073508 operations; 13615 current ops/sec; [READ: Count=13613, Max=798, Min=5, Avg=72.33, 90=116, 99=144, 99.9=183, 99.99=472] 
2026-04-29 15:33:45:083 83 sec: 1086809 operations; 13301 current ops/sec; [READ: Count=13304, Max=7851, Min=5, Avg=74.04, 90=117, 99=145, 99.9=206, 99.99=3697] 
2026-04-29 15:33:46:083 84 sec: 1100058 operations; 13249 current ops/sec; [READ: Count=13247, Max=3369, Min=5, Avg=74.31, 90=118, 99=147, 99.9=194, 99.99=1425] 
2026-04-29 15:33:47:083 85 sec: 1113563 operations; 13505 current ops/sec; [READ: Count=13506, Max=460, Min=5, Avg=72.9, 90=116, 99=142, 99.9=172, 99.99=413] 
2026-04-29 15:33:48:083 86 sec: 1126954 operations; 13391 current ops/sec; [READ: Count=13389, Max=1608, Min=4, Avg=73.51, 90=117, 99=144, 99.9=183, 99.99=1396] 
2026-04-29 15:33:49:083 87 sec: 1140381 operations; 13427 current ops/sec; [READ: Count=13427, Max=510, Min=5, Avg=73.31, 90=118, 99=143, 99.9=183, 99.99=459] 
2026-04-29 15:33:50:083 88 sec: 1153804 operations; 13423 current ops/sec; [READ: Count=13423, Max=413, Min=4, Avg=73.35, 90=118, 99=143, 99.9=191, 99.99=363] 
2026-04-29 15:33:51:083 89 sec: 1167235 operations; 13431 current ops/sec; [READ: Count=13432, Max=410, Min=5, Avg=73.29, 90=118, 99=145, 99.9=183, 99.99=366] 
2026-04-29 15:33:52:083 90 sec: 1180689 operations; 13454 current ops/sec; [READ: Count=13453, Max=481, Min=5, Avg=73.17, 90=118, 99=143, 99.9=167, 99.99=410] 
Maximum time elapsed. Requesting stop for the workload.
Stop requested for workload. Now Joining!
[OZONEDB-PROFILE] reads=1180697  avg_total=72.86us  view=3.92us(5.4%)  log=0.81us(1.1%)  sst=68.99us_per_call x 1162325_calls(93.2%_of_total)
[OZONEDB-SST-PROFILE] level | time_total_ms | enters | range_rejects | table_gets | hits
[OZONEDB-SST-PROFILE] L1  |      6265.47 |  2323067 |      1160767 |    1162300 |  73248
[OZONEDB-SST-PROFILE] L2  |      5395.52 |  2176349 |      1087294 |    1089055 |  63342
[OZONEDB-SST-PROFILE] L3  |      5300.59 |  2049977 |      1024250 |    1025727 |  67446
[OZONEDB-SST-PROFILE] L4  |      5457.76 |  1914233 |       955958 |     958275 | 107424
[OZONEDB-SST-PROFILE] L5  |      4748.96 |  1699877 |       849079 |     850798 |  53819
[OZONEDB-SST-PROFILE] L6  |      4778.68 |  1592173 |       795162 |     797011 |  64458
[OZONEDB-SST-PROFILE] L7  |     47491.71 |  2554696 |          110 |    2554586 | 732588
[OZONEDB-TBL-PROFILE] file_filter_reject=7158384  block_filter_reject=115599  index_invalid=0  block_read_more=674199  hit_from_cache=489570  miss_after_read=1444  found=1162325
2026-04-29 15:33:52:106 90 sec: 1180697 operations; 363.64 current ops/sec; [READ: Count=6, Max=122, Min=25, Avg=86.5, 90=122, 99=122, 99.9=122, 99.99=122] [CLEANUP: Count=1, Max=21423, Min=21408, Avg=21416, 90=21423, 99=21423, 99.9=21423, 99.99=21423] 
[OVERALL], RunTime(ms), 90023
[OVERALL], Throughput(ops/sec), 13115.503815691545
[TOTAL_GCS_PS_Scavenge], Count, 6
[TOTAL_GC_TIME_PS_Scavenge], Time(ms), 39
[TOTAL_GC_TIME_%_PS_Scavenge], Time(%), 0.04332226208857737
[TOTAL_GCS_PS_MarkSweep], Count, 0
[TOTAL_GC_TIME_PS_MarkSweep], Time(ms), 0
[TOTAL_GC_TIME_%_PS_MarkSweep], Time(%), 0.0
[TOTAL_GCs], Count, 6
[TOTAL_GC_TIME], Time(ms), 39
[TOTAL_GC_TIME_%], Time(%), 0.04332226208857737
[READ], Operations, 1180697
[READ], AverageLatency(us), 74.69905233942323
[READ], MinLatency(us), 4
[READ], MaxLatency(us), 63135
[READ], 95thPercentileLatency(us), 126
[READ], 99thPercentileLatency(us), 152
[READ], Return=OK, 1180697
[CLEANUP], Operations, 1
[CLEANUP], AverageLatency(us), 21416.0
[CLEANUP], MinLatency(us), 21408
[CLEANUP], MaxLatency(us), 21423
[CLEANUP], 95thPercentileLatency(us), 21423
[CLEANUP], 99thPercentileLatency(us), 21423
	Command being timed: "/usr/lib/jvm/java-8-openjdk-amd64/bin/java -cp /users/Xinying/ozonedb/ycsb/ozonedb/conf:/users/Xinying/ozonedb/ycsb/ozonedb/target/ozonedb-binding-0.18.0-SNAPSHOT.jar:/users/Xinying/.m2/repository/org/apache/htrace/htrace-core4/4.1.0-incubating/htrace-core4-4.1.0-incubating.jar:/users/Xinying/.m2/repository/org/slf4j/slf4j-api/1.7.25/slf4j-api-1.7.25.jar:/users/Xinying/.m2/repository/org/hdrhistogram/HdrHistogram/2.1.12/HdrHistogram-2.1.12.jar:/users/Xinying/.m2/repository/ch/qos/logback/logback-classic/1.2.3/logback-classic-1.2.3.jar:/users/Xinying/.m2/repository/ozonedbjnimaven/demoproc-jni/1.0/demoproc-jni-1.0.jar:/users/Xinying/.m2/repository/ch/qos/logback/logback-core/1.2.3/logback-core-1.2.3.jar:/users/Xinying/.m2/repository/org/codehaus/jackson/jackson-mapper-asl/1.9.4/jackson-mapper-asl-1.9.4.jar:/users/Xinying/.m2/repository/org/slf4j/slf4j-simple/1.7.25/slf4j-simple-1.7.25.jar:/users/Xinying/.m2/repository/org/codehaus/jackson/jackson-core-asl/1.9.4/jackson-core-asl-1.9.4.jar:/users/Xinying/ozonedb/ycsb/core/target/core-0.18.0-SNAPSHOT.jar site.ycsb.Client -db site.ycsb.db.OzoneDBClient -threads 1 -s -P /users/Xinying/ozonedb/ycsb/workloads/generated_workloads/workloadc_1KB_1000000_1000000 -p status.interval=1 -p maxexecutiontime=90 -p operationcount=0 -p shared_config=/tmp/phase1_ozonedb_configs/shared_config_SHARED_workloadc_p16_r1_proc9.json -t"
	User time (seconds): 60.18
	System time (seconds): 33.29
	Percent of CPU this job got: 100%
	Elapsed (wall clock) time (h:mm:ss or m:ss): 1:32.64
	Average shared text size (kbytes): 0
	Average unshared data size (kbytes): 0
	Average stack size (kbytes): 0
	Average total size (kbytes): 0
	Maximum resident set size (kbytes): 4711776
	Average resident set size (kbytes): 0
	Major (requiring I/O) page faults: 421
	Minor (reclaiming a frame) page faults: 1182546
	Voluntary context switches: 14211
	Involuntary context switches: 1573
	Swaps: 0
	File system inputs: 10859523
	File system outputs: 832
	Socket messages sent: 0
	Socket messages received: 0
	Signals delivered: 0
	Page size (bytes): 4096
	Exit status: 0
