# CMD: /usr/bin/time -v /usr/lib/jvm/java-8-openjdk-amd64/bin/java -cp /users/Xinying/ozonedb/ycsb/ozonedb/conf:/users/Xinying/ozonedb/ycsb/ozonedb/target/ozonedb-binding-0.18.0-SNAPSHOT.jar:/users/Xinying/.m2/repository/org/apache/htrace/htrace-core4/4.1.0-incubating/htrace-core4-4.1.0-incubating.jar:/users/Xinying/.m2/repository/org/slf4j/slf4j-api/1.7.25/slf4j-api-1.7.25.jar:/users/Xinying/.m2/repository/org/hdrhistogram/HdrHistogram/2.1.12/HdrHistogram-2.1.12.jar:/users/Xinying/.m2/repository/ch/qos/logback/logback-classic/1.2.3/logback-classic-1.2.3.jar:/users/Xinying/.m2/repository/ozonedbjnimaven/demoproc-jni/1.0/demoproc-jni-1.0.jar:/users/Xinying/.m2/repository/ch/qos/logback/logback-core/1.2.3/logback-core-1.2.3.jar:/users/Xinying/.m2/repository/org/codehaus/jackson/jackson-mapper-asl/1.9.4/jackson-mapper-asl-1.9.4.jar:/users/Xinying/.m2/repository/org/slf4j/slf4j-simple/1.7.25/slf4j-simple-1.7.25.jar:/users/Xinying/.m2/repository/org/codehaus/jackson/jackson-core-asl/1.9.4/jackson-core-asl-1.9.4.jar:/users/Xinying/ozonedb/ycsb/core/target/core-0.18.0-SNAPSHOT.jar site.ycsb.Client -db site.ycsb.db.OzoneDBClient -threads 1 -s -P /users/Xinying/ozonedb/ycsb/workloads/generated_workloads/workloadd_1KB_1000000_1000000 -p status.interval=1 -p maxexecutiontime=90 -p operationcount=0 -p shared_config=/tmp/phase1_ozonedb_configs/shared_config_SHARED_workloadd_p16_r1_proc0.json -t
# shared_work_path=/tank/ycsb_data/multi-proc-run/shared_ozonedb  proc_id=0/16
Command line: -db site.ycsb.db.OzoneDBClient -threads 1 -s -P /users/Xinying/ozonedb/ycsb/workloads/generated_workloads/workloadd_1KB_1000000_1000000 -p status.interval=1 -p maxexecutiontime=90 -p operationcount=0 -p shared_config=/tmp/phase1_ozonedb_configs/shared_config_SHARED_workloadd_p16_r1_proc0.json -t
YCSB Client 0.18.0-SNAPSHOT

Loading workload...
Starting test.
SLF4J: Class path contains multiple SLF4J bindings.
SLF4J: Found binding in [jar:file:/users/Xinying/.m2/repository/ch/qos/logback/logback-classic/1.2.3/logback-classic-1.2.3.jar!/org/slf4j/impl/StaticLoggerBinder.class]
SLF4J: Found binding in [jar:file:/users/Xinying/.m2/repository/org/slf4j/slf4j-simple/1.7.25/slf4j-simple-1.7.25.jar!/org/slf4j/impl/StaticLoggerBinder.class]
SLF4J: See http://www.slf4j.org/codes.html#multiple_bindings for an explanation.
SLF4J: Actual binding is of type [ch.qos.logback.classic.util.ContextSelectorStaticBinder]
Maximum execution time specified as: 90 secs
2026-04-29 15:38:57:121 0 sec: 0 operations; 
Starting compaction watcher
DBWrapper: report latency for each error is false and specific error codes to track for latency are: []
2026-04-29 15:38:58:121 1 sec: 8539 operations; 8539 current ops/sec; [READ: Count=6459, Max=48287, Min=4, Avg=57.48, 90=115, 99=215, 99.9=3039, 99.99=48287] [INSERT: Count=419, Max=13463, Min=177, Avg=392.44, 90=402, 99=2523, 99.9=13463, 99.99=13463] [READ-FAILED: Count=1682, Max=9655, Min=31, Avg=67.16, 90=80, 99=126, 99.9=1284, 99.99=9655] 
2026-04-29 15:38:59:121 2 sec: 23655 operations; 15116 current ops/sec; [READ: Count=12012, Max=5335, Min=4, Avg=41.46, 90=106, 99=178, 99.9=614, 99.99=4447] [INSERT: Count=797, Max=72511, Min=165, Avg=401.7, 90=303, 99=1582, 99.9=72511, 99.99=72511] [READ-FAILED: Count=2293, Max=604, Min=33, Avg=60.78, 90=79, 99=115, 99.9=252, 99.99=604] 
2026-04-29 15:39:00:121 3 sec: 41896 operations; 18241 current ops/sec; [READ: Count=15315, Max=4739, Min=4, Avg=39.32, 90=103, 99=190, 99.9=1041, 99.99=4707] [INSERT: Count=929, Max=3851, Min=170, Avg=246.9, 90=285, 99=602, 99.9=3851, 99.99=3851] [READ-FAILED: Count=2003, Max=11047, Min=33, Avg=64.42, 90=76, 99=102, 99.9=328, 99.99=11047] 
2026-04-29 15:39:00:616 - Compaction started: 
140033214363200:Compacting datalog/35 datalog/36 into:sstable1/e367991a-d09f-4a75-a15b-dd29da213c5d202604290938571777477140779302649.sst
2026-04-29 15:39:00:915 - Compaction completed: 
2026-04-29 15:39:01:121 4 sec: 62356 operations; 20460 current ops/sec; [READ: Count=19184, Max=6703, Min=4, Avg=36.53, 90=98, 99=195, 99.9=440, 99.99=5371] [INSERT: Count=983, Max=15095, Min=165, Avg=246.8, 90=276, 99=369, 99.9=15095, 99.99=15095] [READ-FAILED: Count=304, Max=143, Min=37, Avg=57.66, 90=75, 99=111, 99.9=143, 99.99=143] 
2026-04-29 15:39:02:121 5 sec: 82263 operations; 19907 current ops/sec; [READ: Count=17581, Max=3957, Min=4, Avg=38.09, 90=96, 99=179, 99.9=385, 99.99=3769] [INSERT: Count=949, Max=466, Min=169, Avg=228.44, 90=277, 99=346, 99.9=466, 99.99=466] [READ-FAILED: Count=1365, Max=182, Min=34, Avg=60.22, 90=77, 99=98, 99.9=167, 99.99=182] 
2026-04-29 15:39:03:121 6 sec: 98345 operations; 16082 current ops/sec; [READ: Count=13659, Max=3439, Min=4, Avg=37.88, 90=100, 99=180, 99.9=313, 99.99=3035] [INSERT: Count=861, Max=122559, Min=163, Avg=423.43, 90=457, 99=1099, 99.9=122559, 99.99=122559] [READ-FAILED: Count=1558, Max=195, Min=33, Avg=58.74, 90=79, 99=109, 99.9=170, 99.99=195] 
2026-04-29 15:39:04:121 7 sec: 118507 operations; 20162 current ops/sec; [READ: Count=15455, Max=3429, Min=4, Avg=35.78, 90=93, 99=157, 99.9=250, 99.99=3353] [INSERT: Count=1011, Max=1849, Min=159, Avg=221.81, 90=267, 99=356, 99.9=1734, 99.99=1849] [READ-FAILED: Count=3697, Max=240, Min=33, Avg=51.31, 90=63, 99=86, 99.9=162, 99.99=240] 
2026-04-29 15:39:04:522 - Compaction started: 
140033214363200:Compacting datalog/37 datalog/38 into:sstable1/e367991a-d09f-4a75-a15b-dd29da213c5d202604290938571777477144636595917.sst
2026-04-29 15:39:04:665 - Compaction completed: 
2026-04-29 15:39:05:121 8 sec: 137058 operations; 18551 current ops/sec; [READ: Count=13363, Max=3559, Min=5, Avg=38.45, 90=96, 99=156, 99.9=373, 99.99=3019] [INSERT: Count=955, Max=2621, Min=161, Avg=233.97, 90=288, 99=658, 99.9=2621, 99.99=2621] [READ-FAILED: Count=4225, Max=3167, Min=33, Avg=55.54, 90=68, 99=91, 99.9=183, 99.99=3167] 
2026-04-29 15:39:06:121 9 sec: 157081 operations; 20023 current ops/sec; [READ: Count=14278, Max=3131, Min=5, Avg=36.59, 90=92, 99=140, 99.9=307, 99.99=3095] [INSERT: Count=977, Max=1158, Min=155, Avg=208.08, 90=254, 99=315, 99.9=1158, 99.99=1158] [READ-FAILED: Count=4767, Max=336, Min=33, Avg=51.26, 90=62, 99=77, 99.9=155, 99.99=336] 
2026-04-29 15:39:07:121 10 sec: 174372 operations; 17291 current ops/sec; [READ: Count=12824, Max=6383, Min=5, Avg=41.62, 90=108, 99=170, 99.9=1631, 99.99=3459] [INSERT: Count=885, Max=19807, Min=162, Avg=257.58, 90=280, 99=407, 99.9=19807, 99.99=19807] [READ-FAILED: Count=3582, Max=2569, Min=33, Avg=59.53, 90=75, 99=96, 99.9=206, 99.99=2569] 
2026-04-29 15:39:08:121 11 sec: 191051 operations; 16679 current ops/sec; [READ: Count=13658, Max=6595, Min=5, Avg=37.07, 90=103, 99=174, 99.9=280, 99.99=3177] [INSERT: Count=849, Max=112767, Min=163, Avg=402.9, 90=343, 99=1033, 99.9=112767, 99.99=112767] [READ-FAILED: Count=2187, Max=261, Min=35, Avg=59.29, 90=78, 99=100, 99.9=170, 99.99=261] 
2026-04-29 15:39:09:121 12 sec: 211188 operations; 20137 current ops/sec; [READ: Count=16712, Max=4053, Min=5, Avg=32.58, 90=87, 99=148, 99.9=328, 99.99=3489] [INSERT: Count=1031, Max=80767, Min=159, Avg=299.44, 90=244, 99=349, 99.9=8975, 99.99=80767] [READ-FAILED: Count=2396, Max=314, Min=34, Avg=52.15, 90=61, 99=75, 99.9=195, 99.99=314] 
2026-04-29 15:39:10:121 13 sec: 230359 operations; 19171 current ops/sec; [READ: Count=14794, Max=4015, Min=5, Avg=38.79, 90=105, 99=174, 99.9=324, 99.99=3359] [INSERT: Count=952, Max=450, Min=159, Avg=224.46, 90=274, 99=341, 99.9=450, 99.99=450] [READ-FAILED: Count=3424, Max=182, Min=33, Avg=55.22, 90=74, 99=93, 99.9=113, 99.99=182] 
2026-04-29 15:39:11:121 14 sec: 250270 operations; 19911 current ops/sec; [READ: Count=15930, Max=3581, Min=5, Avg=33.74, 90=93, 99=155, 99.9=326, 99.99=3319] [INSERT: Count=974, Max=68479, Min=154, Avg=281.09, 90=253, 99=322, 99.9=68479, 99.99=68479] [READ-FAILED: Count=3008, Max=207, Min=34, Avg=55.28, 90=68, 99=91, 99.9=156, 99.99=207] 
2026-04-29 15:39:12:121 15 sec: 270121 operations; 19851 current ops/sec; [READ: Count=15207, Max=3665, Min=5, Avg=33.53, 90=92, 99=145, 99.9=276, 99.99=3471] [INSERT: Count=992, Max=2171, Min=159, Avg=213.54, 90=255, 99=342, 99.9=2171, 99.99=2171] [READ-FAILED: Count=3635, Max=176, Min=35, Avg=52.96, 90=63, 99=78, 99.9=150, 99.99=176] 
2026-04-29 15:39:13:121 16 sec: 288246 operations; 18125 current ops/sec; [READ: Count=15367, Max=3701, Min=5, Avg=33.92, 90=91, 99=157, 99.9=304, 99.99=3135] [INSERT: Count=876, Max=102911, Min=153, Avg=477.72, 90=488, 99=1175, 99.9=102911, 99.99=102911] [READ-FAILED: Count=1890, Max=151, Min=36, Avg=54.8, 90=67, 99=87, 99.9=124, 99.99=151] 
2026-04-29 15:39:14:121 17 sec: 306785 operations; 18539 current ops/sec; [READ: Count=15425, Max=3485, Min=5, Avg=38.32, 90=106, 99=183, 99.9=316, 99.99=3445] [INSERT: Count=984, Max=23487, Min=152, Avg=256.61, 90=284, 99=393, 99.9=23487, 99.99=23487] [READ-FAILED: Count=2141, Max=191, Min=35, Avg=62.59, 90=82, 99=104, 99.9=136, 99.99=191] 
2026-04-29 15:39:15:121 18 sec: 326093 operations; 19308 current ops/sec; [READ: Count=15005, Max=3641, Min=5, Avg=37.92, 90=103, 99=172, 99.9=366, 99.99=3601] [INSERT: Count=978, Max=466, Min=158, Avg=216.33, 90=263, 99=335, 99.9=466, 99.99=466] [READ-FAILED: Count=3321, Max=1630, Min=36, Avg=58.97, 90=77, 99=95, 99.9=113, 99.99=1630] 
2026-04-29 15:39:16:121 19 sec: 345916 operations; 19823 current ops/sec; [READ: Count=15069, Max=3563, Min=5, Avg=35.17, 90=95, 99=148, 99.9=339, 99.99=3475] [INSERT: Count=1026, Max=21183, Min=159, Avg=239.12, 90=254, 99=341, 99.9=3321, 99.99=21183] [READ-FAILED: Count=3728, Max=317, Min=34, Avg=54.19, 90=67, 99=90, 99.9=170, 99.99=317] 
2026-04-29 15:39:17:121 20 sec: 364683 operations; 18767 current ops/sec; [READ: Count=15304, Max=4315, Min=5, Avg=40.07, 90=106, 99=178, 99.9=326, 99.99=3813] [INSERT: Count=915, Max=1519, Min=164, Avg=227.98, 90=276, 99=353, 99.9=1519, 99.99=1519] [READ-FAILED: Count=2545, Max=182, Min=35, Avg=60.76, 90=81, 99=100, 99.9=162, 99.99=182] 
2026-04-29 15:39:18:121 21 sec: 382491 operations; 17808 current ops/sec; [READ: Count=14492, Max=3705, Min=5, Avg=34.09, 90=95, 99=157, 99.9=272, 99.99=3439] [INSERT: Count=863, Max=100735, Min=152, Avg=407.17, 90=430, 99=1281, 99.9=100735, 99.99=100735] [READ-FAILED: Count=2457, Max=209, Min=34, Avg=54.62, 90=68, 99=92, 99.9=136, 99.99=209] 
2026-04-29 15:39:19:121 22 sec: 402145 operations; 19654 current ops/sec; [READ: Count=14277, Max=3895, Min=5, Avg=36.61, 90=97, 99=155, 99.9=251, 99.99=3637] [INSERT: Count=1025, Max=688, Min=151, Avg=206.78, 90=255, 99=335, 99.9=483, 99.99=688] [READ-FAILED: Count=4343, Max=323, Min=36, Avg=55.71, 90=70, 99=92, 99.9=149, 99.99=323] 
2026-04-29 15:39:20:121 23 sec: 421128 operations; 18983 current ops/sec; [READ: Count=14892, Max=3371, Min=5, Avg=36.3, 90=97, 99=161, 99.9=332, 99.99=3275] [INSERT: Count=939, Max=69759, Min=150, Avg=281.03, 90=258, 99=326, 99.9=69759, 99.99=69759] [READ-FAILED: Count=3155, Max=178, Min=36, Avg=55.04, 90=68, 99=93, 99.9=122, 99.99=178] 
2026-04-29 15:39:21:121 24 sec: 441449 operations; 20321 current ops/sec; [READ: Count=16710, Max=3525, Min=5, Avg=36.84, 90=99, 99=178, 99.9=331, 99.99=3521] [INSERT: Count=1000, Max=1482, Min=155, Avg=214.17, 90=260, 99=336, 99.9=407, 99.99=1482] [READ-FAILED: Count=2611, Max=188, Min=36, Avg=56.27, 90=70, 99=95, 99.9=180, 99.99=188] 
2026-04-29 15:39:22:121 25 sec: 461937 operations; 20488 current ops/sec; [READ: Count=15969, Max=3265, Min=5, Avg=34.6, 90=94, 99=150, 99.9=379, 99.99=3225] [INSERT: Count=996, Max=19551, Min=160, Avg=230.29, 90=252, 99=326, 99.9=19551, 99.99=19551] [READ-FAILED: Count=3524, Max=320, Min=36, Avg=55.44, 90=67, 99=89, 99.9=168, 99.99=320] 
2026-04-29 15:39:23:121 26 sec: 480101 operations; 18164 current ops/sec; [READ: Count=14663, Max=3417, Min=5, Avg=35.68, 90=97, 99=159, 99.9=300, 99.99=3333] [INSERT: Count=899, Max=102847, Min=155, Avg=337.51, 90=266, 99=748, 99.9=102847, 99.99=102847] [READ-FAILED: Count=2594, Max=1239, Min=37, Avg=58.63, 90=74, 99=96, 99.9=199, 99.99=1239] 
2026-04-29 15:39:24:121 27 sec: 498484 operations; 18383 current ops/sec; [READ: Count=15057, Max=3451, Min=5, Avg=36.14, 90=97, 99=164, 99.9=299, 99.99=3449] [INSERT: Count=911, Max=71679, Min=162, Avg=323.72, 90=290, 99=949, 99.9=71679, 99.99=71679] [READ-FAILED: Count=2419, Max=221, Min=37, Avg=57.97, 90=71, 99=97, 99.9=175, 99.99=221] 
2026-04-29 15:39:25:121 28 sec: 517249 operations; 18765 current ops/sec; [READ: Count=14787, Max=3443, Min=5, Avg=39.47, 90=105, 99=174, 99.9=291, 99.99=3061] [INSERT: Count=963, Max=2825, Min=155, Avg=219.6, 90=259, 99=335, 99.9=2825, 99.99=2825] [READ-FAILED: Count=3015, Max=345, Min=37, Avg=60.47, 90=78, 99=100, 99.9=164, 99.99=345] 
2026-04-29 15:39:25:350 - NewTail completed: 
2026-04-29 15:39:26:121 29 sec: 537309 operations; 20060 current ops/sec; [READ: Count=16352, Max=3295, Min=5, Avg=36.48, 90=99, 99=168, 99.9=302, 99.99=3151] [INSERT: Count=984, Max=1959, Min=157, Avg=219.83, 90=265, 99=329, 99.9=1959, 99.99=1959] [READ-FAILED: Count=2725, Max=1045, Min=38, Avg=60.26, 90=74, 99=95, 99.9=124, 99.99=1045] 
2026-04-29 15:39:27:121 30 sec: 556240 operations; 18931 current ops/sec; [READ: Count=15487, Max=3685, Min=5, Avg=37.76, 90=104, 99=178, 99.9=293, 99.99=3529] [INSERT: Count=957, Max=8743, Min=167, Avg=249.38, 90=276, 99=362, 99.9=8743, 99.99=8743] [READ-FAILED: Count=2494, Max=909, Min=37, Avg=61.84, 90=80, 99=103, 99.9=186, 99.99=909] 
2026-04-29 15:39:28:121 31 sec: 575777 operations; 19537 current ops/sec; [READ: Count=16017, Max=3407, Min=5, Avg=37.58, 90=98, 99=167, 99.9=311, 99.99=3371] [INSERT: Count=949, Max=19183, Min=156, Avg=230.5, 90=256, 99=339, 99.9=19183, 99.99=19183] [READ-FAILED: Count=2556, Max=252, Min=39, Avg=59.17, 90=74, 99=99, 99.9=195, 99.99=252] 
2026-04-29 15:39:29:121 32 sec: 592832 operations; 17055 current ops/sec; [READ: Count=13318, Max=3383, Min=5, Avg=37.12, 90=99, 99=162, 99.9=256, 99.99=3273] [INSERT: Count=855, Max=106751, Min=155, Avg=382.94, 90=327, 99=1187, 99.9=106751, 99.99=106751] [READ-FAILED: Count=2890, Max=174, Min=37, Avg=57.02, 90=69, 99=97, 99.9=161, 99.99=174] 
2026-04-29 15:39:30:121 33 sec: 611715 operations; 18883 current ops/sec; [READ: Count=15161, Max=3423, Min=6, Avg=34.99, 90=95, 99=157, 99.9=377, 99.99=2987] [INSERT: Count=906, Max=94399, Min=158, Avg=314.14, 90=250, 99=332, 99.9=94399, 99.99=94399] [READ-FAILED: Count=2822, Max=241, Min=37, Avg=58.24, 90=71, 99=90, 99.9=138, 99.99=241] 
2026-04-29 15:39:31:121 34 sec: 631166 operations; 19451 current ops/sec; [READ: Count=14088, Max=3451, Min=6, Avg=37.49, 90=97, 99=145, 99.9=339, 99.99=3333] [INSERT: Count=992, Max=405, Min=162, Avg=205.79, 90=247, 99=319, 99.9=405, 99.99=405] [READ-FAILED: Count=4361, Max=178, Min=38, Avg=56.23, 90=67, 99=89, 99.9=159, 99.99=178] 
2026-04-29 15:39:32:121 35 sec: 649247 operations; 18081 current ops/sec; [READ: Count=15013, Max=3671, Min=6, Avg=41.35, 90=107, 99=179, 99.9=334, 99.99=3157] [INSERT: Count=899, Max=20511, Min=158, Avg=248.78, 90=264, 99=368, 99.9=20511, 99.99=20511] [READ-FAILED: Count=2181, Max=145, Min=39, Avg=61.83, 90=76, 99=102, 99.9=122, 99.99=145] 
2026-04-29 15:39:33:121 36 sec: 670618 operations; 21371 current ops/sec; [READ: Count=18529, Max=3231, Min=6, Avg=34.79, 90=97, 99=165, 99.9=266, 99.99=3103] [INSERT: Count=998, Max=19983, Min=148, Avg=221.31, 90=245, 99=334, 99.9=19983, 99.99=19983] [READ-FAILED: Count=1835, Max=317, Min=37, Avg=60.16, 90=76, 99=101, 99.9=156, 99.99=317] 
2026-04-29 15:39:34:121 37 sec: 687077 operations; 16459 current ops/sec; [READ: Count=13948, Max=3409, Min=6, Avg=39.26, 90=110, 99=185, 99.9=306, 99.99=3405] [INSERT: Count=819, Max=99839, Min=155, Avg=391.88, 90=382, 99=1075, 99.9=99839, 99.99=99839] [READ-FAILED: Count=1695, Max=317, Min=38, Avg=65.99, 90=87, 99=110, 99.9=220, 99.99=317] 
2026-04-29 15:39:35:121 38 sec: 707170 operations; 20093 current ops/sec; [READ: Count=15607, Max=3073, Min=6, Avg=35.23, 90=95, 99=154, 99.9=357, 99.99=3013] [INSERT: Count=1010, Max=21615, Min=153, Avg=226.13, 90=244, 99=336, 99.9=1448, 99.99=21615] [READ-FAILED: Count=3479, Max=319, Min=39, Avg=57.36, 90=69, 99=92, 99.9=136, 99.99=319] 
2026-04-29 15:39:36:121 39 sec: 725441 operations; 18271 current ops/sec; [READ: Count=14342, Max=3477, Min=6, Avg=41.33, 90=105, 99=179, 99.9=358, 99.99=3113] [INSERT: Count=906, Max=5055, Min=155, Avg=217.92, 90=263, 99=326, 99.9=5055, 99.99=5055] [READ-FAILED: Count=3015, Max=193, Min=40, Avg=62.26, 90=82, 99=104, 99.9=134, 99.99=193] 
2026-04-29 15:39:37:121 40 sec: 743455 operations; 18014 current ops/sec; [READ: Count=13395, Max=3153, Min=6, Avg=37.88, 90=98, 99=155, 99.9=285, 99.99=3065] [INSERT: Count=920, Max=71679, Min=154, Avg=281.39, 90=244, 99=333, 99.9=71679, 99.99=71679] [READ-FAILED: Count=3711, Max=261, Min=39, Avg=57.63, 90=68, 99=92, 99.9=164, 99.99=261] 
2026-04-29 15:39:38:121 41 sec: 762795 operations; 19340 current ops/sec; [READ: Count=14990, Max=3351, Min=6, Avg=37.46, 90=100, 99=160, 99.9=295, 99.99=3021] [INSERT: Count=977, Max=391, Min=163, Avg=215.88, 90=262, 99=334, 99.9=391, 99.99=391] [READ-FAILED: Count=3362, Max=370, Min=39, Avg=61.15, 90=78, 99=104, 99.9=136, 99.99=370] 
2026-04-29 15:39:39:121 42 sec: 777876 operations; 15081 current ops/sec; [READ: Count=10857, Max=3249, Min=6, Avg=38.64, 90=99, 99=150, 99.9=252, 99.99=3159] [INSERT: Count=813, Max=99263, Min=151, Avg=448.58, 90=305, 99=746, 99.9=99263, 99.99=99263] [READ-FAILED: Count=3408, Max=234, Min=41, Avg=58.23, 90=69, 99=90, 99.9=161, 99.99=234] 
2026-04-29 15:39:40:121 43 sec: 797255 operations; 19379 current ops/sec; [READ: Count=15012, Max=4077, Min=6, Avg=38.87, 90=97, 99=153, 99.9=365, 99.99=3419] [INSERT: Count=981, Max=349, Min=149, Avg=194.11, 90=238, 99=300, 99.9=349, 99.99=349] [READ-FAILED: Count=3389, Max=183, Min=41, Avg=60.36, 90=72, 99=90, 99.9=119, 99.99=183] 
2026-04-29 15:39:41:121 44 sec: 816029 operations; 18774 current ops/sec; [READ: Count=14221, Max=3471, Min=6, Avg=39.02, 90=102, 99=158, 99.9=357, 99.99=3181] [INSERT: Count=953, Max=3683, Min=157, Avg=214.7, 90=256, 99=317, 99.9=3683, 99.99=3683] [READ-FAILED: Count=3611, Max=323, Min=41, Avg=60.8, 90=75, 99=100, 99.9=139, 99.99=323] 
2026-04-29 15:39:42:121 45 sec: 835733 operations; 19704 current ops/sec; [READ: Count=15042, Max=3693, Min=6, Avg=36.5, 90=98, 99=152, 99.9=224, 99.99=3439] [INSERT: Count=974, Max=989, Min=158, Avg=212.97, 90=252, 99=330, 99.9=989, 99.99=989] [READ-FAILED: Count=3677, Max=291, Min=41, Avg=60.12, 90=72, 99=91, 99.9=176, 99.99=291] 
2026-04-29 15:39:43:121 46 sec: 854160 operations; 18427 current ops/sec; [READ: Count=14962, Max=3309, Min=6, Avg=38.83, 90=104, 99=175, 99.9=283, 99.99=3289] [INSERT: Count=929, Max=22735, Min=162, Avg=245.46, 90=265, 99=347, 99.9=22735, 99.99=22735] [READ-FAILED: Count=2542, Max=325, Min=42, Avg=66.85, 90=87, 99=106, 99.9=179, 99.99=325] 
2026-04-29 15:39:44:121 47 sec: 870241 operations; 16081 current ops/sec; [READ: Count=13120, Max=3213, Min=6, Avg=40.67, 90=106, 99=172, 99.9=290, 99.99=3083] [INSERT: Count=781, Max=100031, Min=161, Avg=391.07, 90=347, 99=1059, 99.9=100031, 99.99=100031] [READ-FAILED: Count=2183, Max=182, Min=42, Avg=65.08, 90=81, 99=108, 99.9=148, 99.99=182] 
2026-04-29 15:39:45:121 48 sec: 889832 operations; 19591 current ops/sec; [READ: Count=16608, Max=3463, Min=6, Avg=37.43, 90=102, 99=171, 99.9=264, 99.99=3363] [INSERT: Count=938, Max=26255, Min=161, Avg=240.62, 90=257, 99=345, 99.9=26255, 99.99=26255] [READ-FAILED: Count=2037, Max=203, Min=41, Avg=63.88, 90=77, 99=101, 99.9=138, 99.99=203] 
2026-04-29 15:39:46:121 49 sec: 909830 operations; 19998 current ops/sec; [READ: Count=16535, Max=3493, Min=6, Avg=37.22, 90=101, 99=168, 99.9=267, 99.99=3153] [INSERT: Count=953, Max=516, Min=160, Avg=211.09, 90=249, 99=330, 99.9=516, 99.99=516] [READ-FAILED: Count=2507, Max=175, Min=42, Avg=64.09, 90=79, 99=103, 99.9=132, 99.99=175] 
2026-04-29 15:39:47:121 50 sec: 928291 operations; 18461 current ops/sec; [READ: Count=13435, Max=6259, Min=6, Avg=39.25, 90=99, 99=144, 99.9=376, 99.99=3373] [INSERT: Count=921, Max=15727, Min=160, Avg=224.67, 90=243, 99=348, 99.9=15727, 99.99=15727] [READ-FAILED: Count=4106, Max=168, Min=40, Avg=59.58, 90=70, 99=84, 99.9=110, 99.99=168] 
2026-04-29 15:39:48:121 51 sec: 946338 operations; 18047 current ops/sec; [READ: Count=13243, Max=3435, Min=6, Avg=41.43, 90=102, 99=161, 99.9=306, 99.99=3391] [INSERT: Count=908, Max=599, Min=156, Avg=208.16, 90=245, 99=320, 99.9=599, 99.99=599] [READ-FAILED: Count=3899, Max=183, Min=41, Avg=61.87, 90=74, 99=95, 99.9=156, 99.99=183] 
2026-04-29 15:39:49:121 52 sec: 962170 operations; 15832 current ops/sec; [READ: Count=13666, Max=3569, Min=6, Avg=39.84, 90=111, 99=185, 99.9=313, 99.99=3013] [INSERT: Count=788, Max=101695, Min=160, Avg=434.39, 90=409, 99=1187, 99.9=101695, 99.99=101695] [READ-FAILED: Count=1376, Max=211, Min=41, Avg=68.64, 90=90, 99=111, 99.9=156, 99.99=211] 
2026-04-29 15:39:50:121 53 sec: 981030 operations; 18860 current ops/sec; [READ: Count=13931, Max=3261, Min=6, Avg=38.96, 90=99, 99=151, 99.9=244, 99.99=3239] [INSERT: Count=934, Max=349, Min=158, Avg=207.01, 90=241, 99=302, 99.9=349, 99.99=349] [READ-FAILED: Count=3992, Max=172, Min=43, Avg=60.79, 90=71, 99=89, 99.9=119, 99.99=172] 
2026-04-29 15:39:51:121 54 sec: 999141 operations; 18111 current ops/sec; [READ: Count=14968, Max=3649, Min=6, Avg=37.48, 90=103, 99=166, 99.9=357, 99.99=2881] [INSERT: Count=893, Max=74431, Min=159, Avg=304.01, 90=249, 99=326, 99.9=74431, 99.99=74431] [READ-FAILED: Count=2249, Max=1043, Min=42, Avg=65.34, 90=79, 99=101, 99.9=132, 99.99=1043] 
2026-04-29 15:39:52:121 55 sec: 1016583 operations; 17442 current ops/sec; [READ: Count=12931, Max=3145, Min=6, Avg=42.95, 90=106, 99=165, 99.9=340, 99.99=2931] [INSERT: Count=904, Max=389, Min=166, Avg=211.37, 90=251, 99=311, 99.9=389, 99.99=389] [READ-FAILED: Count=3605, Max=331, Min=42, Avg=64.41, 90=79, 99=102, 99.9=170, 99.99=331] 
2026-04-29 15:39:53:121 56 sec: 1034857 operations; 18274 current ops/sec; [READ: Count=14276, Max=3311, Min=6, Avg=37.31, 90=99, 99=154, 99.9=288, 99.99=2963] [INSERT: Count=905, Max=72383, Min=161, Avg=286.66, 90=241, 99=321, 99.9=72383, 99.99=72383] [READ-FAILED: Count=3099, Max=1241, Min=42, Avg=60.73, 90=72, 99=88, 99.9=108, 99.99=1241] 
2026-04-29 15:39:54:121 57 sec: 1051506 operations; 16649 current ops/sec; [READ: Count=13847, Max=3583, Min=7, Avg=38.57, 90=105, 99=171, 99.9=369, 99.99=3047] [INSERT: Count=840, Max=100863, Min=155, Avg=378.68, 90=359, 99=1080, 99.9=100863, 99.99=100863] [READ-FAILED: Count=1961, Max=221, Min=43, Avg=65.72, 90=82, 99=109, 99.9=166, 99.99=221] 
2026-04-29 15:39:55:121 58 sec: 1068271 operations; 16765 current ops/sec; [READ: Count=12639, Max=3191, Min=6, Avg=39.51, 90=102, 99=160, 99.9=414, 99.99=3123] [INSERT: Count=858, Max=92671, Min=164, Avg=318.72, 90=251, 99=333, 99.9=92671, 99.99=92671] [READ-FAILED: Count=3268, Max=318, Min=43, Avg=63.67, 90=78, 99=101, 99.9=132, 99.99=318] 
2026-04-29 15:39:56:121 59 sec: 1086607 operations; 18336 current ops/sec; [READ: Count=14077, Max=3409, Min=7, Avg=40.56, 90=100, 99=158, 99.9=322, 99.99=3145] [INSERT: Count=922, Max=2991, Min=160, Avg=214.65, 90=251, 99=308, 99.9=2991, 99.99=2991] [READ-FAILED: Count=3338, Max=202, Min=43, Avg=63.14, 90=75, 99=93, 99.9=155, 99.99=202] 
2026-04-29 15:39:57:121 60 sec: 1103181 operations; 16574 current ops/sec; [READ: Count=13203, Max=50655, Min=7, Avg=45.46, 90=111, 99=175, 99.9=313, 99.99=3327] [INSERT: Count=833, Max=20911, Min=162, Avg=249.49, 90=268, 99=346, 99.9=20911, 99.99=20911] [READ-FAILED: Count=2536, Max=168, Min=44, Avg=68, 90=87, 99=112, 99.9=162, 99.99=168] 
2026-04-29 15:39:58:121 61 sec: 1121743 operations; 18562 current ops/sec; [READ: Count=14296, Max=5219, Min=7, Avg=39.63, 90=102, 99=160, 99.9=315, 99.99=2795] [INSERT: Count=961, Max=470, Min=158, Avg=214.7, 90=257, 99=347, 99.9=470, 99.99=470] [READ-FAILED: Count=3305, Max=188, Min=43, Avg=62.37, 90=74, 99=91, 99.9=111, 99.99=188] 
2026-04-29 15:39:59:121 62 sec: 1136745 operations; 15002 current ops/sec; [READ: Count=10880, Max=3041, Min=7, Avg=41.99, 90=112, 99=174, 99.9=587, 99.99=2745] [INSERT: Count=772, Max=95935, Min=160, Avg=377.72, 90=319, 99=1082, 99.9=95935, 99.99=95935] [READ-FAILED: Count=3346, Max=284, Min=44, Avg=68.59, 90=91, 99=119, 99.9=214, 99.99=284] 
2026-04-29 15:40:00:121 63 sec: 1152303 operations; 15558 current ops/sec; [READ: Count=13054, Max=3485, Min=7, Avg=45.65, 90=119, 99=197, 99.9=417, 99.99=3207] [INSERT: Count=800, Max=75775, Min=166, Avg=323.24, 90=275, 99=354, 99.9=75775, 99.99=75775] [READ-FAILED: Count=1705, Max=206, Min=44, Avg=76.33, 90=97, 99=127, 99.9=165, 99.99=206] 
2026-04-29 15:40:01:121 64 sec: 1170173 operations; 17870 current ops/sec; [READ: Count=14012, Max=3467, Min=7, Avg=40.98, 90=106, 99=166, 99.9=340, 99.99=3211] [INSERT: Count=949, Max=10039, Min=167, Avg=224.92, 90=254, 99=347, 99.9=10039, 99.99=10039] [READ-FAILED: Count=2915, Max=194, Min=43, Avg=65.98, 90=79, 99=98, 99.9=137, 99.99=194] 
2026-04-29 15:40:02:121 65 sec: 1188172 operations; 17999 current ops/sec; [READ: Count=14321, Max=3565, Min=7, Avg=40.55, 90=106, 99=167, 99.9=256, 99.99=3221] [INSERT: Count=875, Max=23615, Min=159, Avg=241.23, 90=259, 99=335, 99.9=23615, 99.99=23615] [READ-FAILED: Count=2802, Max=128, Min=44, Avg=66.84, 90=80, 99=102, 99.9=121, 99.99=128] 
2026-04-29 15:40:03:121 66 sec: 1206918 operations; 18746 current ops/sec; [READ: Count=14479, Max=3057, Min=7, Avg=38.88, 90=103, 99=160, 99.9=278, 99.99=2929] [INSERT: Count=936, Max=1505, Min=162, Avg=211.31, 90=245, 99=306, 99.9=1505, 99.99=1505] [READ-FAILED: Count=3333, Max=190, Min=45, Avg=65.51, 90=79, 99=103, 99.9=124, 99.99=190] 
2026-04-29 15:40:04:121 67 sec: 1222191 operations; 15273 current ops/sec; [READ: Count=11342, Max=3321, Min=7, Avg=41.75, 90=102, 99=153, 99.9=371, 99.99=2929] [INSERT: Count=789, Max=96383, Min=165, Avg=383.18, 90=259, 99=1040, 99.9=96383, 99.99=96383] [READ-FAILED: Count=3137, Max=342, Min=45, Avg=65.83, 90=78, 99=94, 99.9=193, 99.99=342] 
2026-04-29 15:40:05:121 68 sec: 1239025 operations; 16834 current ops/sec; [READ: Count=13301, Max=3417, Min=7, Avg=43.18, 90=113, 99=182, 99.9=317, 99.99=3357] [INSERT: Count=870, Max=5107, Min=157, Avg=246.13, 90=273, 99=934, 99.9=5107, 99.99=5107] [READ-FAILED: Count=2661, Max=211, Min=45, Avg=71.95, 90=95, 99=121, 99.9=188, 99.99=211] 
2026-04-29 15:40:06:121 69 sec: 1256532 operations; 17507 current ops/sec; [READ: Count=13413, Max=3041, Min=7, Avg=41.36, 90=108, 99=176, 99.9=318, 99.99=2977] [INSERT: Count=887, Max=24911, Min=160, Avg=237.79, 90=249, 99=318, 99.9=24911, 99.99=24911] [READ-FAILED: Count=3222, Max=178, Min=45, Avg=66.81, 90=84, 99=111, 99.9=157, 99.99=178] 
2026-04-29 15:40:07:121 70 sec: 1274264 operations; 17732 current ops/sec; [READ: Count=12524, Max=3145, Min=7, Avg=41.17, 90=104, 99=150, 99.9=295, 99.99=3069] [INSERT: Count=908, Max=392, Min=165, Avg=209, 90=251, 99=306, 99.9=392, 99.99=392] [READ-FAILED: Count=4289, Max=2181, Min=44, Avg=63.84, 90=75, 99=94, 99.9=117, 99.99=2181] 
2026-04-29 15:40:08:121 71 sec: 1292136 operations; 17872 current ops/sec; [READ: Count=13640, Max=6719, Min=7, Avg=41.04, 90=101, 99=154, 99.9=390, 99.99=3669] [INSERT: Count=853, Max=26735, Min=163, Avg=246.03, 90=251, 99=345, 99.9=26735, 99.99=26735] [READ-FAILED: Count=3383, Max=202, Min=44, Avg=64.32, 90=75, 99=89, 99.9=105, 99.99=202] 
2026-04-29 15:40:09:121 72 sec: 1309264 operations; 17128 current ops/sec; [READ: Count=13721, Max=2981, Min=7, Avg=41.04, 90=106, 99=172, 99.9=330, 99.99=2927] [INSERT: Count=842, Max=1392, Min=165, Avg=220.12, 90=256, 99=348, 99.9=1392, 99.99=1392] [READ-FAILED: Count=2556, Max=333, Min=46, Avg=69.12, 90=85, 99=108, 99.9=175, 99.99=333] 
2026-04-29 15:40:10:121 73 sec: 1324521 operations; 15257 current ops/sec; [READ: Count=11282, Max=2957, Min=7, Avg=43.49, 90=111, 99=172, 99.9=347, 99.99=2791] [INSERT: Count=790, Max=99967, Min=157, Avg=404.64, 90=353, 99=1332, 99.9=99967, 99.99=99967] [READ-FAILED: Count=3186, Max=550, Min=46, Avg=68.92, 90=86, 99=119, 99.9=216, 99.99=550] 
2026-04-29 15:40:11:121 74 sec: 1342505 operations; 17984 current ops/sec; [READ: Count=13125, Max=2897, Min=7, Avg=41.03, 90=104, 99=157, 99.9=346, 99.99=2789] [INSERT: Count=918, Max=1099, Min=153, Avg=200.56, 90=235, 99=296, 99.9=1099, 99.99=1099] [READ-FAILED: Count=3941, Max=229, Min=44, Avg=65.19, 90=77, 99=99, 99.9=183, 99.99=229] 
2026-04-29 15:40:12:121 75 sec: 1358412 operations; 15907 current ops/sec; [READ: Count=11697, Max=3095, Min=7, Avg=46.34, 90=114, 99=174, 99.9=400, 99.99=2841] [INSERT: Count=834, Max=18271, Min=167, Avg=239.67, 90=258, 99=331, 99.9=18271, 99.99=18271] [READ-FAILED: Count=3377, Max=233, Min=48, Avg=70.71, 90=89, 99=116, 99.9=181, 99.99=233] 
2026-04-29 15:40:13:121 76 sec: 1375614 operations; 17202 current ops/sec; [READ: Count=12367, Max=3279, Min=7, Avg=43.44, 90=106, 99=153, 99.9=337, 99.99=3137] [INSERT: Count=879, Max=393, Min=161, Avg=210.06, 90=250, 99=317, 99.9=393, 99.99=393] [READ-FAILED: Count=3964, Max=220, Min=47, Avg=65.26, 90=78, 99=96, 99.9=149, 99.99=220] 
2026-04-29 15:40:14:121 77 sec: 1392566 operations; 16952 current ops/sec; [READ: Count=12969, Max=2891, Min=7, Avg=42.46, 90=109, 99=178, 99.9=327, 99.99=2785] [INSERT: Count=844, Max=24191, Min=167, Avg=246.24, 90=261, 99=345, 99.9=24191, 99.99=24191] [READ-FAILED: Count=3139, Max=178, Min=48, Avg=70.72, 90=91, 99=118, 99.9=167, 99.99=178] 
2026-04-29 15:40:15:121 78 sec: 1396613 operations; 4047 current ops/sec; [READ: Count=3701, Max=1747, Min=7, Avg=37.73, 90=102, 99=201, 99.9=485, 99.99=1747] [INSERT: Count=191, Max=99071, Min=172, Avg=4404.65, 90=7067, 99=14807, 99.9=99071, 99.99=99071] [READ-FAILED: Count=145, Max=247, Min=57, Avg=69.45, 90=84, 99=109, 99.9=247, 99.99=247] 
2026-04-29 15:40:16:121 79 sec: 1409047 operations; 12434 current ops/sec; [READ: Count=10026, Max=2553, Min=7, Avg=40.64, 90=109, 99=174, 99.9=422, 99.99=2529] [INSERT: Count=652, Max=6679, Min=158, Avg=703.53, 90=2939, 99=5667, 99.9=6679, 99.99=6679] [READ-FAILED: Count=1759, Max=142, Min=49, Avg=70.37, 90=84, 99=104, 99.9=125, 99.99=142] 
2026-04-29 15:40:17:121 80 sec: 1426758 operations; 17711 current ops/sec; [READ: Count=13882, Max=3011, Min=7, Avg=41.44, 90=108, 99=166, 99.9=425, 99.99=3001] [INSERT: Count=845, Max=24479, Min=161, Avg=233.27, 90=242, 99=335, 99.9=24479, 99.99=24479] [READ-FAILED: Count=2983, Max=182, Min=46, Avg=69.59, 90=82, 99=106, 99.9=159, 99.99=182] 
2026-04-29 15:40:18:121 81 sec: 1444039 operations; 17281 current ops/sec; [READ: Count=13349, Max=3101, Min=7, Avg=43.41, 90=107, 99=167, 99.9=296, 99.99=2917] [INSERT: Count=905, Max=1596, Min=161, Avg=205.26, 90=245, 99=308, 99.9=1596, 99.99=1596] [READ-FAILED: Count=3025, Max=179, Min=49, Avg=70.14, 90=84, 99=105, 99.9=124, 99.99=179] 
2026-04-29 15:40:19:121 82 sec: 1460934 operations; 16895 current ops/sec; [READ: Count=12139, Max=3075, Min=7, Avg=42.72, 90=105, 99=156, 99.9=316, 99.99=2875] [INSERT: Count=874, Max=25775, Min=161, Avg=236.81, 90=246, 99=302, 99.9=25775, 99.99=25775] [READ-FAILED: Count=3882, Max=190, Min=47, Avg=66.19, 90=78, 99=94, 99.9=122, 99.99=190] 
2026-04-29 15:40:20:121 83 sec: 1476610 operations; 15676 current ops/sec; [READ: Count=11680, Max=3771, Min=7, Avg=42.66, 90=109, 99=164, 99.9=327, 99.99=2905] [INSERT: Count=764, Max=76095, Min=153, Avg=342.55, 90=288, 99=1186, 99.9=76095, 99.99=76095] [READ-FAILED: Count=3234, Max=214, Min=48, Avg=69.03, 90=84, 99=117, 99.9=164, 99.99=214] 
2026-04-29 15:40:21:121 84 sec: 1493628 operations; 17018 current ops/sec; [READ: Count=12162, Max=2901, Min=7, Avg=41.98, 90=106, 99=154, 99.9=385, 99.99=2557] [INSERT: Count=845, Max=380, Min=161, Avg=208.67, 90=245, 99=306, 99.9=380, 99.99=380] [READ-FAILED: Count=4009, Max=193, Min=49, Avg=67.58, 90=80, 99=103, 99.9=139, 99.99=193] 
2026-04-29 15:40:22:121 85 sec: 1510808 operations; 17180 current ops/sec; [READ: Count=13874, Max=3161, Min=7, Avg=44.29, 90=110, 99=181, 99.9=344, 99.99=2877] [INSERT: Count=854, Max=24239, Min=166, Avg=245.74, 90=260, 99=338, 99.9=24239, 99.99=24239] [READ-FAILED: Count=2463, Max=192, Min=50, Avg=72.54, 90=89, 99=118, 99.9=188, 99.99=192] 
2026-04-29 15:40:23:121 86 sec: 1529063 operations; 18255 current ops/sec; [READ: Count=14676, Max=3243, Min=8, Avg=41.12, 90=107, 99=172, 99.9=287, 99.99=3013] [INSERT: Count=892, Max=389, Min=156, Avg=208.24, 90=247, 99=315, 99.9=389, 99.99=389] [READ-FAILED: Count=2679, Max=180, Min=45, Avg=70.98, 90=90, 99=120, 99.9=160, 99.99=180] 
2026-04-29 15:40:24:121 87 sec: 1547117 operations; 18054 current ops/sec; [READ: Count=15130, Max=3595, Min=8, Avg=41.19, 90=110, 99=176, 99.9=353, 99.99=2885] [INSERT: Count=839, Max=28319, Min=166, Avg=246.08, 90=254, 99=311, 99.9=28319, 99.99=28319] [READ-FAILED: Count=2089, Max=237, Min=48, Avg=71.76, 90=87, 99=113, 99.9=174, 99.99=237] 
2026-04-29 15:40:25:121 88 sec: 1563668 operations; 16551 current ops/sec; [READ: Count=13832, Max=2875, Min=8, Avg=40.14, 90=107, 99=180, 99.9=308, 99.99=2865] [INSERT: Count=754, Max=95295, Min=161, Avg=376.3, 90=313, 99=977, 99.9=95295, 99.99=95295] [READ-FAILED: Count=1977, Max=345, Min=49, Avg=72.51, 90=90, 99=123, 99.9=195, 99.99=345] 
2026-04-29 15:40:26:121 89 sec: 1579646 operations; 15978 current ops/sec; [READ: Count=12209, Max=3109, Min=8, Avg=45.39, 90=113, 99=175, 99.9=466, 99.99=2931] [INSERT: Count=848, Max=29551, Min=154, Avg=247, 90=253, 99=329, 99.9=29551, 99.99=29551] [READ-FAILED: Count=2906, Max=209, Min=48, Avg=74.55, 90=97, 99=122, 99.9=166, 99.99=209] 
Maximum time elapsed. Requesting stop for the workload.
Stop requested for workload. Now Joining!
[OZONEDB-PROFILE] reads=1517177  avg_total=41.50us  view=6.41us(15.5%)  log=2.57us(6.2%)  sst=51.89us_per_call x 944698_calls(77.9%_of_total)
[OZONEDB-SST-PROFILE] level | time_total_ms | enters | range_rejects | table_gets | hits
[OZONEDB-SST-PROFILE] L1  |     17260.44 |  8858571 |       594927 |    8263644 | 438527
[OZONEDB-SST-PROFILE] L2  |      3840.33 |  1010758 |       504598 |     506160 |  46294
[OZONEDB-SST-PROFILE] L3  |      3049.98 |   918858 |       458989 |     459869 |  32142
[OZONEDB-SST-PROFILE] L4  |      2684.43 |   854273 |       426546 |     427727 |  25508
[OZONEDB-SST-PROFILE] L5  |      2318.79 |   803654 |       401442 |     402212 |  20291
[OZONEDB-SST-PROFILE] L6  |      2108.07 |   763294 |       381361 |     381933 |  17209
[OZONEDB-SST-PROFILE] L7  |     17137.81 |  1377054 |           29 |    1377025 | 104973
[OZONEDB-TBL-PROFILE] file_filter_reject=11024872  block_filter_reject=107600  index_invalid=0  block_read_more=354226  hit_from_cache=331872  miss_after_read=1154  found=684944
2026-04-29 15:40:27:121 90 sec: 1597153 operations; 17507 current ops/sec; [READ: Count=14069, Max=3015, Min=8, Avg=42.52, 90=110, 99=183, 99.9=345, 99.99=2957] [INSERT: Count=875, Max=7067, Min=169, Avg=224.65, 90=256, 99=326, 99.9=7067, 99.99=7067] [READ-FAILED: Count=2564, Max=1397, Min=51, Avg=72.03, 90=90, 99=120, 99.9=145, 99.99=1397] 
2026-04-29 15:40:27:192 90 sec: 1597161 operations; 112.68 current ops/sec; [READ: Count=3, Max=167, Min=13, Avg=79.67, 90=167, 99=167, 99.9=167, 99.99=167] [CLEANUP: Count=1, Max=69823, Min=69760, Avg=69792, 90=69823, 99=69823, 99.9=69823, 99.99=69823] [INSERT: Count=0, Max=0, Min=0, Avg=0, 90=0, 99=0, 99.9=0, 99.99=0] [READ-FAILED: Count=0, Max=0, Min=0, Avg=0, 90=0, 99=0, 99.9=0, 99.99=0] 
[OVERALL], RunTime(ms), 90071
[OVERALL], Throughput(ops/sec), 17732.24456262282
[TOTAL_GCS_PS_Scavenge], Count, 8
[TOTAL_GC_TIME_PS_Scavenge], Time(ms), 40
[TOTAL_GC_TIME_%_PS_Scavenge], Time(%), 0.044409410354054026
[TOTAL_GCS_PS_MarkSweep], Count, 0
[TOTAL_GC_TIME_PS_MarkSweep], Time(ms), 0
[TOTAL_GC_TIME_%_PS_MarkSweep], Time(%), 0.0
[TOTAL_GCs], Count, 8
[TOTAL_GC_TIME], Time(ms), 40
[TOTAL_GC_TIME_%], Time(%), 0.044409410354054026
[READ], Operations, 1257423
[READ], AverageLatency(us), 39.133106361184744
[READ], MinLatency(us), 4
[READ], MaxLatency(us), 50655
[READ], 95thPercentileLatency(us), 124
[READ], 99thPercentileLatency(us), 168
[READ], Return=OK, 1257423
[READ], Return=NOT_FOUND, 259754
[CLEANUP], Operations, 1
[CLEANUP], AverageLatency(us), 69792.0
[CLEANUP], MinLatency(us), 69760
[CLEANUP], MaxLatency(us), 69823
[CLEANUP], 95thPercentileLatency(us), 69823
[CLEANUP], 99thPercentileLatency(us), 69823
[INSERT], Operations, 79984
[INSERT], AverageLatency(us), 279.06041208241646
[INSERT], MinLatency(us), 148
[INSERT], MaxLatency(us), 122559
[INSERT], 95thPercentileLatency(us), 297
[INSERT], 99thPercentileLatency(us), 746
[INSERT], Return=OK, 79984
[READ-FAILED], Operations, 259754
[READ-FAILED], AverageLatency(us), 62.31945225097592
[READ-FAILED], MinLatency(us), 31
[READ-FAILED], MaxLatency(us), 11047
[READ-FAILED], 95thPercentileLatency(us), 86
[READ-FAILED], 99thPercentileLatency(us), 105
	Command being timed: "/usr/lib/jvm/java-8-openjdk-amd64/bin/java -cp /users/Xinying/ozonedb/ycsb/ozonedb/conf:/users/Xinying/ozonedb/ycsb/ozonedb/target/ozonedb-binding-0.18.0-SNAPSHOT.jar:/users/Xinying/.m2/repository/org/apache/htrace/htrace-core4/4.1.0-incubating/htrace-core4-4.1.0-incubating.jar:/users/Xinying/.m2/repository/org/slf4j/slf4j-api/1.7.25/slf4j-api-1.7.25.jar:/users/Xinying/.m2/repository/org/hdrhistogram/HdrHistogram/2.1.12/HdrHistogram-2.1.12.jar:/users/Xinying/.m2/repository/ch/qos/logback/logback-classic/1.2.3/logback-classic-1.2.3.jar:/users/Xinying/.m2/repository/ozonedbjnimaven/demoproc-jni/1.0/demoproc-jni-1.0.jar:/users/Xinying/.m2/repository/ch/qos/logback/logback-core/1.2.3/logback-core-1.2.3.jar:/users/Xinying/.m2/repository/org/codehaus/jackson/jackson-mapper-asl/1.9.4/jackson-mapper-asl-1.9.4.jar:/users/Xinying/.m2/repository/org/slf4j/slf4j-simple/1.7.25/slf4j-simple-1.7.25.jar:/users/Xinying/.m2/repository/org/codehaus/jackson/jackson-core-asl/1.9.4/jackson-core-asl-1.9.4.jar:/users/Xinying/ozonedb/ycsb/core/target/core-0.18.0-SNAPSHOT.jar site.ycsb.Client -db site.ycsb.db.OzoneDBClient -threads 1 -s -P /users/Xinying/ozonedb/ycsb/workloads/generated_workloads/workloadd_1KB_1000000_1000000 -p status.interval=1 -p maxexecutiontime=90 -p operationcount=0 -p shared_config=/tmp/phase1_ozonedb_configs/shared_config_SHARED_workloadd_p16_r1_proc0.json -t"
	User time (seconds): 55.94
	System time (seconds): 27.82
	Percent of CPU this job got: 90%
	Elapsed (wall clock) time (h:mm:ss or m:ss): 1:32.66
	Average shared text size (kbytes): 0
	Average unshared data size (kbytes): 0
	Average stack size (kbytes): 0
	Average total size (kbytes): 0
	Maximum resident set size (kbytes): 4664248
	Average resident set size (kbytes): 0
	Major (requiring I/O) page faults: 449
	Minor (reclaiming a frame) page faults: 1202787
	Voluntary context switches: 216520
	Involuntary context switches: 2460
	Swaps: 0
	File system inputs: 8935058
	File system outputs: 235315
	Socket messages sent: 0
	Socket messages received: 0
	Signals delivered: 0
	Page size (bytes): 4096
	Exit status: 0
