# CMD: /usr/bin/time -v /usr/lib/jvm/java-8-openjdk-amd64/bin/java -cp /users/Xinying/ozonedb/ycsb/ozonedb/conf:/users/Xinying/ozonedb/ycsb/ozonedb/target/ozonedb-binding-0.18.0-SNAPSHOT.jar:/users/Xinying/.m2/repository/org/apache/htrace/htrace-core4/4.1.0-incubating/htrace-core4-4.1.0-incubating.jar:/users/Xinying/.m2/repository/org/slf4j/slf4j-api/1.7.25/slf4j-api-1.7.25.jar:/users/Xinying/.m2/repository/org/hdrhistogram/HdrHistogram/2.1.12/HdrHistogram-2.1.12.jar:/users/Xinying/.m2/repository/ch/qos/logback/logback-classic/1.2.3/logback-classic-1.2.3.jar:/users/Xinying/.m2/repository/ozonedbjnimaven/demoproc-jni/1.0/demoproc-jni-1.0.jar:/users/Xinying/.m2/repository/ch/qos/logback/logback-core/1.2.3/logback-core-1.2.3.jar:/users/Xinying/.m2/repository/org/codehaus/jackson/jackson-mapper-asl/1.9.4/jackson-mapper-asl-1.9.4.jar:/users/Xinying/.m2/repository/org/slf4j/slf4j-simple/1.7.25/slf4j-simple-1.7.25.jar:/users/Xinying/.m2/repository/org/codehaus/jackson/jackson-core-asl/1.9.4/jackson-core-asl-1.9.4.jar:/users/Xinying/ozonedb/ycsb/core/target/core-0.18.0-SNAPSHOT.jar site.ycsb.Client -db site.ycsb.db.OzoneDBClient -threads 1 -s -P /users/Xinying/ozonedb/ycsb/workloads/generated_workloads/workloadb_1KB_1000000_1000000 -p status.interval=1 -p maxexecutiontime=90 -p operationcount=0 -p shared_config=/tmp/phase1_ozonedb_configs/shared_config_SHARED_workloadb_p16_r1_proc13.json -t
# shared_work_path=/tank/ycsb_data/multi-proc-run/shared_ozonedb  proc_id=13/16
Command line: -db site.ycsb.db.OzoneDBClient -threads 1 -s -P /users/Xinying/ozonedb/ycsb/workloads/generated_workloads/workloadb_1KB_1000000_1000000 -p status.interval=1 -p maxexecutiontime=90 -p operationcount=0 -p shared_config=/tmp/phase1_ozonedb_configs/shared_config_SHARED_workloadb_p16_r1_proc13.json -t
YCSB Client 0.18.0-SNAPSHOT

Loading workload...
Starting test.
SLF4J: Class path contains multiple SLF4J bindings.
SLF4J: Found binding in [jar:file:/users/Xinying/.m2/repository/ch/qos/logback/logback-classic/1.2.3/logback-classic-1.2.3.jar!/org/slf4j/impl/StaticLoggerBinder.class]
SLF4J: Found binding in [jar:file:/users/Xinying/.m2/repository/org/slf4j/slf4j-simple/1.7.25/slf4j-simple-1.7.25.jar!/org/slf4j/impl/StaticLoggerBinder.class]
SLF4J: See http://www.slf4j.org/codes.html#multiple_bindings for an explanation.
SLF4J: Actual binding is of type [ch.qos.logback.classic.util.ContextSelectorStaticBinder]
Maximum execution time specified as: 90 secs
2026-04-29 15:25:47:307 0 sec: 0 operations; 
Starting compaction watcher
DBWrapper: report latency for each error is false and specific error codes to track for latency are: []
2026-04-29 15:25:48:307 1 sec: 4910 operations; 4910 current ops/sec; [READ: Count=4671, Max=48383, Min=4, Avg=110.9, 90=163, 99=208, 99.9=2127, 99.99=48383] [UPDATE: Count=276, Max=5391, Min=223, Avg=428.2, 90=498, 99=1259, 99.9=5391, 99.99=5391] 
2026-04-29 15:25:49:307 2 sec: 14990 operations; 10080 current ops/sec; [READ: Count=9591, Max=9559, Min=4, Avg=81.54, 90=135, 99=200, 99.9=2451, 99.99=9559] [UPDATE: Count=455, Max=4987, Min=167, Avg=360.88, 90=393, 99=3539, 99.9=4987, 99.99=4987] 
2026-04-29 15:25:50:307 3 sec: 24659 operations; 9669 current ops/sec; [READ: Count=9172, Max=6519, Min=4, Avg=83.34, 90=155, 99=193, 99.9=2397, 99.99=6519] [UPDATE: Count=501, Max=52927, Min=178, Avg=426.6, 90=401, 99=517, 99.9=52927, 99.99=52927] 
2026-04-29 15:25:51:307 4 sec: 36495 operations; 11836 current ops/sec; [READ: Count=11296, Max=4831, Min=4, Avg=72.3, 90=131, 99=184, 99.9=1606, 99.99=3467] [UPDATE: Count=542, Max=1860, Min=181, Avg=286.51, 90=368, 99=473, 99.9=1860, 99.99=1860] 
2026-04-29 15:25:52:307 5 sec: 48471 operations; 11976 current ops/sec; [READ: Count=11381, Max=2605, Min=4, Avg=69.14, 90=131, 99=183, 99.9=852, 99.99=2593] [UPDATE: Count=591, Max=3463, Min=182, Avg=318.31, 90=398, 99=1708, 99.9=3463, 99.99=3463] 
2026-04-29 15:25:53:307 6 sec: 59496 operations; 11025 current ops/sec; [READ: Count=10520, Max=6687, Min=4, Avg=66.71, 90=126, 99=172, 99.9=706, 99.99=3005] [UPDATE: Count=506, Max=69951, Min=173, Avg=546.14, 90=362, 99=1134, 99.9=69951, 99.99=69951] 
2026-04-29 15:25:54:307 7 sec: 72287 operations; 12791 current ops/sec; [READ: Count=12145, Max=4871, Min=4, Avg=66.09, 90=125, 99=160, 99.9=304, 99.99=2639] [UPDATE: Count=644, Max=2603, Min=166, Avg=273.56, 90=330, 99=444, 99.9=2603, 99.99=2603] 
2026-04-29 15:25:55:307 8 sec: 85068 operations; 12781 current ops/sec; [READ: Count=12158, Max=2641, Min=5, Avg=66.34, 90=125, 99=168, 99.9=400, 99.99=2549] [UPDATE: Count=621, Max=502, Min=177, Avg=278.87, 90=350, 99=421, 99.9=502, 99.99=502] 
2026-04-29 15:25:56:307 9 sec: 97008 operations; 11940 current ops/sec; [READ: Count=11302, Max=3005, Min=5, Avg=66.22, 90=126, 99=167, 99.9=397, 99.99=2693] [UPDATE: Count=641, Max=56575, Min=181, Avg=362.61, 90=341, 99=469, 99.9=56575, 99.99=56575] 
2026-04-29 15:25:57:307 10 sec: 110050 operations; 13042 current ops/sec; [READ: Count=12415, Max=3771, Min=5, Avg=64.88, 90=126, 99=166, 99.9=417, 99.99=2657] [UPDATE: Count=632, Max=458, Min=179, Avg=275.83, 90=346, 99=415, 99.9=458, 99.99=458] 
2026-04-29 15:25:58:308 11 sec: 119313 operations; 9263 current ops/sec; [READ: Count=8770, Max=2519, Min=5, Avg=74.59, 90=149, 99=209, 99.9=1282, 99.99=2519] [UPDATE: Count=489, Max=75199, Min=180, Avg=674.39, 90=1326, 99=2495, 99.9=75199, 99.99=75199] 
2026-04-29 15:25:59:307 12 sec: 130934 operations; 11621 current ops/sec; [READ: Count=11036, Max=2895, Min=5, Avg=71.89, 90=140, 99=196, 99.9=924, 99.99=2789] [UPDATE: Count=584, Max=15671, Min=181, Avg=321.65, 90=386, 99=447, 99.9=15671, 99.99=15671] 
2026-04-29 15:26:00:307 13 sec: 142782 operations; 11848 current ops/sec; [READ: Count=11267, Max=10383, Min=5, Avg=72.52, 90=134, 99=192, 99.9=828, 99.99=8471] [UPDATE: Count=584, Max=2327, Min=156, Avg=282.7, 90=358, 99=478, 99.9=2327, 99.99=2327] 
2026-04-29 15:26:01:307 14 sec: 154399 operations; 11617 current ops/sec; [READ: Count=11067, Max=3209, Min=5, Avg=75.31, 90=146, 99=204, 99.9=773, 99.99=3093] [UPDATE: Count=548, Max=507, Min=164, Avg=270.37, 90=362, 99=443, 99.9=507, 99.99=507] 
2026-04-29 15:26:02:307 15 sec: 165606 operations; 11207 current ops/sec; [READ: Count=10681, Max=2885, Min=5, Avg=73.19, 90=146, 99=197, 99.9=1274, 99.99=2669] [UPDATE: Count=521, Max=51519, Min=165, Avg=387, 90=387, 99=486, 99.9=51519, 99.99=51519] 
2026-04-29 15:26:03:308 16 sec: 175034 operations; 9428 current ops/sec; [READ: Count=8976, Max=2981, Min=5, Avg=65.7, 90=131, 99=183, 99.9=503, 99.99=2981] [UPDATE: Count=457, Max=76863, Min=173, Avg=873.01, 90=395, 99=9599, 99.9=76863, 99.99=76863] 
2026-04-29 15:26:04:307 17 sec: 177295 operations; 2261 current ops/sec; [READ: Count=2126, Max=1357, Min=5, Avg=62.22, 90=120, 99=219, 99.9=529, 99.99=1357] [UPDATE: Count=130, Max=13423, Min=1151, Avg=6647.13, 90=8671, 99=11527, 99.9=13423, 99.99=13423] 
2026-04-29 15:26:05:307 18 sec: 183064 operations; 5769 current ops/sec; [READ: Count=5484, Max=3117, Min=5, Avg=64.31, 90=126, 99=181, 99.9=613, 99.99=3117] [UPDATE: Count=291, Max=20991, Min=181, Avg=2200.82, 90=6447, 99=14455, 99.9=20991, 99.99=20991] 
2026-04-29 15:26:06:307 19 sec: 194745 operations; 11681 current ops/sec; [READ: Count=11075, Max=2825, Min=5, Avg=73.23, 90=148, 99=200, 99.9=1131, 99.99=2665] [UPDATE: Count=603, Max=517, Min=169, Avg=287.57, 90=380, 99=467, 99.9=517, 99.99=517] 
2026-04-29 15:26:07:307 20 sec: 205679 operations; 10934 current ops/sec; [READ: Count=10396, Max=8011, Min=5, Avg=76.64, 90=155, 99=206, 99.9=1376, 99.99=3065] [UPDATE: Count=539, Max=25791, Min=169, Avg=349.58, 90=402, 99=905, 99.9=25791, 99.99=25791] 
2026-04-29 15:26:08:307 21 sec: 216811 operations; 11132 current ops/sec; [READ: Count=10618, Max=3473, Min=5, Avg=65.76, 90=127, 99=161, 99.9=588, 99.99=2967] [UPDATE: Count=509, Max=56511, Min=167, Avg=564.94, 90=343, 99=5947, 99.9=56511, 99.99=56511] 
2026-04-29 15:26:09:307 22 sec: 225157 operations; 8346 current ops/sec; [READ: Count=7932, Max=2755, Min=5, Avg=79.68, 90=163, 99=213, 99.9=509, 99.99=2755] [UPDATE: Count=417, Max=7171, Min=168, Avg=854.83, 90=3551, 99=6071, 99.9=7171, 99.99=7171] 
2026-04-29 15:26:10:307 23 sec: 237215 operations; 12058 current ops/sec; [READ: Count=11424, Max=3637, Min=5, Avg=67.21, 90=130, 99=178, 99.9=441, 99.99=2969] [UPDATE: Count=633, Max=51999, Min=167, Avg=343.64, 90=330, 99=404, 99.9=51999, 99.99=51999] 
2026-04-29 15:26:11:307 24 sec: 250248 operations; 13033 current ops/sec; [READ: Count=12376, Max=3099, Min=5, Avg=65.47, 90=129, 99=175, 99.9=426, 99.99=2627] [UPDATE: Count=662, Max=2771, Min=159, Avg=263.89, 90=326, 99=441, 99.9=2771, 99.99=2771] 
2026-04-29 15:26:12:307 25 sec: 263437 operations; 13189 current ops/sec; [READ: Count=12576, Max=3661, Min=5, Avg=65.29, 90=130, 99=174, 99.9=253, 99.99=3111] [UPDATE: Count=609, Max=2893, Min=165, Avg=267.55, 90=339, 99=458, 99.9=2893, 99.99=2893] 
2026-04-29 15:26:13:307 26 sec: 273229 operations; 9792 current ops/sec; [READ: Count=9305, Max=2799, Min=5, Avg=76.32, 90=156, 99=215, 99.9=1624, 99.99=2799] [UPDATE: Count=487, Max=68927, Min=165, Avg=566.61, 90=406, 99=1822, 99.9=68927, 99.99=68927] 
2026-04-29 15:26:14:307 27 sec: 285066 operations; 11837 current ops/sec; [READ: Count=11259, Max=6055, Min=5, Avg=71.46, 90=132, 99=183, 99.9=798, 99.99=3241] [UPDATE: Count=578, Max=1355, Min=172, Avg=313.51, 90=417, 99=1074, 99.9=1355, 99.99=1355] 
2026-04-29 15:26:15:307 28 sec: 297364 operations; 12298 current ops/sec; [READ: Count=11720, Max=3681, Min=5, Avg=70.47, 90=135, 99=189, 99.9=1999, 99.99=2687] [UPDATE: Count=578, Max=447, Min=176, Avg=275.18, 90=352, 99=436, 99.9=447, 99.99=447] 
2026-04-29 15:26:16:307 29 sec: 308090 operations; 10726 current ops/sec; [READ: Count=10168, Max=4515, Min=5, Avg=75.08, 90=144, 99=208, 99.9=1827, 99.99=4487] [UPDATE: Count=558, Max=52511, Min=176, Avg=397.21, 90=396, 99=483, 99.9=52511, 99.99=52511] 
2026-04-29 15:26:17:307 30 sec: 320442 operations; 12352 current ops/sec; [READ: Count=11717, Max=2947, Min=5, Avg=69.03, 90=135, 99=190, 99.9=485, 99.99=2923] [UPDATE: Count=640, Max=600, Min=173, Avg=274.4, 90=356, 99=464, 99.9=600, 99.99=600] 
2026-04-29 15:26:18:307 31 sec: 332851 operations; 12409 current ops/sec; [READ: Count=11828, Max=3313, Min=5, Avg=69.56, 90=138, 99=194, 99.9=289, 99.99=2883] [UPDATE: Count=575, Max=509, Min=178, Avg=281.15, 90=370, 99=450, 99.9=509, 99.99=509] 
2026-04-29 15:26:19:307 32 sec: 342707 operations; 9856 current ops/sec; [READ: Count=9393, Max=3201, Min=5, Avg=74.76, 90=150, 99=215, 99.9=1365, 99.99=3201] [UPDATE: Count=464, Max=76991, Min=179, Avg=614.2, 90=431, 99=1029, 99.9=76991, 99.99=76991] 
2026-04-29 15:26:20:307 33 sec: 355037 operations; 12330 current ops/sec; [READ: Count=11696, Max=5759, Min=5, Avg=69.27, 90=135, 99=190, 99.9=568, 99.99=2823] [UPDATE: Count=633, Max=496, Min=174, Avg=275.12, 90=350, 99=420, 99.9=496, 99.99=496] 
2026-04-29 15:26:21:307 34 sec: 366942 operations; 11905 current ops/sec; [READ: Count=11317, Max=11191, Min=5, Avg=72.24, 90=140, 99=203, 99.9=554, 99.99=2629] [UPDATE: Count=587, Max=491, Min=173, Avg=284.55, 90=380, 99=450, 99.9=491, 99.99=491] 
2026-04-29 15:26:22:307 35 sec: 379007 operations; 12065 current ops/sec; [READ: Count=11425, Max=3103, Min=5, Avg=65.89, 90=134, 99=187, 99.9=348, 99.99=3103] [UPDATE: Count=641, Max=55327, Min=179, Avg=362.53, 90=347, 99=464, 99.9=55327, 99.99=55327] 
2026-04-29 15:26:23:307 36 sec: 391741 operations; 12734 current ops/sec; [READ: Count=12093, Max=2841, Min=5, Avg=66.59, 90=135, 99=192, 99.9=253, 99.99=2697] [UPDATE: Count=642, Max=2763, Min=178, Avg=279.06, 90=348, 99=468, 99.9=2763, 99.99=2763] 
2026-04-29 15:26:24:307 37 sec: 402808 operations; 11067 current ops/sec; [READ: Count=10505, Max=3859, Min=5, Avg=65.82, 90=134, 99=185, 99.9=468, 99.99=2727] [UPDATE: Count=562, Max=73343, Min=170, Avg=524.62, 90=783, 99=1365, 99.9=73343, 99.99=73343] 
2026-04-29 15:26:25:307 38 sec: 415374 operations; 12566 current ops/sec; [READ: Count=11943, Max=2643, Min=5, Avg=66.08, 90=133, 99=173, 99.9=443, 99.99=2619] [UPDATE: Count=623, Max=28303, Min=172, Avg=314.25, 90=337, 99=418, 99.9=28303, 99.99=28303] 
2026-04-29 15:26:26:307 39 sec: 426802 operations; 11428 current ops/sec; [READ: Count=10872, Max=11511, Min=5, Avg=75.6, 90=145, 99=207, 99.9=1575, 99.99=2899] [UPDATE: Count=556, Max=612, Min=175, Avg=293.51, 90=383, 99=474, 99.9=612, 99.99=612] 
2026-04-29 15:26:27:307 40 sec: 438924 operations; 12122 current ops/sec; [READ: Count=11502, Max=12991, Min=5, Avg=70.86, 90=140, 99=178, 99.9=992, 99.99=3749] [UPDATE: Count=619, Max=507, Min=176, Avg=273.85, 90=347, 99=417, 99.9=507, 99.99=507] 
2026-04-29 15:26:28:307 41 sec: 451412 operations; 12488 current ops/sec; [READ: Count=11830, Max=4231, Min=5, Avg=65.49, 90=135, 99=182, 99.9=422, 99.99=2845] [UPDATE: Count=661, Max=29551, Min=178, Avg=317.56, 90=350, 99=421, 99.9=29551, 99.99=29551] 
2026-04-29 15:26:29:307 42 sec: 460546 operations; 9134 current ops/sec; [READ: Count=8646, Max=3797, Min=5, Avg=78.41, 90=159, 99=224, 99.9=1772, 99.99=3797] [UPDATE: Count=486, Max=76863, Min=187, Avg=620.14, 90=868, 99=1383, 99.9=76863, 99.99=76863] 
2026-04-29 15:26:30:307 43 sec: 472251 operations; 11705 current ops/sec; [READ: Count=11104, Max=3729, Min=5, Avg=73.56, 90=145, 99=211, 99.9=545, 99.99=3431] [UPDATE: Count=601, Max=482, Min=164, Avg=279.21, 90=378, 99=448, 99.9=482, 99.99=482] 
2026-04-29 15:26:31:187 - NewTail completed: 
2026-04-29 15:26:31:307 44 sec: 484778 operations; 12527 current ops/sec; [READ: Count=11918, Max=3469, Min=5, Avg=68.37, 90=138, 99=204, 99.9=395, 99.99=2899] [UPDATE: Count=608, Max=2277, Min=171, Avg=278.72, 90=363, 99=465, 99.9=2277, 99.99=2277] 
2026-04-29 15:26:32:307 45 sec: 497155 operations; 12377 current ops/sec; [READ: Count=11741, Max=3021, Min=5, Avg=68.83, 90=137, 99=186, 99.9=447, 99.99=2811] [UPDATE: Count=636, Max=8487, Min=159, Avg=278.04, 90=339, 99=414, 99.9=8487, 99.99=8487] 
2026-04-29 15:26:33:307 46 sec: 509612 operations; 12457 current ops/sec; [READ: Count=11820, Max=3229, Min=5, Avg=68.76, 90=137, 99=194, 99.9=419, 99.99=2739] [UPDATE: Count=639, Max=505, Min=163, Avg=269.56, 90=349, 99=447, 99.9=505, 99.99=505] 
2026-04-29 15:26:34:307 47 sec: 521130 operations; 11518 current ops/sec; [READ: Count=10914, Max=2599, Min=5, Avg=66.08, 90=133, 99=165, 99.9=403, 99.99=2555] [UPDATE: Count=601, Max=74751, Min=155, Avg=439.63, 90=514, 99=1043, 99.9=74751, 99.99=74751] 
2026-04-29 15:26:35:307 48 sec: 532546 operations; 11416 current ops/sec; [READ: Count=10889, Max=2637, Min=5, Avg=71.67, 90=141, 99=201, 99.9=1625, 99.99=2571] [UPDATE: Count=528, Max=56351, Min=175, Avg=389.22, 90=363, 99=474, 99.9=56351, 99.99=56351] 
2026-04-29 15:26:36:307 49 sec: 544594 operations; 12048 current ops/sec; [READ: Count=11457, Max=3309, Min=5, Avg=71.39, 90=142, 99=209, 99.9=957, 99.99=2713] [UPDATE: Count=590, Max=2329, Min=170, Avg=282.89, 90=368, 99=481, 99.9=2329, 99.99=2329] 
2026-04-29 15:26:37:292 - NewTail completed: 
2026-04-29 15:26:37:307 50 sec: 556433 operations; 11839 current ops/sec; [READ: Count=11261, Max=3179, Min=5, Avg=72.57, 90=145, 99=210, 99.9=592, 99.99=2939] [UPDATE: Count=582, Max=1463, Min=176, Avg=287.63, 90=372, 99=454, 99.9=1463, 99.99=1463] 
2026-04-29 15:26:38:307 51 sec: 567123 operations; 10690 current ops/sec; [READ: Count=10166, Max=8535, Min=5, Avg=81.76, 90=164, 99=238, 99.9=1703, 99.99=2615] [UPDATE: Count=520, Max=570, Min=182, Avg=295.45, 90=406, 99=499, 99.9=570, 99.99=570] 
2026-04-29 15:26:39:307 52 sec: 576290 operations; 9167 current ops/sec; [READ: Count=8699, Max=12471, Min=5, Avg=77.97, 90=149, 99=237, 99.9=1167, 99.99=12471] [UPDATE: Count=468, Max=73343, Min=181, Avg=660.62, 90=1011, 99=2253, 99.9=73343, 99.99=73343] 
2026-04-29 15:26:40:307 53 sec: 588532 operations; 12242 current ops/sec; [READ: Count=11640, Max=2685, Min=5, Avg=70.2, 90=138, 99=183, 99.9=499, 99.99=2651] [UPDATE: Count=603, Max=1491, Min=166, Avg=278.82, 90=355, 99=496, 99.9=1491, 99.99=1491] 
2026-04-29 15:26:41:307 54 sec: 599902 operations; 11370 current ops/sec; [READ: Count=10806, Max=3309, Min=5, Avg=71.61, 90=143, 99=186, 99.9=1176, 99.99=2631] [UPDATE: Count=563, Max=54079, Min=182, Avg=375.76, 90=357, 99=432, 99.9=54079, 99.99=54079] 
2026-04-29 15:26:42:307 55 sec: 611606 operations; 11704 current ops/sec; [READ: Count=11109, Max=3717, Min=5, Avg=73, 90=146, 99=205, 99.9=1015, 99.99=2921] [UPDATE: Count=598, Max=6979, Min=178, Avg=291.08, 90=363, 99=449, 99.9=6979, 99.99=6979] 
2026-04-29 15:26:43:307 56 sec: 623293 operations; 11687 current ops/sec; [READ: Count=11056, Max=6695, Min=5, Avg=72.42, 90=148, 99=207, 99.9=451, 99.99=2739] [UPDATE: Count=629, Max=3793, Min=178, Avg=292.96, 90=378, 99=463, 99.9=3793, 99.99=3793] 
2026-04-29 15:26:44:307 57 sec: 632909 operations; 9616 current ops/sec; [READ: Count=9141, Max=6731, Min=5, Avg=72.77, 90=143, 99=216, 99.9=1327, 99.99=6731] [UPDATE: Count=476, Max=72703, Min=168, Avg=677.57, 90=796, 99=1981, 99.9=72703, 99.99=72703] 
2026-04-29 15:26:45:307 58 sec: 643966 operations; 11057 current ops/sec; [READ: Count=10525, Max=2757, Min=5, Avg=78.6, 90=154, 99=230, 99.9=1230, 99.99=2489] [UPDATE: Count=530, Max=2969, Min=176, Avg=298.05, 90=384, 99=488, 99.9=2969, 99.99=2969] 
2026-04-29 15:26:46:307 59 sec: 656257 operations; 12291 current ops/sec; [READ: Count=11674, Max=2721, Min=5, Avg=69.48, 90=140, 99=185, 99.9=443, 99.99=2661] [UPDATE: Count=618, Max=3575, Min=183, Avg=282.38, 90=352, 99=414, 99.9=3575, 99.99=3575] 
2026-04-29 15:26:47:307 60 sec: 667842 operations; 11585 current ops/sec; [READ: Count=11045, Max=2725, Min=5, Avg=70.38, 90=142, 99=183, 99.9=416, 99.99=2725] [UPDATE: Count=542, Max=58559, Min=180, Avg=384.41, 90=348, 99=398, 99.9=58559, 99.99=58559] 
2026-04-29 15:26:48:307 61 sec: 678002 operations; 10160 current ops/sec; [READ: Count=9583, Max=2837, Min=5, Avg=84.38, 90=174, 99=244, 99.9=1783, 99.99=2837] [UPDATE: Count=574, Max=711, Min=170, Avg=308.91, 90=409, 99=505, 99.9=711, 99.99=711] 
2026-04-29 15:26:49:307 62 sec: 687147 operations; 9145 current ops/sec; [READ: Count=8697, Max=3137, Min=5, Avg=75.34, 90=156, 99=231, 99.9=347, 99.99=3137] [UPDATE: Count=447, Max=83583, Min=177, Avg=732.63, 90=427, 99=9319, 99.9=83583, 99.99=83583] 
2026-04-29 15:26:50:307 63 sec: 689242 operations; 2095 current ops/sec; [READ: Count=1978, Max=560, Min=5, Avg=63.09, 90=134, 99=221, 99.9=469, 99.99=560] [UPDATE: Count=117, Max=18703, Min=2042, Avg=7479.67, 90=9415, 99=11367, 99.9=18703, 99.99=18703] 
2026-04-29 15:26:51:307 64 sec: 696405 operations; 7163 current ops/sec; [READ: Count=6821, Max=2915, Min=5, Avg=72.55, 90=147, 99=222, 99.9=531, 99.99=2915] [UPDATE: Count=343, Max=28255, Min=180, Avg=1453.5, 90=6331, 99=8639, 99.9=28255, 99.99=28255] 
2026-04-29 15:26:52:307 65 sec: 708646 operations; 12241 current ops/sec; [READ: Count=11632, Max=5911, Min=5, Avg=70.53, 90=139, 99=179, 99.9=1248, 99.99=4239] [UPDATE: Count=608, Max=2551, Min=173, Avg=269.48, 90=345, 99=416, 99.9=2551, 99.99=2551] 
2026-04-29 15:26:53:307 66 sec: 719948 operations; 11302 current ops/sec; [READ: Count=10667, Max=18463, Min=5, Avg=75.59, 90=147, 99=210, 99.9=828, 99.99=3131] [UPDATE: Count=635, Max=2523, Min=179, Avg=284.8, 90=367, 99=451, 99.9=2523, 99.99=2523] 
2026-04-29 15:26:54:307 67 sec: 731235 operations; 11287 current ops/sec; [READ: Count=10678, Max=2947, Min=5, Avg=68.03, 90=141, 99=186, 99.9=436, 99.99=2875] [UPDATE: Count=609, Max=53983, Min=167, Avg=427.42, 90=344, 99=5247, 99.9=53983, 99.99=53983] 
2026-04-29 15:26:54:917 - NewTail completed: 
2026-04-29 15:26:55:307 68 sec: 734260 operations; 3025 current ops/sec; [READ: Count=2888, Max=796, Min=5, Avg=62.75, 90=133, 99=227, 99.9=575, 99.99=796] [UPDATE: Count=137, Max=17215, Min=1490, Avg=5899.65, 90=7159, 99=12495, 99.9=17215, 99.99=17215] 
2026-04-29 15:26:56:307 69 sec: 743785 operations; 9525 current ops/sec; [READ: Count=9075, Max=2897, Min=5, Avg=73.38, 90=148, 99=221, 99.9=552, 99.99=2897] [UPDATE: Count=453, Max=7791, Min=174, Avg=726.99, 90=1110, 99=6435, 99.9=7791, 99.99=7791] 
2026-04-29 15:26:57:307 70 sec: 755533 operations; 11748 current ops/sec; [READ: Count=11169, Max=3639, Min=5, Avg=73.99, 90=148, 99=221, 99.9=530, 99.99=2811] [UPDATE: Count=578, Max=501, Min=165, Avg=275.01, 90=362, 99=457, 99.9=501, 99.99=501] 
2026-04-29 15:26:58:307 71 sec: 768360 operations; 12827 current ops/sec; [READ: Count=12202, Max=2881, Min=5, Avg=67.1, 90=140, 99=185, 99.9=370, 99.99=2825] [UPDATE: Count=625, Max=3003, Min=168, Avg=265.99, 90=343, 99=396, 99.9=3003, 99.99=3003] 
2026-04-29 15:26:58:416 - NewTail completed: 
2026-04-29 15:26:59:307 72 sec: 780632 operations; 12272 current ops/sec; [READ: Count=11654, Max=5695, Min=5, Avg=69.81, 90=143, 99=197, 99.9=725, 99.99=3053] [UPDATE: Count=617, Max=2155, Min=171, Avg=278.43, 90=356, 99=446, 99.9=2155, 99.99=2155] 
2026-04-29 15:27:00:307 73 sec: 790137 operations; 9505 current ops/sec; [READ: Count=9011, Max=5839, Min=5, Avg=83.19, 90=160, 99=238, 99.9=1194, 99.99=5839] [UPDATE: Count=494, Max=56863, Min=173, Avg=481.11, 90=632, 99=1350, 99.9=56863, 99.99=56863] 
2026-04-29 15:27:01:307 74 sec: 800712 operations; 10575 current ops/sec; [READ: Count=10045, Max=2659, Min=5, Avg=82.39, 90=163, 99=242, 99.9=503, 99.99=2575] [UPDATE: Count=533, Max=633, Min=181, Avg=297.04, 90=401, 99=495, 99.9=633, 99.99=633] 
2026-04-29 15:27:02:307 75 sec: 813047 operations; 12335 current ops/sec; [READ: Count=11726, Max=3041, Min=5, Avg=69.24, 90=140, 99=178, 99.9=394, 99.99=2787] [UPDATE: Count=608, Max=11223, Min=171, Avg=285.08, 90=338, 99=412, 99.9=11223, 99.99=11223] 
2026-04-29 15:27:03:307 76 sec: 823502 operations; 10455 current ops/sec; [READ: Count=9882, Max=2873, Min=5, Avg=81.45, 90=165, 99=252, 99.9=975, 99.99=2873] [UPDATE: Count=571, Max=2319, Min=179, Avg=315.7, 90=415, 99=541, 99.9=2319, 99.99=2319] 
2026-04-29 15:27:04:307 77 sec: 836071 operations; 12569 current ops/sec; [READ: Count=11946, Max=3473, Min=5, Avg=67.96, 90=140, 99=179, 99.9=382, 99.99=2709] [UPDATE: Count=626, Max=2837, Min=172, Avg=277.05, 90=351, 99=416, 99.9=2837, 99.99=2837] 
2026-04-29 15:27:05:307 78 sec: 846116 operations; 10045 current ops/sec; [READ: Count=9532, Max=3017, Min=5, Avg=73.85, 90=149, 99=220, 99.9=1410, 99.99=3017] [UPDATE: Count=511, Max=71551, Min=171, Avg=553.79, 90=397, 99=1049, 99.9=71551, 99.99=71551] 
2026-04-29 15:27:06:307 79 sec: 858311 operations; 12195 current ops/sec; [READ: Count=11554, Max=8007, Min=5, Avg=70.15, 90=141, 99=185, 99.9=590, 99.99=2769] [UPDATE: Count=640, Max=600, Min=171, Avg=273.34, 90=351, 99=411, 99.9=600, 99.99=600] 
2026-04-29 15:27:07:307 80 sec: 870091 operations; 11780 current ops/sec; [READ: Count=11169, Max=14135, Min=5, Avg=73.11, 90=146, 99=216, 99.9=683, 99.99=3439] [UPDATE: Count=613, Max=545, Min=169, Avg=275.64, 90=352, 99=470, 99.9=545, 99.99=545] 
2026-04-29 15:27:08:307 81 sec: 882076 operations; 11985 current ops/sec; [READ: Count=11373, Max=2707, Min=5, Avg=67.41, 90=140, 99=184, 99.9=356, 99.99=2627] [UPDATE: Count=613, Max=57791, Min=171, Avg=357.84, 90=342, 99=407, 99.9=57791, 99.99=57791] 
2026-04-29 15:27:09:307 82 sec: 894621 operations; 12545 current ops/sec; [READ: Count=11937, Max=3141, Min=5, Avg=68.86, 90=145, 99=204, 99.9=564, 99.99=2693] [UPDATE: Count=605, Max=1069, Min=174, Avg=268.88, 90=357, 99=432, 99.9=1069, 99.99=1069] 
2026-04-29 15:27:10:307 83 sec: 904801 operations; 10180 current ops/sec; [READ: Count=9672, Max=3941, Min=6, Avg=71.54, 90=147, 99=191, 99.9=1186, 99.99=3941] [UPDATE: Count=509, Max=70847, Min=182, Avg=580.15, 90=889, 99=1285, 99.9=70847, 99.99=70847] 
2026-04-29 15:27:11:307 84 sec: 916420 operations; 11619 current ops/sec; [READ: Count=11079, Max=3145, Min=5, Avg=68.53, 90=142, 99=182, 99.9=254, 99.99=2727] [UPDATE: Count=543, Max=85247, Min=169, Avg=418.74, 90=349, 99=417, 99.9=85247, 99.99=85247] 
2026-04-29 15:27:12:307 85 sec: 928398 operations; 11978 current ops/sec; [READ: Count=11366, Max=7967, Min=6, Avg=72.22, 90=144, 99=205, 99.9=465, 99.99=2487] [UPDATE: Count=609, Max=1715, Min=170, Avg=269.99, 90=348, 99=467, 99.9=1715, 99.99=1715] 
2026-04-29 15:27:13:307 86 sec: 940261 operations; 11863 current ops/sec; [READ: Count=11270, Max=3377, Min=6, Avg=72.45, 90=146, 99=228, 99.9=778, 99.99=2675] [UPDATE: Count=594, Max=3747, Min=172, Avg=283.85, 90=357, 99=493, 99.9=3747, 99.99=3747] 
2026-04-29 15:27:14:307 87 sec: 951882 operations; 11621 current ops/sec; [READ: Count=11015, Max=2481, Min=6, Avg=73.21, 90=149, 99=213, 99.9=618, 99.99=2333] [UPDATE: Count=608, Max=2141, Min=174, Avg=284.29, 90=371, 99=454, 99.9=2141, 99.99=2141] 
2026-04-29 15:27:15:307 88 sec: 961675 operations; 9793 current ops/sec; [READ: Count=9270, Max=2439, Min=6, Avg=69.87, 90=145, 99=186, 99.9=474, 99.99=2439] [UPDATE: Count=520, Max=90559, Min=173, Avg=653.96, 90=620, 99=1214, 99.9=90559, 99.99=90559] 
2026-04-29 15:27:16:307 89 sec: 973794 operations; 12119 current ops/sec; [READ: Count=11488, Max=3645, Min=6, Avg=70.82, 90=145, 99=199, 99.9=459, 99.99=2885] [UPDATE: Count=633, Max=537, Min=172, Avg=271.9, 90=348, 99=433, 99.9=537, 99.99=537] 
Maximum time elapsed. Requesting stop for the workload.
Stop requested for workload. Now Joining!
2026-04-29 15:27:17:307 90 sec: 986433 operations; 12639 current ops/sec; [READ: Count=12009, Max=2687, Min=6, Avg=67.44, 90=142, 99=183, 99.9=408, 99.99=2639] [UPDATE: Count=629, Max=2801, Min=180, Avg=279.16, 90=354, 99=439, 99.9=2801, 99.99=2801] [OZONEDB-PROFILE] reads=986441  avg_total=69.51us  view=5.39us(7.7%)  log=3.40us(4.9%)  sst=91.87us_per_call x 649751_calls(87.0%_of_total)

[OZONEDB-SST-PROFILE] level | time_total_ms | enters | range_rejects | table_gets | hits
[OZONEDB-SST-PROFILE] L1  |     12712.93 |  2538497 |       198881 |    2339616 | 161846
[OZONEDB-SST-PROFILE] L2  |      9283.91 |  1699782 |       423404 |    1276378 |  90072
[OZONEDB-SST-PROFILE] L3  |      2777.53 |   794939 |       397109 |     397830 |  26596
[OZONEDB-SST-PROFILE] L4  |      2701.49 |   741297 |       370068 |     371229 |  26735
[OZONEDB-SST-PROFILE] L5  |      2601.12 |   688072 |       343593 |     344479 |  26829
[OZONEDB-SST-PROFILE] L6  |      2511.48 |   634491 |       316825 |     317666 |  26362
[OZONEDB-SST-PROFILE] L7  |     26655.96 |  1006106 |           31 |    1006075 | 291311
[OZONEDB-TBL-PROFILE] file_filter_reject=5344945  block_filter_reject=57915  index_invalid=0  block_read_more=559038  hit_from_cache=91375  miss_after_read=662  found=649751
2026-04-29 15:27:17:341 90 sec: 986441 operations; 235.29 current ops/sec; [READ: Count=5, Max=139, Min=8, Avg=89.4, 90=139, 99=139, 99.9=139, 99.99=139] [CLEANUP: Count=1, Max=33183, Min=33152, Avg=33168, 90=33183, 99=33183, 99.9=33183, 99.99=33183] [UPDATE: Count=0, Max=0, Min=0, Avg=0, 90=0, 99=0, 99.9=0, 99.99=0] 
[OVERALL], RunTime(ms), 90034
[OVERALL], Throughput(ops/sec), 10956.316502654552
[TOTAL_GCS_PS_Scavenge], Count, 6
[TOTAL_GC_TIME_PS_Scavenge], Time(ms), 35
[TOTAL_GC_TIME_%_PS_Scavenge], Time(%), 0.038874203078836884
[TOTAL_GCS_PS_MarkSweep], Count, 0
[TOTAL_GC_TIME_PS_MarkSweep], Time(ms), 0
[TOTAL_GC_TIME_%_PS_MarkSweep], Time(%), 0.0
[TOTAL_GCs], Count, 6
[TOTAL_GC_TIME], Time(ms), 35
[TOTAL_GC_TIME_%], Time(%), 0.038874203078836884
[READ], Operations, 937032
[READ], AverageLatency(us), 71.54019393147726
[READ], MinLatency(us), 4
[READ], MaxLatency(us), 48383
[READ], 95thPercentileLatency(us), 159
[READ], 99thPercentileLatency(us), 203
[READ], Return=OK, 937032
[CLEANUP], Operations, 1
[CLEANUP], AverageLatency(us), 33168.0
[CLEANUP], MinLatency(us), 33152
[CLEANUP], MaxLatency(us), 33183
[CLEANUP], 95thPercentileLatency(us), 33183
[CLEANUP], 99thPercentileLatency(us), 33183
[UPDATE], Operations, 49409
[UPDATE], AverageLatency(us), 429.82681292881864
[UPDATE], MinLatency(us), 155
[UPDATE], MaxLatency(us), 90559
[UPDATE], 95thPercentileLatency(us), 465
[UPDATE], 99thPercentileLatency(us), 5683
[UPDATE], Return=OK, 49409
	Command being timed: "/usr/lib/jvm/java-8-openjdk-amd64/bin/java -cp /users/Xinying/ozonedb/ycsb/ozonedb/conf:/users/Xinying/ozonedb/ycsb/ozonedb/target/ozonedb-binding-0.18.0-SNAPSHOT.jar:/users/Xinying/.m2/repository/org/apache/htrace/htrace-core4/4.1.0-incubating/htrace-core4-4.1.0-incubating.jar:/users/Xinying/.m2/repository/org/slf4j/slf4j-api/1.7.25/slf4j-api-1.7.25.jar:/users/Xinying/.m2/repository/org/hdrhistogram/HdrHistogram/2.1.12/HdrHistogram-2.1.12.jar:/users/Xinying/.m2/repository/ch/qos/logback/logback-classic/1.2.3/logback-classic-1.2.3.jar:/users/Xinying/.m2/repository/ozonedbjnimaven/demoproc-jni/1.0/demoproc-jni-1.0.jar:/users/Xinying/.m2/repository/ch/qos/logback/logback-core/1.2.3/logback-core-1.2.3.jar:/users/Xinying/.m2/repository/org/codehaus/jackson/jackson-mapper-asl/1.9.4/jackson-mapper-asl-1.9.4.jar:/users/Xinying/.m2/repository/org/slf4j/slf4j-simple/1.7.25/slf4j-simple-1.7.25.jar:/users/Xinying/.m2/repository/org/codehaus/jackson/jackson-core-asl/1.9.4/jackson-core-asl-1.9.4.jar:/users/Xinying/ozonedb/ycsb/core/target/core-0.18.0-SNAPSHOT.jar site.ycsb.Client -db site.ycsb.db.OzoneDBClient -threads 1 -s -P /users/Xinying/ozonedb/ycsb/workloads/generated_workloads/workloadb_1KB_1000000_1000000 -p status.interval=1 -p maxexecutiontime=90 -p operationcount=0 -p shared_config=/tmp/phase1_ozonedb_configs/shared_config_SHARED_workloadb_p16_r1_proc13.json -t"
	User time (seconds): 48.10
	System time (seconds): 35.39
	Percent of CPU this job got: 89%
	Elapsed (wall clock) time (h:mm:ss or m:ss): 1:32.84
	Average shared text size (kbytes): 0
	Average unshared data size (kbytes): 0
	Average stack size (kbytes): 0
	Average total size (kbytes): 0
	Maximum resident set size (kbytes): 5250972
	Average resident set size (kbytes): 0
	Major (requiring I/O) page faults: 405
	Minor (reclaiming a frame) page faults: 1315004
	Voluntary context switches: 128902
	Involuntary context switches: 2445
	Swaps: 0
	File system inputs: 10847932
	File system outputs: 113861
	Socket messages sent: 0
	Socket messages received: 0
	Signals delivered: 0
	Page size (bytes): 4096
	Exit status: 0
