# CMD: /usr/bin/time -v /usr/lib/jvm/java-8-openjdk-amd64/bin/java -cp /users/Xinying/ozonedb/ycsb/ozonedb/conf:/users/Xinying/ozonedb/ycsb/ozonedb/target/ozonedb-binding-0.18.0-SNAPSHOT.jar:/users/Xinying/.m2/repository/org/apache/htrace/htrace-core4/4.1.0-incubating/htrace-core4-4.1.0-incubating.jar:/users/Xinying/.m2/repository/org/slf4j/slf4j-api/1.7.25/slf4j-api-1.7.25.jar:/users/Xinying/.m2/repository/org/hdrhistogram/HdrHistogram/2.1.12/HdrHistogram-2.1.12.jar:/users/Xinying/.m2/repository/ch/qos/logback/logback-classic/1.2.3/logback-classic-1.2.3.jar:/users/Xinying/.m2/repository/ozonedbjnimaven/demoproc-jni/1.0/demoproc-jni-1.0.jar:/users/Xinying/.m2/repository/ch/qos/logback/logback-core/1.2.3/logback-core-1.2.3.jar:/users/Xinying/.m2/repository/org/codehaus/jackson/jackson-mapper-asl/1.9.4/jackson-mapper-asl-1.9.4.jar:/users/Xinying/.m2/repository/org/slf4j/slf4j-simple/1.7.25/slf4j-simple-1.7.25.jar:/users/Xinying/.m2/repository/org/codehaus/jackson/jackson-core-asl/1.9.4/jackson-core-asl-1.9.4.jar:/users/Xinying/ozonedb/ycsb/core/target/core-0.18.0-SNAPSHOT.jar site.ycsb.Client -db site.ycsb.db.OzoneDBClient -threads 1 -s -P /users/Xinying/ozonedb/ycsb/workloads/generated_workloads/workloadd_1KB_1000000_1000000 -p status.interval=1 -p maxexecutiontime=90 -p operationcount=0 -p shared_config=/tmp/phase1_ozonedb_configs/shared_config_SHARED_workloadd_p4_r1_proc1.json -t
# shared_work_path=/tank/ycsb_data/multi-proc-run/shared_ozonedb  proc_id=1/4
Command line: -db site.ycsb.db.OzoneDBClient -threads 1 -s -P /users/Xinying/ozonedb/ycsb/workloads/generated_workloads/workloadd_1KB_1000000_1000000 -p status.interval=1 -p maxexecutiontime=90 -p operationcount=0 -p shared_config=/tmp/phase1_ozonedb_configs/shared_config_SHARED_workloadd_p4_r1_proc1.json -t
YCSB Client 0.18.0-SNAPSHOT

Loading workload...
Starting test.
SLF4J: Class path contains multiple SLF4J bindings.
SLF4J: Found binding in [jar:file:/users/Xinying/.m2/repository/ch/qos/logback/logback-classic/1.2.3/logback-classic-1.2.3.jar!/org/slf4j/impl/StaticLoggerBinder.class]
SLF4J: Found binding in [jar:file:/users/Xinying/.m2/repository/org/slf4j/slf4j-simple/1.7.25/slf4j-simple-1.7.25.jar!/org/slf4j/impl/StaticLoggerBinder.class]
SLF4J: See http://www.slf4j.org/codes.html#multiple_bindings for an explanation.
SLF4J: Actual binding is of type [ch.qos.logback.classic.util.ContextSelectorStaticBinder]
Maximum execution time specified as: 90 secs
2026-04-29 15:35:40:448 0 sec: 0 operations; 
Starting compaction watcher
DBWrapper: report latency for each error is false and specific error codes to track for latency are: []
2026-04-29 15:35:41:448 1 sec: 13252 operations; 13252 current ops/sec; [READ: Count=9451, Max=47263, Min=4, Avg=39.18, 90=87, 99=130, 99.9=431, 99.99=47263] [INSERT: Count=663, Max=29199, Min=155, Avg=236.63, 90=215, 99=304, 99.9=29199, 99.99=29199] [READ-FAILED: Count=3234, Max=207, Min=32, Avg=49.62, 90=60, 99=72, 99.9=86, 99.99=207] 
2026-04-29 15:35:42:448 2 sec: 35280 operations; 22028 current ops/sec; [READ: Count=15427, Max=1478, Min=4, Avg=32.58, 90=84, 99=126, 99.9=265, 99.99=1334] [INSERT: Count=1119, Max=291, Min=153, Avg=175.13, 90=188, 99=223, 99.9=243, 99.99=291] [READ-FAILED: Count=5406, Max=370, Min=31, Avg=47.62, 90=57, 99=69, 99.9=86, 99.99=370] 
2026-04-29 15:35:43:448 3 sec: 58008 operations; 22728 current ops/sec; [READ: Count=16011, Max=1708, Min=4, Avg=31.3, 90=83, 99=125, 99.9=174, 99.99=1579] [INSERT: Count=1113, Max=549, Min=149, Avg=173.33, 90=189, 99=277, 99.9=418, 99.99=549] [READ-FAILED: Count=5606, Max=103, Min=31, Avg=47.85, 90=56, 99=68, 99.9=83, 99.99=103] 
2026-04-29 15:35:43:912 - NewTail completed: 
2026-04-29 15:35:44:448 4 sec: 80371 operations; 22363 current ops/sec; [READ: Count=14840, Max=2137, Min=4, Avg=31.56, 90=83, 99=120, 99.9=344, 99.99=1527] [INSERT: Count=1186, Max=1095, Min=144, Avg=166.14, 90=181, 99=237, 99.9=276, 99.99=1095] [READ-FAILED: Count=6337, Max=312, Min=31, Avg=47.35, 90=56, 99=67, 99.9=83, 99.99=312] 
2026-04-29 15:35:45:448 5 sec: 102688 operations; 22317 current ops/sec; [READ: Count=15659, Max=1441, Min=4, Avg=30.02, 90=83, 99=122, 99.9=159, 99.99=1235] [INSERT: Count=1142, Max=35583, Min=146, Avg=202.58, 90=183, 99=339, 99.9=990, 99.99=35583] [READ-FAILED: Count=5522, Max=96, Min=30, Avg=48.18, 90=57, 99=68, 99.9=84, 99.99=96] 
2026-04-29 15:35:46:448 6 sec: 126466 operations; 23778 current ops/sec; [READ: Count=16864, Max=2311, Min=4, Avg=29.03, 90=81, 99=124, 99.9=191, 99.99=1590] [INSERT: Count=1196, Max=248, Min=148, Avg=167.2, 90=183, 99=220, 99.9=246, 99.99=248] [READ-FAILED: Count=5707, Max=168, Min=32, Avg=48.37, 90=57, 99=68, 99.9=81, 99.99=168] 
2026-04-29 15:35:47:448 7 sec: 150802 operations; 24336 current ops/sec; [READ: Count=17600, Max=1430, Min=4, Avg=28.41, 90=83, 99=124, 99.9=153, 99.99=1290] [INSERT: Count=1215, Max=271, Min=147, Avg=166.99, 90=182, 99=226, 99.9=262, 99.99=271] [READ-FAILED: Count=5511, Max=82, Min=33, Avg=47.8, 90=56, 99=64, 99.9=74, 99.99=82] 
2026-04-29 15:35:48:448 8 sec: 175333 operations; 24531 current ops/sec; [READ: Count=18090, Max=5715, Min=4, Avg=28.33, 90=83, 99=124, 99.9=162, 99.99=1380] [INSERT: Count=1199, Max=247, Min=147, Avg=167.1, 90=182, 99=213, 99.9=244, 99.99=247] [READ-FAILED: Count=5260, Max=321, Min=33, Avg=48.27, 90=57, 99=69, 99.9=84, 99.99=321] 
2026-04-29 15:35:49:448 9 sec: 199404 operations; 24071 current ops/sec; [READ: Count=17739, Max=1470, Min=4, Avg=28.66, 90=85, 99=127, 99.9=168, 99.99=1332] [INSERT: Count=1190, Max=268, Min=145, Avg=176.16, 90=190, 99=238, 99.9=267, 99.99=268] [READ-FAILED: Count=5139, Max=80, Min=32, Avg=48.69, 90=57, 99=66, 99.9=72, 99.99=80] 
2026-04-29 15:35:49:919 - NewTail completed: 
2026-04-29 15:35:50:448 10 sec: 223317 operations; 23913 current ops/sec; [READ: Count=18365, Max=3701, Min=4, Avg=26.9, 90=83, 99=130, 99.9=320, 99.99=1217] [INSERT: Count=1155, Max=43807, Min=145, Avg=229.19, 90=195, 99=729, 99.9=1216, 99.99=43807] [READ-FAILED: Count=4387, Max=102, Min=32, Avg=48.65, 90=58, 99=68, 99.9=80, 99.99=102] 
2026-04-29 15:35:51:448 11 sec: 246933 operations; 23616 current ops/sec; [READ: Count=17887, Max=1230, Min=4, Avg=31.34, 90=80, 99=128, 99.9=202, 99.99=1124] [INSERT: Count=1129, Max=357, Min=143, Avg=162.34, 90=175, 99=218, 99.9=328, 99.99=357] [READ-FAILED: Count=4603, Max=310, Min=32, Avg=50.07, 90=60, 99=71, 99.9=96, 99.99=310] 
2026-04-29 15:35:52:448 12 sec: 269689 operations; 22756 current ops/sec; [READ: Count=16025, Max=1187, Min=4, Avg=31.78, 90=83, 99=123, 99.9=161, 99.99=1182] [INSERT: Count=1154, Max=255, Min=144, Avg=162.01, 90=176, 99=216, 99.9=254, 99.99=255] [READ-FAILED: Count=5567, Max=310, Min=34, Avg=49.95, 90=59, 99=70, 99.9=90, 99.99=310] 
2026-04-29 15:35:53:448 13 sec: 293448 operations; 23759 current ops/sec; [READ: Count=16894, Max=2141, Min=4, Avg=30.01, 90=83, 99=123, 99.9=176, 99.99=1301] [INSERT: Count=1177, Max=249, Min=144, Avg=162.28, 90=175, 99=221, 99.9=239, 99.99=249] [READ-FAILED: Count=5690, Max=169, Min=32, Avg=48.46, 90=57, 99=67, 99.9=87, 99.99=169] 
2026-04-29 15:35:54:448 14 sec: 316728 operations; 23280 current ops/sec; [READ: Count=15664, Max=1580, Min=4, Avg=30.54, 90=82, 99=118, 99.9=151, 99.99=1553] [INSERT: Count=1228, Max=283, Min=143, Avg=159.94, 90=173, 99=219, 99.9=243, 99.99=283] [READ-FAILED: Count=6391, Max=308, Min=32, Avg=46.97, 90=55, 99=64, 99.9=79, 99.99=308] 
2026-04-29 15:35:55:448 15 sec: 339813 operations; 23085 current ops/sec; [READ: Count=16035, Max=1564, Min=4, Avg=28.71, 90=80, 99=116, 99.9=154, 99.99=1298] [INSERT: Count=1153, Max=44927, Min=143, Avg=208.67, 90=175, 99=636, 99.9=1103, 99.99=44927] [READ-FAILED: Count=5884, Max=102, Min=32, Avg=46.51, 90=54, 99=64, 99.9=82, 99.99=102] 
2026-04-29 15:35:56:126 - NewTail completed: 
2026-04-29 15:35:56:448 16 sec: 363071 operations; 23258 current ops/sec; [READ: Count=16349, Max=1383, Min=4, Avg=28.98, 90=83, 99=122, 99.9=161, 99.99=1365] [INSERT: Count=1211, Max=1043, Min=151, Avg=184.96, 90=192, 99=521, 99.9=992, 99.99=1043] [READ-FAILED: Count=5710, Max=104, Min=33, Avg=48.54, 90=57, 99=67, 99.9=82, 99.99=104] 
2026-04-29 15:35:57:448 17 sec: 387255 operations; 24184 current ops/sec; [READ: Count=17790, Max=4543, Min=4, Avg=29.1, 90=83, 99=127, 99.9=165, 99.99=1403] [INSERT: Count=1151, Max=267, Min=147, Avg=169.96, 90=184, 99=215, 99.9=250, 99.99=267] [READ-FAILED: Count=5233, Max=312, Min=33, Avg=49.45, 90=58, 99=68, 99.9=87, 99.99=312] 
2026-04-29 15:35:58:448 18 sec: 411175 operations; 23920 current ops/sec; [READ: Count=17362, Max=1244, Min=4, Avg=28.93, 90=83, 99=124, 99.9=159, 99.99=1166] [INSERT: Count=1219, Max=258, Min=149, Avg=168.75, 90=181, 99=222, 99.9=256, 99.99=258] [READ-FAILED: Count=5356, Max=112, Min=34, Avg=49.74, 90=59, 99=69, 99.9=82, 99.99=112] 
2026-04-29 15:35:59:448 19 sec: 435064 operations; 23889 current ops/sec; [READ: Count=17744, Max=1541, Min=4, Avg=29.12, 90=85, 99=131, 99.9=164, 99.99=1510] [INSERT: Count=1169, Max=291, Min=153, Avg=174.1, 90=185, 99=226, 99.9=250, 99.99=291] [READ-FAILED: Count=4970, Max=390, Min=34, Avg=50.93, 90=61, 99=72, 99.9=81, 99.99=390] 
2026-04-29 15:36:00:448 20 sec: 459731 operations; 24667 current ops/sec; [READ: Count=18291, Max=1233, Min=4, Avg=28.11, 90=83, 99=127, 99.9=196, 99.99=1221] [INSERT: Count=1194, Max=244, Min=148, Avg=169.07, 90=181, 99=224, 99.9=242, 99.99=244] [READ-FAILED: Count=5175, Max=101, Min=30, Avg=49.67, 90=58, 99=68, 99.9=79, 99.99=101] 
2026-04-29 15:36:01:448 21 sec: 481967 operations; 22236 current ops/sec; [READ: Count=16233, Max=1264, Min=4, Avg=29.14, 90=86, 99=129, 99.9=164, 99.99=1180] [INSERT: Count=1063, Max=43135, Min=154, Avg=234.56, 90=202, 99=645, 99.9=1172, 99.99=43135] [READ-FAILED: Count=4940, Max=309, Min=34, Avg=51.04, 90=61, 99=72, 99.9=88, 99.99=309] 
2026-04-29 15:36:02:330 - NewTail completed: 
2026-04-29 15:36:02:334 - Compaction started: 
2026-04-29 15:36:02:448 22 sec: 505850 operations; 23883 current ops/sec; [READ: Count=17585, Max=1553, Min=4, Avg=28.35, 90=84, 99=129, 99.9=175, 99.99=1372] [INSERT: Count=1196, Max=717, Min=149, Avg=180.23, 90=195, 99=242, 99.9=288, 99.99=717] [READ-FAILED: Count=5099, Max=2953, Min=34, Avg=50.88, 90=60, 99=72, 99.9=92, 99.99=2953] 
140567140779584:Compacting datalog/37 datalog/38 into:sstable1/81036500-7d45-4ca1-aed3-a6f0c3ff1f66202604290935401777476962476711570.sst
2026-04-29 15:36:02:579 - Compaction completed: 
2026-04-29 15:36:03:448 23 sec: 527816 operations; 21966 current ops/sec; [READ: Count=15873, Max=3325, Min=4, Avg=33.22, 90=84, 99=129, 99.9=365, 99.99=1424] [INSERT: Count=1077, Max=268, Min=148, Avg=171.44, 90=184, 99=220, 99.9=250, 99.99=268] [READ-FAILED: Count=5017, Max=2937, Min=33, Avg=52.44, 90=61, 99=74, 99.9=106, 99.99=2937] 
2026-04-29 15:36:04:448 24 sec: 550325 operations; 22509 current ops/sec; [READ: Count=16329, Max=1330, Min=4, Avg=31.88, 90=85, 99=128, 99.9=327, 99.99=1326] [INSERT: Count=1111, Max=506, Min=150, Avg=175.87, 90=189, 99=230, 99.9=270, 99.99=506] [READ-FAILED: Count=5071, Max=115, Min=34, Avg=51.06, 90=60, 99=71, 99.9=84, 99.99=115] 
2026-04-29 15:36:05:448 25 sec: 573654 operations; 23329 current ops/sec; [READ: Count=17236, Max=1422, Min=4, Avg=30.18, 90=83, 99=127, 99.9=174, 99.99=1286] [INSERT: Count=1123, Max=263, Min=152, Avg=180.33, 90=194, 99=234, 99.9=262, 99.99=263] [READ-FAILED: Count=4967, Max=120, Min=35, Avg=50.75, 90=59, 99=72, 99.9=91, 99.99=120] 
2026-04-29 15:36:06:448 26 sec: 596245 operations; 22591 current ops/sec; [READ: Count=17006, Max=4783, Min=4, Avg=29.04, 90=83, 99=128, 99.9=174, 99.99=1300] [INSERT: Count=1113, Max=43359, Min=148, Avg=229.49, 90=195, 99=644, 99.9=849, 99.99=43359] [READ-FAILED: Count=4479, Max=103, Min=35, Avg=50.5, 90=59, 99=69, 99.9=87, 99.99=103] 
2026-04-29 15:36:07:448 27 sec: 619189 operations; 22944 current ops/sec; [READ: Count=16017, Max=1500, Min=4, Avg=30.18, 90=84, 99=123, 99.9=172, 99.99=1486] [INSERT: Count=1181, Max=259, Min=146, Avg=171.06, 90=185, 99=223, 99.9=244, 99.99=259] [READ-FAILED: Count=5742, Max=93, Min=35, Avg=50.39, 90=58, 99=68, 99.9=80, 99.99=93] 
2026-04-29 15:36:08:448 28 sec: 641948 operations; 22759 current ops/sec; [READ: Count=15384, Max=1546, Min=5, Avg=30.55, 90=85, 99=122, 99.9=155, 99.99=1453] [INSERT: Count=1167, Max=252, Min=146, Avg=164.74, 90=178, 99=213, 99.9=248, 99.99=252] [READ-FAILED: Count=6205, Max=310, Min=34, Avg=50.34, 90=59, 99=69, 99.9=82, 99.99=310] 
2026-04-29 15:36:08:737 - NewTail completed: 
2026-04-29 15:36:09:448 29 sec: 666144 operations; 24196 current ops/sec; [READ: Count=17834, Max=1310, Min=4, Avg=29.16, 90=83, 99=127, 99.9=385, 99.99=1296] [INSERT: Count=1173, Max=692, Min=145, Avg=164.75, 90=179, 99=220, 99.9=340, 99.99=692] [READ-FAILED: Count=5199, Max=83, Min=35, Avg=50.23, 90=58, 99=67, 99.9=77, 99.99=83] 
2026-04-29 15:36:10:448 30 sec: 690651 operations; 24507 current ops/sec; [READ: Count=18130, Max=881, Min=5, Avg=28.53, 90=83, 99=125, 99.9=167, 99.99=867] [INSERT: Count=1184, Max=263, Min=146, Avg=163.19, 90=176, 99=217, 99.9=252, 99.99=263] [READ-FAILED: Count=5185, Max=314, Min=35, Avg=50.75, 90=59, 99=69, 99.9=86, 99.99=314] 
2026-04-29 15:36:11:448 31 sec: 713584 operations; 22933 current ops/sec; [READ: Count=16651, Max=1268, Min=5, Avg=28.95, 90=83, 99=123, 99.9=161, 99.99=1217] [INSERT: Count=1116, Max=43423, Min=147, Avg=208.83, 90=179, 99=513, 99.9=1088, 99.99=43423] [READ-FAILED: Count=5164, Max=110, Min=31, Avg=50.4, 90=59, 99=68, 99.9=83, 99.99=110] 
2026-04-29 15:36:12:448 32 sec: 737615 operations; 24031 current ops/sec; [READ: Count=17381, Max=1448, Min=5, Avg=28.8, 90=83, 99=125, 99.9=157, 99.99=1213] [INSERT: Count=1209, Max=267, Min=145, Avg=164.33, 90=177, 99=220, 99.9=240, 99.99=267] [READ-FAILED: Count=5438, Max=134, Min=32, Avg=50.51, 90=59, 99=68, 99.9=86, 99.99=134] 
2026-04-29 15:36:13:448 33 sec: 761907 operations; 24292 current ops/sec; [READ: Count=17744, Max=1177, Min=5, Avg=28.54, 90=84, 99=126, 99.9=169, 99.99=984] [INSERT: Count=1209, Max=239, Min=147, Avg=163.75, 90=177, 99=208, 99.9=238, 99.99=239] [READ-FAILED: Count=5345, Max=137, Min=35, Avg=50.45, 90=59, 99=69, 99.9=83, 99.99=137] 
2026-04-29 15:36:14:448 34 sec: 784998 operations; 23091 current ops/sec; [READ: Count=15640, Max=1590, Min=5, Avg=29.69, 90=84, 99=121, 99.9=154, 99.99=1227] [INSERT: Count=1203, Max=243, Min=147, Avg=163.65, 90=177, 99=204, 99.9=230, 99.99=243] [READ-FAILED: Count=6255, Max=99, Min=35, Avg=50.2, 90=58, 99=67, 99.9=80, 99.99=99] 
2026-04-29 15:36:14:843 - NewTail completed: 
2026-04-29 15:36:14:848 - Compaction started: 
140567140779584:Compacting datalog/39 datalog/40 into:sstable1/81036500-7d45-4ca1-aed3-a6f0c3ff1f66202604290935401777476974955177441.sst
2026-04-29 15:36:15:064 - Compaction completed: 
2026-04-29 15:36:15:448 35 sec: 806906 operations; 21908 current ops/sec; [READ: Count=15386, Max=23359, Min=4, Avg=33.08, 90=84, 99=126, 99.9=380, 99.99=3505] [INSERT: Count=1089, Max=692, Min=147, Avg=165.24, 90=179, 99=223, 99.9=292, 99.99=692] [READ-FAILED: Count=5425, Max=2773, Min=35, Avg=52.94, 90=61, 99=81, 99.9=112, 99.99=2773] 
2026-04-29 15:36:16:448 36 sec: 826721 operations; 19815 current ops/sec; [READ: Count=13711, Max=1410, Min=5, Avg=35.04, 90=86, 99=127, 99.9=208, 99.99=1286] [INSERT: Count=1010, Max=42815, Min=147, Avg=227.55, 90=185, 99=834, 99.9=1335, 99.99=42815] [READ-FAILED: Count=5103, Max=119, Min=35, Avg=52.49, 90=61, 99=72, 99.9=87, 99.99=119] 
2026-04-29 15:36:17:448 37 sec: 848133 operations; 21412 current ops/sec; [READ: Count=14650, Max=1601, Min=5, Avg=32.95, 90=86, 99=125, 99.9=166, 99.99=1309] [INSERT: Count=1095, Max=292, Min=155, Avg=181.13, 90=195, 99=243, 99.9=265, 99.99=292] [READ-FAILED: Count=5657, Max=1270, Min=36, Avg=52.1, 90=61, 99=71, 99.9=86, 99.99=1270] 
2026-04-29 15:36:18:448 38 sec: 871997 operations; 23864 current ops/sec; [READ: Count=17819, Max=1221, Min=5, Avg=29.65, 90=83, 99=127, 99.9=161, 99.99=1206] [INSERT: Count=1115, Max=350, Min=151, Avg=173.33, 90=187, 99=229, 99.9=270, 99.99=350] [READ-FAILED: Count=4928, Max=92, Min=36, Avg=51.32, 90=60, 99=69, 99.9=83, 99.99=92] 
2026-04-29 15:36:19:448 39 sec: 896102 operations; 24105 current ops/sec; [READ: Count=18516, Max=1251, Min=5, Avg=28.78, 90=83, 99=130, 99.9=174, 99.99=1044] [INSERT: Count=1156, Max=337, Min=155, Avg=182.04, 90=194, 99=236, 99.9=297, 99.99=337] [READ-FAILED: Count=4435, Max=324, Min=36, Avg=52.03, 90=61, 99=72, 99.9=93, 99.99=324] 
2026-04-29 15:36:20:448 40 sec: 918200 operations; 22098 current ops/sec; [READ: Count=15371, Max=1381, Min=5, Avg=31.44, 90=87, 99=126, 99.9=162, 99.99=1346] [INSERT: Count=1122, Max=258, Min=156, Avg=181.07, 90=191, 99=225, 99.9=257, 99.99=258] [READ-FAILED: Count=5601, Max=132, Min=36, Avg=51.6, 90=60, 99=71, 99.9=88, 99.99=132] 
2026-04-29 15:36:21:448 41 sec: 938060 operations; 19860 current ops/sec; [READ: Count=14525, Max=1469, Min=5, Avg=30.31, 90=85, 99=129, 99.9=172, 99.99=1297] [INSERT: Count=1004, Max=89471, Min=149, Avg=312.96, 90=190, 99=556, 99.9=41663, 99.99=89471] [READ-FAILED: Count=4335, Max=97, Min=36, Avg=51.64, 90=60, 99=69, 99.9=85, 99.99=97] 
2026-04-29 15:36:22:448 42 sec: 963734 operations; 25674 current ops/sec; [READ: Count=20774, Max=1247, Min=5, Avg=27.51, 90=82, 99=133, 99.9=172, 99.99=1205] [INSERT: Count=1297, Max=258, Min=147, Avg=164.95, 90=177, 99=205, 99.9=250, 99.99=258] [READ-FAILED: Count=3598, Max=104, Min=37, Avg=51.92, 90=60, 99=70, 99.9=81, 99.99=104] 
2026-04-29 15:36:23:448 43 sec: 987240 operations; 23506 current ops/sec; [READ: Count=16886, Max=1360, Min=5, Avg=29.51, 90=86, 99=126, 99.9=159, 99.99=1317] [INSERT: Count=1143, Max=246, Min=148, Avg=165.91, 90=179, 99=207, 99.9=245, 99.99=246] [READ-FAILED: Count=5483, Max=97, Min=36, Avg=51.61, 90=60, 99=70, 99.9=84, 99.99=97] 
2026-04-29 15:36:24:448 44 sec: 1010441 operations; 23201 current ops/sec; [READ: Count=16527, Max=1382, Min=5, Avg=29.96, 90=85, 99=127, 99.9=163, 99.99=1377] [INSERT: Count=1148, Max=1674, Min=148, Avg=167.27, 90=179, 99=226, 99.9=268, 99.99=1674] [READ-FAILED: Count=5525, Max=339, Min=36, Avg=52.05, 90=61, 99=71, 99.9=88, 99.99=339] 
2026-04-29 15:36:25:448 45 sec: 1033610 operations; 23169 current ops/sec; [READ: Count=16450, Max=1701, Min=5, Avg=30.04, 90=85, 99=126, 99.9=170, 99.99=1449] [INSERT: Count=1187, Max=251, Min=146, Avg=164.86, 90=177, 99=217, 99.9=244, 99.99=251] [READ-FAILED: Count=5535, Max=92, Min=36, Avg=51.51, 90=60, 99=71, 99.9=85, 99.99=92] 
2026-04-29 15:36:26:448 46 sec: 1055403 operations; 21793 current ops/sec; [READ: Count=15232, Max=1497, Min=5, Avg=30.02, 90=86, 99=125, 99.9=162, 99.99=1217] [INSERT: Count=1112, Max=43231, Min=147, Avg=213.31, 90=183, 99=566, 99.9=2189, 99.99=43231] [READ-FAILED: Count=5450, Max=314, Min=36, Avg=51.74, 90=61, 99=72, 99.9=88, 99.99=314] 
2026-04-29 15:36:27:448 47 sec: 1077758 operations; 22355 current ops/sec; [READ: Count=15224, Max=1385, Min=5, Avg=30.32, 90=86, 99=123, 99.9=159, 99.99=1279] [INSERT: Count=1139, Max=277, Min=153, Avg=184.69, 90=198, 99=242, 99.9=266, 99.99=277] [READ-FAILED: Count=5988, Max=116, Min=35, Avg=50.72, 90=59, 99=70, 99.9=82, 99.99=116] 
2026-04-29 15:36:27:654 - NewTail completed: 
2026-04-29 15:36:28:448 48 sec: 1098965 operations; 21207 current ops/sec; [READ: Count=14752, Max=3029, Min=5, Avg=33.73, 90=87, 99=129, 99.9=382, 99.99=1115] [INSERT: Count=1078, Max=706, Min=154, Avg=182.39, 90=196, 99=249, 99.9=286, 99.99=706] [READ-FAILED: Count=5376, Max=122, Min=34, Avg=52.54, 90=62, 99=75, 99.9=97, 99.99=122] 
2026-04-29 15:36:29:448 49 sec: 1120291 operations; 21326 current ops/sec; [READ: Count=15205, Max=1333, Min=5, Avg=33.58, 90=88, 99=132, 99.9=173, 99.99=1321] [INSERT: Count=1064, Max=284, Min=152, Avg=182.36, 90=195, 99=236, 99.9=271, 99.99=284] [READ-FAILED: Count=5058, Max=314, Min=37, Avg=53.71, 90=63, 99=75, 99.9=96, 99.99=314] 
2026-04-29 15:36:30:448 50 sec: 1142727 operations; 22436 current ops/sec; [READ: Count=16713, Max=1501, Min=5, Avg=31.28, 90=86, 99=131, 99.9=173, 99.99=1175] [INSERT: Count=1107, Max=280, Min=158, Avg=186.07, 90=198, 99=239, 99.9=275, 99.99=280] [READ-FAILED: Count=4613, Max=109, Min=37, Avg=53.43, 90=62, 99=73, 99.9=85, 99.99=109] 
2026-04-29 15:36:31:448 51 sec: 1163058 operations; 20331 current ops/sec; [READ: Count=14375, Max=1420, Min=5, Avg=32.21, 90=89, 99=130, 99.9=178, 99.99=1066] [INSERT: Count=1030, Max=40895, Min=153, Avg=242.35, 90=202, 99=830, 99.9=1206, 99.99=40895] [READ-FAILED: Count=4930, Max=135, Min=37, Avg=53.73, 90=63, 99=74, 99.9=85, 99.99=135] 
2026-04-29 15:36:32:448 52 sec: 1185216 operations; 22158 current ops/sec; [READ: Count=15532, Max=884, Min=5, Avg=31.42, 90=88, 99=126, 99.9=160, 99.99=747] [INSERT: Count=1094, Max=268, Min=153, Avg=177.22, 90=190, 99=236, 99.9=261, 99.99=268] [READ-FAILED: Count=5534, Max=154, Min=37, Avg=53.03, 90=61, 99=73, 99.9=84, 99.99=154] 
2026-04-29 15:36:33:448 53 sec: 1207486 operations; 22270 current ops/sec; [READ: Count=15502, Max=1405, Min=5, Avg=30.79, 90=85, 99=127, 99.9=158, 99.99=1391] [INSERT: Count=1151, Max=264, Min=150, Avg=171.26, 90=184, 99=232, 99.9=256, 99.99=264] [READ-FAILED: Count=5616, Max=320, Min=37, Avg=52.95, 90=62, 99=73, 99.9=86, 99.99=320] 
2026-04-29 15:36:34:260 - NewTail completed: 
2026-04-29 15:36:34:448 54 sec: 1229377 operations; 21891 current ops/sec; [READ: Count=14998, Max=1328, Min=5, Avg=31.59, 90=87, 99=126, 99.9=159, 99.99=1253] [INSERT: Count=1121, Max=707, Min=148, Avg=175.56, 90=188, 99=237, 99.9=286, 99.99=707] [READ-FAILED: Count=5768, Max=94, Min=37, Avg=52.83, 90=62, 99=71, 99.9=83, 99.99=94] 
2026-04-29 15:36:35:448 55 sec: 1253020 operations; 23643 current ops/sec; [READ: Count=17540, Max=1210, Min=5, Avg=29.59, 90=84, 99=131, 99.9=179, 99.99=1120] [INSERT: Count=1108, Max=1207, Min=150, Avg=172.64, 90=185, 99=225, 99.9=266, 99.99=1207] [READ-FAILED: Count=5000, Max=94, Min=37, Avg=52.75, 90=61, 99=71, 99.9=84, 99.99=94] 
2026-04-29 15:36:36:448 56 sec: 1274462 operations; 21442 current ops/sec; [READ: Count=15279, Max=1246, Min=5, Avg=30.58, 90=87, 99=130, 99.9=326, 99.99=1229] [INSERT: Count=1095, Max=42719, Min=154, Avg=216.69, 90=186, 99=544, 99.9=1044, 99.99=42719] [READ-FAILED: Count=5069, Max=538, Min=37, Avg=53.62, 90=63, 99=74, 99.9=89, 99.99=538] 
2026-04-29 15:36:37:448 57 sec: 1297347 operations; 22885 current ops/sec; [READ: Count=15801, Max=1302, Min=5, Avg=30.35, 90=85, 99=122, 99.9=152, 99.99=1255] [INSERT: Count=1092, Max=274, Min=153, Avg=178.63, 90=190, 99=228, 99.9=269, 99.99=274] [READ-FAILED: Count=5985, Max=274, Min=36, Avg=50.27, 90=58, 99=67, 99.9=82, 99.99=274] 
2026-04-29 15:36:38:448 58 sec: 1321624 operations; 24277 current ops/sec; [READ: Count=17824, Max=1332, Min=5, Avg=28.53, 90=84, 99=124, 99.9=163, 99.99=1136] [INSERT: Count=1145, Max=253, Min=149, Avg=173.22, 90=186, 99=216, 99.9=253, 99.99=253] [READ-FAILED: Count=5314, Max=413, Min=35, Avg=50.4, 90=58, 99=69, 99.9=87, 99.99=413] 
2026-04-29 15:36:39:448 59 sec: 1345260 operations; 23636 current ops/sec; [READ: Count=16830, Max=1219, Min=5, Avg=29.24, 90=84, 99=124, 99.9=157, 99.99=1142] [INSERT: Count=1153, Max=266, Min=151, Avg=173.3, 90=185, 99=221, 99.9=245, 99.99=266] [READ-FAILED: Count=5652, Max=96, Min=36, Avg=50.11, 90=58, 99=68, 99.9=76, 99.99=96] 
2026-04-29 15:36:40:448 60 sec: 1368671 operations; 23411 current ops/sec; [READ: Count=16510, Max=1334, Min=5, Avg=29.7, 90=85, 99=123, 99.9=177, 99.99=1302] [INSERT: Count=1186, Max=413, Min=149, Avg=167.7, 90=181, 99=218, 99.9=238, 99.99=413] [READ-FAILED: Count=5713, Max=132, Min=36, Avg=50.07, 90=58, 99=66, 99.9=84, 99.99=132] 
2026-04-29 15:36:40:666 - NewTail completed: 
2026-04-29 15:36:40:681 - Compaction started: 
140567140779584:Compacting datalog/43 datalog/44 into:sstable1/81036500-7d45-4ca1-aed3-a6f0c3ff1f66202604290935401777477000789422158.sst
2026-04-29 15:36:40:892 - Compaction completed: 
2026-04-29 15:36:41:448 61 sec: 1390599 operations; 21928 current ops/sec; [READ: Count=15718, Max=3709, Min=5, Avg=33.29, 90=86, 99=128, 99.9=438, 99.99=3023] [INSERT: Count=1083, Max=688, Min=148, Avg=169.35, 90=182, 99=231, 99.9=396, 99.99=688] [READ-FAILED: Count=5129, Max=2859, Min=36, Avg=52.58, 90=62, 99=72, 99.9=99, 99.99=2859] 
2026-04-29 15:36:42:448 62 sec: 1411743 operations; 21144 current ops/sec; [READ: Count=15594, Max=1350, Min=5, Avg=32.36, 90=84, 99=127, 99.9=190, 99.99=1330] [INSERT: Count=1021, Max=41887, Min=148, Avg=228.8, 90=189, 99=701, 99.9=932, 99.99=41887] [READ-FAILED: Count=4533, Max=176, Min=37, Avg=52.82, 90=62, 99=72, 99.9=108, 99.99=176] 
2026-04-29 15:36:43:448 63 sec: 1432898 operations; 21155 current ops/sec; [READ: Count=14717, Max=1396, Min=5, Avg=34.04, 90=89, 99=127, 99.9=167, 99.99=1329] [INSERT: Count=1107, Max=325, Min=145, Avg=169.52, 90=181, 99=228, 99.9=256, 99.99=325] [READ-FAILED: Count=5324, Max=173, Min=38, Avg=53.98, 90=63, 99=72, 99.9=80, 99.99=173] 
2026-04-29 15:36:44:448 64 sec: 1455219 operations; 22321 current ops/sec; [READ: Count=16226, Max=1354, Min=5, Avg=31.67, 90=86, 99=129, 99.9=172, 99.99=1253] [INSERT: Count=1123, Max=256, Min=150, Avg=174.31, 90=189, 99=222, 99.9=255, 99.99=256] [READ-FAILED: Count=4975, Max=99, Min=38, Avg=53.51, 90=62, 99=71, 99.9=83, 99.99=99] 
2026-04-29 15:36:45:448 65 sec: 1476087 operations; 20868 current ops/sec; [READ: Count=14040, Max=1395, Min=5, Avg=32.91, 90=88, 99=126, 99.9=163, 99.99=1201] [INSERT: Count=1135, Max=270, Min=155, Avg=185.14, 90=198, 99=234, 99.9=255, 99.99=270] [READ-FAILED: Count=5693, Max=309, Min=38, Avg=53.53, 90=62, 99=71, 99.9=78, 99.99=309] 
2026-04-29 15:36:46:448 66 sec: 1497869 operations; 21782 current ops/sec; [READ: Count=15394, Max=1150, Min=5, Avg=31.85, 90=88, 99=130, 99.9=173, 99.99=1144] [INSERT: Count=1071, Max=275, Min=158, Avg=186.78, 90=198, 99=241, 99.9=261, 99.99=275] [READ-FAILED: Count=5317, Max=111, Min=38, Avg=53.69, 90=62, 99=72, 99.9=81, 99.99=111] 
2026-04-29 15:36:47:272 - NewTail completed: 
2026-04-29 15:36:47:448 67 sec: 1520116 operations; 22247 current ops/sec; [READ: Count=16617, Max=1345, Min=5, Avg=29.89, 90=86, 99=130, 99.9=172, 99.99=1157] [INSERT: Count=1051, Max=40543, Min=150, Avg=221.03, 90=193, 99=589, 99.9=1356, 99.99=40543] [READ-FAILED: Count=4583, Max=400, Min=37, Avg=53.9, 90=63, 99=73, 99.9=83, 99.99=400] 
2026-04-29 15:36:48:448 68 sec: 1542750 operations; 22634 current ops/sec; [READ: Count=16446, Max=1334, Min=5, Avg=30.58, 90=87, 99=129, 99.9=168, 99.99=1300] [INSERT: Count=1149, Max=538, Min=151, Avg=173.68, 90=185, 99=228, 99.9=261, 99.99=538] [READ-FAILED: Count=5032, Max=111, Min=38, Avg=54.14, 90=63, 99=73, 99.9=82, 99.99=111] 
2026-04-29 15:36:49:448 69 sec: 1565303 operations; 22553 current ops/sec; [READ: Count=16509, Max=1351, Min=5, Avg=31.09, 90=88, 99=131, 99.9=179, 99.99=1234] [INSERT: Count=1095, Max=311, Min=150, Avg=175.95, 90=187, 99=236, 99.9=262, 99.99=311] [READ-FAILED: Count=4947, Max=113, Min=38, Avg=54.41, 90=63, 99=72, 99.9=82, 99.99=113] 
2026-04-29 15:36:50:448 70 sec: 1588501 operations; 23198 current ops/sec; [READ: Count=17350, Max=1474, Min=5, Avg=30.36, 90=87, 99=132, 99.9=336, 99.99=1347] [INSERT: Count=1099, Max=258, Min=150, Avg=172.45, 90=185, 99=227, 99.9=256, 99.99=258] [READ-FAILED: Count=4751, Max=142, Min=37, Avg=54.14, 90=63, 99=74, 99.9=87, 99.99=142] 
2026-04-29 15:36:51:448 71 sec: 1610796 operations; 22295 current ops/sec; [READ: Count=15422, Max=1153, Min=5, Avg=30.9, 90=87, 99=127, 99.9=162, 99.99=1020] [INSERT: Count=1154, Max=249, Min=150, Avg=168.83, 90=179, 99=226, 99.9=242, 99.99=249] [READ-FAILED: Count=5721, Max=92, Min=37, Avg=53.2, 90=61, 99=71, 99.9=78, 99.99=92] 
2026-04-29 15:36:52:448 72 sec: 1632034 operations; 21238 current ops/sec; [READ: Count=15119, Max=1423, Min=5, Avg=30.61, 90=88, 99=130, 99.9=163, 99.99=1269] [INSERT: Count=1069, Max=42687, Min=156, Avg=223.74, 90=192, 99=399, 99.9=1252, 99.99=42687] [READ-FAILED: Count=5053, Max=320, Min=37, Avg=54.34, 90=64, 99=74, 99.9=89, 99.99=320] 
2026-04-29 15:36:53:448 73 sec: 1654219 operations; 22185 current ops/sec; [READ: Count=15601, Max=1147, Min=5, Avg=31, 90=88, 99=129, 99.9=167, 99.99=1145] [INSERT: Count=1115, Max=291, Min=152, Avg=178.31, 90=190, 99=236, 99.9=259, 99.99=291] [READ-FAILED: Count=5468, Max=96, Min=38, Avg=53.56, 90=62, 99=72, 99.9=80, 99.99=96] 
2026-04-29 15:36:53:781 - NewTail completed: 
2026-04-29 15:36:53:798 - Compaction started: 
140567140779584:Compacting datalog/45 datalog/46 into:sstable1/81036500-7d45-4ca1-aed3-a6f0c3ff1f66202604290935401777477013910594503.sst
2026-04-29 15:36:54:011 - Compaction completed: 
2026-04-29 15:36:54:448 74 sec: 1675635 operations; 21416 current ops/sec; [READ: Count=15230, Max=3031, Min=5, Avg=33.1, 90=86, 99=130, 99.9=357, 99.99=2901] [INSERT: Count=1071, Max=715, Min=150, Avg=176.06, 90=190, 99=235, 99.9=289, 99.99=715] [READ-FAILED: Count=5114, Max=2971, Min=38, Avg=55.38, 90=64, 99=75, 99.9=94, 99.99=2971] 
2026-04-29 15:36:55:448 75 sec: 1697379 operations; 21744 current ops/sec; [READ: Count=15953, Max=1332, Min=5, Avg=32.75, 90=85, 99=129, 99.9=192, 99.99=1273] [INSERT: Count=1052, Max=271, Min=153, Avg=180.27, 90=191, 99=227, 99.9=263, 99.99=271] [READ-FAILED: Count=4733, Max=116, Min=34, Avg=55.77, 90=65, 99=75, 99.9=88, 99.99=116] 
2026-04-29 15:36:56:448 76 sec: 1718790 operations; 21411 current ops/sec; [READ: Count=15379, Max=1267, Min=5, Avg=33.06, 90=87, 99=131, 99.9=332, 99.99=1199] [INSERT: Count=1079, Max=250, Min=156, Avg=180.04, 90=189, 99=211, 99.9=243, 99.99=250] [READ-FAILED: Count=4956, Max=118, Min=40, Avg=55.25, 90=64, 99=74, 99.9=96, 99.99=118] 
2026-04-29 15:36:57:448 77 sec: 1739531 operations; 20741 current ops/sec; [READ: Count=14975, Max=1361, Min=5, Avg=31.83, 90=86, 99=130, 99.9=183, 99.99=1259] [INSERT: Count=999, Max=40927, Min=154, Avg=236.57, 90=196, 99=867, 99.9=40927, 99.99=40927] [READ-FAILED: Count=4768, Max=321, Min=40, Avg=55.45, 90=65, 99=76, 99.9=95, 99.99=321] 
2026-04-29 15:36:58:448 78 sec: 1761690 operations; 22159 current ops/sec; [READ: Count=16070, Max=1297, Min=5, Avg=31.76, 90=88, 99=128, 99.9=160, 99.99=1193] [INSERT: Count=1088, Max=315, Min=152, Avg=174.8, 90=186, 99=232, 99.9=286, 99.99=315] [READ-FAILED: Count=5000, Max=125, Min=39, Avg=55.05, 90=63, 99=73, 99.9=87, 99.99=125] 
2026-04-29 15:36:59:448 79 sec: 1782919 operations; 21229 current ops/sec; [READ: Count=14663, Max=2363, Min=5, Avg=32.54, 90=88, 99=128, 99.9=164, 99.99=1452] [INSERT: Count=1144, Max=260, Min=155, Avg=175.81, 90=188, 99=234, 99.9=252, 99.99=260] [READ-FAILED: Count=5427, Max=317, Min=38, Avg=54.88, 90=64, 99=73, 99.9=85, 99.99=317] 
2026-04-29 15:37:00:448 80 sec: 1804843 operations; 21924 current ops/sec; [READ: Count=15712, Max=1306, Min=5, Avg=31.96, 90=88, 99=131, 99.9=191, 99.99=1229] [INSERT: Count=1103, Max=402, Min=154, Avg=174.75, 90=188, 99=228, 99.9=270, 99.99=402] [READ-FAILED: Count=5104, Max=94, Min=39, Avg=55, 90=63, 99=72, 99.9=81, 99.99=94] 
2026-04-29 15:37:00:486 - NewTail completed: 
2026-04-29 15:37:01:448 81 sec: 1826960 operations; 22117 current ops/sec; [READ: Count=16156, Max=1480, Min=5, Avg=31.81, 90=89, 99=130, 99.9=401, 99.99=1382] [INSERT: Count=1092, Max=720, Min=153, Avg=174.83, 90=188, 99=236, 99.9=286, 99.99=720] [READ-FAILED: Count=4871, Max=332, Min=39, Avg=55.62, 90=64, 99=74, 99.9=87, 99.99=332] 
2026-04-29 15:37:02:448 82 sec: 1848766 operations; 21806 current ops/sec; [READ: Count=16453, Max=1242, Min=5, Avg=30.55, 90=87, 99=132, 99.9=173, 99.99=1193] [INSERT: Count=1064, Max=40511, Min=154, Avg=220.84, 90=190, 99=290, 99.9=1064, 99.99=40511] [READ-FAILED: Count=4293, Max=188, Min=40, Avg=55.64, 90=64, 99=74, 99.9=90, 99.99=188] 
2026-04-29 15:37:03:448 83 sec: 1870433 operations; 21667 current ops/sec; [READ: Count=15192, Max=1119, Min=5, Avg=31.41, 90=88, 99=128, 99.9=170, 99.99=1044] [INSERT: Count=1105, Max=254, Min=159, Avg=181.78, 90=194, 99=217, 99.9=251, 99.99=254] [READ-FAILED: Count=5366, Max=112, Min=40, Avg=55.43, 90=64, 99=73, 99.9=88, 99.99=112] 
2026-04-29 15:37:04:448 84 sec: 1892085 operations; 21652 current ops/sec; [READ: Count=15128, Max=1356, Min=5, Avg=31.74, 90=89, 99=128, 99.9=173, 99.99=1245] [INSERT: Count=1086, Max=275, Min=156, Avg=178.94, 90=190, 99=230, 99.9=264, 99.99=275] [READ-FAILED: Count=5435, Max=316, Min=38, Avg=55.51, 90=65, 99=74, 99.9=94, 99.99=316] 
2026-04-29 15:37:05:448 85 sec: 1913782 operations; 21697 current ops/sec; [READ: Count=15454, Max=1489, Min=5, Avg=31.65, 90=89, 99=131, 99.9=221, 99.99=1322] [INSERT: Count=1130, Max=256, Min=157, Avg=179.37, 90=191, 99=216, 99.9=255, 99.99=256] [READ-FAILED: Count=5115, Max=112, Min=39, Avg=55.54, 90=65, 99=73, 99.9=85, 99.99=112] 
2026-04-29 15:37:06:448 86 sec: 1934644 operations; 20862 current ops/sec; [READ: Count=14223, Max=1283, Min=5, Avg=32.69, 90=91, 99=131, 99.9=168, 99.99=1207] [INSERT: Count=1108, Max=269, Min=156, Avg=181.09, 90=193, 99=237, 99.9=264, 99.99=269] [READ-FAILED: Count=5529, Max=846, Min=40, Avg=56.25, 90=66, 99=75, 99.9=85, 99.99=846] 
2026-04-29 15:37:07:095 - NewTail completed: 
2026-04-29 15:37:07:116 - Compaction started: 
140567140779584:Compacting datalog/47 datalog/48 into:sstable1/81036500-7d45-4ca1-aed3-a6f0c3ff1f66202604290935401777477027227273306.sst
2026-04-29 15:37:07:327 - Compaction completed: 
2026-04-29 15:37:07:448 87 sec: 1955466 operations; 20822 current ops/sec; [READ: Count=14957, Max=2877, Min=5, Avg=31.27, 90=88, 99=133, 99.9=191, 99.99=915] [INSERT: Count=1026, Max=41791, Min=148, Avg=225.59, 90=192, 99=591, 99.9=1849, 99.99=41791] [READ-FAILED: Count=4845, Max=2861, Min=40, Avg=57.39, 90=65, 99=77, 99.9=98, 99.99=2861] 
2026-04-29 15:37:08:448 88 sec: 1976241 operations; 20775 current ops/sec; [READ: Count=15189, Max=1356, Min=5, Avg=35.4, 90=88, 99=133, 99.9=223, 99.99=1204] [INSERT: Count=978, Max=264, Min=151, Avg=174.68, 90=186, 99=227, 99.9=264, 99.99=264] [READ-FAILED: Count=4604, Max=128, Min=41, Avg=58.26, 90=68, 99=79, 99.9=98, 99.99=128] 
2026-04-29 15:37:09:448 89 sec: 1997438 operations; 21197 current ops/sec; [READ: Count=14799, Max=1449, Min=5, Avg=33.8, 90=88, 99=129, 99.9=183, 99.99=1283] [INSERT: Count=1058, Max=260, Min=149, Avg=173.31, 90=186, 99=227, 99.9=260, 99.99=260] [READ-FAILED: Count=5342, Max=357, Min=39, Avg=54.97, 90=64, 99=75, 99.9=95, 99.99=357] 
Maximum time elapsed. Requesting stop for the workload.
Stop requested for workload. Now Joining!
2026-04-29 15:37:10:448 90 sec: 2018841 operations; 21403 current ops/sec; [READ: Count=14510, Max=1262, Min=5, Avg=33.1, 90=88, 99=126, 99.9=163, 99.99=1188] [INSERT: Count=1077, Max=250, Min=148, Avg=167.49, 90=178, 99=217, 99.9=250, 99.99=250] [READ-FAILED: Count=5813, Max=110, Min=40, Avg=54.37, 90=63, 99=72, 99.9=87, 99.99=110] 
[OZONEDB-PROFILE] reads=1918190  avg_total=34.78us  view=4.21us(12.1%)  log=1.35us(3.9%)  sst=47.76us_per_call x 1166314_calls(83.5%_of_total)
[OZONEDB-SST-PROFILE] level | time_total_ms | enters | range_rejects | table_gets | hits
[OZONEDB-SST-PROFILE] L1  |     15212.29 |  4985035 |       870047 |    4114988 | 392876
[OZONEDB-SST-PROFILE] L2  |      4405.22 |  1545016 |       771593 |     773423 |  55653
[OZONEDB-SST-PROFILE] L3  |      3670.04 |  1434496 |       716721 |     717775 |  39193
[OZONEDB-SST-PROFILE] L4  |      3303.46 |  1355798 |       677223 |     678575 |  30850
[OZONEDB-SST-PROFILE] L5  |      2897.58 |  1294481 |       646790 |     647691 |  25177
[OZONEDB-SST-PROFILE] L6  |      2734.29 |  1244475 |       621941 |     622534 |  21039
[OZONEDB-SST-PROFILE] L7  |     22840.87 |  2304048 |           91 |    2303957 | 131200
[OZONEDB-TBL-PROFILE] file_filter_reject=9064301  block_filter_reject=97669  index_invalid=0  block_read_more=432361  hit_from_cache=264612  miss_after_read=985  found=695988
2026-04-29 15:37:10:521 90 sec: 2018851 operations; 136.99 current ops/sec; [READ: Count=6, Max=110, Min=6, Avg=37.83, 90=110, 99=110, 99.9=110, 99.99=110] [CLEANUP: Count=1, Max=72383, Min=72320, Avg=72352, 90=72383, 99=72383, 99.9=72383, 99.99=72383] [INSERT: Count=0, Max=0, Min=0, Avg=0, 90=0, 99=0, 99.9=0, 99.99=0] [READ-FAILED: Count=0, Max=0, Min=0, Avg=0, 90=0, 99=0, 99.9=0, 99.99=0] 
[OVERALL], RunTime(ms), 90073
[OVERALL], Throughput(ops/sec), 22413.497940559326
[TOTAL_GCS_PS_Scavenge], Count, 10
[TOTAL_GC_TIME_PS_Scavenge], Time(ms), 32
[TOTAL_GC_TIME_%_PS_Scavenge], Time(%), 0.03552673942246844
[TOTAL_GCS_PS_MarkSweep], Count, 0
[TOTAL_GC_TIME_PS_MarkSweep], Time(ms), 0
[TOTAL_GC_TIME_%_PS_MarkSweep], Time(%), 0.0
[TOTAL_GCs], Count, 10
[TOTAL_GC_TIME], Time(ms), 32
[TOTAL_GC_TIME_%], Time(%), 0.03552673942246844
[READ], Operations, 1447864
[READ], AverageLatency(us), 30.757254825038817
[READ], MinLatency(us), 4
[READ], MaxLatency(us), 47263
[READ], 95thPercentileLatency(us), 105
[READ], 99thPercentileLatency(us), 127
[READ], Return=OK, 1447864
[READ], Return=NOT_FOUND, 470326
[CLEANUP], Operations, 1
[CLEANUP], AverageLatency(us), 72352.0
[CLEANUP], MinLatency(us), 72320
[CLEANUP], MaxLatency(us), 72383
[CLEANUP], 95thPercentileLatency(us), 72383
[CLEANUP], 99thPercentileLatency(us), 72383
[INSERT], Operations, 100661
[INSERT], AverageLatency(us), 183.33211472168963
[INSERT], MinLatency(us), 143
[INSERT], MaxLatency(us), 89471
[INSERT], 95thPercentileLatency(us), 197
[INSERT], 99thPercentileLatency(us), 241
[INSERT], Return=OK, 100661
[READ-FAILED], Operations, 470326
[READ-FAILED], AverageLatency(us), 51.91080442076347
[READ-FAILED], MinLatency(us), 30
[READ-FAILED], MaxLatency(us), 2971
[READ-FAILED], 95thPercentileLatency(us), 65
[READ-FAILED], 99thPercentileLatency(us), 72
	Command being timed: "/usr/lib/jvm/java-8-openjdk-amd64/bin/java -cp /users/Xinying/ozonedb/ycsb/ozonedb/conf:/users/Xinying/ozonedb/ycsb/ozonedb/target/ozonedb-binding-0.18.0-SNAPSHOT.jar:/users/Xinying/.m2/repository/org/apache/htrace/htrace-core4/4.1.0-incubating/htrace-core4-4.1.0-incubating.jar:/users/Xinying/.m2/repository/org/slf4j/slf4j-api/1.7.25/slf4j-api-1.7.25.jar:/users/Xinying/.m2/repository/org/hdrhistogram/HdrHistogram/2.1.12/HdrHistogram-2.1.12.jar:/users/Xinying/.m2/repository/ch/qos/logback/logback-classic/1.2.3/logback-classic-1.2.3.jar:/users/Xinying/.m2/repository/ozonedbjnimaven/demoproc-jni/1.0/demoproc-jni-1.0.jar:/users/Xinying/.m2/repository/ch/qos/logback/logback-core/1.2.3/logback-core-1.2.3.jar:/users/Xinying/.m2/repository/org/codehaus/jackson/jackson-mapper-asl/1.9.4/jackson-mapper-asl-1.9.4.jar:/users/Xinying/.m2/repository/org/slf4j/slf4j-simple/1.7.25/slf4j-simple-1.7.25.jar:/users/Xinying/.m2/repository/org/codehaus/jackson/jackson-core-asl/1.9.4/jackson-core-asl-1.9.4.jar:/users/Xinying/ozonedb/ycsb/core/target/core-0.18.0-SNAPSHOT.jar site.ycsb.Client -db site.ycsb.db.OzoneDBClient -threads 1 -s -P /users/Xinying/ozonedb/ycsb/workloads/generated_workloads/workloadd_1KB_1000000_1000000 -p status.interval=1 -p maxexecutiontime=90 -p operationcount=0 -p shared_config=/tmp/phase1_ozonedb_configs/shared_config_SHARED_workloadd_p4_r1_proc1.json -t"
	User time (seconds): 58.70
	System time (seconds): 26.13
	Percent of CPU this job got: 93%
	Elapsed (wall clock) time (h:mm:ss or m:ss): 1:31.11
	Average shared text size (kbytes): 0
	Average unshared data size (kbytes): 0
	Average stack size (kbytes): 0
	Average total size (kbytes): 0
	Maximum resident set size (kbytes): 3912208
	Average resident set size (kbytes): 0
	Major (requiring I/O) page faults: 462
	Minor (reclaiming a frame) page faults: 1066250
	Voluntary context switches: 229878
	Involuntary context switches: 521
	Swaps: 0
	File system inputs: 8591645
	File system outputs: 403680
	Socket messages sent: 0
	Socket messages received: 0
	Signals delivered: 0
	Page size (bytes): 4096
	Exit status: 0
