# CMD: /usr/bin/time -v /usr/lib/jvm/java-8-openjdk-amd64/bin/java -cp /users/Xinying/ozonedb/ycsb/ozonedb/conf:/users/Xinying/ozonedb/ycsb/ozonedb/target/ozonedb-binding-0.18.0-SNAPSHOT.jar:/users/Xinying/.m2/repository/org/apache/htrace/htrace-core4/4.1.0-incubating/htrace-core4-4.1.0-incubating.jar:/users/Xinying/.m2/repository/org/slf4j/slf4j-api/1.7.25/slf4j-api-1.7.25.jar:/users/Xinying/.m2/repository/org/hdrhistogram/HdrHistogram/2.1.12/HdrHistogram-2.1.12.jar:/users/Xinying/.m2/repository/ch/qos/logback/logback-classic/1.2.3/logback-classic-1.2.3.jar:/users/Xinying/.m2/repository/ozonedbjnimaven/demoproc-jni/1.0/demoproc-jni-1.0.jar:/users/Xinying/.m2/repository/ch/qos/logback/logback-core/1.2.3/logback-core-1.2.3.jar:/users/Xinying/.m2/repository/org/codehaus/jackson/jackson-mapper-asl/1.9.4/jackson-mapper-asl-1.9.4.jar:/users/Xinying/.m2/repository/org/slf4j/slf4j-simple/1.7.25/slf4j-simple-1.7.25.jar:/users/Xinying/.m2/repository/org/codehaus/jackson/jackson-core-asl/1.9.4/jackson-core-asl-1.9.4.jar:/users/Xinying/ozonedb/ycsb/core/target/core-0.18.0-SNAPSHOT.jar site.ycsb.Client -db site.ycsb.db.OzoneDBClient -threads 1 -s -P /users/Xinying/ozonedb/ycsb/workloads/generated_workloads/workloadd_1KB_1000000_1000000 -p status.interval=1 -p maxexecutiontime=90 -p operationcount=0 -p shared_config=/tmp/phase1_ozonedb_configs/shared_config_SHARED_workloadd_p16_r1_proc6.json -t
# shared_work_path=/tank/ycsb_data/multi-proc-run/shared_ozonedb  proc_id=6/16
Command line: -db site.ycsb.db.OzoneDBClient -threads 1 -s -P /users/Xinying/ozonedb/ycsb/workloads/generated_workloads/workloadd_1KB_1000000_1000000 -p status.interval=1 -p maxexecutiontime=90 -p operationcount=0 -p shared_config=/tmp/phase1_ozonedb_configs/shared_config_SHARED_workloadd_p16_r1_proc6.json -t
YCSB Client 0.18.0-SNAPSHOT

Loading workload...
Starting test.
SLF4J: Class path contains multiple SLF4J bindings.
SLF4J: Found binding in [jar:file:/users/Xinying/.m2/repository/ch/qos/logback/logback-classic/1.2.3/logback-classic-1.2.3.jar!/org/slf4j/impl/StaticLoggerBinder.class]
SLF4J: Found binding in [jar:file:/users/Xinying/.m2/repository/org/slf4j/slf4j-simple/1.7.25/slf4j-simple-1.7.25.jar!/org/slf4j/impl/StaticLoggerBinder.class]
SLF4J: See http://www.slf4j.org/codes.html#multiple_bindings for an explanation.
SLF4J: Actual binding is of type [ch.qos.logback.classic.util.ContextSelectorStaticBinder]
Maximum execution time specified as: 90 secs
2026-04-29 15:38:57:123 0 sec: 0 operations; 
Starting compaction watcher
DBWrapper: report latency for each error is false and specific error codes to track for latency are: []
2026-04-29 15:38:58:123 1 sec: 7400 operations; 7400 current ops/sec; [READ: Count=6137, Max=49759, Min=4, Avg=61.22, 90=110, 99=213, 99.9=3859, 99.99=49759] [INSERT: Count=368, Max=11967, Min=175, Avg=455.27, 90=667, 99=4227, 99.9=11967, 99.99=11967] [READ-FAILED: Count=925, Max=22191, Min=33, Avg=89.72, 90=80, 99=171, 99.9=22191, 99.99=22191] 
2026-04-29 15:38:59:124 2 sec: 24332 operations; 16898.2 current ops/sec; [READ: Count=12764, Max=4207, Min=4, Avg=39.38, 90=102, 99=166, 99.9=406, 99.99=3901] [INSERT: Count=873, Max=42591, Min=167, Avg=299.04, 90=290, 99=849, 99.9=42591, 99.99=42591] [READ-FAILED: Count=3316, Max=358, Min=31, Avg=56.86, 90=74, 99=95, 99.9=179, 99.99=358] 
2026-04-29 15:39:00:122 3 sec: 43476 operations; 19182.36 current ops/sec; [READ: Count=14344, Max=4863, Min=4, Avg=36.6, 90=92, 99=147, 99.9=389, 99.99=4643] [INSERT: Count=969, Max=3371, Min=161, Avg=246.95, 90=273, 99=1490, 99.9=3371, 99.99=3371] [READ-FAILED: Count=3805, Max=172, Min=33, Avg=51.6, 90=63, 99=78, 99.9=162, 99.99=172] 
2026-04-29 15:39:01:122 4 sec: 62490 operations; 19014 current ops/sec; [READ: Count=14856, Max=4599, Min=4, Avg=36.09, 90=92, 99=158, 99.9=458, 99.99=4415] [INSERT: Count=954, Max=44543, Min=160, Avg=267.11, 90=266, 99=380, 99.9=44543, 99.99=44543] [READ-FAILED: Count=3191, Max=3739, Min=31, Avg=54.23, 90=67, 99=93, 99.9=218, 99.99=3739] 
2026-04-29 15:39:02:122 5 sec: 81439 operations; 18949 current ops/sec; [READ: Count=14284, Max=3381, Min=4, Avg=39.24, 90=93, 99=154, 99.9=656, 99.99=3321] [INSERT: Count=980, Max=820, Min=166, Avg=217.32, 90=260, 99=339, 99.9=820, 99.99=820] [READ-FAILED: Count=3687, Max=184, Min=33, Avg=53.64, 90=67, 99=89, 99.9=172, 99.99=184] 
2026-04-29 15:39:03:122 6 sec: 97119 operations; 15680 current ops/sec; [READ: Count=12583, Max=2911, Min=4, Avg=39.22, 90=102, 99=180, 99.9=323, 99.99=2829] [INSERT: Count=786, Max=123071, Min=159, Avg=438.71, 90=515, 99=1044, 99.9=123071, 99.99=123071] [READ-FAILED: Count=2323, Max=595, Min=34, Avg=58.41, 90=76, 99=101, 99.9=183, 99.99=595] 
2026-04-29 15:39:04:122 7 sec: 116682 operations; 19563 current ops/sec; [READ: Count=15186, Max=3795, Min=4, Avg=36.89, 90=97, 99=158, 99.9=372, 99.99=3657] [INSERT: Count=980, Max=5091, Min=160, Avg=226.12, 90=266, 99=372, 99.9=5091, 99.99=5091] [READ-FAILED: Count=3382, Max=172, Min=34, Avg=55.23, 90=69, 99=91, 99.9=159, 99.99=172] 
2026-04-29 15:39:05:122 8 sec: 135716 operations; 19034 current ops/sec; [READ: Count=16592, Max=3419, Min=4, Avg=37.58, 90=103, 99=184, 99.9=362, 99.99=3235] [INSERT: Count=921, Max=31743, Min=159, Avg=279.87, 90=299, 99=800, 99.9=31743, 99.99=31743] [READ-FAILED: Count=1522, Max=286, Min=34, Avg=58.3, 90=76, 99=104, 99.9=173, 99.99=286] 
2026-04-29 15:39:06:122 9 sec: 156194 operations; 20478 current ops/sec; [READ: Count=17280, Max=3447, Min=4, Avg=36.17, 90=98, 99=169, 99.9=281, 99.99=3261] [INSERT: Count=1012, Max=2683, Min=151, Avg=219.23, 90=264, 99=339, 99.9=495, 99.99=2683] [READ-FAILED: Count=2195, Max=199, Min=32, Avg=56.22, 90=72, 99=92, 99.9=176, 99.99=199] 
2026-04-29 15:39:07:123 10 sec: 174489 operations; 18295 current ops/sec; [READ: Count=15102, Max=7439, Min=4, Avg=37.82, 90=102, 99=171, 99.9=312, 99.99=3365] [INSERT: Count=938, Max=51039, Min=168, Avg=288.26, 90=284, 99=406, 99.9=51039, 99.99=51039] [READ-FAILED: Count=2248, Max=3317, Min=34, Avg=58.14, 90=73, 99=95, 99.9=180, 99.99=3317] 
2026-04-29 15:39:08:122 11 sec: 191435 operations; 16946 current ops/sec; [READ: Count=12230, Max=3093, Min=4, Avg=35.94, 90=95, 99=147, 99.9=272, 99.99=3025] [INSERT: Count=882, Max=112831, Min=164, Avg=373.62, 90=304, 99=889, 99.9=112831, 99.99=112831] [READ-FAILED: Count=3838, Max=224, Min=33, Avg=53.98, 90=66, 99=89, 99.9=173, 99.99=224] 
2026-04-29 15:39:09:122 12 sec: 211301 operations; 19866 current ops/sec; [READ: Count=14891, Max=3249, Min=4, Avg=34.37, 90=91, 99=145, 99.9=407, 99.99=2923] [INSERT: Count=982, Max=49471, Min=156, Avg=259.15, 90=250, 99=337, 99.9=49471, 99.99=49471] [READ-FAILED: Count=3988, Max=309, Min=32, Avg=52.72, 90=63, 99=84, 99.9=187, 99.99=309] 
2026-04-29 15:39:10:122 13 sec: 230361 operations; 19060 current ops/sec; [READ: Count=15717, Max=3563, Min=5, Avg=38.32, 90=107, 99=176, 99.9=283, 99.99=3387] [INSERT: Count=957, Max=602, Min=156, Avg=229.99, 90=275, 99=359, 99.9=602, 99.99=602] [READ-FAILED: Count=2380, Max=219, Min=34, Avg=64.31, 90=81, 99=100, 99.9=191, 99.99=219] 
2026-04-29 15:39:10:336 - NewTail completed: 
2026-04-29 15:39:11:122 14 sec: 249254 operations; 18893 current ops/sec; [READ: Count=14545, Max=3659, Min=5, Avg=34.3, 90=93, 99=154, 99.9=343, 99.99=3299] [INSERT: Count=1020, Max=79231, Min=157, Avg=291.16, 90=255, 99=333, 99.9=376, 99.99=79231] [READ-FAILED: Count=3337, Max=231, Min=36, Avg=54.55, 90=66, 99=88, 99.9=173, 99.99=231] 
2026-04-29 15:39:12:060 - NewTail completed: 
2026-04-29 15:39:12:122 15 sec: 269021 operations; 19767 current ops/sec; [READ: Count=13833, Max=3471, Min=5, Avg=36.01, 90=94, 99=139, 99.9=275, 99.99=3397] [INSERT: Count=1000, Max=2493, Min=159, Avg=215.98, 90=260, 99=338, 99.9=1368, 99.99=2493] [READ-FAILED: Count=4926, Max=171, Min=35, Avg=53.15, 90=63, 99=75, 99.9=97, 99.99=171] 
2026-04-29 15:39:13:122 16 sec: 285665 operations; 16644 current ops/sec; [READ: Count=12396, Max=3147, Min=5, Avg=37.5, 90=95, 99=149, 99.9=326, 99.99=2941] [INSERT: Count=844, Max=102783, Min=153, Avg=390.52, 90=414, 99=1079, 99.9=102783, 99.99=102783] [READ-FAILED: Count=3415, Max=241, Min=35, Avg=54.55, 90=65, 99=88, 99.9=178, 99.99=241] 
2026-04-29 15:39:14:122 17 sec: 304667 operations; 19002 current ops/sec; [READ: Count=14295, Max=3611, Min=5, Avg=36.48, 90=96, 99=152, 99.9=370, 99.99=3373] [INSERT: Count=931, Max=50271, Min=158, Avg=268.58, 90=256, 99=330, 99.9=50271, 99.99=50271] [READ-FAILED: Count=3770, Max=213, Min=33, Avg=54.48, 90=66, 99=85, 99.9=162, 99.99=213] 
2026-04-29 15:39:15:122 18 sec: 326324 operations; 21657 current ops/sec; [READ: Count=17528, Max=3759, Min=5, Avg=33.49, 90=92, 99=158, 99.9=280, 99.99=3377] [INSERT: Count=1048, Max=551, Min=157, Avg=210.37, 90=258, 99=356, 99.9=407, 99.99=551] [READ-FAILED: Count=3078, Max=207, Min=35, Avg=54.44, 90=69, 99=95, 99.9=179, 99.99=207] 
2026-04-29 15:39:16:122 19 sec: 344949 operations; 18625 current ops/sec; [READ: Count=15457, Max=3731, Min=5, Avg=36.67, 90=102, 99=174, 99.9=360, 99.99=3525] [INSERT: Count=955, Max=50207, Min=158, Avg=288.35, 90=270, 99=528, 99.9=50207, 99.99=50207] [READ-FAILED: Count=2209, Max=1255, Min=35, Avg=61.21, 90=79, 99=105, 99.9=183, 99.99=1255] 
2026-04-29 15:39:17:123 20 sec: 364172 operations; 19223 current ops/sec; [READ: Count=14950, Max=5323, Min=5, Avg=38.99, 90=99, 99=168, 99.9=376, 99.99=3679] [INSERT: Count=973, Max=398, Min=157, Avg=214.61, 90=260, 99=343, 99.9=398, 99.99=398] [READ-FAILED: Count=3303, Max=416, Min=34, Avg=55.99, 90=71, 99=99, 99.9=179, 99.99=416] 
2026-04-29 15:39:18:122 21 sec: 380643 operations; 16471 current ops/sec; [READ: Count=12501, Max=3519, Min=5, Avg=34.84, 90=94, 99=151, 99.9=378, 99.99=3325] [INSERT: Count=836, Max=100671, Min=160, Avg=445.6, 90=514, 99=1155, 99.9=100671, 99.99=100671] [READ-FAILED: Count=3141, Max=755, Min=35, Avg=54.77, 90=66, 99=95, 99.9=199, 99.99=755] 
2026-04-29 15:39:19:122 22 sec: 400554 operations; 19911 current ops/sec; [READ: Count=15033, Max=3937, Min=5, Avg=35.87, 90=96, 99=154, 99.9=316, 99.99=3317] [INSERT: Count=1017, Max=2263, Min=152, Avg=211.33, 90=256, 99=344, 99.9=844, 99.99=2263] [READ-FAILED: Count=3849, Max=314, Min=36, Avg=57.56, 90=73, 99=97, 99.9=178, 99.99=314] 
2026-04-29 15:39:19:669 - NewTail completed: 
2026-04-29 15:39:20:122 23 sec: 419399 operations; 18845 current ops/sec; [READ: Count=13613, Max=3767, Min=5, Avg=39.02, 90=101, 99=159, 99.9=326, 99.99=3225] [INSERT: Count=986, Max=1298, Min=147, Avg=206.2, 90=248, 99=321, 99.9=1298, 99.99=1298] [READ-FAILED: Count=4248, Max=177, Min=36, Avg=57.11, 90=72, 99=95, 99.9=114, 99.99=177] 
2026-04-29 15:39:21:122 24 sec: 439108 operations; 19709 current ops/sec; [READ: Count=14194, Max=3957, Min=5, Avg=37.39, 90=93, 99=139, 99.9=231, 99.99=3703] [INSERT: Count=980, Max=449, Min=152, Avg=200.07, 90=238, 99=313, 99.9=449, 99.99=449] [READ-FAILED: Count=4532, Max=179, Min=37, Avg=55.14, 90=65, 99=76, 99.9=112, 99.99=179] 
2026-04-29 15:39:22:123 25 sec: 458359 operations; 19251 current ops/sec; [READ: Count=15656, Max=3393, Min=5, Avg=36.39, 90=99, 99=158, 99.9=285, 99.99=3377] [INSERT: Count=951, Max=47487, Min=163, Avg=260.61, 90=249, 99=316, 99.9=47487, 99.99=47487] [READ-FAILED: Count=2649, Max=341, Min=38, Avg=60.33, 90=75, 99=96, 99.9=179, 99.99=341] 
2026-04-29 15:39:23:122 26 sec: 476260 operations; 17901 current ops/sec; [READ: Count=14585, Max=3515, Min=5, Avg=36.42, 90=101, 99=166, 99.9=318, 99.99=3481] [INSERT: Count=870, Max=102783, Min=155, Avg=343.81, 90=267, 99=687, 99.9=102783, 99.99=102783] [READ-FAILED: Count=2444, Max=199, Min=36, Avg=60.44, 90=77, 99=97, 99.9=184, 99.99=199] 
2026-04-29 15:39:23:475 - NewTail completed: 
2026-04-29 15:39:24:122 27 sec: 495336 operations; 19076 current ops/sec; [READ: Count=14836, Max=3449, Min=5, Avg=36.8, 90=97, 99=162, 99.9=370, 99.99=3217] [INSERT: Count=981, Max=1388, Min=163, Avg=248.5, 90=304, 99=950, 99.9=1388, 99.99=1388] [READ-FAILED: Count=3259, Max=248, Min=37, Avg=57.62, 90=72, 99=93, 99.9=134, 99.99=248] 
2026-04-29 15:39:25:122 28 sec: 514099 operations; 18763 current ops/sec; [READ: Count=14456, Max=3725, Min=5, Avg=39, 90=102, 99=164, 99.9=289, 99.99=3497] [INSERT: Count=954, Max=821, Min=160, Avg=218.23, 90=261, 99=325, 99.9=821, 99.99=821] [READ-FAILED: Count=3350, Max=333, Min=31, Avg=61.21, 90=77, 99=104, 99.9=178, 99.99=333] 
2026-04-29 15:39:26:123 29 sec: 533484 operations; 19385 current ops/sec; [READ: Count=15375, Max=3327, Min=5, Avg=36.41, 90=99, 99=166, 99.9=338, 99.99=3197] [INSERT: Count=953, Max=27151, Min=156, Avg=248.14, 90=267, 99=380, 99.9=27151, 99.99=27151] [READ-FAILED: Count=3061, Max=195, Min=35, Avg=59.14, 90=76, 99=100, 99.9=163, 99.99=195] 
2026-04-29 15:39:27:122 30 sec: 553058 operations; 19574 current ops/sec; [READ: Count=14120, Max=5551, Min=5, Avg=36.06, 90=94, 99=139, 99.9=242, 99.99=3203] [INSERT: Count=1012, Max=4947, Min=163, Avg=217.47, 90=259, 99=315, 99.9=500, 99.99=4947] [READ-FAILED: Count=4448, Max=315, Min=37, Avg=55.73, 90=66, 99=84, 99.9=145, 99.99=315] 
2026-04-29 15:39:28:122 31 sec: 571409 operations; 18351 current ops/sec; [READ: Count=13570, Max=3435, Min=5, Avg=37.74, 90=95, 99=153, 99.9=371, 99.99=3321] [INSERT: Count=938, Max=47167, Min=154, Avg=255.84, 90=246, 99=325, 99.9=47167, 99.99=47167] [READ-FAILED: Count=3830, Max=213, Min=37, Avg=56.88, 90=70, 99=96, 99.9=180, 99.99=213] 
2026-04-29 15:39:29:122 32 sec: 587850 operations; 16441 current ops/sec; [READ: Count=12416, Max=3115, Min=5, Avg=38.43, 90=100, 99=161, 99.9=324, 99.99=3077] [INSERT: Count=811, Max=107007, Min=155, Avg=396.48, 90=390, 99=1093, 99.9=107007, 99.99=107007] [READ-FAILED: Count=3225, Max=212, Min=37, Avg=58.86, 90=73, 99=94, 99.9=169, 99.99=212] 
2026-04-29 15:39:30:122 33 sec: 606543 operations; 18693 current ops/sec; [READ: Count=14005, Max=3593, Min=5, Avg=38.3, 90=100, 99=154, 99.9=382, 99.99=3445] [INSERT: Count=908, Max=23023, Min=152, Avg=241.88, 90=254, 99=332, 99.9=23023, 99.99=23023] [READ-FAILED: Count=3781, Max=337, Min=38, Avg=58.63, 90=70, 99=94, 99.9=176, 99.99=337] 
2026-04-29 15:39:31:122 34 sec: 626105 operations; 19562 current ops/sec; [READ: Count=13994, Max=3397, Min=5, Avg=36.86, 90=95, 99=140, 99.9=356, 99.99=3241] [INSERT: Count=1029, Max=914, Min=158, Avg=203.52, 90=242, 99=301, 99.9=349, 99.99=914] [READ-FAILED: Count=4530, Max=177, Min=39, Avg=55.62, 90=65, 99=79, 99.9=166, 99.99=177] 
2026-04-29 15:39:32:122 35 sec: 645181 operations; 19076 current ops/sec; [READ: Count=15866, Max=3001, Min=5, Avg=37.21, 90=99, 99=165, 99.9=359, 99.99=2941] [INSERT: Count=920, Max=50623, Min=157, Avg=266.04, 90=254, 99=333, 99.9=50623, 99.99=50623] [READ-FAILED: Count=2296, Max=179, Min=40, Avg=62.4, 90=80, 99=101, 99.9=114, 99.99=179] 
2026-04-29 15:39:33:122 36 sec: 663545 operations; 18364 current ops/sec; [READ: Count=13131, Max=3365, Min=5, Avg=37.81, 90=96, 99=142, 99.9=308, 99.99=3293] [INSERT: Count=973, Max=49887, Min=153, Avg=248.19, 90=236, 99=308, 99.9=49887, 99.99=49887] [READ-FAILED: Count=4257, Max=177, Min=39, Avg=56.43, 90=67, 99=80, 99.9=122, 99.99=177] 
2026-04-29 15:39:34:122 37 sec: 680100 operations; 16555 current ops/sec; [READ: Count=12515, Max=3493, Min=5, Avg=37.87, 90=101, 99=160, 99.9=271, 99.99=3391] [INSERT: Count=835, Max=99775, Min=151, Avg=377.84, 90=378, 99=1037, 99.9=99775, 99.99=99775] [READ-FAILED: Count=3210, Max=200, Min=38, Avg=59.54, 90=76, 99=99, 99.9=159, 99.99=200] 
2026-04-29 15:39:35:122 38 sec: 698391 operations; 18291 current ops/sec; [READ: Count=13836, Max=3825, Min=5, Avg=37.89, 90=102, 99=165, 99.9=357, 99.99=3283] [INSERT: Count=929, Max=51231, Min=157, Avg=261.24, 90=246, 99=319, 99.9=51231, 99.99=51231] [READ-FAILED: Count=3522, Max=223, Min=36, Avg=59.91, 90=75, 99=97, 99.9=179, 99.99=223] 
2026-04-29 15:39:36:122 39 sec: 717624 operations; 19233 current ops/sec; [READ: Count=15388, Max=5387, Min=6, Avg=38.91, 90=99, 99=163, 99.9=311, 99.99=3311] [INSERT: Count=955, Max=1648, Min=156, Avg=210.41, 90=248, 99=346, 99.9=1648, 99.99=1648] [READ-FAILED: Count=2893, Max=315, Min=40, Avg=61.44, 90=75, 99=101, 99.9=190, 99.99=315] 
2026-04-29 15:39:36:996 - NewTail completed: 
2026-04-29 15:39:37:122 40 sec: 735660 operations; 18036 current ops/sec; [READ: Count=13103, Max=3711, Min=6, Avg=40.62, 90=103, 99=156, 99.9=284, 99.99=3271] [INSERT: Count=961, Max=3397, Min=146, Avg=210.12, 90=248, 99=331, 99.9=3397, 99.99=3397] [READ-FAILED: Count=3971, Max=197, Min=39, Avg=61.53, 90=74, 99=94, 99.9=148, 99.99=197] 
2026-04-29 15:39:38:122 41 sec: 754199 operations; 18539 current ops/sec; [READ: Count=12955, Max=6435, Min=6, Avg=39.42, 90=97, 99=140, 99.9=363, 99.99=3431] [INSERT: Count=933, Max=376, Min=158, Avg=209.65, 90=249, 99=325, 99.9=376, 99.99=376] [READ-FAILED: Count=4649, Max=335, Min=39, Avg=58.41, 90=69, 99=82, 99.9=98, 99.99=335] 
2026-04-29 15:39:38:998 - NewTail completed: 
2026-04-29 15:39:39:123 42 sec: 770995 operations; 16796 current ops/sec; [READ: Count=12296, Max=3507, Min=6, Avg=37.17, 90=98, 99=148, 99.9=250, 99.99=3349] [INSERT: Count=894, Max=99199, Min=148, Avg=347.91, 90=308, 99=786, 99.9=99199, 99.99=99199] [READ-FAILED: Count=3607, Max=192, Min=41, Avg=59.09, 90=69, 99=86, 99.9=170, 99.99=192] 
2026-04-29 15:39:40:123 43 sec: 788437 operations; 17442 current ops/sec; [READ: Count=13100, Max=3179, Min=6, Avg=43.82, 90=110, 99=175, 99.9=344, 99.99=3175] [INSERT: Count=839, Max=11439, Min=149, Avg=219.31, 90=254, 99=352, 99.9=11439, 99.99=11439] [READ-FAILED: Count=3498, Max=304, Min=40, Avg=63.06, 90=79, 99=103, 99.9=169, 99.99=304] 
2026-04-29 15:39:41:122 44 sec: 808615 operations; 20178 current ops/sec; [READ: Count=16195, Max=3411, Min=6, Avg=34.77, 90=94, 99=149, 99.9=344, 99.99=3089] [INSERT: Count=1029, Max=31567, Min=160, Avg=236.14, 90=241, 99=308, 99.9=655, 99.99=31567] [READ-FAILED: Count=2961, Max=324, Min=40, Avg=58, 90=68, 99=81, 99.9=176, 99.99=324] 
2026-04-29 15:39:42:122 45 sec: 827501 operations; 18886 current ops/sec; [READ: Count=14844, Max=3573, Min=6, Avg=38.74, 90=105, 99=173, 99.9=282, 99.99=3459] [INSERT: Count=931, Max=1053, Min=161, Avg=220.65, 90=261, 99=354, 99.9=1053, 99.99=1053] [READ-FAILED: Count=3107, Max=182, Min=39, Avg=63.41, 90=82, 99=105, 99.9=144, 99.99=182] 
2026-04-29 15:39:43:122 46 sec: 845974 operations; 18473 current ops/sec; [READ: Count=14400, Max=3507, Min=6, Avg=36.95, 90=97, 99=156, 99.9=276, 99.99=3265] [INSERT: Count=983, Max=51135, Min=159, Avg=264.43, 90=255, 99=326, 99.9=51135, 99.99=51135] [READ-FAILED: Count=3094, Max=182, Min=39, Avg=60.41, 90=73, 99=100, 99.9=170, 99.99=182] 
2026-04-29 15:39:44:122 47 sec: 862033 operations; 16059 current ops/sec; [READ: Count=12102, Max=3219, Min=6, Avg=39.75, 90=100, 99=158, 99.9=258, 99.99=2999] [INSERT: Count=779, Max=100159, Min=150, Avg=387.98, 90=356, 99=1040, 99.9=100159, 99.99=100159] [READ-FAILED: Count=3171, Max=426, Min=42, Avg=62.25, 90=75, 99=97, 99.9=185, 99.99=426] 
2026-04-29 15:39:45:122 48 sec: 880755 operations; 18722 current ops/sec; [READ: Count=15126, Max=3269, Min=6, Avg=37.56, 90=101, 99=165, 99.9=272, 99.99=2971] [INSERT: Count=948, Max=52895, Min=154, Avg=260.09, 90=248, 99=318, 99.9=52895, 99.99=52895] [READ-FAILED: Count=2655, Max=170, Min=42, Avg=61.7, 90=75, 99=97, 99.9=142, 99.99=170] 
2026-04-29 15:39:46:122 49 sec: 899941 operations; 19186 current ops/sec; [READ: Count=16126, Max=3657, Min=6, Avg=39.59, 90=108, 99=182, 99.9=351, 99.99=3475] [INSERT: Count=919, Max=419, Min=152, Avg=213.23, 90=256, 99=317, 99.9=419, 99.99=419] [READ-FAILED: Count=2134, Max=202, Min=41, Avg=66.88, 90=86, 99=111, 99.9=133, 99.99=202] 
2026-04-29 15:39:47:122 50 sec: 918901 operations; 18960 current ops/sec; [READ: Count=14855, Max=3689, Min=6, Avg=37.26, 90=99, 99=154, 99.9=292, 99.99=3145] [INSERT: Count=938, Max=38623, Min=149, Avg=243.87, 90=242, 99=333, 99.9=38623, 99.99=38623] [READ-FAILED: Count=3167, Max=317, Min=43, Avg=61.9, 90=74, 99=102, 99.9=128, 99.99=317] 
2026-04-29 15:39:48:122 51 sec: 937372 operations; 18471 current ops/sec; [READ: Count=13332, Max=3375, Min=6, Avg=40.4, 90=98, 99=144, 99.9=327, 99.99=3115] [INSERT: Count=899, Max=383, Min=159, Avg=202.54, 90=245, 99=318, 99.9=383, 99.99=383] [READ-FAILED: Count=4241, Max=193, Min=42, Avg=60.92, 90=71, 99=87, 99.9=176, 99.99=193] 
2026-04-29 15:39:49:122 52 sec: 951324 operations; 13952 current ops/sec; [READ: Count=10117, Max=3163, Min=6, Avg=43.14, 90=110, 99=173, 99.9=288, 99.99=3019] [INSERT: Count=762, Max=102399, Min=151, Avg=461.41, 90=311, 99=1102, 99.9=102399, 99.99=102399] [READ-FAILED: Count=3073, Max=267, Min=42, Avg=63.28, 90=80, 99=107, 99.9=164, 99.99=267] 
2026-04-29 15:39:50:122 53 sec: 972133 operations; 20809 current ops/sec; [READ: Count=17328, Max=3289, Min=6, Avg=35.35, 90=96, 99=153, 99.9=248, 99.99=3119] [INSERT: Count=947, Max=11455, Min=158, Avg=218.63, 90=243, 99=309, 99.9=11455, 99.99=11455] [READ-FAILED: Count=2540, Max=183, Min=42, Avg=61.94, 90=73, 99=91, 99.9=172, 99.99=183] 
2026-04-29 15:39:51:122 54 sec: 991250 operations; 19117 current ops/sec; [READ: Count=14384, Max=3663, Min=6, Avg=37.96, 90=98, 99=151, 99.9=358, 99.99=3075] [INSERT: Count=931, Max=3051, Min=158, Avg=212.2, 90=245, 99=333, 99.9=3051, 99.99=3051] [READ-FAILED: Count=3796, Max=261, Min=42, Avg=61.73, 90=73, 99=93, 99.9=183, 99.99=261] 
2026-04-29 15:39:52:122 55 sec: 1010261 operations; 19011 current ops/sec; [READ: Count=14238, Max=3289, Min=6, Avg=39.07, 90=98, 99=145, 99.9=205, 99.99=3237] [INSERT: Count=882, Max=434, Min=163, Avg=207.07, 90=243, 99=308, 99.9=434, 99.99=434] [READ-FAILED: Count=3889, Max=310, Min=43, Avg=61.67, 90=73, 99=86, 99.9=181, 99.99=310] 
2026-04-29 15:39:52:816 - NewTail completed: 
2026-04-29 15:39:53:122 56 sec: 1029665 operations; 19404 current ops/sec; [READ: Count=14830, Max=2969, Min=6, Avg=37.25, 90=98, 99=146, 99.9=282, 99.99=2795] [INSERT: Count=931, Max=7287, Min=169, Avg=216.65, 90=240, 99=312, 99.9=7287, 99.99=7287] [READ-FAILED: Count=3645, Max=199, Min=43, Avg=61.41, 90=72, 99=87, 99.9=171, 99.99=199] 
2026-04-29 15:39:54:122 57 sec: 1044259 operations; 14594 current ops/sec; [READ: Count=10093, Max=3061, Min=6, Avg=43.26, 90=109, 99=166, 99.9=266, 99.99=2631] [INSERT: Count=827, Max=101183, Min=155, Avg=371.88, 90=314, 99=1095, 99.9=101183, 99.99=101183] [READ-FAILED: Count=3680, Max=1396, Min=43, Avg=64.75, 90=81, 99=106, 99.9=178, 99.99=1396] 
2026-04-29 15:39:54:915 - Compaction started: 
140473473689152:Compacting datalog/63 datalog/64 into:sstable1/7ad380f6-e107-4647-9ebb-a4c4294991cb202604290938571777477195085658524.sst
2026-04-29 15:39:55:115 - Compaction completed: 
2026-04-29 15:39:55:122 58 sec: 1061545 operations; 17286 current ops/sec; [READ: Count=14050, Max=3565, Min=6, Avg=42.15, 90=116, 99=187, 99.9=389, 99.99=3407] [INSERT: Count=863, Max=20063, Min=161, Avg=244.3, 90=264, 99=329, 99.9=20063, 99.99=20063] [READ-FAILED: Count=2365, Max=3835, Min=46, Avg=74.01, 90=94, 99=120, 99.9=210, 99.99=3835] 
2026-04-29 15:39:56:122 59 sec: 1078802 operations; 17257 current ops/sec; [READ: Count=14146, Max=3161, Min=6, Avg=43.9, 90=113, 99=191, 99.9=341, 99.99=3085] [INSERT: Count=889, Max=2815, Min=164, Avg=226.56, 90=263, 99=338, 99.9=2815, 99.99=2815] [READ-FAILED: Count=2225, Max=333, Min=44, Avg=70.14, 90=92, 99=125, 99.9=312, 99.99=333] 
2026-04-29 15:39:57:122 60 sec: 1096649 operations; 17847 current ops/sec; [READ: Count=13431, Max=3331, Min=6, Avg=38.85, 90=99, 99=149, 99.9=252, 99.99=3183] [INSERT: Count=873, Max=47903, Min=164, Avg=271.79, 90=246, 99=329, 99.9=47903, 99.99=47903] [READ-FAILED: Count=3545, Max=195, Min=44, Avg=62.05, 90=73, 99=87, 99.9=184, 99.99=195] 
2026-04-29 15:39:58:122 61 sec: 1114590 operations; 17941 current ops/sec; [READ: Count=13743, Max=4075, Min=6, Avg=40.81, 90=106, 99=172, 99.9=296, 99.99=3163] [INSERT: Count=904, Max=2143, Min=158, Avg=223.03, 90=263, 99=352, 99.9=2143, 99.99=2143] [READ-FAILED: Count=3289, Max=324, Min=43, Avg=65.71, 90=82, 99=109, 99.9=174, 99.99=324] 
2026-04-29 15:39:59:124 - Compaction started: 
2026-04-29 15:39:59:122 62 sec: 1129980 operations; 15390 current ops/sec; [READ: Count=13061, Max=3219, Min=6, Avg=43.3, 90=120, 99=202, 99.9=360, 99.99=3101] [INSERT: Count=747, Max=95871, Min=169, Avg=399.85, 90=364, 99=1066, 99.9=95871, 99.99=95871] [READ-FAILED: Count=1580, Max=212, Min=46, Avg=73.28, 90=95, 99=119, 99.9=198, 99.99=212] 
140473473689152:Compacting datalog/65 datalog/66 into:sstable1/7ad380f6-e107-4647-9ebb-a4c4294991cb202604290938571777477199238701241.sst
2026-04-29 15:39:59:266 - Compaction completed: 
2026-04-29 15:40:00:122 63 sec: 1146621 operations; 16641 current ops/sec; [READ: Count=14187, Max=4675, Min=7, Avg=45.02, 90=115, 99=199, 99.9=394, 99.99=3217] [INSERT: Count=828, Max=33599, Min=165, Avg=268.28, 90=274, 99=392, 99.9=33599, 99.99=33599] [READ-FAILED: Count=1626, Max=177, Min=45, Avg=72.26, 90=92, 99=115, 99.9=158, 99.99=177] 
2026-04-29 15:40:01:122 64 sec: 1165155 operations; 18534 current ops/sec; [READ: Count=15817, Max=3799, Min=7, Avg=40.59, 90=109, 99=187, 99.9=308, 99.99=3087] [INSERT: Count=934, Max=1217, Min=167, Avg=225.72, 90=267, 99=349, 99.9=1217, 99.99=1217] [READ-FAILED: Count=1783, Max=164, Min=44, Avg=70.69, 90=91, 99=118, 99.9=149, 99.99=164] 
2026-04-29 15:40:02:122 65 sec: 1183867 operations; 18712 current ops/sec; [READ: Count=15586, Max=4099, Min=7, Avg=37.34, 90=101, 99=166, 99.9=285, 99.99=3235] [INSERT: Count=926, Max=50527, Min=159, Avg=269.39, 90=253, 99=323, 99.9=50527, 99.99=50527] [READ-FAILED: Count=2205, Max=209, Min=47, Avg=66.96, 90=81, 99=107, 99.9=178, 99.99=209] 
2026-04-29 15:40:03:122 66 sec: 1202705 operations; 18838 current ops/sec; [READ: Count=16265, Max=3469, Min=7, Avg=40.57, 90=113, 99=191, 99.9=293, 99.99=3275] [INSERT: Count=899, Max=409, Min=165, Avg=221.87, 90=266, 99=332, 99.9=409, 99.99=409] [READ-FAILED: Count=1671, Max=206, Min=48, Avg=70.79, 90=92, 99=120, 99.9=182, 99.99=206] 
2026-04-29 15:40:04:122 67 sec: 1218139 operations; 15434 current ops/sec; [READ: Count=14528, Max=3629, Min=7, Avg=42.9, 90=113, 99=212, 99.9=461, 99.99=3103] [INSERT: Count=773, Max=96767, Min=162, Avg=452.32, 90=305, 99=1065, 99.9=96767, 99.99=96767] [READ-FAILED: Count=132, Max=99, Min=50, Avg=65.02, 90=76, 99=88, 99.9=99, 99.99=99] 
2026-04-29 15:40:05:122 68 sec: 1236054 operations; 17915 current ops/sec; [READ: Count=14583, Max=2999, Min=7, Avg=41.4, 90=109, 99=175, 99.9=322, 99.99=2943] [INSERT: Count=879, Max=2871, Min=161, Avg=237.94, 90=278, 99=835, 99.9=2871, 99.99=2871] [READ-FAILED: Count=2456, Max=258, Min=46, Avg=67.43, 90=83, 99=111, 99.9=193, 99.99=258] 
2026-04-29 15:40:06:122 69 sec: 1254366 operations; 18312 current ops/sec; [READ: Count=15343, Max=2747, Min=7, Avg=38.89, 90=103, 99=172, 99.9=311, 99.99=2639] [INSERT: Count=883, Max=51615, Min=165, Avg=269.54, 90=250, 99=326, 99.9=51615, 99.99=51615] [READ-FAILED: Count=2090, Max=412, Min=48, Avg=68.91, 90=86, 99=116, 99.9=174, 99.99=412] 
2026-04-29 15:40:07:122 70 sec: 1272531 operations; 18165 current ops/sec; [READ: Count=14629, Max=3311, Min=7, Avg=40.95, 90=109, 99=183, 99.9=380, 99.99=3171] [INSERT: Count=896, Max=1664, Min=167, Avg=218.21, 90=258, 99=347, 99.9=1664, 99.99=1664] [READ-FAILED: Count=2638, Max=206, Min=45, Avg=69.39, 90=90, 99=113, 99.9=194, 99.99=206] 
2026-04-29 15:40:08:122 71 sec: 1289739 operations; 17208 current ops/sec; [READ: Count=15362, Max=4147, Min=7, Avg=42.07, 90=112, 99=197, 99.9=375, 99.99=3269] [INSERT: Count=904, Max=51039, Min=162, Avg=293.41, 90=262, 99=376, 99.9=51039, 99.99=51039] [READ-FAILED: Count=945, Max=235, Min=48, Avg=72.65, 90=94, 99=115, 99.9=235, 99.99=235] 
2026-04-29 15:40:09:122 72 sec: 1306002 operations; 16263 current ops/sec; [READ: Count=11716, Max=3417, Min=7, Avg=42.81, 90=105, 99=159, 99.9=282, 99.99=3101] [INSERT: Count=839, Max=589, Min=166, Avg=213.68, 90=256, 99=353, 99.9=589, 99.99=589] [READ-FAILED: Count=3699, Max=342, Min=46, Avg=66.82, 90=81, 99=108, 99.9=179, 99.99=342] 
2026-04-29 15:40:10:122 73 sec: 1321641 operations; 15639 current ops/sec; [READ: Count=11823, Max=3393, Min=7, Avg=41.03, 90=104, 99=158, 99.9=390, 99.99=3127] [INSERT: Count=807, Max=100799, Min=162, Avg=431.48, 90=386, 99=1351, 99.9=100799, 99.99=100799] [READ-FAILED: Count=3019, Max=275, Min=44, Avg=66.32, 90=79, 99=101, 99.9=146, 99.99=275] 
2026-04-29 15:40:11:123 74 sec: 1339201 operations; 17560 current ops/sec; [READ: Count=13073, Max=3315, Min=7, Avg=42.26, 90=109, 99=168, 99.9=379, 99.99=2989] [INSERT: Count=895, Max=355, Min=159, Avg=205.28, 90=246, 99=314, 99.9=355, 99.99=355] [READ-FAILED: Count=3586, Max=205, Min=46, Avg=67.58, 90=82, 99=111, 99.9=175, 99.99=205] 
2026-04-29 15:40:12:123 75 sec: 1356738 operations; 17537 current ops/sec; [READ: Count=14009, Max=3485, Min=7, Avg=40.75, 90=105, 99=174, 99.9=316, 99.99=2835] [INSERT: Count=823, Max=43295, Min=170, Avg=270.98, 90=259, 99=323, 99.9=43295, 99.99=43295] [READ-FAILED: Count=2708, Max=326, Min=46, Avg=68.38, 90=84, 99=111, 99.9=188, 99.99=326] 
2026-04-29 15:40:13:122 76 sec: 1374708 operations; 17970 current ops/sec; [READ: Count=13461, Max=3297, Min=7, Avg=40.78, 90=102, 99=153, 99.9=273, 99.99=3033] [INSERT: Count=916, Max=762, Min=167, Avg=209.63, 90=246, 99=320, 99.9=762, 99.99=762] [READ-FAILED: Count=3593, Max=198, Min=48, Avg=66.02, 90=77, 99=97, 99.9=165, 99.99=198] 
2026-04-29 15:40:14:122 77 sec: 1390417 operations; 15709 current ops/sec; [READ: Count=11472, Max=3133, Min=7, Avg=44.43, 90=113, 99=178, 99.9=346, 99.99=3069] [INSERT: Count=821, Max=52287, Min=167, Avg=279.93, 90=259, 99=323, 99.9=52287, 99.99=52287] [READ-FAILED: Count=3415, Max=201, Min=46, Avg=70.53, 90=93, 99=121, 99.9=177, 99.99=201] 
2026-04-29 15:40:15:122 78 sec: 1394115 operations; 3698 current ops/sec; [READ: Count=3471, Max=2395, Min=7, Avg=38.88, 90=107, 99=203, 99.9=471, 99.99=2395] [INSERT: Count=178, Max=98751, Min=200, Avg=4778.08, 90=7315, 99=15695, 99.9=98751, 99.99=98751] [READ-FAILED: Count=43, Max=136, Min=72, Avg=93.95, 90=115, 99=136, 99.9=136, 99.99=136] 
2026-04-29 15:40:16:122 79 sec: 1405529 operations; 11414 current ops/sec; [READ: Count=10487, Max=2751, Min=7, Avg=47.36, 90=130, 99=229, 99.9=407, 99.99=2719] [INSERT: Count=591, Max=6743, Min=179, Avg=782.18, 90=3333, 99=5767, 99.9=6743, 99.99=6743] [READ-FAILED: Count=338, Max=225, Min=59, Avg=94.45, 90=116, 99=144, 99.9=225, 99.99=225] 
2026-04-29 15:40:17:122 80 sec: 1424204 operations; 18675 current ops/sec; [READ: Count=15567, Max=3259, Min=7, Avg=37.87, 90=102, 99=164, 99.9=304, 99.99=3127] [INSERT: Count=968, Max=50175, Min=153, Avg=255.2, 90=246, 99=313, 99.9=50175, 99.99=50175] [READ-FAILED: Count=2143, Max=223, Min=47, Avg=66.56, 90=79, 99=100, 99.9=128, 99.99=223] 
2026-04-29 15:40:18:122 81 sec: 1441963 operations; 17759 current ops/sec; [READ: Count=13506, Max=3129, Min=7, Avg=42.42, 90=104, 99=158, 99.9=318, 99.99=2877] [INSERT: Count=861, Max=327, Min=153, Avg=202.73, 90=240, 99=306, 99.9=327, 99.99=327] [READ-FAILED: Count=3394, Max=183, Min=46, Avg=68.23, 90=83, 99=107, 99.9=133, 99.99=183] 
2026-04-29 15:40:19:122 82 sec: 1459222 operations; 17259 current ops/sec; [READ: Count=14612, Max=3235, Min=7, Avg=41.5, 90=111, 99=185, 99.9=295, 99.99=2875] [INSERT: Count=850, Max=51647, Min=164, Avg=280.18, 90=267, 99=340, 99.9=51647, 99.99=51647] [READ-FAILED: Count=1795, Max=255, Min=45, Avg=75.15, 90=98, 99=122, 99.9=197, 99.99=255] 
2026-04-29 15:40:20:122 83 sec: 1473986 operations; 14764 current ops/sec; [READ: Count=11568, Max=3329, Min=7, Avg=45.5, 90=120, 99=200, 99.9=344, 99.99=3189] [INSERT: Count=767, Max=76415, Min=159, Avg=363.93, 90=334, 99=1194, 99.9=76415, 99.99=76415] [READ-FAILED: Count=2430, Max=192, Min=46, Avg=72.55, 90=93, 99=124, 99.9=158, 99.99=192] 
2026-04-29 15:40:21:122 84 sec: 1491463 operations; 17477 current ops/sec; [READ: Count=14331, Max=3715, Min=7, Avg=41.81, 90=110, 99=181, 99.9=344, 99.99=3181] [INSERT: Count=850, Max=430, Min=161, Avg=217.99, 90=257, 99=313, 99.9=430, 99.99=430] [READ-FAILED: Count=2290, Max=344, Min=49, Avg=74.1, 90=95, 99=127, 99.9=184, 99.99=344] 
2026-04-29 15:40:22:122 85 sec: 1508445 operations; 16982 current ops/sec; [READ: Count=13790, Max=3149, Min=7, Avg=43.21, 90=108, 99=183, 99.9=367, 99.99=2949] [INSERT: Count=875, Max=50719, Min=165, Avg=272.56, 90=253, 99=306, 99.9=50719, 99.99=50719] [READ-FAILED: Count=2321, Max=237, Min=50, Avg=73.14, 90=91, 99=126, 99.9=197, 99.99=237] 
2026-04-29 15:40:23:122 86 sec: 1526201 operations; 17756 current ops/sec; [READ: Count=13986, Max=3681, Min=7, Avg=42.28, 90=109, 99=177, 99.9=307, 99.99=3157] [INSERT: Count=859, Max=1554, Min=161, Avg=211.95, 90=249, 99=308, 99.9=1554, 99.99=1554] [READ-FAILED: Count=2916, Max=249, Min=47, Avg=70.45, 90=88, 99=121, 99.9=181, 99.99=249] 
2026-04-29 15:40:24:123 87 sec: 1544683 operations; 18463.54 current ops/sec; [READ: Count=16688, Max=2963, Min=7, Avg=40.05, 90=111, 99=192, 99.9=305, 99.99=2951] [INSERT: Count=872, Max=53887, Min=165, Avg=277.52, 90=257, 99=327, 99.9=53887, 99.99=53887] [READ-FAILED: Count=919, Max=187, Min=51, Avg=73.91, 90=96, 99=120, 99.9=187, 99.99=187] 
2026-04-29 15:40:25:122 88 sec: 1559675 operations; 15007.01 current ops/sec; [READ: Count=11984, Max=3055, Min=7, Avg=43.85, 90=115, 99=184, 99.9=371, 99.99=2873] [INSERT: Count=753, Max=95359, Min=167, Avg=381.57, 90=310, 99=1033, 99.9=95359, 99.99=95359] [READ-FAILED: Count=2256, Max=177, Min=49, Avg=74.66, 90=94, 99=124, 99.9=158, 99.99=177] 
2026-04-29 15:40:26:122 89 sec: 1575948 operations; 16273 current ops/sec; [READ: Count=13807, Max=3045, Min=8, Avg=44.25, 90=114, 99=192, 99.9=379, 99.99=2871] [INSERT: Count=813, Max=56735, Min=155, Avg=290.94, 90=263, 99=351, 99.9=56735, 99.99=56735] [READ-FAILED: Count=1647, Max=192, Min=51, Avg=80.27, 90=104, 99=132, 99.9=169, 99.99=192] 
Maximum time elapsed. Requesting stop for the workload.
Stop requested for workload. Now Joining!
[OZONEDB-PROFILE] reads=1513114  avg_total=41.56us  view=6.50us(15.6%)  log=2.57us(6.2%)  sst=51.72us_per_call x 944598_calls(77.7%_of_total)
[OZONEDB-SST-PROFILE] level | time_total_ms | enters | range_rejects | table_gets | hits
[OZONEDB-SST-PROFILE] L1  |     17112.20 |  8633147 |       596539 |    8036608 | 436142
[OZONEDB-SST-PROFILE] L2  |      3836.41 |  1015362 |       506913 |     508449 |  46561
[OZONEDB-SST-PROFILE] L3  |      3021.72 |   922920 |       461028 |     461892 |  32063
[OZONEDB-SST-PROFILE] L4  |      2669.04 |   858465 |       428650 |     429815 |  25339
[OZONEDB-SST-PROFILE] L5  |      2324.44 |   808197 |       403729 |     404468 |  20436
[OZONEDB-SST-PROFILE] L6  |      2108.87 |   767553 |       383503 |     384050 |  17206
[OZONEDB-SST-PROFILE] L7  |     17173.89 |  1385118 |           44 |    1385074 | 104901
2026-04-29 15:40:27:122 90 sec: 1593097 operations; 17149 current ops/sec; [READ: Count=13596, Max=3099, Min=8, Avg=43.6, 90=111, 99=176, 99.9=290, 99.99=2953] [INSERT: Count=906, Max=387, Min=168, Avg=215.14, 90=254, 99=321, 99.9=387, 99.99=387] [READ-FAILED: Count=2647, Max=216, Min=50, Avg=72.31, 90=89, 99=120, 99.9=171, 99.99=216] [OZONEDB-TBL-PROFILE] file_filter_reject=10821109  block_filter_reject=105416  index_invalid=0  block_read_more=354209  hit_from_cache=329622  miss_after_read=1183  found=682648

2026-04-29 15:40:27:169 90 sec: 1593100 operations; 63.83 current ops/sec; [READ: Count=2, Max=102, Min=77, Avg=89.5, 90=102, 99=102, 99.9=102, 99.99=102] [CLEANUP: Count=1, Max=45983, Min=45952, Avg=45968, 90=45983, 99=45983, 99.9=45983, 99.99=45983] [INSERT: Count=0, Max=0, Min=0, Avg=0, 90=0, 99=0, 99.9=0, 99.99=0] [READ-FAILED: Count=0, Max=0, Min=0, Avg=0, 90=0, 99=0, 99.9=0, 99.99=0] 
[OVERALL], RunTime(ms), 90047
[OVERALL], Throughput(ops/sec), 17691.87202238831
[TOTAL_GCS_PS_Scavenge], Count, 8
[TOTAL_GC_TIME_PS_Scavenge], Time(ms), 39
[TOTAL_GC_TIME_%_PS_Scavenge], Time(%), 0.043310715515230934
[TOTAL_GCS_PS_MarkSweep], Count, 0
[TOTAL_GC_TIME_PS_MarkSweep], Time(ms), 0
[TOTAL_GC_TIME_%_PS_MarkSweep], Time(%), 0.0
[TOTAL_GCs], Count, 8
[TOTAL_GC_TIME], Time(ms), 39
[TOTAL_GC_TIME_%], Time(%), 0.043310715515230934
[READ], Operations, 1251164
[READ], AverageLatency(us), 39.232118251484216
[READ], MinLatency(us), 4
[READ], MaxLatency(us), 49759
[READ], 95thPercentileLatency(us), 124
[READ], 99thPercentileLatency(us), 169
[READ], Return=OK, 1251164
[READ], Return=NOT_FOUND, 261950
[CLEANUP], Operations, 1
[CLEANUP], AverageLatency(us), 45968.0
[CLEANUP], MinLatency(us), 45952
[CLEANUP], MaxLatency(us), 45983
[CLEANUP], 95thPercentileLatency(us), 45983
[CLEANUP], 99thPercentileLatency(us), 45983
[INSERT], Operations, 79986
[INSERT], AverageLatency(us), 280.0477708599005
[INSERT], MinLatency(us), 146
[INSERT], MaxLatency(us), 123071
[INSERT], 95thPercentileLatency(us), 297
[INSERT], 99thPercentileLatency(us), 758
[INSERT], Return=OK, 79986
[READ-FAILED], Operations, 261950
[READ-FAILED], AverageLatency(us), 61.65591143347967
[READ-FAILED], MinLatency(us), 31
[READ-FAILED], MaxLatency(us), 22191
[READ-FAILED], 95thPercentileLatency(us), 86
[READ-FAILED], 99thPercentileLatency(us), 106
	Command being timed: "/usr/lib/jvm/java-8-openjdk-amd64/bin/java -cp /users/Xinying/ozonedb/ycsb/ozonedb/conf:/users/Xinying/ozonedb/ycsb/ozonedb/target/ozonedb-binding-0.18.0-SNAPSHOT.jar:/users/Xinying/.m2/repository/org/apache/htrace/htrace-core4/4.1.0-incubating/htrace-core4-4.1.0-incubating.jar:/users/Xinying/.m2/repository/org/slf4j/slf4j-api/1.7.25/slf4j-api-1.7.25.jar:/users/Xinying/.m2/repository/org/hdrhistogram/HdrHistogram/2.1.12/HdrHistogram-2.1.12.jar:/users/Xinying/.m2/repository/ch/qos/logback/logback-classic/1.2.3/logback-classic-1.2.3.jar:/users/Xinying/.m2/repository/ozonedbjnimaven/demoproc-jni/1.0/demoproc-jni-1.0.jar:/users/Xinying/.m2/repository/ch/qos/logback/logback-core/1.2.3/logback-core-1.2.3.jar:/users/Xinying/.m2/repository/org/codehaus/jackson/jackson-mapper-asl/1.9.4/jackson-mapper-asl-1.9.4.jar:/users/Xinying/.m2/repository/org/slf4j/slf4j-simple/1.7.25/slf4j-simple-1.7.25.jar:/users/Xinying/.m2/repository/org/codehaus/jackson/jackson-core-asl/1.9.4/jackson-core-asl-1.9.4.jar:/users/Xinying/ozonedb/ycsb/core/target/core-0.18.0-SNAPSHOT.jar site.ycsb.Client -db site.ycsb.db.OzoneDBClient -threads 1 -s -P /users/Xinying/ozonedb/ycsb/workloads/generated_workloads/workloadd_1KB_1000000_1000000 -p status.interval=1 -p maxexecutiontime=90 -p operationcount=0 -p shared_config=/tmp/phase1_ozonedb_configs/shared_config_SHARED_workloadd_p16_r1_proc6.json -t"
	User time (seconds): 55.59
	System time (seconds): 27.96
	Percent of CPU this job got: 90%
	Elapsed (wall clock) time (h:mm:ss or m:ss): 1:32.61
	Average shared text size (kbytes): 0
	Average unshared data size (kbytes): 0
	Average stack size (kbytes): 0
	Average total size (kbytes): 0
	Maximum resident set size (kbytes): 4635972
	Average resident set size (kbytes): 0
	Major (requiring I/O) page faults: 450
	Minor (reclaiming a frame) page faults: 1196099
	Voluntary context switches: 217082
	Involuntary context switches: 2201
	Swaps: 0
	File system inputs: 8932866
	File system outputs: 201851
	Socket messages sent: 0
	Socket messages received: 0
	Signals delivered: 0
	Page size (bytes): 4096
	Exit status: 0
