# CMD: /usr/bin/time -v /usr/lib/jvm/java-8-openjdk-amd64/bin/java -cp /users/Xinying/ozonedb/ycsb/ozonedb/conf:/users/Xinying/ozonedb/ycsb/ozonedb/target/ozonedb-binding-0.18.0-SNAPSHOT.jar:/users/Xinying/.m2/repository/org/apache/htrace/htrace-core4/4.1.0-incubating/htrace-core4-4.1.0-incubating.jar:/users/Xinying/.m2/repository/org/slf4j/slf4j-api/1.7.25/slf4j-api-1.7.25.jar:/users/Xinying/.m2/repository/org/hdrhistogram/HdrHistogram/2.1.12/HdrHistogram-2.1.12.jar:/users/Xinying/.m2/repository/ch/qos/logback/logback-classic/1.2.3/logback-classic-1.2.3.jar:/users/Xinying/.m2/repository/ozonedbjnimaven/demoproc-jni/1.0/demoproc-jni-1.0.jar:/users/Xinying/.m2/repository/ch/qos/logback/logback-core/1.2.3/logback-core-1.2.3.jar:/users/Xinying/.m2/repository/org/codehaus/jackson/jackson-mapper-asl/1.9.4/jackson-mapper-asl-1.9.4.jar:/users/Xinying/.m2/repository/org/slf4j/slf4j-simple/1.7.25/slf4j-simple-1.7.25.jar:/users/Xinying/.m2/repository/org/codehaus/jackson/jackson-core-asl/1.9.4/jackson-core-asl-1.9.4.jar:/users/Xinying/ozonedb/ycsb/core/target/core-0.18.0-SNAPSHOT.jar site.ycsb.Client -db site.ycsb.db.OzoneDBClient -threads 1 -s -P /users/Xinying/ozonedb/ycsb/workloads/generated_workloads/workloadb_1KB_1000000_1000000 -p status.interval=1 -p maxexecutiontime=90 -p operationcount=0 -p shared_config=/tmp/phase1_ozonedb_configs/shared_config_SHARED_workloadb_p2_r1_proc1.json -t
# shared_work_path=/tank/ycsb_data/multi-proc-run/shared_ozonedb  proc_id=1/2
Command line: -db site.ycsb.db.OzoneDBClient -threads 1 -s -P /users/Xinying/ozonedb/ycsb/workloads/generated_workloads/workloadb_1KB_1000000_1000000 -p status.interval=1 -p maxexecutiontime=90 -p operationcount=0 -p shared_config=/tmp/phase1_ozonedb_configs/shared_config_SHARED_workloadb_p2_r1_proc1.json -t
YCSB Client 0.18.0-SNAPSHOT

Loading workload...
Starting test.
SLF4J: Class path contains multiple SLF4J bindings.
SLF4J: Found binding in [jar:file:/users/Xinying/.m2/repository/ch/qos/logback/logback-classic/1.2.3/logback-classic-1.2.3.jar!/org/slf4j/impl/StaticLoggerBinder.class]
SLF4J: Found binding in [jar:file:/users/Xinying/.m2/repository/org/slf4j/slf4j-simple/1.7.25/slf4j-simple-1.7.25.jar!/org/slf4j/impl/StaticLoggerBinder.class]
SLF4J: See http://www.slf4j.org/codes.html#multiple_bindings for an explanation.
SLF4J: Actual binding is of type [ch.qos.logback.classic.util.ContextSelectorStaticBinder]
Maximum execution time specified as: 90 secs
2026-04-29 15:20:51:458 0 sec: 0 operations; 
Starting compaction watcher
DBWrapper: report latency for each error is false and specific error codes to track for latency are: []
2026-04-29 15:20:52:457 1 sec: 4400 operations; 4400 current ops/sec; [READ: Count=4226, Max=47231, Min=4, Avg=117.04, 90=125, 99=866, 99.9=1240, 99.99=47231] [UPDATE: Count=205, Max=137599, Min=189, Avg=1028, 90=457, 99=1205, 99.9=137599, 99.99=137599] 
2026-04-29 15:20:53:457 2 sec: 15491 operations; 11091 current ops/sec; [READ: Count=10498, Max=2729, Min=4, Avg=77.23, 90=114, 99=680, 99.9=975, 99.99=2085] [UPDATE: Count=566, Max=1071, Min=170, Avg=285.56, 90=350, 99=632, 99.9=1071, 99.99=1071] 
2026-04-29 15:20:54:457 3 sec: 28649 operations; 13158 current ops/sec; [READ: Count=12530, Max=2849, Min=4, Avg=64.56, 90=109, 99=135, 99.9=796, 99.99=986] [UPDATE: Count=627, Max=1007, Min=166, Avg=266.31, 90=327, 99=481, 99.9=1007, 99.99=1007] 
2026-04-29 15:20:55:457 4 sec: 42079 operations; 13430 current ops/sec; [READ: Count=12768, Max=4215, Min=4, Avg=62.74, 90=110, 99=136, 99.9=614, 99.99=957] [UPDATE: Count=664, Max=853, Min=166, Avg=262.67, 90=326, 99=483, 99.9=853, 99.99=853] 
2026-04-29 15:20:56:457 5 sec: 55928 operations; 13849 current ops/sec; [READ: Count=13184, Max=732, Min=4, Avg=60.81, 90=110, 99=134, 99.9=164, 99.99=715] [UPDATE: Count=664, Max=593, Min=165, Avg=261.34, 90=325, 99=396, 99.9=593, 99.99=593] 
2026-04-29 15:20:57:457 6 sec: 69481 operations; 13553 current ops/sec; [READ: Count=12852, Max=875, Min=4, Avg=61.19, 90=111, 99=135, 99.9=253, 99.99=573] [UPDATE: Count=704, Max=12807, Min=168, Avg=271.72, 90=317, 99=386, 99.9=12807, 99.99=12807] 
2026-04-29 15:20:58:457 7 sec: 83372 operations; 13891 current ops/sec; [READ: Count=13206, Max=1589, Min=4, Avg=61.13, 90=111, 99=136, 99.9=176, 99.99=631] [UPDATE: Count=681, Max=800, Min=166, Avg=252.72, 90=313, 99=363, 99.9=800, 99.99=800] 
2026-04-29 15:20:59:457 8 sec: 97379 operations; 14007 current ops/sec; [READ: Count=13304, Max=715, Min=4, Avg=60.46, 90=112, 99=136, 99.9=166, 99.99=703] [UPDATE: Count=704, Max=492, Min=165, Avg=248.76, 90=306, 99=360, 99.9=492, 99.99=492] 
2026-04-29 15:21:00:457 9 sec: 111548 operations; 14169 current ops/sec; [READ: Count=13484, Max=716, Min=4, Avg=59.71, 90=112, 99=136, 99.9=162, 99.99=660] [UPDATE: Count=685, Max=761, Min=166, Avg=253.52, 90=318, 99=376, 99.9=761, 99.99=761] 
2026-04-29 15:21:01:457 10 sec: 125548 operations; 14000 current ops/sec; [READ: Count=13296, Max=700, Min=4, Avg=60.61, 90=112, 99=136, 99.9=166, 99.99=679] [UPDATE: Count=706, Max=780, Min=164, Avg=247.95, 90=314, 99=374, 99.9=780, 99.99=780] 
2026-04-29 15:21:02:229 - NewTail completed: 
2026-04-29 15:21:02:457 11 sec: 139378 operations; 13830 current ops/sec; [READ: Count=13123, Max=5463, Min=4, Avg=60.14, 90=112, 99=138, 99.9=178, 99.99=657] [UPDATE: Count=710, Max=12719, Min=162, Avg=269.37, 90=313, 99=372, 99.9=12719, 99.99=12719] 
2026-04-29 15:21:03:457 12 sec: 153571 operations; 14193 current ops/sec; [READ: Count=13483, Max=679, Min=4, Avg=59.99, 90=112, 99=138, 99.9=173, 99.99=649] [UPDATE: Count=711, Max=460, Min=161, Avg=242.97, 90=308, 99=358, 99.9=460, 99.99=460] 
2026-04-29 15:21:04:457 13 sec: 168009 operations; 14438 current ops/sec; [READ: Count=13754, Max=715, Min=4, Avg=59.02, 90=111, 99=138, 99.9=164, 99.99=578] [UPDATE: Count=688, Max=581, Min=162, Avg=248.06, 90=311, 99=383, 99.9=581, 99.99=581] 
2026-04-29 15:21:05:457 14 sec: 182739 operations; 14730 current ops/sec; [READ: Count=13975, Max=783, Min=4, Avg=57.65, 90=110, 99=135, 99.9=166, 99.99=714] [UPDATE: Count=754, Max=673, Min=158, Avg=235.91, 90=300, 99=347, 99.9=673, 99.99=673] 
2026-04-29 15:21:06:457 15 sec: 197699 operations; 14960 current ops/sec; [READ: Count=14243, Max=782, Min=4, Avg=57.21, 90=110, 99=134, 99.9=167, 99.99=676] [UPDATE: Count=714, Max=359, Min=158, Avg=235.93, 90=302, 99=342, 99.9=359, 99.99=359] 
2026-04-29 15:21:07:457 16 sec: 212275 operations; 14576 current ops/sec; [READ: Count=13850, Max=741, Min=4, Avg=57.42, 90=111, 99=136, 99.9=187, 99.99=703] [UPDATE: Count=721, Max=15351, Min=159, Avg=259.85, 90=301, 99=376, 99.9=15351, 99.99=15351] 
2026-04-29 15:21:08:457 17 sec: 226949 operations; 14674 current ops/sec; [READ: Count=13918, Max=698, Min=4, Avg=57.42, 90=111, 99=135, 99.9=177, 99.99=693] [UPDATE: Count=758, Max=403, Min=157, Avg=243.54, 90=309, 99=355, 99.9=403, 99.99=403] 
2026-04-29 15:21:09:457 18 sec: 242009 operations; 15060 current ops/sec; [READ: Count=14299, Max=731, Min=4, Avg=56.26, 90=109, 99=135, 99.9=176, 99.99=680] [UPDATE: Count=760, Max=846, Min=153, Avg=235.11, 90=293, 99=352, 99.9=846, 99.99=846] 
2026-04-29 15:21:10:457 19 sec: 257534 operations; 15525 current ops/sec; [READ: Count=14759, Max=713, Min=4, Avg=54.63, 90=107, 99=131, 99.9=161, 99.99=704] [UPDATE: Count=763, Max=813, Min=155, Avg=231.36, 90=292, 99=335, 99.9=813, 99.99=813] 
2026-04-29 15:21:11:457 20 sec: 272928 operations; 15394 current ops/sec; [READ: Count=14693, Max=674, Min=4, Avg=55.72, 90=108, 99=132, 99.9=170, 99.99=592] [UPDATE: Count=703, Max=385, Min=155, Avg=233.87, 90=293, 99=332, 99.9=385, 99.99=385] 
2026-04-29 15:21:12:457 21 sec: 287717 operations; 14789 current ops/sec; [READ: Count=14066, Max=1260, Min=4, Avg=56.69, 90=111, 99=137, 99.9=179, 99.99=624] [UPDATE: Count=722, Max=15847, Min=153, Avg=257.62, 90=294, 99=344, 99.9=15847, 99.99=15847] 
2026-04-29 15:21:13:457 22 sec: 302493 operations; 14776 current ops/sec; [READ: Count=14023, Max=3867, Min=4, Avg=57.62, 90=112, 99=136, 99.9=168, 99.99=758] [UPDATE: Count=759, Max=357, Min=155, Avg=231.04, 90=289, 99=324, 99.9=357, 99.99=357] 
2026-04-29 15:21:14:457 23 sec: 317468 operations; 14975 current ops/sec; [READ: Count=14253, Max=608, Min=4, Avg=57.08, 90=112, 99=136, 99.9=160, 99.99=608] [UPDATE: Count=717, Max=1331, Min=155, Avg=236.17, 90=293, 99=344, 99.9=1331, 99.99=1331] 
2026-04-29 15:21:15:457 24 sec: 332313 operations; 14845 current ops/sec; [READ: Count=14094, Max=770, Min=4, Avg=56.95, 90=112, 99=138, 99.9=173, 99.99=702] [UPDATE: Count=750, Max=353, Min=155, Avg=240.69, 90=300, 99=338, 99.9=353, 99.99=353] 
2026-04-29 15:21:16:457 25 sec: 346961 operations; 14648 current ops/sec; [READ: Count=13875, Max=710, Min=4, Avg=57.42, 90=112, 99=137, 99.9=179, 99.99=692] [UPDATE: Count=772, Max=384, Min=159, Avg=242.25, 90=301, 99=335, 99.9=384, 99.99=384] 
2026-04-29 15:21:17:457 26 sec: 362021 operations; 15060 current ops/sec; [READ: Count=14304, Max=702, Min=4, Avg=55.43, 90=111, 99=135, 99.9=161, 99.99=687] [UPDATE: Count=757, Max=15223, Min=153, Avg=251.13, 90=290, 99=344, 99.9=15223, 99.99=15223] 
2026-04-29 15:21:18:457 27 sec: 377480 operations; 15459 current ops/sec; [READ: Count=14673, Max=761, Min=4, Avg=55.52, 90=111, 99=134, 99.9=163, 99.99=744] [UPDATE: Count=787, Max=486, Min=150, Avg=214.09, 90=270, 99=300, 99.9=486, 99.99=486] 
2026-04-29 15:21:19:457 28 sec: 392443 operations; 14963 current ops/sec; [READ: Count=14189, Max=749, Min=4, Avg=56.78, 90=112, 99=137, 99.9=171, 99.99=745] [UPDATE: Count=776, Max=649, Min=154, Avg=228.7, 90=287, 99=322, 99.9=649, 99.99=649] 
2026-04-29 15:21:20:457 29 sec: 407952 operations; 15509 current ops/sec; [READ: Count=14770, Max=700, Min=4, Avg=55.78, 90=111, 99=135, 99.9=168, 99.99=697] [UPDATE: Count=736, Max=359, Min=154, Avg=216.2, 90=274, 99=304, 99.9=359, 99.99=359] 
2026-04-29 15:21:21:457 30 sec: 423221 operations; 15269 current ops/sec; [READ: Count=14483, Max=810, Min=4, Avg=55.8, 90=111, 99=136, 99.9=166, 99.99=780] [UPDATE: Count=787, Max=358, Min=155, Avg=222.35, 90=279, 99=317, 99.9=358, 99.99=358] 
2026-04-29 15:21:21:553 - NewTail completed: 
2026-04-29 15:21:22:457 31 sec: 437848 operations; 14627 current ops/sec; [READ: Count=13893, Max=757, Min=4, Avg=56.92, 90=112, 99=139, 99.9=359, 99.99=748] [UPDATE: Count=732, Max=15631, Min=153, Avg=261.98, 90=278, 99=776, 99.9=15631, 99.99=15631] 
2026-04-29 15:21:23:457 32 sec: 451295 operations; 13447 current ops/sec; [READ: Count=12762, Max=664, Min=4, Avg=62.95, 90=116, 99=142, 99.9=251, 99.99=638] [UPDATE: Count=685, Max=1332, Min=154, Avg=264.83, 90=307, 99=873, 99.9=1332, 99.99=1332] 
2026-04-29 15:21:24:457 33 sec: 465748 operations; 14453 current ops/sec; [READ: Count=13758, Max=1408, Min=4, Avg=60.14, 90=113, 99=139, 99.9=195, 99.99=918] [UPDATE: Count=694, Max=825, Min=151, Avg=225.71, 90=281, 99=319, 99.9=825, 99.99=825] 
2026-04-29 15:21:25:457 34 sec: 479875 operations; 14127 current ops/sec; [READ: Count=13382, Max=733, Min=4, Avg=60.37, 90=114, 99=139, 99.9=167, 99.99=688] [UPDATE: Count=743, Max=390, Min=153, Avg=231.4, 90=289, 99=331, 99.9=390, 99.99=390] 
2026-04-29 15:21:26:457 35 sec: 494006 operations; 14131 current ops/sec; [READ: Count=13394, Max=1003, Min=4, Avg=60.39, 90=114, 99=139, 99.9=169, 99.99=766] [UPDATE: Count=740, Max=382, Min=155, Avg=237.65, 90=300, 99=339, 99.9=382, 99.99=382] 
2026-04-29 15:21:27:457 36 sec: 508110 operations; 14104 current ops/sec; [READ: Count=13374, Max=740, Min=4, Avg=60.69, 90=114, 99=140, 99.9=183, 99.99=733] [UPDATE: Count=730, Max=401, Min=155, Avg=236.69, 90=300, 99=354, 99.9=401, 99.99=401] 
2026-04-29 15:21:28:457 37 sec: 522325 operations; 14215 current ops/sec; [READ: Count=13548, Max=728, Min=4, Avg=59.48, 90=115, 99=140, 99.9=179, 99.99=718] [UPDATE: Count=665, Max=13831, Min=154, Avg=267.2, 90=310, 99=400, 99.9=13831, 99.99=13831] 
2026-04-29 15:21:29:457 38 sec: 536793 operations; 14468 current ops/sec; [READ: Count=13785, Max=743, Min=4, Avg=59.46, 90=115, 99=141, 99.9=175, 99.99=708] [UPDATE: Count=685, Max=812, Min=154, Avg=239.86, 90=305, 99=348, 99.9=812, 99.99=812] 
2026-04-29 15:21:30:457 39 sec: 551164 operations; 14371 current ops/sec; [READ: Count=13635, Max=704, Min=4, Avg=59.15, 90=114, 99=140, 99.9=168, 99.99=629] [UPDATE: Count=734, Max=410, Min=157, Avg=241.76, 90=311, 99=361, 99.9=410, 99.99=410] 
2026-04-29 15:21:31:457 40 sec: 565396 operations; 14232 current ops/sec; [READ: Count=13528, Max=619, Min=4, Avg=59.67, 90=116, 99=142, 99.9=182, 99.99=587] [UPDATE: Count=705, Max=1485, Min=160, Avg=251.2, 90=319, 99=385, 99.9=1485, 99.99=1485] 
2026-04-29 15:21:32:457 41 sec: 579841 operations; 14445 current ops/sec; [READ: Count=13749, Max=689, Min=4, Avg=59.43, 90=114, 99=140, 99.9=180, 99.99=682] [UPDATE: Count=696, Max=391, Min=155, Avg=239.44, 90=307, 99=362, 99.9=391, 99.99=391] 
2026-04-29 15:21:33:457 42 sec: 594107 operations; 14266 current ops/sec; [READ: Count=13543, Max=589, Min=4, Avg=58.9, 90=114, 99=140, 99.9=167, 99.99=589] [UPDATE: Count=723, Max=15951, Min=155, Avg=257.72, 90=300, 99=362, 99.9=15951, 99.99=15951] 
2026-04-29 15:21:34:457 43 sec: 608516 operations; 14409 current ops/sec; [READ: Count=13679, Max=716, Min=4, Avg=59.31, 90=115, 99=141, 99.9=188, 99.99=692] [UPDATE: Count=729, Max=396, Min=156, Avg=237.04, 90=303, 99=346, 99.9=396, 99.99=396] 
2026-04-29 15:21:35:457 44 sec: 623105 operations; 14589 current ops/sec; [READ: Count=13867, Max=665, Min=4, Avg=58.65, 90=115, 99=141, 99.9=169, 99.99=619] [UPDATE: Count=722, Max=815, Min=154, Avg=236.1, 90=303, 99=331, 99.9=815, 99.99=815] 
2026-04-29 15:21:36:457 45 sec: 637484 operations; 14379 current ops/sec; [READ: Count=13638, Max=3639, Min=4, Avg=59.21, 90=115, 99=142, 99.9=172, 99.99=630] [UPDATE: Count=744, Max=678, Min=155, Avg=236.93, 90=299, 99=357, 99.9=678, 99.99=678] 
2026-04-29 15:21:37:457 46 sec: 651906 operations; 14422 current ops/sec; [READ: Count=13642, Max=681, Min=4, Avg=58.71, 90=115, 99=139, 99.9=167, 99.99=676] [UPDATE: Count=777, Max=765, Min=154, Avg=235.53, 90=302, 99=338, 99.9=765, 99.99=765] 
2026-04-29 15:21:38:457 47 sec: 666309 operations; 14403 current ops/sec; [READ: Count=13655, Max=721, Min=4, Avg=58.04, 90=115, 99=140, 99.9=186, 99.99=635] [UPDATE: Count=747, Max=16463, Min=152, Avg=255.77, 90=299, 99=342, 99.9=16463, 99.99=16463] 
2026-04-29 15:21:39:457 48 sec: 680793 operations; 14484 current ops/sec; [READ: Count=13753, Max=759, Min=4, Avg=58.9, 90=115, 99=141, 99.9=192, 99.99=724] [UPDATE: Count=733, Max=415, Min=151, Avg=237.49, 90=306, 99=349, 99.9=415, 99.99=415] 
2026-04-29 15:21:40:457 49 sec: 695360 operations; 14567 current ops/sec; [READ: Count=13824, Max=699, Min=4, Avg=58.18, 90=116, 99=140, 99.9=170, 99.99=679] [UPDATE: Count=744, Max=856, Min=152, Avg=241.33, 90=310, 99=394, 99.9=856, 99.99=856] 
2026-04-29 15:21:41:457 50 sec: 709846 operations; 14486 current ops/sec; [READ: Count=13727, Max=774, Min=4, Avg=58.16, 90=115, 99=140, 99.9=177, 99.99=725] [UPDATE: Count=757, Max=762, Min=159, Avg=245.19, 90=314, 99=366, 99.9=762, 99.99=762] 
2026-04-29 15:21:41:478 - NewTail completed: 
2026-04-29 15:21:42:457 51 sec: 724343 operations; 14497 current ops/sec; [READ: Count=13781, Max=810, Min=4, Avg=58.39, 90=116, 99=142, 99.9=178, 99.99=771] [UPDATE: Count=717, Max=1017, Min=158, Avg=250.04, 90=319, 99=375, 99.9=1017, 99.99=1017] 
2026-04-29 15:21:43:457 52 sec: 738604 operations; 14261 current ops/sec; [READ: Count=13508, Max=756, Min=4, Avg=58.48, 90=115, 99=143, 99.9=174, 99.99=676] [UPDATE: Count=752, Max=13567, Min=149, Avg=258.05, 90=302, 99=425, 99.9=13567, 99.99=13567] 
2026-04-29 15:21:44:457 53 sec: 753148 operations; 14544 current ops/sec; [READ: Count=13781, Max=791, Min=4, Avg=58.22, 90=116, 99=143, 99.9=179, 99.99=663] [UPDATE: Count=766, Max=868, Min=159, Avg=237.27, 90=297, 99=352, 99.9=868, 99.99=868] 
2026-04-29 15:21:45:457 54 sec: 768100 operations; 14952 current ops/sec; [READ: Count=14216, Max=770, Min=4, Avg=57.12, 90=114, 99=140, 99.9=184, 99.99=752] [UPDATE: Count=736, Max=453, Min=149, Avg=233.12, 90=299, 99=350, 99.9=453, 99.99=453] 
2026-04-29 15:21:46:457 55 sec: 782922 operations; 14822 current ops/sec; [READ: Count=14068, Max=743, Min=4, Avg=57.62, 90=114, 99=138, 99.9=165, 99.99=738] [UPDATE: Count=753, Max=1175, Min=149, Avg=229.49, 90=290, 99=337, 99.9=1175, 99.99=1175] 
2026-04-29 15:21:47:457 56 sec: 797936 operations; 15014 current ops/sec; [READ: Count=14296, Max=3691, Min=4, Avg=57.2, 90=114, 99=139, 99.9=164, 99.99=678] [UPDATE: Count=717, Max=2331, Min=149, Avg=230.84, 90=292, 99=346, 99.9=2331, 99.99=2331] 
2026-04-29 15:21:48:457 57 sec: 812527 operations; 14591 current ops/sec; [READ: Count=13811, Max=838, Min=4, Avg=57.37, 90=115, 99=142, 99.9=202, 99.99=789] [UPDATE: Count=782, Max=16007, Min=147, Avg=244.43, 90=280, 99=326, 99.9=16007, 99.99=16007] 
2026-04-29 15:21:49:457 58 sec: 827112 operations; 14585 current ops/sec; [READ: Count=13829, Max=944, Min=4, Avg=58.53, 90=117, 99=144, 99.9=199, 99.99=800] [UPDATE: Count=755, Max=380, Min=164, Avg=229.71, 90=292, 99=327, 99.9=380, 99.99=380] 
2026-04-29 15:21:50:457 59 sec: 841914 operations; 14802 current ops/sec; [READ: Count=14033, Max=745, Min=4, Avg=57.97, 90=116, 99=142, 99.9=174, 99.99=737] [UPDATE: Count=768, Max=364, Min=152, Avg=221.64, 90=281, 99=319, 99.9=364, 99.99=364] 
2026-04-29 15:21:51:457 60 sec: 857078 operations; 15164 current ops/sec; [READ: Count=14436, Max=1471, Min=4, Avg=57.05, 90=115, 99=140, 99.9=167, 99.99=733] [UPDATE: Count=730, Max=333, Min=152, Avg=218.68, 90=278, 99=316, 99.9=333, 99.99=333] 
2026-04-29 15:21:52:457 61 sec: 872269 operations; 15191 current ops/sec; [READ: Count=14486, Max=690, Min=4, Avg=57.01, 90=115, 99=140, 99.9=173, 99.99=623] [UPDATE: Count=704, Max=366, Min=155, Avg=223.67, 90=281, 99=315, 99.9=366, 99.99=366] 
2026-04-29 15:21:53:457 62 sec: 887233 operations; 14964 current ops/sec; [READ: Count=14218, Max=867, Min=4, Avg=56.25, 90=115, 99=140, 99.9=180, 99.99=730] [UPDATE: Count=746, Max=13751, Min=147, Avg=245.81, 90=284, 99=347, 99.9=13751, 99.99=13751] 
2026-04-29 15:21:54:457 63 sec: 902275 operations; 15042 current ops/sec; [READ: Count=14300, Max=752, Min=4, Avg=56.97, 90=114, 99=138, 99.9=165, 99.99=710] [UPDATE: Count=740, Max=653, Min=152, Avg=227.62, 90=284, 99=319, 99.9=653, 99.99=653] 
2026-04-29 15:21:55:457 64 sec: 917232 operations; 14957 current ops/sec; [READ: Count=14188, Max=856, Min=4, Avg=57.05, 90=115, 99=141, 99.9=171, 99.99=829] [UPDATE: Count=772, Max=505, Min=148, Avg=225.63, 90=289, 99=331, 99.9=505, 99.99=505] 
2026-04-29 15:21:56:457 65 sec: 932103 operations; 14871 current ops/sec; [READ: Count=14131, Max=687, Min=4, Avg=56.91, 90=116, 99=139, 99.9=180, 99.99=652] [UPDATE: Count=737, Max=411, Min=157, Avg=243.11, 90=315, 99=386, 99.9=411, 99.99=411] 
2026-04-29 15:21:57:457 66 sec: 947426 operations; 15323 current ops/sec; [READ: Count=14575, Max=867, Min=4, Avg=55.98, 90=114, 99=139, 99.9=174, 99.99=744] [UPDATE: Count=749, Max=382, Min=150, Avg=223.69, 90=288, 99=338, 99.9=382, 99.99=382] 
2026-04-29 15:21:58:457 67 sec: 962274 operations; 14848 current ops/sec; [READ: Count=14100, Max=3613, Min=4, Avg=55.74, 90=113, 99=138, 99.9=170, 99.99=798] [UPDATE: Count=747, Max=16239, Min=148, Avg=264.75, 90=292, 99=354, 99.9=16239, 99.99=16239] 
2026-04-29 15:21:59:457 68 sec: 977975 operations; 15701 current ops/sec; [READ: Count=14951, Max=800, Min=4, Avg=54.77, 90=112, 99=139, 99.9=173, 99.99=729] [UPDATE: Count=752, Max=524, Min=149, Avg=218.62, 90=280, 99=323, 99.9=524, 99.99=524] 
2026-04-29 15:22:00:457 69 sec: 993111 operations; 15136 current ops/sec; [READ: Count=14320, Max=790, Min=4, Avg=55.72, 90=114, 99=140, 99.9=178, 99.99=710] [UPDATE: Count=814, Max=573, Min=150, Avg=227.75, 90=296, 99=339, 99.9=573, 99.99=573] 
2026-04-29 15:22:00:601 - NewTail completed: 
2026-04-29 15:22:01:457 70 sec: 1007388 operations; 14277 current ops/sec; [READ: Count=13538, Max=6715, Min=4, Avg=59.08, 90=116, 99=144, 99.9=414, 99.99=788] [UPDATE: Count=741, Max=889, Min=159, Avg=248.11, 90=326, 99=390, 99.9=889, 99.99=889] 
2026-04-29 15:22:02:457 71 sec: 1021568 operations; 14180 current ops/sec; [READ: Count=13510, Max=693, Min=4, Avg=60.67, 90=117, 99=143, 99.9=383, 99.99=692] [UPDATE: Count=668, Max=441, Min=153, Avg=245.32, 90=319, 99=373, 99.9=441, 99.99=441] 
2026-04-29 15:22:03:457 72 sec: 1035486 operations; 13918 current ops/sec; [READ: Count=13195, Max=1445, Min=4, Avg=59.45, 90=116, 99=141, 99.9=187, 99.99=733] [UPDATE: Count=723, Max=15599, Min=148, Avg=276.61, 90=307, 99=962, 99.9=15599, 99.99=15599] 
2026-04-29 15:22:04:457 73 sec: 1049749 operations; 14263 current ops/sec; [READ: Count=13553, Max=665, Min=5, Avg=59.78, 90=116, 99=144, 99.9=179, 99.99=658] [UPDATE: Count=712, Max=1304, Min=151, Avg=243.75, 90=294, 99=819, 99.9=1304, 99.99=1304] 
2026-04-29 15:22:05:457 74 sec: 1064189 operations; 14440 current ops/sec; [READ: Count=13671, Max=669, Min=5, Avg=59.45, 90=116, 99=141, 99.9=176, 99.99=618] [UPDATE: Count=767, Max=1007, Min=148, Avg=223.45, 90=282, 99=335, 99.9=1007, 99.99=1007] 
2026-04-29 15:22:06:457 75 sec: 1078594 operations; 14405 current ops/sec; [READ: Count=13704, Max=679, Min=5, Avg=59.97, 90=116, 99=141, 99.9=173, 99.99=637] [UPDATE: Count=701, Max=589, Min=149, Avg=230.52, 90=293, 99=333, 99.9=589, 99.99=589] 
2026-04-29 15:22:07:457 76 sec: 1092715 operations; 14121 current ops/sec; [READ: Count=13362, Max=758, Min=5, Avg=60.08, 90=116, 99=142, 99.9=181, 99.99=704] [UPDATE: Count=761, Max=383, Min=149, Avg=238.21, 90=307, 99=365, 99.9=383, 99.99=383] 
2026-04-29 15:22:08:457 77 sec: 1106960 operations; 14245 current ops/sec; [READ: Count=13509, Max=729, Min=5, Avg=59.4, 90=116, 99=143, 99.9=180, 99.99=715] [UPDATE: Count=734, Max=542, Min=151, Avg=247.35, 90=318, 99=365, 99.9=542, 99.99=542] 
2026-04-29 15:22:09:457 78 sec: 1117133 operations; 10173 current ops/sec; [READ: Count=9658, Max=736, Min=4, Avg=59.14, 90=116, 99=142, 99.9=193, 99.99=736] [UPDATE: Count=515, Max=37599, Min=151, Avg=810.31, 90=304, 99=18047, 99.9=37599, 99.99=37599] 
2026-04-29 15:22:10:457 79 sec: 1131542 operations; 14409 current ops/sec; [READ: Count=13671, Max=695, Min=5, Avg=59.24, 90=116, 99=142, 99.9=196, 99.99=636] [UPDATE: Count=744, Max=525, Min=152, Avg=234.14, 90=294, 99=344, 99.9=525, 99.99=525] 
2026-04-29 15:22:11:457 80 sec: 1146031 operations; 14489 current ops/sec; [READ: Count=13798, Max=1522, Min=5, Avg=59.59, 90=117, 99=142, 99.9=182, 99.99=697] [UPDATE: Count=685, Max=355, Min=159, Avg=235.95, 90=300, 99=335, 99.9=355, 99.99=355] 
2026-04-29 15:22:12:457 81 sec: 1160568 operations; 14537 current ops/sec; [READ: Count=13800, Max=746, Min=5, Avg=58.99, 90=117, 99=142, 99.9=180, 99.99=710] [UPDATE: Count=737, Max=867, Min=151, Avg=230.18, 90=293, 99=336, 99.9=867, 99.99=867] 
2026-04-29 15:22:13:457 82 sec: 1175126 operations; 14558 current ops/sec; [READ: Count=13861, Max=743, Min=5, Avg=59.21, 90=116, 99=141, 99.9=173, 99.99=660] [UPDATE: Count=696, Max=364, Min=154, Avg=233.99, 90=298, 99=339, 99.9=364, 99.99=364] 
2026-04-29 15:22:14:457 83 sec: 1185764 operations; 10638 current ops/sec; [READ: Count=10117, Max=750, Min=5, Avg=58.57, 90=116, 99=146, 99.9=224, 99.99=703] [UPDATE: Count=524, Max=28511, Min=155, Avg=755.01, 90=303, 99=18271, 99.9=28511, 99.99=28511] 
2026-04-29 15:22:15:457 84 sec: 1200274 operations; 14510 current ops/sec; [READ: Count=13778, Max=710, Min=5, Avg=59.04, 90=116, 99=143, 99.9=174, 99.99=654] [UPDATE: Count=732, Max=349, Min=154, Avg=233.09, 90=292, 99=327, 99.9=349, 99.99=349] 
2026-04-29 15:22:16:457 85 sec: 1214634 operations; 14360 current ops/sec; [READ: Count=13643, Max=724, Min=5, Avg=58.8, 90=116, 99=142, 99.9=165, 99.99=658] [UPDATE: Count=719, Max=903, Min=160, Avg=252.29, 90=311, 99=362, 99.9=903, 99.99=903] 
2026-04-29 15:22:17:457 86 sec: 1229372 operations; 14738 current ops/sec; [READ: Count=14011, Max=719, Min=4, Avg=57.64, 90=116, 99=141, 99.9=171, 99.99=616] [UPDATE: Count=724, Max=575, Min=161, Avg=243.86, 90=299, 99=350, 99.9=575, 99.99=575] 
2026-04-29 15:22:18:457 87 sec: 1243997 operations; 14625 current ops/sec; [READ: Count=13881, Max=742, Min=5, Avg=57.8, 90=116, 99=143, 99.9=180, 99.99=704] [UPDATE: Count=747, Max=705, Min=170, Avg=242.59, 90=302, 99=337, 99.9=705, 99.99=705] 
2026-04-29 15:22:19:457 88 sec: 1257933 operations; 13936 current ops/sec; [READ: Count=13200, Max=737, Min=4, Avg=58.4, 90=117, 99=145, 99.9=187, 99.99=623] [UPDATE: Count=734, Max=14615, Min=157, Avg=290.73, 90=297, 99=1668, 99.9=14615, 99.99=14615] 
2026-04-29 15:22:20:457 89 sec: 1272620 operations; 14687 current ops/sec; [READ: Count=13933, Max=668, Min=4, Avg=58, 90=117, 99=145, 99.9=173, 99.99=591] [UPDATE: Count=752, Max=2367, Min=157, Avg=233.19, 90=291, 99=345, 99.9=2367, 99.99=2367] 
2026-04-29 15:22:20:927 - NewTail completed: 
Maximum time elapsed. Requesting stop for the workload.
Stop requested for workload. Now Joining!
[OZONEDB-PROFILE] reads=1287330  avg_total=57.11us  view=3.92us(6.9%)  log=1.51us(2.7%)  sst=76.17us_per_call x 870181_calls(90.1%_of_total)
2026-04-29 15:22:21:457 90 sec: 1287322 operations; 14702 current ops/sec; [READ: Count=14005, Max=673, Min=5, Avg=59.02, 90=117, 99=143, 99.9=186, 99.99=614] [UPDATE: Count=698, Max=1039, Min=154, Avg=224.8, 90=285, 99=323, 99.9=1039, 99.99=1039] [OZONEDB-SST-PROFILE] level | time_total_ms | enters | range_rejects | table_gets | hits
[OZONEDB-SST-PROFILE] L1  |      8689.66 |  2329422 |       789515 |    1539907 | 125757

[OZONEDB-SST-PROFILE] L2  |      4109.66 |  1487271 |       742859 |     744412 |  46326
[OZONEDB-SST-PROFILE] L3  |      3946.49 |  1394959 |       696868 |     698091 |  45526
[OZONEDB-SST-PROFILE] L4  |      4144.32 |  1303011 |       650450 |     652561 |  47534
[OZONEDB-SST-PROFILE] L5  |      3777.77 |  1208326 |       603364 |     604962 |  46883
[OZONEDB-SST-PROFILE] L6  |      3704.70 |  1114724 |       556620 |     558104 |  46174
[OZONEDB-SST-PROFILE] L7  |     37355.12 |  1769675 |          137 |    1769538 | 511981
[OZONEDB-TBL-PROFILE] file_filter_reject=5633753  block_filter_reject=62878  index_invalid=0  block_read_more=716446  hit_from_cache=154498  miss_after_read=763  found=870181
2026-04-29 15:22:21:526 90 sec: 1287330 operations; 115.94 current ops/sec; [READ: Count=5, Max=71, Min=6, Avg=19.2, 90=71, 99=71, 99.9=71, 99.99=71] [CLEANUP: Count=1, Max=67967, Min=67904, Avg=67936, 90=67967, 99=67967, 99.9=67967, 99.99=67967] [UPDATE: Count=1, Max=211, Min=211, Avg=211, 90=211, 99=211, 99.9=211, 99.99=211] 
[OVERALL], RunTime(ms), 90069
[OVERALL], Throughput(ops/sec), 14292.70892315891
[TOTAL_GCS_PS_Scavenge], Count, 8
[TOTAL_GC_TIME_PS_Scavenge], Time(ms), 27
[TOTAL_GC_TIME_%_PS_Scavenge], Time(%), 0.029977017619824804
[TOTAL_GCS_PS_MarkSweep], Count, 0
[TOTAL_GC_TIME_PS_MarkSweep], Time(ms), 0
[TOTAL_GC_TIME_%_PS_MarkSweep], Time(%), 0.0
[TOTAL_GCs], Count, 8
[TOTAL_GC_TIME], Time(ms), 27
[TOTAL_GC_TIME_%], Time(%), 0.029977017619824804
[READ], Operations, 1222742
[READ], AverageLatency(us), 58.761780490078856
[READ], MinLatency(us), 4
[READ], MaxLatency(us), 47231
[READ], 95thPercentileLatency(us), 122
[READ], 99thPercentileLatency(us), 140
[READ], Return=OK, 1222742
[CLEANUP], Operations, 1
[CLEANUP], AverageLatency(us), 67936.0
[CLEANUP], MinLatency(us), 67904
[CLEANUP], MaxLatency(us), 67967
[CLEANUP], 95thPercentileLatency(us), 67967
[CLEANUP], 99thPercentileLatency(us), 67967
[UPDATE], Operations, 64588
[UPDATE], AverageLatency(us), 252.97911376726327
[UPDATE], MinLatency(us), 147
[UPDATE], MaxLatency(us), 137599
[UPDATE], 95thPercentileLatency(us), 318
[UPDATE], 99thPercentileLatency(us), 371
[UPDATE], Return=OK, 64588
	Command being timed: "/usr/lib/jvm/java-8-openjdk-amd64/bin/java -cp /users/Xinying/ozonedb/ycsb/ozonedb/conf:/users/Xinying/ozonedb/ycsb/ozonedb/target/ozonedb-binding-0.18.0-SNAPSHOT.jar:/users/Xinying/.m2/repository/org/apache/htrace/htrace-core4/4.1.0-incubating/htrace-core4-4.1.0-incubating.jar:/users/Xinying/.m2/repository/org/slf4j/slf4j-api/1.7.25/slf4j-api-1.7.25.jar:/users/Xinying/.m2/repository/org/hdrhistogram/HdrHistogram/2.1.12/HdrHistogram-2.1.12.jar:/users/Xinying/.m2/repository/ch/qos/logback/logback-classic/1.2.3/logback-classic-1.2.3.jar:/users/Xinying/.m2/repository/ozonedbjnimaven/demoproc-jni/1.0/demoproc-jni-1.0.jar:/users/Xinying/.m2/repository/ch/qos/logback/logback-core/1.2.3/logback-core-1.2.3.jar:/users/Xinying/.m2/repository/org/codehaus/jackson/jackson-mapper-asl/1.9.4/jackson-mapper-asl-1.9.4.jar:/users/Xinying/.m2/repository/org/slf4j/slf4j-simple/1.7.25/slf4j-simple-1.7.25.jar:/users/Xinying/.m2/repository/org/codehaus/jackson/jackson-core-asl/1.9.4/jackson-core-asl-1.9.4.jar:/users/Xinying/ozonedb/ycsb/core/target/core-0.18.0-SNAPSHOT.jar site.ycsb.Client -db site.ycsb.db.OzoneDBClient -threads 1 -s -P /users/Xinying/ozonedb/ycsb/workloads/generated_workloads/workloadb_1KB_1000000_1000000 -p status.interval=1 -p maxexecutiontime=90 -p operationcount=0 -p shared_config=/tmp/phase1_ozonedb_configs/shared_config_SHARED_workloadb_p2_r1_proc1.json -t"
	User time (seconds): 51.94
	System time (seconds): 33.62
	Percent of CPU this job got: 93%
	Elapsed (wall clock) time (h:mm:ss or m:ss): 1:31.76
	Average shared text size (kbytes): 0
	Average unshared data size (kbytes): 0
	Average stack size (kbytes): 0
	Average total size (kbytes): 0
	Maximum resident set size (kbytes): 5164544
	Average resident set size (kbytes): 0
	Major (requiring I/O) page faults: 392
	Minor (reclaiming a frame) page faults: 1295202
	Voluntary context switches: 148574
	Involuntary context switches: 288
	Swaps: 0
	File system inputs: 11946008
	File system outputs: 148160
	Socket messages sent: 0
	Socket messages received: 0
	Signals delivered: 0
	Page size (bytes): 4096
	Exit status: 0
