# CMD: /usr/bin/time -v /usr/lib/jvm/java-8-openjdk-amd64/bin/java -cp /users/Xinying/ozonedb/ycsb/ozonedb/conf:/users/Xinying/ozonedb/ycsb/ozonedb/target/ozonedb-binding-0.18.0-SNAPSHOT.jar:/users/Xinying/.m2/repository/org/apache/htrace/htrace-core4/4.1.0-incubating/htrace-core4-4.1.0-incubating.jar:/users/Xinying/.m2/repository/org/slf4j/slf4j-api/1.7.25/slf4j-api-1.7.25.jar:/users/Xinying/.m2/repository/org/hdrhistogram/HdrHistogram/2.1.12/HdrHistogram-2.1.12.jar:/users/Xinying/.m2/repository/ch/qos/logback/logback-classic/1.2.3/logback-classic-1.2.3.jar:/users/Xinying/.m2/repository/ozonedbjnimaven/demoproc-jni/1.0/demoproc-jni-1.0.jar:/users/Xinying/.m2/repository/ch/qos/logback/logback-core/1.2.3/logback-core-1.2.3.jar:/users/Xinying/.m2/repository/org/codehaus/jackson/jackson-mapper-asl/1.9.4/jackson-mapper-asl-1.9.4.jar:/users/Xinying/.m2/repository/org/slf4j/slf4j-simple/1.7.25/slf4j-simple-1.7.25.jar:/users/Xinying/.m2/repository/org/codehaus/jackson/jackson-core-asl/1.9.4/jackson-core-asl-1.9.4.jar:/users/Xinying/ozonedb/ycsb/core/target/core-0.18.0-SNAPSHOT.jar site.ycsb.Client -db site.ycsb.db.OzoneDBClient -threads 1 -s -P /users/Xinying/ozonedb/ycsb/workloads/generated_workloads/workloadb_1KB_1000000_1000000 -p status.interval=1 -p maxexecutiontime=90 -p operationcount=0 -p shared_config=/tmp/phase1_ozonedb_configs/shared_config_SHARED_workloadb_p16_r1_proc1.json -t
# shared_work_path=/tank/ycsb_data/multi-proc-run/shared_ozonedb  proc_id=1/16
Command line: -db site.ycsb.db.OzoneDBClient -threads 1 -s -P /users/Xinying/ozonedb/ycsb/workloads/generated_workloads/workloadb_1KB_1000000_1000000 -p status.interval=1 -p maxexecutiontime=90 -p operationcount=0 -p shared_config=/tmp/phase1_ozonedb_configs/shared_config_SHARED_workloadb_p16_r1_proc1.json -t
YCSB Client 0.18.0-SNAPSHOT

Loading workload...
Starting test.
SLF4J: Class path contains multiple SLF4J bindings.
SLF4J: Found binding in [jar:file:/users/Xinying/.m2/repository/ch/qos/logback/logback-classic/1.2.3/logback-classic-1.2.3.jar!/org/slf4j/impl/StaticLoggerBinder.class]
SLF4J: Found binding in [jar:file:/users/Xinying/.m2/repository/org/slf4j/slf4j-simple/1.7.25/slf4j-simple-1.7.25.jar!/org/slf4j/impl/StaticLoggerBinder.class]
SLF4J: See http://www.slf4j.org/codes.html#multiple_bindings for an explanation.
SLF4J: Actual binding is of type [ch.qos.logback.classic.util.ContextSelectorStaticBinder]
Maximum execution time specified as: 90 secs
2026-04-29 15:25:47:308 0 sec: 0 operations; 
Starting compaction watcher
DBWrapper: report latency for each error is false and specific error codes to track for latency are: []
2026-04-29 15:25:48:308 1 sec: 5424 operations; 5418.58 current ops/sec; [READ: Count=5152, Max=47935, Min=5, Avg=103.01, 90=154, 99=217, 99.9=2153, 99.99=47935] [UPDATE: Count=282, Max=30479, Min=209, Avg=503.13, 90=476, 99=1977, 99.9=30479, 99.99=30479] 
2026-04-29 15:25:49:308 2 sec: 14322 operations; 8898 current ops/sec; [READ: Count=8423, Max=8559, Min=4, Avg=90.34, 90=155, 99=215, 99.9=2547, 99.99=8559] [UPDATE: Count=468, Max=12687, Min=180, Avg=409.18, 90=444, 99=2593, 99.9=12687, 99.99=12687] 
2026-04-29 15:25:49:580 - NewTail completed: 
2026-04-29 15:25:50:308 3 sec: 25853 operations; 11531 current ops/sec; [READ: Count=10948, Max=3375, Min=4, Avg=73.81, 90=131, 99=179, 99.9=2301, 99.99=3235] [UPDATE: Count=584, Max=1551, Min=173, Avg=286.07, 90=361, 99=464, 99.9=1551, 99.99=1551] 
2026-04-29 15:25:51:308 4 sec: 37979 operations; 12126 current ops/sec; [READ: Count=11515, Max=5059, Min=4, Avg=69.88, 90=126, 99=170, 99.9=1435, 99.99=3435] [UPDATE: Count=610, Max=911, Min=181, Avg=278.9, 90=351, 99=430, 99.9=911, 99.99=911] 
2026-04-29 15:25:52:308 5 sec: 50248 operations; 12269 current ops/sec; [READ: Count=11661, Max=2915, Min=4, Avg=67.17, 90=129, 99=173, 99.9=403, 99.99=2691] [UPDATE: Count=610, Max=3891, Min=177, Avg=314.32, 90=377, 99=919, 99.9=3891, 99.99=3891] 
2026-04-29 15:25:53:308 6 sec: 61192 operations; 10944 current ops/sec; [READ: Count=10410, Max=9503, Min=4, Avg=70.49, 90=134, 99=186, 99.9=702, 99.99=3121] [UPDATE: Count=538, Max=68863, Min=173, Avg=447.43, 90=401, 99=1319, 99.9=68863, 99.99=68863] 
2026-04-29 15:25:54:308 7 sec: 73540 operations; 12348 current ops/sec; [READ: Count=11687, Max=3067, Min=4, Avg=68.17, 90=127, 99=167, 99.9=798, 99.99=2703] [UPDATE: Count=654, Max=2597, Min=166, Avg=278.95, 90=348, 99=434, 99.9=2597, 99.99=2597] 
2026-04-29 15:25:55:308 8 sec: 86067 operations; 12527 current ops/sec; [READ: Count=11927, Max=2755, Min=5, Avg=68.27, 90=128, 99=170, 99.9=1732, 99.99=2681] [UPDATE: Count=603, Max=726, Min=182, Avg=275.72, 90=344, 99=427, 99.9=726, 99.99=726] 
2026-04-29 15:25:56:308 9 sec: 98934 operations; 12867 current ops/sec; [READ: Count=12205, Max=2907, Min=4, Avg=65.33, 90=127, 99=171, 99.9=380, 99.99=2891] [UPDATE: Count=659, Max=1599, Min=172, Avg=276.92, 90=352, 99=440, 99.9=1599, 99.99=1599] 
2026-04-29 15:25:57:308 10 sec: 111633 operations; 12699 current ops/sec; [READ: Count=12023, Max=2673, Min=5, Avg=65.95, 90=128, 99=172, 99.9=426, 99.99=2591] [UPDATE: Count=677, Max=464, Min=179, Avg=276.05, 90=349, 99=429, 99.9=464, 99.99=464] 
2026-04-29 15:25:58:308 11 sec: 121054 operations; 9421 current ops/sec; [READ: Count=8977, Max=2579, Min=5, Avg=74.15, 90=147, 99=201, 99.9=1027, 99.99=2579] [UPDATE: Count=444, Max=76351, Min=187, Avg=717.34, 90=1188, 99=2745, 99.9=76351, 99.99=76351] 
2026-04-29 15:25:59:308 12 sec: 131810 operations; 10756 current ops/sec; [READ: Count=10234, Max=2763, Min=5, Avg=74.33, 90=151, 99=203, 99.9=1138, 99.99=2673] [UPDATE: Count=526, Max=62783, Min=172, Avg=421.08, 90=400, 99=530, 99.9=62783, 99.99=62783] 
2026-04-29 15:26:00:308 13 sec: 143167 operations; 11357 current ops/sec; [READ: Count=10769, Max=8231, Min=5, Avg=75.68, 90=140, 99=197, 99.9=1966, 99.99=7459] [UPDATE: Count=585, Max=3451, Min=163, Avg=287.75, 90=369, 99=503, 99.9=3451, 99.99=3451] 
2026-04-29 15:26:01:308 14 sec: 156092 operations; 12925 current ops/sec; [READ: Count=12305, Max=2551, Min=5, Avg=66.66, 90=127, 99=175, 99.9=413, 99.99=2501] [UPDATE: Count=625, Max=2811, Min=161, Avg=258.89, 90=325, 99=435, 99.9=2811, 99.99=2811] 
2026-04-29 15:26:01:990 - NewTail completed: 
2026-04-29 15:26:02:308 15 sec: 168793 operations; 12701 current ops/sec; [READ: Count=12069, Max=3137, Min=5, Avg=67.43, 90=131, 99=181, 99.9=382, 99.99=2859] [UPDATE: Count=629, Max=810, Min=163, Avg=269.7, 90=350, 99=446, 99.9=810, 99.99=810] 
2026-04-29 15:26:03:308 16 sec: 178375 operations; 9582 current ops/sec; [READ: Count=9082, Max=3139, Min=5, Avg=64.42, 90=128, 99=167, 99.9=395, 99.99=3139] [UPDATE: Count=495, Max=75967, Min=177, Avg=815.21, 90=354, 99=9303, 99.9=75967, 99.99=75967] 
2026-04-29 15:26:04:308 17 sec: 180948 operations; 2573 current ops/sec; [READ: Count=2454, Max=803, Min=5, Avg=67.88, 90=133, 99=213, 99.9=603, 99.99=803] [UPDATE: Count=120, Max=13135, Min=2598, Avg=6915.66, 90=8871, 99=12655, 99.9=13135, 99.99=13135] 
2026-04-29 15:26:05:308 18 sec: 185971 operations; 5023 current ops/sec; [READ: Count=4732, Max=2789, Min=5, Avg=74.45, 90=151, 99=230, 99.9=564, 99.99=2789] [UPDATE: Count=291, Max=21471, Min=182, Avg=2202.11, 90=6347, 99=14487, 99.9=21471, 99.99=21471] 
2026-04-29 15:26:06:308 19 sec: 198397 operations; 12426 current ops/sec; [READ: Count=11805, Max=2687, Min=5, Avg=69.09, 90=136, 99=186, 99.9=705, 99.99=2661] [UPDATE: Count=622, Max=463, Min=172, Avg=272.21, 90=356, 99=437, 99.9=463, 99.99=463] 
2026-04-29 15:26:07:308 20 sec: 209095 operations; 10698 current ops/sec; [READ: Count=10151, Max=3029, Min=5, Avg=70.02, 90=138, 99=187, 99.9=809, 99.99=3007] [UPDATE: Count=547, Max=73535, Min=165, Avg=504.64, 90=358, 99=477, 99.9=73535, 99.99=73535] 
2026-04-29 15:26:08:308 21 sec: 219914 operations; 10819 current ops/sec; [READ: Count=10257, Max=2885, Min=5, Avg=66.08, 90=128, 99=163, 99.9=390, 99.99=2683] [UPDATE: Count=565, Max=55231, Min=163, Avg=547.36, 90=334, 99=6167, 99.9=55231, 99.99=55231] 
2026-04-29 15:26:09:308 22 sec: 229674 operations; 9760 current ops/sec; [READ: Count=9273, Max=2561, Min=5, Avg=67.18, 90=130, 99=177, 99.9=420, 99.99=2561] [UPDATE: Count=483, Max=7459, Min=171, Avg=756.49, 90=1116, 99=6791, 99.9=7459, 99.99=7459] 
2026-04-29 15:26:10:308 23 sec: 241835 operations; 12161 current ops/sec; [READ: Count=11563, Max=3221, Min=5, Avg=71.12, 90=138, 99=191, 99.9=1810, 99.99=3211] [UPDATE: Count=598, Max=641, Min=167, Avg=272.4, 90=360, 99=467, 99.9=641, 99.99=641] 
2026-04-29 15:26:11:308 24 sec: 254186 operations; 12351 current ops/sec; [READ: Count=11717, Max=2815, Min=5, Avg=69.23, 90=134, 99=188, 99.9=658, 99.99=2735] [UPDATE: Count=634, Max=5783, Min=163, Avg=274.55, 90=349, 99=439, 99.9=5783, 99.99=5783] 
2026-04-29 15:26:12:308 25 sec: 266891 operations; 12705 current ops/sec; [READ: Count=12070, Max=3197, Min=5, Avg=67.39, 90=135, 99=182, 99.9=376, 99.99=2925] [UPDATE: Count=635, Max=2509, Min=162, Avg=269.75, 90=341, 99=436, 99.9=2509, 99.99=2509] 
2026-04-29 15:26:13:308 26 sec: 277549 operations; 10658 current ops/sec; [READ: Count=10104, Max=2839, Min=5, Avg=74.26, 90=149, 99=204, 99.9=835, 99.99=2755] [UPDATE: Count=552, Max=70015, Min=168, Avg=420.03, 90=392, 99=515, 99.9=70015, 99.99=70015] 
2026-04-29 15:26:14:314 27 sec: 287574 operations; 9975.12 current ops/sec; [READ: Count=9531, Max=7223, Min=5, Avg=85.76, 90=165, 99=217, 99.9=2123, 99.99=7223] [UPDATE: Count=498, Max=1352, Min=179, Avg=358.54, 90=511, 99=1097, 99.9=1352, 99.99=1352] 
2026-04-29 15:26:15:308 28 sec: 299424 operations; 11909.55 current ops/sec; [READ: Count=11245, Max=3021, Min=5, Avg=71.92, 90=138, 99=194, 99.9=662, 99.99=2731] [UPDATE: Count=601, Max=761, Min=169, Avg=281.32, 90=363, 99=463, 99.9=761, 99.99=761] 
2026-04-29 15:26:16:308 29 sec: 311645 operations; 12221 current ops/sec; [READ: Count=11649, Max=9895, Min=5, Avg=70.88, 90=136, 99=186, 99.9=365, 99.99=3021] [UPDATE: Count=572, Max=2165, Min=177, Avg=280.45, 90=351, 99=446, 99.9=2165, 99.99=2165] 
2026-04-29 15:26:17:308 30 sec: 324474 operations; 12829 current ops/sec; [READ: Count=12169, Max=3281, Min=5, Avg=66.64, 90=132, 99=177, 99.9=412, 99.99=3105] [UPDATE: Count=662, Max=542, Min=171, Avg=263.23, 90=341, 99=400, 99.9=542, 99.99=542] 
2026-04-29 15:26:18:308 31 sec: 337316 operations; 12842 current ops/sec; [READ: Count=12177, Max=3379, Min=5, Avg=66.12, 90=132, 99=177, 99.9=241, 99.99=2887] [UPDATE: Count=667, Max=543, Min=177, Avg=269.53, 90=346, 99=419, 99.9=543, 99.99=543] 
2026-04-29 15:26:19:014 - Compaction started: 
2026-04-29 15:26:19:308 32 sec: 349276 operations; 11960 current ops/sec; [READ: Count=11450, Max=3805, Min=5, Avg=66.47, 90=135, 99=172, 99.9=1408, 99.99=3149] [UPDATE: Count=509, Max=73407, Min=171, Avg=442.35, 90=357, 99=954, 99.9=73407, 99.99=73407] 
140274839746112:Compacting datalog/43 datalog/44 into:sstable1/9029beda-c8ae-42f5-bbf0-b56854ee0e19202604290925471777476379194638980.sst
2026-04-29 15:26:19:515 - Compaction completed: 
2026-04-29 15:26:20:308 33 sec: 361049 operations; 11773 current ops/sec; [READ: Count=11202, Max=9759, Min=5, Avg=73.33, 90=141, 99=211, 99.9=581, 99.99=2715] [UPDATE: Count=572, Max=603, Min=172, Avg=286.49, 90=380, 99=471, 99.9=603, 99.99=603] 
2026-04-29 15:26:21:308 34 sec: 372514 operations; 11465 current ops/sec; [READ: Count=10894, Max=11423, Min=5, Avg=75.35, 90=149, 99=212, 99.9=743, 99.99=3517] [UPDATE: Count=568, Max=2913, Min=178, Avg=290, 90=383, 99=459, 99.9=2913, 99.99=2913] 
2026-04-29 15:26:22:308 35 sec: 384662 operations; 12148 current ops/sec; [READ: Count=11521, Max=3153, Min=5, Avg=69.81, 90=140, 99=199, 99.9=378, 99.99=2755] [UPDATE: Count=629, Max=1050, Min=175, Avg=287.02, 90=373, 99=481, 99.9=1050, 99.99=1050] 
2026-04-29 15:26:23:308 36 sec: 397335 operations; 12673 current ops/sec; [READ: Count=12046, Max=3049, Min=5, Avg=67.25, 90=136, 99=192, 99.9=411, 99.99=2747] [UPDATE: Count=627, Max=2755, Min=174, Avg=278.42, 90=356, 99=450, 99.9=2755, 99.99=2755] 
2026-04-29 15:26:24:308 37 sec: 407238 operations; 9903 current ops/sec; [READ: Count=9369, Max=2967, Min=5, Avg=73.44, 90=148, 99=214, 99.9=1047, 99.99=2967] [UPDATE: Count=535, Max=74175, Min=174, Avg=559.41, 90=819, 99=1391, 99.9=74175, 99.99=74175] 
2026-04-29 15:26:25:308 38 sec: 419211 operations; 11973 current ops/sec; [READ: Count=11386, Max=2881, Min=5, Avg=66.07, 90=134, 99=174, 99.9=460, 99.99=2757] [UPDATE: Count=585, Max=76735, Min=169, Avg=399.07, 90=342, 99=436, 99.9=76735, 99.99=76735] 
2026-04-29 15:26:26:308 39 sec: 430492 operations; 11281 current ops/sec; [READ: Count=10699, Max=6735, Min=5, Avg=76.37, 90=149, 99=212, 99.9=1699, 99.99=2729] [UPDATE: Count=581, Max=2579, Min=184, Avg=289.75, 90=375, 99=465, 99.9=2579, 99.99=2579] 
2026-04-29 15:26:27:308 40 sec: 442803 operations; 12311 current ops/sec; [READ: Count=11709, Max=12695, Min=5, Avg=70.37, 90=139, 99=186, 99.9=785, 99.99=3229] [UPDATE: Count=607, Max=526, Min=169, Avg=265.72, 90=343, 99=403, 99.9=526, 99.99=526] 
2026-04-29 15:26:28:308 41 sec: 454979 operations; 12176 current ops/sec; [READ: Count=11542, Max=2761, Min=5, Avg=63.81, 90=132, 99=169, 99.9=414, 99.99=2747] [UPDATE: Count=630, Max=77951, Min=177, Avg=395.45, 90=345, 99=411, 99.9=77951, 99.99=77951] 
2026-04-29 15:26:29:308 42 sec: 463974 operations; 8995 current ops/sec; [READ: Count=8531, Max=4759, Min=5, Avg=79.49, 90=164, 99=233, 99.9=1542, 99.99=4759] [UPDATE: Count=463, Max=77375, Min=174, Avg=668.78, 90=979, 99=1609, 99.9=77375, 99.99=77375] 
2026-04-29 15:26:30:308 43 sec: 476285 operations; 12311 current ops/sec; [READ: Count=11722, Max=3169, Min=5, Avg=70.33, 90=141, 99=203, 99.9=1615, 99.99=2763] [UPDATE: Count=593, Max=886, Min=160, Avg=271.35, 90=356, 99=462, 99.9=886, 99.99=886] 
2026-04-29 15:26:31:308 44 sec: 488264 operations; 11979 current ops/sec; [READ: Count=11382, Max=2831, Min=5, Avg=68.72, 90=138, 99=205, 99.9=359, 99.99=2745] [UPDATE: Count=594, Max=41727, Min=167, Avg=343.52, 90=364, 99=480, 99.9=41727, 99.99=41727] 
2026-04-29 15:26:32:308 45 sec: 500775 operations; 12511 current ops/sec; [READ: Count=11921, Max=6607, Min=5, Avg=69.08, 90=136, 99=183, 99.9=1970, 99.99=2979] [UPDATE: Count=594, Max=3151, Min=172, Avg=272.42, 90=341, 99=422, 99.9=3151, 99.99=3151] 
2026-04-29 15:26:33:308 46 sec: 513417 operations; 12642 current ops/sec; [READ: Count=12013, Max=3449, Min=5, Avg=68.26, 90=137, 99=181, 99.9=424, 99.99=2727] [UPDATE: Count=625, Max=460, Min=164, Avg=265.08, 90=339, 99=400, 99.9=460, 99.99=460] 
2026-04-29 15:26:34:308 47 sec: 524600 operations; 11183 current ops/sec; [READ: Count=10609, Max=2759, Min=5, Avg=68.78, 90=138, 99=177, 99.9=785, 99.99=2257] [UPDATE: Count=575, Max=73983, Min=169, Avg=447.67, 90=454, 99=1091, 99.9=73983, 99.99=73983] 
2026-04-29 15:26:35:308 48 sec: 536686 operations; 12086 current ops/sec; [READ: Count=11520, Max=2685, Min=5, Avg=71.08, 90=140, 99=200, 99.9=420, 99.99=2671] [UPDATE: Count=565, Max=4447, Min=175, Avg=295.61, 90=365, 99=466, 99.9=4447, 99.99=4447] 
2026-04-29 15:26:36:308 49 sec: 546649 operations; 9963 current ops/sec; [READ: Count=9447, Max=3255, Min=5, Avg=87.21, 90=179, 99=238, 99.9=2087, 99.99=3255] [UPDATE: Count=516, Max=2173, Min=183, Avg=313.8, 90=422, 99=490, 99.9=2173, 99.99=2173] 
2026-04-29 15:26:37:308 50 sec: 558747 operations; 12098 current ops/sec; [READ: Count=11513, Max=3169, Min=5, Avg=70.24, 90=141, 99=204, 99.9=460, 99.99=2825] [UPDATE: Count=583, Max=656, Min=171, Avg=275.2, 90=353, 99=490, 99.9=656, 99.99=656] 
2026-04-29 15:26:38:308 51 sec: 569307 operations; 10560 current ops/sec; [READ: Count=10016, Max=11327, Min=5, Avg=79.71, 90=159, 99=226, 99.9=796, 99.99=2593] [UPDATE: Count=544, Max=45087, Min=169, Avg=375.34, 90=403, 99=534, 99.9=45087, 99.99=45087] 
2026-04-29 15:26:39:308 52 sec: 578363 operations; 9056 current ops/sec; [READ: Count=8590, Max=14047, Min=5, Avg=79.2, 90=151, 99=240, 99.9=1915, 99.99=14047] [UPDATE: Count=466, Max=78079, Min=191, Avg=661.24, 90=958, 99=1773, 99.9=78079, 99.99=78079] 
2026-04-29 15:26:40:308 53 sec: 589500 operations; 11137 current ops/sec; [READ: Count=10581, Max=2753, Min=5, Avg=77.27, 90=151, 99=231, 99.9=472, 99.99=2733] [UPDATE: Count=557, Max=2589, Min=174, Avg=303.38, 90=398, 99=699, 99.9=2589, 99.99=2589] 
2026-04-29 15:26:41:308 54 sec: 601123 operations; 11623 current ops/sec; [READ: Count=11053, Max=2921, Min=5, Avg=73.79, 90=145, 99=218, 99.9=907, 99.99=2635] [UPDATE: Count=570, Max=3449, Min=177, Avg=299.14, 90=377, 99=497, 99.9=3449, 99.99=3449] 
2026-04-29 15:26:42:308 55 sec: 613153 operations; 12030 current ops/sec; [READ: Count=11364, Max=3123, Min=5, Avg=70.6, 90=140, 99=191, 99.9=856, 99.99=3091] [UPDATE: Count=667, Max=644, Min=174, Avg=275.17, 90=355, 99=442, 99.9=644, 99.99=644] 
2026-04-29 15:26:43:308 56 sec: 624225 operations; 11072 current ops/sec; [READ: Count=10531, Max=2975, Min=5, Avg=77.62, 90=158, 99=220, 99.9=1086, 99.99=2789] [UPDATE: Count=544, Max=3989, Min=170, Avg=310.23, 90=402, 99=510, 99.9=3989, 99.99=3989] 
2026-04-29 15:26:44:308 57 sec: 633890 operations; 9665 current ops/sec; [READ: Count=9211, Max=14047, Min=5, Avg=78.53, 90=152, 99=226, 99.9=1874, 99.99=14047] [UPDATE: Count=455, Max=72639, Min=172, Avg=580.26, 90=830, 99=2269, 99.9=72639, 99.99=72639] 
2026-04-29 15:26:45:308 58 sec: 644269 operations; 10379 current ops/sec; [READ: Count=9872, Max=2749, Min=5, Avg=84.02, 90=164, 99=236, 99.9=1794, 99.99=2749] [UPDATE: Count=502, Max=565, Min=176, Avg=311.59, 90=422, 99=486, 99.9=565, 99.99=565] 
2026-04-29 15:26:46:308 59 sec: 656657 operations; 12388 current ops/sec; [READ: Count=11779, Max=2559, Min=5, Avg=69.08, 90=138, 99=175, 99.9=397, 99.99=2539] [UPDATE: Count=612, Max=2877, Min=177, Avg=281.86, 90=347, 99=418, 99.9=2877, 99.99=2877] 
2026-04-29 15:26:47:308 60 sec: 669194 operations; 12537 current ops/sec; [READ: Count=11899, Max=2613, Min=5, Avg=67.4, 90=138, 99=174, 99.9=408, 99.99=2541] [UPDATE: Count=642, Max=9159, Min=182, Avg=286.43, 90=351, 99=396, 99.9=9159, 99.99=9159] 
2026-04-29 15:26:48:308 61 sec: 681512 operations; 12318 current ops/sec; [READ: Count=11692, Max=2727, Min=5, Avg=69.55, 90=142, 99=195, 99.9=785, 99.99=2431] [UPDATE: Count=619, Max=3661, Min=182, Avg=278.85, 90=352, 99=440, 99.9=3661, 99.99=3661] 
2026-04-29 15:26:49:308 62 sec: 691429 operations; 9917 current ops/sec; [READ: Count=9440, Max=2639, Min=5, Avg=68.36, 90=141, 99=180, 99.9=928, 99.99=2639] [UPDATE: Count=476, Max=73215, Min=177, Avg=718.46, 90=368, 99=9783, 99.9=73215, 99.99=73215] 
2026-04-29 15:26:50:308 63 sec: 693719 operations; 2290 current ops/sec; [READ: Count=2181, Max=669, Min=5, Avg=77.47, 90=166, 99=309, 99.9=590, 99.99=669] [UPDATE: Count=109, Max=14543, Min=1276, Avg=7599.85, 90=9527, 99=13999, 99.9=14543, 99.99=14543] 
2026-04-29 15:26:51:308 64 sec: 701306 operations; 7587 current ops/sec; [READ: Count=7216, Max=2873, Min=5, Avg=68.3, 90=142, 99=210, 99.9=430, 99.99=2873] [UPDATE: Count=371, Max=9367, Min=174, Avg=1259.43, 90=6059, 99=8191, 99.9=9367, 99.99=9367] 
2026-04-29 15:26:52:308 65 sec: 713293 operations; 11987 current ops/sec; [READ: Count=11399, Max=8111, Min=5, Avg=68.73, 90=137, 99=176, 99.9=885, 99.99=4555] [UPDATE: Count=590, Max=76415, Min=173, Avg=397.39, 90=345, 99=420, 99.9=76415, 99.99=76415] 
2026-04-29 15:26:53:308 66 sec: 724708 operations; 11415 current ops/sec; [READ: Count=10811, Max=18783, Min=5, Avg=75.52, 90=147, 99=214, 99.9=1893, 99.99=3159] [UPDATE: Count=604, Max=1090, Min=178, Avg=281.33, 90=358, 99=446, 99.9=1090, 99.99=1090] 
2026-04-29 15:26:54:308 67 sec: 735364 operations; 10656 current ops/sec; [READ: Count=10125, Max=2929, Min=5, Avg=72.63, 90=147, 99=223, 99.9=524, 99.99=2799] [UPDATE: Count=529, Max=57407, Min=174, Avg=472.72, 90=378, 99=5235, 99.9=57407, 99.99=57407] 
2026-04-29 15:26:55:308 68 sec: 737881 operations; 2517 current ops/sec; [READ: Count=2387, Max=769, Min=5, Avg=71.17, 90=152, 99=249, 99.9=605, 99.99=769] [UPDATE: Count=133, Max=45663, Min=2712, Avg=6228.23, 90=7291, 99=14263, 99.9=45663, 99.99=45663] 
2026-04-29 15:26:56:308 69 sec: 747493 operations; 9612 current ops/sec; [READ: Count=9181, Max=2971, Min=5, Avg=74.33, 90=148, 99=224, 99.9=344, 99.99=2971] [UPDATE: Count=430, Max=8975, Min=177, Avg=711.78, 90=1037, 99=6359, 99.9=8975, 99.99=8975] 
2026-04-29 15:26:57:308 70 sec: 759651 operations; 12158 current ops/sec; [READ: Count=11548, Max=2563, Min=5, Avg=70.72, 90=143, 99=200, 99.9=449, 99.99=2531] [UPDATE: Count=612, Max=1810, Min=167, Avg=276.51, 90=355, 99=492, 99.9=1810, 99.99=1810] 
2026-04-29 15:26:58:308 71 sec: 771673 operations; 12022 current ops/sec; [READ: Count=11389, Max=3323, Min=5, Avg=71.18, 90=146, 99=206, 99.9=496, 99.99=3081] [UPDATE: Count=630, Max=2463, Min=175, Avg=277.61, 90=355, 99=461, 99.9=2463, 99.99=2463] 
2026-04-29 15:26:59:308 72 sec: 781952 operations; 10279 current ops/sec; [READ: Count=9724, Max=10639, Min=5, Avg=79.37, 90=157, 99=241, 99.9=1926, 99.99=10639] [UPDATE: Count=554, Max=44863, Min=170, Avg=386.49, 90=418, 99=515, 99.9=44863, 99.99=44863] 
2026-04-29 15:27:00:308 73 sec: 791464 operations; 9512 current ops/sec; [READ: Count=9001, Max=5651, Min=5, Avg=82.09, 90=156, 99=235, 99.9=1850, 99.99=5651] [UPDATE: Count=513, Max=56895, Min=174, Avg=487.11, 90=633, 99=1225, 99.9=56895, 99.99=56895] 
2026-04-29 15:27:01:308 74 sec: 801506 operations; 10042 current ops/sec; [READ: Count=9556, Max=2799, Min=5, Avg=86.91, 90=178, 99=254, 99.9=454, 99.99=2799] [UPDATE: Count=486, Max=2953, Min=171, Avg=319.5, 90=427, 99=519, 99.9=2953, 99.99=2953] 
2026-04-29 15:27:02:308 75 sec: 811949 operations; 10443 current ops/sec; [READ: Count=9950, Max=3025, Min=5, Avg=78.17, 90=156, 99=239, 99.9=923, 99.99=3025] [UPDATE: Count=493, Max=60063, Min=181, Avg=424.3, 90=410, 99=519, 99.9=60063, 99.99=60063] 
2026-04-29 15:27:03:308 76 sec: 824038 operations; 12089 current ops/sec; [READ: Count=11498, Max=3875, Min=5, Avg=71.25, 90=144, 99=198, 99.9=1729, 99.99=3819] [UPDATE: Count=596, Max=2187, Min=174, Avg=279.74, 90=361, 99=450, 99.9=2187, 99.99=2187] 
2026-04-29 15:27:04:308 77 sec: 836567 operations; 12529 current ops/sec; [READ: Count=11882, Max=3575, Min=5, Avg=68.04, 90=142, 99=185, 99.9=432, 99.99=2737] [UPDATE: Count=642, Max=2589, Min=167, Avg=275.8, 90=352, 99=414, 99.9=2589, 99.99=2589] 
2026-04-29 15:27:04:887 - Compaction started: 
2026-04-29 15:27:05:308 78 sec: 847258 operations; 10691 current ops/sec; [READ: Count=10158, Max=2999, Min=5, Avg=72.86, 90=146, 99=216, 99.9=2014, 99.99=2683] [UPDATE: Count=537, Max=73023, Min=182, Avg=460.55, 90=393, 99=1137, 99.9=73023, 99.99=73023] 
140274839746112:Compacting datalog/57 datalog/58 into:sstable1/9029beda-c8ae-42f5-bbf0-b56854ee0e19202604290925471777476425023708144.sst
2026-04-29 15:27:05:387 - Compaction completed: 
2026-04-29 15:27:05:407 - Compaction started: 
2026-04-29 15:27:06:308 79 sec: 853643 operations; 6385 current ops/sec; [READ: Count=6067, Max=197631, Min=8, Avg=147.02, 90=169, 99=226, 99.9=2357, 99.99=197631] [UPDATE: Count=316, Max=518, Min=204, Avg=314.42, 90=397, 99=457, 99.9=518, 99.99=518] 
140274839746112:Compacting sstable1/dc4af104-4265-46eb-a0f9-6dff70188b17202604290925471777476391390680040.sst sstable1/dc4af104-4265-46eb-a0f9-6dff70188b17202604290925471777476397487035367.sst into:sstable2/9029beda-c8ae-42f5-bbf0-b56854ee0e19202604290925471777476425953144055.sst
2026-04-29 15:27:06:785 - Compaction completed: 
2026-04-29 15:27:07:308 80 sec: 864936 operations; 11293 current ops/sec; [READ: Count=10730, Max=3371, Min=5, Avg=75.13, 90=152, 99=210, 99.9=618, 99.99=2711] [UPDATE: Count=563, Max=16495, Min=171, Avg=318.69, 90=387, 99=509, 99.9=16495, 99.99=16495] 
2026-04-29 15:27:08:308 81 sec: 877411 operations; 12475 current ops/sec; [READ: Count=11854, Max=3187, Min=5, Avg=68.37, 90=143, 99=185, 99.9=420, 99.99=2965] [UPDATE: Count=619, Max=9007, Min=173, Avg=282.53, 90=349, 99=415, 99.9=9007, 99.99=9007] 
2026-04-29 15:27:09:308 82 sec: 889165 operations; 11754 current ops/sec; [READ: Count=11146, Max=2881, Min=5, Avg=73.14, 90=152, 99=223, 99.9=514, 99.99=2645] [UPDATE: Count=609, Max=480, Min=170, Avg=279.71, 90=366, 99=465, 99.9=480, 99.99=480] 
2026-04-29 15:27:10:308 83 sec: 899815 operations; 10650 current ops/sec; [READ: Count=10161, Max=3541, Min=5, Avg=69.59, 90=145, 99=187, 99.9=575, 99.99=2579] [UPDATE: Count=490, Max=72703, Min=162, Avg=572.2, 90=881, 99=1340, 99.9=72703, 99.99=72703] 
2026-04-29 15:27:11:308 84 sec: 911380 operations; 11565 current ops/sec; [READ: Count=10959, Max=2753, Min=5, Avg=71.13, 90=149, 99=197, 99.9=443, 99.99=2659] [UPDATE: Count=604, Max=40479, Min=169, Avg=342.09, 90=356, 99=423, 99.9=40479, 99.99=40479] 
2026-04-29 15:27:12:309 85 sec: 920284 operations; 8895.1 current ops/sec; [READ: Count=8446, Max=9255, Min=6, Avg=98.3, 90=198, 99=269, 99.9=2279, 99.99=9255] [UPDATE: Count=462, Max=2781, Min=202, Avg=340.94, 90=438, 99=538, 99.9=2781, 99.99=2781] 
2026-04-29 15:27:13:308 86 sec: 930708 operations; 10434.43 current ops/sec; [READ: Count=9903, Max=3727, Min=6, Avg=83.16, 90=169, 99=253, 99.9=842, 99.99=3727] [UPDATE: Count=519, Max=2765, Min=170, Avg=310.48, 90=411, 99=517, 99.9=2765, 99.99=2765] 
2026-04-29 15:27:14:308 87 sec: 942657 operations; 11949 current ops/sec; [READ: Count=11348, Max=2675, Min=6, Avg=72.13, 90=146, 99=212, 99.9=435, 99.99=2597] [UPDATE: Count=600, Max=1079, Min=174, Avg=279.42, 90=371, 99=455, 99.9=1079, 99.99=1079] 
2026-04-29 15:27:15:308 88 sec: 952207 operations; 9550 current ops/sec; [READ: Count=9103, Max=5859, Min=5, Avg=79, 90=162, 99=241, 99.9=887, 99.99=5859] [UPDATE: Count=446, Max=68799, Min=181, Avg=601.59, 90=572, 99=1327, 99.9=68799, 99.99=68799] 
2026-04-29 15:27:16:308 89 sec: 964465 operations; 12258 current ops/sec; [READ: Count=11623, Max=3265, Min=5, Avg=69.8, 90=143, 99=181, 99.9=712, 99.99=2985] [UPDATE: Count=635, Max=571, Min=174, Avg=274.19, 90=352, 99=414, 99.9=571, 99.99=571] 
Maximum time elapsed. Requesting stop for the workload.
Stop requested for workload. Now Joining!
[OZONEDB-PROFILE] reads=976681  avg_total=70.71us  view=5.51us(7.8%)  log=3.45us(4.9%)  sst=93.60us_per_call x 641909_calls(87.0%_of_total)
[OZONEDB-SST-PROFILE] level | time_total_ms | enters | range_rejects | table_gets | hits
[OZONEDB-SST-PROFILE] L1  |     13170.63 |  2503661 |       202063 |    2301598 | 159002
[OZONEDB-SST-PROFILE] L2  |      9203.94 |  1666671 |       420623 |    1246048 |  87843
[OZONEDB-SST-PROFILE] L3  |      2755.55 |   789437 |       394377 |     395060 |  26262
[OZONEDB-SST-PROFILE] L4  |      2720.99 |   736374 |       367576 |     368798 |  26844
[OZONEDB-SST-PROFILE] L5  |      2603.16 |   682928 |       340994 |     341934 |  26485
[OZONEDB-SST-PROFILE] L6  |      2562.51 |   630048 |       314590 |     315458 |  26255
[OZONEDB-SST-PROFILE] L7  |     26640.04 |   998343 |           40 |     998303 | 289218
[OZONEDB-TBL-PROFILE] file_filter_reject=5267880  block_filter_reject=56703  index_invalid=0  block_read_more=552268  hit_from_cache=90348  miss_after_read=707  found=641909
2026-04-29 15:27:17:308 90 sec: 976676 operations; 12211 current ops/sec; [READ: Count=11620, Max=2791, Min=6, Avg=70.62, 90=147, 99=201, 99.9=459, 99.99=2673] [UPDATE: Count=592, Max=1675, Min=179, Avg=278.58, 90=359, 99=446, 99.9=1675, 99.99=1675] 
2026-04-29 15:27:17:388 90 sec: 976681 operations; 62.5 current ops/sec; [READ: Count=2, Max=127, Min=10, Avg=68.5, 90=127, 99=127, 99.9=127, 99.99=127] [CLEANUP: Count=1, Max=79807, Min=79744, Avg=79776, 90=79807, 99=79807, 99.9=79807, 99.99=79807] [UPDATE: Count=0, Max=0, Min=0, Avg=0, 90=0, 99=0, 99.9=0, 99.99=0] 
[OVERALL], RunTime(ms), 90083
[OVERALL], Throughput(ops/sec), 10842.012366373234
[TOTAL_GCS_PS_Scavenge], Count, 6
[TOTAL_GC_TIME_PS_Scavenge], Time(ms), 45
[TOTAL_GC_TIME_%_PS_Scavenge], Time(%), 0.049953931374399164
[TOTAL_GCS_PS_MarkSweep], Count, 0
[TOTAL_GC_TIME_PS_MarkSweep], Time(ms), 0
[TOTAL_GC_TIME_%_PS_MarkSweep], Time(%), 0.0
[TOTAL_GCs], Count, 6
[TOTAL_GC_TIME], Time(ms), 45
[TOTAL_GC_TIME_%], Time(%), 0.049953931374399164
[READ], Operations, 927756
[READ], AverageLatency(us), 72.85842398216772
[READ], MinLatency(us), 4
[READ], MaxLatency(us), 197631
[READ], 95thPercentileLatency(us), 162
[READ], 99thPercentileLatency(us), 209
[READ], Return=OK, 927756
[CLEANUP], Operations, 1
[CLEANUP], AverageLatency(us), 79776.0
[CLEANUP], MinLatency(us), 79744
[CLEANUP], MaxLatency(us), 79807
[CLEANUP], 95thPercentileLatency(us), 79807
[CLEANUP], 99thPercentileLatency(us), 79807
[UPDATE], Operations, 48925
[UPDATE], AverageLatency(us), 424.62800204394483
[UPDATE], MinLatency(us), 160
[UPDATE], MaxLatency(us), 78079
[UPDATE], 95thPercentileLatency(us), 464
[UPDATE], 99thPercentileLatency(us), 5551
[UPDATE], Return=OK, 48925
	Command being timed: "/usr/lib/jvm/java-8-openjdk-amd64/bin/java -cp /users/Xinying/ozonedb/ycsb/ozonedb/conf:/users/Xinying/ozonedb/ycsb/ozonedb/target/ozonedb-binding-0.18.0-SNAPSHOT.jar:/users/Xinying/.m2/repository/org/apache/htrace/htrace-core4/4.1.0-incubating/htrace-core4-4.1.0-incubating.jar:/users/Xinying/.m2/repository/org/slf4j/slf4j-api/1.7.25/slf4j-api-1.7.25.jar:/users/Xinying/.m2/repository/org/hdrhistogram/HdrHistogram/2.1.12/HdrHistogram-2.1.12.jar:/users/Xinying/.m2/repository/ch/qos/logback/logback-classic/1.2.3/logback-classic-1.2.3.jar:/users/Xinying/.m2/repository/ozonedbjnimaven/demoproc-jni/1.0/demoproc-jni-1.0.jar:/users/Xinying/.m2/repository/ch/qos/logback/logback-core/1.2.3/logback-core-1.2.3.jar:/users/Xinying/.m2/repository/org/codehaus/jackson/jackson-mapper-asl/1.9.4/jackson-mapper-asl-1.9.4.jar:/users/Xinying/.m2/repository/org/slf4j/slf4j-simple/1.7.25/slf4j-simple-1.7.25.jar:/users/Xinying/.m2/repository/org/codehaus/jackson/jackson-core-asl/1.9.4/jackson-core-asl-1.9.4.jar:/users/Xinying/ozonedb/ycsb/core/target/core-0.18.0-SNAPSHOT.jar site.ycsb.Client -db site.ycsb.db.OzoneDBClient -threads 1 -s -P /users/Xinying/ozonedb/ycsb/workloads/generated_workloads/workloadb_1KB_1000000_1000000 -p status.interval=1 -p maxexecutiontime=90 -p operationcount=0 -p shared_config=/tmp/phase1_ozonedb_configs/shared_config_SHARED_workloadb_p16_r1_proc1.json -t"
	User time (seconds): 49.82
	System time (seconds): 35.76
	Percent of CPU this job got: 92%
	Elapsed (wall clock) time (h:mm:ss or m:ss): 1:32.99
	Average shared text size (kbytes): 0
	Average unshared data size (kbytes): 0
	Average stack size (kbytes): 0
	Average total size (kbytes): 0
	Maximum resident set size (kbytes): 5337196
	Average resident set size (kbytes): 0
	Major (requiring I/O) page faults: 408
	Minor (reclaiming a frame) page faults: 1371180
	Voluntary context switches: 129133
	Involuntary context switches: 2106
	Swaps: 0
	File system inputs: 11316499
	File system outputs: 468753
	Socket messages sent: 0
	Socket messages received: 0
	Signals delivered: 0
	Page size (bytes): 4096
	Exit status: 0
