# CMD: /usr/bin/time -v /usr/lib/jvm/java-8-openjdk-amd64/bin/java -cp /users/Xinying/ozonedb/ycsb/ozonedb/conf:/users/Xinying/ozonedb/ycsb/ozonedb/target/ozonedb-binding-0.18.0-SNAPSHOT.jar:/users/Xinying/.m2/repository/org/apache/htrace/htrace-core4/4.1.0-incubating/htrace-core4-4.1.0-incubating.jar:/users/Xinying/.m2/repository/org/slf4j/slf4j-api/1.7.25/slf4j-api-1.7.25.jar:/users/Xinying/.m2/repository/org/hdrhistogram/HdrHistogram/2.1.12/HdrHistogram-2.1.12.jar:/users/Xinying/.m2/repository/ch/qos/logback/logback-classic/1.2.3/logback-classic-1.2.3.jar:/users/Xinying/.m2/repository/ozonedbjnimaven/demoproc-jni/1.0/demoproc-jni-1.0.jar:/users/Xinying/.m2/repository/ch/qos/logback/logback-core/1.2.3/logback-core-1.2.3.jar:/users/Xinying/.m2/repository/org/codehaus/jackson/jackson-mapper-asl/1.9.4/jackson-mapper-asl-1.9.4.jar:/users/Xinying/.m2/repository/org/slf4j/slf4j-simple/1.7.25/slf4j-simple-1.7.25.jar:/users/Xinying/.m2/repository/org/codehaus/jackson/jackson-core-asl/1.9.4/jackson-core-asl-1.9.4.jar:/users/Xinying/ozonedb/ycsb/core/target/core-0.18.0-SNAPSHOT.jar site.ycsb.Client -db site.ycsb.db.OzoneDBClient -threads 1 -s -P /users/Xinying/ozonedb/ycsb/workloads/generated_workloads/workloadb_1KB_1000000_1000000 -p status.interval=1 -p maxexecutiontime=90 -p operationcount=0 -p shared_config=/tmp/phase1_ozonedb_configs/shared_config_SHARED_workloadb_p8_r1_proc5.json -t
# shared_work_path=/tank/ycsb_data/multi-proc-run/shared_ozonedb  proc_id=5/8
Command line: -db site.ycsb.db.OzoneDBClient -threads 1 -s -P /users/Xinying/ozonedb/ycsb/workloads/generated_workloads/workloadb_1KB_1000000_1000000 -p status.interval=1 -p maxexecutiontime=90 -p operationcount=0 -p shared_config=/tmp/phase1_ozonedb_configs/shared_config_SHARED_workloadb_p8_r1_proc5.json -t
YCSB Client 0.18.0-SNAPSHOT

Loading workload...
Starting test.
SLF4J: Class path contains multiple SLF4J bindings.
SLF4J: Found binding in [jar:file:/users/Xinying/.m2/repository/ch/qos/logback/logback-classic/1.2.3/logback-classic-1.2.3.jar!/org/slf4j/impl/StaticLoggerBinder.class]
SLF4J: Found binding in [jar:file:/users/Xinying/.m2/repository/org/slf4j/slf4j-simple/1.7.25/slf4j-simple-1.7.25.jar!/org/slf4j/impl/StaticLoggerBinder.class]
SLF4J: See http://www.slf4j.org/codes.html#multiple_bindings for an explanation.
SLF4J: Actual binding is of type [ch.qos.logback.classic.util.ContextSelectorStaticBinder]
Maximum execution time specified as: 90 secs
2026-04-29 15:24:08:216 0 sec: 0 operations; 
Starting compaction watcher
DBWrapper: report latency for each error is false and specific error codes to track for latency are: []
2026-04-29 15:24:09:216 1 sec: 6271 operations; 6271 current ops/sec; [READ: Count=5936, Max=47871, Min=4, Avg=91.04, 90=130, 99=180, 99.9=1185, 99.99=47871] [UPDATE: Count=354, Max=28191, Min=188, Avg=387.87, 90=387, 99=551, 99.9=28191, 99.99=28191] 
2026-04-29 15:24:10:216 2 sec: 18426 operations; 12155 current ops/sec; [READ: Count=11526, Max=2151, Min=4, Avg=69.85, 90=118, 99=152, 99.9=442, 99.99=1903] [UPDATE: Count=619, Max=1985, Min=170, Avg=267.84, 90=323, 99=411, 99.9=1985, 99.99=1985] 
2026-04-29 15:24:11:216 3 sec: 31578 operations; 13152 current ops/sec; [READ: Count=12463, Max=2101, Min=4, Avg=64.65, 90=115, 99=143, 99.9=635, 99.99=2027] [UPDATE: Count=687, Max=838, Min=167, Avg=248.35, 90=304, 99=347, 99.9=838, 99.99=838] 
2026-04-29 15:24:11:400 - NewTail completed: 
2026-04-29 15:24:12:216 4 sec: 45224 operations; 13646 current ops/sec; [READ: Count=12991, Max=4287, Min=4, Avg=62.54, 90=115, 99=142, 99.9=412, 99.99=1953] [UPDATE: Count=654, Max=1226, Min=164, Avg=248.34, 90=304, 99=429, 99.9=1226, 99.99=1226] 
2026-04-29 15:24:13:216 5 sec: 59255 operations; 14031 current ops/sec; [READ: Count=13299, Max=1668, Min=4, Avg=59.93, 90=114, 99=141, 99.9=377, 99.99=1386] [UPDATE: Count=730, Max=1709, Min=170, Avg=244.52, 90=300, 99=339, 99.9=1709, 99.99=1709] 
2026-04-29 15:24:14:215 6 sec: 72599 operations; 13344 current ops/sec; [READ: Count=12709, Max=1885, Min=4, Avg=60.13, 90=114, 99=140, 99.9=197, 99.99=1817] [UPDATE: Count=636, Max=42399, Min=161, Avg=338.29, 90=311, 99=1212, 99.9=42399, 99.99=42399] 
2026-04-29 15:24:15:215 7 sec: 86631 operations; 14032 current ops/sec; [READ: Count=13341, Max=1761, Min=4, Avg=60.63, 90=116, 99=142, 99.9=355, 99.99=1752] [UPDATE: Count=696, Max=564, Min=163, Avg=245.64, 90=303, 99=351, 99.9=564, 99.99=564] 
2026-04-29 15:24:16:215 8 sec: 100861 operations; 14230 current ops/sec; [READ: Count=13489, Max=1732, Min=4, Avg=59.31, 90=116, 99=141, 99.9=424, 99.99=1483] [UPDATE: Count=738, Max=1618, Min=163, Avg=242.89, 90=300, 99=346, 99.9=1618, 99.99=1618] 
2026-04-29 15:24:17:215 9 sec: 114827 operations; 13966 current ops/sec; [READ: Count=13238, Max=7883, Min=4, Avg=59.61, 90=116, 99=144, 99.9=430, 99.99=1435] [UPDATE: Count=728, Max=11847, Min=161, Avg=259.63, 90=302, 99=338, 99.9=11847, 99.99=11847] 
2026-04-29 15:24:18:216 10 sec: 128680 operations; 13853 current ops/sec; [READ: Count=13166, Max=1543, Min=5, Avg=62, 90=118, 99=145, 99.9=383, 99.99=1540] [UPDATE: Count=693, Max=672, Min=160, Avg=238.93, 90=294, 99=341, 99.9=672, 99.99=672] 
2026-04-29 15:24:19:216 11 sec: 141029 operations; 12349 current ops/sec; [READ: Count=11756, Max=6135, Min=5, Avg=62.58, 90=119, 99=146, 99.9=378, 99.99=1271] [UPDATE: Count=588, Max=49151, Min=163, Avg=419.64, 90=609, 99=1748, 99.9=49151, 99.99=49151] 
2026-04-29 15:24:20:216 12 sec: 154543 operations; 13514 current ops/sec; [READ: Count=12837, Max=4487, Min=4, Avg=63.36, 90=120, 99=148, 99.9=311, 99.99=1646] [UPDATE: Count=683, Max=1720, Min=160, Avg=246.36, 90=305, 99=343, 99.9=1720, 99.99=1720] 
2026-04-29 15:24:21:216 13 sec: 168625 operations; 14082 current ops/sec; [READ: Count=13377, Max=1731, Min=5, Avg=61.49, 90=118, 99=145, 99.9=394, 99.99=1640] [UPDATE: Count=701, Max=563, Min=153, Avg=229, 90=289, 99=333, 99.9=563, 99.99=563] 
2026-04-29 15:24:22:216 14 sec: 182755 operations; 14130 current ops/sec; [READ: Count=13425, Max=1768, Min=4, Avg=60.25, 90=117, 99=146, 99.9=403, 99.99=1727] [UPDATE: Count=707, Max=9615, Min=150, Avg=248.37, 90=299, 99=363, 99.9=9615, 99.99=9615] 
2026-04-29 15:24:23:215 15 sec: 196919 operations; 14164 current ops/sec; [READ: Count=13429, Max=1858, Min=4, Avg=60.35, 90=118, 99=145, 99.9=329, 99.99=1632] [UPDATE: Count=727, Max=389, Min=161, Avg=238.55, 90=300, 99=335, 99.9=389, 99.99=389] 
2026-04-29 15:24:24:216 16 sec: 203871 operations; 6952 current ops/sec; [READ: Count=6558, Max=1655, Min=4, Avg=63.21, 90=122, 99=167, 99.9=363, 99.99=1655] [UPDATE: Count=396, Max=63199, Min=151, Avg=1457.89, 90=6631, 99=13191, 99.9=63199, 99.99=63199] 
2026-04-29 15:24:25:215 17 sec: 214731 operations; 10860 current ops/sec; [READ: Count=10315, Max=1642, Min=4, Avg=59.59, 90=118, 99=146, 99.9=241, 99.99=1634] [UPDATE: Count=547, Max=12143, Min=155, Avg=681.65, 90=309, 99=10687, 99.9=12143, 99.99=12143] 
2026-04-29 15:24:26:216 18 sec: 229101 operations; 14370 current ops/sec; [READ: Count=13637, Max=2073, Min=4, Avg=59.5, 90=118, 99=146, 99.9=405, 99.99=1802] [UPDATE: Count=728, Max=380, Min=157, Avg=237.48, 90=298, 99=329, 99.9=380, 99.99=380] 
2026-04-29 15:24:27:216 19 sec: 243684 operations; 14583 current ops/sec; [READ: Count=13879, Max=1717, Min=4, Avg=58.83, 90=119, 99=146, 99.9=401, 99.99=1578] [UPDATE: Count=711, Max=1399, Min=153, Avg=235.74, 90=299, 99=348, 99.9=1399, 99.99=1399] 
2026-04-29 15:24:28:216 20 sec: 257809 operations; 14125 current ops/sec; [READ: Count=13381, Max=1730, Min=4, Avg=59.38, 90=119, 99=149, 99.9=458, 99.99=1718] [UPDATE: Count=740, Max=13959, Min=158, Avg=256.09, 90=298, 99=358, 99.9=13959, 99.99=13959] 
2026-04-29 15:24:29:216 21 sec: 266087 operations; 8278 current ops/sec; [READ: Count=7842, Max=6055, Min=5, Avg=65.1, 90=123, 99=154, 99.9=812, 99.99=6055] [UPDATE: Count=430, Max=55615, Min=171, Avg=1106.37, 90=367, 99=11535, 99.9=55615, 99.99=55615] 
2026-04-29 15:24:30:216 22 sec: 269845 operations; 3758 current ops/sec; [READ: Count=3564, Max=489, Min=5, Avg=63.83, 90=121, 99=160, 99.9=359, 99.99=489] [UPDATE: Count=194, Max=13103, Min=169, Avg=3974.98, 90=8991, 99=11543, 99.9=13103, 99.99=13103] 
2026-04-29 15:24:31:216 23 sec: 283689 operations; 13844 current ops/sec; [READ: Count=13171, Max=1687, Min=5, Avg=62.25, 90=120, 99=149, 99.9=245, 99.99=1432] [UPDATE: Count=680, Max=392, Min=164, Avg=243.51, 90=306, 99=336, 99.9=392, 99.99=392] 
2026-04-29 15:24:32:216 24 sec: 297703 operations; 14014 current ops/sec; [READ: Count=13311, Max=1920, Min=5, Avg=61.53, 90=120, 99=148, 99.9=199, 99.99=1498] [UPDATE: Count=700, Max=1557, Min=154, Avg=236.54, 90=300, 99=355, 99.9=1557, 99.99=1557] 
2026-04-29 15:24:33:216 25 sec: 311613 operations; 13910 current ops/sec; [READ: Count=13201, Max=1718, Min=5, Avg=61.48, 90=121, 99=150, 99.9=225, 99.99=1618] [UPDATE: Count=712, Max=1726, Min=154, Avg=235.97, 90=296, 99=355, 99.9=1726, 99.99=1726] 
2026-04-29 15:24:34:216 26 sec: 324986 operations; 13373 current ops/sec; [READ: Count=12689, Max=1891, Min=5, Avg=60.47, 90=120, 99=148, 99.9=399, 99.99=1711] [UPDATE: Count=679, Max=39807, Min=155, Avg=321.04, 90=298, 99=839, 99.9=39807, 99.99=39807] 
2026-04-29 15:24:35:216 27 sec: 339358 operations; 14372 current ops/sec; [READ: Count=13671, Max=1748, Min=5, Avg=60.19, 90=119, 99=145, 99.9=191, 99.99=1710] [UPDATE: Count=701, Max=374, Min=147, Avg=231.14, 90=292, 99=341, 99.9=374, 99.99=374] 
2026-04-29 15:24:36:216 28 sec: 353865 operations; 14507 current ops/sec; [READ: Count=13824, Max=1674, Min=5, Avg=59.71, 90=120, 99=149, 99.9=450, 99.99=1652] [UPDATE: Count=685, Max=1189, Min=154, Avg=232.36, 90=296, 99=353, 99.9=1189, 99.99=1189] 
2026-04-29 15:24:37:216 29 sec: 368320 operations; 14455 current ops/sec; [READ: Count=13736, Max=1715, Min=5, Avg=59.16, 90=120, 99=149, 99.9=400, 99.99=1591] [UPDATE: Count=717, Max=2199, Min=162, Avg=239.34, 90=300, 99=341, 99.9=2199, 99.99=2199] 
2026-04-29 15:24:38:216 30 sec: 382549 operations; 14229 current ops/sec; [READ: Count=13499, Max=1632, Min=5, Avg=59.89, 90=120, 99=148, 99.9=447, 99.99=1376] [UPDATE: Count=733, Max=409, Min=159, Avg=240.91, 90=309, 99=338, 99.9=409, 99.99=409] 
2026-04-29 15:24:39:216 31 sec: 396297 operations; 13748 current ops/sec; [READ: Count=13090, Max=1593, Min=5, Avg=58.58, 90=120, 99=147, 99.9=360, 99.99=1439] [UPDATE: Count=653, Max=52671, Min=165, Avg=332.75, 90=314, 99=769, 99.9=52671, 99.99=52671] 
2026-04-29 15:24:40:216 32 sec: 409440 operations; 13143 current ops/sec; [READ: Count=12502, Max=68543, Min=5, Avg=65.42, 90=121, 99=152, 99.9=432, 99.99=1600] [UPDATE: Count=645, Max=9375, Min=161, Avg=260.49, 90=306, 99=376, 99.9=9375, 99.99=9375] 
2026-04-29 15:24:41:216 33 sec: 423654 operations; 14214 current ops/sec; [READ: Count=13522, Max=1849, Min=5, Avg=60.06, 90=120, 99=148, 99.9=392, 99.99=1532] [UPDATE: Count=693, Max=593, Min=160, Avg=248.75, 90=308, 99=349, 99.9=593, 99.99=593] 
2026-04-29 15:24:42:216 34 sec: 437591 operations; 13937 current ops/sec; [READ: Count=13214, Max=1685, Min=5, Avg=60.87, 90=122, 99=150, 99.9=306, 99.99=1599] [UPDATE: Count=720, Max=1710, Min=169, Avg=250.68, 90=311, 99=355, 99.9=1710, 99.99=1710] 
2026-04-29 15:24:43:216 35 sec: 451706 operations; 14115 current ops/sec; [READ: Count=13384, Max=1566, Min=5, Avg=60.31, 90=122, 99=150, 99.9=398, 99.99=1488] [UPDATE: Count=731, Max=1340, Min=165, Avg=242.69, 90=307, 99=344, 99.9=1340, 99.99=1340] 
2026-04-29 15:24:44:215 36 sec: 465114 operations; 13408 current ops/sec; [READ: Count=12750, Max=4431, Min=5, Avg=60.11, 90=121, 99=149, 99.9=331, 99.99=1728] [UPDATE: Count=657, Max=55647, Min=163, Avg=333.02, 90=306, 99=725, 99.9=55647, 99.99=55647] 
2026-04-29 15:24:44:432 - NewTail completed: 
2026-04-29 15:24:45:216 37 sec: 479048 operations; 13934 current ops/sec; [READ: Count=13269, Max=1446, Min=5, Avg=59.94, 90=122, 99=149, 99.9=196, 99.99=1416] [UPDATE: Count=668, Max=1496, Min=161, Avg=283.28, 90=345, 99=1095, 99.9=1496, 99.99=1496] 
2026-04-29 15:24:46:215 38 sec: 493094 operations; 14046 current ops/sec; [READ: Count=13304, Max=1765, Min=5, Avg=60.68, 90=122, 99=149, 99.9=221, 99.99=1701] [UPDATE: Count=739, Max=1490, Min=156, Avg=239.7, 90=302, 99=338, 99.9=1490, 99.99=1490] 
2026-04-29 15:24:47:215 39 sec: 507242 operations; 14148 current ops/sec; [READ: Count=13440, Max=1729, Min=5, Avg=60.69, 90=122, 99=151, 99.9=337, 99.99=1418] [UPDATE: Count=710, Max=522, Min=160, Avg=237.51, 90=301, 99=355, 99.9=522, 99.99=522] 
2026-04-29 15:24:48:216 40 sec: 521355 operations; 14113 current ops/sec; [READ: Count=13375, Max=1611, Min=5, Avg=60.31, 90=123, 99=149, 99.9=377, 99.99=1588] [UPDATE: Count=739, Max=527, Min=166, Avg=240.94, 90=309, 99=361, 99.9=527, 99.99=527] 
2026-04-29 15:24:49:216 41 sec: 535620 operations; 14265 current ops/sec; [READ: Count=13504, Max=1559, Min=5, Avg=59.41, 90=122, 99=149, 99.9=410, 99.99=1547] [UPDATE: Count=758, Max=367, Min=166, Avg=240.32, 90=304, 99=344, 99.9=367, 99.99=367] 
2026-04-29 15:24:50:215 42 sec: 548906 operations; 13286 current ops/sec; [READ: Count=12612, Max=7083, Min=5, Avg=60.48, 90=122, 99=161, 99.9=382, 99.99=1757] [UPDATE: Count=674, Max=48095, Min=158, Avg=329.65, 90=310, 99=593, 99.9=48095, 99.99=48095] 
2026-04-29 15:24:51:216 43 sec: 562689 operations; 13783 current ops/sec; [READ: Count=13125, Max=1529, Min=5, Avg=62.76, 90=123, 99=152, 99.9=334, 99.99=1465] [UPDATE: Count=663, Max=397, Min=160, Avg=243.63, 90=308, 99=332, 99.9=397, 99.99=397] 
2026-04-29 15:24:52:216 44 sec: 576506 operations; 13817 current ops/sec; [READ: Count=13139, Max=1636, Min=5, Avg=62.41, 90=125, 99=156, 99.9=393, 99.99=1474] [UPDATE: Count=673, Max=419, Min=162, Avg=243.89, 90=307, 99=363, 99.9=419, 99.99=419] 
2026-04-29 15:24:53:216 45 sec: 590257 operations; 13751 current ops/sec; [READ: Count=13074, Max=1914, Min=5, Avg=62.67, 90=126, 99=167, 99.9=338, 99.99=1715] [UPDATE: Count=678, Max=412, Min=156, Avg=243.5, 90=311, 99=358, 99.9=412, 99.99=412] 
2026-04-29 15:24:54:216 46 sec: 604615 operations; 14358 current ops/sec; [READ: Count=13626, Max=1646, Min=5, Avg=59.33, 90=122, 99=150, 99.9=376, 99.99=1536] [UPDATE: Count=734, Max=1420, Min=165, Avg=239.68, 90=300, 99=344, 99.9=1420, 99.99=1420] 
2026-04-29 15:24:55:216 47 sec: 617482 operations; 12867 current ops/sec; [READ: Count=12246, Max=1547, Min=5, Avg=61.42, 90=124, 99=152, 99.9=328, 99.99=1324] [UPDATE: Count=621, Max=49695, Min=162, Avg=376.32, 90=375, 99=978, 99.9=49695, 99.99=49695] 
2026-04-29 15:24:56:216 48 sec: 631488 operations; 14006 current ops/sec; [READ: Count=13309, Max=3797, Min=5, Avg=61.09, 90=123, 99=151, 99.9=243, 99.99=1754] [UPDATE: Count=694, Max=1645, Min=160, Avg=246.67, 90=308, 99=359, 99.9=1645, 99.99=1645] 
2026-04-29 15:24:57:216 49 sec: 645682 operations; 14194 current ops/sec; [READ: Count=13479, Max=1428, Min=5, Avg=60.36, 90=124, 99=151, 99.9=243, 99.99=1380] [UPDATE: Count=716, Max=434, Min=159, Avg=238.73, 90=305, 99=348, 99.9=434, 99.99=434] 
2026-04-29 15:24:58:216 50 sec: 660046 operations; 14364 current ops/sec; [READ: Count=13649, Max=2059, Min=5, Avg=59.91, 90=123, 99=150, 99.9=444, 99.99=1463] [UPDATE: Count=718, Max=446, Min=156, Avg=231.49, 90=300, 99=363, 99.9=446, 99.99=446] 
2026-04-29 15:24:59:216 51 sec: 674154 operations; 14108 current ops/sec; [READ: Count=13378, Max=1597, Min=5, Avg=60.29, 90=123, 99=151, 99.9=431, 99.99=1580] [UPDATE: Count=726, Max=571, Min=163, Avg=245.08, 90=312, 99=347, 99.9=571, 99.99=571] 
2026-04-29 15:25:00:215 52 sec: 687342 operations; 13188 current ops/sec; [READ: Count=12486, Max=1774, Min=5, Avg=60, 90=124, 99=154, 99.9=334, 99.99=1660] [UPDATE: Count=703, Max=50303, Min=155, Avg=335.8, 90=312, 99=634, 99.9=50303, 99.99=50303] 
2026-04-29 15:25:01:216 53 sec: 700778 operations; 13436 current ops/sec; [READ: Count=12759, Max=7203, Min=5, Avg=64.67, 90=128, 99=161, 99.9=496, 99.99=1690] [UPDATE: Count=677, Max=716, Min=156, Avg=235.9, 90=298, 99=335, 99.9=716, 99.99=716] 
2026-04-29 15:25:02:216 54 sec: 714253 operations; 13475 current ops/sec; [READ: Count=12812, Max=1655, Min=5, Avg=63.65, 90=127, 99=159, 99.9=340, 99.99=1482] [UPDATE: Count=664, Max=10775, Min=150, Avg=254.7, 90=303, 99=357, 99.9=10775, 99.99=10775] 
2026-04-29 15:25:03:216 55 sec: 728434 operations; 14181 current ops/sec; [READ: Count=13434, Max=2012, Min=5, Avg=60.07, 90=124, 99=153, 99.9=317, 99.99=1473] [UPDATE: Count=746, Max=1633, Min=159, Avg=238.03, 90=303, 99=343, 99.9=1633, 99.99=1633] 
2026-04-29 15:25:04:216 56 sec: 742566 operations; 14132 current ops/sec; [READ: Count=13457, Max=1638, Min=5, Avg=61.26, 90=125, 99=155, 99.9=367, 99.99=1602] [UPDATE: Count=678, Max=395, Min=159, Avg=235.85, 90=304, 99=351, 99.9=395, 99.99=395] 
2026-04-29 15:25:05:216 57 sec: 754873 operations; 12307 current ops/sec; [READ: Count=11703, Max=1406, Min=5, Avg=61.18, 90=126, 99=156, 99.9=200, 99.99=1264] [UPDATE: Count=602, Max=50399, Min=160, Avg=448.8, 90=717, 99=1526, 99.9=50399, 99.99=50399] 
2026-04-29 15:25:06:215 58 sec: 768553 operations; 13680 current ops/sec; [READ: Count=12952, Max=1625, Min=5, Avg=61.32, 90=125, 99=151, 99.9=198, 99.99=1447] [UPDATE: Count=727, Max=10487, Min=172, Avg=262.3, 90=312, 99=373, 99.9=10487, 99.99=10487] 
2026-04-29 15:25:07:215 59 sec: 782326 operations; 13773 current ops/sec; [READ: Count=13042, Max=1670, Min=5, Avg=61.99, 90=126, 99=155, 99.9=229, 99.99=1578] [UPDATE: Count=731, Max=471, Min=157, Avg=241.41, 90=305, 99=362, 99.9=471, 99.99=471] 
2026-04-29 15:25:08:216 60 sec: 796234 operations; 13908 current ops/sec; [READ: Count=13193, Max=2219, Min=5, Avg=60.98, 90=125, 99=154, 99.9=394, 99.99=1589] [UPDATE: Count=714, Max=4435, Min=159, Avg=252.09, 90=313, 99=382, 99.9=4435, 99.99=4435] 
2026-04-29 15:25:09:216 61 sec: 810310 operations; 14076 current ops/sec; [READ: Count=13374, Max=1739, Min=5, Avg=60.97, 90=125, 99=155, 99.9=420, 99.99=1727] [UPDATE: Count=702, Max=1441, Min=160, Avg=241.35, 90=309, 99=344, 99.9=1441, 99.99=1441] 
2026-04-29 15:25:10:216 62 sec: 823643 operations; 13333 current ops/sec; [READ: Count=12655, Max=1663, Min=5, Avg=60.63, 90=127, 99=156, 99.9=390, 99.99=1467] [UPDATE: Count=679, Max=49151, Min=160, Avg=320.5, 90=314, 99=673, 99.9=49151, 99.99=49151] 
2026-04-29 15:25:11:064 - Compaction started: 
2026-04-29 15:25:11:216 63 sec: 835369 operations; 11726 current ops/sec; [READ: Count=11148, Max=6835, Min=5, Avg=62.31, 90=129, 99=163, 99.9=586, 99.99=1528] [UPDATE: Count=576, Max=9903, Min=160, Avg=260.03, 90=311, 99=372, 99.9=9903, 99.99=9903] 
139848564241984:Compacting sstable1/b4cdd128-546d-43ed-89f4-4ca46346549e202604290924081777476256881471401.sst sstable1/ee47815a-bfb8-4bc7-920e-90978bb11993202604290924081777476267971557796.sst into:sstable2/d97c162f-3375-46d7-87bf-cf45bea4aafc202604290924081777476311587175876.sst
2026-04-29 15:25:12:174 - Compaction completed: 
2026-04-29 15:25:12:215 64 sec: 844726 operations; 9357 current ops/sec; [READ: Count=8906, Max=212863, Min=5, Avg=114.36, 90=130, 99=179, 99.9=1112, 99.99=212863] [UPDATE: Count=452, Max=489, Min=163, Avg=250.15, 90=319, 99=408, 99.9=489, 99.99=489] 
2026-04-29 15:25:13:215 65 sec: 858709 operations; 13983 current ops/sec; [READ: Count=13312, Max=1636, Min=5, Avg=61.48, 90=127, 99=160, 99.9=385, 99.99=1310] [UPDATE: Count=671, Max=1562, Min=166, Avg=247.39, 90=311, 99=360, 99.9=1562, 99.99=1562] 
2026-04-29 15:25:14:215 66 sec: 872834 operations; 14125 current ops/sec; [READ: Count=13434, Max=1905, Min=5, Avg=61.01, 90=126, 99=160, 99.9=413, 99.99=1730] [UPDATE: Count=693, Max=1551, Min=156, Avg=237.82, 90=301, 99=355, 99.9=1551, 99.99=1551] 
2026-04-29 15:25:15:215 67 sec: 885351 operations; 12517 current ops/sec; [READ: Count=11910, Max=1615, Min=5, Avg=61.04, 90=127, 99=158, 99.9=377, 99.99=1555] [UPDATE: Count=606, Max=46175, Min=167, Avg=427.55, 90=711, 99=1222, 99.9=46175, 99.99=46175] 
2026-04-29 15:25:16:216 68 sec: 898687 operations; 13336 current ops/sec; [READ: Count=12665, Max=1693, Min=5, Avg=62.91, 90=129, 99=160, 99.9=215, 99.99=1688] [UPDATE: Count=672, Max=11359, Min=152, Avg=280.36, 90=324, 99=1133, 99.9=11359, 99.99=11359] 
2026-04-29 15:25:17:216 69 sec: 912529 operations; 13842 current ops/sec; [READ: Count=13177, Max=1525, Min=5, Avg=62.28, 90=128, 99=157, 99.9=196, 99.99=1518] [UPDATE: Count=665, Max=1696, Min=163, Avg=246.61, 90=314, 99=360, 99.9=1696, 99.99=1696] 
2026-04-29 15:25:18:215 70 sec: 926174 operations; 13645 current ops/sec; [READ: Count=12979, Max=1588, Min=5, Avg=62.48, 90=129, 99=160, 99.9=285, 99.99=1553] [UPDATE: Count=665, Max=9591, Min=162, Avg=261.2, 90=317, 99=355, 99.9=9591, 99.99=9591] 
2026-04-29 15:25:19:216 71 sec: 940118 operations; 13944 current ops/sec; [READ: Count=13226, Max=1705, Min=5, Avg=61.14, 90=127, 99=158, 99.9=379, 99.99=1687] [UPDATE: Count=720, Max=1362, Min=159, Avg=245.14, 90=313, 99=355, 99.9=1362, 99.99=1362] 
2026-04-29 15:25:20:216 72 sec: 952971 operations; 12853 current ops/sec; [READ: Count=12183, Max=3523, Min=5, Avg=62.43, 90=129, 99=169, 99.9=409, 99.99=1524] [UPDATE: Count=669, Max=47775, Min=162, Avg=335.86, 90=329, 99=801, 99.9=47775, 99.99=47775] 
2026-04-29 15:25:21:215 73 sec: 967248 operations; 14277 current ops/sec; [READ: Count=13556, Max=1568, Min=5, Avg=59.85, 90=126, 99=155, 99.9=382, 99.99=1566] [UPDATE: Count=720, Max=1431, Min=162, Avg=240.24, 90=308, 99=363, 99.9=1431, 99.99=1431] 
2026-04-29 15:25:22:215 74 sec: 980836 operations; 13588 current ops/sec; [READ: Count=12908, Max=6787, Min=5, Avg=62.66, 90=128, 99=158, 99.9=379, 99.99=1453] [UPDATE: Count=680, Max=9031, Min=165, Avg=258.83, 90=311, 99=374, 99.9=9031, 99.99=9031] 
2026-04-29 15:25:23:216 75 sec: 994275 operations; 13439 current ops/sec; [READ: Count=12783, Max=1746, Min=5, Avg=64.26, 90=129, 99=160, 99.9=354, 99.99=1624] [UPDATE: Count=656, Max=1310, Min=164, Avg=249.62, 90=317, 99=356, 99.9=1310, 99.99=1310] 
2026-04-29 15:25:24:215 76 sec: 1007949 operations; 13674 current ops/sec; [READ: Count=12989, Max=2093, Min=5, Avg=63, 90=128, 99=163, 99.9=364, 99.99=1654] [UPDATE: Count=684, Max=733, Min=160, Avg=243.33, 90=314, 99=365, 99.9=733, 99.99=733] 
2026-04-29 15:25:25:215 77 sec: 1020313 operations; 12364 current ops/sec; [READ: Count=11732, Max=1763, Min=5, Avg=65.19, 90=135, 99=167, 99.9=440, 99.99=1617] [UPDATE: Count=634, Max=47391, Min=170, Avg=348.74, 90=337, 99=944, 99.9=47391, 99.99=47391] 
2026-04-29 15:25:26:215 78 sec: 1033807 operations; 13494 current ops/sec; [READ: Count=12821, Max=1539, Min=5, Avg=62.54, 90=129, 99=157, 99.9=250, 99.99=1468] [UPDATE: Count=672, Max=1439, Min=160, Avg=272.77, 90=326, 99=1059, 99.9=1439, 99.99=1439] 
2026-04-29 15:25:27:215 79 sec: 1046260 operations; 12453 current ops/sec; [READ: Count=11845, Max=1648, Min=5, Avg=62.84, 90=128, 99=158, 99.9=433, 99.99=1611] [UPDATE: Count=607, Max=92543, Min=161, Avg=397.89, 90=310, 99=356, 99.9=92543, 99.99=92543] 
2026-04-29 15:25:28:216 80 sec: 1060103 operations; 13843 current ops/sec; [READ: Count=13178, Max=1647, Min=5, Avg=62.51, 90=130, 99=161, 99.9=437, 99.99=1603] [UPDATE: Count=667, Max=640, Min=156, Avg=241.31, 90=309, 99=363, 99.9=640, 99.99=640] 
2026-04-29 15:25:29:216 81 sec: 1073912 operations; 13809 current ops/sec; [READ: Count=13147, Max=2129, Min=5, Avg=62.2, 90=129, 99=160, 99.9=323, 99.99=1799] [UPDATE: Count=665, Max=1568, Min=166, Avg=250.67, 90=315, 99=367, 99.9=1568, 99.99=1568] 
2026-04-29 15:25:30:216 82 sec: 1087835 operations; 13923 current ops/sec; [READ: Count=13233, Max=1813, Min=5, Avg=61.63, 90=129, 99=160, 99.9=332, 99.99=1508] [UPDATE: Count=689, Max=1093, Min=164, Avg=245.22, 90=314, 99=369, 99.9=1093, 99.99=1093] 
2026-04-29 15:25:31:215 83 sec: 1101110 operations; 13275 current ops/sec; [READ: Count=12577, Max=1721, Min=5, Avg=61.18, 90=128, 99=158, 99.9=377, 99.99=1475] [UPDATE: Count=696, Max=47583, Min=158, Avg=309.72, 90=306, 99=650, 99.9=47583, 99.99=47583] 
2026-04-29 15:25:32:216 84 sec: 1114684 operations; 13574 current ops/sec; [READ: Count=12917, Max=1735, Min=5, Avg=62.57, 90=130, 99=170, 99.9=394, 99.99=1674] [UPDATE: Count=658, Max=11743, Min=158, Avg=263.24, 90=315, 99=410, 99.9=11743, 99.99=11743] 
2026-04-29 15:25:33:216 85 sec: 1127889 operations; 13205 current ops/sec; [READ: Count=12538, Max=7035, Min=5, Avg=65.25, 90=131, 99=166, 99.9=481, 99.99=1411] [UPDATE: Count=667, Max=1279, Min=163, Avg=249.86, 90=321, 99=358, 99.9=1279, 99.99=1279] 
2026-04-29 15:25:34:216 86 sec: 1141361 operations; 13472 current ops/sec; [READ: Count=12804, Max=10967, Min=5, Avg=64.08, 90=129, 99=166, 99.9=410, 99.99=1592] [UPDATE: Count=668, Max=835, Min=162, Avg=245.96, 90=318, 99=365, 99.9=835, 99.99=835] 
2026-04-29 15:25:35:216 87 sec: 1155378 operations; 14017 current ops/sec; [READ: Count=13333, Max=2081, Min=5, Avg=61.14, 90=129, 99=161, 99.9=316, 99.99=1649] [UPDATE: Count=688, Max=984, Min=166, Avg=245.59, 90=313, 99=378, 99.9=984, 99.99=984] 
2026-04-29 15:25:36:215 88 sec: 1165989 operations; 10611 current ops/sec; [READ: Count=10043, Max=1162, Min=5, Avg=64.43, 90=132, 99=188, 99.9=399, 99.99=1134] [UPDATE: Count=561, Max=48319, Min=162, Avg=606.84, 90=1200, 99=2171, 99.9=48319, 99.99=48319] 
2026-04-29 15:25:37:215 89 sec: 1179810 operations; 13821 current ops/sec; [READ: Count=13101, Max=1688, Min=5, Avg=61.39, 90=128, 99=157, 99.9=199, 99.99=1677] [UPDATE: Count=721, Max=392, Min=168, Avg=250.36, 90=320, 99=348, 99.9=392, 99.99=392] 
Maximum time elapsed. Requesting stop for the workload.
Stop requested for workload. Now Joining!
[OZONEDB-PROFILE] reads=1193421  avg_total=60.40us  view=4.37us(7.2%)  log=2.11us(3.5%)  sst=80.84us_per_call x 793054_calls(88.9%_of_total)
[OZONEDB-SST-PROFILE] level | time_total_ms | enters | range_rejects | table_gets | hits
[OZONEDB-SST-PROFILE] L1  |     13358.87 |  2986449 |       393292 |    2593157 | 187397
[OZONEDB-SST-PROFILE] L2  |      6098.41 |  1565127 |       574534 |     990593 |  65885
[OZONEDB-SST-PROFILE] L3  |      3309.83 |  1078503 |       538737 |     539766 |  35939
[OZONEDB-SST-PROFILE] L4  |      3271.32 |  1006012 |       502192 |     503820 |  36247
[OZONEDB-SST-PROFILE] L5  |      3100.97 |   933812 |       466263 |     467549 |  35890
[OZONEDB-SST-PROFILE] L6  |      3060.39 |   862170 |       430495 |     431675 |  35971
[OZONEDB-SST-PROFILE] L7  |     31430.20 |  1366749 |           69 |    1366680 | 395725
[OZONEDB-TBL-PROFILE] file_filter_reject=6032576  block_filter_reject=66866  index_invalid=0  block_read_more=669346  hit_from_cache=124452  miss_after_read=744  found=793054
2026-04-29 15:25:38:216 90 sec: 1193418 operations; 13608 current ops/sec; [READ: Count=12916, Max=1651, Min=5, Avg=62.28, 90=129, 99=159, 99.9=204, 99.99=1540] [UPDATE: Count=692, Max=10063, Min=167, Avg=261.61, 90=315, 99=366, 99.9=10063, 99.99=10063] 
2026-04-29 15:25:38:313 90 sec: 1193421 operations; 30.61 current ops/sec; [READ: Count=1, Max=88, Min=88, Avg=88, 90=88, 99=88, 99.9=88, 99.99=88] [CLEANUP: Count=1, Max=97023, Min=96960, Avg=96992, 90=97023, 99=97023, 99.9=97023, 99.99=97023] [UPDATE: Count=0, Max=0, Min=0, Avg=0, 90=0, 99=0, 99.9=0, 99.99=0] 
[OVERALL], RunTime(ms), 90098
[OVERALL], Throughput(ops/sec), 13245.810117871652
[TOTAL_GCS_PS_Scavenge], Count, 7
[TOTAL_GC_TIME_PS_Scavenge], Time(ms), 28
[TOTAL_GC_TIME_%_PS_Scavenge], Time(%), 0.031077271415569714
[TOTAL_GCS_PS_MarkSweep], Count, 0
[TOTAL_GC_TIME_PS_MarkSweep], Time(ms), 0
[TOTAL_GC_TIME_%_PS_MarkSweep], Time(%), 0.0
[TOTAL_GCs], Count, 7
[TOTAL_GC_TIME], Time(ms), 28
[TOTAL_GC_TIME_%], Time(%), 0.031077271415569714
[READ], Operations, 1133480
[READ], AverageLatency(us), 62.07815841479338
[READ], MinLatency(us), 4
[READ], MaxLatency(us), 212863
[READ], 95thPercentileLatency(us), 133
[READ], 99thPercentileLatency(us), 155
[READ], Return=OK, 1133480
[CLEANUP], Operations, 1
[CLEANUP], AverageLatency(us), 96992.0
[CLEANUP], MinLatency(us), 96960
[CLEANUP], MaxLatency(us), 97023
[CLEANUP], 95thPercentileLatency(us), 97023
[CLEANUP], 99thPercentileLatency(us), 97023
[UPDATE], Operations, 59941
[UPDATE], AverageLatency(us), 298.79986987204086
[UPDATE], MinLatency(us), 147
[UPDATE], MaxLatency(us), 92543
[UPDATE], 95thPercentileLatency(us), 331
[UPDATE], 99thPercentileLatency(us), 860
[UPDATE], Return=OK, 59941
	Command being timed: "/usr/lib/jvm/java-8-openjdk-amd64/bin/java -cp /users/Xinying/ozonedb/ycsb/ozonedb/conf:/users/Xinying/ozonedb/ycsb/ozonedb/target/ozonedb-binding-0.18.0-SNAPSHOT.jar:/users/Xinying/.m2/repository/org/apache/htrace/htrace-core4/4.1.0-incubating/htrace-core4-4.1.0-incubating.jar:/users/Xinying/.m2/repository/org/slf4j/slf4j-api/1.7.25/slf4j-api-1.7.25.jar:/users/Xinying/.m2/repository/org/hdrhistogram/HdrHistogram/2.1.12/HdrHistogram-2.1.12.jar:/users/Xinying/.m2/repository/ch/qos/logback/logback-classic/1.2.3/logback-classic-1.2.3.jar:/users/Xinying/.m2/repository/ozonedbjnimaven/demoproc-jni/1.0/demoproc-jni-1.0.jar:/users/Xinying/.m2/repository/ch/qos/logback/logback-core/1.2.3/logback-core-1.2.3.jar:/users/Xinying/.m2/repository/org/codehaus/jackson/jackson-mapper-asl/1.9.4/jackson-mapper-asl-1.9.4.jar:/users/Xinying/.m2/repository/org/slf4j/slf4j-simple/1.7.25/slf4j-simple-1.7.25.jar:/users/Xinying/.m2/repository/org/codehaus/jackson/jackson-core-asl/1.9.4/jackson-core-asl-1.9.4.jar:/users/Xinying/ozonedb/ycsb/core/target/core-0.18.0-SNAPSHOT.jar site.ycsb.Client -db site.ycsb.db.OzoneDBClient -threads 1 -s -P /users/Xinying/ozonedb/ycsb/workloads/generated_workloads/workloadb_1KB_1000000_1000000 -p status.interval=1 -p maxexecutiontime=90 -p operationcount=0 -p shared_config=/tmp/phase1_ozonedb_configs/shared_config_SHARED_workloadb_p8_r1_proc5.json -t"
	User time (seconds): 50.42
	System time (seconds): 35.84
	Percent of CPU this job got: 93%
	Elapsed (wall clock) time (h:mm:ss or m:ss): 1:31.85
	Average shared text size (kbytes): 0
	Average unshared data size (kbytes): 0
	Average stack size (kbytes): 0
	Average total size (kbytes): 0
	Maximum resident set size (kbytes): 5560784
	Average resident set size (kbytes): 0
	Major (requiring I/O) page faults: 458
	Minor (reclaiming a frame) page faults: 1393949
	Voluntary context switches: 145959
	Involuntary context switches: 878
	Swaps: 0
	File system inputs: 12229480
	File system outputs: 323083
	Socket messages sent: 0
	Socket messages received: 0
	Signals delivered: 0
	Page size (bytes): 4096
	Exit status: 0
