# CMD: /usr/bin/time -v /usr/lib/jvm/java-8-openjdk-amd64/bin/java -cp /users/Xinying/ozonedb/ycsb/ozonedb/conf:/users/Xinying/ozonedb/ycsb/ozonedb/target/ozonedb-binding-0.18.0-SNAPSHOT.jar:/users/Xinying/.m2/repository/org/apache/htrace/htrace-core4/4.1.0-incubating/htrace-core4-4.1.0-incubating.jar:/users/Xinying/.m2/repository/org/slf4j/slf4j-api/1.7.25/slf4j-api-1.7.25.jar:/users/Xinying/.m2/repository/org/hdrhistogram/HdrHistogram/2.1.12/HdrHistogram-2.1.12.jar:/users/Xinying/.m2/repository/ch/qos/logback/logback-classic/1.2.3/logback-classic-1.2.3.jar:/users/Xinying/.m2/repository/ozonedbjnimaven/demoproc-jni/1.0/demoproc-jni-1.0.jar:/users/Xinying/.m2/repository/ch/qos/logback/logback-core/1.2.3/logback-core-1.2.3.jar:/users/Xinying/.m2/repository/org/codehaus/jackson/jackson-mapper-asl/1.9.4/jackson-mapper-asl-1.9.4.jar:/users/Xinying/.m2/repository/org/slf4j/slf4j-simple/1.7.25/slf4j-simple-1.7.25.jar:/users/Xinying/.m2/repository/org/codehaus/jackson/jackson-core-asl/1.9.4/jackson-core-asl-1.9.4.jar:/users/Xinying/ozonedb/ycsb/core/target/core-0.18.0-SNAPSHOT.jar site.ycsb.Client -db site.ycsb.db.OzoneDBClient -threads 1 -s -P /users/Xinying/ozonedb/ycsb/workloads/generated_workloads/workloadf_1KB_1000000_1000000 -p status.interval=1 -p maxexecutiontime=90 -p operationcount=0 -p shared_config=/tmp/phase1_ozonedb_configs/shared_config_SHARED_workloadf_p4_r1_proc1.json -t
# shared_work_path=/tank/ycsb_data/multi-proc-run/shared_ozonedb  proc_id=1/4
Command line: -db site.ycsb.db.OzoneDBClient -threads 1 -s -P /users/Xinying/ozonedb/ycsb/workloads/generated_workloads/workloadf_1KB_1000000_1000000 -p status.interval=1 -p maxexecutiontime=90 -p operationcount=0 -p shared_config=/tmp/phase1_ozonedb_configs/shared_config_SHARED_workloadf_p4_r1_proc1.json -t
YCSB Client 0.18.0-SNAPSHOT

Loading workload...
Starting test.
SLF4J: Class path contains multiple SLF4J bindings.
SLF4J: Found binding in [jar:file:/users/Xinying/.m2/repository/ch/qos/logback/logback-classic/1.2.3/logback-classic-1.2.3.jar!/org/slf4j/impl/StaticLoggerBinder.class]
SLF4J: Found binding in [jar:file:/users/Xinying/.m2/repository/org/slf4j/slf4j-simple/1.7.25/slf4j-simple-1.7.25.jar!/org/slf4j/impl/StaticLoggerBinder.class]
SLF4J: See http://www.slf4j.org/codes.html#multiple_bindings for an explanation.
SLF4J: Actual binding is of type [ch.qos.logback.classic.util.ContextSelectorStaticBinder]
Maximum execution time specified as: 90 secs
2026-04-29 15:42:15:439 0 sec: 0 operations; 
Starting compaction watcher
DBWrapper: report latency for each error is false and specific error codes to track for latency are: []
2026-04-29 15:42:16:440 1 sec: 3210 operations; 3210 current ops/sec; [READ: Count=3221, Max=46783, Min=5, Avg=98.69, 90=126, 99=175, 99.9=2687, 99.99=46783] [READ-MODIFY-WRITE: Count=1622, Max=35871, Min=167, Avg=329.3, 90=387, 99=536, 99.9=3245, 99.99=35871] [UPDATE: Count=1627, Max=34079, Min=156, Avg=237.82, 90=262, 99=350, 99.9=775, 99.99=34079] 
2026-04-29 15:42:17:440 2 sec: 8524 operations; 5314 current ops/sec; [READ: Count=5305, Max=3459, Min=5, Avg=77.12, 90=128, 99=166, 99.9=2919, 99.99=3459] [READ-MODIFY-WRITE: Count=2646, Max=3669, Min=167, Avg=292.21, 90=372, 99=473, 99.9=3159, 99.99=3669] [UPDATE: Count=2647, Max=2909, Min=158, Avg=212.09, 90=248, 99=310, 99.9=865, 99.99=2909] 
2026-04-29 15:42:18:440 3 sec: 14164 operations; 5640 current ops/sec; [READ: Count=5641, Max=3599, Min=5, Avg=69.35, 90=121, 99=148, 99.9=2899, 99.99=3599] [READ-MODIFY-WRITE: Count=2814, Max=3853, Min=169, Avg=280.18, 90=358, 99=404, 99.9=3529, 99.99=3853] [UPDATE: Count=2809, Max=3433, Min=159, Avg=209.62, 90=239, 99=283, 99.9=3171, 99.99=3433] 
2026-04-29 15:42:19:440 4 sec: 19680 operations; 5516 current ops/sec; [READ: Count=5515, Max=3123, Min=5, Avg=71.47, 90=126, 99=156, 99.9=2613, 99.99=3123] [READ-MODIFY-WRITE: Count=2744, Max=4219, Min=169, Avg=286.26, 90=371, 99=423, 99.9=3261, 99.99=4219] [UPDATE: Count=2746, Max=3633, Min=160, Avg=214.21, 90=247, 99=282, 99.9=2363, 99.99=3633] 
2026-04-29 15:42:20:439 5 sec: 25232 operations; 5552 current ops/sec; [READ: Count=5553, Max=9087, Min=5, Avg=71.05, 90=123, 99=164, 99.9=2155, 99.99=9087] [READ-MODIFY-WRITE: Count=2761, Max=9655, Min=167, Avg=288.06, 90=370, 99=452, 99.9=3521, 99.99=9655] [UPDATE: Count=2761, Max=1347, Min=157, Avg=212.45, 90=249, 99=302, 99.9=461, 99.99=1347] 
2026-04-29 15:42:21:439 6 sec: 29734 operations; 4502 current ops/sec; [READ: Count=4500, Max=3013, Min=5, Avg=73.92, 90=127, 99=175, 99.9=2036, 99.99=3013] [READ-MODIFY-WRITE: Count=2280, Max=85631, Min=159, Avg=359.29, 90=435, 99=1187, 99.9=2017, 99.99=85631] [UPDATE: Count=2283, Max=85311, Min=148, Avg=286.24, 90=289, 99=1000, 99.9=1763, 99.99=85311] 
2026-04-29 15:42:22:440 7 sec: 35430 operations; 5696 current ops/sec; [READ: Count=5700, Max=4143, Min=5, Avg=66.6, 90=119, 99=146, 99.9=2395, 99.99=4143] [READ-MODIFY-WRITE: Count=2880, Max=5611, Min=165, Avg=278.16, 90=356, 99=409, 99.9=3073, 99.99=5611] [UPDATE: Count=2875, Max=5379, Min=154, Avg=209.65, 90=239, 99=283, 99.9=2519, 99.99=5379] 
2026-04-29 15:42:23:440 8 sec: 41440 operations; 6010 current ops/sec; [READ: Count=6008, Max=3205, Min=5, Avg=64.49, 90=119, 99=143, 99.9=2131, 99.99=3205] [READ-MODIFY-WRITE: Count=2899, Max=3531, Min=164, Avg=271.98, 90=354, 99=406, 99.9=3023, 99.99=3531] [UPDATE: Count=2899, Max=3319, Min=151, Avg=205.55, 90=237, 99=282, 99.9=2579, 99.99=3319] 
2026-04-29 15:42:24:440 9 sec: 47384 operations; 5944 current ops/sec; [READ: Count=5946, Max=3955, Min=5, Avg=65.21, 90=120, 99=145, 99.9=2349, 99.99=3955] [READ-MODIFY-WRITE: Count=2904, Max=4243, Min=165, Avg=272.01, 90=356, 99=397, 99.9=2859, 99.99=4243] [UPDATE: Count=2905, Max=2419, Min=157, Avg=205.13, 90=239, 99=283, 99.9=351, 99.99=2419] 
2026-04-29 15:42:25:440 10 sec: 53288 operations; 5904 current ops/sec; [READ: Count=5902, Max=2901, Min=5, Avg=65.08, 90=121, 99=148, 99.9=2461, 99.99=2901] [READ-MODIFY-WRITE: Count=2953, Max=3097, Min=161, Avg=269.04, 90=355, 99=412, 99.9=2841, 99.99=3097] [UPDATE: Count=2952, Max=2811, Min=152, Avg=202.9, 90=236, 99=282, 99.9=672, 99.99=2811] 
2026-04-29 15:42:26:439 11 sec: 57725 operations; 4437 current ops/sec; [READ: Count=4437, Max=8743, Min=5, Avg=75.07, 90=129, 99=160, 99.9=1920, 99.99=8743] [READ-MODIFY-WRITE: Count=2285, Max=88255, Min=162, Avg=361.09, 90=434, 99=850, 99.9=4343, 99.99=88255] [UPDATE: Count=2287, Max=88127, Min=156, Avg=285.93, 90=304, 99=732, 99.9=2151, 99.99=88127] 
2026-04-29 15:42:27:439 12 sec: 63394 operations; 5669 current ops/sec; [READ: Count=5668, Max=2643, Min=5, Avg=68.81, 90=124, 99=149, 99.9=2353, 99.99=2643] [READ-MODIFY-WRITE: Count=2841, Max=2869, Min=167, Avg=277.5, 90=368, 99=411, 99.9=2319, 99.99=2869] [UPDATE: Count=2840, Max=329, Min=157, Avg=209.51, 90=245, 99=281, 99.9=323, 99.99=329] 
2026-04-29 15:42:28:439 13 sec: 69500 operations; 6106 current ops/sec; [READ: Count=6105, Max=2729, Min=5, Avg=65.01, 90=121, 99=146, 99.9=2379, 99.99=2729] [READ-MODIFY-WRITE: Count=3002, Max=4039, Min=156, Avg=260.72, 90=350, 99=391, 99.9=817, 99.99=4039] [UPDATE: Count=3002, Max=3857, Min=147, Avg=197.06, 90=231, 99=270, 99.9=305, 99.99=3857] 
2026-04-29 15:42:29:439 14 sec: 75750 operations; 6250 current ops/sec; [READ: Count=6251, Max=3307, Min=5, Avg=61.76, 90=119, 99=144, 99.9=2279, 99.99=3307] [READ-MODIFY-WRITE: Count=3048, Max=3169, Min=157, Avg=261.19, 90=348, 99=400, 99.9=2707, 99.99=3169] [UPDATE: Count=3047, Max=2991, Min=149, Avg=197.51, 90=231, 99=263, 99.9=315, 99.99=2991] 
2026-04-29 15:42:30:439 15 sec: 81814 operations; 6064 current ops/sec; [READ: Count=6064, Max=2643, Min=5, Avg=62.7, 90=122, 99=147, 99.9=2137, 99.99=2643] [READ-MODIFY-WRITE: Count=3021, Max=4971, Min=157, Avg=265.87, 90=355, 99=396, 99.9=2625, 99.99=4971] [UPDATE: Count=3022, Max=4859, Min=149, Avg=201.24, 90=236, 99=273, 99.9=323, 99.99=4859] 
2026-04-29 15:42:31:440 16 sec: 86505 operations; 4691 current ops/sec; [READ: Count=4690, Max=7699, Min=5, Avg=69.8, 90=127, 99=159, 99.9=2127, 99.99=7699] [READ-MODIFY-WRITE: Count=2345, Max=93247, Min=159, Avg=352.37, 90=416, 99=999, 99.9=2343, 99.99=93247] [UPDATE: Count=2345, Max=93055, Min=153, Avg=282.84, 90=297, 99=901, 99.9=1857, 99.99=93055] 
2026-04-29 15:42:32:440 17 sec: 92305 operations; 5800 current ops/sec; [READ: Count=5803, Max=2621, Min=5, Avg=67.76, 90=126, 99=160, 99.9=2047, 99.99=2621] [READ-MODIFY-WRITE: Count=2874, Max=3275, Min=162, Avg=276.25, 90=366, 99=431, 99.9=2343, 99.99=3275] [UPDATE: Count=2873, Max=3117, Min=153, Avg=207.05, 90=243, 99=292, 99.9=311, 99.99=3117] 
2026-04-29 15:42:33:440 18 sec: 98100 operations; 5795 current ops/sec; [READ: Count=5793, Max=2663, Min=5, Avg=65.74, 90=125, 99=149, 99.9=2089, 99.99=2663] [READ-MODIFY-WRITE: Count=2887, Max=27471, Min=158, Avg=279.15, 90=361, 99=405, 99.9=2795, 99.99=27471] [UPDATE: Count=2888, Max=27263, Min=151, Avg=210.55, 90=237, 99=275, 99.9=315, 99.99=27263] 
2026-04-29 15:42:34:440 19 sec: 104039 operations; 5939 current ops/sec; [READ: Count=5940, Max=3105, Min=5, Avg=65.31, 90=125, 99=153, 99.9=2613, 99.99=3105] [READ-MODIFY-WRITE: Count=3033, Max=3337, Min=159, Avg=265.26, 90=356, 99=398, 99.9=2825, 99.99=3337] [UPDATE: Count=3032, Max=3209, Min=151, Avg=197.94, 90=232, 99=272, 99.9=299, 99.99=3209] 
2026-04-29 15:42:35:440 20 sec: 110017 operations; 5978 current ops/sec; [READ: Count=5976, Max=2711, Min=5, Avg=63.66, 90=124, 99=154, 99.9=2233, 99.99=2711] [READ-MODIFY-WRITE: Count=3000, Max=4727, Min=158, Avg=265.26, 90=359, 99=419, 99.9=2621, 99.99=4727] [UPDATE: Count=3000, Max=4567, Min=149, Avg=202.37, 90=238, 99=294, 99.9=425, 99.99=4567] 
2026-04-29 15:42:36:439 21 sec: 114734 operations; 4717 current ops/sec; [READ: Count=4718, Max=5699, Min=5, Avg=69.16, 90=126, 99=165, 99.9=2157, 99.99=5699] [READ-MODIFY-WRITE: Count=2302, Max=90879, Min=158, Avg=357.07, 90=501, 99=1263, 99.9=2587, 99.99=90879] [UPDATE: Count=2303, Max=90751, Min=151, Avg=288.53, 90=396, 99=1137, 99.9=1612, 99.99=90751] 
2026-04-29 15:42:37:439 22 sec: 120494 operations; 5760 current ops/sec; [READ: Count=5760, Max=2623, Min=5, Avg=69.87, 90=127, 99=152, 99.9=2191, 99.99=2623] [READ-MODIFY-WRITE: Count=2861, Max=4567, Min=166, Avg=275.17, 90=362, 99=414, 99.9=2797, 99.99=4567] [UPDATE: Count=2860, Max=4355, Min=156, Avg=204.77, 90=238, 99=272, 99.9=2295, 99.99=4355] 
2026-04-29 15:42:38:439 23 sec: 126538 operations; 6044 current ops/sec; [READ: Count=6043, Max=2549, Min=5, Avg=66.09, 90=125, 99=150, 99.9=2115, 99.99=2549] [READ-MODIFY-WRITE: Count=2929, Max=2735, Min=161, Avg=267.47, 90=360, 99=409, 99.9=2543, 99.99=2735] [UPDATE: Count=2929, Max=2525, Min=152, Avg=201.05, 90=237, 99=278, 99.9=1388, 99.99=2525] 
2026-04-29 15:42:39:439 24 sec: 132615 operations; 6077 current ops/sec; [READ: Count=6078, Max=3415, Min=5, Avg=65.01, 90=126, 99=157, 99.9=2295, 99.99=3415] [READ-MODIFY-WRITE: Count=3043, Max=3181, Min=158, Avg=260.16, 90=356, 99=402, 99.9=2449, 99.99=3181] [UPDATE: Count=3043, Max=2847, Min=151, Avg=195.04, 90=230, 99=265, 99.9=306, 99.99=2847] 
2026-04-29 15:42:40:435 - NewTail completed: 
2026-04-29 15:42:40:439 25 sec: 138592 operations; 5977 current ops/sec; [READ: Count=5976, Max=2675, Min=5, Avg=63.97, 90=126, 99=153, 99.9=2307, 99.99=2675] [READ-MODIFY-WRITE: Count=3051, Max=2919, Min=161, Avg=262.7, 90=357, 99=407, 99.9=2351, 99.99=2919] [UPDATE: Count=3051, Max=2363, Min=153, Avg=198.75, 90=233, 99=275, 99.9=532, 99.99=2363] 
2026-04-29 15:42:41:439 26 sec: 142708 operations; 4116 current ops/sec; [READ: Count=4116, Max=5731, Min=5, Avg=67.98, 90=128, 99=166, 99.9=2095, 99.99=5731] [READ-MODIFY-WRITE: Count=2092, Max=100927, Min=161, Avg=408.07, 90=366, 99=5139, 99.9=9935, 99.99=100927] [UPDATE: Count=2091, Max=98495, Min=154, Avg=338.27, 90=241, 99=5079, 99.9=9791, 99.99=98495] 
2026-04-29 15:42:42:439 27 sec: 143078 operations; 370 current ops/sec; [READ: Count=370, Max=9719, Min=6, Avg=118.98, 90=172, 99=482, 99.9=9719, 99.99=9719] [READ-MODIFY-WRITE: Count=190, Max=14103, Min=1140, Avg=5159.15, 90=7931, 99=12751, 99.9=14103, 99.99=14103] [UPDATE: Count=190, Max=12631, Min=1039, Avg=5012.13, 90=7639, 99=12479, 99.9=12631, 99.99=12631] 
2026-04-29 15:42:43:439 28 sec: 147601 operations; 4523 current ops/sec; [READ: Count=4523, Max=2537, Min=5, Avg=70.82, 90=135, 99=165, 99.9=538, 99.99=2537] [READ-MODIFY-WRITE: Count=2251, Max=15063, Min=167, Avg=372.48, 90=392, 99=4275, 99.9=9295, 99.99=15063] [UPDATE: Count=2253, Max=15055, Min=156, Avg=300.68, 90=257, 99=4167, 99.9=9135, 99.99=15055] 
2026-04-29 15:42:44:436 - NewTail completed: 
2026-04-29 15:42:44:439 29 sec: 153385 operations; 5784 current ops/sec; [READ: Count=5784, Max=2875, Min=5, Avg=68.38, 90=130, 99=157, 99.9=2403, 99.99=2875] [READ-MODIFY-WRITE: Count=2883, Max=3183, Min=164, Avg=274.4, 90=371, 99=425, 99.9=2773, 99.99=3183] [UPDATE: Count=2881, Max=3041, Min=154, Avg=205.75, 90=244, 99=284, 99.9=336, 99.99=3041] 
2026-04-29 15:42:45:439 30 sec: 159271 operations; 5886 current ops/sec; [READ: Count=5885, Max=2767, Min=5, Avg=65.84, 90=130, 99=158, 99.9=2209, 99.99=2767] [READ-MODIFY-WRITE: Count=2930, Max=2525, Min=166, Avg=269.76, 90=371, 99=423, 99.9=2383, 99.99=2525] [UPDATE: Count=2931, Max=2313, Min=157, Avg=204.09, 90=241, 99=285, 99.9=546, 99.99=2313] 
2026-04-29 15:42:46:439 31 sec: 164471 operations; 5200 current ops/sec; [READ: Count=5201, Max=3239, Min=5, Avg=66.5, 90=129, 99=157, 99.9=2533, 99.99=3239] [READ-MODIFY-WRITE: Count=2567, Max=66303, Min=164, Avg=317.77, 90=383, 99=885, 99.9=3263, 99.99=66303] [UPDATE: Count=2567, Max=66175, Min=156, Avg=252.17, 90=253, 99=821, 99.9=1200, 99.99=66175] 
2026-04-29 15:42:47:139 - NewTail completed: 
2026-04-29 15:42:47:439 32 sec: 170195 operations; 5724 current ops/sec; [READ: Count=5723, Max=4543, Min=5, Avg=64.1, 90=126, 99=153, 99.9=2295, 99.99=4543] [READ-MODIFY-WRITE: Count=2880, Max=4923, Min=156, Avg=281.85, 90=368, 99=909, 99.9=2687, 99.99=4923] [UPDATE: Count=2879, Max=1738, Min=146, Avg=215.85, 90=242, 99=749, 99.9=1283, 99.99=1738] 
2026-04-29 15:42:48:439 33 sec: 176168 operations; 5973 current ops/sec; [READ: Count=5974, Max=2699, Min=5, Avg=67.14, 90=128, 99=167, 99.9=1950, 99.99=2699] [READ-MODIFY-WRITE: Count=3003, Max=10903, Min=155, Avg=265.6, 90=355, 99=417, 99.9=2651, 99.99=10903] [UPDATE: Count=3004, Max=10695, Min=146, Avg=195.92, 90=227, 99=273, 99.9=2044, 99.99=10695] 
2026-04-29 15:42:49:439 34 sec: 182231 operations; 6063 current ops/sec; [READ: Count=6066, Max=12071, Min=5, Avg=68.29, 90=129, 99=159, 99.9=2379, 99.99=12071] [READ-MODIFY-WRITE: Count=2980, Max=12399, Min=158, Avg=263.2, 90=357, 99=410, 99.9=2965, 99.99=12399] [UPDATE: Count=2981, Max=2215, Min=149, Avg=192.54, 90=231, 99=267, 99.9=373, 99.99=2215] 
2026-04-29 15:42:49:642 - NewTail completed: 
2026-04-29 15:42:50:439 35 sec: 188367 operations; 6136 current ops/sec; [READ: Count=6134, Max=4143, Min=5, Avg=65.93, 90=130, 99=158, 99.9=2625, 99.99=4143] [READ-MODIFY-WRITE: Count=3052, Max=3245, Min=156, Avg=259.13, 90=359, 99=408, 99.9=2997, 99.99=3245] [UPDATE: Count=3050, Max=719, Min=147, Avg=191.46, 90=230, 99=267, 99.9=325, 99.99=719] 
2026-04-29 15:42:51:440 36 sec: 194064 operations; 5697 current ops/sec; [READ: Count=5696, Max=3891, Min=5, Avg=65.21, 90=129, 99=161, 99.9=2455, 99.99=3891] [READ-MODIFY-WRITE: Count=2865, Max=3005, Min=157, Avg=260.05, 90=360, 99=414, 99.9=2715, 99.99=3005] [UPDATE: Count=2865, Max=2833, Min=149, Avg=194.6, 90=231, 99=269, 99.9=843, 99.99=2833] 
2026-04-29 15:42:52:346 - NewTail completed: 
2026-04-29 15:42:52:440 37 sec: 198192 operations; 4128 current ops/sec; [READ: Count=4131, Max=2437, Min=5, Avg=73, 90=144, 99=181, 99.9=1110, 99.99=2437] [READ-MODIFY-WRITE: Count=2077, Max=90559, Min=160, Avg=436.58, 90=622, 99=1279, 99.9=2607, 99.99=90559] [UPDATE: Count=2080, Max=90431, Min=149, Avg=360.59, 90=560, 99=1118, 99.9=2469, 99.99=90431] 
2026-04-29 15:42:53:440 38 sec: 204074 operations; 5882 current ops/sec; [READ: Count=5880, Max=8959, Min=5, Avg=70.89, 90=134, 99=168, 99.9=2275, 99.99=8959] [READ-MODIFY-WRITE: Count=2934, Max=9231, Min=157, Avg=269.76, 90=367, 99=435, 99.9=2821, 99.99=9231] [UPDATE: Count=2932, Max=834, Min=149, Avg=194.95, 90=235, 99=270, 99.9=350, 99.99=834] 
2026-04-29 15:42:54:440 39 sec: 210073 operations; 5999 current ops/sec; [READ: Count=5999, Max=3055, Min=5, Avg=67.76, 90=131, 99=161, 99.9=2253, 99.99=3055] [READ-MODIFY-WRITE: Count=2987, Max=3227, Min=158, Avg=264.44, 90=362, 99=408, 99.9=2917, 99.99=3227] [UPDATE: Count=2987, Max=2713, Min=149, Avg=194.84, 90=232, 99=262, 99.9=352, 99.99=2713] 
2026-04-29 15:42:55:439 40 sec: 216105 operations; 6032 current ops/sec; [READ: Count=6031, Max=3247, Min=5, Avg=66.95, 90=130, 99=160, 99.9=2325, 99.99=3247] [READ-MODIFY-WRITE: Count=2990, Max=2861, Min=158, Avg=264.87, 90=365, 99=420, 99.9=2715, 99.99=2861] [UPDATE: Count=2990, Max=2393, Min=148, Avg=195.62, 90=234, 99=275, 99.9=438, 99.99=2393] 
2026-04-29 15:42:56:439 41 sec: 222090 operations; 5985 current ops/sec; [READ: Count=5985, Max=2875, Min=5, Avg=65.94, 90=132, 99=159, 99.9=2231, 99.99=2875] [READ-MODIFY-WRITE: Count=3024, Max=3045, Min=159, Avg=265.17, 90=365, 99=417, 99.9=2653, 99.99=3045] [UPDATE: Count=3023, Max=2633, Min=149, Avg=196.42, 90=233, 99=267, 99.9=516, 99.99=2633] 
2026-04-29 15:42:57:439 42 sec: 226890 operations; 4800 current ops/sec; [READ: Count=4800, Max=2593, Min=5, Avg=67.44, 90=135, 99=164, 99.9=2287, 99.99=2593] [READ-MODIFY-WRITE: Count=2363, Max=89663, Min=161, Avg=349.93, 90=434, 99=1021, 99.9=2895, 99.99=89663] [UPDATE: Count=2365, Max=89279, Min=151, Avg=282.07, 90=316, 99=910, 99.9=2453, 99.99=89279] 
2026-04-29 15:42:58:440 43 sec: 232409 operations; 5519 current ops/sec; [READ: Count=5520, Max=8131, Min=5, Avg=72.78, 90=138, 99=177, 99.9=1859, 99.99=8131] [READ-MODIFY-WRITE: Count=2814, Max=8439, Min=161, Avg=281.88, 90=386, 99=440, 99.9=2381, 99.99=8439] [UPDATE: Count=2812, Max=2433, Min=153, Avg=208.66, 90=249, 99=280, 99.9=2151, 99.99=2433] 
2026-04-29 15:42:59:439 44 sec: 238173 operations; 5764 current ops/sec; [READ: Count=5763, Max=13639, Min=5, Avg=69.47, 90=134, 99=166, 99.9=2169, 99.99=13639] [READ-MODIFY-WRITE: Count=2889, Max=2819, Min=161, Avg=271.04, 90=377, 99=422, 99.9=2535, 99.99=2819] [UPDATE: Count=2890, Max=2599, Min=152, Avg=203.68, 90=243, 99=274, 99.9=353, 99.99=2599] 
2026-04-29 15:42:59:958 - NewTail completed: 
2026-04-29 15:43:00:439 45 sec: 244161 operations; 5988 current ops/sec; [READ: Count=5988, Max=2909, Min=5, Avg=64.55, 90=132, 99=162, 99.9=2021, 99.99=2909] [READ-MODIFY-WRITE: Count=2990, Max=3881, Min=158, Avg=266.91, 90=372, 99=423, 99.9=3037, 99.99=3881] [UPDATE: Count=2990, Max=3325, Min=150, Avg=201.39, 90=240, 99=276, 99.9=2617, 99.99=3325] 
2026-04-29 15:43:01:439 46 sec: 250151 operations; 5990 current ops/sec; [READ: Count=5990, Max=3647, Min=5, Avg=65.23, 90=132, 99=166, 99.9=2485, 99.99=3647] [READ-MODIFY-WRITE: Count=3031, Max=3947, Min=157, Avg=260.69, 90=368, 99=423, 99.9=2579, 99.99=3947] [UPDATE: Count=3031, Max=3773, Min=150, Avg=197.3, 90=236, 99=279, 99.9=332, 99.99=3773] 
2026-04-29 15:43:02:440 47 sec: 254280 operations; 4129 current ops/sec; [READ: Count=4130, Max=2887, Min=5, Avg=65.03, 90=135, 99=163, 99.9=1865, 99.99=2887] [READ-MODIFY-WRITE: Count=2120, Max=90047, Min=160, Avg=409.63, 90=671, 99=1208, 99.9=2961, 99.99=90047] [UPDATE: Count=2121, Max=89983, Min=152, Avg=341.15, 90=599, 99=1092, 99.9=1645, 99.99=89983] 
2026-04-29 15:43:03:439 48 sec: 260240 operations; 5960 current ops/sec; [READ: Count=5959, Max=5703, Min=5, Avg=67.82, 90=130, 99=162, 99.9=2353, 99.99=5703] [READ-MODIFY-WRITE: Count=2986, Max=5967, Min=159, Avg=267.12, 90=365, 99=419, 99.9=2749, 99.99=5967] [UPDATE: Count=2985, Max=2675, Min=150, Avg=195.86, 90=233, 99=266, 99.9=2255, 99.99=2675] 
2026-04-29 15:43:04:440 49 sec: 266132 operations; 5892 current ops/sec; [READ: Count=5897, Max=3075, Min=5, Avg=68.45, 90=135, 99=166, 99.9=2079, 99.99=3075] [READ-MODIFY-WRITE: Count=2912, Max=3509, Min=160, Avg=273.18, 90=375, 99=431, 99.9=2839, 99.99=3509] [UPDATE: Count=2912, Max=3411, Min=152, Avg=200.99, 90=237, 99=276, 99.9=2579, 99.99=3411] 
2026-04-29 15:43:05:440 50 sec: 272068 operations; 5936 current ops/sec; [READ: Count=5935, Max=4351, Min=5, Avg=68.25, 90=133, 99=164, 99.9=2735, 99.99=4351] [READ-MODIFY-WRITE: Count=2975, Max=4691, Min=159, Avg=264.58, 90=371, 99=425, 99.9=2891, 99.99=4691] [UPDATE: Count=2975, Max=2691, Min=151, Avg=196.24, 90=236, 99=276, 99.9=365, 99.99=2691] 
2026-04-29 15:43:06:440 51 sec: 278092 operations; 6024 current ops/sec; [READ: Count=6021, Max=2905, Min=5, Avg=64.88, 90=132, 99=162, 99.9=592, 99.99=2905] [READ-MODIFY-WRITE: Count=3031, Max=3081, Min=157, Avg=265.66, 90=366, 99=417, 99.9=2775, 99.99=3081] [UPDATE: Count=3030, Max=2719, Min=149, Avg=197.4, 90=234, 99=274, 99.9=2527, 99.99=2719] 
2026-04-29 15:43:07:439 52 sec: 282742 operations; 4650 current ops/sec; [READ: Count=4650, Max=2681, Min=6, Avg=69.2, 90=140, 99=175, 99.9=2037, 99.99=2681] [READ-MODIFY-WRITE: Count=2338, Max=93951, Min=161, Avg=354.02, 90=442, 99=1020, 99.9=2619, 99.99=93951] [UPDATE: Count=2340, Max=93695, Min=153, Avg=285.83, 90=312, 99=935, 99.9=2389, 99.99=93695] 
2026-04-29 15:43:08:439 53 sec: 287803 operations; 5061 current ops/sec; [READ: Count=5060, Max=8487, Min=5, Avg=75.72, 90=142, 99=198, 99.9=2217, 99.99=8487] [READ-MODIFY-WRITE: Count=2549, Max=90815, Min=156, Avg=315.62, 90=387, 99=490, 99.9=2485, 99.99=90815] [UPDATE: Count=2549, Max=90623, Min=146, Avg=237.99, 90=247, 99=302, 99.9=464, 99.99=90623] 
2026-04-29 15:43:09:439 54 sec: 293566 operations; 5763 current ops/sec; [READ: Count=5763, Max=2769, Min=6, Avg=68.64, 90=134, 99=174, 99.9=1998, 99.99=2769] [READ-MODIFY-WRITE: Count=2975, Max=13815, Min=154, Avg=268, 90=368, 99=429, 99.9=3015, 99.99=13815] [UPDATE: Count=2974, Max=13639, Min=144, Avg=199.41, 90=233, 99=263, 99.9=2291, 99.99=13639] 
2026-04-29 15:43:10:439 55 sec: 299146 operations; 5580 current ops/sec; [READ: Count=5580, Max=3181, Min=5, Avg=66.24, 90=136, 99=167, 99.9=2042, 99.99=3181] [READ-MODIFY-WRITE: Count=2756, Max=3413, Min=161, Avg=270.64, 90=378, 99=421, 99.9=3029, 99.99=3413] [UPDATE: Count=2755, Max=3041, Min=151, Avg=202.62, 90=241, 99=274, 99.9=2871, 99.99=3041] 
2026-04-29 15:43:11:439 56 sec: 305003 operations; 5857 current ops/sec; [READ: Count=5857, Max=2559, Min=5, Avg=66.41, 90=134, 99=165, 99.9=2323, 99.99=2559] [READ-MODIFY-WRITE: Count=2914, Max=89535, Min=161, Avg=295.75, 90=371, 99=424, 99.9=2701, 99.99=89535] [UPDATE: Count=2916, Max=89407, Min=152, Avg=226.94, 90=237, 99=267, 99.9=309, 99.99=89407] 
2026-04-29 15:43:12:439 57 sec: 309176 operations; 4173 current ops/sec; [READ: Count=4173, Max=3301, Min=5, Avg=67.39, 90=137, 99=177, 99.9=2117, 99.99=3301] [READ-MODIFY-WRITE: Count=2090, Max=87615, Min=162, Avg=410.39, 90=663, 99=1249, 99.9=2745, 99.99=87615] [UPDATE: Count=2089, Max=87359, Min=152, Avg=340.11, 90=589, 99=1101, 99.9=1350, 99.99=87359] 
2026-04-29 15:43:13:171 - NewTail completed: 
2026-04-29 15:43:13:439 58 sec: 315065 operations; 5889 current ops/sec; [READ: Count=5889, Max=4045, Min=5, Avg=66.05, 90=135, 99=167, 99.9=2157, 99.99=4045] [READ-MODIFY-WRITE: Count=2953, Max=4287, Min=164, Avg=271.21, 90=378, 99=444, 99.9=2917, 99.99=4287] [UPDATE: Count=2954, Max=2483, Min=155, Avg=203.1, 90=242, 99=284, 99.9=2361, 99.99=2483] 
2026-04-29 15:43:14:439 59 sec: 320938 operations; 5873 current ops/sec; [READ: Count=5873, Max=2717, Min=5, Avg=67.45, 90=135, 99=169, 99.9=2043, 99.99=2717] [READ-MODIFY-WRITE: Count=2927, Max=8991, Min=163, Avg=270.4, 90=375, 99=424, 99.9=2417, 99.99=8991] [UPDATE: Count=2927, Max=8767, Min=155, Avg=202.64, 90=238, 99=278, 99.9=2301, 99.99=8767] 
2026-04-29 15:43:15:439 60 sec: 326733 operations; 5795 current ops/sec; [READ: Count=5795, Max=2733, Min=6, Avg=66.73, 90=134, 99=164, 99.9=2135, 99.99=2733] [READ-MODIFY-WRITE: Count=2911, Max=7583, Min=164, Avg=276.85, 90=376, 99=424, 99.9=3531, 99.99=7583] [UPDATE: Count=2910, Max=7495, Min=155, Avg=207.07, 90=240, 99=276, 99.9=3387, 99.99=7495] 
2026-04-29 15:43:15:673 - NewTail completed: 
2026-04-29 15:43:16:439 61 sec: 332598 operations; 5865 current ops/sec; [READ: Count=5866, Max=2827, Min=6, Avg=67.02, 90=136, 99=170, 99.9=2179, 99.99=2827] [READ-MODIFY-WRITE: Count=2927, Max=3645, Min=164, Avg=273.05, 90=380, 99=437, 99.9=2535, 99.99=3645] [UPDATE: Count=2927, Max=3383, Min=155, Avg=203.59, 90=243, 99=281, 99.9=1978, 99.99=3383] 
2026-04-29 15:43:17:440 62 sec: 337263 operations; 4665 current ops/sec; [READ: Count=4664, Max=2615, Min=6, Avg=68.89, 90=139, 99=179, 99.9=2075, 99.99=2615] [READ-MODIFY-WRITE: Count=2306, Max=89215, Min=163, Avg=358.15, 90=455, 99=1182, 99.9=2881, 99.99=89215] [UPDATE: Count=2307, Max=88959, Min=153, Avg=290.43, 90=317, 99=1085, 99.9=2871, 99.99=88959] 
2026-04-29 15:43:18:378 - NewTail completed: 
2026-04-29 15:43:18:439 63 sec: 343184 operations; 5921 current ops/sec; [READ: Count=5922, Max=2539, Min=6, Avg=68.89, 90=137, 99=172, 99.9=2393, 99.99=2539] [READ-MODIFY-WRITE: Count=2916, Max=2905, Min=159, Avg=268.93, 90=378, 99=434, 99.9=2713, 99.99=2905] [UPDATE: Count=2915, Max=2687, Min=150, Avg=199.06, 90=241, 99=275, 99.9=480, 99.99=2687] 
2026-04-29 15:43:19:439 64 sec: 348989 operations; 5805 current ops/sec; [READ: Count=5804, Max=7739, Min=6, Avg=71.53, 90=141, 99=177, 99.9=1965, 99.99=7739] [READ-MODIFY-WRITE: Count=2868, Max=8039, Min=161, Avg=272.98, 90=383, 99=444, 99.9=2163, 99.99=8039] [UPDATE: Count=2867, Max=2281, Min=151, Avg=200.02, 90=242, 99=275, 99.9=1967, 99.99=2281] 
2026-04-29 15:43:20:440 65 sec: 354633 operations; 5644 current ops/sec; [READ: Count=5645, Max=2863, Min=6, Avg=71.27, 90=141, 99=186, 99.9=1884, 99.99=2863] [READ-MODIFY-WRITE: Count=2785, Max=13783, Min=161, Avg=282.97, 90=391, 99=479, 99.9=2699, 99.99=13783] [UPDATE: Count=2786, Max=13511, Min=151, Avg=210.62, 90=249, 99=296, 99.9=2531, 99.99=13511] 
2026-04-29 15:43:21:439 66 sec: 359845 operations; 5212 current ops/sec; [READ: Count=5211, Max=2793, Min=6, Avg=69.77, 90=143, 99=177, 99.9=2275, 99.99=2793] [READ-MODIFY-WRITE: Count=2662, Max=85439, Min=160, Avg=307.49, 90=391, 99=444, 99.9=2993, 99.99=85439] [UPDATE: Count=2664, Max=85183, Min=152, Avg=235.1, 90=247, 99=283, 99.9=2527, 99.99=85183] 
2026-04-29 15:43:22:439 67 sec: 363696 operations; 3851 current ops/sec; [READ: Count=3851, Max=2583, Min=6, Avg=70.54, 90=144, 99=179, 99.9=2267, 99.99=2583] [READ-MODIFY-WRITE: Count=1907, Max=85567, Min=165, Avg=447.32, 90=403, 99=6243, 99.9=11399, 99.99=85567] [UPDATE: Count=1904, Max=85375, Min=155, Avg=375.69, 90=254, 99=6163, 99.9=11343, 99.99=85375] 
2026-04-29 15:43:23:439 68 sec: 364103 operations; 407 current ops/sec; [READ: Count=407, Max=626, Min=6, Avg=94.28, 90=197, 99=417, 99.9=626, 99.99=626] [READ-MODIFY-WRITE: Count=196, Max=13895, Min=856, Avg=5005.84, 90=7575, 99=12119, 99.9=13895, 99.99=13895] [UPDATE: Count=196, Max=13783, Min=695, Avg=4908.54, 90=7567, 99=12031, 99.9=13783, 99.99=13783] 
2026-04-29 15:43:24:439 69 sec: 367399 operations; 3296 current ops/sec; [READ: Count=3296, Max=2363, Min=6, Avg=70.45, 90=142, 99=178, 99.9=942, 99.99=2363] [READ-MODIFY-WRITE: Count=1687, Max=7395, Min=165, Avg=526.59, 90=679, 99=6007, 99.9=7319, 99.99=7395] [UPDATE: Count=1688, Max=7371, Min=158, Avg=452.94, 90=617, 99=5851, 99.9=7311, 99.99=7371] 
2026-04-29 15:43:25:440 70 sec: 373227 operations; 5828 current ops/sec; [READ: Count=5829, Max=2579, Min=6, Avg=65.97, 90=138, 99=170, 99.9=301, 99.99=2579] [READ-MODIFY-WRITE: Count=2910, Max=8175, Min=163, Avg=273.29, 90=384, 99=442, 99.9=2701, 99.99=8175] [UPDATE: Count=2910, Max=7911, Min=153, Avg=207.7, 90=246, 99=291, 99.9=2613, 99.99=7911] 
2026-04-29 15:43:26:439 71 sec: 378895 operations; 5668 current ops/sec; [READ: Count=5667, Max=5787, Min=6, Avg=72.01, 90=140, 99=175, 99.9=2289, 99.99=5787] [READ-MODIFY-WRITE: Count=2875, Max=3753, Min=163, Avg=273.64, 90=386, 99=445, 99.9=2605, 99.99=3753] [UPDATE: Count=2875, Max=2679, Min=155, Avg=201.98, 90=245, 99=278, 99.9=1329, 99.99=2679] 
2026-04-29 15:43:27:439 72 sec: 383720 operations; 4825 current ops/sec; [READ: Count=4825, Max=3281, Min=6, Avg=71.58, 90=140, 99=177, 99.9=2639, 99.99=3281] [READ-MODIFY-WRITE: Count=2436, Max=60959, Min=165, Avg=340.02, 90=427, 99=1042, 99.9=2899, 99.99=60959] [UPDATE: Count=2437, Max=60863, Min=157, Avg=264.84, 90=276, 99=923, 99.9=2509, 99.99=60863] 
2026-04-29 15:43:28:439 73 sec: 389419 operations; 5699 current ops/sec; [READ: Count=5699, Max=2409, Min=6, Avg=71.17, 90=140, 99=172, 99.9=2215, 99.99=2409] [READ-MODIFY-WRITE: Count=2872, Max=3001, Min=163, Avg=275.5, 90=386, 99=437, 99.9=2479, 99.99=3001] [UPDATE: Count=2871, Max=2813, Min=154, Avg=203.07, 90=244, 99=282, 99.9=330, 99.99=2813] 
2026-04-29 15:43:29:439 74 sec: 395145 operations; 5726 current ops/sec; [READ: Count=5727, Max=2767, Min=6, Avg=70.26, 90=139, 99=173, 99.9=2557, 99.99=2767] [READ-MODIFY-WRITE: Count=2896, Max=3587, Min=165, Avg=274.08, 90=387, 99=439, 99.9=2871, 99.99=3587] [UPDATE: Count=2896, Max=3507, Min=156, Avg=202.62, 90=245, 99=277, 99.9=355, 99.99=3507] 
2026-04-29 15:43:30:439 75 sec: 401079 operations; 5934 current ops/sec; [READ: Count=5934, Max=2819, Min=6, Avg=68.98, 90=138, 99=173, 99.9=2569, 99.99=2819] [READ-MODIFY-WRITE: Count=2885, Max=3015, Min=163, Avg=271.8, 90=381, 99=441, 99.9=2919, 99.99=3015] [UPDATE: Count=2885, Max=2443, Min=155, Avg=200.93, 90=242, 99=283, 99.9=385, 99.99=2443] 
2026-04-29 15:43:31:439 76 sec: 406779 operations; 5700 current ops/sec; [READ: Count=5699, Max=7951, Min=6, Avg=72.42, 90=142, 99=185, 99.9=2073, 99.99=7951] [READ-MODIFY-WRITE: Count=2794, Max=3219, Min=162, Avg=278.78, 90=394, 99=478, 99.9=2321, 99.99=3219] [UPDATE: Count=2794, Max=3081, Min=156, Avg=206.16, 90=248, 99=296, 99.9=675, 99.99=3081] 
2026-04-29 15:43:32:439 77 sec: 411906 operations; 5127 current ops/sec; [READ: Count=5128, Max=10815, Min=6, Avg=75.21, 90=142, 99=190, 99.9=2149, 99.99=10815] [READ-MODIFY-WRITE: Count=2488, Max=88063, Min=166, Avg=316.02, 90=394, 99=593, 99.9=2265, 99.99=88063] [UPDATE: Count=2487, Max=87999, Min=157, Avg=242.95, 90=249, 99=389, 99.9=942, 99.99=87999] 
2026-04-29 15:43:33:439 78 sec: 416555 operations; 4649 current ops/sec; [READ: Count=4648, Max=2279, Min=6, Avg=70.31, 90=142, 99=172, 99.9=939, 99.99=2279] [READ-MODIFY-WRITE: Count=2233, Max=4023, Min=164, Avg=358.32, 90=584, 99=1160, 99.9=2413, 99.99=4023] [UPDATE: Count=2233, Max=3855, Min=153, Avg=286.88, 90=535, 99=1064, 99.9=2037, 99.99=3855] 
2026-04-29 15:43:34:439 79 sec: 422197 operations; 5642 current ops/sec; [READ: Count=5642, Max=2565, Min=6, Avg=68.76, 90=138, 99=171, 99.9=2093, 99.99=2565] [READ-MODIFY-WRITE: Count=2803, Max=83455, Min=159, Avg=292.31, 90=376, 99=428, 99.9=2777, 99.99=83455] [UPDATE: Count=2804, Max=83263, Min=150, Avg=222.97, 90=235, 99=272, 99.9=365, 99.99=83263] 
2026-04-29 15:43:35:439 80 sec: 428170 operations; 5973 current ops/sec; [READ: Count=5973, Max=2987, Min=6, Avg=69.06, 90=140, 99=171, 99.9=2451, 99.99=2987] [READ-MODIFY-WRITE: Count=2922, Max=3165, Min=163, Avg=268.63, 90=385, 99=427, 99.9=2711, 99.99=3165] [UPDATE: Count=2921, Max=322, Min=152, Avg=197.41, 90=242, 99=271, 99.9=310, 99.99=322] 
2026-04-29 15:43:36:439 81 sec: 433493 operations; 5323 current ops/sec; [READ: Count=5324, Max=5771, Min=6, Avg=69.59, 90=140, 99=177, 99.9=2755, 99.99=5771] [READ-MODIFY-WRITE: Count=2620, Max=106431, Min=158, Avg=305.95, 90=381, 99=454, 99.9=2631, 99.99=106431] [UPDATE: Count=2622, Max=106239, Min=149, Avg=236.16, 90=240, 99=272, 99.9=492, 99.99=106239] 
2026-04-29 15:43:37:439 82 sec: 439181 operations; 5688 current ops/sec; [READ: Count=5687, Max=2937, Min=6, Avg=73.2, 90=142, 99=176, 99.9=2303, 99.99=2937] [READ-MODIFY-WRITE: Count=2861, Max=3857, Min=160, Avg=275.74, 90=387, 99=443, 99.9=3159, 99.99=3857] [UPDATE: Count=2860, Max=3681, Min=151, Avg=200.25, 90=243, 99=277, 99.9=2259, 99.99=3681] 
2026-04-29 15:43:38:440 83 sec: 443700 operations; 4519 current ops/sec; [READ: Count=4519, Max=2751, Min=6, Avg=70.96, 90=140, 99=184, 99.9=1950, 99.99=2751] [READ-MODIFY-WRITE: Count=2328, Max=86847, Min=166, Avg=362.09, 90=466, 99=1148, 99.9=2871, 99.99=86847] [UPDATE: Count=2329, Max=86655, Min=155, Avg=287.95, 90=353, 99=971, 99.9=2675, 99.99=86655] 
2026-04-29 15:43:39:439 84 sec: 449151 operations; 5451 current ops/sec; [READ: Count=5452, Max=2815, Min=6, Avg=73.02, 90=144, 99=180, 99.9=2141, 99.99=2815] [READ-MODIFY-WRITE: Count=2791, Max=3289, Min=165, Avg=287.06, 90=400, 99=456, 99.9=2689, 99.99=3289] [UPDATE: Count=2790, Max=3211, Min=155, Avg=211.86, 90=254, 99=286, 99.9=2299, 99.99=3211] 
2026-04-29 15:43:40:439 85 sec: 454857 operations; 5706 current ops/sec; [READ: Count=5705, Max=3119, Min=6, Avg=70.5, 90=141, 99=179, 99.9=2365, 99.99=3119] [READ-MODIFY-WRITE: Count=2876, Max=2945, Min=164, Avg=272.56, 90=391, 99=437, 99.9=2477, 99.99=2945] [UPDATE: Count=2876, Max=2805, Min=155, Avg=203.97, 90=249, 99=274, 99.9=307, 99.99=2805] 
2026-04-29 15:43:41:439 86 sec: 460459 operations; 5602 current ops/sec; [READ: Count=5602, Max=2685, Min=6, Avg=67.83, 90=142, 99=180, 99.9=488, 99.99=2685] [READ-MODIFY-WRITE: Count=2878, Max=5743, Min=166, Avg=281.12, 90=398, 99=448, 99.9=2893, 99.99=5743] [UPDATE: Count=2878, Max=5607, Min=156, Avg=211.61, 90=252, 99=291, 99.9=2447, 99.99=5607] 
2026-04-29 15:43:42:439 87 sec: 466062 operations; 5603 current ops/sec; [READ: Count=5603, Max=8287, Min=6, Avg=73.57, 90=144, 99=190, 99.9=2177, 99.99=8287] [READ-MODIFY-WRITE: Count=2752, Max=2683, Min=167, Avg=282.9, 90=402, 99=462, 99.9=2517, 99.99=2683] [UPDATE: Count=2753, Max=2451, Min=158, Avg=209.79, 90=254, 99=282, 99.9=413, 99.99=2451] 
2026-04-29 15:43:43:439 88 sec: 470308 operations; 4246 current ops/sec; [READ: Count=4246, Max=12247, Min=6, Avg=80.97, 90=150, 99=222, 99.9=2237, 99.99=12247] [READ-MODIFY-WRITE: Count=2086, Max=85887, Min=162, Avg=392.24, 90=568, 99=1214, 99.9=2593, 99.99=85887] [UPDATE: Count=2087, Max=85695, Min=150, Avg=310.17, 90=517, 99=1037, 99.9=1815, 99.99=85695] 
2026-04-29 15:43:44:439 89 sec: 476156 operations; 5848 current ops/sec; [READ: Count=5848, Max=2483, Min=6, Avg=68.77, 90=139, 99=175, 99.9=2177, 99.99=2483] [READ-MODIFY-WRITE: Count=2868, Max=4947, Min=166, Avg=272.97, 90=384, 99=437, 99.9=2709, 99.99=4947] [UPDATE: Count=2866, Max=4795, Min=157, Avg=204.62, 90=243, 99=283, 99.9=2551, 99.99=4795] 
Maximum time elapsed. Requesting stop for the workload.
Stop requested for workload. Now Joining!
[OZONEDB-PROFILE] reads=722558  avg_total=53.71us  view=4.89us(9.1%)  log=3.92us(7.3%)  sst=67.93us_per_call x 475463_calls(83.2%_of_total)
[OZONEDB-SST-PROFILE] level | time_total_ms | enters | range_rejects | table_gets | hits
[OZONEDB-SST-PROFILE] L1  |      7710.81 |  1862326 |       119315 |    1743011 | 121178
[OZONEDB-SST-PROFILE] L2  |      6079.64 |  1391384 |       293463 |    1097921 |  78497
[OZONEDB-SST-PROFILE] L3  |      1428.81 |   551080 |       275292 |     275788 |  18477
2026-04-29 15:43:45:439 90 sec: 481998 operations; 5842 current ops/sec; [READ: Count=5842, Max=2901, Min=6, Avg=70.36, 90=139, 99=178, 99.9=2425, 99.99=2901] [READ-MODIFY-WRITE: Count=2873, Max=3239, Min=166, Avg=272.66, 90=384, 99=438, 99.9=2601, 99.99=3239] [UPDATE: Count=2872, Max=3097, Min=157, Avg=201.29, 90=243, 99=276, 99.9=325, 99.99=3097] [OZONEDB-SST-PROFILE] L4  |      1403.70 |   513824 |       256515 |     257309 |  18613
[OZONEDB-SST-PROFILE] L5  |      1309.13 |   476706 |       238029 |     238677 |  18349

[OZONEDB-SST-PROFILE] L6  |      1277.40 |   440142 |       219799 |     220343 |  18184
[OZONEDB-SST-PROFILE] L7  |     12807.65 |   698459 |           28 |     698431 | 202165
[OZONEDB-TBL-PROFILE] file_filter_reject=4009595  block_filter_reject=45932  index_invalid=0  block_read_more=286814  hit_from_cache=189139  miss_after_read=490  found=475463
2026-04-29 15:43:45:518 90 sec: 482002 operations; 50.63 current ops/sec; [READ: Count=3, Max=178, Min=7, Avg=71.33, 90=178, 99=178, 99.9=178, 99.99=178] [READ-MODIFY-WRITE: Count=1, Max=424, Min=424, Avg=424, 90=424, 99=424, 99.9=424, 99.99=424] [CLEANUP: Count=1, Max=77823, Min=77760, Avg=77792, 90=77823, 99=77823, 99.9=77823, 99.99=77823] [UPDATE: Count=1, Max=244, Min=244, Avg=244, 90=244, 99=244, 99.9=244, 99.99=244] 
[OVERALL], RunTime(ms), 90080
[OVERALL], Throughput(ops/sec), 5350.821492007105
[TOTAL_GCS_PS_Scavenge], Count, 7
[TOTAL_GC_TIME_PS_Scavenge], Time(ms), 26
[TOTAL_GC_TIME_%_PS_Scavenge], Time(%), 0.028863232682060393
[TOTAL_GCS_PS_MarkSweep], Count, 0
[TOTAL_GC_TIME_PS_MarkSweep], Time(ms), 0
[TOTAL_GC_TIME_%_PS_MarkSweep], Time(%), 0.0
[TOTAL_GCs], Count, 7
[TOTAL_GC_TIME], Time(ms), 26
[TOTAL_GC_TIME_%], Time(%), 0.028863232682060393
[READ], Operations, 482002
[READ], AverageLatency(us), 68.80763772764428
[READ], MinLatency(us), 5
[READ], MaxLatency(us), 46783
[READ], 95thPercentileLatency(us), 144
[READ], 99thPercentileLatency(us), 170
[READ], Return=OK, 482002
[READ-MODIFY-WRITE], Operations, 240556
[READ-MODIFY-WRITE], AverageLatency(us), 300.79594356407654
[READ-MODIFY-WRITE], MinLatency(us), 154
[READ-MODIFY-WRITE], MaxLatency(us), 106431
[READ-MODIFY-WRITE], 95thPercentileLatency(us), 407
[READ-MODIFY-WRITE], 99thPercentileLatency(us), 812
[CLEANUP], Operations, 1
[CLEANUP], AverageLatency(us), 77792.0
[CLEANUP], MinLatency(us), 77760
[CLEANUP], MaxLatency(us), 77823
[CLEANUP], 95thPercentileLatency(us), 77823
[CLEANUP], 99thPercentileLatency(us), 77823
[UPDATE], Operations, 240556
[UPDATE], AverageLatency(us), 230.85593375347113
[UPDATE], MinLatency(us), 144
[UPDATE], MaxLatency(us), 106239
[UPDATE], 95thPercentileLatency(us), 262
[UPDATE], 99thPercentileLatency(us), 672
[UPDATE], Return=OK, 240556
	Command being timed: "/usr/lib/jvm/java-8-openjdk-amd64/bin/java -cp /users/Xinying/ozonedb/ycsb/ozonedb/conf:/users/Xinying/ozonedb/ycsb/ozonedb/target/ozonedb-binding-0.18.0-SNAPSHOT.jar:/users/Xinying/.m2/repository/org/apache/htrace/htrace-core4/4.1.0-incubating/htrace-core4-4.1.0-incubating.jar:/users/Xinying/.m2/repository/org/slf4j/slf4j-api/1.7.25/slf4j-api-1.7.25.jar:/users/Xinying/.m2/repository/org/hdrhistogram/HdrHistogram/2.1.12/HdrHistogram-2.1.12.jar:/users/Xinying/.m2/repository/ch/qos/logback/logback-classic/1.2.3/logback-classic-1.2.3.jar:/users/Xinying/.m2/repository/ozonedbjnimaven/demoproc-jni/1.0/demoproc-jni-1.0.jar:/users/Xinying/.m2/repository/ch/qos/logback/logback-core/1.2.3/logback-core-1.2.3.jar:/users/Xinying/.m2/repository/org/codehaus/jackson/jackson-mapper-asl/1.9.4/jackson-mapper-asl-1.9.4.jar:/users/Xinying/.m2/repository/org/slf4j/slf4j-simple/1.7.25/slf4j-simple-1.7.25.jar:/users/Xinying/.m2/repository/org/codehaus/jackson/jackson-core-asl/1.9.4/jackson-core-asl-1.9.4.jar:/users/Xinying/ozonedb/ycsb/core/target/core-0.18.0-SNAPSHOT.jar site.ycsb.Client -db site.ycsb.db.OzoneDBClient -threads 1 -s -P /users/Xinying/ozonedb/ycsb/workloads/generated_workloads/workloadf_1KB_1000000_1000000 -p status.interval=1 -p maxexecutiontime=90 -p operationcount=0 -p shared_config=/tmp/phase1_ozonedb_configs/shared_config_SHARED_workloadf_p4_r1_proc1.json -t"
	User time (seconds): 35.45
	System time (seconds): 32.53
	Percent of CPU this job got: 74%
	Elapsed (wall clock) time (h:mm:ss or m:ss): 1:31.11
	Average shared text size (kbytes): 0
	Average unshared data size (kbytes): 0
	Average stack size (kbytes): 0
	Average total size (kbytes): 0
	Maximum resident set size (kbytes): 3920800
	Average resident set size (kbytes): 0
	Major (requiring I/O) page faults: 431
	Minor (reclaiming a frame) page faults: 982961
	Voluntary context switches: 557107
	Involuntary context switches: 607
	Swaps: 0
	File system inputs: 6897475
	File system outputs: 551497
	Socket messages sent: 0
	Socket messages received: 0
	Signals delivered: 0
	Page size (bytes): 4096
	Exit status: 0
