# CMD: /usr/bin/time -v /usr/lib/jvm/java-8-openjdk-amd64/bin/java -cp /users/Xinying/ozonedb/ycsb/ozonedb/conf:/users/Xinying/ozonedb/ycsb/ozonedb/target/ozonedb-binding-0.18.0-SNAPSHOT.jar:/users/Xinying/.m2/repository/org/apache/htrace/htrace-core4/4.1.0-incubating/htrace-core4-4.1.0-incubating.jar:/users/Xinying/.m2/repository/org/slf4j/slf4j-api/1.7.25/slf4j-api-1.7.25.jar:/users/Xinying/.m2/repository/org/hdrhistogram/HdrHistogram/2.1.12/HdrHistogram-2.1.12.jar:/users/Xinying/.m2/repository/ch/qos/logback/logback-classic/1.2.3/logback-classic-1.2.3.jar:/users/Xinying/.m2/repository/ozonedbjnimaven/demoproc-jni/1.0/demoproc-jni-1.0.jar:/users/Xinying/.m2/repository/ch/qos/logback/logback-core/1.2.3/logback-core-1.2.3.jar:/users/Xinying/.m2/repository/org/codehaus/jackson/jackson-mapper-asl/1.9.4/jackson-mapper-asl-1.9.4.jar:/users/Xinying/.m2/repository/org/slf4j/slf4j-simple/1.7.25/slf4j-simple-1.7.25.jar:/users/Xinying/.m2/repository/org/codehaus/jackson/jackson-core-asl/1.9.4/jackson-core-asl-1.9.4.jar:/users/Xinying/ozonedb/ycsb/core/target/core-0.18.0-SNAPSHOT.jar site.ycsb.Client -db site.ycsb.db.OzoneDBClient -threads 1 -s -P /users/Xinying/ozonedb/ycsb/workloads/generated_workloads/workloadf_1KB_1000000_1000000 -p status.interval=1 -p maxexecutiontime=90 -p operationcount=0 -p shared_config=/tmp/phase1_ozonedb_configs/shared_config_SHARED_workloadf_p8_r1_proc4.json -t
# shared_work_path=/tank/ycsb_data/multi-proc-run/shared_ozonedb  proc_id=4/8
Command line: -db site.ycsb.db.OzoneDBClient -threads 1 -s -P /users/Xinying/ozonedb/ycsb/workloads/generated_workloads/workloadf_1KB_1000000_1000000 -p status.interval=1 -p maxexecutiontime=90 -p operationcount=0 -p shared_config=/tmp/phase1_ozonedb_configs/shared_config_SHARED_workloadf_p8_r1_proc4.json -t
YCSB Client 0.18.0-SNAPSHOT

Loading workload...
Starting test.
SLF4J: Class path contains multiple SLF4J bindings.
SLF4J: Found binding in [jar:file:/users/Xinying/.m2/repository/ch/qos/logback/logback-classic/1.2.3/logback-classic-1.2.3.jar!/org/slf4j/impl/StaticLoggerBinder.class]
SLF4J: Found binding in [jar:file:/users/Xinying/.m2/repository/org/slf4j/slf4j-simple/1.7.25/slf4j-simple-1.7.25.jar!/org/slf4j/impl/StaticLoggerBinder.class]
SLF4J: See http://www.slf4j.org/codes.html#multiple_bindings for an explanation.
SLF4J: Actual binding is of type [ch.qos.logback.classic.util.ContextSelectorStaticBinder]
Maximum execution time specified as: 90 secs
2026-04-29 15:43:53:973 0 sec: 0 operations; 
Starting compaction watcher
DBWrapper: report latency for each error is false and specific error codes to track for latency are: []
2026-04-29 15:43:54:973 1 sec: 2052 operations; 2052 current ops/sec; [READ: Count=2057, Max=48799, Min=5, Avg=130.24, 90=157, 99=390, 99.9=4803, 99.99=48799] [READ-MODIFY-WRITE: Count=1073, Max=136191, Min=171, Avg=532.07, 90=530, 99=2243, 99.9=5271, 99.99=136191] [UPDATE: Count=1074, Max=134911, Min=160, Avg=420.09, 90=360, 99=1763, 99.9=4655, 99.99=134911] 
2026-04-29 15:43:55:338 - NewTail completed: 
2026-04-29 15:43:55:973 2 sec: 6603 operations; 4551 current ops/sec; [READ: Count=4549, Max=6335, Min=4, Avg=89.24, 90=138, 99=192, 99.9=4711, 99.99=6335] [READ-MODIFY-WRITE: Count=2204, Max=11327, Min=169, Avg=339.62, 90=430, 99=643, 99.9=5239, 99.99=11327] [UPDATE: Count=2208, Max=10703, Min=158, Avg=248.85, 90=298, 99=462, 99.9=1670, 99.99=10703] 
2026-04-29 15:43:56:941 - Compaction started: 
2026-04-29 15:43:56:973 3 sec: 11555 operations; 4952 current ops/sec; [READ: Count=4951, Max=6559, Min=5, Avg=74.49, 90=128, 99=171, 99.9=5363, 99.99=6559] [READ-MODIFY-WRITE: Count=2456, Max=9663, Min=165, Avg=324.8, 90=408, 99=764, 99.9=6679, 99.99=9663] [UPDATE: Count=2454, Max=8687, Min=154, Avg=249.36, 90=289, 99=572, 99.9=5435, 99.99=8687] 
139687536506432:Compacting datalog/35 datalog/36 into:sstable1/fbb56b3f-7c76-4b69-bce1-845da30f4611202604290943541777477437112381331.sst
2026-04-29 15:43:57:451 - Compaction completed: 
2026-04-29 15:43:57:973 4 sec: 16586 operations; 5031 current ops/sec; [READ: Count=5033, Max=10095, Min=5, Avg=80.68, 90=128, 99=206, 99.9=5059, 99.99=10095] [READ-MODIFY-WRITE: Count=2546, Max=10583, Min=157, Avg=313.01, 90=394, 99=555, 99.9=6711, 99.99=10583] [UPDATE: Count=2547, Max=6199, Min=144, Avg=226.69, 90=274, 99=339, 99.9=561, 99.99=6199] 
2026-04-29 15:43:58:973 5 sec: 21717 operations; 5131 current ops/sec; [READ: Count=5128, Max=4739, Min=4, Avg=73.32, 90=132, 99=175, 99.9=426, 99.99=4739] [READ-MODIFY-WRITE: Count=2535, Max=6239, Min=157, Avg=310.15, 90=395, 99=536, 99.9=5443, 99.99=6239] [UPDATE: Count=2531, Max=6103, Min=150, Avg=234.79, 90=275, 99=367, 99.9=5287, 99.99=6103] 
2026-04-29 15:43:59:973 6 sec: 25686 operations; 3969 current ops/sec; [READ: Count=3969, Max=4907, Min=5, Avg=71.36, 90=126, 99=165, 99.9=4009, 99.99=4907] [READ-MODIFY-WRITE: Count=2007, Max=107391, Min=164, Avg=432.45, 90=587, 99=1194, 99.9=7531, 99.99=107391] [UPDATE: Count=2011, Max=106943, Min=151, Avg=356.92, 90=525, 99=1070, 99.9=7411, 99.99=106943] 
2026-04-29 15:44:00:973 7 sec: 31087 operations; 5401 current ops/sec; [READ: Count=5405, Max=9863, Min=5, Avg=72.09, 90=125, 99=156, 99.9=4103, 99.99=9863] [READ-MODIFY-WRITE: Count=2682, Max=4463, Min=166, Avg=289.2, 90=386, 99=467, 99.9=840, 99.99=4463] [UPDATE: Count=2681, Max=4227, Min=157, Avg=221.85, 90=269, 99=328, 99.9=457, 99.99=4227] 
2026-04-29 15:44:01:973 8 sec: 36382 operations; 5295 current ops/sec; [READ: Count=5292, Max=5675, Min=5, Avg=73.6, 90=128, 99=165, 99.9=4275, 99.99=5675] [READ-MODIFY-WRITE: Count=2689, Max=5267, Min=161, Avg=293.83, 90=388, 99=475, 99.9=4267, 99.99=5267] [UPDATE: Count=2686, Max=3487, Min=148, Avg=221.18, 90=272, 99=331, 99.9=446, 99.99=3487] 
2026-04-29 15:44:02:973 9 sec: 41603 operations; 5221 current ops/sec; [READ: Count=5223, Max=5827, Min=5, Avg=71.85, 90=125, 99=174, 99.9=4379, 99.99=5827] [READ-MODIFY-WRITE: Count=2559, Max=49599, Min=160, Avg=311.24, 90=387, 99=511, 99.9=4883, 99.99=49599] [UPDATE: Count=2561, Max=49471, Min=147, Avg=238.12, 90=273, 99=343, 99.9=529, 99.99=49471] 
2026-04-29 15:44:03:973 10 sec: 46817 operations; 5214 current ops/sec; [READ: Count=5217, Max=11335, Min=5, Avg=72.91, 90=130, 99=179, 99.9=3677, 99.99=11335] [READ-MODIFY-WRITE: Count=2621, Max=5059, Min=162, Avg=304.16, 90=395, 99=519, 99.9=4847, 99.99=5059] [UPDATE: Count=2621, Max=4951, Min=154, Avg=230.37, 90=276, 99=349, 99.9=3871, 99.99=4951] 
2026-04-29 15:44:04:973 11 sec: 50219 operations; 3402 current ops/sec; [READ: Count=3398, Max=4395, Min=5, Avg=73.1, 90=132, 99=182, 99.9=3499, 99.99=4395] [READ-MODIFY-WRITE: Count=1667, Max=133119, Min=169, Avg=519.9, 90=839, 99=1421, 99.9=4703, 99.99=133119] [UPDATE: Count=1668, Max=132735, Min=160, Avg=444.54, 90=731, 99=1271, 99.9=4495, 99.99=132735] 
2026-04-29 15:44:05:973 12 sec: 55327 operations; 5108 current ops/sec; [READ: Count=5106, Max=5531, Min=5, Avg=75.47, 90=133, 99=163, 99.9=4159, 99.99=5531] [READ-MODIFY-WRITE: Count=2565, Max=5883, Min=163, Avg=309.91, 90=404, 99=500, 99.9=4911, 99.99=5883] [UPDATE: Count=2564, Max=4347, Min=154, Avg=233.52, 90=282, 99=353, 99.9=1144, 99.99=4347] 
2026-04-29 15:44:06:973 13 sec: 60592 operations; 5265 current ops/sec; [READ: Count=5265, Max=5879, Min=5, Avg=72.76, 90=130, 99=201, 99.9=3451, 99.99=5879] [READ-MODIFY-WRITE: Count=2625, Max=4559, Min=170, Avg=300.01, 90=391, 99=515, 99.9=4069, 99.99=4559] [UPDATE: Count=2624, Max=4303, Min=156, Avg=229.5, 90=274, 99=345, 99.9=3929, 99.99=4303] 
2026-04-29 15:44:07:973 14 sec: 65844 operations; 5252 current ops/sec; [READ: Count=5254, Max=5835, Min=5, Avg=71.23, 90=131, 99=176, 99.9=4115, 99.99=5835] [READ-MODIFY-WRITE: Count=2630, Max=13463, Min=161, Avg=304.67, 90=397, 99=516, 99.9=5019, 99.99=13463] [UPDATE: Count=2631, Max=13215, Min=153, Avg=233.06, 90=278, 99=353, 99.9=4319, 99.99=13215] 
2026-04-29 15:44:08:973 15 sec: 71358 operations; 5514 current ops/sec; [READ: Count=5512, Max=5779, Min=5, Avg=67.51, 90=129, 99=160, 99.9=4093, 99.99=5779] [READ-MODIFY-WRITE: Count=2774, Max=5255, Min=165, Avg=287.36, 90=390, 99=454, 99.9=4419, 99.99=5255] [UPDATE: Count=2773, Max=5035, Min=157, Avg=222.4, 90=267, 99=332, 99.9=522, 99.99=5035] 
2026-04-29 15:44:09:973 16 sec: 72879 operations; 1521 current ops/sec; [READ: Count=1521, Max=7431, Min=5, Avg=78.45, 90=141, 99=234, 99.9=3833, 99.99=7431] [READ-MODIFY-WRITE: Count=755, Max=125567, Min=170, Avg=1247.15, 90=3799, 99=7287, 99.9=125567, 99.99=125567] [UPDATE: Count=754, Max=125375, Min=163, Avg=1159.98, 90=3701, 99=7059, 99.9=125375, 99.99=125375] 
2026-04-29 15:44:10:973 17 sec: 73553 operations; 674 current ops/sec; [READ: Count=674, Max=657, Min=5, Avg=81.65, 90=146, 99=596, 99.9=657, 99.99=657] [READ-MODIFY-WRITE: Count=349, Max=9319, Min=440, Avg=2789.43, 90=4363, 99=5371, 99.9=9319, 99.99=9319] [UPDATE: Count=349, Max=9103, Min=374, Avg=2708.05, 90=4311, 99=5283, 99.9=9103, 99.99=9103] 
2026-04-29 15:44:11:973 18 sec: 77544 operations; 3991 current ops/sec; [READ: Count=3993, Max=4427, Min=5, Avg=74.44, 90=137, 99=178, 99.9=3455, 99.99=4427] [READ-MODIFY-WRITE: Count=2031, Max=22447, Min=162, Avg=416.06, 90=586, 99=3027, 99.9=5847, 99.99=22447] [UPDATE: Count=2034, Max=22207, Min=153, Avg=341.56, 90=521, 99=2747, 99.9=5835, 99.99=22207] 
2026-04-29 15:44:12:973 19 sec: 82828 operations; 5284 current ops/sec; [READ: Count=5283, Max=4443, Min=5, Avg=72.68, 90=135, 99=168, 99.9=3829, 99.99=4443] [READ-MODIFY-WRITE: Count=2646, Max=5235, Min=164, Avg=300.7, 90=401, 99=488, 99.9=4295, 99.99=5235] [UPDATE: Count=2644, Max=5031, Min=156, Avg=228.81, 90=276, 99=341, 99.9=417, 99.99=5031] 
2026-04-29 15:44:13:973 20 sec: 88167 operations; 5339 current ops/sec; [READ: Count=5338, Max=9879, Min=5, Avg=70.98, 90=131, 99=169, 99.9=3943, 99.99=9879] [READ-MODIFY-WRITE: Count=2695, Max=22031, Min=159, Avg=302.4, 90=387, 99=482, 99.9=5223, 99.99=22031] [UPDATE: Count=2696, Max=21919, Min=149, Avg=226.38, 90=263, 99=322, 99.9=4495, 99.99=21919] 
2026-04-29 15:44:14:973 21 sec: 92334 operations; 4167 current ops/sec; [READ: Count=4167, Max=4931, Min=5, Avg=74.21, 90=134, 99=175, 99.9=3947, 99.99=4931] [READ-MODIFY-WRITE: Count=2143, Max=82815, Min=158, Avg=392.82, 90=576, 99=1217, 99.9=4707, 99.99=82815] [UPDATE: Count=2143, Max=82559, Min=150, Avg=318.25, 90=485, 99=1036, 99.9=4085, 99.99=82559] 
2026-04-29 15:44:15:973 22 sec: 97654 operations; 5320 current ops/sec; [READ: Count=5320, Max=11975, Min=5, Avg=71.59, 90=132, 99=174, 99.9=3787, 99.99=11975] [READ-MODIFY-WRITE: Count=2670, Max=12367, Min=162, Avg=302.69, 90=394, 99=488, 99.9=4875, 99.99=12367] [UPDATE: Count=2668, Max=7423, Min=154, Avg=227.58, 90=271, 99=335, 99.9=4299, 99.99=7423] 
2026-04-29 15:44:16:973 23 sec: 102847 operations; 5193 current ops/sec; [READ: Count=5193, Max=9999, Min=5, Avg=71.7, 90=133, 99=173, 99.9=4049, 99.99=9999] [READ-MODIFY-WRITE: Count=2592, Max=17695, Min=161, Avg=312.09, 90=401, 99=497, 99.9=5667, 99.99=17695] [UPDATE: Count=2593, Max=17583, Min=151, Avg=238.11, 90=277, 99=344, 99.9=5243, 99.99=17583] 
2026-04-29 15:44:17:973 24 sec: 108174 operations; 5327 current ops/sec; [READ: Count=5328, Max=5763, Min=5, Avg=72.18, 90=133, 99=166, 99.9=4407, 99.99=5763] [READ-MODIFY-WRITE: Count=2620, Max=22351, Min=164, Avg=298.65, 90=397, 99=456, 99.9=4787, 99.99=22351] [UPDATE: Count=2620, Max=22255, Min=156, Avg=230.89, 90=272, 99=322, 99.9=369, 99.99=22255] 
2026-04-29 15:44:18:973 25 sec: 113760 operations; 5586 current ops/sec; [READ: Count=5585, Max=4967, Min=5, Avg=67.19, 90=133, 99=167, 99.9=3923, 99.99=4967] [READ-MODIFY-WRITE: Count=2754, Max=5475, Min=162, Avg=286.93, 90=394, 99=459, 99.9=4199, 99.99=5475] [UPDATE: Count=2754, Max=5259, Min=154, Avg=222.91, 90=268, 99=327, 99.9=411, 99.99=5259] 
2026-04-29 15:44:19:973 26 sec: 117195 operations; 3435 current ops/sec; [READ: Count=3435, Max=9183, Min=5, Avg=75.09, 90=139, 99=191, 99.9=4531, 99.99=9183] [READ-MODIFY-WRITE: Count=1726, Max=124415, Min=173, Avg=504.26, 90=793, 99=1338, 99.9=16495, 99.99=124415] [UPDATE: Count=1726, Max=124095, Min=166, Avg=425.38, 90=692, 99=1124, 99.9=16399, 99.99=124095] 
2026-04-29 15:44:20:973 27 sec: 121555 operations; 4360 current ops/sec; [READ: Count=4359, Max=15215, Min=5, Avg=83.55, 90=146, 99=218, 99.9=3823, 99.99=15215] [READ-MODIFY-WRITE: Count=2241, Max=6275, Min=161, Avg=363.82, 90=535, 99=1063, 99.9=4979, 99.99=6275] [UPDATE: Count=2240, Max=6091, Min=152, Avg=278.62, 90=388, 99=922, 99.9=3941, 99.99=6091] 
2026-04-29 15:44:21:973 28 sec: 126954 operations; 5399 current ops/sec; [READ: Count=5400, Max=5095, Min=5, Avg=69.54, 90=135, 99=171, 99.9=3843, 99.99=5095] [READ-MODIFY-WRITE: Count=2677, Max=22815, Min=161, Avg=300.36, 90=395, 99=479, 99.9=5075, 99.99=22815] [UPDATE: Count=2677, Max=22671, Min=151, Avg=229.81, 90=270, 99=343, 99.9=440, 99.99=22671] 
2026-04-29 15:44:22:973 29 sec: 132402 operations; 5448 current ops/sec; [READ: Count=5448, Max=5307, Min=5, Avg=70.44, 90=136, 99=171, 99.9=4503, 99.99=5307] [READ-MODIFY-WRITE: Count=2713, Max=17119, Min=161, Avg=295.27, 90=395, 99=473, 99.9=4927, 99.99=17119] [UPDATE: Count=2714, Max=16943, Min=151, Avg=223.27, 90=269, 99=324, 99.9=399, 99.99=16943] 
2026-04-29 15:44:23:973 30 sec: 137775 operations; 5373 current ops/sec; [READ: Count=5373, Max=11543, Min=5, Avg=71.57, 90=136, 99=168, 99.9=4311, 99.99=11543] [READ-MODIFY-WRITE: Count=2673, Max=23647, Min=162, Avg=300.15, 90=391, 99=480, 99.9=5155, 99.99=23647] [UPDATE: Count=2674, Max=23455, Min=152, Avg=226.33, 90=266, 99=331, 99.9=838, 99.99=23455] 
2026-04-29 15:44:24:973 31 sec: 141715 operations; 3940 current ops/sec; [READ: Count=3940, Max=5367, Min=5, Avg=76.34, 90=142, 99=199, 99.9=3947, 99.99=5367] [READ-MODIFY-WRITE: Count=1958, Max=120063, Min=160, Avg=427.31, 90=613, 99=1175, 99.9=6079, 99.99=120063] [UPDATE: Count=1957, Max=119807, Min=150, Avg=353.02, 90=555, 99=1036, 99.9=1369, 99.99=119807] 
2026-04-29 15:44:25:973 32 sec: 146351 operations; 4636 current ops/sec; [READ: Count=4638, Max=5571, Min=5, Avg=72.09, 90=138, 99=184, 99.9=3403, 99.99=5571] [READ-MODIFY-WRITE: Count=2261, Max=23823, Min=164, Avg=362.87, 90=564, 99=1135, 99.9=4439, 99.99=23823] [UPDATE: Count=2261, Max=23711, Min=154, Avg=290.26, 90=480, 99=1017, 99.9=2137, 99.99=23711] 
2026-04-29 15:44:26:973 33 sec: 151645 operations; 5294 current ops/sec; [READ: Count=5292, Max=5927, Min=5, Avg=75.19, 90=139, 99=201, 99.9=3741, 99.99=5927] [READ-MODIFY-WRITE: Count=2618, Max=6219, Min=165, Avg=302.64, 90=405, 99=542, 99.9=4083, 99.99=6219] [UPDATE: Count=2618, Max=4383, Min=155, Avg=226.06, 90=275, 99=348, 99.9=427, 99.99=4383] 
2026-04-29 15:44:27:973 34 sec: 156534 operations; 4889 current ops/sec; [READ: Count=4890, Max=14623, Min=5, Avg=74.56, 90=141, 99=204, 99.9=3509, 99.99=14623] [READ-MODIFY-WRITE: Count=2487, Max=23519, Min=169, Avg=330.37, 90=418, 99=564, 99.9=6619, 99.99=23519] [UPDATE: Count=2488, Max=23407, Min=154, Avg=251.47, 90=283, 99=366, 99.9=5963, 99.99=23407] 
2026-04-29 15:44:28:973 35 sec: 161775 operations; 5241 current ops/sec; [READ: Count=5241, Max=4975, Min=5, Avg=69.63, 90=136, 99=181, 99.9=4239, 99.99=4975] [READ-MODIFY-WRITE: Count=2677, Max=20175, Min=164, Avg=304.27, 90=403, 99=505, 99.9=5235, 99.99=20175] [UPDATE: Count=2675, Max=19951, Min=157, Avg=233.33, 90=274, 99=336, 99.9=4791, 99.99=19951] 
2026-04-29 15:44:29:973 36 sec: 166034 operations; 4259 current ops/sec; [READ: Count=4258, Max=9735, Min=5, Avg=75.7, 90=140, 99=203, 99.9=4883, 99.99=9735] [READ-MODIFY-WRITE: Count=2064, Max=117887, Min=164, Avg=399.42, 90=521, 99=1094, 99.9=4211, 99.99=117887] [UPDATE: Count=2065, Max=117695, Min=156, Avg=324.15, 90=365, 99=920, 99.9=4023, 99.99=117695] 
2026-04-29 15:44:30:973 37 sec: 168998 operations; 2964 current ops/sec; [READ: Count=2965, Max=3925, Min=5, Avg=77.22, 90=146, 99=232, 99.9=1671, 99.99=3925] [READ-MODIFY-WRITE: Count=1472, Max=23903, Min=166, Avg=594.85, 90=1319, 99=2677, 99.9=7543, 99.99=23903] [UPDATE: Count=1473, Max=23615, Min=157, Avg=519.19, 90=1220, 99=2585, 99.9=7363, 99.99=23615] 
2026-04-29 15:44:31:973 38 sec: 174106 operations; 5108 current ops/sec; [READ: Count=5107, Max=4975, Min=5, Avg=77.19, 90=146, 99=201, 99.9=3801, 99.99=4975] [READ-MODIFY-WRITE: Count=2555, Max=5235, Min=163, Avg=307.65, 90=417, 99=536, 99.9=5063, 99.99=5235] [UPDATE: Count=2553, Max=4987, Min=153, Avg=228.1, 90=276, 99=342, 99.9=4475, 99.99=4987] 
2026-04-29 15:44:32:973 39 sec: 179270 operations; 5164 current ops/sec; [READ: Count=5165, Max=4057, Min=5, Avg=73.73, 90=145, 99=199, 99.9=708, 99.99=4057] [READ-MODIFY-WRITE: Count=2514, Max=24031, Min=167, Avg=316.58, 90=417, 99=533, 99.9=7387, 99.99=24031] [UPDATE: Count=2515, Max=23935, Min=157, Avg=247.02, 90=281, 99=359, 99.9=7379, 99.99=23935] 
2026-04-29 15:44:33:973 40 sec: 184365 operations; 5095 current ops/sec; [READ: Count=5095, Max=15471, Min=5, Avg=76.87, 90=141, 99=185, 99.9=4655, 99.99=15471] [READ-MODIFY-WRITE: Count=2541, Max=24191, Min=162, Avg=308.92, 90=405, 99=512, 99.9=4843, 99.99=24191] [UPDATE: Count=2543, Max=24015, Min=154, Avg=235.51, 90=270, 99=337, 99.9=3763, 99.99=24015] 
2026-04-29 15:44:34:973 41 sec: 189020 operations; 4655 current ops/sec; [READ: Count=4654, Max=5591, Min=5, Avg=70.74, 90=139, 99=180, 99.9=3839, 99.99=5591] [READ-MODIFY-WRITE: Count=2291, Max=111039, Min=164, Avg=364.62, 90=416, 99=1096, 99.9=5267, 99.99=111039] [UPDATE: Count=2289, Max=110911, Min=156, Avg=289.08, 90=281, 99=837, 99.9=4013, 99.99=110911] 
2026-04-29 15:44:35:973 42 sec: 192257 operations; 3237 current ops/sec; [READ: Count=3238, Max=8519, Min=6, Avg=86.93, 90=158, 99=238, 99.9=3835, 99.99=8519] [READ-MODIFY-WRITE: Count=1619, Max=21439, Min=164, Avg=525.22, 90=1010, 99=1833, 99.9=8815, 99.99=21439] [UPDATE: Count=1619, Max=21263, Min=154, Avg=439.17, 90=904, 99=1725, 99.9=2567, 99.99=21263] 
2026-04-29 15:44:36:973 43 sec: 197292 operations; 5035 current ops/sec; [READ: Count=5037, Max=5495, Min=6, Avg=76.18, 90=146, 99=189, 99.9=3433, 99.99=5495] [READ-MODIFY-WRITE: Count=2502, Max=23935, Min=170, Avg=323.61, 90=419, 99=515, 99.9=5331, 99.99=23935] [UPDATE: Count=2502, Max=23823, Min=161, Avg=242.21, 90=280, 99=334, 99.9=4647, 99.99=23823] 
2026-04-29 15:44:37:973 44 sec: 202344 operations; 5052 current ops/sec; [READ: Count=5049, Max=4839, Min=6, Avg=78.91, 90=151, 99=208, 99.9=3795, 99.99=4839] [READ-MODIFY-WRITE: Count=2520, Max=5279, Min=167, Avg=315.56, 90=436, 99=559, 99.9=4935, 99.99=5279] [UPDATE: Count=2520, Max=5083, Min=157, Avg=234.33, 90=292, 99=362, 99.9=440, 99.99=5083] 
2026-04-29 15:44:38:973 45 sec: 207153 operations; 4809 current ops/sec; [READ: Count=4809, Max=10871, Min=5, Avg=81.85, 90=156, 99=212, 99.9=4415, 99.99=10871] [READ-MODIFY-WRITE: Count=2462, Max=19183, Min=170, Avg=329.75, 90=438, 99=553, 99.9=5107, 99.99=19183] [UPDATE: Count=2463, Max=18927, Min=159, Avg=242.18, 90=287, 99=356, 99.9=4471, 99.99=18927] 
2026-04-29 15:44:39:594 - NewTail completed: 
2026-04-29 15:44:39:973 46 sec: 211968 operations; 4815 current ops/sec; [READ: Count=4815, Max=39839, Min=6, Avg=81.97, 90=144, 99=201, 99.9=3799, 99.99=39839] [READ-MODIFY-WRITE: Count=2426, Max=4443, Min=165, Avg=303.19, 90=411, 99=522, 99.9=4131, 99.99=4443] [UPDATE: Count=2424, Max=3811, Min=155, Avg=225.78, 90=272, 99=343, 99.9=2717, 99.99=3811] 
2026-04-29 15:44:40:973 47 sec: 214254 operations; 2286 current ops/sec; [READ: Count=2286, Max=1560, Min=6, Avg=74.38, 90=148, 99=208, 99.9=1217, 99.99=1560] [READ-MODIFY-WRITE: Count=1151, Max=121471, Min=173, Avg=832.86, 90=1321, 99=3389, 99.9=9575, 99.99=121471] [UPDATE: Count=1154, Max=121407, Min=162, Avg=756.72, 90=1225, 99=3367, 99.9=8591, 99.99=121407] 
2026-04-29 15:44:41:973 48 sec: 219412 operations; 5158 current ops/sec; [READ: Count=5159, Max=5651, Min=6, Avg=74.71, 90=143, 99=185, 99.9=3883, 99.99=5651] [READ-MODIFY-WRITE: Count=2565, Max=6911, Min=169, Avg=315.84, 90=417, 99=512, 99.9=5375, 99.99=6911] [UPDATE: Count=2562, Max=6819, Min=158, Avg=235.69, 90=279, 99=348, 99.9=4599, 99.99=6819] 
2026-04-29 15:44:42:973 49 sec: 224714 operations; 5302 current ops/sec; [READ: Count=5301, Max=5651, Min=6, Avg=73.19, 90=144, 99=179, 99.9=3921, 99.99=5651] [READ-MODIFY-WRITE: Count=2586, Max=10431, Min=169, Avg=305.6, 90=413, 99=491, 99.9=4883, 99.99=10431] [UPDATE: Count=2587, Max=10191, Min=160, Avg=232.71, 90=274, 99=338, 99.9=4319, 99.99=10191] 
2026-04-29 15:44:43:973 50 sec: 229625 operations; 4911 current ops/sec; [READ: Count=4911, Max=5571, Min=6, Avg=77.21, 90=151, 99=197, 99.9=4475, 99.99=5571] [READ-MODIFY-WRITE: Count=2449, Max=24319, Min=171, Avg=328.28, 90=440, 99=547, 99.9=5423, 99.99=24319] [UPDATE: Count=2450, Max=24175, Min=162, Avg=249.47, 90=293, 99=354, 99.9=4915, 99.99=24175] 
2026-04-29 15:44:44:973 51 sec: 234697 operations; 5072 current ops/sec; [READ: Count=5072, Max=4891, Min=6, Avg=75.62, 90=150, 99=197, 99.9=3627, 99.99=4891] [READ-MODIFY-WRITE: Count=2532, Max=5079, Min=168, Avg=316.65, 90=433, 99=555, 99.9=4675, 99.99=5079] [UPDATE: Count=2530, Max=4935, Min=161, Avg=239.45, 90=293, 99=362, 99.9=4123, 99.99=4935] 
2026-04-29 15:44:45:973 52 sec: 235361 operations; 664 current ops/sec; [READ: Count=664, Max=6303, Min=6, Avg=116.24, 90=189, 99=677, 99.9=6303, 99.99=6303] [READ-MODIFY-WRITE: Count=352, Max=110975, Min=210, Avg=2747.03, 90=4759, 99=6983, 99.9=110975, 99.99=110975] [UPDATE: Count=352, Max=110847, Min=196, Avg=2611.28, 90=4659, 99=6259, 99.9=110847, 99.99=110847] 
2026-04-29 15:44:46:973 53 sec: 236799 operations; 1438 current ops/sec; [READ: Count=1439, Max=11375, Min=6, Avg=88.92, 90=153, 99=323, 99.9=5095, 99.99=11375] [READ-MODIFY-WRITE: Count=728, Max=13495, Min=168, Avg=1289.34, 90=3499, 99=5387, 99.9=13495, 99.99=13495] [UPDATE: Count=730, Max=11119, Min=158, Avg=1192.69, 90=3363, 99=5163, 99.9=11119, 99.99=11119] 
2026-04-29 15:44:47:973 54 sec: 241950 operations; 5151 current ops/sec; [READ: Count=5150, Max=4715, Min=6, Avg=72.99, 90=141, 99=186, 99.9=3611, 99.99=4715] [READ-MODIFY-WRITE: Count=2607, Max=6999, Min=169, Avg=311.72, 90=417, 99=510, 99.9=4971, 99.99=6999] [UPDATE: Count=2606, Max=6951, Min=160, Avg=235.57, 90=282, 99=347, 99.9=4447, 99.99=6951] 
2026-04-29 15:44:48:973 55 sec: 247191 operations; 5241 current ops/sec; [READ: Count=5241, Max=4099, Min=6, Avg=72.76, 90=147, 99=190, 99.9=3547, 99.99=4099] [READ-MODIFY-WRITE: Count=2568, Max=8471, Min=167, Avg=309.43, 90=423, 99=516, 99.9=4539, 99.99=8471] [UPDATE: Count=2567, Max=8303, Min=156, Avg=237.02, 90=284, 99=350, 99.9=4391, 99.99=8303] 
2026-04-29 15:44:49:973 56 sec: 252371 operations; 5180 current ops/sec; [READ: Count=5180, Max=5791, Min=6, Avg=73.11, 90=143, 99=185, 99.9=4143, 99.99=5791] [READ-MODIFY-WRITE: Count=2620, Max=18287, Min=167, Avg=305.63, 90=413, 99=499, 99.9=5147, 99.99=18287] [UPDATE: Count=2622, Max=18127, Min=157, Avg=233.43, 90=277, 99=340, 99.9=4111, 99.99=18127] 
2026-04-29 15:44:50:973 57 sec: 253836 operations; 1465 current ops/sec; [READ: Count=1465, Max=5307, Min=6, Avg=94.3, 90=172, 99=367, 99.9=4523, 99.99=5307] [READ-MODIFY-WRITE: Count=751, Max=87039, Min=174, Avg=1227.58, 90=3165, 99=4675, 99.9=87039, 99.99=87039] [UPDATE: Count=749, Max=86847, Min=164, Avg=1142.25, 90=3103, 99=4603, 99.9=86847, 99.99=86847] 
2026-04-29 15:44:51:973 58 sec: 257530 operations; 3694 current ops/sec; [READ: Count=3695, Max=6095, Min=6, Avg=82.49, 90=152, 99=239, 99.9=3773, 99.99=6095] [READ-MODIFY-WRITE: Count=1877, Max=18223, Min=169, Avg=451.35, 90=657, 99=3375, 99.9=6759, 99.99=18223] [UPDATE: Count=1879, Max=18127, Min=159, Avg=367.11, 90=568, 99=3115, 99.9=6395, 99.99=18127] 
2026-04-29 15:44:52:966 - Compaction started: 
2026-04-29 15:44:52:973 59 sec: 262538 operations; 5008 current ops/sec; [READ: Count=5008, Max=5527, Min=6, Avg=77.06, 90=149, 99=206, 99.9=4135, 99.99=5527] [READ-MODIFY-WRITE: Count=2571, Max=18815, Min=167, Avg=316.56, 90=424, 99=537, 99.9=5059, 99.99=18815] [UPDATE: Count=2570, Max=18719, Min=156, Avg=235.18, 90=277, 99=355, 99.9=4001, 99.99=18719] 
139687536506432:Compacting datalog/69 datalog/70 into:sstable1/fbb56b3f-7c76-4b69-bce1-845da30f4611202604290943541777477493094020779.sst
2026-04-29 15:44:53:418 - Compaction completed: 
2026-04-29 15:44:53:973 60 sec: 267671 operations; 5133 current ops/sec; [READ: Count=5133, Max=5871, Min=6, Avg=78.46, 90=149, 99=210, 99.9=4203, 99.99=5871] [READ-MODIFY-WRITE: Count=2552, Max=5167, Min=164, Avg=311.32, 90=428, 99=521, 99.9=4915, 99.99=5167] [UPDATE: Count=2551, Max=4983, Min=155, Avg=230.12, 90=279, 99=340, 99.9=4331, 99.99=4983] 
2026-04-29 15:44:54:973 61 sec: 272439 operations; 4768 current ops/sec; [READ: Count=4767, Max=18511, Min=6, Avg=84.62, 90=157, 99=234, 99.9=4407, 99.99=18511] [READ-MODIFY-WRITE: Count=2382, Max=23999, Min=164, Avg=333.8, 90=441, 99=603, 99.9=4863, 99.99=23999] [UPDATE: Count=2384, Max=23823, Min=155, Avg=246.38, 90=290, 99=374, 99.9=3837, 99.99=23823] 
2026-04-29 15:44:55:973 62 sec: 275672 operations; 3233 current ops/sec; [READ: Count=3233, Max=4591, Min=6, Avg=85.71, 90=169, 99=270, 99.9=2653, 99.99=4591] [READ-MODIFY-WRITE: Count=1597, Max=102335, Min=171, Avg=532.06, 90=825, 99=1433, 99.9=4607, 99.99=102335] [UPDATE: Count=1597, Max=102207, Min=159, Avg=447.4, 90=686, 99=1367, 99.9=4467, 99.99=102207] 
2026-04-29 15:44:56:973 63 sec: 280824 operations; 5152 current ops/sec; [READ: Count=5153, Max=9887, Min=6, Avg=77.68, 90=145, 99=202, 99.9=4061, 99.99=9887] [READ-MODIFY-WRITE: Count=2591, Max=18767, Min=157, Avg=302.86, 90=411, 99=506, 99.9=4291, 99.99=18767] [UPDATE: Count=2591, Max=18575, Min=148, Avg=227.75, 90=273, 99=335, 99.9=546, 99.99=18575] 
2026-04-29 15:44:57:973 64 sec: 286109 operations; 5285 current ops/sec; [READ: Count=5284, Max=4883, Min=6, Avg=75.47, 90=148, 99=189, 99.9=3749, 99.99=4883] [READ-MODIFY-WRITE: Count=2659, Max=5291, Min=165, Avg=299.57, 90=416, 99=495, 99.9=4311, 99.99=5291] [UPDATE: Count=2657, Max=5195, Min=156, Avg=222.31, 90=273, 99=328, 99.9=389, 99.99=5195] 
2026-04-29 15:44:58:973 65 sec: 291441 operations; 5332 current ops/sec; [READ: Count=5332, Max=4951, Min=6, Avg=71.79, 90=147, 99=193, 99.9=3551, 99.99=4951] [READ-MODIFY-WRITE: Count=2683, Max=6523, Min=164, Avg=297.4, 90=418, 99=516, 99.9=4779, 99.99=6523] [UPDATE: Count=2683, Max=6283, Min=156, Avg=226.23, 90=273, 99=340, 99.9=4631, 99.99=6283] 
2026-04-29 15:44:59:973 66 sec: 296396 operations; 4955 current ops/sec; [READ: Count=4955, Max=9839, Min=6, Avg=79.22, 90=153, 99=206, 99.9=4211, 99.99=9839] [READ-MODIFY-WRITE: Count=2477, Max=24671, Min=167, Avg=327.75, 90=432, 99=546, 99.9=5079, 99.99=24671] [UPDATE: Count=2479, Max=24447, Min=158, Avg=241.18, 90=283, 99=353, 99.9=4227, 99.99=24447] 
2026-04-29 15:45:00:973 67 sec: 299494 operations; 3098 current ops/sec; [READ: Count=3098, Max=10983, Min=6, Avg=88.12, 90=164, 99=265, 99.9=3657, 99.99=10983] [READ-MODIFY-WRITE: Count=1557, Max=126079, Min=173, Avg=549.87, 90=828, 99=1378, 99.9=23647, 99.99=126079] [UPDATE: Count=1557, Max=125823, Min=164, Avg=462.65, 90=710, 99=1198, 99.9=23647, 99.99=125823] 
2026-04-29 15:45:01:973 68 sec: 304363 operations; 4869 current ops/sec; [READ: Count=4869, Max=4355, Min=6, Avg=76.68, 90=150, 99=201, 99.9=3699, 99.99=4355] [READ-MODIFY-WRITE: Count=2439, Max=4699, Min=166, Avg=333.38, 90=465, 99=1052, 99.9=4551, 99.99=4699] [UPDATE: Count=2439, Max=4523, Min=155, Avg=253.05, 90=303, 99=898, 99.9=1188, 99.99=4523] 
2026-04-29 15:45:02:973 69 sec: 309193 operations; 4830 current ops/sec; [READ: Count=4830, Max=9599, Min=6, Avg=83.37, 90=159, 99=216, 99.9=4077, 99.99=9599] [READ-MODIFY-WRITE: Count=2400, Max=25119, Min=166, Avg=329.07, 90=443, 99=548, 99.9=4847, 99.99=25119] [UPDATE: Count=2400, Max=24943, Min=157, Avg=244.84, 90=289, 99=360, 99.9=4619, 99.99=24943] 
2026-04-29 15:45:03:973 70 sec: 314135 operations; 4942 current ops/sec; [READ: Count=4942, Max=5019, Min=6, Avg=80.5, 90=156, 99=230, 99.9=3933, 99.99=5019] [READ-MODIFY-WRITE: Count=2458, Max=24399, Min=164, Avg=325.65, 90=436, 99=577, 99.9=5151, 99.99=24399] [UPDATE: Count=2458, Max=24303, Min=156, Avg=240.73, 90=283, 99=358, 99.9=3809, 99.99=24303] 
2026-04-29 15:45:04:973 71 sec: 319415 operations; 5280 current ops/sec; [READ: Count=5280, Max=4259, Min=6, Avg=75.44, 90=150, 99=206, 99.9=3831, 99.99=4259] [READ-MODIFY-WRITE: Count=2618, Max=5171, Min=163, Avg=301.41, 90=424, 99=509, 99.9=4563, 99.99=5171] [UPDATE: Count=2618, Max=4955, Min=154, Avg=226.09, 90=277, 99=348, 99.9=4163, 99.99=4955] 
2026-04-29 15:45:05:973 72 sec: 323062 operations; 3647 current ops/sec; [READ: Count=3647, Max=8295, Min=6, Avg=80.12, 90=154, 99=223, 99.9=4147, 99.99=8295] [READ-MODIFY-WRITE: Count=1800, Max=119807, Min=164, Avg=469.85, 90=629, 99=1267, 99.9=20767, 99.99=119807] [UPDATE: Count=1800, Max=119679, Min=152, Avg=389, 90=569, 99=1125, 99.9=20639, 99.99=119679] 
2026-04-29 15:45:06:973 73 sec: 328163 operations; 5101 current ops/sec; [READ: Count=5101, Max=14943, Min=6, Avg=82.51, 90=154, 99=227, 99.9=3685, 99.99=14943] [READ-MODIFY-WRITE: Count=2499, Max=15271, Min=167, Avg=317.18, 90=435, 99=549, 99.9=4991, 99.99=15271] [UPDATE: Count=2499, Max=5087, Min=157, Avg=227.62, 90=281, 99=357, 99.9=442, 99.99=5087] 
2026-04-29 15:45:07:973 74 sec: 333281 operations; 5118 current ops/sec; [READ: Count=5119, Max=5467, Min=6, Avg=73.15, 90=151, 99=200, 99.9=3353, 99.99=5467] [READ-MODIFY-WRITE: Count=2568, Max=17647, Min=170, Avg=317.49, 90=433, 99=531, 99.9=4411, 99.99=17647] [UPDATE: Count=2567, Max=17583, Min=158, Avg=239.9, 90=284, 99=350, 99.9=4283, 99.99=17583] 
2026-04-29 15:45:08:973 75 sec: 338453 operations; 5172 current ops/sec; [READ: Count=5171, Max=10591, Min=6, Avg=73.81, 90=149, 99=201, 99.9=3441, 99.99=10591] [READ-MODIFY-WRITE: Count=2532, Max=6211, Min=172, Avg=315.37, 90=434, 99=537, 99.9=4979, 99.99=6211] [UPDATE: Count=2533, Max=6199, Min=164, Avg=240.28, 90=286, 99=363, 99.9=4759, 99.99=6199] 
2026-04-29 15:45:09:973 76 sec: 343532 operations; 5079 current ops/sec; [READ: Count=5079, Max=4639, Min=6, Avg=77.09, 90=149, 99=208, 99.9=3969, 99.99=4639] [READ-MODIFY-WRITE: Count=2537, Max=17311, Min=169, Avg=315.05, 90=430, 99=519, 99.9=5187, 99.99=17311] [UPDATE: Count=2536, Max=17215, Min=159, Avg=236.11, 90=282, 99=336, 99.9=547, 99.99=17215] 
2026-04-29 15:45:10:973 77 sec: 347490 operations; 3958 current ops/sec; [READ: Count=3958, Max=4583, Min=6, Avg=76.84, 90=159, 99=241, 99.9=3467, 99.99=4583] [READ-MODIFY-WRITE: Count=1954, Max=120831, Min=178, Avg=431.27, 90=571, 99=1212, 99.9=5379, 99.99=120831] [UPDATE: Count=1955, Max=120639, Min=166, Avg=352.14, 90=489, 99=1044, 99.9=4175, 99.99=120639] 
2026-04-29 15:45:11:973 78 sec: 350892 operations; 3402 current ops/sec; [READ: Count=3402, Max=4611, Min=7, Avg=88.61, 90=176, 99=289, 99.9=3499, 99.99=4611] [READ-MODIFY-WRITE: Count=1707, Max=23631, Min=183, Avg=498.6, 90=929, 99=2209, 99.9=4939, 99.99=23631] [UPDATE: Count=1706, Max=23551, Min=169, Avg=404.78, 90=801, 99=1997, 99.9=3289, 99.99=23551] 
2026-04-29 15:45:12:973 79 sec: 355772 operations; 4880 current ops/sec; [READ: Count=4881, Max=9863, Min=6, Avg=83.1, 90=161, 99=230, 99.9=3797, 99.99=9863] [READ-MODIFY-WRITE: Count=2412, Max=10239, Min=179, Avg=330.74, 90=451, 99=580, 99.9=4631, 99.99=10239] [UPDATE: Count=2412, Max=4891, Min=169, Avg=242.22, 90=298, 99=356, 99.9=496, 99.99=4891] 
2026-04-29 15:45:13:973 80 sec: 360489 operations; 4717 current ops/sec; [READ: Count=4716, Max=15391, Min=7, Avg=86.52, 90=167, 99=246, 99.9=3843, 99.99=15391] [READ-MODIFY-WRITE: Count=2328, Max=16055, Min=175, Avg=340.03, 90=469, 99=598, 99.9=5159, 99.99=16055] [UPDATE: Count=2328, Max=7295, Min=163, Avg=249.84, 90=302, 99=372, 99.9=3839, 99.99=7295] 
2026-04-29 15:45:14:973 81 sec: 365397 operations; 4908 current ops/sec; [READ: Count=4909, Max=4575, Min=6, Avg=78.48, 90=160, 99=230, 99.9=3845, 99.99=4575] [READ-MODIFY-WRITE: Count=2451, Max=5135, Min=178, Avg=322.22, 90=458, 99=576, 99.9=4711, 99.99=5135] [UPDATE: Count=2451, Max=4959, Min=167, Avg=246.82, 90=303, 99=371, 99.9=4099, 99.99=4959] 
2026-04-29 15:45:15:973 82 sec: 369281 operations; 3884 current ops/sec; [READ: Count=3883, Max=5123, Min=6, Avg=79.16, 90=158, 99=246, 99.9=3387, 99.99=5123] [READ-MODIFY-WRITE: Count=1953, Max=115839, Min=178, Avg=436.33, 90=497, 99=1310, 99.9=18415, 99.99=115839] [UPDATE: Count=1952, Max=115583, Min=164, Avg=350.46, 90=324, 99=1129, 99.9=18175, 99.99=115583] 
2026-04-29 15:45:16:973 83 sec: 372670 operations; 3389 current ops/sec; [READ: Count=3390, Max=3891, Min=7, Avg=78.88, 90=155, 99=229, 99.9=1344, 99.99=3891] [READ-MODIFY-WRITE: Count=1719, Max=5423, Min=169, Avg=503.1, 90=956, 99=1736, 99.9=4387, 99.99=5423] [UPDATE: Count=1720, Max=5239, Min=157, Avg=422.14, 90=848, 99=1569, 99.9=4375, 99.99=5239] 
2026-04-29 15:45:17:973 84 sec: 377577 operations; 4907 current ops/sec; [READ: Count=4907, Max=4211, Min=7, Avg=80.84, 90=155, 99=222, 99.9=3923, 99.99=4211] [READ-MODIFY-WRITE: Count=2462, Max=19119, Min=165, Avg=323.63, 90=444, 99=558, 99.9=4379, 99.99=19119] [UPDATE: Count=2463, Max=18735, Min=152, Avg=241.19, 90=289, 99=367, 99.9=513, 99.99=18735] 
2026-04-29 15:45:18:973 85 sec: 382260 operations; 4683 current ops/sec; [READ: Count=4683, Max=9999, Min=7, Avg=84.94, 90=164, 99=267, 99.9=4315, 99.99=9999] [READ-MODIFY-WRITE: Count=2337, Max=23471, Min=173, Avg=334.88, 90=463, 99=652, 99.9=4531, 99.99=23471] [UPDATE: Count=2336, Max=23391, Min=165, Avg=253.7, 90=307, 99=390, 99.9=508, 99.99=23391] 
2026-04-29 15:45:19:973 86 sec: 386913 operations; 4653 current ops/sec; [READ: Count=4652, Max=4767, Min=7, Avg=85.6, 90=162, 99=257, 99.9=4231, 99.99=4767] [READ-MODIFY-WRITE: Count=2369, Max=9919, Min=170, Avg=338.14, 90=458, 99=616, 99.9=6323, 99.99=9919] [UPDATE: Count=2369, Max=9847, Min=159, Avg=249.93, 90=297, 99=373, 99.9=6311, 99.99=9847] 
2026-04-29 15:45:20:973 87 sec: 391164 operations; 4251 current ops/sec; [READ: Count=4251, Max=15223, Min=6, Avg=78.95, 90=154, 99=223, 99.9=3393, 99.99=15223] [READ-MODIFY-WRITE: Count=2160, Max=23871, Min=173, Avg=346.26, 90=456, 99=621, 99.9=8431, 99.99=23871] [UPDATE: Count=2159, Max=23695, Min=161, Avg=262.76, 90=296, 99=391, 99.9=8279, 99.99=23695] 
2026-04-29 15:45:21:973 88 sec: 394549 operations; 3385 current ops/sec; [READ: Count=3385, Max=4303, Min=7, Avg=80.36, 90=159, 99=236, 99.9=1474, 99.99=4303] [READ-MODIFY-WRITE: Count=1675, Max=112383, Min=170, Avg=563.03, 90=985, 99=1689, 99.9=4143, 99.99=112383] [UPDATE: Count=1678, Max=111999, Min=159, Avg=482.68, 90=894, 99=1522, 99.9=3931, 99.99=111999] 
2026-04-29 15:45:22:973 89 sec: 399514 operations; 4965 current ops/sec; [READ: Count=4968, Max=5843, Min=7, Avg=81.49, 90=155, 99=228, 99.9=3957, 99.99=5843] [READ-MODIFY-WRITE: Count=2485, Max=6083, Min=168, Avg=316.68, 90=445, 99=580, 99.9=4151, 99.99=6083] [UPDATE: Count=2483, Max=3969, Min=159, Avg=235.71, 90=292, 99=368, 99.9=1538, 99.99=3969] 
Maximum time elapsed. Requesting stop for the workload.
Stop requested for workload. Now Joining!
[OZONEDB-PROFILE] reads=606271  avg_total=60.40us  view=5.74us(9.5%)  log=6.64us(11.0%)  sst=73.71us_per_call x 393195_calls(79.1%_of_total)
[OZONEDB-SST-PROFILE] level | time_total_ms | enters | range_rejects | table_gets | hits
[OZONEDB-SST-PROFILE] L1  |      6892.55 |  1576964 |        52578 |    1524386 | 101385
[OZONEDB-SST-PROFILE] L2  |      8232.48 |  1586725 |       204491 |    1382234 |  99773
[OZONEDB-SST-PROFILE] L3  |      1062.76 |   383731 |       191696 |     192035 |  12812
[OZONEDB-SST-PROFILE] L4  |      1020.83 |   357837 |       178615 |     179222 |  13018
[OZONEDB-SST-PROFILE] L5  |       958.29 |   331940 |       165746 |     166194 |  12800
[OZONEDB-SST-PROFILE] L6  |       937.47 |   306440 |       153039 |     153401 |  12873
[OZONEDB-SST-PROFILE] L7  |      9630.38 |   486525 |           17 |     486508 | 140534
[OZONEDB-TBL-PROFILE] file_filter_reject=3649862  block_filter_reject=40483  index_invalid=0  block_read_more=242184  hit_from_cache=151451  miss_after_read=440  found=393195
2026-04-29 15:45:23:973 90 sec: 404260 operations; 4746 current ops/sec; [READ: Count=4744, Max=4219, Min=7, Avg=83.04, 90=160, 99=225, 99.9=3797, 99.99=4219] [READ-MODIFY-WRITE: Count=2406, Max=24191, Min=178, Avg=332.28, 90=451, 99=551, 99.9=4375, 99.99=24191] [UPDATE: Count=2405, Max=23919, Min=166, Avg=247.87, 90=293, 99=348, 99.9=4123, 99.99=23919] 
2026-04-29 15:45:24:046 90 sec: 404262 operations; 27.4 current ops/sec; [READ: Count=0, Max=0, Min=0, Avg=0, 90=0, 99=0, 99.9=0, 99.99=0] [READ-MODIFY-WRITE: Count=0, Max=0, Min=0, Avg=0, 90=0, 99=0, 99.9=0, 99.99=0] [CLEANUP: Count=1, Max=72511, Min=72448, Avg=72480, 90=72511, 99=72511, 99.9=72511, 99.99=72511] [UPDATE: Count=0, Max=0, Min=0, Avg=0, 90=0, 99=0, 99.9=0, 99.99=0] 
[OVERALL], RunTime(ms), 90073
[OVERALL], Throughput(ops/sec), 4488.159603876856
[TOTAL_GCS_PS_Scavenge], Count, 6
[TOTAL_GC_TIME_PS_Scavenge], Time(ms), 23
[TOTAL_GC_TIME_%_PS_Scavenge], Time(%), 0.025534843959899193
[TOTAL_GCS_PS_MarkSweep], Count, 0
[TOTAL_GC_TIME_PS_MarkSweep], Time(ms), 0
[TOTAL_GC_TIME_%_PS_MarkSweep], Time(%), 0.0
[TOTAL_GCs], Count, 6
[TOTAL_GC_TIME], Time(ms), 23
[TOTAL_GC_TIME_%], Time(%), 0.025534843959899193
[READ], Operations, 404262
[READ], AverageLatency(us), 76.94993345899441
[READ], MinLatency(us), 4
[READ], MaxLatency(us), 48799
[READ], 95thPercentileLatency(us), 162
[READ], 99thPercentileLatency(us), 210
[READ], Return=OK, 404262
[READ-MODIFY-WRITE], Operations, 202009
[READ-MODIFY-WRITE], AverageLatency(us), 363.8474523412323
[READ-MODIFY-WRITE], MinLatency(us), 157
[READ-MODIFY-WRITE], MaxLatency(us), 136191
[READ-MODIFY-WRITE], 95thPercentileLatency(us), 556
[READ-MODIFY-WRITE], 99thPercentileLatency(us), 1655
[CLEANUP], Operations, 1
[CLEANUP], AverageLatency(us), 72480.0
[CLEANUP], MinLatency(us), 72448
[CLEANUP], MaxLatency(us), 72511
[CLEANUP], 95thPercentileLatency(us), 72511
[CLEANUP], 99thPercentileLatency(us), 72511
[UPDATE], Operations, 202009
[UPDATE], AverageLatency(us), 285.62218019989206
[UPDATE], MinLatency(us), 144
[UPDATE], MaxLatency(us), 134911
[UPDATE], 95thPercentileLatency(us), 406
[UPDATE], 99thPercentileLatency(us), 1279
[UPDATE], Return=OK, 202009
	Command being timed: "/usr/lib/jvm/java-8-openjdk-amd64/bin/java -cp /users/Xinying/ozonedb/ycsb/ozonedb/conf:/users/Xinying/ozonedb/ycsb/ozonedb/target/ozonedb-binding-0.18.0-SNAPSHOT.jar:/users/Xinying/.m2/repository/org/apache/htrace/htrace-core4/4.1.0-incubating/htrace-core4-4.1.0-incubating.jar:/users/Xinying/.m2/repository/org/slf4j/slf4j-api/1.7.25/slf4j-api-1.7.25.jar:/users/Xinying/.m2/repository/org/hdrhistogram/HdrHistogram/2.1.12/HdrHistogram-2.1.12.jar:/users/Xinying/.m2/repository/ch/qos/logback/logback-classic/1.2.3/logback-classic-1.2.3.jar:/users/Xinying/.m2/repository/ozonedbjnimaven/demoproc-jni/1.0/demoproc-jni-1.0.jar:/users/Xinying/.m2/repository/ch/qos/logback/logback-core/1.2.3/logback-core-1.2.3.jar:/users/Xinying/.m2/repository/org/codehaus/jackson/jackson-mapper-asl/1.9.4/jackson-mapper-asl-1.9.4.jar:/users/Xinying/.m2/repository/org/slf4j/slf4j-simple/1.7.25/slf4j-simple-1.7.25.jar:/users/Xinying/.m2/repository/org/codehaus/jackson/jackson-core-asl/1.9.4/jackson-core-asl-1.9.4.jar:/users/Xinying/ozonedb/ycsb/core/target/core-0.18.0-SNAPSHOT.jar site.ycsb.Client -db site.ycsb.db.OzoneDBClient -threads 1 -s -P /users/Xinying/ozonedb/ycsb/workloads/generated_workloads/workloadf_1KB_1000000_1000000 -p status.interval=1 -p maxexecutiontime=90 -p operationcount=0 -p shared_config=/tmp/phase1_ozonedb_configs/shared_config_SHARED_workloadf_p8_r1_proc4.json -t"
	User time (seconds): 34.24
	System time (seconds): 32.81
	Percent of CPU this job got: 72%
	Elapsed (wall clock) time (h:mm:ss or m:ss): 1:32.71
	Average shared text size (kbytes): 0
	Average unshared data size (kbytes): 0
	Average stack size (kbytes): 0
	Average total size (kbytes): 0
	Maximum resident set size (kbytes): 4745716
	Average resident set size (kbytes): 0
	Major (requiring I/O) page faults: 433
	Minor (reclaiming a frame) page faults: 1227097
	Voluntary context switches: 548573
	Involuntary context switches: 1028
	Swaps: 0
	File system inputs: 7976808
	File system outputs: 662469
	Socket messages sent: 0
	Socket messages received: 0
	Signals delivered: 0
	Page size (bytes): 4096
	Exit status: 0
