# CMD: /usr/bin/time -v /usr/lib/jvm/java-8-openjdk-amd64/bin/java -cp /users/Xinying/ozonedb/ycsb/ozonedb/conf:/users/Xinying/ozonedb/ycsb/ozonedb/target/ozonedb-binding-0.18.0-SNAPSHOT.jar:/users/Xinying/.m2/repository/org/apache/htrace/htrace-core4/4.1.0-incubating/htrace-core4-4.1.0-incubating.jar:/users/Xinying/.m2/repository/org/slf4j/slf4j-api/1.7.25/slf4j-api-1.7.25.jar:/users/Xinying/.m2/repository/org/hdrhistogram/HdrHistogram/2.1.12/HdrHistogram-2.1.12.jar:/users/Xinying/.m2/repository/ch/qos/logback/logback-classic/1.2.3/logback-classic-1.2.3.jar:/users/Xinying/.m2/repository/ozonedbjnimaven/demoproc-jni/1.0/demoproc-jni-1.0.jar:/users/Xinying/.m2/repository/ch/qos/logback/logback-core/1.2.3/logback-core-1.2.3.jar:/users/Xinying/.m2/repository/org/codehaus/jackson/jackson-mapper-asl/1.9.4/jackson-mapper-asl-1.9.4.jar:/users/Xinying/.m2/repository/org/slf4j/slf4j-simple/1.7.25/slf4j-simple-1.7.25.jar:/users/Xinying/.m2/repository/org/codehaus/jackson/jackson-core-asl/1.9.4/jackson-core-asl-1.9.4.jar:/users/Xinying/ozonedb/ycsb/core/target/core-0.18.0-SNAPSHOT.jar site.ycsb.Client -db site.ycsb.db.OzoneDBClient -threads 1 -s -P /users/Xinying/ozonedb/ycsb/workloads/generated_workloads/workloadc_1KB_1000000_1000000 -p status.interval=1 -p maxexecutiontime=90 -p operationcount=0 -p shared_config=/tmp/phase1_ozonedb_configs/shared_config_SHARED_workloadc_p4_r1_proc2.json -t
# shared_work_path=/tank/ycsb_data/multi-proc-run/shared_ozonedb  proc_id=2/4
Command line: -db site.ycsb.db.OzoneDBClient -threads 1 -s -P /users/Xinying/ozonedb/ycsb/workloads/generated_workloads/workloadc_1KB_1000000_1000000 -p status.interval=1 -p maxexecutiontime=90 -p operationcount=0 -p shared_config=/tmp/phase1_ozonedb_configs/shared_config_SHARED_workloadc_p4_r1_proc2.json -t
YCSB Client 0.18.0-SNAPSHOT

Loading workload...
Starting test.
SLF4J: Class path contains multiple SLF4J bindings.
SLF4J: Found binding in [jar:file:/users/Xinying/.m2/repository/ch/qos/logback/logback-classic/1.2.3/logback-classic-1.2.3.jar!/org/slf4j/impl/StaticLoggerBinder.class]
SLF4J: Found binding in [jar:file:/users/Xinying/.m2/repository/org/slf4j/slf4j-simple/1.7.25/slf4j-simple-1.7.25.jar!/org/slf4j/impl/StaticLoggerBinder.class]
SLF4J: See http://www.slf4j.org/codes.html#multiple_bindings for an explanation.
SLF4J: Actual binding is of type [ch.qos.logback.classic.util.ContextSelectorStaticBinder]
Maximum execution time specified as: 90 secs
2026-04-29 15:29:05:532 0 sec: 0 operations; 
Starting compaction watcher
DBWrapper: report latency for each error is false and specific error codes to track for latency are: []
2026-04-29 15:29:06:531 1 sec: 8382 operations; 8382 current ops/sec; [READ: Count=8416, Max=44479, Min=5, Avg=83.25, 90=114, 99=151, 99.9=316, 99.99=44479] 
2026-04-29 15:29:07:531 2 sec: 21944 operations; 13562 current ops/sec; [READ: Count=13536, Max=2013, Min=5, Avg=71.87, 90=108, 99=134, 99.9=170, 99.99=356] 
2026-04-29 15:29:08:531 3 sec: 36093 operations; 14149 current ops/sec; [READ: Count=14152, Max=4075, Min=5, Avg=68.91, 90=106, 99=132, 99.9=188, 99.99=633] 
2026-04-29 15:29:09:531 4 sec: 50253 operations; 14160 current ops/sec; [READ: Count=14157, Max=322, Min=5, Avg=68.91, 90=109, 99=131, 99.9=149, 99.99=222] 
2026-04-29 15:29:10:531 5 sec: 64362 operations; 14109 current ops/sec; [READ: Count=14109, Max=321, Min=5, Avg=69.2, 90=109, 99=131, 99.9=152, 99.99=227] 
2026-04-29 15:29:11:531 6 sec: 78458 operations; 14096 current ops/sec; [READ: Count=14097, Max=340, Min=5, Avg=69.5, 90=109, 99=134, 99.9=152, 99.99=198] 
2026-04-29 15:29:12:531 7 sec: 92659 operations; 14201 current ops/sec; [READ: Count=14200, Max=274, Min=5, Avg=68.97, 90=109, 99=132, 99.9=150, 99.99=182] 
2026-04-29 15:29:13:531 8 sec: 106677 operations; 14018 current ops/sec; [READ: Count=14017, Max=365, Min=5, Avg=69.9, 90=109, 99=132, 99.9=152, 99.99=188] 
2026-04-29 15:29:14:531 9 sec: 120718 operations; 14041 current ops/sec; [READ: Count=14041, Max=368, Min=5, Avg=69.79, 90=110, 99=133, 99.9=150, 99.99=170] 
2026-04-29 15:29:15:531 10 sec: 134907 operations; 14189 current ops/sec; [READ: Count=14189, Max=179, Min=5, Avg=69.07, 90=109, 99=133, 99.9=149, 99.99=169] 
2026-04-29 15:29:16:531 11 sec: 149106 operations; 14199 current ops/sec; [READ: Count=14200, Max=423, Min=5, Avg=69.03, 90=109, 99=132, 99.9=149, 99.99=336] 
2026-04-29 15:29:17:531 12 sec: 163221 operations; 14115 current ops/sec; [READ: Count=14111, Max=5119, Min=5, Avg=69.5, 90=109, 99=132, 99.9=152, 99.99=2345] 
2026-04-29 15:29:18:531 13 sec: 177281 operations; 14060 current ops/sec; [READ: Count=14063, Max=322, Min=5, Avg=69.8, 90=110, 99=133, 99.9=152, 99.99=253] 
2026-04-29 15:29:19:531 14 sec: 191515 operations; 14234 current ops/sec; [READ: Count=14236, Max=174, Min=5, Avg=69.04, 90=109, 99=131, 99.9=146, 99.99=173] 
2026-04-29 15:29:20:531 15 sec: 205961 operations; 14446 current ops/sec; [READ: Count=14443, Max=370, Min=5, Avg=68.13, 90=108, 99=130, 99.9=150, 99.99=186] 
2026-04-29 15:29:21:531 16 sec: 220431 operations; 14470 current ops/sec; [READ: Count=14469, Max=364, Min=5, Avg=68.03, 90=108, 99=131, 99.9=150, 99.99=186] 
2026-04-29 15:29:22:531 17 sec: 234857 operations; 14426 current ops/sec; [READ: Count=14425, Max=322, Min=5, Avg=68.19, 90=109, 99=132, 99.9=148, 99.99=192] 
2026-04-29 15:29:23:531 18 sec: 249343 operations; 14486 current ops/sec; [READ: Count=14488, Max=172, Min=5, Avg=67.92, 90=108, 99=130, 99.9=145, 99.99=172] 
2026-04-29 15:29:24:531 19 sec: 263845 operations; 14502 current ops/sec; [READ: Count=14505, Max=369, Min=5, Avg=67.84, 90=108, 99=130, 99.9=147, 99.99=175] 
2026-04-29 15:29:25:531 20 sec: 278897 operations; 15052 current ops/sec; [READ: Count=15051, Max=313, Min=5, Avg=65.38, 90=106, 99=128, 99.9=142, 99.99=205] 
2026-04-29 15:29:26:531 21 sec: 293344 operations; 14447 current ops/sec; [READ: Count=14446, Max=374, Min=5, Avg=68.12, 90=108, 99=130, 99.9=146, 99.99=165] 
2026-04-29 15:29:27:531 22 sec: 307860 operations; 14516 current ops/sec; [READ: Count=14517, Max=176, Min=5, Avg=67.76, 90=108, 99=130, 99.9=148, 99.99=171] 
2026-04-29 15:29:28:531 23 sec: 322306 operations; 14446 current ops/sec; [READ: Count=14446, Max=360, Min=5, Avg=68.11, 90=108, 99=130, 99.9=150, 99.99=253] 
2026-04-29 15:29:29:531 24 sec: 336755 operations; 14449 current ops/sec; [READ: Count=14448, Max=363, Min=4, Avg=68.1, 90=108, 99=131, 99.9=148, 99.99=181] 
2026-04-29 15:29:30:531 25 sec: 351124 operations; 14369 current ops/sec; [READ: Count=14368, Max=4239, Min=4, Avg=68.4, 90=108, 99=131, 99.9=152, 99.99=168] 
2026-04-29 15:29:31:531 26 sec: 365563 operations; 14439 current ops/sec; [READ: Count=14441, Max=322, Min=5, Avg=68.1, 90=109, 99=132, 99.9=147, 99.99=189] 
2026-04-29 15:29:32:531 27 sec: 380017 operations; 14454 current ops/sec; [READ: Count=14454, Max=398, Min=5, Avg=68.03, 90=109, 99=132, 99.9=150, 99.99=199] 
2026-04-29 15:29:33:531 28 sec: 394405 operations; 14388 current ops/sec; [READ: Count=14387, Max=368, Min=5, Avg=68.35, 90=109, 99=132, 99.9=148, 99.99=203] 
2026-04-29 15:29:34:531 29 sec: 408915 operations; 14510 current ops/sec; [READ: Count=14510, Max=178, Min=5, Avg=67.78, 90=108, 99=130, 99.9=147, 99.99=172] 
2026-04-29 15:29:35:531 30 sec: 423335 operations; 14420 current ops/sec; [READ: Count=14419, Max=371, Min=5, Avg=68.21, 90=109, 99=130, 99.9=145, 99.99=205] 
2026-04-29 15:29:36:531 31 sec: 437811 operations; 14476 current ops/sec; [READ: Count=14478, Max=363, Min=5, Avg=67.94, 90=108, 99=133, 99.9=151, 99.99=192] 
2026-04-29 15:29:37:531 32 sec: 452456 operations; 14645 current ops/sec; [READ: Count=14643, Max=364, Min=5, Avg=67.15, 90=108, 99=131, 99.9=148, 99.99=205] 
2026-04-29 15:29:38:531 33 sec: 467043 operations; 14587 current ops/sec; [READ: Count=14587, Max=171, Min=5, Avg=67.42, 90=108, 99=131, 99.9=147, 99.99=163] 
2026-04-29 15:29:39:531 34 sec: 481478 operations; 14435 current ops/sec; [READ: Count=14433, Max=364, Min=5, Avg=68.16, 90=108, 99=130, 99.9=145, 99.99=192] 
2026-04-29 15:29:40:531 35 sec: 496036 operations; 14558 current ops/sec; [READ: Count=14558, Max=315, Min=4, Avg=67.57, 90=108, 99=132, 99.9=146, 99.99=249] 
2026-04-29 15:29:41:531 36 sec: 510568 operations; 14532 current ops/sec; [READ: Count=14532, Max=364, Min=5, Avg=67.7, 90=108, 99=131, 99.9=154, 99.99=193] 
2026-04-29 15:29:42:531 37 sec: 525090 operations; 14522 current ops/sec; [READ: Count=14524, Max=3407, Min=5, Avg=67.72, 90=108, 99=131, 99.9=147, 99.99=189] 
2026-04-29 15:29:43:531 38 sec: 539486 operations; 14396 current ops/sec; [READ: Count=14394, Max=314, Min=5, Avg=68.33, 90=108, 99=131, 99.9=150, 99.99=174] 
2026-04-29 15:29:44:531 39 sec: 553998 operations; 14512 current ops/sec; [READ: Count=14510, Max=358, Min=4, Avg=67.79, 90=108, 99=131, 99.9=149, 99.99=193] 
2026-04-29 15:29:45:531 40 sec: 568521 operations; 14523 current ops/sec; [READ: Count=14524, Max=335, Min=5, Avg=67.75, 90=108, 99=131, 99.9=149, 99.99=198] 
2026-04-29 15:29:46:531 41 sec: 583019 operations; 14498 current ops/sec; [READ: Count=14498, Max=174, Min=5, Avg=67.86, 90=109, 99=131, 99.9=148, 99.99=171] 
2026-04-29 15:29:47:531 42 sec: 597473 operations; 14454 current ops/sec; [READ: Count=14454, Max=341, Min=5, Avg=68.08, 90=108, 99=130, 99.9=150, 99.99=182] 
2026-04-29 15:29:48:531 43 sec: 612024 operations; 14551 current ops/sec; [READ: Count=14550, Max=314, Min=5, Avg=67.62, 90=108, 99=130, 99.9=145, 99.99=189] 
2026-04-29 15:29:49:531 44 sec: 626440 operations; 14416 current ops/sec; [READ: Count=14418, Max=319, Min=5, Avg=68.25, 90=108, 99=133, 99.9=155, 99.99=208] 
2026-04-29 15:29:50:531 45 sec: 640985 operations; 14545 current ops/sec; [READ: Count=14545, Max=201, Min=5, Avg=67.64, 90=108, 99=130, 99.9=144, 99.99=169] 
2026-04-29 15:29:51:531 46 sec: 655433 operations; 14448 current ops/sec; [READ: Count=14448, Max=369, Min=5, Avg=68.12, 90=108, 99=131, 99.9=149, 99.99=179] 
2026-04-29 15:29:52:531 47 sec: 669775 operations; 14342 current ops/sec; [READ: Count=14340, Max=379, Min=4, Avg=68.6, 90=109, 99=131, 99.9=149, 99.99=181] 
2026-04-29 15:29:53:531 48 sec: 684233 operations; 14458 current ops/sec; [READ: Count=14459, Max=169, Min=4, Avg=68.04, 90=108, 99=130, 99.9=144, 99.99=167] 
2026-04-29 15:29:54:531 49 sec: 698513 operations; 14280 current ops/sec; [READ: Count=14280, Max=326, Min=5, Avg=68.91, 90=109, 99=132, 99.9=153, 99.99=198] 
2026-04-29 15:29:55:531 50 sec: 712915 operations; 14402 current ops/sec; [READ: Count=14404, Max=3827, Min=5, Avg=68.29, 90=109, 99=131, 99.9=148, 99.99=340] 
2026-04-29 15:29:56:531 51 sec: 727222 operations; 14307 current ops/sec; [READ: Count=14306, Max=324, Min=5, Avg=68.74, 90=109, 99=131, 99.9=147, 99.99=206] 
2026-04-29 15:29:57:531 52 sec: 741603 operations; 14381 current ops/sec; [READ: Count=14381, Max=276, Min=5, Avg=68.39, 90=109, 99=132, 99.9=148, 99.99=201] 
2026-04-29 15:29:58:531 53 sec: 755981 operations; 14378 current ops/sec; [READ: Count=14379, Max=360, Min=5, Avg=68.39, 90=109, 99=132, 99.9=147, 99.99=257] 
2026-04-29 15:29:59:531 54 sec: 770450 operations; 14469 current ops/sec; [READ: Count=14468, Max=326, Min=5, Avg=67.97, 90=109, 99=131, 99.9=150, 99.99=194] 
2026-04-29 15:30:00:531 55 sec: 784890 operations; 14440 current ops/sec; [READ: Count=14440, Max=341, Min=5, Avg=68.11, 90=109, 99=131, 99.9=148, 99.99=192] 
2026-04-29 15:30:01:531 56 sec: 799314 operations; 14424 current ops/sec; [READ: Count=14424, Max=198, Min=4, Avg=68.18, 90=109, 99=131, 99.9=149, 99.99=166] 
2026-04-29 15:30:02:531 57 sec: 813652 operations; 14338 current ops/sec; [READ: Count=14338, Max=369, Min=5, Avg=68.58, 90=109, 99=131, 99.9=151, 99.99=174] 
2026-04-29 15:30:03:531 58 sec: 828139 operations; 14487 current ops/sec; [READ: Count=14485, Max=324, Min=5, Avg=67.88, 90=108, 99=131, 99.9=148, 99.99=172] 
2026-04-29 15:30:04:531 59 sec: 842562 operations; 14423 current ops/sec; [READ: Count=14423, Max=337, Min=5, Avg=68.18, 90=108, 99=131, 99.9=147, 99.99=172] 
2026-04-29 15:30:05:531 60 sec: 856931 operations; 14369 current ops/sec; [READ: Count=14369, Max=180, Min=5, Avg=68.44, 90=109, 99=132, 99.9=149, 99.99=162] 
2026-04-29 15:30:06:531 61 sec: 871390 operations; 14459 current ops/sec; [READ: Count=14460, Max=395, Min=5, Avg=68.01, 90=109, 99=129, 99.9=147, 99.99=235] 
2026-04-29 15:30:07:531 62 sec: 885761 operations; 14371 current ops/sec; [READ: Count=14370, Max=369, Min=5, Avg=68.43, 90=109, 99=132, 99.9=151, 99.99=190] 
2026-04-29 15:30:08:531 63 sec: 900124 operations; 14363 current ops/sec; [READ: Count=14363, Max=451, Min=4, Avg=68.46, 90=108, 99=133, 99.9=156, 99.99=438] 
2026-04-29 15:30:09:531 64 sec: 914564 operations; 14440 current ops/sec; [READ: Count=14441, Max=486, Min=5, Avg=67.88, 90=109, 99=131, 99.9=149, 99.99=460] 
2026-04-29 15:30:10:531 65 sec: 929081 operations; 14517 current ops/sec; [READ: Count=14517, Max=450, Min=5, Avg=67.75, 90=109, 99=131, 99.9=154, 99.99=449] 
2026-04-29 15:30:11:531 66 sec: 943488 operations; 14407 current ops/sec; [READ: Count=14405, Max=451, Min=5, Avg=68.3, 90=109, 99=131, 99.9=149, 99.99=339] 
2026-04-29 15:30:12:531 67 sec: 957859 operations; 14371 current ops/sec; [READ: Count=14372, Max=177, Min=5, Avg=68.46, 90=108, 99=131, 99.9=147, 99.99=168] 
2026-04-29 15:30:13:531 68 sec: 972305 operations; 14446 current ops/sec; [READ: Count=14445, Max=464, Min=5, Avg=68.09, 90=109, 99=132, 99.9=150, 99.99=433] 
2026-04-29 15:30:14:531 69 sec: 986740 operations; 14435 current ops/sec; [READ: Count=14436, Max=315, Min=5, Avg=68.15, 90=108, 99=130, 99.9=149, 99.99=197] 
2026-04-29 15:30:15:531 70 sec: 1001262 operations; 14522 current ops/sec; [READ: Count=14522, Max=464, Min=5, Avg=67.74, 90=108, 99=131, 99.9=156, 99.99=422] 
2026-04-29 15:30:16:531 71 sec: 1015681 operations; 14419 current ops/sec; [READ: Count=14420, Max=435, Min=5, Avg=68.26, 90=108, 99=130, 99.9=147, 99.99=427] 
2026-04-29 15:30:17:531 72 sec: 1030174 operations; 14493 current ops/sec; [READ: Count=14491, Max=447, Min=5, Avg=67.85, 90=109, 99=132, 99.9=150, 99.99=364] 
2026-04-29 15:30:18:531 73 sec: 1044617 operations; 14443 current ops/sec; [READ: Count=14444, Max=361, Min=5, Avg=68.1, 90=109, 99=132, 99.9=149, 99.99=239] 
2026-04-29 15:30:19:531 74 sec: 1058987 operations; 14370 current ops/sec; [READ: Count=14371, Max=467, Min=5, Avg=68.45, 90=109, 99=133, 99.9=149, 99.99=451] 
2026-04-29 15:30:20:531 75 sec: 1073523 operations; 14536 current ops/sec; [READ: Count=14534, Max=462, Min=4, Avg=67.68, 90=109, 99=130, 99.9=147, 99.99=189] 
2026-04-29 15:30:21:531 76 sec: 1087847 operations; 14324 current ops/sec; [READ: Count=14326, Max=314, Min=5, Avg=68.43, 90=109, 99=132, 99.9=148, 99.99=173] 
2026-04-29 15:30:22:531 77 sec: 1102250 operations; 14403 current ops/sec; [READ: Count=14404, Max=453, Min=5, Avg=68.33, 90=109, 99=133, 99.9=153, 99.99=416] 
2026-04-29 15:30:23:531 78 sec: 1116666 operations; 14416 current ops/sec; [READ: Count=14413, Max=316, Min=5, Avg=68.25, 90=109, 99=130, 99.9=148, 99.99=244] 
2026-04-29 15:30:24:531 79 sec: 1131125 operations; 14459 current ops/sec; [READ: Count=14461, Max=471, Min=5, Avg=68.04, 90=109, 99=130, 99.9=146, 99.99=182] 
2026-04-29 15:30:25:531 80 sec: 1145591 operations; 14466 current ops/sec; [READ: Count=14466, Max=468, Min=5, Avg=68.02, 90=109, 99=131, 99.9=149, 99.99=365] 
2026-04-29 15:30:26:531 81 sec: 1159935 operations; 14344 current ops/sec; [READ: Count=14342, Max=453, Min=5, Avg=68.59, 90=109, 99=131, 99.9=154, 99.99=431] 
2026-04-29 15:30:27:531 82 sec: 1174404 operations; 14469 current ops/sec; [READ: Count=14472, Max=222, Min=5, Avg=68, 90=109, 99=131, 99.9=146, 99.99=160] 
2026-04-29 15:30:28:531 83 sec: 1188825 operations; 14421 current ops/sec; [READ: Count=14419, Max=446, Min=5, Avg=68.22, 90=109, 99=131, 99.9=153, 99.99=399] 
2026-04-29 15:30:29:531 84 sec: 1203069 operations; 14244 current ops/sec; [READ: Count=14243, Max=392, Min=5, Avg=69.09, 90=109, 99=133, 99.9=166, 99.99=380] 
2026-04-29 15:30:30:531 85 sec: 1217415 operations; 14346 current ops/sec; [READ: Count=14350, Max=604, Min=5, Avg=68.58, 90=109, 99=131, 99.9=147, 99.99=391] 
2026-04-29 15:30:31:531 86 sec: 1231834 operations; 14419 current ops/sec; [READ: Count=14415, Max=383, Min=5, Avg=68.24, 90=109, 99=131, 99.9=149, 99.99=368] 
2026-04-29 15:30:32:531 87 sec: 1246141 operations; 14307 current ops/sec; [READ: Count=14309, Max=427, Min=5, Avg=68.78, 90=109, 99=134, 99.9=155, 99.99=334] 
2026-04-29 15:30:33:531 88 sec: 1260540 operations; 14399 current ops/sec; [READ: Count=14398, Max=418, Min=5, Avg=68.34, 90=109, 99=133, 99.9=154, 99.99=386] 
2026-04-29 15:30:34:531 89 sec: 1274902 operations; 14362 current ops/sec; [READ: Count=14363, Max=3937, Min=5, Avg=68.47, 90=108, 99=130, 99.9=150, 99.99=312] 
2026-04-29 15:30:35:531 90 sec: 1289330 operations; 14428 current ops/sec; [READ: Count=14426, Max=176, Min=5, Avg=68.2, 90=109, 99=132, 99.9=148, 99.99=163] 
Maximum time elapsed. Requesting stop for the workload.
Stop requested for workload. Now Joining!
[OZONEDB-PROFILE] reads=1289337  avg_total=66.57us  view=3.76us(5.6%)  log=0.72us(1.1%)  sst=62.84us_per_call x 1269482_calls(92.9%_of_total)
[OZONEDB-SST-PROFILE] level | time_total_ms | enters | range_rejects | table_gets | hits
[OZONEDB-SST-PROFILE] L1  |      6390.45 |  2537211 |      1267754 |    1269457 |  80213
[OZONEDB-SST-PROFILE] L2  |      5432.37 |  2376658 |      1187415 |    1189243 |  69272
[OZONEDB-SST-PROFILE] L3  |      5307.67 |  2238309 |      1118320 |    1119989 |  73628
[OZONEDB-SST-PROFILE] L4  |      5587.13 |  2090213 |      1043858 |    1046355 | 117663
[OZONEDB-SST-PROFILE] L5  |      4802.13 |  1855332 |       926713 |     928619 |  58629
[OZONEDB-SST-PROFILE] L6  |      4816.88 |  1738135 |       868108 |     870027 |  69768
[OZONEDB-SST-PROFILE] L7  |     46631.17 |  2790067 |          145 |    2789922 | 800309
[OZONEDB-TBL-PROFILE] file_filter_reject=7816585  block_filter_reject=126018  index_invalid=0  block_read_more=735117  hit_from_cache=535892  miss_after_read=1527  found=1269482
2026-04-29 15:30:35:592 90 sec: 1289337 operations; 114.75 current ops/sec; [READ: Count=6, Max=125, Min=34, Avg=100.17, 90=125, 99=125, 99.9=125, 99.99=125] [CLEANUP: Count=1, Max=60223, Min=60192, Avg=60208, 90=60223, 99=60223, 99.9=60223, 99.99=60223] 
[OVERALL], RunTime(ms), 90062
[OVERALL], Throughput(ops/sec), 14316.104461371055
[TOTAL_GCS_PS_Scavenge], Count, 7
[TOTAL_GC_TIME_PS_Scavenge], Time(ms), 25
[TOTAL_GC_TIME_%_PS_Scavenge], Time(%), 0.027758655148675357
[TOTAL_GCS_PS_MarkSweep], Count, 0
[TOTAL_GC_TIME_PS_MarkSweep], Time(ms), 0
[TOTAL_GC_TIME_%_PS_MarkSweep], Time(%), 0.0
[TOTAL_GCs], Count, 7
[TOTAL_GC_TIME], Time(ms), 25
[TOTAL_GC_TIME_%], Time(%), 0.027758655148675357
[READ], Operations, 1289337
[READ], AverageLatency(us), 68.39181532834317
[READ], MinLatency(us), 4
[READ], MaxLatency(us), 44479
[READ], 95thPercentileLatency(us), 114
[READ], 99thPercentileLatency(us), 132
[READ], Return=OK, 1289337
[CLEANUP], Operations, 1
[CLEANUP], AverageLatency(us), 60208.0
[CLEANUP], MinLatency(us), 60192
[CLEANUP], MaxLatency(us), 60223
[CLEANUP], 95thPercentileLatency(us), 60223
[CLEANUP], 99thPercentileLatency(us), 60223
	Command being timed: "/usr/lib/jvm/java-8-openjdk-amd64/bin/java -cp /users/Xinying/ozonedb/ycsb/ozonedb/conf:/users/Xinying/ozonedb/ycsb/ozonedb/target/ozonedb-binding-0.18.0-SNAPSHOT.jar:/users/Xinying/.m2/repository/org/apache/htrace/htrace-core4/4.1.0-incubating/htrace-core4-4.1.0-incubating.jar:/users/Xinying/.m2/repository/org/slf4j/slf4j-api/1.7.25/slf4j-api-1.7.25.jar:/users/Xinying/.m2/repository/org/hdrhistogram/HdrHistogram/2.1.12/HdrHistogram-2.1.12.jar:/users/Xinying/.m2/repository/ch/qos/logback/logback-classic/1.2.3/logback-classic-1.2.3.jar:/users/Xinying/.m2/repository/ozonedbjnimaven/demoproc-jni/1.0/demoproc-jni-1.0.jar:/users/Xinying/.m2/repository/ch/qos/logback/logback-core/1.2.3/logback-core-1.2.3.jar:/users/Xinying/.m2/repository/org/codehaus/jackson/jackson-mapper-asl/1.9.4/jackson-mapper-asl-1.9.4.jar:/users/Xinying/.m2/repository/org/slf4j/slf4j-simple/1.7.25/slf4j-simple-1.7.25.jar:/users/Xinying/.m2/repository/org/codehaus/jackson/jackson-core-asl/1.9.4/jackson-core-asl-1.9.4.jar:/users/Xinying/ozonedb/ycsb/core/target/core-0.18.0-SNAPSHOT.jar site.ycsb.Client -db site.ycsb.db.OzoneDBClient -threads 1 -s -P /users/Xinying/ozonedb/ycsb/workloads/generated_workloads/workloadc_1KB_1000000_1000000 -p status.interval=1 -p maxexecutiontime=90 -p operationcount=0 -p shared_config=/tmp/phase1_ozonedb_configs/shared_config_SHARED_workloadc_p4_r1_proc2.json -t"
	User time (seconds): 62.00
	System time (seconds): 30.13
	Percent of CPU this job got: 101%
	Elapsed (wall clock) time (h:mm:ss or m:ss): 1:31.22
	Average shared text size (kbytes): 0
	Average unshared data size (kbytes): 0
	Average stack size (kbytes): 0
	Average total size (kbytes): 0
	Maximum resident set size (kbytes): 5073800
	Average resident set size (kbytes): 0
	Major (requiring I/O) page faults: 449
	Minor (reclaiming a frame) page faults: 1273895
	Voluntary context switches: 14817
	Involuntary context switches: 417
	Swaps: 0
	File system inputs: 11850012
	File system outputs: 1072
	Socket messages sent: 0
	Socket messages received: 0
	Signals delivered: 0
	Page size (bytes): 4096
	Exit status: 0
