# CMD: /usr/bin/time -v /usr/lib/jvm/java-8-openjdk-amd64/bin/java -cp /users/Xinying/ozonedb/ycsb/ozonedb/conf:/users/Xinying/ozonedb/ycsb/ozonedb/target/ozonedb-binding-0.18.0-SNAPSHOT.jar:/users/Xinying/.m2/repository/org/apache/htrace/htrace-core4/4.1.0-incubating/htrace-core4-4.1.0-incubating.jar:/users/Xinying/.m2/repository/org/slf4j/slf4j-api/1.7.25/slf4j-api-1.7.25.jar:/users/Xinying/.m2/repository/org/hdrhistogram/HdrHistogram/2.1.12/HdrHistogram-2.1.12.jar:/users/Xinying/.m2/repository/ch/qos/logback/logback-classic/1.2.3/logback-classic-1.2.3.jar:/users/Xinying/.m2/repository/ozonedbjnimaven/demoproc-jni/1.0/demoproc-jni-1.0.jar:/users/Xinying/.m2/repository/ch/qos/logback/logback-core/1.2.3/logback-core-1.2.3.jar:/users/Xinying/.m2/repository/org/codehaus/jackson/jackson-mapper-asl/1.9.4/jackson-mapper-asl-1.9.4.jar:/users/Xinying/.m2/repository/org/slf4j/slf4j-simple/1.7.25/slf4j-simple-1.7.25.jar:/users/Xinying/.m2/repository/org/codehaus/jackson/jackson-core-asl/1.9.4/jackson-core-asl-1.9.4.jar:/users/Xinying/ozonedb/ycsb/core/target/core-0.18.0-SNAPSHOT.jar site.ycsb.Client -db site.ycsb.db.OzoneDBClient -threads 1 -s -P /users/Xinying/ozonedb/ycsb/workloads/generated_workloads/workloadf_1KB_1000000_1000000 -p status.interval=1 -p maxexecutiontime=90 -p operationcount=0 -p shared_config=/tmp/phase1_ozonedb_configs/shared_config_SHARED_workloadf_p16_r1_proc5.json -t
# shared_work_path=/tank/ycsb_data/multi-proc-run/shared_ozonedb  proc_id=5/16
Command line: -db site.ycsb.db.OzoneDBClient -threads 1 -s -P /users/Xinying/ozonedb/ycsb/workloads/generated_workloads/workloadf_1KB_1000000_1000000 -p status.interval=1 -p maxexecutiontime=90 -p operationcount=0 -p shared_config=/tmp/phase1_ozonedb_configs/shared_config_SHARED_workloadf_p16_r1_proc5.json -t
YCSB Client 0.18.0-SNAPSHOT

Loading workload...
Starting test.
SLF4J: Class path contains multiple SLF4J bindings.
SLF4J: Found binding in [jar:file:/users/Xinying/.m2/repository/ch/qos/logback/logback-classic/1.2.3/logback-classic-1.2.3.jar!/org/slf4j/impl/StaticLoggerBinder.class]
SLF4J: Found binding in [jar:file:/users/Xinying/.m2/repository/org/slf4j/slf4j-simple/1.7.25/slf4j-simple-1.7.25.jar!/org/slf4j/impl/StaticLoggerBinder.class]
SLF4J: See http://www.slf4j.org/codes.html#multiple_bindings for an explanation.
SLF4J: Actual binding is of type [ch.qos.logback.classic.util.ContextSelectorStaticBinder]
Maximum execution time specified as: 90 secs
2026-04-29 15:45:32:908 0 sec: 0 operations; 
Starting compaction watcher
DBWrapper: report latency for each error is false and specific error codes to track for latency are: []
2026-04-29 15:45:33:908 1 sec: 1506 operations; 1506 current ops/sec; [READ: Count=1508, Max=63807, Min=6, Avg=180.5, 90=183, 99=866, 99.9=8447, 99.99=63807] [READ-MODIFY-WRITE: Count=736, Max=130431, Min=212, Avg=732.4, 90=793, 99=2765, 99.9=130431, 99.99=130431] [UPDATE: Count=742, Max=121023, Min=196, Avg=582.04, 90=613, 99=2038, 99.9=121023, 99.99=121023] 
2026-04-29 15:45:34:908 2 sec: 4570 operations; 3064 current ops/sec; [READ: Count=3064, Max=9935, Min=5, Avg=115.92, 90=165, 99=282, 99.9=8711, 99.99=9935] [READ-MODIFY-WRITE: Count=1544, Max=45919, Min=195, Avg=505.88, 90=584, 99=2203, 99.9=9671, 99.99=45919] [UPDATE: Count=1541, Max=44863, Min=179, Avg=389.79, 90=433, 99=1580, 99.9=9663, 99.99=44863] 
2026-04-29 15:45:35:908 3 sec: 7594 operations; 3024 current ops/sec; [READ: Count=3026, Max=11167, Min=5, Avg=108.49, 90=168, 99=294, 99.9=8163, 99.99=11167] [READ-MODIFY-WRITE: Count=1578, Max=56703, Min=190, Avg=517.06, 90=592, 99=1653, 99.9=17551, 99.99=56703] [UPDATE: Count=1578, Max=55967, Min=179, Avg=412.62, 90=446, 99=1395, 99.9=17391, 99.99=55967] 
2026-04-29 15:45:36:287 - NewTail completed: 
2026-04-29 15:45:36:908 4 sec: 11554 operations; 3960 current ops/sec; [READ: Count=3959, Max=9183, Min=5, Avg=88.02, 90=138, 99=205, 99.9=8831, 99.99=9183] [READ-MODIFY-WRITE: Count=2022, Max=9671, Min=182, Avg=406.17, 90=512, 99=843, 99.9=9487, 99.99=9671] [UPDATE: Count=2020, Max=9103, Min=168, Avg=315.04, 90=395, 99=609, 99.9=5063, 99.99=9103] 
2026-04-29 15:45:37:908 5 sec: 15332 operations; 3778 current ops/sec; [READ: Count=3777, Max=8415, Min=5, Avg=93.06, 90=145, 99=223, 99.9=7739, 99.99=8415] [READ-MODIFY-WRITE: Count=1871, Max=57887, Min=183, Avg=433.93, 90=520, 99=762, 99.9=9319, 99.99=57887] [UPDATE: Count=1874, Max=57567, Min=168, Avg=338.38, 90=396, 99=547, 99.9=7067, 99.99=57567] 
2026-04-29 15:45:38:190 - NewTail completed: 
2026-04-29 15:45:38:908 6 sec: 17742 operations; 2410 current ops/sec; [READ: Count=2410, Max=8615, Min=5, Avg=90.26, 90=147, 99=265, 99.9=7727, 99.99=8615] [READ-MODIFY-WRITE: Count=1208, Max=113023, Min=194, Avg=731.91, 90=1197, 99=3239, 99.9=8735, 99.99=113023] [UPDATE: Count=1204, Max=112319, Min=179, Avg=640.57, 90=1076, 99=2969, 99.9=8079, 99.99=112319] 
2026-04-29 15:45:39:908 7 sec: 20441 operations; 2699 current ops/sec; [READ: Count=2700, Max=49343, Min=5, Avg=112.26, 90=144, 99=237, 99.9=8007, 99.99=49343] [READ-MODIFY-WRITE: Count=1368, Max=57439, Min=169, Avg=633.29, 90=659, 99=5643, 99.9=49695, 99.99=57439] [UPDATE: Count=1371, Max=57183, Min=155, Avg=502.26, 90=546, 99=4247, 99.9=24655, 99.99=57183] 
2026-04-29 15:45:40:908 8 sec: 24187 operations; 3746 current ops/sec; [READ: Count=3746, Max=13327, Min=5, Avg=94.75, 90=152, 99=215, 99.9=7739, 99.99=13327] [READ-MODIFY-WRITE: Count=1884, Max=57695, Min=184, Avg=435.4, 90=527, 99=912, 99.9=8383, 99.99=57695] [UPDATE: Count=1883, Max=57503, Min=164, Avg=335.36, 90=390, 99=687, 99.9=4779, 99.99=57503] 
2026-04-29 15:45:41:696 - NewTail completed: 
2026-04-29 15:45:41:908 9 sec: 28157 operations; 3970 current ops/sec; [READ: Count=3972, Max=9191, Min=5, Avg=91.47, 90=152, 99=216, 99.9=8279, 99.99=9191] [READ-MODIFY-WRITE: Count=2000, Max=8687, Min=183, Avg=405.23, 90=540, 99=750, 99.9=8335, 99.99=8687] [UPDATE: Count=2000, Max=6503, Min=169, Avg=311.12, 90=406, 99=580, 99.9=1464, 99.99=6503] 
2026-04-29 15:45:42:908 10 sec: 31730 operations; 3573 current ops/sec; [READ: Count=3571, Max=7571, Min=5, Avg=93.9, 90=169, 99=243, 99.9=6695, 99.99=7571] [READ-MODIFY-WRITE: Count=1760, Max=52799, Min=169, Avg=468.64, 90=559, 99=921, 99.9=13919, 99.99=52799] [UPDATE: Count=1759, Max=52575, Min=159, Avg=369.58, 90=417, 99=752, 99.9=13551, 99.99=52575] 
2026-04-29 15:45:43:908 11 sec: 34391 operations; 2661 current ops/sec; [READ: Count=2659, Max=7027, Min=5, Avg=91.84, 90=162, 99=256, 99.9=5947, 99.99=7027] [READ-MODIFY-WRITE: Count=1356, Max=115839, Min=182, Avg=646.87, 90=847, 99=1672, 99.9=55711, 99.99=115839] [UPDATE: Count=1356, Max=115519, Min=173, Avg=549.85, 90=738, 99=1366, 99.9=55519, 99.99=115519] 
2026-04-29 15:45:44:898 - NewTail completed: 
2026-04-29 15:45:44:908 12 sec: 38116 operations; 3725 current ops/sec; [READ: Count=3725, Max=8223, Min=5, Avg=94.74, 90=156, 99=269, 99.9=6335, 99.99=8223] [READ-MODIFY-WRITE: Count=1850, Max=15543, Min=171, Avg=427.58, 90=601, 99=1321, 99.9=6655, 99.99=15543] [UPDATE: Count=1850, Max=15255, Min=159, Avg=342.43, 90=449, 99=1226, 99.9=1965, 99.99=15255] 
2026-04-29 15:45:45:908 13 sec: 41865 operations; 3749 current ops/sec; [READ: Count=3749, Max=10623, Min=5, Avg=88.26, 90=150, 99=236, 99.9=7027, 99.99=10623] [READ-MODIFY-WRITE: Count=1906, Max=55199, Min=186, Avg=433.77, 90=526, 99=705, 99.9=11111, 99.99=55199] [UPDATE: Count=1907, Max=55039, Min=173, Avg=344.13, 90=394, 99=522, 99.9=7299, 99.99=55039] 
2026-04-29 15:45:46:908 14 sec: 45401 operations; 3536 current ops/sec; [READ: Count=3537, Max=13799, Min=5, Avg=94.22, 90=159, 99=243, 99.9=7147, 99.99=13799] [READ-MODIFY-WRITE: Count=1779, Max=95167, Min=172, Avg=458.51, 90=541, 99=740, 99.9=9503, 99.99=95167] [UPDATE: Count=1778, Max=94847, Min=160, Avg=368.09, 90=402, 99=562, 99.9=8099, 99.99=94847] 
2026-04-29 15:45:47:908 15 sec: 49000 operations; 3599 current ops/sec; [READ: Count=3599, Max=14767, Min=6, Avg=98.7, 90=164, 99=241, 99.9=6811, 99.99=14767] [READ-MODIFY-WRITE: Count=1847, Max=48895, Min=178, Avg=434.23, 90=536, 99=765, 99.9=8591, 99.99=48895] [UPDATE: Count=1850, Max=48703, Min=167, Avg=340.9, 90=404, 99=553, 99.9=8399, 99.99=48703] 
2026-04-29 15:45:48:908 16 sec: 51938 operations; 2938 current ops/sec; [READ: Count=2939, Max=14591, Min=5, Avg=98.03, 90=158, 99=282, 99.9=6391, 99.99=14591] [READ-MODIFY-WRITE: Count=1481, Max=110783, Min=188, Avg=565.58, 90=811, 99=1751, 99.9=6439, 99.99=110783] [UPDATE: Count=1478, Max=110591, Min=177, Avg=473.94, 90=745, 99=1539, 99.9=2955, 99.99=110591] 
2026-04-29 15:45:49:908 17 sec: 53715 operations; 1777 current ops/sec; [READ: Count=1777, Max=4715, Min=6, Avg=107.06, 90=182, 99=372, 99.9=3345, 99.99=4715] [READ-MODIFY-WRITE: Count=866, Max=90175, Min=218, Avg=1042.6, 90=1460, 99=2865, 99.9=90175, 99.99=90175] [UPDATE: Count=868, Max=89791, Min=191, Avg=924.3, 90=1333, 99=1881, 99.9=89791, 99.99=89791] 
2026-04-29 15:45:50:908 18 sec: 57528 operations; 3813 current ops/sec; [READ: Count=3810, Max=9279, Min=5, Avg=89.23, 90=153, 99=226, 99.9=6827, 99.99=9279] [READ-MODIFY-WRITE: Count=1900, Max=56255, Min=179, Avg=426.73, 90=520, 99=744, 99.9=9919, 99.99=56255] [UPDATE: Count=1897, Max=56095, Min=169, Avg=336.28, 90=389, 99=547, 99.9=7347, 99.99=56095] 
2026-04-29 15:45:51:908 19 sec: 61029 operations; 3501 current ops/sec; [READ: Count=3501, Max=13143, Min=5, Avg=102.89, 90=171, 99=253, 99.9=6683, 99.99=13143] [READ-MODIFY-WRITE: Count=1758, Max=56063, Min=181, Avg=454.73, 90=560, 99=736, 99.9=10455, 99.99=56063] [UPDATE: Count=1758, Max=55871, Min=171, Avg=357.68, 90=415, 99=590, 99.9=10239, 99.99=55871] 
2026-04-29 15:45:52:908 20 sec: 64894 operations; 3865 current ops/sec; [READ: Count=3865, Max=23327, Min=5, Avg=92.5, 90=148, 99=227, 99.9=8599, 99.99=23327] [READ-MODIFY-WRITE: Count=1958, Max=57023, Min=170, Avg=419.01, 90=503, 99=658, 99.9=23951, 99.99=57023] [UPDATE: Count=1958, Max=56767, Min=160, Avg=323.99, 90=379, 99=510, 99.9=8879, 99.99=56767] 
2026-04-29 15:45:53:411 - NewTail completed: 
2026-04-29 15:45:53:908 21 sec: 68121 operations; 3227 current ops/sec; [READ: Count=3227, Max=14391, Min=5, Avg=88.69, 90=156, 99=256, 99.9=6559, 99.99=14391] [READ-MODIFY-WRITE: Count=1594, Max=108799, Min=173, Avg=536.87, 90=545, 99=3777, 99.9=14999, 99.99=108799] [UPDATE: Count=1594, Max=108479, Min=163, Avg=445.86, 90=408, 99=3501, 99.9=7863, 99.99=108479] 
2026-04-29 15:45:54:908 22 sec: 68932 operations; 811 current ops/sec; [READ: Count=812, Max=2451, Min=5, Avg=102.72, 90=201, 99=1029, 99.9=2451, 99.99=2451] [READ-MODIFY-WRITE: Count=436, Max=8495, Min=388, Avg=2197.4, 90=3825, 99=5011, 99.9=8495, 99.99=8495] [UPDATE: Count=437, Max=8215, Min=323, Avg=2094.03, 90=3697, 99=4867, 99.9=8215, 99.99=8215] 
2026-04-29 15:45:55:714 - NewTail completed: 
2026-04-29 15:45:55:908 23 sec: 71578 operations; 2646 current ops/sec; [READ: Count=2645, Max=7551, Min=5, Avg=86.24, 90=157, 99=231, 99.9=4339, 99.99=7551] [READ-MODIFY-WRITE: Count=1305, Max=8047, Min=172, Avg=677.03, 90=1485, 99=3653, 99.9=7895, 99.99=8047] [UPDATE: Count=1304, Max=7955, Min=163, Avg=584.84, 90=1365, 99=3243, 99.9=5995, 99.99=7955] 
2026-04-29 15:45:56:908 24 sec: 75502 operations; 3924 current ops/sec; [READ: Count=3926, Max=13039, Min=5, Avg=89.49, 90=155, 99=232, 99.9=6267, 99.99=13039] [READ-MODIFY-WRITE: Count=1963, Max=52479, Min=173, Avg=411.33, 90=514, 99=726, 99.9=7611, 99.99=52479] [UPDATE: Count=1963, Max=52383, Min=161, Avg=327.31, 90=387, 99=518, 99.9=7299, 99.99=52383] 
2026-04-29 15:45:57:908 25 sec: 78997 operations; 3495 current ops/sec; [READ: Count=3495, Max=8143, Min=5, Avg=90.96, 90=166, 99=260, 99.9=6735, 99.99=8143] [READ-MODIFY-WRITE: Count=1768, Max=94207, Min=193, Avg=469.69, 90=542, 99=777, 99.9=21839, 99.99=94207] [UPDATE: Count=1770, Max=94079, Min=182, Avg=380.91, 90=398, 99=551, 99.9=21663, 99.99=94079] 
2026-04-29 15:45:58:908 26 sec: 82290 operations; 3293 current ops/sec; [READ: Count=3294, Max=7903, Min=5, Avg=95.59, 90=159, 99=271, 99.9=7035, 99.99=7903] [READ-MODIFY-WRITE: Count=1636, Max=87359, Min=166, Avg=509.77, 90=557, 99=1488, 99.9=57055, 99.99=87359] [UPDATE: Count=1634, Max=87039, Min=159, Avg=413.63, 90=409, 99=1089, 99.9=56863, 99.99=87039] 
2026-04-29 15:45:59:908 27 sec: 85137 operations; 2847 current ops/sec; [READ: Count=2845, Max=6895, Min=5, Avg=88.14, 90=161, 99=275, 99.9=3549, 99.99=6895] [READ-MODIFY-WRITE: Count=1463, Max=6559, Min=176, Avg=596.41, 90=963, 99=1506, 99.9=5903, 99.99=6559] [UPDATE: Count=1465, Max=6371, Min=167, Avg=507.32, 90=860, 99=1361, 99.9=2545, 99.99=6371] 
2026-04-29 15:46:00:908 28 sec: 88811 operations; 3674 current ops/sec; [READ: Count=3674, Max=13031, Min=6, Avg=93.21, 90=154, 99=246, 99.9=7111, 99.99=13031] [READ-MODIFY-WRITE: Count=1832, Max=93567, Min=164, Avg=413.82, 90=501, 99=654, 99.9=6823, 99.99=93567] [UPDATE: Count=1830, Max=93439, Min=155, Avg=334.38, 90=371, 99=489, 99.9=6423, 99.99=93439] 
2026-04-29 15:46:01:908 29 sec: 92500 operations; 3689 current ops/sec; [READ: Count=3689, Max=8271, Min=6, Avg=87.71, 90=158, 99=266, 99.9=5871, 99.99=8271] [READ-MODIFY-WRITE: Count=1800, Max=47967, Min=171, Avg=436.66, 90=529, 99=746, 99.9=20367, 99.99=47967] [UPDATE: Count=1800, Max=47775, Min=162, Avg=352.15, 90=391, 99=547, 99.9=20239, 99.99=47775] 
2026-04-29 15:46:02:821 - NewTail completed: 
2026-04-29 15:46:02:908 30 sec: 96318 operations; 3818 current ops/sec; [READ: Count=3818, Max=16231, Min=6, Avg=97.09, 90=172, 99=256, 99.9=8359, 99.99=16231] [READ-MODIFY-WRITE: Count=1901, Max=81727, Min=175, Avg=454.53, 90=554, 99=740, 99.9=8799, 99.99=81727] [UPDATE: Count=1903, Max=81535, Min=166, Avg=363.78, 90=404, 99=566, 99.9=8143, 99.99=81535] 
2026-04-29 15:46:03:908 31 sec: 99817 operations; 3499 current ops/sec; [READ: Count=3499, Max=7443, Min=6, Avg=96.43, 90=173, 99=271, 99.9=6795, 99.99=7443] [READ-MODIFY-WRITE: Count=1738, Max=100671, Min=171, Avg=470.03, 90=558, 99=809, 99.9=7751, 99.99=100671] [UPDATE: Count=1736, Max=93759, Min=160, Avg=372.37, 90=412, 99=619, 99.9=6807, 99.99=93759] 
2026-04-29 15:46:04:908 32 sec: 102001 operations; 2184 current ops/sec; [READ: Count=2184, Max=8887, Min=6, Avg=102.85, 90=183, 99=300, 99.9=4515, 99.99=8887] [READ-MODIFY-WRITE: Count=1078, Max=107647, Min=178, Avg=834.41, 90=1164, 99=1779, 99.9=9727, 99.99=107647] [UPDATE: Count=1080, Max=107391, Min=168, Avg=719.75, 90=1038, 99=1450, 99.9=3987, 99.99=107391] 
2026-04-29 15:46:05:908 33 sec: 105860 operations; 3859 current ops/sec; [READ: Count=3860, Max=18719, Min=6, Avg=94, 90=157, 99=231, 99.9=6783, 99.99=18719] [READ-MODIFY-WRITE: Count=1912, Max=59711, Min=175, Avg=430.08, 90=514, 99=748, 99.9=19199, 99.99=59711] [UPDATE: Count=1913, Max=59487, Min=164, Avg=328.35, 90=383, 99=509, 99.9=6779, 99.99=59487] 
2026-04-29 15:46:06:125 - NewTail completed: 
2026-04-29 15:46:06:908 34 sec: 109653 operations; 3793 current ops/sec; [READ: Count=3792, Max=14271, Min=6, Avg=89.46, 90=159, 99=255, 99.9=6759, 99.99=14271] [READ-MODIFY-WRITE: Count=1920, Max=65599, Min=170, Avg=417.92, 90=525, 99=714, 99.9=8115, 99.99=65599] [UPDATE: Count=1917, Max=65375, Min=159, Avg=339.47, 90=389, 99=537, 99.9=7923, 99.99=65375] 
2026-04-29 15:46:07:134 - NewTail completed: 
2026-04-29 15:46:07:908 35 sec: 113486 operations; 3833 current ops/sec; [READ: Count=3835, Max=9695, Min=6, Avg=97.02, 90=170, 99=277, 99.9=7899, 99.99=9695] [READ-MODIFY-WRITE: Count=1960, Max=10143, Min=169, Avg=416.14, 90=553, 99=798, 99.9=8919, 99.99=10143] [UPDATE: Count=1962, Max=8695, Min=159, Avg=315.73, 90=400, 99=569, 99.9=7839, 99.99=8695] 
2026-04-29 15:46:08:908 36 sec: 117142 operations; 3656 current ops/sec; [READ: Count=3654, Max=14991, Min=6, Avg=100.55, 90=176, 99=288, 99.9=7047, 99.99=14991] [READ-MODIFY-WRITE: Count=1788, Max=59391, Min=176, Avg=451.57, 90=574, 99=889, 99.9=7955, 99.99=59391] [UPDATE: Count=1786, Max=59327, Min=168, Avg=348.67, 90=409, 99=601, 99.9=7779, 99.99=59327] 
2026-04-29 15:46:09:231 - NewTail completed: 
2026-04-29 15:46:09:908 37 sec: 119241 operations; 2099 current ops/sec; [READ: Count=2101, Max=15671, Min=6, Avg=108.89, 90=190, 99=363, 99.9=5935, 99.99=15671] [READ-MODIFY-WRITE: Count=1009, Max=105983, Min=187, Avg=868.29, 90=1203, 99=2573, 99.9=6695, 99.99=105983] [UPDATE: Count=1009, Max=105727, Min=176, Avg=758.37, 90=1077, 99=1668, 99.9=4875, 99.99=105727] 
2026-04-29 15:46:10:531 - NewTail completed: 
2026-04-29 15:46:10:908 38 sec: 122963 operations; 3722 current ops/sec; [READ: Count=3720, Max=8503, Min=6, Avg=100.38, 90=178, 99=286, 99.9=7099, 99.99=8503] [READ-MODIFY-WRITE: Count=1916, Max=9231, Min=164, Avg=431.1, 90=610, 99=1193, 99.9=8215, 99.99=9231] [UPDATE: Count=1917, Max=1985, Min=154, Avg=322.56, 90=435, 99=958, 99.9=1407, 99.99=1985] 
2026-04-29 15:46:11:432 - NewTail completed: 
2026-04-29 15:46:11:908 39 sec: 127136 operations; 4173 current ops/sec; [READ: Count=4174, Max=13199, Min=6, Avg=92.99, 90=163, 99=262, 99.9=6947, 99.99=13199] [READ-MODIFY-WRITE: Count=2089, Max=14039, Min=161, Avg=384.22, 90=523, 99=726, 99.9=7183, 99.99=14039] [UPDATE: Count=2090, Max=5875, Min=152, Avg=288.36, 90=376, 99=513, 99.9=852, 99.99=5875] 
2026-04-29 15:46:12:333 - NewTail completed: 
2026-04-29 15:46:12:908 40 sec: 131087 operations; 3951 current ops/sec; [READ: Count=3950, Max=14135, Min=6, Avg=97.9, 90=168, 99=275, 99.9=7223, 99.99=14135] [READ-MODIFY-WRITE: Count=2020, Max=14527, Min=170, Avg=403.84, 90=551, 99=756, 99.9=7463, 99.99=14527] [UPDATE: Count=2018, Max=7751, Min=162, Avg=299.22, 90=395, 99=532, 99.9=949, 99.99=7751] 
2026-04-29 15:46:13:908 41 sec: 134977 operations; 3890 current ops/sec; [READ: Count=3891, Max=8511, Min=6, Avg=97.44, 90=172, 99=292, 99.9=7155, 99.99=8511] [READ-MODIFY-WRITE: Count=1924, Max=52895, Min=172, Avg=417.89, 90=529, 99=739, 99.9=8127, 99.99=52895] [UPDATE: Count=1927, Max=52735, Min=161, Avg=318, 90=376, 99=515, 99.9=7823, 99.99=52735] 
2026-04-29 15:46:14:908 42 sec: 136548 operations; 1571 current ops/sec; [READ: Count=1570, Max=7547, Min=6, Avg=99.53, 90=190, 99=318, 99.9=6343, 99.99=7547] [READ-MODIFY-WRITE: Count=755, Max=119167, Min=193, Avg=1224.21, 90=1916, 99=6239, 99.9=119167, 99.99=119167] [UPDATE: Count=753, Max=111551, Min=180, Avg=1114.57, 90=1793, 99=5595, 99.9=111551, 99.99=111551] 
2026-04-29 15:46:15:908 43 sec: 139395 operations; 2847 current ops/sec; [READ: Count=2848, Max=9127, Min=6, Avg=105.79, 90=186, 99=336, 99.9=6759, 99.99=9127] [READ-MODIFY-WRITE: Count=1431, Max=10167, Min=177, Avg=591.96, 90=971, 99=1504, 99.9=7695, 99.99=10167] [UPDATE: Count=1432, Max=7463, Min=167, Avg=483, 90=832, 99=1276, 99.9=3077, 99.99=7463] 
2026-04-29 15:46:16:908 44 sec: 143245 operations; 3850 current ops/sec; [READ: Count=3849, Max=8855, Min=6, Avg=91.35, 90=161, 99=273, 99.9=6411, 99.99=8855] [READ-MODIFY-WRITE: Count=1941, Max=40831, Min=182, Avg=428.76, 90=545, 99=763, 99.9=9343, 99.99=40831] [UPDATE: Count=1940, Max=40607, Min=172, Avg=329.67, 90=394, 99=546, 99.9=8807, 99.99=40607] 
2026-04-29 15:46:17:908 45 sec: 147119 operations; 3874 current ops/sec; [READ: Count=3875, Max=13071, Min=6, Avg=92.81, 90=162, 99=250, 99.9=6923, 99.99=13071] [READ-MODIFY-WRITE: Count=1915, Max=53535, Min=179, Avg=436.7, 90=530, 99=762, 99.9=13527, 99.99=53535] [UPDATE: Count=1915, Max=53375, Min=169, Avg=330.15, 90=385, 99=547, 99.9=8199, 99.99=53375] 
2026-04-29 15:46:18:908 46 sec: 150813 operations; 3694 current ops/sec; [READ: Count=3693, Max=19087, Min=6, Avg=99.78, 90=174, 99=294, 99.9=7015, 99.99=19087] [READ-MODIFY-WRITE: Count=1846, Max=59615, Min=181, Avg=455.42, 90=552, 99=844, 99.9=19583, 99.99=59615] [UPDATE: Count=1847, Max=59359, Min=172, Avg=337.37, 90=397, 99=561, 99.9=7823, 99.99=59359] 
2026-04-29 15:46:19:908 47 sec: 153013 operations; 2200 current ops/sec; [READ: Count=2201, Max=9087, Min=6, Avg=108.29, 90=197, 99=392, 99.9=6311, 99.99=9087] [READ-MODIFY-WRITE: Count=1040, Max=102911, Min=175, Avg=833.31, 90=1243, 99=2565, 99.9=53599, 99.99=102911] [UPDATE: Count=1039, Max=102399, Min=166, Avg=727.37, 90=1114, 99=2213, 99.9=53407, 99.99=102399] 
2026-04-29 15:46:20:545 - NewTail completed: 
2026-04-29 15:46:20:908 48 sec: 156275 operations; 3262 current ops/sec; [READ: Count=3262, Max=6695, Min=6, Avg=99.29, 90=185, 99=317, 99.9=5443, 99.99=6695] [READ-MODIFY-WRITE: Count=1670, Max=7523, Min=165, Avg=497.59, 90=838, 99=1695, 99.9=5703, 99.99=7523] [UPDATE: Count=1669, Max=4047, Min=155, Avg=400.21, 90=736, 99=1484, 99.9=2443, 99.99=4047] 
2026-04-29 15:46:21:908 49 sec: 159984 operations; 3709 current ops/sec; [READ: Count=3709, Max=9983, Min=6, Avg=98.41, 90=184, 99=306, 99.9=6843, 99.99=9983] [READ-MODIFY-WRITE: Count=1794, Max=60319, Min=179, Avg=456.63, 90=571, 99=818, 99.9=8783, 99.99=60319] [UPDATE: Count=1796, Max=60127, Min=167, Avg=348.94, 90=400, 99=559, 99.9=7455, 99.99=60127] 
2026-04-29 15:46:22:908 50 sec: 163657 operations; 3673 current ops/sec; [READ: Count=3672, Max=8503, Min=6, Avg=96.73, 90=178, 99=304, 99.9=6755, 99.99=8503] [READ-MODIFY-WRITE: Count=1840, Max=60735, Min=184, Avg=439.67, 90=553, 99=770, 99.9=8943, 99.99=60735] [UPDATE: Count=1839, Max=60639, Min=174, Avg=345.74, 90=391, 99=548, 99.9=7663, 99.99=60639] 
2026-04-29 15:46:23:908 51 sec: 167467 operations; 3810 current ops/sec; [READ: Count=3810, Max=18991, Min=6, Avg=95.85, 90=169, 99=292, 99.9=6871, 99.99=18991] [READ-MODIFY-WRITE: Count=1904, Max=67711, Min=179, Avg=426.35, 90=535, 99=743, 99.9=7479, 99.99=67711] [UPDATE: Count=1904, Max=67647, Min=169, Avg=329.2, 90=381, 99=496, 99.9=6227, 99.99=67647] 
2026-04-29 15:46:24:908 52 sec: 169869 operations; 2402 current ops/sec; [READ: Count=2401, Max=13095, Min=6, Avg=109.5, 90=194, 99=348, 99.9=6943, 99.99=13095] [READ-MODIFY-WRITE: Count=1186, Max=111359, Min=183, Avg=733.69, 90=1101, 99=2233, 99.9=49023, 99.99=111359] [UPDATE: Count=1185, Max=110911, Min=170, Avg=616.3, 90=976, 99=1723, 99.9=48991, 99.99=110911] 
2026-04-29 15:46:25:908 53 sec: 172468 operations; 2599 current ops/sec; [READ: Count=2600, Max=6395, Min=7, Avg=98.21, 90=185, 99=339, 99.9=3541, 99.99=6395] [READ-MODIFY-WRITE: Count=1264, Max=7055, Min=179, Avg=687.85, 90=1364, 99=2127, 99.9=6967, 99.99=7055] [UPDATE: Count=1265, Max=6863, Min=167, Avg=583.86, 90=1245, 99=1908, 99.9=2375, 99.99=6863] 
2026-04-29 15:46:26:908 54 sec: 176424 operations; 3956 current ops/sec; [READ: Count=3956, Max=14807, Min=7, Avg=99.75, 90=170, 99=304, 99.9=7087, 99.99=14807] [READ-MODIFY-WRITE: Count=1940, Max=40511, Min=180, Avg=409.86, 90=528, 99=730, 99.9=15199, 99.99=40511] [UPDATE: Count=1940, Max=40351, Min=167, Avg=307.85, 90=378, 99=502, 99.9=1558, 99.99=40351] 
2026-04-29 15:46:27:908 55 sec: 180314 operations; 3890 current ops/sec; [READ: Count=3891, Max=20671, Min=7, Avg=101.1, 90=173, 99=324, 99.9=6959, 99.99=20671] [READ-MODIFY-WRITE: Count=1871, Max=49055, Min=169, Avg=418.31, 90=534, 99=802, 99.9=8703, 99.99=49055] [UPDATE: Count=1872, Max=48863, Min=158, Avg=319.73, 90=381, 99=500, 99.9=8519, 99.99=48863] 
2026-04-29 15:46:28:908 56 sec: 184205 operations; 3891 current ops/sec; [READ: Count=3893, Max=14695, Min=6, Avg=94.95, 90=171, 99=321, 99.9=7443, 99.99=14695] [READ-MODIFY-WRITE: Count=1953, Max=57247, Min=162, Avg=411.49, 90=518, 99=802, 99.9=8327, 99.99=57247] [UPDATE: Count=1953, Max=57055, Min=153, Avg=318.5, 90=368, 99=514, 99.9=8099, 99.99=57055] 
2026-04-29 15:46:29:908 57 sec: 186378 operations; 2173 current ops/sec; [READ: Count=2170, Max=6175, Min=7, Avg=98.62, 90=179, 99=354, 99.9=5847, 99.99=6175] [READ-MODIFY-WRITE: Count=1083, Max=109247, Min=177, Avg=817.35, 90=716, 99=5311, 99.9=100735, 99.99=109247] [UPDATE: Count=1082, Max=108991, Min=165, Avg=721.72, 90=501, 99=5003, 99.9=95167, 99.99=108991] 
2026-04-29 15:46:30:908 58 sec: 187087 operations; 709 current ops/sec; [READ: Count=709, Max=1171, Min=7, Avg=106.16, 90=222, 99=931, 99.9=1171, 99.99=1171] [READ-MODIFY-WRITE: Count=365, Max=5383, Min=376, Avg=2639.94, 90=4003, 99=5027, 99.9=5383, 99.99=5383] [UPDATE: Count=364, Max=5143, Min=355, Avg=2532.62, 90=3867, 99=4931, 99.9=5143, 99.99=5143] 
2026-04-29 15:46:31:908 59 sec: 188118 operations; 1031 current ops/sec; [READ: Count=1031, Max=2008, Min=7, Avg=107.88, 90=217, 99=404, 99.9=1540, 99.99=2008] [READ-MODIFY-WRITE: Count=537, Max=7003, Min=182, Avg=1746.91, 90=3517, 99=5183, 99.9=7003, 99.99=7003] [UPDATE: Count=537, Max=6983, Min=170, Avg=1630.99, 90=3365, 99=4631, 99.9=6983, 99.99=6983] 
2026-04-29 15:46:32:908 60 sec: 191975 operations; 3857 current ops/sec; [READ: Count=3857, Max=14023, Min=6, Avg=97.82, 90=178, 99=301, 99.9=7235, 99.99=14023] [READ-MODIFY-WRITE: Count=1930, Max=61375, Min=176, Avg=417.43, 90=533, 99=818, 99.9=7867, 99.99=61375] [UPDATE: Count=1930, Max=61311, Min=165, Avg=322.55, 90=376, 99=532, 99.9=7579, 99.99=61311] 
2026-04-29 15:46:33:908 61 sec: 195855 operations; 3880 current ops/sec; [READ: Count=3880, Max=8455, Min=7, Avg=89.98, 90=172, 99=267, 99.9=5927, 99.99=8455] [READ-MODIFY-WRITE: Count=1887, Max=54655, Min=167, Avg=427.34, 90=531, 99=739, 99.9=22383, 99.99=54655] [UPDATE: Count=1887, Max=54527, Min=158, Avg=337.24, 90=380, 99=500, 99.9=22191, 99.99=54527] 
2026-04-29 15:46:34:908 62 sec: 198801 operations; 2946 current ops/sec; [READ: Count=2946, Max=13519, Min=7, Avg=94.44, 90=173, 99=284, 99.9=7531, 99.99=13519] [READ-MODIFY-WRITE: Count=1466, Max=77439, Min=169, Avg=580.51, 90=609, 99=3941, 99.9=62719, 99.99=77439] [UPDATE: Count=1466, Max=77247, Min=159, Avg=493.3, 90=448, 99=3831, 99.9=62495, 99.99=77247] 
2026-04-29 15:46:35:465 - NewTail completed: 
2026-04-29 15:46:35:908 63 sec: 201007 operations; 2206 current ops/sec; [READ: Count=2207, Max=7491, Min=7, Avg=107.57, 90=203, 99=375, 99.9=3455, 99.99=7491] [READ-MODIFY-WRITE: Count=1076, Max=7747, Min=189, Avg=814.72, 90=1425, 99=3969, 99.9=4595, 99.99=7747] [UPDATE: Count=1077, Max=4483, Min=180, Avg=703.67, 90=1276, 99=3873, 99.9=4423, 99.99=4483] 
2026-04-29 15:46:36:908 64 sec: 204527 operations; 3520 current ops/sec; [READ: Count=3520, Max=7667, Min=7, Avg=106.12, 90=191, 99=318, 99.9=7167, 99.99=7667] [READ-MODIFY-WRITE: Count=1781, Max=62175, Min=176, Avg=452.76, 90=578, 99=811, 99.9=8139, 99.99=62175] [UPDATE: Count=1781, Max=61983, Min=163, Avg=347.15, 90=411, 99=552, 99.9=6159, 99.99=61983] 
2026-04-29 15:46:37:908 65 sec: 208215 operations; 3688 current ops/sec; [READ: Count=3687, Max=7975, Min=7, Avg=102.21, 90=183, 99=331, 99.9=6571, 99.99=7975] [READ-MODIFY-WRITE: Count=1884, Max=49983, Min=180, Avg=427.3, 90=560, 99=794, 99.9=7891, 99.99=49983] [UPDATE: Count=1884, Max=49855, Min=169, Avg=326.25, 90=389, 99=523, 99.9=7611, 99.99=49855] 
2026-04-29 15:46:38:908 66 sec: 211909 operations; 3694 current ops/sec; [READ: Count=3696, Max=19471, Min=7, Avg=101.65, 90=178, 99=364, 99.9=7175, 99.99=19471] [READ-MODIFY-WRITE: Count=1888, Max=49983, Min=174, Avg=426.26, 90=543, 99=830, 99.9=8599, 99.99=49983] [UPDATE: Count=1888, Max=49791, Min=163, Avg=326.29, 90=386, 99=525, 99.9=7511, 99.99=49791] 
2026-04-29 15:46:39:908 67 sec: 214953 operations; 3044 current ops/sec; [READ: Count=3042, Max=15359, Min=7, Avg=104.25, 90=187, 99=338, 99.9=6587, 99.99=15359] [READ-MODIFY-WRITE: Count=1513, Max=103039, Min=176, Avg=558.31, 90=621, 99=1404, 99.9=62911, 99.99=103039] [UPDATE: Count=1513, Max=102847, Min=165, Avg=446.49, 90=440, 99=1099, 99.9=62751, 99.99=102847] 
2026-04-29 15:46:40:908 68 sec: 217752 operations; 2799 current ops/sec; [READ: Count=2800, Max=7251, Min=7, Avg=99.97, 90=188, 99=359, 99.9=3685, 99.99=7251] [READ-MODIFY-WRITE: Count=1452, Max=11303, Min=175, Avg=590.86, 90=964, 99=1721, 99.9=7623, 99.99=11303] [UPDATE: Count=1452, Max=11111, Min=162, Avg=491.3, 90=834, 99=1387, 99.9=5859, 99.99=11111] 
2026-04-29 15:46:41:908 69 sec: 221328 operations; 3576 current ops/sec; [READ: Count=3575, Max=9159, Min=7, Avg=109.43, 90=195, 99=360, 99.9=6615, 99.99=9159] [READ-MODIFY-WRITE: Count=1815, Max=50623, Min=186, Avg=449.43, 90=573, 99=850, 99.9=9607, 99.99=50623] [UPDATE: Count=1816, Max=50463, Min=172, Avg=330.54, 90=393, 99=540, 99.9=1660, 99.99=50463] 
2026-04-29 15:46:42:908 70 sec: 225159 operations; 3831 current ops/sec; [READ: Count=3831, Max=11711, Min=7, Avg=99.47, 90=177, 99=309, 99.9=6019, 99.99=11711] [READ-MODIFY-WRITE: Count=1907, Max=39967, Min=181, Avg=415.46, 90=545, 99=752, 99.9=7091, 99.99=39967] [UPDATE: Count=1907, Max=39711, Min=168, Avg=320.19, 90=380, 99=502, 99.9=6863, 99.99=39711] 
2026-04-29 15:46:42:976 - NewTail completed: 
2026-04-29 15:46:43:908 71 sec: 228952 operations; 3793 current ops/sec; [READ: Count=3793, Max=13783, Min=7, Avg=101.58, 90=190, 99=345, 99.9=7027, 99.99=13783] [READ-MODIFY-WRITE: Count=1918, Max=8271, Min=185, Avg=413.49, 90=576, 99=804, 99.9=7323, 99.99=8271] [UPDATE: Count=1917, Max=7163, Min=175, Avg=316.19, 90=400, 99=537, 99.9=6907, 99.99=7163] 
2026-04-29 15:46:44:908 72 sec: 232298 operations; 3346 current ops/sec; [READ: Count=3346, Max=5999, Min=7, Avg=102.06, 90=210, 99=380, 99.9=5147, 99.99=5999] [READ-MODIFY-WRITE: Count=1715, Max=39615, Min=177, Avg=444.62, 90=612, 99=927, 99.9=7547, 99.99=39615] [UPDATE: Count=1714, Max=39359, Min=167, Avg=347.75, 90=412, 99=627, 99.9=7215, 99.99=39359] 
2026-04-29 15:46:45:908 73 sec: 234500 operations; 2202 current ops/sec; [READ: Count=2203, Max=9639, Min=7, Avg=111.13, 90=210, 99=409, 99.9=3481, 99.99=9639] [READ-MODIFY-WRITE: Count=1073, Max=111103, Min=187, Avg=868.52, 90=1107, 99=2525, 99.9=84991, 99.99=111103] [UPDATE: Count=1075, Max=110591, Min=174, Avg=748.08, 90=946, 99=1448, 99.9=84863, 99.99=110591] 
2026-04-29 15:46:46:380 - NewTail completed: 
2026-04-29 15:46:46:908 74 sec: 238194 operations; 3694 current ops/sec; [READ: Count=3693, Max=17663, Min=7, Avg=114.02, 90=199, 99=381, 99.9=6431, 99.99=17663] [READ-MODIFY-WRITE: Count=1854, Max=18191, Min=184, Avg=432.95, 90=583, 99=910, 99.9=8639, 99.99=18191] [UPDATE: Count=1853, Max=6091, Min=171, Avg=307.42, 90=405, 99=548, 99.9=3233, 99.99=6091] 
2026-04-29 15:46:47:388 - NewTail completed: 
2026-04-29 15:46:47:908 75 sec: 242135 operations; 3941 current ops/sec; [READ: Count=3941, Max=14279, Min=7, Avg=103.6, 90=189, 99=356, 99.9=6475, 99.99=14279] [READ-MODIFY-WRITE: Count=1913, Max=14831, Min=176, Avg=414.22, 90=565, 99=936, 99.9=6979, 99.99=14831] [UPDATE: Count=1914, Max=6715, Min=166, Avg=304.42, 90=393, 99=556, 99.9=3023, 99.99=6715] 
2026-04-29 15:46:48:383 - NewTail completed: 
2026-04-29 15:46:48:908 76 sec: 246114 operations; 3979 current ops/sec; [READ: Count=3980, Max=8287, Min=7, Avg=96.53, 90=175, 99=333, 99.9=7235, 99.99=8287] [READ-MODIFY-WRITE: Count=1948, Max=8027, Min=188, Avg=407.82, 90=551, 99=851, 99.9=7683, 99.99=8027] [UPDATE: Count=1947, Max=7827, Min=178, Avg=311.67, 90=382, 99=544, 99.9=7019, 99.99=7827] 
2026-04-29 15:46:49:908 77 sec: 249682 operations; 3568 current ops/sec; [READ: Count=3567, Max=15439, Min=7, Avg=103.21, 90=196, 99=359, 99.9=5691, 99.99=15439] [READ-MODIFY-WRITE: Count=1791, Max=39327, Min=187, Avg=451.95, 90=588, 99=950, 99.9=15847, 99.99=39327] [UPDATE: Count=1791, Max=38975, Min=173, Avg=348.24, 90=412, 99=579, 99.9=7163, 99.99=38975] 
2026-04-29 15:46:50:908 78 sec: 251308 operations; 1626 current ops/sec; [READ: Count=1626, Max=5455, Min=7, Avg=110.77, 90=207, 99=449, 99.9=2291, 99.99=5455] [READ-MODIFY-WRITE: Count=791, Max=112191, Min=194, Avg=1131.22, 90=1712, 99=4103, 99.9=112191, 99.99=112191] [UPDATE: Count=792, Max=111935, Min=183, Avg=1031.19, 90=1583, 99=4089, 99.9=111935, 99.99=111935] 
2026-04-29 15:46:50:987 - NewTail completed: 
2026-04-29 15:46:51:908 79 sec: 254480 operations; 3172 current ops/sec; [READ: Count=3172, Max=11407, Min=8, Avg=113.49, 90=206, 99=397, 99.9=6799, 99.99=11407] [READ-MODIFY-WRITE: Count=1583, Max=12079, Min=186, Avg=514.28, 90=832, 99=1615, 99.9=7423, 99.99=12079] [UPDATE: Count=1581, Max=6527, Min=174, Avg=399.32, 90=680, 99=1320, 99.9=6231, 99.99=6527] 
2026-04-29 15:46:52:087 - NewTail completed: 
2026-04-29 15:46:52:908 80 sec: 258128 operations; 3648 current ops/sec; [READ: Count=3648, Max=7379, Min=7, Avg=108.99, 90=205, 99=373, 99.9=6651, 99.99=7379] [READ-MODIFY-WRITE: Count=1842, Max=15703, Min=186, Avg=427.52, 90=599, 99=868, 99.9=7979, 99.99=15703] [UPDATE: Count=1843, Max=15367, Min=173, Avg=322.06, 90=409, 99=574, 99.9=5491, 99.99=15367] 
2026-04-29 15:46:53:089 - NewTail completed: 
2026-04-29 15:46:53:908 81 sec: 261829 operations; 3701 current ops/sec; [READ: Count=3701, Max=8919, Min=8, Avg=107.82, 90=199, 99=333, 99.9=7123, 99.99=8919] [READ-MODIFY-WRITE: Count=1842, Max=15119, Min=186, Avg=423.43, 90=601, 99=821, 99.9=7755, 99.99=15119] [UPDATE: Count=1841, Max=8447, Min=173, Avg=321.49, 90=410, 99=546, 99.9=7543, 99.99=8447] 
2026-04-29 15:46:54:098 - NewTail completed: 
2026-04-29 15:46:54:909 82 sec: 265614 operations; 3781.22 current ops/sec; [READ: Count=3785, Max=7815, Min=7, Avg=102.39, 90=191, 99=373, 99.9=6863, 99.99=7815] [READ-MODIFY-WRITE: Count=1902, Max=13999, Min=188, Avg=428.29, 90=574, 99=897, 99.9=9151, 99.99=13999] [UPDATE: Count=1903, Max=13879, Min=175, Avg=317.85, 90=399, 99=540, 99.9=7351, 99.99=13879] 
2026-04-29 15:46:55:092 - NewTail completed: 
2026-04-29 15:46:55:908 83 sec: 267483 operations; 1870.87 current ops/sec; [READ: Count=1869, Max=14567, Min=8, Avg=122.34, 90=216, 99=459, 99.9=7735, 99.99=14567] [READ-MODIFY-WRITE: Count=903, Max=104767, Min=190, Avg=955.26, 90=1585, 99=2453, 99.9=104767, 99.99=104767] [UPDATE: Count=902, Max=104639, Min=177, Avg=848.3, 90=1464, 99=2179, 99.9=104639, 99.99=104639] 
2026-04-29 15:46:56:908 84 sec: 270247 operations; 2764 current ops/sec; [READ: Count=2765, Max=6919, Min=8, Avg=113.86, 90=217, 99=407, 99.9=6647, 99.99=6919] [READ-MODIFY-WRITE: Count=1363, Max=93183, Min=186, Avg=613.17, 90=934, 99=2141, 99.9=7883, 99.99=93183] [UPDATE: Count=1365, Max=92799, Min=173, Avg=497.31, 90=748, 99=1852, 99.9=7715, 99.99=92799] 
2026-04-29 15:46:57:695 - NewTail completed: 
2026-04-29 15:46:57:908 85 sec: 273988 operations; 3741 current ops/sec; [READ: Count=3740, Max=14375, Min=8, Avg=110.22, 90=197, 99=375, 99.9=6695, 99.99=14375] [READ-MODIFY-WRITE: Count=1905, Max=7999, Min=188, Avg=421.12, 90=582, 99=877, 99.9=7131, 99.99=7999] [UPDATE: Count=1903, Max=821, Min=175, Avg=304.07, 90=403, 99=539, 99.9=633, 99.99=821] 
2026-04-29 15:46:58:705 - NewTail completed: 
2026-04-29 15:46:58:909 86 sec: 277878 operations; 3890 current ops/sec; [READ: Count=3890, Max=8271, Min=8, Avg=103.59, 90=194, 99=350, 99.9=7211, 99.99=8271] [READ-MODIFY-WRITE: Count=1932, Max=10471, Min=184, Avg=411.83, 90=578, 99=867, 99.9=8131, 99.99=10471] [UPDATE: Count=1934, Max=10255, Min=175, Avg=304.9, 90=397, 99=545, 99.9=1473, 99.99=10255] 
2026-04-29 15:46:59:908 87 sec: 281241 operations; 3363 current ops/sec; [READ: Count=3365, Max=54111, Min=8, Avg=120.87, 90=192, 99=414, 99.9=7007, 99.99=54111] [READ-MODIFY-WRITE: Count=1670, Max=80895, Min=183, Avg=450.18, 90=582, 99=878, 99.9=7243, 99.99=80895] [UPDATE: Count=1668, Max=80831, Min=173, Avg=351.07, 90=397, 99=562, 99.9=1869, 99.99=80831] 
2026-04-29 15:47:00:908 88 sec: 282679 operations; 1438 current ops/sec; [READ: Count=1436, Max=14023, Min=8, Avg=129.71, 90=226, 99=533, 99.9=10999, 99.99=14023] [READ-MODIFY-WRITE: Count=708, Max=103679, Min=181, Avg=1272.34, 90=3479, 99=6335, 99.9=103679, 99.99=103679] [UPDATE: Count=709, Max=103359, Min=168, Avg=1142.69, 90=3291, 99=5787, 99.9=103359, 99.99=103359] 
2026-04-29 15:47:01:908 89 sec: 283471 operations; 792 current ops/sec; [READ: Count=792, Max=1293, Min=8, Avg=113.34, 90=239, 99=924, 99.9=1293, 99.99=1293] [READ-MODIFY-WRITE: Count=378, Max=5631, Min=555, Avg=2513.4, 90=4123, 99=5335, 99.9=5631, 99.99=5631] [UPDATE: Count=378, Max=5379, Min=493, Avg=2401.16, 90=4057, 99=4895, 99.9=5379, 99.99=5379] 
2026-04-29 15:47:02:801 - NewTail completed: 
Maximum time elapsed. Requesting stop for the workload.
Stop requested for workload. Now Joining!
[OZONEDB-PROFILE] reads=426852  avg_total=77.91us  view=7.70us(9.9%)  log=12.92us(16.6%)  sst=88.84us_per_call x 274101_calls(73.2%_of_total)
[OZONEDB-SST-PROFILE] level | time_total_ms | enters | range_rejects | table_gets | hits
[OZONEDB-SST-PROFILE] L1  |      5940.35 |  1165348 |        32388 |    1132960 |  72473
[OZONEDB-SST-PROFILE] L2  |      8465.19 |  1353549 |       122431 |    1231118 |  86680
[OZONEDB-SST-PROFILE] L3  |       755.96 |   229697 |       114749 |     114948 |   7739
[OZONEDB-SST-PROFILE] L4  |       720.50 |   214082 |       106875 |     107207 |   7712
[OZONEDB-SST-PROFILE] L5  |       679.55 |   198739 |        99254 |      99485 |   7654
[OZONEDB-SST-PROFILE] L6  |       667.67 |   183443 |        91606 |      91837 |   7696
[OZONEDB-SST-PROFILE] L7  |      6915.35 |   291115 |           25 |     291090 |  84147
[OZONEDB-TBL-PROFILE] file_filter_reject=2763019  block_filter_reject=31211  index_invalid=0  block_read_more=172313  hit_from_cache=102102  miss_after_read=314  found=274101
2026-04-29 15:47:02:908 90 sec: 284582 operations; 1111 current ops/sec; [READ: Count=1111, Max=3493, Min=8, Avg=124.39, 90=243, 99=561, 99.9=1917, 99.99=3493] [READ-MODIFY-WRITE: Count=579, Max=8767, Min=249, Avg=1616.77, 90=3299, 99=4763, 99.9=8767, 99.99=8767] [UPDATE: Count=578, Max=8687, Min=229, Avg=1484.31, 90=3123, 99=4611, 99.9=8687, 99.99=8687] 
2026-04-29 15:47:03:000 90 sec: 284584 operations; 21.74 current ops/sec; [READ: Count=1, Max=180, Min=180, Avg=180, 90=180, 99=180, 99.9=180, 99.99=180] [READ-MODIFY-WRITE: Count=0, Max=0, Min=0, Avg=0, 90=0, 99=0, 99.9=0, 99.99=0] [CLEANUP: Count=1, Max=91263, Min=91200, Avg=91232, 90=91263, 99=91263, 99.9=91263, 99.99=91263] [UPDATE: Count=0, Max=0, Min=0, Avg=0, 90=0, 99=0, 99.9=0, 99.99=0] 
[OVERALL], RunTime(ms), 90092
[OVERALL], Throughput(ops/sec), 3158.815433112818
[TOTAL_GCS_PS_Scavenge], Count, 4
[TOTAL_GC_TIME_PS_Scavenge], Time(ms), 16
[TOTAL_GC_TIME_%_PS_Scavenge], Time(%), 0.017759623495981886
[TOTAL_GCS_PS_MarkSweep], Count, 0
[TOTAL_GC_TIME_PS_MarkSweep], Time(ms), 0
[TOTAL_GC_TIME_%_PS_MarkSweep], Time(%), 0.0
[TOTAL_GCs], Count, 4
[TOTAL_GC_TIME], Time(ms), 16
[TOTAL_GC_TIME_%], Time(%), 0.017759623495981886
[READ], Operations, 284584
[READ], AverageLatency(us), 100.03199406853513
[READ], MinLatency(us), 5
[READ], MaxLatency(us), 63807
[READ], 95thPercentileLatency(us), 209
[READ], 99thPercentileLatency(us), 325
[READ], Return=OK, 284584
[READ-MODIFY-WRITE], Operations, 142268
[READ-MODIFY-WRITE], AverageLatency(us), 525.787478561588
[READ-MODIFY-WRITE], MinLatency(us), 161
[READ-MODIFY-WRITE], MaxLatency(us), 130431
[READ-MODIFY-WRITE], 95thPercentileLatency(us), 960
[READ-MODIFY-WRITE], 99thPercentileLatency(us), 2975
[CLEANUP], Operations, 1
[CLEANUP], AverageLatency(us), 91232.0
[CLEANUP], MinLatency(us), 91200
[CLEANUP], MaxLatency(us), 91263
[CLEANUP], 95thPercentileLatency(us), 91263
[CLEANUP], 99thPercentileLatency(us), 91263
[UPDATE], Operations, 142268
[UPDATE], AverageLatency(us), 424.8753057609582
[UPDATE], MinLatency(us), 152
[UPDATE], MaxLatency(us), 121023
[UPDATE], 95thPercentileLatency(us), 818
[UPDATE], 99thPercentileLatency(us), 2491
[UPDATE], Return=OK, 142268
	Command being timed: "/usr/lib/jvm/java-8-openjdk-amd64/bin/java -cp /users/Xinying/ozonedb/ycsb/ozonedb/conf:/users/Xinying/ozonedb/ycsb/ozonedb/target/ozonedb-binding-0.18.0-SNAPSHOT.jar:/users/Xinying/.m2/repository/org/apache/htrace/htrace-core4/4.1.0-incubating/htrace-core4-4.1.0-incubating.jar:/users/Xinying/.m2/repository/org/slf4j/slf4j-api/1.7.25/slf4j-api-1.7.25.jar:/users/Xinying/.m2/repository/org/hdrhistogram/HdrHistogram/2.1.12/HdrHistogram-2.1.12.jar:/users/Xinying/.m2/repository/ch/qos/logback/logback-classic/1.2.3/logback-classic-1.2.3.jar:/users/Xinying/.m2/repository/ozonedbjnimaven/demoproc-jni/1.0/demoproc-jni-1.0.jar:/users/Xinying/.m2/repository/ch/qos/logback/logback-core/1.2.3/logback-core-1.2.3.jar:/users/Xinying/.m2/repository/org/codehaus/jackson/jackson-mapper-asl/1.9.4/jackson-mapper-asl-1.9.4.jar:/users/Xinying/.m2/repository/org/slf4j/slf4j-simple/1.7.25/slf4j-simple-1.7.25.jar:/users/Xinying/.m2/repository/org/codehaus/jackson/jackson-core-asl/1.9.4/jackson-core-asl-1.9.4.jar:/users/Xinying/ozonedb/ycsb/core/target/core-0.18.0-SNAPSHOT.jar site.ycsb.Client -db site.ycsb.db.OzoneDBClient -threads 1 -s -P /users/Xinying/ozonedb/ycsb/workloads/generated_workloads/workloadf_1KB_1000000_1000000 -p status.interval=1 -p maxexecutiontime=90 -p operationcount=0 -p shared_config=/tmp/phase1_ozonedb_configs/shared_config_SHARED_workloadf_p16_r1_proc5.json -t"
	User time (seconds): 31.13
	System time (seconds): 34.55
	Percent of CPU this job got: 70%
	Elapsed (wall clock) time (h:mm:ss or m:ss): 1:33.69
	Average shared text size (kbytes): 0
	Average unshared data size (kbytes): 0
	Average stack size (kbytes): 0
	Average total size (kbytes): 0
	Maximum resident set size (kbytes): 5254000
	Average resident set size (kbytes): 0
	Major (requiring I/O) page faults: 373
	Minor (reclaiming a frame) page faults: 1313963
	Voluntary context switches: 518146
	Involuntary context switches: 2527
	Swaps: 0
	File system inputs: 8082814
	File system outputs: 326069
	Socket messages sent: 0
	Socket messages received: 0
	Signals delivered: 0
	Page size (bytes): 4096
	Exit status: 0
