# CMD: /usr/bin/time -v /usr/lib/jvm/java-8-openjdk-amd64/bin/java -cp /users/Xinying/ozonedb/ycsb/ozonedb/conf:/users/Xinying/ozonedb/ycsb/ozonedb/target/ozonedb-binding-0.18.0-SNAPSHOT.jar:/users/Xinying/.m2/repository/org/apache/htrace/htrace-core4/4.1.0-incubating/htrace-core4-4.1.0-incubating.jar:/users/Xinying/.m2/repository/org/slf4j/slf4j-api/1.7.25/slf4j-api-1.7.25.jar:/users/Xinying/.m2/repository/org/hdrhistogram/HdrHistogram/2.1.12/HdrHistogram-2.1.12.jar:/users/Xinying/.m2/repository/ch/qos/logback/logback-classic/1.2.3/logback-classic-1.2.3.jar:/users/Xinying/.m2/repository/ozonedbjnimaven/demoproc-jni/1.0/demoproc-jni-1.0.jar:/users/Xinying/.m2/repository/ch/qos/logback/logback-core/1.2.3/logback-core-1.2.3.jar:/users/Xinying/.m2/repository/org/codehaus/jackson/jackson-mapper-asl/1.9.4/jackson-mapper-asl-1.9.4.jar:/users/Xinying/.m2/repository/org/slf4j/slf4j-simple/1.7.25/slf4j-simple-1.7.25.jar:/users/Xinying/.m2/repository/org/codehaus/jackson/jackson-core-asl/1.9.4/jackson-core-asl-1.9.4.jar:/users/Xinying/ozonedb/ycsb/core/target/core-0.18.0-SNAPSHOT.jar site.ycsb.Client -db site.ycsb.db.OzoneDBClient -threads 1 -s -P /users/Xinying/ozonedb/ycsb/workloads/generated_workloads/workloadb_1KB_1000000_1000000 -p status.interval=1 -p maxexecutiontime=90 -p operationcount=0 -p shared_config=/tmp/phase1_ozonedb_configs/shared_config_SHARED_workloadb_p16_r1_proc6.json -t
# shared_work_path=/tank/ycsb_data/multi-proc-run/shared_ozonedb  proc_id=6/16
Command line: -db site.ycsb.db.OzoneDBClient -threads 1 -s -P /users/Xinying/ozonedb/ycsb/workloads/generated_workloads/workloadb_1KB_1000000_1000000 -p status.interval=1 -p maxexecutiontime=90 -p operationcount=0 -p shared_config=/tmp/phase1_ozonedb_configs/shared_config_SHARED_workloadb_p16_r1_proc6.json -t
YCSB Client 0.18.0-SNAPSHOT

Loading workload...
Starting test.
SLF4J: Class path contains multiple SLF4J bindings.
SLF4J: Found binding in [jar:file:/users/Xinying/.m2/repository/ch/qos/logback/logback-classic/1.2.3/logback-classic-1.2.3.jar!/org/slf4j/impl/StaticLoggerBinder.class]
SLF4J: Found binding in [jar:file:/users/Xinying/.m2/repository/org/slf4j/slf4j-simple/1.7.25/slf4j-simple-1.7.25.jar!/org/slf4j/impl/StaticLoggerBinder.class]
SLF4J: See http://www.slf4j.org/codes.html#multiple_bindings for an explanation.
SLF4J: Actual binding is of type [ch.qos.logback.classic.util.ContextSelectorStaticBinder]
Maximum execution time specified as: 90 secs
2026-04-29 15:25:47:303 0 sec: 0 operations; 
Starting compaction watcher
DBWrapper: report latency for each error is false and specific error codes to track for latency are: []
2026-04-29 15:25:48:303 1 sec: 5207 operations; 5207 current ops/sec; [READ: Count=4956, Max=52383, Min=5, Avg=106.89, 90=150, 99=206, 99.9=2493, 99.99=52383] [UPDATE: Count=281, Max=3571, Min=204, Avg=387.96, 90=487, 99=1996, 99.9=3571, 99.99=3571] 
2026-04-29 15:25:49:303 2 sec: 14121 operations; 8914 current ops/sec; [READ: Count=8445, Max=14311, Min=4, Avg=90.54, 90=141, 99=214, 99.9=4931, 99.99=14311] [UPDATE: Count=444, Max=13087, Min=177, Avg=448.07, 90=438, 99=5263, 99.9=13087, 99.99=13087] 
2026-04-29 15:25:50:303 3 sec: 24647 operations; 10526 current ops/sec; [READ: Count=10006, Max=3187, Min=4, Avg=76.19, 90=137, 99=185, 99.9=1097, 99.99=2887] [UPDATE: Count=519, Max=52543, Min=176, Avg=410.17, 90=387, 99=1017, 99.9=52543, 99.99=52543] 
2026-04-29 15:25:51:303 4 sec: 36462 operations; 11815 current ops/sec; [READ: Count=11237, Max=4879, Min=4, Avg=71.22, 90=128, 99=193, 99.9=719, 99.99=3443] [UPDATE: Count=581, Max=3305, Min=172, Avg=299.63, 90=367, 99=533, 99.9=3305, 99.99=3305] 
2026-04-29 15:25:52:303 5 sec: 48218 operations; 11756 current ops/sec; [READ: Count=11183, Max=2787, Min=4, Avg=70.74, 90=134, 99=186, 99.9=424, 99.99=2589] [UPDATE: Count=570, Max=4287, Min=172, Avg=320.8, 90=386, 99=921, 99.9=4287, 99.99=4287] 
2026-04-29 15:25:53:303 6 sec: 58691 operations; 10473 current ops/sec; [READ: Count=9969, Max=6987, Min=4, Avg=69.94, 90=131, 99=184, 99.9=1396, 99.99=6987] [UPDATE: Count=505, Max=68543, Min=164, Avg=553.61, 90=383, 99=1297, 99.9=68543, 99.99=68543] 
2026-04-29 15:25:54:303 7 sec: 71353 operations; 12662 current ops/sec; [READ: Count=12021, Max=2917, Min=4, Avg=66.96, 90=125, 99=156, 99.9=401, 99.99=2445] [UPDATE: Count=642, Max=2699, Min=167, Avg=273.52, 90=330, 99=441, 99.9=2699, 99.99=2699] 
2026-04-29 15:25:55:303 8 sec: 83922 operations; 12569 current ops/sec; [READ: Count=11934, Max=3103, Min=4, Avg=67.6, 90=128, 99=169, 99.9=1392, 99.99=2837] [UPDATE: Count=634, Max=452, Min=180, Avg=273.41, 90=342, 99=404, 99.9=452, 99.99=452] 
2026-04-29 15:25:56:303 9 sec: 95872 operations; 11950 current ops/sec; [READ: Count=11393, Max=3311, Min=4, Avg=67.95, 90=131, 99=174, 99.9=381, 99.99=2773] [UPDATE: Count=556, Max=51967, Min=188, Avg=369.82, 90=351, 99=437, 99.9=51967, 99.99=51967] 
2026-04-29 15:25:57:303 10 sec: 107870 operations; 11998 current ops/sec; [READ: Count=11424, Max=3723, Min=4, Avg=70.97, 90=140, 99=191, 99.9=578, 99.99=2625] [UPDATE: Count=579, Max=511, Min=180, Avg=291.56, 90=390, 99=461, 99.9=511, 99.99=511] 
2026-04-29 15:25:58:303 11 sec: 117981 operations; 10111 current ops/sec; [READ: Count=9610, Max=2595, Min=4, Avg=68.19, 90=136, 99=186, 99.9=421, 99.99=2595] [UPDATE: Count=495, Max=76287, Min=181, Avg=661, 90=1203, 99=2469, 99.9=76287, 99.99=76287] 
2026-04-29 15:25:59:303 12 sec: 130551 operations; 12570 current ops/sec; [READ: Count=11939, Max=3089, Min=4, Avg=66.38, 90=129, 99=188, 99.9=860, 99.99=2789] [UPDATE: Count=639, Max=15887, Min=174, Avg=294.9, 90=353, 99=465, 99.9=15887, 99.99=15887] 
2026-04-29 15:26:00:303 13 sec: 142607 operations; 12056 current ops/sec; [READ: Count=11470, Max=6763, Min=4, Avg=71.52, 90=133, 99=183, 99.9=1716, 99.99=5927] [UPDATE: Count=581, Max=2231, Min=164, Avg=279.33, 90=354, 99=437, 99.9=2231, 99.99=2231] 
2026-04-29 15:26:01:303 14 sec: 154187 operations; 11580 current ops/sec; [READ: Count=10999, Max=3427, Min=5, Avg=74.44, 90=142, 99=196, 99.9=1819, 99.99=2819] [UPDATE: Count=581, Max=1315, Min=171, Avg=281.11, 90=380, 99=454, 99.9=1315, 99.99=1315] 
2026-04-29 15:26:02:303 15 sec: 166071 operations; 11884 current ops/sec; [READ: Count=11304, Max=2945, Min=5, Avg=68.68, 90=132, 99=189, 99.9=1004, 99.99=2599] [UPDATE: Count=574, Max=53407, Min=171, Avg=359.62, 90=342, 99=438, 99.9=53407, 99.99=53407] 
2026-04-29 15:26:03:303 16 sec: 175896 operations; 9825 current ops/sec; [READ: Count=9337, Max=3007, Min=5, Avg=62.85, 90=124, 99=166, 99.9=1175, 99.99=3007] [UPDATE: Count=488, Max=77055, Min=167, Avg=811.25, 90=368, 99=10727, 99.9=77055, 99.99=77055] 
2026-04-29 15:26:04:303 17 sec: 178498 operations; 2602 current ops/sec; [READ: Count=2480, Max=625, Min=5, Avg=65.19, 90=130, 99=212, 99.9=490, 99.99=625] [UPDATE: Count=122, Max=15383, Min=840, Avg=6842.71, 90=8895, 99=12191, 99.9=15383, 99.99=15383] 
2026-04-29 15:26:05:303 18 sec: 184151 operations; 5653 current ops/sec; [READ: Count=5376, Max=2673, Min=5, Avg=65.66, 90=130, 99=185, 99.9=631, 99.99=2673] [UPDATE: Count=281, Max=19007, Min=178, Avg=2288.25, 90=6283, 99=17583, 99.9=19007, 99.99=19007] 
2026-04-29 15:26:06:303 19 sec: 197335 operations; 13184 current ops/sec; [READ: Count=12477, Max=3143, Min=5, Avg=63.68, 90=127, 99=157, 99.9=399, 99.99=2881] [UPDATE: Count=706, Max=2727, Min=169, Avg=268.04, 90=335, 99=402, 99.9=2727, 99.99=2727] 
2026-04-29 15:26:07:303 20 sec: 210174 operations; 12839 current ops/sec; [READ: Count=12171, Max=8115, Min=5, Avg=64.66, 90=128, 99=161, 99.9=406, 99.99=3013] [UPDATE: Count=669, Max=28767, Min=160, Avg=295.32, 90=323, 99=393, 99.9=28767, 99.99=28767] 
2026-04-29 15:26:08:303 21 sec: 220768 operations; 10594 current ops/sec; [READ: Count=10049, Max=3587, Min=5, Avg=67.86, 90=131, 99=179, 99.9=441, 99.99=2931] [UPDATE: Count=542, Max=57823, Min=159, Avg=563.13, 90=346, 99=5763, 99.9=57823, 99.99=57823] 
2026-04-29 15:26:09:303 22 sec: 230401 operations; 9633 current ops/sec; [READ: Count=9154, Max=2693, Min=5, Avg=67.63, 90=131, 99=177, 99.9=497, 99.99=2693] [UPDATE: Count=481, Max=7803, Min=168, Avg=766.68, 90=1256, 99=6263, 99.9=7803, 99.99=7803] 
2026-04-29 15:26:10:303 23 sec: 242416 operations; 12015 current ops/sec; [READ: Count=11415, Max=3037, Min=5, Avg=67.68, 90=131, 99=168, 99.9=445, 99.99=2807] [UPDATE: Count=602, Max=56159, Min=160, Avg=353.57, 90=333, 99=404, 99.9=56159, 99.99=56159] 
2026-04-29 15:26:11:303 24 sec: 254802 operations; 12386 current ops/sec; [READ: Count=11776, Max=3523, Min=5, Avg=69.67, 90=137, 99=180, 99.9=1647, 99.99=2703] [UPDATE: Count=609, Max=489, Min=158, Avg=269.78, 90=348, 99=414, 99.9=489, 99.99=489] 
2026-04-29 15:26:12:303 25 sec: 268096 operations; 13294 current ops/sec; [READ: Count=12647, Max=3399, Min=5, Avg=64.28, 90=129, 99=169, 99.9=252, 99.99=3119] [UPDATE: Count=645, Max=2785, Min=163, Avg=265.24, 90=336, 99=414, 99.9=2785, 99.99=2785] 
2026-04-29 15:26:13:303 26 sec: 279530 operations; 11434 current ops/sec; [READ: Count=10921, Max=2909, Min=5, Avg=66.34, 90=135, 99=182, 99.9=561, 99.99=2537] [UPDATE: Count=512, Max=66943, Min=175, Avg=511.56, 90=348, 99=411, 99.9=66943, 99.99=66943] 
2026-04-29 15:26:14:303 27 sec: 291275 operations; 11745 current ops/sec; [READ: Count=11145, Max=6115, Min=5, Avg=70.92, 90=132, 99=172, 99.9=1550, 99.99=2477] [UPDATE: Count=604, Max=1297, Min=170, Avg=322.89, 90=441, 99=1142, 99.9=1297, 99.99=1297] 
2026-04-29 15:26:15:303 28 sec: 302950 operations; 11675 current ops/sec; [READ: Count=11119, Max=3301, Min=5, Avg=73.33, 90=140, 99=200, 99.9=737, 99.99=2683] [UPDATE: Count=553, Max=5511, Min=170, Avg=306.36, 90=382, 99=515, 99.9=5511, 99.99=5511] 
2026-04-29 15:26:16:303 29 sec: 314668 operations; 11718 current ops/sec; [READ: Count=11101, Max=3033, Min=5, Avg=69.09, 90=136, 99=173, 99.9=414, 99.99=2637] [UPDATE: Count=621, Max=51455, Min=176, Avg=351.79, 90=340, 99=407, 99.9=51455, 99.99=51455] 
2026-04-29 15:26:17:303 30 sec: 326251 operations; 11583 current ops/sec; [READ: Count=10993, Max=2921, Min=5, Avg=74.53, 90=149, 99=196, 99.9=563, 99.99=2837] [UPDATE: Count=587, Max=2411, Min=176, Avg=281.24, 90=363, 99=434, 99.9=2411, 99.99=2411] 
2026-04-29 15:26:18:303 31 sec: 339287 operations; 13036 current ops/sec; [READ: Count=12391, Max=2793, Min=5, Avg=65.76, 90=132, 99=174, 99.9=300, 99.99=2757] [UPDATE: Count=646, Max=443, Min=166, Avg=263.45, 90=343, 99=396, 99.9=443, 99.99=443] 
2026-04-29 15:26:19:303 32 sec: 349167 operations; 9880 current ops/sec; [READ: Count=9361, Max=2939, Min=5, Avg=73.17, 90=147, 99=205, 99.9=532, 99.99=2939] [UPDATE: Count=516, Max=76031, Min=169, Avg=585.72, 90=436, 99=1083, 99.9=76031, 99.99=76031] 
2026-04-29 15:26:20:303 33 sec: 360428 operations; 11261 current ops/sec; [READ: Count=10693, Max=10551, Min=5, Avg=76.78, 90=149, 99=211, 99.9=942, 99.99=2911] [UPDATE: Count=570, Max=659, Min=181, Avg=287.63, 90=376, 99=448, 99.9=659, 99.99=659] 
2026-04-29 15:26:21:303 34 sec: 372718 operations; 12290 current ops/sec; [READ: Count=11674, Max=10879, Min=5, Avg=69.59, 90=136, 99=195, 99.9=657, 99.99=3039] [UPDATE: Count=616, Max=2653, Min=179, Avg=280.32, 90=357, 99=453, 99.9=2653, 99.99=2653] 
2026-04-29 15:26:22:303 35 sec: 385105 operations; 12387 current ops/sec; [READ: Count=11783, Max=2755, Min=5, Avg=63.89, 90=130, 99=170, 99.9=403, 99.99=2671] [UPDATE: Count=606, Max=58719, Min=166, Avg=383.57, 90=350, 99=1009, 99.9=58719, 99.99=58719] 
2026-04-29 15:26:23:303 36 sec: 397715 operations; 12610 current ops/sec; [READ: Count=11957, Max=2849, Min=5, Avg=67.37, 90=136, 99=189, 99.9=428, 99.99=2823] [UPDATE: Count=650, Max=504, Min=173, Avg=276.1, 90=358, 99=444, 99.9=504, 99.99=504] 
2026-04-29 15:26:24:303 37 sec: 408521 operations; 10806 current ops/sec; [READ: Count=10277, Max=3111, Min=5, Avg=66.91, 90=135, 99=181, 99.9=496, 99.99=2617] [UPDATE: Count=530, Max=72255, Min=177, Avg=564.52, 90=828, 99=1483, 99.9=72255, 99.99=72255] 
2026-04-29 15:26:25:303 38 sec: 421360 operations; 12839 current ops/sec; [READ: Count=12189, Max=2859, Min=5, Avg=63.94, 90=131, 99=167, 99.9=413, 99.99=2815] [UPDATE: Count=649, Max=31087, Min=173, Avg=316.8, 90=338, 99=433, 99.9=31087, 99.99=31087] 
2026-04-29 15:26:25:577 - Compaction started: 
2026-04-29 15:26:26:303 39 sec: 426846 operations; 5486 current ops/sec; [READ: Count=5204, Max=264447, Min=5, Avg=173.78, 90=157, 99=218, 99.9=4039, 99.99=264447] [UPDATE: Count=285, Max=2005, Min=186, Avg=310.04, 90=393, 99=516, 99.9=2005, 99.99=2005] 
140417571907136:Compacting sstable1/babb861b-939c-4f31-affb-78d99ade9df9202604290925471777476352861014712.sst sstable1/f8bd9f38-a19c-4f2c-a1ee-70fa148ef1b6202604290925471777476359158089167.sst into:sstable2/dc4af104-4265-46eb-a0f9-6dff70188b17202604290925471777476386201104522.sst
2026-04-29 15:26:26:887 - Compaction completed: 
2026-04-29 15:26:27:303 40 sec: 437811 operations; 10965 current ops/sec; [READ: Count=10423, Max=3045, Min=5, Avg=77.74, 90=152, 99=220, 99.9=1032, 99.99=2973] [UPDATE: Count=540, Max=12919, Min=177, Avg=322.81, 90=394, 99=509, 99.9=12919, 99.99=12919] 
2026-04-29 15:26:28:303 41 sec: 450299 operations; 12488 current ops/sec; [READ: Count=11875, Max=2799, Min=5, Avg=66.34, 90=135, 99=173, 99.9=593, 99.99=2751] [UPDATE: Count=612, Max=31631, Min=184, Avg=322.95, 90=345, 99=411, 99.9=31631, 99.99=31631] 
2026-04-29 15:26:29:303 42 sec: 459999 operations; 9700 current ops/sec; [READ: Count=9211, Max=5007, Min=5, Avg=74.78, 90=149, 99=221, 99.9=1112, 99.99=5007] [UPDATE: Count=488, Max=75775, Min=172, Avg=611.52, 90=842, 99=1448, 99.9=75775, 99.99=75775] 
2026-04-29 15:26:30:303 43 sec: 472782 operations; 12783 current ops/sec; [READ: Count=12143, Max=5319, Min=5, Avg=66.97, 90=133, 99=176, 99.9=845, 99.99=3313] [UPDATE: Count=643, Max=2719, Min=167, Avg=265.85, 90=334, 99=419, 99.9=2719, 99.99=2719] 
2026-04-29 15:26:31:187 - NewTail completed: 
2026-04-29 15:26:31:208 - Compaction started: 
2026-04-29 15:26:31:303 44 sec: 485860 operations; 13078 current ops/sec; [READ: Count=12425, Max=3683, Min=5, Avg=65.5, 90=133, 99=168, 99.9=412, 99.99=2731] [UPDATE: Count=651, Max=1085, Min=170, Avg=261.95, 90=334, 99=382, 99.9=1085, 99.99=1085] 
140417571907136:Compacting datalog/47 datalog/48 into:sstable1/dc4af104-4265-46eb-a0f9-6dff70188b17202604290925471777476391390680040.sst
2026-04-29 15:26:31:701 - Compaction completed: 
2026-04-29 15:26:32:303 45 sec: 498104 operations; 12244 current ops/sec; [READ: Count=11644, Max=3797, Min=5, Avg=69.8, 90=137, 99=178, 99.9=1388, 99.99=2827] [UPDATE: Count=601, Max=8535, Min=168, Avg=286.29, 90=349, 99=417, 99.9=8535, 99.99=8535] 
2026-04-29 15:26:33:303 46 sec: 510161 operations; 12057 current ops/sec; [READ: Count=11433, Max=3465, Min=5, Avg=71.43, 90=140, 99=187, 99.9=504, 99.99=2659] [UPDATE: Count=622, Max=779, Min=170, Avg=271.15, 90=347, 99=408, 99.9=779, 99.99=779] 
2026-04-29 15:26:34:303 47 sec: 520494 operations; 10333 current ops/sec; [READ: Count=9831, Max=2553, Min=5, Avg=75.18, 90=151, 99=216, 99.9=1471, 99.99=2553] [UPDATE: Count=502, Max=74111, Min=167, Avg=491.37, 90=555, 99=1078, 99.9=74111, 99.99=74111] 
2026-04-29 15:26:35:303 48 sec: 532638 operations; 12144 current ops/sec; [READ: Count=11552, Max=2795, Min=5, Avg=66.16, 90=134, 99=169, 99.9=446, 99.99=2697] [UPDATE: Count=594, Max=59263, Min=173, Avg=372.92, 90=337, 99=422, 99.9=59263, 99.99=59263] 
2026-04-29 15:26:36:303 49 sec: 545742 operations; 13104 current ops/sec; [READ: Count=12481, Max=2707, Min=5, Avg=65.18, 90=135, 99=169, 99.9=393, 99.99=2527] [UPDATE: Count=624, Max=2629, Min=171, Avg=273.95, 90=334, 99=395, 99.9=2629, 99.99=2629] 
2026-04-29 15:26:37:291 - NewTail completed: 
2026-04-29 15:26:37:303 50 sec: 558477 operations; 12735 current ops/sec; [READ: Count=12071, Max=3175, Min=5, Avg=67.15, 90=136, 99=183, 99.9=316, 99.99=3043] [UPDATE: Count=662, Max=952, Min=170, Avg=263.05, 90=341, 99=425, 99.9=952, 99.99=952] 
2026-04-29 15:26:37:337 - Compaction started: 
140417571907136:Compacting datalog/49 datalog/50 into:sstable1/dc4af104-4265-46eb-a0f9-6dff70188b17202604290925471777476397487035367.sst
2026-04-29 15:26:37:781 - Compaction completed: 
2026-04-29 15:26:38:303 51 sec: 570764 operations; 12287 current ops/sec; [READ: Count=11685, Max=8055, Min=5, Avg=70.45, 90=139, 99=196, 99.9=1025, 99.99=3255] [UPDATE: Count=602, Max=528, Min=168, Avg=268.71, 90=345, 99=430, 99.9=528, 99.99=528] 
2026-04-29 15:26:39:303 52 sec: 579632 operations; 8868 current ops/sec; [READ: Count=8444, Max=14255, Min=5, Avg=82.05, 90=155, 99=239, 99.9=1591, 99.99=14255] [UPDATE: Count=425, Max=77951, Min=172, Avg=693.86, 90=998, 99=2081, 99.9=77951, 99.99=77951] 
2026-04-29 15:26:40:303 53 sec: 591066 operations; 11434 current ops/sec; [READ: Count=10875, Max=2875, Min=5, Avg=74.94, 90=147, 99=217, 99.9=477, 99.99=2717] [UPDATE: Count=560, Max=2947, Min=177, Avg=303.8, 90=383, 99=660, 99.9=2947, 99.99=2947] 
2026-04-29 15:26:41:303 54 sec: 602119 operations; 11053 current ops/sec; [READ: Count=10522, Max=3533, Min=5, Avg=73.51, 90=144, 99=212, 99.9=1241, 99.99=3103] [UPDATE: Count=532, Max=58623, Min=175, Avg=399.66, 90=377, 99=476, 99.9=58623, 99.99=58623] 
2026-04-29 15:26:42:303 55 sec: 614670 operations; 12551 current ops/sec; [READ: Count=11914, Max=3041, Min=5, Avg=68.12, 90=138, 99=188, 99.9=483, 99.99=3031] [UPDATE: Count=635, Max=1063, Min=176, Avg=273.42, 90=353, 99=433, 99.9=1063, 99.99=1063] 
2026-04-29 15:26:43:303 56 sec: 626492 operations; 11822 current ops/sec; [READ: Count=11187, Max=4871, Min=5, Avg=71.7, 90=144, 99=214, 99.9=494, 99.99=2983] [UPDATE: Count=635, Max=2265, Min=175, Avg=287.23, 90=372, 99=515, 99.9=2265, 99.99=2265] 
2026-04-29 15:26:44:303 57 sec: 636223 operations; 9731 current ops/sec; [READ: Count=9249, Max=13767, Min=5, Avg=71.85, 90=139, 99=207, 99.9=1574, 99.99=13767] [UPDATE: Count=481, Max=72511, Min=172, Avg=672.76, 90=800, 99=2267, 99.9=72511, 99.99=72511] 
2026-04-29 15:26:45:303 58 sec: 647731 operations; 11508 current ops/sec; [READ: Count=10899, Max=2817, Min=5, Avg=74.69, 90=145, 99=204, 99.9=871, 99.99=2597] [UPDATE: Count=607, Max=596, Min=164, Avg=279.21, 90=358, 99=456, 99.9=596, 99.99=596] 
2026-04-29 15:26:46:303 59 sec: 660013 operations; 12282 current ops/sec; [READ: Count=11641, Max=3643, Min=5, Avg=69.53, 90=140, 99=179, 99.9=439, 99.99=2617] [UPDATE: Count=641, Max=2837, Min=176, Avg=275.87, 90=342, 99=391, 99.9=2837, 99.99=2837] 
2026-04-29 15:26:47:303 60 sec: 671138 operations; 11125 current ops/sec; [READ: Count=10582, Max=3089, Min=5, Avg=72.78, 90=144, 99=206, 99.9=655, 99.99=2777] [UPDATE: Count=549, Max=62143, Min=180, Avg=395.64, 90=368, 99=443, 99.9=62143, 99.99=62143] 
2026-04-29 15:26:48:303 61 sec: 683631 operations; 12493 current ops/sec; [READ: Count=11881, Max=2761, Min=5, Avg=69.06, 90=142, 99=195, 99.9=1066, 99.99=2733] [UPDATE: Count=606, Max=689, Min=171, Avg=271.17, 90=350, 99=423, 99.9=689, 99.99=689] 
2026-04-29 15:26:49:303 62 sec: 693551 operations; 9920 current ops/sec; [READ: Count=9419, Max=3085, Min=5, Avg=68.82, 90=140, 99=194, 99.9=528, 99.99=3085] [UPDATE: Count=501, Max=83839, Min=169, Avg=677.77, 90=365, 99=9455, 99.9=83839, 99.99=83839] 
2026-04-29 15:26:50:303 63 sec: 696385 operations; 2834 current ops/sec; [READ: Count=2724, Max=670, Min=5, Avg=71.02, 90=148, 99=289, 99.9=612, 99.99=670] [UPDATE: Count=110, Max=18655, Min=971, Avg=7260.32, 90=9311, 99=11263, 99.9=18655, 99.99=18655] 
2026-04-29 15:26:51:303 64 sec: 703388 operations; 7003 current ops/sec; [READ: Count=6658, Max=2563, Min=5, Avg=73.06, 90=149, 99=241, 99.9=522, 99.99=2563] [UPDATE: Count=345, Max=8847, Min=177, Avg=1397.31, 90=6527, 99=8231, 99.9=8847, 99.99=8847] 
2026-04-29 15:26:52:303 65 sec: 714749 operations; 11361 current ops/sec; [READ: Count=10796, Max=8911, Min=5, Avg=75.44, 90=149, 99=200, 99.9=1979, 99.99=3943] [UPDATE: Count=566, Max=34879, Min=179, Avg=349.11, 90=371, 99=456, 99.9=34879, 99.99=34879] 
2026-04-29 15:26:53:303 66 sec: 725383 operations; 10634 current ops/sec; [READ: Count=10047, Max=16183, Min=5, Avg=80.68, 90=159, 99=231, 99.9=2015, 99.99=3493] [UPDATE: Count=587, Max=1704, Min=177, Avg=298.54, 90=387, 99=519, 99.9=1704, 99.99=1704] 
2026-04-29 15:26:54:303 67 sec: 736251 operations; 10868 current ops/sec; [READ: Count=10332, Max=3321, Min=5, Avg=71.74, 90=146, 99=220, 99.9=489, 99.99=3127] [UPDATE: Count=535, Max=62847, Min=176, Avg=455.67, 90=381, 99=3067, 99.9=62847, 99.99=62847] 
2026-04-29 15:26:55:303 68 sec: 739156 operations; 2905 current ops/sec; [READ: Count=2767, Max=689, Min=5, Avg=69.39, 90=142, 99=234, 99.9=564, 99.99=689] [UPDATE: Count=139, Max=14199, Min=949, Avg=5795.1, 90=7267, 99=9647, 99.9=14199, 99.99=14199] 
2026-04-29 15:26:56:303 69 sec: 748231 operations; 9075 current ops/sec; [READ: Count=8638, Max=3015, Min=5, Avg=76.51, 90=154, 99=231, 99.9=423, 99.99=3015] [UPDATE: Count=438, Max=7551, Min=175, Avg=747.04, 90=1078, 99=6403, 99.9=7551, 99.99=7551] 
2026-04-29 15:26:57:303 70 sec: 759797 operations; 11566 current ops/sec; [READ: Count=10998, Max=3329, Min=5, Avg=75.28, 90=150, 99=225, 99.9=1870, 99.99=2629] [UPDATE: Count=570, Max=639, Min=165, Avg=276.4, 90=366, 99=471, 99.9=639, 99.99=639] 
2026-04-29 15:26:58:303 71 sec: 772372 operations; 12575 current ops/sec; [READ: Count=11911, Max=3091, Min=5, Avg=67.83, 90=138, 99=188, 99.9=451, 99.99=2871] [UPDATE: Count=663, Max=612, Min=169, Avg=267.43, 90=346, 99=423, 99.9=612, 99.99=612] 
2026-04-29 15:26:58:469 - Compaction started: 
140417571907136:Compacting datalog/55 datalog/56 into:sstable1/dc4af104-4265-46eb-a0f9-6dff70188b17202604290925471777476418646508667.sst
2026-04-29 15:26:58:938 - Compaction completed: 
2026-04-29 15:26:59:303 72 sec: 785054 operations; 12682 current ops/sec; [READ: Count=12044, Max=7663, Min=5, Avg=67.31, 90=136, 99=178, 99.9=564, 99.99=3187] [UPDATE: Count=637, Max=2823, Min=168, Avg=274.24, 90=345, 99=427, 99.9=2823, 99.99=2823] 
2026-04-29 15:27:00:303 73 sec: 795411 operations; 10357 current ops/sec; [READ: Count=9877, Max=6183, Min=5, Avg=76.42, 90=148, 99=224, 99.9=524, 99.99=6183] [UPDATE: Count=479, Max=57727, Min=177, Avg=483.93, 90=628, 99=1313, 99.9=57727, 99.99=57727] 
2026-04-29 15:27:01:303 74 sec: 807572 operations; 12161 current ops/sec; [READ: Count=11569, Max=2661, Min=5, Avg=71.56, 90=143, 99=188, 99.9=416, 99.99=2565] [UPDATE: Count=593, Max=471, Min=168, Avg=265.79, 90=341, 99=412, 99.9=471, 99.99=471] 
2026-04-29 15:27:02:303 75 sec: 819895 operations; 12323 current ops/sec; [READ: Count=11687, Max=2533, Min=5, Avg=69, 90=140, 99=181, 99.9=432, 99.99=2507] [UPDATE: Count=635, Max=12175, Min=162, Avg=282.39, 90=336, 99=429, 99.9=12175, 99.99=12175] 
2026-04-29 15:27:03:303 76 sec: 832394 operations; 12499 current ops/sec; [READ: Count=11855, Max=2885, Min=5, Avg=68.06, 90=142, 99=181, 99.9=1698, 99.99=2809] [UPDATE: Count=645, Max=5559, Min=172, Avg=276.58, 90=347, 99=412, 99.9=5559, 99.99=5559] 
2026-04-29 15:27:04:303 77 sec: 844911 operations; 12517 current ops/sec; [READ: Count=11883, Max=3521, Min=5, Avg=68.34, 90=142, 99=181, 99.9=398, 99.99=2853] [UPDATE: Count=634, Max=2397, Min=171, Avg=273.06, 90=348, 99=407, 99.9=2397, 99.99=2397] 
2026-04-29 15:27:05:303 78 sec: 855265 operations; 10354 current ops/sec; [READ: Count=9809, Max=2601, Min=5, Avg=70.37, 90=146, 99=214, 99.9=1297, 99.99=2601] [UPDATE: Count=547, Max=71615, Min=169, Avg=542.91, 90=382, 99=1190, 99.9=71615, 99.99=71615] 
2026-04-29 15:27:06:304 79 sec: 866341 operations; 11064.94 current ops/sec; [READ: Count=10479, Max=8179, Min=6, Avg=77.8, 90=154, 99=213, 99.9=422, 99.99=2667] [UPDATE: Count=594, Max=2521, Min=184, Avg=288.69, 90=366, 99=459, 99.9=2521, 99.99=2521] 
2026-04-29 15:27:07:303 80 sec: 877515 operations; 11185.19 current ops/sec; [READ: Count=10589, Max=18783, Min=5, Avg=77, 90=151, 99=231, 99.9=2139, 99.99=4179] [UPDATE: Count=587, Max=7235, Min=173, Avg=288.87, 90=370, 99=474, 99.9=7235, 99.99=7235] 
2026-04-29 15:27:08:303 81 sec: 889638 operations; 12123 current ops/sec; [READ: Count=11505, Max=2819, Min=5, Avg=66.17, 90=139, 99=183, 99.9=431, 99.99=2605] [UPDATE: Count=617, Max=61631, Min=171, Avg=363.22, 90=343, 99=415, 99.9=61631, 99.99=61631] 
2026-04-29 15:27:09:303 82 sec: 902467 operations; 12829 current ops/sec; [READ: Count=12233, Max=2693, Min=5, Avg=67.17, 90=142, 99=189, 99.9=692, 99.99=2587] [UPDATE: Count=596, Max=5931, Min=175, Avg=274.04, 90=346, 99=416, 99.9=5931, 99.99=5931] 
2026-04-29 15:27:10:303 83 sec: 912864 operations; 10397 current ops/sec; [READ: Count=9871, Max=3595, Min=5, Avg=69.74, 90=143, 99=205, 99.9=646, 99.99=3595] [UPDATE: Count=528, Max=72127, Min=172, Avg=565.94, 90=871, 99=1323, 99.9=72127, 99.99=72127] 
2026-04-29 15:27:11:139 - NewTail completed: 
2026-04-29 15:27:11:190 - Compaction started: 
2026-04-29 15:27:11:303 84 sec: 924917 operations; 12053 current ops/sec; [READ: Count=11457, Max=3783, Min=5, Avg=71.61, 90=147, 99=218, 99.9=400, 99.99=3137] [UPDATE: Count=594, Max=1007, Min=166, Avg=277.05, 90=367, 99=515, 99.9=1007, 99.99=1007] 
140417571907136:Compacting datalog/59 datalog/60 into:sstable1/dc4af104-4265-46eb-a0f9-6dff70188b17202604290925471777476431401489221.sst
2026-04-29 15:27:11:745 - Compaction completed: 
2026-04-29 15:27:12:303 85 sec: 936947 operations; 12030 current ops/sec; [READ: Count=11429, Max=5699, Min=5, Avg=71.96, 90=145, 99=199, 99.9=1510, 99.99=3611] [UPDATE: Count=599, Max=2511, Min=171, Avg=271.48, 90=346, 99=412, 99.9=2511, 99.99=2511] 
2026-04-29 15:27:13:303 86 sec: 947886 operations; 10939 current ops/sec; [READ: Count=10406, Max=3321, Min=6, Avg=79.61, 90=160, 99=244, 99.9=813, 99.99=2673] [UPDATE: Count=533, Max=1492, Min=169, Avg=294.85, 90=400, 99=499, 99.9=1492, 99.99=1492] 
2026-04-29 15:27:14:303 87 sec: 960057 operations; 12171 current ops/sec; [READ: Count=11534, Max=4111, Min=5, Avg=69.84, 90=143, 99=199, 99.9=1315, 99.99=2735] [UPDATE: Count=643, Max=2685, Min=162, Avg=280.26, 90=355, 99=445, 99.9=2685, 99.99=2685] 
2026-04-29 15:27:14:342 - NewTail completed: 
2026-04-29 15:27:15:303 88 sec: 970670 operations; 10613 current ops/sec; [READ: Count=10092, Max=4211, Min=6, Avg=73.5, 90=150, 99=220, 99.9=549, 99.99=2535] [UPDATE: Count=516, Max=68223, Min=177, Avg=474.26, 90=571, 99=1190, 99.9=68223, 99.99=68223] 
2026-04-29 15:27:16:303 89 sec: 982608 operations; 11938 current ops/sec; [READ: Count=11313, Max=3403, Min=6, Avg=71.84, 90=147, 99=209, 99.9=544, 99.99=2989] [UPDATE: Count=626, Max=562, Min=169, Avg=275.48, 90=361, 99=440, 99.9=562, 99.99=562] 
2026-04-29 15:27:17:303 90 sec: 995145 operations; 12537 current ops/sec; [READ: Count=11894, Max=2783, Min=6, Avg=68.09, 90=141, 99=181, 99.9=399, 99.99=2703] [UPDATE: Count=643, Max=492, Min=184, Avg=272.46, 90=349, 99=418, 99.9=492, 99.99=492] 
Maximum time elapsed. Requesting stop for the workload.
Stop requested for workload. Now Joining!
[OZONEDB-PROFILE] reads=995149  avg_total=69.11us  view=5.29us(7.7%)  log=3.39us(4.9%)  sst=91.56us_per_call x 654493_calls(87.1%_of_total)
[OZONEDB-SST-PROFILE] level | time_total_ms | enters | range_rejects | table_gets | hits
[OZONEDB-SST-PROFILE] L1  |     13158.21 |  2551705 |       201338 |    2350367 | 162566
[OZONEDB-SST-PROFILE] L2  |      9298.84 |  1714574 |       426981 |    1287593 |  90896
[OZONEDB-SST-PROFILE] L3  |      2725.04 |   801385 |       400354 |     401031 |  26397
[OZONEDB-SST-PROFILE] L4  |      2690.79 |   748020 |       373395 |     374625 |  26778
[OZONEDB-SST-PROFILE] L5  |      2594.14 |   694738 |       346909 |     347829 |  26975
[OZONEDB-SST-PROFILE] L6  |      2515.87 |   640940 |       320074 |     320866 |  26767
[OZONEDB-SST-PROFILE] L7  |     26516.65 |  1015732 |           50 |    1015682 | 294114
[OZONEDB-TBL-PROFILE] file_filter_reject=5384724  block_filter_reject=58114  index_invalid=0  block_read_more=563122  hit_from_cache=92033  miss_after_read=662  found=654493
2026-04-29 15:27:17:404 90 sec: 995149 operations; 39.6 current ops/sec; [READ: Count=2, Max=407, Min=234, Avg=320.5, 90=407, 99=407, 99.9=407, 99.99=407] [CLEANUP: Count=1, Max=99455, Min=99392, Avg=99424, 90=99455, 99=99455, 99.9=99455, 99.99=99455] [UPDATE: Count=0, Max=0, Min=0, Avg=0, 90=0, 99=0, 99.9=0, 99.99=0] 
[OVERALL], RunTime(ms), 90101
[OVERALL], Throughput(ops/sec), 11044.816372737261
[TOTAL_GCS_PS_Scavenge], Count, 6
[TOTAL_GC_TIME_PS_Scavenge], Time(ms), 30
[TOTAL_GC_TIME_%_PS_Scavenge], Time(%), 0.03329596785829236
[TOTAL_GCS_PS_MarkSweep], Count, 0
[TOTAL_GC_TIME_PS_MarkSweep], Time(ms), 0
[TOTAL_GC_TIME_%_PS_MarkSweep], Time(%), 0.0
[TOTAL_GCs], Count, 6
[TOTAL_GC_TIME], Time(ms), 30
[TOTAL_GC_TIME_%], Time(%), 0.03329596785829236
[READ], Operations, 945366
[READ], AverageLatency(us), 71.1660690145404
[READ], MinLatency(us), 4
[READ], MaxLatency(us), 264447
[READ], 95thPercentileLatency(us), 156
[READ], 99thPercentileLatency(us), 198
[READ], Return=OK, 945366
[CLEANUP], Operations, 1
[CLEANUP], AverageLatency(us), 99424.0
[CLEANUP], MinLatency(us), 99392
[CLEANUP], MaxLatency(us), 99455
[CLEANUP], 95thPercentileLatency(us), 99455
[CLEANUP], 99thPercentileLatency(us), 99455
[UPDATE], Operations, 49783
[UPDATE], AverageLatency(us), 422.4019444388647
[UPDATE], MinLatency(us), 158
[UPDATE], MaxLatency(us), 83839
[UPDATE], 95thPercentileLatency(us), 452
[UPDATE], 99thPercentileLatency(us), 5571
[UPDATE], Return=OK, 49783
	Command being timed: "/usr/lib/jvm/java-8-openjdk-amd64/bin/java -cp /users/Xinying/ozonedb/ycsb/ozonedb/conf:/users/Xinying/ozonedb/ycsb/ozonedb/target/ozonedb-binding-0.18.0-SNAPSHOT.jar:/users/Xinying/.m2/repository/org/apache/htrace/htrace-core4/4.1.0-incubating/htrace-core4-4.1.0-incubating.jar:/users/Xinying/.m2/repository/org/slf4j/slf4j-api/1.7.25/slf4j-api-1.7.25.jar:/users/Xinying/.m2/repository/org/hdrhistogram/HdrHistogram/2.1.12/HdrHistogram-2.1.12.jar:/users/Xinying/.m2/repository/ch/qos/logback/logback-classic/1.2.3/logback-classic-1.2.3.jar:/users/Xinying/.m2/repository/ozonedbjnimaven/demoproc-jni/1.0/demoproc-jni-1.0.jar:/users/Xinying/.m2/repository/ch/qos/logback/logback-core/1.2.3/logback-core-1.2.3.jar:/users/Xinying/.m2/repository/org/codehaus/jackson/jackson-mapper-asl/1.9.4/jackson-mapper-asl-1.9.4.jar:/users/Xinying/.m2/repository/org/slf4j/slf4j-simple/1.7.25/slf4j-simple-1.7.25.jar:/users/Xinying/.m2/repository/org/codehaus/jackson/jackson-core-asl/1.9.4/jackson-core-asl-1.9.4.jar:/users/Xinying/ozonedb/ycsb/core/target/core-0.18.0-SNAPSHOT.jar site.ycsb.Client -db site.ycsb.db.OzoneDBClient -threads 1 -s -P /users/Xinying/ozonedb/ycsb/workloads/generated_workloads/workloadb_1KB_1000000_1000000 -p status.interval=1 -p maxexecutiontime=90 -p operationcount=0 -p shared_config=/tmp/phase1_ozonedb_configs/shared_config_SHARED_workloadb_p16_r1_proc6.json -t"
	User time (seconds): 50.60
	System time (seconds): 36.30
	Percent of CPU this job got: 93%
	Elapsed (wall clock) time (h:mm:ss or m:ss): 1:33.00
	Average shared text size (kbytes): 0
	Average unshared data size (kbytes): 0
	Average stack size (kbytes): 0
	Average total size (kbytes): 0
	Maximum resident set size (kbytes): 5415468
	Average resident set size (kbytes): 0
	Major (requiring I/O) page faults: 402
	Minor (reclaiming a frame) page faults: 1422169
	Voluntary context switches: 130884
	Involuntary context switches: 2228
	Swaps: 0
	File system inputs: 11770572
	File system outputs: 667281
	Socket messages sent: 0
	Socket messages received: 0
	Signals delivered: 0
	Page size (bytes): 4096
	Exit status: 0
