# CMD: /usr/bin/time -v /usr/lib/jvm/java-8-openjdk-amd64/bin/java -cp /users/Xinying/ozonedb/ycsb/ozonedb/conf:/users/Xinying/ozonedb/ycsb/ozonedb/target/ozonedb-binding-0.18.0-SNAPSHOT.jar:/users/Xinying/.m2/repository/org/apache/htrace/htrace-core4/4.1.0-incubating/htrace-core4-4.1.0-incubating.jar:/users/Xinying/.m2/repository/org/slf4j/slf4j-api/1.7.25/slf4j-api-1.7.25.jar:/users/Xinying/.m2/repository/org/hdrhistogram/HdrHistogram/2.1.12/HdrHistogram-2.1.12.jar:/users/Xinying/.m2/repository/ch/qos/logback/logback-classic/1.2.3/logback-classic-1.2.3.jar:/users/Xinying/.m2/repository/ozonedbjnimaven/demoproc-jni/1.0/demoproc-jni-1.0.jar:/users/Xinying/.m2/repository/ch/qos/logback/logback-core/1.2.3/logback-core-1.2.3.jar:/users/Xinying/.m2/repository/org/codehaus/jackson/jackson-mapper-asl/1.9.4/jackson-mapper-asl-1.9.4.jar:/users/Xinying/.m2/repository/org/slf4j/slf4j-simple/1.7.25/slf4j-simple-1.7.25.jar:/users/Xinying/.m2/repository/org/codehaus/jackson/jackson-core-asl/1.9.4/jackson-core-asl-1.9.4.jar:/users/Xinying/ozonedb/ycsb/core/target/core-0.18.0-SNAPSHOT.jar site.ycsb.Client -db site.ycsb.db.OzoneDBClient -threads 1 -s -P /users/Xinying/ozonedb/ycsb/workloads/generated_workloads/workloadc_1KB_1000000_1000000 -p status.interval=1 -p maxexecutiontime=90 -p operationcount=0 -p shared_config=/tmp/phase1_ozonedb_configs/shared_config_SHARED_workloadc_p8_r1_proc0.json -t
# shared_work_path=/tank/ycsb_data/multi-proc-run/shared_ozonedb  proc_id=0/8
Command line: -db site.ycsb.db.OzoneDBClient -threads 1 -s -P /users/Xinying/ozonedb/ycsb/workloads/generated_workloads/workloadc_1KB_1000000_1000000 -p status.interval=1 -p maxexecutiontime=90 -p operationcount=0 -p shared_config=/tmp/phase1_ozonedb_configs/shared_config_SHARED_workloadc_p8_r1_proc0.json -t
YCSB Client 0.18.0-SNAPSHOT

Loading workload...
Starting test.
SLF4J: Class path contains multiple SLF4J bindings.
SLF4J: Found binding in [jar:file:/users/Xinying/.m2/repository/ch/qos/logback/logback-classic/1.2.3/logback-classic-1.2.3.jar!/org/slf4j/impl/StaticLoggerBinder.class]
SLF4J: Found binding in [jar:file:/users/Xinying/.m2/repository/org/slf4j/slf4j-simple/1.7.25/slf4j-simple-1.7.25.jar!/org/slf4j/impl/StaticLoggerBinder.class]
SLF4J: See http://www.slf4j.org/codes.html#multiple_bindings for an explanation.
SLF4J: Actual binding is of type [ch.qos.logback.classic.util.ContextSelectorStaticBinder]
Maximum execution time specified as: 90 secs
2026-04-29 15:30:43:598 0 sec: 0 operations; 
Starting compaction watcher
DBWrapper: report latency for each error is false and specific error codes to track for latency are: []
2026-04-29 15:30:44:597 1 sec: 7436 operations; 7436 current ops/sec; [READ: Count=7457, Max=58047, Min=6, Avg=92.7, 90=122, 99=177, 99.9=1030, 99.99=58047] 
2026-04-29 15:30:45:597 2 sec: 20425 operations; 12989 current ops/sec; [READ: Count=12976, Max=2047, Min=5, Avg=74.9, 90=112, 99=141, 99.9=234, 99.99=367] 
2026-04-29 15:30:46:597 3 sec: 33256 operations; 12831 current ops/sec; [READ: Count=12830, Max=4203, Min=5, Avg=76.03, 90=118, 99=142, 99.9=218, 99.99=670] 
2026-04-29 15:30:47:597 4 sec: 47157 operations; 13901 current ops/sec; [READ: Count=13899, Max=722, Min=5, Avg=70.16, 90=111, 99=136, 99.9=363, 99.99=518] 
2026-04-29 15:30:48:597 5 sec: 61054 operations; 13897 current ops/sec; [READ: Count=13898, Max=441, Min=5, Avg=70.18, 90=112, 99=137, 99.9=163, 99.99=375] 
2026-04-29 15:30:49:597 6 sec: 74989 operations; 13935 current ops/sec; [READ: Count=13943, Max=557, Min=5, Avg=70.29, 90=112, 99=134, 99.9=155, 99.99=334] 
2026-04-29 15:30:50:597 7 sec: 88950 operations; 13961 current ops/sec; [READ: Count=13957, Max=630, Min=5, Avg=70.14, 90=112, 99=135, 99.9=153, 99.99=355] 
2026-04-29 15:30:51:598 8 sec: 102893 operations; 13943 current ops/sec; [READ: Count=13942, Max=420, Min=5, Avg=70.26, 90=112, 99=136, 99.9=157, 99.99=401] 
2026-04-29 15:30:52:597 9 sec: 116687 operations; 13794 current ops/sec; [READ: Count=13792, Max=838, Min=5, Avg=71, 90=112, 99=138, 99.9=159, 99.99=602] 
2026-04-29 15:30:53:597 10 sec: 130572 operations; 13885 current ops/sec; [READ: Count=13888, Max=347, Min=5, Avg=70.57, 90=112, 99=136, 99.9=155, 99.99=334] 
2026-04-29 15:30:54:597 11 sec: 144367 operations; 13795 current ops/sec; [READ: Count=13790, Max=327, Min=5, Avg=71.07, 90=113, 99=134, 99.9=152, 99.99=209] 
2026-04-29 15:30:55:597 12 sec: 158190 operations; 13823 current ops/sec; [READ: Count=13826, Max=403, Min=5, Avg=70.9, 90=113, 99=138, 99.9=161, 99.99=197] 
2026-04-29 15:30:56:597 13 sec: 172075 operations; 13885 current ops/sec; [READ: Count=13882, Max=5431, Min=5, Avg=70.69, 90=111, 99=136, 99.9=179, 99.99=598] 
2026-04-29 15:30:57:597 14 sec: 185948 operations; 13873 current ops/sec; [READ: Count=13877, Max=462, Min=5, Avg=70.76, 90=112, 99=137, 99.9=161, 99.99=394] 
2026-04-29 15:30:58:597 15 sec: 200309 operations; 14361 current ops/sec; [READ: Count=14360, Max=458, Min=5, Avg=68.5, 90=110, 99=135, 99.9=338, 99.99=455] 
2026-04-29 15:30:59:597 16 sec: 214695 operations; 14386 current ops/sec; [READ: Count=14392, Max=456, Min=5, Avg=68.39, 90=109, 99=132, 99.9=154, 99.99=436] 
2026-04-29 15:31:00:597 17 sec: 229009 operations; 14314 current ops/sec; [READ: Count=14309, Max=628, Min=5, Avg=68.76, 90=110, 99=136, 99.9=384, 99.99=478] 
2026-04-29 15:31:01:597 18 sec: 243408 operations; 14399 current ops/sec; [READ: Count=14397, Max=452, Min=5, Avg=68.34, 90=110, 99=134, 99.9=392, 99.99=449] 
2026-04-29 15:31:02:597 19 sec: 257572 operations; 14164 current ops/sec; [READ: Count=14163, Max=438, Min=5, Avg=69.48, 90=111, 99=135, 99.9=159, 99.99=437] 
2026-04-29 15:31:03:597 20 sec: 272012 operations; 14440 current ops/sec; [READ: Count=14439, Max=490, Min=5, Avg=68.12, 90=110, 99=135, 99.9=151, 99.99=442] 
2026-04-29 15:31:04:597 21 sec: 286448 operations; 14436 current ops/sec; [READ: Count=14438, Max=449, Min=5, Avg=68.15, 90=110, 99=134, 99.9=150, 99.99=324] 
2026-04-29 15:31:05:597 22 sec: 300807 operations; 14359 current ops/sec; [READ: Count=14357, Max=369, Min=5, Avg=68.52, 90=110, 99=134, 99.9=148, 99.99=367] 
2026-04-29 15:31:06:597 23 sec: 315245 operations; 14438 current ops/sec; [READ: Count=14443, Max=499, Min=4, Avg=68.14, 90=109, 99=133, 99.9=156, 99.99=453] 
2026-04-29 15:31:07:597 24 sec: 329600 operations; 14355 current ops/sec; [READ: Count=14348, Max=461, Min=5, Avg=68.54, 90=110, 99=133, 99.9=311, 99.99=441] 
2026-04-29 15:31:08:597 25 sec: 343837 operations; 14237 current ops/sec; [READ: Count=14241, Max=529, Min=5, Avg=69.14, 90=111, 99=138, 99.9=316, 99.99=420] 
2026-04-29 15:31:09:597 26 sec: 357915 operations; 14078 current ops/sec; [READ: Count=14081, Max=5087, Min=5, Avg=69.87, 90=111, 99=137, 99.9=161, 99.99=476] 
2026-04-29 15:31:10:598 27 sec: 372106 operations; 14191 current ops/sec; [READ: Count=14189, Max=799, Min=5, Avg=69.37, 90=111, 99=137, 99.9=335, 99.99=453] 
2026-04-29 15:31:11:597 28 sec: 386418 operations; 14312 current ops/sec; [READ: Count=14312, Max=1305, Min=5, Avg=68.77, 90=111, 99=136, 99.9=160, 99.99=448] 
2026-04-29 15:31:12:597 29 sec: 400664 operations; 14246 current ops/sec; [READ: Count=14244, Max=446, Min=5, Avg=69.11, 90=111, 99=137, 99.9=173, 99.99=424] 
2026-04-29 15:31:13:597 30 sec: 414830 operations; 14166 current ops/sec; [READ: Count=14164, Max=453, Min=5, Avg=69.51, 90=111, 99=137, 99.9=169, 99.99=446] 
2026-04-29 15:31:14:597 31 sec: 429099 operations; 14269 current ops/sec; [READ: Count=14270, Max=681, Min=5, Avg=68.98, 90=111, 99=136, 99.9=178, 99.99=449] 
2026-04-29 15:31:15:597 32 sec: 443345 operations; 14246 current ops/sec; [READ: Count=14246, Max=442, Min=5, Avg=69.11, 90=111, 99=136, 99.9=158, 99.99=422] 
2026-04-29 15:31:16:597 33 sec: 457554 operations; 14209 current ops/sec; [READ: Count=14207, Max=450, Min=5, Avg=69.3, 90=111, 99=135, 99.9=178, 99.99=444] 
2026-04-29 15:31:17:597 34 sec: 471780 operations; 14226 current ops/sec; [READ: Count=14227, Max=455, Min=5, Avg=69.21, 90=111, 99=135, 99.9=153, 99.99=435] 
2026-04-29 15:31:18:597 35 sec: 486001 operations; 14221 current ops/sec; [READ: Count=14224, Max=575, Min=5, Avg=69.23, 90=111, 99=137, 99.9=167, 99.99=408] 
2026-04-29 15:31:19:597 36 sec: 500229 operations; 14228 current ops/sec; [READ: Count=14224, Max=684, Min=5, Avg=69.2, 90=111, 99=138, 99.9=179, 99.99=622] 
2026-04-29 15:31:20:597 37 sec: 514537 operations; 14308 current ops/sec; [READ: Count=14309, Max=882, Min=5, Avg=68.8, 90=111, 99=136, 99.9=157, 99.99=594] 
2026-04-29 15:31:21:597 38 sec: 528924 operations; 14387 current ops/sec; [READ: Count=14387, Max=4607, Min=5, Avg=68.39, 90=110, 99=134, 99.9=153, 99.99=375] 
2026-04-29 15:31:22:597 39 sec: 543144 operations; 14220 current ops/sec; [READ: Count=14218, Max=479, Min=5, Avg=69.22, 90=111, 99=136, 99.9=160, 99.99=428] 
2026-04-29 15:31:23:597 40 sec: 557337 operations; 14193 current ops/sec; [READ: Count=14194, Max=419, Min=4, Avg=69.34, 90=111, 99=137, 99.9=162, 99.99=414] 
2026-04-29 15:31:24:597 41 sec: 571619 operations; 14282 current ops/sec; [READ: Count=14282, Max=376, Min=5, Avg=68.91, 90=111, 99=135, 99.9=158, 99.99=373] 
2026-04-29 15:31:25:597 42 sec: 585798 operations; 14179 current ops/sec; [READ: Count=14179, Max=400, Min=5, Avg=69.41, 90=111, 99=136, 99.9=158, 99.99=398] 
2026-04-29 15:31:26:597 43 sec: 600067 operations; 14269 current ops/sec; [READ: Count=14269, Max=417, Min=5, Avg=68.97, 90=111, 99=136, 99.9=157, 99.99=407] 
2026-04-29 15:31:27:597 44 sec: 614323 operations; 14256 current ops/sec; [READ: Count=14257, Max=417, Min=5, Avg=69.02, 90=111, 99=135, 99.9=180, 99.99=415] 
2026-04-29 15:31:28:597 45 sec: 628562 operations; 14239 current ops/sec; [READ: Count=14238, Max=401, Min=5, Avg=69.12, 90=111, 99=136, 99.9=155, 99.99=390] 
2026-04-29 15:31:29:597 46 sec: 642823 operations; 14261 current ops/sec; [READ: Count=14261, Max=426, Min=5, Avg=69.01, 90=111, 99=136, 99.9=156, 99.99=383] 
2026-04-29 15:31:30:597 47 sec: 657033 operations; 14210 current ops/sec; [READ: Count=14210, Max=430, Min=5, Avg=69.26, 90=111, 99=136, 99.9=156, 99.99=416] 
2026-04-29 15:31:31:597 48 sec: 671325 operations; 14292 current ops/sec; [READ: Count=14293, Max=402, Min=4, Avg=68.85, 90=111, 99=136, 99.9=151, 99.99=381] 
2026-04-29 15:31:32:597 49 sec: 685661 operations; 14336 current ops/sec; [READ: Count=14335, Max=412, Min=4, Avg=68.63, 90=111, 99=136, 99.9=159, 99.99=403] 
2026-04-29 15:31:33:597 50 sec: 699736 operations; 14075 current ops/sec; [READ: Count=14076, Max=425, Min=5, Avg=69.93, 90=111, 99=137, 99.9=193, 99.99=414] 
2026-04-29 15:31:34:597 51 sec: 713928 operations; 14192 current ops/sec; [READ: Count=14190, Max=493, Min=5, Avg=69.35, 90=111, 99=136, 99.9=375, 99.99=477] 
2026-04-29 15:31:35:597 52 sec: 728152 operations; 14224 current ops/sec; [READ: Count=14230, Max=3669, Min=5, Avg=69.16, 90=111, 99=136, 99.9=156, 99.99=574] 
2026-04-29 15:31:36:597 53 sec: 742569 operations; 14417 current ops/sec; [READ: Count=14413, Max=212, Min=5, Avg=68.28, 90=110, 99=134, 99.9=153, 99.99=193] 
2026-04-29 15:31:37:597 54 sec: 756075 operations; 13506 current ops/sec; [READ: Count=13506, Max=735, Min=5, Avg=72.87, 90=118, 99=141, 99.9=171, 99.99=596] 
2026-04-29 15:31:38:597 55 sec: 770058 operations; 13983 current ops/sec; [READ: Count=13982, Max=405, Min=4, Avg=70.38, 90=113, 99=138, 99.9=160, 99.99=330] 
2026-04-29 15:31:39:597 56 sec: 783658 operations; 13600 current ops/sec; [READ: Count=13599, Max=626, Min=5, Avg=72.37, 90=117, 99=140, 99.9=164, 99.99=431] 
2026-04-29 15:31:40:597 57 sec: 797120 operations; 13462 current ops/sec; [READ: Count=13462, Max=658, Min=5, Avg=73.12, 90=117, 99=139, 99.9=173, 99.99=647] 
2026-04-29 15:31:41:597 58 sec: 811444 operations; 14324 current ops/sec; [READ: Count=14325, Max=458, Min=4, Avg=68.7, 90=111, 99=136, 99.9=161, 99.99=451] 
2026-04-29 15:31:42:597 59 sec: 825833 operations; 14389 current ops/sec; [READ: Count=14390, Max=467, Min=5, Avg=68.41, 90=110, 99=135, 99.9=159, 99.99=454] 
2026-04-29 15:31:43:597 60 sec: 840102 operations; 14269 current ops/sec; [READ: Count=14268, Max=429, Min=5, Avg=68.99, 90=110, 99=137, 99.9=159, 99.99=422] 
2026-04-29 15:31:44:597 61 sec: 854357 operations; 14255 current ops/sec; [READ: Count=14254, Max=441, Min=5, Avg=69.07, 90=110, 99=135, 99.9=152, 99.99=391] 
2026-04-29 15:31:45:597 62 sec: 868638 operations; 14281 current ops/sec; [READ: Count=14283, Max=433, Min=4, Avg=68.91, 90=110, 99=134, 99.9=153, 99.99=417] 
2026-04-29 15:31:46:597 63 sec: 882945 operations; 14307 current ops/sec; [READ: Count=14307, Max=405, Min=5, Avg=68.79, 90=111, 99=135, 99.9=153, 99.99=342] 
2026-04-29 15:31:47:597 64 sec: 897219 operations; 14274 current ops/sec; [READ: Count=14274, Max=959, Min=5, Avg=68.95, 90=110, 99=133, 99.9=154, 99.99=453] 
2026-04-29 15:31:48:597 65 sec: 911247 operations; 14028 current ops/sec; [READ: Count=14027, Max=4511, Min=4, Avg=70.15, 90=112, 99=136, 99.9=169, 99.99=443] 
2026-04-29 15:31:49:597 66 sec: 925578 operations; 14331 current ops/sec; [READ: Count=14331, Max=366, Min=5, Avg=68.68, 90=111, 99=136, 99.9=153, 99.99=203] 
2026-04-29 15:31:50:597 67 sec: 939897 operations; 14319 current ops/sec; [READ: Count=14320, Max=420, Min=5, Avg=68.74, 90=111, 99=135, 99.9=156, 99.99=406] 
2026-04-29 15:31:51:597 68 sec: 954202 operations; 14305 current ops/sec; [READ: Count=14304, Max=395, Min=4, Avg=68.8, 90=111, 99=135, 99.9=154, 99.99=372] 
2026-04-29 15:31:52:597 69 sec: 968508 operations; 14306 current ops/sec; [READ: Count=14309, Max=411, Min=5, Avg=68.79, 90=111, 99=137, 99.9=157, 99.99=357] 
2026-04-29 15:31:53:597 70 sec: 982803 operations; 14295 current ops/sec; [READ: Count=14292, Max=360, Min=5, Avg=68.88, 90=111, 99=135, 99.9=158, 99.99=325] 
2026-04-29 15:31:54:597 71 sec: 996976 operations; 14173 current ops/sec; [READ: Count=14172, Max=403, Min=5, Avg=69.47, 90=111, 99=136, 99.9=154, 99.99=390] 
2026-04-29 15:31:55:597 72 sec: 1011190 operations; 14214 current ops/sec; [READ: Count=14215, Max=434, Min=5, Avg=69.26, 90=111, 99=137, 99.9=354, 99.99=415] 
2026-04-29 15:31:56:597 73 sec: 1025403 operations; 14213 current ops/sec; [READ: Count=14212, Max=379, Min=5, Avg=69.26, 90=111, 99=136, 99.9=160, 99.99=376] 
2026-04-29 15:31:57:597 74 sec: 1039686 operations; 14283 current ops/sec; [READ: Count=14283, Max=383, Min=4, Avg=68.92, 90=110, 99=133, 99.9=169, 99.99=366] 
2026-04-29 15:31:58:597 75 sec: 1053988 operations; 14302 current ops/sec; [READ: Count=14304, Max=409, Min=5, Avg=68.82, 90=111, 99=135, 99.9=179, 99.99=406] 
2026-04-29 15:31:59:597 76 sec: 1068244 operations; 14256 current ops/sec; [READ: Count=14255, Max=473, Min=5, Avg=69.07, 90=111, 99=135, 99.9=213, 99.99=408] 
2026-04-29 15:32:00:597 77 sec: 1082648 operations; 14404 current ops/sec; [READ: Count=14405, Max=408, Min=5, Avg=68.36, 90=109, 99=136, 99.9=169, 99.99=390] 
2026-04-29 15:32:01:597 78 sec: 1096797 operations; 14149 current ops/sec; [READ: Count=14149, Max=4559, Min=5, Avg=69.56, 90=111, 99=137, 99.9=164, 99.99=397] 
2026-04-29 15:32:02:597 79 sec: 1110866 operations; 14069 current ops/sec; [READ: Count=14067, Max=829, Min=5, Avg=69.96, 90=112, 99=135, 99.9=162, 99.99=809] 
2026-04-29 15:32:03:597 80 sec: 1124926 operations; 14060 current ops/sec; [READ: Count=14061, Max=590, Min=5, Avg=70.01, 90=112, 99=135, 99.9=154, 99.99=408] 
2026-04-29 15:32:04:597 81 sec: 1139078 operations; 14152 current ops/sec; [READ: Count=14152, Max=364, Min=5, Avg=69.54, 90=112, 99=137, 99.9=154, 99.99=355] 
2026-04-29 15:32:05:597 82 sec: 1153119 operations; 14041 current ops/sec; [READ: Count=14043, Max=411, Min=5, Avg=70.1, 90=112, 99=137, 99.9=162, 99.99=398] 
2026-04-29 15:32:06:598 83 sec: 1167231 operations; 14112 current ops/sec; [READ: Count=14110, Max=383, Min=5, Avg=69.85, 90=112, 99=137, 99.9=155, 99.99=377] 
2026-04-29 15:32:07:597 84 sec: 1181277 operations; 14046 current ops/sec; [READ: Count=14048, Max=437, Min=5, Avg=69.99, 90=112, 99=137, 99.9=160, 99.99=426] 
2026-04-29 15:32:08:597 85 sec: 1195384 operations; 14107 current ops/sec; [READ: Count=14109, Max=381, Min=5, Avg=69.79, 90=112, 99=137, 99.9=161, 99.99=206] 
2026-04-29 15:32:09:597 86 sec: 1209377 operations; 13993 current ops/sec; [READ: Count=13988, Max=441, Min=5, Avg=70.35, 90=112, 99=139, 99.9=159, 99.99=422] 
2026-04-29 15:32:10:597 87 sec: 1223281 operations; 13904 current ops/sec; [READ: Count=13906, Max=454, Min=5, Avg=70.8, 90=112, 99=138, 99.9=372, 99.99=425] 
2026-04-29 15:32:11:597 88 sec: 1237306 operations; 14025 current ops/sec; [READ: Count=14024, Max=410, Min=4, Avg=70.2, 90=112, 99=137, 99.9=160, 99.99=403] 
2026-04-29 15:32:12:597 89 sec: 1251374 operations; 14068 current ops/sec; [READ: Count=14068, Max=463, Min=5, Avg=69.95, 90=112, 99=136, 99.9=171, 99.99=461] 
Maximum time elapsed. Requesting stop for the workload.
Stop requested for workload. Now Joining!
2026-04-29 15:32:13:597 90 sec: 1265364 operations; 13990 current ops/sec; [READ: Count=13991, Max=465, Min=5, Avg=70.36, 90=112, 99=137, 99.9=173, 99.99=422] 
[OZONEDB-PROFILE] reads=1265371  avg_total=68.03us  view=3.90us(5.7%)  log=0.71us(1.0%)  sst=64.17us_per_call x 1246134_calls(92.9%_of_total)
[OZONEDB-SST-PROFILE] level | time_total_ms | enters | range_rejects | table_gets | hits
[OZONEDB-SST-PROFILE] L1  |      6299.21 |  2490522 |      1244405 |    1246117 |  78718
[OZONEDB-SST-PROFILE] L2  |      5360.99 |  2332946 |      1165545 |    1167401 |  67471
[OZONEDB-SST-PROFILE] L3  |      5298.99 |  2198404 |      1098461 |    1099943 |  72306
[OZONEDB-SST-PROFILE] L4  |      5444.13 |  2052868 |      1025243 |    1027625 | 114837
[OZONEDB-SST-PROFILE] L5  |      4800.47 |  1823629 |       910884 |     912745 |  57892
[OZONEDB-SST-PROFILE] L6  |      4853.41 |  1707814 |       852942 |     854872 |  68369
[OZONEDB-SST-PROFILE] L7  |     47112.03 |  2742360 |           97 |    2742263 | 786541
[OZONEDB-TBL-PROFILE] file_filter_reject=7679067  block_filter_reject=124218  index_invalid=0  block_read_more=721752  hit_from_cache=525929  miss_after_read=1547  found=1246134
2026-04-29 15:32:13:669 90 sec: 1265371 operations; 97.22 current ops/sec; [READ: Count=3, Max=107, Min=12, Avg=59.67, 90=107, 99=107, 99.9=107, 99.99=107] [CLEANUP: Count=1, Max=70719, Min=70656, Avg=70688, 90=70719, 99=70719, 99.9=70719, 99.99=70719] 
[OVERALL], RunTime(ms), 90072
[OVERALL], Throughput(ops/sec), 14048.439026556533
[TOTAL_GCS_PS_Scavenge], Count, 6
[TOTAL_GC_TIME_PS_Scavenge], Time(ms), 25
[TOTAL_GC_TIME_%_PS_Scavenge], Time(%), 0.027755573319122484
[TOTAL_GCS_PS_MarkSweep], Count, 0
[TOTAL_GC_TIME_PS_MarkSweep], Time(ms), 0
[TOTAL_GC_TIME_%_PS_MarkSweep], Time(%), 0.0
[TOTAL_GCs], Count, 6
[TOTAL_GC_TIME], Time(ms), 25
[TOTAL_GC_TIME_%], Time(%), 0.027755573319122484
[READ], Operations, 1265371
[READ], AverageLatency(us), 69.71287472211706
[READ], MinLatency(us), 4
[READ], MaxLatency(us), 58047
[READ], 95thPercentileLatency(us), 117
[READ], 99thPercentileLatency(us), 136
[READ], Return=OK, 1265371
[CLEANUP], Operations, 1
[CLEANUP], AverageLatency(us), 70688.0
[CLEANUP], MinLatency(us), 70656
[CLEANUP], MaxLatency(us), 70719
[CLEANUP], 95thPercentileLatency(us), 70719
[CLEANUP], 99thPercentileLatency(us), 70719
	Command being timed: "/usr/lib/jvm/java-8-openjdk-amd64/bin/java -cp /users/Xinying/ozonedb/ycsb/ozonedb/conf:/users/Xinying/ozonedb/ycsb/ozonedb/target/ozonedb-binding-0.18.0-SNAPSHOT.jar:/users/Xinying/.m2/repository/org/apache/htrace/htrace-core4/4.1.0-incubating/htrace-core4-4.1.0-incubating.jar:/users/Xinying/.m2/repository/org/slf4j/slf4j-api/1.7.25/slf4j-api-1.7.25.jar:/users/Xinying/.m2/repository/org/hdrhistogram/HdrHistogram/2.1.12/HdrHistogram-2.1.12.jar:/users/Xinying/.m2/repository/ch/qos/logback/logback-classic/1.2.3/logback-classic-1.2.3.jar:/users/Xinying/.m2/repository/ozonedbjnimaven/demoproc-jni/1.0/demoproc-jni-1.0.jar:/users/Xinying/.m2/repository/ch/qos/logback/logback-core/1.2.3/logback-core-1.2.3.jar:/users/Xinying/.m2/repository/org/codehaus/jackson/jackson-mapper-asl/1.9.4/jackson-mapper-asl-1.9.4.jar:/users/Xinying/.m2/repository/org/slf4j/slf4j-simple/1.7.25/slf4j-simple-1.7.25.jar:/users/Xinying/.m2/repository/org/codehaus/jackson/jackson-core-asl/1.9.4/jackson-core-asl-1.9.4.jar:/users/Xinying/ozonedb/ycsb/core/target/core-0.18.0-SNAPSHOT.jar site.ycsb.Client -db site.ycsb.db.OzoneDBClient -threads 1 -s -P /users/Xinying/ozonedb/ycsb/workloads/generated_workloads/workloadc_1KB_1000000_1000000 -p status.interval=1 -p maxexecutiontime=90 -p operationcount=0 -p shared_config=/tmp/phase1_ozonedb_configs/shared_config_SHARED_workloadc_p8_r1_proc0.json -t"
	User time (seconds): 61.07
	System time (seconds): 31.92
	Percent of CPU this job got: 101%
	Elapsed (wall clock) time (h:mm:ss or m:ss): 1:31.77
	Average shared text size (kbytes): 0
	Average unshared data size (kbytes): 0
	Average stack size (kbytes): 0
	Average total size (kbytes): 0
	Maximum resident set size (kbytes): 5007972
	Average resident set size (kbytes): 0
	Major (requiring I/O) page faults: 448
	Minor (reclaiming a frame) page faults: 1257514
	Voluntary context switches: 15333
	Involuntary context switches: 763
	Swaps: 0
	File system inputs: 11623086
	File system outputs: 1048
	Socket messages sent: 0
	Socket messages received: 0
	Signals delivered: 0
	Page size (bytes): 4096
	Exit status: 0
