# CMD: /usr/bin/time -v /usr/lib/jvm/java-8-openjdk-amd64/bin/java -cp /users/Xinying/ozonedb/ycsb/ozonedb/conf:/users/Xinying/ozonedb/ycsb/ozonedb/target/ozonedb-binding-0.18.0-SNAPSHOT.jar:/users/Xinying/.m2/repository/org/apache/htrace/htrace-core4/4.1.0-incubating/htrace-core4-4.1.0-incubating.jar:/users/Xinying/.m2/repository/org/slf4j/slf4j-api/1.7.25/slf4j-api-1.7.25.jar:/users/Xinying/.m2/repository/org/hdrhistogram/HdrHistogram/2.1.12/HdrHistogram-2.1.12.jar:/users/Xinying/.m2/repository/ch/qos/logback/logback-classic/1.2.3/logback-classic-1.2.3.jar:/users/Xinying/.m2/repository/ozonedbjnimaven/demoproc-jni/1.0/demoproc-jni-1.0.jar:/users/Xinying/.m2/repository/ch/qos/logback/logback-core/1.2.3/logback-core-1.2.3.jar:/users/Xinying/.m2/repository/org/codehaus/jackson/jackson-mapper-asl/1.9.4/jackson-mapper-asl-1.9.4.jar:/users/Xinying/.m2/repository/org/slf4j/slf4j-simple/1.7.25/slf4j-simple-1.7.25.jar:/users/Xinying/.m2/repository/org/codehaus/jackson/jackson-core-asl/1.9.4/jackson-core-asl-1.9.4.jar:/users/Xinying/ozonedb/ycsb/core/target/core-0.18.0-SNAPSHOT.jar site.ycsb.Client -db site.ycsb.db.OzoneDBClient -threads 1 -s -P /users/Xinying/ozonedb/ycsb/workloads/generated_workloads/workloadc_1KB_1000000_1000000 -p status.interval=1 -p maxexecutiontime=90 -p operationcount=0 -p shared_config=/tmp/phase1_ozonedb_configs/shared_config_SHARED_workloadc_p4_r1_proc1.json -t
# shared_work_path=/tank/ycsb_data/multi-proc-run/shared_ozonedb  proc_id=1/4
Command line: -db site.ycsb.db.OzoneDBClient -threads 1 -s -P /users/Xinying/ozonedb/ycsb/workloads/generated_workloads/workloadc_1KB_1000000_1000000 -p status.interval=1 -p maxexecutiontime=90 -p operationcount=0 -p shared_config=/tmp/phase1_ozonedb_configs/shared_config_SHARED_workloadc_p4_r1_proc1.json -t
YCSB Client 0.18.0-SNAPSHOT

Loading workload...
Starting test.
SLF4J: Class path contains multiple SLF4J bindings.
SLF4J: Found binding in [jar:file:/users/Xinying/.m2/repository/ch/qos/logback/logback-classic/1.2.3/logback-classic-1.2.3.jar!/org/slf4j/impl/StaticLoggerBinder.class]
SLF4J: Found binding in [jar:file:/users/Xinying/.m2/repository/org/slf4j/slf4j-simple/1.7.25/slf4j-simple-1.7.25.jar!/org/slf4j/impl/StaticLoggerBinder.class]
SLF4J: See http://www.slf4j.org/codes.html#multiple_bindings for an explanation.
SLF4J: Actual binding is of type [ch.qos.logback.classic.util.ContextSelectorStaticBinder]
Maximum execution time specified as: 90 secs
2026-04-29 15:29:05:532 0 sec: 0 operations; 
Starting compaction watcher
DBWrapper: report latency for each error is false and specific error codes to track for latency are: []
2026-04-29 15:29:06:531 1 sec: 8294 operations; 8294 current ops/sec; [READ: Count=8327, Max=47519, Min=5, Avg=84.29, 90=114, 99=152, 99.9=272, 99.99=47519] 
2026-04-29 15:29:07:531 2 sec: 21780 operations; 13486 current ops/sec; [READ: Count=13466, Max=2001, Min=5, Avg=72.35, 90=109, 99=132, 99.9=162, 99.99=348] 
2026-04-29 15:29:08:531 3 sec: 35727 operations; 13947 current ops/sec; [READ: Count=13945, Max=4089, Min=5, Avg=69.97, 90=108, 99=131, 99.9=174, 99.99=614] 
2026-04-29 15:29:09:531 4 sec: 50044 operations; 14317 current ops/sec; [READ: Count=14317, Max=324, Min=5, Avg=68.16, 90=108, 99=130, 99.9=146, 99.99=283] 
2026-04-29 15:29:10:531 5 sec: 64265 operations; 14221 current ops/sec; [READ: Count=14216, Max=367, Min=5, Avg=68.69, 90=109, 99=130, 99.9=149, 99.99=252] 
2026-04-29 15:29:11:531 6 sec: 78582 operations; 14317 current ops/sec; [READ: Count=14321, Max=363, Min=5, Avg=68.44, 90=109, 99=131, 99.9=144, 99.99=182] 
2026-04-29 15:29:12:531 7 sec: 92946 operations; 14364 current ops/sec; [READ: Count=14361, Max=165, Min=5, Avg=68.23, 90=108, 99=131, 99.9=149, 99.99=162] 
2026-04-29 15:29:13:531 8 sec: 107260 operations; 14314 current ops/sec; [READ: Count=14312, Max=319, Min=5, Avg=68.45, 90=108, 99=131, 99.9=151, 99.99=269] 
2026-04-29 15:29:14:531 9 sec: 121573 operations; 14313 current ops/sec; [READ: Count=14323, Max=317, Min=5, Avg=68.45, 90=109, 99=131, 99.9=151, 99.99=193] 
2026-04-29 15:29:15:531 10 sec: 135948 operations; 14375 current ops/sec; [READ: Count=14371, Max=168, Min=5, Avg=68.24, 90=109, 99=131, 99.9=146, 99.99=166] 
2026-04-29 15:29:16:531 11 sec: 150055 operations; 14107 current ops/sec; [READ: Count=14107, Max=368, Min=5, Avg=69.54, 90=109, 99=132, 99.9=151, 99.99=314] 
2026-04-29 15:29:17:531 12 sec: 164136 operations; 14081 current ops/sec; [READ: Count=14078, Max=6211, Min=5, Avg=69.69, 90=109, 99=134, 99.9=150, 99.99=329] 
2026-04-29 15:29:18:531 13 sec: 178319 operations; 14183 current ops/sec; [READ: Count=14184, Max=325, Min=5, Avg=69.2, 90=109, 99=131, 99.9=147, 99.99=186] 
2026-04-29 15:29:19:531 14 sec: 192680 operations; 14361 current ops/sec; [READ: Count=14363, Max=165, Min=5, Avg=68.47, 90=109, 99=133, 99.9=147, 99.99=164] 
2026-04-29 15:29:20:531 15 sec: 207174 operations; 14494 current ops/sec; [READ: Count=14492, Max=316, Min=5, Avg=67.93, 90=108, 99=131, 99.9=148, 99.99=181] 
2026-04-29 15:29:21:531 16 sec: 221590 operations; 14416 current ops/sec; [READ: Count=14414, Max=362, Min=5, Avg=68.32, 90=108, 99=132, 99.9=155, 99.99=185] 
2026-04-29 15:29:22:531 17 sec: 236034 operations; 14444 current ops/sec; [READ: Count=14445, Max=368, Min=4, Avg=68.14, 90=108, 99=132, 99.9=150, 99.99=212] 
2026-04-29 15:29:23:531 18 sec: 250566 operations; 14532 current ops/sec; [READ: Count=14537, Max=187, Min=5, Avg=67.74, 90=108, 99=131, 99.9=147, 99.99=166] 
2026-04-29 15:29:24:531 19 sec: 265014 operations; 14448 current ops/sec; [READ: Count=14445, Max=378, Min=5, Avg=68.18, 90=108, 99=131, 99.9=149, 99.99=328] 
2026-04-29 15:29:25:531 20 sec: 279505 operations; 14491 current ops/sec; [READ: Count=14490, Max=425, Min=5, Avg=67.95, 90=109, 99=131, 99.9=149, 99.99=320] 
2026-04-29 15:29:26:531 21 sec: 293861 operations; 14356 current ops/sec; [READ: Count=14357, Max=319, Min=5, Avg=68.6, 90=109, 99=132, 99.9=150, 99.99=175] 
2026-04-29 15:29:27:531 22 sec: 308342 operations; 14481 current ops/sec; [READ: Count=14482, Max=232, Min=5, Avg=67.99, 90=109, 99=131, 99.9=151, 99.99=188] 
2026-04-29 15:29:28:531 23 sec: 322934 operations; 14592 current ops/sec; [READ: Count=14589, Max=371, Min=5, Avg=67.47, 90=108, 99=132, 99.9=148, 99.99=177] 
2026-04-29 15:29:29:531 24 sec: 337427 operations; 14493 current ops/sec; [READ: Count=14494, Max=363, Min=5, Avg=67.93, 90=109, 99=132, 99.9=149, 99.99=176] 
2026-04-29 15:29:30:531 25 sec: 351768 operations; 14341 current ops/sec; [READ: Count=14340, Max=5215, Min=5, Avg=68.61, 90=109, 99=132, 99.9=156, 99.99=409] 
2026-04-29 15:29:31:531 26 sec: 366427 operations; 14659 current ops/sec; [READ: Count=14662, Max=190, Min=5, Avg=67.16, 90=108, 99=132, 99.9=148, 99.99=185] 
2026-04-29 15:29:32:531 27 sec: 380816 operations; 14389 current ops/sec; [READ: Count=14386, Max=317, Min=5, Avg=68.47, 90=109, 99=131, 99.9=153, 99.99=279] 
2026-04-29 15:29:33:531 28 sec: 395271 operations; 14455 current ops/sec; [READ: Count=14456, Max=366, Min=5, Avg=68.1, 90=109, 99=132, 99.9=151, 99.99=198] 
2026-04-29 15:29:34:531 29 sec: 409892 operations; 14621 current ops/sec; [READ: Count=14623, Max=180, Min=5, Avg=67.33, 90=108, 99=131, 99.9=145, 99.99=177] 
2026-04-29 15:29:35:531 30 sec: 424369 operations; 14477 current ops/sec; [READ: Count=14478, Max=314, Min=5, Avg=68.02, 90=108, 99=132, 99.9=149, 99.99=233] 
2026-04-29 15:29:36:531 31 sec: 438939 operations; 14570 current ops/sec; [READ: Count=14565, Max=578, Min=5, Avg=67.6, 90=109, 99=132, 99.9=152, 99.99=365] 
2026-04-29 15:29:37:531 32 sec: 453453 operations; 14514 current ops/sec; [READ: Count=14513, Max=365, Min=5, Avg=67.83, 90=108, 99=132, 99.9=149, 99.99=163] 
2026-04-29 15:29:38:531 33 sec: 468013 operations; 14560 current ops/sec; [READ: Count=14556, Max=191, Min=5, Avg=67.65, 90=108, 99=129, 99.9=148, 99.99=180] 
2026-04-29 15:29:39:531 34 sec: 482511 operations; 14498 current ops/sec; [READ: Count=14500, Max=425, Min=5, Avg=67.91, 90=109, 99=131, 99.9=144, 99.99=362] 
2026-04-29 15:29:40:531 35 sec: 496935 operations; 14424 current ops/sec; [READ: Count=14426, Max=366, Min=5, Avg=68.28, 90=109, 99=131, 99.9=151, 99.99=196] 
2026-04-29 15:29:41:531 36 sec: 511317 operations; 14382 current ops/sec; [READ: Count=14381, Max=323, Min=5, Avg=68.49, 90=109, 99=132, 99.9=149, 99.99=215] 
2026-04-29 15:29:42:531 37 sec: 525800 operations; 14483 current ops/sec; [READ: Count=14485, Max=5195, Min=5, Avg=67.97, 90=108, 99=131, 99.9=148, 99.99=195] 
2026-04-29 15:29:43:531 38 sec: 540283 operations; 14483 current ops/sec; [READ: Count=14482, Max=362, Min=5, Avg=67.97, 90=109, 99=131, 99.9=151, 99.99=256] 
2026-04-29 15:29:44:531 39 sec: 554791 operations; 14508 current ops/sec; [READ: Count=14506, Max=367, Min=5, Avg=67.88, 90=108, 99=132, 99.9=149, 99.99=186] 
2026-04-29 15:29:45:531 40 sec: 569325 operations; 14534 current ops/sec; [READ: Count=14535, Max=340, Min=5, Avg=67.76, 90=108, 99=131, 99.9=151, 99.99=172] 
2026-04-29 15:29:46:531 41 sec: 583767 operations; 14442 current ops/sec; [READ: Count=14442, Max=185, Min=5, Avg=68.2, 90=109, 99=130, 99.9=145, 99.99=169] 
2026-04-29 15:29:47:531 42 sec: 598190 operations; 14423 current ops/sec; [READ: Count=14423, Max=365, Min=5, Avg=68.28, 90=109, 99=132, 99.9=146, 99.99=195] 
2026-04-29 15:29:48:531 43 sec: 612591 operations; 14401 current ops/sec; [READ: Count=14401, Max=318, Min=5, Avg=68.39, 90=109, 99=132, 99.9=152, 99.99=209] 
2026-04-29 15:29:49:531 44 sec: 627071 operations; 14480 current ops/sec; [READ: Count=14480, Max=324, Min=5, Avg=68.01, 90=109, 99=132, 99.9=159, 99.99=202] 
2026-04-29 15:29:50:531 45 sec: 641577 operations; 14506 current ops/sec; [READ: Count=14505, Max=201, Min=5, Avg=67.9, 90=108, 99=131, 99.9=148, 99.99=173] 
2026-04-29 15:29:51:531 46 sec: 655965 operations; 14388 current ops/sec; [READ: Count=14388, Max=366, Min=5, Avg=68.46, 90=109, 99=132, 99.9=150, 99.99=208] 
2026-04-29 15:29:52:531 47 sec: 670377 operations; 14412 current ops/sec; [READ: Count=14414, Max=410, Min=5, Avg=68.31, 90=109, 99=131, 99.9=149, 99.99=175] 
2026-04-29 15:29:53:531 48 sec: 684873 operations; 14496 current ops/sec; [READ: Count=14494, Max=360, Min=5, Avg=67.94, 90=108, 99=130, 99.9=146, 99.99=172] 
2026-04-29 15:29:54:531 49 sec: 699400 operations; 14527 current ops/sec; [READ: Count=14527, Max=169, Min=5, Avg=67.78, 90=108, 99=130, 99.9=147, 99.99=164] 
2026-04-29 15:29:55:531 50 sec: 713786 operations; 14386 current ops/sec; [READ: Count=14386, Max=4795, Min=5, Avg=68.43, 90=109, 99=130, 99.9=146, 99.99=317] 
2026-04-29 15:29:56:531 51 sec: 728287 operations; 14501 current ops/sec; [READ: Count=14501, Max=317, Min=5, Avg=67.92, 90=109, 99=133, 99.9=153, 99.99=216] 
2026-04-29 15:29:57:531 52 sec: 742808 operations; 14521 current ops/sec; [READ: Count=14521, Max=316, Min=5, Avg=67.82, 90=109, 99=133, 99.9=154, 99.99=221] 
2026-04-29 15:29:58:531 53 sec: 757278 operations; 14470 current ops/sec; [READ: Count=14470, Max=185, Min=5, Avg=68.06, 90=109, 99=131, 99.9=149, 99.99=182] 
2026-04-29 15:29:59:531 54 sec: 771742 operations; 14464 current ops/sec; [READ: Count=14468, Max=312, Min=5, Avg=68.08, 90=109, 99=132, 99.9=149, 99.99=189] 
2026-04-29 15:30:00:531 55 sec: 786294 operations; 14552 current ops/sec; [READ: Count=14547, Max=342, Min=5, Avg=67.68, 90=108, 99=129, 99.9=148, 99.99=197] 
2026-04-29 15:30:01:531 56 sec: 800883 operations; 14589 current ops/sec; [READ: Count=14589, Max=180, Min=5, Avg=67.51, 90=108, 99=130, 99.9=149, 99.99=171] 
2026-04-29 15:30:02:531 57 sec: 815339 operations; 14456 current ops/sec; [READ: Count=14456, Max=319, Min=5, Avg=68.12, 90=109, 99=131, 99.9=149, 99.99=200] 
2026-04-29 15:30:03:531 58 sec: 829786 operations; 14447 current ops/sec; [READ: Count=14446, Max=367, Min=5, Avg=68.16, 90=109, 99=131, 99.9=146, 99.99=175] 
2026-04-29 15:30:04:531 59 sec: 844263 operations; 14477 current ops/sec; [READ: Count=14478, Max=314, Min=5, Avg=68.03, 90=108, 99=131, 99.9=149, 99.99=194] 
2026-04-29 15:30:05:531 60 sec: 858743 operations; 14480 current ops/sec; [READ: Count=14479, Max=173, Min=5, Avg=68.02, 90=109, 99=131, 99.9=149, 99.99=172] 
2026-04-29 15:30:06:531 61 sec: 873185 operations; 14442 current ops/sec; [READ: Count=14446, Max=339, Min=5, Avg=68.19, 90=109, 99=131, 99.9=148, 99.99=190] 
2026-04-29 15:30:07:531 62 sec: 887654 operations; 14469 current ops/sec; [READ: Count=14466, Max=315, Min=5, Avg=68.07, 90=109, 99=132, 99.9=153, 99.99=187] 
2026-04-29 15:30:08:531 63 sec: 901966 operations; 14312 current ops/sec; [READ: Count=14312, Max=10783, Min=5, Avg=68.78, 90=109, 99=132, 99.9=147, 99.99=367] 
2026-04-29 15:30:09:531 64 sec: 916437 operations; 14471 current ops/sec; [READ: Count=14472, Max=458, Min=5, Avg=68.06, 90=108, 99=131, 99.9=150, 99.99=444] 
2026-04-29 15:30:10:531 65 sec: 930877 operations; 14440 current ops/sec; [READ: Count=14441, Max=474, Min=5, Avg=68.21, 90=108, 99=130, 99.9=154, 99.99=454] 
2026-04-29 15:30:11:531 66 sec: 945344 operations; 14467 current ops/sec; [READ: Count=14466, Max=454, Min=5, Avg=68.11, 90=109, 99=132, 99.9=152, 99.99=429] 
2026-04-29 15:30:12:531 67 sec: 959802 operations; 14458 current ops/sec; [READ: Count=14459, Max=443, Min=5, Avg=68.1, 90=109, 99=131, 99.9=149, 99.99=368] 
2026-04-29 15:30:13:531 68 sec: 974312 operations; 14510 current ops/sec; [READ: Count=14507, Max=483, Min=5, Avg=67.88, 90=108, 99=130, 99.9=148, 99.99=421] 
2026-04-29 15:30:14:531 69 sec: 988871 operations; 14559 current ops/sec; [READ: Count=14558, Max=377, Min=5, Avg=67.65, 90=109, 99=132, 99.9=148, 99.99=176] 
2026-04-29 15:30:15:531 70 sec: 1003234 operations; 14363 current ops/sec; [READ: Count=14365, Max=457, Min=5, Avg=68.58, 90=109, 99=132, 99.9=161, 99.99=453] 
2026-04-29 15:30:16:531 71 sec: 1017715 operations; 14481 current ops/sec; [READ: Count=14480, Max=459, Min=5, Avg=68.03, 90=108, 99=132, 99.9=151, 99.99=429] 
2026-04-29 15:30:17:531 72 sec: 1032271 operations; 14556 current ops/sec; [READ: Count=14557, Max=159, Min=5, Avg=67.64, 90=108, 99=131, 99.9=146, 99.99=155] 
2026-04-29 15:30:18:531 73 sec: 1046793 operations; 14522 current ops/sec; [READ: Count=14521, Max=410, Min=5, Avg=67.73, 90=109, 99=133, 99.9=148, 99.99=167] 
2026-04-29 15:30:19:531 74 sec: 1061171 operations; 14378 current ops/sec; [READ: Count=14378, Max=497, Min=5, Avg=68.48, 90=108, 99=131, 99.9=151, 99.99=477] 
2026-04-29 15:30:20:531 75 sec: 1075778 operations; 14607 current ops/sec; [READ: Count=14606, Max=365, Min=5, Avg=67.39, 90=108, 99=132, 99.9=151, 99.99=310] 
2026-04-29 15:30:21:531 76 sec: 1090199 operations; 14421 current ops/sec; [READ: Count=14422, Max=456, Min=5, Avg=67.97, 90=109, 99=132, 99.9=150, 99.99=417] 
2026-04-29 15:30:22:531 77 sec: 1104674 operations; 14475 current ops/sec; [READ: Count=14476, Max=460, Min=5, Avg=68.01, 90=108, 99=132, 99.9=150, 99.99=412] 
2026-04-29 15:30:23:531 78 sec: 1119155 operations; 14481 current ops/sec; [READ: Count=14480, Max=473, Min=5, Avg=67.97, 90=108, 99=131, 99.9=147, 99.99=462] 
2026-04-29 15:30:24:531 79 sec: 1133684 operations; 14529 current ops/sec; [READ: Count=14530, Max=200, Min=5, Avg=67.75, 90=108, 99=130, 99.9=150, 99.99=177] 
2026-04-29 15:30:25:531 80 sec: 1148175 operations; 14491 current ops/sec; [READ: Count=14489, Max=425, Min=5, Avg=67.94, 90=109, 99=130, 99.9=146, 99.99=366] 
2026-04-29 15:30:26:531 81 sec: 1162620 operations; 14445 current ops/sec; [READ: Count=14445, Max=446, Min=5, Avg=68.14, 90=108, 99=132, 99.9=152, 99.99=433] 
2026-04-29 15:30:27:531 82 sec: 1177100 operations; 14480 current ops/sec; [READ: Count=14483, Max=413, Min=5, Avg=67.98, 90=108, 99=132, 99.9=148, 99.99=315] 
2026-04-29 15:30:28:531 83 sec: 1191575 operations; 14475 current ops/sec; [READ: Count=14474, Max=447, Min=5, Avg=68.05, 90=108, 99=131, 99.9=151, 99.99=432] 
2026-04-29 15:30:29:531 84 sec: 1206102 operations; 14527 current ops/sec; [READ: Count=14528, Max=426, Min=5, Avg=67.73, 90=108, 99=131, 99.9=151, 99.99=365] 
2026-04-29 15:30:30:531 85 sec: 1220611 operations; 14509 current ops/sec; [READ: Count=14509, Max=442, Min=5, Avg=67.85, 90=108, 99=131, 99.9=153, 99.99=434] 
2026-04-29 15:30:31:531 86 sec: 1235128 operations; 14517 current ops/sec; [READ: Count=14515, Max=390, Min=5, Avg=67.81, 90=108, 99=130, 99.9=152, 99.99=365] 
2026-04-29 15:30:32:531 87 sec: 1249780 operations; 14652 current ops/sec; [READ: Count=14652, Max=334, Min=5, Avg=67.18, 90=108, 99=131, 99.9=144, 99.99=191] 
2026-04-29 15:30:33:531 88 sec: 1264180 operations; 14400 current ops/sec; [READ: Count=14401, Max=8087, Min=5, Avg=68.34, 90=108, 99=131, 99.9=156, 99.99=435] 
2026-04-29 15:30:34:531 89 sec: 1278799 operations; 14619 current ops/sec; [READ: Count=14620, Max=347, Min=5, Avg=67.34, 90=108, 99=130, 99.9=146, 99.99=191] 
Maximum time elapsed. Requesting stop for the workload.
Stop requested for workload. Now Joining!
2026-04-29 15:30:35:531 90 sec: 1293405 operations; 14606 current ops/sec; [READ: Count=14606, Max=320, Min=5, Avg=67.39, 90=107, 99=130, 99.9=151, 99.99=198] 
[OZONEDB-PROFILE] reads=1293412  avg_total=66.51us  view=3.84us(5.8%)  log=0.74us(1.1%)  sst=62.68us_per_call x 1273347_calls(92.8%_of_total)
[OZONEDB-SST-PROFILE] level | time_total_ms | enters | range_rejects | table_gets | hits
[OZONEDB-SST-PROFILE] L1  |      6413.37 |  2544925 |      1271594 |    1273331 |  80465
[OZONEDB-SST-PROFILE] L2  |      5372.19 |  2383827 |      1190955 |    1192872 |  69131
[OZONEDB-SST-PROFILE] L3  |      5217.62 |  2245917 |      1122167 |    1123750 |  73565
[OZONEDB-SST-PROFILE] L4  |      5422.81 |  2097818 |      1047635 |    1050183 | 117146
[OZONEDB-SST-PROFILE] L5  |      4767.42 |  1864063 |       931098 |     932965 |  59116
[OZONEDB-SST-PROFILE] L6  |      4762.30 |  1745780 |       871888 |     873892 |  70013
[OZONEDB-SST-PROFILE] L7  |     47085.98 |  2800857 |           92 |    2800765 | 803911
[OZONEDB-TBL-PROFILE] file_filter_reject=7846617  block_filter_reject=126263  index_invalid=0  block_read_more=738759  hit_from_cache=536119  miss_after_read=1531  found=1273347
2026-04-29 15:30:35:606 90 sec: 1293412 operations; 93.33 current ops/sec; [READ: Count=3, Max=86, Min=73, Avg=80, 90=86, 99=86, 99.9=86, 99.99=86] [CLEANUP: Count=1, Max=73663, Min=73600, Avg=73632, 90=73663, 99=73663, 99.9=73663, 99.99=73663] 
[OVERALL], RunTime(ms), 90075
[OVERALL], Throughput(ops/sec), 14359.278379128504
[TOTAL_GCS_PS_Scavenge], Count, 7
[TOTAL_GC_TIME_PS_Scavenge], Time(ms), 41
[TOTAL_GC_TIME_%_PS_Scavenge], Time(%), 0.045517624202053845
[TOTAL_GCS_PS_MarkSweep], Count, 0
[TOTAL_GC_TIME_PS_MarkSweep], Time(ms), 0
[TOTAL_GC_TIME_%_PS_MarkSweep], Time(%), 0.0
[TOTAL_GCs], Count, 7
[TOTAL_GC_TIME], Time(ms), 41
[TOTAL_GC_TIME_%], Time(%), 0.045517624202053845
[READ], Operations, 1293412
[READ], AverageLatency(us), 68.23890299456012
[READ], MinLatency(us), 4
[READ], MaxLatency(us), 47519
[READ], 95thPercentileLatency(us), 114
[READ], 99thPercentileLatency(us), 132
[READ], Return=OK, 1293412
[CLEANUP], Operations, 1
[CLEANUP], AverageLatency(us), 73632.0
[CLEANUP], MinLatency(us), 73600
[CLEANUP], MaxLatency(us), 73663
[CLEANUP], 95thPercentileLatency(us), 73663
[CLEANUP], 99thPercentileLatency(us), 73663
	Command being timed: "/usr/lib/jvm/java-8-openjdk-amd64/bin/java -cp /users/Xinying/ozonedb/ycsb/ozonedb/conf:/users/Xinying/ozonedb/ycsb/ozonedb/target/ozonedb-binding-0.18.0-SNAPSHOT.jar:/users/Xinying/.m2/repository/org/apache/htrace/htrace-core4/4.1.0-incubating/htrace-core4-4.1.0-incubating.jar:/users/Xinying/.m2/repository/org/slf4j/slf4j-api/1.7.25/slf4j-api-1.7.25.jar:/users/Xinying/.m2/repository/org/hdrhistogram/HdrHistogram/2.1.12/HdrHistogram-2.1.12.jar:/users/Xinying/.m2/repository/ch/qos/logback/logback-classic/1.2.3/logback-classic-1.2.3.jar:/users/Xinying/.m2/repository/ozonedbjnimaven/demoproc-jni/1.0/demoproc-jni-1.0.jar:/users/Xinying/.m2/repository/ch/qos/logback/logback-core/1.2.3/logback-core-1.2.3.jar:/users/Xinying/.m2/repository/org/codehaus/jackson/jackson-mapper-asl/1.9.4/jackson-mapper-asl-1.9.4.jar:/users/Xinying/.m2/repository/org/slf4j/slf4j-simple/1.7.25/slf4j-simple-1.7.25.jar:/users/Xinying/.m2/repository/org/codehaus/jackson/jackson-core-asl/1.9.4/jackson-core-asl-1.9.4.jar:/users/Xinying/ozonedb/ycsb/core/target/core-0.18.0-SNAPSHOT.jar site.ycsb.Client -db site.ycsb.db.OzoneDBClient -threads 1 -s -P /users/Xinying/ozonedb/ycsb/workloads/generated_workloads/workloadc_1KB_1000000_1000000 -p status.interval=1 -p maxexecutiontime=90 -p operationcount=0 -p shared_config=/tmp/phase1_ozonedb_configs/shared_config_SHARED_workloadc_p4_r1_proc1.json -t"
	User time (seconds): 62.01
	System time (seconds): 30.43
	Percent of CPU this job got: 101%
	Elapsed (wall clock) time (h:mm:ss or m:ss): 1:31.27
	Average shared text size (kbytes): 0
	Average unshared data size (kbytes): 0
	Average stack size (kbytes): 0
	Average total size (kbytes): 0
	Maximum resident set size (kbytes): 5099244
	Average resident set size (kbytes): 0
	Major (requiring I/O) page faults: 487
	Minor (reclaiming a frame) page faults: 1280230
	Voluntary context switches: 14788
	Involuntary context switches: 656
	Swaps: 0
	File system inputs: 11908333
	File system outputs: 1088
	Socket messages sent: 0
	Socket messages received: 0
	Signals delivered: 0
	Page size (bytes): 4096
	Exit status: 0
