# CMD: /usr/bin/time -v /usr/lib/jvm/java-8-openjdk-amd64/bin/java -cp /users/Xinying/ozonedb/ycsb/ozonedb/conf:/users/Xinying/ozonedb/ycsb/ozonedb/target/ozonedb-binding-0.18.0-SNAPSHOT.jar:/users/Xinying/.m2/repository/org/apache/htrace/htrace-core4/4.1.0-incubating/htrace-core4-4.1.0-incubating.jar:/users/Xinying/.m2/repository/org/slf4j/slf4j-api/1.7.25/slf4j-api-1.7.25.jar:/users/Xinying/.m2/repository/org/hdrhistogram/HdrHistogram/2.1.12/HdrHistogram-2.1.12.jar:/users/Xinying/.m2/repository/ch/qos/logback/logback-classic/1.2.3/logback-classic-1.2.3.jar:/users/Xinying/.m2/repository/ozonedbjnimaven/demoproc-jni/1.0/demoproc-jni-1.0.jar:/users/Xinying/.m2/repository/ch/qos/logback/logback-core/1.2.3/logback-core-1.2.3.jar:/users/Xinying/.m2/repository/org/codehaus/jackson/jackson-mapper-asl/1.9.4/jackson-mapper-asl-1.9.4.jar:/users/Xinying/.m2/repository/org/slf4j/slf4j-simple/1.7.25/slf4j-simple-1.7.25.jar:/users/Xinying/.m2/repository/org/codehaus/jackson/jackson-core-asl/1.9.4/jackson-core-asl-1.9.4.jar:/users/Xinying/ozonedb/ycsb/core/target/core-0.18.0-SNAPSHOT.jar site.ycsb.Client -db site.ycsb.db.OzoneDBClient -threads 1 -s -P /users/Xinying/ozonedb/ycsb/workloads/generated_workloads/workloadf_1KB_1000000_1000000 -p status.interval=1 -p maxexecutiontime=90 -p operationcount=0 -p shared_config=/tmp/phase1_ozonedb_configs/shared_config_SHARED_workloadf_p16_r1_proc13.json -t
# shared_work_path=/tank/ycsb_data/multi-proc-run/shared_ozonedb  proc_id=13/16
Command line: -db site.ycsb.db.OzoneDBClient -threads 1 -s -P /users/Xinying/ozonedb/ycsb/workloads/generated_workloads/workloadf_1KB_1000000_1000000 -p status.interval=1 -p maxexecutiontime=90 -p operationcount=0 -p shared_config=/tmp/phase1_ozonedb_configs/shared_config_SHARED_workloadf_p16_r1_proc13.json -t
YCSB Client 0.18.0-SNAPSHOT

Loading workload...
Starting test.
SLF4J: Class path contains multiple SLF4J bindings.
SLF4J: Found binding in [jar:file:/users/Xinying/.m2/repository/ch/qos/logback/logback-classic/1.2.3/logback-classic-1.2.3.jar!/org/slf4j/impl/StaticLoggerBinder.class]
SLF4J: Found binding in [jar:file:/users/Xinying/.m2/repository/org/slf4j/slf4j-simple/1.7.25/slf4j-simple-1.7.25.jar!/org/slf4j/impl/StaticLoggerBinder.class]
SLF4J: See http://www.slf4j.org/codes.html#multiple_bindings for an explanation.
SLF4J: Actual binding is of type [ch.qos.logback.classic.util.ContextSelectorStaticBinder]
Maximum execution time specified as: 90 secs
2026-04-29 15:45:32:917 0 sec: 0 operations; 
Starting compaction watcher
DBWrapper: report latency for each error is false and specific error codes to track for latency are: []
2026-04-29 15:45:33:918 1 sec: 1389 operations; 1386.23 current ops/sec; [READ: Count=1389, Max=52671, Min=6, Avg=172.04, 90=199, 99=953, 99.9=7251, 99.99=52671] [READ-MODIFY-WRITE: Count=710, Max=193407, Min=202, Avg=905.3, 90=940, 99=3789, 99.9=193407, 99.99=193407] [UPDATE: Count=725, Max=123455, Min=178, Avg=634.16, 90=650, 99=2959, 99.9=123455, 99.99=123455] 
2026-04-29 15:45:34:917 2 sec: 4628 operations; 3245.49 current ops/sec; [READ: Count=3240, Max=16071, Min=5, Avg=112.74, 90=160, 99=266, 99.9=7791, 99.99=16071] [READ-MODIFY-WRITE: Count=1606, Max=52447, Min=181, Avg=488.04, 90=556, 99=2381, 99.9=10183, 99.99=52447] [UPDATE: Count=1593, Max=51679, Min=169, Avg=370.84, 90=407, 99=1331, 99.9=10063, 99.99=51679] 
2026-04-29 15:45:35:917 3 sec: 7382 operations; 2754 current ops/sec; [READ: Count=2757, Max=16863, Min=5, Avg=123.11, 90=173, 99=300, 99.9=9711, 99.99=16863] [READ-MODIFY-WRITE: Count=1393, Max=62143, Min=189, Avg=605.89, 90=689, 99=4831, 99.9=30815, 99.99=62143] [UPDATE: Count=1394, Max=61503, Min=174, Avg=457.91, 90=544, 99=2085, 99.9=25391, 99.99=61503] 
2026-04-29 15:45:36:917 4 sec: 11286 operations; 3904 current ops/sec; [READ: Count=3902, Max=8831, Min=5, Avg=95.6, 90=145, 99=216, 99.9=7835, 99.99=8831] [READ-MODIFY-WRITE: Count=1968, Max=9687, Min=180, Avg=410.32, 90=503, 99=752, 99.9=8783, 99.99=9687] [UPDATE: Count=1967, Max=8375, Min=165, Avg=310.19, 90=383, 99=562, 99.9=8287, 99.99=8375] 
2026-04-29 15:45:37:917 5 sec: 14834 operations; 3544.46 current ops/sec; [READ: Count=3546, Max=11727, Min=5, Avg=94.82, 90=149, 99=225, 99.9=7463, 99.99=11727] [READ-MODIFY-WRITE: Count=1856, Max=66047, Min=178, Avg=441.89, 90=520, 99=784, 99.9=8751, 99.99=66047] [UPDATE: Count=1858, Max=65791, Min=166, Avg=349.55, 90=390, 99=567, 99.9=8615, 99.99=65791] 
2026-04-29 15:45:38:919 6 sec: 17114 operations; 2275.45 current ops/sec; [READ: Count=2281, Max=9583, Min=5, Avg=96.62, 90=159, 99=307, 99.9=5803, 99.99=9583] [READ-MODIFY-WRITE: Count=1124, Max=112959, Min=182, Avg=784.94, 90=1344, 99=3347, 99.9=9207, 99.99=112959] [UPDATE: Count=1121, Max=107967, Min=169, Avg=689.6, 90=1147, 99=3083, 99.9=8967, 99.99=107967] 
2026-04-29 15:45:39:917 7 sec: 19925 operations; 2819.46 current ops/sec; [READ: Count=2811, Max=7511, Min=5, Avg=94.43, 90=158, 99=254, 99.9=5791, 99.99=7511] [READ-MODIFY-WRITE: Count=1438, Max=66367, Min=182, Avg=588.17, 90=662, 99=4311, 99.9=25247, 99.99=66367] [UPDATE: Count=1439, Max=66047, Min=171, Avg=500.34, 90=546, 99=4139, 99.9=24991, 99.99=66047] 
2026-04-29 15:45:40:917 8 sec: 23554 operations; 3629 current ops/sec; [READ: Count=3631, Max=59839, Min=5, Avg=103.24, 90=147, 99=226, 99.9=6895, 99.99=59839] [READ-MODIFY-WRITE: Count=1764, Max=66751, Min=184, Avg=439.57, 90=518, 99=980, 99.9=8487, 99.99=66751] [UPDATE: Count=1764, Max=66431, Min=168, Avg=346.57, 90=390, 99=603, 99.9=8247, 99.99=66431] 
2026-04-29 15:45:41:917 9 sec: 27562 operations; 4008 current ops/sec; [READ: Count=4009, Max=8519, Min=5, Avg=88.29, 90=149, 99=209, 99.9=6571, 99.99=8519] [READ-MODIFY-WRITE: Count=2011, Max=9159, Min=172, Avg=406.22, 90=524, 99=692, 99.9=7919, 99.99=9159] [UPDATE: Count=2011, Max=8967, Min=160, Avg=314.11, 90=395, 99=524, 99.9=7743, 99.99=8967] 
2026-04-29 15:45:42:917 10 sec: 31224 operations; 3662 current ops/sec; [READ: Count=3660, Max=12575, Min=5, Avg=91.6, 90=151, 99=222, 99.9=6631, 99.99=12575] [READ-MODIFY-WRITE: Count=1841, Max=62527, Min=175, Avg=443.21, 90=528, 99=806, 99.9=12487, 99.99=62527] [UPDATE: Count=1841, Max=62207, Min=164, Avg=353.19, 90=398, 99=575, 99.9=12239, 99.99=62207] 
2026-04-29 15:45:43:917 11 sec: 33954 operations; 2730 current ops/sec; [READ: Count=2730, Max=7627, Min=5, Avg=91.24, 90=155, 99=242, 99.9=7091, 99.99=7627] [READ-MODIFY-WRITE: Count=1343, Max=115071, Min=183, Avg=651.16, 90=857, 99=1509, 99.9=66047, 99.99=115071] [UPDATE: Count=1343, Max=114559, Min=171, Avg=551.25, 90=746, 99=1309, 99.9=66047, 99.99=114559] 
2026-04-29 15:45:44:917 12 sec: 37523 operations; 3569 current ops/sec; [READ: Count=3569, Max=8143, Min=5, Avg=98.94, 90=160, 99=246, 99.9=7067, 99.99=8143] [READ-MODIFY-WRITE: Count=1823, Max=11855, Min=181, Avg=449.17, 90=584, 99=1487, 99.9=8695, 99.99=11855] [UPDATE: Count=1823, Max=11575, Min=169, Avg=347.13, 90=455, 99=1255, 99.9=6151, 99.99=11575] 
2026-04-29 15:45:45:917 13 sec: 41194 operations; 3671 current ops/sec; [READ: Count=3670, Max=9903, Min=5, Avg=93.09, 90=155, 99=233, 99.9=6843, 99.99=9903] [READ-MODIFY-WRITE: Count=1821, Max=67839, Min=187, Avg=448.66, 90=533, 99=719, 99.9=7727, 99.99=67839] [UPDATE: Count=1821, Max=67519, Min=178, Avg=353.96, 90=401, 99=549, 99.9=7567, 99.99=67519] 
2026-04-29 15:45:46:917 14 sec: 45227 operations; 4033 current ops/sec; [READ: Count=4035, Max=7623, Min=5, Avg=92.36, 90=156, 99=239, 99.9=6283, 99.99=7623] [READ-MODIFY-WRITE: Count=2004, Max=7959, Min=176, Avg=399.37, 90=519, 99=697, 99.9=7231, 99.99=7959] [UPDATE: Count=2004, Max=7867, Min=163, Avg=305.59, 90=387, 99=514, 99.9=5087, 99.99=7867] 
2026-04-29 15:45:47:917 15 sec: 48979 operations; 3752 current ops/sec; [READ: Count=3750, Max=21887, Min=5, Avg=92.52, 90=157, 99=228, 99.9=7023, 99.99=21887] [READ-MODIFY-WRITE: Count=1872, Max=61343, Min=175, Avg=428.9, 90=529, 99=756, 99.9=7383, 99.99=61343] [UPDATE: Count=1871, Max=61151, Min=167, Avg=341.75, 90=397, 99=568, 99.9=5803, 99.99=61151] 
2026-04-29 15:45:48:917 16 sec: 51821 operations; 2842 current ops/sec; [READ: Count=2842, Max=13407, Min=5, Avg=93.02, 90=149, 99=245, 99.9=6995, 99.99=13407] [READ-MODIFY-WRITE: Count=1441, Max=109951, Min=171, Avg=601.81, 90=837, 99=2201, 99.9=13991, 99.99=109951] [UPDATE: Count=1441, Max=109695, Min=162, Avg=502.66, 90=727, 99=1593, 99.9=11127, 99.99=109695] 
2026-04-29 15:45:49:917 17 sec: 53678 operations; 1857 current ops/sec; [READ: Count=1856, Max=8215, Min=5, Avg=106.13, 90=182, 99=291, 99.9=4291, 99.99=8215] [READ-MODIFY-WRITE: Count=948, Max=9511, Min=281, Avg=943.95, 90=1490, 99=2323, 99.9=9511, 99.99=9511] [UPDATE: Count=947, Max=8607, Min=269, Avg=832.54, 90=1368, 99=1868, 99.9=8607, 99.99=8607] 
2026-04-29 15:45:50:917 18 sec: 57421 operations; 3743 current ops/sec; [READ: Count=3744, Max=8951, Min=5, Avg=93.19, 90=155, 99=233, 99.9=6959, 99.99=8951] [READ-MODIFY-WRITE: Count=1861, Max=68799, Min=164, Avg=438.26, 90=532, 99=818, 99.9=8127, 99.99=68799] [UPDATE: Count=1861, Max=68543, Min=155, Avg=343.42, 90=394, 99=587, 99.9=8011, 99.99=68543] 
2026-04-29 15:45:51:917 19 sec: 61298 operations; 3877 current ops/sec; [READ: Count=3876, Max=7839, Min=5, Avg=80.94, 90=142, 99=194, 99.9=5527, 99.99=7839] [READ-MODIFY-WRITE: Count=1976, Max=62335, Min=174, Avg=417.87, 90=491, 99=670, 99.9=18559, 99.99=62335] [UPDATE: Count=1976, Max=62079, Min=165, Avg=342.06, 90=367, 99=509, 99.9=18223, 99.99=62079] 
2026-04-29 15:45:52:917 20 sec: 64763 operations; 3465 current ops/sec; [READ: Count=3465, Max=8107, Min=5, Avg=93.49, 90=166, 99=249, 99.9=7511, 99.99=8107] [READ-MODIFY-WRITE: Count=1723, Max=70079, Min=181, Avg=493.13, 90=564, 99=935, 99.9=22687, 99.99=70079] [UPDATE: Count=1723, Max=69759, Min=169, Avg=387.54, 90=420, 99=623, 99.9=22415, 99.99=69759] 
2026-04-29 15:45:53:917 21 sec: 67774 operations; 3011 current ops/sec; [READ: Count=3012, Max=12111, Min=5, Avg=100.28, 90=168, 99=263, 99.9=7011, 99.99=12111] [READ-MODIFY-WRITE: Count=1484, Max=114367, Min=173, Avg=565.79, 90=585, 99=3555, 99.9=12647, 99.99=114367] [UPDATE: Count=1484, Max=113151, Min=164, Avg=465.46, 90=432, 99=3391, 99.9=12087, 99.99=113151] 
2026-04-29 15:45:54:917 22 sec: 68645 operations; 871 current ops/sec; [READ: Count=871, Max=1447, Min=6, Avg=96.96, 90=184, 99=839, 99.9=1447, 99.99=1447] [READ-MODIFY-WRITE: Count=427, Max=8887, Min=355, Avg=2225.01, 90=3985, 99=5159, 99.9=8887, 99.99=8887] [UPDATE: Count=428, Max=8535, Min=294, Avg=2134.4, 90=3893, 99=5007, 99.9=8535, 99.99=8535] 
2026-04-29 15:45:55:917 23 sec: 71227 operations; 2582 current ops/sec; [READ: Count=2583, Max=6919, Min=5, Avg=87.06, 90=158, 99=245, 99.9=5419, 99.99=6919] [READ-MODIFY-WRITE: Count=1326, Max=12615, Min=184, Avg=670.89, 90=1411, 99=3863, 99.9=9391, 99.99=12615] [UPDATE: Count=1326, Max=12471, Min=174, Avg=579.64, 90=1285, 99=3429, 99.9=9127, 99.99=12471] 
2026-04-29 15:45:56:917 24 sec: 75082 operations; 3855 current ops/sec; [READ: Count=3854, Max=11367, Min=5, Avg=88.61, 90=155, 99=250, 99.9=6211, 99.99=11367] [READ-MODIFY-WRITE: Count=1910, Max=62911, Min=174, Avg=434.43, 90=531, 99=807, 99.9=7219, 99.99=62911] [UPDATE: Count=1912, Max=62751, Min=165, Avg=339.59, 90=387, 99=586, 99.9=7095, 99.99=62751] 
2026-04-29 15:45:57:917 25 sec: 79044 operations; 3962 current ops/sec; [READ: Count=3962, Max=20095, Min=5, Avg=94.55, 90=161, 99=257, 99.9=6615, 99.99=20095] [READ-MODIFY-WRITE: Count=2011, Max=10719, Min=176, Avg=394.7, 90=524, 99=856, 99.9=7119, 99.99=10719] [UPDATE: Count=2009, Max=10471, Min=167, Avg=306.29, 90=388, 99=656, 99.9=1193, 99.99=10471] 
2026-04-29 15:45:58:917 26 sec: 82258 operations; 3214 current ops/sec; [READ: Count=3214, Max=7635, Min=5, Avg=88.02, 90=157, 99=242, 99.9=6083, 99.99=7635] [READ-MODIFY-WRITE: Count=1632, Max=86975, Min=171, Avg=520.56, 90=571, 99=1237, 99.9=70847, 99.99=86975] [UPDATE: Count=1633, Max=86975, Min=162, Avg=434.43, 90=423, 99=1097, 99.9=70719, 99.99=86975] 
2026-04-29 15:45:59:917 27 sec: 85041 operations; 2783 current ops/sec; [READ: Count=2783, Max=7803, Min=5, Avg=99.78, 90=180, 99=293, 99.9=4619, 99.99=7803] [READ-MODIFY-WRITE: Count=1364, Max=8111, Min=180, Avg=629.48, 90=1031, 99=1653, 99.9=7191, 99.99=8111] [UPDATE: Count=1364, Max=6035, Min=171, Avg=523.74, 90=907, 99=1375, 99.9=2201, 99.99=6035] 
2026-04-29 15:46:00:917 28 sec: 88983 operations; 3942 current ops/sec; [READ: Count=3942, Max=15383, Min=5, Avg=96.45, 90=167, 99=260, 99.9=6591, 99.99=15383] [READ-MODIFY-WRITE: Count=1946, Max=15839, Min=162, Avg=391.52, 90=527, 99=722, 99.9=7651, 99.99=15839] [UPDATE: Count=1944, Max=6895, Min=154, Avg=290.26, 90=377, 99=510, 99.9=6699, 99.99=6895] 
2026-04-29 15:46:01:838 - NewTail completed: 
2026-04-29 15:46:01:917 29 sec: 93237 operations; 4254 current ops/sec; [READ: Count=4255, Max=18239, Min=6, Avg=90.03, 90=152, 99=243, 99.9=6715, 99.99=18239] [READ-MODIFY-WRITE: Count=2063, Max=57631, Min=160, Avg=394.14, 90=512, 99=712, 99.9=7235, 99.99=57631] [UPDATE: Count=2066, Max=57503, Min=152, Avg=315.88, 90=384, 99=534, 99.9=3669, 99.99=57503] 
2026-04-29 15:46:02:917 30 sec: 97126 operations; 3889 current ops/sec; [READ: Count=3889, Max=13903, Min=6, Avg=95.5, 90=165, 99=274, 99.9=8175, 99.99=13903] [READ-MODIFY-WRITE: Count=2003, Max=12087, Min=169, Avg=397.67, 90=542, 99=725, 99.9=7543, 99.99=12087] [UPDATE: Count=2000, Max=11911, Min=160, Avg=309.31, 90=398, 99=532, 99.9=695, 99.99=11911] 
2026-04-29 15:46:03:917 31 sec: 100982 operations; 3856 current ops/sec; [READ: Count=3855, Max=7067, Min=6, Avg=96.17, 90=165, 99=260, 99.9=6851, 99.99=7067] [READ-MODIFY-WRITE: Count=1905, Max=11175, Min=162, Avg=421.47, 90=559, 99=870, 99.9=7511, 99.99=11175] [UPDATE: Count=1905, Max=11023, Min=154, Avg=317.23, 90=413, 99=609, 99.9=6415, 99.99=11023] 
2026-04-29 15:46:04:917 32 sec: 103189 operations; 2207 current ops/sec; [READ: Count=2209, Max=4511, Min=6, Avg=93.54, 90=169, 99=333, 99.9=3033, 99.99=4511] [READ-MODIFY-WRITE: Count=1122, Max=107391, Min=172, Avg=807.84, 90=1147, 99=1591, 99.9=9615, 99.99=107391] [UPDATE: Count=1124, Max=107263, Min=162, Avg=714.48, 90=1013, 99=1388, 99.9=9543, 99.99=107263] 
2026-04-29 15:46:05:917 33 sec: 106799 operations; 3610 current ops/sec; [READ: Count=3608, Max=16991, Min=6, Avg=95.3, 90=161, 99=264, 99.9=6311, 99.99=16991] [READ-MODIFY-WRITE: Count=1824, Max=72319, Min=174, Avg=455.27, 90=542, 99=857, 99.9=17503, 99.99=72319] [UPDATE: Count=1824, Max=72255, Min=164, Avg=354.79, 90=398, 99=584, 99.9=12327, 99.99=72255] 
2026-04-29 15:46:06:917 34 sec: 110446 operations; 3647 current ops/sec; [READ: Count=3647, Max=7331, Min=5, Avg=92.84, 90=169, 99=285, 99.9=6411, 99.99=7331] [READ-MODIFY-WRITE: Count=1799, Max=70335, Min=179, Avg=452.17, 90=563, 99=890, 99.9=14551, 99.99=70335] [UPDATE: Count=1798, Max=70207, Min=168, Avg=362.68, 90=410, 99=626, 99.9=14407, 99.99=70207] 
2026-04-29 15:46:07:917 35 sec: 114267 operations; 3821 current ops/sec; [READ: Count=3821, Max=8895, Min=6, Avg=100.58, 90=176, 99=289, 99.9=7999, 99.99=8895] [READ-MODIFY-WRITE: Count=1875, Max=9367, Min=174, Avg=427.88, 90=567, 99=859, 99.9=9023, 99.99=9367] [UPDATE: Count=1875, Max=9175, Min=163, Avg=323.03, 90=412, 99=578, 99.9=7987, 99.99=9175] 
2026-04-29 15:46:08:917 36 sec: 117780 operations; 3513 current ops/sec; [READ: Count=3513, Max=7371, Min=6, Avg=95.94, 90=181, 99=273, 99.9=5867, 99.99=7371] [READ-MODIFY-WRITE: Count=1741, Max=72895, Min=173, Avg=469.74, 90=574, 99=1002, 99.9=15191, 99.99=72895] [UPDATE: Count=1742, Max=72575, Min=161, Avg=375.6, 90=409, 99=668, 99.9=15119, 99.99=72575] 
2026-04-29 15:46:09:917 37 sec: 119707 operations; 1927 current ops/sec; [READ: Count=1927, Max=13055, Min=6, Avg=106.26, 90=184, 99=324, 99.9=6291, 99.99=13055] [READ-MODIFY-WRITE: Count=965, Max=106367, Min=174, Avg=926.99, 90=1194, 99=2751, 99.9=106367, 99.99=106367] [UPDATE: Count=964, Max=106175, Min=164, Avg=818.66, 90=1077, 99=2303, 99.9=106175, 99.99=106175] 
2026-04-29 15:46:10:917 38 sec: 123608 operations; 3901 current ops/sec; [READ: Count=3900, Max=8559, Min=6, Avg=87.37, 90=160, 99=262, 99.9=6343, 99.99=8559] [READ-MODIFY-WRITE: Count=1958, Max=13551, Min=165, Avg=425.83, 90=577, 99=1198, 99.9=8879, 99.99=13551] [UPDATE: Count=1958, Max=13535, Min=157, Avg=332.04, 90=421, 99=1010, 99.9=8775, 99.99=13535] 
2026-04-29 15:46:11:917 39 sec: 127619 operations; 4011 current ops/sec; [READ: Count=4013, Max=15655, Min=6, Avg=97.23, 90=163, 99=256, 99.9=7415, 99.99=15655] [READ-MODIFY-WRITE: Count=2064, Max=13911, Min=165, Avg=382.92, 90=522, 99=680, 99.9=7715, 99.99=13911] [UPDATE: Count=2065, Max=13687, Min=154, Avg=290.97, 90=375, 99=493, 99.9=1254, 99.99=13687] 
2026-04-29 15:46:12:917 40 sec: 131783 operations; 4164 current ops/sec; [READ: Count=4163, Max=9023, Min=6, Avg=92.73, 90=163, 99=281, 99.9=7579, 99.99=9023] [READ-MODIFY-WRITE: Count=2015, Max=14319, Min=162, Avg=395.27, 90=532, 99=767, 99.9=8327, 99.99=14319] [UPDATE: Count=2015, Max=14199, Min=151, Avg=300.1, 90=384, 99=527, 99.9=1741, 99.99=14199] 
2026-04-29 15:46:13:917 41 sec: 135592 operations; 3809 current ops/sec; [READ: Count=3809, Max=7443, Min=6, Avg=95.55, 90=173, 99=275, 99.9=6495, 99.99=7443] [READ-MODIFY-WRITE: Count=1885, Max=67263, Min=175, Avg=428.53, 90=539, 99=739, 99.9=6915, 99.99=67263] [UPDATE: Count=1884, Max=66943, Min=167, Avg=332.58, 90=391, 99=527, 99.9=5795, 99.99=66943] 
2026-04-29 15:46:14:917 42 sec: 137222 operations; 1630 current ops/sec; [READ: Count=1630, Max=12215, Min=6, Avg=109.85, 90=182, 99=353, 99.9=7319, 99.99=12215] [READ-MODIFY-WRITE: Count=833, Max=109695, Min=193, Avg=1094.58, 90=1990, 99=6299, 99.9=109695, 99.99=109695] [UPDATE: Count=833, Max=109247, Min=179, Avg=980, 90=1854, 99=5751, 99.9=109247, 99.99=109247] 
2026-04-29 15:46:15:917 43 sec: 140098 operations; 2876 current ops/sec; [READ: Count=2876, Max=9087, Min=6, Avg=104.46, 90=184, 99=330, 99.9=4819, 99.99=9087] [READ-MODIFY-WRITE: Count=1393, Max=7643, Min=181, Avg=601.65, 90=991, 99=1507, 99.9=6683, 99.99=7643] [UPDATE: Count=1394, Max=7535, Min=171, Avg=496.68, 90=858, 99=1293, 99.9=6471, 99.99=7535] 
2026-04-29 15:46:16:917 44 sec: 143813 operations; 3715 current ops/sec; [READ: Count=3717, Max=7811, Min=6, Avg=96.42, 90=169, 99=287, 99.9=6123, 99.99=7811] [READ-MODIFY-WRITE: Count=1830, Max=63103, Min=179, Avg=443.67, 90=559, 99=860, 99.9=6983, 99.99=63103] [UPDATE: Count=1829, Max=62911, Min=169, Avg=345.87, 90=402, 99=591, 99.9=6871, 99.99=62911] 
2026-04-29 15:46:17:917 45 sec: 147504 operations; 3691 current ops/sec; [READ: Count=3689, Max=7699, Min=6, Avg=96.93, 90=171, 99=283, 99.9=6787, 99.99=7699] [READ-MODIFY-WRITE: Count=1869, Max=68415, Min=184, Avg=429.4, 90=542, 99=722, 99.9=7491, 99.99=68415] [UPDATE: Count=1871, Max=68287, Min=173, Avg=338.65, 90=400, 99=522, 99.9=1069, 99.99=68287] 
2026-04-29 15:46:18:917 46 sec: 151033 operations; 3529 current ops/sec; [READ: Count=3529, Max=11175, Min=6, Avg=103.21, 90=174, 99=321, 99.9=7443, 99.99=11175] [READ-MODIFY-WRITE: Count=1828, Max=74751, Min=174, Avg=453.09, 90=549, 99=776, 99.9=11647, 99.99=74751] [UPDATE: Count=1827, Max=74495, Min=163, Avg=343.14, 90=400, 99=535, 99.9=671, 99.99=74495] 
2026-04-29 15:46:19:917 47 sec: 153159 operations; 2126 current ops/sec; [READ: Count=2126, Max=8583, Min=6, Avg=95.94, 90=169, 99=325, 99.9=5715, 99.99=8583] [READ-MODIFY-WRITE: Count=1113, Max=101759, Min=169, Avg=815.11, 90=1200, 99=2405, 99.9=69439, 99.99=101759] [UPDATE: Count=1112, Max=101311, Min=159, Avg=711.04, 90=1081, 99=2125, 99.9=69311, 99.99=101311] 
2026-04-29 15:46:20:917 48 sec: 156426 operations; 3267 current ops/sec; [READ: Count=3267, Max=6811, Min=6, Avg=97.15, 90=178, 99=317, 99.9=5503, 99.99=6811] [READ-MODIFY-WRITE: Count=1622, Max=15663, Min=175, Avg=522.39, 90=844, 99=1743, 99.9=7511, 99.99=15663] [UPDATE: Count=1622, Max=15471, Min=166, Avg=415.64, 90=727, 99=1527, 99.9=7367, 99.99=15471] 
2026-04-29 15:46:21:917 49 sec: 160134 operations; 3708 current ops/sec; [READ: Count=3708, Max=7887, Min=6, Avg=93.68, 90=168, 99=267, 99.9=6963, 99.99=7887] [READ-MODIFY-WRITE: Count=1873, Max=75839, Min=177, Avg=432.29, 90=541, 99=735, 99.9=7459, 99.99=75839] [UPDATE: Count=1874, Max=75647, Min=167, Avg=343.95, 90=398, 99=532, 99.9=6351, 99.99=75647] 
2026-04-29 15:46:22:917 50 sec: 163795 operations; 3661 current ops/sec; [READ: Count=3660, Max=14439, Min=6, Avg=103.39, 90=175, 99=319, 99.9=8079, 99.99=14439] [READ-MODIFY-WRITE: Count=1791, Max=76223, Min=174, Avg=451.72, 90=538, 99=775, 99.9=14775, 99.99=76223] [UPDATE: Count=1791, Max=76095, Min=165, Avg=342.11, 90=384, 99=517, 99.9=6391, 99.99=76095] 
2026-04-29 15:46:23:917 51 sec: 167494 operations; 3699 current ops/sec; [READ: Count=3701, Max=7851, Min=6, Avg=90.04, 90=168, 99=306, 99.9=6107, 99.99=7851] [READ-MODIFY-WRITE: Count=1863, Max=76607, Min=187, Avg=452.49, 90=541, 99=824, 99.9=19871, 99.99=76607] [UPDATE: Count=1863, Max=76479, Min=176, Avg=353.57, 90=392, 99=557, 99.9=19647, 99.99=76479] 
2026-04-29 15:46:24:917 52 sec: 169795 operations; 2301 current ops/sec; [READ: Count=2300, Max=12311, Min=6, Avg=111.61, 90=196, 99=340, 99.9=6703, 99.99=12311] [READ-MODIFY-WRITE: Count=1167, Max=111295, Min=185, Avg=742.47, 90=1096, 99=1969, 99.9=65855, 99.99=111295] [UPDATE: Count=1166, Max=110847, Min=176, Avg=631.46, 90=940, 99=1739, 99.9=65663, 99.99=110847] 
2026-04-29 15:46:25:917 53 sec: 172471 operations; 2676 current ops/sec; [READ: Count=2676, Max=6951, Min=6, Avg=94.44, 90=178, 99=343, 99.9=5171, 99.99=6951] [READ-MODIFY-WRITE: Count=1325, Max=6383, Min=173, Avg=653.63, 90=1325, 99=2159, 99.9=5547, 99.99=6383] [UPDATE: Count=1324, Max=4771, Min=162, Avg=558.87, 90=1202, 99=1899, 99.9=2669, 99.99=4771] 
2026-04-29 15:46:26:917 54 sec: 176144 operations; 3673 current ops/sec; [READ: Count=3674, Max=14167, Min=7, Avg=102.45, 90=182, 99=307, 99.9=6155, 99.99=14167] [READ-MODIFY-WRITE: Count=1857, Max=56127, Min=173, Avg=431.6, 90=564, 99=803, 99.9=8575, 99.99=56127] [UPDATE: Count=1858, Max=55935, Min=161, Avg=331.03, 90=393, 99=527, 99.9=8223, 99.99=55935] 
2026-04-29 15:46:27:917 55 sec: 179794 operations; 3650 current ops/sec; [READ: Count=3649, Max=17903, Min=6, Avg=104.86, 90=180, 99=339, 99.9=7155, 99.99=17903] [READ-MODIFY-WRITE: Count=1810, Max=64895, Min=169, Avg=450.88, 90=550, 99=825, 99.9=18287, 99.99=64895] [UPDATE: Count=1810, Max=64767, Min=157, Avg=336.35, 90=384, 99=521, 99.9=7423, 99.99=64767] 
2026-04-29 15:46:28:917 56 sec: 183122 operations; 3328 current ops/sec; [READ: Count=3329, Max=11935, Min=6, Avg=111.71, 90=204, 99=352, 99.9=8099, 99.99=11935] [READ-MODIFY-WRITE: Count=1667, Max=67967, Min=180, Avg=486.05, 90=611, 99=997, 99.9=12335, 99.99=67967] [UPDATE: Count=1667, Max=67839, Min=171, Avg=371.44, 90=413, 99=654, 99.9=12271, 99.99=67839] 
2026-04-29 15:46:29:917 57 sec: 185642 operations; 2520 current ops/sec; [READ: Count=2519, Max=7595, Min=7, Avg=96.41, 90=182, 99=335, 99.9=7091, 99.99=7595] [READ-MODIFY-WRITE: Count=1229, Max=109119, Min=164, Avg=702.56, 90=688, 99=5207, 99.9=11735, 99.99=109119] [UPDATE: Count=1228, Max=108799, Min=155, Avg=610.87, 90=493, 99=4983, 99.9=11655, 99.99=108799] 
2026-04-29 15:46:30:917 58 sec: 186340 operations; 698 current ops/sec; [READ: Count=698, Max=1268, Min=7, Avg=109.02, 90=197, 99=903, 99.9=1268, 99.99=1268] [READ-MODIFY-WRITE: Count=367, Max=5267, Min=533, Avg=2620.34, 90=4031, 99=4919, 99.9=5267, 99.99=5267] [UPDATE: Count=367, Max=5035, Min=443, Avg=2512.52, 90=3797, 99=4723, 99.9=5035, 99.99=5035] 
2026-04-29 15:46:31:917 59 sec: 187399 operations; 1059 current ops/sec; [READ: Count=1059, Max=3151, Min=7, Avg=109.86, 90=219, 99=456, 99.9=1513, 99.99=3151] [READ-MODIFY-WRITE: Count=510, Max=6779, Min=208, Avg=1798.47, 90=3409, 99=5035, 99.9=6779, 99.99=6779] [UPDATE: Count=510, Max=6567, Min=196, Avg=1691.23, 90=3303, 99=4839, 99.9=6567, 99.99=6567] 
2026-04-29 15:46:32:917 60 sec: 190689 operations; 3290 current ops/sec; [READ: Count=3290, Max=14431, Min=7, Avg=113.88, 90=202, 99=343, 99.9=7035, 99.99=14431] [READ-MODIFY-WRITE: Count=1636, Max=77247, Min=185, Avg=488.94, 90=605, 99=920, 99.9=11807, 99.99=77247] [UPDATE: Count=1636, Max=76927, Min=174, Avg=382.03, 90=421, 99=608, 99.9=11711, 99.99=76927] 
2026-04-29 15:46:33:917 61 sec: 194226 operations; 3537 current ops/sec; [READ: Count=3537, Max=14087, Min=7, Avg=104.12, 90=181, 99=318, 99.9=6999, 99.99=14087] [READ-MODIFY-WRITE: Count=1788, Max=70143, Min=173, Avg=460.41, 90=557, 99=806, 99.9=14527, 99.99=70143] [UPDATE: Count=1788, Max=70079, Min=162, Avg=345.11, 90=389, 99=549, 99.9=8423, 99.99=70079] 
2026-04-29 15:46:34:917 62 sec: 197013 operations; 2787 current ops/sec; [READ: Count=2787, Max=13335, Min=6, Avg=96.34, 90=172, 99=297, 99.9=7375, 99.99=13335] [READ-MODIFY-WRITE: Count=1407, Max=78335, Min=172, Avg=629.7, 90=665, 99=3929, 99.9=77951, 99.99=78335] [UPDATE: Count=1407, Max=78143, Min=161, Avg=526.82, 90=505, 99=3427, 99.9=77823, 99.99=78143] 
2026-04-29 15:46:35:917 63 sec: 199227 operations; 2214 current ops/sec; [READ: Count=2214, Max=6999, Min=7, Avg=101.03, 90=186, 99=370, 99.9=2953, 99.99=6999] [READ-MODIFY-WRITE: Count=1078, Max=17007, Min=179, Avg=821.37, 90=1454, 99=4043, 99.9=7355, 99.99=17007] [UPDATE: Count=1080, Max=16751, Min=167, Avg=714.21, 90=1294, 99=3891, 99.9=5803, 99.99=16751] 
2026-04-29 15:46:36:917 64 sec: 202843 operations; 3616 current ops/sec; [READ: Count=3616, Max=8583, Min=7, Avg=96.2, 90=176, 99=292, 99.9=6203, 99.99=8583] [READ-MODIFY-WRITE: Count=1842, Max=78527, Min=192, Avg=442.06, 90=550, 99=779, 99.9=8327, 99.99=78527] [UPDATE: Count=1841, Max=78335, Min=177, Avg=349.59, 90=392, 99=551, 99.9=7175, 99.99=78335] 
2026-04-29 15:46:37:917 65 sec: 206676 operations; 3833 current ops/sec; [READ: Count=3835, Max=13111, Min=7, Avg=93.72, 90=169, 99=308, 99.9=5779, 99.99=13111] [READ-MODIFY-WRITE: Count=1880, Max=66239, Min=174, Avg=429.58, 90=532, 99=747, 99.9=9423, 99.99=66239] [UPDATE: Count=1880, Max=66047, Min=162, Avg=336.12, 90=378, 99=497, 99.9=9215, 99.99=66047] 
2026-04-29 15:46:38:585 - Compaction started: 
2026-04-29 15:46:38:917 66 sec: 210071 operations; 3395 current ops/sec; [READ: Count=3393, Max=11991, Min=7, Avg=106.86, 90=204, 99=348, 99.9=6535, 99.99=11991] [READ-MODIFY-WRITE: Count=1677, Max=65919, Min=185, Avg=482.86, 90=617, 99=894, 99.9=9063, 99.99=65919] [UPDATE: Count=1678, Max=65855, Min=173, Avg=374.64, 90=427, 99=593, 99.9=8695, 99.99=65855] 
139943145776704:Compacting datalog/91 datalog/92 into:sstable1/bf173a22-bc58-485d-878a-172e426c6d71202604290945321777477598741921802.sst
2026-04-29 15:46:39:078 - Compaction completed: 
2026-04-29 15:46:39:917 67 sec: 212954 operations; 2883 current ops/sec; [READ: Count=2883, Max=15615, Min=7, Avg=109.28, 90=201, 99=370, 99.9=5887, 99.99=15615] [READ-MODIFY-WRITE: Count=1424, Max=104127, Min=182, Avg=578.7, 90=653, 99=1254, 99.9=78655, 99.99=104127] [UPDATE: Count=1422, Max=103743, Min=170, Avg=476.12, 90=466, 99=988, 99.9=78527, 99.99=103743] 
2026-04-29 15:46:40:917 68 sec: 215694 operations; 2740 current ops/sec; [READ: Count=2740, Max=6227, Min=7, Avg=105.29, 90=200, 99=378, 99.9=5131, 99.99=6227] [READ-MODIFY-WRITE: Count=1406, Max=6351, Min=191, Avg=606.13, 90=950, 99=1640, 99.9=5999, 99.99=6351] [UPDATE: Count=1406, Max=5819, Min=179, Avg=500.58, 90=819, 99=1402, 99.9=4431, 99.99=5819] 
2026-04-29 15:46:40:991 - Compaction started: 
139943145776704:Compacting datalog/93 datalog/94 into:sstable1/bf173a22-bc58-485d-878a-172e426c6d71202604290945321777477601110322927.sst
2026-04-29 15:46:41:447 - Compaction completed: 
2026-04-29 15:46:41:493 - Compaction started: 
2026-04-29 15:46:41:917 69 sec: 217944 operations; 2250 current ops/sec; [READ: Count=2251, Max=185471, Min=7, Avg=253.5, 90=180, 99=335, 99.9=7255, 99.99=185471] [READ-MODIFY-WRITE: Count=1094, Max=200831, Min=187, Avg=646.27, 90=559, 99=817, 99.9=66943, 99.99=200831] [UPDATE: Count=1096, Max=66623, Min=175, Avg=387.61, 90=400, 99=552, 99.9=15399, 99.99=66623] 
139943145776704:Compacting sstable1/d875d62c-a800-4120-81d0-6e56b94a79f3202604290945321777477588305508496.sst sstable1/bfc5a41f-850c-430f-a2d0-44378979e3fb202604290945321777477592140024766.sst into:sstable2/bf173a22-bc58-485d-878a-172e426c6d71202604290945321777477601951118410.sst
2026-04-29 15:46:42:547 - Compaction completed: 
2026-04-29 15:46:42:917 70 sec: 221357 operations; 3413 current ops/sec; [READ: Count=3412, Max=8131, Min=7, Avg=109.95, 90=204, 99=390, 99.9=6351, 99.99=8131] [READ-MODIFY-WRITE: Count=1681, Max=57055, Min=187, Avg=474.8, 90=604, 99=946, 99.9=22543, 99.99=57055] [UPDATE: Count=1680, Max=56959, Min=174, Avg=366.5, 90=410, 99=573, 99.9=22271, 99.99=56959] 
2026-04-29 15:46:43:000 - Compaction started: 
139943145776704:Compacting datalog/95 datalog/96 into:sstable1/bf173a22-bc58-485d-878a-172e426c6d71202604290945321777477603127190757.sst
2026-04-29 15:46:43:434 - Compaction completed: 
2026-04-29 15:46:43:917 71 sec: 225158 operations; 3801 current ops/sec; [READ: Count=3801, Max=14959, Min=7, Avg=100.58, 90=186, 99=310, 99.9=7563, 99.99=14959] [READ-MODIFY-WRITE: Count=1897, Max=17071, Min=184, Avg=416.14, 90=570, 99=787, 99.9=9095, 99.99=17071] [UPDATE: Count=1897, Max=16975, Min=172, Avg=321.1, 90=397, 99=525, 99.9=7375, 99.99=16975] 
2026-04-29 15:46:44:917 72 sec: 228389 operations; 3231 current ops/sec; [READ: Count=3231, Max=7063, Min=7, Avg=105.69, 90=198, 99=338, 99.9=5855, 99.99=7063] [READ-MODIFY-WRITE: Count=1657, Max=57407, Min=193, Avg=466.96, 90=603, 99=879, 99.9=7551, 99.99=57407] [UPDATE: Count=1656, Max=57279, Min=182, Avg=354.89, 90=415, 99=570, 99.9=2139, 99.99=57279] 
2026-04-29 15:46:45:107 - Compaction started: 
139943145776704:Compacting datalog/97 datalog/98 into:sstable1/bf173a22-bc58-485d-878a-172e426c6d71202604290945321777477605258862220.sst
2026-04-29 15:46:45:573 - Compaction completed: 
2026-04-29 15:46:45:615 - Compaction started: 
2026-04-29 15:46:45:917 73 sec: 229805 operations; 1416 current ops/sec; [READ: Count=1415, Max=182143, Min=7, Avg=255.25, 90=220, 99=476, 99.9=10159, 99.99=182143] [READ-MODIFY-WRITE: Count=732, Max=110591, Min=256, Avg=982.42, 90=1209, 99=3441, 99.9=110591, 99.99=110591] [UPDATE: Count=732, Max=110335, Min=235, Avg=837.26, 90=1058, 99=1507, 99.9=110335, 99.99=110335] 
139943145776704:Compacting sstable1/18716a66-5c14-425d-8c2a-8fab15f53419202604290945321777477594165102689.sst sstable1/d875d62c-a800-4120-81d0-6e56b94a79f3202604290945321777477596733051749.sst into:sstable2/bf173a22-bc58-485d-878a-172e426c6d71202604290945321777477606100341885.sst
2026-04-29 15:46:46:753 - Compaction completed: 
2026-04-29 15:46:46:917 74 sec: 233156 operations; 3351 current ops/sec; [READ: Count=3352, Max=172159, Min=7, Avg=156.01, 90=191, 99=371, 99.9=7159, 99.99=172159] [READ-MODIFY-WRITE: Count=1655, Max=184063, Min=178, Avg=552.71, 90=574, 99=901, 99.9=19103, 99.99=184063] [UPDATE: Count=1657, Max=18959, Min=167, Avg=334.01, 90=394, 99=561, 99.9=11743, 99.99=18959] 
2026-04-29 15:46:47:917 75 sec: 236968 operations; 3812 current ops/sec; [READ: Count=3812, Max=8671, Min=7, Avg=102.71, 90=183, 99=337, 99.9=6583, 99.99=8671] [READ-MODIFY-WRITE: Count=1920, Max=12287, Min=178, Avg=418.49, 90=572, 99=851, 99.9=8431, 99.99=12287] [UPDATE: Count=1918, Max=11895, Min=167, Avg=312.03, 90=392, 99=558, 99.9=8135, 99.99=11895] 
2026-04-29 15:46:48:917 76 sec: 240491 operations; 3523 current ops/sec; [READ: Count=3523, Max=8335, Min=8, Avg=114.74, 90=206, 99=372, 99.9=7699, 99.99=8335] [READ-MODIFY-WRITE: Count=1781, Max=18783, Min=190, Avg=442.1, 90=602, 99=852, 99.9=8327, 99.99=18783] [UPDATE: Count=1783, Max=18383, Min=179, Avg=329.3, 90=419, 99=541, 99.9=953, 99.99=18383] 
2026-04-29 15:46:49:917 77 sec: 243969 operations; 3478 current ops/sec; [READ: Count=3478, Max=6879, Min=8, Avg=101.18, 90=200, 99=377, 99.9=5691, 99.99=6879] [READ-MODIFY-WRITE: Count=1719, Max=57599, Min=181, Avg=478.03, 90=606, 99=1019, 99.9=13519, 99.99=57599] [UPDATE: Count=1718, Max=57503, Min=165, Avg=371.91, 90=411, 99=609, 99.9=13383, 99.99=57503] 
2026-04-29 15:46:50:917 78 sec: 245512 operations; 1543 current ops/sec; [READ: Count=1542, Max=4195, Min=8, Avg=113.17, 90=215, 99=513, 99.9=2281, 99.99=4195] [READ-MODIFY-WRITE: Count=750, Max=111679, Min=185, Avg=1203.78, 90=1772, 99=4835, 99.9=111679, 99.99=111679] [UPDATE: Count=749, Max=111487, Min=173, Avg=1081.83, 90=1618, 99=4567, 99.9=111487, 99.99=111487] 
2026-04-29 15:46:51:917 79 sec: 248878 operations; 3366 current ops/sec; [READ: Count=3367, Max=13151, Min=7, Avg=100.7, 90=181, 99=345, 99.9=6767, 99.99=13151] [READ-MODIFY-WRITE: Count=1709, Max=18815, Min=179, Avg=487.65, 90=770, 99=1500, 99.9=7435, 99.99=18815] [UPDATE: Count=1710, Max=18703, Min=166, Avg=388.17, 90=618, 99=1310, 99.9=7343, 99.99=18703] 
2026-04-29 15:46:52:917 80 sec: 252503 operations; 3625 current ops/sec; [READ: Count=3624, Max=8775, Min=7, Avg=105.33, 90=199, 99=339, 99.9=6879, 99.99=8775] [READ-MODIFY-WRITE: Count=1843, Max=19167, Min=182, Avg=444.74, 90=588, 99=852, 99.9=16295, 99.99=19167] [UPDATE: Count=1844, Max=18847, Min=171, Avg=330.32, 90=403, 99=533, 99.9=15903, 99.99=18847] 
2026-04-29 15:46:53:917 81 sec: 256711 operations; 4208 current ops/sec; [READ: Count=4209, Max=7723, Min=7, Avg=87.27, 90=166, 99=276, 99.9=6487, 99.99=7723] [READ-MODIFY-WRITE: Count=2017, Max=19231, Min=185, Avg=402.96, 90=529, 99=713, 99.9=8003, 99.99=19231] [UPDATE: Count=2017, Max=18959, Min=171, Avg=309.36, 90=372, 99=479, 99.9=7579, 99.99=18959] 
2026-04-29 15:46:54:917 82 sec: 260294 operations; 3583 current ops/sec; [READ: Count=3582, Max=8583, Min=8, Avg=107.89, 90=206, 99=368, 99.9=6479, 99.99=8583] [READ-MODIFY-WRITE: Count=1839, Max=13423, Min=180, Avg=439.71, 90=600, 99=856, 99.9=12479, 99.99=13423] [UPDATE: Count=1837, Max=13287, Min=168, Avg=325.73, 90=409, 99=544, 99.9=12415, 99.99=13287] 
2026-04-29 15:46:55:917 83 sec: 262128 operations; 1834 current ops/sec; [READ: Count=1835, Max=11311, Min=8, Avg=116.17, 90=203, 99=474, 99.9=6751, 99.99=11311] [READ-MODIFY-WRITE: Count=898, Max=115711, Min=178, Avg=1006.84, 90=1617, 99=3045, 99.9=115711, 99.99=115711] [UPDATE: Count=900, Max=115071, Min=165, Avg=876.27, 90=1471, 99=2133, 99.9=115071, 99.99=115071] 
2026-04-29 15:46:56:917 84 sec: 265176 operations; 3048 current ops/sec; [READ: Count=3047, Max=63679, Min=7, Avg=120.12, 90=193, 99=380, 99.9=5231, 99.99=63679] [READ-MODIFY-WRITE: Count=1482, Max=13935, Min=177, Avg=521.81, 90=854, 99=2041, 99.9=7151, 99.99=13935] [UPDATE: Count=1480, Max=13711, Min=166, Avg=420.15, 90=695, 99=1843, 99.9=6675, 99.99=13711] 
2026-04-29 15:46:57:917 85 sec: 268810 operations; 3634 current ops/sec; [READ: Count=3634, Max=11423, Min=8, Avg=112.33, 90=200, 99=399, 99.9=7303, 99.99=11423] [READ-MODIFY-WRITE: Count=1817, Max=21215, Min=169, Avg=445.57, 90=592, 99=925, 99.9=11855, 99.99=21215] [UPDATE: Count=1817, Max=21071, Min=158, Avg=321.55, 90=410, 99=530, 99.9=3865, 99.99=21071] 
2026-04-29 15:46:58:917 86 sec: 272317 operations; 3503.5 current ops/sec; [READ: Count=3507, Max=7655, Min=8, Avg=115.34, 90=217, 99=400, 99.9=7239, 99.99=7655] [READ-MODIFY-WRITE: Count=1728, Max=15007, Min=193, Avg=458.23, 90=631, 99=989, 99.9=8231, 99.99=15007] [UPDATE: Count=1728, Max=14911, Min=180, Avg=339.87, 90=429, 99=601, 99.9=7883, 99.99=14911] 
2026-04-29 15:46:59:917 87 sec: 276333 operations; 4020.02 current ops/sec; [READ: Count=4017, Max=12367, Min=7, Avg=98.25, 90=178, 99=352, 99.9=6275, 99.99=12367] [READ-MODIFY-WRITE: Count=2036, Max=12791, Min=175, Avg=393.32, 90=540, 99=821, 99.9=7175, 99.99=12791] [UPDATE: Count=2037, Max=9351, Min=164, Avg=292.86, 90=378, 99=509, 99.9=1684, 99.99=9351] 
2026-04-29 15:47:00:917 88 sec: 277727 operations; 1394 current ops/sec; [READ: Count=1394, Max=11247, Min=8, Avg=127.7, 90=235, 99=511, 99.9=6511, 99.99=11247] [READ-MODIFY-WRITE: Count=678, Max=110591, Min=206, Avg=1346.76, 90=3445, 99=6619, 99.9=110591, 99.99=110591] [UPDATE: Count=678, Max=109823, Min=191, Avg=1207.21, 90=3319, 99=5419, 99.9=109823, 99.99=109823] 
2026-04-29 15:47:01:916 89 sec: 278492 operations; 765 current ops/sec; [READ: Count=765, Max=1550, Min=8, Avg=118.21, 90=242, 99=882, 99.9=1550, 99.99=1550] [READ-MODIFY-WRITE: Count=371, Max=5207, Min=580, Avg=2566.54, 90=4039, 99=4907, 99.9=5207, 99.99=5207] [UPDATE: Count=370, Max=5047, Min=532, Avg=2450.52, 90=3905, 99=4655, 99.9=5047, 99.99=5047] 
Maximum time elapsed. Requesting stop for the workload.
Stop requested for workload. Now Joining!
[OZONEDB-PROFILE] reads=419637  avg_total=79.86us  view=7.78us(9.7%)  log=13.03us(16.3%)  sst=91.57us_per_call x 269474_calls(73.6%_of_total)
[OZONEDB-SST-PROFILE] level | time_total_ms | enters | range_rejects | table_gets | hits
[OZONEDB-SST-PROFILE] L1  |      6478.51 |  1146307 |        32171 |    1114136 |  70618
[OZONEDB-SST-PROFILE] L2  |      8292.58 |  1323073 |       121287 |    1201786 |  84913
[OZONEDB-SST-PROFILE] L3  |       732.42 |   227669 |       113726 |     113943 |   7382
[OZONEDB-SST-PROFILE] L4  |       722.00 |   212768 |       106209 |     106559 |   7841
[OZONEDB-SST-PROFILE] L5  |       679.19 |   197181 |        98466 |      98715 |   7484
[OZONEDB-SST-PROFILE] L6  |       650.71 |   182216 |        90983 |      91233 |   7597
[OZONEDB-SST-PROFILE] L7  |      6908.80 |   288921 |            8 |     288913 |  83639
[OZONEDB-TBL-PROFILE] file_filter_reject=2714922  block_filter_reject=30540  index_invalid=0  block_read_more=169425  hit_from_cache=100398  miss_after_read=349  found=269474
2026-04-29 15:47:02:917 90 sec: 279765 operations; 1273 current ops/sec; [READ: Count=1273, Max=1816, Min=8, Avg=106.86, 90=215, 99=474, 99.9=1279, 99.99=1816] [READ-MODIFY-WRITE: Count=637, Max=22543, Min=179, Avg=1452.71, 90=3131, 99=4799, 99.9=22543, 99.99=22543] [UPDATE: Count=638, Max=22319, Min=169, Avg=1349.18, 90=2981, 99=4655, 99.9=22319, 99.99=22319] 
2026-04-29 15:47:03:001 90 sec: 279768 operations; 35.29 current ops/sec; [READ: Count=2, Max=87, Min=82, Avg=84.5, 90=87, 99=87, 99.9=87, 99.99=87] [READ-MODIFY-WRITE: Count=1, Max=289, Min=289, Avg=289, 90=289, 99=289, 99.9=289, 99.99=289] [CLEANUP: Count=1, Max=83903, Min=83840, Avg=83872, 90=83903, 99=83903, 99.9=83903, 99.99=83903] [UPDATE: Count=0, Max=0, Min=0, Avg=0, 90=0, 99=0, 99.9=0, 99.99=0] 
[OVERALL], RunTime(ms), 90085
[OVERALL], Throughput(ops/sec), 3105.6002664150524
[TOTAL_GCS_PS_Scavenge], Count, 4
[TOTAL_GC_TIME_PS_Scavenge], Time(ms), 20
[TOTAL_GC_TIME_%_PS_Scavenge], Time(%), 0.022201254370871955
[TOTAL_GCS_PS_MarkSweep], Count, 0
[TOTAL_GC_TIME_PS_MarkSweep], Time(ms), 0
[TOTAL_GC_TIME_%_PS_MarkSweep], Time(%), 0.0
[TOTAL_GCs], Count, 4
[TOTAL_GC_TIME], Time(ms), 20
[TOTAL_GC_TIME_%], Time(%), 0.022201254370871955
[READ], Operations, 279768
[READ], AverageLatency(us), 102.47601941608761
[READ], MinLatency(us), 5
[READ], MaxLatency(us), 185471
[READ], 95thPercentileLatency(us), 209
[READ], 99thPercentileLatency(us), 324
[READ], Return=OK, 279768
[READ-MODIFY-WRITE], Operations, 139869
[READ-MODIFY-WRITE], AverageLatency(us), 535.1903280927153
[READ-MODIFY-WRITE], MinLatency(us), 160
[READ-MODIFY-WRITE], MaxLatency(us), 200831
[READ-MODIFY-WRITE], 95thPercentileLatency(us), 982
[READ-MODIFY-WRITE], 99thPercentileLatency(us), 3079
[CLEANUP], Operations, 1
[CLEANUP], AverageLatency(us), 83872.0
[CLEANUP], MinLatency(us), 83840
[CLEANUP], MaxLatency(us), 83903
[CLEANUP], 95thPercentileLatency(us), 83903
[CLEANUP], 99thPercentileLatency(us), 83903
[UPDATE], Operations, 139869
[UPDATE], AverageLatency(us), 430.46877435314474
[UPDATE], MinLatency(us), 151
[UPDATE], MaxLatency(us), 123455
[UPDATE], 95thPercentileLatency(us), 838
[UPDATE], 99thPercentileLatency(us), 2575
[UPDATE], Return=OK, 139869
	Command being timed: "/usr/lib/jvm/java-8-openjdk-amd64/bin/java -cp /users/Xinying/ozonedb/ycsb/ozonedb/conf:/users/Xinying/ozonedb/ycsb/ozonedb/target/ozonedb-binding-0.18.0-SNAPSHOT.jar:/users/Xinying/.m2/repository/org/apache/htrace/htrace-core4/4.1.0-incubating/htrace-core4-4.1.0-incubating.jar:/users/Xinying/.m2/repository/org/slf4j/slf4j-api/1.7.25/slf4j-api-1.7.25.jar:/users/Xinying/.m2/repository/org/hdrhistogram/HdrHistogram/2.1.12/HdrHistogram-2.1.12.jar:/users/Xinying/.m2/repository/ch/qos/logback/logback-classic/1.2.3/logback-classic-1.2.3.jar:/users/Xinying/.m2/repository/ozonedbjnimaven/demoproc-jni/1.0/demoproc-jni-1.0.jar:/users/Xinying/.m2/repository/ch/qos/logback/logback-core/1.2.3/logback-core-1.2.3.jar:/users/Xinying/.m2/repository/org/codehaus/jackson/jackson-mapper-asl/1.9.4/jackson-mapper-asl-1.9.4.jar:/users/Xinying/.m2/repository/org/slf4j/slf4j-simple/1.7.25/slf4j-simple-1.7.25.jar:/users/Xinying/.m2/repository/org/codehaus/jackson/jackson-core-asl/1.9.4/jackson-core-asl-1.9.4.jar:/users/Xinying/ozonedb/ycsb/core/target/core-0.18.0-SNAPSHOT.jar site.ycsb.Client -db site.ycsb.db.OzoneDBClient -threads 1 -s -P /users/Xinying/ozonedb/ycsb/workloads/generated_workloads/workloadf_1KB_1000000_1000000 -p status.interval=1 -p maxexecutiontime=90 -p operationcount=0 -p shared_config=/tmp/phase1_ozonedb_configs/shared_config_SHARED_workloadf_p16_r1_proc13.json -t"
	User time (seconds): 32.56
	System time (seconds): 36.59
	Percent of CPU this job got: 73%
	Elapsed (wall clock) time (h:mm:ss or m:ss): 1:33.70
	Average shared text size (kbytes): 0
	Average unshared data size (kbytes): 0
	Average stack size (kbytes): 0
	Average total size (kbytes): 0
	Maximum resident set size (kbytes): 5361832
	Average resident set size (kbytes): 0
	Major (requiring I/O) page faults: 360
	Minor (reclaiming a frame) page faults: 1408580
	Voluntary context switches: 513878
	Involuntary context switches: 2201
	Swaps: 0
	File system inputs: 9185569
	File system outputs: 1036812
	Socket messages sent: 0
	Socket messages received: 0
	Signals delivered: 0
	Page size (bytes): 4096
	Exit status: 0
