# CMD: /usr/bin/time -v /usr/lib/jvm/java-8-openjdk-amd64/bin/java -cp /users/Xinying/ozonedb/ycsb/ozonedb/conf:/users/Xinying/ozonedb/ycsb/ozonedb/target/ozonedb-binding-0.18.0-SNAPSHOT.jar:/users/Xinying/.m2/repository/org/apache/htrace/htrace-core4/4.1.0-incubating/htrace-core4-4.1.0-incubating.jar:/users/Xinying/.m2/repository/org/slf4j/slf4j-api/1.7.25/slf4j-api-1.7.25.jar:/users/Xinying/.m2/repository/org/hdrhistogram/HdrHistogram/2.1.12/HdrHistogram-2.1.12.jar:/users/Xinying/.m2/repository/ch/qos/logback/logback-classic/1.2.3/logback-classic-1.2.3.jar:/users/Xinying/.m2/repository/ozonedbjnimaven/demoproc-jni/1.0/demoproc-jni-1.0.jar:/users/Xinying/.m2/repository/ch/qos/logback/logback-core/1.2.3/logback-core-1.2.3.jar:/users/Xinying/.m2/repository/org/codehaus/jackson/jackson-mapper-asl/1.9.4/jackson-mapper-asl-1.9.4.jar:/users/Xinying/.m2/repository/org/slf4j/slf4j-simple/1.7.25/slf4j-simple-1.7.25.jar:/users/Xinying/.m2/repository/org/codehaus/jackson/jackson-core-asl/1.9.4/jackson-core-asl-1.9.4.jar:/users/Xinying/ozonedb/ycsb/core/target/core-0.18.0-SNAPSHOT.jar site.ycsb.Client -db site.ycsb.db.OzoneDBClient -threads 1 -s -P /users/Xinying/ozonedb/ycsb/workloads/generated_workloads/workloada_1KB_1000000_1000000 -p status.interval=1 -p maxexecutiontime=90 -p operationcount=0 -p shared_config=/tmp/phase1_ozonedb_configs/shared_config_SHARED_workloada_p4_r1_proc3.json -t
# shared_work_path=/tank/ycsb_data/multi-proc-run/shared_ozonedb  proc_id=3/4
Command line: -db site.ycsb.db.OzoneDBClient -threads 1 -s -P /users/Xinying/ozonedb/ycsb/workloads/generated_workloads/workloada_1KB_1000000_1000000 -p status.interval=1 -p maxexecutiontime=90 -p operationcount=0 -p shared_config=/tmp/phase1_ozonedb_configs/shared_config_SHARED_workloada_p4_r1_proc3.json -t
YCSB Client 0.18.0-SNAPSHOT

Loading workload...
Starting test.
SLF4J: Class path contains multiple SLF4J bindings.
SLF4J: Found binding in [jar:file:/users/Xinying/.m2/repository/ch/qos/logback/logback-classic/1.2.3/logback-classic-1.2.3.jar!/org/slf4j/impl/StaticLoggerBinder.class]
SLF4J: Found binding in [jar:file:/users/Xinying/.m2/repository/org/slf4j/slf4j-simple/1.7.25/slf4j-simple-1.7.25.jar!/org/slf4j/impl/StaticLoggerBinder.class]
SLF4J: See http://www.slf4j.org/codes.html#multiple_bindings for an explanation.
SLF4J: Actual binding is of type [ch.qos.logback.classic.util.ContextSelectorStaticBinder]
Maximum execution time specified as: 90 secs
2026-04-29 15:15:53:384 0 sec: 0 operations; 
Starting compaction watcher
DBWrapper: report latency for each error is false and specific error codes to track for latency are: []
2026-04-29 15:15:54:383 1 sec: 1318 operations; 1318 current ops/sec; [READ: Count=654, Max=48063, Min=7, Avg=318, 90=885, 99=1842, 99.9=48063, 99.99=48063] [UPDATE: Count=681, Max=128191, Min=167, Avg=736.48, 90=1175, 99=2787, 99.9=128191, 99.99=128191] 
2026-04-29 15:15:55:383 2 sec: 5068 operations; 3750 current ops/sec; [READ: Count=1879, Max=3447, Min=5, Avg=145.64, 90=138, 99=1395, 99.9=3349, 99.99=3447] [UPDATE: Count=1860, Max=3661, Min=159, Avg=376.6, 90=630, 99=2437, 99.9=3569, 99.99=3661] 
2026-04-29 15:15:55:757 - NewTail completed: 
2026-04-29 15:15:56:383 3 sec: 10370 operations; 5302 current ops/sec; [READ: Count=2574, Max=3553, Min=4, Avg=86.63, 90=124, 99=831, 99.9=2869, 99.99=3553] [UPDATE: Count=2729, Max=3861, Min=157, Avg=278.6, 90=321, 99=1059, 99.9=3437, 99.99=3861] 
2026-04-29 15:15:57:383 4 sec: 16564 operations; 6194 current ops/sec; [READ: Count=3100, Max=3349, Min=4, Avg=71.46, 90=120, 99=151, 99.9=2855, 99.99=3349] [UPDATE: Count=3091, Max=3979, Min=151, Avg=246.97, 90=299, 99=491, 99.9=2995, 99.99=3979] 
2026-04-29 15:15:58:162 - NewTail completed: 
2026-04-29 15:15:58:383 5 sec: 22995 operations; 6431 current ops/sec; [READ: Count=3263, Max=3553, Min=5, Avg=68.56, 90=120, 99=149, 99.9=2899, 99.99=3553] [UPDATE: Count=3168, Max=3183, Min=153, Avg=239.87, 90=295, 99=353, 99.9=3029, 99.99=3183] 
2026-04-29 15:15:59:383 6 sec: 28267 operations; 5272 current ops/sec; [READ: Count=2636, Max=3087, Min=5, Avg=72.53, 90=123, 99=155, 99.9=2573, 99.99=3087] [UPDATE: Count=2637, Max=84415, Min=153, Avg=301.71, 90=317, 99=810, 99.9=3165, 99.99=84415] 
2026-04-29 15:16:00:383 7 sec: 34593 operations; 6326 current ops/sec; [READ: Count=3134, Max=2971, Min=5, Avg=69.8, 90=122, 99=145, 99.9=2407, 99.99=2971] [UPDATE: Count=3195, Max=3171, Min=152, Avg=239.83, 90=297, 99=340, 99.9=2799, 99.99=3171] 
2026-04-29 15:16:00:662 - NewTail completed: 
2026-04-29 15:16:01:383 8 sec: 40940 operations; 6347 current ops/sec; [READ: Count=3184, Max=4099, Min=5, Avg=68.76, 90=124, 99=150, 99.9=2727, 99.99=4099] [UPDATE: Count=3161, Max=2981, Min=154, Avg=242.44, 90=301, 99=345, 99.9=2751, 99.99=2981] 
2026-04-29 15:16:02:383 9 sec: 47533 operations; 6593 current ops/sec; [READ: Count=3340, Max=3165, Min=5, Avg=69, 90=122, 99=147, 99.9=2899, 99.99=3165] [UPDATE: Count=3252, Max=3411, Min=153, Avg=231.66, 90=293, 99=335, 99.9=668, 99.99=3411] 
2026-04-29 15:16:03:383 10 sec: 53279 operations; 5746 current ops/sec; [READ: Count=2852, Max=6003, Min=5, Avg=69.82, 90=125, 99=156, 99.9=2647, 99.99=6003] [UPDATE: Count=2893, Max=97471, Min=151, Avg=271.91, 90=299, 99=354, 99.9=2997, 99.99=97471] 
2026-04-29 15:16:04:383 11 sec: 58225 operations; 4946 current ops/sec; [READ: Count=2514, Max=2951, Min=5, Avg=72.15, 90=128, 99=157, 99.9=2389, 99.99=2951] [UPDATE: Count=2435, Max=97727, Min=155, Avg=331.36, 90=483, 99=1099, 99.9=2471, 99.99=97727] 
2026-04-29 15:16:05:383 12 sec: 64732 operations; 6507 current ops/sec; [READ: Count=3312, Max=2603, Min=5, Avg=69.44, 90=125, 99=149, 99.9=2415, 99.99=2603] [UPDATE: Count=3193, Max=2879, Min=155, Avg=236.74, 90=296, 99=333, 99.9=2387, 99.99=2879] 
2026-04-29 15:16:05:469 - NewTail completed: 
2026-04-29 15:16:06:384 13 sec: 71157 operations; 6425 current ops/sec; [READ: Count=3235, Max=2665, Min=5, Avg=64.58, 90=124, 99=151, 99.9=613, 99.99=2665] [UPDATE: Count=3191, Max=4591, Min=156, Avg=244.63, 90=301, 99=345, 99.9=2923, 99.99=4591] 
2026-04-29 15:16:07:383 14 sec: 77455 operations; 6298 current ops/sec; [READ: Count=3089, Max=3337, Min=5, Avg=69.44, 90=125, 99=156, 99.9=2859, 99.99=3337] [UPDATE: Count=3212, Max=3427, Min=157, Avg=241.12, 90=303, 99=351, 99.9=1284, 99.99=3427] 
2026-04-29 15:16:07:777 - NewTail completed: 
2026-04-29 15:16:08:383 15 sec: 83806 operations; 6351 current ops/sec; [READ: Count=3165, Max=2715, Min=5, Avg=63.18, 90=123, 99=151, 99.9=464, 99.99=2715] [UPDATE: Count=3183, Max=39711, Min=150, Avg=248.37, 90=296, 99=365, 99.9=2385, 99.99=39711] 
2026-04-29 15:16:09:383 16 sec: 88995 operations; 5189 current ops/sec; [READ: Count=2612, Max=3199, Min=5, Avg=70.07, 90=126, 99=153, 99.9=2579, 99.99=3199] [UPDATE: Count=2578, Max=97215, Min=150, Avg=313.76, 90=385, 99=1004, 99.9=2681, 99.99=97215] 
2026-04-29 15:16:10:277 - NewTail completed: 
2026-04-29 15:16:10:383 17 sec: 95549 operations; 6554 current ops/sec; [READ: Count=3273, Max=3139, Min=5, Avg=67.82, 90=125, 99=154, 99.9=2523, 99.99=3139] [UPDATE: Count=3278, Max=4639, Min=147, Avg=234.29, 90=296, 99=341, 99.9=2555, 99.99=4639] 
2026-04-29 15:16:11:383 18 sec: 102111 operations; 6562 current ops/sec; [READ: Count=3316, Max=3259, Min=5, Avg=69.92, 90=127, 99=152, 99.9=2499, 99.99=3259] [UPDATE: Count=3244, Max=3043, Min=152, Avg=233.74, 90=296, 99=336, 99.9=399, 99.99=3043] 
2026-04-29 15:16:12:383 19 sec: 108717 operations; 6606 current ops/sec; [READ: Count=3299, Max=3207, Min=5, Avg=65.09, 90=126, 99=150, 99.9=2641, 99.99=3207] [UPDATE: Count=3307, Max=8831, Min=151, Avg=234.44, 90=294, 99=344, 99.9=2685, 99.99=8831] 
2026-04-29 15:16:12:483 - NewTail completed: 
2026-04-29 15:16:13:383 20 sec: 115202 operations; 6485 current ops/sec; [READ: Count=3256, Max=2689, Min=5, Avg=68.37, 90=127, 99=156, 99.9=2313, 99.99=2689] [UPDATE: Count=3230, Max=6715, Min=150, Avg=237.77, 90=298, 99=344, 99.9=2853, 99.99=6715] 
2026-04-29 15:16:14:383 21 sec: 120206 operations; 5004 current ops/sec; [READ: Count=2483, Max=3165, Min=5, Avg=71.02, 90=129, 99=163, 99.9=2921, 99.99=3165] [UPDATE: Count=2518, Max=98687, Min=151, Avg=323.17, 90=397, 99=1034, 99.9=2489, 99.99=98687] 
2026-04-29 15:16:15:383 22 sec: 126585 operations; 6379 current ops/sec; [READ: Count=3229, Max=2891, Min=5, Avg=70.87, 90=128, 99=154, 99.9=2499, 99.99=2891] [UPDATE: Count=3152, Max=3045, Min=154, Avg=242.49, 90=306, 99=350, 99.9=2673, 99.99=3045] 
2026-04-29 15:16:16:383 23 sec: 133054 operations; 6469 current ops/sec; [READ: Count=3245, Max=2983, Min=5, Avg=68.43, 90=128, 99=156, 99.9=2671, 99.99=2983] [UPDATE: Count=3226, Max=2915, Min=156, Avg=238.41, 90=304, 99=349, 99.9=2381, 99.99=2915] 
2026-04-29 15:16:17:383 24 sec: 139360 operations; 6306 current ops/sec; [READ: Count=3084, Max=3193, Min=5, Avg=68.73, 90=128, 99=157, 99.9=2715, 99.99=3193] [UPDATE: Count=3222, Max=3939, Min=153, Avg=241.92, 90=308, 99=350, 99.9=738, 99.99=3939] 
2026-04-29 15:16:18:383 25 sec: 145623 operations; 6263 current ops/sec; [READ: Count=3184, Max=3289, Min=5, Avg=69.35, 90=130, 99=169, 99.9=2205, 99.99=3289] [UPDATE: Count=3081, Max=5887, Min=156, Avg=249.99, 90=311, 99=387, 99.9=2733, 99.99=5887] 
2026-04-29 15:16:19:383 26 sec: 150426 operations; 4803 current ops/sec; [READ: Count=2366, Max=2935, Min=5, Avg=70.68, 90=132, 99=163, 99.9=2369, 99.99=2935] [UPDATE: Count=2431, Max=96255, Min=155, Avg=339.11, 90=520, 99=1015, 99.9=2837, 99.99=96255] 
2026-04-29 15:16:20:383 27 sec: 156037 operations; 5611 current ops/sec; [READ: Count=2749, Max=2875, Min=5, Avg=70.75, 90=136, 99=177, 99.9=929, 99.99=2875] [UPDATE: Count=2866, Max=2993, Min=159, Avg=278.35, 90=335, 99=937, 99.9=2787, 99.99=2993] 
2026-04-29 15:16:21:383 28 sec: 162295 operations; 6258 current ops/sec; [READ: Count=3058, Max=3261, Min=5, Avg=70.45, 90=133, 99=160, 99.9=2495, 99.99=3261] [UPDATE: Count=3199, Max=2941, Min=158, Avg=242.36, 90=311, 99=349, 99.9=553, 99.99=2941] 
2026-04-29 15:16:22:383 29 sec: 168594 operations; 6299 current ops/sec; [READ: Count=3146, Max=2967, Min=5, Avg=67.83, 90=132, 99=164, 99.9=2375, 99.99=2967] [UPDATE: Count=3150, Max=6283, Min=155, Avg=246.53, 90=311, 99=363, 99.9=2735, 99.99=6283] 
2026-04-29 15:16:23:383 30 sec: 174894 operations; 6300 current ops/sec; [READ: Count=3203, Max=2617, Min=5, Avg=69.29, 90=134, 99=166, 99.9=2083, 99.99=2617] [UPDATE: Count=3100, Max=8319, Min=160, Avg=248.21, 90=313, 99=364, 99.9=2539, 99.99=8319] 
2026-04-29 15:16:24:383 31 sec: 180058 operations; 5164 current ops/sec; [READ: Count=2579, Max=2701, Min=5, Avg=72.48, 90=135, 99=176, 99.9=2415, 99.99=2701] [UPDATE: Count=2582, Max=92287, Min=158, Avg=311.56, 90=332, 99=877, 99.9=3943, 99.99=92287] 
2026-04-29 15:16:25:383 32 sec: 185389 operations; 5331 current ops/sec; [READ: Count=2689, Max=2777, Min=5, Avg=70.8, 90=134, 99=165, 99.9=2475, 99.99=2777] [UPDATE: Count=2644, Max=7179, Min=154, Avg=303.45, 90=540, 99=873, 99.9=2795, 99.99=7179] 
2026-04-29 15:16:26:384 33 sec: 191739 operations; 6350 current ops/sec; [READ: Count=3149, Max=2461, Min=5, Avg=70.89, 90=135, 99=162, 99.9=2355, 99.99=2461] [UPDATE: Count=3202, Max=3387, Min=152, Avg=239.76, 90=309, 99=352, 99.9=2359, 99.99=3387] 
2026-04-29 15:16:27:383 34 sec: 198142 operations; 6403 current ops/sec; [READ: Count=3187, Max=4299, Min=5, Avg=70.16, 90=134, 99=165, 99.9=2877, 99.99=4299] [UPDATE: Count=3215, Max=3193, Min=149, Avg=238.4, 90=306, 99=354, 99.9=2935, 99.99=3193] 
2026-04-29 15:16:28:383 35 sec: 204457 operations; 6315 current ops/sec; [READ: Count=3169, Max=8271, Min=5, Avg=74.67, 90=136, 99=171, 99.9=2413, 99.99=8271] [UPDATE: Count=3146, Max=3003, Min=151, Avg=239.73, 90=308, 99=360, 99.9=2577, 99.99=3003] 
2026-04-29 15:16:29:383 36 sec: 210346 operations; 5889 current ops/sec; [READ: Count=2976, Max=2721, Min=5, Avg=68.05, 90=136, 99=171, 99.9=2435, 99.99=2721] [UPDATE: Count=2911, Max=3301, Min=151, Avg=240.81, 90=305, 99=359, 99.9=2607, 99.99=3301] 
2026-04-29 15:16:30:383 37 sec: 215655 operations; 5309 current ops/sec; [READ: Count=2683, Max=4395, Min=5, Avg=79.1, 90=145, 99=180, 99.9=2733, 99.99=4395] [UPDATE: Count=2628, Max=95231, Min=161, Avg=329.99, 90=384, 99=989, 99.9=3135, 99.99=95231] 
2026-04-29 15:16:31:383 38 sec: 221809 operations; 6154 current ops/sec; [READ: Count=3102, Max=3137, Min=5, Avg=72.39, 90=143, 99=171, 99.9=2415, 99.99=3137] [UPDATE: Count=3052, Max=2927, Min=156, Avg=250.89, 90=322, 99=366, 99.9=2567, 99.99=2927] 
2026-04-29 15:16:32:383 39 sec: 227932 operations; 6123 current ops/sec; [READ: Count=2987, Max=2435, Min=5, Avg=69.35, 90=138, 99=171, 99.9=2365, 99.99=2435] [UPDATE: Count=3135, Max=6787, Min=154, Avg=249.94, 90=317, 99=363, 99.9=2709, 99.99=6787] 
2026-04-29 15:16:33:383 40 sec: 234155 operations; 6223 current ops/sec; [READ: Count=3128, Max=3559, Min=5, Avg=72.85, 90=137, 99=177, 99.9=2303, 99.99=3559] [UPDATE: Count=3097, Max=8719, Min=155, Avg=246.44, 90=314, 99=368, 99.9=697, 99.99=8719] 
2026-04-29 15:16:34:383 41 sec: 240230 operations; 6075 current ops/sec; [READ: Count=3084, Max=2451, Min=5, Avg=69.84, 90=140, 99=173, 99.9=388, 99.99=2451] [UPDATE: Count=2990, Max=11343, Min=157, Avg=259.31, 90=324, 99=384, 99.9=2781, 99.99=11343] 
2026-04-29 15:16:35:383 42 sec: 244627 operations; 4397 current ops/sec; [READ: Count=2200, Max=2529, Min=5, Avg=68.48, 90=133, 99=170, 99.9=2319, 99.99=2529] [UPDATE: Count=2199, Max=93823, Min=157, Avg=383.46, 90=583, 99=1131, 99.9=2995, 99.99=93823] 
2026-04-29 15:16:36:383 43 sec: 250974 operations; 6347 current ops/sec; [READ: Count=3151, Max=2537, Min=5, Avg=68.75, 90=136, 99=167, 99.9=2449, 99.99=2537] [UPDATE: Count=3194, Max=3205, Min=156, Avg=242.4, 90=310, 99=350, 99.9=2583, 99.99=3205] 
2026-04-29 15:16:37:383 44 sec: 257271 operations; 6297 current ops/sec; [READ: Count=3160, Max=4059, Min=5, Avg=67.99, 90=133, 99=166, 99.9=1907, 99.99=4059] [UPDATE: Count=3136, Max=6831, Min=155, Avg=247.42, 90=310, 99=482, 99.9=3475, 99.99=6831] 
2026-04-29 15:16:38:383 45 sec: 263496 operations; 6225 current ops/sec; [READ: Count=3110, Max=8367, Min=5, Avg=75.01, 90=138, 99=170, 99.9=2673, 99.99=8367] [UPDATE: Count=3118, Max=2991, Min=159, Avg=243.15, 90=311, 99=361, 99.9=629, 99.99=2991] 
2026-04-29 15:16:39:383 46 sec: 269865 operations; 6369 current ops/sec; [READ: Count=3165, Max=2817, Min=5, Avg=67.23, 90=135, 99=162, 99.9=2423, 99.99=2817] [UPDATE: Count=3205, Max=3357, Min=159, Avg=242.71, 90=308, 99=361, 99.9=2793, 99.99=3357] 
2026-04-29 15:16:40:383 47 sec: 274707 operations; 4842 current ops/sec; [READ: Count=2402, Max=2743, Min=5, Avg=76.33, 90=143, 99=196, 99.9=2253, 99.99=2743] [UPDATE: Count=2438, Max=94911, Min=154, Avg=331.81, 90=412, 99=983, 99.9=2865, 99.99=94911] 
2026-04-29 15:16:41:383 48 sec: 280827 operations; 6120 current ops/sec; [READ: Count=3033, Max=2611, Min=5, Avg=72.41, 90=145, 99=174, 99.9=2263, 99.99=2611] [UPDATE: Count=3087, Max=3041, Min=154, Avg=249.75, 90=322, 99=376, 99.9=2667, 99.99=3041] 
2026-04-29 15:16:42:383 49 sec: 287197 operations; 6370 current ops/sec; [READ: Count=3232, Max=2889, Min=5, Avg=68.62, 90=139, 99=178, 99.9=2585, 99.99=2889] [UPDATE: Count=3136, Max=9919, Min=152, Avg=245.05, 90=314, 99=367, 99.9=2493, 99.99=9919] 
2026-04-29 15:16:43:383 50 sec: 293332 operations; 6135 current ops/sec; [READ: Count=3079, Max=8527, Min=5, Avg=77.25, 90=143, 99=187, 99.9=2129, 99.99=8527] [UPDATE: Count=3060, Max=3953, Min=151, Avg=246.27, 90=314, 99=383, 99.9=2367, 99.99=3953] 
2026-04-29 15:16:44:383 51 sec: 299360 operations; 6028 current ops/sec; [READ: Count=3009, Max=13511, Min=5, Avg=74.87, 90=141, 99=176, 99.9=2303, 99.99=13511] [UPDATE: Count=3019, Max=10519, Min=157, Avg=253.59, 90=322, 99=371, 99.9=2489, 99.99=10519] 
2026-04-29 15:16:45:383 52 sec: 303721 operations; 4361 current ops/sec; [READ: Count=2179, Max=2291, Min=5, Avg=72.45, 90=140, 99=205, 99.9=2087, 99.99=2291] [UPDATE: Count=2179, Max=94655, Min=159, Avg=383.19, 90=598, 99=1102, 99.9=1491, 99.99=94655] 
2026-04-29 15:16:46:383 53 sec: 310049 operations; 6328 current ops/sec; [READ: Count=3214, Max=2655, Min=5, Avg=68.35, 90=137, 99=170, 99.9=2141, 99.99=2655] [UPDATE: Count=3115, Max=3351, Min=159, Avg=247.77, 90=317, 99=361, 99.9=2859, 99.99=3351] 
2026-04-29 15:16:47:383 54 sec: 316364 operations; 6315 current ops/sec; [READ: Count=3191, Max=2811, Min=5, Avg=69.44, 90=137, 99=169, 99.9=2467, 99.99=2811] [UPDATE: Count=3124, Max=11239, Min=157, Avg=246.28, 90=312, 99=360, 99.9=2239, 99.99=11239] 
2026-04-29 15:16:48:383 55 sec: 322564 operations; 6200 current ops/sec; [READ: Count=3116, Max=8415, Min=5, Avg=71.12, 90=139, 99=173, 99.9=323, 99.99=8415] [UPDATE: Count=3087, Max=3949, Min=158, Avg=249.54, 90=315, 99=365, 99.9=2925, 99.99=3949] 
2026-04-29 15:16:49:383 56 sec: 328683 operations; 6119 current ops/sec; [READ: Count=2988, Max=3111, Min=5, Avg=72.41, 90=138, 99=173, 99.9=2737, 99.99=3111] [UPDATE: Count=3127, Max=12647, Min=156, Avg=247.5, 90=313, 99=363, 99.9=2475, 99.99=12647] 
2026-04-29 15:16:50:383 57 sec: 333786 operations; 5103 current ops/sec; [READ: Count=2590, Max=2583, Min=5, Avg=70.59, 90=139, 99=173, 99.9=2073, 99.99=2583] [UPDATE: Count=2516, Max=92223, Min=156, Avg=321.81, 90=369, 99=894, 99.9=2387, 99.99=92223] 
2026-04-29 15:16:51:383 58 sec: 340180 operations; 6394 current ops/sec; [READ: Count=3207, Max=3035, Min=5, Avg=67.69, 90=134, 99=166, 99.9=214, 99.99=3035] [UPDATE: Count=3185, Max=3371, Min=155, Avg=243.03, 90=312, 99=370, 99.9=2581, 99.99=3371] 
2026-04-29 15:16:52:383 59 sec: 346423 operations; 6243 current ops/sec; [READ: Count=3123, Max=8607, Min=5, Avg=70.23, 90=138, 99=175, 99.9=2461, 99.99=8607] [UPDATE: Count=3120, Max=13887, Min=153, Avg=247.46, 90=314, 99=375, 99.9=2525, 99.99=13887] 
2026-04-29 15:16:53:383 60 sec: 352739 operations; 6316 current ops/sec; [READ: Count=3159, Max=10807, Min=5, Avg=73.22, 90=137, 99=183, 99.9=2435, 99.99=10807] [UPDATE: Count=3157, Max=3593, Min=153, Avg=240.7, 90=309, 99=381, 99.9=2225, 99.99=3593] 
2026-04-29 15:16:54:383 61 sec: 359258 operations; 6519 current ops/sec; [READ: Count=3257, Max=2773, Min=5, Avg=66.27, 90=134, 99=175, 99.9=2449, 99.99=2773] [UPDATE: Count=3260, Max=14631, Min=154, Avg=237.69, 90=305, 99=358, 99.9=2493, 99.99=14631] 
2026-04-29 15:16:55:383 62 sec: 363679 operations; 4421 current ops/sec; [READ: Count=2199, Max=2513, Min=5, Avg=68.23, 90=139, 99=179, 99.9=2379, 99.99=2513] [UPDATE: Count=2222, Max=97535, Min=156, Avg=379.43, 90=587, 99=1141, 99.9=1992, 99.99=97535] 
2026-04-29 15:16:56:383 63 sec: 369964 operations; 6285 current ops/sec; [READ: Count=3121, Max=3487, Min=5, Avg=68.89, 90=138, 99=171, 99.9=2603, 99.99=3487] [UPDATE: Count=3165, Max=3987, Min=154, Avg=245.24, 90=314, 99=407, 99.9=2545, 99.99=3987] 
2026-04-29 15:16:57:383 64 sec: 376054 operations; 6090 current ops/sec; [READ: Count=3027, Max=8415, Min=5, Avg=73.17, 90=140, 99=175, 99.9=2567, 99.99=8415] [UPDATE: Count=3064, Max=15471, Min=155, Avg=251.17, 90=318, 99=379, 99.9=2543, 99.99=15471] 
2026-04-29 15:16:58:383 65 sec: 382411 operations; 6357 current ops/sec; [READ: Count=3180, Max=3325, Min=5, Avg=69.09, 90=137, 99=173, 99.9=2135, 99.99=3325] [UPDATE: Count=3177, Max=3535, Min=153, Avg=242.77, 90=309, 99=360, 99.9=3067, 99.99=3535] 
2026-04-29 15:16:59:383 66 sec: 388682 operations; 6271 current ops/sec; [READ: Count=3160, Max=2787, Min=6, Avg=71.23, 90=141, 99=174, 99.9=2543, 99.99=2787] [UPDATE: Count=3112, Max=16167, Min=155, Avg=246.3, 90=314, 99=371, 99.9=2595, 99.99=16167] 
2026-04-29 15:17:00:383 67 sec: 393768 operations; 5086 current ops/sec; [READ: Count=2531, Max=2859, Min=6, Avg=73.27, 90=142, 99=178, 99.9=2587, 99.99=2859] [UPDATE: Count=2552, Max=97343, Min=156, Avg=316.07, 90=369, 99=849, 99.9=2505, 99.99=97343] 
2026-04-29 15:17:01:383 68 sec: 399987 operations; 6219 current ops/sec; [READ: Count=2994, Max=2827, Min=6, Avg=68.91, 90=141, 99=170, 99.9=2533, 99.99=2827] [UPDATE: Count=3226, Max=3335, Min=158, Avg=243.4, 90=314, 99=362, 99.9=2781, 99.99=3335] 
2026-04-29 15:17:02:383 69 sec: 406350 operations; 6363 current ops/sec; [READ: Count=3200, Max=7751, Min=6, Avg=71.82, 90=137, 99=179, 99.9=2205, 99.99=7751] [UPDATE: Count=3162, Max=15743, Min=156, Avg=240.62, 90=307, 99=352, 99.9=2485, 99.99=15743] 
2026-04-29 15:17:03:383 70 sec: 412567 operations; 6217 current ops/sec; [READ: Count=3152, Max=12919, Min=6, Avg=75.96, 90=140, 99=183, 99.9=2675, 99.99=12919] [UPDATE: Count=3068, Max=2707, Min=156, Avg=245.17, 90=318, 99=388, 99.9=2103, 99.99=2707] 
2026-04-29 15:17:04:383 71 sec: 418707 operations; 6140 current ops/sec; [READ: Count=3063, Max=2683, Min=6, Avg=69.63, 90=143, 99=180, 99.9=1921, 99.99=2683] [UPDATE: Count=3075, Max=16959, Min=161, Avg=252.93, 90=320, 99=375, 99.9=2925, 99.99=16959] 
2026-04-29 15:17:05:383 72 sec: 423777 operations; 5070 current ops/sec; [READ: Count=2535, Max=2637, Min=6, Avg=70.97, 90=143, 99=178, 99.9=2269, 99.99=2637] [UPDATE: Count=2535, Max=93439, Min=162, Avg=320.67, 90=357, 99=946, 99.9=2805, 99.99=93439] 
2026-04-29 15:17:06:383 73 sec: 429348 operations; 5571 current ops/sec; [READ: Count=2789, Max=2901, Min=6, Avg=69.56, 90=141, 99=177, 99.9=2509, 99.99=2901] [UPDATE: Count=2782, Max=3027, Min=154, Avg=286.72, 90=469, 99=992, 99.9=1651, 99.99=3027] 
2026-04-29 15:17:06:660 - NewTail completed: 
2026-04-29 15:17:07:383 74 sec: 434934 operations; 5586 current ops/sec; [READ: Count=2730, Max=3189, Min=6, Avg=71.52, 90=142, 99=178, 99.9=2661, 99.99=3189] [UPDATE: Count=2857, Max=84351, Min=154, Avg=278.91, 90=316, 99=369, 99.9=6031, 99.99=84351] 
2026-04-29 15:17:08:383 75 sec: 441171 operations; 6237 current ops/sec; [READ: Count=3144, Max=2773, Min=6, Avg=71.62, 90=142, 99=183, 99.9=2289, 99.99=2773] [UPDATE: Count=3092, Max=8171, Min=156, Avg=247.66, 90=316, 99=373, 99.9=2695, 99.99=8171] 
2026-04-29 15:17:09:383 76 sec: 447326 operations; 6155 current ops/sec; [READ: Count=3083, Max=2961, Min=6, Avg=72.43, 90=144, 99=178, 99.9=2461, 99.99=2961] [UPDATE: Count=3072, Max=20607, Min=154, Avg=249.96, 90=314, 99=371, 99.9=3095, 99.99=20607] 
2026-04-29 15:17:10:383 77 sec: 452875 operations; 5549 current ops/sec; [READ: Count=2718, Max=2783, Min=6, Avg=70.43, 90=144, 99=182, 99.9=2343, 99.99=2783] [UPDATE: Count=2830, Max=91967, Min=156, Avg=283, 90=320, 99=642, 99.9=3167, 99.99=91967] 
2026-04-29 15:17:11:383 78 sec: 458742 operations; 5867 current ops/sec; [READ: Count=2973, Max=3053, Min=6, Avg=67.9, 90=145, 99=177, 99.9=210, 99.99=3053] [UPDATE: Count=2896, Max=2691, Min=155, Avg=272.5, 90=340, 99=946, 99.9=2655, 99.99=2691] 
2026-04-29 15:17:12:383 79 sec: 465031 operations; 6289 current ops/sec; [READ: Count=3149, Max=5743, Min=6, Avg=74.5, 90=142, 99=185, 99.9=2281, 99.99=5743] [UPDATE: Count=3140, Max=23151, Min=154, Avg=241.02, 90=307, 99=360, 99.9=2347, 99.99=23151] 
2026-04-29 15:17:13:383 80 sec: 471325 operations; 6294 current ops/sec; [READ: Count=3150, Max=13431, Min=6, Avg=77.15, 90=143, 99=186, 99.9=2367, 99.99=13431] [UPDATE: Count=3143, Max=3019, Min=152, Avg=238.12, 90=309, 99=361, 99.9=2563, 99.99=3019] 
2026-04-29 15:17:14:383 81 sec: 477467 operations; 6142 current ops/sec; [READ: Count=3054, Max=2905, Min=6, Avg=69.98, 90=143, 99=185, 99.9=2231, 99.99=2905] [UPDATE: Count=3088, Max=24927, Min=156, Avg=251.79, 90=321, 99=378, 99.9=2789, 99.99=24927] 
2026-04-29 15:17:15:383 82 sec: 483816 operations; 6349 current ops/sec; [READ: Count=3130, Max=3109, Min=6, Avg=69.08, 90=140, 99=182, 99.9=2451, 99.99=3109] [UPDATE: Count=3217, Max=3521, Min=157, Avg=239.74, 90=312, 99=361, 99.9=974, 99.99=3521] 
2026-04-29 15:17:16:383 83 sec: 488160 operations; 4344 current ops/sec; [READ: Count=2154, Max=2995, Min=6, Avg=68.95, 90=143, 99=180, 99.9=1119, 99.99=2995] [UPDATE: Count=2191, Max=98623, Min=151, Avg=387.36, 90=593, 99=1293, 99.9=2705, 99.99=98623] 
2026-04-29 15:17:17:383 84 sec: 494357 operations; 6197 current ops/sec; [READ: Count=3138, Max=5819, Min=6, Avg=72.59, 90=146, 99=189, 99.9=2261, 99.99=5819] [UPDATE: Count=3059, Max=25567, Min=151, Avg=249.43, 90=316, 99=371, 99.9=2839, 99.99=25567] 
2026-04-29 15:17:18:383 85 sec: 500727 operations; 6370 current ops/sec; [READ: Count=3259, Max=2711, Min=6, Avg=73.27, 90=147, 99=191, 99.9=2447, 99.99=2711] [UPDATE: Count=3112, Max=3243, Min=152, Avg=241.79, 90=312, 99=367, 99.9=2627, 99.99=3243] 
2026-04-29 15:17:19:383 86 sec: 506990 operations; 6263 current ops/sec; [READ: Count=3160, Max=2623, Min=6, Avg=70.27, 90=144, 99=179, 99.9=2155, 99.99=2623] [UPDATE: Count=3101, Max=25423, Min=152, Avg=247.4, 90=314, 99=364, 99.9=2875, 99.99=25423] 
2026-04-29 15:17:20:383 87 sec: 513423 operations; 6433 current ops/sec; [READ: Count=3242, Max=2937, Min=6, Avg=69.35, 90=144, 99=185, 99.9=748, 99.99=2937] [UPDATE: Count=3191, Max=3769, Min=153, Avg=240.57, 90=313, 99=370, 99.9=2959, 99.99=3769] 
2026-04-29 15:17:21:383 88 sec: 518275 operations; 4852 current ops/sec; [READ: Count=2417, Max=4467, Min=6, Avg=72.47, 90=147, 99=200, 99.9=2749, 99.99=4467] [UPDATE: Count=2435, Max=97023, Min=151, Avg=325.65, 90=419, 99=1008, 99.9=3135, 99.99=97023] 
2026-04-29 15:17:22:383 89 sec: 524460 operations; 6185 current ops/sec; [READ: Count=3060, Max=8463, Min=6, Avg=74.19, 90=145, 99=191, 99.9=2097, 99.99=8463] [UPDATE: Count=3128, Max=26015, Min=157, Avg=252.32, 90=319, 99=380, 99.9=2231, 99.99=26015] 
Maximum time elapsed. Requesting stop for the workload.
Stop requested for workload. Now Joining!
[OZONEDB-PROFILE] reads=530382  avg_total=69.33us  view=5.10us(7.4%)  log=5.52us(8.0%)  sst=89.02us_per_call x 348509_calls(84.4%_of_total)
[OZONEDB-SST-PROFILE] level | time_total_ms | enters | range_rejects | table_gets | hits
[OZONEDB-SST-PROFILE] L1  |      7260.56 |  1380216 |        81096 |    1299120 |  89892
[OZONEDB-SST-PROFILE] L2  |      6113.58 |  1074383 |       208410 |     865973 |  62831
[OZONEDB-SST-PROFILE] L3  |      1361.73 |   391215 |       195432 |     195783 |  12833
[OZONEDB-SST-PROFILE] L4  |      1383.28 |   365292 |       182343 |     182949 |  13317
[OZONEDB-SST-PROFILE] L5  |      1189.43 |   338813 |       169189 |     169624 |  12984
[OZONEDB-SST-PROFILE] L6  |      1147.69 |   312895 |       156245 |     156650 |  12933
[OZONEDB-SST-PROFILE] L7  |     12335.27 |   496779 |           12 |     496767 | 143719
[OZONEDB-TBL-PROFILE] file_filter_reject=2983891  block_filter_reject=34127  index_invalid=0  block_read_more=315093  hit_from_cache=33755  miss_after_read=339  found=348509
2026-04-29 15:17:23:383 90 sec: 530381 operations; 5921 current ops/sec; [READ: Count=2918, Max=2655, Min=6, Avg=73.02, 90=149, 99=191, 99.9=2481, 99.99=2655] [UPDATE: Count=3001, Max=12831, Min=163, Avg=259.16, 90=328, 99=412, 99.9=2779, 99.99=12831] 
2026-04-29 15:17:23:468 90 sec: 530382 operations; 11.9 current ops/sec; [READ: Count=0, Max=0, Min=0, Avg=0, 90=0, 99=0, 99.9=0, 99.99=0] [CLEANUP: Count=1, Max=83711, Min=83648, Avg=83680, 90=83711, 99=83711, 99.9=83711, 99.99=83711] [UPDATE: Count=0, Max=0, Min=0, Avg=0, 90=0, 99=0, 99.9=0, 99.99=0] 
[OVERALL], RunTime(ms), 90085
[OVERALL], Throughput(ops/sec), 5887.572847865905
[TOTAL_GCS_PS_Scavenge], Count, 7
[TOTAL_GC_TIME_PS_Scavenge], Time(ms), 24
[TOTAL_GC_TIME_%_PS_Scavenge], Time(%), 0.026641505245046344
[TOTAL_GCS_PS_MarkSweep], Count, 0
[TOTAL_GC_TIME_PS_MarkSweep], Time(ms), 0
[TOTAL_GC_TIME_%_PS_MarkSweep], Time(%), 0.0
[TOTAL_GCs], Count, 7
[TOTAL_GC_TIME], Time(ms), 24
[TOTAL_GC_TIME_%], Time(%), 0.026641505245046344
[READ], Operations, 265162
[READ], AverageLatency(us), 71.88491940775828
[READ], MinLatency(us), 4
[READ], MaxLatency(us), 48063
[READ], 95thPercentileLatency(us), 148
[READ], 99thPercentileLatency(us), 176
[READ], Return=OK, 265162
[CLEANUP], Operations, 1
[CLEANUP], AverageLatency(us), 83680.0
[CLEANUP], MinLatency(us), 83648
[CLEANUP], MaxLatency(us), 83711
[CLEANUP], 95thPercentileLatency(us), 83711
[CLEANUP], 99thPercentileLatency(us), 83711
[UPDATE], Operations, 265220
[UPDATE], AverageLatency(us), 263.15277505467157
[UPDATE], MinLatency(us), 147
[UPDATE], MaxLatency(us), 128191
[UPDATE], 95thPercentileLatency(us), 342
[UPDATE], 99thPercentileLatency(us), 716
[UPDATE], Return=OK, 265220
	Command being timed: "/usr/lib/jvm/java-8-openjdk-amd64/bin/java -cp /users/Xinying/ozonedb/ycsb/ozonedb/conf:/users/Xinying/ozonedb/ycsb/ozonedb/target/ozonedb-binding-0.18.0-SNAPSHOT.jar:/users/Xinying/.m2/repository/org/apache/htrace/htrace-core4/4.1.0-incubating/htrace-core4-4.1.0-incubating.jar:/users/Xinying/.m2/repository/org/slf4j/slf4j-api/1.7.25/slf4j-api-1.7.25.jar:/users/Xinying/.m2/repository/org/hdrhistogram/HdrHistogram/2.1.12/HdrHistogram-2.1.12.jar:/users/Xinying/.m2/repository/ch/qos/logback/logback-classic/1.2.3/logback-classic-1.2.3.jar:/users/Xinying/.m2/repository/ozonedbjnimaven/demoproc-jni/1.0/demoproc-jni-1.0.jar:/users/Xinying/.m2/repository/ch/qos/logback/logback-core/1.2.3/logback-core-1.2.3.jar:/users/Xinying/.m2/repository/org/codehaus/jackson/jackson-mapper-asl/1.9.4/jackson-mapper-asl-1.9.4.jar:/users/Xinying/.m2/repository/org/slf4j/slf4j-simple/1.7.25/slf4j-simple-1.7.25.jar:/users/Xinying/.m2/repository/org/codehaus/jackson/jackson-core-asl/1.9.4/jackson-core-asl-1.9.4.jar:/users/Xinying/ozonedb/ycsb/core/target/core-0.18.0-SNAPSHOT.jar site.ycsb.Client -db site.ycsb.db.OzoneDBClient -threads 1 -s -P /users/Xinying/ozonedb/ycsb/workloads/generated_workloads/workloada_1KB_1000000_1000000 -p status.interval=1 -p maxexecutiontime=90 -p operationcount=0 -p shared_config=/tmp/phase1_ozonedb_configs/shared_config_SHARED_workloada_p4_r1_proc3.json -t"
	User time (seconds): 31.57
	System time (seconds): 36.47
	Percent of CPU this job got: 74%
	Elapsed (wall clock) time (h:mm:ss or m:ss): 1:31.79
	Average shared text size (kbytes): 0
	Average unshared data size (kbytes): 0
	Average stack size (kbytes): 0
	Average total size (kbytes): 0
	Maximum resident set size (kbytes): 4253452
	Average resident set size (kbytes): 0
	Major (requiring I/O) page faults: 437
	Minor (reclaiming a frame) page faults: 1065678
	Voluntary context switches: 616399
	Involuntary context switches: 471
	Swaps: 0
	File system inputs: 7731079
	File system outputs: 607998
	Socket messages sent: 0
	Socket messages received: 0
	Signals delivered: 0
	Page size (bytes): 4096
	Exit status: 0
