# CMD: /usr/bin/time -v /usr/lib/jvm/java-8-openjdk-amd64/bin/java -cp /users/Xinying/ozonedb/ycsb/ozonedb/conf:/users/Xinying/ozonedb/ycsb/ozonedb/target/ozonedb-binding-0.18.0-SNAPSHOT.jar:/users/Xinying/.m2/repository/org/apache/htrace/htrace-core4/4.1.0-incubating/htrace-core4-4.1.0-incubating.jar:/users/Xinying/.m2/repository/org/slf4j/slf4j-api/1.7.25/slf4j-api-1.7.25.jar:/users/Xinying/.m2/repository/org/hdrhistogram/HdrHistogram/2.1.12/HdrHistogram-2.1.12.jar:/users/Xinying/.m2/repository/ch/qos/logback/logback-classic/1.2.3/logback-classic-1.2.3.jar:/users/Xinying/.m2/repository/ozonedbjnimaven/demoproc-jni/1.0/demoproc-jni-1.0.jar:/users/Xinying/.m2/repository/ch/qos/logback/logback-core/1.2.3/logback-core-1.2.3.jar:/users/Xinying/.m2/repository/org/codehaus/jackson/jackson-mapper-asl/1.9.4/jackson-mapper-asl-1.9.4.jar:/users/Xinying/.m2/repository/org/slf4j/slf4j-simple/1.7.25/slf4j-simple-1.7.25.jar:/users/Xinying/.m2/repository/org/codehaus/jackson/jackson-core-asl/1.9.4/jackson-core-asl-1.9.4.jar:/users/Xinying/ozonedb/ycsb/core/target/core-0.18.0-SNAPSHOT.jar site.ycsb.Client -db site.ycsb.db.OzoneDBClient -threads 1 -s -P /users/Xinying/ozonedb/ycsb/workloads/generated_workloads/workloadd_1KB_1000000_1000000 -p status.interval=1 -p maxexecutiontime=90 -p operationcount=0 -p shared_config=/tmp/phase1_ozonedb_configs/shared_config_SHARED_workloadd_p16_r1_proc3.json -t
# shared_work_path=/tank/ycsb_data/multi-proc-run/shared_ozonedb  proc_id=3/16
Command line: -db site.ycsb.db.OzoneDBClient -threads 1 -s -P /users/Xinying/ozonedb/ycsb/workloads/generated_workloads/workloadd_1KB_1000000_1000000 -p status.interval=1 -p maxexecutiontime=90 -p operationcount=0 -p shared_config=/tmp/phase1_ozonedb_configs/shared_config_SHARED_workloadd_p16_r1_proc3.json -t
YCSB Client 0.18.0-SNAPSHOT

Loading workload...
Starting test.
SLF4J: Class path contains multiple SLF4J bindings.
SLF4J: Found binding in [jar:file:/users/Xinying/.m2/repository/ch/qos/logback/logback-classic/1.2.3/logback-classic-1.2.3.jar!/org/slf4j/impl/StaticLoggerBinder.class]
SLF4J: Found binding in [jar:file:/users/Xinying/.m2/repository/org/slf4j/slf4j-simple/1.7.25/slf4j-simple-1.7.25.jar!/org/slf4j/impl/StaticLoggerBinder.class]
SLF4J: See http://www.slf4j.org/codes.html#multiple_bindings for an explanation.
SLF4J: Actual binding is of type [ch.qos.logback.classic.util.ContextSelectorStaticBinder]
Maximum execution time specified as: 90 secs
2026-04-29 15:38:57:123 0 sec: 0 operations; 
Starting compaction watcher
DBWrapper: report latency for each error is false and specific error codes to track for latency are: []
2026-04-29 15:38:58:123 1 sec: 6669 operations; 6669 current ops/sec; [READ: Count=5437, Max=48415, Min=4, Avg=75.23, 90=118, 99=267, 99.9=12199, 99.99=48415] [INSERT: Count=337, Max=19311, Min=184, Avg=562.28, 90=658, 99=7083, 99.9=19311, 99.99=19311] [READ-FAILED: Count=933, Max=7431, Min=33, Avg=76.1, 90=85, 99=172, 99.9=7431, 99.99=7431] 
2026-04-29 15:38:59:124 2 sec: 24412 operations; 17743 current ops/sec; [READ: Count=15784, Max=8687, Min=4, Avg=36.02, 90=95, 99=179, 99.9=559, 99.99=6483] [INSERT: Count=881, Max=65119, Min=164, Avg=355.82, 90=279, 99=858, 99.9=65119, 99.99=65119] [READ-FAILED: Count=1047, Max=363, Min=33, Avg=56.67, 90=73, 99=97, 99.9=178, 99.99=363] 
2026-04-29 15:39:00:123 3 sec: 43841 operations; 19429 current ops/sec; [READ: Count=14706, Max=9407, Min=4, Avg=36.65, 90=92, 99=155, 99.9=529, 99.99=4875] [INSERT: Count=982, Max=3373, Min=164, Avg=232.94, 90=265, 99=805, 99.9=3373, 99.99=3373] [READ-FAILED: Count=3753, Max=237, Min=32, Avg=51.94, 90=64, 99=87, 99.9=151, 99.99=237] 
2026-04-29 15:39:01:123 4 sec: 63105 operations; 19264 current ops/sec; [READ: Count=14861, Max=4799, Min=4, Avg=37.36, 90=95, 99=161, 99.9=657, 99.99=4619] [INSERT: Count=969, Max=10255, Min=162, Avg=231.25, 90=275, 99=350, 99.9=10255, 99.99=10255] [READ-FAILED: Count=3425, Max=196, Min=32, Avg=53.98, 90=70, 99=89, 99.9=170, 99.99=196] 
2026-04-29 15:39:02:123 5 sec: 83602 operations; 20497 current ops/sec; [READ: Count=15631, Max=3807, Min=4, Avg=36.33, 90=86, 99=140, 99.9=434, 99.99=3555] [INSERT: Count=982, Max=540, Min=163, Avg=210.52, 90=248, 99=311, 99.9=540, 99.99=540] [READ-FAILED: Count=3891, Max=210, Min=32, Avg=50.34, 90=60, 99=72, 99.9=98, 99.99=210] 
2026-04-29 15:39:03:123 6 sec: 99463 operations; 15861 current ops/sec; [READ: Count=11333, Max=2993, Min=4, Avg=38.73, 90=96, 99=155, 99.9=219, 99.99=2919] [INSERT: Count=813, Max=103103, Min=154, Avg=416, 90=476, 99=1082, 99.9=103103, 99.99=103103] [READ-FAILED: Count=3707, Max=321, Min=33, Avg=53.18, 90=68, 99=89, 99.9=128, 99.99=321] 
2026-04-29 15:39:04:123 7 sec: 119289 operations; 19826 current ops/sec; [READ: Count=15393, Max=3417, Min=4, Avg=36.66, 90=97, 99=163, 99.9=281, 99.99=3377] [INSERT: Count=963, Max=7127, Min=160, Avg=230.06, 90=271, 99=344, 99.9=7127, 99.99=7127] [READ-FAILED: Count=3472, Max=208, Min=34, Avg=52.91, 90=67, 99=87, 99.9=109, 99.99=208] 
2026-04-29 15:39:04:518 - NewTail completed: 
2026-04-29 15:39:05:123 8 sec: 137205 operations; 17916 current ops/sec; [READ: Count=13672, Max=3717, Min=4, Avg=41.21, 90=105, 99=174, 99.9=392, 99.99=3007] [INSERT: Count=911, Max=2243, Min=154, Avg=240.86, 90=289, 99=681, 99.9=2243, 99.99=2243] [READ-FAILED: Count=3333, Max=196, Min=33, Avg=56.96, 90=73, 99=92, 99.9=184, 99.99=196] 
2026-04-29 15:39:06:123 9 sec: 157171 operations; 19966 current ops/sec; [READ: Count=17495, Max=3425, Min=5, Avg=37.43, 90=103, 99=189, 99.9=355, 99.99=3173] [INSERT: Count=1019, Max=2769, Min=155, Avg=227.45, 90=272, 99=358, 99.9=1927, 99.99=2769] [READ-FAILED: Count=1454, Max=176, Min=35, Avg=56.93, 90=76, 99=96, 99.9=121, 99.99=176] 
2026-04-29 15:39:07:123 10 sec: 175673 operations; 18502 current ops/sec; [READ: Count=13986, Max=3355, Min=5, Avg=37.58, 90=99, 99=159, 99.9=536, 99.99=3129] [INSERT: Count=927, Max=17407, Min=165, Avg=270.87, 90=267, 99=363, 99.9=17407, 99.99=17407] [READ-FAILED: Count=3578, Max=2793, Min=33, Avg=54.77, 90=67, 99=91, 99.9=163, 99.99=2793] 
2026-04-29 15:39:08:123 11 sec: 193011 operations; 17338 current ops/sec; [READ: Count=13902, Max=2871, Min=4, Avg=35.77, 90=98, 99=163, 99.9=278, 99.99=2817] [INSERT: Count=850, Max=112511, Min=156, Avg=395.14, 90=321, 99=1011, 99.9=112511, 99.99=112511] [READ-FAILED: Count=2586, Max=323, Min=35, Avg=55.63, 90=71, 99=94, 99.9=165, 99.99=323] 
2026-04-29 15:39:09:123 12 sec: 212816 operations; 19805 current ops/sec; [READ: Count=15761, Max=45183, Min=5, Avg=37.28, 90=93, 99=157, 99.9=379, 99.99=3419] [INSERT: Count=989, Max=15775, Min=155, Avg=227.76, 90=251, 99=333, 99.9=15775, 99.99=15775] [READ-FAILED: Count=3064, Max=210, Min=34, Avg=53.54, 90=66, 99=88, 99.9=164, 99.99=210] 
2026-04-29 15:39:10:123 13 sec: 232724 operations; 19908 current ops/sec; [READ: Count=15679, Max=3157, Min=5, Avg=36.62, 90=99, 99=161, 99.9=277, 99.99=3109] [INSERT: Count=984, Max=5459, Min=158, Avg=220.14, 90=259, 99=339, 99.9=5459, 99.99=5459] [READ-FAILED: Count=3236, Max=234, Min=35, Avg=57.23, 90=72, 99=93, 99.9=151, 99.99=234] 
2026-04-29 15:39:11:125 14 sec: 253116 operations; 20351.3 current ops/sec; [READ: Count=16951, Max=4119, Min=5, Avg=33.32, 90=94, 99=160, 99.9=325, 99.99=3937] [INSERT: Count=973, Max=64543, Min=152, Avg=282.9, 90=263, 99=353, 99.9=64543, 99.99=64543] [READ-FAILED: Count=2466, Max=124, Min=35, Avg=55.26, 90=70, 99=90, 99.9=113, 99.99=124] 
2026-04-29 15:39:12:123 15 sec: 272225 operations; 19147.29 current ops/sec; [READ: Count=16501, Max=3381, Min=5, Avg=35.56, 90=102, 99=183, 99.9=323, 99.99=3349] [INSERT: Count=961, Max=4643, Min=157, Avg=237.85, 90=277, 99=352, 99.9=4643, 99.99=4643] [READ-FAILED: Count=1647, Max=169, Min=33, Avg=59.67, 90=80, 99=97, 99.9=142, 99.99=169] 
2026-04-29 15:39:13:123 16 sec: 290304 operations; 18079 current ops/sec; [READ: Count=16050, Max=3203, Min=5, Avg=34.84, 90=96, 99=179, 99.9=312, 99.99=3079] [INSERT: Count=930, Max=102783, Min=151, Avg=456.31, 90=419, 99=1241, 99.9=102783, 99.99=102783] [READ-FAILED: Count=1119, Max=176, Min=36, Avg=54.8, 90=67, 99=89, 99.9=166, 99.99=176] 
2026-04-29 15:39:14:123 17 sec: 310031 operations; 19727 current ops/sec; [READ: Count=14399, Max=3811, Min=5, Avg=36.14, 90=92, 99=143, 99.9=363, 99.99=3787] [INSERT: Count=950, Max=18607, Min=161, Avg=233.85, 90=259, 99=353, 99.9=18607, 99.99=18607] [READ-FAILED: Count=4363, Max=316, Min=35, Avg=53.83, 90=64, 99=79, 99.9=106, 99.99=316] 
2026-04-29 15:39:15:123 18 sec: 330542 operations; 20511 current ops/sec; [READ: Count=15528, Max=3631, Min=5, Avg=35.19, 90=94, 99=149, 99.9=322, 99.99=3539] [INSERT: Count=1013, Max=531, Min=153, Avg=210.79, 90=257, 99=327, 99.9=406, 99.99=531] [READ-FAILED: Count=3973, Max=168, Min=36, Avg=54.44, 90=65, 99=79, 99.9=108, 99.99=168] 
2026-04-29 15:39:16:123 19 sec: 350341 operations; 19799 current ops/sec; [READ: Count=15907, Max=5347, Min=5, Avg=36.02, 90=96, 99=160, 99.9=500, 99.99=4447] [INSERT: Count=970, Max=21199, Min=157, Avg=243.48, 90=264, 99=378, 99.9=21199, 99.99=21199] [READ-FAILED: Count=2927, Max=190, Min=36, Avg=57.64, 90=73, 99=94, 99.9=126, 99.99=190] 
2026-04-29 15:39:17:123 20 sec: 371134 operations; 20793 current ops/sec; [READ: Count=16690, Max=3717, Min=5, Avg=35.41, 90=92, 99=159, 99.9=310, 99.99=3481] [INSERT: Count=962, Max=12087, Min=154, Avg=229.4, 90=254, 99=367, 99.9=12087, 99.99=12087] [READ-FAILED: Count=3150, Max=160, Min=34, Avg=52.65, 90=63, 99=81, 99.9=99, 99.99=160] 
2026-04-29 15:39:18:123 21 sec: 388091 operations; 16957 current ops/sec; [READ: Count=12707, Max=3485, Min=5, Avg=35.59, 90=96, 99=151, 99.9=565, 99.99=3327] [INSERT: Count=830, Max=100671, Min=163, Avg=411.13, 90=482, 99=1281, 99.9=100671, 99.99=100671] [READ-FAILED: Count=3409, Max=181, Min=36, Avg=54.48, 90=69, 99=93, 99.9=124, 99.99=181] 
2026-04-29 15:39:19:123 22 sec: 408232 operations; 20141 current ops/sec; [READ: Count=15649, Max=3505, Min=5, Avg=36.29, 90=99, 99=162, 99.9=304, 99.99=3341] [INSERT: Count=960, Max=7423, Min=153, Avg=219.54, 90=261, 99=341, 99.9=7423, 99.99=7423] [READ-FAILED: Count=3528, Max=311, Min=36, Avg=56.14, 90=70, 99=94, 99.9=162, 99.99=311] 
2026-04-29 15:39:20:123 23 sec: 428980 operations; 20748 current ops/sec; [READ: Count=19015, Max=4163, Min=5, Avg=34.06, 90=97, 99=178, 99.9=332, 99.99=3335] [INSERT: Count=1026, Max=66751, Min=156, Avg=279.07, 90=261, 99=367, 99.9=998, 99.99=66751] [READ-FAILED: Count=713, Max=162, Min=35, Avg=60.98, 90=80, 99=97, 99.9=162, 99.99=162] 
2026-04-29 15:39:21:123 24 sec: 447852 operations; 18872 current ops/sec; [READ: Count=15789, Max=3803, Min=5, Avg=39.75, 90=107, 99=183, 99.9=285, 99.99=3499] [INSERT: Count=956, Max=392, Min=152, Avg=220.18, 90=269, 99=325, 99.9=392, 99.99=392] [READ-FAILED: Count=2125, Max=323, Min=38, Avg=65.09, 90=84, 99=105, 99.9=174, 99.99=323] 
2026-04-29 15:39:22:123 25 sec: 468264 operations; 20412 current ops/sec; [READ: Count=16559, Max=3637, Min=5, Avg=35.44, 90=96, 99=156, 99.9=299, 99.99=3635] [INSERT: Count=1025, Max=14511, Min=158, Avg=222.89, 90=251, 99=324, 99.9=368, 99.99=14511] [READ-FAILED: Count=2825, Max=175, Min=38, Avg=57.31, 90=69, 99=89, 99.9=132, 99.99=175] 
2026-04-29 15:39:23:123 26 sec: 485704 operations; 17440 current ops/sec; [READ: Count=12723, Max=3651, Min=5, Avg=36.71, 90=97, 99=149, 99.9=321, 99.99=3607] [INSERT: Count=918, Max=101951, Min=157, Avg=327.39, 90=250, 99=655, 99.9=101951, 99.99=101951] [READ-FAILED: Count=3802, Max=174, Min=36, Avg=55.84, 90=67, 99=82, 99.9=135, 99.99=174] 
2026-04-29 15:39:24:123 27 sec: 504546 operations; 18842 current ops/sec; [READ: Count=15646, Max=3431, Min=5, Avg=35.67, 90=94, 99=170, 99.9=359, 99.99=3385] [INSERT: Count=885, Max=67135, Min=158, Avg=332.01, 90=296, 99=995, 99.9=67135, 99.99=67135] [READ-FAILED: Count=2313, Max=343, Min=35, Avg=54.9, 90=66, 99=88, 99.9=113, 99.99=343] 
2026-04-29 15:39:25:123 28 sec: 524325 operations; 19779 current ops/sec; [READ: Count=15395, Max=3605, Min=5, Avg=36.79, 90=98, 99=154, 99.9=256, 99.99=3209] [INSERT: Count=994, Max=453, Min=161, Avg=214.25, 90=254, 99=329, 99.9=453, 99.99=453] [READ-FAILED: Count=3386, Max=196, Min=35, Avg=58.51, 90=71, 99=93, 99.9=115, 99.99=196] 
2026-04-29 15:39:26:123 29 sec: 542555 operations; 18230 current ops/sec; [READ: Count=14773, Max=8807, Min=5, Avg=35.91, 90=98, 99=162, 99.9=404, 99.99=3557] [INSERT: Count=942, Max=94207, Min=160, Avg=318.34, 90=258, 99=368, 99.9=94207, 99.99=94207] [READ-FAILED: Count=2517, Max=225, Min=37, Avg=59.42, 90=75, 99=99, 99.9=148, 99.99=225] 
2026-04-29 15:39:27:123 30 sec: 562521 operations; 19966 current ops/sec; [READ: Count=15286, Max=3153, Min=5, Avg=36.12, 90=97, 99=155, 99.9=326, 99.99=3071] [INSERT: Count=992, Max=1243, Min=162, Avg=217.65, 90=258, 99=354, 99.9=1243, 99.99=1243] [READ-FAILED: Count=3683, Max=936, Min=36, Avg=56.75, 90=68, 99=90, 99.9=209, 99.99=936] 
2026-04-29 15:39:28:123 31 sec: 581373 operations; 18852 current ops/sec; [READ: Count=13417, Max=3485, Min=5, Avg=37.93, 90=93, 99=141, 99.9=332, 99.99=3387] [INSERT: Count=977, Max=14903, Min=155, Avg=219.24, 90=246, 99=315, 99.9=14903, 99.99=14903] [READ-FAILED: Count=4452, Max=186, Min=38, Avg=55.69, 90=65, 99=78, 99.9=115, 99.99=186] 
2026-04-29 15:39:29:123 32 sec: 597951 operations; 16578 current ops/sec; [READ: Count=12056, Max=3265, Min=5, Avg=38.88, 90=100, 99=153, 99.9=258, 99.99=3107] [INSERT: Count=806, Max=107199, Min=157, Avg=382.08, 90=303, 99=1048, 99.9=107199, 99.99=107199] [READ-FAILED: Count=3724, Max=237, Min=37, Avg=57.05, 90=68, 99=90, 99.9=172, 99.99=237] 
2026-04-29 15:39:30:123 33 sec: 616468 operations; 18517 current ops/sec; [READ: Count=14275, Max=3583, Min=5, Avg=35.84, 90=95, 99=149, 99.9=393, 99.99=3337] [INSERT: Count=897, Max=89791, Min=155, Avg=312.11, 90=252, 99=322, 99.9=89791, 99.99=89791] [READ-FAILED: Count=3347, Max=337, Min=37, Avg=56.23, 90=67, 99=84, 99.9=133, 99.99=337] 
2026-04-29 15:39:31:123 34 sec: 636827 operations; 20359 current ops/sec; [READ: Count=18245, Max=3197, Min=5, Avg=37.4, 90=107, 99=188, 99.9=323, 99.99=3163] [INSERT: Count=992, Max=886, Min=160, Avg=222.76, 90=267, 99=347, 99.9=886, 99.99=886] [READ-FAILED: Count=1112, Max=282, Min=39, Avg=65.02, 90=84, 99=109, 99.9=172, 99.99=282] 
2026-04-29 15:39:32:123 35 sec: 654694 operations; 17867 current ops/sec; [READ: Count=13700, Max=3293, Min=5, Avg=41.78, 90=106, 99=177, 99.9=354, 99.99=2863] [INSERT: Count=889, Max=17279, Min=158, Avg=234.43, 90=254, 99=333, 99.9=17279, 99.99=17279] [READ-FAILED: Count=3283, Max=192, Min=38, Avg=60.73, 90=75, 99=100, 99.9=173, 99.99=192] 
2026-04-29 15:39:33:123 36 sec: 675544 operations; 20850 current ops/sec; [READ: Count=17151, Max=3527, Min=6, Avg=35.11, 90=94, 99=155, 99.9=266, 99.99=3135] [INSERT: Count=1046, Max=13943, Min=148, Avg=211.17, 90=241, 99=325, 99.9=479, 99.99=13943] [READ-FAILED: Count=2657, Max=188, Min=38, Avg=58.02, 90=71, 99=96, 99.9=117, 99.99=188] 
2026-04-29 15:39:34:123 37 sec: 691458 operations; 15914 current ops/sec; [READ: Count=12073, Max=3319, Min=6, Avg=40.12, 90=107, 99=166, 99.9=282, 99.99=3251] [INSERT: Count=852, Max=99775, Min=158, Avg=368.57, 90=326, 99=906, 99.9=99775, 99.99=99775] [READ-FAILED: Count=2988, Max=225, Min=39, Avg=61.22, 90=75, 99=96, 99.9=141, 99.99=225] 
2026-04-29 15:39:35:123 38 sec: 710475 operations; 19017 current ops/sec; [READ: Count=13924, Max=3081, Min=6, Avg=37.62, 90=99, 99=150, 99.9=377, 99.99=3013] [INSERT: Count=949, Max=17215, Min=154, Avg=216.5, 90=235, 99=316, 99.9=17215, 99.99=17215] [READ-FAILED: Count=4148, Max=205, Min=33, Avg=60.08, 90=72, 99=92, 99.9=137, 99.99=205] 
2026-04-29 15:39:36:123 39 sec: 729639 operations; 19164 current ops/sec; [READ: Count=14304, Max=3497, Min=6, Avg=39.01, 90=98, 99=146, 99.9=298, 99.99=3225] [INSERT: Count=922, Max=628, Min=157, Avg=201.53, 90=238, 99=309, 99.9=628, 99.99=628] [READ-FAILED: Count=3931, Max=191, Min=41, Avg=59.64, 90=71, 99=84, 99.9=125, 99.99=191] 
2026-04-29 15:39:37:123 40 sec: 747658 operations; 18019 current ops/sec; [READ: Count=14422, Max=5663, Min=6, Avg=38.68, 90=103, 99=165, 99.9=300, 99.99=3141] [INSERT: Count=895, Max=65215, Min=154, Avg=284.17, 90=254, 99=343, 99.9=65215, 99.99=65215] [READ-FAILED: Count=2702, Max=206, Min=40, Avg=61.71, 90=76, 99=101, 99.9=179, 99.99=206] 
2026-04-29 15:39:38:123 41 sec: 768010 operations; 20352 current ops/sec; [READ: Count=17714, Max=3095, Min=6, Avg=36.79, 90=104, 99=175, 99.9=271, 99.99=3021] [INSERT: Count=977, Max=491, Min=162, Avg=223.39, 90=264, 99=349, 99.9=491, 99.99=491] [READ-FAILED: Count=1668, Max=187, Min=43, Avg=64.42, 90=78, 99=104, 99.9=181, 99.99=187] 
2026-04-29 15:39:39:123 42 sec: 784736 operations; 16726 current ops/sec; [READ: Count=13400, Max=2809, Min=6, Avg=34.97, 90=97, 99=154, 99.9=228, 99.99=2789] [INSERT: Count=838, Max=99519, Min=149, Avg=434.26, 90=289, 99=828, 99.9=99519, 99.99=99519] [READ-FAILED: Count=2485, Max=211, Min=40, Avg=59.91, 90=72, 99=97, 99.9=176, 99.99=211] 
2026-04-29 15:39:40:123 43 sec: 803584 operations; 18848 current ops/sec; [READ: Count=15181, Max=3767, Min=6, Avg=40.79, 90=104, 99=180, 99.9=380, 99.99=3277] [INSERT: Count=972, Max=397, Min=149, Avg=202.79, 90=250, 99=311, 99.9=397, 99.99=397] [READ-FAILED: Count=2700, Max=172, Min=41, Avg=60.11, 90=74, 99=97, 99.9=127, 99.99=172] 
2026-04-29 15:39:40:866 - NewTail completed: 
2026-04-29 15:39:41:123 44 sec: 823006 operations; 19422 current ops/sec; [READ: Count=15013, Max=3251, Min=6, Avg=37.64, 90=99, 99=152, 99.9=331, 99.99=2973] [INSERT: Count=975, Max=911, Min=164, Avg=210.14, 90=250, 99=316, 99.9=911, 99.99=911] [READ-FAILED: Count=3426, Max=182, Min=41, Avg=60.67, 90=73, 99=93, 99.9=117, 99.99=182] 
2026-04-29 15:39:42:123 45 sec: 842423 operations; 19417 current ops/sec; [READ: Count=14226, Max=3751, Min=6, Avg=37.26, 90=96, 99=145, 99.9=230, 99.99=3427] [INSERT: Count=947, Max=472, Min=163, Avg=211.59, 90=250, 99=332, 99.9=472, 99.99=472] [READ-FAILED: Count=4248, Max=183, Min=41, Avg=58.44, 90=69, 99=86, 99.9=119, 99.99=183] 
2026-04-29 15:39:43:123 46 sec: 860939 operations; 18516 current ops/sec; [READ: Count=15012, Max=3879, Min=6, Avg=39.25, 90=105, 99=171, 99.9=276, 99.99=3165] [INSERT: Count=931, Max=14167, Min=163, Avg=234.53, 90=261, 99=320, 99.9=14167, 99.99=14167] [READ-FAILED: Count=2573, Max=327, Min=42, Avg=66.37, 90=84, 99=109, 99.9=156, 99.99=327] 
2026-04-29 15:39:44:123 47 sec: 876205 operations; 15266 current ops/sec; [READ: Count=12376, Max=3321, Min=6, Avg=42.46, 90=110, 99=183, 99.9=344, 99.99=3283] [INSERT: Count=764, Max=99903, Min=154, Avg=411.34, 90=447, 99=1257, 99.9=99903, 99.99=99903] [READ-FAILED: Count=2124, Max=171, Min=42, Avg=66.58, 90=87, 99=108, 99.9=150, 99.99=171] 
2026-04-29 15:39:45:123 48 sec: 894658 operations; 18453 current ops/sec; [READ: Count=14365, Max=3511, Min=6, Avg=38.83, 90=101, 99=166, 99.9=385, 99.99=3411] [INSERT: Count=948, Max=17439, Min=148, Avg=240.11, 90=252, 99=336, 99.9=17439, 99.99=17439] [READ-FAILED: Count=3140, Max=180, Min=41, Avg=61.55, 90=75, 99=95, 99.9=137, 99.99=180] 
2026-04-29 15:39:46:123 49 sec: 913778 operations; 19120 current ops/sec; [READ: Count=14297, Max=3333, Min=6, Avg=37.86, 90=99, 99=149, 99.9=390, 99.99=3233] [INSERT: Count=981, Max=4275, Min=156, Avg=205.91, 90=241, 99=333, 99.9=4275, 99.99=4275] [READ-FAILED: Count=3840, Max=342, Min=40, Avg=61.28, 90=73, 99=88, 99.9=145, 99.99=342] 
2026-04-29 15:39:46:771 - Compaction started: 
139696176862784:Compacting datalog/59 datalog/60 into:sstable1/b66073b7-bd69-484c-b00e-b82dc8a4800a202604290938571777477186933049138.sst
2026-04-29 15:39:46:969 - Compaction completed: 
2026-04-29 15:39:47:123 50 sec: 931170 operations; 17392 current ops/sec; [READ: Count=12977, Max=5939, Min=6, Avg=42.36, 90=105, 99=165, 99.9=1146, 99.99=3333] [INSERT: Count=904, Max=7911, Min=155, Avg=223.87, 90=250, 99=377, 99.9=7911, 99.99=7911] [READ-FAILED: Count=3515, Max=3335, Min=42, Avg=64.78, 90=78, 99=102, 99.9=143, 99.99=3335] 
2026-04-29 15:39:48:123 51 sec: 949949 operations; 18779 current ops/sec; [READ: Count=14275, Max=3323, Min=6, Avg=39.61, 90=99, 99=159, 99.9=286, 99.99=3255] [INSERT: Count=903, Max=1234, Min=157, Avg=213.43, 90=254, 99=371, 99.9=1234, 99.99=1234] [READ-FAILED: Count=3598, Max=323, Min=42, Avg=61.24, 90=74, 99=99, 99.9=167, 99.99=323] 
2026-04-29 15:39:49:123 52 sec: 966145 operations; 16196 current ops/sec; [READ: Count=13757, Max=3081, Min=6, Avg=38.73, 90=106, 99=177, 99.9=308, 99.99=3063] [INSERT: Count=800, Max=101695, Min=152, Avg=417.95, 90=355, 99=1110, 99.9=101695, 99.99=101695] [READ-FAILED: Count=1638, Max=2199, Min=41, Avg=69.67, 90=88, 99=111, 99.9=145, 99.99=2199] 
2026-04-29 15:39:50:123 53 sec: 984832 operations; 18687 current ops/sec; [READ: Count=13375, Max=3279, Min=6, Avg=38.88, 90=99, 99=148, 99.9=352, 99.99=3255] [INSERT: Count=947, Max=327, Min=157, Avg=205.05, 90=242, 99=294, 99.9=327, 99.99=327] [READ-FAILED: Count=4367, Max=179, Min=41, Avg=60.63, 90=71, 99=83, 99.9=101, 99.99=179] 
2026-04-29 15:39:51:123 54 sec: 1002562 operations; 17730 current ops/sec; [READ: Count=13235, Max=3615, Min=6, Avg=38.13, 90=99, 99=154, 99.9=320, 99.99=2941] [INSERT: Count=884, Max=67135, Min=158, Avg=285.97, 90=247, 99=325, 99.9=67135, 99.99=67135] [READ-FAILED: Count=3612, Max=183, Min=43, Avg=61.65, 90=74, 99=95, 99.9=112, 99.99=183] 
2026-04-29 15:39:52:123 55 sec: 1021266 operations; 18704 current ops/sec; [READ: Count=13708, Max=3275, Min=6, Avg=39.06, 90=96, 99=144, 99.9=244, 99.99=3039] [INSERT: Count=892, Max=7695, Min=161, Avg=219.57, 90=239, 99=313, 99.9=7695, 99.99=7695] [READ-FAILED: Count=4100, Max=332, Min=41, Avg=60.45, 90=71, 99=85, 99.9=170, 99.99=332] 
2026-04-29 15:39:53:123 56 sec: 1040003 operations; 18737 current ops/sec; [READ: Count=14523, Max=3285, Min=6, Avg=36.27, 90=96, 99=147, 99.9=306, 99.99=3257] [INSERT: Count=916, Max=64127, Min=164, Avg=278.41, 90=243, 99=326, 99.9=64127, 99.99=64127] [READ-FAILED: Count=3301, Max=177, Min=43, Avg=59.96, 90=70, 99=84, 99.9=98, 99.99=177] 
2026-04-29 15:39:54:123 57 sec: 1056899 operations; 16896 current ops/sec; [READ: Count=13829, Max=3431, Min=6, Avg=37.72, 90=102, 99=169, 99.9=336, 99.99=2895] [INSERT: Count=818, Max=100159, Min=150, Avg=377.39, 90=366, 99=1000, 99.9=100159, 99.99=100159] [READ-FAILED: Count=2247, Max=457, Min=44, Avg=67.32, 90=87, 99=123, 99.9=211, 99.99=457] 
2026-04-29 15:39:55:123 58 sec: 1074321 operations; 17422 current ops/sec; [READ: Count=13378, Max=3261, Min=6, Avg=38.48, 90=102, 99=160, 99.9=353, 99.99=3019] [INSERT: Count=878, Max=84671, Min=158, Avg=305, 90=254, 99=319, 99.9=84671, 99.99=84671] [READ-FAILED: Count=3165, Max=198, Min=43, Avg=62.39, 90=75, 99=96, 99.9=174, 99.99=198] 
2026-04-29 15:39:56:123 59 sec: 1092211 operations; 17890 current ops/sec; [READ: Count=15025, Max=3269, Min=6, Avg=43.22, 90=111, 99=194, 99.9=354, 99.99=2987] [INSERT: Count=908, Max=1947, Min=161, Avg=222.72, 90=265, 99=348, 99.9=1947, 99.99=1947] [READ-FAILED: Count=1958, Max=215, Min=43, Avg=65.24, 90=81, 99=116, 99.9=194, 99.99=215] 
2026-04-29 15:39:57:123 60 sec: 1109968 operations; 17757 current ops/sec; [READ: Count=12870, Max=4131, Min=6, Avg=40.65, 90=102, 99=152, 99.9=282, 99.99=3369] [INSERT: Count=909, Max=13207, Min=164, Avg=224.84, 90=253, 99=312, 99.9=13207, 99.99=13207] [READ-FAILED: Count=3979, Max=181, Min=44, Avg=63.35, 90=75, 99=93, 99.9=158, 99.99=181] 
2026-04-29 15:39:58:123 61 sec: 1127719 operations; 17751 current ops/sec; [READ: Count=13756, Max=3113, Min=6, Avg=41.07, 90=106, 99=176, 99.9=345, 99.99=2975] [INSERT: Count=866, Max=1072, Min=167, Avg=221.94, 90=269, 99=389, 99.9=1072, 99.99=1072] [READ-FAILED: Count=3125, Max=291, Min=44, Avg=69.27, 90=84, 99=163, 99.9=237, 99.99=291] 
2026-04-29 15:39:59:123 62 sec: 1143504 operations; 15785 current ops/sec; [READ: Count=12098, Max=3063, Min=6, Avg=40.61, 90=108, 99=166, 99.9=347, 99.99=2903] [INSERT: Count=779, Max=95359, Min=166, Avg=373.52, 90=319, 99=1106, 99.9=95359, 99.99=95359] [READ-FAILED: Count=2905, Max=1222, Min=44, Avg=67.11, 90=81, 99=115, 99.9=215, 99.99=1222] 
2026-04-29 15:40:00:123 63 sec: 1159933 operations; 16429 current ops/sec; [READ: Count=15288, Max=3145, Min=6, Avg=44.04, 90=116, 99=212, 99.9=433, 99.99=3003] [INSERT: Count=819, Max=100735, Min=160, Avg=353.32, 90=280, 99=388, 99.9=100735, 99.99=100735] [READ-FAILED: Count=323, Max=125, Min=46, Avg=69.05, 90=91, 99=110, 99.9=125, 99.99=125] 
2026-04-29 15:40:01:123 64 sec: 1179162 operations; 19229 current ops/sec; [READ: Count=14932, Max=3399, Min=7, Avg=37.97, 90=100, 99=153, 99.9=317, 99.99=3041] [INSERT: Count=961, Max=407, Min=161, Avg=209.22, 90=243, 99=320, 99.9=407, 99.99=407] [READ-FAILED: Count=3340, Max=177, Min=42, Avg=63.19, 90=74, 99=88, 99.9=106, 99.99=177] 
2026-04-29 15:40:02:123 65 sec: 1195975 operations; 16813 current ops/sec; [READ: Count=13328, Max=3267, Min=7, Avg=43.75, 90=116, 99=186, 99.9=323, 99.99=3203] [INSERT: Count=874, Max=12911, Min=174, Avg=240.33, 90=270, 99=352, 99.9=12911, 99.99=12911] [READ-FAILED: Count=2613, Max=166, Min=44, Avg=71.64, 90=92, 99=116, 99.9=143, 99.99=166] 
2026-04-29 15:40:03:123 66 sec: 1214762 operations; 18787 current ops/sec; [READ: Count=14479, Max=3199, Min=7, Avg=38.93, 90=102, 99=153, 99.9=266, 99.99=3017] [INSERT: Count=933, Max=357, Min=164, Avg=208.35, 90=244, 99=318, 99.9=357, 99.99=357] [READ-FAILED: Count=3375, Max=336, Min=45, Avg=65.38, 90=77, 99=93, 99.9=131, 99.99=336] 
2026-04-29 15:40:04:123 67 sec: 1229601 operations; 14839 current ops/sec; [READ: Count=11240, Max=3739, Min=7, Avg=43.57, 90=105, 99=164, 99.9=329, 99.99=3273] [INSERT: Count=765, Max=96191, Min=164, Avg=389.83, 90=295, 99=1003, 99.9=96191, 99.99=96191] [READ-FAILED: Count=2830, Max=299, Min=46, Avg=68.77, 90=82, 99=108, 99.9=178, 99.99=299] 
2026-04-29 15:40:05:123 68 sec: 1247343 operations; 17742 current ops/sec; [READ: Count=13379, Max=3139, Min=7, Avg=41.72, 90=105, 99=160, 99.9=339, 99.99=3049] [INSERT: Count=890, Max=1277, Min=158, Avg=221.77, 90=256, 99=825, 99.9=1277, 99.99=1277] [READ-FAILED: Count=3474, Max=207, Min=44, Avg=64.6, 90=77, 99=106, 99.9=183, 99.99=207] 
2026-04-29 15:40:06:123 69 sec: 1264164 operations; 16821 current ops/sec; [READ: Count=12517, Max=3247, Min=7, Avg=43.84, 90=112, 99=178, 99.9=462, 99.99=3211] [INSERT: Count=824, Max=13695, Min=162, Avg=229.8, 90=256, 99=321, 99.9=13695, 99.99=13695] [READ-FAILED: Count=3479, Max=327, Min=44, Avg=69.57, 90=89, 99=116, 99.9=178, 99.99=327] 
2026-04-29 15:40:07:123 70 sec: 1283156 operations; 18992 current ops/sec; [READ: Count=15666, Max=3023, Min=7, Avg=39.38, 90=106, 99=181, 99.9=342, 99.99=2827] [INSERT: Count=968, Max=442, Min=168, Avg=214.31, 90=256, 99=319, 99.9=442, 99.99=442] [READ-FAILED: Count=2366, Max=183, Min=46, Avg=65.27, 90=78, 99=111, 99.9=170, 99.99=183] 
2026-04-29 15:40:08:123 71 sec: 1298837 operations; 15681 current ops/sec; [READ: Count=13362, Max=5239, Min=7, Avg=49.19, 90=125, 99=211, 99.9=428, 99.99=2987] [INSERT: Count=813, Max=14839, Min=170, Avg=254.38, 90=278, 99=367, 99.9=14839, 99.99=14839] [READ-FAILED: Count=1497, Max=244, Min=46, Avg=77.5, 90=102, 99=130, 99.9=157, 99.99=244] 
2026-04-29 15:40:09:123 72 sec: 1315452 operations; 16615 current ops/sec; [READ: Count=14003, Max=3101, Min=7, Avg=43.01, 90=115, 99=193, 99.9=327, 99.99=2937] [INSERT: Count=878, Max=1805, Min=170, Avg=226.46, 90=269, 99=351, 99.9=1805, 99.99=1805] [READ-FAILED: Count=1732, Max=441, Min=45, Avg=73.36, 90=94, 99=122, 99.9=350, 99.99=441] 
2026-04-29 15:40:09:601 - NewTail completed: 
2026-04-29 15:40:10:123 73 sec: 1331095 operations; 15643 current ops/sec; [READ: Count=11436, Max=3049, Min=7, Avg=43.07, 90=108, 99=161, 99.9=285, 99.99=2937] [INSERT: Count=776, Max=100671, Min=158, Avg=401.52, 90=457, 99=1228, 99.9=100671, 99.99=100671] [READ-FAILED: Count=3432, Max=223, Min=47, Avg=67, 90=79, 99=102, 99.9=157, 99.99=223] 
2026-04-29 15:40:11:123 74 sec: 1349335 operations; 18240 current ops/sec; [READ: Count=14668, Max=3175, Min=7, Avg=41.26, 90=110, 99=174, 99.9=364, 99.99=2947] [INSERT: Count=903, Max=399, Min=154, Avg=206.74, 90=250, 99=320, 99.9=399, 99.99=399] [READ-FAILED: Count=2677, Max=164, Min=47, Avg=70.02, 90=88, 99=114, 99.9=144, 99.99=164] 
2026-04-29 15:40:12:123 75 sec: 1366877 operations; 17542 current ops/sec; [READ: Count=13540, Max=2767, Min=7, Avg=41.66, 90=107, 99=173, 99.9=331, 99.99=2745] [INSERT: Count=879, Max=7079, Min=164, Avg=227.47, 90=266, 99=335, 99.9=7079, 99.99=7079] [READ-FAILED: Count=3119, Max=329, Min=46, Avg=69.24, 90=85, 99=109, 99.9=162, 99.99=329] 
2026-04-29 15:40:13:123 76 sec: 1384596 operations; 17719 current ops/sec; [READ: Count=13150, Max=3277, Min=7, Avg=41.78, 90=103, 99=161, 99.9=318, 99.99=2855] [INSERT: Count=855, Max=753, Min=166, Avg=212.77, 90=254, 99=318, 99.9=753, 99.99=753] [READ-FAILED: Count=3716, Max=125, Min=47, Avg=66.8, 90=79, 99=103, 99.9=122, 99.99=125] 
2026-04-29 15:40:14:123 77 sec: 1401585 operations; 16989 current ops/sec; [READ: Count=12088, Max=3103, Min=7, Avg=42.6, 90=105, 99=157, 99.9=338, 99.99=2987] [INSERT: Count=882, Max=14191, Min=166, Avg=225.42, 90=246, 99=320, 99.9=14191, 99.99=14191] [READ-FAILED: Count=4020, Max=231, Min=46, Avg=66.46, 90=79, 99=102, 99.9=191, 99.99=231] 
2026-04-29 15:40:15:123 78 sec: 1405119 operations; 3534 current ops/sec; [READ: Count=2915, Max=2141, Min=7, Avg=40.58, 90=109, 99=202, 99.9=396, 99.99=2141] [INSERT: Count=188, Max=99199, Min=165, Avg=4506.63, 90=7179, 99=15471, 99.9=99199, 99.99=99199] [READ-FAILED: Count=423, Max=132, Min=48, Avg=68.96, 90=85, 99=115, 99.9=132, 99.99=132] 
2026-04-29 15:40:16:123 79 sec: 1417166 operations; 12047 current ops/sec; [READ: Count=9263, Max=3191, Min=7, Avg=42.72, 90=112, 99=177, 99.9=374, 99.99=3191] [INSERT: Count=634, Max=6627, Min=160, Avg=688.64, 90=2863, 99=5571, 99.9=6627, 99.99=6627] [READ-FAILED: Count=2157, Max=258, Min=46, Avg=71.59, 90=92, 99=130, 99.9=194, 99.99=258] 
2026-04-29 15:40:17:123 80 sec: 1434424 operations; 17258 current ops/sec; [READ: Count=12171, Max=3361, Min=7, Avg=42.27, 90=105, 99=149, 99.9=318, 99.99=2935] [INSERT: Count=887, Max=9823, Min=158, Avg=211.64, 90=242, 99=305, 99.9=9823, 99.99=9823] [READ-FAILED: Count=4200, Max=187, Min=46, Avg=66.25, 90=77, 99=94, 99.9=135, 99.99=187] 
2026-04-29 15:40:18:123 81 sec: 1451369 operations; 16945 current ops/sec; [READ: Count=11962, Max=3013, Min=7, Avg=44.06, 90=106, 99=156, 99.9=383, 99.99=3009] [INSERT: Count=849, Max=1950, Min=149, Avg=204.44, 90=241, 99=299, 99.9=1950, 99.99=1950] [READ-FAILED: Count=4134, Max=192, Min=47, Avg=67.63, 90=80, 99=103, 99.9=123, 99.99=192] 
2026-04-29 15:40:19:123 82 sec: 1469335 operations; 17966 current ops/sec; [READ: Count=14719, Max=3075, Min=7, Avg=40.98, 90=108, 99=174, 99.9=347, 99.99=2719] [INSERT: Count=869, Max=12823, Min=167, Avg=231.43, 90=256, 99=329, 99.9=12823, 99.99=12823] [READ-FAILED: Count=2374, Max=176, Min=48, Avg=73.76, 90=92, 99=114, 99.9=158, 99.99=176] 
2026-04-29 15:40:20:123 83 sec: 1484894 operations; 15559 current ops/sec; [READ: Count=12318, Max=3879, Min=7, Avg=43.39, 90=116, 99=186, 99.9=472, 99.99=2901] [INSERT: Count=744, Max=75903, Min=162, Avg=358.04, 90=296, 99=1154, 99.9=75903, 99.99=75903] [READ-FAILED: Count=2499, Max=346, Min=47, Avg=72.44, 90=94, 99=120, 99.9=163, 99.99=346] 
2026-04-29 15:40:21:123 84 sec: 1502326 operations; 17432 current ops/sec; [READ: Count=12776, Max=2875, Min=7, Avg=41.2, 90=105, 99=155, 99.9=282, 99.99=2713] [INSERT: Count=902, Max=11911, Min=164, Avg=221.54, 90=251, 99=303, 99.9=11911, 99.99=11911] [READ-FAILED: Count=3754, Max=248, Min=49, Avg=67.65, 90=80, 99=107, 99.9=189, 99.99=248] 
2026-04-29 15:40:22:123 85 sec: 1518772 operations; 16446 current ops/sec; [READ: Count=11915, Max=2723, Min=7, Avg=45.43, 90=109, 99=164, 99.9=414, 99.99=2713] [INSERT: Count=847, Max=521, Min=158, Avg=209.27, 90=248, 99=302, 99.9=521, 99.99=521] [READ-FAILED: Count=3683, Max=334, Min=49, Avg=71.11, 90=85, 99=109, 99.9=208, 99.99=334] 
2026-04-29 15:40:23:123 86 sec: 1536971 operations; 18199 current ops/sec; [READ: Count=14806, Max=3207, Min=7, Avg=41.72, 90=108, 99=176, 99.9=299, 99.99=2765] [INSERT: Count=861, Max=431, Min=163, Avg=210.21, 90=249, 99=306, 99.9=431, 99.99=431] [READ-FAILED: Count=2531, Max=296, Min=49, Avg=71.56, 90=89, 99=114, 99.9=150, 99.99=296] 
2026-04-29 15:40:24:123 87 sec: 1553494 operations; 16523 current ops/sec; [READ: Count=13486, Max=3009, Min=7, Avg=45.9, 90=121, 99=202, 99.9=345, 99.99=3007] [INSERT: Count=834, Max=12327, Min=163, Avg=234.07, 90=262, 99=329, 99.9=12327, 99.99=12327] [READ-FAILED: Count=2202, Max=221, Min=46, Avg=75.21, 90=98, 99=123, 99.9=184, 99.99=221] 
2026-04-29 15:40:25:123 88 sec: 1569502 operations; 16008 current ops/sec; [READ: Count=13064, Max=2833, Min=7, Avg=40.66, 90=109, 99=180, 99.9=316, 99.99=2763] [INSERT: Count=810, Max=94975, Min=160, Avg=370.32, 90=306, 99=1093, 99.9=94975, 99.99=94975] [READ-FAILED: Count=2137, Max=377, Min=48, Avg=70.64, 90=86, 99=113, 99.9=150, 99.99=377] 
2026-04-29 15:40:26:123 89 sec: 1585258 operations; 15756 current ops/sec; [READ: Count=11587, Max=3169, Min=8, Avg=47.42, 90=115, 99=179, 99.9=437, 99.99=2931] [INSERT: Count=792, Max=17231, Min=155, Avg=235.58, 90=256, 99=336, 99.9=17231, 99.99=17231] [READ-FAILED: Count=3378, Max=204, Min=49, Avg=72.54, 90=93, 99=119, 99.9=179, 99.99=204] 
Maximum time elapsed. Requesting stop for the workload.
Stop requested for workload. Now Joining!
[OZONEDB-PROFILE] reads=1523254  avg_total=41.53us  view=6.40us(15.4%)  log=2.58us(6.2%)  sst=51.80us_per_call x 951267_calls(77.9%_of_total)
[OZONEDB-SST-PROFILE] level | time_total_ms | enters | range_rejects | table_gets | hits
[OZONEDB-SST-PROFILE] L1  |     17359.05 |  8896911 |       601623 |    8295288 | 439306
[OZONEDB-SST-PROFILE] L2  |      3832.40 |  1022343 |       510402 |     511941 |  46457
[OZONEDB-SST-PROFILE] L3  |      3065.38 |   930111 |       464621 |     465490 |  32318
[OZONEDB-SST-PROFILE] L4  |      2673.87 |   865146 |       431968 |     433178 |  25495
[OZONEDB-SST-PROFILE] L5  |      2335.72 |   814584 |       406915 |     407669 |  20329
[OZONEDB-SST-PROFILE] L6  |      2126.38 |   774186 |       386827 |     387359 |  17294
[OZONEDB-SST-PROFILE] L7  |     17258.59 |  1396501 |           41 |    1396460 | 105946
[OZONEDB-TBL-PROFILE] file_filter_reject=11100093  block_filter_reject=108927  index_invalid=0  block_read_more=355789  hit_from_cache=332576  miss_after_read=1220  found=687145
2026-04-29 15:40:27:123 90 sec: 1603218 operations; 17960 current ops/sec; [READ: Count=13903, Max=2941, Min=8, Avg=41.11, 90=103, 99=157, 99.9=269, 99.99=2939] [INSERT: Count=881, Max=7315, Min=165, Avg=218.4, 90=243, 99=313, 99.9=7315, 99.99=7315] [READ-FAILED: Count=3174, Max=184, Min=49, Avg=67.88, 90=79, 99=92, 99.9=113, 99.99=184] 
2026-04-29 15:40:27:218 90 sec: 1603228 operations; 105.26 current ops/sec; [READ: Count=6, Max=185, Min=15, Avg=67.67, 90=185, 99=185, 99.9=185, 99.99=185] [CLEANUP: Count=1, Max=94527, Min=94464, Avg=94496, 90=94527, 99=94527, 99.9=94527, 99.99=94527] [INSERT: Count=0, Max=0, Min=0, Avg=0, 90=0, 99=0, 99.9=0, 99.99=0] [READ-FAILED: Count=0, Max=0, Min=0, Avg=0, 90=0, 99=0, 99.9=0, 99.99=0] 
[OVERALL], RunTime(ms), 90097
[OVERALL], Throughput(ops/sec), 17794.465964460527
[TOTAL_GCS_PS_Scavenge], Count, 8
[TOTAL_GC_TIME_PS_Scavenge], Time(ms), 47
[TOTAL_GC_TIME_%_PS_Scavenge], Time(%), 0.05216599886788683
[TOTAL_GCS_PS_MarkSweep], Count, 0
[TOTAL_GC_TIME_PS_MarkSweep], Time(ms), 0
[TOTAL_GC_TIME_%_PS_MarkSweep], Time(%), 0.0
[TOTAL_GCs], Count, 8
[TOTAL_GC_TIME], Time(ms), 47
[TOTAL_GC_TIME_%], Time(%), 0.05216599886788683
[READ], Operations, 1259132
[READ], AverageLatency(us), 39.153506542602365
[READ], MinLatency(us), 4
[READ], MaxLatency(us), 48415
[READ], 95thPercentileLatency(us), 124
[READ], 99thPercentileLatency(us), 168
[READ], Return=OK, 1259132
[READ], Return=NOT_FOUND, 264122
[CLEANUP], Operations, 1
[CLEANUP], AverageLatency(us), 94496.0
[CLEANUP], MinLatency(us), 94464
[CLEANUP], MaxLatency(us), 94527
[CLEANUP], 95thPercentileLatency(us), 94527
[CLEANUP], 99thPercentileLatency(us), 94527
[INSERT], Operations, 79974
[INSERT], AverageLatency(us), 276.2469177482682
[INSERT], MinLatency(us), 148
[INSERT], MaxLatency(us), 112511
[INSERT], 95thPercentileLatency(us), 296
[INSERT], 99thPercentileLatency(us), 750
[INSERT], Return=OK, 79974
[READ-FAILED], Operations, 264122
[READ-FAILED], AverageLatency(us), 61.83642029062327
[READ-FAILED], MinLatency(us), 32
[READ-FAILED], MaxLatency(us), 7431
[READ-FAILED], 95thPercentileLatency(us), 85
[READ-FAILED], 99thPercentileLatency(us), 104
	Command being timed: "/usr/lib/jvm/java-8-openjdk-amd64/bin/java -cp /users/Xinying/ozonedb/ycsb/ozonedb/conf:/users/Xinying/ozonedb/ycsb/ozonedb/target/ozonedb-binding-0.18.0-SNAPSHOT.jar:/users/Xinying/.m2/repository/org/apache/htrace/htrace-core4/4.1.0-incubating/htrace-core4-4.1.0-incubating.jar:/users/Xinying/.m2/repository/org/slf4j/slf4j-api/1.7.25/slf4j-api-1.7.25.jar:/users/Xinying/.m2/repository/org/hdrhistogram/HdrHistogram/2.1.12/HdrHistogram-2.1.12.jar:/users/Xinying/.m2/repository/ch/qos/logback/logback-classic/1.2.3/logback-classic-1.2.3.jar:/users/Xinying/.m2/repository/ozonedbjnimaven/demoproc-jni/1.0/demoproc-jni-1.0.jar:/users/Xinying/.m2/repository/ch/qos/logback/logback-core/1.2.3/logback-core-1.2.3.jar:/users/Xinying/.m2/repository/org/codehaus/jackson/jackson-mapper-asl/1.9.4/jackson-mapper-asl-1.9.4.jar:/users/Xinying/.m2/repository/org/slf4j/slf4j-simple/1.7.25/slf4j-simple-1.7.25.jar:/users/Xinying/.m2/repository/org/codehaus/jackson/jackson-core-asl/1.9.4/jackson-core-asl-1.9.4.jar:/users/Xinying/ozonedb/ycsb/core/target/core-0.18.0-SNAPSHOT.jar site.ycsb.Client -db site.ycsb.db.OzoneDBClient -threads 1 -s -P /users/Xinying/ozonedb/ycsb/workloads/generated_workloads/workloadd_1KB_1000000_1000000 -p status.interval=1 -p maxexecutiontime=90 -p operationcount=0 -p shared_config=/tmp/phase1_ozonedb_configs/shared_config_SHARED_workloadd_p16_r1_proc3.json -t"
	User time (seconds): 56.56
	System time (seconds): 27.54
	Percent of CPU this job got: 90%
	Elapsed (wall clock) time (h:mm:ss or m:ss): 1:32.70
	Average shared text size (kbytes): 0
	Average unshared data size (kbytes): 0
	Average stack size (kbytes): 0
	Average total size (kbytes): 0
	Maximum resident set size (kbytes): 4670204
	Average resident set size (kbytes): 0
	Major (requiring I/O) page faults: 466
	Minor (reclaiming a frame) page faults: 1188108
	Voluntary context switches: 217799
	Involuntary context switches: 3343
	Swaps: 0
	File system inputs: 8827710
	File system outputs: 192875
	Socket messages sent: 0
	Socket messages received: 0
	Signals delivered: 0
	Page size (bytes): 4096
	Exit status: 0
