# CMD: /usr/bin/time -v /usr/lib/jvm/java-8-openjdk-amd64/bin/java -cp /users/Xinying/ozonedb/ycsb/ozonedb/conf:/users/Xinying/ozonedb/ycsb/ozonedb/target/ozonedb-binding-0.18.0-SNAPSHOT.jar:/users/Xinying/.m2/repository/org/apache/htrace/htrace-core4/4.1.0-incubating/htrace-core4-4.1.0-incubating.jar:/users/Xinying/.m2/repository/org/slf4j/slf4j-api/1.7.25/slf4j-api-1.7.25.jar:/users/Xinying/.m2/repository/org/hdrhistogram/HdrHistogram/2.1.12/HdrHistogram-2.1.12.jar:/users/Xinying/.m2/repository/ch/qos/logback/logback-classic/1.2.3/logback-classic-1.2.3.jar:/users/Xinying/.m2/repository/ozonedbjnimaven/demoproc-jni/1.0/demoproc-jni-1.0.jar:/users/Xinying/.m2/repository/ch/qos/logback/logback-core/1.2.3/logback-core-1.2.3.jar:/users/Xinying/.m2/repository/org/codehaus/jackson/jackson-mapper-asl/1.9.4/jackson-mapper-asl-1.9.4.jar:/users/Xinying/.m2/repository/org/slf4j/slf4j-simple/1.7.25/slf4j-simple-1.7.25.jar:/users/Xinying/.m2/repository/org/codehaus/jackson/jackson-core-asl/1.9.4/jackson-core-asl-1.9.4.jar:/users/Xinying/ozonedb/ycsb/core/target/core-0.18.0-SNAPSHOT.jar site.ycsb.Client -db site.ycsb.db.OzoneDBClient -threads 1 -s -P /users/Xinying/ozonedb/ycsb/workloads/generated_workloads/workloadd_1KB_1000000_1000000 -p status.interval=1 -p maxexecutiontime=90 -p operationcount=0 -p shared_config=/tmp/phase1_ozonedb_configs/shared_config_SHARED_workloadd_p8_r1_proc2.json -t
# shared_work_path=/tank/ycsb_data/multi-proc-run/shared_ozonedb  proc_id=2/8
Command line: -db site.ycsb.db.OzoneDBClient -threads 1 -s -P /users/Xinying/ozonedb/ycsb/workloads/generated_workloads/workloadd_1KB_1000000_1000000 -p status.interval=1 -p maxexecutiontime=90 -p operationcount=0 -p shared_config=/tmp/phase1_ozonedb_configs/shared_config_SHARED_workloadd_p8_r1_proc2.json -t
YCSB Client 0.18.0-SNAPSHOT

Loading workload...
Starting test.
SLF4J: Class path contains multiple SLF4J bindings.
SLF4J: Found binding in [jar:file:/users/Xinying/.m2/repository/ch/qos/logback/logback-classic/1.2.3/logback-classic-1.2.3.jar!/org/slf4j/impl/StaticLoggerBinder.class]
SLF4J: Found binding in [jar:file:/users/Xinying/.m2/repository/org/slf4j/slf4j-simple/1.7.25/slf4j-simple-1.7.25.jar!/org/slf4j/impl/StaticLoggerBinder.class]
SLF4J: See http://www.slf4j.org/codes.html#multiple_bindings for an explanation.
SLF4J: Actual binding is of type [ch.qos.logback.classic.util.ContextSelectorStaticBinder]
Maximum execution time specified as: 90 secs
2026-04-29 15:37:18:489 0 sec: 0 operations; 
Starting compaction watcher
DBWrapper: report latency for each error is false and specific error codes to track for latency are: []
2026-04-29 15:37:19:489 1 sec: 11487 operations; 11487 current ops/sec; [READ: Count=8983, Max=47519, Min=4, Avg=44.23, 90=94, 99=156, 99.9=1483, 99.99=47519] [INSERT: Count=577, Max=33663, Min=164, Avg=286.59, 90=264, 99=671, 99.9=33663, 99.99=33663] [READ-FAILED: Count=2023, Max=5055, Min=32, Avg=58.72, 90=66, 99=92, 99.9=995, 99.99=5055] 
2026-04-29 15:37:20:489 2 sec: 33228 operations; 21741 current ops/sec; [READ: Count=15869, Max=2223, Min=4, Avg=32.77, 90=85, 99=135, 99.9=313, 99.99=2163] [INSERT: Count=1111, Max=879, Min=151, Avg=182.63, 90=206, 99=266, 99.9=734, 99.99=879] [READ-FAILED: Count=4673, Max=351, Min=31, Avg=48.09, 90=58, 99=73, 99.9=107, 99.99=351] 
2026-04-29 15:37:20:551 - NewTail completed: 
2026-04-29 15:37:21:489 3 sec: 55360 operations; 22132 current ops/sec; [READ: Count=15368, Max=2679, Min=4, Avg=32.71, 90=84, 99=123, 99.9=354, 99.99=2587] [INSERT: Count=1131, Max=1468, Min=146, Avg=179.12, 90=197, 99=249, 99.9=1238, 99.99=1468] [READ-FAILED: Count=5644, Max=161, Min=29, Avg=45.91, 90=54, 99=65, 99.9=81, 99.99=161] 
2026-04-29 15:37:22:489 4 sec: 77437 operations; 22077 current ops/sec; [READ: Count=15445, Max=2429, Min=4, Avg=31.25, 90=83, 99=124, 99.9=352, 99.99=2353] [INSERT: Count=1128, Max=3437, Min=153, Avg=200.7, 90=211, 99=439, 99.9=2755, 99.99=3437] [READ-FAILED: Count=5511, Max=329, Min=32, Avg=46.98, 90=56, 99=67, 99.9=116, 99.99=329] 
2026-04-29 15:37:23:489 5 sec: 101489 operations; 24052 current ops/sec; [READ: Count=18384, Max=1903, Min=4, Avg=29.55, 90=85, 99=129, 99.9=214, 99.99=1868] [INSERT: Count=1121, Max=343, Min=155, Avg=182.9, 90=203, 99=257, 99.9=312, 99.99=343] [READ-FAILED: Count=4556, Max=128, Min=30, Avg=47.47, 90=56, 99=66, 99.9=84, 99.99=128] 
2026-04-29 15:37:23:751 - NewTail completed: 
2026-04-29 15:37:23:853 - Compaction started: 
140692256880192:Compacting datalog/35 datalog/36 into:sstable1/1007d84e-2e52-4aed-b322-f9373f14a8a8202604290937181777477044009631705.sst
2026-04-29 15:37:24:170 - Compaction completed: 
2026-04-29 15:37:24:489 6 sec: 122368 operations; 20879 current ops/sec; [READ: Count=16425, Max=2965, Min=4, Avg=29.81, 90=82, 99=135, 99.9=397, 99.99=2409] [INSERT: Count=1037, Max=78207, Min=149, Avg=292.94, 90=252, 99=870, 99.9=1229, 99.99=78207] [READ-FAILED: Count=3423, Max=3165, Min=32, Avg=51.66, 90=61, 99=83, 99.9=129, 99.99=3165] 
2026-04-29 15:37:25:489 7 sec: 144051 operations; 21683 current ops/sec; [READ: Count=16935, Max=1886, Min=4, Avg=34.33, 90=86, 99=139, 99.9=234, 99.99=1720] [INSERT: Count=1037, Max=283, Min=161, Avg=195.6, 90=218, 99=261, 99.9=282, 99.99=283] [READ-FAILED: Count=3696, Max=128, Min=33, Avg=50.22, 90=59, 99=74, 99.9=90, 99.99=128] 
2026-04-29 15:37:26:489 8 sec: 164737 operations; 20686 current ops/sec; [READ: Count=14222, Max=2177, Min=4, Avg=34.98, 90=86, 99=124, 99.9=287, 99.99=1979] [INSERT: Count=1073, Max=311, Min=161, Avg=192.28, 90=213, 99=266, 99.9=304, 99.99=311] [READ-FAILED: Count=5380, Max=126, Min=33, Avg=49.58, 90=59, 99=69, 99.9=81, 99.99=126] 
2026-04-29 15:37:27:257 - NewTail completed: 
2026-04-29 15:37:27:489 9 sec: 186066 operations; 21329 current ops/sec; [READ: Count=15359, Max=5487, Min=4, Avg=33.59, 90=86, 99=132, 99.9=325, 99.99=2697] [INSERT: Count=1069, Max=3407, Min=157, Avg=197.11, 90=219, 99=277, 99.9=813, 99.99=3407] [READ-FAILED: Count=4906, Max=200, Min=34, Avg=49.89, 90=58, 99=72, 99.9=100, 99.99=200] 
2026-04-29 15:37:28:489 10 sec: 208081 operations; 22015 current ops/sec; [READ: Count=15397, Max=1833, Min=4, Avg=32.14, 90=86, 99=126, 99.9=167, 99.99=1810] [INSERT: Count=1125, Max=317, Min=156, Avg=183.23, 90=200, 99=245, 99.9=277, 99.99=317] [READ-FAILED: Count=5489, Max=306, Min=34, Avg=49.34, 90=57, 99=68, 99.9=81, 99.99=306] 
2026-04-29 15:37:29:489 11 sec: 228854 operations; 20773 current ops/sec; [READ: Count=14764, Max=1806, Min=4, Avg=30.28, 90=84, 99=130, 99.9=323, 99.99=1636] [INSERT: Count=1059, Max=71807, Min=152, Avg=268.06, 90=216, 99=668, 99.9=1031, 99.99=71807] [READ-FAILED: Count=4940, Max=217, Min=33, Avg=49.76, 90=58, 99=75, 99.9=97, 99.99=217] 
2026-04-29 15:37:30:489 12 sec: 252056 operations; 23202 current ops/sec; [READ: Count=17367, Max=2089, Min=4, Avg=29.98, 90=86, 99=136, 99.9=178, 99.99=1970] [INSERT: Count=1153, Max=729, Min=152, Avg=185.78, 90=207, 99=265, 99.9=303, 99.99=729] [READ-FAILED: Count=4690, Max=108, Min=33, Avg=51.1, 90=61, 99=80, 99.9=92, 99.99=108] 
2026-04-29 15:37:30:561 - NewTail completed: 
2026-04-29 15:37:31:489 13 sec: 273913 operations; 21857 current ops/sec; [READ: Count=16324, Max=3343, Min=4, Avg=33.12, 90=87, 99=137, 99.9=221, 99.99=2051] [INSERT: Count=1100, Max=1198, Min=152, Avg=188.23, 90=213, 99=278, 99.9=338, 99.99=1198] [READ-FAILED: Count=4434, Max=359, Min=32, Avg=51.47, 90=62, 99=80, 99.9=96, 99.99=359] 
2026-04-29 15:37:32:489 14 sec: 296375 operations; 22462 current ops/sec; [READ: Count=15955, Max=2273, Min=4, Avg=31.82, 90=84, 99=127, 99.9=218, 99.99=1891] [INSERT: Count=1138, Max=724, Min=146, Avg=177.32, 90=196, 99=243, 99.9=286, 99.99=724] [READ-FAILED: Count=5373, Max=147, Min=33, Avg=49.52, 90=58, 99=68, 99.9=94, 99.99=147] 
2026-04-29 15:37:33:489 15 sec: 319919 operations; 23544 current ops/sec; [READ: Count=17943, Max=1955, Min=4, Avg=30.68, 90=86, 99=133, 99.9=214, 99.99=1871] [INSERT: Count=1152, Max=312, Min=141, Avg=172.86, 90=196, 99=239, 99.9=258, 99.99=312] [READ-FAILED: Count=4444, Max=324, Min=33, Avg=50.63, 90=61, 99=76, 99.9=101, 99.99=324] 
2026-04-29 15:37:33:765 - NewTail completed: 
2026-04-29 15:37:34:489 16 sec: 342532 operations; 22613 current ops/sec; [READ: Count=17236, Max=1974, Min=4, Avg=30.56, 90=87, 99=134, 99.9=178, 99.99=1944] [INSERT: Count=1083, Max=834, Min=144, Avg=175.77, 90=195, 99=241, 99.9=492, 99.99=834] [READ-FAILED: Count=4280, Max=100, Min=34, Avg=51.82, 90=62, 99=71, 99.9=82, 99.99=100] 
2026-04-29 15:37:35:489 17 sec: 363495 operations; 20963 current ops/sec; [READ: Count=15204, Max=1731, Min=4, Avg=31.65, 90=89, 99=135, 99.9=184, 99.99=1561] [INSERT: Count=1048, Max=74879, Min=151, Avg=273.87, 90=218, 99=726, 99.9=1015, 99.99=74879] [READ-FAILED: Count=4728, Max=320, Min=34, Avg=51.81, 90=62, 99=73, 99.9=83, 99.99=320] 
2026-04-29 15:37:36:489 18 sec: 386657 operations; 23162 current ops/sec; [READ: Count=17233, Max=3311, Min=4, Avg=30.42, 90=87, 99=131, 99.9=172, 99.99=1832] [INSERT: Count=1165, Max=862, Min=150, Avg=181.07, 90=203, 99=256, 99.9=302, 99.99=862] [READ-FAILED: Count=4759, Max=249, Min=34, Avg=50.28, 90=59, 99=71, 99.9=87, 99.99=249] 
2026-04-29 15:37:37:489 19 sec: 407859 operations; 21202 current ops/sec; [READ: Count=15340, Max=40319, Min=4, Avg=35.06, 90=88, 99=138, 99.9=223, 99.99=1863] [INSERT: Count=1075, Max=1720, Min=145, Avg=181.83, 90=208, 99=255, 99.9=305, 99.99=1720] [READ-FAILED: Count=4782, Max=170, Min=33, Avg=50.73, 90=60, 99=79, 99.9=102, 99.99=170] 
2026-04-29 15:37:38:489 20 sec: 429680 operations; 21821 current ops/sec; [READ: Count=16410, Max=1926, Min=5, Avg=33.61, 90=88, 99=138, 99.9=218, 99.99=1795] [INSERT: Count=1099, Max=302, Min=142, Avg=177.53, 90=201, 99=241, 99.9=281, 99.99=302] [READ-FAILED: Count=4310, Max=158, Min=34, Avg=53.18, 90=64, 99=90, 99.9=106, 99.99=158] 
2026-04-29 15:37:39:489 21 sec: 452651 operations; 22971 current ops/sec; [READ: Count=16928, Max=1912, Min=5, Avg=30.75, 90=84, 99=129, 99.9=172, 99.99=1871] [INSERT: Count=1133, Max=299, Min=149, Avg=181.09, 90=197, 99=243, 99.9=291, 99.99=299] [READ-FAILED: Count=4913, Max=107, Min=33, Avg=50.84, 90=59, 99=69, 99.9=82, 99.99=107] 
2026-04-29 15:37:40:489 22 sec: 472439 operations; 19788 current ops/sec; [READ: Count=13942, Max=1961, Min=5, Avg=32.26, 90=87, 99=126, 99.9=171, 99.99=1729] [INSERT: Count=991, Max=73663, Min=149, Avg=286.56, 90=219, 99=996, 99.9=73663, 99.99=73663] [READ-FAILED: Count=4852, Max=473, Min=34, Avg=50.4, 90=59, 99=69, 99.9=89, 99.99=473] 
2026-04-29 15:37:41:489 23 sec: 496798 operations; 24359 current ops/sec; [READ: Count=18995, Max=1831, Min=5, Avg=29.37, 90=84, 99=129, 99.9=171, 99.99=1756] [INSERT: Count=1132, Max=350, Min=154, Avg=181.87, 90=202, 99=252, 99.9=321, 99.99=350] [READ-FAILED: Count=4228, Max=101, Min=31, Avg=49.83, 90=58, 99=67, 99.9=77, 99.99=101] 
2026-04-29 15:37:42:489 24 sec: 519530 operations; 22732 current ops/sec; [READ: Count=16372, Max=2042, Min=5, Avg=30.59, 90=86, 99=129, 99.9=322, 99.99=1984] [INSERT: Count=1145, Max=330, Min=151, Avg=182.61, 90=201, 99=250, 99.9=297, 99.99=330] [READ-FAILED: Count=5215, Max=262, Min=31, Avg=50.91, 90=60, 99=70, 99.9=86, 99.99=262] 
2026-04-29 15:37:43:489 25 sec: 541548 operations; 22018 current ops/sec; [READ: Count=15905, Max=1890, Min=5, Avg=31.86, 90=88, 99=133, 99.9=175, 99.99=1845] [INSERT: Count=1146, Max=338, Min=146, Avg=183.58, 90=204, 99=260, 99.9=313, 99.99=338] [READ-FAILED: Count=4976, Max=101, Min=35, Avg=51.86, 90=61, 99=71, 99.9=79, 99.99=101] 
2026-04-29 15:37:44:489 26 sec: 563423 operations; 21875 current ops/sec; [READ: Count=15497, Max=2033, Min=5, Avg=32.92, 90=85, 99=126, 99.9=335, 99.99=2028] [INSERT: Count=1088, Max=4679, Min=150, Avg=186.42, 90=199, 99=256, 99.9=2119, 99.99=4679] [READ-FAILED: Count=5283, Max=305, Min=32, Avg=49.88, 90=59, 99=70, 99.9=83, 99.99=305] 
2026-04-29 15:37:45:489 27 sec: 582915 operations; 19492 current ops/sec; [READ: Count=13832, Max=3291, Min=5, Avg=33.34, 90=86, 99=128, 99.9=204, 99.99=2003] [INSERT: Count=969, Max=73279, Min=150, Avg=286.03, 90=218, 99=942, 99.9=73279, 99.99=73279] [READ-FAILED: Count=4696, Max=90, Min=34, Avg=51.23, 90=60, 99=69, 99.9=76, 99.99=90] 
2026-04-29 15:37:46:489 28 sec: 605296 operations; 22381 current ops/sec; [READ: Count=16257, Max=1972, Min=5, Avg=31.39, 90=86, 99=128, 99.9=172, 99.99=1762] [INSERT: Count=1155, Max=286, Min=153, Avg=183.38, 90=200, 99=248, 99.9=273, 99.99=286] [READ-FAILED: Count=4970, Max=115, Min=36, Avg=51.01, 90=59, 99=69, 99.9=78, 99.99=115] 
2026-04-29 15:37:47:489 29 sec: 628114 operations; 22818 current ops/sec; [READ: Count=16646, Max=1969, Min=5, Avg=30.82, 90=86, 99=130, 99.9=249, 99.99=1865] [INSERT: Count=1116, Max=1514, Min=154, Avg=182.47, 90=201, 99=248, 99.9=287, 99.99=1514] [READ-FAILED: Count=5055, Max=377, Min=35, Avg=51.3, 90=60, 99=71, 99.9=92, 99.99=377] 
2026-04-29 15:37:48:489 30 sec: 650169 operations; 22055 current ops/sec; [READ: Count=14963, Max=1961, Min=5, Avg=31.98, 90=86, 99=122, 99.9=157, 99.99=1922] [INSERT: Count=1135, Max=301, Min=149, Avg=181.93, 90=200, 99=247, 99.9=291, 99.99=301] [READ-FAILED: Count=5954, Max=110, Min=33, Avg=48.94, 90=57, 99=67, 99.9=76, 99.99=110] 
2026-04-29 15:37:49:489 31 sec: 672333 operations; 22164 current ops/sec; [READ: Count=15782, Max=2023, Min=5, Avg=31.46, 90=86, 99=128, 99.9=173, 99.99=1795] [INSERT: Count=1084, Max=332, Min=156, Avg=189.05, 90=208, 99=268, 99.9=308, 99.99=332] [READ-FAILED: Count=5298, Max=326, Min=35, Avg=51.88, 90=61, 99=71, 99.9=101, 99.99=326] 
2026-04-29 15:37:50:489 32 sec: 693637 operations; 21304 current ops/sec; [READ: Count=16059, Max=1862, Min=5, Avg=30.31, 90=87, 99=133, 99.9=194, 99.99=1811] [INSERT: Count=1023, Max=76031, Min=148, Avg=267.17, 90=209, 99=710, 99.9=1212, 99.99=76031] [READ-FAILED: Count=4222, Max=208, Min=29, Avg=51.52, 90=62, 99=87, 99.9=105, 99.99=208] 
2026-04-29 15:37:51:489 33 sec: 715468 operations; 21831 current ops/sec; [READ: Count=15933, Max=2159, Min=5, Avg=33.22, 90=85, 99=130, 99.9=278, 99.99=1953] [INSERT: Count=1061, Max=398, Min=147, Avg=178.57, 90=195, 99=246, 99.9=364, 99.99=398] [READ-FAILED: Count=4832, Max=267, Min=37, Avg=53.01, 90=62, 99=72, 99.9=87, 99.99=267] 
2026-04-29 15:37:52:489 34 sec: 737461 operations; 21993 current ops/sec; [READ: Count=15910, Max=1946, Min=5, Avg=32.46, 90=87, 99=130, 99.9=178, 99.99=1869] [INSERT: Count=1093, Max=292, Min=151, Avg=182.78, 90=203, 99=244, 99.9=277, 99.99=292] [READ-FAILED: Count=4990, Max=126, Min=31, Avg=52.44, 90=61, 99=70, 99.9=84, 99.99=126] 
2026-04-29 15:37:53:489 35 sec: 759048 operations; 21587 current ops/sec; [READ: Count=15193, Max=1935, Min=5, Avg=32.78, 90=86, 99=128, 99.9=230, 99.99=1872] [INSERT: Count=1079, Max=326, Min=150, Avg=183.94, 90=203, 99=247, 99.9=309, 99.99=326] [READ-FAILED: Count=5321, Max=1349, Min=37, Avg=52.59, 90=61, 99=71, 99.9=87, 99.99=1349] 
2026-04-29 15:37:54:489 36 sec: 779233 operations; 20185 current ops/sec; [READ: Count=15365, Max=4695, Min=5, Avg=31.84, 90=88, 99=138, 99.9=203, 99.99=2087] [INSERT: Count=1050, Max=89151, Min=152, Avg=273.5, 90=207, 99=263, 99.9=294, 99.99=89151] [READ-FAILED: Count=3777, Max=312, Min=37, Avg=53.37, 90=62, 99=73, 99.9=96, 99.99=312] 
2026-04-29 15:37:55:489 37 sec: 800205 operations; 20972 current ops/sec; [READ: Count=16276, Max=1518, Min=5, Avg=30.54, 90=88, 99=139, 99.9=228, 99.99=1498] [INSERT: Count=987, Max=72511, Min=152, Avg=287.84, 90=225, 99=923, 99.9=72511, 99.99=72511] [READ-FAILED: Count=3703, Max=354, Min=37, Avg=52.96, 90=62, 99=76, 99.9=127, 99.99=354] 
2026-04-29 15:37:56:489 38 sec: 823250 operations; 23045 current ops/sec; [READ: Count=17211, Max=1924, Min=5, Avg=30.62, 90=86, 99=132, 99.9=179, 99.99=1824] [INSERT: Count=1099, Max=288, Min=154, Avg=186.36, 90=205, 99=253, 99.9=272, 99.99=288] [READ-FAILED: Count=4733, Max=91, Min=35, Avg=51.54, 90=61, 99=71, 99.9=80, 99.99=91] 
2026-04-29 15:37:57:489 39 sec: 845294 operations; 22044 current ops/sec; [READ: Count=16974, Max=2779, Min=5, Avg=32.41, 90=90, 99=145, 99.9=322, 99.99=2038] [INSERT: Count=1093, Max=2479, Min=146, Avg=190.64, 90=211, 99=271, 99.9=1659, 99.99=2479] [READ-FAILED: Count=3981, Max=156, Min=37, Avg=54.75, 90=65, 99=77, 99.9=103, 99.99=156] 
2026-04-29 15:37:58:489 40 sec: 866388 operations; 21094 current ops/sec; [READ: Count=15424, Max=1911, Min=5, Avg=34.47, 90=88, 99=136, 99.9=322, 99.99=1782] [INSERT: Count=1088, Max=598, Min=155, Avg=183.96, 90=201, 99=256, 99.9=563, 99.99=598] [READ-FAILED: Count=4581, Max=165, Min=38, Avg=53.48, 90=62, 99=73, 99.9=92, 99.99=165] 
2026-04-29 15:37:59:489 41 sec: 888382 operations; 21994 current ops/sec; [READ: Count=16206, Max=1954, Min=5, Avg=32.58, 90=88, 99=132, 99.9=189, 99.99=1878] [INSERT: Count=1087, Max=273, Min=148, Avg=181.41, 90=200, 99=241, 99.9=258, 99.99=273] [READ-FAILED: Count=4697, Max=321, Min=37, Avg=53.49, 90=63, 99=74, 99.9=101, 99.99=321] 
2026-04-29 15:38:00:489 42 sec: 907203 operations; 18821 current ops/sec; [READ: Count=13435, Max=1741, Min=5, Avg=34.72, 90=94, 99=142, 99.9=303, 99.99=1696] [INSERT: Count=997, Max=70655, Min=150, Avg=274.72, 90=208, 99=933, 99.9=70655, 99.99=70655] [READ-FAILED: Count=4395, Max=336, Min=36, Avg=54.45, 90=65, 99=80, 99.9=112, 99.99=336] 
2026-04-29 15:38:01:489 43 sec: 928855 operations; 21652 current ops/sec; [READ: Count=16410, Max=1785, Min=5, Avg=33.29, 90=92, 99=139, 99.9=182, 99.99=1744] [INSERT: Count=1106, Max=3049, Min=148, Avg=179.31, 90=195, 99=246, 99.9=346, 99.99=3049] [READ-FAILED: Count=4138, Max=131, Min=37, Avg=55.79, 90=67, 99=79, 99.9=96, 99.99=131] 
2026-04-29 15:38:02:489 44 sec: 950102 operations; 21247 current ops/sec; [READ: Count=15096, Max=1762, Min=5, Avg=33.74, 90=93, 99=139, 99.9=187, 99.99=1744] [INSERT: Count=1093, Max=305, Min=143, Avg=171.35, 90=191, 99=233, 99.9=290, 99.99=305] [READ-FAILED: Count=5052, Max=151, Min=37, Avg=55.2, 90=65, 99=82, 99.9=104, 99.99=151] 
2026-04-29 15:38:03:489 45 sec: 972434 operations; 22332 current ops/sec; [READ: Count=16901, Max=1969, Min=5, Avg=31.76, 90=90, 99=140, 99.9=214, 99.99=1722] [INSERT: Count=1098, Max=582, Min=152, Avg=184.06, 90=204, 99=254, 99.9=288, 99.99=582] [READ-FAILED: Count=4335, Max=321, Min=37, Avg=54.66, 90=65, 99=87, 99.9=103, 99.99=321] 
2026-04-29 15:38:04:489 46 sec: 993782 operations; 21348 current ops/sec; [READ: Count=16090, Max=1809, Min=5, Avg=33.91, 90=88, 99=140, 99.9=314, 99.99=1640] [INSERT: Count=1034, Max=4155, Min=151, Avg=191.29, 90=207, 99=269, 99.9=1368, 99.99=4155] [READ-FAILED: Count=4224, Max=240, Min=37, Avg=54.31, 90=64, 99=79, 99.9=116, 99.99=240] 
2026-04-29 15:38:05:489 47 sec: 1013790 operations; 20008 current ops/sec; [READ: Count=16176, Max=1834, Min=5, Avg=33.63, 90=92, 99=148, 99.9=223, 99.99=1828] [INSERT: Count=974, Max=70527, Min=148, Avg=279.45, 90=222, 99=737, 99.9=70527, 99.99=70527] [READ-FAILED: Count=2856, Max=134, Min=38, Avg=56.59, 90=67, 99=85, 99.9=106, 99.99=134] 
2026-04-29 15:38:06:489 48 sec: 1034687 operations; 20897 current ops/sec; [READ: Count=15136, Max=1702, Min=5, Avg=34.23, 90=90, 99=133, 99.9=180, 99.99=1676] [INSERT: Count=1072, Max=329, Min=152, Avg=188.29, 90=205, 99=250, 99.9=293, 99.99=329] [READ-FAILED: Count=4690, Max=321, Min=38, Avg=54.78, 90=64, 99=76, 99.9=99, 99.99=321] 
2026-04-29 15:38:07:489 49 sec: 1056492 operations; 21805 current ops/sec; [READ: Count=15897, Max=2035, Min=5, Avg=32.32, 90=88, 99=130, 99.9=217, 99.99=1778] [INSERT: Count=1056, Max=5015, Min=154, Avg=187.98, 90=203, 99=268, 99.9=306, 99.99=5015] [READ-FAILED: Count=4859, Max=95, Min=38, Avg=54.22, 90=63, 99=72, 99.9=84, 99.99=95] 
2026-04-29 15:38:08:489 50 sec: 1078594 operations; 22102 current ops/sec; [READ: Count=16331, Max=1957, Min=5, Avg=32.05, 90=89, 99=134, 99.9=199, 99.99=1933] [INSERT: Count=1095, Max=296, Min=151, Avg=180.49, 90=197, 99=244, 99.9=295, 99.99=296] [READ-FAILED: Count=4668, Max=150, Min=38, Avg=54.55, 90=64, 99=75, 99.9=89, 99.99=150] 
2026-04-29 15:38:09:489 51 sec: 1099800 operations; 21206 current ops/sec; [READ: Count=15247, Max=1922, Min=5, Avg=33.42, 90=90, 99=132, 99.9=311, 99.99=1821] [INSERT: Count=1060, Max=281, Min=153, Avg=188.65, 90=207, 99=258, 99.9=281, 99.99=281] [READ-FAILED: Count=4898, Max=103, Min=38, Avg=54.47, 90=63, 99=74, 99.9=88, 99.99=103] 
2026-04-29 15:38:10:489 52 sec: 1119949 operations; 20149 current ops/sec; [READ: Count=14742, Max=1702, Min=5, Avg=31.78, 90=88, 99=132, 99.9=172, 99.99=1678] [INSERT: Count=1004, Max=71999, Min=152, Avg=269.52, 90=205, 99=726, 99.9=1205, 99.99=71999] [READ-FAILED: Count=4410, Max=102, Min=38, Avg=54.23, 90=63, 99=73, 99.9=87, 99.99=102] 
2026-04-29 15:38:11:489 53 sec: 1139833 operations; 19884 current ops/sec; [READ: Count=15730, Max=2529, Min=5, Avg=33.26, 90=89, 99=143, 99.9=334, 99.99=2029] [INSERT: Count=1007, Max=87615, Min=153, Avg=273.93, 90=205, 99=250, 99.9=1689, 99.99=87615] [READ-FAILED: Count=3147, Max=332, Min=37, Avg=56.95, 90=67, 99=79, 99.9=115, 99.99=332] 
2026-04-29 15:38:12:489 54 sec: 1160371 operations; 20538 current ops/sec; [READ: Count=14647, Max=1854, Min=5, Avg=34.87, 90=90, 99=131, 99.9=178, 99.99=1741] [INSERT: Count=1059, Max=294, Min=153, Avg=184.62, 90=204, 99=248, 99.9=288, 99.99=294] [READ-FAILED: Count=4826, Max=132, Min=38, Avg=56.12, 90=66, 99=77, 99.9=102, 99.99=132] 
2026-04-29 15:38:13:489 55 sec: 1181417 operations; 21046 current ops/sec; [READ: Count=15253, Max=4343, Min=5, Avg=34.11, 90=89, 99=135, 99.9=359, 99.99=2016] [INSERT: Count=1041, Max=307, Min=154, Avg=182.66, 90=206, 99=254, 99.9=299, 99.99=307] [READ-FAILED: Count=4752, Max=321, Min=39, Avg=56.09, 90=66, 99=77, 99.9=89, 99.99=321] 
2026-04-29 15:38:14:489 56 sec: 1202667 operations; 21250 current ops/sec; [READ: Count=15202, Max=1729, Min=5, Avg=32.91, 90=89, 99=128, 99.9=201, 99.99=1614] [INSERT: Count=1063, Max=5619, Min=153, Avg=191.16, 90=204, 99=254, 99.9=2291, 99.99=5619] [READ-FAILED: Count=4989, Max=759, Min=38, Avg=54.87, 90=64, 99=75, 99.9=87, 99.99=759] 
2026-04-29 15:38:15:489 57 sec: 1221840 operations; 19173 current ops/sec; [READ: Count=13173, Max=1794, Min=5, Avg=33.49, 90=89, 99=127, 99.9=161, 99.99=1717] [INSERT: Count=1030, Max=69567, Min=155, Avg=254.91, 90=201, 99=533, 99.9=1140, 99.99=69567] [READ-FAILED: Count=4961, Max=124, Min=39, Avg=55.37, 90=64, 99=74, 99.9=93, 99.99=124] 
2026-04-29 15:38:16:489 58 sec: 1242161 operations; 20321 current ops/sec; [READ: Count=14417, Max=1659, Min=5, Avg=33.66, 90=91, 99=134, 99.9=169, 99.99=1472] [INSERT: Count=1024, Max=1094, Min=151, Avg=209.89, 90=223, 99=701, 99.9=1070, 99.99=1094] [READ-FAILED: Count=4888, Max=152, Min=39, Avg=56.89, 90=68, 99=79, 99.9=93, 99.99=152] 
2026-04-29 15:38:17:489 59 sec: 1263216 operations; 21055 current ops/sec; [READ: Count=14726, Max=1817, Min=5, Avg=32.74, 90=88, 99=130, 99.9=389, 99.99=1753] [INSERT: Count=1054, Max=286, Min=157, Avg=194.27, 90=211, 99=258, 99.9=273, 99.99=286] [READ-FAILED: Count=5273, Max=121, Min=38, Avg=55.11, 90=64, 99=73, 99.9=80, 99.99=121] 
2026-04-29 15:38:18:489 60 sec: 1284172 operations; 20956 current ops/sec; [READ: Count=15299, Max=1894, Min=5, Avg=34.47, 90=88, 99=137, 99.9=312, 99.99=1773] [INSERT: Count=1022, Max=5519, Min=151, Avg=188.64, 90=203, 99=247, 99.9=287, 99.99=5519] [READ-FAILED: Count=4634, Max=182, Min=38, Avg=55.53, 90=65, 99=81, 99.9=124, 99.99=182] 
2026-04-29 15:38:19:489 61 sec: 1304902 operations; 20730 current ops/sec; [READ: Count=14687, Max=1710, Min=5, Avg=34.6, 90=90, 99=133, 99.9=208, 99.99=1687] [INSERT: Count=1054, Max=315, Min=154, Avg=183.95, 90=207, 99=256, 99.9=290, 99.99=315] [READ-FAILED: Count=4987, Max=125, Min=39, Avg=55.2, 90=64, 99=83, 99.9=107, 99.99=125] 
2026-04-29 15:38:20:489 62 sec: 1325286 operations; 20384 current ops/sec; [READ: Count=14083, Max=1890, Min=6, Avg=34.84, 90=91, 99=130, 99.9=167, 99.99=1661] [INSERT: Count=1066, Max=319, Min=153, Avg=185.11, 90=205, 99=244, 99.9=267, 99.99=319] [READ-FAILED: Count=5235, Max=93, Min=38, Avg=55.27, 90=64, 99=74, 99.9=84, 99.99=93] 
2026-04-29 15:38:21:489 63 sec: 1344244 operations; 18958 current ops/sec; [READ: Count=13889, Max=1681, Min=6, Avg=34.21, 90=93, 99=137, 99.9=182, 99.99=1601] [INSERT: Count=909, Max=69183, Min=151, Avg=293.98, 90=225, 99=1045, 99.9=69183, 99.99=69183] [READ-FAILED: Count=4160, Max=319, Min=39, Avg=56.8, 90=67, 99=76, 99.9=84, 99.99=319] 
2026-04-29 15:38:22:489 64 sec: 1365411 operations; 21167 current ops/sec; [READ: Count=16043, Max=1722, Min=6, Avg=33.88, 90=94, 99=142, 99.9=205, 99.99=1469] [INSERT: Count=1064, Max=292, Min=152, Avg=185.33, 90=206, 99=256, 99.9=286, 99.99=292] [READ-FAILED: Count=4059, Max=122, Min=39, Avg=57.95, 90=68, 99=79, 99.9=93, 99.99=122] 
2026-04-29 15:38:23:489 65 sec: 1386386 operations; 20975 current ops/sec; [READ: Count=14890, Max=3801, Min=6, Avg=33.08, 90=90, 99=134, 99.9=334, 99.99=1803] [INSERT: Count=1092, Max=1016, Min=153, Avg=184.08, 90=201, 99=248, 99.9=273, 99.99=1016] [READ-FAILED: Count=4993, Max=123, Min=40, Avg=56.85, 90=67, 99=77, 99.9=90, 99.99=123] 
2026-04-29 15:38:24:489 66 sec: 1407732 operations; 21346 current ops/sec; [READ: Count=15286, Max=1872, Min=6, Avg=32.63, 90=90, 99=131, 99.9=186, 99.99=1779] [INSERT: Count=1041, Max=356, Min=161, Avg=187.72, 90=204, 99=255, 99.9=312, 99.99=356] [READ-FAILED: Count=5020, Max=120, Min=41, Avg=56.32, 90=65, 99=76, 99.9=85, 99.99=120] 
2026-04-29 15:38:25:489 67 sec: 1427589 operations; 19857 current ops/sec; [READ: Count=14094, Max=1799, Min=6, Avg=36.37, 90=91, 99=135, 99.9=399, 99.99=1723] [INSERT: Count=1008, Max=6231, Min=158, Avg=191.68, 90=204, 99=259, 99.9=413, 99.99=6231] [READ-FAILED: Count=4758, Max=114, Min=41, Avg=57.33, 90=67, 99=77, 99.9=99, 99.99=114] 
2026-04-29 15:38:26:489 68 sec: 1446212 operations; 18623 current ops/sec; [READ: Count=13407, Max=1825, Min=6, Avg=35.16, 90=89, 99=132, 99.9=250, 99.99=1633] [INSERT: Count=931, Max=68351, Min=157, Avg=280.88, 90=215, 99=776, 99.9=68351, 99.99=68351] [READ-FAILED: Count=4285, Max=129, Min=41, Avg=57.55, 90=67, 99=79, 99.9=91, 99.99=129] 
2026-04-29 15:38:27:489 69 sec: 1467201 operations; 20989 current ops/sec; [READ: Count=15289, Max=1591, Min=6, Avg=33.81, 90=90, 99=133, 99.9=169, 99.99=1578] [INSERT: Count=1060, Max=282, Min=156, Avg=184.3, 90=203, 99=246, 99.9=281, 99.99=282] [READ-FAILED: Count=4645, Max=117, Min=41, Avg=57.12, 90=66, 99=76, 99.9=86, 99.99=117] 
2026-04-29 15:38:28:489 70 sec: 1488378 operations; 21177 current ops/sec; [READ: Count=15498, Max=1774, Min=6, Avg=33.28, 90=90, 99=136, 99.9=316, 99.99=1732] [INSERT: Count=1027, Max=3257, Min=153, Avg=188.68, 90=204, 99=254, 99.9=589, 99.99=3257] [READ-FAILED: Count=4644, Max=314, Min=41, Avg=57.6, 90=67, 99=79, 99.9=108, 99.99=314] 
2026-04-29 15:38:29:489 71 sec: 1509262 operations; 20884 current ops/sec; [READ: Count=14856, Max=1977, Min=6, Avg=33.69, 90=90, 99=135, 99.9=308, 99.99=1878] [INSERT: Count=1023, Max=278, Min=153, Avg=185.64, 90=203, 99=244, 99.9=270, 99.99=278] [READ-FAILED: Count=5012, Max=118, Min=41, Avg=57.25, 90=66, 99=75, 99.9=84, 99.99=118] 
2026-04-29 15:38:30:489 72 sec: 1530162 operations; 20900 current ops/sec; [READ: Count=14902, Max=1645, Min=6, Avg=33.93, 90=91, 99=132, 99.9=194, 99.99=1592] [INSERT: Count=1026, Max=281, Min=154, Avg=182.3, 90=200, 99=244, 99.9=267, 99.99=281] [READ-FAILED: Count=4970, Max=106, Min=41, Avg=57.24, 90=66, 99=75, 99.9=90, 99.99=106] 
2026-04-29 15:38:31:489 73 sec: 1549429 operations; 19267 current ops/sec; [READ: Count=14035, Max=1974, Min=6, Avg=32.71, 90=90, 99=134, 99.9=189, 99.99=1565] [INSERT: Count=1012, Max=68735, Min=158, Avg=272.42, 90=213, 99=731, 99.9=1305, 99.99=68735] [READ-FAILED: Count=4218, Max=318, Min=41, Avg=57.99, 90=67, 99=78, 99.9=89, 99.99=318] 
2026-04-29 15:38:32:489 74 sec: 1569171 operations; 19742 current ops/sec; [READ: Count=15449, Max=2703, Min=6, Avg=33.47, 90=89, 99=141, 99.9=242, 99.99=2015] [INSERT: Count=957, Max=88511, Min=155, Avg=279.59, 90=204, 99=263, 99.9=88511, 99.99=88511] [READ-FAILED: Count=3338, Max=114, Min=41, Avg=58.16, 90=68, 99=80, 99.9=101, 99.99=114] 
2026-04-29 15:38:33:489 75 sec: 1588806 operations; 19635 current ops/sec; [READ: Count=13698, Max=1549, Min=6, Avg=36.63, 90=91, 99=133, 99.9=308, 99.99=1448] [INSERT: Count=1031, Max=280, Min=160, Avg=189.38, 90=207, 99=254, 99.9=275, 99.99=280] [READ-FAILED: Count=4905, Max=314, Min=40, Avg=57.44, 90=67, 99=77, 99.9=101, 99.99=314] 
2026-04-29 15:38:34:489 76 sec: 1608690 operations; 19884 current ops/sec; [READ: Count=13803, Max=1953, Min=6, Avg=36.25, 90=94, 99=134, 99.9=285, 99.99=1703] [INSERT: Count=1017, Max=375, Min=153, Avg=182.14, 90=199, 99=244, 99.9=310, 99.99=375] [READ-FAILED: Count=5063, Max=169, Min=41, Avg=57.8, 90=67, 99=78, 99.9=89, 99.99=169] 
2026-04-29 15:38:35:489 77 sec: 1629164 operations; 20474 current ops/sec; [READ: Count=14613, Max=1618, Min=6, Avg=34.31, 90=91, 99=136, 99.9=260, 99.99=1595] [INSERT: Count=1054, Max=3955, Min=155, Avg=188.41, 90=200, 99=273, 99.9=330, 99.99=3955] [READ-FAILED: Count=4809, Max=139, Min=41, Avg=57.67, 90=66, 99=76, 99.9=88, 99.99=139] 
2026-04-29 15:38:36:489 78 sec: 1649190 operations; 20026 current ops/sec; [READ: Count=15629, Max=1679, Min=6, Avg=32.76, 90=91, 99=142, 99.9=219, 99.99=1625] [INSERT: Count=920, Max=68863, Min=149, Avg=281.6, 90=218, 99=830, 99.9=68863, 99.99=68863] [READ-FAILED: Count=3476, Max=316, Min=42, Avg=59.58, 90=71, 99=91, 99.9=107, 99.99=316] 
2026-04-29 15:38:37:489 79 sec: 1670876 operations; 21686 current ops/sec; [READ: Count=16156, Max=1948, Min=6, Avg=32.79, 90=90, 99=136, 99.9=256, 99.99=1749] [INSERT: Count=1039, Max=297, Min=152, Avg=178.84, 90=196, 99=244, 99.9=288, 99.99=297] [READ-FAILED: Count=4487, Max=115, Min=42, Avg=58.19, 90=67, 99=78, 99.9=89, 99.99=115] 
2026-04-29 15:38:38:489 80 sec: 1691211 operations; 20335 current ops/sec; [READ: Count=14194, Max=1769, Min=6, Avg=34.38, 90=91, 99=134, 99.9=342, 99.99=1748] [INSERT: Count=1081, Max=343, Min=153, Avg=178.25, 90=194, 99=249, 99.9=300, 99.99=343] [READ-FAILED: Count=5060, Max=318, Min=35, Avg=58.67, 90=68, 99=78, 99.9=94, 99.99=318] 
2026-04-29 15:38:39:489 81 sec: 1710932 operations; 19721 current ops/sec; [READ: Count=16133, Max=2297, Min=6, Avg=34.51, 90=94, 99=155, 99.9=307, 99.99=1989] [INSERT: Count=978, Max=90111, Min=148, Avg=272.5, 90=203, 99=246, 99.9=90111, 99.99=90111] [READ-FAILED: Count=2609, Max=137, Min=41, Avg=59.61, 90=69, 99=85, 99.9=110, 99.99=137] 
2026-04-29 15:38:40:489 82 sec: 1731222 operations; 20290 current ops/sec; [READ: Count=14860, Max=1558, Min=6, Avg=35.89, 90=92, 99=138, 99.9=340, 99.99=1451] [INSERT: Count=1026, Max=291, Min=151, Avg=177.35, 90=195, 99=248, 99.9=283, 99.99=291] [READ-FAILED: Count=4406, Max=130, Min=43, Avg=59.56, 90=69, 99=80, 99.9=90, 99.99=130] 
2026-04-29 15:38:41:489 83 sec: 1750166 operations; 18944 current ops/sec; [READ: Count=14042, Max=2026, Min=6, Avg=34.79, 90=92, 99=139, 99.9=199, 99.99=1770] [INSERT: Count=943, Max=67263, Min=151, Avg=267.67, 90=207, 99=681, 99.9=67263, 99.99=67263] [READ-FAILED: Count=3962, Max=321, Min=43, Avg=60.28, 90=70, 99=82, 99.9=107, 99.99=321] 
2026-04-29 15:38:42:489 84 sec: 1770428 operations; 20262 current ops/sec; [READ: Count=14493, Max=2012, Min=6, Avg=35.25, 90=92, 99=136, 99.9=177, 99.99=1925] [INSERT: Count=1052, Max=349, Min=149, Avg=177.93, 90=198, 99=249, 99.9=312, 99.99=349] [READ-FAILED: Count=4714, Max=103, Min=42, Avg=59.25, 90=68, 99=78, 99.9=92, 99.99=103] 
2026-04-29 15:38:43:489 85 sec: 1792123 operations; 21695 current ops/sec; [READ: Count=16610, Max=1747, Min=6, Avg=32.38, 90=90, 99=142, 99.9=329, 99.99=1730] [INSERT: Count=994, Max=5947, Min=152, Avg=194.83, 90=209, 99=252, 99.9=5947, 99.99=5947] [READ-FAILED: Count=4088, Max=318, Min=42, Avg=59.97, 90=70, 99=80, 99.9=95, 99.99=318] 
2026-04-29 15:38:44:489 86 sec: 1812121 operations; 19998 current ops/sec; [READ: Count=14075, Max=1916, Min=6, Avg=35.33, 90=94, 99=138, 99.9=317, 99.99=1803] [INSERT: Count=1053, Max=287, Min=152, Avg=180.23, 90=198, 99=240, 99.9=283, 99.99=287] [READ-FAILED: Count=4876, Max=131, Min=44, Avg=59.76, 90=69, 99=79, 99.9=100, 99.99=131] 
2026-04-29 15:38:45:489 87 sec: 1832360 operations; 20239 current ops/sec; [READ: Count=14496, Max=1894, Min=6, Avg=35.12, 90=94, 99=137, 99.9=242, 99.99=1890] [INSERT: Count=1030, Max=334, Min=147, Avg=182.04, 90=201, 99=249, 99.9=284, 99.99=334] [READ-FAILED: Count=4708, Max=132, Min=42, Avg=59.78, 90=69, 99=79, 99.9=96, 99.99=132] 
2026-04-29 15:38:46:196 - NewTail completed: 
2026-04-29 15:38:46:198 - Compaction started: 
140692256880192:Compacting datalog/59 datalog/60 into:sstable1/1007d84e-2e52-4aed-b322-f9373f14a8a8202604290937181777477126310553391.sst
2026-04-29 15:38:46:362 - Compaction completed: 
2026-04-29 15:38:46:489 88 sec: 1851729 operations; 19369 current ops/sec; [READ: Count=14777, Max=1759, Min=6, Avg=33.69, 90=93, 99=142, 99.9=300, 99.99=1550] [INSERT: Count=930, Max=71103, Min=151, Avg=273.62, 90=205, 99=781, 99.9=71103, 99.99=71103] [READ-FAILED: Count=3662, Max=3203, Min=43, Avg=61.9, 90=71, 99=81, 99.9=179, 99.99=3203] 
2026-04-29 15:38:47:489 89 sec: 1870492 operations; 18763 current ops/sec; [READ: Count=13126, Max=1876, Min=6, Avg=38.55, 90=94, 99=137, 99.9=232, 99.99=1876] [INSERT: Count=1038, Max=269, Min=155, Avg=183.48, 90=201, 99=249, 99.9=267, 99.99=269] [READ-FAILED: Count=4601, Max=136, Min=44, Avg=61.41, 90=71, 99=81, 99.9=117, 99.99=136] 
Maximum time elapsed. Requesting stop for the workload.
Stop requested for workload. Now Joining!
2026-04-29 15:38:48:489 90 sec: 1890331 operations; 19839 current ops/sec; [READ: Count=14334, Max=1792, Min=6, Avg=36.54, 90=95, 99=140, 99.9=356, 99.99=1758] [INSERT: Count=997, Max=316, Min=150, Avg=179.77, 90=197, 99=251, 99.9=316, 99.99=316] [READ-FAILED: Count=4509, Max=321, Min=43, Avg=61.11, 90=71, 99=81, 99.9=93, 99.99=321] 
[OZONEDB-PROFILE] reads=1795763  avg_total=36.67us  view=4.78us(13.0%)  log=1.61us(4.4%)  sst=47.21us_per_call x 1144880_calls(82.1%_of_total)
[OZONEDB-SST-PROFILE] level | time_total_ms | enters | range_rejects | table_gets | hits
[OZONEDB-SST-PROFILE] L1  |     16346.03 |  7310185 |       792260 |    6517925 | 447106
[OZONEDB-SST-PROFILE] L2  |      4234.41 |  1393855 |       696086 |     697769 |  52414
[OZONEDB-SST-PROFILE] L3  |      3454.26 |  1289704 |       644348 |     645356 |  36858
[OZONEDB-SST-PROFILE] L4  |      3078.65 |  1215700 |       607212 |     608488 |  29065
[OZONEDB-SST-PROFILE] L5  |      2686.11 |  1158043 |       578642 |     579401 |  23554
[OZONEDB-SST-PROFILE] L6  |      2495.33 |  1111142 |       555275 |     555867 |  19848
[OZONEDB-SST-PROFILE] L7  |     21106.52 |  2047832 |           65 |    2047767 | 123463
[OZONEDB-TBL-PROFILE] file_filter_reject=10807629  block_filter_reject=111345  index_invalid=0  block_read_more=413182  hit_from_cache=320417  miss_after_read=1291  found=732308
2026-04-29 15:38:48:558 90 sec: 1890341 operations; 144.93 current ops/sec; [READ: Count=3, Max=120, Min=12, Avg=48.33, 90=120, 99=120, 99.9=120, 99.99=120] [CLEANUP: Count=1, Max=68287, Min=68224, Avg=68256, 90=68287, 99=68287, 99.9=68287, 99.99=68287] [INSERT: Count=1, Max=597, Min=597, Avg=597, 90=597, 99=597, 99.9=597, 99.99=597] [READ-FAILED: Count=0, Max=0, Min=0, Avg=0, 90=0, 99=0, 99.9=0, 99.99=0] 
[OVERALL], RunTime(ms), 90071
[OVERALL], Throughput(ops/sec), 20987.232294523208
[TOTAL_GCS_PS_Scavenge], Count, 9
[TOTAL_GC_TIME_PS_Scavenge], Time(ms), 31
[TOTAL_GC_TIME_%_PS_Scavenge], Time(%), 0.03441729302439187
[TOTAL_GCS_PS_MarkSweep], Count, 0
[TOTAL_GC_TIME_PS_MarkSweep], Time(ms), 0
[TOTAL_GC_TIME_%_PS_MarkSweep], Time(%), 0.0
[TOTAL_GCs], Count, 9
[TOTAL_GC_TIME], Time(ms), 31
[TOTAL_GC_TIME_%], Time(%), 0.03441729302439187
[READ], Operations, 1383191
[READ], AverageLatency(us), 33.073454786793725
[READ], MinLatency(us), 4
[READ], MaxLatency(us), 47519
[READ], 95thPercentileLatency(us), 109
[READ], 99thPercentileLatency(us), 135
[READ], Return=OK, 1383191
[READ], Return=NOT_FOUND, 412572
[CLEANUP], Operations, 1
[CLEANUP], AverageLatency(us), 68256.0
[CLEANUP], MinLatency(us), 68224
[CLEANUP], MaxLatency(us), 68287
[CLEANUP], 95thPercentileLatency(us), 68287
[CLEANUP], 99thPercentileLatency(us), 68287
[INSERT], Operations, 94578
[INSERT], AverageLatency(us), 205.51885216435113
[INSERT], MinLatency(us), 141
[INSERT], MaxLatency(us), 90111
[INSERT], 95thPercentileLatency(us), 222
[INSERT], 99thPercentileLatency(us), 309
[INSERT], Return=OK, 94578
[READ-FAILED], Operations, 412572
[READ-FAILED], AverageLatency(us), 54.19100181301688
[READ-FAILED], MinLatency(us), 29
[READ-FAILED], MaxLatency(us), 5055
[READ-FAILED], 95thPercentileLatency(us), 68
[READ-FAILED], 99thPercentileLatency(us), 77
	Command being timed: "/usr/lib/jvm/java-8-openjdk-amd64/bin/java -cp /users/Xinying/ozonedb/ycsb/ozonedb/conf:/users/Xinying/ozonedb/ycsb/ozonedb/target/ozonedb-binding-0.18.0-SNAPSHOT.jar:/users/Xinying/.m2/repository/org/apache/htrace/htrace-core4/4.1.0-incubating/htrace-core4-4.1.0-incubating.jar:/users/Xinying/.m2/repository/org/slf4j/slf4j-api/1.7.25/slf4j-api-1.7.25.jar:/users/Xinying/.m2/repository/org/hdrhistogram/HdrHistogram/2.1.12/HdrHistogram-2.1.12.jar:/users/Xinying/.m2/repository/ch/qos/logback/logback-classic/1.2.3/logback-classic-1.2.3.jar:/users/Xinying/.m2/repository/ozonedbjnimaven/demoproc-jni/1.0/demoproc-jni-1.0.jar:/users/Xinying/.m2/repository/ch/qos/logback/logback-core/1.2.3/logback-core-1.2.3.jar:/users/Xinying/.m2/repository/org/codehaus/jackson/jackson-mapper-asl/1.9.4/jackson-mapper-asl-1.9.4.jar:/users/Xinying/.m2/repository/org/slf4j/slf4j-simple/1.7.25/slf4j-simple-1.7.25.jar:/users/Xinying/.m2/repository/org/codehaus/jackson/jackson-core-asl/1.9.4/jackson-core-asl-1.9.4.jar:/users/Xinying/ozonedb/ycsb/core/target/core-0.18.0-SNAPSHOT.jar site.ycsb.Client -db site.ycsb.db.OzoneDBClient -threads 1 -s -P /users/Xinying/ozonedb/ycsb/workloads/generated_workloads/workloadd_1KB_1000000_1000000 -p status.interval=1 -p maxexecutiontime=90 -p operationcount=0 -p shared_config=/tmp/phase1_ozonedb_configs/shared_config_SHARED_workloadd_p8_r1_proc2.json -t"
	User time (seconds): 57.70
	System time (seconds): 26.72
	Percent of CPU this job got: 92%
	Elapsed (wall clock) time (h:mm:ss or m:ss): 1:31.70
	Average shared text size (kbytes): 0
	Average unshared data size (kbytes): 0
	Average stack size (kbytes): 0
	Average total size (kbytes): 0
	Maximum resident set size (kbytes): 4301504
	Average resident set size (kbytes): 0
	Major (requiring I/O) page faults: 449
	Minor (reclaiming a frame) page faults: 1113869
	Voluntary context switches: 228124
	Involuntary context switches: 938
	Swaps: 0
	File system inputs: 8691907
	File system outputs: 283634
	Socket messages sent: 0
	Socket messages received: 0
	Signals delivered: 0
	Page size (bytes): 4096
	Exit status: 0
