# CMD: /usr/bin/time -v /usr/lib/jvm/java-8-openjdk-amd64/bin/java -cp /users/Xinying/ozonedb/ycsb/ozonedb/conf:/users/Xinying/ozonedb/ycsb/ozonedb/target/ozonedb-binding-0.18.0-SNAPSHOT.jar:/users/Xinying/.m2/repository/org/apache/htrace/htrace-core4/4.1.0-incubating/htrace-core4-4.1.0-incubating.jar:/users/Xinying/.m2/repository/org/slf4j/slf4j-api/1.7.25/slf4j-api-1.7.25.jar:/users/Xinying/.m2/repository/org/hdrhistogram/HdrHistogram/2.1.12/HdrHistogram-2.1.12.jar:/users/Xinying/.m2/repository/ch/qos/logback/logback-classic/1.2.3/logback-classic-1.2.3.jar:/users/Xinying/.m2/repository/ozonedbjnimaven/demoproc-jni/1.0/demoproc-jni-1.0.jar:/users/Xinying/.m2/repository/ch/qos/logback/logback-core/1.2.3/logback-core-1.2.3.jar:/users/Xinying/.m2/repository/org/codehaus/jackson/jackson-mapper-asl/1.9.4/jackson-mapper-asl-1.9.4.jar:/users/Xinying/.m2/repository/org/slf4j/slf4j-simple/1.7.25/slf4j-simple-1.7.25.jar:/users/Xinying/.m2/repository/org/codehaus/jackson/jackson-core-asl/1.9.4/jackson-core-asl-1.9.4.jar:/users/Xinying/ozonedb/ycsb/core/target/core-0.18.0-SNAPSHOT.jar site.ycsb.Client -db site.ycsb.db.OzoneDBClient -threads 1 -s -P /users/Xinying/ozonedb/ycsb/workloads/generated_workloads/workloadc_1KB_1000000_1000000 -p status.interval=1 -p maxexecutiontime=90 -p operationcount=0 -p shared_config=/tmp/phase1_ozonedb_configs/shared_config_SHARED_workloadc_p8_r1_proc5.json -t
# shared_work_path=/tank/ycsb_data/multi-proc-run/shared_ozonedb  proc_id=5/8
Command line: -db site.ycsb.db.OzoneDBClient -threads 1 -s -P /users/Xinying/ozonedb/ycsb/workloads/generated_workloads/workloadc_1KB_1000000_1000000 -p status.interval=1 -p maxexecutiontime=90 -p operationcount=0 -p shared_config=/tmp/phase1_ozonedb_configs/shared_config_SHARED_workloadc_p8_r1_proc5.json -t
YCSB Client 0.18.0-SNAPSHOT

Loading workload...
Starting test.
SLF4J: Class path contains multiple SLF4J bindings.
SLF4J: Found binding in [jar:file:/users/Xinying/.m2/repository/ch/qos/logback/logback-classic/1.2.3/logback-classic-1.2.3.jar!/org/slf4j/impl/StaticLoggerBinder.class]
SLF4J: Found binding in [jar:file:/users/Xinying/.m2/repository/org/slf4j/slf4j-simple/1.7.25/slf4j-simple-1.7.25.jar!/org/slf4j/impl/StaticLoggerBinder.class]
SLF4J: See http://www.slf4j.org/codes.html#multiple_bindings for an explanation.
SLF4J: Actual binding is of type [ch.qos.logback.classic.util.ContextSelectorStaticBinder]
Maximum execution time specified as: 90 secs
2026-04-29 15:30:43:598 0 sec: 0 operations; 
Starting compaction watcher
DBWrapper: report latency for each error is false and specific error codes to track for latency are: []
2026-04-29 15:30:44:599 1 sec: 7682 operations; 7682 current ops/sec; [READ: Count=7703, Max=48319, Min=5, Avg=90.61, 90=125, 99=183, 99.9=812, 99.99=48319] 
2026-04-29 15:30:45:598 2 sec: 20825 operations; 13143 current ops/sec; [READ: Count=13128, Max=2083, Min=5, Avg=74.02, 90=111, 99=145, 99.9=222, 99.99=351] 
2026-04-29 15:30:46:598 3 sec: 34533 operations; 13708 current ops/sec; [READ: Count=13714, Max=4155, Min=5, Avg=71.17, 90=110, 99=137, 99.9=197, 99.99=648] 
2026-04-29 15:30:47:598 4 sec: 48477 operations; 13944 current ops/sec; [READ: Count=13939, Max=432, Min=5, Avg=69.96, 90=110, 99=137, 99.9=172, 99.99=416] 
2026-04-29 15:30:48:598 5 sec: 62389 operations; 13912 current ops/sec; [READ: Count=13914, Max=639, Min=5, Avg=70.16, 90=111, 99=136, 99.9=159, 99.99=632] 
2026-04-29 15:30:49:598 6 sec: 76391 operations; 14002 current ops/sec; [READ: Count=13999, Max=628, Min=5, Avg=69.98, 90=111, 99=136, 99.9=159, 99.99=615] 
2026-04-29 15:30:50:598 7 sec: 90502 operations; 14111 current ops/sec; [READ: Count=14110, Max=543, Min=5, Avg=69.43, 90=111, 99=135, 99.9=157, 99.99=374] 
2026-04-29 15:30:51:598 8 sec: 104466 operations; 13964 current ops/sec; [READ: Count=13964, Max=745, Min=5, Avg=70.17, 90=112, 99=135, 99.9=153, 99.99=530] 
2026-04-29 15:30:52:598 9 sec: 118471 operations; 14005 current ops/sec; [READ: Count=14007, Max=792, Min=5, Avg=69.97, 90=111, 99=136, 99.9=166, 99.99=685] 
2026-04-29 15:30:53:598 10 sec: 132576 operations; 14105 current ops/sec; [READ: Count=14104, Max=459, Min=5, Avg=69.54, 90=111, 99=132, 99.9=153, 99.99=428] 
2026-04-29 15:30:54:598 11 sec: 146601 operations; 14025 current ops/sec; [READ: Count=14026, Max=764, Min=5, Avg=69.92, 90=111, 99=135, 99.9=151, 99.99=704] 
2026-04-29 15:30:55:598 12 sec: 160496 operations; 13895 current ops/sec; [READ: Count=13895, Max=6263, Min=5, Avg=70.57, 90=112, 99=136, 99.9=158, 99.99=388] 
2026-04-29 15:30:56:598 13 sec: 174635 operations; 14139 current ops/sec; [READ: Count=14136, Max=448, Min=4, Avg=69.43, 90=111, 99=135, 99.9=156, 99.99=431] 
2026-04-29 15:30:57:598 14 sec: 188681 operations; 14046 current ops/sec; [READ: Count=14051, Max=454, Min=5, Avg=69.9, 90=111, 99=138, 99.9=164, 99.99=433] 
2026-04-29 15:30:58:598 15 sec: 203024 operations; 14343 current ops/sec; [READ: Count=14339, Max=427, Min=4, Avg=68.6, 90=110, 99=136, 99.9=177, 99.99=426] 
2026-04-29 15:30:59:598 16 sec: 217466 operations; 14442 current ops/sec; [READ: Count=14447, Max=433, Min=4, Avg=68.12, 90=110, 99=133, 99.9=154, 99.99=345] 
2026-04-29 15:31:00:598 17 sec: 231854 operations; 14388 current ops/sec; [READ: Count=14386, Max=468, Min=5, Avg=68.37, 90=110, 99=137, 99.9=386, 99.99=435] 
2026-04-29 15:31:01:598 18 sec: 246129 operations; 14275 current ops/sec; [READ: Count=14277, Max=458, Min=5, Avg=68.93, 90=110, 99=134, 99.9=402, 99.99=448] 
2026-04-29 15:31:02:598 19 sec: 260468 operations; 14339 current ops/sec; [READ: Count=14335, Max=704, Min=5, Avg=68.65, 90=110, 99=135, 99.9=165, 99.99=465] 
2026-04-29 15:31:03:598 20 sec: 274844 operations; 14376 current ops/sec; [READ: Count=14379, Max=436, Min=5, Avg=68.43, 90=110, 99=135, 99.9=155, 99.99=404] 
2026-04-29 15:31:04:598 21 sec: 289338 operations; 14494 current ops/sec; [READ: Count=14495, Max=399, Min=4, Avg=67.89, 90=110, 99=133, 99.9=149, 99.99=191] 
2026-04-29 15:31:05:598 22 sec: 303729 operations; 14391 current ops/sec; [READ: Count=14387, Max=432, Min=5, Avg=68.4, 90=110, 99=134, 99.9=153, 99.99=327] 
2026-04-29 15:31:06:598 23 sec: 318137 operations; 14408 current ops/sec; [READ: Count=14410, Max=429, Min=5, Avg=68.29, 90=110, 99=134, 99.9=151, 99.99=418] 
2026-04-29 15:31:07:598 24 sec: 332413 operations; 14276 current ops/sec; [READ: Count=14275, Max=476, Min=4, Avg=68.92, 90=110, 99=137, 99.9=393, 99.99=451] 
2026-04-29 15:31:08:598 25 sec: 346699 operations; 14286 current ops/sec; [READ: Count=14285, Max=4359, Min=4, Avg=68.85, 90=110, 99=136, 99.9=316, 99.99=744] 
2026-04-29 15:31:09:598 26 sec: 360914 operations; 14215 current ops/sec; [READ: Count=14216, Max=472, Min=5, Avg=69.2, 90=110, 99=134, 99.9=154, 99.99=440] 
2026-04-29 15:31:10:599 27 sec: 375279 operations; 14365 current ops/sec; [READ: Count=14363, Max=430, Min=4, Avg=68.51, 90=110, 99=135, 99.9=299, 99.99=427] 
2026-04-29 15:31:11:598 28 sec: 389739 operations; 14460 current ops/sec; [READ: Count=14463, Max=480, Min=4, Avg=68.03, 90=110, 99=134, 99.9=161, 99.99=436] 
2026-04-29 15:31:12:598 29 sec: 404045 operations; 14306 current ops/sec; [READ: Count=14302, Max=424, Min=5, Avg=68.82, 90=110, 99=138, 99.9=172, 99.99=417] 
2026-04-29 15:31:13:598 30 sec: 418426 operations; 14381 current ops/sec; [READ: Count=14382, Max=424, Min=4, Avg=68.43, 90=110, 99=135, 99.9=153, 99.99=372] 
2026-04-29 15:31:14:599 31 sec: 432826 operations; 14385.61 current ops/sec; [READ: Count=14400, Max=430, Min=4, Avg=68.39, 90=110, 99=136, 99.9=189, 99.99=430] 
2026-04-29 15:31:15:598 32 sec: 447196 operations; 14384.38 current ops/sec; [READ: Count=14369, Max=478, Min=4, Avg=68.42, 90=110, 99=136, 99.9=171, 99.99=452] 
2026-04-29 15:31:16:598 33 sec: 461531 operations; 14335 current ops/sec; [READ: Count=14337, Max=469, Min=5, Avg=68.65, 90=110, 99=134, 99.9=157, 99.99=438] 
2026-04-29 15:31:17:598 34 sec: 475981 operations; 14450 current ops/sec; [READ: Count=14447, Max=480, Min=5, Avg=68.12, 90=110, 99=135, 99.9=159, 99.99=455] 
2026-04-29 15:31:18:598 35 sec: 490348 operations; 14367 current ops/sec; [READ: Count=14368, Max=635, Min=5, Avg=68.51, 90=110, 99=136, 99.9=328, 99.99=613] 
2026-04-29 15:31:19:598 36 sec: 504719 operations; 14371 current ops/sec; [READ: Count=14370, Max=1219, Min=4, Avg=68.49, 90=110, 99=134, 99.9=166, 99.99=643] 
2026-04-29 15:31:20:598 37 sec: 519132 operations; 14413 current ops/sec; [READ: Count=14413, Max=814, Min=5, Avg=68.29, 90=110, 99=135, 99.9=181, 99.99=674] 
2026-04-29 15:31:21:598 38 sec: 533370 operations; 14238 current ops/sec; [READ: Count=14238, Max=3957, Min=4, Avg=69.09, 90=110, 99=135, 99.9=164, 99.99=443] 
2026-04-29 15:31:22:598 39 sec: 547658 operations; 14288 current ops/sec; [READ: Count=14290, Max=708, Min=4, Avg=68.89, 90=110, 99=133, 99.9=151, 99.99=423] 
2026-04-29 15:31:23:598 40 sec: 561971 operations; 14313 current ops/sec; [READ: Count=14311, Max=410, Min=4, Avg=68.79, 90=110, 99=135, 99.9=159, 99.99=406] 
2026-04-29 15:31:24:598 41 sec: 576312 operations; 14341 current ops/sec; [READ: Count=14343, Max=430, Min=4, Avg=68.63, 90=110, 99=136, 99.9=157, 99.99=416] 
2026-04-29 15:31:25:598 42 sec: 590765 operations; 14453 current ops/sec; [READ: Count=14452, Max=410, Min=5, Avg=68.11, 90=110, 99=133, 99.9=155, 99.99=408] 
2026-04-29 15:31:26:598 43 sec: 604995 operations; 14230 current ops/sec; [READ: Count=14230, Max=441, Min=5, Avg=69.19, 90=110, 99=135, 99.9=179, 99.99=436] 
2026-04-29 15:31:27:598 44 sec: 619231 operations; 14236 current ops/sec; [READ: Count=14235, Max=444, Min=5, Avg=69.16, 90=110, 99=133, 99.9=159, 99.99=407] 
2026-04-29 15:31:28:598 45 sec: 633558 operations; 14327 current ops/sec; [READ: Count=14326, Max=429, Min=5, Avg=68.71, 90=110, 99=135, 99.9=349, 99.99=420] 
2026-04-29 15:31:29:598 46 sec: 647997 operations; 14439 current ops/sec; [READ: Count=14439, Max=412, Min=5, Avg=68.18, 90=110, 99=134, 99.9=151, 99.99=394] 
2026-04-29 15:31:30:598 47 sec: 662420 operations; 14423 current ops/sec; [READ: Count=14425, Max=414, Min=4, Avg=68.25, 90=110, 99=134, 99.9=153, 99.99=405] 
2026-04-29 15:31:31:598 48 sec: 676707 operations; 14287 current ops/sec; [READ: Count=14286, Max=420, Min=5, Avg=68.92, 90=110, 99=135, 99.9=161, 99.99=408] 
2026-04-29 15:31:32:598 49 sec: 691136 operations; 14429 current ops/sec; [READ: Count=14432, Max=450, Min=4, Avg=68.21, 90=110, 99=135, 99.9=153, 99.99=404] 
2026-04-29 15:31:33:598 50 sec: 705400 operations; 14264 current ops/sec; [READ: Count=14262, Max=475, Min=5, Avg=69.03, 90=110, 99=135, 99.9=358, 99.99=456] 
2026-04-29 15:31:34:598 51 sec: 719595 operations; 14195 current ops/sec; [READ: Count=14194, Max=4883, Min=5, Avg=69.33, 90=110, 99=134, 99.9=363, 99.99=453] 
2026-04-29 15:31:35:598 52 sec: 733903 operations; 14308 current ops/sec; [READ: Count=14309, Max=660, Min=5, Avg=68.79, 90=110, 99=135, 99.9=165, 99.99=361] 
2026-04-29 15:31:36:598 53 sec: 748345 operations; 14442 current ops/sec; [READ: Count=14441, Max=606, Min=5, Avg=68.13, 90=110, 99=133, 99.9=152, 99.99=364] 
2026-04-29 15:31:37:598 54 sec: 762672 operations; 14327 current ops/sec; [READ: Count=14329, Max=607, Min=5, Avg=68.69, 90=110, 99=134, 99.9=165, 99.99=583] 
2026-04-29 15:31:38:598 55 sec: 776967 operations; 14295 current ops/sec; [READ: Count=14294, Max=454, Min=5, Avg=68.85, 90=110, 99=135, 99.9=155, 99.99=405] 
2026-04-29 15:31:39:598 56 sec: 791317 operations; 14350 current ops/sec; [READ: Count=14348, Max=863, Min=4, Avg=68.59, 90=110, 99=135, 99.9=160, 99.99=661] 
2026-04-29 15:31:40:598 57 sec: 805604 operations; 14287 current ops/sec; [READ: Count=14287, Max=651, Min=4, Avg=68.9, 90=110, 99=136, 99.9=178, 99.99=607] 
2026-04-29 15:31:41:598 58 sec: 819973 operations; 14369 current ops/sec; [READ: Count=14369, Max=622, Min=4, Avg=68.49, 90=110, 99=136, 99.9=160, 99.99=466] 
2026-04-29 15:31:42:598 59 sec: 834281 operations; 14308 current ops/sec; [READ: Count=14307, Max=425, Min=5, Avg=68.79, 90=110, 99=135, 99.9=154, 99.99=382] 
2026-04-29 15:31:43:598 60 sec: 848562 operations; 14281 current ops/sec; [READ: Count=14282, Max=419, Min=4, Avg=68.91, 90=110, 99=137, 99.9=163, 99.99=416] 
2026-04-29 15:31:44:598 61 sec: 862896 operations; 14334 current ops/sec; [READ: Count=14334, Max=441, Min=5, Avg=68.67, 90=110, 99=136, 99.9=165, 99.99=401] 
2026-04-29 15:31:45:598 62 sec: 877276 operations; 14380 current ops/sec; [READ: Count=14382, Max=471, Min=4, Avg=68.43, 90=110, 99=134, 99.9=164, 99.99=433] 
2026-04-29 15:31:46:598 63 sec: 891616 operations; 14340 current ops/sec; [READ: Count=14340, Max=398, Min=4, Avg=68.64, 90=110, 99=136, 99.9=153, 99.99=319] 
2026-04-29 15:31:47:598 64 sec: 906004 operations; 14388 current ops/sec; [READ: Count=14387, Max=645, Min=4, Avg=68.4, 90=110, 99=134, 99.9=149, 99.99=364] 
2026-04-29 15:31:48:598 65 sec: 920124 operations; 14120 current ops/sec; [READ: Count=14120, Max=436, Min=5, Avg=69.43, 90=111, 99=136, 99.9=167, 99.99=407] 
2026-04-29 15:31:49:598 66 sec: 934408 operations; 14284 current ops/sec; [READ: Count=14284, Max=537, Min=5, Avg=68.9, 90=110, 99=135, 99.9=155, 99.99=454] 
2026-04-29 15:31:50:598 67 sec: 948715 operations; 14307 current ops/sec; [READ: Count=14306, Max=479, Min=5, Avg=68.79, 90=110, 99=134, 99.9=154, 99.99=473] 
2026-04-29 15:31:51:598 68 sec: 963042 operations; 14327 current ops/sec; [READ: Count=14328, Max=424, Min=5, Avg=68.69, 90=110, 99=133, 99.9=153, 99.99=362] 
2026-04-29 15:31:52:598 69 sec: 977413 operations; 14371 current ops/sec; [READ: Count=14370, Max=187, Min=5, Avg=68.48, 90=110, 99=134, 99.9=154, 99.99=183] 
2026-04-29 15:31:53:598 70 sec: 991802 operations; 14389 current ops/sec; [READ: Count=14389, Max=407, Min=5, Avg=68.39, 90=110, 99=135, 99.9=155, 99.99=375] 
2026-04-29 15:31:54:598 71 sec: 1006171 operations; 14369 current ops/sec; [READ: Count=14369, Max=378, Min=4, Avg=68.49, 90=110, 99=134, 99.9=153, 99.99=321] 
2026-04-29 15:31:55:598 72 sec: 1020502 operations; 14331 current ops/sec; [READ: Count=14331, Max=412, Min=5, Avg=68.67, 90=110, 99=135, 99.9=164, 99.99=402] 
2026-04-29 15:31:56:598 73 sec: 1034733 operations; 14231 current ops/sec; [READ: Count=14230, Max=410, Min=4, Avg=69.16, 90=110, 99=134, 99.9=154, 99.99=373] 
2026-04-29 15:31:57:598 74 sec: 1049086 operations; 14353 current ops/sec; [READ: Count=14355, Max=426, Min=5, Avg=68.56, 90=110, 99=135, 99.9=307, 99.99=418] 
2026-04-29 15:31:58:598 75 sec: 1063359 operations; 14273 current ops/sec; [READ: Count=14272, Max=613, Min=4, Avg=68.96, 90=110, 99=135, 99.9=156, 99.99=398] 
2026-04-29 15:31:59:598 76 sec: 1077671 operations; 14312 current ops/sec; [READ: Count=14311, Max=412, Min=4, Avg=68.77, 90=110, 99=135, 99.9=194, 99.99=400] 
2026-04-29 15:32:00:598 77 sec: 1092128 operations; 14457 current ops/sec; [READ: Count=14459, Max=165, Min=5, Avg=68.06, 90=110, 99=132, 99.9=147, 99.99=163] 
2026-04-29 15:32:01:598 78 sec: 1106271 operations; 14143 current ops/sec; [READ: Count=14143, Max=4399, Min=5, Avg=69.59, 90=111, 99=135, 99.9=161, 99.99=397] 
2026-04-29 15:32:02:598 79 sec: 1120452 operations; 14181 current ops/sec; [READ: Count=14180, Max=830, Min=5, Avg=69.43, 90=110, 99=136, 99.9=313, 99.99=775] 
2026-04-29 15:32:03:598 80 sec: 1134692 operations; 14240 current ops/sec; [READ: Count=14242, Max=640, Min=5, Avg=69.13, 90=110, 99=136, 99.9=160, 99.99=437] 
2026-04-29 15:32:04:598 81 sec: 1149114 operations; 14422 current ops/sec; [READ: Count=14420, Max=406, Min=5, Avg=68.26, 90=110, 99=134, 99.9=154, 99.99=380] 
2026-04-29 15:32:05:598 82 sec: 1163433 operations; 14319 current ops/sec; [READ: Count=14319, Max=369, Min=5, Avg=68.76, 90=110, 99=134, 99.9=161, 99.99=368] 
2026-04-29 15:32:06:598 83 sec: 1177857 operations; 14424 current ops/sec; [READ: Count=14424, Max=376, Min=5, Avg=68.26, 90=110, 99=135, 99.9=155, 99.99=365] 
2026-04-29 15:32:07:598 84 sec: 1192134 operations; 14277 current ops/sec; [READ: Count=14277, Max=429, Min=4, Avg=68.96, 90=110, 99=136, 99.9=164, 99.99=409] 
2026-04-29 15:32:08:598 85 sec: 1206691 operations; 14557 current ops/sec; [READ: Count=14561, Max=432, Min=4, Avg=67.62, 90=109, 99=134, 99.9=154, 99.99=392] 
2026-04-29 15:32:09:598 86 sec: 1221175 operations; 14484 current ops/sec; [READ: Count=14480, Max=485, Min=5, Avg=67.96, 90=109, 99=134, 99.9=152, 99.99=402] 
2026-04-29 15:32:10:598 87 sec: 1235578 operations; 14403 current ops/sec; [READ: Count=14403, Max=478, Min=5, Avg=68.35, 90=109, 99=135, 99.9=345, 99.99=444] 
2026-04-29 15:32:11:598 88 sec: 1250090 operations; 14512 current ops/sec; [READ: Count=14513, Max=415, Min=4, Avg=67.83, 90=109, 99=133, 99.9=152, 99.99=389] 
2026-04-29 15:32:12:598 89 sec: 1264510 operations; 14420 current ops/sec; [READ: Count=14419, Max=669, Min=4, Avg=68.26, 90=109, 99=133, 99.9=178, 99.99=433] 
Maximum time elapsed. Requesting stop for the workload.
Stop requested for workload. Now Joining!
2026-04-29 15:32:13:598 90 sec: 1278898 operations; 14388 current ops/sec; [READ: Count=14388, Max=4715, Min=5, Avg=68.37, 90=110, 99=134, 99.9=172, 99.99=448] 
[OZONEDB-PROFILE] reads=1278906  avg_total=67.26us  view=3.79us(5.6%)  log=0.72us(1.1%)  sst=63.53us_per_call x 1259186_calls(93.0%_of_total)
[OZONEDB-SST-PROFILE] level | time_total_ms | enters | range_rejects | table_gets | hits
[OZONEDB-SST-PROFILE] L1  |      6293.29 |  2516607 |      1257441 |    1259166 |  79544
[OZONEDB-SST-PROFILE] L2  |      5363.68 |  2357477 |      1177856 |    1179621 |  68528
[OZONEDB-SST-PROFILE] L3  |      5360.70 |  2220624 |      1109517 |    1111107 |  73698
[OZONEDB-SST-PROFILE] L4  |      5508.98 |  2072287 |      1034892 |    1037395 | 115639
[OZONEDB-SST-PROFILE] L5  |      4819.33 |  1841470 |       919767 |     921703 |  58558
[OZONEDB-SST-PROFILE] L6  |      4780.77 |  1724387 |       861204 |     863183 |  69381
[OZONEDB-SST-PROFILE] L7  |     47113.31 |  2768191 |          110 |    2768081 | 793838
[OZONEDB-TBL-PROFILE] file_filter_reject=7754594  block_filter_reject=124956  index_invalid=0  block_read_more=729559  hit_from_cache=531147  miss_after_read=1520  found=1259186
2026-04-29 15:32:13:674 90 sec: 1278906 operations; 106.67 current ops/sec; [READ: Count=6, Max=97, Min=21, Avg=59.33, 90=97, 99=97, 99.9=97, 99.99=97] [CLEANUP: Count=1, Max=74111, Min=74048, Avg=74080, 90=74111, 99=74111, 99.9=74111, 99.99=74111] 
[OVERALL], RunTime(ms), 90076
[OVERALL], Throughput(ops/sec), 14198.077179270838
[TOTAL_GCS_PS_Scavenge], Count, 7
[TOTAL_GC_TIME_PS_Scavenge], Time(ms), 30
[TOTAL_GC_TIME_%_PS_Scavenge], Time(%), 0.03330520893467738
[TOTAL_GCS_PS_MarkSweep], Count, 0
[TOTAL_GC_TIME_PS_MarkSweep], Time(ms), 0
[TOTAL_GC_TIME_%_PS_MarkSweep], Time(%), 0.0
[TOTAL_GCs], Count, 7
[TOTAL_GC_TIME], Time(ms), 30
[TOTAL_GC_TIME_%], Time(%), 0.03330520893467738
[READ], Operations, 1278906
[READ], AverageLatency(us), 68.97814772938746
[READ], MinLatency(us), 4
[READ], MaxLatency(us), 48319
[READ], 95thPercentileLatency(us), 115
[READ], 99thPercentileLatency(us), 135
[READ], Return=OK, 1278906
[CLEANUP], Operations, 1
[CLEANUP], AverageLatency(us), 74080.0
[CLEANUP], MinLatency(us), 74048
[CLEANUP], MaxLatency(us), 74111
[CLEANUP], 95thPercentileLatency(us), 74111
[CLEANUP], 99thPercentileLatency(us), 74111
	Command being timed: "/usr/lib/jvm/java-8-openjdk-amd64/bin/java -cp /users/Xinying/ozonedb/ycsb/ozonedb/conf:/users/Xinying/ozonedb/ycsb/ozonedb/target/ozonedb-binding-0.18.0-SNAPSHOT.jar:/users/Xinying/.m2/repository/org/apache/htrace/htrace-core4/4.1.0-incubating/htrace-core4-4.1.0-incubating.jar:/users/Xinying/.m2/repository/org/slf4j/slf4j-api/1.7.25/slf4j-api-1.7.25.jar:/users/Xinying/.m2/repository/org/hdrhistogram/HdrHistogram/2.1.12/HdrHistogram-2.1.12.jar:/users/Xinying/.m2/repository/ch/qos/logback/logback-classic/1.2.3/logback-classic-1.2.3.jar:/users/Xinying/.m2/repository/ozonedbjnimaven/demoproc-jni/1.0/demoproc-jni-1.0.jar:/users/Xinying/.m2/repository/ch/qos/logback/logback-core/1.2.3/logback-core-1.2.3.jar:/users/Xinying/.m2/repository/org/codehaus/jackson/jackson-mapper-asl/1.9.4/jackson-mapper-asl-1.9.4.jar:/users/Xinying/.m2/repository/org/slf4j/slf4j-simple/1.7.25/slf4j-simple-1.7.25.jar:/users/Xinying/.m2/repository/org/codehaus/jackson/jackson-core-asl/1.9.4/jackson-core-asl-1.9.4.jar:/users/Xinying/ozonedb/ycsb/core/target/core-0.18.0-SNAPSHOT.jar site.ycsb.Client -db site.ycsb.db.OzoneDBClient -threads 1 -s -P /users/Xinying/ozonedb/ycsb/workloads/generated_workloads/workloadc_1KB_1000000_1000000 -p status.interval=1 -p maxexecutiontime=90 -p operationcount=0 -p shared_config=/tmp/phase1_ozonedb_configs/shared_config_SHARED_workloadc_p8_r1_proc5.json -t"
	User time (seconds): 60.66
	System time (seconds): 32.34
	Percent of CPU this job got: 101%
	Elapsed (wall clock) time (h:mm:ss or m:ss): 1:31.77
	Average shared text size (kbytes): 0
	Average unshared data size (kbytes): 0
	Average stack size (kbytes): 0
	Average total size (kbytes): 0
	Maximum resident set size (kbytes): 5048996
	Average resident set size (kbytes): 0
	Major (requiring I/O) page faults: 439
	Minor (reclaiming a frame) page faults: 1267753
	Voluntary context switches: 14874
	Involuntary context switches: 707
	Swaps: 0
	File system inputs: 11751095
	File system outputs: 1072
	Socket messages sent: 0
	Socket messages received: 0
	Signals delivered: 0
	Page size (bytes): 4096
	Exit status: 0
