# CMD: /usr/bin/time -v /usr/lib/jvm/java-8-openjdk-amd64/bin/java -cp /users/Xinying/ozonedb/ycsb/ozonedb/conf:/users/Xinying/ozonedb/ycsb/ozonedb/target/ozonedb-binding-0.18.0-SNAPSHOT.jar:/users/Xinying/.m2/repository/org/apache/htrace/htrace-core4/4.1.0-incubating/htrace-core4-4.1.0-incubating.jar:/users/Xinying/.m2/repository/org/slf4j/slf4j-api/1.7.25/slf4j-api-1.7.25.jar:/users/Xinying/.m2/repository/org/hdrhistogram/HdrHistogram/2.1.12/HdrHistogram-2.1.12.jar:/users/Xinying/.m2/repository/ch/qos/logback/logback-classic/1.2.3/logback-classic-1.2.3.jar:/users/Xinying/.m2/repository/ozonedbjnimaven/demoproc-jni/1.0/demoproc-jni-1.0.jar:/users/Xinying/.m2/repository/ch/qos/logback/logback-core/1.2.3/logback-core-1.2.3.jar:/users/Xinying/.m2/repository/org/codehaus/jackson/jackson-mapper-asl/1.9.4/jackson-mapper-asl-1.9.4.jar:/users/Xinying/.m2/repository/org/slf4j/slf4j-simple/1.7.25/slf4j-simple-1.7.25.jar:/users/Xinying/.m2/repository/org/codehaus/jackson/jackson-core-asl/1.9.4/jackson-core-asl-1.9.4.jar:/users/Xinying/ozonedb/ycsb/core/target/core-0.18.0-SNAPSHOT.jar site.ycsb.Client -db site.ycsb.db.OzoneDBClient -threads 1 -s -P /users/Xinying/ozonedb/ycsb/workloads/generated_workloads/workloadd_1KB_1000000_1000000 -p status.interval=1 -p maxexecutiontime=90 -p operationcount=0 -p shared_config=/tmp/phase1_ozonedb_configs/shared_config_SHARED_workloadd_p8_r1_proc3.json -t
# shared_work_path=/tank/ycsb_data/multi-proc-run/shared_ozonedb  proc_id=3/8
Command line: -db site.ycsb.db.OzoneDBClient -threads 1 -s -P /users/Xinying/ozonedb/ycsb/workloads/generated_workloads/workloadd_1KB_1000000_1000000 -p status.interval=1 -p maxexecutiontime=90 -p operationcount=0 -p shared_config=/tmp/phase1_ozonedb_configs/shared_config_SHARED_workloadd_p8_r1_proc3.json -t
YCSB Client 0.18.0-SNAPSHOT

Loading workload...
Starting test.
SLF4J: Class path contains multiple SLF4J bindings.
SLF4J: Found binding in [jar:file:/users/Xinying/.m2/repository/ch/qos/logback/logback-classic/1.2.3/logback-classic-1.2.3.jar!/org/slf4j/impl/StaticLoggerBinder.class]
SLF4J: Found binding in [jar:file:/users/Xinying/.m2/repository/org/slf4j/slf4j-simple/1.7.25/slf4j-simple-1.7.25.jar!/org/slf4j/impl/StaticLoggerBinder.class]
SLF4J: See http://www.slf4j.org/codes.html#multiple_bindings for an explanation.
SLF4J: Actual binding is of type [ch.qos.logback.classic.util.ContextSelectorStaticBinder]
Maximum execution time specified as: 90 secs
2026-04-29 15:37:18:490 0 sec: 0 operations; 
Starting compaction watcher
DBWrapper: report latency for each error is false and specific error codes to track for latency are: []
2026-04-29 15:37:19:490 1 sec: 11829 operations; 11829 current ops/sec; [READ: Count=8536, Max=50367, Min=4, Avg=45.14, 90=98, 99=145, 99.9=495, 99.99=50367] [INSERT: Count=591, Max=26271, Min=161, Avg=272.87, 90=273, 99=823, 99.9=26271, 99.99=26271] [READ-FAILED: Count=2777, Max=1589, Min=32, Avg=53.56, 90=65, 99=88, 99.9=230, 99.99=1589] 
2026-04-29 15:37:20:490 2 sec: 33867 operations; 22038 current ops/sec; [READ: Count=15711, Max=4363, Min=4, Avg=32.32, 90=81, 99=129, 99.9=370, 99.99=2245] [INSERT: Count=1122, Max=1136, Min=151, Avg=182.34, 90=204, 99=258, 99.9=915, 99.99=1136] [READ-FAILED: Count=5147, Max=3179, Min=30, Avg=47.08, 90=55, 99=71, 99.9=112, 99.99=3179] 
2026-04-29 15:37:20:550 - NewTail completed: 
2026-04-29 15:37:21:490 3 sec: 55128 operations; 21261 current ops/sec; [READ: Count=14381, Max=3165, Min=4, Avg=33.83, 90=85, 99=123, 99.9=355, 99.99=2439] [INSERT: Count=1106, Max=1132, Min=149, Avg=180.56, 90=200, 99=249, 99.9=1019, 99.99=1132] [READ-FAILED: Count=5775, Max=148, Min=32, Avg=48.08, 90=57, 99=67, 99.9=80, 99.99=148] 
2026-04-29 15:37:22:490 4 sec: 77441 operations; 22313 current ops/sec; [READ: Count=16679, Max=2315, Min=4, Avg=31.1, 90=85, 99=131, 99.9=355, 99.99=2103] [INSERT: Count=1115, Max=3037, Min=148, Avg=201.88, 90=211, 99=485, 99.9=2845, 99.99=3037] [READ-FAILED: Count=4529, Max=176, Min=32, Avg=48.96, 90=58, 99=67, 99.9=105, 99.99=176] 
2026-04-29 15:37:23:490 5 sec: 101425 operations; 23984 current ops/sec; [READ: Count=17818, Max=1777, Min=4, Avg=28.78, 90=82, 99=128, 99.9=238, 99.99=1676] [INSERT: Count=1164, Max=2223, Min=155, Avg=183.91, 90=203, 99=255, 99.9=496, 99.99=2223] [READ-FAILED: Count=5004, Max=207, Min=31, Avg=47.88, 90=57, 99=76, 99.9=97, 99.99=207] 
2026-04-29 15:37:24:490 6 sec: 121752 operations; 20327 current ops/sec; [READ: Count=15426, Max=3107, Min=4, Avg=30.69, 90=83, 99=129, 99.9=418, 99.99=2349] [INSERT: Count=1001, Max=80767, Min=156, Avg=305.47, 90=246, 99=1018, 99.9=1431, 99.99=80767] [READ-FAILED: Count=3888, Max=321, Min=32, Avg=49.22, 90=59, 99=72, 99.9=105, 99.99=321] 
2026-04-29 15:37:25:490 7 sec: 141920 operations; 20168 current ops/sec; [READ: Count=14184, Max=1991, Min=4, Avg=36.59, 90=86, 99=127, 99.9=268, 99.99=1981] [INSERT: Count=1052, Max=302, Min=159, Avg=194.31, 90=211, 99=258, 99.9=288, 99.99=302] [READ-FAILED: Count=4932, Max=113, Min=34, Avg=50.12, 90=59, 99=70, 99.9=87, 99.99=113] 
2026-04-29 15:37:26:490 8 sec: 163635 operations; 21715 current ops/sec; [READ: Count=15675, Max=1954, Min=4, Avg=33.37, 90=85, 99=126, 99.9=352, 99.99=1852] [INSERT: Count=1063, Max=306, Min=159, Avg=190.38, 90=211, 99=267, 99.9=287, 99.99=306] [READ-FAILED: Count=4983, Max=325, Min=34, Avg=49.41, 90=57, 99=69, 99.9=96, 99.99=325] 
2026-04-29 15:37:27:258 - NewTail completed: 
2026-04-29 15:37:27:489 9 sec: 184361 operations; 20726 current ops/sec; [READ: Count=14899, Max=4923, Min=4, Avg=34.49, 90=89, 99=140, 99.9=379, 99.99=1820] [INSERT: Count=1078, Max=2911, Min=152, Avg=198.52, 90=224, 99=278, 99.9=1315, 99.99=2911] [READ-FAILED: Count=4737, Max=205, Min=33, Avg=51.19, 90=62, 99=84, 99.9=116, 99.99=205] 
2026-04-29 15:37:28:489 10 sec: 206593 operations; 22232 current ops/sec; [READ: Count=15855, Max=2041, Min=4, Avg=31.73, 90=85, 99=127, 99.9=173, 99.99=1765] [INSERT: Count=1122, Max=4291, Min=156, Avg=187.2, 90=203, 99=247, 99.9=308, 99.99=4291] [READ-FAILED: Count=5271, Max=104, Min=32, Avg=49.09, 90=58, 99=69, 99.9=79, 99.99=104] 
2026-04-29 15:37:29:490 11 sec: 226930 operations; 20337 current ops/sec; [READ: Count=14941, Max=2031, Min=4, Avg=31.72, 90=90, 99=139, 99.9=325, 99.99=1995] [INSERT: Count=1067, Max=70399, Min=149, Avg=265.89, 90=217, 99=656, 99.9=1236, 99.99=70399] [READ-FAILED: Count=4318, Max=203, Min=33, Avg=50.72, 90=61, 99=80, 99.9=112, 99.99=203] 
2026-04-29 15:37:30:490 12 sec: 249884 operations; 22954 current ops/sec; [READ: Count=15907, Max=1757, Min=4, Avg=30.29, 90=83, 99=121, 99.9=152, 99.99=1612] [INSERT: Count=1176, Max=654, Min=145, Avg=182.69, 90=203, 99=258, 99.9=291, 99.99=654] [READ-FAILED: Count=5864, Max=182, Min=31, Avg=47.48, 90=56, 99=64, 99.9=81, 99.99=182] 
2026-04-29 15:37:31:490 13 sec: 271611 operations; 21727 current ops/sec; [READ: Count=14986, Max=2299, Min=4, Avg=33.01, 90=84, 99=126, 99.9=381, 99.99=1772] [INSERT: Count=1070, Max=614, Min=149, Avg=185.54, 90=205, 99=250, 99.9=274, 99.99=614] [READ-FAILED: Count=5664, Max=311, Min=33, Avg=49.87, 90=59, 99=69, 99.9=78, 99.99=311] 
2026-04-29 15:37:32:489 14 sec: 294140 operations; 22529 current ops/sec; [READ: Count=16055, Max=1805, Min=4, Avg=31.47, 90=84, 99=126, 99.9=169, 99.99=1717] [INSERT: Count=1135, Max=1097, Min=148, Avg=177.72, 90=194, 99=245, 99.9=281, 99.99=1097] [READ-FAILED: Count=5352, Max=208, Min=34, Avg=50.21, 90=58, 99=69, 99.9=85, 99.99=208] 
2026-04-29 15:37:33:490 15 sec: 316712 operations; 22572 current ops/sec; [READ: Count=15896, Max=2495, Min=4, Avg=31.28, 90=85, 99=126, 99.9=179, 99.99=1889] [INSERT: Count=1150, Max=330, Min=145, Avg=174.51, 90=195, 99=246, 99.9=305, 99.99=330] [READ-FAILED: Count=5520, Max=313, Min=34, Avg=50.3, 90=59, 99=69, 99.9=100, 99.99=313] 
2026-04-29 15:37:34:490 16 sec: 339506 operations; 22794 current ops/sec; [READ: Count=16544, Max=2137, Min=4, Avg=29.54, 90=83, 99=126, 99.9=200, 99.99=1856] [INSERT: Count=1090, Max=697, Min=145, Avg=176.96, 90=195, 99=249, 99.9=317, 99.99=697] [READ-FAILED: Count=5150, Max=187, Min=32, Avg=49.2, 90=57, 99=68, 99.9=83, 99.99=187] 
2026-04-29 15:37:35:490 17 sec: 360570 operations; 21064 current ops/sec; [READ: Count=14910, Max=2079, Min=4, Avg=31.68, 90=86, 99=126, 99.9=176, 99.99=1959] [INSERT: Count=1058, Max=74623, Min=150, Avg=272.84, 90=214, 99=726, 99.9=1014, 99.99=74623] [READ-FAILED: Count=5109, Max=312, Min=33, Avg=50.07, 90=59, 99=68, 99.9=79, 99.99=312] 
2026-04-29 15:37:36:490 18 sec: 384131 operations; 23561 current ops/sec; [READ: Count=17645, Max=4343, Min=4, Avg=29.99, 90=85, 99=128, 99.9=188, 99.99=2265] [INSERT: Count=1125, Max=2847, Min=145, Avg=182.55, 90=200, 99=242, 99.9=331, 99.99=2847] [READ-FAILED: Count=4793, Max=228, Min=34, Avg=49.86, 90=58, 99=68, 99.9=122, 99.99=228] 
2026-04-29 15:37:37:489 19 sec: 405745 operations; 21614 current ops/sec; [READ: Count=15724, Max=27439, Min=4, Avg=34.02, 90=90, 99=144, 99.9=236, 99.99=2167] [INSERT: Count=1111, Max=1643, Min=142, Avg=179.86, 90=206, 99=279, 99.9=358, 99.99=1643] [READ-FAILED: Count=4774, Max=203, Min=32, Avg=50.44, 90=61, 99=86, 99.9=101, 99.99=203] 
2026-04-29 15:37:38:489 20 sec: 427882 operations; 22137 current ops/sec; [READ: Count=15772, Max=1998, Min=5, Avg=33.28, 90=85, 99=129, 99.9=269, 99.99=1824] [INSERT: Count=1080, Max=313, Min=140, Avg=175.85, 90=195, 99=251, 99.9=307, 99.99=313] [READ-FAILED: Count=5284, Max=302, Min=32, Avg=49.46, 90=58, 99=71, 99.9=106, 99.99=302] 
2026-04-29 15:37:39:490 21 sec: 450327 operations; 22445 current ops/sec; [READ: Count=15706, Max=1882, Min=5, Avg=31.88, 90=85, 99=123, 99.9=168, 99.99=1692] [INSERT: Count=1158, Max=264, Min=148, Avg=178.53, 90=196, 99=246, 99.9=262, 99.99=264] [READ-FAILED: Count=5577, Max=114, Min=29, Avg=48.23, 90=56, 99=66, 99.9=77, 99.99=114] 
2026-04-29 15:37:40:490 22 sec: 470308 operations; 19981 current ops/sec; [READ: Count=14157, Max=1923, Min=5, Avg=31.93, 90=87, 99=129, 99.9=171, 99.99=1848] [INSERT: Count=966, Max=73087, Min=146, Avg=286.31, 90=212, 99=1133, 99.9=73087, 99.99=73087] [READ-FAILED: Count=4866, Max=318, Min=34, Avg=51.23, 90=61, 99=72, 99.9=85, 99.99=318] 
2026-04-29 15:37:41:490 23 sec: 493767 operations; 23459 current ops/sec; [READ: Count=17917, Max=1776, Min=5, Avg=30.28, 90=85, 99=132, 99.9=173, 99.99=1759] [INSERT: Count=1136, Max=307, Min=150, Avg=180.91, 90=202, 99=244, 99.9=303, 99.99=307] [READ-FAILED: Count=4399, Max=109, Min=33, Avg=51.54, 90=61, 99=69, 99.9=82, 99.99=109] 
2026-04-29 15:37:42:490 24 sec: 517395 operations; 23628 current ops/sec; [READ: Count=17940, Max=1745, Min=5, Avg=29.58, 90=85, 99=132, 99.9=214, 99.99=1660] [INSERT: Count=1148, Max=346, Min=151, Avg=182.04, 90=202, 99=249, 99.9=290, 99.99=346] [READ-FAILED: Count=4535, Max=326, Min=32, Avg=51.78, 90=61, 99=72, 99.9=90, 99.99=326] 
2026-04-29 15:37:43:490 25 sec: 540538 operations; 23143 current ops/sec; [READ: Count=16725, Max=1865, Min=5, Avg=30.32, 90=86, 99=131, 99.9=279, 99.99=1669] [INSERT: Count=1140, Max=291, Min=149, Avg=182.9, 90=202, 99=249, 99.9=283, 99.99=291] [READ-FAILED: Count=5279, Max=247, Min=32, Avg=49.21, 90=58, 99=70, 99.9=89, 99.99=247] 
2026-04-29 15:37:44:490 26 sec: 562178 operations; 21640 current ops/sec; [READ: Count=16295, Max=2047, Min=5, Avg=33.88, 90=89, 99=142, 99.9=343, 99.99=1734] [INSERT: Count=1101, Max=576, Min=147, Avg=182.16, 90=204, 99=255, 99.9=373, 99.99=576] [READ-FAILED: Count=4249, Max=314, Min=35, Avg=52.69, 90=62, 99=76, 99.9=119, 99.99=314] 
2026-04-29 15:37:45:490 27 sec: 581230 operations; 19052 current ops/sec; [READ: Count=13009, Max=1953, Min=5, Avg=34.17, 90=89, 99=127, 99.9=185, 99.99=1850] [INSERT: Count=966, Max=70719, Min=147, Avg=286.38, 90=216, 99=985, 99.9=70719, 99.99=70719] [READ-FAILED: Count=5073, Max=212, Min=35, Avg=50.82, 90=60, 99=70, 99.9=88, 99.99=212] 
2026-04-29 15:37:46:490 28 sec: 604677 operations; 23447 current ops/sec; [READ: Count=18276, Max=1934, Min=5, Avg=30.34, 90=85, 99=132, 99.9=173, 99.99=1901] [INSERT: Count=1124, Max=344, Min=153, Avg=185.78, 90=205, 99=260, 99.9=339, 99.99=344] [READ-FAILED: Count=4045, Max=103, Min=34, Avg=52.35, 90=61, 99=73, 99.9=90, 99.99=103] 
2026-04-29 15:37:47:082 - NewTail completed: 
2026-04-29 15:37:47:490 29 sec: 626494 operations; 21817 current ops/sec; [READ: Count=15619, Max=1813, Min=5, Avg=32.38, 90=88, 99=128, 99.9=212, 99.99=1766] [INSERT: Count=1123, Max=1217, Min=152, Avg=183.29, 90=200, 99=263, 99.9=312, 99.99=1217] [READ-FAILED: Count=5082, Max=312, Min=35, Avg=52.09, 90=61, 99=71, 99.9=92, 99.99=312] 
2026-04-29 15:37:48:490 30 sec: 649668 operations; 23174 current ops/sec; [READ: Count=17613, Max=1857, Min=5, Avg=30.37, 90=85, 99=133, 99.9=194, 99.99=1790] [INSERT: Count=1142, Max=366, Min=156, Avg=185.21, 90=203, 99=260, 99.9=287, 99.99=366] [READ-FAILED: Count=4417, Max=113, Min=35, Avg=51.79, 90=60, 99=70, 99.9=95, 99.99=113] 
2026-04-29 15:37:49:490 31 sec: 672878 operations; 23210 current ops/sec; [READ: Count=17457, Max=1988, Min=5, Avg=30.03, 90=86, 99=132, 99.9=185, 99.99=1942] [INSERT: Count=1102, Max=432, Min=159, Avg=189.62, 90=210, 99=253, 99.9=304, 99.99=432] [READ-FAILED: Count=4648, Max=127, Min=36, Avg=52.09, 90=61, 99=71, 99.9=85, 99.99=127] 
2026-04-29 15:37:50:385 - NewTail completed: 
2026-04-29 15:37:50:490 32 sec: 693941 operations; 21063 current ops/sec; [READ: Count=15548, Max=1757, Min=5, Avg=30.31, 90=86, 99=129, 99.9=185, 99.99=1655] [INSERT: Count=1021, Max=76095, Min=149, Avg=269.76, 90=211, 99=673, 99.9=1205, 99.99=76095] [READ-FAILED: Count=4499, Max=173, Min=32, Avg=51.29, 90=60, 99=71, 99.9=86, 99.99=173] 
2026-04-29 15:37:51:489 33 sec: 714775 operations; 20834 current ops/sec; [READ: Count=14683, Max=1988, Min=5, Avg=35.34, 90=87, 99=131, 99.9=334, 99.99=1769] [INSERT: Count=1073, Max=303, Min=150, Avg=178.09, 90=196, 99=243, 99.9=276, 99.99=303] [READ-FAILED: Count=5073, Max=316, Min=36, Avg=52.66, 90=62, 99=72, 99.9=80, 99.99=316] 
2026-04-29 15:37:52:490 34 sec: 736073 operations; 21298 current ops/sec; [READ: Count=14720, Max=1970, Min=5, Avg=33.7, 90=88, 99=126, 99.9=178, 99.99=1883] [INSERT: Count=1060, Max=301, Min=150, Avg=182.76, 90=202, 99=249, 99.9=274, 99.99=301] [READ-FAILED: Count=5518, Max=99, Min=30, Avg=51.97, 90=60, 99=70, 99.9=81, 99.99=99] 
2026-04-29 15:37:53:490 35 sec: 758278 operations; 22205 current ops/sec; [READ: Count=16007, Max=1979, Min=5, Avg=32.2, 90=87, 99=129, 99.9=206, 99.99=1827] [INSERT: Count=1098, Max=304, Min=151, Avg=181.82, 90=202, 99=247, 99.9=261, 99.99=304] [READ-FAILED: Count=5106, Max=96, Min=36, Avg=51.15, 90=59, 99=69, 99.9=79, 99.99=96] 
2026-04-29 15:37:54:490 36 sec: 778279 operations; 20001 current ops/sec; [READ: Count=14587, Max=1904, Min=5, Avg=31.66, 90=88, 99=131, 99.9=278, 99.99=1838] [INSERT: Count=1078, Max=85183, Min=156, Avg=269.4, 90=205, 99=257, 99.9=2953, 99.99=85183] [READ-FAILED: Count=4334, Max=130, Min=36, Avg=52.11, 90=60, 99=71, 99.9=88, 99.99=130] 
2026-04-29 15:37:55:490 37 sec: 797770 operations; 19491 current ops/sec; [READ: Count=13915, Max=4631, Min=5, Avg=33.25, 90=90, 99=135, 99.9=235, 99.99=1935] [INSERT: Count=967, Max=71103, Min=155, Avg=285.78, 90=221, 99=792, 99.9=71103, 99.99=71103] [READ-FAILED: Count=4602, Max=268, Min=35, Avg=51.88, 90=61, 99=77, 99.9=119, 99.99=268] 
2026-04-29 15:37:56:489 38 sec: 820311 operations; 22541 current ops/sec; [READ: Count=16051, Max=1940, Min=5, Avg=31.41, 90=86, 99=129, 99.9=183, 99.99=1836] [INSERT: Count=1117, Max=291, Min=149, Avg=182.18, 90=201, 99=245, 99.9=274, 99.99=291] [READ-FAILED: Count=5378, Max=311, Min=34, Avg=50.23, 90=59, 99=69, 99.9=95, 99.99=311] 
2026-04-29 15:37:57:094 - NewTail completed: 
2026-04-29 15:37:57:490 39 sec: 841296 operations; 20985 current ops/sec; [READ: Count=14408, Max=2095, Min=5, Avg=34.1, 90=89, 99=128, 99.9=369, 99.99=1792] [INSERT: Count=1101, Max=1686, Min=141, Avg=181.68, 90=202, 99=253, 99.9=1122, 99.99=1686] [READ-FAILED: Count=5477, Max=282, Min=37, Avg=52.23, 90=61, 99=72, 99.9=80, 99.99=282] 
2026-04-29 15:37:58:490 40 sec: 862778 operations; 21482 current ops/sec; [READ: Count=15530, Max=1793, Min=5, Avg=33.88, 90=86, 99=130, 99.9=195, 99.99=1613] [INSERT: Count=1056, Max=461, Min=150, Avg=181.3, 90=199, 99=245, 99.9=354, 99.99=461] [READ-FAILED: Count=4898, Max=108, Min=36, Avg=52.96, 90=62, 99=72, 99.9=94, 99.99=108] 
2026-04-29 15:37:59:490 41 sec: 884364 operations; 21586 current ops/sec; [READ: Count=15138, Max=1999, Min=5, Avg=33.25, 90=87, 99=130, 99.9=208, 99.99=1696] [INSERT: Count=1093, Max=265, Min=147, Avg=178.03, 90=197, 99=241, 99.9=264, 99.99=265] [READ-FAILED: Count=5353, Max=310, Min=36, Avg=52.17, 90=62, 99=73, 99.9=83, 99.99=310] 
2026-04-29 15:38:00:490 42 sec: 904785 operations; 20421 current ops/sec; [READ: Count=14424, Max=1681, Min=5, Avg=31.83, 90=86, 99=126, 99.9=168, 99.99=1564] [INSERT: Count=992, Max=70207, Min=147, Avg=265.17, 90=197, 99=809, 99.9=70207, 99.99=70207] [READ-FAILED: Count=5010, Max=94, Min=36, Avg=51.11, 90=60, 99=69, 99.9=84, 99.99=94] 
2026-04-29 15:38:00:498 - NewTail completed: 
2026-04-29 15:38:01:490 43 sec: 926259 operations; 21474 current ops/sec; [READ: Count=14892, Max=1859, Min=5, Avg=32.94, 90=88, 99=129, 99.9=179, 99.99=1767] [INSERT: Count=1091, Max=1266, Min=143, Avg=176.96, 90=196, 99=241, 99.9=289, 99.99=1266] [READ-FAILED: Count=5492, Max=317, Min=36, Avg=53.35, 90=64, 99=73, 99.9=93, 99.99=317] 
2026-04-29 15:38:02:490 44 sec: 948755 operations; 22496 current ops/sec; [READ: Count=16113, Max=1768, Min=5, Avg=31.71, 90=87, 99=127, 99.9=198, 99.99=1646] [INSERT: Count=1103, Max=331, Min=141, Avg=170.39, 90=186, 99=241, 99.9=321, 99.99=331] [READ-FAILED: Count=5277, Max=115, Min=36, Avg=52.53, 90=61, 99=71, 99.9=81, 99.99=115] 
2026-04-29 15:38:03:490 45 sec: 970038 operations; 21283 current ops/sec; [READ: Count=15190, Max=2079, Min=5, Avg=33.18, 90=91, 99=138, 99.9=213, 99.99=2014] [INSERT: Count=1109, Max=387, Min=151, Avg=184.19, 90=204, 99=258, 99.9=331, 99.99=387] [READ-FAILED: Count=4988, Max=128, Min=38, Avg=53.73, 90=63, 99=81, 99.9=102, 99.99=128] 
2026-04-29 15:38:03:800 - NewTail completed: 
2026-04-29 15:38:04:489 46 sec: 990458 operations; 20420 current ops/sec; [READ: Count=14399, Max=4611, Min=5, Avg=35.34, 90=89, 99=135, 99.9=366, 99.99=2525] [INSERT: Count=1043, Max=1031, Min=151, Avg=186.65, 90=206, 99=271, 99.9=313, 99.99=1031] [READ-FAILED: Count=4971, Max=308, Min=37, Avg=55.03, 90=65, 99=79, 99.9=111, 99.99=308] 
2026-04-29 15:38:05:489 47 sec: 1009289 operations; 18831 current ops/sec; [READ: Count=13253, Max=1524, Min=5, Avg=34.7, 90=89, 99=131, 99.9=170, 99.99=1423] [INSERT: Count=968, Max=71103, Min=153, Avg=276.36, 90=217, 99=682, 99.9=71103, 99.99=71103] [READ-FAILED: Count=4613, Max=241, Min=37, Avg=54.58, 90=64, 99=76, 99.9=93, 99.99=241] 
2026-04-29 15:38:06:489 48 sec: 1030235 operations; 20946 current ops/sec; [READ: Count=14999, Max=1913, Min=5, Avg=33.95, 90=91, 99=133, 99.9=312, 99.99=1888] [INSERT: Count=1074, Max=320, Min=152, Avg=186.38, 90=205, 99=261, 99.9=306, 99.99=320] [READ-FAILED: Count=4868, Max=325, Min=37, Avg=54.97, 90=65, 99=80, 99.9=116, 99.99=325] 
2026-04-29 15:38:07:304 - NewTail completed: 
2026-04-29 15:38:07:489 49 sec: 1052330 operations; 22095 current ops/sec; [READ: Count=16601, Max=1967, Min=5, Avg=32.88, 90=90, 99=138, 99.9=348, 99.99=1884] [INSERT: Count=1019, Max=1069, Min=147, Avg=180.53, 90=200, 99=256, 99.9=327, 99.99=1069] [READ-FAILED: Count=4474, Max=169, Min=38, Avg=54.96, 90=64, 99=76, 99.9=92, 99.99=169] 
2026-04-29 15:38:08:490 50 sec: 1074897 operations; 22567 current ops/sec; [READ: Count=17470, Max=2191, Min=5, Avg=31.94, 90=90, 99=140, 99.9=189, 99.99=1811] [INSERT: Count=1105, Max=297, Min=149, Avg=177.31, 90=198, 99=244, 99.9=277, 99.99=297] [READ-FAILED: Count=4005, Max=323, Min=37, Avg=55.51, 90=65, 99=76, 99.9=87, 99.99=323] 
2026-04-29 15:38:09:490 51 sec: 1095212 operations; 20315 current ops/sec; [READ: Count=14403, Max=1916, Min=5, Avg=34.92, 90=94, 99=136, 99.9=317, 99.99=1839] [INSERT: Count=1088, Max=744, Min=151, Avg=187.83, 90=208, 99=255, 99.9=421, 99.99=744] [READ-FAILED: Count=4809, Max=209, Min=36, Avg=55.99, 90=66, 99=77, 99.9=110, 99.99=209] 
2026-04-29 15:38:10:489 52 sec: 1115187 operations; 19975 current ops/sec; [READ: Count=14833, Max=1986, Min=5, Avg=32.72, 90=90, 99=137, 99.9=301, 99.99=1733] [INSERT: Count=985, Max=72127, Min=154, Avg=268.43, 90=208, 99=747, 99.9=72127, 99.99=72127] [READ-FAILED: Count=4163, Max=119, Min=38, Avg=54.83, 90=64, 99=74, 99.9=83, 99.99=119] 
2026-04-29 15:38:11:489 53 sec: 1135224 operations; 20037 current ops/sec; [READ: Count=15597, Max=3137, Min=5, Avg=32.94, 90=88, 99=139, 99.9=327, 99.99=2107] [INSERT: Count=1019, Max=82559, Min=153, Avg=267.8, 90=204, 99=266, 99.9=2201, 99.99=82559] [READ-FAILED: Count=3419, Max=109, Min=36, Avg=56.04, 90=66, 99=78, 99.9=94, 99.99=109] 
2026-04-29 15:38:12:490 54 sec: 1156821 operations; 21597 current ops/sec; [READ: Count=16130, Max=2351, Min=5, Avg=33.64, 90=89, 99=134, 99.9=325, 99.99=1846] [INSERT: Count=1041, Max=281, Min=154, Avg=181.87, 90=199, 99=261, 99.9=274, 99.99=281] [READ-FAILED: Count=4426, Max=121, Min=39, Avg=55.32, 90=64, 99=73, 99.9=83, 99.99=121] 
2026-04-29 15:38:13:490 55 sec: 1177702 operations; 20881 current ops/sec; [READ: Count=15282, Max=2021, Min=5, Avg=34.68, 90=92, 99=140, 99.9=206, 99.99=2020] [INSERT: Count=1041, Max=663, Min=149, Avg=181.17, 90=205, 99=260, 99.9=541, 99.99=663] [READ-FAILED: Count=4558, Max=317, Min=39, Avg=56.65, 90=67, 99=87, 99.9=124, 99.99=317] 
2026-04-29 15:38:14:490 56 sec: 1199286 operations; 21584 current ops/sec; [READ: Count=15658, Max=4171, Min=5, Avg=33.06, 90=89, 99=131, 99.9=341, 99.99=2049] [INSERT: Count=1075, Max=368, Min=153, Avg=183.88, 90=205, 99=265, 99.9=355, 99.99=368] [READ-FAILED: Count=4851, Max=251, Min=38, Avg=53.94, 90=63, 99=73, 99.9=99, 99.99=251] 
2026-04-29 15:38:15:489 57 sec: 1219360 operations; 20074 current ops/sec; [READ: Count=14227, Max=1801, Min=5, Avg=32.88, 90=88, 99=129, 99.9=302, 99.99=1775] [INSERT: Count=1020, Max=68927, Min=151, Avg=250.01, 90=198, 99=348, 99.9=952, 99.99=68927] [READ-FAILED: Count=4823, Max=106, Min=36, Avg=52.97, 90=62, 99=74, 99.9=92, 99.99=106] 
2026-04-29 15:38:16:489 58 sec: 1240759 operations; 21399 current ops/sec; [READ: Count=16109, Max=1746, Min=5, Avg=32.72, 90=91, 99=137, 99.9=195, 99.99=1667] [INSERT: Count=1033, Max=1196, Min=153, Avg=204.17, 90=215, 99=713, 99.9=976, 99.99=1196] [READ-FAILED: Count=4262, Max=327, Min=39, Avg=56.11, 90=66, 99=78, 99.9=125, 99.99=327] 
2026-04-29 15:38:17:489 59 sec: 1261136 operations; 20377 current ops/sec; [READ: Count=14534, Max=1785, Min=5, Avg=34.55, 90=95, 99=137, 99.9=308, 99.99=1625] [INSERT: Count=1056, Max=316, Min=161, Avg=194.19, 90=211, 99=262, 99.9=291, 99.99=316] [READ-FAILED: Count=4782, Max=593, Min=40, Avg=56.55, 90=66, 99=76, 99.9=89, 99.99=593] 
2026-04-29 15:38:18:490 60 sec: 1281506 operations; 20370 current ops/sec; [READ: Count=15140, Max=1918, Min=5, Avg=35.93, 90=92, 99=146, 99.9=312, 99.99=1852] [INSERT: Count=1027, Max=341, Min=148, Avg=184.46, 90=206, 99=253, 99.9=313, 99.99=341] [READ-FAILED: Count=4209, Max=321, Min=39, Avg=57.94, 90=69, 99=88, 99.9=127, 99.99=321] 
2026-04-29 15:38:19:490 61 sec: 1301466 operations; 19960 current ops/sec; [READ: Count=13688, Max=1774, Min=6, Avg=35.94, 90=92, 99=132, 99.9=271, 99.99=1728] [INSERT: Count=1054, Max=521, Min=148, Avg=180.89, 90=198, 99=244, 99.9=310, 99.99=521] [READ-FAILED: Count=5216, Max=133, Min=39, Avg=56.65, 90=66, 99=77, 99.9=102, 99.99=133] 
2026-04-29 15:38:20:490 62 sec: 1322101 operations; 20635 current ops/sec; [READ: Count=14656, Max=1939, Min=6, Avg=34.69, 90=92, 99=133, 99.9=186, 99.99=1771] [INSERT: Count=1045, Max=316, Min=149, Avg=182.73, 90=201, 99=255, 99.9=287, 99.99=316] [READ-FAILED: Count=4936, Max=110, Min=40, Avg=56.28, 90=65, 99=76, 99.9=94, 99.99=110] 
2026-04-29 15:38:21:323 - NewTail completed: 
2026-04-29 15:38:21:490 63 sec: 1341191 operations; 19090 current ops/sec; [READ: Count=13731, Max=1760, Min=6, Avg=33.78, 90=91, 99=133, 99.9=188, 99.99=1582] [INSERT: Count=942, Max=69695, Min=149, Avg=285.13, 90=221, 99=1097, 99.9=69695, 99.99=69695] [READ-FAILED: Count=4422, Max=327, Min=39, Avg=55.88, 90=66, 99=76, 99.9=107, 99.99=327] 
2026-04-29 15:38:22:490 64 sec: 1362438 operations; 21225.77 current ops/sec; [READ: Count=15539, Max=1840, Min=6, Avg=33.46, 90=91, 99=137, 99.9=177, 99.99=1330] [INSERT: Count=1053, Max=966, Min=151, Avg=185.83, 90=204, 99=255, 99.9=361, 99.99=966] [READ-FAILED: Count=4644, Max=131, Min=41, Avg=56.26, 90=65, 99=76, 99.9=96, 99.99=131] 
2026-04-29 15:38:23:490 65 sec: 1383651 operations; 21234.23 current ops/sec; [READ: Count=15359, Max=4915, Min=6, Avg=33.64, 90=92, 99=136, 99.9=229, 99.99=1925] [INSERT: Count=1059, Max=1811, Min=150, Avg=180.64, 90=199, 99=244, 99.9=596, 99.99=1811] [READ-FAILED: Count=4798, Max=252, Min=37, Avg=56.06, 90=65, 99=76, 99.9=87, 99.99=252] 
2026-04-29 15:38:24:489 66 sec: 1404834 operations; 21183 current ops/sec; [READ: Count=15364, Max=1896, Min=6, Avg=33.15, 90=91, 99=135, 99.9=354, 99.99=1882] [INSERT: Count=1049, Max=408, Min=153, Avg=184.22, 90=201, 99=242, 99.9=267, 99.99=408] [READ-FAILED: Count=4769, Max=138, Min=40, Avg=57.52, 90=67, 99=79, 99.9=89, 99.99=138] 
2026-04-29 15:38:24:725 - NewTail completed: 
2026-04-29 15:38:25:489 67 sec: 1424489 operations; 19655 current ops/sec; [READ: Count=13930, Max=2279, Min=6, Avg=37.1, 90=92, 99=135, 99.9=367, 99.99=1602] [INSERT: Count=1013, Max=863, Min=150, Avg=184.15, 90=201, 99=269, 99.9=428, 99.99=863] [READ-FAILED: Count=4714, Max=287, Min=40, Avg=58.21, 90=68, 99=78, 99.9=95, 99.99=287] 
2026-04-29 15:38:26:490 68 sec: 1443139 operations; 18650 current ops/sec; [READ: Count=13793, Max=1784, Min=6, Avg=35.42, 90=92, 99=139, 99.9=206, 99.99=1782] [INSERT: Count=925, Max=68543, Min=152, Avg=282.43, 90=215, 99=988, 99.9=68543, 99.99=68543] [READ-FAILED: Count=3932, Max=316, Min=38, Avg=58.38, 90=69, 99=79, 99.9=147, 99.99=316] 
2026-04-29 15:38:27:490 69 sec: 1464393 operations; 21254 current ops/sec; [READ: Count=16032, Max=1708, Min=6, Avg=33.99, 90=92, 99=141, 99.9=189, 99.99=1666] [INSERT: Count=1062, Max=373, Min=151, Avg=179.85, 90=199, 99=242, 99.9=268, 99.99=373] [READ-FAILED: Count=4171, Max=103, Min=39, Avg=57.82, 90=68, 99=78, 99.9=87, 99.99=103] 
2026-04-29 15:38:28:333 - NewTail completed: 
2026-04-29 15:38:28:489 70 sec: 1485353 operations; 20960 current ops/sec; [READ: Count=15627, Max=1760, Min=6, Avg=34.67, 90=93, 99=141, 99.9=312, 99.99=1645] [INSERT: Count=1014, Max=1505, Min=151, Avg=184.19, 90=203, 99=255, 99.9=299, 99.99=1505] [READ-FAILED: Count=4308, Max=306, Min=41, Avg=57.61, 90=67, 99=78, 99.9=100, 99.99=306] 
2026-04-29 15:38:29:490 71 sec: 1506590 operations; 21237 current ops/sec; [READ: Count=16325, Max=1723, Min=6, Avg=34.13, 90=94, 99=142, 99.9=209, 99.99=1692] [INSERT: Count=1030, Max=317, Min=153, Avg=184.3, 90=203, 99=253, 99.9=299, 99.99=317] [READ-FAILED: Count=3883, Max=117, Min=42, Avg=59.17, 90=70, 99=81, 99.9=95, 99.99=117] 
2026-04-29 15:38:30:490 72 sec: 1527955 operations; 21365 current ops/sec; [READ: Count=16118, Max=1744, Min=6, Avg=33.47, 90=93, 99=141, 99.9=203, 99.99=1738] [INSERT: Count=1063, Max=276, Min=151, Avg=180.93, 90=202, 99=247, 99.9=273, 99.99=276] [READ-FAILED: Count=4183, Max=153, Min=40, Avg=58.53, 90=68, 99=80, 99.9=91, 99.99=153] 
2026-04-29 15:38:31:489 73 sec: 1546734 operations; 18779 current ops/sec; [READ: Count=13900, Max=1586, Min=6, Avg=34.54, 90=96, 99=152, 99.9=301, 99.99=1502] [INSERT: Count=981, Max=67967, Min=153, Avg=273.75, 90=221, 99=745, 99.9=67967, 99.99=67967] [READ-FAILED: Count=3903, Max=369, Min=39, Avg=59.12, 90=71, 99=95, 99.9=130, 99.99=369] 
2026-04-29 15:38:32:489 74 sec: 1565877 operations; 19143 current ops/sec; [READ: Count=14679, Max=2891, Min=6, Avg=34.84, 90=91, 99=141, 99.9=260, 99.99=2879] [INSERT: Count=967, Max=83455, Min=154, Avg=271.38, 90=203, 99=251, 99.9=83455, 99.99=83455] [READ-FAILED: Count=3491, Max=138, Min=39, Avg=58.68, 90=69, 99=82, 99.9=102, 99.99=138] 
2026-04-29 15:38:33:489 75 sec: 1586706 operations; 20829 current ops/sec; [READ: Count=16313, Max=1834, Min=6, Avg=35.33, 90=93, 99=146, 99.9=227, 99.99=1618] [INSERT: Count=993, Max=504, Min=156, Avg=189.09, 90=206, 99=263, 99.9=504, 99.99=504] [READ-FAILED: Count=3521, Max=334, Min=43, Avg=60.51, 90=71, 99=84, 99.9=114, 99.99=334] 
2026-04-29 15:38:34:489 76 sec: 1607719 operations; 21013 current ops/sec; [READ: Count=15787, Max=1763, Min=6, Avg=34.36, 90=93, 99=139, 99.9=200, 99.99=1700] [INSERT: Count=1061, Max=390, Min=150, Avg=176.23, 90=194, 99=246, 99.9=264, 99.99=390] [READ-FAILED: Count=4168, Max=131, Min=43, Avg=59.4, 90=69, 99=79, 99.9=95, 99.99=131] 
2026-04-29 15:38:35:489 77 sec: 1628494 operations; 20775 current ops/sec; [READ: Count=15628, Max=1859, Min=6, Avg=34.72, 90=93, 99=141, 99.9=267, 99.99=1768] [INSERT: Count=1041, Max=3163, Min=151, Avg=181.61, 90=198, 99=249, 99.9=291, 99.99=3163] [READ-FAILED: Count=4106, Max=182, Min=40, Avg=59.71, 90=70, 99=80, 99.9=99, 99.99=182] 
2026-04-29 15:38:36:490 78 sec: 1647878 operations; 19384 current ops/sec; [READ: Count=14421, Max=1647, Min=6, Avg=33.69, 90=92, 99=137, 99.9=207, 99.99=1622] [INSERT: Count=933, Max=72511, Min=151, Avg=271.17, 90=200, 99=724, 99.9=72511, 99.99=72511] [READ-FAILED: Count=4033, Max=319, Min=41, Avg=59.5, 90=70, 99=82, 99.9=109, 99.99=319] 
2026-04-29 15:38:37:490 79 sec: 1668278 operations; 20400 current ops/sec; [READ: Count=15116, Max=1945, Min=6, Avg=35.77, 90=97, 99=142, 99.9=287, 99.99=1795] [INSERT: Count=1041, Max=281, Min=147, Avg=175.65, 90=194, 99=240, 99.9=259, 99.99=281] [READ-FAILED: Count=4243, Max=153, Min=42, Avg=59.72, 90=70, 99=80, 99.9=95, 99.99=153] 
2026-04-29 15:38:38:489 80 sec: 1690334 operations; 22056 current ops/sec; [READ: Count=17030, Max=1794, Min=6, Avg=32.8, 90=92, 99=141, 99.9=224, 99.99=1688] [INSERT: Count=1061, Max=261, Min=149, Avg=175.69, 90=195, 99=239, 99.9=260, 99.99=261] [READ-FAILED: Count=3964, Max=308, Min=36, Avg=58.41, 90=69, 99=79, 99.9=123, 99.99=308] 
2026-04-29 15:38:39:490 81 sec: 1710712 operations; 20378 current ops/sec; [READ: Count=15707, Max=2621, Min=6, Avg=32.38, 90=88, 99=137, 99.9=310, 99.99=1775] [INSERT: Count=1008, Max=86079, Min=149, Avg=261.93, 90=193, 99=245, 99.9=291, 99.99=86079] [READ-FAILED: Count=3664, Max=122, Min=40, Avg=56.35, 90=66, 99=78, 99.9=95, 99.99=122] 
2026-04-29 15:38:40:490 82 sec: 1732328 operations; 21616 current ops/sec; [READ: Count=17190, Max=1742, Min=6, Avg=34.31, 90=91, 99=144, 99.9=219, 99.99=1679] [INSERT: Count=1008, Max=1022, Min=145, Avg=178.88, 90=196, 99=242, 99.9=263, 99.99=1022] [READ-FAILED: Count=3415, Max=336, Min=41, Avg=60.47, 90=71, 99=85, 99.9=106, 99.99=336] 
2026-04-29 15:38:41:490 83 sec: 1751454 operations; 19126 current ops/sec; [READ: Count=14265, Max=2455, Min=6, Avg=34.8, 90=92, 99=138, 99.9=337, 99.99=1839] [INSERT: Count=945, Max=67135, Min=149, Avg=264.56, 90=204, 99=699, 99.9=67135, 99.99=67135] [READ-FAILED: Count=3922, Max=122, Min=42, Avg=59.39, 90=69, 99=81, 99.9=108, 99.99=122] 
2026-04-29 15:38:42:489 84 sec: 1771610 operations; 20156 current ops/sec; [READ: Count=14837, Max=2127, Min=6, Avg=36.12, 90=96, 99=145, 99.9=232, 99.99=1862] [INSERT: Count=1027, Max=394, Min=145, Avg=179.71, 90=202, 99=248, 99.9=307, 99.99=394] [READ-FAILED: Count=4285, Max=124, Min=42, Avg=59.83, 90=70, 99=86, 99.9=108, 99.99=124] 
2026-04-29 15:38:43:490 85 sec: 1791518 operations; 19908 current ops/sec; [READ: Count=14316, Max=1640, Min=6, Avg=35.2, 90=94, 99=138, 99.9=272, 99.99=1618] [INSERT: Count=1046, Max=3819, Min=152, Avg=193.26, 90=208, 99=257, 99.9=301, 99.99=3819] [READ-FAILED: Count=4546, Max=143, Min=43, Avg=59.71, 90=69, 99=82, 99.9=98, 99.99=143] 
2026-04-29 15:38:44:490 86 sec: 1812319 operations; 20801 current ops/sec; [READ: Count=15494, Max=1829, Min=6, Avg=34.56, 90=93, 99=138, 99.9=188, 99.99=1742] [INSERT: Count=1009, Max=287, Min=155, Avg=182.31, 90=200, 99=259, 99.9=287, 99.99=287] [READ-FAILED: Count=4298, Max=108, Min=44, Avg=59.99, 90=70, 99=81, 99.9=98, 99.99=108] 
2026-04-29 15:38:45:490 87 sec: 1833473 operations; 21154 current ops/sec; [READ: Count=15848, Max=1884, Min=6, Avg=33.78, 90=92, 99=139, 99.9=199, 99.99=1828] [INSERT: Count=1021, Max=253, Min=147, Avg=182.08, 90=200, 99=236, 99.9=253, 99.99=253] [READ-FAILED: Count=4288, Max=114, Min=43, Avg=59.49, 90=69, 99=79, 99.9=93, 99.99=114] 
2026-04-29 15:38:46:197 - NewTail completed: 
2026-04-29 15:38:46:490 88 sec: 1853015 operations; 19542 current ops/sec; [READ: Count=15028, Max=1744, Min=6, Avg=33.2, 90=91, 99=141, 99.9=306, 99.99=1714] [INSERT: Count=980, Max=71295, Min=151, Avg=270.91, 90=205, 99=812, 99.9=71295, 99.99=71295] [READ-FAILED: Count=3532, Max=336, Min=43, Avg=60.58, 90=71, 99=82, 99.9=112, 99.99=336] 
2026-04-29 15:38:47:490 89 sec: 1871864 operations; 18849 current ops/sec; [READ: Count=13551, Max=1810, Min=6, Avg=38.85, 90=94, 99=140, 99.9=345, 99.99=1707] [INSERT: Count=1012, Max=313, Min=156, Avg=184.33, 90=201, 99=246, 99.9=308, 99.99=313] [READ-FAILED: Count=4283, Max=116, Min=44, Avg=61.93, 90=72, 99=85, 99.9=98, 99.99=116] 
Maximum time elapsed. Requesting stop for the workload.
Stop requested for workload. Now Joining!
2026-04-29 15:38:48:489 90 sec: 1891549 operations; 19685 current ops/sec; [READ: Count=14047, Max=1818, Min=6, Avg=36.37, 90=93, 99=139, 99.9=216, 99.99=1739] [INSERT: Count=1019, Max=469, Min=149, Avg=180.88, 90=198, 99=249, 99.9=264, 99.99=469] [READ-FAILED: Count=4620, Max=320, Min=44, Avg=61.15, 90=71, 99=81, 99.9=96, 99.99=320] 
[OZONEDB-PROFILE] reads=1796964  avg_total=36.81us  view=4.85us(13.2%)  log=1.60us(4.3%)  sst=47.21us_per_call x 1148287_calls(82.0%_of_total)
[OZONEDB-SST-PROFILE] level | time_total_ms | enters | range_rejects | table_gets | hits
[OZONEDB-SST-PROFILE] L1  |     16420.59 |  7279046 |       796534 |    6482512 | 446547
[OZONEDB-SST-PROFILE] L2  |      4228.34 |  1401769 |       700034 |     701735 |  52708
[OZONEDB-SST-PROFILE] L3  |      3468.09 |  1297090 |       648063 |     649027 |  37349
[OZONEDB-SST-PROFILE] L4  |      3124.80 |  1222006 |       610330 |     611676 |  29416
[OZONEDB-SST-PROFILE] L5  |      2720.41 |  1163616 |       581392 |     582224 |  23675
[OZONEDB-SST-PROFILE] L6  |      2507.08 |  1116587 |       558022 |     558565 |  19780
[OZONEDB-SST-PROFILE] L7  |     21109.31 |  2058909 |           77 |    2058832 | 123274
[OZONEDB-TBL-PROFILE] file_filter_reject=10800109  block_filter_reject=110373  index_invalid=0  block_read_more=414495  hit_from_cache=319594  miss_after_read=1340  found=732749
2026-04-29 15:38:48:556 90 sec: 1891561 operations; 179.1 current ops/sec; [READ: Count=8, Max=94, Min=7, Avg=23.25, 90=94, 99=94, 99.9=94, 99.99=94] [CLEANUP: Count=1, Max=65663, Min=65600, Avg=65632, 90=65663, 99=65663, 99.9=65663, 99.99=65663] [INSERT: Count=0, Max=0, Min=0, Avg=0, 90=0, 99=0, 99.9=0, 99.99=0] [READ-FAILED: Count=1, Max=54, Min=54, Avg=54, 90=54, 99=54, 99.9=54, 99.99=54] 
[OVERALL], RunTime(ms), 90067
[OVERALL], Throughput(ops/sec), 21001.709838231538
[TOTAL_GCS_PS_Scavenge], Count, 9
[TOTAL_GC_TIME_PS_Scavenge], Time(ms), 35
[TOTAL_GC_TIME_%_PS_Scavenge], Time(%), 0.03885995980769871
[TOTAL_GCS_PS_MarkSweep], Count, 0
[TOTAL_GC_TIME_PS_MarkSweep], Time(ms), 0
[TOTAL_GC_TIME_%_PS_MarkSweep], Time(%), 0.0
[TOTAL_GCs], Count, 9
[TOTAL_GC_TIME], Time(ms), 35
[TOTAL_GC_TIME_%], Time(%), 0.03885995980769871
[READ], Operations, 1381426
[READ], AverageLatency(us), 33.229921110504655
[READ], MinLatency(us), 4
[READ], MaxLatency(us), 50367
[READ], 95thPercentileLatency(us), 109
[READ], 99thPercentileLatency(us), 135
[READ], Return=OK, 1381426
[READ], Return=NOT_FOUND, 415538
[CLEANUP], Operations, 1
[CLEANUP], AverageLatency(us), 65632.0
[CLEANUP], MinLatency(us), 65600
[CLEANUP], MaxLatency(us), 65663
[CLEANUP], 95thPercentileLatency(us), 65663
[CLEANUP], 99thPercentileLatency(us), 65663
[INSERT], Operations, 94597
[INSERT], AverageLatency(us), 203.63173250737339
[INSERT], MinLatency(us), 140
[INSERT], MaxLatency(us), 86079
[INSERT], 95thPercentileLatency(us), 221
[INSERT], 99thPercentileLatency(us), 301
[INSERT], Return=OK, 94597
[READ-FAILED], Operations, 415538
[READ-FAILED], AverageLatency(us), 53.8874423037123
[READ-FAILED], MinLatency(us), 29
[READ-FAILED], MaxLatency(us), 3179
[READ-FAILED], 95thPercentileLatency(us), 68
[READ-FAILED], 99thPercentileLatency(us), 78
	Command being timed: "/usr/lib/jvm/java-8-openjdk-amd64/bin/java -cp /users/Xinying/ozonedb/ycsb/ozonedb/conf:/users/Xinying/ozonedb/ycsb/ozonedb/target/ozonedb-binding-0.18.0-SNAPSHOT.jar:/users/Xinying/.m2/repository/org/apache/htrace/htrace-core4/4.1.0-incubating/htrace-core4-4.1.0-incubating.jar:/users/Xinying/.m2/repository/org/slf4j/slf4j-api/1.7.25/slf4j-api-1.7.25.jar:/users/Xinying/.m2/repository/org/hdrhistogram/HdrHistogram/2.1.12/HdrHistogram-2.1.12.jar:/users/Xinying/.m2/repository/ch/qos/logback/logback-classic/1.2.3/logback-classic-1.2.3.jar:/users/Xinying/.m2/repository/ozonedbjnimaven/demoproc-jni/1.0/demoproc-jni-1.0.jar:/users/Xinying/.m2/repository/ch/qos/logback/logback-core/1.2.3/logback-core-1.2.3.jar:/users/Xinying/.m2/repository/org/codehaus/jackson/jackson-mapper-asl/1.9.4/jackson-mapper-asl-1.9.4.jar:/users/Xinying/.m2/repository/org/slf4j/slf4j-simple/1.7.25/slf4j-simple-1.7.25.jar:/users/Xinying/.m2/repository/org/codehaus/jackson/jackson-core-asl/1.9.4/jackson-core-asl-1.9.4.jar:/users/Xinying/ozonedb/ycsb/core/target/core-0.18.0-SNAPSHOT.jar site.ycsb.Client -db site.ycsb.db.OzoneDBClient -threads 1 -s -P /users/Xinying/ozonedb/ycsb/workloads/generated_workloads/workloadd_1KB_1000000_1000000 -p status.interval=1 -p maxexecutiontime=90 -p operationcount=0 -p shared_config=/tmp/phase1_ozonedb_configs/shared_config_SHARED_workloadd_p8_r1_proc3.json -t"
	User time (seconds): 57.59
	System time (seconds): 26.67
	Percent of CPU this job got: 91%
	Elapsed (wall clock) time (h:mm:ss or m:ss): 1:31.67
	Average shared text size (kbytes): 0
	Average unshared data size (kbytes): 0
	Average stack size (kbytes): 0
	Average total size (kbytes): 0
	Maximum resident set size (kbytes): 4252760
	Average resident set size (kbytes): 0
	Major (requiring I/O) page faults: 457
	Minor (reclaiming a frame) page faults: 1068079
	Voluntary context switches: 227477
	Involuntary context switches: 1177
	Swaps: 0
	File system inputs: 8445175
	File system outputs: 217646
	Socket messages sent: 0
	Socket messages received: 0
	Signals delivered: 0
	Page size (bytes): 4096
	Exit status: 0
