# CMD: /usr/bin/time -v /usr/lib/jvm/java-8-openjdk-amd64/bin/java -cp /users/Xinying/ozonedb/ycsb/ozonedb/conf:/users/Xinying/ozonedb/ycsb/ozonedb/target/ozonedb-binding-0.18.0-SNAPSHOT.jar:/users/Xinying/.m2/repository/org/apache/htrace/htrace-core4/4.1.0-incubating/htrace-core4-4.1.0-incubating.jar:/users/Xinying/.m2/repository/org/slf4j/slf4j-api/1.7.25/slf4j-api-1.7.25.jar:/users/Xinying/.m2/repository/org/hdrhistogram/HdrHistogram/2.1.12/HdrHistogram-2.1.12.jar:/users/Xinying/.m2/repository/ch/qos/logback/logback-classic/1.2.3/logback-classic-1.2.3.jar:/users/Xinying/.m2/repository/ozonedbjnimaven/demoproc-jni/1.0/demoproc-jni-1.0.jar:/users/Xinying/.m2/repository/ch/qos/logback/logback-core/1.2.3/logback-core-1.2.3.jar:/users/Xinying/.m2/repository/org/codehaus/jackson/jackson-mapper-asl/1.9.4/jackson-mapper-asl-1.9.4.jar:/users/Xinying/.m2/repository/org/slf4j/slf4j-simple/1.7.25/slf4j-simple-1.7.25.jar:/users/Xinying/.m2/repository/org/codehaus/jackson/jackson-core-asl/1.9.4/jackson-core-asl-1.9.4.jar:/users/Xinying/ozonedb/ycsb/core/target/core-0.18.0-SNAPSHOT.jar site.ycsb.Client -db site.ycsb.db.OzoneDBClient -threads 1 -s -P /users/Xinying/ozonedb/ycsb/workloads/generated_workloads/workloadd_1KB_1000000_1000000 -p status.interval=1 -p maxexecutiontime=90 -p operationcount=0 -p shared_config=/tmp/phase1_ozonedb_configs/shared_config_SHARED_workloadd_p2_r1_proc1.json -t
# shared_work_path=/tank/ycsb_data/multi-proc-run/shared_ozonedb  proc_id=1/2
Command line: -db site.ycsb.db.OzoneDBClient -threads 1 -s -P /users/Xinying/ozonedb/ycsb/workloads/generated_workloads/workloadd_1KB_1000000_1000000 -p status.interval=1 -p maxexecutiontime=90 -p operationcount=0 -p shared_config=/tmp/phase1_ozonedb_configs/shared_config_SHARED_workloadd_p2_r1_proc1.json -t
YCSB Client 0.18.0-SNAPSHOT

Loading workload...
Starting test.
SLF4J: Class path contains multiple SLF4J bindings.
SLF4J: Found binding in [jar:file:/users/Xinying/.m2/repository/ch/qos/logback/logback-classic/1.2.3/logback-classic-1.2.3.jar!/org/slf4j/impl/StaticLoggerBinder.class]
SLF4J: Found binding in [jar:file:/users/Xinying/.m2/repository/org/slf4j/slf4j-simple/1.7.25/slf4j-simple-1.7.25.jar!/org/slf4j/impl/StaticLoggerBinder.class]
SLF4J: See http://www.slf4j.org/codes.html#multiple_bindings for an explanation.
SLF4J: Actual binding is of type [ch.qos.logback.classic.util.ContextSelectorStaticBinder]
Maximum execution time specified as: 90 secs
2026-04-29 15:34:01:661 0 sec: 0 operations; 
Starting compaction watcher
DBWrapper: report latency for each error is false and specific error codes to track for latency are: []
2026-04-29 15:34:02:661 1 sec: 13119 operations; 13119 current ops/sec; [READ: Count=9134, Max=47263, Min=4, Avg=39.91, 90=88, 99=130, 99.9=311, 99.99=47263] [INSERT: Count=661, Max=33247, Min=150, Avg=239.31, 90=220, 99=369, 99.9=33247, 99.99=33247] [READ-FAILED: Count=3401, Max=241, Min=33, Avg=50.49, 90=61, 99=78, 99.9=103, 99.99=241] 
2026-04-29 15:34:03:661 2 sec: 34289 operations; 21170 current ops/sec; [READ: Count=14012, Max=1098, Min=4, Avg=33.49, 90=85, 99=123, 99.9=337, 99.99=1034] [INSERT: Count=1084, Max=274, Min=152, Avg=177.79, 90=193, 99=227, 99.9=267, 99.99=274] [READ-FAILED: Count=6015, Max=1174, Min=33, Avg=49.03, 90=59, 99=70, 99.9=83, 99.99=1174] 
2026-04-29 15:34:04:661 3 sec: 56703 operations; 22414 current ops/sec; [READ: Count=15764, Max=1165, Min=4, Avg=31.22, 90=83, 99=121, 99.9=219, 99.99=1163] [INSERT: Count=1115, Max=435, Min=159, Avg=182.28, 90=195, 99=231, 99.9=253, 99.99=435] [READ-FAILED: Count=5533, Max=152, Min=33, Avg=48.29, 90=57, 99=68, 99.9=80, 99.99=152] 
2026-04-29 15:34:05:661 4 sec: 78978 operations; 22275 current ops/sec; [READ: Count=15076, Max=2044, Min=4, Avg=30.9, 90=84, 99=118, 99.9=195, 99.99=1091] [INSERT: Count=1118, Max=2257, Min=154, Avg=187.56, 90=194, 99=446, 99.9=1108, 99.99=2257] [READ-FAILED: Count=6089, Max=313, Min=32, Avg=47.83, 90=57, 99=69, 99.9=77, 99.99=313] 
2026-04-29 15:34:06:661 5 sec: 101939 operations; 22961 current ops/sec; [READ: Count=15364, Max=877, Min=4, Avg=29.74, 90=83, 99=119, 99.9=148, 99.99=865] [INSERT: Count=1166, Max=263, Min=152, Avg=177.13, 90=189, 99=228, 99.9=254, 99.99=263] [READ-FAILED: Count=6424, Max=105, Min=32, Avg=47.2, 90=56, 99=65, 99.9=82, 99.99=105] 
2026-04-29 15:34:07:661 6 sec: 124436 operations; 22497 current ops/sec; [READ: Count=15203, Max=2327, Min=4, Avg=29.37, 90=83, 99=120, 99.9=200, 99.99=1548] [INSERT: Count=1140, Max=22559, Min=153, Avg=199.6, 90=193, 99=235, 99.9=1445, 99.99=22559] [READ-FAILED: Count=6159, Max=173, Min=32, Avg=47.62, 90=57, 99=67, 99.9=83, 99.99=173] 
2026-04-29 15:34:08:126 - NewTail completed: 
2026-04-29 15:34:08:661 7 sec: 147814 operations; 23378 current ops/sec; [READ: Count=15898, Max=812, Min=4, Avg=28.89, 90=84, 99=121, 99.9=157, 99.99=708] [INSERT: Count=1152, Max=816, Min=157, Avg=182.38, 90=197, 99=243, 99.9=349, 99.99=816] [READ-FAILED: Count=6312, Max=100, Min=33, Avg=47.18, 90=55, 99=65, 99.9=77, 99.99=100] 
2026-04-29 15:34:09:661 8 sec: 170879 operations; 23065 current ops/sec; [READ: Count=15551, Max=845, Min=4, Avg=29.34, 90=85, 99=120, 99.9=151, 99.99=790] [INSERT: Count=1166, Max=251, Min=156, Avg=180.3, 90=193, 99=214, 99.9=245, 99.99=251] [READ-FAILED: Count=6358, Max=310, Min=33, Avg=47.57, 90=56, 99=67, 99.9=85, 99.99=310] 
2026-04-29 15:34:10:661 9 sec: 194779 operations; 23900 current ops/sec; [READ: Count=16290, Max=4575, Min=4, Avg=28.46, 90=84, 99=121, 99.9=147, 99.99=870] [INSERT: Count=1192, Max=248, Min=149, Avg=167.76, 90=181, 99=215, 99.9=241, 99.99=248] [READ-FAILED: Count=6418, Max=111, Min=32, Avg=47.47, 90=55, 99=66, 99.9=80, 99.99=111] 
2026-04-29 15:34:11:661 10 sec: 218522 operations; 23743 current ops/sec; [READ: Count=15931, Max=837, Min=4, Avg=28.68, 90=85, 99=120, 99.9=156, 99.99=827] [INSERT: Count=1214, Max=371, Min=146, Avg=164.72, 90=177, 99=214, 99.9=244, 99.99=371] [READ-FAILED: Count=6606, Max=121, Min=32, Avg=47.42, 90=56, 99=66, 99.9=82, 99.99=121] 
2026-04-29 15:34:12:661 11 sec: 242603 operations; 24081 current ops/sec; [READ: Count=16379, Max=904, Min=4, Avg=27.11, 90=82, 99=120, 99.9=153, 99.99=859] [INSERT: Count=1174, Max=23599, Min=145, Avg=184.84, 90=174, 99=218, 99.9=1567, 99.99=23599] [READ-FAILED: Count=6520, Max=310, Min=32, Avg=47.78, 90=57, 99=67, 99.9=80, 99.99=310] 
2026-04-29 15:34:13:661 12 sec: 267599 operations; 24996 current ops/sec; [READ: Count=17187, Max=913, Min=4, Avg=26.98, 90=82, 99=121, 99.9=157, 99.99=823] [INSERT: Count=1209, Max=694, Min=147, Avg=163.08, 90=174, 99=210, 99.9=238, 99.99=694] [READ-FAILED: Count=6590, Max=102, Min=32, Avg=47.12, 90=55, 99=66, 99.9=77, 99.99=102] 
2026-04-29 15:34:14:661 13 sec: 291761 operations; 24162 current ops/sec; [READ: Count=16238, Max=956, Min=4, Avg=27.39, 90=83, 99=120, 99.9=148, 99.99=849] [INSERT: Count=1233, Max=265, Min=146, Avg=170.03, 90=181, 99=220, 99.9=250, 99.99=265] [READ-FAILED: Count=6693, Max=312, Min=32, Avg=47.56, 90=56, 99=67, 99.9=89, 99.99=312] 
2026-04-29 15:34:15:661 14 sec: 317089 operations; 25328 current ops/sec; [READ: Count=17711, Max=897, Min=4, Avg=26.27, 90=82, 99=120, 99.9=152, 99.99=896] [INSERT: Count=1247, Max=267, Min=144, Avg=164.64, 90=177, 99=210, 99.9=237, 99.99=267] [READ-FAILED: Count=6376, Max=102, Min=32, Avg=47.31, 90=56, 99=66, 99.9=76, 99.99=102] 
2026-04-29 15:34:16:661 15 sec: 341267 operations; 24178 current ops/sec; [READ: Count=16190, Max=907, Min=4, Avg=27.19, 90=83, 99=119, 99.9=149, 99.99=899] [INSERT: Count=1185, Max=264, Min=155, Avg=178.01, 90=189, 99=231, 99.9=257, 99.99=264] [READ-FAILED: Count=6795, Max=95, Min=32, Avg=47.31, 90=56, 99=65, 99.9=78, 99.99=95] 
2026-04-29 15:34:17:661 16 sec: 365879 operations; 24612 current ops/sec; [READ: Count=17303, Max=1617, Min=4, Avg=26.15, 90=81, 99=120, 99.9=160, 99.99=866] [INSERT: Count=1214, Max=23471, Min=148, Avg=188.88, 90=181, 99=218, 99.9=612, 99.99=23471] [READ-FAILED: Count=6109, Max=318, Min=32, Avg=47.59, 90=56, 99=67, 99.9=85, 99.99=318] 
2026-04-29 15:34:18:661 17 sec: 390695 operations; 24816 current ops/sec; [READ: Count=17099, Max=3477, Min=4, Avg=26.79, 90=83, 99=119, 99.9=148, 99.99=925] [INSERT: Count=1205, Max=268, Min=145, Avg=169.52, 90=183, 99=218, 99.9=247, 99.99=268] [READ-FAILED: Count=6497, Max=114, Min=32, Avg=47.53, 90=56, 99=67, 99.9=78, 99.99=114] 
2026-04-29 15:34:19:661 18 sec: 416159 operations; 25464 current ops/sec; [READ: Count=17258, Max=853, Min=4, Avg=26.01, 90=81, 99=117, 99.9=150, 99.99=852] [INSERT: Count=1233, Max=247, Min=142, Avg=158.33, 90=170, 99=187, 99.9=231, 99.99=247] [READ-FAILED: Count=6974, Max=113, Min=32, Avg=46.84, 90=55, 99=65, 99.9=78, 99.99=113] 
2026-04-29 15:34:20:040 - NewTail completed: 
2026-04-29 15:34:20:139 - Compaction started: 
139626434000448:Compacting datalog/35 datalog/36 into:sstable1/ef703a89-26de-4759-b6ea-a2b97a001c1c202604290934011777476860296285635.sst
2026-04-29 15:34:20:547 - Compaction completed: 
2026-04-29 15:34:20:661 19 sec: 439461 operations; 23302 current ops/sec; [READ: Count=15368, Max=5359, Min=4, Avg=28.55, 90=83, 99=121, 99.9=192, 99.99=1187] [INSERT: Count=1234, Max=1152, Min=144, Avg=165.87, 90=175, 99=225, 99.9=731, 99.99=1152] [READ-FAILED: Count=6703, Max=3115, Min=32, Avg=49.19, 90=58, 99=72, 99.9=108, 99.99=3115] 
2026-04-29 15:34:21:661 20 sec: 461608 operations; 22147 current ops/sec; [READ: Count=14877, Max=1035, Min=4, Avg=33, 90=82, 99=121, 99.9=185, 99.99=809] [INSERT: Count=1107, Max=265, Min=142, Avg=161.39, 90=175, 99=212, 99.9=247, 99.99=265] [READ-FAILED: Count=6161, Max=329, Min=30, Avg=49.56, 90=59, 99=69, 99.9=83, 99.99=329] 
2026-04-29 15:34:22:661 21 sec: 484663 operations; 23055 current ops/sec; [READ: Count=16103, Max=2369, Min=4, Avg=31.05, 90=83, 99=123, 99.9=159, 99.99=816] [INSERT: Count=1128, Max=329, Min=144, Avg=163.73, 90=176, 99=203, 99.9=281, 99.99=329] [READ-FAILED: Count=5822, Max=173, Min=34, Avg=49.68, 90=58, 99=69, 99.9=81, 99.99=173] 
2026-04-29 15:34:23:661 22 sec: 505780 operations; 21117 current ops/sec; [READ: Count=14543, Max=809, Min=4, Avg=31.95, 90=85, 99=122, 99.9=156, 99.99=775] [INSERT: Count=1095, Max=23407, Min=143, Avg=218.14, 90=191, 99=836, 99.9=1249, 99.99=23407] [READ-FAILED: Count=5484, Max=315, Min=32, Avg=49.7, 90=58, 99=70, 99.9=85, 99.99=315] 
2026-04-29 15:34:24:661 23 sec: 529597 operations; 23817 current ops/sec; [READ: Count=16717, Max=755, Min=4, Avg=29.09, 90=83, 99=120, 99.9=152, 99.99=740] [INSERT: Count=1149, Max=256, Min=147, Avg=170.63, 90=183, 99=208, 99.9=233, 99.99=256] [READ-FAILED: Count=5947, Max=111, Min=31, Avg=48.98, 90=57, 99=66, 99.9=78, 99.99=111] 
2026-04-29 15:34:25:661 24 sec: 552975 operations; 23378 current ops/sec; [READ: Count=15832, Max=769, Min=4, Avg=29.87, 90=84, 99=119, 99.9=148, 99.99=742] [INSERT: Count=1150, Max=371, Min=146, Avg=168.42, 90=182, 99=222, 99.9=366, 99.99=371] [READ-FAILED: Count=6399, Max=102, Min=33, Avg=48.08, 90=56, 99=65, 99.9=79, 99.99=102] 
2026-04-29 15:34:26:661 25 sec: 577083 operations; 24108 current ops/sec; [READ: Count=16459, Max=838, Min=4, Avg=28.9, 90=82, 99=117, 99.9=150, 99.99=766] [INSERT: Count=1229, Max=259, Min=142, Avg=160.25, 90=171, 99=214, 99.9=234, 99.99=259] [READ-FAILED: Count=6418, Max=307, Min=33, Avg=46.94, 90=55, 99=65, 99.9=82, 99.99=307] 
2026-04-29 15:34:27:661 26 sec: 600635 operations; 23552 current ops/sec; [READ: Count=15748, Max=916, Min=4, Avg=29.36, 90=84, 99=118, 99.9=145, 99.99=808] [INSERT: Count=1183, Max=829, Min=143, Avg=162.72, 90=172, 99=198, 99.9=505, 99.99=829] [READ-FAILED: Count=6616, Max=85, Min=33, Avg=48.22, 90=56, 99=65, 99.9=79, 99.99=85] 
2026-04-29 15:34:28:661 27 sec: 623026 operations; 22391 current ops/sec; [READ: Count=15049, Max=3563, Min=4, Avg=30.2, 90=85, 99=121, 99.9=155, 99.99=954] [INSERT: Count=1153, Max=22607, Min=146, Avg=185.44, 90=176, 99=226, 99.9=1185, 99.99=22607] [READ-FAILED: Count=6190, Max=194, Min=34, Avg=49.39, 90=58, 99=67, 99.9=79, 99.99=194] 
2026-04-29 15:34:29:661 28 sec: 646013 operations; 22987 current ops/sec; [READ: Count=15281, Max=1552, Min=4, Avg=29.9, 90=84, 99=119, 99.9=155, 99.99=874] [INSERT: Count=1257, Max=244, Min=146, Avg=160.27, 90=168, 99=195, 99.9=228, 99.99=244] [READ-FAILED: Count=6451, Max=114, Min=34, Avg=48.97, 90=57, 99=66, 99.9=80, 99.99=114] 
2026-04-29 15:34:30:661 29 sec: 669240 operations; 23227 current ops/sec; [READ: Count=15638, Max=849, Min=4, Avg=29.89, 90=85, 99=122, 99.9=155, 99.99=826] [INSERT: Count=1130, Max=245, Min=147, Avg=166.36, 90=179, 99=215, 99.9=243, 99.99=245] [READ-FAILED: Count=6460, Max=312, Min=34, Avg=49.33, 90=58, 99=67, 99.9=81, 99.99=312] 
2026-04-29 15:34:31:661 30 sec: 692814 operations; 23574 current ops/sec; [READ: Count=16020, Max=881, Min=4, Avg=29.26, 90=84, 99=118, 99.9=149, 99.99=845] [INSERT: Count=1190, Max=240, Min=146, Avg=162.64, 90=175, 99=215, 99.9=236, 99.99=240] [READ-FAILED: Count=6360, Max=105, Min=30, Avg=48.92, 90=57, 99=65, 99.9=78, 99.99=105] 
2026-04-29 15:34:32:354 - NewTail completed: 
2026-04-29 15:34:32:661 31 sec: 716188 operations; 23374 current ops/sec; [READ: Count=15868, Max=909, Min=4, Avg=29.35, 90=85, 99=123, 99.9=154, 99.99=831] [INSERT: Count=1165, Max=696, Min=147, Avg=168.79, 90=181, 99=211, 99.9=247, 99.99=696] [READ-FAILED: Count=6345, Max=92, Min=34, Avg=49.17, 90=57, 99=66, 99.9=74, 99.99=92] 
2026-04-29 15:34:33:661 32 sec: 739129 operations; 22941 current ops/sec; [READ: Count=15903, Max=808, Min=4, Avg=28.89, 90=84, 99=121, 99.9=153, 99.99=804] [INSERT: Count=1169, Max=24143, Min=146, Avg=190.89, 90=183, 99=222, 99.9=1165, 99.99=24143] [READ-FAILED: Count=5869, Max=313, Min=31, Avg=49.81, 90=58, 99=69, 99.9=90, 99.99=313] 
2026-04-29 15:34:34:661 33 sec: 763045 operations; 23916 current ops/sec; [READ: Count=16186, Max=828, Min=4, Avg=28.88, 90=84, 99=119, 99.9=141, 99.99=794] [INSERT: Count=1219, Max=250, Min=145, Avg=160.29, 90=171, 99=199, 99.9=241, 99.99=250] [READ-FAILED: Count=6508, Max=97, Min=33, Avg=47.85, 90=56, 99=65, 99.9=71, 99.99=97] 
2026-04-29 15:34:35:661 34 sec: 787242 operations; 24197 current ops/sec; [READ: Count=16204, Max=859, Min=4, Avg=28.23, 90=84, 99=118, 99.9=145, 99.99=758] [INSERT: Count=1169, Max=259, Min=146, Avg=163.4, 90=178, 99=199, 99.9=225, 99.99=259] [READ-FAILED: Count=6825, Max=319, Min=33, Avg=47.75, 90=56, 99=66, 99.9=78, 99.99=319] 
2026-04-29 15:34:36:661 35 sec: 810583 operations; 23341 current ops/sec; [READ: Count=15774, Max=1057, Min=4, Avg=29.04, 90=85, 99=119, 99.9=151, 99.99=771] [INSERT: Count=1185, Max=246, Min=149, Avg=169.01, 90=181, 99=216, 99.9=245, 99.99=246] [READ-FAILED: Count=6384, Max=94, Min=34, Avg=49.41, 90=57, 99=67, 99.9=72, 99.99=94] 
2026-04-29 15:34:37:661 36 sec: 834192 operations; 23609 current ops/sec; [READ: Count=16164, Max=3811, Min=4, Avg=28.56, 90=84, 99=123, 99.9=152, 99.99=898] [INSERT: Count=1126, Max=290, Min=150, Avg=177.33, 90=194, 99=230, 99.9=246, 99.99=290] [READ-FAILED: Count=6314, Max=86, Min=34, Avg=49.43, 90=58, 99=66, 99.9=76, 99.99=86] 
2026-04-29 15:34:38:661 37 sec: 856989 operations; 22797 current ops/sec; [READ: Count=15225, Max=877, Min=4, Avg=28.94, 90=86, 99=120, 99.9=149, 99.99=866] [INSERT: Count=1180, Max=24703, Min=145, Avg=185.29, 90=175, 99=219, 99.9=1686, 99.99=24703] [READ-FAILED: Count=6396, Max=307, Min=34, Avg=49.28, 90=57, 99=67, 99.9=76, 99.99=307] 
2026-04-29 15:34:39:661 38 sec: 880466 operations; 23477 current ops/sec; [READ: Count=15665, Max=805, Min=4, Avg=29.04, 90=84, 99=119, 99.9=151, 99.99=801] [INSERT: Count=1214, Max=253, Min=145, Avg=160.36, 90=172, 99=195, 99.9=231, 99.99=253] [READ-FAILED: Count=6595, Max=128, Min=34, Avg=49.18, 90=57, 99=66, 99.9=77, 99.99=128] 
2026-04-29 15:34:40:661 39 sec: 903712 operations; 23246 current ops/sec; [READ: Count=15509, Max=896, Min=4, Avg=28.8, 90=86, 99=122, 99.9=152, 99.99=777] [INSERT: Count=1207, Max=239, Min=146, Avg=167.18, 90=178, 99=213, 99.9=233, 99.99=239] [READ-FAILED: Count=6528, Max=319, Min=34, Avg=49.82, 90=59, 99=69, 99.9=79, 99.99=319] 
2026-04-29 15:34:41:661 40 sec: 927910 operations; 24198 current ops/sec; [READ: Count=16743, Max=1452, Min=4, Avg=27.71, 90=84, 99=123, 99.9=158, 99.99=830] [INSERT: Count=1180, Max=299, Min=143, Avg=170.16, 90=183, 99=220, 99.9=250, 99.99=299] [READ-FAILED: Count=6278, Max=126, Min=33, Avg=49.14, 90=58, 99=67, 99.9=77, 99.99=126] 
2026-04-29 15:34:42:661 41 sec: 951937 operations; 24027 current ops/sec; [READ: Count=17084, Max=863, Min=4, Avg=27.91, 90=86, 99=126, 99.9=162, 99.99=846] [INSERT: Count=1202, Max=262, Min=160, Avg=176.41, 90=187, 99=210, 99.9=245, 99.99=262] [READ-FAILED: Count=5741, Max=109, Min=34, Avg=49.56, 90=59, 99=68, 99.9=82, 99.99=109] 
2026-04-29 15:34:43:661 42 sec: 974542 operations; 22605 current ops/sec; [READ: Count=15213, Max=822, Min=4, Avg=28.51, 90=86, 99=124, 99.9=148, 99.99=796] [INSERT: Count=1164, Max=21551, Min=158, Avg=197.08, 90=187, 99=242, 99.9=746, 99.99=21551] [READ-FAILED: Count=6233, Max=323, Min=34, Avg=49.96, 90=59, 99=69, 99.9=82, 99.99=323] 
2026-04-29 15:34:44:467 - NewTail completed: 
2026-04-29 15:34:44:479 - Compaction started: 
2026-04-29 15:34:44:661 43 sec: 997546 operations; 23004 current ops/sec; [READ: Count=15460, Max=3719, Min=4, Avg=29.04, 90=87, 99=126, 99.9=154, 99.99=875] [INSERT: Count=1180, Max=717, Min=157, Avg=174.86, 90=186, 99=231, 99.9=340, 99.99=717] [READ-FAILED: Count=6366, Max=2701, Min=34, Avg=50.06, 90=58, 99=68, 99.9=78, 99.99=2701] 
139626434000448:Compacting datalog/37 datalog/38 into:sstable1/ef703a89-26de-4759-b6ea-a2b97a001c1c202604290934011777476884589856933.sst
2026-04-29 15:34:44:791 - Compaction completed: 
2026-04-29 15:34:45:661 44 sec: 1018639 operations; 21093 current ops/sec; [READ: Count=14535, Max=4155, Min=4, Avg=34.95, 90=87, 99=126, 99.9=419, 99.99=1221] [INSERT: Count=1035, Max=250, Min=153, Avg=172.23, 90=184, 99=197, 99.9=232, 99.99=250] [READ-FAILED: Count=5521, Max=140, Min=35, Avg=52.46, 90=63, 99=75, 99.9=102, 99.99=140] 
2026-04-29 15:34:46:661 45 sec: 1040993 operations; 22354 current ops/sec; [READ: Count=15493, Max=4931, Min=5, Avg=32.3, 90=84, 99=123, 99.9=202, 99.99=848] [INSERT: Count=1123, Max=271, Min=146, Avg=161.76, 90=172, 99=203, 99.9=237, 99.99=271] [READ-FAILED: Count=5739, Max=91, Min=35, Avg=50.99, 90=59, 99=69, 99.9=79, 99.99=91] 
2026-04-29 15:34:47:661 46 sec: 1063847 operations; 22854 current ops/sec; [READ: Count=16175, Max=2675, Min=4, Avg=31.03, 90=85, 99=125, 99.9=167, 99.99=891] [INSERT: Count=1127, Max=246, Min=145, Avg=165.81, 90=179, 99=212, 99.9=238, 99.99=246] [READ-FAILED: Count=5549, Max=320, Min=35, Avg=51.48, 90=61, 99=70, 99.9=82, 99.99=320] 
2026-04-29 15:34:48:661 47 sec: 1085669 operations; 21822 current ops/sec; [READ: Count=15729, Max=755, Min=4, Avg=30.34, 90=86, 99=130, 99.9=188, 99.99=742] [INSERT: Count=1073, Max=22239, Min=159, Avg=224.73, 90=194, 99=836, 99.9=1700, 99.99=22239] [READ-FAILED: Count=5024, Max=118, Min=35, Avg=51.26, 90=60, 99=70, 99.9=84, 99.99=118] 
2026-04-29 15:34:49:661 48 sec: 1107697 operations; 22028 current ops/sec; [READ: Count=14945, Max=980, Min=5, Avg=31.97, 90=89, 99=126, 99.9=154, 99.99=776] [INSERT: Count=1107, Max=245, Min=159, Avg=173.19, 90=181, 99=206, 99.9=237, 99.99=245] [READ-FAILED: Count=5969, Max=773, Min=35, Avg=51.19, 90=60, 99=72, 99.9=96, 99.99=773] 
2026-04-29 15:34:50:661 49 sec: 1131076 operations; 23379 current ops/sec; [READ: Count=16676, Max=811, Min=5, Avg=30.1, 90=86, 99=125, 99.9=153, 99.99=791] [INSERT: Count=1085, Max=250, Min=146, Avg=171.24, 90=180, 99=223, 99.9=248, 99.99=250] [READ-FAILED: Count=5618, Max=86, Min=35, Avg=51.05, 90=59, 99=68, 99.9=76, 99.99=86] 
2026-04-29 15:34:51:661 50 sec: 1154217 operations; 23141 current ops/sec; [READ: Count=15716, Max=1200, Min=5, Avg=29.75, 90=84, 99=121, 99.9=153, 99.99=836] [INSERT: Count=1169, Max=343, Min=146, Avg=162.66, 90=175, 99=217, 99.9=233, 99.99=343] [READ-FAILED: Count=6259, Max=106, Min=35, Avg=50.63, 90=59, 99=67, 99.9=77, 99.99=106] 
2026-04-29 15:34:52:661 51 sec: 1177031 operations; 22814 current ops/sec; [READ: Count=15434, Max=894, Min=4, Avg=30.06, 90=84, 99=120, 99.9=152, 99.99=794] [INSERT: Count=1169, Max=260, Min=147, Avg=166.01, 90=175, 99=218, 99.9=246, 99.99=260] [READ-FAILED: Count=6207, Max=308, Min=35, Avg=51.03, 90=59, 99=69, 99.9=85, 99.99=308] 
2026-04-29 15:34:53:661 52 sec: 1199190 operations; 22159 current ops/sec; [READ: Count=14927, Max=864, Min=5, Avg=30.58, 90=85, 99=122, 99.9=152, 99.99=839] [INSERT: Count=1106, Max=19967, Min=153, Avg=188.71, 90=179, 99=231, 99.9=668, 99.99=19967] [READ-FAILED: Count=6135, Max=139, Min=36, Avg=50.66, 90=59, 99=68, 99.9=76, 99.99=139] 
2026-04-29 15:34:54:661 53 sec: 1222040 operations; 22850 current ops/sec; [READ: Count=15443, Max=1349, Min=4, Avg=30.31, 90=85, 99=120, 99.9=154, 99.99=809] [INSERT: Count=1155, Max=237, Min=146, Avg=162.41, 90=171, 99=192, 99.9=222, 99.99=237] [READ-FAILED: Count=6244, Max=308, Min=35, Avg=51.11, 90=59, 99=70, 99.9=89, 99.99=308] 
2026-04-29 15:34:55:661 54 sec: 1245889 operations; 23849 current ops/sec; [READ: Count=17119, Max=820, Min=4, Avg=29.14, 90=85, 99=124, 99.9=161, 99.99=740] [INSERT: Count=1187, Max=241, Min=146, Avg=160.61, 90=168, 99=213, 99.9=231, 99.99=241] [READ-FAILED: Count=5546, Max=117, Min=35, Avg=50.76, 90=59, 99=68, 99.9=86, 99.99=117] 
2026-04-29 15:34:56:661 55 sec: 1269064 operations; 23175 current ops/sec; [READ: Count=15904, Max=880, Min=5, Avg=29.56, 90=85, 99=124, 99.9=148, 99.99=806] [INSERT: Count=1152, Max=708, Min=148, Avg=166.37, 90=178, 99=209, 99.9=249, 99.99=708] [READ-FAILED: Count=6117, Max=307, Min=35, Avg=51.16, 90=60, 99=70, 99.9=84, 99.99=307] 
2026-04-29 15:34:57:179 - NewTail completed: 
2026-04-29 15:34:57:661 56 sec: 1292136 operations; 23072 current ops/sec; [READ: Count=15759, Max=819, Min=5, Avg=29.7, 90=85, 99=124, 99.9=154, 99.99=793] [INSERT: Count=1147, Max=690, Min=146, Avg=167.47, 90=185, 99=224, 99.9=334, 99.99=690] [READ-FAILED: Count=6164, Max=117, Min=35, Avg=51.03, 90=59, 99=69, 99.9=81, 99.99=117] 
2026-04-29 15:34:58:661 57 sec: 1314620 operations; 22484 current ops/sec; [READ: Count=15211, Max=801, Min=5, Avg=29.75, 90=85, 99=121, 99.9=150, 99.99=779] [INSERT: Count=1135, Max=23535, Min=146, Avg=185.7, 90=173, 99=219, 99.9=1738, 99.99=23535] [READ-FAILED: Count=6146, Max=123, Min=35, Avg=50.75, 90=59, 99=68, 99.9=81, 99.99=123] 
2026-04-29 15:34:59:661 58 sec: 1337867 operations; 23247 current ops/sec; [READ: Count=16391, Max=846, Min=5, Avg=29.5, 90=87, 99=127, 99.9=166, 99.99=799] [INSERT: Count=1137, Max=538, Min=153, Avg=171.93, 90=180, 99=220, 99.9=251, 99.99=538] [READ-FAILED: Count=5712, Max=309, Min=35, Avg=51.6, 90=60, 99=70, 99.9=78, 99.99=309] 
2026-04-29 15:35:00:661 59 sec: 1361052 operations; 23185 current ops/sec; [READ: Count=16072, Max=856, Min=5, Avg=29.05, 90=86, 99=124, 99.9=160, 99.99=762] [INSERT: Count=1182, Max=326, Min=150, Avg=171.78, 90=183, 99=218, 99.9=252, 99.99=326] [READ-FAILED: Count=5936, Max=259, Min=35, Avg=51.27, 90=60, 99=69, 99.9=85, 99.99=259] 
2026-04-29 15:35:01:661 60 sec: 1384697 operations; 23645 current ops/sec; [READ: Count=15953, Max=782, Min=4, Avg=29.18, 90=85, 99=119, 99.9=156, 99.99=777] [INSERT: Count=1184, Max=237, Min=147, Avg=160.77, 90=171, 99=214, 99.9=231, 99.99=237] [READ-FAILED: Count=6501, Max=773, Min=34, Avg=49.04, 90=57, 99=68, 99.9=83, 99.99=773] 
2026-04-29 15:35:02:661 61 sec: 1408823 operations; 24126 current ops/sec; [READ: Count=16407, Max=886, Min=5, Avg=28.36, 90=84, 99=120, 99.9=155, 99.99=852] [INSERT: Count=1184, Max=225, Min=147, Avg=161.75, 90=173, 99=205, 99.9=225, 99.99=225] [READ-FAILED: Count=6537, Max=87, Min=34, Avg=48.61, 90=57, 99=66, 99.9=80, 99.99=87] 
2026-04-29 15:35:03:661 62 sec: 1432804 operations; 23981 current ops/sec; [READ: Count=16285, Max=843, Min=4, Avg=28.48, 90=85, 99=120, 99.9=147, 99.99=842] [INSERT: Count=1226, Max=566, Min=144, Avg=160.03, 90=172, 99=199, 99.9=264, 99.99=566] [READ-FAILED: Count=6472, Max=104, Min=34, Avg=48.6, 90=57, 99=66, 99.9=80, 99.99=104] 
2026-04-29 15:35:04:661 63 sec: 1456335 operations; 23531 current ops/sec; [READ: Count=16458, Max=4099, Min=4, Avg=28.07, 90=83, 99=123, 99.9=156, 99.99=811] [INSERT: Count=1172, Max=22559, Min=144, Avg=185.43, 90=178, 99=219, 99.9=980, 99.99=22559] [READ-FAILED: Count=5906, Max=323, Min=34, Avg=49.98, 90=58, 99=70, 99.9=103, 99.99=323] 
2026-04-29 15:35:05:661 64 sec: 1480568 operations; 24233 current ops/sec; [READ: Count=16483, Max=880, Min=4, Avg=28.2, 90=84, 99=121, 99.9=150, 99.99=875] [INSERT: Count=1238, Max=236, Min=143, Avg=156.77, 90=164, 99=192, 99.9=222, 99.99=236] [READ-FAILED: Count=6503, Max=82, Min=34, Avg=48.43, 90=56, 99=65, 99.9=76, 99.99=82] 
2026-04-29 15:35:06:661 65 sec: 1505078 operations; 24510 current ops/sec; [READ: Count=17289, Max=1228, Min=5, Avg=27.7, 90=84, 99=123, 99.9=155, 99.99=875] [INSERT: Count=1202, Max=345, Min=144, Avg=160.33, 90=169, 99=211, 99.9=282, 99.99=345] [READ-FAILED: Count=6021, Max=311, Min=34, Avg=50.22, 90=58, 99=68, 99.9=88, 99.99=311] 
2026-04-29 15:35:07:661 66 sec: 1529023 operations; 23945 current ops/sec; [READ: Count=16464, Max=809, Min=5, Avg=28.2, 90=85, 99=123, 99.9=156, 99.99=764] [INSERT: Count=1190, Max=245, Min=147, Avg=161.26, 90=168, 99=196, 99.9=228, 99.99=245] [READ-FAILED: Count=6290, Max=111, Min=35, Avg=50.55, 90=59, 99=68, 99.9=78, 99.99=111] 
2026-04-29 15:35:08:661 67 sec: 1552703 operations; 23680 current ops/sec; [READ: Count=16052, Max=838, Min=5, Avg=28.46, 90=84, 99=122, 99.9=151, 99.99=832] [INSERT: Count=1198, Max=280, Min=147, Avg=160.78, 90=168, 99=216, 99.9=240, 99.99=280] [READ-FAILED: Count=6432, Max=210, Min=36, Avg=50.5, 90=59, 99=68, 99.9=78, 99.99=210] 
2026-04-29 15:35:09:393 - NewTail completed: 
2026-04-29 15:35:09:423 - Compaction started: 
2026-04-29 15:35:09:661 68 sec: 1575280 operations; 22577 current ops/sec; [READ: Count=15703, Max=3011, Min=4, Avg=28.26, 90=85, 99=125, 99.9=371, 99.99=976] [INSERT: Count=1105, Max=27007, Min=147, Avg=215.53, 90=185, 99=241, 99.9=21743, 99.99=27007] [READ-FAILED: Count=5775, Max=2889, Min=34, Avg=50.87, 90=59, 99=69, 99.9=99, 99.99=2889] 
139626434000448:Compacting datalog/39 datalog/40 into:sstable1/ef703a89-26de-4759-b6ea-a2b97a001c1c202604290934011777476909534700248.sst
2026-04-29 15:35:09:735 - Compaction completed: 
2026-04-29 15:35:10:661 69 sec: 1595936 operations; 20656 current ops/sec; [READ: Count=14129, Max=5327, Min=4, Avg=35.7, 90=86, 99=127, 99.9=390, 99.99=1274] [INSERT: Count=1077, Max=408, Min=147, Avg=167.93, 90=180, 99=212, 99.9=240, 99.99=408] [READ-FAILED: Count=5446, Max=324, Min=35, Avg=53.5, 90=63, 99=75, 99.9=97, 99.99=324] 
2026-04-29 15:35:11:661 70 sec: 1617932 operations; 21996 current ops/sec; [READ: Count=15249, Max=766, Min=5, Avg=32.49, 90=85, 99=124, 99.9=153, 99.99=744] [INSERT: Count=1104, Max=235, Min=150, Avg=164.31, 90=175, 99=211, 99.9=224, 99.99=235] [READ-FAILED: Count=5643, Max=773, Min=37, Avg=52.92, 90=61, 99=73, 99.9=94, 99.99=773] 
2026-04-29 15:35:12:661 71 sec: 1640199 operations; 22267 current ops/sec; [READ: Count=15529, Max=2773, Min=5, Avg=32.03, 90=86, 99=124, 99.9=191, 99.99=2255] [INSERT: Count=1117, Max=251, Min=148, Avg=165.64, 90=178, 99=211, 99.9=229, 99.99=251] [READ-FAILED: Count=5622, Max=355, Min=37, Avg=52.13, 90=61, 99=71, 99.9=87, 99.99=355] 
2026-04-29 15:35:13:661 72 sec: 1662098 operations; 21899 current ops/sec; [READ: Count=14827, Max=899, Min=5, Avg=31.71, 90=87, 99=123, 99.9=154, 99.99=837] [INSERT: Count=1103, Max=246, Min=150, Avg=176.78, 90=189, 99=205, 99.9=239, 99.99=246] [READ-FAILED: Count=5966, Max=104, Min=37, Avg=52.04, 90=60, 99=69, 99.9=82, 99.99=104] 
2026-04-29 15:35:14:661 73 sec: 1683014 operations; 20916 current ops/sec; [READ: Count=14199, Max=812, Min=5, Avg=31.58, 90=87, 99=125, 99.9=156, 99.99=782] [INSERT: Count=1067, Max=21711, Min=148, Avg=219.6, 90=189, 99=792, 99.9=1686, 99.99=21711] [READ-FAILED: Count=5652, Max=129, Min=32, Avg=52.09, 90=60, 99=70, 99.9=82, 99.99=129] 
2026-04-29 15:35:15:661 74 sec: 1705791 operations; 22777 current ops/sec; [READ: Count=15903, Max=802, Min=5, Avg=30.7, 90=85, 99=124, 99.9=152, 99.99=792] [INSERT: Count=1103, Max=248, Min=143, Avg=167.47, 90=176, 99=204, 99.9=243, 99.99=248] [READ-FAILED: Count=5766, Max=315, Min=37, Avg=52.37, 90=61, 99=71, 99.9=91, 99.99=315] 
2026-04-29 15:35:16:661 75 sec: 1728612 operations; 22821 current ops/sec; [READ: Count=16032, Max=874, Min=5, Avg=30.36, 90=85, 99=126, 99.9=164, 99.99=764] [INSERT: Count=1130, Max=301, Min=143, Avg=170.26, 90=180, 99=226, 99.9=259, 99.99=301] [READ-FAILED: Count=5662, Max=117, Min=37, Avg=52.28, 90=61, 99=70, 99.9=87, 99.99=117] 
2026-04-29 15:35:17:661 76 sec: 1751508 operations; 22896 current ops/sec; [READ: Count=16394, Max=795, Min=5, Avg=29.94, 90=86, 99=129, 99.9=167, 99.99=760] [INSERT: Count=1148, Max=240, Min=159, Avg=174.2, 90=181, 99=205, 99.9=239, 99.99=240] [READ-FAILED: Count=5354, Max=314, Min=37, Avg=53.03, 90=62, 99=73, 99.9=90, 99.99=314] 
2026-04-29 15:35:18:661 77 sec: 1773376 operations; 21868 current ops/sec; [READ: Count=14841, Max=782, Min=5, Avg=31.46, 90=89, 99=127, 99.9=154, 99.99=778] [INSERT: Count=1138, Max=252, Min=159, Avg=175.09, 90=184, 99=228, 99.9=243, 99.99=252] [READ-FAILED: Count=5887, Max=117, Min=37, Avg=52.58, 90=61, 99=71, 99.9=80, 99.99=117] 
2026-04-29 15:35:19:661 78 sec: 1794877 operations; 21501 current ops/sec; [READ: Count=14798, Max=1200, Min=5, Avg=31.5, 90=88, 99=127, 99.9=153, 99.99=755] [INSERT: Count=1079, Max=22335, Min=149, Avg=197.8, 90=186, 99=243, 99.9=1694, 99.99=22335] [READ-FAILED: Count=5630, Max=99, Min=36, Avg=52.71, 90=62, 99=72, 99.9=84, 99.99=99] 
2026-04-29 15:35:20:661 79 sec: 1817195 operations; 22318 current ops/sec; [READ: Count=15436, Max=817, Min=5, Avg=30.95, 90=87, 99=127, 99.9=158, 99.99=773] [INSERT: Count=1149, Max=257, Min=148, Avg=169.28, 90=181, 99=211, 99.9=242, 99.99=257] [READ-FAILED: Count=5730, Max=191, Min=37, Avg=52.86, 90=62, 99=73, 99.9=99, 99.99=191] 
2026-04-29 15:35:21:661 80 sec: 1840497 operations; 23302 current ops/sec; [READ: Count=16147, Max=1979, Min=5, Avg=29.38, 90=84, 99=122, 99.9=156, 99.99=821] [INSERT: Count=1172, Max=235, Min=145, Avg=161.2, 90=170, 99=213, 99.9=228, 99.99=235] [READ-FAILED: Count=5981, Max=92, Min=37, Avg=52.09, 90=60, 99=69, 99.9=77, 99.99=92] 
2026-04-29 15:35:22:304 - NewTail completed: 
2026-04-29 15:35:22:661 81 sec: 1863268 operations; 22771 current ops/sec; [READ: Count=15996, Max=812, Min=5, Avg=30.42, 90=87, 99=127, 99.9=172, 99.99=760] [INSERT: Count=1080, Max=752, Min=144, Avg=171.66, 90=186, 99=229, 99.9=306, 99.99=752] [READ-FAILED: Count=5696, Max=310, Min=37, Avg=53.13, 90=62, 99=73, 99.9=94, 99.99=310] 
2026-04-29 15:35:23:661 82 sec: 1886965 operations; 23697 current ops/sec; [READ: Count=17002, Max=778, Min=5, Avg=28.99, 90=85, 99=126, 99.9=171, 99.99=753] [INSERT: Count=1133, Max=240, Min=147, Avg=166.42, 90=179, 99=208, 99.9=235, 99.99=240] [READ-FAILED: Count=5562, Max=120, Min=37, Avg=52.57, 90=61, 99=71, 99.9=84, 99.99=120] 
2026-04-29 15:35:24:661 83 sec: 1909462 operations; 22497 current ops/sec; [READ: Count=15729, Max=845, Min=5, Avg=30.19, 90=86, 99=125, 99.9=175, 99.99=780] [INSERT: Count=1091, Max=22495, Min=145, Avg=183.19, 90=173, 99=234, 99.9=681, 99.99=22495] [READ-FAILED: Count=5679, Max=118, Min=37, Avg=52.93, 90=62, 99=72, 99.9=81, 99.99=118] 
2026-04-29 15:35:25:661 84 sec: 1932950 operations; 23488 current ops/sec; [READ: Count=16236, Max=814, Min=5, Avg=28.85, 90=85, 99=123, 99.9=155, 99.99=800] [INSERT: Count=1183, Max=224, Min=145, Avg=159.05, 90=168, 99=190, 99.9=224, 99.99=224] [READ-FAILED: Count=6066, Max=134, Min=37, Avg=52.36, 90=60, 99=70, 99.9=86, 99.99=134] 
2026-04-29 15:35:26:661 85 sec: 1957431 operations; 24481 current ops/sec; [READ: Count=17847, Max=808, Min=5, Avg=27.85, 90=83, 99=126, 99.9=159, 99.99=755] [INSERT: Count=1188, Max=242, Min=145, Avg=160.15, 90=168, 99=194, 99.9=227, 99.99=242] [READ-FAILED: Count=5446, Max=135, Min=37, Avg=52.61, 90=61, 99=70, 99.9=87, 99.99=135] 
2026-04-29 15:35:27:661 86 sec: 1982254 operations; 24823 current ops/sec; [READ: Count=18410, Max=1083, Min=5, Avg=27.64, 90=83, 99=126, 99.9=167, 99.99=761] [INSERT: Count=1136, Max=239, Min=146, Avg=162.68, 90=169, 99=192, 99.9=229, 99.99=239] [READ-FAILED: Count=5278, Max=310, Min=38, Avg=53.06, 90=62, 99=71, 99.9=85, 99.99=310] 
2026-04-29 15:35:28:661 87 sec: 2005209 operations; 22955 current ops/sec; [READ: Count=15600, Max=1009, Min=5, Avg=29.35, 90=85, 99=123, 99.9=151, 99.99=770] [INSERT: Count=1178, Max=229, Min=145, Avg=162.57, 90=170, 99=195, 99.9=225, 99.99=229] [READ-FAILED: Count=6178, Max=106, Min=38, Avg=52.74, 90=61, 99=70, 99.9=79, 99.99=106] 
2026-04-29 15:35:29:661 88 sec: 2027897 operations; 22688 current ops/sec; [READ: Count=15717, Max=1778, Min=5, Avg=28.87, 90=85, 99=125, 99.9=167, 99.99=786] [INSERT: Count=1151, Max=23439, Min=146, Avg=184.46, 90=175, 99=228, 99.9=677, 99.99=23439] [READ-FAILED: Count=5820, Max=315, Min=38, Avg=53.14, 90=62, 99=72, 99.9=100, 99.99=315] 
2026-04-29 15:35:30:661 89 sec: 2050276 operations; 22379 current ops/sec; [READ: Count=15030, Max=887, Min=5, Avg=29.91, 90=88, 99=125, 99.9=155, 99.99=822] [INSERT: Count=1176, Max=254, Min=147, Avg=167.86, 90=179, 99=214, 99.9=246, 99.99=254] [READ-FAILED: Count=6170, Max=125, Min=37, Avg=53.17, 90=62, 99=71, 99.9=85, 99.99=125] 
Maximum time elapsed. Requesting stop for the workload.
2026-04-29 15:35:31:661 90 sec: 2074390 operations; 24114 current ops/sec; [READ: Count=16728, Max=1128, Min=5, Avg=28.05, 90=84, 99=123, 99.9=167, 99.99=786] [INSERT: Count=1178, Max=235, Min=142, Avg=160.82, 90=172, 99=201, 99.9=234, 99.99=235] [READ-FAILED: Count=6207, Max=104, Min=36, Avg=50.9, 90=59, 99=68, 99.9=79, 99.99=104] 
Stop requested for workload. Now Joining!
[OZONEDB-PROFILE] reads=1970658  avg_total=34.11us  view=3.89us(11.4%)  log=1.22us(3.6%)  sst=48.74us_per_call x 1165285_calls(84.5%_of_total)
[OZONEDB-SST-PROFILE] level | time_total_ms | enters | range_rejects | table_gets | hits
[OZONEDB-SST-PROFILE] L1  |     13477.49 |  3580375 |       952773 |    2627602 | 310230
[OZONEDB-SST-PROFILE] L2  |      4600.42 |  1708306 |       853270 |     855036 |  55995
[OZONEDB-SST-PROFILE] L3  |      3848.44 |  1597040 |       797982 |     799058 |  39803
[OZONEDB-SST-PROFILE] L4  |      3570.91 |  1517085 |       757851 |     759234 |  31729
[OZONEDB-SST-PROFILE] L5  |      3076.24 |  1454158 |       726680 |     727478 |  25412
[OZONEDB-SST-PROFILE] L6  |      2902.90 |  1403532 |       701443 |     702089 |  21691
[OZONEDB-SST-PROFILE] L7  |     24677.73 |  2617929 |           92 |    2617837 | 134398
[OZONEDB-TBL-PROFILE] file_filter_reject=8374338  block_filter_reject=93716  index_invalid=0  block_read_more=422130  hit_from_cache=198150  miss_after_read=1022  found=619258
2026-04-29 15:35:31:710 90 sec: 2074400 operations; 204.08 current ops/sec; [READ: Count=8, Max=75, Min=5, Avg=33.25, 90=75, 99=75, 99.9=75, 99.99=75] [CLEANUP: Count=1, Max=48383, Min=48352, Avg=48368, 90=48383, 99=48383, 99.9=48383, 99.99=48383] [INSERT: Count=0, Max=0, Min=0, Avg=0, 90=0, 99=0, 99.9=0, 99.99=0] [READ-FAILED: Count=1, Max=62, Min=62, Avg=62, 90=62, 99=62, 99.9=62, 99.99=62] 
[OVERALL], RunTime(ms), 90050
[OVERALL], Throughput(ops/sec), 23036.091060521932
[TOTAL_GCS_PS_Scavenge], Count, 10
[TOTAL_GC_TIME_PS_Scavenge], Time(ms), 29
[TOTAL_GC_TIME_%_PS_Scavenge], Time(%), 0.03220433092726263
[TOTAL_GCS_PS_MarkSweep], Count, 0
[TOTAL_GC_TIME_PS_MarkSweep], Time(ms), 0
[TOTAL_GC_TIME_%_PS_MarkSweep], Time(%), 0.0
[TOTAL_GCs], Count, 10
[TOTAL_GC_TIME], Time(ms), 29
[TOTAL_GC_TIME_%], Time(%), 0.03220433092726263
[READ], Operations, 1424631
[READ], AverageLatency(us), 29.535933164447496
[READ], MinLatency(us), 4
[READ], MaxLatency(us), 47263
[READ], 95thPercentileLatency(us), 103
[READ], 99thPercentileLatency(us), 123
[READ], Return=OK, 1424631
[READ], Return=NOT_FOUND, 546027
[CLEANUP], Operations, 1
[CLEANUP], AverageLatency(us), 48368.0
[CLEANUP], MinLatency(us), 48352
[CLEANUP], MaxLatency(us), 48383
[CLEANUP], 95thPercentileLatency(us), 48383
[CLEANUP], 99thPercentileLatency(us), 48383
[INSERT], Operations, 103742
[INSERT], AverageLatency(us), 173.04188274758536
[INSERT], MinLatency(us), 142
[INSERT], MaxLatency(us), 33247
[INSERT], 95thPercentileLatency(us), 188
[INSERT], 99thPercentileLatency(us), 224
[INSERT], Return=OK, 103742
[READ-FAILED], Operations, 546027
[READ-FAILED], AverageLatency(us), 50.00666816842391
[READ-FAILED], MinLatency(us), 30
[READ-FAILED], MaxLatency(us), 3115
[READ-FAILED], 95thPercentileLatency(us), 62
[READ-FAILED], 99thPercentileLatency(us), 69
	Command being timed: "/usr/lib/jvm/java-8-openjdk-amd64/bin/java -cp /users/Xinying/ozonedb/ycsb/ozonedb/conf:/users/Xinying/ozonedb/ycsb/ozonedb/target/ozonedb-binding-0.18.0-SNAPSHOT.jar:/users/Xinying/.m2/repository/org/apache/htrace/htrace-core4/4.1.0-incubating/htrace-core4-4.1.0-incubating.jar:/users/Xinying/.m2/repository/org/slf4j/slf4j-api/1.7.25/slf4j-api-1.7.25.jar:/users/Xinying/.m2/repository/org/hdrhistogram/HdrHistogram/2.1.12/HdrHistogram-2.1.12.jar:/users/Xinying/.m2/repository/ch/qos/logback/logback-classic/1.2.3/logback-classic-1.2.3.jar:/users/Xinying/.m2/repository/ozonedbjnimaven/demoproc-jni/1.0/demoproc-jni-1.0.jar:/users/Xinying/.m2/repository/ch/qos/logback/logback-core/1.2.3/logback-core-1.2.3.jar:/users/Xinying/.m2/repository/org/codehaus/jackson/jackson-mapper-asl/1.9.4/jackson-mapper-asl-1.9.4.jar:/users/Xinying/.m2/repository/org/slf4j/slf4j-simple/1.7.25/slf4j-simple-1.7.25.jar:/users/Xinying/.m2/repository/org/codehaus/jackson/jackson-core-asl/1.9.4/jackson-core-asl-1.9.4.jar:/users/Xinying/ozonedb/ycsb/core/target/core-0.18.0-SNAPSHOT.jar site.ycsb.Client -db site.ycsb.db.OzoneDBClient -threads 1 -s -P /users/Xinying/ozonedb/ycsb/workloads/generated_workloads/workloadd_1KB_1000000_1000000 -p status.interval=1 -p maxexecutiontime=90 -p operationcount=0 -p shared_config=/tmp/phase1_ozonedb_configs/shared_config_SHARED_workloadd_p2_r1_proc1.json -t"
	User time (seconds): 59.39
	System time (seconds): 25.48
	Percent of CPU this job got: 93%
	Elapsed (wall clock) time (h:mm:ss or m:ss): 1:30.95
	Average shared text size (kbytes): 0
	Average unshared data size (kbytes): 0
	Average stack size (kbytes): 0
	Average total size (kbytes): 0
	Maximum resident set size (kbytes): 3612348
	Average resident set size (kbytes): 0
	Major (requiring I/O) page faults: 478
	Minor (reclaiming a frame) page faults: 958186
	Voluntary context switches: 229269
	Involuntary context switches: 363
	Swaps: 0
	File system inputs: 7738503
	File system outputs: 461550
	Socket messages sent: 0
	Socket messages received: 0
	Signals delivered: 0
	Page size (bytes): 4096
	Exit status: 0
