# CMD: /usr/bin/time -v /usr/lib/jvm/java-8-openjdk-amd64/bin/java -cp /users/Xinying/ozonedb/ycsb/ozonedb/conf:/users/Xinying/ozonedb/ycsb/ozonedb/target/ozonedb-binding-0.18.0-SNAPSHOT.jar:/users/Xinying/.m2/repository/org/apache/htrace/htrace-core4/4.1.0-incubating/htrace-core4-4.1.0-incubating.jar:/users/Xinying/.m2/repository/org/slf4j/slf4j-api/1.7.25/slf4j-api-1.7.25.jar:/users/Xinying/.m2/repository/org/hdrhistogram/HdrHistogram/2.1.12/HdrHistogram-2.1.12.jar:/users/Xinying/.m2/repository/ch/qos/logback/logback-classic/1.2.3/logback-classic-1.2.3.jar:/users/Xinying/.m2/repository/ozonedbjnimaven/demoproc-jni/1.0/demoproc-jni-1.0.jar:/users/Xinying/.m2/repository/ch/qos/logback/logback-core/1.2.3/logback-core-1.2.3.jar:/users/Xinying/.m2/repository/org/codehaus/jackson/jackson-mapper-asl/1.9.4/jackson-mapper-asl-1.9.4.jar:/users/Xinying/.m2/repository/org/slf4j/slf4j-simple/1.7.25/slf4j-simple-1.7.25.jar:/users/Xinying/.m2/repository/org/codehaus/jackson/jackson-core-asl/1.9.4/jackson-core-asl-1.9.4.jar:/users/Xinying/ozonedb/ycsb/core/target/core-0.18.0-SNAPSHOT.jar site.ycsb.Client -db site.ycsb.db.OzoneDBClient -threads 1 -s -P /users/Xinying/ozonedb/ycsb/workloads/generated_workloads/workloada_1KB_1000000_1000000 -p status.interval=1 -p maxexecutiontime=90 -p operationcount=0 -p shared_config=/tmp/phase1_ozonedb_configs/shared_config_SHARED_workloada_p8_r1_proc4.json -t
# shared_work_path=/tank/ycsb_data/multi-proc-run/shared_ozonedb  proc_id=4/8
Command line: -db site.ycsb.db.OzoneDBClient -threads 1 -s -P /users/Xinying/ozonedb/ycsb/workloads/generated_workloads/workloada_1KB_1000000_1000000 -p status.interval=1 -p maxexecutiontime=90 -p operationcount=0 -p shared_config=/tmp/phase1_ozonedb_configs/shared_config_SHARED_workloada_p8_r1_proc4.json -t
YCSB Client 0.18.0-SNAPSHOT

Loading workload...
Starting test.
SLF4J: Class path contains multiple SLF4J bindings.
SLF4J: Found binding in [jar:file:/users/Xinying/.m2/repository/ch/qos/logback/logback-classic/1.2.3/logback-classic-1.2.3.jar!/org/slf4j/impl/StaticLoggerBinder.class]
SLF4J: Found binding in [jar:file:/users/Xinying/.m2/repository/org/slf4j/slf4j-simple/1.7.25/slf4j-simple-1.7.25.jar!/org/slf4j/impl/StaticLoggerBinder.class]
SLF4J: See http://www.slf4j.org/codes.html#multiple_bindings for an explanation.
SLF4J: Actual binding is of type [ch.qos.logback.classic.util.ContextSelectorStaticBinder]
Maximum execution time specified as: 90 secs
2026-04-29 15:17:31:845 0 sec: 0 operations; 
Starting compaction watcher
DBWrapper: report latency for each error is false and specific error codes to track for latency are: []
2026-04-29 15:17:32:845 1 sec: 1103 operations; 1103 current ops/sec; [READ: Count=572, Max=48767, Min=5, Avg=289.95, 90=235, 99=2665, 99.9=48767, 99.99=48767] [UPDATE: Count=557, Max=135807, Min=179, Avg=921.84, 90=1423, 99=3349, 99.9=135807, 99.99=135807] 
2026-04-29 15:17:33:844 2 sec: 4679 operations; 3576 current ops/sec; [READ: Count=1778, Max=4615, Min=5, Avg=109.37, 90=152, 99=959, 99.9=4131, 99.99=4615] [UPDATE: Count=1778, Max=74047, Min=164, Avg=430.84, 90=546, 99=2221, 99.9=11135, 99.99=74047] 
2026-04-29 15:17:34:845 3 sec: 9757 operations; 5078 current ops/sec; [READ: Count=2483, Max=6299, Min=5, Avg=85.55, 90=137, 99=191, 99.9=5711, 99.99=6299] [UPDATE: Count=2598, Max=6695, Min=160, Avg=295.35, 90=364, 99=621, 99.9=5979, 99.99=6695] 
2026-04-29 15:17:34:956 - NewTail completed: 
2026-04-29 15:17:35:844 4 sec: 15352 operations; 5595 current ops/sec; [READ: Count=2855, Max=5843, Min=4, Avg=76.66, 90=127, 99=163, 99.9=5599, 99.99=5843] [UPDATE: Count=2737, Max=12271, Min=158, Avg=279.59, 90=340, 99=417, 99.9=5415, 99.99=12271] 
2026-04-29 15:17:36:845 5 sec: 20355 operations; 5003 current ops/sec; [READ: Count=2464, Max=7207, Min=5, Avg=83.9, 90=137, 99=181, 99.9=5159, 99.99=7207] [UPDATE: Count=2537, Max=73279, Min=156, Avg=307.4, 90=358, 99=438, 99.9=5427, 99.99=73279] 
2026-04-29 15:17:37:844 6 sec: 24602 operations; 4247 current ops/sec; [READ: Count=2179, Max=4811, Min=5, Avg=74.77, 90=129, 99=179, 99.9=4183, 99.99=4811] [UPDATE: Count=2068, Max=113663, Min=158, Avg=399.32, 90=566, 99=1126, 99.9=4423, 99.99=113663] 
2026-04-29 15:17:38:844 7 sec: 30339 operations; 5737 current ops/sec; [READ: Count=2895, Max=4715, Min=5, Avg=72.24, 90=125, 99=157, 99.9=4263, 99.99=4715] [UPDATE: Count=2845, Max=11463, Min=159, Avg=273.45, 90=335, 99=409, 99.9=4879, 99.99=11463] 
2026-04-29 15:17:39:844 8 sec: 36172 operations; 5833 current ops/sec; [READ: Count=2894, Max=5159, Min=5, Avg=67.34, 90=124, 99=149, 99.9=3885, 99.99=5159] [UPDATE: Count=2935, Max=5163, Min=160, Avg=269.76, 90=330, 99=407, 99.9=4619, 99.99=5163] 
2026-04-29 15:17:40:495 - Compaction started: 
2026-04-29 15:17:40:844 9 sec: 41649 operations; 5477 current ops/sec; [READ: Count=2706, Max=39295, Min=5, Avg=82.94, 90=126, 99=159, 99.9=4087, 99.99=39295] [UPDATE: Count=2776, Max=5515, Min=159, Avg=274.96, 90=337, 99=421, 99.9=4543, 99.99=5515] 
140570479502912:Compacting datalog/39 datalog/40 into:sstable1/be40bca0-f3a2-47c9-9c71-e151b6b50309202604290917311777475860651318275.sst
2026-04-29 15:17:40:933 - Compaction completed: 
2026-04-29 15:17:41:844 10 sec: 47523 operations; 5874 current ops/sec; [READ: Count=2959, Max=5543, Min=5, Avg=71.25, 90=124, 99=158, 99.9=4859, 99.99=5543] [UPDATE: Count=2911, Max=9951, Min=161, Avg=266.62, 90=329, 99=407, 99.9=4751, 99.99=9951] 
2026-04-29 15:17:42:844 11 sec: 51169 operations; 3646 current ops/sec; [READ: Count=1739, Max=4499, Min=5, Avg=71.28, 90=134, 99=170, 99.9=4287, 99.99=4499] [UPDATE: Count=1909, Max=126655, Min=163, Avg=453.82, 90=692, 99=1372, 99.9=5455, 99.99=126655] 
2026-04-29 15:17:43:844 12 sec: 56284 operations; 5115 current ops/sec; [READ: Count=2540, Max=5215, Min=5, Avg=77.66, 90=136, 99=183, 99.9=4215, 99.99=5215] [UPDATE: Count=2569, Max=84479, Min=157, Avg=306.66, 90=352, 99=449, 99.9=4427, 99.99=84479] 
2026-04-29 15:17:44:844 13 sec: 61902 operations; 5618 current ops/sec; [READ: Count=2838, Max=5999, Min=5, Avg=79.44, 90=135, 99=171, 99.9=4951, 99.99=5999] [UPDATE: Count=2786, Max=7947, Min=157, Avg=274.03, 90=339, 99=408, 99.9=5467, 99.99=7947] 
2026-04-29 15:17:45:844 14 sec: 67573 operations; 5671 current ops/sec; [READ: Count=2834, Max=5087, Min=5, Avg=72.59, 90=133, 99=180, 99.9=4423, 99.99=5087] [UPDATE: Count=2836, Max=6251, Min=154, Avg=276.2, 90=345, 99=440, 99.9=4911, 99.99=6251] 
2026-04-29 15:17:46:844 15 sec: 72973 operations; 5400 current ops/sec; [READ: Count=2667, Max=6163, Min=5, Avg=81.08, 90=142, 99=177, 99.9=4175, 99.99=6163] [UPDATE: Count=2732, Max=5991, Min=163, Avg=282.94, 90=356, 99=440, 99.9=4735, 99.99=5991] 
2026-04-29 15:17:47:845 16 sec: 76689 operations; 3716 current ops/sec; [READ: Count=1872, Max=13807, Min=5, Avg=86.97, 90=147, 99=201, 99.9=4611, 99.99=13807] [UPDATE: Count=1840, Max=126143, Min=166, Avg=450.44, 90=665, 99=1375, 99.9=7811, 99.99=126143] 
2026-04-29 15:17:48:844 17 sec: 81723 operations; 5034 current ops/sec; [READ: Count=2545, Max=4251, Min=5, Avg=69.15, 90=134, 99=182, 99.9=644, 99.99=4251] [UPDATE: Count=2492, Max=5027, Min=159, Avg=327.75, 90=530, 99=1256, 99.9=4551, 99.99=5027] 
2026-04-29 15:17:49:844 18 sec: 87669 operations; 5946 current ops/sec; [READ: Count=3011, Max=4815, Min=5, Avg=72.95, 90=132, 99=165, 99.9=4379, 99.99=4815] [UPDATE: Count=2934, Max=9791, Min=157, Avg=262.79, 90=332, 99=406, 99.9=4431, 99.99=9791] 
2026-04-29 15:17:50:844 19 sec: 92977 operations; 5308 current ops/sec; [READ: Count=2657, Max=4959, Min=5, Avg=76.08, 90=136, 99=179, 99.9=4311, 99.99=4959] [UPDATE: Count=2651, Max=84927, Min=158, Avg=297.86, 90=339, 99=412, 99.9=4527, 99.99=84927] 
2026-04-29 15:17:51:844 20 sec: 98458 operations; 5481 current ops/sec; [READ: Count=2723, Max=15711, Min=5, Avg=77.19, 90=132, 99=166, 99.9=5299, 99.99=15711] [UPDATE: Count=2756, Max=5347, Min=155, Avg=264.01, 90=331, 99=405, 99.9=4911, 99.99=5347] 
2026-04-29 15:17:52:844 21 sec: 102522 operations; 4064 current ops/sec; [READ: Count=1981, Max=3943, Min=5, Avg=71.4, 90=135, 99=178, 99.9=3713, 99.99=3943] [UPDATE: Count=2084, Max=123775, Min=158, Avg=434.84, 90=557, 99=1211, 99.9=10415, 99.99=123775] 
2026-04-29 15:17:53:844 22 sec: 105904 operations; 3382 current ops/sec; [READ: Count=1681, Max=5107, Min=5, Avg=74.36, 90=134, 99=203, 99.9=4327, 99.99=5107] [UPDATE: Count=1702, Max=84991, Min=155, Avg=510.92, 90=878, 99=1877, 99.9=7343, 99.99=84991] 
2026-04-29 15:17:54:844 23 sec: 111317 operations; 5413 current ops/sec; [READ: Count=2781, Max=4735, Min=5, Avg=81.91, 90=145, 99=208, 99.9=4371, 99.99=4735] [UPDATE: Count=2633, Max=5283, Min=156, Avg=289.64, 90=371, 99=462, 99.9=5107, 99.99=5283] 
2026-04-29 15:17:55:844 24 sec: 116534 operations; 5217 current ops/sec; [READ: Count=2607, Max=9911, Min=5, Avg=77.11, 90=137, 99=196, 99.9=4891, 99.99=9911] [UPDATE: Count=2609, Max=73087, Min=158, Avg=303.05, 90=353, 99=452, 99.9=5347, 99.99=73087] 
2026-04-29 15:17:56:844 25 sec: 121753 operations; 5219 current ops/sec; [READ: Count=2596, Max=10775, Min=5, Avg=78.56, 90=136, 99=173, 99.9=5623, 99.99=10775] [UPDATE: Count=2626, Max=72191, Min=160, Avg=300.44, 90=335, 99=442, 99.9=6859, 99.99=72191] 
2026-04-29 15:17:57:844 26 sec: 126609 operations; 4856 current ops/sec; [READ: Count=2473, Max=4487, Min=5, Avg=66.57, 90=134, 99=171, 99.9=4061, 99.99=4487] [UPDATE: Count=2379, Max=114367, Min=160, Avg=347.89, 90=360, 99=1349, 99.9=4631, 99.99=114367] 
2026-04-29 15:17:58:086 - NewTail completed: 
2026-04-29 15:17:58:844 27 sec: 130367 operations; 3758 current ops/sec; [READ: Count=1876, Max=9911, Min=5, Avg=88.48, 90=155, 99=243, 99.9=4131, 99.99=9911] [UPDATE: Count=1883, Max=4495, Min=158, Avg=439.56, 90=884, 99=1686, 99.9=4071, 99.99=4495] 
2026-04-29 15:17:59:844 28 sec: 135788 operations; 5421 current ops/sec; [READ: Count=2703, Max=4907, Min=5, Avg=70.89, 90=136, 99=173, 99.9=4081, 99.99=4907] [UPDATE: Count=2719, Max=71743, Min=153, Avg=294.48, 90=338, 99=422, 99.9=5587, 99.99=71743] 
2026-04-29 15:18:00:844 29 sec: 141244 operations; 5456 current ops/sec; [READ: Count=2756, Max=5119, Min=5, Avg=76.82, 90=146, 99=200, 99.9=4283, 99.99=5119] [UPDATE: Count=2699, Max=5063, Min=158, Avg=288.74, 90=370, 99=487, 99.9=4843, 99.99=5063] 
2026-04-29 15:18:01:844 30 sec: 146961 operations; 5717 current ops/sec; [READ: Count=2848, Max=6211, Min=5, Avg=76.84, 90=142, 99=189, 99.9=4887, 99.99=6211] [UPDATE: Count=2869, Max=10423, Min=154, Avg=269.12, 90=344, 99=442, 99.9=4875, 99.99=10423] 
2026-04-29 15:18:02:844 31 sec: 151515 operations; 4554 current ops/sec; [READ: Count=2235, Max=6199, Min=5, Avg=75.54, 90=142, 99=189, 99.9=4415, 99.99=6199] [UPDATE: Count=2317, Max=84095, Min=155, Avg=313.55, 90=346, 99=458, 99.9=5347, 99.99=84095] 
2026-04-29 15:18:03:844 32 sec: 152019 operations; 504 current ops/sec; [READ: Count=232, Max=871, Min=6, Avg=109.1, 90=211, 99=685, 99.9=871, 99.99=871] [UPDATE: Count=272, Max=118719, Min=526, Avg=3930.97, 90=5027, 99=11303, 99.9=118719, 99.99=118719] 
2026-04-29 15:18:04:844 33 sec: 152759 operations; 740 current ops/sec; [READ: Count=374, Max=1519, Min=5, Avg=86.65, 90=169, 99=338, 99.9=1519, 99.99=1519] [UPDATE: Count=366, Max=5039, Min=692, Avg=2640.17, 90=4119, 99=4847, 99.9=5039, 99.99=5039] 
2026-04-29 15:18:05:844 34 sec: 157190 operations; 4431 current ops/sec; [READ: Count=2249, Max=5903, Min=5, Avg=84.43, 90=151, 99=216, 99.9=4387, 99.99=5903] [UPDATE: Count=2183, Max=73343, Min=152, Avg=368.52, 90=426, 99=1505, 99.9=5763, 99.99=73343] 
2026-04-29 15:18:06:844 35 sec: 162424 operations; 5234 current ops/sec; [READ: Count=2575, Max=9415, Min=5, Avg=83.7, 90=150, 99=213, 99.9=4675, 99.99=9415] [UPDATE: Count=2661, Max=5163, Min=159, Avg=291.79, 90=377, 99=472, 99.9=5019, 99.99=5163] 
2026-04-29 15:18:07:844 36 sec: 168074 operations; 5650 current ops/sec; [READ: Count=2844, Max=5831, Min=5, Avg=71.67, 90=143, 99=186, 99.9=683, 99.99=5831] [UPDATE: Count=2807, Max=5687, Min=155, Avg=280.6, 90=355, 99=447, 99.9=4527, 99.99=5687] 
2026-04-29 15:18:08:844 37 sec: 172155 operations; 4081 current ops/sec; [READ: Count=2085, Max=10855, Min=5, Avg=91.77, 90=164, 99=238, 99.9=3727, 99.99=10855] [UPDATE: Count=1995, Max=77503, Min=162, Avg=401.71, 90=561, 99=1184, 99.9=6803, 99.99=77503] 
2026-04-29 15:18:09:844 38 sec: 177679 operations; 5524 current ops/sec; [READ: Count=2751, Max=4883, Min=5, Avg=74, 90=144, 99=186, 99.9=3023, 99.99=4883] [UPDATE: Count=2774, Max=17327, Min=159, Avg=284.03, 90=350, 99=446, 99.9=4503, 99.99=17327] 
2026-04-29 15:18:10:844 39 sec: 183072 operations; 5393 current ops/sec; [READ: Count=2637, Max=4799, Min=6, Avg=79.15, 90=151, 99=190, 99.9=4379, 99.99=4799] [UPDATE: Count=2754, Max=4667, Min=161, Avg=284.09, 90=364, 99=435, 99.9=4387, 99.99=4667] 
2026-04-29 15:18:11:844 40 sec: 188580 operations; 5508 current ops/sec; [READ: Count=2756, Max=5375, Min=5, Avg=76.19, 90=147, 99=203, 99.9=4175, 99.99=5375] [UPDATE: Count=2752, Max=11423, Min=159, Avg=283.99, 90=358, 99=458, 99.9=4783, 99.99=11423] 
2026-04-29 15:18:12:844 41 sec: 193987 operations; 5407 current ops/sec; [READ: Count=2714, Max=5027, Min=6, Avg=80.62, 90=152, 99=215, 99.9=4543, 99.99=5027] [UPDATE: Count=2694, Max=4759, Min=157, Avg=286.8, 90=373, 99=473, 99.9=4467, 99.99=4759] 
2026-04-29 15:18:13:844 42 sec: 197044 operations; 3057 current ops/sec; [READ: Count=1558, Max=4851, Min=6, Avg=82.51, 90=159, 99=236, 99.9=3707, 99.99=4851] [UPDATE: Count=1499, Max=127487, Min=160, Avg=577.62, 90=854, 99=1386, 99.9=4303, 99.99=127487] 
2026-04-29 15:18:14:844 43 sec: 202585 operations; 5541 current ops/sec; [READ: Count=2749, Max=4791, Min=6, Avg=77.53, 90=146, 99=200, 99.9=4311, 99.99=4791] [UPDATE: Count=2791, Max=9679, Min=159, Avg=278.92, 90=354, 99=448, 99.9=4439, 99.99=9679] 
2026-04-29 15:18:15:844 44 sec: 207550 operations; 4965 current ops/sec; [READ: Count=2488, Max=4375, Min=6, Avg=83.47, 90=162, 99=234, 99.9=3551, 99.99=4375] [UPDATE: Count=2475, Max=5275, Min=163, Avg=302.86, 90=390, 99=510, 99.9=4383, 99.99=5275] 
2026-04-29 15:18:16:844 45 sec: 212889 operations; 5339 current ops/sec; [READ: Count=2667, Max=5887, Min=6, Avg=81.92, 90=151, 99=220, 99.9=5415, 99.99=5887] [UPDATE: Count=2673, Max=51967, Min=157, Avg=301.99, 90=373, 99=469, 99.9=5095, 99.99=51967] 
2026-04-29 15:18:17:844 46 sec: 217772 operations; 4883 current ops/sec; [READ: Count=2377, Max=5535, Min=6, Avg=80.16, 90=152, 99=232, 99.9=4527, 99.99=5535] [UPDATE: Count=2507, Max=87359, Min=155, Avg=318.69, 90=357, 99=479, 99.9=10287, 99.99=87359] 
2026-04-29 15:18:18:844 47 sec: 220973 operations; 3201 current ops/sec; [READ: Count=1612, Max=5519, Min=6, Avg=75.17, 90=148, 99=199, 99.9=1608, 99.99=5519] [UPDATE: Count=1589, Max=119295, Min=156, Avg=549.89, 90=838, 99=1341, 99.9=6603, 99.99=119295] 
2026-04-29 15:18:19:844 48 sec: 226691 operations; 5718 current ops/sec; [READ: Count=2885, Max=4939, Min=6, Avg=80.45, 90=148, 99=187, 99.9=4007, 99.99=4939] [UPDATE: Count=2833, Max=4539, Min=158, Avg=268.09, 90=350, 99=424, 99.9=540, 99.99=4539] 
2026-04-29 15:18:20:012 - NewTail completed: 
2026-04-29 15:18:20:047 - Compaction started: 
140570479502912:Compacting datalog/65 datalog/66 into:sstable1/be40bca0-f3a2-47c9-9c71-e151b6b50309202604290917311777475900161068940.sst
2026-04-29 15:18:20:438 - Compaction completed: 
2026-04-29 15:18:20:844 49 sec: 232231 operations; 5540 current ops/sec; [READ: Count=2699, Max=9511, Min=6, Avg=81.4, 90=144, 99=194, 99.9=4531, 99.99=9511] [UPDATE: Count=2841, Max=9895, Min=157, Avg=271.78, 90=342, 99=429, 99.9=4655, 99.99=9895] 
2026-04-29 15:18:21:844 50 sec: 237839 operations; 5608 current ops/sec; [READ: Count=2804, Max=15007, Min=6, Avg=80.19, 90=149, 99=197, 99.9=5023, 99.99=15007] [UPDATE: Count=2803, Max=4683, Min=160, Avg=273.45, 90=347, 99=432, 99.9=4475, 99.99=4683] 
2026-04-29 15:18:22:844 51 sec: 243660 operations; 5821 current ops/sec; [READ: Count=2955, Max=5615, Min=6, Avg=75.81, 90=147, 99=194, 99.9=4611, 99.99=5615] [UPDATE: Count=2867, Max=6699, Min=156, Avg=267.83, 90=344, 99=423, 99.9=5279, 99.99=6699] 
2026-04-29 15:18:23:844 52 sec: 246728 operations; 3068 current ops/sec; [READ: Count=1533, Max=4795, Min=6, Avg=79.25, 90=157, 99=238, 99.9=1187, 99.99=4795] [UPDATE: Count=1534, Max=131327, Min=160, Avg=569.53, 90=1097, 99=2151, 99.9=4851, 99.99=131327] 
2026-04-29 15:18:24:844 53 sec: 250689 operations; 3961 current ops/sec; [READ: Count=1964, Max=4931, Min=6, Avg=89.35, 90=167, 99=258, 99.9=3429, 99.99=4931] [UPDATE: Count=1999, Max=86591, Min=156, Avg=408.95, 90=578, 99=1533, 99.9=5287, 99.99=86591] 
2026-04-29 15:18:25:844 54 sec: 256240 operations; 5551 current ops/sec; [READ: Count=2791, Max=4855, Min=6, Avg=83.25, 90=148, 99=198, 99.9=4315, 99.99=4855] [UPDATE: Count=2760, Max=4403, Min=162, Avg=275.19, 90=362, 99=435, 99.9=919, 99.99=4403] 
2026-04-29 15:18:26:844 55 sec: 261521 operations; 5281 current ops/sec; [READ: Count=2637, Max=9903, Min=6, Avg=75.33, 90=145, 99=201, 99.9=3973, 99.99=9903] [UPDATE: Count=2643, Max=71039, Min=160, Avg=300.15, 90=347, 99=428, 99.9=5031, 99.99=71039] 
2026-04-29 15:18:27:844 56 sec: 267096 operations; 5575 current ops/sec; [READ: Count=2810, Max=11239, Min=6, Avg=83.11, 90=148, 99=217, 99.9=5223, 99.99=11239] [UPDATE: Count=2765, Max=7623, Min=162, Avg=274.37, 90=350, 99=420, 99.9=4855, 99.99=7623] 
2026-04-29 15:18:28:844 57 sec: 270715 operations; 3619 current ops/sec; [READ: Count=1823, Max=5031, Min=6, Avg=74.34, 90=153, 99=217, 99.9=3547, 99.99=5031] [UPDATE: Count=1794, Max=115967, Min=161, Avg=477.94, 90=844, 99=1490, 99.9=9783, 99.99=115967] 
2026-04-29 15:18:29:844 58 sec: 275575 operations; 4860 current ops/sec; [READ: Count=2417, Max=10279, Min=6, Avg=79.71, 90=152, 99=210, 99.9=3889, 99.99=10279] [UPDATE: Count=2446, Max=7935, Min=157, Avg=327.43, 90=439, 99=1267, 99.9=4279, 99.99=7935] 
2026-04-29 15:18:30:844 59 sec: 280470 operations; 4895 current ops/sec; [READ: Count=2419, Max=5171, Min=6, Avg=85.66, 90=157, 99=226, 99.9=4871, 99.99=5171] [UPDATE: Count=2474, Max=86975, Min=161, Avg=317.17, 90=366, 99=457, 99.9=4567, 99.99=86975] 
2026-04-29 15:18:31:844 60 sec: 285840 operations; 5370 current ops/sec; [READ: Count=2707, Max=4939, Min=6, Avg=76.56, 90=154, 99=226, 99.9=3883, 99.99=4939] [UPDATE: Count=2664, Max=6015, Min=161, Avg=294.54, 90=382, 99=500, 99.9=4979, 99.99=6015] 
2026-04-29 15:18:32:844 61 sec: 291011 operations; 5171 current ops/sec; [READ: Count=2649, Max=12239, Min=6, Avg=87.93, 90=165, 99=249, 99.9=4287, 99.99=12239] [UPDATE: Count=2522, Max=8075, Min=160, Avg=300.78, 90=389, 99=503, 99.9=4467, 99.99=8075] 
2026-04-29 15:18:33:844 62 sec: 294516 operations; 3505 current ops/sec; [READ: Count=1709, Max=4671, Min=6, Avg=81.79, 90=153, 99=252, 99.9=4583, 99.99=4671] [UPDATE: Count=1794, Max=117055, Min=162, Avg=475.79, 90=379, 99=4431, 99.9=15991, 99.99=117055] 
2026-04-29 15:18:34:844 63 sec: 295373 operations; 857 current ops/sec; [READ: Count=418, Max=610, Min=7, Avg=85.92, 90=178, 99=312, 99.9=610, 99.99=610] [UPDATE: Count=440, Max=11263, Min=291, Avg=2189.43, 90=4491, 99=7235, 99.9=11263, 99.99=11263] 
2026-04-29 15:18:35:844 64 sec: 300329 operations; 4956 current ops/sec; [READ: Count=2514, Max=4459, Min=6, Avg=81.41, 90=155, 99=232, 99.9=4099, 99.99=4459] [UPDATE: Count=2442, Max=5571, Min=155, Avg=322.63, 90=538, 99=1050, 99.9=4647, 99.99=5571] 
2026-04-29 15:18:36:844 65 sec: 305907 operations; 5578 current ops/sec; [READ: Count=2774, Max=5151, Min=6, Avg=76.24, 90=152, 99=201, 99.9=4159, 99.99=5151] [UPDATE: Count=2805, Max=10927, Min=158, Avg=278.32, 90=352, 99=421, 99.9=5011, 99.99=10927] 
2026-04-29 15:18:37:336 - NewTail completed: 
2026-04-29 15:18:37:844 66 sec: 311401 operations; 5494 current ops/sec; [READ: Count=2780, Max=4947, Min=6, Avg=84.48, 90=159, 99=213, 99.9=4131, 99.99=4947] [UPDATE: Count=2714, Max=4783, Min=163, Avg=278.82, 90=362, 99=453, 99.9=4439, 99.99=4783] 
2026-04-29 15:18:38:844 67 sec: 315685 operations; 4284 current ops/sec; [READ: Count=2195, Max=4807, Min=6, Avg=82.81, 90=163, 99=211, 99.9=3953, 99.99=4807] [UPDATE: Count=2088, Max=97471, Min=165, Avg=388.25, 90=481, 99=1030, 99.9=5219, 99.99=97471] 
2026-04-29 15:18:38:976 - Compaction started: 
140570479502912:Compacting datalog/77 datalog/78 into:sstable1/be40bca0-f3a2-47c9-9c71-e151b6b50309202604290917311777475919111992688.sst
2026-04-29 15:18:39:404 - Compaction completed: 
2026-04-29 15:18:39:479 - Compaction started: 
2026-04-29 15:18:39:844 68 sec: 318906 operations; 3221 current ops/sec; [READ: Count=1619, Max=154495, Min=7, Avg=194.81, 90=162, 99=331, 99.9=9959, 99.99=154495] [UPDATE: Count=1601, Max=10351, Min=164, Avg=312.28, 90=410, 99=904, 99.9=4271, 99.99=10351] 
140570479502912:Compacting sstable1/3a3335b2-a133-4e2e-9d4c-36e7497f6a03202604290917311777475902874120383.sst sstable1/f331e93f-fa25-4a64-9dde-ce7c09cc2ef0202604290917311777475906147196581.sst into:sstable2/be40bca0-f3a2-47c9-9c71-e151b6b50309202604290917311777475919924733557.sst
2026-04-29 15:18:40:496 - Compaction completed: 
2026-04-29 15:18:40:844 69 sec: 324147 operations; 5241 current ops/sec; [READ: Count=2589, Max=187007, Min=6, Avg=163.41, 90=160, 99=232, 99.9=8319, 99.99=187007] [UPDATE: Count=2653, Max=10783, Min=159, Avg=282.26, 90=364, 99=465, 99.9=4187, 99.99=10783] 
2026-04-29 15:18:41:844 70 sec: 329780 operations; 5633 current ops/sec; [READ: Count=2841, Max=4807, Min=6, Avg=77.11, 90=152, 99=205, 99.9=4447, 99.99=4807] [UPDATE: Count=2791, Max=10999, Min=157, Avg=275.92, 90=355, 99=425, 99.9=4791, 99.99=10999] 
2026-04-29 15:18:42:844 71 sec: 334882 operations; 5102 current ops/sec; [READ: Count=2533, Max=4887, Min=6, Avg=88.44, 90=169, 99=253, 99.9=4359, 99.99=4887] [UPDATE: Count=2569, Max=11679, Min=161, Avg=299.28, 90=389, 99=491, 99.9=4419, 99.99=11679] 
2026-04-29 15:18:43:844 72 sec: 339174 operations; 4292 current ops/sec; [READ: Count=2107, Max=5223, Min=6, Avg=80.74, 90=163, 99=228, 99.9=3715, 99.99=5223] [UPDATE: Count=2186, Max=125375, Min=152, Avg=376.61, 90=362, 99=545, 99.9=5203, 99.99=125375] 
2026-04-29 15:18:44:844 73 sec: 342909 operations; 3735 current ops/sec; [READ: Count=1871, Max=4147, Min=7, Avg=85.17, 90=163, 99=257, 99.9=3575, 99.99=4147] [UPDATE: Count=1865, Max=7167, Min=157, Avg=447.56, 90=824, 99=1290, 99.9=4223, 99.99=7167] 
2026-04-29 15:18:45:844 74 sec: 348474 operations; 5565 current ops/sec; [READ: Count=2770, Max=5503, Min=7, Avg=82.07, 90=158, 99=233, 99.9=4139, 99.99=5503] [UPDATE: Count=2796, Max=4851, Min=153, Avg=273.46, 90=355, 99=460, 99.9=4219, 99.99=4851] 
2026-04-29 15:18:46:844 75 sec: 353913 operations; 5439 current ops/sec; [READ: Count=2711, Max=5267, Min=7, Avg=81.82, 90=154, 99=212, 99.9=4259, 99.99=5267] [UPDATE: Count=2727, Max=11983, Min=162, Avg=282.38, 90=356, 99=437, 99.9=6735, 99.99=11983] 
2026-04-29 15:18:47:844 76 sec: 359063 operations; 5150 current ops/sec; [READ: Count=2618, Max=4931, Min=7, Avg=77.5, 90=162, 99=241, 99.9=3723, 99.99=4931] [UPDATE: Count=2531, Max=89215, Min=156, Avg=311.85, 90=361, 99=476, 99.9=6119, 99.99=89215] 
2026-04-29 15:18:48:844 77 sec: 364544 operations; 5481 current ops/sec; [READ: Count=2805, Max=4883, Min=7, Avg=77.27, 90=156, 99=218, 99.9=4371, 99.99=4883] [UPDATE: Count=2675, Max=5987, Min=158, Avg=282.05, 90=357, 99=482, 99.9=4887, 99.99=5987] 
2026-04-29 15:18:48:949 - NewTail completed: 
2026-04-29 15:18:49:844 78 sec: 367639 operations; 3095 current ops/sec; [READ: Count=1520, Max=3823, Min=7, Avg=85.9, 90=165, 99=285, 99.9=1696, 99.99=3823] [UPDATE: Count=1577, Max=125119, Min=156, Avg=559.04, 90=859, 99=1326, 99.9=4045, 99.99=125119] 
2026-04-29 15:18:50:844 79 sec: 372752 operations; 5113 current ops/sec; [READ: Count=2597, Max=4639, Min=7, Avg=86.95, 90=171, 99=263, 99.9=4167, 99.99=4639] [UPDATE: Count=2516, Max=12423, Min=159, Avg=304.35, 90=400, 99=523, 99.9=4327, 99.99=12423] 
2026-04-29 15:18:51:844 80 sec: 378144 operations; 5392 current ops/sec; [READ: Count=2628, Max=4219, Min=7, Avg=80.26, 90=157, 99=252, 99.9=3877, 99.99=4219] [UPDATE: Count=2762, Max=9911, Min=163, Avg=282.54, 90=364, 99=509, 99.9=4179, 99.99=9911] 
2026-04-29 15:18:52:062 - NewTail completed: 
2026-04-29 15:18:52:844 81 sec: 383434 operations; 5290 current ops/sec; [READ: Count=2660, Max=4567, Min=7, Avg=84.63, 90=164, 99=251, 99.9=4411, 99.99=4567] [UPDATE: Count=2633, Max=15783, Min=162, Avg=291.18, 90=370, 99=501, 99.9=4359, 99.99=15783] 
2026-04-29 15:18:53:844 82 sec: 388986 operations; 5552 current ops/sec; [READ: Count=2676, Max=4647, Min=7, Avg=80.09, 90=150, 99=223, 99.9=4399, 99.99=4647] [UPDATE: Count=2875, Max=12335, Min=160, Avg=270.5, 90=358, 99=458, 99.9=4331, 99.99=12335] 
2026-04-29 15:18:54:845 83 sec: 391278 operations; 2292 current ops/sec; [READ: Count=1170, Max=1142, Min=7, Avg=84.39, 90=175, 99=302, 99.9=383, 99.99=1142] [UPDATE: Count=1120, Max=116799, Min=164, Avg=801.18, 90=1235, 99=2381, 99.9=9847, 99.99=116799] 
2026-04-29 15:18:55:844 84 sec: 396095 operations; 4817 current ops/sec; [READ: Count=2434, Max=5459, Min=7, Avg=85.73, 90=159, 99=252, 99.9=3547, 99.99=5459] [UPDATE: Count=2386, Max=90367, Min=163, Avg=328.51, 90=378, 99=509, 99.9=4291, 99.99=90367] 
2026-04-29 15:18:56:844 85 sec: 401313 operations; 5218 current ops/sec; [READ: Count=2583, Max=4575, Min=7, Avg=80.42, 90=156, 99=246, 99.9=3855, 99.99=4575] [UPDATE: Count=2633, Max=13471, Min=162, Avg=297.69, 90=365, 99=467, 99.9=8447, 99.99=13471] 
2026-04-29 15:18:57:845 86 sec: 406116 operations; 4803 current ops/sec; [READ: Count=2431, Max=5411, Min=7, Avg=94.35, 90=175, 99=276, 99.9=4295, 99.99=5411] [UPDATE: Count=2374, Max=12471, Min=163, Avg=321.42, 90=406, 99=564, 99.9=9735, 99.99=12471] 
2026-04-29 15:18:58:844 87 sec: 411487 operations; 5371 current ops/sec; [READ: Count=2702, Max=4819, Min=7, Avg=82.02, 90=153, 99=229, 99.9=4451, 99.99=4819] [UPDATE: Count=2668, Max=11263, Min=163, Avg=288.51, 90=369, 99=450, 99.9=6655, 99.99=11263] 
2026-04-29 15:18:59:844 88 sec: 414224 operations; 2737 current ops/sec; [READ: Count=1350, Max=4147, Min=7, Avg=87.65, 90=181, 99=314, 99.9=1365, 99.99=4147] [UPDATE: Count=1385, Max=114175, Min=176, Avg=632.92, 90=1097, 99=2003, 99.9=4823, 99.99=114175] 
2026-04-29 15:19:00:844 89 sec: 419365 operations; 5141 current ops/sec; [READ: Count=2581, Max=9631, Min=7, Avg=86.53, 90=166, 99=258, 99.9=4251, 99.99=9631] [UPDATE: Count=2561, Max=14015, Min=161, Avg=300.15, 90=380, 99=506, 99.9=4995, 99.99=14015] 
Maximum time elapsed. Requesting stop for the workload.
Stop requested for workload. Now Joining!
[OZONEDB-PROFILE] reads=424554  avg_total=78.96us  view=6.16us(7.8%)  log=9.52us(12.1%)  sst=97.33us_per_call x 275026_calls(79.9%_of_total)
[OZONEDB-SST-PROFILE] level | time_total_ms | enters | range_rejects | table_gets | hits
[OZONEDB-SST-PROFILE] L1  |      6534.87 |  1131696 |        41704 |    1089992 |  71913
[OZONEDB-SST-PROFILE] L2  |      7558.71 |  1147482 |       139587 |    1007895 |  72052
[OZONEDB-SST-PROFILE] L3  |       924.26 |   261900 |       130839 |     131061 |   8472
[OZONEDB-SST-PROFILE] L4  |       938.86 |   244763 |       122174 |     122589 |   8783
[OZONEDB-SST-PROFILE] L5  |       863.80 |   227256 |       113456 |     113800 |   8789
[OZONEDB-SST-PROFILE] L6  |       854.27 |   209769 |       104752 |     105017 |   8634
[OZONEDB-SST-PROFILE] L7  |      8908.69 |   332885 |            4 |     332881 |  96383
[OZONEDB-TBL-PROFILE] file_filter_reject=2598156  block_filter_reject=29752  index_invalid=0  block_read_more=254310  hit_from_cache=21017  miss_after_read=301  found=275026
2026-04-29 15:19:01:844 90 sec: 424552 operations; 5187 current ops/sec; [READ: Count=2564, Max=4827, Min=7, Avg=84.66, 90=161, 99=240, 99.9=4327, 99.99=4827] [UPDATE: Count=2624, Max=14335, Min=166, Avg=295.4, 90=371, 99=462, 99.9=4719, 99.99=14335] 
2026-04-29 15:19:01:938 90 sec: 424554 operations; 21.28 current ops/sec; [READ: Count=0, Max=0, Min=0, Avg=0, 90=0, 99=0, 99.9=0, 99.99=0] [CLEANUP: Count=1, Max=92223, Min=92160, Avg=92192, 90=92223, 99=92223, 99.9=92223, 99.99=92223] [UPDATE: Count=0, Max=0, Min=0, Avg=0, 90=0, 99=0, 99.9=0, 99.99=0] 
[OVERALL], RunTime(ms), 90094
[OVERALL], Throughput(ops/sec), 4712.344884232024
[TOTAL_GCS_PS_Scavenge], Count, 5
[TOTAL_GC_TIME_PS_Scavenge], Time(ms), 17
[TOTAL_GC_TIME_%_PS_Scavenge], Time(%), 0.018869181077541236
[TOTAL_GCS_PS_MarkSweep], Count, 0
[TOTAL_GC_TIME_PS_MarkSweep], Time(ms), 0
[TOTAL_GC_TIME_%_PS_MarkSweep], Time(%), 0.0
[TOTAL_GCs], Count, 5
[TOTAL_GC_TIME], Time(ms), 17
[TOTAL_GC_TIME_%], Time(%), 0.018869181077541236
[READ], Operations, 212259
[READ], AverageLatency(us), 82.43367772391277
[READ], MinLatency(us), 4
[READ], MaxLatency(us), 187007
[READ], 95thPercentileLatency(us), 168
[READ], 99thPercentileLatency(us), 226
[READ], Return=OK, 212259
[CLEANUP], Operations, 1
[CLEANUP], AverageLatency(us), 92192.0
[CLEANUP], MinLatency(us), 92160
[CLEANUP], MaxLatency(us), 92223
[CLEANUP], 95thPercentileLatency(us), 92223
[CLEANUP], 99thPercentileLatency(us), 92223
[UPDATE], Operations, 212295
[UPDATE], AverageLatency(us), 336.38252431757695
[UPDATE], MinLatency(us), 152
[UPDATE], MaxLatency(us), 135807
[UPDATE], 95thPercentileLatency(us), 538
[UPDATE], 99thPercentileLatency(us), 1322
[UPDATE], Return=OK, 212295
	Command being timed: "/usr/lib/jvm/java-8-openjdk-amd64/bin/java -cp /users/Xinying/ozonedb/ycsb/ozonedb/conf:/users/Xinying/ozonedb/ycsb/ozonedb/target/ozonedb-binding-0.18.0-SNAPSHOT.jar:/users/Xinying/.m2/repository/org/apache/htrace/htrace-core4/4.1.0-incubating/htrace-core4-4.1.0-incubating.jar:/users/Xinying/.m2/repository/org/slf4j/slf4j-api/1.7.25/slf4j-api-1.7.25.jar:/users/Xinying/.m2/repository/org/hdrhistogram/HdrHistogram/2.1.12/HdrHistogram-2.1.12.jar:/users/Xinying/.m2/repository/ch/qos/logback/logback-classic/1.2.3/logback-classic-1.2.3.jar:/users/Xinying/.m2/repository/ozonedbjnimaven/demoproc-jni/1.0/demoproc-jni-1.0.jar:/users/Xinying/.m2/repository/ch/qos/logback/logback-core/1.2.3/logback-core-1.2.3.jar:/users/Xinying/.m2/repository/org/codehaus/jackson/jackson-mapper-asl/1.9.4/jackson-mapper-asl-1.9.4.jar:/users/Xinying/.m2/repository/org/slf4j/slf4j-simple/1.7.25/slf4j-simple-1.7.25.jar:/users/Xinying/.m2/repository/org/codehaus/jackson/jackson-core-asl/1.9.4/jackson-core-asl-1.9.4.jar:/users/Xinying/ozonedb/ycsb/core/target/core-0.18.0-SNAPSHOT.jar site.ycsb.Client -db site.ycsb.db.OzoneDBClient -threads 1 -s -P /users/Xinying/ozonedb/ycsb/workloads/generated_workloads/workloada_1KB_1000000_1000000 -p status.interval=1 -p maxexecutiontime=90 -p operationcount=0 -p shared_config=/tmp/phase1_ozonedb_configs/shared_config_SHARED_workloada_p8_r1_proc4.json -t"
	User time (seconds): 30.56
	System time (seconds): 36.29
	Percent of CPU this job got: 72%
	Elapsed (wall clock) time (h:mm:ss or m:ss): 1:32.49
	Average shared text size (kbytes): 0
	Average unshared data size (kbytes): 0
	Average stack size (kbytes): 0
	Average total size (kbytes): 0
	Maximum resident set size (kbytes): 5018756
	Average resident set size (kbytes): 0
	Major (requiring I/O) page faults: 343
	Minor (reclaiming a frame) page faults: 1305727
	Voluntary context switches: 581701
	Involuntary context switches: 983
	Swaps: 0
	File system inputs: 8874543
	File system outputs: 936037
	Socket messages sent: 0
	Socket messages received: 0
	Signals delivered: 0
	Page size (bytes): 4096
	Exit status: 0
