# CMD: /usr/bin/time -v /usr/lib/jvm/java-8-openjdk-amd64/bin/java -cp /users/Xinying/ozonedb/ycsb/ozonedb/conf:/users/Xinying/ozonedb/ycsb/ozonedb/target/ozonedb-binding-0.18.0-SNAPSHOT.jar:/users/Xinying/.m2/repository/org/apache/htrace/htrace-core4/4.1.0-incubating/htrace-core4-4.1.0-incubating.jar:/users/Xinying/.m2/repository/org/slf4j/slf4j-api/1.7.25/slf4j-api-1.7.25.jar:/users/Xinying/.m2/repository/org/hdrhistogram/HdrHistogram/2.1.12/HdrHistogram-2.1.12.jar:/users/Xinying/.m2/repository/ch/qos/logback/logback-classic/1.2.3/logback-classic-1.2.3.jar:/users/Xinying/.m2/repository/ozonedbjnimaven/demoproc-jni/1.0/demoproc-jni-1.0.jar:/users/Xinying/.m2/repository/ch/qos/logback/logback-core/1.2.3/logback-core-1.2.3.jar:/users/Xinying/.m2/repository/org/codehaus/jackson/jackson-mapper-asl/1.9.4/jackson-mapper-asl-1.9.4.jar:/users/Xinying/.m2/repository/org/slf4j/slf4j-simple/1.7.25/slf4j-simple-1.7.25.jar:/users/Xinying/.m2/repository/org/codehaus/jackson/jackson-core-asl/1.9.4/jackson-core-asl-1.9.4.jar:/users/Xinying/ozonedb/ycsb/core/target/core-0.18.0-SNAPSHOT.jar site.ycsb.Client -db site.ycsb.db.OzoneDBClient -threads 1 -s -P /users/Xinying/ozonedb/ycsb/workloads/generated_workloads/workloadb_1KB_1000000_1000000 -p status.interval=1 -p maxexecutiontime=90 -p operationcount=0 -p shared_config=/tmp/phase1_ozonedb_configs/shared_config_SHARED_workloadb_p16_r1_proc3.json -t
# shared_work_path=/tank/ycsb_data/multi-proc-run/shared_ozonedb  proc_id=3/16
Command line: -db site.ycsb.db.OzoneDBClient -threads 1 -s -P /users/Xinying/ozonedb/ycsb/workloads/generated_workloads/workloadb_1KB_1000000_1000000 -p status.interval=1 -p maxexecutiontime=90 -p operationcount=0 -p shared_config=/tmp/phase1_ozonedb_configs/shared_config_SHARED_workloadb_p16_r1_proc3.json -t
YCSB Client 0.18.0-SNAPSHOT

Loading workload...
Starting test.
SLF4J: Class path contains multiple SLF4J bindings.
SLF4J: Found binding in [jar:file:/users/Xinying/.m2/repository/ch/qos/logback/logback-classic/1.2.3/logback-classic-1.2.3.jar!/org/slf4j/impl/StaticLoggerBinder.class]
SLF4J: Found binding in [jar:file:/users/Xinying/.m2/repository/org/slf4j/slf4j-simple/1.7.25/slf4j-simple-1.7.25.jar!/org/slf4j/impl/StaticLoggerBinder.class]
SLF4J: See http://www.slf4j.org/codes.html#multiple_bindings for an explanation.
SLF4J: Actual binding is of type [ch.qos.logback.classic.util.ContextSelectorStaticBinder]
Maximum execution time specified as: 90 secs
2026-04-29 15:25:47:304 0 sec: 0 operations; 
Starting compaction watcher
DBWrapper: report latency for each error is false and specific error codes to track for latency are: []
2026-04-29 15:25:48:304 1 sec: 4769 operations; 4769 current ops/sec; [READ: Count=4537, Max=64607, Min=5, Avg=120.46, 90=170, 99=235, 99.9=2465, 99.99=64607] [UPDATE: Count=240, Max=2245, Min=222, Avg=419.91, 90=521, 99=1823, 99.9=2245, 99.99=2245] 
2026-04-29 15:25:49:304 2 sec: 14559 operations; 9790 current ops/sec; [READ: Count=9329, Max=6991, Min=4, Avg=84.36, 90=138, 99=204, 99.9=2515, 99.99=6991] [UPDATE: Count=462, Max=6307, Min=175, Avg=390.39, 90=422, 99=3009, 99.9=6307, 99.99=6307] 
2026-04-29 15:25:50:304 3 sec: 25476 operations; 10917 current ops/sec; [READ: Count=10313, Max=4251, Min=4, Avg=74.13, 90=132, 99=180, 99.9=1060, 99.99=3303] [UPDATE: Count=599, Max=32511, Min=177, Avg=349.74, 90=369, 99=959, 99.9=32511, 99.99=32511] 
2026-04-29 15:25:51:304 4 sec: 38144 operations; 12668 current ops/sec; [READ: Count=12085, Max=4903, Min=4, Avg=67.47, 90=123, 99=164, 99.9=1389, 99.99=3391] [UPDATE: Count=585, Max=898, Min=178, Avg=273.94, 90=344, 99=439, 99.9=898, 99.99=898] 
2026-04-29 15:25:52:304 5 sec: 50250 operations; 12106 current ops/sec; [READ: Count=11486, Max=2899, Min=4, Avg=68.17, 90=129, 99=171, 99.9=575, 99.99=2817] [UPDATE: Count=623, Max=7531, Min=173, Avg=307.71, 90=363, 99=641, 99.9=7531, 99.99=7531] 
2026-04-29 15:25:53:304 6 sec: 60737 operations; 10487 current ops/sec; [READ: Count=9989, Max=8951, Min=4, Avg=72.69, 90=138, 99=192, 99.9=1646, 99.99=8951] [UPDATE: Count=495, Max=70783, Min=165, Avg=506.85, 90=401, 99=1120, 99.9=70783, 99.99=70783] 
2026-04-29 15:25:54:304 7 sec: 72851 operations; 12114 current ops/sec; [READ: Count=11535, Max=2837, Min=5, Avg=70.68, 90=130, 99=180, 99.9=394, 99.99=2555] [UPDATE: Count=580, Max=2857, Min=170, Avg=282.89, 90=358, 99=433, 99.9=2857, 99.99=2857] 
2026-04-29 15:25:55:304 8 sec: 84909 operations; 12058 current ops/sec; [READ: Count=11473, Max=3553, Min=5, Avg=70.05, 90=132, 99=181, 99.9=370, 99.99=3005] [UPDATE: Count=591, Max=8943, Min=181, Avg=298.39, 90=359, 99=447, 99.9=8943, 99.99=8943] 
2026-04-29 15:25:56:304 9 sec: 97392 operations; 12483 current ops/sec; [READ: Count=11863, Max=2789, Min=5, Avg=65.49, 90=127, 99=158, 99.9=388, 99.99=2617] [UPDATE: Count=619, Max=36351, Min=182, Avg=328.49, 90=342, 99=437, 99.9=36351, 99.99=36351] 
2026-04-29 15:25:57:304 10 sec: 109936 operations; 12544 current ops/sec; [READ: Count=11936, Max=2717, Min=5, Avg=68.04, 90=131, 99=179, 99.9=1200, 99.99=2645] [UPDATE: Count=600, Max=669, Min=180, Avg=279.26, 90=352, 99=469, 99.9=669, 99.99=669] 
2026-04-29 15:25:58:304 11 sec: 120244 operations; 10308 current ops/sec; [READ: Count=9799, Max=3435, Min=5, Avg=66.89, 90=131, 99=183, 99.9=1163, 99.99=3435] [UPDATE: Count=513, Max=76223, Min=186, Avg=640.07, 90=1177, 99=2365, 99.9=76223, 99.99=76223] 
2026-04-29 15:25:59:304 12 sec: 131497 operations; 11253 current ops/sec; [READ: Count=10712, Max=2689, Min=5, Avg=68.52, 90=134, 99=170, 99.9=630, 99.99=2569] [UPDATE: Count=539, Max=97791, Min=177, Avg=461.07, 90=351, 99=430, 99.9=97791, 99.99=97791] 
2026-04-29 15:26:00:304 13 sec: 142988 operations; 11491 current ops/sec; [READ: Count=10925, Max=9071, Min=5, Avg=74.58, 90=139, 99=194, 99.9=1686, 99.99=7075] [UPDATE: Count=568, Max=2877, Min=167, Avg=295.46, 90=363, 99=1287, 99.9=2877, 99.99=2877] 
2026-04-29 15:26:01:304 14 sec: 154612 operations; 11624 current ops/sec; [READ: Count=11062, Max=3239, Min=5, Avg=74.38, 90=144, 99=201, 99.9=416, 99.99=3131] [UPDATE: Count=565, Max=2573, Min=167, Avg=281.88, 90=367, 99=453, 99.9=2573, 99.99=2573] 
2026-04-29 15:26:02:304 15 sec: 164450 operations; 9838 current ops/sec; [READ: Count=9355, Max=3089, Min=5, Avg=85.64, 90=170, 99=214, 99.9=1932, 99.99=3089] [UPDATE: Count=476, Max=33215, Min=180, Avg=383.42, 90=414, 99=518, 99.9=33215, 99.99=33215] 
2026-04-29 15:26:03:304 16 sec: 171919 operations; 7469 current ops/sec; [READ: Count=7062, Max=2775, Min=5, Avg=82.12, 90=168, 99=208, 99.9=488, 99.99=2775] [UPDATE: Count=403, Max=76415, Min=189, Avg=1005.12, 90=444, 99=9151, 99.9=76415, 99.99=76415] 
2026-04-29 15:26:04:304 17 sec: 174164 operations; 2245 current ops/sec; [READ: Count=2134, Max=663, Min=5, Avg=65.33, 90=132, 99=216, 99.9=535, 99.99=663] [UPDATE: Count=121, Max=13839, Min=1160, Avg=7118.91, 90=9207, 99=12943, 99.9=13839, 99.99=13839] 
2026-04-29 15:26:05:304 18 sec: 179522 operations; 5358 current ops/sec; [READ: Count=5112, Max=3409, Min=5, Avg=77.29, 90=160, 99=217, 99.9=543, 99.99=3409] [UPDATE: Count=238, Max=19503, Min=183, Avg=2507.63, 90=6579, 99=18207, 99.9=19503, 99.99=19503] 
2026-04-29 15:26:06:304 19 sec: 192209 operations; 12687 current ops/sec; [READ: Count=12096, Max=4487, Min=5, Avg=67.66, 90=132, 99=185, 99.9=406, 99.99=2987] [UPDATE: Count=595, Max=1359, Min=172, Avg=279.33, 90=360, 99=462, 99.9=1359, 99.99=1359] 
2026-04-29 15:26:07:304 20 sec: 204846 operations; 12637 current ops/sec; [READ: Count=12001, Max=7979, Min=5, Avg=67.6, 90=131, 99=187, 99.9=678, 99.99=4151] [UPDATE: Count=635, Max=6891, Min=166, Avg=272.81, 90=344, 99=450, 99.9=6891, 99.99=6891] 
2026-04-29 15:26:08:304 21 sec: 215269 operations; 10423 current ops/sec; [READ: Count=9846, Max=3479, Min=5, Avg=67.96, 90=131, 99=174, 99.9=383, 99.99=3479] [UPDATE: Count=572, Max=57343, Min=166, Avg=552.37, 90=351, 99=5843, 99.9=57343, 99.99=57343] 
2026-04-29 15:26:09:304 22 sec: 224984 operations; 9715 current ops/sec; [READ: Count=9239, Max=2823, Min=5, Avg=66.24, 90=130, 99=163, 99.9=536, 99.99=2823] [UPDATE: Count=479, Max=7775, Min=159, Avg=790.2, 90=1423, 99=6223, 99.9=7775, 99.99=7775] 
2026-04-29 15:26:10:304 23 sec: 237254 operations; 12270 current ops/sec; [READ: Count=11697, Max=3057, Min=5, Avg=67.96, 90=132, 99=191, 99.9=451, 99.99=2555] [UPDATE: Count=573, Max=34719, Min=165, Avg=331.91, 90=349, 99=521, 99.9=34719, 99.99=34719] 
2026-04-29 15:26:11:304 24 sec: 250440 operations; 13186 current ops/sec; [READ: Count=12498, Max=3199, Min=5, Avg=64.57, 90=128, 99=161, 99.9=443, 99.99=2691] [UPDATE: Count=687, Max=462, Min=163, Avg=258.76, 90=328, 99=387, 99.9=462, 99.99=462] 
2026-04-29 15:26:12:304 25 sec: 261241 operations; 10801 current ops/sec; [READ: Count=10219, Max=3907, Min=5, Avg=79.7, 90=166, 99=209, 99.9=515, 99.99=3905] [UPDATE: Count=582, Max=575, Min=169, Avg=292.73, 90=402, 99=476, 99.9=575, 99.99=575] 
2026-04-29 15:26:13:304 26 sec: 272798 operations; 11557 current ops/sec; [READ: Count=11010, Max=2979, Min=5, Avg=66.57, 90=132, 99=187, 99.9=742, 99.99=2745] [UPDATE: Count=552, Max=67967, Min=170, Avg=458.02, 90=349, 99=463, 99.9=67967, 99.99=67967] 
2026-04-29 15:26:14:309 27 sec: 284638 operations; 11781.09 current ops/sec; [READ: Count=11267, Max=7771, Min=5, Avg=71.68, 90=135, 99=183, 99.9=477, 99.99=3499] [UPDATE: Count=570, Max=1322, Min=176, Avg=320.91, 90=414, 99=1152, 99.9=1322, 99.99=1322] 
2026-04-29 15:26:15:304 28 sec: 296632 operations; 12054.27 current ops/sec; [READ: Count=11391, Max=3175, Min=5, Avg=71.4, 90=137, 99=190, 99.9=859, 99.99=3081] [UPDATE: Count=601, Max=1359, Min=169, Avg=279.02, 90=355, 99=436, 99.9=1359, 99.99=1359] 
2026-04-29 15:26:16:304 29 sec: 308152 operations; 11520 current ops/sec; [READ: Count=10931, Max=5463, Min=5, Avg=71.73, 90=139, 99=202, 99.9=1567, 99.99=2691] [UPDATE: Count=587, Max=31279, Min=171, Avg=340.87, 90=376, 99=467, 99.9=31279, 99.99=31279] 
2026-04-29 15:26:17:304 30 sec: 320133 operations; 11981 current ops/sec; [READ: Count=11368, Max=2815, Min=5, Avg=71.12, 90=142, 99=181, 99.9=459, 99.99=2807] [UPDATE: Count=617, Max=3081, Min=171, Avg=286.13, 90=361, 99=428, 99.9=3081, 99.99=3081] 
2026-04-29 15:26:18:304 31 sec: 332705 operations; 12572 current ops/sec; [READ: Count=11965, Max=2877, Min=5, Avg=68.21, 90=139, 99=173, 99.9=228, 99.99=2849] [UPDATE: Count=603, Max=438, Min=179, Avg=279.23, 90=356, 99=412, 99.9=438, 99.99=438] 
2026-04-29 15:26:19:304 32 sec: 342450 operations; 9745 current ops/sec; [READ: Count=9246, Max=3863, Min=5, Avg=76.55, 90=155, 99=212, 99.9=2157, 99.99=3863] [UPDATE: Count=499, Max=76159, Min=177, Avg=558.44, 90=443, 99=1039, 99.9=76159, 99.99=76159] 
2026-04-29 15:26:20:304 33 sec: 354916 operations; 12466 current ops/sec; [READ: Count=11827, Max=5807, Min=5, Avg=68.27, 90=134, 99=173, 99.9=1629, 99.99=2741] [UPDATE: Count=643, Max=2443, Min=174, Avg=277.74, 90=352, 99=412, 99.9=2443, 99.99=2443] 
2026-04-29 15:26:21:305 34 sec: 367092 operations; 12163.84 current ops/sec; [READ: Count=11564, Max=12167, Min=5, Avg=70.29, 90=139, 99=182, 99.9=381, 99.99=2655] [UPDATE: Count=610, Max=2685, Min=166, Avg=283.1, 90=352, 99=428, 99.9=2685, 99.99=2685] 
2026-04-29 15:26:22:304 35 sec: 378020 operations; 10938.94 current ops/sec; [READ: Count=10365, Max=2995, Min=5, Avg=75.3, 90=151, 99=220, 99.9=1689, 99.99=2803] [UPDATE: Count=565, Max=36735, Min=173, Avg=360.99, 90=393, 99=497, 99.9=36735, 99.99=36735] 
2026-04-29 15:26:23:304 36 sec: 391198 operations; 13178 current ops/sec; [READ: Count=12506, Max=2733, Min=5, Avg=63.88, 90=131, 99=167, 99.9=229, 99.99=2729] [UPDATE: Count=672, Max=2533, Min=173, Avg=276, 90=342, 99=426, 99.9=2533, 99.99=2533] 
2026-04-29 15:26:24:304 37 sec: 400921 operations; 9723 current ops/sec; [READ: Count=9251, Max=3649, Min=5, Avg=76.11, 90=155, 99=219, 99.9=610, 99.99=3649] [UPDATE: Count=471, Max=73727, Min=168, Avg=600.09, 90=894, 99=1456, 99.9=73727, 99.99=73727] 
2026-04-29 15:26:25:304 38 sec: 413481 operations; 12560 current ops/sec; [READ: Count=11923, Max=2735, Min=5, Avg=67.05, 90=135, 99=184, 99.9=460, 99.99=2711] [UPDATE: Count=634, Max=8999, Min=179, Avg=291.97, 90=354, 99=474, 99.9=8999, 99.99=8999] 
2026-04-29 15:26:26:304 39 sec: 426190 operations; 12709 current ops/sec; [READ: Count=12087, Max=8383, Min=5, Avg=67.23, 90=131, 99=171, 99.9=406, 99.99=2623] [UPDATE: Count=623, Max=2265, Min=177, Avg=276.65, 90=340, 99=433, 99.9=2265, 99.99=2265] 
2026-04-29 15:26:27:304 40 sec: 438597 operations; 12407 current ops/sec; [READ: Count=11801, Max=11903, Min=5, Avg=69.59, 90=136, 99=188, 99.9=855, 99.99=3639] [UPDATE: Count=606, Max=562, Min=175, Avg=269.72, 90=349, 99=428, 99.9=562, 99.99=562] 
2026-04-29 15:26:28:304 41 sec: 451062 operations; 12465 current ops/sec; [READ: Count=11824, Max=2861, Min=5, Avg=67.08, 90=135, 99=188, 99.9=473, 99.99=2807] [UPDATE: Count=641, Max=16687, Min=179, Avg=298.99, 90=349, 99=425, 99.9=16687, 99.99=16687] 
2026-04-29 15:26:29:304 42 sec: 460667 operations; 9605 current ops/sec; [READ: Count=9104, Max=2671, Min=5, Avg=75.34, 90=153, 99=212, 99.9=1625, 99.99=2671] [UPDATE: Count=501, Max=76543, Min=178, Avg=602.13, 90=835, 99=1355, 99.9=76543, 99.99=76543] 
2026-04-29 15:26:30:304 43 sec: 473053 operations; 12386 current ops/sec; [READ: Count=11787, Max=3739, Min=5, Avg=69.66, 90=137, 99=199, 99.9=833, 99.99=3143] [UPDATE: Count=600, Max=1061, Min=165, Avg=273.48, 90=357, 99=466, 99.9=1061, 99.99=1061] 
2026-04-29 15:26:31:304 44 sec: 484786 operations; 11733 current ops/sec; [READ: Count=11149, Max=2835, Min=5, Avg=67.4, 90=137, 99=193, 99.9=452, 99.99=2787] [UPDATE: Count=583, Max=72895, Min=163, Avg=401.86, 90=357, 99=463, 99.9=72895, 99.99=72895] 
2026-04-29 15:26:32:304 45 sec: 497195 operations; 12409 current ops/sec; [READ: Count=11803, Max=9439, Min=5, Avg=69.26, 90=137, 99=171, 99.9=801, 99.99=2923] [UPDATE: Count=607, Max=2473, Min=168, Avg=275.96, 90=342, 99=418, 99.9=2473, 99.99=2473] 
2026-04-29 15:26:33:304 46 sec: 509114 operations; 11919 current ops/sec; [READ: Count=11360, Max=2783, Min=5, Avg=72.49, 90=142, 99=202, 99.9=380, 99.99=2701] [UPDATE: Count=561, Max=3621, Min=172, Avg=287.86, 90=367, 99=469, 99.9=3621, 99.99=3621] 
2026-04-29 15:26:34:304 47 sec: 520276 operations; 11162 current ops/sec; [READ: Count=10622, Max=2777, Min=5, Avg=68.81, 90=137, 99=194, 99.9=285, 99.99=2631] [UPDATE: Count=537, Max=73855, Min=169, Avg=476.15, 90=595, 99=1692, 99.9=73855, 99.99=73855] 
2026-04-29 15:26:35:304 48 sec: 532364 operations; 12088 current ops/sec; [READ: Count=11510, Max=2675, Min=5, Avg=69.08, 90=138, 99=174, 99.9=1782, 99.99=2649] [UPDATE: Count=580, Max=34495, Min=168, Avg=328.64, 90=350, 99=410, 99.9=34495, 99.99=34495] 
2026-04-29 15:26:36:304 49 sec: 545378 operations; 13014 current ops/sec; [READ: Count=12386, Max=2835, Min=5, Avg=66.19, 90=136, 99=173, 99.9=425, 99.99=2785] [UPDATE: Count=632, Max=436, Min=173, Avg=261.38, 90=336, 99=390, 99.9=436, 99.99=436] 
2026-04-29 15:26:37:304 50 sec: 558116 operations; 12738 current ops/sec; [READ: Count=12072, Max=3121, Min=5, Avg=65.96, 90=135, 99=174, 99.9=314, 99.99=3109] [UPDATE: Count=659, Max=2659, Min=163, Avg=268.23, 90=342, 99=414, 99.9=2659, 99.99=2659] 
2026-04-29 15:26:38:304 51 sec: 569673 operations; 11557 current ops/sec; [READ: Count=11008, Max=5751, Min=5, Avg=70.65, 90=139, 99=194, 99.9=592, 99.99=2409] [UPDATE: Count=554, Max=74623, Min=154, Avg=396.99, 90=339, 99=477, 99.9=74623, 99.99=74623] 
2026-04-29 15:26:39:304 52 sec: 579252 operations; 9579 current ops/sec; [READ: Count=9125, Max=11671, Min=5, Avg=76.18, 90=147, 99=218, 99.9=1286, 99.99=11671] [UPDATE: Count=449, Max=76095, Min=179, Avg=650.88, 90=899, 99=1869, 99.9=76095, 99.99=76095] 
2026-04-29 15:26:40:304 53 sec: 590579 operations; 11327 current ops/sec; [READ: Count=10713, Max=2655, Min=5, Avg=74.8, 90=146, 99=211, 99.9=596, 99.99=2631] [UPDATE: Count=615, Max=2827, Min=181, Avg=299.93, 90=386, 99=722, 99.9=2827, 99.99=2827] 
2026-04-29 15:26:41:304 54 sec: 601796 operations; 11217 current ops/sec; [READ: Count=10629, Max=3273, Min=5, Avg=73.15, 90=145, 99=181, 99.9=2029, 99.99=3027] [UPDATE: Count=589, Max=35359, Min=185, Avg=354.18, 90=369, 99=444, 99.9=35359, 99.99=35359] 
2026-04-29 15:26:42:304 55 sec: 613281 operations; 11485 current ops/sec; [READ: Count=10923, Max=3151, Min=5, Avg=75.04, 90=149, 99=232, 99.9=1076, 99.99=2973] [UPDATE: Count=562, Max=2675, Min=172, Avg=294.83, 90=384, 99=470, 99.9=2675, 99.99=2675] 
2026-04-29 15:26:43:304 56 sec: 624629 operations; 11348 current ops/sec; [READ: Count=10770, Max=4363, Min=5, Avg=75.37, 90=149, 99=220, 99.9=1869, 99.99=2717] [UPDATE: Count=578, Max=2171, Min=182, Avg=300.04, 90=390, 99=529, 99.9=2171, 99.99=2171] 
2026-04-29 15:26:44:304 57 sec: 634428 operations; 9799 current ops/sec; [READ: Count=9338, Max=6023, Min=5, Avg=75.1, 90=149, 99=220, 99.9=1666, 99.99=6023] [UPDATE: Count=468, Max=72703, Min=168, Avg=612.62, 90=752, 99=2057, 99.9=72703, 99.99=72703] 
2026-04-29 15:26:45:304 58 sec: 645549 operations; 11121 current ops/sec; [READ: Count=10542, Max=2361, Min=5, Avg=77.97, 90=151, 99=217, 99.9=940, 99.99=2351] [UPDATE: Count=571, Max=511, Min=173, Avg=285.33, 90=375, 99=462, 99.9=511, 99.99=511] 
2026-04-29 15:26:46:304 59 sec: 657057 operations; 11508 current ops/sec; [READ: Count=10953, Max=3633, Min=5, Avg=75.04, 90=146, 99=216, 99.9=467, 99.99=2681] [UPDATE: Count=557, Max=2733, Min=189, Avg=293.35, 90=384, 99=472, 99.9=2733, 99.99=2733] 
2026-04-29 15:26:47:304 60 sec: 669175 operations; 12118 current ops/sec; [READ: Count=11535, Max=2729, Min=5, Avg=68.19, 90=138, 99=172, 99.9=486, 99.99=2709] [UPDATE: Count=583, Max=39519, Min=177, Avg=341.39, 90=343, 99=426, 99.9=39519, 99.99=39519] 
2026-04-29 15:26:48:304 61 sec: 679114 operations; 9939 current ops/sec; [READ: Count=9423, Max=2905, Min=6, Avg=87.48, 90=182, 99=245, 99.9=2165, 99.99=2905] [UPDATE: Count=514, Max=602, Min=180, Avg=315, 90=422, 99=494, 99.9=602, 99.99=602] 
2026-04-29 15:26:49:304 62 sec: 688751 operations; 9637 current ops/sec; [READ: Count=9146, Max=2761, Min=5, Avg=71.68, 90=145, 99=208, 99.9=761, 99.99=2761] [UPDATE: Count=490, Max=73855, Min=174, Avg=666.27, 90=373, 99=8799, 99.9=73855, 99.99=73855] 
2026-04-29 15:26:50:304 63 sec: 690833 operations; 2082 current ops/sec; [READ: Count=1967, Max=686, Min=5, Avg=76.63, 90=155, 99=306, 99.9=670, 99.99=686] [UPDATE: Count=115, Max=18495, Min=439, Avg=7354.51, 90=9479, 99=13567, 99.9=18495, 99.99=18495] 
2026-04-29 15:26:51:304 64 sec: 698380 operations; 7547 current ops/sec; [READ: Count=7159, Max=2545, Min=5, Avg=70.76, 90=145, 99=220, 99.9=601, 99.99=2545] [UPDATE: Count=390, Max=8559, Min=187, Avg=1254.41, 90=6195, 99=7899, 99.9=8559, 99.99=8559] 
2026-04-29 15:26:52:304 65 sec: 710199 operations; 11819 current ops/sec; [READ: Count=11230, Max=3911, Min=6, Avg=72.37, 90=145, 99=190, 99.9=429, 99.99=2783] [UPDATE: Count=589, Max=8647, Min=170, Avg=292.94, 90=359, 99=464, 99.9=8647, 99.99=8647] 
2026-04-29 15:26:53:304 66 sec: 721329 operations; 11130 current ops/sec; [READ: Count=10538, Max=15647, Min=5, Avg=77.55, 90=150, 99=211, 99.9=2121, 99.99=3195] [UPDATE: Count=591, Max=1751, Min=178, Avg=284.84, 90=361, 99=464, 99.9=1751, 99.99=1751] 
2026-04-29 15:26:54:304 67 sec: 732917 operations; 11588 current ops/sec; [READ: Count=10998, Max=2871, Min=5, Avg=65.51, 90=137, 99=179, 99.9=413, 99.99=2837] [UPDATE: Count=589, Max=57471, Min=179, Avg=442.9, 90=354, 99=6191, 99.9=57471, 99.99=57471] 
2026-04-29 15:26:55:304 68 sec: 735858 operations; 2941 current ops/sec; [READ: Count=2820, Max=613, Min=5, Avg=70, 90=147, 99=290, 99.9=484, 99.99=613] [UPDATE: Count=124, Max=78911, Min=1634, Avg=6478.81, 90=7335, 99=14679, 99.9=78911, 99.99=78911] 
2026-04-29 15:26:56:304 69 sec: 744863 operations; 9005 current ops/sec; [READ: Count=8529, Max=3005, Min=5, Avg=76.94, 90=155, 99=213, 99.9=577, 99.99=3005] [UPDATE: Count=477, Max=7179, Min=179, Avg=696.77, 90=1051, 99=6867, 99.9=7179, 99.99=7179] 
2026-04-29 15:26:57:304 70 sec: 756567 operations; 11704 current ops/sec; [READ: Count=11157, Max=2973, Min=5, Avg=74.63, 90=152, 99=209, 99.9=480, 99.99=2773] [UPDATE: Count=545, Max=529, Min=166, Avg=279.39, 90=375, 99=460, 99.9=529, 99.99=529] 
2026-04-29 15:26:58:304 71 sec: 769369 operations; 12802 current ops/sec; [READ: Count=12192, Max=3295, Min=5, Avg=67.68, 90=140, 99=179, 99.9=427, 99.99=2919] [UPDATE: Count=612, Max=453, Min=170, Avg=261.38, 90=343, 99=401, 99.9=453, 99.99=453] 
2026-04-29 15:26:59:304 72 sec: 779750 operations; 10381 current ops/sec; [READ: Count=9882, Max=8639, Min=5, Avg=77.92, 90=154, 99=228, 99.9=1901, 99.99=8639] [UPDATE: Count=496, Max=76095, Min=174, Avg=436.79, 90=376, 99=483, 99.9=76095, 99.99=76095] 
2026-04-29 15:27:00:304 73 sec: 790185 operations; 10435 current ops/sec; [READ: Count=9924, Max=5823, Min=5, Avg=75.88, 90=146, 99=213, 99.9=1604, 99.99=5823] [UPDATE: Count=512, Max=58143, Min=182, Avg=456.73, 90=572, 99=1301, 99.9=58143, 99.99=58143] 
2026-04-29 15:27:01:304 74 sec: 801451 operations; 11266 current ops/sec; [READ: Count=10736, Max=2525, Min=5, Avg=77.66, 90=152, 99=230, 99.9=572, 99.99=2497] [UPDATE: Count=532, Max=540, Min=170, Avg=285.64, 90=385, 99=469, 99.9=540, 99.99=540] 
2026-04-29 15:27:02:304 75 sec: 812724 operations; 11273 current ops/sec; [READ: Count=10712, Max=3117, Min=5, Avg=69.27, 90=141, 99=190, 99.9=485, 99.99=3065] [UPDATE: Count=560, Max=90559, Min=176, Avg=436.18, 90=349, 99=422, 99.9=90559, 99.99=90559] 
2026-04-29 15:27:03:304 76 sec: 825210 operations; 12486 current ops/sec; [READ: Count=11900, Max=3331, Min=5, Avg=69.15, 90=142, 99=185, 99.9=542, 99.99=2901] [UPDATE: Count=586, Max=2417, Min=167, Avg=276.82, 90=351, 99=418, 99.9=2417, 99.99=2417] 
2026-04-29 15:27:04:304 77 sec: 837208 operations; 11998 current ops/sec; [READ: Count=11415, Max=2821, Min=5, Avg=71.92, 90=148, 99=203, 99.9=603, 99.99=2773] [UPDATE: Count=584, Max=2951, Min=179, Avg=281.72, 90=360, 99=443, 99.9=2951, 99.99=2951] 
2026-04-29 15:27:05:304 78 sec: 847912 operations; 10704 current ops/sec; [READ: Count=10172, Max=3421, Min=5, Avg=70.81, 90=146, 99=204, 99.9=854, 99.99=2491] [UPDATE: Count=532, Max=71679, Min=176, Avg=499.53, 90=387, 99=1200, 99.9=71679, 99.99=71679] 
2026-04-29 15:27:06:304 79 sec: 859497 operations; 11585 current ops/sec; [READ: Count=11001, Max=9319, Min=6, Avg=74.69, 90=147, 99=194, 99.9=450, 99.99=2529] [UPDATE: Count=580, Max=566, Min=175, Avg=279.35, 90=361, 99=473, 99.9=566, 99.99=566] 
2026-04-29 15:27:07:304 80 sec: 871337 operations; 11840 current ops/sec; [READ: Count=11267, Max=12343, Min=5, Avg=73.36, 90=148, 99=210, 99.9=552, 99.99=3151] [UPDATE: Count=573, Max=2547, Min=172, Avg=278.88, 90=360, 99=479, 99.9=2547, 99.99=2547] 
2026-04-29 15:27:08:304 81 sec: 881744 operations; 10407 current ops/sec; [READ: Count=9890, Max=3313, Min=5, Avg=80.05, 90=163, 99=245, 99.9=1966, 99.99=3313] [UPDATE: Count=521, Max=35551, Min=179, Avg=374.39, 90=403, 99=540, 99.9=35551, 99.99=35551] 
2026-04-29 15:27:09:304 82 sec: 893776 operations; 12032 current ops/sec; [READ: Count=11457, Max=3011, Min=5, Avg=71.67, 90=148, 99=220, 99.9=845, 99.99=2719] [UPDATE: Count=574, Max=2587, Min=178, Avg=285.08, 90=367, 99=465, 99.9=2587, 99.99=2587] 
2026-04-29 15:27:10:304 83 sec: 903953 operations; 10177 current ops/sec; [READ: Count=9695, Max=3651, Min=5, Avg=72.02, 90=150, 99=212, 99.9=1337, 99.99=3651] [UPDATE: Count=484, Max=72831, Min=176, Avg=597.5, 90=866, 99=1405, 99.9=72831, 99.99=72831] 
2026-04-29 15:27:11:304 84 sec: 915625 operations; 11672 current ops/sec; [READ: Count=11089, Max=3203, Min=6, Avg=69.04, 90=143, 99=184, 99.9=294, 99.99=2587] [UPDATE: Count=579, Max=69695, Min=163, Avg=380.3, 90=343, 99=409, 99.9=69695, 99.99=69695] 
2026-04-29 15:27:12:304 85 sec: 924662 operations; 9037 current ops/sec; [READ: Count=8638, Max=10679, Min=6, Avg=98.36, 90=198, 99=269, 99.9=1858, 99.99=10679] [UPDATE: Count=403, Max=2555, Min=177, Avg=338.08, 90=435, 99=516, 99.9=2555, 99.99=2555] 
2026-04-29 15:27:13:304 86 sec: 934347 operations; 9685 current ops/sec; [READ: Count=9189, Max=3543, Min=6, Avg=89.74, 90=185, 99=266, 99.9=1675, 99.99=3543] [UPDATE: Count=496, Max=2473, Min=169, Avg=324.83, 90=432, 99=620, 99.9=2473, 99.99=2473] 
2026-04-29 15:27:14:304 87 sec: 945324 operations; 10977 current ops/sec; [READ: Count=10404, Max=3631, Min=6, Avg=78.72, 90=158, 99=233, 99.9=1743, 99.99=2885] [UPDATE: Count=572, Max=1962, Min=180, Avg=290.99, 90=386, 99=497, 99.9=1962, 99.99=1962] 
2026-04-29 15:27:15:304 88 sec: 955065 operations; 9741 current ops/sec; [READ: Count=9258, Max=2623, Min=5, Avg=72.59, 90=147, 99=203, 99.9=775, 99.99=2623] [UPDATE: Count=482, Max=72703, Min=172, Avg=654.93, 90=696, 99=1751, 99.9=72703, 99.99=72703] 
2026-04-29 15:27:16:304 89 sec: 967268 operations; 12203 current ops/sec; [READ: Count=11623, Max=3201, Min=6, Avg=70.75, 90=145, 99=196, 99.9=447, 99.99=2799] [UPDATE: Count=582, Max=669, Min=162, Avg=279.78, 90=358, 99=435, 99.9=669, 99.99=669] 
Maximum time elapsed. Requesting stop for the workload.
2026-04-29 15:27:17:304 90 sec: 979459 operations; 12191 current ops/sec; [READ: Count=11597, Max=2697, Min=6, Avg=70.46, 90=147, 99=195, 99.9=425, 99.99=2665] [UPDATE: Count=590, Max=2845, Min=180, Avg=284.86, 90=364, 99=463, 99.9=2845, 99.99=2845] 
Stop requested for workload. Now Joining!
[OZONEDB-PROFILE] reads=979468  avg_total=70.12us  view=5.52us(7.9%)  log=3.46us(4.9%)  sst=92.42us_per_call x 645530_calls(86.9%_of_total)
[OZONEDB-SST-PROFILE] level | time_total_ms | enters | range_rejects | table_gets | hits
[OZONEDB-SST-PROFILE] L1  |     12732.41 |  2521909 |       198943 |    2322966 | 160768
[OZONEDB-SST-PROFILE] L2  |      9251.66 |  1681548 |       421590 |    1259958 |  88537
[OZONEDB-SST-PROFILE] L3  |      2749.92 |   791729 |       395507 |     396222 |  26183
[OZONEDB-SST-PROFILE] L4  |      2706.62 |   738926 |       368893 |     370033 |  26658
[OZONEDB-SST-PROFILE] L5  |      2595.51 |   685833 |       342484 |     343349 |  26546
[OZONEDB-SST-PROFILE] L6  |      2507.95 |   632855 |       316032 |     316823 |  26177
[OZONEDB-SST-PROFILE] L7  |     26665.57 |  1003782 |           47 |    1003735 | 290661
[OZONEDB-TBL-PROFILE] file_filter_reject=5308959  block_filter_reject=57935  index_invalid=0  block_read_more=555089  hit_from_cache=91103  miss_after_read=662  found=645530
2026-04-29 15:27:17:329 90 sec: 979468 operations; 360 current ops/sec; [READ: Count=8, Max=127, Min=8, Avg=70.62, 90=127, 99=127, 99.9=127, 99.99=127] [CLEANUP: Count=1, Max=23823, Min=23808, Avg=23816, 90=23823, 99=23823, 99.9=23823, 99.99=23823] [UPDATE: Count=0, Max=0, Min=0, Avg=0, 90=0, 99=0, 99.9=0, 99.99=0] 
[OVERALL], RunTime(ms), 90025
[OVERALL], Throughput(ops/sec), 10879.955567897807
[TOTAL_GCS_PS_Scavenge], Count, 6
[TOTAL_GC_TIME_PS_Scavenge], Time(ms), 32
[TOTAL_GC_TIME_%_PS_Scavenge], Time(%), 0.03554568175506803
[TOTAL_GCS_PS_MarkSweep], Count, 0
[TOTAL_GC_TIME_PS_MarkSweep], Time(ms), 0
[TOTAL_GC_TIME_%_PS_MarkSweep], Time(%), 0.0
[TOTAL_GCs], Count, 6
[TOTAL_GC_TIME], Time(ms), 32
[TOTAL_GC_TIME_%], Time(%), 0.03554568175506803
[READ], Operations, 930974
[READ], AverageLatency(us), 72.34297198418001
[READ], MinLatency(us), 4
[READ], MaxLatency(us), 64607
[READ], 95thPercentileLatency(us), 161
[READ], 99thPercentileLatency(us), 205
[READ], Return=OK, 930974
[CLEANUP], Operations, 1
[CLEANUP], AverageLatency(us), 23816.0
[CLEANUP], MinLatency(us), 23808
[CLEANUP], MaxLatency(us), 23823
[CLEANUP], 95thPercentileLatency(us), 23823
[CLEANUP], 99thPercentileLatency(us), 23823
[UPDATE], Operations, 48494
[UPDATE], AverageLatency(us), 432.55027426073326
[UPDATE], MinLatency(us), 154
[UPDATE], MaxLatency(us), 97791
[UPDATE], 95thPercentileLatency(us), 462
[UPDATE], 99thPercentileLatency(us), 5679
[UPDATE], Return=OK, 48494
	Command being timed: "/usr/lib/jvm/java-8-openjdk-amd64/bin/java -cp /users/Xinying/ozonedb/ycsb/ozonedb/conf:/users/Xinying/ozonedb/ycsb/ozonedb/target/ozonedb-binding-0.18.0-SNAPSHOT.jar:/users/Xinying/.m2/repository/org/apache/htrace/htrace-core4/4.1.0-incubating/htrace-core4-4.1.0-incubating.jar:/users/Xinying/.m2/repository/org/slf4j/slf4j-api/1.7.25/slf4j-api-1.7.25.jar:/users/Xinying/.m2/repository/org/hdrhistogram/HdrHistogram/2.1.12/HdrHistogram-2.1.12.jar:/users/Xinying/.m2/repository/ch/qos/logback/logback-classic/1.2.3/logback-classic-1.2.3.jar:/users/Xinying/.m2/repository/ozonedbjnimaven/demoproc-jni/1.0/demoproc-jni-1.0.jar:/users/Xinying/.m2/repository/ch/qos/logback/logback-core/1.2.3/logback-core-1.2.3.jar:/users/Xinying/.m2/repository/org/codehaus/jackson/jackson-mapper-asl/1.9.4/jackson-mapper-asl-1.9.4.jar:/users/Xinying/.m2/repository/org/slf4j/slf4j-simple/1.7.25/slf4j-simple-1.7.25.jar:/users/Xinying/.m2/repository/org/codehaus/jackson/jackson-core-asl/1.9.4/jackson-core-asl-1.9.4.jar:/users/Xinying/ozonedb/ycsb/core/target/core-0.18.0-SNAPSHOT.jar site.ycsb.Client -db site.ycsb.db.OzoneDBClient -threads 1 -s -P /users/Xinying/ozonedb/ycsb/workloads/generated_workloads/workloadb_1KB_1000000_1000000 -p status.interval=1 -p maxexecutiontime=90 -p operationcount=0 -p shared_config=/tmp/phase1_ozonedb_configs/shared_config_SHARED_workloadb_p16_r1_proc3.json -t"
	User time (seconds): 49.33
	System time (seconds): 34.60
	Percent of CPU this job got: 90%
	Elapsed (wall clock) time (h:mm:ss or m:ss): 1:32.81
	Average shared text size (kbytes): 0
	Average unshared data size (kbytes): 0
	Average stack size (kbytes): 0
	Average total size (kbytes): 0
	Maximum resident set size (kbytes): 5237692
	Average resident set size (kbytes): 0
	Major (requiring I/O) page faults: 401
	Minor (reclaiming a frame) page faults: 1311798
	Voluntary context switches: 127249
	Involuntary context switches: 2387
	Swaps: 0
	File system inputs: 10786899
	File system outputs: 111759
	Socket messages sent: 0
	Socket messages received: 0
	Signals delivered: 0
	Page size (bytes): 4096
	Exit status: 0
