# CMD: /usr/bin/time -v /usr/lib/jvm/java-8-openjdk-amd64/bin/java -cp /users/Xinying/ozonedb/ycsb/ozonedb/conf:/users/Xinying/ozonedb/ycsb/ozonedb/target/ozonedb-binding-0.18.0-SNAPSHOT.jar:/users/Xinying/.m2/repository/org/apache/htrace/htrace-core4/4.1.0-incubating/htrace-core4-4.1.0-incubating.jar:/users/Xinying/.m2/repository/org/slf4j/slf4j-api/1.7.25/slf4j-api-1.7.25.jar:/users/Xinying/.m2/repository/org/hdrhistogram/HdrHistogram/2.1.12/HdrHistogram-2.1.12.jar:/users/Xinying/.m2/repository/ch/qos/logback/logback-classic/1.2.3/logback-classic-1.2.3.jar:/users/Xinying/.m2/repository/ozonedbjnimaven/demoproc-jni/1.0/demoproc-jni-1.0.jar:/users/Xinying/.m2/repository/ch/qos/logback/logback-core/1.2.3/logback-core-1.2.3.jar:/users/Xinying/.m2/repository/org/codehaus/jackson/jackson-mapper-asl/1.9.4/jackson-mapper-asl-1.9.4.jar:/users/Xinying/.m2/repository/org/slf4j/slf4j-simple/1.7.25/slf4j-simple-1.7.25.jar:/users/Xinying/.m2/repository/org/codehaus/jackson/jackson-core-asl/1.9.4/jackson-core-asl-1.9.4.jar:/users/Xinying/ozonedb/ycsb/core/target/core-0.18.0-SNAPSHOT.jar site.ycsb.Client -db site.ycsb.db.OzoneDBClient -threads 1 -s -P /users/Xinying/ozonedb/ycsb/workloads/generated_workloads/workloadd_1KB_1000000_1000000 -p status.interval=1 -p maxexecutiontime=90 -p operationcount=0 -p shared_config=/tmp/phase1_ozonedb_configs/shared_config_SHARED_workloadd_p4_r1_proc0.json -t
# shared_work_path=/tank/ycsb_data/multi-proc-run/shared_ozonedb  proc_id=0/4
Command line: -db site.ycsb.db.OzoneDBClient -threads 1 -s -P /users/Xinying/ozonedb/ycsb/workloads/generated_workloads/workloadd_1KB_1000000_1000000 -p status.interval=1 -p maxexecutiontime=90 -p operationcount=0 -p shared_config=/tmp/phase1_ozonedb_configs/shared_config_SHARED_workloadd_p4_r1_proc0.json -t
YCSB Client 0.18.0-SNAPSHOT

Loading workload...
Starting test.
SLF4J: Class path contains multiple SLF4J bindings.
SLF4J: Found binding in [jar:file:/users/Xinying/.m2/repository/ch/qos/logback/logback-classic/1.2.3/logback-classic-1.2.3.jar!/org/slf4j/impl/StaticLoggerBinder.class]
SLF4J: Found binding in [jar:file:/users/Xinying/.m2/repository/org/slf4j/slf4j-simple/1.7.25/slf4j-simple-1.7.25.jar!/org/slf4j/impl/StaticLoggerBinder.class]
SLF4J: See http://www.slf4j.org/codes.html#multiple_bindings for an explanation.
SLF4J: Actual binding is of type [ch.qos.logback.classic.util.ContextSelectorStaticBinder]
Maximum execution time specified as: 90 secs
2026-04-29 15:35:40:447 0 sec: 0 operations; 
Starting compaction watcher
DBWrapper: report latency for each error is false and specific error codes to track for latency are: []
2026-04-29 15:35:41:447 1 sec: 13235 operations; 13221.78 current ops/sec; [READ: Count=9624, Max=46367, Min=4, Avg=39.4, 90=88, 99=135, 99.9=349, 99.99=46367] [INSERT: Count=658, Max=23967, Min=157, Avg=234.21, 90=232, 99=306, 99.9=23967, 99.99=23967] [READ-FAILED: Count=3050, Max=2299, Min=32, Avg=50.65, 90=61, 99=75, 99.9=94, 99.99=2299] 
2026-04-29 15:35:42:447 2 sec: 36079 operations; 22844 current ops/sec; [READ: Count=16676, Max=1595, Min=4, Avg=30.97, 90=81, 99=126, 99.9=261, 99.99=1545] [INSERT: Count=1105, Max=277, Min=156, Avg=178.56, 90=193, 99=237, 99.9=275, 99.99=277] [READ-FAILED: Count=4993, Max=373, Min=33, Avg=47.97, 90=57, 99=68, 99.9=89, 99.99=373] 
2026-04-29 15:35:43:447 3 sec: 58680 operations; 22601 current ops/sec; [READ: Count=15540, Max=1420, Min=4, Avg=30.94, 90=82, 99=118, 99.9=203, 99.99=1285] [INSERT: Count=1140, Max=694, Min=146, Avg=173.34, 90=188, 99=324, 99.9=620, 99.99=694] [READ-FAILED: Count=5925, Max=142, Min=32, Avg=47.88, 90=56, 99=67, 99.9=77, 99.99=142] 
2026-04-29 15:35:43:912 - NewTail completed: 
2026-04-29 15:35:44:447 4 sec: 82598 operations; 23918 current ops/sec; [READ: Count=17046, Max=2079, Min=4, Avg=29.26, 90=80, 99=122, 99.9=201, 99.99=1732] [INSERT: Count=1187, Max=1075, Min=144, Avg=165.08, 90=178, 99=221, 99.9=304, 99.99=1075] [READ-FAILED: Count=5689, Max=136, Min=32, Avg=47.44, 90=56, 99=66, 99.9=78, 99.99=136] 
2026-04-29 15:35:45:447 5 sec: 105175 operations; 22577 current ops/sec; [READ: Count=15091, Max=1034, Min=4, Avg=29.06, 90=81, 99=115, 99.9=147, 99.99=1023] [INSERT: Count=1163, Max=35295, Min=145, Avg=200.61, 90=181, 99=328, 99.9=1019, 99.99=35295] [READ-FAILED: Count=6322, Max=197, Min=32, Avg=46.6, 90=55, 99=63, 99.9=79, 99.99=197] 
2026-04-29 15:35:46:447 6 sec: 128545 operations; 23370 current ops/sec; [READ: Count=15612, Max=2363, Min=4, Avg=29.35, 90=82, 99=116, 99.9=176, 99.99=1416] [INSERT: Count=1188, Max=5655, Min=147, Avg=172.59, 90=180, 99=221, 99.9=264, 99.99=5655] [READ-FAILED: Count=6557, Max=307, Min=31, Avg=46.04, 90=54, 99=64, 99.9=80, 99.99=307] 
2026-04-29 15:35:47:447 7 sec: 151743 operations; 23198 current ops/sec; [READ: Count=15557, Max=1373, Min=4, Avg=29.7, 90=84, 99=120, 99.9=146, 99.99=1239] [INSERT: Count=1211, Max=248, Min=148, Avg=168.77, 90=181, 99=219, 99.9=246, 99.99=248] [READ-FAILED: Count=6431, Max=85, Min=32, Avg=46.83, 90=54, 99=64, 99.9=77, 99.99=85] 
2026-04-29 15:35:48:447 8 sec: 175139 operations; 23396 current ops/sec; [READ: Count=15846, Max=1262, Min=4, Avg=29.3, 90=84, 99=120, 99.9=153, 99.99=1055] [INSERT: Count=1202, Max=300, Min=149, Avg=169.55, 90=183, 99=227, 99.9=283, 99.99=300] [READ-FAILED: Count=6353, Max=303, Min=32, Avg=47.08, 90=55, 99=65, 99.9=89, 99.99=303] 
2026-04-29 15:35:49:447 9 sec: 198177 operations; 23038 current ops/sec; [READ: Count=15351, Max=1088, Min=4, Avg=29, 90=83, 99=117, 99.9=158, 99.99=1056] [INSERT: Count=1190, Max=264, Min=151, Avg=179.69, 90=192, 99=231, 99.9=264, 99.99=264] [READ-FAILED: Count=6492, Max=82, Min=32, Avg=46.77, 90=54, 99=63, 99.9=74, 99.99=82] 
2026-04-29 15:35:49:919 - NewTail completed: 
2026-04-29 15:35:50:019 - Compaction started: 
139744184780352:Compacting datalog/35 datalog/36 into:sstable1/d8e7f46a-8f2e-438a-b6f4-a31f35187b87202604290935401777476950170306183.sst
2026-04-29 15:35:50:351 - Compaction completed: 
2026-04-29 15:35:50:447 10 sec: 221179 operations; 23002 current ops/sec; [READ: Count=16816, Max=4835, Min=4, Avg=27.1, 90=80, 99=124, 99.9=373, 99.99=1589] [INSERT: Count=1135, Max=44991, Min=147, Avg=237.75, 90=202, 99=693, 99.9=1227, 99.99=44991] [READ-FAILED: Count=5050, Max=3813, Min=31, Avg=48.71, 90=56, 99=68, 99.9=111, 99.99=3813] 
2026-04-29 15:35:51:447 11 sec: 243176 operations; 21997 current ops/sec; [READ: Count=15267, Max=1036, Min=4, Avg=33.31, 90=81, 99=123, 99.9=165, 99.99=958] [INSERT: Count=1162, Max=505, Min=143, Avg=162.86, 90=176, 99=220, 99.9=317, 99.99=505] [READ-FAILED: Count=5559, Max=318, Min=34, Avg=49.87, 90=59, 99=70, 99.9=106, 99.99=318] 
2026-04-29 15:35:52:447 12 sec: 265930 operations; 22754 current ops/sec; [READ: Count=15570, Max=1306, Min=4, Avg=31.8, 90=82, 99=120, 99.9=167, 99.99=1287] [INSERT: Count=1134, Max=224, Min=144, Avg=161.73, 90=175, 99=205, 99.9=223, 99.99=224] [READ-FAILED: Count=6049, Max=348, Min=33, Avg=48.87, 90=58, 99=68, 99.9=84, 99.99=348] 
2026-04-29 15:35:53:447 13 sec: 288942 operations; 23012 current ops/sec; [READ: Count=15403, Max=2133, Min=4, Avg=30.94, 90=83, 99=120, 99.9=157, 99.99=1332] [INSERT: Count=1159, Max=246, Min=144, Avg=161.38, 90=173, 99=205, 99.9=242, 99.99=246] [READ-FAILED: Count=6444, Max=168, Min=33, Avg=48.13, 90=56, 99=65, 99.9=73, 99.99=168] 
2026-04-29 15:35:54:447 14 sec: 312750 operations; 23808 current ops/sec; [READ: Count=16526, Max=1390, Min=4, Avg=29.44, 90=81, 99=120, 99.9=200, 99.99=1230] [INSERT: Count=1195, Max=252, Min=144, Avg=161.7, 90=173, 99=196, 99.9=240, 99.99=252] [READ-FAILED: Count=6113, Max=107, Min=33, Avg=48.1, 90=56, 99=65, 99.9=74, 99.99=107] 
2026-04-29 15:35:55:447 15 sec: 335629 operations; 22879 current ops/sec; [READ: Count=16154, Max=1330, Min=4, Avg=28.36, 90=81, 99=122, 99.9=158, 99.99=1326] [INSERT: Count=1210, Max=44671, Min=144, Avg=207.13, 90=176, 99=541, 99.9=1420, 99.99=44671] [READ-FAILED: Count=5503, Max=313, Min=33, Avg=48.28, 90=57, 99=65, 99.9=77, 99.99=313] 
2026-04-29 15:35:56:447 16 sec: 358681 operations; 23052 current ops/sec; [READ: Count=15515, Max=1286, Min=4, Avg=29.25, 90=83, 99=116, 99.9=148, 99.99=1076] [INSERT: Count=1180, Max=1582, Min=150, Avg=184.93, 90=190, 99=543, 99.9=1171, 99.99=1582] [READ-FAILED: Count=6358, Max=105, Min=33, Avg=47.62, 90=56, 99=64, 99.9=75, 99.99=105] 
2026-04-29 15:35:57:447 17 sec: 382045 operations; 23364 current ops/sec; [READ: Count=15624, Max=1298, Min=4, Avg=29.56, 90=83, 99=119, 99.9=156, 99.99=1037] [INSERT: Count=1182, Max=483, Min=145, Avg=168.54, 90=182, 99=223, 99.9=335, 99.99=483] [READ-FAILED: Count=6555, Max=306, Min=33, Avg=47.76, 90=56, 99=65, 99.9=76, 99.99=306] 
2026-04-29 15:35:58:447 18 sec: 404979 operations; 22934 current ops/sec; [READ: Count=15643, Max=4603, Min=4, Avg=30.41, 90=85, 99=121, 99.9=156, 99.99=1403] [INSERT: Count=1184, Max=245, Min=147, Avg=169.46, 90=181, 99=225, 99.9=243, 99.99=245] [READ-FAILED: Count=6105, Max=135, Min=33, Avg=48.71, 90=57, 99=65, 99.9=77, 99.99=135] 
2026-04-29 15:35:59:447 19 sec: 428159 operations; 23180 current ops/sec; [READ: Count=15710, Max=1291, Min=4, Avg=29.79, 90=83, 99=119, 99.9=157, 99.99=1277] [INSERT: Count=1205, Max=246, Min=152, Avg=173.17, 90=184, 99=225, 99.9=239, 99.99=246] [READ-FAILED: Count=6267, Max=325, Min=32, Avg=47.45, 90=56, 99=65, 99.9=77, 99.99=325] 
2026-04-29 15:36:00:447 20 sec: 451657 operations; 23498 current ops/sec; [READ: Count=15878, Max=1417, Min=4, Avg=29.68, 90=83, 99=119, 99.9=390, 99.99=1295] [INSERT: Count=1181, Max=249, Min=148, Avg=167.68, 90=180, 99=223, 99.9=239, 99.99=249] [READ-FAILED: Count=6429, Max=87, Min=29, Avg=47.38, 90=55, 99=64, 99.9=75, 99.99=87] 
2026-04-29 15:36:01:447 21 sec: 473662 operations; 22005 current ops/sec; [READ: Count=15255, Max=1137, Min=4, Avg=29.37, 90=83, 99=120, 99.9=155, 99.99=1137] [INSERT: Count=1068, Max=43263, Min=153, Avg=232.8, 90=200, 99=557, 99.9=1266, 99.99=43263] [READ-FAILED: Count=5681, Max=104, Min=33, Avg=49.03, 90=57, 99=67, 99.9=76, 99.99=104] 
2026-04-29 15:36:02:447 22 sec: 496874 operations; 23212 current ops/sec; [READ: Count=16048, Max=1230, Min=4, Avg=28.94, 90=83, 99=121, 99.9=166, 99.99=1157] [INSERT: Count=1209, Max=4327, Min=146, Avg=181.56, 90=192, 99=242, 99.9=292, 99.99=4327] [READ-FAILED: Count=5962, Max=427, Min=33, Avg=48.68, 90=57, 99=69, 99.9=95, 99.99=427] 
2026-04-29 15:36:03:447 23 sec: 518941 operations; 22067 current ops/sec; [READ: Count=15121, Max=2015, Min=4, Avg=33.33, 90=82, 99=122, 99.9=613, 99.99=1255] [INSERT: Count=1066, Max=406, Min=148, Avg=171.37, 90=184, 99=223, 99.9=252, 99.99=406] [READ-FAILED: Count=5876, Max=122, Min=31, Avg=49.28, 90=58, 99=69, 99.9=83, 99.99=122] 
2026-04-29 15:36:04:447 24 sec: 540678 operations; 21737 current ops/sec; [READ: Count=14584, Max=1244, Min=5, Avg=32.37, 90=85, 99=122, 99.9=162, 99.99=1189] [INSERT: Count=1119, Max=519, Min=151, Avg=175.7, 90=189, 99=221, 99.9=250, 99.99=519] [READ-FAILED: Count=6033, Max=303, Min=34, Avg=50.78, 90=60, 99=69, 99.9=81, 99.99=303] 
2026-04-29 15:36:05:447 25 sec: 563360 operations; 22682 current ops/sec; [READ: Count=15974, Max=1274, Min=4, Avg=30.62, 90=84, 99=122, 99.9=154, 99.99=1255] [INSERT: Count=1135, Max=271, Min=156, Avg=180.29, 90=194, 99=224, 99.9=263, 99.99=271] [READ-FAILED: Count=5572, Max=1062, Min=35, Avg=50.44, 90=59, 99=68, 99.9=78, 99.99=1062] 
2026-04-29 15:36:06:447 26 sec: 584025 operations; 20665 current ops/sec; [READ: Count=13786, Max=1131, Min=5, Avg=31.13, 90=83, 99=122, 99.9=156, 99.99=1125] [INSERT: Count=1097, Max=42655, Min=150, Avg=233.43, 90=195, 99=666, 99.9=3663, 99.99=42655] [READ-FAILED: Count=5790, Max=307, Min=34, Avg=50.34, 90=59, 99=69, 99.9=81, 99.99=307] 
2026-04-29 15:36:07:447 27 sec: 606593 operations; 22568 current ops/sec; [READ: Count=15309, Max=4355, Min=4, Avg=31.05, 90=84, 99=121, 99.9=159, 99.99=1553] [INSERT: Count=1133, Max=258, Min=147, Avg=170.98, 90=185, 99=210, 99.9=244, 99.99=258] [READ-FAILED: Count=6118, Max=101, Min=35, Avg=50.01, 90=58, 99=67, 99.9=77, 99.99=101] 
2026-04-29 15:36:08:447 28 sec: 630328 operations; 23735 current ops/sec; [READ: Count=16613, Max=906, Min=4, Avg=29.13, 90=83, 99=121, 99.9=159, 99.99=881] [INSERT: Count=1187, Max=254, Min=146, Avg=164.11, 90=176, 99=218, 99.9=244, 99.99=254] [READ-FAILED: Count=5940, Max=91, Min=34, Avg=49.75, 90=58, 99=67, 99.9=79, 99.99=91] 
2026-04-29 15:36:09:447 29 sec: 653249 operations; 22921 current ops/sec; [READ: Count=15354, Max=1121, Min=4, Avg=30.47, 90=84, 99=118, 99.9=416, 99.99=1082] [INSERT: Count=1215, Max=3287, Min=142, Avg=164.83, 90=176, 99=215, 99.9=379, 99.99=3287] [READ-FAILED: Count=6347, Max=918, Min=32, Avg=48.5, 90=57, 99=66, 99.9=76, 99.99=918] 
2026-04-29 15:36:10:447 30 sec: 676100 operations; 22851 current ops/sec; [READ: Count=15264, Max=1303, Min=4, Avg=30.6, 90=85, 99=120, 99.9=160, 99.99=1285] [INSERT: Count=1169, Max=256, Min=144, Avg=163.31, 90=175, 99=222, 99.9=240, 99.99=256] [READ-FAILED: Count=6412, Max=111, Min=34, Avg=49.31, 90=57, 99=66, 99.9=77, 99.99=111] 
2026-04-29 15:36:11:447 31 sec: 698872 operations; 22772 current ops/sec; [READ: Count=16216, Max=1254, Min=4, Avg=28.79, 90=83, 99=124, 99.9=165, 99.99=1027] [INSERT: Count=1138, Max=42463, Min=146, Avg=206.86, 90=176, 99=477, 99.9=953, 99.99=42463] [READ-FAILED: Count=5430, Max=312, Min=31, Avg=50.28, 90=59, 99=71, 99.9=81, 99.99=312] 
2026-04-29 15:36:12:447 32 sec: 721576 operations; 22704 current ops/sec; [READ: Count=15134, Max=1355, Min=5, Avg=30.34, 90=84, 99=121, 99.9=149, 99.99=1300] [INSERT: Count=1192, Max=243, Min=146, Avg=164.96, 90=178, 99=221, 99.9=243, 99.99=243] [READ-FAILED: Count=6372, Max=117, Min=30, Avg=50.15, 90=58, 99=67, 99.9=76, 99.99=117] 
2026-04-29 15:36:13:447 33 sec: 744511 operations; 22935 current ops/sec; [READ: Count=15579, Max=1335, Min=4, Avg=30.13, 90=85, 99=122, 99.9=150, 99.99=1160] [INSERT: Count=1188, Max=244, Min=146, Avg=164.3, 90=178, 99=222, 99.9=243, 99.99=244] [READ-FAILED: Count=6170, Max=314, Min=35, Avg=50.35, 90=59, 99=68, 99.9=80, 99.99=314] 
2026-04-29 15:36:14:447 34 sec: 768783 operations; 24272 current ops/sec; [READ: Count=17238, Max=1007, Min=4, Avg=28.33, 90=82, 99=121, 99.9=167, 99.99=999] [INSERT: Count=1169, Max=256, Min=145, Avg=164.52, 90=178, 99=222, 99.9=251, 99.99=256] [READ-FAILED: Count=5863, Max=101, Min=34, Avg=50.06, 90=58, 99=67, 99.9=75, 99.99=101] 
2026-04-29 15:36:15:447 35 sec: 791111 operations; 22328 current ops/sec; [READ: Count=15577, Max=22415, Min=4, Avg=32.24, 90=84, 99=124, 99.9=331, 99.99=3429] [INSERT: Count=1114, Max=5939, Min=146, Avg=169.09, 90=177, 99=217, 99.9=323, 99.99=5939] [READ-FAILED: Count=5641, Max=163, Min=35, Avg=50.64, 90=59, 99=70, 99.9=86, 99.99=163] 
2026-04-29 15:36:16:447 36 sec: 811311 operations; 20200 current ops/sec; [READ: Count=13944, Max=1251, Min=5, Avg=33.96, 90=85, 99=126, 99.9=185, 99.99=1158] [INSERT: Count=1007, Max=43103, Min=147, Avg=234.1, 90=186, 99=841, 99.9=4073, 99.99=43103] [READ-FAILED: Count=5246, Max=404, Min=35, Avg=51.05, 90=60, 99=71, 99.9=97, 99.99=404] 
2026-04-29 15:36:17:447 37 sec: 833046 operations; 21735 current ops/sec; [READ: Count=14802, Max=1245, Min=5, Avg=32.67, 90=85, 99=122, 99.9=147, 99.99=1058] [INSERT: Count=1110, Max=260, Min=150, Avg=179.19, 90=191, 99=231, 99.9=256, 99.99=260] [READ-FAILED: Count=5820, Max=80, Min=34, Avg=50.46, 90=59, 99=68, 99.9=75, 99.99=80] 
2026-04-29 15:36:18:447 38 sec: 854913 operations; 21867 current ops/sec; [READ: Count=14571, Max=1153, Min=5, Avg=32.17, 90=86, 99=122, 99.9=150, 99.99=1050] [INSERT: Count=1145, Max=401, Min=150, Avg=172.13, 90=185, 99=225, 99.9=345, 99.99=401] [READ-FAILED: Count=6151, Max=399, Min=34, Avg=50.42, 90=59, 99=70, 99.9=93, 99.99=399] 
2026-04-29 15:36:19:447 39 sec: 878192 operations; 23279 current ops/sec; [READ: Count=16779, Max=1161, Min=5, Avg=29.77, 90=84, 99=126, 99.9=185, 99.99=1007] [INSERT: Count=1128, Max=316, Min=154, Avg=181.39, 90=193, 99=242, 99.9=268, 99.99=316] [READ-FAILED: Count=5375, Max=90, Min=36, Avg=50.4, 90=59, 99=67, 99.9=77, 99.99=90] 
2026-04-29 15:36:20:447 40 sec: 900732 operations; 22540 current ops/sec; [READ: Count=15711, Max=1578, Min=5, Avg=30.59, 90=85, 99=124, 99.9=345, 99.99=974] [INSERT: Count=1127, Max=259, Min=156, Avg=180.78, 90=191, 99=233, 99.9=251, 99.99=259] [READ-FAILED: Count=5705, Max=318, Min=35, Avg=51, 90=60, 99=70, 99.9=85, 99.99=318] 
2026-04-29 15:36:21:447 41 sec: 922171 operations; 21439 current ops/sec; [READ: Count=14716, Max=1336, Min=5, Avg=30.59, 90=86, 99=122, 99.9=168, 99.99=883] [INSERT: Count=1103, Max=41695, Min=148, Avg=219.37, 90=190, 99=360, 99.9=2529, 99.99=41695] [READ-FAILED: Count=5626, Max=135, Min=36, Avg=50.6, 90=59, 99=69, 99.9=98, 99.99=135] 
2026-04-29 15:36:22:447 42 sec: 944611 operations; 22440 current ops/sec; [READ: Count=15047, Max=1039, Min=5, Avg=30.8, 90=85, 99=123, 99.9=150, 99.99=1026] [INSERT: Count=1200, Max=261, Min=147, Avg=165.09, 90=178, 99=217, 99.9=237, 99.99=261] [READ-FAILED: Count=6181, Max=125, Min=36, Avg=50.59, 90=59, 99=69, 99.9=78, 99.99=125] 
2026-04-29 15:36:23:447 43 sec: 967231 operations; 22620 current ops/sec; [READ: Count=15306, Max=1220, Min=5, Avg=30.84, 90=87, 99=126, 99.9=151, 99.99=1148] [INSERT: Count=1125, Max=252, Min=147, Avg=165.73, 90=178, 99=225, 99.9=249, 99.99=252] [READ-FAILED: Count=6192, Max=309, Min=35, Avg=51.14, 90=60, 99=70, 99.9=80, 99.99=309] 
2026-04-29 15:36:24:447 44 sec: 989963 operations; 22732 current ops/sec; [READ: Count=15484, Max=1384, Min=5, Avg=30.64, 90=85, 99=123, 99.9=158, 99.99=1271] [INSERT: Count=1162, Max=239, Min=147, Avg=163.94, 90=176, 99=204, 99.9=238, 99.99=239] [READ-FAILED: Count=6083, Max=95, Min=36, Avg=50.91, 90=59, 99=68, 99.9=79, 99.99=95] 
2026-04-29 15:36:25:447 45 sec: 1013316 operations; 23353 current ops/sec; [READ: Count=16370, Max=1463, Min=5, Avg=29.65, 90=84, 99=122, 99.9=416, 99.99=1290] [INSERT: Count=1167, Max=246, Min=144, Avg=163.2, 90=174, 99=215, 99.9=242, 99.99=246] [READ-FAILED: Count=5822, Max=316, Min=36, Avg=51.36, 90=60, 99=69, 99.9=84, 99.99=316] 
2026-04-29 15:36:26:447 46 sec: 1035610 operations; 22294 current ops/sec; [READ: Count=15875, Max=3369, Min=5, Avg=29.62, 90=85, 99=126, 99.9=176, 99.99=1228] [INSERT: Count=1106, Max=43327, Min=147, Avg=212.35, 90=182, 99=573, 99.9=1875, 99.99=43327] [READ-FAILED: Count=5314, Max=96, Min=36, Avg=50.95, 90=59, 99=68, 99.9=77, 99.99=96] 
2026-04-29 15:36:27:447 47 sec: 1058498 operations; 22888 current ops/sec; [READ: Count=16502, Max=1407, Min=5, Avg=29.87, 90=87, 99=128, 99.9=159, 99.99=1279] [INSERT: Count=1145, Max=273, Min=149, Avg=181.59, 90=196, 99=240, 99.9=261, 99.99=273] [READ-FAILED: Count=5232, Max=137, Min=36, Avg=52.35, 90=62, 99=73, 99.9=86, 99.99=137] 
2026-04-29 15:36:28:447 48 sec: 1080128 operations; 21630 current ops/sec; [READ: Count=15605, Max=2977, Min=5, Avg=32.52, 90=87, 99=131, 99.9=388, 99.99=1226] [INSERT: Count=1085, Max=11983, Min=149, Avg=188.95, 90=193, 99=243, 99.9=303, 99.99=11983] [READ-FAILED: Count=4951, Max=319, Min=35, Avg=53.25, 90=63, 99=75, 99.9=100, 99.99=319] 
2026-04-29 15:36:29:447 49 sec: 1102064 operations; 21936 current ops/sec; [READ: Count=16220, Max=1319, Min=5, Avg=32.92, 90=86, 99=135, 99.9=214, 99.99=1235] [INSERT: Count=1070, Max=280, Min=151, Avg=178.38, 90=191, 99=234, 99.9=278, 99.99=280] [READ-FAILED: Count=4638, Max=138, Min=37, Avg=53.97, 90=64, 99=76, 99.9=96, 99.99=138] 
2026-04-29 15:36:30:447 50 sec: 1124430 operations; 22366 current ops/sec; [READ: Count=16549, Max=1370, Min=5, Avg=31.46, 90=87, 99=131, 99.9=192, 99.99=1215] [INSERT: Count=1098, Max=266, Min=153, Avg=183.61, 90=197, 99=241, 99.9=260, 99.99=266] [READ-FAILED: Count=4720, Max=137, Min=37, Avg=53.63, 90=63, 99=74, 99.9=85, 99.99=137] 
2026-04-29 15:36:31:447 51 sec: 1145387 operations; 20957 current ops/sec; [READ: Count=15081, Max=1311, Min=5, Avg=31.62, 90=88, 99=130, 99.9=176, 99.99=1237] [INSERT: Count=1037, Max=40959, Min=151, Avg=235.95, 90=201, 99=665, 99.9=1304, 99.99=40959] [READ-FAILED: Count=4843, Max=123, Min=36, Avg=52.78, 90=62, 99=72, 99.9=87, 99.99=123] 
2026-04-29 15:36:32:447 52 sec: 1167385 operations; 21998 current ops/sec; [READ: Count=14988, Max=1148, Min=5, Avg=31.65, 90=86, 99=123, 99.9=157, 99.99=1111] [INSERT: Count=1066, Max=704, Min=152, Avg=177.74, 90=190, 99=225, 99.9=434, 99.99=704] [READ-FAILED: Count=5942, Max=314, Min=36, Avg=52.44, 90=61, 99=71, 99.9=85, 99.99=314] 
2026-04-29 15:36:33:447 53 sec: 1191289 operations; 23904 current ops/sec; [READ: Count=17755, Max=1343, Min=5, Avg=29.25, 90=84, 99=127, 99.9=166, 99.99=1225] [INSERT: Count=1158, Max=420, Min=149, Avg=170.32, 90=182, 99=222, 99.9=260, 99.99=420] [READ-FAILED: Count=4987, Max=91, Min=37, Avg=51.72, 90=60, 99=68, 99.9=78, 99.99=91] 
2026-04-29 15:36:34:447 54 sec: 1214333 operations; 23044 current ops/sec; [READ: Count=16920, Max=1283, Min=5, Avg=29.68, 90=85, 99=127, 99.9=173, 99.99=1160] [INSERT: Count=1112, Max=13783, Min=152, Avg=187.86, 90=191, 99=232, 99.9=294, 99.99=13783] [READ-FAILED: Count=5014, Max=424, Min=36, Avg=52.67, 90=62, 99=73, 99.9=82, 99.99=424] 
2026-04-29 15:36:35:447 55 sec: 1237167 operations; 22834 current ops/sec; [READ: Count=16600, Max=3685, Min=5, Avg=30.73, 90=85, 99=127, 99.9=352, 99.99=1180] [INSERT: Count=1160, Max=309, Min=149, Avg=168.52, 90=184, 99=214, 99.9=276, 99.99=309] [READ-FAILED: Count=5077, Max=98, Min=37, Avg=53.03, 90=62, 99=74, 99.9=83, 99.99=98] 
2026-04-29 15:36:36:447 56 sec: 1258445 operations; 21278 current ops/sec; [READ: Count=14728, Max=894, Min=5, Avg=31.01, 90=87, 99=124, 99.9=164, 99.99=841] [INSERT: Count=1064, Max=42719, Min=149, Avg=214.46, 90=186, 99=482, 99.9=930, 99.99=42719] [READ-FAILED: Count=5498, Max=118, Min=37, Avg=53.13, 90=62, 99=73, 99.9=87, 99.99=118] 
2026-04-29 15:36:37:447 57 sec: 1281542 operations; 23097 current ops/sec; [READ: Count=17305, Max=1275, Min=5, Avg=30.14, 90=88, 99=133, 99.9=173, 99.99=1147] [INSERT: Count=1125, Max=455, Min=152, Avg=178.6, 90=193, 99=243, 99.9=321, 99.99=455] [READ-FAILED: Count=4649, Max=322, Min=37, Avg=54.03, 90=64, 99=76, 99.9=89, 99.99=322] 
2026-04-29 15:36:38:447 58 sec: 1304386 operations; 22844 current ops/sec; [READ: Count=16249, Max=1030, Min=5, Avg=30.44, 90=87, 99=126, 99.9=159, 99.99=1007] [INSERT: Count=1104, Max=299, Min=148, Avg=172.86, 90=187, 99=233, 99.9=271, 99.99=299] [READ-FAILED: Count=5492, Max=122, Min=37, Avg=52.7, 90=62, 99=72, 99.9=95, 99.99=122] 
2026-04-29 15:36:39:447 59 sec: 1327974 operations; 23588 current ops/sec; [READ: Count=17575, Max=1286, Min=5, Avg=29.46, 90=86, 99=130, 99.9=184, 99.99=1125] [INSERT: Count=1146, Max=269, Min=148, Avg=172.66, 90=186, 99=222, 99.9=255, 99.99=269] [READ-FAILED: Count=4871, Max=321, Min=37, Avg=53.19, 90=63, 99=72, 99.9=84, 99.99=321] 
2026-04-29 15:36:40:447 60 sec: 1350958 operations; 22984 current ops/sec; [READ: Count=15778, Max=1211, Min=5, Avg=30.02, 90=85, 99=122, 99.9=175, 99.99=965] [INSERT: Count=1212, Max=549, Min=146, Avg=166.05, 90=179, 99=225, 99.9=256, 99.99=549] [READ-FAILED: Count=5994, Max=115, Min=36, Avg=50.2, 90=58, 99=67, 99.9=81, 99.99=115] 
2026-04-29 15:36:41:447 61 sec: 1372747 operations; 21789 current ops/sec; [READ: Count=15080, Max=2004, Min=5, Avg=32.58, 90=85, 99=123, 99.9=377, 99.99=1057] [INSERT: Count=1066, Max=15415, Min=148, Avg=180.91, 90=179, 99=228, 99.9=594, 99.99=15415] [READ-FAILED: Count=5649, Max=132, Min=36, Avg=51.67, 90=61, 99=72, 99.9=85, 99.99=132] 
2026-04-29 15:36:42:447 62 sec: 1393542 operations; 20795 current ops/sec; [READ: Count=15771, Max=1444, Min=5, Avg=33.28, 90=86, 99=133, 99.9=198, 99.99=965] [INSERT: Count=1052, Max=41599, Min=146, Avg=226.36, 90=188, 99=723, 99.9=1942, 99.99=41599] [READ-FAILED: Count=3965, Max=168, Min=37, Avg=53.99, 90=64, 99=75, 99.9=95, 99.99=168] 
2026-04-29 15:36:43:447 63 sec: 1415607 operations; 22065 current ops/sec; [READ: Count=15808, Max=3903, Min=5, Avg=32.39, 90=85, 99=127, 99.9=163, 99.99=1455] [INSERT: Count=1079, Max=332, Min=147, Avg=171.71, 90=184, 99=225, 99.9=258, 99.99=332] [READ-FAILED: Count=5180, Max=313, Min=37, Avg=53.76, 90=63, 99=73, 99.9=93, 99.99=313] 
2026-04-29 15:36:44:447 64 sec: 1436899 operations; 21292 current ops/sec; [READ: Count=14568, Max=1183, Min=5, Avg=32.71, 90=87, 99=124, 99.9=154, 99.99=1180] [INSERT: Count=1138, Max=321, Min=150, Avg=175.56, 90=190, 99=230, 99.9=254, 99.99=321] [READ-FAILED: Count=5582, Max=793, Min=36, Avg=53.68, 90=62, 99=72, 99.9=82, 99.99=793] 
2026-04-29 15:36:45:447 65 sec: 1458805 operations; 21906 current ops/sec; [READ: Count=15434, Max=1258, Min=5, Avg=31.29, 90=86, 99=128, 99.9=172, 99.99=1115] [INSERT: Count=1117, Max=272, Min=159, Avg=185.84, 90=200, 99=234, 99.9=267, 99.99=272] [READ-FAILED: Count=5356, Max=102, Min=37, Avg=53.34, 90=62, 99=72, 99.9=88, 99.99=102] 
2026-04-29 15:36:46:447 66 sec: 1480652 operations; 21847 current ops/sec; [READ: Count=14903, Max=1178, Min=5, Avg=31.21, 90=86, 99=124, 99.9=165, 99.99=1146] [INSERT: Count=1120, Max=333, Min=155, Avg=185.73, 90=198, 99=245, 99.9=292, 99.99=333] [READ-FAILED: Count=5821, Max=309, Min=36, Avg=52.07, 90=61, 99=73, 99.9=95, 99.99=309] 
2026-04-29 15:36:47:447 67 sec: 1501431 operations; 20779 current ops/sec; [READ: Count=14466, Max=1108, Min=5, Avg=31.06, 90=87, 99=127, 99.9=168, 99.99=1104] [INSERT: Count=1024, Max=41247, Min=153, Avg=241.52, 90=193, 99=575, 99.9=18623, 99.99=41247] [READ-FAILED: Count=5292, Max=143, Min=36, Avg=52.99, 90=62, 99=72, 99.9=89, 99.99=143] 
2026-04-29 15:36:48:447 68 sec: 1523814 operations; 22383 current ops/sec; [READ: Count=15857, Max=1304, Min=5, Avg=30.67, 90=87, 99=129, 99.9=169, 99.99=1244] [INSERT: Count=1134, Max=274, Min=153, Avg=176.1, 90=189, 99=225, 99.9=262, 99.99=274] [READ-FAILED: Count=5391, Max=143, Min=37, Avg=53.67, 90=63, 99=75, 99.9=92, 99.99=143] 
2026-04-29 15:36:49:447 69 sec: 1546035 operations; 22221 current ops/sec; [READ: Count=15136, Max=1225, Min=5, Avg=31.24, 90=86, 99=123, 99.9=154, 99.99=1034] [INSERT: Count=1119, Max=624, Min=151, Avg=176.85, 90=188, 99=235, 99.9=403, 99.99=624] [READ-FAILED: Count=5968, Max=239, Min=37, Avg=51.23, 90=60, 99=70, 99.9=88, 99.99=239] 
2026-04-29 15:36:50:447 70 sec: 1568635 operations; 22600 current ops/sec; [READ: Count=15796, Max=1256, Min=5, Avg=30.91, 90=87, 99=125, 99.9=183, 99.99=1137] [INSERT: Count=1103, Max=270, Min=150, Avg=172.68, 90=185, 99=221, 99.9=239, 99.99=270] [READ-FAILED: Count=5698, Max=124, Min=37, Avg=52.03, 90=61, 99=71, 99.9=92, 99.99=124] 
2026-04-29 15:36:51:447 71 sec: 1590598 operations; 21963 current ops/sec; [READ: Count=15233, Max=1154, Min=5, Avg=31.64, 90=88, 99=127, 99.9=179, 99.99=915] [INSERT: Count=1126, Max=251, Min=152, Avg=169.99, 90=182, 99=216, 99.9=248, 99.99=251] [READ-FAILED: Count=5606, Max=323, Min=37, Avg=53.92, 90=63, 99=73, 99.9=86, 99.99=323] 
2026-04-29 15:36:52:447 72 sec: 1611524 operations; 20926 current ops/sec; [READ: Count=14505, Max=2103, Min=5, Avg=30.85, 90=87, 99=128, 99.9=171, 99.99=1223] [INSERT: Count=1068, Max=42943, Min=159, Avg=226.47, 90=193, 99=524, 99.9=1793, 99.99=42943] [READ-FAILED: Count=5354, Max=98, Min=38, Avg=53.7, 90=62, 99=73, 99.9=87, 99.99=98] 
2026-04-29 15:36:53:447 73 sec: 1634436 operations; 22912 current ops/sec; [READ: Count=16515, Max=1195, Min=5, Avg=29.93, 90=87, 99=128, 99.9=167, 99.99=857] [INSERT: Count=1090, Max=276, Min=151, Avg=180.6, 90=193, 99=223, 99.9=258, 99.99=276] [READ-FAILED: Count=5303, Max=314, Min=37, Avg=53.51, 90=62, 99=73, 99.9=100, 99.99=314] 
2026-04-29 15:36:54:447 74 sec: 1655993 operations; 21557 current ops/sec; [READ: Count=15754, Max=2675, Min=5, Avg=32.17, 90=86, 99=132, 99.9=260, 99.99=1349] [INSERT: Count=1098, Max=17663, Min=152, Avg=192.72, 90=189, 99=238, 99.9=344, 99.99=17663] [READ-FAILED: Count=4707, Max=94, Min=38, Avg=54.78, 90=64, 99=76, 99.9=90, 99.99=94] 
2026-04-29 15:36:55:447 75 sec: 1676530 operations; 20537 current ops/sec; [READ: Count=14054, Max=1335, Min=5, Avg=34.28, 90=87, 99=126, 99.9=366, 99.99=1194] [INSERT: Count=1064, Max=270, Min=155, Avg=181.64, 90=193, 99=238, 99.9=265, 99.99=270] [READ-FAILED: Count=5424, Max=317, Min=35, Avg=55.65, 90=65, 99=76, 99.9=88, 99.99=317] 
2026-04-29 15:36:56:447 76 sec: 1697554 operations; 21024 current ops/sec; [READ: Count=14659, Max=1248, Min=5, Avg=33.61, 90=88, 99=128, 99.9=178, 99.99=1212] [INSERT: Count=1068, Max=265, Min=154, Avg=181.98, 90=192, 99=238, 99.9=261, 99.99=265] [READ-FAILED: Count=5290, Max=153, Min=39, Avg=54.74, 90=63, 99=73, 99.9=85, 99.99=153] 
2026-04-29 15:36:57:447 77 sec: 1718434 operations; 20880 current ops/sec; [READ: Count=15117, Max=1168, Min=5, Avg=31.39, 90=85, 99=128, 99.9=169, 99.99=1139] [INSERT: Count=1008, Max=40863, Min=153, Avg=239.1, 90=198, 99=777, 99.9=1108, 99.99=40863] [READ-FAILED: Count=4762, Max=107, Min=39, Avg=54.97, 90=64, 99=75, 99.9=89, 99.99=107] 
2026-04-29 15:36:58:447 78 sec: 1740453 operations; 22019 current ops/sec; [READ: Count=15690, Max=1212, Min=5, Avg=31.45, 90=86, 99=127, 99.9=160, 99.99=1202] [INSERT: Count=1101, Max=287, Min=152, Avg=175.83, 90=188, 99=225, 99.9=268, 99.99=287] [READ-FAILED: Count=5224, Max=313, Min=39, Avg=55.24, 90=64, 99=75, 99.9=97, 99.99=313] 
2026-04-29 15:36:59:447 79 sec: 1762921 operations; 22468 current ops/sec; [READ: Count=16597, Max=1123, Min=5, Avg=30.93, 90=86, 99=131, 99.9=173, 99.99=1050] [INSERT: Count=1119, Max=293, Min=152, Avg=178.01, 90=194, 99=231, 99.9=255, 99.99=293] [READ-FAILED: Count=4751, Max=103, Min=39, Avg=55.33, 90=64, 99=75, 99.9=88, 99.99=103] 
2026-04-29 15:37:00:447 80 sec: 1785120 operations; 22199 current ops/sec; [READ: Count=15832, Max=1411, Min=5, Avg=30.9, 90=87, 99=127, 99.9=170, 99.99=1113] [INSERT: Count=1126, Max=289, Min=154, Avg=174.94, 90=189, 99=231, 99.9=285, 99.99=289] [READ-FAILED: Count=5245, Max=321, Min=39, Avg=55.18, 90=65, 99=75, 99.9=94, 99.99=321] 
2026-04-29 15:37:01:447 81 sec: 1806493 operations; 21373 current ops/sec; [READ: Count=15098, Max=1789, Min=5, Avg=31.83, 90=88, 99=127, 99.9=327, 99.99=1107] [INSERT: Count=1078, Max=21151, Min=155, Avg=193.59, 90=188, 99=225, 99.9=250, 99.99=21151] [READ-FAILED: Count=5201, Max=149, Min=39, Avg=55.25, 90=64, 99=74, 99.9=101, 99.99=149] 
2026-04-29 15:37:02:447 82 sec: 1827042 operations; 20549 current ops/sec; [READ: Count=14221, Max=1365, Min=5, Avg=31.69, 90=87, 99=129, 99.9=176, 99.99=1081] [INSERT: Count=1082, Max=40511, Min=154, Avg=218.28, 90=190, 99=338, 99.9=1159, 99.99=40511] [READ-FAILED: Count=5243, Max=103, Min=39, Avg=55.33, 90=64, 99=75, 99.9=89, 99.99=103] 
2026-04-29 15:37:03:447 83 sec: 1848888 operations; 21846 current ops/sec; [READ: Count=15396, Max=1213, Min=5, Avg=31.41, 90=88, 99=129, 99.9=167, 99.99=1167] [INSERT: Count=1063, Max=263, Min=154, Avg=178.44, 90=190, 99=216, 99.9=254, 99.99=263] [READ-FAILED: Count=5380, Max=329, Min=39, Avg=56.21, 90=66, 99=76, 99.9=98, 99.99=329] 
2026-04-29 15:37:04:447 84 sec: 1870787 operations; 21899 current ops/sec; [READ: Count=15732, Max=1103, Min=5, Avg=31.73, 90=89, 99=131, 99.9=177, 99.99=1061] [INSERT: Count=1110, Max=255, Min=152, Avg=175.23, 90=187, 99=226, 99.9=250, 99.99=255] [READ-FAILED: Count=5060, Max=110, Min=39, Avg=55.75, 90=65, 99=74, 99.9=89, 99.99=110] 
2026-04-29 15:37:05:447 85 sec: 1893248 operations; 22461 current ops/sec; [READ: Count=16346, Max=1690, Min=5, Avg=30.45, 90=87, 99=132, 99.9=171, 99.99=1342] [INSERT: Count=1099, Max=264, Min=154, Avg=178.21, 90=191, 99=235, 99.9=259, 99.99=264] [READ-FAILED: Count=5021, Max=318, Min=39, Avg=56.13, 90=66, 99=76, 99.9=84, 99.99=318] 
2026-04-29 15:37:06:447 86 sec: 1915136 operations; 21888 current ops/sec; [READ: Count=15618, Max=1159, Min=5, Avg=31.11, 90=89, 99=129, 99.9=249, 99.99=1152] [INSERT: Count=1135, Max=271, Min=155, Avg=179.16, 90=192, 99=230, 99.9=268, 99.99=271] [READ-FAILED: Count=5133, Max=120, Min=39, Avg=55.79, 90=65, 99=75, 99.9=88, 99.99=120] 
2026-04-29 15:37:07:447 87 sec: 1935611 operations; 20475 current ops/sec; [READ: Count=15023, Max=2031, Min=5, Avg=32.22, 90=92, 99=140, 99.9=344, 99.99=1313] [INSERT: Count=1003, Max=41023, Min=150, Avg=240.62, 90=194, 99=260, 99.9=21423, 99.99=41023] [READ-FAILED: Count=4449, Max=142, Min=38, Avg=56.56, 90=67, 99=92, 99.9=113, 99.99=142] 
2026-04-29 15:37:08:447 88 sec: 1956720 operations; 21109 current ops/sec; [READ: Count=15401, Max=1127, Min=5, Avg=34.91, 90=86, 99=131, 99.9=266, 99.99=1101] [INSERT: Count=1015, Max=276, Min=150, Avg=173.44, 90=185, 99=226, 99.9=264, 99.99=276] [READ-FAILED: Count=4688, Max=326, Min=39, Avg=56.09, 90=65, 99=77, 99.9=99, 99.99=326] 
2026-04-29 15:37:09:447 89 sec: 1977847 operations; 21127 current ops/sec; [READ: Count=14963, Max=1349, Min=5, Avg=33.87, 90=88, 99=131, 99.9=202, 99.99=1225] [INSERT: Count=1035, Max=259, Min=149, Avg=172.31, 90=186, 99=205, 99.9=246, 99.99=259] [READ-FAILED: Count=5125, Max=137, Min=40, Avg=56.9, 90=66, 99=78, 99.9=91, 99.99=137] 
Maximum time elapsed. Requesting stop for the workload.
2026-04-29 15:37:10:447 90 sec: 2000946 operations; 23099 current ops/sec; [READ: Count=17729, Max=1310, Min=5, Avg=30.93, 90=86, 99=132, 99.9=215, 99.99=1279] [INSERT: Count=1091, Max=247, Min=145, Avg=166.36, 90=178, 99=220, 99.9=246, 99.99=247] [READ-FAILED: Count=4280, Max=318, Min=40, Avg=56.8, 90=66, 99=77, 99.9=89, 99.99=318] 
Stop requested for workload. Now Joining!
[OZONEDB-PROFILE] reads=1900289  avg_total=35.17us  view=4.15us(11.8%)  log=1.33us(3.8%)  sst=47.20us_per_call x 1187968_calls(83.9%_of_total)
[OZONEDB-SST-PROFILE] level | time_total_ms | enters | range_rejects | table_gets | hits
[OZONEDB-SST-PROFILE] L1  |     15149.44 |  5065155 |       892780 |    4172375 | 390968
[OZONEDB-SST-PROFILE] L2  |      4370.61 |  1592190 |       795208 |     796982 |  54841
[OZONEDB-SST-PROFILE] L3  |      3657.72 |  1483241 |       741091 |     742150 |  38399
[OZONEDB-SST-PROFILE] L4  |      3341.95 |  1406075 |       702325 |     703750 |  30587
[OZONEDB-SST-PROFILE] L5  |      2937.79 |  1345404 |       672269 |     673135 |  24585
[OZONEDB-SST-PROFILE] L6  |      2742.98 |  1296445 |       647875 |     648570 |  20890
[OZONEDB-SST-PROFILE] L7  |     23220.77 |  2409137 |           83 |    2409054 | 129676
[OZONEDB-TBL-PROFILE] file_filter_reject=9353020  block_filter_reject=101943  index_invalid=0  block_read_more=428058  hit_from_cache=262995  miss_after_read=1107  found=689946
2026-04-29 15:37:10:521 90 sec: 2000953 operations; 94.59 current ops/sec; [READ: Count=4, Max=138, Min=8, Avg=65.75, 90=138, 99=138, 99.9=138, 99.99=138] [CLEANUP: Count=1, Max=73407, Min=73344, Avg=73376, 90=73407, 99=73407, 99.9=73407, 99.99=73407] [INSERT: Count=1, Max=164, Min=164, Avg=164, 90=164, 99=164, 99.9=164, 99.99=164] [READ-FAILED: Count=0, Max=0, Min=0, Avg=0, 90=0, 99=0, 99.9=0, 99.99=0] 
[OVERALL], RunTime(ms), 90075
[OVERALL], Throughput(ops/sec), 22214.29919511518
[TOTAL_GCS_PS_Scavenge], Count, 10
[TOTAL_GC_TIME_PS_Scavenge], Time(ms), 33
[TOTAL_GC_TIME_%_PS_Scavenge], Time(%), 0.0366361365528726
[TOTAL_GCS_PS_MarkSweep], Count, 0
[TOTAL_GC_TIME_PS_MarkSweep], Time(ms), 0
[TOTAL_GC_TIME_%_PS_MarkSweep], Time(%), 0.0
[TOTAL_GCs], Count, 10
[TOTAL_GC_TIME], Time(ms), 33
[TOTAL_GC_TIME_%], Time(%), 0.0366361365528726
[READ], Operations, 1402267
[READ], AverageLatency(us), 30.925375124708776
[READ], MinLatency(us), 4
[READ], MaxLatency(us), 46367
[READ], 95thPercentileLatency(us), 104
[READ], 99thPercentileLatency(us), 125
[READ], Return=OK, 1402267
[READ], Return=NOT_FOUND, 498022
[CLEANUP], Operations, 1
[CLEANUP], AverageLatency(us), 73376.0
[CLEANUP], MinLatency(us), 73344
[CLEANUP], MaxLatency(us), 73407
[CLEANUP], 95thPercentileLatency(us), 73407
[CLEANUP], 99thPercentileLatency(us), 73407
[INSERT], Operations, 100664
[INSERT], AverageLatency(us), 183.52788484463164
[INSERT], MinLatency(us), 142
[INSERT], MaxLatency(us), 44991
[INSERT], 95thPercentileLatency(us), 197
[INSERT], 99thPercentileLatency(us), 242
[INSERT], Return=OK, 100664
[READ-FAILED], Operations, 498022
[READ-FAILED], AverageLatency(us), 51.33429446891904
[READ-FAILED], MinLatency(us), 29
[READ-FAILED], MaxLatency(us), 3813
[READ-FAILED], 95thPercentileLatency(us), 64
[READ-FAILED], 99thPercentileLatency(us), 72
	Command being timed: "/usr/lib/jvm/java-8-openjdk-amd64/bin/java -cp /users/Xinying/ozonedb/ycsb/ozonedb/conf:/users/Xinying/ozonedb/ycsb/ozonedb/target/ozonedb-binding-0.18.0-SNAPSHOT.jar:/users/Xinying/.m2/repository/org/apache/htrace/htrace-core4/4.1.0-incubating/htrace-core4-4.1.0-incubating.jar:/users/Xinying/.m2/repository/org/slf4j/slf4j-api/1.7.25/slf4j-api-1.7.25.jar:/users/Xinying/.m2/repository/org/hdrhistogram/HdrHistogram/2.1.12/HdrHistogram-2.1.12.jar:/users/Xinying/.m2/repository/ch/qos/logback/logback-classic/1.2.3/logback-classic-1.2.3.jar:/users/Xinying/.m2/repository/ozonedbjnimaven/demoproc-jni/1.0/demoproc-jni-1.0.jar:/users/Xinying/.m2/repository/ch/qos/logback/logback-core/1.2.3/logback-core-1.2.3.jar:/users/Xinying/.m2/repository/org/codehaus/jackson/jackson-mapper-asl/1.9.4/jackson-mapper-asl-1.9.4.jar:/users/Xinying/.m2/repository/org/slf4j/slf4j-simple/1.7.25/slf4j-simple-1.7.25.jar:/users/Xinying/.m2/repository/org/codehaus/jackson/jackson-core-asl/1.9.4/jackson-core-asl-1.9.4.jar:/users/Xinying/ozonedb/ycsb/core/target/core-0.18.0-SNAPSHOT.jar site.ycsb.Client -db site.ycsb.db.OzoneDBClient -threads 1 -s -P /users/Xinying/ozonedb/ycsb/workloads/generated_workloads/workloadd_1KB_1000000_1000000 -p status.interval=1 -p maxexecutiontime=90 -p operationcount=0 -p shared_config=/tmp/phase1_ozonedb_configs/shared_config_SHARED_workloadd_p4_r1_proc0.json -t"
	User time (seconds): 59.23
	System time (seconds): 25.09
	Percent of CPU this job got: 92%
	Elapsed (wall clock) time (h:mm:ss or m:ss): 1:31.10
	Average shared text size (kbytes): 0
	Average unshared data size (kbytes): 0
	Average stack size (kbytes): 0
	Average total size (kbytes): 0
	Maximum resident set size (kbytes): 3908852
	Average resident set size (kbytes): 0
	Major (requiring I/O) page faults: 464
	Minor (reclaiming a frame) page faults: 999854
	Voluntary context switches: 229425
	Involuntary context switches: 566
	Swaps: 0
	File system inputs: 7992025
	File system outputs: 292615
	Socket messages sent: 0
	Socket messages received: 0
	Signals delivered: 0
	Page size (bytes): 4096
	Exit status: 0
