# CMD: /usr/bin/time -v /usr/lib/jvm/java-8-openjdk-amd64/bin/java -cp /users/Xinying/ozonedb/ycsb/ozonedb/conf:/users/Xinying/ozonedb/ycsb/ozonedb/target/ozonedb-binding-0.18.0-SNAPSHOT.jar:/users/Xinying/.m2/repository/org/apache/htrace/htrace-core4/4.1.0-incubating/htrace-core4-4.1.0-incubating.jar:/users/Xinying/.m2/repository/org/slf4j/slf4j-api/1.7.25/slf4j-api-1.7.25.jar:/users/Xinying/.m2/repository/org/hdrhistogram/HdrHistogram/2.1.12/HdrHistogram-2.1.12.jar:/users/Xinying/.m2/repository/ch/qos/logback/logback-classic/1.2.3/logback-classic-1.2.3.jar:/users/Xinying/.m2/repository/ozonedbjnimaven/demoproc-jni/1.0/demoproc-jni-1.0.jar:/users/Xinying/.m2/repository/ch/qos/logback/logback-core/1.2.3/logback-core-1.2.3.jar:/users/Xinying/.m2/repository/org/codehaus/jackson/jackson-mapper-asl/1.9.4/jackson-mapper-asl-1.9.4.jar:/users/Xinying/.m2/repository/org/slf4j/slf4j-simple/1.7.25/slf4j-simple-1.7.25.jar:/users/Xinying/.m2/repository/org/codehaus/jackson/jackson-core-asl/1.9.4/jackson-core-asl-1.9.4.jar:/users/Xinying/ozonedb/ycsb/core/target/core-0.18.0-SNAPSHOT.jar site.ycsb.Client -db site.ycsb.db.OzoneDBClient -threads 1 -s -P /users/Xinying/ozonedb/ycsb/workloads/generated_workloads/workloadc_1KB_1000000_1000000 -p status.interval=1 -p maxexecutiontime=90 -p operationcount=0 -p shared_config=/tmp/phase1_ozonedb_configs/shared_config_SHARED_workloadc_p4_r1_proc3.json -t
# shared_work_path=/tank/ycsb_data/multi-proc-run/shared_ozonedb  proc_id=3/4
Command line: -db site.ycsb.db.OzoneDBClient -threads 1 -s -P /users/Xinying/ozonedb/ycsb/workloads/generated_workloads/workloadc_1KB_1000000_1000000 -p status.interval=1 -p maxexecutiontime=90 -p operationcount=0 -p shared_config=/tmp/phase1_ozonedb_configs/shared_config_SHARED_workloadc_p4_r1_proc3.json -t
YCSB Client 0.18.0-SNAPSHOT

Loading workload...
Starting test.
SLF4J: Class path contains multiple SLF4J bindings.
SLF4J: Found binding in [jar:file:/users/Xinying/.m2/repository/ch/qos/logback/logback-classic/1.2.3/logback-classic-1.2.3.jar!/org/slf4j/impl/StaticLoggerBinder.class]
SLF4J: Found binding in [jar:file:/users/Xinying/.m2/repository/org/slf4j/slf4j-simple/1.7.25/slf4j-simple-1.7.25.jar!/org/slf4j/impl/StaticLoggerBinder.class]
SLF4J: See http://www.slf4j.org/codes.html#multiple_bindings for an explanation.
SLF4J: Actual binding is of type [ch.qos.logback.classic.util.ContextSelectorStaticBinder]
Maximum execution time specified as: 90 secs
2026-04-29 15:29:05:532 0 sec: 0 operations; 
Starting compaction watcher
DBWrapper: report latency for each error is false and specific error codes to track for latency are: []
2026-04-29 15:29:06:531 1 sec: 8344 operations; 8344 current ops/sec; [READ: Count=8372, Max=46655, Min=5, Avg=84.1, 90=115, 99=153, 99.9=247, 99.99=46655] 
2026-04-29 15:29:07:531 2 sec: 21654 operations; 13310 current ops/sec; [READ: Count=13291, Max=2031, Min=5, Avg=73.27, 90=110, 99=136, 99.9=185, 99.99=383] 
2026-04-29 15:29:08:531 3 sec: 35415 operations; 13761 current ops/sec; [READ: Count=13761, Max=4069, Min=5, Avg=70.89, 90=109, 99=133, 99.9=169, 99.99=621] 
2026-04-29 15:29:09:531 4 sec: 49489 operations; 14074 current ops/sec; [READ: Count=14073, Max=463, Min=5, Avg=69.31, 90=109, 99=131, 99.9=150, 99.99=332] 
2026-04-29 15:29:10:531 5 sec: 63550 operations; 14061 current ops/sec; [READ: Count=14060, Max=353, Min=5, Avg=69.42, 90=110, 99=133, 99.9=150, 99.99=205] 
2026-04-29 15:29:11:531 6 sec: 77702 operations; 14152 current ops/sec; [READ: Count=14153, Max=204, Min=5, Avg=69.23, 90=110, 99=134, 99.9=151, 99.99=182] 
2026-04-29 15:29:12:531 7 sec: 91897 operations; 14195 current ops/sec; [READ: Count=14195, Max=381, Min=5, Avg=69.03, 90=110, 99=132, 99.9=148, 99.99=175] 
2026-04-29 15:29:13:531 8 sec: 105984 operations; 14087 current ops/sec; [READ: Count=14087, Max=325, Min=4, Avg=69.54, 90=110, 99=132, 99.9=150, 99.99=171] 
2026-04-29 15:29:14:531 9 sec: 120038 operations; 14054 current ops/sec; [READ: Count=14057, Max=368, Min=5, Avg=69.66, 90=110, 99=133, 99.9=150, 99.99=248] 
2026-04-29 15:29:15:531 10 sec: 134196 operations; 14158 current ops/sec; [READ: Count=14160, Max=187, Min=5, Avg=69.19, 90=110, 99=134, 99.9=151, 99.99=172] 
2026-04-29 15:29:16:531 11 sec: 148147 operations; 13951 current ops/sec; [READ: Count=13947, Max=319, Min=5, Avg=70.27, 90=110, 99=133, 99.9=153, 99.99=194] 
2026-04-29 15:29:17:531 12 sec: 162166 operations; 14019 current ops/sec; [READ: Count=14019, Max=5163, Min=5, Avg=69.91, 90=110, 99=132, 99.9=150, 99.99=373] 
2026-04-29 15:29:18:531 13 sec: 176321 operations; 14155 current ops/sec; [READ: Count=14156, Max=325, Min=5, Avg=69.28, 90=110, 99=131, 99.9=153, 99.99=217] 
2026-04-29 15:29:19:531 14 sec: 190628 operations; 14307 current ops/sec; [READ: Count=14306, Max=202, Min=5, Avg=68.64, 90=109, 99=132, 99.9=147, 99.99=169] 
2026-04-29 15:29:20:531 15 sec: 205238 operations; 14610 current ops/sec; [READ: Count=14611, Max=373, Min=5, Avg=67.32, 90=108, 99=130, 99.9=148, 99.99=244] 
2026-04-29 15:29:21:531 16 sec: 219806 operations; 14568 current ops/sec; [READ: Count=14566, Max=387, Min=5, Avg=67.55, 90=107, 99=131, 99.9=146, 99.99=246] 
2026-04-29 15:29:22:531 17 sec: 234368 operations; 14562 current ops/sec; [READ: Count=14561, Max=319, Min=5, Avg=67.54, 90=107, 99=129, 99.9=146, 99.99=250] 
2026-04-29 15:29:23:531 18 sec: 249057 operations; 14689 current ops/sec; [READ: Count=14693, Max=175, Min=5, Avg=66.97, 90=107, 99=129, 99.9=143, 99.99=170] 
2026-04-29 15:29:24:531 19 sec: 263864 operations; 14807 current ops/sec; [READ: Count=14805, Max=368, Min=5, Avg=66.45, 90=106, 99=129, 99.9=148, 99.99=320] 
2026-04-29 15:29:25:531 20 sec: 278417 operations; 14553 current ops/sec; [READ: Count=14554, Max=316, Min=5, Avg=67.55, 90=108, 99=130, 99.9=150, 99.99=199] 
2026-04-29 15:29:26:531 21 sec: 292979 operations; 14562 current ops/sec; [READ: Count=14561, Max=209, Min=5, Avg=67.53, 90=108, 99=130, 99.9=153, 99.99=190] 
2026-04-29 15:29:27:531 22 sec: 307500 operations; 14521 current ops/sec; [READ: Count=14521, Max=317, Min=5, Avg=67.68, 90=108, 99=131, 99.9=150, 99.99=170] 
2026-04-29 15:29:28:531 23 sec: 322150 operations; 14650 current ops/sec; [READ: Count=14649, Max=310, Min=5, Avg=67.09, 90=107, 99=130, 99.9=146, 99.99=258] 
2026-04-29 15:29:29:531 24 sec: 336742 operations; 14592 current ops/sec; [READ: Count=14592, Max=363, Min=5, Avg=67.37, 90=108, 99=130, 99.9=149, 99.99=192] 
2026-04-29 15:29:30:531 25 sec: 351163 operations; 14421 current ops/sec; [READ: Count=14419, Max=231, Min=5, Avg=67.87, 90=108, 99=130, 99.9=146, 99.99=185] 
2026-04-29 15:29:31:531 26 sec: 365702 operations; 14539 current ops/sec; [READ: Count=14546, Max=315, Min=5, Avg=67.58, 90=108, 99=132, 99.9=147, 99.99=204] 
2026-04-29 15:29:32:531 27 sec: 380143 operations; 14441 current ops/sec; [READ: Count=14440, Max=544, Min=5, Avg=68.08, 90=108, 99=130, 99.9=148, 99.99=325] 
2026-04-29 15:29:33:531 28 sec: 394756 operations; 14613 current ops/sec; [READ: Count=14611, Max=315, Min=5, Avg=67.26, 90=108, 99=130, 99.9=151, 99.99=257] 
2026-04-29 15:29:34:531 29 sec: 409382 operations; 14626 current ops/sec; [READ: Count=14626, Max=168, Min=5, Avg=67.24, 90=108, 99=129, 99.9=143, 99.99=154] 
2026-04-29 15:29:35:531 30 sec: 423967 operations; 14585 current ops/sec; [READ: Count=14584, Max=369, Min=5, Avg=67.43, 90=108, 99=128, 99.9=148, 99.99=209] 
2026-04-29 15:29:36:531 31 sec: 438532 operations; 14565 current ops/sec; [READ: Count=14565, Max=555, Min=5, Avg=67.52, 90=108, 99=131, 99.9=146, 99.99=315] 
2026-04-29 15:29:37:531 32 sec: 453178 operations; 14646 current ops/sec; [READ: Count=14641, Max=311, Min=5, Avg=67.15, 90=108, 99=131, 99.9=147, 99.99=196] 
2026-04-29 15:29:38:531 33 sec: 467728 operations; 14550 current ops/sec; [READ: Count=14551, Max=191, Min=5, Avg=67.59, 90=108, 99=130, 99.9=145, 99.99=181] 
2026-04-29 15:29:39:531 34 sec: 482261 operations; 14533 current ops/sec; [READ: Count=14533, Max=317, Min=5, Avg=67.65, 90=108, 99=129, 99.9=143, 99.99=175] 
2026-04-29 15:29:40:531 35 sec: 496930 operations; 14669 current ops/sec; [READ: Count=14670, Max=369, Min=5, Avg=67.04, 90=108, 99=130, 99.9=148, 99.99=193] 
2026-04-29 15:29:41:531 36 sec: 511399 operations; 14469 current ops/sec; [READ: Count=14468, Max=313, Min=5, Avg=67.99, 90=108, 99=131, 99.9=149, 99.99=278] 
2026-04-29 15:29:42:531 37 sec: 525974 operations; 14575 current ops/sec; [READ: Count=14574, Max=174, Min=4, Avg=67.49, 90=108, 99=128, 99.9=146, 99.99=171] 
2026-04-29 15:29:43:531 38 sec: 540379 operations; 14405 current ops/sec; [READ: Count=14405, Max=4383, Min=5, Avg=68.23, 90=108, 99=131, 99.9=149, 99.99=320] 
2026-04-29 15:29:44:531 39 sec: 554983 operations; 14604 current ops/sec; [READ: Count=14606, Max=366, Min=5, Avg=67.33, 90=108, 99=130, 99.9=149, 99.99=227] 
2026-04-29 15:29:45:531 40 sec: 569576 operations; 14593 current ops/sec; [READ: Count=14593, Max=367, Min=5, Avg=67.4, 90=108, 99=131, 99.9=149, 99.99=204] 
2026-04-29 15:29:46:531 41 sec: 584185 operations; 14609 current ops/sec; [READ: Count=14609, Max=168, Min=5, Avg=67.33, 90=108, 99=131, 99.9=145, 99.99=163] 
2026-04-29 15:29:47:531 42 sec: 598755 operations; 14570 current ops/sec; [READ: Count=14568, Max=356, Min=5, Avg=67.51, 90=108, 99=130, 99.9=150, 99.99=184] 
2026-04-29 15:29:48:531 43 sec: 613201 operations; 14446 current ops/sec; [READ: Count=14445, Max=365, Min=5, Avg=68.09, 90=108, 99=129, 99.9=145, 99.99=179] 
2026-04-29 15:29:49:531 44 sec: 627683 operations; 14482 current ops/sec; [READ: Count=14485, Max=362, Min=5, Avg=67.91, 90=108, 99=131, 99.9=147, 99.99=253] 
2026-04-29 15:29:50:531 45 sec: 642128 operations; 14445 current ops/sec; [READ: Count=14444, Max=183, Min=5, Avg=68.1, 90=108, 99=130, 99.9=147, 99.99=174] 
2026-04-29 15:29:51:531 46 sec: 656608 operations; 14480 current ops/sec; [READ: Count=14480, Max=369, Min=5, Avg=67.94, 90=108, 99=130, 99.9=152, 99.99=262] 
2026-04-29 15:29:52:531 47 sec: 671084 operations; 14476 current ops/sec; [READ: Count=14476, Max=316, Min=5, Avg=67.94, 90=108, 99=131, 99.9=147, 99.99=168] 
2026-04-29 15:29:53:531 48 sec: 685482 operations; 14398 current ops/sec; [READ: Count=14397, Max=366, Min=5, Avg=68.34, 90=108, 99=130, 99.9=147, 99.99=192] 
2026-04-29 15:29:54:531 49 sec: 700098 operations; 14616 current ops/sec; [READ: Count=14615, Max=195, Min=5, Avg=67.29, 90=108, 99=132, 99.9=146, 99.99=171] 
2026-04-29 15:29:55:531 50 sec: 714628 operations; 14530 current ops/sec; [READ: Count=14531, Max=364, Min=4, Avg=67.68, 90=108, 99=132, 99.9=148, 99.99=204] 
2026-04-29 15:29:56:531 51 sec: 729082 operations; 14454 current ops/sec; [READ: Count=14453, Max=4071, Min=5, Avg=68.04, 90=108, 99=131, 99.9=151, 99.99=321] 
2026-04-29 15:29:57:531 52 sec: 743583 operations; 14501 current ops/sec; [READ: Count=14502, Max=322, Min=5, Avg=67.81, 90=108, 99=130, 99.9=149, 99.99=279] 
2026-04-29 15:29:58:531 53 sec: 758130 operations; 14547 current ops/sec; [READ: Count=14548, Max=210, Min=5, Avg=67.6, 90=108, 99=132, 99.9=153, 99.99=193] 
2026-04-29 15:29:59:531 54 sec: 772677 operations; 14547 current ops/sec; [READ: Count=14548, Max=314, Min=5, Avg=67.6, 90=108, 99=130, 99.9=146, 99.99=216] 
2026-04-29 15:30:00:531 55 sec: 787180 operations; 14503 current ops/sec; [READ: Count=14501, Max=316, Min=5, Avg=67.82, 90=108, 99=132, 99.9=146, 99.99=171] 
2026-04-29 15:30:01:531 56 sec: 801653 operations; 14473 current ops/sec; [READ: Count=14475, Max=366, Min=5, Avg=67.96, 90=108, 99=130, 99.9=147, 99.99=196] 
2026-04-29 15:30:02:531 57 sec: 816226 operations; 14573 current ops/sec; [READ: Count=14570, Max=173, Min=4, Avg=67.48, 90=108, 99=132, 99.9=148, 99.99=170] 
2026-04-29 15:30:03:531 58 sec: 830799 operations; 14573 current ops/sec; [READ: Count=14573, Max=317, Min=5, Avg=67.48, 90=108, 99=129, 99.9=147, 99.99=174] 
2026-04-29 15:30:04:531 59 sec: 845337 operations; 14538 current ops/sec; [READ: Count=14539, Max=370, Min=5, Avg=67.64, 90=108, 99=131, 99.9=147, 99.99=194] 
2026-04-29 15:30:05:531 60 sec: 859853 operations; 14516 current ops/sec; [READ: Count=14516, Max=177, Min=5, Avg=67.76, 90=108, 99=131, 99.9=146, 99.99=176] 
2026-04-29 15:30:06:531 61 sec: 874482 operations; 14629 current ops/sec; [READ: Count=14629, Max=380, Min=5, Avg=67.23, 90=108, 99=131, 99.9=144, 99.99=367] 
2026-04-29 15:30:07:531 62 sec: 888959 operations; 14477 current ops/sec; [READ: Count=14478, Max=362, Min=5, Avg=67.93, 90=108, 99=131, 99.9=150, 99.99=195] 
2026-04-29 15:30:08:531 63 sec: 903504 operations; 14545 current ops/sec; [READ: Count=14544, Max=361, Min=5, Avg=67.61, 90=108, 99=131, 99.9=150, 99.99=197] 
2026-04-29 15:30:09:531 64 sec: 917949 operations; 14445 current ops/sec; [READ: Count=14444, Max=429, Min=5, Avg=67.78, 90=108, 99=130, 99.9=145, 99.99=165] 
2026-04-29 15:30:10:531 65 sec: 932488 operations; 14539 current ops/sec; [READ: Count=14539, Max=457, Min=5, Avg=67.64, 90=108, 99=130, 99.9=149, 99.99=449] 
2026-04-29 15:30:11:531 66 sec: 947047 operations; 14559 current ops/sec; [READ: Count=14558, Max=320, Min=4, Avg=67.59, 90=108, 99=132, 99.9=149, 99.99=181] 
2026-04-29 15:30:12:531 67 sec: 961615 operations; 14568 current ops/sec; [READ: Count=14569, Max=318, Min=5, Avg=67.5, 90=108, 99=131, 99.9=146, 99.99=211] 
2026-04-29 15:30:13:531 68 sec: 976163 operations; 14548 current ops/sec; [READ: Count=14550, Max=462, Min=5, Avg=67.6, 90=108, 99=132, 99.9=152, 99.99=433] 
2026-04-29 15:30:14:531 69 sec: 990674 operations; 14511 current ops/sec; [READ: Count=14509, Max=364, Min=5, Avg=67.8, 90=108, 99=129, 99.9=150, 99.99=196] 
2026-04-29 15:30:15:531 70 sec: 1005076 operations; 14402 current ops/sec; [READ: Count=14403, Max=468, Min=5, Avg=68.31, 90=108, 99=131, 99.9=156, 99.99=465] 
2026-04-29 15:30:16:531 71 sec: 1019506 operations; 14430 current ops/sec; [READ: Count=14429, Max=468, Min=5, Avg=68.21, 90=108, 99=131, 99.9=148, 99.99=433] 
2026-04-29 15:30:17:531 72 sec: 1034015 operations; 14509 current ops/sec; [READ: Count=14507, Max=448, Min=4, Avg=67.77, 90=108, 99=130, 99.9=150, 99.99=199] 
2026-04-29 15:30:18:531 73 sec: 1048439 operations; 14424 current ops/sec; [READ: Count=14425, Max=316, Min=5, Avg=68.2, 90=108, 99=131, 99.9=150, 99.99=277] 
2026-04-29 15:30:19:531 74 sec: 1062923 operations; 14484 current ops/sec; [READ: Count=14484, Max=361, Min=5, Avg=67.92, 90=108, 99=130, 99.9=151, 99.99=200] 
2026-04-29 15:30:20:531 75 sec: 1077471 operations; 14548 current ops/sec; [READ: Count=14548, Max=462, Min=4, Avg=67.62, 90=108, 99=128, 99.9=146, 99.99=355] 
2026-04-29 15:30:21:531 76 sec: 1092012 operations; 14541 current ops/sec; [READ: Count=14542, Max=455, Min=4, Avg=67.65, 90=108, 99=131, 99.9=148, 99.99=428] 
2026-04-29 15:30:22:531 77 sec: 1106399 operations; 14387 current ops/sec; [READ: Count=14387, Max=3767, Min=5, Avg=68.35, 90=108, 99=132, 99.9=155, 99.99=455] 
2026-04-29 15:30:23:531 78 sec: 1120900 operations; 14501 current ops/sec; [READ: Count=14501, Max=317, Min=5, Avg=67.8, 90=108, 99=130, 99.9=149, 99.99=200] 
2026-04-29 15:30:24:531 79 sec: 1135265 operations; 14365 current ops/sec; [READ: Count=14363, Max=442, Min=5, Avg=68.48, 90=109, 99=130, 99.9=152, 99.99=441] 
2026-04-29 15:30:25:531 80 sec: 1149797 operations; 14532 current ops/sec; [READ: Count=14533, Max=465, Min=5, Avg=67.66, 90=108, 99=131, 99.9=147, 99.99=450] 
2026-04-29 15:30:26:531 81 sec: 1164293 operations; 14496 current ops/sec; [READ: Count=14496, Max=487, Min=5, Avg=67.84, 90=108, 99=131, 99.9=154, 99.99=463] 
2026-04-29 15:30:27:531 82 sec: 1178737 operations; 14444 current ops/sec; [READ: Count=14445, Max=471, Min=5, Avg=68.1, 90=108, 99=131, 99.9=153, 99.99=430] 
2026-04-29 15:30:28:531 83 sec: 1193190 operations; 14453 current ops/sec; [READ: Count=14452, Max=513, Min=5, Avg=68.08, 90=108, 99=132, 99.9=156, 99.99=478] 
2026-04-29 15:30:29:531 84 sec: 1207431 operations; 14241 current ops/sec; [READ: Count=14246, Max=377, Min=5, Avg=69.06, 90=109, 99=132, 99.9=156, 99.99=374] 
2026-04-29 15:30:30:531 85 sec: 1221761 operations; 14330 current ops/sec; [READ: Count=14330, Max=411, Min=5, Avg=68.66, 90=109, 99=132, 99.9=150, 99.99=386] 
2026-04-29 15:30:31:531 86 sec: 1236172 operations; 14411 current ops/sec; [READ: Count=14408, Max=370, Min=5, Avg=68.26, 90=109, 99=131, 99.9=152, 99.99=365] 
2026-04-29 15:30:32:531 87 sec: 1250565 operations; 14393 current ops/sec; [READ: Count=14393, Max=364, Min=5, Avg=68.35, 90=108, 99=131, 99.9=145, 99.99=170] 
2026-04-29 15:30:33:531 88 sec: 1264938 operations; 14373 current ops/sec; [READ: Count=14372, Max=429, Min=5, Avg=68.43, 90=109, 99=132, 99.9=151, 99.99=355] 
2026-04-29 15:30:34:531 89 sec: 1279281 operations; 14343 current ops/sec; [READ: Count=14342, Max=4751, Min=5, Avg=68.56, 90=108, 99=130, 99.9=148, 99.99=360] 
Maximum time elapsed. Requesting stop for the workload.
Stop requested for workload. Now Joining!
2026-04-29 15:30:35:531 90 sec: 1293754 operations; 14473 current ops/sec; [READ: Count=14474, Max=364, Min=5, Avg=67.98, 90=108, 99=130, 99.9=148, 99.99=250] [OZONEDB-PROFILE] reads=1293761  avg_total=66.42us  view=3.84us(5.8%)  log=0.72us(1.1%)  sst=62.60us_per_call x 1274037_calls(92.8%_of_total)

[OZONEDB-SST-PROFILE] level | time_total_ms | enters | range_rejects | table_gets | hits
[OZONEDB-SST-PROFILE] L1  |      6393.72 |  2546261 |      1272247 |    1274014 |  80261
[OZONEDB-SST-PROFILE] L2  |      5406.41 |  2385619 |      1191863 |    1193756 |  69089
[OZONEDB-SST-PROFILE] L3  |      5254.41 |  2247791 |      1123112 |    1124679 |  73908
[OZONEDB-SST-PROFILE] L4  |      5487.33 |  2099071 |      1048307 |    1050764 | 117463
[OZONEDB-SST-PROFILE] L5  |      4831.75 |  1864521 |       931289 |     933232 |  59363
[OZONEDB-SST-PROFILE] L6  |      4832.25 |  1745891 |       871992 |     873899 |  70612
[OZONEDB-SST-PROFILE] L7  |     46754.97 |  2799762 |          138 |    2799624 | 803341
[OZONEDB-TBL-PROFILE] file_filter_reject=7847419  block_filter_reject=126967  index_invalid=0  block_read_more=739219  hit_from_cache=536363  miss_after_read=1545  found=1274037
2026-04-29 15:30:35:613 90 sec: 1293761 operations; 85.37 current ops/sec; [READ: Count=4, Max=116, Min=57, Avg=87, 90=116, 99=116, 99.9=116, 99.99=116] [CLEANUP: Count=1, Max=80255, Min=80192, Avg=80224, 90=80255, 99=80255, 99.9=80255, 99.99=80255] 
[OVERALL], RunTime(ms), 90082
[OVERALL], Throughput(ops/sec), 14362.03681090562
[TOTAL_GCS_PS_Scavenge], Count, 7
[TOTAL_GC_TIME_PS_Scavenge], Time(ms), 29
[TOTAL_GC_TIME_%_PS_Scavenge], Time(%), 0.03219289092160476
[TOTAL_GCS_PS_MarkSweep], Count, 0
[TOTAL_GC_TIME_PS_MarkSweep], Time(ms), 0
[TOTAL_GC_TIME_%_PS_MarkSweep], Time(%), 0.0
[TOTAL_GCs], Count, 7
[TOTAL_GC_TIME], Time(ms), 29
[TOTAL_GC_TIME_%], Time(%), 0.03219289092160476
[READ], Operations, 1293761
[READ], AverageLatency(us), 68.14431490824039
[READ], MinLatency(us), 4
[READ], MaxLatency(us), 46655
[READ], 95thPercentileLatency(us), 113
[READ], 99thPercentileLatency(us), 131
[READ], Return=OK, 1293761
[CLEANUP], Operations, 1
[CLEANUP], AverageLatency(us), 80224.0
[CLEANUP], MinLatency(us), 80192
[CLEANUP], MaxLatency(us), 80255
[CLEANUP], 95thPercentileLatency(us), 80255
[CLEANUP], 99thPercentileLatency(us), 80255
	Command being timed: "/usr/lib/jvm/java-8-openjdk-amd64/bin/java -cp /users/Xinying/ozonedb/ycsb/ozonedb/conf:/users/Xinying/ozonedb/ycsb/ozonedb/target/ozonedb-binding-0.18.0-SNAPSHOT.jar:/users/Xinying/.m2/repository/org/apache/htrace/htrace-core4/4.1.0-incubating/htrace-core4-4.1.0-incubating.jar:/users/Xinying/.m2/repository/org/slf4j/slf4j-api/1.7.25/slf4j-api-1.7.25.jar:/users/Xinying/.m2/repository/org/hdrhistogram/HdrHistogram/2.1.12/HdrHistogram-2.1.12.jar:/users/Xinying/.m2/repository/ch/qos/logback/logback-classic/1.2.3/logback-classic-1.2.3.jar:/users/Xinying/.m2/repository/ozonedbjnimaven/demoproc-jni/1.0/demoproc-jni-1.0.jar:/users/Xinying/.m2/repository/ch/qos/logback/logback-core/1.2.3/logback-core-1.2.3.jar:/users/Xinying/.m2/repository/org/codehaus/jackson/jackson-mapper-asl/1.9.4/jackson-mapper-asl-1.9.4.jar:/users/Xinying/.m2/repository/org/slf4j/slf4j-simple/1.7.25/slf4j-simple-1.7.25.jar:/users/Xinying/.m2/repository/org/codehaus/jackson/jackson-core-asl/1.9.4/jackson-core-asl-1.9.4.jar:/users/Xinying/ozonedb/ycsb/core/target/core-0.18.0-SNAPSHOT.jar site.ycsb.Client -db site.ycsb.db.OzoneDBClient -threads 1 -s -P /users/Xinying/ozonedb/ycsb/workloads/generated_workloads/workloadc_1KB_1000000_1000000 -p status.interval=1 -p maxexecutiontime=90 -p operationcount=0 -p shared_config=/tmp/phase1_ozonedb_configs/shared_config_SHARED_workloadc_p4_r1_proc3.json -t"
	User time (seconds): 62.57
	System time (seconds): 29.80
	Percent of CPU this job got: 101%
	Elapsed (wall clock) time (h:mm:ss or m:ss): 1:31.31
	Average shared text size (kbytes): 0
	Average unshared data size (kbytes): 0
	Average stack size (kbytes): 0
	Average total size (kbytes): 0
	Maximum resident set size (kbytes): 5100016
	Average resident set size (kbytes): 0
	Major (requiring I/O) page faults: 454
	Minor (reclaiming a frame) page faults: 1280364
	Voluntary context switches: 14881
	Involuntary context switches: 484
	Swaps: 0
	File system inputs: 11915212
	File system outputs: 1048
	Socket messages sent: 0
	Socket messages received: 0
	Signals delivered: 0
	Page size (bytes): 4096
	Exit status: 0
