# CMD: /usr/bin/time -v /usr/lib/jvm/java-8-openjdk-amd64/bin/java -cp /users/Xinying/ozonedb/ycsb/ozonedb/conf:/users/Xinying/ozonedb/ycsb/ozonedb/target/ozonedb-binding-0.18.0-SNAPSHOT.jar:/users/Xinying/.m2/repository/org/apache/htrace/htrace-core4/4.1.0-incubating/htrace-core4-4.1.0-incubating.jar:/users/Xinying/.m2/repository/org/slf4j/slf4j-api/1.7.25/slf4j-api-1.7.25.jar:/users/Xinying/.m2/repository/org/hdrhistogram/HdrHistogram/2.1.12/HdrHistogram-2.1.12.jar:/users/Xinying/.m2/repository/ch/qos/logback/logback-classic/1.2.3/logback-classic-1.2.3.jar:/users/Xinying/.m2/repository/ozonedbjnimaven/demoproc-jni/1.0/demoproc-jni-1.0.jar:/users/Xinying/.m2/repository/ch/qos/logback/logback-core/1.2.3/logback-core-1.2.3.jar:/users/Xinying/.m2/repository/org/codehaus/jackson/jackson-mapper-asl/1.9.4/jackson-mapper-asl-1.9.4.jar:/users/Xinying/.m2/repository/org/slf4j/slf4j-simple/1.7.25/slf4j-simple-1.7.25.jar:/users/Xinying/.m2/repository/org/codehaus/jackson/jackson-core-asl/1.9.4/jackson-core-asl-1.9.4.jar:/users/Xinying/ozonedb/ycsb/core/target/core-0.18.0-SNAPSHOT.jar site.ycsb.Client -db site.ycsb.db.OzoneDBClient -threads 1 -s -P /users/Xinying/ozonedb/ycsb/workloads/generated_workloads/workloadd_1KB_1000000_1000000 -p status.interval=1 -p maxexecutiontime=90 -p operationcount=0 -p shared_config=/tmp/phase1_ozonedb_configs/shared_config_SHARED_workloadd_p8_r1_proc4.json -t
# shared_work_path=/tank/ycsb_data/multi-proc-run/shared_ozonedb  proc_id=4/8
Command line: -db site.ycsb.db.OzoneDBClient -threads 1 -s -P /users/Xinying/ozonedb/ycsb/workloads/generated_workloads/workloadd_1KB_1000000_1000000 -p status.interval=1 -p maxexecutiontime=90 -p operationcount=0 -p shared_config=/tmp/phase1_ozonedb_configs/shared_config_SHARED_workloadd_p8_r1_proc4.json -t
YCSB Client 0.18.0-SNAPSHOT

Loading workload...
Starting test.
SLF4J: Class path contains multiple SLF4J bindings.
SLF4J: Found binding in [jar:file:/users/Xinying/.m2/repository/ch/qos/logback/logback-classic/1.2.3/logback-classic-1.2.3.jar!/org/slf4j/impl/StaticLoggerBinder.class]
SLF4J: Found binding in [jar:file:/users/Xinying/.m2/repository/org/slf4j/slf4j-simple/1.7.25/slf4j-simple-1.7.25.jar!/org/slf4j/impl/StaticLoggerBinder.class]
SLF4J: See http://www.slf4j.org/codes.html#multiple_bindings for an explanation.
SLF4J: Actual binding is of type [ch.qos.logback.classic.util.ContextSelectorStaticBinder]
Maximum execution time specified as: 90 secs
2026-04-29 15:37:18:489 0 sec: 0 operations; 
Starting compaction watcher
DBWrapper: report latency for each error is false and specific error codes to track for latency are: []
2026-04-29 15:37:19:489 1 sec: 11014 operations; 11014 current ops/sec; [READ: Count=8448, Max=48287, Min=4, Avg=46.66, 90=103, 99=167, 99.9=445, 99.99=48287] [INSERT: Count=568, Max=16879, Min=153, Avg=271.72, 90=270, 99=834, 99.9=16879, 99.99=16879] [READ-FAILED: Count=2073, Max=2345, Min=33, Avg=60.4, 90=76, 99=98, 99.9=147, 99.99=2345] 
2026-04-29 15:37:20:489 2 sec: 33399 operations; 22385 current ops/sec; [READ: Count=17435, Max=2621, Min=4, Avg=32.36, 90=84, 99=139, 99.9=367, 99.99=2589] [INSERT: Count=1095, Max=1087, Min=148, Avg=186.46, 90=214, 99=264, 99.9=1074, 99.99=1087] [READ-FAILED: Count=3787, Max=213, Min=32, Avg=49.29, 90=59, 99=76, 99.9=125, 99.99=213] 
2026-04-29 15:37:21:489 3 sec: 57323 operations; 23924 current ops/sec; [READ: Count=19278, Max=2841, Min=4, Avg=30.09, 90=83, 99=132, 99.9=206, 99.99=2527] [INSERT: Count=1138, Max=9639, Min=144, Avg=185.85, 90=197, 99=243, 99.9=301, 99.99=9639] [READ-FAILED: Count=3518, Max=102, Min=32, Avg=48.14, 90=57, 99=66, 99.9=83, 99.99=102] 
2026-04-29 15:37:22:489 4 sec: 80402 operations; 23079 current ops/sec; [READ: Count=16902, Max=2189, Min=4, Avg=29.56, 90=81, 99=126, 99.9=362, 99.99=2105] [INSERT: Count=1142, Max=3019, Min=152, Avg=202.02, 90=211, 99=633, 99.9=2823, 99.99=3019] [READ-FAILED: Count=5042, Max=309, Min=30, Avg=46.76, 90=55, 99=68, 99.9=91, 99.99=309] 
2026-04-29 15:37:23:489 5 sec: 103309 operations; 22907 current ops/sec; [READ: Count=16159, Max=1943, Min=4, Avg=30.43, 90=83, 99=123, 99.9=327, 99.99=1907] [INSERT: Count=1175, Max=337, Min=153, Avg=180.01, 90=199, 99=249, 99.9=316, 99.99=337] [READ-FAILED: Count=5556, Max=92, Min=30, Avg=47.37, 90=56, 99=65, 99.9=78, 99.99=92] 
2026-04-29 15:37:24:489 6 sec: 123579 operations; 20270 current ops/sec; [READ: Count=15406, Max=2875, Min=4, Avg=30.84, 90=83, 99=136, 99.9=406, 99.99=2843] [INSERT: Count=980, Max=81215, Min=157, Avg=315.55, 90=237, 99=1071, 99.9=81215, 99.99=81215] [READ-FAILED: Count=3901, Max=320, Min=31, Avg=47.94, 90=57, 99=82, 99.9=106, 99.99=320] 
2026-04-29 15:37:25:489 7 sec: 143865 operations; 20286 current ops/sec; [READ: Count=14483, Max=2305, Min=4, Avg=36.54, 90=88, 99=133, 99.9=206, 99.99=1816] [INSERT: Count=1060, Max=296, Min=161, Avg=192.34, 90=213, 99=259, 99.9=292, 99.99=296] [READ-FAILED: Count=4731, Max=159, Min=32, Avg=49.89, 90=59, 99=72, 99.9=107, 99.99=159] 
2026-04-29 15:37:26:489 8 sec: 164933 operations; 21068 current ops/sec; [READ: Count=15209, Max=1708, Min=5, Avg=34.99, 90=89, 99=132, 99.9=370, 99.99=1679] [INSERT: Count=1043, Max=286, Min=158, Avg=187.71, 90=207, 99=257, 99.9=283, 99.99=286] [READ-FAILED: Count=4816, Max=322, Min=32, Avg=50.21, 90=59, 99=71, 99.9=93, 99.99=322] 
2026-04-29 15:37:27:489 9 sec: 186397 operations; 21464 current ops/sec; [READ: Count=15670, Max=1755, Min=4, Avg=32.71, 90=87, 99=130, 99.9=201, 99.99=1719] [INSERT: Count=1083, Max=13215, Min=157, Avg=203.51, 90=213, 99=269, 99.9=301, 99.99=13215] [READ-FAILED: Count=4718, Max=216, Min=33, Avg=49.24, 90=57, 99=68, 99.9=92, 99.99=216] 
2026-04-29 15:37:28:489 10 sec: 208690 operations; 22293 current ops/sec; [READ: Count=15764, Max=1967, Min=4, Avg=31.62, 90=85, 99=126, 99.9=354, 99.99=1739] [INSERT: Count=1149, Max=301, Min=151, Avg=181.55, 90=199, 99=254, 99.9=275, 99.99=301] [READ-FAILED: Count=5377, Max=306, Min=34, Avg=49.32, 90=58, 99=68, 99.9=82, 99.99=306] 
2026-04-29 15:37:29:489 11 sec: 229271 operations; 20581 current ops/sec; [READ: Count=14160, Max=1955, Min=4, Avg=31.04, 90=86, 99=121, 99.9=158, 99.99=1906] [INSERT: Count=1048, Max=70015, Min=152, Avg=261.36, 90=206, 99=608, 99.9=1060, 99.99=70015] [READ-FAILED: Count=5375, Max=230, Min=33, Avg=48.97, 90=57, 99=66, 99.9=79, 99.99=230] 
2026-04-29 15:37:30:489 12 sec: 252329 operations; 23058 current ops/sec; [READ: Count=16580, Max=1826, Min=4, Avg=30.06, 90=86, 99=127, 99.9=174, 99.99=1795] [INSERT: Count=1147, Max=370, Min=147, Avg=182.83, 90=204, 99=250, 99.9=304, 99.99=370] [READ-FAILED: Count=5325, Max=109, Min=33, Avg=49.86, 90=59, 99=71, 99.9=88, 99.99=109] 
2026-04-29 15:37:31:489 13 sec: 274141 operations; 21812 current ops/sec; [READ: Count=16030, Max=1998, Min=4, Avg=32.49, 90=84, 99=132, 99.9=370, 99.99=1875] [INSERT: Count=1083, Max=14207, Min=151, Avg=197.06, 90=203, 99=260, 99.9=318, 99.99=14207] [READ-FAILED: Count=4691, Max=136, Min=34, Avg=51.42, 90=61, 99=72, 99.9=83, 99.99=136] 
2026-04-29 15:37:32:489 14 sec: 296494 operations; 22353 current ops/sec; [READ: Count=16526, Max=1911, Min=5, Avg=32.28, 90=87, 99=132, 99.9=190, 99.99=1787] [INSERT: Count=1116, Max=1009, Min=148, Avg=180.2, 90=198, 99=245, 99.9=999, 99.99=1009] [READ-FAILED: Count=4722, Max=145, Min=34, Avg=50.89, 90=60, 99=71, 99.9=90, 99.99=145] 
2026-04-29 15:37:33:489 15 sec: 319823 operations; 23329 current ops/sec; [READ: Count=17460, Max=1721, Min=5, Avg=30.39, 90=84, 99=128, 99.9=306, 99.99=1684] [INSERT: Count=1178, Max=365, Min=147, Avg=175.61, 90=197, 99=242, 99.9=263, 99.99=365] [READ-FAILED: Count=4684, Max=139, Min=33, Avg=50.49, 90=60, 99=70, 99.9=87, 99.99=139] 
2026-04-29 15:37:34:489 16 sec: 341539 operations; 21694.31 current ops/sec; [READ: Count=15230, Max=1749, Min=5, Avg=30.54, 90=85, 99=124, 99.9=181, 99.99=1744] [INSERT: Count=1100, Max=14063, Min=149, Avg=190.64, 90=195, 99=253, 99.9=731, 99.99=14063] [READ-FAILED: Count=5378, Max=109, Min=33, Avg=48.95, 90=57, 99=68, 99.9=84, 99.99=109] 
2026-04-29 15:37:35:489 17 sec: 362659 operations; 21141.14 current ops/sec; [READ: Count=15040, Max=1971, Min=5, Avg=31.06, 90=86, 99=127, 99.9=184, 99.99=1862] [INSERT: Count=1057, Max=73983, Min=147, Avg=272.81, 90=214, 99=701, 99.9=920, 99.99=73983] [READ-FAILED: Count=5033, Max=317, Min=34, Avg=51.26, 90=60, 99=71, 99.9=90, 99.99=317] 
2026-04-29 15:37:36:489 18 sec: 385382 operations; 22723 current ops/sec; [READ: Count=16411, Max=3979, Min=5, Avg=30.99, 90=86, 99=126, 99.9=171, 99.99=1987] [INSERT: Count=1131, Max=1218, Min=148, Avg=181.2, 90=201, 99=248, 99.9=610, 99.99=1218] [READ-FAILED: Count=5193, Max=217, Min=34, Avg=50.27, 90=59, 99=70, 99.9=91, 99.99=217] 
2026-04-29 15:37:37:489 19 sec: 408016 operations; 22634 current ops/sec; [READ: Count=16988, Max=2591, Min=5, Avg=31.48, 90=86, 99=134, 99.9=223, 99.99=1839] [INSERT: Count=1144, Max=16751, Min=145, Avg=188.8, 90=196, 99=249, 99.9=268, 99.99=16751] [READ-FAILED: Count=4666, Max=314, Min=34, Avg=50.96, 90=60, 99=71, 99.9=90, 99.99=314] 
2026-04-29 15:37:38:489 20 sec: 428996 operations; 20980 current ops/sec; [READ: Count=14634, Max=2227, Min=5, Avg=35.05, 90=88, 99=133, 99.9=312, 99.99=1940] [INSERT: Count=1036, Max=299, Min=141, Avg=175.55, 90=194, 99=236, 99.9=275, 99.99=299] [READ-FAILED: Count=5137, Max=245, Min=34, Avg=51.89, 90=62, 99=72, 99.9=102, 99.99=245] 
2026-04-29 15:37:39:489 21 sec: 451495 operations; 22499 current ops/sec; [READ: Count=17148, Max=2107, Min=5, Avg=32.09, 90=88, 99=138, 99.9=191, 99.99=1992] [INSERT: Count=1113, Max=306, Min=151, Avg=180.34, 90=198, 99=245, 99.9=271, 99.99=306] [READ-FAILED: Count=4232, Max=84, Min=36, Avg=52.77, 90=62, 99=72, 99.9=79, 99.99=84] 
2026-04-29 15:37:40:489 22 sec: 472319 operations; 20824 current ops/sec; [READ: Count=16210, Max=1701, Min=5, Avg=30.55, 90=87, 99=136, 99.9=201, 99.99=1617] [INSERT: Count=987, Max=72639, Min=149, Avg=303.15, 90=230, 99=1020, 99.9=72639, 99.99=72639] [READ-FAILED: Count=3631, Max=315, Min=33, Avg=50.4, 90=60, 99=72, 99.9=115, 99.99=315] 
2026-04-29 15:37:41:489 23 sec: 496056 operations; 23737 current ops/sec; [READ: Count=18385, Max=1816, Min=5, Avg=29.81, 90=86, 99=132, 99.9=177, 99.99=1698] [INSERT: Count=1170, Max=307, Min=151, Avg=181.47, 90=198, 99=247, 99.9=292, 99.99=307] [READ-FAILED: Count=4171, Max=88, Min=34, Avg=50.92, 90=60, 99=70, 99.9=76, 99.99=88] 
2026-04-29 15:37:42:489 24 sec: 518291 operations; 22235 current ops/sec; [READ: Count=15750, Max=1796, Min=5, Avg=31.42, 90=87, 99=127, 99.9=290, 99.99=1771] [INSERT: Count=1153, Max=307, Min=150, Avg=182.38, 90=199, 99=246, 99.9=279, 99.99=307] [READ-FAILED: Count=5332, Max=122, Min=31, Avg=50.9, 90=60, 99=70, 99.9=81, 99.99=122] 
2026-04-29 15:37:43:489 25 sec: 540974 operations; 22683 current ops/sec; [READ: Count=16008, Max=2023, Min=5, Avg=30.58, 90=85, 99=124, 99.9=305, 99.99=1881] [INSERT: Count=1122, Max=285, Min=150, Avg=184.23, 90=202, 99=247, 99.9=283, 99.99=285] [READ-FAILED: Count=5560, Max=113, Min=35, Avg=50.23, 90=58, 99=67, 99.9=75, 99.99=113] 
2026-04-29 15:37:44:489 26 sec: 562210 operations; 21236 current ops/sec; [READ: Count=15141, Max=2833, Min=5, Avg=33.3, 90=86, 99=130, 99.9=314, 99.99=2311] [INSERT: Count=1100, Max=13839, Min=152, Avg=192.8, 90=198, 99=251, 99.9=410, 99.99=13839] [READ-FAILED: Count=5000, Max=309, Min=34, Avg=52, 90=62, 99=71, 99.9=84, 99.99=309] 
2026-04-29 15:37:45:489 27 sec: 581772 operations; 19562 current ops/sec; [READ: Count=14621, Max=4041, Min=5, Avg=34.02, 90=90, 99=145, 99.9=240, 99.99=1811] [INSERT: Count=948, Max=72767, Min=150, Avg=285.1, 90=234, 99=940, 99.9=72767, 99.99=72767] [READ-FAILED: Count=3993, Max=209, Min=34, Avg=52.71, 90=64, 99=88, 99.9=114, 99.99=209] 
2026-04-29 15:37:46:489 28 sec: 605150 operations; 23378 current ops/sec; [READ: Count=18415, Max=2165, Min=5, Avg=30.72, 90=86, 99=134, 99.9=178, 99.99=1828] [INSERT: Count=1142, Max=306, Min=153, Avg=182.41, 90=199, 99=254, 99.9=306, 99.99=306] [READ-FAILED: Count=3824, Max=420, Min=35, Avg=52.44, 90=62, 99=70, 99.9=90, 99.99=420] 
2026-04-29 15:37:47:489 29 sec: 628181 operations; 23031 current ops/sec; [READ: Count=17493, Max=1741, Min=5, Avg=30.45, 90=85, 99=132, 99.9=172, 99.99=1614] [INSERT: Count=1112, Max=14423, Min=148, Avg=190.45, 90=196, 99=245, 99.9=952, 99.99=14423] [READ-FAILED: Count=4417, Max=320, Min=36, Avg=52.2, 90=62, 99=72, 99.9=99, 99.99=320] 
2026-04-29 15:37:48:489 30 sec: 651549 operations; 23368 current ops/sec; [READ: Count=18334, Max=2107, Min=5, Avg=30.57, 90=87, 99=137, 99.9=177, 99.99=2095] [INSERT: Count=1134, Max=298, Min=152, Avg=182.39, 90=202, 99=255, 99.9=284, 99.99=298] [READ-FAILED: Count=3903, Max=96, Min=36, Avg=52.94, 90=62, 99=70, 99.9=83, 99.99=96] 
2026-04-29 15:37:49:489 31 sec: 673530 operations; 21981 current ops/sec; [READ: Count=16226, Max=2061, Min=5, Avg=31.98, 90=88, 99=133, 99.9=244, 99.99=1941] [INSERT: Count=1136, Max=286, Min=155, Avg=186.41, 90=206, 99=249, 99.9=285, 99.99=286] [READ-FAILED: Count=4620, Max=321, Min=36, Avg=53, 90=63, 99=73, 99.9=87, 99.99=321] 
2026-04-29 15:37:50:489 32 sec: 693799 operations; 20269 current ops/sec; [READ: Count=14399, Max=1810, Min=5, Avg=31.27, 90=87, 99=127, 99.9=191, 99.99=1687] [INSERT: Count=994, Max=76863, Min=148, Avg=280.04, 90=201, 99=689, 99.9=76863, 99.99=76863] [READ-FAILED: Count=4873, Max=91, Min=34, Avg=51.07, 90=60, 99=71, 99.9=82, 99.99=91] 
2026-04-29 15:37:51:489 33 sec: 714492 operations; 20693 current ops/sec; [READ: Count=14966, Max=2341, Min=5, Avg=35.48, 90=88, 99=133, 99.9=291, 99.99=2063] [INSERT: Count=1090, Max=644, Min=145, Avg=177.48, 90=195, 99=245, 99.9=293, 99.99=644] [READ-FAILED: Count=4636, Max=313, Min=32, Avg=54.34, 90=64, 99=76, 99.9=91, 99.99=313] 
2026-04-29 15:37:52:489 34 sec: 735747 operations; 21255 current ops/sec; [READ: Count=14891, Max=1826, Min=5, Avg=33.55, 90=88, 99=128, 99.9=164, 99.99=1813] [INSERT: Count=1066, Max=356, Min=148, Avg=182.09, 90=202, 99=258, 99.9=291, 99.99=356] [READ-FAILED: Count=5298, Max=105, Min=32, Avg=53.28, 90=62, 99=73, 99.9=87, 99.99=105] 
2026-04-29 15:37:53:489 35 sec: 756626 operations; 20879 current ops/sec; [READ: Count=14577, Max=2008, Min=5, Avg=34.3, 90=91, 99=133, 99.9=236, 99.99=1884] [INSERT: Count=1092, Max=560, Min=147, Avg=180.75, 90=199, 99=250, 99.9=312, 99.99=560] [READ-FAILED: Count=5213, Max=213, Min=35, Avg=53.48, 90=63, 99=74, 99.9=92, 99.99=213] 
2026-04-29 15:37:53:704 - NewTail completed: 
2026-04-29 15:37:54:489 36 sec: 778440 operations; 21814 current ops/sec; [READ: Count=16452, Max=4651, Min=5, Avg=32.73, 90=90, 99=136, 99.9=199, 99.99=1774] [INSERT: Count=1052, Max=1255, Min=151, Avg=190.05, 90=209, 99=254, 99.9=296, 99.99=1255] [READ-FAILED: Count=4310, Max=321, Min=36, Avg=54.9, 90=65, 99=77, 99.9=90, 99.99=321] 
2026-04-29 15:37:55:489 37 sec: 797395 operations; 18955 current ops/sec; [READ: Count=13257, Max=1990, Min=5, Avg=33.38, 90=90, 99=128, 99.9=189, 99.99=1904] [INSERT: Count=1015, Max=71423, Min=156, Avg=284.55, 90=224, 99=868, 99.9=1290, 99.99=71423] [READ-FAILED: Count=4682, Max=183, Min=36, Avg=52.81, 90=62, 99=72, 99.9=95, 99.99=183] 
2026-04-29 15:37:56:489 38 sec: 819269 operations; 21874 current ops/sec; [READ: Count=15337, Max=1840, Min=5, Avg=32.11, 90=88, 99=126, 99.9=159, 99.99=1697] [INSERT: Count=1098, Max=272, Min=150, Avg=183.9, 90=203, 99=252, 99.9=269, 99.99=272] [READ-FAILED: Count=5436, Max=317, Min=35, Avg=51.71, 90=61, 99=71, 99.9=85, 99.99=317] 
2026-04-29 15:37:57:489 39 sec: 840717 operations; 21448 current ops/sec; [READ: Count=15384, Max=1988, Min=5, Avg=32.63, 90=88, 99=130, 99.9=321, 99.99=1643] [INSERT: Count=1089, Max=14175, Min=147, Avg=194.36, 90=203, 99=255, 99.9=1795, 99.99=14175] [READ-FAILED: Count=4980, Max=111, Min=36, Avg=52.7, 90=61, 99=72, 99.9=94, 99.99=111] 
2026-04-29 15:37:58:489 40 sec: 862362 operations; 21645 current ops/sec; [READ: Count=16170, Max=1961, Min=5, Avg=33.74, 90=87, 99=133, 99.9=260, 99.99=1886] [INSERT: Count=1063, Max=343, Min=151, Avg=181.88, 90=200, 99=245, 99.9=286, 99.99=343] [READ-FAILED: Count=4411, Max=113, Min=37, Avg=53.68, 90=63, 99=73, 99.9=83, 99.99=113] 
2026-04-29 15:37:59:489 41 sec: 883631 operations; 21269 current ops/sec; [READ: Count=14914, Max=1992, Min=5, Avg=33.41, 90=88, 99=129, 99.9=302, 99.99=1755] [INSERT: Count=1086, Max=274, Min=150, Avg=180.3, 90=199, 99=242, 99.9=258, 99.99=274] [READ-FAILED: Count=5267, Max=313, Min=37, Avg=53.42, 90=62, 99=72, 99.9=93, 99.99=313] 
2026-04-29 15:38:00:489 42 sec: 903945 operations; 20314 current ops/sec; [READ: Count=14822, Max=1867, Min=5, Avg=31.8, 90=87, 99=131, 99.9=188, 99.99=1835] [INSERT: Count=1009, Max=70079, Min=151, Avg=271.06, 90=210, 99=916, 99.9=1461, 99.99=70079] [READ-FAILED: Count=4483, Max=132, Min=36, Avg=51.9, 90=61, 99=70, 99.9=83, 99.99=132] 
2026-04-29 15:38:01:489 43 sec: 925858 operations; 21913 current ops/sec; [READ: Count=16036, Max=1725, Min=5, Avg=31.99, 90=87, 99=131, 99.9=175, 99.99=1704] [INSERT: Count=1105, Max=13151, Min=142, Avg=187.52, 90=193, 99=245, 99.9=306, 99.99=13151] [READ-FAILED: Count=4775, Max=324, Min=36, Avg=53.42, 90=62, 99=75, 99.9=98, 99.99=324] 
2026-04-29 15:38:02:489 44 sec: 948740 operations; 22882 current ops/sec; [READ: Count=16855, Max=1962, Min=5, Avg=31.19, 90=87, 99=130, 99.9=167, 99.99=1770] [INSERT: Count=1096, Max=330, Min=143, Avg=170.34, 90=188, 99=229, 99.9=281, 99.99=330] [READ-FAILED: Count=4933, Max=104, Min=37, Avg=53.23, 90=62, 99=71, 99.9=87, 99.99=104] 
2026-04-29 15:38:03:489 45 sec: 970312 operations; 21572 current ops/sec; [READ: Count=15621, Max=1811, Min=5, Avg=32.54, 90=90, 99=135, 99.9=205, 99.99=1702] [INSERT: Count=1075, Max=4041, Min=152, Avg=187.03, 90=204, 99=252, 99.9=509, 99.99=4041] [READ-FAILED: Count=4873, Max=148, Min=37, Avg=54.48, 90=64, 99=84, 99.9=109, 99.99=148] 
2026-04-29 15:38:04:489 46 sec: 991020 operations; 20708 current ops/sec; [READ: Count=15249, Max=2065, Min=5, Avg=33.98, 90=88, 99=137, 99.9=349, 99.99=1927] [INSERT: Count=1049, Max=13007, Min=150, Avg=204.48, 90=204, 99=253, 99.9=8131, 99.99=13007] [READ-FAILED: Count=4407, Max=315, Min=39, Avg=55.28, 90=65, 99=76, 99.9=104, 99.99=315] 
2026-04-29 15:38:05:489 47 sec: 1011236 operations; 20216 current ops/sec; [READ: Count=15565, Max=2036, Min=5, Avg=32.51, 90=86, 99=135, 99.9=277, 99.99=1780] [INSERT: Count=991, Max=70335, Min=155, Avg=277.83, 90=220, 99=672, 99.9=70335, 99.99=70335] [READ-FAILED: Count=3669, Max=91, Min=37, Avg=53.77, 90=63, 99=73, 99.9=86, 99.99=91] 
2026-04-29 15:38:06:489 48 sec: 1032114 operations; 20878 current ops/sec; [READ: Count=15299, Max=2101, Min=5, Avg=34.44, 90=92, 99=138, 99.9=206, 99.99=2047] [INSERT: Count=1036, Max=307, Min=152, Avg=186.12, 90=206, 99=252, 99.9=286, 99.99=307] [READ-FAILED: Count=4536, Max=250, Min=38, Avg=56.5, 90=67, 99=82, 99.9=104, 99.99=250] 
2026-04-29 15:38:07:489 49 sec: 1053196 operations; 21082 current ops/sec; [READ: Count=14928, Max=1747, Min=5, Avg=33.19, 90=89, 99=131, 99.9=201, 99.99=1596] [INSERT: Count=1090, Max=14191, Min=147, Avg=191.34, 90=198, 99=252, 99.9=309, 99.99=14191] [READ-FAILED: Count=5063, Max=84, Min=38, Avg=53.91, 90=63, 99=73, 99.9=81, 99.99=84] 
2026-04-29 15:38:08:489 50 sec: 1073958 operations; 20762 current ops/sec; [READ: Count=14225, Max=1786, Min=5, Avg=34.15, 90=91, 99=129, 99.9=243, 99.99=1671] [INSERT: Count=1077, Max=298, Min=148, Avg=178, 90=196, 99=249, 99.9=288, 99.99=298] [READ-FAILED: Count=5460, Max=122, Min=39, Avg=54.74, 90=64, 99=74, 99.9=90, 99.99=122] 
2026-04-29 15:38:09:489 51 sec: 1095602 operations; 21644 current ops/sec; [READ: Count=16277, Max=1823, Min=5, Avg=32.79, 90=92, 99=139, 99.9=184, 99.99=1803] [INSERT: Count=1066, Max=286, Min=154, Avg=187.21, 90=206, 99=257, 99.9=281, 99.99=286] [READ-FAILED: Count=4295, Max=338, Min=39, Avg=56.36, 90=66, 99=78, 99.9=90, 99.99=338] 
2026-04-29 15:38:10:489 52 sec: 1115188 operations; 19586 current ops/sec; [READ: Count=14699, Max=1920, Min=5, Avg=33.44, 90=93, 99=146, 99.9=302, 99.99=1744] [INSERT: Count=981, Max=71935, Min=148, Avg=272, 90=220, 99=814, 99.9=71935, 99.99=71935] [READ-FAILED: Count=3914, Max=147, Min=38, Avg=56.18, 90=68, 99=91, 99.9=116, 99.99=147] 
2026-04-29 15:38:10:723 - NewTail completed: 
2026-04-29 15:38:11:489 53 sec: 1135860 operations; 20672 current ops/sec; [READ: Count=14441, Max=2851, Min=5, Avg=35.01, 90=90, 99=130, 99.9=173, 99.99=1912] [INSERT: Count=1028, Max=1981, Min=152, Avg=187.38, 90=204, 99=268, 99.9=886, 99.99=1981] [READ-FAILED: Count=5206, Max=313, Min=37, Avg=53.59, 90=63, 99=74, 99.9=111, 99.99=313] 
2026-04-29 15:38:12:489 54 sec: 1157558 operations; 21698 current ops/sec; [READ: Count=16251, Max=1864, Min=6, Avg=33.65, 90=88, 99=134, 99.9=219, 99.99=1803] [INSERT: Count=1028, Max=290, Min=154, Avg=181.98, 90=200, 99=245, 99.9=283, 99.99=290] [READ-FAILED: Count=4410, Max=130, Min=37, Avg=54.88, 90=64, 99=74, 99.9=95, 99.99=130] 
2026-04-29 15:38:13:489 55 sec: 1179444 operations; 21886 current ops/sec; [READ: Count=16402, Max=3495, Min=5, Avg=32.93, 90=88, 99=134, 99.9=174, 99.99=3307] [INSERT: Count=1042, Max=2367, Min=153, Avg=184.21, 90=202, 99=259, 99.9=1230, 99.99=2367] [READ-FAILED: Count=4444, Max=321, Min=38, Avg=54.91, 90=64, 99=75, 99.9=98, 99.99=321] 
2026-04-29 15:38:14:489 56 sec: 1199887 operations; 20443 current ops/sec; [READ: Count=14237, Max=1783, Min=5, Avg=33.88, 90=90, 99=131, 99.9=185, 99.99=1496] [INSERT: Count=1085, Max=12191, Min=153, Avg=194.99, 90=201, 99=260, 99.9=1357, 99.99=12191] [READ-FAILED: Count=5128, Max=99, Min=40, Avg=55.22, 90=64, 99=73, 99.9=90, 99.99=99] 
2026-04-29 15:38:15:489 57 sec: 1219859 operations; 19972 current ops/sec; [READ: Count=14402, Max=1762, Min=6, Avg=32.43, 90=88, 99=133, 99.9=188, 99.99=1630] [INSERT: Count=1026, Max=70783, Min=151, Avg=254.34, 90=201, 99=302, 99.9=1100, 99.99=70783] [READ-FAILED: Count=4539, Max=119, Min=39, Avg=54.95, 90=64, 99=74, 99.9=91, 99.99=119] 
2026-04-29 15:38:16:489 58 sec: 1240938 operations; 21079 current ops/sec; [READ: Count=15557, Max=1702, Min=6, Avg=32.92, 90=91, 99=136, 99.9=179, 99.99=1683] [INSERT: Count=1016, Max=1113, Min=159, Avg=207.14, 90=218, 99=684, 99.9=1089, 99.99=1113] [READ-FAILED: Count=4515, Max=319, Min=39, Avg=56.34, 90=66, 99=76, 99.9=98, 99.99=319] 
2026-04-29 15:38:17:489 59 sec: 1263197 operations; 22259 current ops/sec; [READ: Count=16925, Max=1722, Min=6, Avg=31.39, 90=88, 99=134, 99.9=336, 99.99=1702] [INSERT: Count=1060, Max=306, Min=158, Avg=194.75, 90=212, 99=264, 99.9=279, 99.99=306] [READ-FAILED: Count=4262, Max=123, Min=40, Avg=55.76, 90=64, 99=74, 99.9=81, 99.99=123] 
2026-04-29 15:38:18:489 60 sec: 1283953 operations; 20756 current ops/sec; [READ: Count=15495, Max=1627, Min=6, Avg=34.21, 90=88, 99=137, 99.9=297, 99.99=1570] [INSERT: Count=1024, Max=13503, Min=153, Avg=200.35, 90=202, 99=258, 99.9=3789, 99.99=13503] [READ-FAILED: Count=4238, Max=312, Min=39, Avg=56.99, 90=68, 99=78, 99.9=91, 99.99=312] 
2026-04-29 15:38:19:489 61 sec: 1305276 operations; 21323 current ops/sec; [READ: Count=15679, Max=1699, Min=6, Avg=33.57, 90=88, 99=131, 99.9=191, 99.99=1661] [INSERT: Count=1044, Max=281, Min=154, Avg=183.09, 90=201, 99=242, 99.9=281, 99.99=281] [READ-FAILED: Count=4600, Max=128, Min=40, Avg=56.26, 90=65, 99=75, 99.9=91, 99.99=128] 
2026-04-29 15:38:20:489 62 sec: 1326585 operations; 21309 current ops/sec; [READ: Count=15829, Max=1753, Min=6, Avg=33.21, 90=90, 99=135, 99.9=272, 99.99=1743] [INSERT: Count=1087, Max=323, Min=156, Avg=186.14, 90=205, 99=258, 99.9=300, 99.99=323] [READ-FAILED: Count=4396, Max=103, Min=40, Avg=56.48, 90=65, 99=74, 99.9=83, 99.99=103] 
2026-04-29 15:38:21:489 63 sec: 1345087 operations; 18502 current ops/sec; [READ: Count=13097, Max=1331, Min=6, Avg=34.48, 90=92, 99=132, 99.9=173, 99.99=1289] [INSERT: Count=923, Max=64799, Min=151, Avg=296.75, 90=220, 99=998, 99.9=64799, 99.99=64799] [READ-FAILED: Count=4484, Max=280, Min=40, Avg=56.65, 90=66, 99=77, 99.9=94, 99.99=280] 
2026-04-29 15:38:22:489 64 sec: 1366301 operations; 21214 current ops/sec; [READ: Count=15796, Max=4351, Min=6, Avg=33.56, 90=91, 99=139, 99.9=205, 99.99=1420] [INSERT: Count=1065, Max=1430, Min=153, Avg=186.9, 90=206, 99=258, 99.9=291, 99.99=1430] [READ-FAILED: Count=4353, Max=106, Min=39, Avg=56.75, 90=66, 99=80, 99.9=101, 99.99=106] 
2026-04-29 15:38:23:489 65 sec: 1386977 operations; 20676 current ops/sec; [READ: Count=15388, Max=2649, Min=6, Avg=34.59, 90=94, 99=146, 99.9=328, 99.99=1691] [INSERT: Count=1061, Max=2629, Min=152, Avg=187.47, 90=208, 99=259, 99.9=1280, 99.99=2629] [READ-FAILED: Count=4228, Max=309, Min=40, Avg=58.09, 90=69, 99=95, 99.9=135, 99.99=309] 
2026-04-29 15:38:24:489 66 sec: 1408471 operations; 21494 current ops/sec; [READ: Count=15742, Max=1708, Min=6, Avg=32.74, 90=90, 99=134, 99.9=190, 99.99=1610] [INSERT: Count=1040, Max=279, Min=160, Avg=186.33, 90=203, 99=248, 99.9=278, 99.99=279] [READ-FAILED: Count=4708, Max=139, Min=40, Avg=56.73, 90=65, 99=75, 99.9=87, 99.99=139] 
2026-04-29 15:38:25:489 67 sec: 1428131 operations; 19660 current ops/sec; [READ: Count=14229, Max=2411, Min=6, Avg=36.52, 90=92, 99=139, 99.9=385, 99.99=1796] [INSERT: Count=1004, Max=11607, Min=158, Avg=198.49, 90=207, 99=260, 99.9=336, 99.99=11607] [READ-FAILED: Count=4432, Max=160, Min=41, Avg=58.41, 90=69, 99=86, 99.9=119, 99.99=160] 
2026-04-29 15:38:26:489 68 sec: 1447524 operations; 19393 current ops/sec; [READ: Count=15200, Max=1753, Min=6, Avg=34.68, 90=91, 99=144, 99.9=266, 99.99=1610] [INSERT: Count=927, Max=68479, Min=159, Avg=279.34, 90=220, 99=940, 99.9=68479, 99.99=68479] [READ-FAILED: Count=3261, Max=326, Min=41, Avg=58.94, 90=70, 99=89, 99.9=106, 99.99=326] 
2026-04-29 15:38:27:489 69 sec: 1469318 operations; 21794 current ops/sec; [READ: Count=16651, Max=1739, Min=6, Avg=32.83, 90=89, 99=137, 99.9=179, 99.99=1624] [INSERT: Count=1069, Max=292, Min=151, Avg=183.46, 90=201, 99=249, 99.9=288, 99.99=292] [READ-FAILED: Count=4071, Max=102, Min=41, Avg=57.33, 90=67, 99=76, 99.9=89, 99.99=102] 
2026-04-29 15:38:28:489 70 sec: 1489064 operations; 19746 current ops/sec; [READ: Count=13808, Max=1736, Min=6, Avg=35.54, 90=93, 99=133, 99.9=208, 99.99=1650] [INSERT: Count=1046, Max=11591, Min=151, Avg=195.73, 90=203, 99=249, 99.9=299, 99.99=11591] [READ-FAILED: Count=4897, Max=317, Min=39, Avg=57.69, 90=68, 99=80, 99.9=102, 99.99=317] 
2026-04-29 15:38:29:489 71 sec: 1509388 operations; 20324 current ops/sec; [READ: Count=14342, Max=1758, Min=6, Avg=34.9, 90=92, 99=133, 99.9=320, 99.99=1756] [INSERT: Count=1022, Max=275, Min=154, Avg=186.23, 90=204, 99=248, 99.9=267, 99.99=275] [READ-FAILED: Count=4952, Max=132, Min=42, Avg=57.63, 90=67, 99=76, 99.9=91, 99.99=132] 
2026-04-29 15:38:30:489 72 sec: 1530364 operations; 20976 current ops/sec; [READ: Count=14978, Max=1756, Min=6, Avg=33.82, 90=91, 99=130, 99.9=245, 99.99=1505] [INSERT: Count=1043, Max=284, Min=149, Avg=180.88, 90=200, 99=239, 99.9=260, 99.99=284] [READ-FAILED: Count=4958, Max=104, Min=40, Avg=56.73, 90=65, 99=76, 99.9=84, 99.99=104] 
2026-04-29 15:38:31:489 73 sec: 1549953 operations; 19589 current ops/sec; [READ: Count=14663, Max=3223, Min=6, Avg=33.1, 90=91, 99=137, 99.9=174, 99.99=2027] [INSERT: Count=967, Max=68031, Min=158, Avg=272.1, 90=213, 99=708, 99.9=68031, 99.99=68031] [READ-FAILED: Count=3964, Max=316, Min=40, Avg=57.98, 90=68, 99=79, 99.9=104, 99.99=316] 
2026-04-29 15:38:32:489 74 sec: 1569151 operations; 19198 current ops/sec; [READ: Count=14545, Max=2295, Min=6, Avg=33.9, 90=90, 99=138, 99.9=202, 99.99=1526] [INSERT: Count=983, Max=91711, Min=155, Avg=279.95, 90=202, 99=254, 99.9=91711, 99.99=91711] [READ-FAILED: Count=3671, Max=121, Min=40, Avg=57.32, 90=67, 99=78, 99.9=93, 99.99=121] 
2026-04-29 15:38:33:489 75 sec: 1589416 operations; 20265 current ops/sec; [READ: Count=15486, Max=1599, Min=6, Avg=36.31, 90=94, 99=143, 99.9=212, 99.99=1575] [INSERT: Count=975, Max=1419, Min=154, Avg=191.79, 90=209, 99=261, 99.9=1419, 99.99=1419] [READ-FAILED: Count=3799, Max=331, Min=42, Avg=59.79, 90=70, 99=83, 99.9=108, 99.99=331] 
2026-04-29 15:38:34:489 76 sec: 1611151 operations; 21735 current ops/sec; [READ: Count=16466, Max=1747, Min=6, Avg=33.09, 90=89, 99=135, 99.9=188, 99.99=1724] [INSERT: Count=1075, Max=289, Min=151, Avg=179.64, 90=198, 99=247, 99.9=283, 99.99=289] [READ-FAILED: Count=4193, Max=94, Min=40, Avg=56.88, 90=66, 99=76, 99.9=87, 99.99=94] 
2026-04-29 15:38:35:489 77 sec: 1631322 operations; 20171 current ops/sec; [READ: Count=14185, Max=1543, Min=6, Avg=34.44, 90=91, 99=130, 99.9=262, 99.99=1455] [INSERT: Count=1036, Max=13007, Min=156, Avg=195.43, 90=199, 99=259, 99.9=382, 99.99=13007] [READ-FAILED: Count=4952, Max=122, Min=42, Avg=57.85, 90=67, 99=77, 99.9=93, 99.99=122] 
2026-04-29 15:38:36:489 78 sec: 1650139 operations; 18817 current ops/sec; [READ: Count=13805, Max=1720, Min=6, Avg=34.52, 90=93, 99=144, 99.9=212, 99.99=1474] [INSERT: Count=942, Max=70463, Min=149, Avg=277.1, 90=218, 99=839, 99.9=70463, 99.99=70463] [READ-FAILED: Count=4073, Max=340, Min=40, Avg=59.3, 90=70, 99=93, 99.9=115, 99.99=340] 
2026-04-29 15:38:37:489 79 sec: 1671166 operations; 21027 current ops/sec; [READ: Count=15613, Max=1821, Min=6, Avg=34.34, 90=93, 99=138, 99.9=240, 99.99=1761] [INSERT: Count=1024, Max=268, Min=152, Avg=178.09, 90=194, 99=238, 99.9=265, 99.99=268] [READ-FAILED: Count=4389, Max=156, Min=41, Avg=58.83, 90=69, 99=84, 99.9=108, 99.99=156] 
2026-04-29 15:38:38:489 80 sec: 1692076 operations; 20910 current ops/sec; [READ: Count=15045, Max=1878, Min=6, Avg=33.46, 90=92, 99=135, 99.9=169, 99.99=1741] [INSERT: Count=1098, Max=293, Min=150, Avg=177.85, 90=194, 99=250, 99.9=280, 99.99=293] [READ-FAILED: Count=4762, Max=1590, Min=41, Avg=58.38, 90=68, 99=79, 99.9=111, 99.99=1590] 
2026-04-29 15:38:39:489 81 sec: 1712072 operations; 19996 current ops/sec; [READ: Count=15907, Max=2091, Min=6, Avg=33.18, 90=90, 99=143, 99.9=267, 99.99=1919] [INSERT: Count=964, Max=93695, Min=152, Avg=276.16, 90=197, 99=249, 99.9=93695, 99.99=93695] [READ-FAILED: Count=3131, Max=121, Min=40, Avg=58.91, 90=69, 99=80, 99.9=95, 99.99=121] 
2026-04-29 15:38:40:489 82 sec: 1732689 operations; 20617 current ops/sec; [READ: Count=15674, Max=2571, Min=6, Avg=35.63, 90=92, 99=141, 99.9=278, 99.99=1799] [INSERT: Count=1022, Max=773, Min=152, Avg=178.52, 90=195, 99=248, 99.9=296, 99.99=773] [READ-FAILED: Count=3918, Max=166, Min=43, Avg=60.28, 90=71, 99=83, 99.9=107, 99.99=166] 
2026-04-29 15:38:41:489 83 sec: 1750866 operations; 18177 current ops/sec; [READ: Count=12860, Max=1840, Min=6, Avg=36.06, 90=94, 99=136, 99.9=297, 99.99=1692] [INSERT: Count=953, Max=67327, Min=148, Avg=268.55, 90=208, 99=713, 99.9=67327, 99.99=67327] [READ-FAILED: Count=4364, Max=139, Min=43, Avg=59.58, 90=69, 99=80, 99.9=105, 99.99=139] 
2026-04-29 15:38:42:489 84 sec: 1771255 operations; 20389 current ops/sec; [READ: Count=14734, Max=2183, Min=6, Avg=35.3, 90=92, 99=135, 99.9=234, 99.99=1835] [INSERT: Count=1040, Max=830, Min=149, Avg=178.44, 90=196, 99=261, 99.9=299, 99.99=830] [READ-FAILED: Count=4614, Max=128, Min=43, Avg=58.89, 90=68, 99=79, 99.9=97, 99.99=128] 
2026-04-29 15:38:43:489 85 sec: 1791789 operations; 20534 current ops/sec; [READ: Count=15688, Max=1737, Min=6, Avg=34.56, 90=94, 99=143, 99.9=189, 99.99=1514] [INSERT: Count=1009, Max=10959, Min=152, Avg=199.43, 90=208, 99=263, 99.9=747, 99.99=10959] [READ-FAILED: Count=3836, Max=323, Min=41, Avg=60.92, 90=72, 99=84, 99.9=144, 99.99=323] 
2026-04-29 15:38:44:489 86 sec: 1812420 operations; 20631 current ops/sec; [READ: Count=14674, Max=1785, Min=6, Avg=34.12, 90=93, 99=136, 99.9=304, 99.99=1553] [INSERT: Count=1033, Max=357, Min=150, Avg=179.51, 90=197, 99=247, 99.9=318, 99.99=357] [READ-FAILED: Count=4927, Max=144, Min=42, Avg=59.2, 90=69, 99=79, 99.9=96, 99.99=144] 
2026-04-29 15:38:45:489 87 sec: 1833808 operations; 21388 current ops/sec; [READ: Count=16374, Max=1700, Min=6, Avg=33.53, 90=93, 99=142, 99.9=197, 99.99=1671] [INSERT: Count=1032, Max=302, Min=147, Avg=180.62, 90=199, 99=238, 99.9=259, 99.99=302] [READ-FAILED: Count=3982, Max=158, Min=43, Avg=60.55, 90=70, 99=80, 99.9=94, 99.99=158] 
2026-04-29 15:38:46:197 - NewTail completed: 
2026-04-29 15:38:46:489 88 sec: 1852527 operations; 18719 current ops/sec; [READ: Count=13912, Max=2177, Min=6, Avg=35.33, 90=94, 99=141, 99.9=379, 99.99=1805] [INSERT: Count=939, Max=70079, Min=152, Avg=269.08, 90=201, 99=805, 99.9=70079, 99.99=70079] [READ-FAILED: Count=3866, Max=122, Min=43, Avg=60.7, 90=71, 99=84, 99.9=109, 99.99=122] 
2026-04-29 15:38:47:489 89 sec: 1872040 operations; 19513 current ops/sec; [READ: Count=14478, Max=1645, Min=6, Avg=37.41, 90=94, 99=142, 99.9=219, 99.99=1516] [INSERT: Count=1049, Max=273, Min=151, Avg=180.83, 90=198, 99=238, 99.9=257, 99.99=273] [READ-FAILED: Count=3986, Max=115, Min=44, Avg=61.9, 90=72, 99=85, 99.9=99, 99.99=115] 
Maximum time elapsed. Requesting stop for the workload.
Stop requested for workload. Now Joining!
2026-04-29 15:38:48:489 90 sec: 1891871 operations; 19831 current ops/sec; [READ: Count=14031, Max=1419, Min=6, Avg=36.22, 90=93, 99=136, 99.9=187, 99.99=1412] [INSERT: Count=1001, Max=268, Min=149, Avg=176.93, 90=195, 99=246, 99.9=257, 99.99=268] [READ-FAILED: Count=4800, Max=322, Min=43, Avg=60.91, 90=71, 99=81, 99.9=100, 99.99=322] 
[OZONEDB-PROFILE] reads=1797291  avg_total=36.65us  view=4.92us(13.4%)  log=1.59us(4.3%)  sst=47.20us_per_call x 1140271_calls(81.7%_of_total)
[OZONEDB-SST-PROFILE] level | time_total_ms | enters | range_rejects | table_gets | hits
[OZONEDB-SST-PROFILE] L1  |     16335.26 |  7260461 |       787950 |    6472511 | 447266
[OZONEDB-SST-PROFILE] L2  |      4216.72 |  1384293 |       691296 |     692997 |  52765
[OZONEDB-SST-PROFILE] L3  |      3444.57 |  1279506 |       639275 |     640231 |  36848
[OZONEDB-SST-PROFILE] L4  |      3092.61 |  1205427 |       602047 |     603380 |  28959
[OZONEDB-SST-PROFILE] L5  |      2679.39 |  1147997 |       573596 |     574401 |  23468
[OZONEDB-SST-PROFILE] L6  |      2500.94 |  1101268 |       550314 |     550954 |  20113
[OZONEDB-SST-PROFILE] L7  |     20915.64 |  2026343 |           55 |    2026288 | 123623
[OZONEDB-TBL-PROFILE] file_filter_reject=10715389  block_filter_reject=111055  index_invalid=0  block_read_more=413848  hit_from_cache=320470  miss_after_read=1276  found=733042
2026-04-29 15:38:48:564 90 sec: 1891884 operations; 171.05 current ops/sec; [READ: Count=6, Max=88, Min=10, Avg=23.83, 90=88, 99=88, 99.9=88, 99.99=88] [CLEANUP: Count=1, Max=74175, Min=74112, Avg=74144, 90=74175, 99=74175, 99.9=74175, 99.99=74175] [INSERT: Count=1, Max=233, Min=233, Avg=233, 90=233, 99=233, 99.9=233, 99.99=233] [READ-FAILED: Count=0, Max=0, Min=0, Avg=0, 90=0, 99=0, 99.9=0, 99.99=0] 
[OVERALL], RunTime(ms), 90076
[OVERALL], Throughput(ops/sec), 21003.197300057727
[TOTAL_GCS_PS_Scavenge], Count, 9
[TOTAL_GC_TIME_PS_Scavenge], Time(ms), 33
[TOTAL_GC_TIME_%_PS_Scavenge], Time(%), 0.03663572982814512
[TOTAL_GCS_PS_MarkSweep], Count, 0
[TOTAL_GC_TIME_PS_MarkSweep], Time(ms), 0
[TOTAL_GC_TIME_%_PS_MarkSweep], Time(%), 0.0
[TOTAL_GCs], Count, 9
[TOTAL_GC_TIME], Time(ms), 33
[TOTAL_GC_TIME_%], Time(%), 0.03663572982814512
[READ], Operations, 1390062
[READ], AverageLatency(us), 33.09490152237814
[READ], MinLatency(us), 4
[READ], MaxLatency(us), 48287
[READ], 95thPercentileLatency(us), 109
[READ], 99thPercentileLatency(us), 134
[READ], Return=OK, 1390062
[READ], Return=NOT_FOUND, 407229
[CLEANUP], Operations, 1
[CLEANUP], AverageLatency(us), 74144.0
[CLEANUP], MinLatency(us), 74112
[CLEANUP], MaxLatency(us), 74175
[CLEANUP], 95thPercentileLatency(us), 74175
[CLEANUP], 99thPercentileLatency(us), 74175
[INSERT], Operations, 94593
[INSERT], AverageLatency(us), 204.92721448732993
[INSERT], MinLatency(us), 141
[INSERT], MaxLatency(us), 93695
[INSERT], 95thPercentileLatency(us), 220
[INSERT], 99thPercentileLatency(us), 300
[INSERT], Return=OK, 94593
[READ-FAILED], Operations, 407229
[READ-FAILED], AverageLatency(us), 54.2709188196322
[READ-FAILED], MinLatency(us), 30
[READ-FAILED], MaxLatency(us), 2345
[READ-FAILED], 95thPercentileLatency(us), 69
[READ-FAILED], 99thPercentileLatency(us), 77
	Command being timed: "/usr/lib/jvm/java-8-openjdk-amd64/bin/java -cp /users/Xinying/ozonedb/ycsb/ozonedb/conf:/users/Xinying/ozonedb/ycsb/ozonedb/target/ozonedb-binding-0.18.0-SNAPSHOT.jar:/users/Xinying/.m2/repository/org/apache/htrace/htrace-core4/4.1.0-incubating/htrace-core4-4.1.0-incubating.jar:/users/Xinying/.m2/repository/org/slf4j/slf4j-api/1.7.25/slf4j-api-1.7.25.jar:/users/Xinying/.m2/repository/org/hdrhistogram/HdrHistogram/2.1.12/HdrHistogram-2.1.12.jar:/users/Xinying/.m2/repository/ch/qos/logback/logback-classic/1.2.3/logback-classic-1.2.3.jar:/users/Xinying/.m2/repository/ozonedbjnimaven/demoproc-jni/1.0/demoproc-jni-1.0.jar:/users/Xinying/.m2/repository/ch/qos/logback/logback-core/1.2.3/logback-core-1.2.3.jar:/users/Xinying/.m2/repository/org/codehaus/jackson/jackson-mapper-asl/1.9.4/jackson-mapper-asl-1.9.4.jar:/users/Xinying/.m2/repository/org/slf4j/slf4j-simple/1.7.25/slf4j-simple-1.7.25.jar:/users/Xinying/.m2/repository/org/codehaus/jackson/jackson-core-asl/1.9.4/jackson-core-asl-1.9.4.jar:/users/Xinying/ozonedb/ycsb/core/target/core-0.18.0-SNAPSHOT.jar site.ycsb.Client -db site.ycsb.db.OzoneDBClient -threads 1 -s -P /users/Xinying/ozonedb/ycsb/workloads/generated_workloads/workloadd_1KB_1000000_1000000 -p status.interval=1 -p maxexecutiontime=90 -p operationcount=0 -p shared_config=/tmp/phase1_ozonedb_configs/shared_config_SHARED_workloadd_p8_r1_proc4.json -t"
	User time (seconds): 58.20
	System time (seconds): 26.08
	Percent of CPU this job got: 91%
	Elapsed (wall clock) time (h:mm:ss or m:ss): 1:31.70
	Average shared text size (kbytes): 0
	Average unshared data size (kbytes): 0
	Average stack size (kbytes): 0
	Average total size (kbytes): 0
	Maximum resident set size (kbytes): 4244424
	Average resident set size (kbytes): 0
	Major (requiring I/O) page faults: 459
	Minor (reclaiming a frame) page faults: 1066468
	Voluntary context switches: 227214
	Involuntary context switches: 1109
	Swaps: 0
	File system inputs: 8433256
	File system outputs: 217621
	Socket messages sent: 0
	Socket messages received: 0
	Signals delivered: 0
	Page size (bytes): 4096
	Exit status: 0
