# CMD: /usr/bin/time -v /usr/lib/jvm/java-8-openjdk-amd64/bin/java -cp /users/Xinying/ozonedb/ycsb/ozonedb/conf:/users/Xinying/ozonedb/ycsb/ozonedb/target/ozonedb-binding-0.18.0-SNAPSHOT.jar:/users/Xinying/.m2/repository/org/apache/htrace/htrace-core4/4.1.0-incubating/htrace-core4-4.1.0-incubating.jar:/users/Xinying/.m2/repository/org/slf4j/slf4j-api/1.7.25/slf4j-api-1.7.25.jar:/users/Xinying/.m2/repository/org/hdrhistogram/HdrHistogram/2.1.12/HdrHistogram-2.1.12.jar:/users/Xinying/.m2/repository/ch/qos/logback/logback-classic/1.2.3/logback-classic-1.2.3.jar:/users/Xinying/.m2/repository/ozonedbjnimaven/demoproc-jni/1.0/demoproc-jni-1.0.jar:/users/Xinying/.m2/repository/ch/qos/logback/logback-core/1.2.3/logback-core-1.2.3.jar:/users/Xinying/.m2/repository/org/codehaus/jackson/jackson-mapper-asl/1.9.4/jackson-mapper-asl-1.9.4.jar:/users/Xinying/.m2/repository/org/slf4j/slf4j-simple/1.7.25/slf4j-simple-1.7.25.jar:/users/Xinying/.m2/repository/org/codehaus/jackson/jackson-core-asl/1.9.4/jackson-core-asl-1.9.4.jar:/users/Xinying/ozonedb/ycsb/core/target/core-0.18.0-SNAPSHOT.jar site.ycsb.Client -db site.ycsb.db.OzoneDBClient -threads 1 -s -P /users/Xinying/ozonedb/ycsb/workloads/generated_workloads/workloadd_1KB_1000000_1000000 -p status.interval=1 -p maxexecutiontime=90 -p operationcount=0 -p shared_config=/tmp/phase1_ozonedb_configs/shared_config_SHARED_workloadd_p16_r1_proc11.json -t
# shared_work_path=/tank/ycsb_data/multi-proc-run/shared_ozonedb  proc_id=11/16
Command line: -db site.ycsb.db.OzoneDBClient -threads 1 -s -P /users/Xinying/ozonedb/ycsb/workloads/generated_workloads/workloadd_1KB_1000000_1000000 -p status.interval=1 -p maxexecutiontime=90 -p operationcount=0 -p shared_config=/tmp/phase1_ozonedb_configs/shared_config_SHARED_workloadd_p16_r1_proc11.json -t
YCSB Client 0.18.0-SNAPSHOT

Loading workload...
Starting test.
SLF4J: Class path contains multiple SLF4J bindings.
SLF4J: Found binding in [jar:file:/users/Xinying/.m2/repository/ch/qos/logback/logback-classic/1.2.3/logback-classic-1.2.3.jar!/org/slf4j/impl/StaticLoggerBinder.class]
SLF4J: Found binding in [jar:file:/users/Xinying/.m2/repository/org/slf4j/slf4j-simple/1.7.25/slf4j-simple-1.7.25.jar!/org/slf4j/impl/StaticLoggerBinder.class]
SLF4J: See http://www.slf4j.org/codes.html#multiple_bindings for an explanation.
SLF4J: Actual binding is of type [ch.qos.logback.classic.util.ContextSelectorStaticBinder]
Maximum execution time specified as: 90 secs
2026-04-29 15:38:57:130 0 sec: 0 operations; 
Starting compaction watcher
DBWrapper: report latency for each error is false and specific error codes to track for latency are: []
2026-04-29 15:38:58:130 1 sec: 7037 operations; 7029.97 current ops/sec; [READ: Count=5659, Max=59263, Min=4, Avg=66.24, 90=108, 99=224, 99.9=7043, 99.99=59263] [INSERT: Count=386, Max=16815, Min=180, Avg=512.07, 90=390, 99=10695, 99.9=16815, 99.99=16815] [READ-FAILED: Count=1005, Max=4547, Min=37, Avg=71.47, 90=77, 99=138, 99.9=3643, 99.99=4547] 
2026-04-29 15:38:58:739 - NewTail completed: 
2026-04-29 15:38:59:130 2 sec: 25073 operations; 18054.05 current ops/sec; [READ: Count=14362, Max=15343, Min=4, Avg=39.95, 90=99, 99=176, 99.9=853, 99.99=4739] [INSERT: Count=848, Max=4049, Min=160, Avg=248.31, 90=289, 99=1044, 99.9=4049, 99.99=4049] [READ-FAILED: Count=2842, Max=1889, Min=32, Avg=54.94, 90=69, 99=91, 99.9=201, 99.99=1889] 
2026-04-29 15:39:00:130 3 sec: 45000 operations; 19927 current ops/sec; [READ: Count=15900, Max=5063, Min=4, Avg=36.58, 90=97, 99=166, 99.9=401, 99.99=4955] [INSERT: Count=926, Max=1890, Min=162, Avg=228.99, 90=269, 99=347, 99.9=1890, 99.99=1890] [READ-FAILED: Count=3089, Max=210, Min=32, Avg=53.86, 90=70, 99=97, 99.9=162, 99.99=210] 
2026-04-29 15:39:01:130 4 sec: 64557 operations; 19557 current ops/sec; [READ: Count=17891, Max=6255, Min=4, Avg=36.34, 90=99, 99=185, 99.9=510, 99.99=5315] [INSERT: Count=992, Max=43999, Min=158, Avg=272.31, 90=275, 99=370, 99.9=43999, 99.99=43999] [READ-FAILED: Count=674, Max=313, Min=33, Avg=61.11, 90=80, 99=111, 99.9=313, 99.99=313] 
2026-04-29 15:39:02:130 5 sec: 83399 operations; 18842 current ops/sec; [READ: Count=16016, Max=3945, Min=4, Avg=40, 90=99, 99=182, 99.9=401, 99.99=3189] [INSERT: Count=988, Max=632, Min=162, Avg=226.04, 90=268, 99=341, 99.9=632, 99.99=632] [READ-FAILED: Count=1833, Max=202, Min=35, Avg=57.35, 90=74, 99=95, 99.9=174, 99.99=202] 
2026-04-29 15:39:03:130 6 sec: 99076 operations; 15677 current ops/sec; [READ: Count=12272, Max=3303, Min=4, Avg=38.84, 90=101, 99=166, 99.9=309, 99.99=3161] [INSERT: Count=806, Max=121855, Min=158, Avg=426.19, 90=493, 99=957, 99.9=121855, 99.99=121855] [READ-FAILED: Count=2613, Max=224, Min=33, Avg=59.01, 90=77, 99=97, 99.9=180, 99.99=224] 
2026-04-29 15:39:04:130 7 sec: 118760 operations; 19684 current ops/sec; [READ: Count=16371, Max=3251, Min=4, Avg=37.1, 90=101, 99=171, 99.9=281, 99.99=3167] [INSERT: Count=963, Max=10095, Min=163, Avg=236.43, 90=274, 99=385, 99.9=10095, 99.99=10095] [READ-FAILED: Count=2341, Max=202, Min=34, Avg=56.58, 90=74, 99=96, 99.9=184, 99.99=202] 
2026-04-29 15:39:05:130 8 sec: 136660 operations; 17900 current ops/sec; [READ: Count=15161, Max=3551, Min=4, Avg=39.37, 90=104, 99=182, 99.9=344, 99.99=3447] [INSERT: Count=933, Max=31951, Min=160, Avg=280.86, 90=294, 99=1051, 99.9=31951, 99.99=31951] [READ-FAILED: Count=1812, Max=245, Min=35, Avg=61.68, 90=80, 99=105, 99.9=193, 99.99=245] 
2026-04-29 15:39:06:130 9 sec: 157477 operations; 20817 current ops/sec; [READ: Count=16329, Max=7163, Min=5, Avg=35.1, 90=90, 99=144, 99.9=322, 99.99=3773] [INSERT: Count=1038, Max=2335, Min=149, Avg=210.45, 90=252, 99=330, 99.9=918, 99.99=2335] [READ-FAILED: Count=3448, Max=333, Min=34, Avg=51.96, 90=62, 99=77, 99.9=179, 99.99=333] 
2026-04-29 15:39:07:130 10 sec: 175826 operations; 18349 current ops/sec; [READ: Count=14822, Max=3399, Min=5, Avg=37.7, 90=104, 99=174, 99.9=301, 99.99=3267] [INSERT: Count=917, Max=49695, Min=163, Avg=290.14, 90=285, 99=433, 99.9=49695, 99.99=49695] [READ-FAILED: Count=2602, Max=1075, Min=34, Avg=56.72, 90=73, 99=97, 99.9=214, 99.99=1075] 
2026-04-29 15:39:08:130 11 sec: 193602 operations; 17776 current ops/sec; [READ: Count=13287, Max=3205, Min=5, Avg=34.23, 90=92, 99=145, 99.9=275, 99.99=3127] [INSERT: Count=881, Max=112319, Min=158, Avg=377.27, 90=319, 99=1045, 99.9=112319, 99.99=112319] [READ-FAILED: Count=3610, Max=317, Min=34, Avg=53.06, 90=65, 99=89, 99.9=191, 99.99=317] 
2026-04-29 15:39:09:130 12 sec: 213299 operations; 19697 current ops/sec; [READ: Count=16990, Max=28863, Min=5, Avg=36.03, 90=96, 99=171, 99.9=315, 99.99=3245] [INSERT: Count=963, Max=48639, Min=162, Avg=276.56, 90=256, 99=331, 99.9=48639, 99.99=48639] [READ-FAILED: Count=1741, Max=178, Min=36, Avg=56.14, 90=72, 99=92, 99.9=172, 99.99=178] 
2026-04-29 15:39:10:130 13 sec: 233166 operations; 19867 current ops/sec; [READ: Count=15659, Max=3481, Min=5, Avg=37, 90=101, 99=168, 99.9=371, 99.99=3249] [INSERT: Count=977, Max=452, Min=162, Avg=218.67, 90=265, 99=339, 99.9=452, 99.99=452] [READ-FAILED: Count=3225, Max=292, Min=35, Avg=56.78, 90=73, 99=97, 99.9=178, 99.99=292] 
2026-04-29 15:39:10:256 - NewTail completed: 
2026-04-29 15:39:11:130 14 sec: 252542 operations; 19376 current ops/sec; [READ: Count=13967, Max=3661, Min=5, Avg=37.57, 90=98, 99=152, 99.9=372, 99.99=3385] [INSERT: Count=989, Max=866, Min=153, Avg=211.96, 90=258, 99=346, 99.9=866, 99.99=866] [READ-FAILED: Count=4414, Max=335, Min=35, Avg=54.58, 90=66, 99=86, 99.9=167, 99.99=335] 
2026-04-29 15:39:12:059 - NewTail completed: 
2026-04-29 15:39:12:060 - Compaction started: 
2026-04-29 15:39:12:130 15 sec: 272299 operations; 19757 current ops/sec; [READ: Count=15583, Max=5083, Min=5, Avg=36.24, 90=100, 99=165, 99.9=270, 99.99=3591] [INSERT: Count=978, Max=3979, Min=147, Avg=231.28, 90=264, 99=478, 99.9=3979, 99.99=3979] [READ-FAILED: Count=3207, Max=2503, Min=34, Avg=58.54, 90=75, 99=98, 99.9=205, 99.99=2503] 
140057256023616:Compacting datalog/41 datalog/42 into:sstable1/647792bf-1f5a-4b2e-8363-e7803b4dbd86202604290938571777477152199245693.sst
2026-04-29 15:39:12:227 - Compaction completed: 
2026-04-29 15:39:13:130 16 sec: 289772 operations; 17455.54 current ops/sec; [READ: Count=15492, Max=3435, Min=5, Avg=36.61, 90=99, 99=179, 99.9=350, 99.99=3367] [INSERT: Count=849, Max=103039, Min=163, Avg=402.8, 90=475, 99=1158, 99.9=103039, 99.99=103039] [READ-FAILED: Count=1133, Max=904, Min=38, Avg=62.14, 90=80, 99=107, 99.9=257, 99.99=904] 
2026-04-29 15:39:14:130 17 sec: 309250 operations; 19497.5 current ops/sec; [READ: Count=14823, Max=3361, Min=5, Avg=34.86, 90=92, 99=148, 99.9=281, 99.99=3017] [INSERT: Count=1010, Max=50687, Min=157, Avg=262.68, 90=255, 99=324, 99.9=660, 99.99=50687] [READ-FAILED: Count=3650, Max=440, Min=36, Avg=53.74, 90=65, 99=91, 99.9=173, 99.99=440] 
2026-04-29 15:39:15:130 18 sec: 329491 operations; 20241 current ops/sec; [READ: Count=15708, Max=4089, Min=5, Avg=35.95, 90=99, 99=164, 99.9=274, 99.99=3323] [INSERT: Count=1010, Max=1816, Min=159, Avg=216.71, 90=265, 99=342, 99.9=406, 99.99=1816] [READ-FAILED: Count=3516, Max=188, Min=32, Avg=54.79, 90=71, 99=91, 99.9=171, 99.99=188] 
2026-04-29 15:39:16:130 19 sec: 347101 operations; 17610 current ops/sec; [READ: Count=14484, Max=6671, Min=5, Avg=39.95, 90=109, 99=197, 99.9=448, 99.99=3673] [INSERT: Count=902, Max=51231, Min=158, Avg=295.01, 90=278, 99=386, 99.9=51231, 99.99=51231] [READ-FAILED: Count=2219, Max=182, Min=34, Avg=59.91, 90=83, 99=111, 99.9=173, 99.99=182] 
2026-04-29 15:39:17:130 20 sec: 368913 operations; 21812 current ops/sec; [READ: Count=18326, Max=3705, Min=5, Avg=34.2, 90=90, 99=160, 99.9=327, 99.99=3303] [INSERT: Count=1021, Max=379, Min=158, Avg=209.72, 90=250, 99=308, 99.9=348, 99.99=379] [READ-FAILED: Count=2469, Max=171, Min=36, Avg=54.67, 90=65, 99=77, 99.9=100, 99.99=171] 
2026-04-29 15:39:18:130 21 sec: 385394 operations; 16481 current ops/sec; [READ: Count=12523, Max=3575, Min=5, Avg=34.92, 90=91, 99=148, 99.9=347, 99.99=3329] [INSERT: Count=833, Max=101439, Min=162, Avg=449.35, 90=506, 99=1105, 99.9=101439, 99.99=101439] [READ-FAILED: Count=3134, Max=182, Min=37, Avg=54.27, 90=64, 99=78, 99.9=123, 99.99=182] 
2026-04-29 15:39:19:130 22 sec: 405058 operations; 19664 current ops/sec; [READ: Count=16327, Max=3285, Min=5, Avg=37.11, 90=104, 99=175, 99.9=304, 99.99=3123] [INSERT: Count=984, Max=2335, Min=154, Avg=223.65, 90=269, 99=362, 99.9=2335, 99.99=2335] [READ-FAILED: Count=2340, Max=343, Min=37, Avg=64.04, 90=80, 99=98, 99.9=208, 99.99=343] 
2026-04-29 15:39:19:671 - NewTail completed: 
2026-04-29 15:39:19:673 - Compaction started: 
140057256023616:Compacting datalog/45 datalog/46 into:sstable1/647792bf-1f5a-4b2e-8363-e7803b4dbd86202604290938571777477159800264664.sst
2026-04-29 15:39:19:827 - Compaction completed: 
2026-04-29 15:39:20:130 23 sec: 424781 operations; 19723 current ops/sec; [READ: Count=15292, Max=3793, Min=5, Avg=37.25, 90=99, 99=164, 99.9=328, 99.99=3663] [INSERT: Count=1032, Max=1881, Min=145, Avg=206.63, 90=252, 99=332, 99.9=1082, 99.99=1881] [READ-FAILED: Count=3400, Max=3155, Min=36, Avg=57.02, 90=71, 99=93, 99.9=145, 99.99=3155] 
2026-04-29 15:39:21:130 24 sec: 445057 operations; 20276 current ops/sec; [READ: Count=14610, Max=3821, Min=5, Avg=36.36, 90=91, 99=138, 99.9=248, 99.99=3773] [INSERT: Count=982, Max=548, Min=152, Avg=199.28, 90=240, 99=301, 99.9=548, 99.99=548] [READ-FAILED: Count=4683, Max=329, Min=35, Avg=53.46, 90=63, 99=80, 99.9=159, 99.99=329] 
2026-04-29 15:39:22:130 25 sec: 464617 operations; 19560 current ops/sec; [READ: Count=15476, Max=3595, Min=5, Avg=34.96, 90=95, 99=158, 99.9=282, 99.99=3521] [INSERT: Count=962, Max=47007, Min=161, Avg=265.95, 90=263, 99=333, 99.9=47007, 99.99=47007] [READ-FAILED: Count=3124, Max=207, Min=36, Avg=57.96, 90=76, 99=99, 99.9=166, 99.99=207] 
2026-04-29 15:39:23:130 26 sec: 481699 operations; 17082 current ops/sec; [READ: Count=13704, Max=3719, Min=5, Avg=38.2, 90=105, 99=179, 99.9=333, 99.99=3401] [INSERT: Count=843, Max=102911, Min=162, Avg=357.54, 90=269, 99=790, 99.9=102911, 99.99=102911] [READ-FAILED: Count=2534, Max=202, Min=32, Avg=60.81, 90=79, 99=100, 99.9=188, 99.99=202] 
2026-04-29 15:39:23:473 - NewTail completed: 
2026-04-29 15:39:24:130 27 sec: 500712 operations; 19013 current ops/sec; [READ: Count=15284, Max=3739, Min=5, Avg=37.43, 90=99, 99=173, 99.9=302, 99.99=3701] [INSERT: Count=973, Max=1376, Min=160, Avg=249.14, 90=296, 99=923, 99.9=1376, 99.99=1376] [READ-FAILED: Count=2762, Max=304, Min=36, Avg=59.34, 90=76, 99=101, 99.9=198, 99.99=304] 
2026-04-29 15:39:25:130 28 sec: 519752 operations; 19040 current ops/sec; [READ: Count=15910, Max=4431, Min=5, Avg=39.26, 90=108, 99=179, 99.9=290, 99.99=3363] [INSERT: Count=945, Max=483, Min=160, Avg=223.79, 90=268, 99=352, 99.9=483, 99.99=483] [READ-FAILED: Count=2176, Max=238, Min=35, Avg=64.69, 90=84, 99=105, 99.9=175, 99.99=238] 
2026-04-29 15:39:26:130 29 sec: 538943 operations; 19191 current ops/sec; [READ: Count=16451, Max=3465, Min=5, Avg=37.47, 90=106, 99=180, 99.9=279, 99.99=3175] [INSERT: Count=977, Max=25903, Min=152, Avg=254.36, 90=272, 99=342, 99.9=25903, 99.99=25903] [READ-FAILED: Count=1768, Max=196, Min=37, Avg=63.68, 90=85, 99=103, 99.9=175, 99.99=196] 
2026-04-29 15:39:27:130 30 sec: 558445 operations; 19502 current ops/sec; [READ: Count=15094, Max=3933, Min=5, Avg=36.82, 90=101, 99=164, 99.9=288, 99.99=3637] [INSERT: Count=986, Max=1795, Min=159, Avg=224.48, 90=263, 99=371, 99.9=1795, 99.99=1795] [READ-FAILED: Count=3419, Max=266, Min=36, Avg=58.6, 90=74, 99=97, 99.9=195, 99.99=266] 
2026-04-29 15:39:28:130 31 sec: 577296 operations; 18851 current ops/sec; [READ: Count=15871, Max=3605, Min=5, Avg=37.46, 90=98, 99=165, 99.9=345, 99.99=3559] [INSERT: Count=940, Max=45567, Min=153, Avg=260.52, 90=254, 99=320, 99.9=45567, 99.99=45567] [READ-FAILED: Count=2035, Max=109, Min=39, Avg=61.85, 90=76, 99=93, 99.9=102, 99.99=109] 
2026-04-29 15:39:29:130 32 sec: 593919 operations; 16623 current ops/sec; [READ: Count=13560, Max=3439, Min=5, Avg=38.74, 90=104, 99=171, 99.9=280, 99.99=3355] [INSERT: Count=798, Max=107839, Min=152, Avg=406.16, 90=361, 99=1181, 99.9=107839, 99.99=107839] [READ-FAILED: Count=2266, Max=217, Min=38, Avg=63.77, 90=83, 99=104, 99.9=189, 99.99=217] 
2026-04-29 15:39:30:130 33 sec: 613068 operations; 19149 current ops/sec; [READ: Count=14967, Max=3489, Min=5, Avg=37.04, 90=100, 99=162, 99.9=385, 99.99=3439] [INSERT: Count=967, Max=21871, Min=156, Avg=239.55, 90=259, 99=336, 99.9=21871, 99.99=21871] [READ-FAILED: Count=3221, Max=304, Min=38, Avg=59.73, 90=76, 99=101, 99.9=173, 99.99=304] 
2026-04-29 15:39:31:130 34 sec: 631638 operations; 18570 current ops/sec; [READ: Count=13966, Max=3439, Min=5, Avg=39.69, 90=106, 99=167, 99.9=283, 99.99=3325] [INSERT: Count=946, Max=804, Min=157, Avg=214.76, 90=259, 99=330, 99.9=804, 99.99=804] [READ-FAILED: Count=3653, Max=199, Min=39, Avg=60.16, 90=76, 99=96, 99.9=129, 99.99=199] 
2026-04-29 15:39:32:130 35 sec: 651267 operations; 19629 current ops/sec; [READ: Count=16865, Max=3467, Min=5, Avg=36.54, 90=98, 99=171, 99.9=352, 99.99=3347] [INSERT: Count=991, Max=49311, Min=156, Avg=259.82, 90=254, 99=314, 99.9=49311, 99.99=49311] [READ-FAILED: Count=1785, Max=170, Min=39, Avg=58.64, 90=72, 99=98, 99.9=167, 99.99=170] 
2026-04-29 15:39:33:130 36 sec: 671322 operations; 20055 current ops/sec; [READ: Count=15427, Max=3219, Min=6, Avg=35.19, 90=92, 99=140, 99.9=224, 99.99=3003] [INSERT: Count=939, Max=47295, Min=148, Avg=244.84, 90=233, 99=307, 99.9=47295, 99.99=47295] [READ-FAILED: Count=3679, Max=183, Min=38, Avg=55.64, 90=65, 99=76, 99.9=88, 99.99=183] 
2026-04-29 15:39:34:130 37 sec: 688136 operations; 16814 current ops/sec; [READ: Count=13346, Max=3413, Min=6, Avg=37.5, 90=101, 99=167, 99.9=268, 99.99=3299] [INSERT: Count=871, Max=100223, Min=156, Avg=369.5, 90=344, 99=965, 99.9=100223, 99.99=100223] [READ-FAILED: Count=2601, Max=193, Min=40, Avg=60.83, 90=76, 99=98, 99.9=123, 99.99=193] 
2026-04-29 15:39:35:130 38 sec: 706503 operations; 18367 current ops/sec; [READ: Count=15695, Max=3179, Min=6, Avg=38.89, 90=110, 99=184, 99.9=402, 99.99=2979] [INSERT: Count=907, Max=48671, Min=157, Avg=273.18, 90=264, 99=341, 99.9=48671, 99.99=48671] [READ-FAILED: Count=1760, Max=182, Min=38, Avg=68.03, 90=87, 99=106, 99.9=179, 99.99=182] 
2026-04-29 15:39:36:130 39 sec: 726260 operations; 19757 current ops/sec; [READ: Count=15870, Max=3693, Min=6, Avg=37.46, 90=96, 99=159, 99.9=337, 99.99=3335] [INSERT: Count=996, Max=5127, Min=154, Avg=214.98, 90=246, 99=310, 99.9=5127, 99.99=5127] [READ-FAILED: Count=2892, Max=210, Min=39, Avg=58.63, 90=71, 99=93, 99.9=184, 99.99=210] 
2026-04-29 15:39:36:995 - NewTail completed: 
2026-04-29 15:39:37:130 40 sec: 745179 operations; 18919 current ops/sec; [READ: Count=14437, Max=3629, Min=6, Avg=39.18, 90=105, 99=170, 99.9=267, 99.99=3507] [INSERT: Count=914, Max=1179, Min=150, Avg=206.85, 90=246, 99=307, 99.9=1179, 99.99=1179] [READ-FAILED: Count=3574, Max=186, Min=35, Avg=62.46, 90=81, 99=103, 99.9=167, 99.99=186] 
2026-04-29 15:39:38:130 41 sec: 764920 operations; 19741 current ops/sec; [READ: Count=15264, Max=3237, Min=6, Avg=36.62, 90=97, 99=152, 99.9=261, 99.99=3071] [INSERT: Count=939, Max=6371, Min=164, Avg=225.48, 90=251, 99=321, 99.9=6371, 99.99=6371] [READ-FAILED: Count=3533, Max=173, Min=39, Avg=58.66, 90=70, 99=89, 99.9=131, 99.99=173] 
2026-04-29 15:39:38:996 - NewTail completed: 
2026-04-29 15:39:39:130 42 sec: 783082 operations; 18143.86 current ops/sec; [READ: Count=14592, Max=3143, Min=6, Avg=34.87, 90=96, 99=153, 99.9=257, 99.99=2895] [INSERT: Count=889, Max=99519, Min=151, Avg=351.22, 90=295, 99=928, 99.9=99519, 99.99=99519] [READ-FAILED: Count=2682, Max=625, Min=39, Avg=59.08, 90=71, 99=92, 99.9=173, 99.99=625] 
2026-04-29 15:39:40:130 43 sec: 801206 operations; 18142.14 current ops/sec; [READ: Count=14776, Max=2985, Min=6, Avg=41.74, 90=108, 99=179, 99.9=385, 99.99=2925] [INSERT: Count=908, Max=9511, Min=151, Avg=219.16, 90=255, 99=341, 99.9=9511, 99.99=9511] [READ-FAILED: Count=2439, Max=323, Min=41, Avg=66.65, 90=87, 99=112, 99.9=206, 99.99=323] 
2026-04-29 15:39:41:130 44 sec: 820072 operations; 18866 current ops/sec; [READ: Count=16441, Max=3261, Min=6, Avg=38.76, 90=107, 99=181, 99.9=304, 99.99=3215] [INSERT: Count=930, Max=29807, Min=152, Avg=258.48, 90=263, 99=366, 99.9=29807, 99.99=29807] [READ-FAILED: Count=1492, Max=246, Min=40, Avg=67.16, 90=85, 99=110, 99.9=215, 99.99=246] 
2026-04-29 15:39:42:130 45 sec: 839144 operations; 19072 current ops/sec; [READ: Count=14325, Max=3347, Min=6, Avg=38.18, 90=99, 99=151, 99.9=333, 99.99=3331] [INSERT: Count=987, Max=610, Min=162, Avg=212.63, 90=252, 99=334, 99.9=610, 99.99=610] [READ-FAILED: Count=3762, Max=118, Min=41, Avg=58.86, 90=69, 99=83, 99.9=109, 99.99=118] 
2026-04-29 15:39:43:130 46 sec: 857435 operations; 18291 current ops/sec; [READ: Count=15928, Max=3237, Min=6, Avg=38.95, 90=107, 99=193, 99.9=375, 99.99=3061] [INSERT: Count=924, Max=49311, Min=158, Avg=280.75, 90=280, 99=364, 99.9=49311, 99.99=49311] [READ-FAILED: Count=1440, Max=202, Min=41, Avg=68.26, 90=94, 99=119, 99.9=164, 99.99=202] 
2026-04-29 15:39:44:130 47 sec: 873698 operations; 16263 current ops/sec; [READ: Count=13873, Max=3077, Min=6, Avg=39.72, 90=107, 99=181, 99.9=263, 99.99=3061] [INSERT: Count=797, Max=99071, Min=161, Avg=396.97, 90=436, 99=1045, 99.9=99071, 99.99=99071] [READ-FAILED: Count=1589, Max=144, Min=44, Avg=71.47, 90=92, 99=118, 99.9=140, 99.99=144] 
2026-04-29 15:39:45:130 48 sec: 893243 operations; 19545 current ops/sec; [READ: Count=17083, Max=3811, Min=6, Avg=36.46, 90=101, 99=178, 99.9=293, 99.99=3275] [INSERT: Count=952, Max=50559, Min=157, Avg=266.35, 90=259, 99=375, 99.9=50559, 99.99=50559] [READ-FAILED: Count=1511, Max=214, Min=41, Avg=67.16, 90=89, 99=117, 99.9=185, 99.99=214] 
2026-04-29 15:39:46:130 49 sec: 912077 operations; 18834 current ops/sec; [READ: Count=14430, Max=5735, Min=6, Avg=39.07, 90=102, 99=165, 99.9=359, 99.99=3375] [INSERT: Count=957, Max=386, Min=157, Avg=207.12, 90=246, 99=326, 99.9=386, 99.99=386] [READ-FAILED: Count=3447, Max=401, Min=41, Avg=62.68, 90=78, 99=113, 99.9=200, 99.99=401] 
2026-04-29 15:39:47:130 50 sec: 931178 operations; 19101 current ops/sec; [READ: Count=14714, Max=3241, Min=6, Avg=36.68, 90=97, 99=152, 99.9=306, 99.99=2967] [INSERT: Count=911, Max=41407, Min=156, Avg=250.81, 90=246, 99=328, 99.9=41407, 99.99=41407] [READ-FAILED: Count=3477, Max=193, Min=41, Avg=60.59, 90=72, 99=96, 99.9=111, 99.99=193] 
2026-04-29 15:39:48:130 51 sec: 949892 operations; 18714 current ops/sec; [READ: Count=14862, Max=3547, Min=6, Avg=40.14, 90=102, 99=169, 99.9=338, 99.99=3489] [INSERT: Count=916, Max=729, Min=153, Avg=209.51, 90=250, 99=312, 99.9=729, 99.99=729] [READ-FAILED: Count=2942, Max=343, Min=43, Avg=64.5, 90=78, 99=104, 99.9=229, 99.99=343] 
2026-04-29 15:39:49:130 52 sec: 964948 operations; 15056 current ops/sec; [READ: Count=11736, Max=3345, Min=6, Avg=39.87, 90=105, 99=177, 99.9=382, 99.99=3097] [INSERT: Count=759, Max=102271, Min=159, Avg=462.64, 90=367, 99=984, 99.9=102271, 99.99=102271] [READ-FAILED: Count=2559, Max=323, Min=43, Avg=63.68, 90=81, 99=109, 99.9=195, 99.99=323] 
2026-04-29 15:39:50:130 53 sec: 983511 operations; 18563 current ops/sec; [READ: Count=13444, Max=3783, Min=6, Avg=39.16, 90=99, 99=148, 99.9=281, 99.99=3275] [INSERT: Count=990, Max=343, Min=158, Avg=207.11, 90=244, 99=306, 99.9=343, 99.99=343] [READ-FAILED: Count=4125, Max=183, Min=42, Avg=60, 90=71, 99=87, 99.9=119, 99.99=183] 
2026-04-29 15:39:50:807 - NewTail completed: 
2026-04-29 15:39:51:130 54 sec: 1000814 operations; 17303 current ops/sec; [READ: Count=13832, Max=3321, Min=6, Avg=43.61, 90=116, 99=197, 99.9=305, 99.99=3247] [INSERT: Count=870, Max=1614, Min=164, Avg=225.5, 90=270, 99=342, 99.9=1614, 99.99=1614] [READ-FAILED: Count=2608, Max=296, Min=44, Avg=68.64, 90=91, 99=119, 99.9=220, 99.99=296] 
2026-04-29 15:39:52:130 55 sec: 1018864 operations; 18050 current ops/sec; [READ: Count=14520, Max=3101, Min=6, Avg=41.88, 90=107, 99=170, 99.9=241, 99.99=2759] [INSERT: Count=890, Max=355, Min=161, Avg=215.52, 90=255, 99=314, 99.9=355, 99.99=355] [READ-FAILED: Count=2634, Max=333, Min=42, Avg=67.91, 90=88, 99=110, 99.9=175, 99.99=333] 
2026-04-29 15:39:52:813 - NewTail completed: 
2026-04-29 15:39:53:130 56 sec: 1038252 operations; 19388 current ops/sec; [READ: Count=15140, Max=3165, Min=6, Avg=37.67, 90=100, 99=149, 99.9=319, 99.99=3073] [INSERT: Count=958, Max=7535, Min=161, Avg=215.06, 90=240, 99=319, 99.9=7535, 99.99=7535] [READ-FAILED: Count=3293, Max=190, Min=43, Avg=61.43, 90=73, 99=86, 99.9=123, 99.99=190] 
2026-04-29 15:39:54:130 57 sec: 1053574 operations; 15322 current ops/sec; [READ: Count=12107, Max=2673, Min=6, Avg=41.53, 90=112, 99=179, 99.9=274, 99.99=2641] [INSERT: Count=775, Max=99839, Min=154, Avg=402.37, 90=405, 99=1193, 99.9=99839, 99.99=99839] [READ-FAILED: Count=2442, Max=283, Min=44, Avg=68.39, 90=88, 99=113, 99.9=197, 99.99=283] 
2026-04-29 15:39:55:130 58 sec: 1072753 operations; 19179 current ops/sec; [READ: Count=14349, Max=3223, Min=6, Avg=37.39, 90=98, 99=146, 99.9=227, 99.99=3189] [INSERT: Count=920, Max=15503, Min=153, Avg=220.22, 90=243, 99=305, 99.9=15503, 99.99=15503] [READ-FAILED: Count=3905, Max=315, Min=43, Avg=61.37, 90=72, 99=86, 99.9=185, 99.99=315] 
2026-04-29 15:39:56:130 59 sec: 1090266 operations; 17513 current ops/sec; [READ: Count=14261, Max=3563, Min=6, Avg=43.18, 90=109, 99=179, 99.9=350, 99.99=2923] [INSERT: Count=867, Max=471, Min=164, Avg=219.49, 90=262, 99=325, 99.9=471, 99.99=471] [READ-FAILED: Count=2383, Max=247, Min=44, Avg=69.8, 90=91, 99=113, 99.9=184, 99.99=247] 
2026-04-29 15:39:57:130 60 sec: 1107353 operations; 17087 current ops/sec; [READ: Count=12857, Max=41567, Min=7, Avg=42.26, 90=99, 99=147, 99.9=306, 99.99=3505] [INSERT: Count=847, Max=46367, Min=164, Avg=269.24, 90=243, 99=316, 99.9=46367, 99.99=46367] [READ-FAILED: Count=3386, Max=334, Min=42, Avg=61.99, 90=74, 99=87, 99.9=161, 99.99=334] 
2026-04-29 15:39:58:130 61 sec: 1125701 operations; 18348 current ops/sec; [READ: Count=14729, Max=3225, Min=7, Avg=40.05, 90=106, 99=169, 99.9=283, 99.99=3131] [INSERT: Count=936, Max=4009, Min=161, Avg=225.39, 90=269, 99=346, 99.9=4009, 99.99=4009] [READ-FAILED: Count=2684, Max=201, Min=43, Avg=66.12, 90=83, 99=110, 99.9=142, 99.99=201] 
2026-04-29 15:39:59:118 - NewTail completed: 
2026-04-29 15:39:59:130 62 sec: 1141418 operations; 15717 current ops/sec; [READ: Count=12773, Max=3187, Min=7, Avg=41.53, 90=112, 99=182, 99.9=328, 99.99=3051] [INSERT: Count=762, Max=95039, Min=165, Avg=390.76, 90=346, 99=1131, 99.9=95039, 99.99=95039] [READ-FAILED: Count=2182, Max=194, Min=45, Avg=70.19, 90=88, 99=121, 99.9=183, 99.99=194] 
2026-04-29 15:40:00:130 63 sec: 1159221 operations; 17803 current ops/sec; [READ: Count=13921, Max=3513, Min=7, Avg=42.2, 90=105, 99=176, 99.9=354, 99.99=3177] [INSERT: Count=853, Max=703, Min=165, Avg=216.48, 90=263, 99=336, 99.9=703, 99.99=703] [READ-FAILED: Count=3028, Max=335, Min=44, Avg=68.37, 90=87, 99=121, 99.9=185, 99.99=335] 
2026-04-29 15:40:01:130 64 sec: 1177181 operations; 17942.06 current ops/sec; [READ: Count=16178, Max=3431, Min=7, Avg=43.47, 90=119, 99=205, 99.9=306, 99.99=2959] [INSERT: Count=892, Max=395, Min=165, Avg=230.69, 90=271, 99=348, 99.9=395, 99.99=395] [READ-FAILED: Count=889, Max=230, Min=47, Avg=77.63, 90=100, 99=123, 99.9=230, 99.99=230] 
2026-04-29 15:40:02:130 65 sec: 1195837 operations; 18674.67 current ops/sec; [READ: Count=15108, Max=3633, Min=7, Avg=37.74, 90=100, 99=158, 99.9=283, 99.99=3139] [INSERT: Count=922, Max=45567, Min=165, Avg=260.42, 90=250, 99=324, 99.9=45567, 99.99=45567] [READ-FAILED: Count=2630, Max=184, Min=45, Avg=64.23, 90=76, 99=99, 99.9=158, 99.99=184] 
2026-04-29 15:40:03:130 66 sec: 1213998 operations; 18161 current ops/sec; [READ: Count=13240, Max=3489, Min=7, Avg=40.15, 90=103, 99=149, 99.9=228, 99.99=2903] [INSERT: Count=931, Max=360, Min=158, Avg=205.48, 90=239, 99=301, 99.9=360, 99.99=360] [READ-FAILED: Count=3995, Max=339, Min=45, Avg=64.16, 90=76, 99=90, 99.9=125, 99.99=339] 
2026-04-29 15:40:04:130 67 sec: 1228887 operations; 14889 current ops/sec; [READ: Count=12286, Max=3397, Min=7, Avg=42.31, 90=108, 99=177, 99.9=426, 99.99=3083] [INSERT: Count=774, Max=96767, Min=160, Avg=430.82, 90=289, 99=1001, 99.9=96767, 99.99=96767] [READ-FAILED: Count=1825, Max=292, Min=47, Avg=70.83, 90=91, 99=119, 99.9=209, 99.99=292] 
2026-04-29 15:40:05:130 68 sec: 1246088 operations; 17201 current ops/sec; [READ: Count=13494, Max=3793, Min=7, Avg=42.3, 90=108, 99=170, 99.9=305, 99.99=3119] [INSERT: Count=884, Max=11279, Min=155, Avg=241.78, 90=266, 99=874, 99.9=11279, 99.99=11279] [READ-FAILED: Count=2819, Max=405, Min=46, Avg=69.13, 90=86, 99=112, 99.9=196, 99.99=405] 
2026-04-29 15:40:06:130 69 sec: 1263338 operations; 17250 current ops/sec; [READ: Count=12666, Max=3027, Min=7, Avg=40.08, 90=103, 99=154, 99.9=416, 99.99=2747] [INSERT: Count=873, Max=49343, Min=159, Avg=262.32, 90=242, 99=310, 99.9=49343, 99.99=49343] [READ-FAILED: Count=3709, Max=167, Min=46, Avg=65.67, 90=79, 99=100, 99.9=136, 99.99=167] 
2026-04-29 15:40:07:130 70 sec: 1279881 operations; 16543 current ops/sec; [READ: Count=13004, Max=5431, Min=7, Avg=45.95, 90=120, 99=202, 99.9=385, 99.99=3101] [INSERT: Count=844, Max=1263, Min=164, Avg=226.01, 90=267, 99=342, 99.9=1263, 99.99=1263] [READ-FAILED: Count=2698, Max=326, Min=46, Avg=70.71, 90=93, 99=121, 99.9=154, 99.99=326] 
2026-04-29 15:40:08:130 71 sec: 1298795 operations; 18914 current ops/sec; [READ: Count=16903, Max=3867, Min=7, Avg=38.37, 90=102, 99=182, 99.9=316, 99.99=3179] [INSERT: Count=916, Max=48895, Min=155, Avg=279.42, 90=260, 99=347, 99.9=48895, 99.99=48895] [READ-FAILED: Count=1089, Max=189, Min=47, Avg=67.09, 90=81, 99=104, 99.9=181, 99.99=189] 
2026-04-29 15:40:09:130 72 sec: 1315738 operations; 16943 current ops/sec; [READ: Count=13088, Max=3443, Min=7, Avg=41.13, 90=105, 99=159, 99.9=307, 99.99=3363] [INSERT: Count=844, Max=4175, Min=166, Avg=222.94, 90=254, 99=396, 99.9=4175, 99.99=4175] [READ-FAILED: Count=3011, Max=1547, Min=46, Avg=66.53, 90=79, 99=100, 99.9=188, 99.99=1547] 
2026-04-29 15:40:10:130 73 sec: 1330507 operations; 14769 current ops/sec; [READ: Count=11820, Max=3133, Min=7, Avg=45.3, 90=119, 99=190, 99.9=393, 99.99=2713] [INSERT: Count=757, Max=98623, Min=165, Avg=452.59, 90=401, 99=1331, 99.9=98623, 99.99=98623] [READ-FAILED: Count=2198, Max=197, Min=47, Avg=72.5, 90=93, 99=116, 99.9=136, 99.99=197] 
2026-04-29 15:40:11:130 74 sec: 1349621 operations; 19114 current ops/sec; [READ: Count=15362, Max=3181, Min=7, Avg=39.12, 90=104, 99=160, 99.9=296, 99.99=3079] [INSERT: Count=945, Max=343, Min=150, Avg=204.43, 90=247, 99=303, 99.9=343, 99.99=343] [READ-FAILED: Count=2804, Max=202, Min=46, Avg=65.78, 90=78, 99=100, 99.9=172, 99.99=202] 
2026-04-29 15:40:12:130 75 sec: 1366185 operations; 16564 current ops/sec; [READ: Count=12419, Max=2845, Min=7, Avg=42.44, 90=106, 99=165, 99.9=356, 99.99=2725] [INSERT: Count=857, Max=37567, Min=172, Avg=261.26, 90=258, 99=340, 99.9=37567, 99.99=37567] [READ-FAILED: Count=3294, Max=358, Min=48, Avg=69.88, 90=86, 99=113, 99.9=193, 99.99=358] 
2026-04-29 15:40:13:130 76 sec: 1384264 operations; 18079 current ops/sec; [READ: Count=15366, Max=2879, Min=7, Avg=42.65, 90=113, 99=190, 99.9=341, 99.99=2809] [INSERT: Count=873, Max=387, Min=164, Avg=219.82, 90=265, 99=325, 99.9=387, 99.99=387] [READ-FAILED: Count=1837, Max=229, Min=49, Avg=71.48, 90=92, 99=117, 99.9=172, 99.99=229] 
2026-04-29 15:40:14:130 77 sec: 1401007 operations; 16743 current ops/sec; [READ: Count=12341, Max=3109, Min=7, Avg=41.4, 90=104, 99=159, 99.9=416, 99.99=2947] [INSERT: Count=881, Max=49279, Min=165, Avg=267.32, 90=254, 99=329, 99.9=49279, 99.99=49279] [READ-FAILED: Count=3525, Max=218, Min=47, Avg=66.62, 90=79, 99=102, 99.9=153, 99.99=218] 
2026-04-29 15:40:15:130 78 sec: 1404722 operations; 3715 current ops/sec; [READ: Count=2923, Max=2757, Min=7, Avg=40.73, 90=106, 99=174, 99.9=447, 99.99=2757] [INSERT: Count=177, Max=98559, Min=168, Avg=4692.37, 90=7467, 99=11463, 99.9=98559, 99.99=98559] [READ-FAILED: Count=605, Max=313, Min=46, Avg=73.31, 90=92, 99=145, 99.9=313, 99.99=313] 
2026-04-29 15:40:16:130 79 sec: 1416866 operations; 12144 current ops/sec; [READ: Count=9431, Max=2671, Min=7, Avg=43.21, 90=113, 99=181, 99.9=394, 99.99=2671] [INSERT: Count=585, Max=6415, Min=163, Avg=727.44, 90=3139, 99=5623, 99.9=6415, 99.99=6415] [READ-FAILED: Count=2132, Max=202, Min=48, Avg=71.98, 90=88, 99=121, 99.9=172, 99.99=202] 
2026-04-29 15:40:17:130 80 sec: 1435085 operations; 18219 current ops/sec; [READ: Count=15733, Max=3183, Min=7, Avg=40.38, 90=108, 99=187, 99.9=347, 99.99=2635] [INSERT: Count=874, Max=43999, Min=160, Avg=263.37, 90=258, 99=327, 99.9=43999, 99.99=43999] [READ-FAILED: Count=1613, Max=194, Min=46, Avg=70.57, 90=91, 99=113, 99.9=191, 99.99=194] 
2026-04-29 15:40:18:130 81 sec: 1451976 operations; 16891 current ops/sec; [READ: Count=15195, Max=3069, Min=7, Avg=46.27, 90=122, 99=213, 99.9=325, 99.99=2995] [INSERT: Count=855, Max=9431, Min=161, Avg=235.5, 90=266, 99=326, 99.9=9431, 99.99=9431] [READ-FAILED: Count=839, Max=205, Min=53, Avg=83.77, 90=111, 99=138, 99.9=205, 99.99=205] 
2026-04-29 15:40:19:130 82 sec: 1471130 operations; 19154 current ops/sec; [READ: Count=17324, Max=3097, Min=7, Avg=38.31, 90=104, 99=188, 99.9=294, 99.99=2995] [INSERT: Count=904, Max=47487, Min=160, Avg=270.79, 90=264, 99=331, 99.9=47487, 99.99=47487] [READ-FAILED: Count=930, Max=192, Min=50, Avg=75.76, 90=98, 99=132, 99.9=192, 99.99=192] 
2026-04-29 15:40:20:130 83 sec: 1486520 operations; 15390 current ops/sec; [READ: Count=12214, Max=3355, Min=7, Avg=44.05, 90=115, 99=190, 99.9=321, 99.99=3275] [INSERT: Count=763, Max=76095, Min=159, Avg=352.52, 90=312, 99=1250, 99.9=76095, 99.99=76095] [READ-FAILED: Count=2416, Max=378, Min=49, Avg=72.4, 90=93, 99=136, 99.9=303, 99.99=378] 
2026-04-29 15:40:21:130 84 sec: 1503178 operations; 16641.36 current ops/sec; [READ: Count=15494, Max=3211, Min=7, Avg=46.9, 90=129, 99=233, 99.9=442, 99.99=3035] [INSERT: Count=773, Max=2285, Min=172, Avg=240.29, 90=281, 99=347, 99.9=2285, 99.99=2285] [READ-FAILED: Count=381, Max=213, Min=58, Avg=92.53, 90=117, 99=161, 99.9=213, 99.99=213] 
2026-04-29 15:40:22:130 85 sec: 1522162 operations; 19003 current ops/sec; [READ: Count=16961, Max=3117, Min=7, Avg=39.73, 90=103, 99=181, 99.9=338, 99.99=2879] [INSERT: Count=965, Max=47007, Min=159, Avg=269.74, 90=251, 99=320, 99.9=47007, 99.99=47007] [READ-FAILED: Count=1067, Max=204, Min=52, Avg=71.12, 90=82, 99=98, 99.9=182, 99.99=204] 
2026-04-29 15:40:23:130 86 sec: 1539029 operations; 16867 current ops/sec; [READ: Count=13188, Max=3109, Min=8, Avg=44.36, 90=114, 99=178, 99.9=310, 99.99=3105] [INSERT: Count=864, Max=4651, Min=159, Avg=215.14, 90=256, 99=320, 99.9=4651, 99.99=4651] [READ-FAILED: Count=2815, Max=211, Min=51, Avg=74.36, 90=92, 99=122, 99.9=154, 99.99=211] 
2026-04-29 15:40:24:130 87 sec: 1557012 operations; 17983 current ops/sec; [READ: Count=15852, Max=2943, Min=8, Avg=41.05, 90=111, 99=195, 99.9=312, 99.99=2767] [INSERT: Count=884, Max=48447, Min=161, Avg=270.74, 90=260, 99=332, 99.9=48447, 99.99=48447] [READ-FAILED: Count=1242, Max=396, Min=49, Avg=71.92, 90=87, 99=117, 99.9=230, 99.99=396] 
2026-04-29 15:40:25:130 88 sec: 1572171 operations; 15159 current ops/sec; [READ: Count=11148, Max=3339, Min=7, Avg=42.67, 90=108, 99=167, 99.9=365, 99.99=2839] [INSERT: Count=757, Max=94783, Min=163, Avg=371.15, 90=294, 99=1015, 99.9=94783, 99.99=94783] [READ-FAILED: Count=3262, Max=390, Min=50, Avg=69.42, 90=83, 99=111, 99.9=170, 99.99=390] 
2026-04-29 15:40:26:130 89 sec: 1588994 operations; 16823 current ops/sec; [READ: Count=13824, Max=4259, Min=8, Avg=43.56, 90=109, 99=177, 99.9=357, 99.99=3223] [INSERT: Count=807, Max=51967, Min=162, Avg=275.46, 90=254, 99=331, 99.9=51967, 99.99=51967] [READ-FAILED: Count=2192, Max=208, Min=49, Avg=71.32, 90=85, 99=101, 99.9=160, 99.99=208] 
Maximum time elapsed. Requesting stop for the workload.
Stop requested for workload. Now Joining!
[OZONEDB-PROFILE] reads=1526571  avg_total=41.16us  view=6.62us(16.1%)  log=2.62us(6.4%)  sst=52.62us_per_call x 919920_calls(77.0%_of_total)
[OZONEDB-SST-PROFILE] level | time_total_ms | enters | range_rejects | table_gets | hits
[OZONEDB-SST-PROFILE] L1  |     17294.43 |  8382176 |       567817 |    7814359 | 441021
[OZONEDB-SST-PROFILE] L2  |      3833.19 |   956228 |       477336 |     478892 |  46844
[OZONEDB-SST-PROFILE] L3  |      3007.76 |   863239 |       431185 |     432054 |  32280
[OZONEDB-SST-PROFILE] L4  |      2666.79 |   798380 |       398621 |     399759 |  25908
[OZONEDB-SST-PROFILE] L5  |      2288.70 |   746957 |       373115 |     373842 |  20618
[OZONEDB-SST-PROFILE] L6  |      2042.60 |   705932 |       352692 |     353240 |  17137
[OZONEDB-SST-PROFILE] L7  |     16666.98 |  1260899 |           41 |    1260858 | 106335
[OZONEDB-TBL-PROFILE] file_filter_reject=10321162  block_filter_reject=100570  index_invalid=0  block_read_more=357736  hit_from_cache=333536  miss_after_read=1129  found=690143
2026-04-29 15:40:27:130 90 sec: 1606530 operations; 17536 current ops/sec; [READ: Count=14497, Max=3369, Min=8, Avg=42.91, 90=110, 99=181, 99.9=338, 99.99=3117] [INSERT: Count=862, Max=9319, Min=162, Avg=226.94, 90=261, 99=323, 99.9=9319, 99.99=9319] [READ-FAILED: Count=2168, Max=286, Min=50, Avg=74.45, 90=94, 99=126, 99.9=203, 99.99=286] 
2026-04-29 15:40:27:175 90 sec: 1606534 operations; 86.96 current ops/sec; [READ: Count=1, Max=81, Min=81, Avg=81, 90=81, 99=81, 99.9=81, 99.99=81] [CLEANUP: Count=1, Max=44287, Min=44256, Avg=44272, 90=44287, 99=44287, 99.9=44287, 99.99=44287] [INSERT: Count=0, Max=0, Min=0, Avg=0, 90=0, 99=0, 99.9=0, 99.99=0] [READ-FAILED: Count=0, Max=0, Min=0, Avg=0, 90=0, 99=0, 99.9=0, 99.99=0] 
[OVERALL], RunTime(ms), 90046
[OVERALL], Throughput(ops/sec), 17841.25891211159
[TOTAL_GCS_PS_Scavenge], Count, 8
[TOTAL_GC_TIME_PS_Scavenge], Time(ms), 43
[TOTAL_GC_TIME_%_PS_Scavenge], Time(%), 0.04775337049952247
[TOTAL_GCS_PS_MarkSweep], Count, 0
[TOTAL_GC_TIME_PS_MarkSweep], Time(ms), 0
[TOTAL_GC_TIME_%_PS_MarkSweep], Time(%), 0.0
[TOTAL_GCs], Count, 8
[TOTAL_GC_TIME], Time(ms), 43
[TOTAL_GC_TIME_%], Time(%), 0.04775337049952247
[READ], Operations, 1296794
[READ], AverageLatency(us), 39.27014236648226
[READ], MinLatency(us), 4
[READ], MaxLatency(us), 59263
[READ], 95thPercentileLatency(us), 126
[READ], 99thPercentileLatency(us), 174
[READ], Return=OK, 1296794
[READ], Return=NOT_FOUND, 229777
[CLEANUP], Operations, 1
[CLEANUP], AverageLatency(us), 44272.0
[CLEANUP], MinLatency(us), 44256
[CLEANUP], MaxLatency(us), 44287
[CLEANUP], 95thPercentileLatency(us), 44287
[CLEANUP], 99thPercentileLatency(us), 44287
[INSERT], Operations, 79963
[INSERT], AverageLatency(us), 279.3640808874104
[INSERT], MinLatency(us), 145
[INSERT], MaxLatency(us), 121855
[INSERT], 95thPercentileLatency(us), 300
[INSERT], 99thPercentileLatency(us), 745
[INSERT], Return=OK, 79963
[READ-FAILED], Operations, 229777
[READ-FAILED], AverageLatency(us), 62.63463270910491
[READ-FAILED], MinLatency(us), 32
[READ-FAILED], MaxLatency(us), 4547
[READ-FAILED], 95thPercentileLatency(us), 88
[READ-FAILED], 99thPercentileLatency(us), 108
	Command being timed: "/usr/lib/jvm/java-8-openjdk-amd64/bin/java -cp /users/Xinying/ozonedb/ycsb/ozonedb/conf:/users/Xinying/ozonedb/ycsb/ozonedb/target/ozonedb-binding-0.18.0-SNAPSHOT.jar:/users/Xinying/.m2/repository/org/apache/htrace/htrace-core4/4.1.0-incubating/htrace-core4-4.1.0-incubating.jar:/users/Xinying/.m2/repository/org/slf4j/slf4j-api/1.7.25/slf4j-api-1.7.25.jar:/users/Xinying/.m2/repository/org/hdrhistogram/HdrHistogram/2.1.12/HdrHistogram-2.1.12.jar:/users/Xinying/.m2/repository/ch/qos/logback/logback-classic/1.2.3/logback-classic-1.2.3.jar:/users/Xinying/.m2/repository/ozonedbjnimaven/demoproc-jni/1.0/demoproc-jni-1.0.jar:/users/Xinying/.m2/repository/ch/qos/logback/logback-core/1.2.3/logback-core-1.2.3.jar:/users/Xinying/.m2/repository/org/codehaus/jackson/jackson-mapper-asl/1.9.4/jackson-mapper-asl-1.9.4.jar:/users/Xinying/.m2/repository/org/slf4j/slf4j-simple/1.7.25/slf4j-simple-1.7.25.jar:/users/Xinying/.m2/repository/org/codehaus/jackson/jackson-core-asl/1.9.4/jackson-core-asl-1.9.4.jar:/users/Xinying/ozonedb/ycsb/core/target/core-0.18.0-SNAPSHOT.jar site.ycsb.Client -db site.ycsb.db.OzoneDBClient -threads 1 -s -P /users/Xinying/ozonedb/ycsb/workloads/generated_workloads/workloadd_1KB_1000000_1000000 -p status.interval=1 -p maxexecutiontime=90 -p operationcount=0 -p shared_config=/tmp/phase1_ozonedb_configs/shared_config_SHARED_workloadd_p16_r1_proc11.json -t"
	User time (seconds): 55.52
	System time (seconds): 28.48
	Percent of CPU this job got: 90%
	Elapsed (wall clock) time (h:mm:ss or m:ss): 1:32.64
	Average shared text size (kbytes): 0
	Average unshared data size (kbytes): 0
	Average stack size (kbytes): 0
	Average total size (kbytes): 0
	Maximum resident set size (kbytes): 4671916
	Average resident set size (kbytes): 0
	Major (requiring I/O) page faults: 438
	Minor (reclaiming a frame) page faults: 1205163
	Voluntary context switches: 217085
	Involuntary context switches: 3035
	Swaps: 0
	File system inputs: 8989987
	File system outputs: 201690
	Socket messages sent: 0
	Socket messages received: 0
	Signals delivered: 0
	Page size (bytes): 4096
	Exit status: 0
