# CMD: /usr/bin/time -v /usr/lib/jvm/java-8-openjdk-amd64/bin/java -cp /users/Xinying/ozonedb/ycsb/ozonedb/conf:/users/Xinying/ozonedb/ycsb/ozonedb/target/ozonedb-binding-0.18.0-SNAPSHOT.jar:/users/Xinying/.m2/repository/org/apache/htrace/htrace-core4/4.1.0-incubating/htrace-core4-4.1.0-incubating.jar:/users/Xinying/.m2/repository/org/slf4j/slf4j-api/1.7.25/slf4j-api-1.7.25.jar:/users/Xinying/.m2/repository/org/hdrhistogram/HdrHistogram/2.1.12/HdrHistogram-2.1.12.jar:/users/Xinying/.m2/repository/ch/qos/logback/logback-classic/1.2.3/logback-classic-1.2.3.jar:/users/Xinying/.m2/repository/ozonedbjnimaven/demoproc-jni/1.0/demoproc-jni-1.0.jar:/users/Xinying/.m2/repository/ch/qos/logback/logback-core/1.2.3/logback-core-1.2.3.jar:/users/Xinying/.m2/repository/org/codehaus/jackson/jackson-mapper-asl/1.9.4/jackson-mapper-asl-1.9.4.jar:/users/Xinying/.m2/repository/org/slf4j/slf4j-simple/1.7.25/slf4j-simple-1.7.25.jar:/users/Xinying/.m2/repository/org/codehaus/jackson/jackson-core-asl/1.9.4/jackson-core-asl-1.9.4.jar:/users/Xinying/ozonedb/ycsb/core/target/core-0.18.0-SNAPSHOT.jar site.ycsb.Client -db site.ycsb.db.OzoneDBClient -threads 1 -s -P /users/Xinying/ozonedb/ycsb/workloads/generated_workloads/workloadc_1KB_1000000_1000000 -p status.interval=1 -p maxexecutiontime=90 -p operationcount=0 -p shared_config=/tmp/phase1_ozonedb_configs/shared_config_SHARED_workloadc_p4_r1_proc0.json -t
# shared_work_path=/tank/ycsb_data/multi-proc-run/shared_ozonedb  proc_id=0/4
Command line: -db site.ycsb.db.OzoneDBClient -threads 1 -s -P /users/Xinying/ozonedb/ycsb/workloads/generated_workloads/workloadc_1KB_1000000_1000000 -p status.interval=1 -p maxexecutiontime=90 -p operationcount=0 -p shared_config=/tmp/phase1_ozonedb_configs/shared_config_SHARED_workloadc_p4_r1_proc0.json -t
YCSB Client 0.18.0-SNAPSHOT

Loading workload...
Starting test.
SLF4J: Class path contains multiple SLF4J bindings.
SLF4J: Found binding in [jar:file:/users/Xinying/.m2/repository/ch/qos/logback/logback-classic/1.2.3/logback-classic-1.2.3.jar!/org/slf4j/impl/StaticLoggerBinder.class]
SLF4J: Found binding in [jar:file:/users/Xinying/.m2/repository/org/slf4j/slf4j-simple/1.7.25/slf4j-simple-1.7.25.jar!/org/slf4j/impl/StaticLoggerBinder.class]
SLF4J: See http://www.slf4j.org/codes.html#multiple_bindings for an explanation.
SLF4J: Actual binding is of type [ch.qos.logback.classic.util.ContextSelectorStaticBinder]
Maximum execution time specified as: 90 secs
2026-04-29 15:29:05:532 0 sec: 0 operations; 
Starting compaction watcher
DBWrapper: report latency for each error is false and specific error codes to track for latency are: []
2026-04-29 15:29:06:531 1 sec: 8238 operations; 8238 current ops/sec; [READ: Count=8257, Max=45759, Min=5, Avg=84.58, 90=115, 99=149, 99.9=264, 99.99=45759] 
2026-04-29 15:29:07:531 2 sec: 21562 operations; 13324 current ops/sec; [READ: Count=13311, Max=2031, Min=5, Avg=73.12, 90=110, 99=134, 99.9=173, 99.99=336] 
2026-04-29 15:29:08:531 3 sec: 35369 operations; 13807 current ops/sec; [READ: Count=13808, Max=4051, Min=5, Avg=70.61, 90=108, 99=133, 99.9=172, 99.99=618] 
2026-04-29 15:29:09:531 4 sec: 49570 operations; 14201 current ops/sec; [READ: Count=14204, Max=371, Min=5, Avg=68.64, 90=108, 99=132, 99.9=152, 99.99=350] 
2026-04-29 15:29:10:531 5 sec: 63628 operations; 14058 current ops/sec; [READ: Count=14055, Max=366, Min=5, Avg=69.44, 90=110, 99=132, 99.9=151, 99.99=184] 
2026-04-29 15:29:11:531 6 sec: 77849 operations; 14221 current ops/sec; [READ: Count=14219, Max=199, Min=5, Avg=68.89, 90=109, 99=131, 99.9=149, 99.99=188] 
2026-04-29 15:29:12:531 7 sec: 92076 operations; 14227 current ops/sec; [READ: Count=14228, Max=364, Min=4, Avg=68.85, 90=109, 99=132, 99.9=146, 99.99=181] 
2026-04-29 15:29:13:531 8 sec: 106250 operations; 14174 current ops/sec; [READ: Count=14175, Max=408, Min=5, Avg=69.13, 90=109, 99=131, 99.9=147, 99.99=216] 
2026-04-29 15:29:14:531 9 sec: 120459 operations; 14209 current ops/sec; [READ: Count=14208, Max=315, Min=5, Avg=68.95, 90=109, 99=130, 99.9=149, 99.99=195] 
2026-04-29 15:29:15:531 10 sec: 134576 operations; 14117 current ops/sec; [READ: Count=14116, Max=164, Min=5, Avg=69.44, 90=109, 99=130, 99.9=146, 99.99=164] 
2026-04-29 15:29:16:531 11 sec: 148720 operations; 14144 current ops/sec; [READ: Count=14145, Max=320, Min=5, Avg=69.32, 90=110, 99=132, 99.9=151, 99.99=204] 
2026-04-29 15:29:17:531 12 sec: 162905 operations; 14185 current ops/sec; [READ: Count=14185, Max=382, Min=5, Avg=68.77, 90=109, 99=133, 99.9=153, 99.99=333] 
2026-04-29 15:29:18:531 13 sec: 177268 operations; 14363 current ops/sec; [READ: Count=14364, Max=380, Min=5, Avg=68.34, 90=109, 99=132, 99.9=148, 99.99=212] 
2026-04-29 15:29:19:531 14 sec: 191733 operations; 14465 current ops/sec; [READ: Count=14466, Max=186, Min=5, Avg=67.95, 90=108, 99=129, 99.9=150, 99.99=179] 
2026-04-29 15:29:20:531 15 sec: 206165 operations; 14432 current ops/sec; [READ: Count=14431, Max=315, Min=5, Avg=68.19, 90=109, 99=133, 99.9=150, 99.99=269] 
2026-04-29 15:29:21:531 16 sec: 220560 operations; 14395 current ops/sec; [READ: Count=14395, Max=323, Min=5, Avg=68.37, 90=109, 99=132, 99.9=150, 99.99=182] 
2026-04-29 15:29:22:531 17 sec: 234887 operations; 14327 current ops/sec; [READ: Count=14328, Max=363, Min=5, Avg=68.64, 90=109, 99=131, 99.9=149, 99.99=215] 
2026-04-29 15:29:23:531 18 sec: 249298 operations; 14411 current ops/sec; [READ: Count=14410, Max=166, Min=5, Avg=68.25, 90=109, 99=132, 99.9=149, 99.99=165] 
2026-04-29 15:29:24:531 19 sec: 263736 operations; 14438 current ops/sec; [READ: Count=14439, Max=323, Min=5, Avg=68.14, 90=109, 99=133, 99.9=150, 99.99=211] 
2026-04-29 15:29:25:531 20 sec: 278222 operations; 14486 current ops/sec; [READ: Count=14486, Max=313, Min=5, Avg=67.87, 90=109, 99=131, 99.9=148, 99.99=190] 
2026-04-29 15:29:26:531 21 sec: 292590 operations; 14368 current ops/sec; [READ: Count=14370, Max=175, Min=4, Avg=68.45, 90=109, 99=133, 99.9=147, 99.99=165] 
2026-04-29 15:29:27:531 22 sec: 307060 operations; 14470 current ops/sec; [READ: Count=14466, Max=318, Min=5, Avg=67.99, 90=108, 99=131, 99.9=150, 99.99=208] 
2026-04-29 15:29:28:531 23 sec: 321519 operations; 14459 current ops/sec; [READ: Count=14460, Max=486, Min=5, Avg=68, 90=109, 99=131, 99.9=151, 99.99=319] 
2026-04-29 15:29:29:531 24 sec: 335926 operations; 14407 current ops/sec; [READ: Count=14408, Max=363, Min=5, Avg=68.26, 90=108, 99=132, 99.9=149, 99.99=204] 
2026-04-29 15:29:30:531 25 sec: 350184 operations; 14258 current ops/sec; [READ: Count=14261, Max=4795, Min=5, Avg=68.93, 90=109, 99=131, 99.9=149, 99.99=176] 
2026-04-29 15:29:31:531 26 sec: 364549 operations; 14365 current ops/sec; [READ: Count=14365, Max=375, Min=5, Avg=68.44, 90=109, 99=131, 99.9=152, 99.99=344] 
2026-04-29 15:29:32:532 27 sec: 378932 operations; 14383 current ops/sec; [READ: Count=14378, Max=321, Min=5, Avg=68.42, 90=109, 99=132, 99.9=154, 99.99=201] 
2026-04-29 15:29:33:531 28 sec: 393285 operations; 14353 current ops/sec; [READ: Count=14351, Max=396, Min=4, Avg=68.51, 90=109, 99=133, 99.9=148, 99.99=215] 
2026-04-29 15:29:34:531 29 sec: 407705 operations; 14420 current ops/sec; [READ: Count=14427, Max=172, Min=4, Avg=68.21, 90=109, 99=131, 99.9=148, 99.99=164] 
2026-04-29 15:29:35:531 30 sec: 422236 operations; 14531 current ops/sec; [READ: Count=14529, Max=323, Min=4, Avg=67.68, 90=108, 99=130, 99.9=152, 99.99=206] 
2026-04-29 15:29:36:531 31 sec: 436651 operations; 14415 current ops/sec; [READ: Count=14412, Max=316, Min=4, Avg=68.24, 90=109, 99=132, 99.9=156, 99.99=193] 
2026-04-29 15:29:37:531 32 sec: 451024 operations; 14373 current ops/sec; [READ: Count=14374, Max=367, Min=5, Avg=68.42, 90=109, 99=133, 99.9=150, 99.99=238] 
2026-04-29 15:29:38:531 33 sec: 465485 operations; 14461 current ops/sec; [READ: Count=14457, Max=200, Min=4, Avg=68.02, 90=109, 99=132, 99.9=147, 99.99=179] 
2026-04-29 15:29:39:531 34 sec: 479940 operations; 14455 current ops/sec; [READ: Count=14456, Max=374, Min=5, Avg=68.06, 90=108, 99=133, 99.9=153, 99.99=204] 
2026-04-29 15:29:40:532 35 sec: 494328 operations; 14388 current ops/sec; [READ: Count=14389, Max=322, Min=5, Avg=68.4, 90=109, 99=133, 99.9=148, 99.99=253] 
2026-04-29 15:29:41:531 36 sec: 508627 operations; 14299 current ops/sec; [READ: Count=14299, Max=317, Min=4, Avg=68.75, 90=109, 99=133, 99.9=151, 99.99=192] 
2026-04-29 15:29:42:531 37 sec: 523037 operations; 14410 current ops/sec; [READ: Count=14410, Max=179, Min=4, Avg=68.26, 90=109, 99=130, 99.9=146, 99.99=169] 
2026-04-29 15:29:43:531 38 sec: 537325 operations; 14288 current ops/sec; [READ: Count=14289, Max=4295, Min=5, Avg=68.81, 90=109, 99=133, 99.9=150, 99.99=365] 
2026-04-29 15:29:44:531 39 sec: 551770 operations; 14445 current ops/sec; [READ: Count=14444, Max=373, Min=5, Avg=68.11, 90=109, 99=133, 99.9=155, 99.99=254] 
2026-04-29 15:29:45:531 40 sec: 566279 operations; 14509 current ops/sec; [READ: Count=14509, Max=366, Min=5, Avg=67.82, 90=109, 99=131, 99.9=152, 99.99=197] 
2026-04-29 15:29:46:531 41 sec: 580806 operations; 14527 current ops/sec; [READ: Count=14526, Max=197, Min=5, Avg=67.74, 90=109, 99=132, 99.9=150, 99.99=173] 
2026-04-29 15:29:47:531 42 sec: 595286 operations; 14480 current ops/sec; [READ: Count=14481, Max=366, Min=5, Avg=67.96, 90=108, 99=131, 99.9=149, 99.99=206] 
2026-04-29 15:29:48:531 43 sec: 609673 operations; 14387 current ops/sec; [READ: Count=14388, Max=362, Min=4, Avg=68.41, 90=109, 99=132, 99.9=151, 99.99=209] 
2026-04-29 15:29:49:531 44 sec: 623996 operations; 14323 current ops/sec; [READ: Count=14320, Max=360, Min=4, Avg=68.73, 90=109, 99=134, 99.9=150, 99.99=185] 
2026-04-29 15:29:50:531 45 sec: 638430 operations; 14434 current ops/sec; [READ: Count=14436, Max=196, Min=5, Avg=68.17, 90=109, 99=132, 99.9=149, 99.99=193] 
2026-04-29 15:29:51:531 46 sec: 652849 operations; 14419 current ops/sec; [READ: Count=14419, Max=321, Min=5, Avg=68.26, 90=109, 99=135, 99.9=157, 99.99=175] 
2026-04-29 15:29:52:531 47 sec: 667221 operations; 14372 current ops/sec; [READ: Count=14371, Max=365, Min=4, Avg=68.5, 90=109, 99=132, 99.9=156, 99.99=177] 
2026-04-29 15:29:53:531 48 sec: 681687 operations; 14466 current ops/sec; [READ: Count=14468, Max=175, Min=5, Avg=68, 90=108, 99=131, 99.9=147, 99.99=164] 
2026-04-29 15:29:54:531 49 sec: 696207 operations; 14520 current ops/sec; [READ: Count=14517, Max=320, Min=5, Avg=67.79, 90=109, 99=133, 99.9=150, 99.99=252] 
2026-04-29 15:29:55:531 50 sec: 710540 operations; 14333 current ops/sec; [READ: Count=14336, Max=371, Min=5, Avg=68.65, 90=109, 99=134, 99.9=149, 99.99=230] 
2026-04-29 15:29:56:531 51 sec: 724802 operations; 14262 current ops/sec; [READ: Count=14260, Max=4075, Min=5, Avg=69, 90=109, 99=132, 99.9=153, 99.99=316] 
2026-04-29 15:29:57:531 52 sec: 739308 operations; 14506 current ops/sec; [READ: Count=14506, Max=184, Min=5, Avg=67.85, 90=109, 99=133, 99.9=148, 99.99=157] 
2026-04-29 15:29:58:531 53 sec: 753637 operations; 14329 current ops/sec; [READ: Count=14329, Max=375, Min=5, Avg=68.65, 90=109, 99=133, 99.9=156, 99.99=203] 
2026-04-29 15:29:59:531 54 sec: 768081 operations; 14444 current ops/sec; [READ: Count=14447, Max=324, Min=5, Avg=68.12, 90=109, 99=130, 99.9=150, 99.99=189] 
2026-04-29 15:30:00:531 55 sec: 782433 operations; 14352 current ops/sec; [READ: Count=14347, Max=320, Min=5, Avg=68.57, 90=109, 99=133, 99.9=152, 99.99=205] 
2026-04-29 15:30:01:531 56 sec: 796846 operations; 14413 current ops/sec; [READ: Count=14415, Max=172, Min=4, Avg=68.26, 90=109, 99=132, 99.9=149, 99.99=169] 
2026-04-29 15:30:02:531 57 sec: 811230 operations; 14384 current ops/sec; [READ: Count=14386, Max=326, Min=5, Avg=68.41, 90=109, 99=134, 99.9=151, 99.99=192] 
2026-04-29 15:30:03:531 58 sec: 825621 operations; 14391 current ops/sec; [READ: Count=14388, Max=319, Min=5, Avg=68.39, 90=109, 99=134, 99.9=152, 99.99=172] 
2026-04-29 15:30:04:531 59 sec: 839964 operations; 14343 current ops/sec; [READ: Count=14343, Max=327, Min=5, Avg=68.61, 90=109, 99=134, 99.9=150, 99.99=192] 
2026-04-29 15:30:05:531 60 sec: 854454 operations; 14490 current ops/sec; [READ: Count=14490, Max=170, Min=5, Avg=67.91, 90=109, 99=131, 99.9=146, 99.99=168] 
2026-04-29 15:30:06:531 61 sec: 868789 operations; 14335 current ops/sec; [READ: Count=14335, Max=312, Min=5, Avg=68.65, 90=109, 99=132, 99.9=155, 99.99=209] 
2026-04-29 15:30:07:531 62 sec: 883138 operations; 14349 current ops/sec; [READ: Count=14349, Max=364, Min=5, Avg=68.59, 90=109, 99=134, 99.9=153, 99.99=188] 
2026-04-29 15:30:08:531 63 sec: 897523 operations; 14385 current ops/sec; [READ: Count=14385, Max=370, Min=5, Avg=68.41, 90=109, 99=134, 99.9=152, 99.99=323] 
2026-04-29 15:30:09:531 64 sec: 911941 operations; 14418 current ops/sec; [READ: Count=14418, Max=4203, Min=5, Avg=68.22, 90=109, 99=133, 99.9=153, 99.99=465] 
2026-04-29 15:30:10:531 65 sec: 926411 operations; 14470 current ops/sec; [READ: Count=14471, Max=502, Min=5, Avg=67.98, 90=109, 99=132, 99.9=159, 99.99=452] 
2026-04-29 15:30:11:531 66 sec: 940727 operations; 14316 current ops/sec; [READ: Count=14315, Max=432, Min=5, Avg=68.73, 90=109, 99=134, 99.9=151, 99.99=341] 
2026-04-29 15:30:12:531 67 sec: 955205 operations; 14478 current ops/sec; [READ: Count=14477, Max=184, Min=5, Avg=67.96, 90=109, 99=132, 99.9=148, 99.99=183] 
2026-04-29 15:30:13:531 68 sec: 969693 operations; 14488 current ops/sec; [READ: Count=14490, Max=457, Min=5, Avg=67.9, 90=109, 99=133, 99.9=151, 99.99=427] 
2026-04-29 15:30:14:531 69 sec: 984021 operations; 14328 current ops/sec; [READ: Count=14327, Max=320, Min=5, Avg=68.68, 90=109, 99=134, 99.9=155, 99.99=256] 
2026-04-29 15:30:15:531 70 sec: 998329 operations; 14308 current ops/sec; [READ: Count=14308, Max=469, Min=5, Avg=68.78, 90=109, 99=135, 99.9=168, 99.99=460] 
2026-04-29 15:30:16:531 71 sec: 1012665 operations; 14336 current ops/sec; [READ: Count=14335, Max=488, Min=5, Avg=68.64, 90=109, 99=133, 99.9=152, 99.99=444] 
2026-04-29 15:30:17:531 72 sec: 1027139 operations; 14474 current ops/sec; [READ: Count=14476, Max=467, Min=5, Avg=67.96, 90=108, 99=132, 99.9=153, 99.99=316] 
2026-04-29 15:30:18:531 73 sec: 1041653 operations; 14514 current ops/sec; [READ: Count=14513, Max=364, Min=5, Avg=67.79, 90=108, 99=132, 99.9=152, 99.99=192] 
2026-04-29 15:30:19:531 74 sec: 1056277 operations; 14624 current ops/sec; [READ: Count=14624, Max=461, Min=5, Avg=67.27, 90=108, 99=130, 99.9=150, 99.99=427] 
2026-04-29 15:30:20:531 75 sec: 1070723 operations; 14446 current ops/sec; [READ: Count=14445, Max=445, Min=5, Avg=68.11, 90=108, 99=131, 99.9=150, 99.99=425] 
2026-04-29 15:30:21:531 76 sec: 1085190 operations; 14467 current ops/sec; [READ: Count=14469, Max=447, Min=5, Avg=68, 90=108, 99=131, 99.9=154, 99.99=424] 
2026-04-29 15:30:22:531 77 sec: 1099576 operations; 14386 current ops/sec; [READ: Count=14384, Max=3995, Min=5, Avg=68.38, 90=108, 99=132, 99.9=156, 99.99=477] 
2026-04-29 15:30:23:531 78 sec: 1114085 operations; 14509 current ops/sec; [READ: Count=14511, Max=309, Min=4, Avg=67.82, 90=108, 99=132, 99.9=150, 99.99=197] 
2026-04-29 15:30:24:531 79 sec: 1128883 operations; 14798 current ops/sec; [READ: Count=14797, Max=428, Min=5, Avg=66.52, 90=106, 99=128, 99.9=145, 99.99=407] 
2026-04-29 15:30:25:531 80 sec: 1143783 operations; 14900 current ops/sec; [READ: Count=14901, Max=316, Min=5, Avg=66.04, 90=106, 99=129, 99.9=144, 99.99=189] 
2026-04-29 15:30:26:531 81 sec: 1158679 operations; 14896 current ops/sec; [READ: Count=14895, Max=399, Min=5, Avg=66.07, 90=106, 99=128, 99.9=146, 99.99=399] 
2026-04-29 15:30:27:531 82 sec: 1173209 operations; 14530 current ops/sec; [READ: Count=14530, Max=451, Min=4, Avg=67.71, 90=108, 99=132, 99.9=151, 99.99=448] 
2026-04-29 15:30:28:531 83 sec: 1187883 operations; 14674 current ops/sec; [READ: Count=14673, Max=438, Min=4, Avg=67.06, 90=107, 99=131, 99.9=150, 99.99=409] 
2026-04-29 15:30:29:531 84 sec: 1202647 operations; 14764 current ops/sec; [READ: Count=14763, Max=378, Min=5, Avg=66.66, 90=107, 99=130, 99.9=165, 99.99=366] 
2026-04-29 15:30:30:531 85 sec: 1216958 operations; 14311 current ops/sec; [READ: Count=14314, Max=411, Min=5, Avg=68.78, 90=109, 99=132, 99.9=149, 99.99=361] 
2026-04-29 15:30:31:531 86 sec: 1231292 operations; 14334 current ops/sec; [READ: Count=14332, Max=370, Min=5, Avg=68.66, 90=109, 99=132, 99.9=153, 99.99=328] 
2026-04-29 15:30:32:531 87 sec: 1245748 operations; 14456 current ops/sec; [READ: Count=14456, Max=438, Min=5, Avg=68.06, 90=109, 99=132, 99.9=146, 99.99=363] 
2026-04-29 15:30:33:531 88 sec: 1260082 operations; 14334 current ops/sec; [READ: Count=14334, Max=430, Min=5, Avg=68.66, 90=109, 99=133, 99.9=157, 99.99=388] 
2026-04-29 15:30:34:531 89 sec: 1274412 operations; 14330 current ops/sec; [READ: Count=14331, Max=4089, Min=5, Avg=68.64, 90=109, 99=133, 99.9=153, 99.99=390] 
Maximum time elapsed. Requesting stop for the workload.
Stop requested for workload. Now Joining!
2026-04-29 15:30:35:531 90 sec: 1288864 operations; 14452 current ops/sec; [READ: Count=14452, Max=251, Min=4, Avg=68.09, 90=109, 99=132, 99.9=151, 99.99=189] 
[OZONEDB-PROFILE] reads=1288870  avg_total=66.69us  view=3.88us(5.8%)  log=0.72us(1.1%)  sst=62.85us_per_call x 1269069_calls(92.8%_of_total)
[OZONEDB-SST-PROFILE] level | time_total_ms | enters | range_rejects | table_gets | hits
[OZONEDB-SST-PROFILE] L1  |      6426.84 |  2536356 |      1267310 |    1269046 |  80253
[OZONEDB-SST-PROFILE] L2  |      5376.70 |  2375800 |      1187010 |    1188790 |  68345
[OZONEDB-SST-PROFILE] L3  |      5260.73 |  2239348 |      1118881 |    1120467 |  73989
[OZONEDB-SST-PROFILE] L4  |      5437.00 |  2090415 |      1043949 |    1046466 | 117058
[OZONEDB-SST-PROFILE] L5  |      4754.57 |  1856786 |       927458 |     929328 |  58901
[OZONEDB-SST-PROFILE] L6  |      4821.03 |  1739070 |       868600 |     870470 |  69925
[OZONEDB-SST-PROFILE] L7  |     46923.73 |  2790810 |          154 |    2790656 | 800598
[OZONEDB-TBL-PROFILE] file_filter_reject=7818924  block_filter_reject=125738  index_invalid=0  block_read_more=736584  hit_from_cache=533977  miss_after_read=1492  found=1269069
2026-04-29 15:30:35:606 90 sec: 1288870 operations; 80 current ops/sec; [READ: Count=3, Max=315, Min=32, Avg=174.67, 90=315, 99=315, 99.9=315, 99.99=315] [CLEANUP: Count=1, Max=73151, Min=73088, Avg=73120, 90=73151, 99=73151, 99.9=73151, 99.99=73151] 
[OVERALL], RunTime(ms), 90075
[OVERALL], Throughput(ops/sec), 14308.853733000278
[TOTAL_GCS_PS_Scavenge], Count, 7
[TOTAL_GC_TIME_PS_Scavenge], Time(ms), 28
[TOTAL_GC_TIME_%_PS_Scavenge], Time(%), 0.031085206772134333
[TOTAL_GCS_PS_MarkSweep], Count, 0
[TOTAL_GC_TIME_PS_MarkSweep], Time(ms), 0
[TOTAL_GC_TIME_%_PS_MarkSweep], Time(%), 0.0
[TOTAL_GCs], Count, 7
[TOTAL_GC_TIME], Time(ms), 28
[TOTAL_GC_TIME_%], Time(%), 0.031085206772134333
[READ], Operations, 1288870
[READ], AverageLatency(us), 68.42472708651765
[READ], MinLatency(us), 4
[READ], MaxLatency(us), 45759
[READ], 95thPercentileLatency(us), 114
[READ], 99thPercentileLatency(us), 132
[READ], Return=OK, 1288870
[CLEANUP], Operations, 1
[CLEANUP], AverageLatency(us), 73120.0
[CLEANUP], MinLatency(us), 73088
[CLEANUP], MaxLatency(us), 73151
[CLEANUP], 95thPercentileLatency(us), 73151
[CLEANUP], 99thPercentileLatency(us), 73151
	Command being timed: "/usr/lib/jvm/java-8-openjdk-amd64/bin/java -cp /users/Xinying/ozonedb/ycsb/ozonedb/conf:/users/Xinying/ozonedb/ycsb/ozonedb/target/ozonedb-binding-0.18.0-SNAPSHOT.jar:/users/Xinying/.m2/repository/org/apache/htrace/htrace-core4/4.1.0-incubating/htrace-core4-4.1.0-incubating.jar:/users/Xinying/.m2/repository/org/slf4j/slf4j-api/1.7.25/slf4j-api-1.7.25.jar:/users/Xinying/.m2/repository/org/hdrhistogram/HdrHistogram/2.1.12/HdrHistogram-2.1.12.jar:/users/Xinying/.m2/repository/ch/qos/logback/logback-classic/1.2.3/logback-classic-1.2.3.jar:/users/Xinying/.m2/repository/ozonedbjnimaven/demoproc-jni/1.0/demoproc-jni-1.0.jar:/users/Xinying/.m2/repository/ch/qos/logback/logback-core/1.2.3/logback-core-1.2.3.jar:/users/Xinying/.m2/repository/org/codehaus/jackson/jackson-mapper-asl/1.9.4/jackson-mapper-asl-1.9.4.jar:/users/Xinying/.m2/repository/org/slf4j/slf4j-simple/1.7.25/slf4j-simple-1.7.25.jar:/users/Xinying/.m2/repository/org/codehaus/jackson/jackson-core-asl/1.9.4/jackson-core-asl-1.9.4.jar:/users/Xinying/ozonedb/ycsb/core/target/core-0.18.0-SNAPSHOT.jar site.ycsb.Client -db site.ycsb.db.OzoneDBClient -threads 1 -s -P /users/Xinying/ozonedb/ycsb/workloads/generated_workloads/workloadc_1KB_1000000_1000000 -p status.interval=1 -p maxexecutiontime=90 -p operationcount=0 -p shared_config=/tmp/phase1_ozonedb_configs/shared_config_SHARED_workloadc_p4_r1_proc0.json -t"
	User time (seconds): 61.90
	System time (seconds): 30.46
	Percent of CPU this job got: 101%
	Elapsed (wall clock) time (h:mm:ss or m:ss): 1:31.29
	Average shared text size (kbytes): 0
	Average unshared data size (kbytes): 0
	Average stack size (kbytes): 0
	Average total size (kbytes): 0
	Maximum resident set size (kbytes): 5087444
	Average resident set size (kbytes): 0
	Major (requiring I/O) page faults: 441
	Minor (reclaiming a frame) page faults: 1277444
	Voluntary context switches: 14881
	Involuntary context switches: 732
	Swaps: 0
	File system inputs: 11870753
	File system outputs: 1048
	Socket messages sent: 0
	Socket messages received: 0
	Signals delivered: 0
	Page size (bytes): 4096
	Exit status: 0
