# CMD: /usr/bin/time -v /usr/lib/jvm/java-8-openjdk-amd64/bin/java -cp /users/Xinying/ozonedb/ycsb/ozonedb/conf:/users/Xinying/ozonedb/ycsb/ozonedb/target/ozonedb-binding-0.18.0-SNAPSHOT.jar:/users/Xinying/.m2/repository/org/apache/htrace/htrace-core4/4.1.0-incubating/htrace-core4-4.1.0-incubating.jar:/users/Xinying/.m2/repository/org/slf4j/slf4j-api/1.7.25/slf4j-api-1.7.25.jar:/users/Xinying/.m2/repository/org/hdrhistogram/HdrHistogram/2.1.12/HdrHistogram-2.1.12.jar:/users/Xinying/.m2/repository/ch/qos/logback/logback-classic/1.2.3/logback-classic-1.2.3.jar:/users/Xinying/.m2/repository/ozonedbjnimaven/demoproc-jni/1.0/demoproc-jni-1.0.jar:/users/Xinying/.m2/repository/ch/qos/logback/logback-core/1.2.3/logback-core-1.2.3.jar:/users/Xinying/.m2/repository/org/codehaus/jackson/jackson-mapper-asl/1.9.4/jackson-mapper-asl-1.9.4.jar:/users/Xinying/.m2/repository/org/slf4j/slf4j-simple/1.7.25/slf4j-simple-1.7.25.jar:/users/Xinying/.m2/repository/org/codehaus/jackson/jackson-core-asl/1.9.4/jackson-core-asl-1.9.4.jar:/users/Xinying/ozonedb/ycsb/core/target/core-0.18.0-SNAPSHOT.jar site.ycsb.Client -db site.ycsb.db.OzoneDBClient -threads 1 -s -P /users/Xinying/ozonedb/ycsb/workloads/generated_workloads/workloada_1KB_1000000_1000000 -p status.interval=1 -p maxexecutiontime=90 -p operationcount=0 -p shared_config=/tmp/phase1_ozonedb_configs/shared_config_SHARED_workloada_p8_r1_proc6.json -t
# shared_work_path=/tank/ycsb_data/multi-proc-run/shared_ozonedb  proc_id=6/8
Command line: -db site.ycsb.db.OzoneDBClient -threads 1 -s -P /users/Xinying/ozonedb/ycsb/workloads/generated_workloads/workloada_1KB_1000000_1000000 -p status.interval=1 -p maxexecutiontime=90 -p operationcount=0 -p shared_config=/tmp/phase1_ozonedb_configs/shared_config_SHARED_workloada_p8_r1_proc6.json -t
YCSB Client 0.18.0-SNAPSHOT

Loading workload...
Starting test.
SLF4J: Class path contains multiple SLF4J bindings.
SLF4J: Found binding in [jar:file:/users/Xinying/.m2/repository/ch/qos/logback/logback-classic/1.2.3/logback-classic-1.2.3.jar!/org/slf4j/impl/StaticLoggerBinder.class]
SLF4J: Found binding in [jar:file:/users/Xinying/.m2/repository/org/slf4j/slf4j-simple/1.7.25/slf4j-simple-1.7.25.jar!/org/slf4j/impl/StaticLoggerBinder.class]
SLF4J: See http://www.slf4j.org/codes.html#multiple_bindings for an explanation.
SLF4J: Actual binding is of type [ch.qos.logback.classic.util.ContextSelectorStaticBinder]
Maximum execution time specified as: 90 secs
2026-04-29 15:17:31:846 0 sec: 0 operations; 
Starting compaction watcher
DBWrapper: report latency for each error is false and specific error codes to track for latency are: []
2026-04-29 15:17:32:846 1 sec: 1085 operations; 1085 current ops/sec; [READ: Count=528, Max=45823, Min=7, Avg=293.79, 90=337, 99=1893, 99.9=45823, 99.99=45823] [UPDATE: Count=595, Max=126847, Min=167, Avg=861.72, 90=1254, 99=3549, 99.9=126847, 99.99=126847] 
2026-04-29 15:17:33:846 2 sec: 4709 operations; 3624 current ops/sec; [READ: Count=1792, Max=6007, Min=4, Avg=107.48, 90=147, 99=885, 99.9=5071, 99.99=6007] [UPDATE: Count=1802, Max=85759, Min=164, Avg=429.2, 90=536, 99=2241, 99.9=6003, 99.99=85759] 
2026-04-29 15:17:34:846 3 sec: 9839 operations; 5130 current ops/sec; [READ: Count=2501, Max=5567, Min=5, Avg=73.85, 90=132, 99=179, 99.9=894, 99.99=5567] [UPDATE: Count=2627, Max=6819, Min=157, Avg=302.53, 90=361, 99=604, 99.9=6675, 99.99=6819] 
2026-04-29 15:17:35:846 4 sec: 15282 operations; 5443 current ops/sec; [READ: Count=2722, Max=12111, Min=4, Avg=81.57, 90=124, 99=167, 99.9=5147, 99.99=12111] [UPDATE: Count=2719, Max=12751, Min=160, Avg=280.23, 90=336, 99=436, 99.9=5431, 99.99=12751] 
2026-04-29 15:17:36:846 5 sec: 20453 operations; 5171 current ops/sec; [READ: Count=2564, Max=6231, Min=5, Avg=78.2, 90=128, 99=157, 99.9=5039, 99.99=6231] [UPDATE: Count=2608, Max=86335, Min=158, Avg=301.43, 90=335, 99=412, 99.9=4839, 99.99=86335] 
2026-04-29 15:17:37:846 6 sec: 24653 operations; 4200 current ops/sec; [READ: Count=2078, Max=4867, Min=5, Avg=74.4, 90=130, 99=175, 99.9=4009, 99.99=4867] [UPDATE: Count=2120, Max=110847, Min=161, Avg=393.62, 90=584, 99=1222, 99.9=4511, 99.99=110847] 
2026-04-29 15:17:38:846 7 sec: 30075 operations; 5422 current ops/sec; [READ: Count=2658, Max=5455, Min=5, Avg=71.2, 90=128, 99=160, 99.9=4275, 99.99=5455] [UPDATE: Count=2764, Max=13727, Min=160, Avg=288.33, 90=342, 99=434, 99.9=7527, 99.99=13727] 
2026-04-29 15:17:39:846 8 sec: 35617 operations; 5542 current ops/sec; [READ: Count=2711, Max=4971, Min=5, Avg=69.73, 90=126, 99=159, 99.9=4263, 99.99=4971] [UPDATE: Count=2830, Max=14367, Min=159, Avg=281.83, 90=338, 99=432, 99.9=4711, 99.99=14367] 
2026-04-29 15:17:40:846 9 sec: 40950 operations; 5333 current ops/sec; [READ: Count=2646, Max=5695, Min=5, Avg=76.26, 90=138, 99=189, 99.9=4259, 99.99=5695] [UPDATE: Count=2689, Max=14695, Min=165, Avg=291.38, 90=368, 99=456, 99.9=4763, 99.99=14695] 
2026-04-29 15:17:41:846 10 sec: 46422 operations; 5472 current ops/sec; [READ: Count=2737, Max=48927, Min=5, Avg=84.61, 90=126, 99=152, 99.9=4667, 99.99=48927] [UPDATE: Count=2734, Max=15119, Min=163, Avg=276.12, 90=334, 99=404, 99.9=4787, 99.99=15119] 
2026-04-29 15:17:42:846 11 sec: 50180 operations; 3758 current ops/sec; [READ: Count=1915, Max=4203, Min=5, Avg=73.1, 90=134, 99=180, 99.9=3527, 99.99=4203] [UPDATE: Count=1842, Max=126399, Min=163, Avg=461.13, 90=721, 99=1302, 99.9=4475, 99.99=126399] 
2026-04-29 15:17:43:846 12 sec: 55173 operations; 4993 current ops/sec; [READ: Count=2498, Max=4583, Min=5, Avg=75.44, 90=137, 99=181, 99.9=3783, 99.99=4583] [UPDATE: Count=2499, Max=96447, Min=157, Avg=319.65, 90=356, 99=452, 99.9=4519, 99.99=96447] 
2026-04-29 15:17:44:846 13 sec: 60694 operations; 5521 current ops/sec; [READ: Count=2698, Max=5323, Min=5, Avg=72.63, 90=134, 99=167, 99.9=4195, 99.99=5323] [UPDATE: Count=2819, Max=15799, Min=159, Avg=280.32, 90=338, 99=424, 99.9=5487, 99.99=15799] 
2026-04-29 15:17:45:846 14 sec: 66374 operations; 5680 current ops/sec; [READ: Count=2822, Max=5923, Min=5, Avg=77.05, 90=133, 99=169, 99.9=5099, 99.99=5923] [UPDATE: Count=2864, Max=4955, Min=158, Avg=269.37, 90=338, 99=428, 99.9=3827, 99.99=4955] 
2026-04-29 15:17:46:846 15 sec: 71950 operations; 5576 current ops/sec; [READ: Count=2778, Max=5803, Min=5, Avg=74.94, 90=131, 99=167, 99.9=4703, 99.99=5803] [UPDATE: Count=2793, Max=16255, Min=161, Avg=279.64, 90=340, 99=427, 99.9=4227, 99.99=16255] 
2026-04-29 15:17:47:846 16 sec: 75727 operations; 3777 current ops/sec; [READ: Count=1935, Max=14543, Min=5, Avg=82.5, 90=140, 99=219, 99.9=4611, 99.99=14543] [UPDATE: Count=1840, Max=122175, Min=163, Avg=452.19, 90=674, 99=1330, 99.9=16751, 99.99=122175] 
2026-04-29 15:17:48:846 17 sec: 80616 operations; 4889 current ops/sec; [READ: Count=2394, Max=4739, Min=5, Avg=73.7, 90=137, 99=186, 99.9=4255, 99.99=4739] [UPDATE: Count=2497, Max=5239, Min=157, Avg=326.55, 90=542, 99=1180, 99.9=4287, 99.99=5239] 
2026-04-29 15:17:49:846 18 sec: 86160 operations; 5544 current ops/sec; [READ: Count=2760, Max=7627, Min=5, Avg=79.51, 90=142, 99=181, 99.9=4871, 99.99=7627] [UPDATE: Count=2784, Max=16943, Min=157, Avg=277.04, 90=347, 99=428, 99.9=5643, 99.99=16943] 
2026-04-29 15:17:50:490 - NewTail completed: 
2026-04-29 15:17:50:846 19 sec: 91712 operations; 5552 current ops/sec; [READ: Count=2772, Max=17727, Min=5, Avg=78.53, 90=140, 99=177, 99.9=3735, 99.99=17727] [UPDATE: Count=2780, Max=9271, Min=157, Avg=278.07, 90=347, 99=437, 99.9=5127, 99.99=9271] 
2026-04-29 15:17:51:791 - NewTail completed: 
2026-04-29 15:17:51:846 20 sec: 97323 operations; 5611 current ops/sec; [READ: Count=2833, Max=5671, Min=5, Avg=77.19, 90=144, 99=177, 99.9=4503, 99.99=5671] [UPDATE: Count=2779, Max=6183, Min=157, Avg=277.5, 90=353, 99=428, 99.9=5039, 99.99=6183] 
2026-04-29 15:17:52:846 21 sec: 101387 operations; 4064 current ops/sec; [READ: Count=2037, Max=10103, Min=5, Avg=85.25, 90=150, 99=199, 99.9=4479, 99.99=10103] [UPDATE: Count=2024, Max=123583, Min=162, Avg=404.7, 90=563, 99=1240, 99.9=4347, 99.99=123583] 
2026-04-29 15:17:53:694 - NewTail completed: 
2026-04-29 15:17:53:846 22 sec: 105152 operations; 3765 current ops/sec; [READ: Count=1876, Max=4459, Min=5, Avg=76.88, 90=141, 99=183, 99.9=3819, 99.99=4459] [UPDATE: Count=1891, Max=12183, Min=154, Avg=449.32, 90=851, 99=2014, 99.9=6779, 99.99=12183] 
2026-04-29 15:17:54:846 23 sec: 110756 operations; 5604 current ops/sec; [READ: Count=2752, Max=4983, Min=5, Avg=73.55, 90=138, 99=182, 99.9=3737, 99.99=4983] [UPDATE: Count=2851, Max=4339, Min=152, Avg=276.21, 90=351, 99=442, 99.9=4183, 99.99=4339] 
2026-04-29 15:17:55:846 24 sec: 115912 operations; 5156 current ops/sec; [READ: Count=2597, Max=10639, Min=5, Avg=76.41, 90=138, 99=187, 99.9=4191, 99.99=10639] [UPDATE: Count=2561, Max=87935, Min=157, Avg=309.89, 90=348, 99=439, 99.9=4443, 99.99=87935] 
2026-04-29 15:17:56:846 25 sec: 121003 operations; 5091 current ops/sec; [READ: Count=2543, Max=10591, Min=5, Avg=77.41, 90=138, 99=170, 99.9=4967, 99.99=10591] [UPDATE: Count=2546, Max=87743, Min=159, Avg=312.42, 90=343, 99=456, 99.9=5111, 99.99=87743] 
2026-04-29 15:17:57:846 26 sec: 125765 operations; 4762 current ops/sec; [READ: Count=2425, Max=5219, Min=5, Avg=71.11, 90=138, 99=174, 99.9=4767, 99.99=5219] [UPDATE: Count=2336, Max=114623, Min=158, Avg=351.25, 90=364, 99=1222, 99.9=4683, 99.99=114623] 
2026-04-29 15:17:58:846 27 sec: 129620 operations; 3855 current ops/sec; [READ: Count=1943, Max=4411, Min=5, Avg=78.28, 90=151, 99=201, 99.9=2669, 99.99=4411] [UPDATE: Count=1913, Max=16295, Min=158, Avg=439.7, 90=854, 99=1645, 99.9=10847, 99.99=16295] 
2026-04-29 15:17:59:846 28 sec: 134702 operations; 5082 current ops/sec; [READ: Count=2513, Max=5027, Min=5, Avg=78.41, 90=147, 99=190, 99.9=4447, 99.99=5027] [UPDATE: Count=2570, Max=87743, Min=153, Avg=309.25, 90=351, 99=448, 99.9=5147, 99.99=87743] 
2026-04-29 15:18:00:846 29 sec: 140356 operations; 5654 current ops/sec; [READ: Count=2829, Max=5215, Min=5, Avg=78.38, 90=140, 99=187, 99.9=4215, 99.99=5215] [UPDATE: Count=2823, Max=8743, Min=156, Avg=272.42, 90=347, 99=448, 99.9=4363, 99.99=8743] 
2026-04-29 15:18:01:846 30 sec: 145939 operations; 5583 current ops/sec; [READ: Count=2802, Max=9591, Min=5, Avg=77.25, 90=142, 99=192, 99.9=3935, 99.99=9591] [UPDATE: Count=2782, Max=18127, Min=152, Avg=278.56, 90=344, 99=457, 99.9=6023, 99.99=18127] 
2026-04-29 15:18:02:205 - NewTail completed: 
2026-04-29 15:18:02:846 31 sec: 151093 operations; 5154 current ops/sec; [READ: Count=2545, Max=14495, Min=5, Avg=74.98, 90=141, 99=188, 99.9=2009, 99.99=14495] [UPDATE: Count=2607, Max=5247, Min=151, Avg=269.47, 90=338, 99=515, 99.9=4639, 99.99=5247] 
2026-04-29 15:18:03:846 32 sec: 151655 operations; 562 current ops/sec; [READ: Count=282, Max=750, Min=6, Avg=81.38, 90=148, 99=639, 99.9=750, 99.99=750] [UPDATE: Count=280, Max=118207, Min=314, Avg=3836.9, 90=5163, 99=11359, 99.9=118207, 99.99=118207] 
2026-04-29 15:18:04:846 33 sec: 152413 operations; 758 current ops/sec; [READ: Count=384, Max=970, Min=5, Avg=75.78, 90=150, 99=579, 99.9=970, 99.99=970] [UPDATE: Count=374, Max=5955, Min=786, Avg=2592.27, 90=4037, 99=4983, 99.9=5955, 99.99=5955] 
2026-04-29 15:18:05:846 34 sec: 157049 operations; 4636 current ops/sec; [READ: Count=2340, Max=4667, Min=5, Avg=75.56, 90=137, 99=174, 99.9=4367, 99.99=4667] [UPDATE: Count=2299, Max=89023, Min=154, Avg=355.52, 90=387, 99=1409, 99.9=5731, 99.99=89023] 
2026-04-29 15:18:06:846 35 sec: 162684 operations; 5635 current ops/sec; [READ: Count=2831, Max=9487, Min=5, Avg=81.72, 90=141, 99=189, 99.9=4695, 99.99=9487] [UPDATE: Count=2803, Max=4931, Min=162, Avg=271.23, 90=345, 99=432, 99.9=2831, 99.99=4931] 
2026-04-29 15:18:07:846 36 sec: 168250 operations; 5566 current ops/sec; [READ: Count=2790, Max=5551, Min=5, Avg=75.32, 90=144, 99=179, 99.9=4839, 99.99=5551] [UPDATE: Count=2775, Max=18447, Min=156, Avg=281.47, 90=356, 99=432, 99.9=4611, 99.99=18447] 
2026-04-29 15:18:08:846 37 sec: 172496 operations; 4246 current ops/sec; [READ: Count=2125, Max=4335, Min=5, Avg=76.46, 90=148, 99=215, 99.9=1732, 99.99=4335] [UPDATE: Count=2122, Max=78079, Min=161, Avg=391.54, 90=559, 99=1262, 99.9=9983, 99.99=78079] 
2026-04-29 15:18:09:846 38 sec: 177970 operations; 5474 current ops/sec; [READ: Count=2706, Max=11167, Min=6, Avg=82.69, 90=145, 99=190, 99.9=4799, 99.99=11167] [UPDATE: Count=2768, Max=18639, Min=160, Avg=277.42, 90=344, 99=433, 99.9=4219, 99.99=18639] 
2026-04-29 15:18:10:846 39 sec: 183631 operations; 5661 current ops/sec; [READ: Count=2809, Max=4535, Min=5, Avg=73.04, 90=143, 99=192, 99.9=4203, 99.99=4535] [UPDATE: Count=2852, Max=4399, Min=158, Avg=275.62, 90=350, 99=441, 99.9=4163, 99.99=4399] 
2026-04-29 15:18:11:846 40 sec: 189356 operations; 5725 current ops/sec; [READ: Count=2920, Max=9463, Min=5, Avg=75.15, 90=140, 99=186, 99.9=4891, 99.99=9463] [UPDATE: Count=2806, Max=18367, Min=157, Avg=275.21, 90=346, 99=435, 99.9=5787, 99.99=18367] 
2026-04-29 15:18:12:846 41 sec: 194989 operations; 5633 current ops/sec; [READ: Count=2812, Max=5563, Min=5, Avg=75.61, 90=140, 99=178, 99.9=4531, 99.99=5563] [UPDATE: Count=2822, Max=19055, Min=163, Avg=276.06, 90=348, 99=425, 99.9=4239, 99.99=19055] 
2026-04-29 15:18:13:846 42 sec: 197910 operations; 2921 current ops/sec; [READ: Count=1406, Max=4243, Min=5, Avg=84.35, 90=157, 99=258, 99.9=2907, 99.99=4243] [UPDATE: Count=1514, Max=127295, Min=166, Avg=578.94, 90=855, 99=1403, 99.9=3977, 99.99=127295] 
2026-04-29 15:18:14:846 43 sec: 203349 operations; 5439 current ops/sec; [READ: Count=2717, Max=5943, Min=6, Avg=78.45, 90=147, 99=211, 99.9=4767, 99.99=5943] [UPDATE: Count=2721, Max=17791, Min=158, Avg=286.07, 90=361, 99=478, 99.9=5071, 99.99=17791] 
2026-04-29 15:18:15:846 44 sec: 208456 operations; 5107 current ops/sec; [READ: Count=2572, Max=4171, Min=6, Avg=79.71, 90=156, 99=231, 99.9=2713, 99.99=4171] [UPDATE: Count=2539, Max=19551, Min=165, Avg=310.03, 90=376, 99=522, 99.9=8247, 99.99=19551] 
2026-04-29 15:18:16:846 45 sec: 213811 operations; 5355 current ops/sec; [READ: Count=2656, Max=6023, Min=6, Avg=82.55, 90=151, 99=225, 99.9=4683, 99.99=6023] [UPDATE: Count=2695, Max=6135, Min=156, Avg=286.21, 90=373, 99=474, 99.9=5023, 99.99=6135] 
2026-04-29 15:18:16:922 - NewTail completed: 
2026-04-29 15:18:17:846 46 sec: 219118 operations; 5307 current ops/sec; [READ: Count=2663, Max=9119, Min=6, Avg=76.24, 90=147, 99=196, 99.9=4167, 99.99=9119] [UPDATE: Count=2644, Max=85311, Min=154, Avg=298.32, 90=342, 99=434, 99.9=4963, 99.99=85311] 
2026-04-29 15:18:18:846 47 sec: 222119 operations; 3001 current ops/sec; [READ: Count=1495, Max=3275, Min=6, Avg=82.86, 90=157, 99=241, 99.9=2093, 99.99=3275] [UPDATE: Count=1506, Max=119167, Min=155, Avg=578.48, 90=851, 99=1327, 99.9=20047, 99.99=119167] 
2026-04-29 15:18:19:846 48 sec: 227863 operations; 5744 current ops/sec; [READ: Count=2864, Max=5003, Min=6, Avg=75.17, 90=143, 99=186, 99.9=4347, 99.99=5003] [UPDATE: Count=2881, Max=5167, Min=156, Avg=269.39, 90=342, 99=416, 99.9=4895, 99.99=5167] 
2026-04-29 15:18:20:846 49 sec: 233571 operations; 5708 current ops/sec; [READ: Count=2915, Max=4823, Min=6, Avg=74.41, 90=144, 99=191, 99.9=4003, 99.99=4823] [UPDATE: Count=2792, Max=13407, Min=156, Avg=277.54, 90=340, 99=414, 99.9=7587, 99.99=13407] 
2026-04-29 15:18:21:846 50 sec: 239203 operations; 5632 current ops/sec; [READ: Count=2845, Max=10919, Min=6, Avg=74.53, 90=146, 99=195, 99.9=3517, 99.99=10919] [UPDATE: Count=2787, Max=17903, Min=157, Avg=279.73, 90=344, 99=432, 99.9=5031, 99.99=17903] 
2026-04-29 15:18:22:846 51 sec: 244916 operations; 5713 current ops/sec; [READ: Count=2879, Max=4903, Min=6, Avg=74.25, 90=145, 99=189, 99.9=4203, 99.99=4903] [UPDATE: Count=2835, Max=18335, Min=156, Avg=274.27, 90=344, 99=422, 99.9=5151, 99.99=18335] 
2026-04-29 15:18:23:846 52 sec: 248023 operations; 3107 current ops/sec; [READ: Count=1582, Max=5823, Min=6, Avg=84.61, 90=153, 99=220, 99.9=5491, 99.99=5823] [UPDATE: Count=1522, Max=122239, Min=160, Avg=565.26, 90=1052, 99=2229, 99.9=5063, 99.99=122239] 
2026-04-29 15:18:24:632 - NewTail completed: 
2026-04-29 15:18:24:846 53 sec: 252859 operations; 4836 current ops/sec; [READ: Count=2446, Max=6171, Min=6, Avg=82.38, 90=149, 99=213, 99.9=3949, 99.99=6171] [UPDATE: Count=2391, Max=4731, Min=156, Avg=331.06, 90=552, 99=1321, 99.9=2473, 99.99=4731] 
2026-04-29 15:18:25:846 54 sec: 258575 operations; 5716 current ops/sec; [READ: Count=2854, Max=3869, Min=6, Avg=69, 90=144, 99=189, 99.9=250, 99.99=3869] [UPDATE: Count=2863, Max=5011, Min=163, Avg=277.48, 90=349, 99=434, 99.9=4487, 99.99=5011] 
2026-04-29 15:18:26:846 55 sec: 263656 operations; 5081 current ops/sec; [READ: Count=2546, Max=4743, Min=6, Avg=77.64, 90=151, 99=219, 99.9=3677, 99.99=4743] [UPDATE: Count=2534, Max=84543, Min=159, Avg=313.58, 90=355, 99=448, 99.9=5027, 99.99=84543] 
2026-04-29 15:18:27:846 56 sec: 268715 operations; 5059 current ops/sec; [READ: Count=2503, Max=5599, Min=6, Avg=78.77, 90=156, 99=236, 99.9=708, 99.99=5599] [UPDATE: Count=2557, Max=21199, Min=160, Avg=310.8, 90=383, 99=528, 99.9=11151, 99.99=21199] 
2026-04-29 15:18:28:846 57 sec: 272423 operations; 3708 current ops/sec; [READ: Count=1847, Max=4487, Min=6, Avg=81.01, 90=154, 99=250, 99.9=4163, 99.99=4487] [UPDATE: Count=1859, Max=119999, Min=159, Avg=453.69, 90=828, 99=1451, 99.9=4207, 99.99=119999] 
2026-04-29 15:18:29:846 58 sec: 277165 operations; 4742 current ops/sec; [READ: Count=2422, Max=10343, Min=6, Avg=83.54, 90=157, 99=245, 99.9=4077, 99.99=10343] [UPDATE: Count=2321, Max=21567, Min=159, Avg=340.71, 90=444, 99=1374, 99.9=4159, 99.99=21567] 
2026-04-29 15:18:30:540 - NewTail completed: 
2026-04-29 15:18:30:846 59 sec: 282646 operations; 5481 current ops/sec; [READ: Count=2728, Max=5135, Min=6, Avg=82.51, 90=150, 99=220, 99.9=4779, 99.99=5135] [UPDATE: Count=2754, Max=4667, Min=161, Avg=278.43, 90=359, 99=454, 99.9=4315, 99.99=4667] 
2026-04-29 15:18:31:846 60 sec: 288269 operations; 5623 current ops/sec; [READ: Count=2861, Max=4017, Min=6, Avg=76.04, 90=154, 99=211, 99.9=3875, 99.99=4017] [UPDATE: Count=2762, Max=5595, Min=162, Avg=280.11, 90=362, 99=461, 99.9=5127, 99.99=5595] 
2026-04-29 15:18:32:846 61 sec: 293596 operations; 5327 current ops/sec; [READ: Count=2609, Max=9879, Min=6, Avg=83.49, 90=158, 99=218, 99.9=4041, 99.99=9879] [UPDATE: Count=2718, Max=20863, Min=162, Avg=284.77, 90=360, 99=442, 99.9=4127, 99.99=20863] 
2026-04-29 15:18:33:846 62 sec: 297101 operations; 3505 current ops/sec; [READ: Count=1783, Max=13823, Min=6, Avg=88.54, 90=153, 99=249, 99.9=4803, 99.99=13823] [UPDATE: Count=1720, Max=124863, Min=163, Avg=484.9, 90=368, 99=4595, 99.9=16447, 99.99=124863] 
2026-04-29 15:18:34:846 63 sec: 297982 operations; 881 current ops/sec; [READ: Count=427, Max=650, Min=6, Avg=80.34, 90=161, 99=306, 99.9=650, 99.99=650] [UPDATE: Count=455, Max=11247, Min=287, Avg=2124.38, 90=4299, 99=7603, 99.9=11247, 99.99=11247] 
2026-04-29 15:18:35:846 64 sec: 302764 operations; 4782 current ops/sec; [READ: Count=2392, Max=5375, Min=6, Avg=78.44, 90=156, 99=232, 99.9=3647, 99.99=5375] [UPDATE: Count=2389, Max=7691, Min=154, Avg=336.32, 90=555, 99=1058, 99.9=5207, 99.99=7691] 
2026-04-29 15:18:36:846 65 sec: 308079 operations; 5315 current ops/sec; [READ: Count=2619, Max=10567, Min=6, Avg=85.73, 90=155, 99=208, 99.9=5475, 99.99=10567] [UPDATE: Count=2697, Max=21215, Min=156, Avg=284.97, 90=361, 99=460, 99.9=4871, 99.99=21215] 
2026-04-29 15:18:37:846 66 sec: 313675 operations; 5596 current ops/sec; [READ: Count=2777, Max=4475, Min=6, Avg=76.38, 90=148, 99=200, 99.9=4163, 99.99=4475] [UPDATE: Count=2819, Max=11863, Min=161, Avg=276.64, 90=350, 99=424, 99.9=5067, 99.99=11863] 
2026-04-29 15:18:38:846 67 sec: 318109 operations; 4434 current ops/sec; [READ: Count=2207, Max=5675, Min=6, Avg=81.43, 90=156, 99=216, 99.9=4863, 99.99=5675] [UPDATE: Count=2227, Max=97471, Min=163, Avg=365.22, 90=435, 99=960, 99.9=4847, 99.99=97471] 
2026-04-29 15:18:39:846 68 sec: 323320 operations; 5211 current ops/sec; [READ: Count=2613, Max=9535, Min=6, Avg=84.51, 90=155, 99=225, 99.9=4087, 99.99=9535] [UPDATE: Count=2598, Max=21935, Min=160, Avg=296.77, 90=375, 99=826, 99.9=3665, 99.99=21935] 
2026-04-29 15:18:40:846 69 sec: 328831 operations; 5511 current ops/sec; [READ: Count=2758, Max=4467, Min=6, Avg=75.48, 90=151, 99=209, 99.9=3955, 99.99=4467] [UPDATE: Count=2755, Max=22367, Min=160, Avg=284.47, 90=356, 99=448, 99.9=4827, 99.99=22367] 
2026-04-29 15:18:41:846 70 sec: 334540 operations; 5709 current ops/sec; [READ: Count=2881, Max=5119, Min=6, Avg=72.72, 90=150, 99=199, 99.9=4127, 99.99=5119] [UPDATE: Count=2828, Max=22095, Min=155, Avg=276.52, 90=347, 99=429, 99.9=4943, 99.99=22095] 
2026-04-29 15:18:42:846 71 sec: 340227 operations; 5687 current ops/sec; [READ: Count=2809, Max=9671, Min=6, Avg=78.52, 90=151, 99=198, 99.9=4439, 99.99=9671] [UPDATE: Count=2877, Max=4775, Min=155, Avg=268.01, 90=348, 99=428, 99.9=4635, 99.99=4775] 
2026-04-29 15:18:42:956 - NewTail completed: 
2026-04-29 15:18:43:846 72 sec: 345250 operations; 5023 current ops/sec; [READ: Count=2553, Max=4951, Min=6, Avg=76.22, 90=152, 99=217, 99.9=4507, 99.99=4951] [UPDATE: Count=2469, Max=125311, Min=155, Avg=323.1, 90=352, 99=582, 99.9=4431, 99.99=125311] 
2026-04-29 15:18:44:846 73 sec: 349118 operations; 3868 current ops/sec; [READ: Count=2002, Max=1760, Min=7, Avg=74.53, 90=156, 99=208, 99.9=556, 99.99=1760] [UPDATE: Count=1866, Max=18127, Min=156, Avg=452.83, 90=809, 99=1312, 99.9=4839, 99.99=18127] 
2026-04-29 15:18:45:846 74 sec: 354400 operations; 5282 current ops/sec; [READ: Count=2606, Max=4611, Min=7, Avg=85.48, 90=163, 99=276, 99.9=3881, 99.99=4611] [UPDATE: Count=2676, Max=10247, Min=154, Avg=287.31, 90=375, 99=516, 99.9=4591, 99.99=10247] 
2026-04-29 15:18:46:846 75 sec: 359739 operations; 5339 current ops/sec; [READ: Count=2644, Max=15199, Min=7, Avg=82.94, 90=156, 99=229, 99.9=3901, 99.99=15199] [UPDATE: Count=2695, Max=22767, Min=160, Avg=286.6, 90=364, 99=495, 99.9=4479, 99.99=22767] 
2026-04-29 15:18:47:467 - NewTail completed: 
2026-04-29 15:18:47:846 76 sec: 365417 operations; 5678 current ops/sec; [READ: Count=2821, Max=5987, Min=7, Avg=78.31, 90=154, 99=226, 99.9=5171, 99.99=5987] [UPDATE: Count=2857, Max=5787, Min=154, Avg=269.77, 90=361, 99=463, 99.9=4495, 99.99=5787] 
2026-04-29 15:18:48:846 77 sec: 370643 operations; 5226 current ops/sec; [READ: Count=2553, Max=9759, Min=7, Avg=81.93, 90=160, 99=225, 99.9=3911, 99.99=9759] [UPDATE: Count=2672, Max=7871, Min=156, Avg=284.7, 90=360, 99=505, 99.9=5043, 99.99=7871] 
2026-04-29 15:18:48:950 - NewTail completed: 
2026-04-29 15:18:49:846 78 sec: 373756 operations; 3113 current ops/sec; [READ: Count=1525, Max=3733, Min=7, Avg=85.67, 90=168, 99=269, 99.9=2359, 99.99=3733] [UPDATE: Count=1590, Max=125631, Min=159, Avg=557.45, 90=864, 99=1411, 99.9=7311, 99.99=125631] 
2026-04-29 15:18:50:846 79 sec: 379071 operations; 5315 current ops/sec; [READ: Count=2689, Max=4267, Min=7, Avg=78.94, 90=157, 99=248, 99.9=3759, 99.99=4267] [UPDATE: Count=2626, Max=23199, Min=156, Avg=296.94, 90=375, 99=519, 99.9=4419, 99.99=23199] 
2026-04-29 15:18:51:846 80 sec: 384668 operations; 5597 current ops/sec; [READ: Count=2791, Max=5895, Min=7, Avg=85.55, 90=154, 99=243, 99.9=4655, 99.99=5895] [UPDATE: Count=2806, Max=4347, Min=162, Avg=268.33, 90=353, 99=456, 99.9=763, 99.99=4347] 
2026-04-29 15:18:52:846 81 sec: 390057 operations; 5389 current ops/sec; [READ: Count=2683, Max=11559, Min=7, Avg=84.82, 90=160, 99=225, 99.9=4515, 99.99=11559] [UPDATE: Count=2707, Max=6039, Min=162, Avg=282.46, 90=362, 99=448, 99.9=4935, 99.99=6039] 
2026-04-29 15:18:53:846 82 sec: 395438 operations; 5381 current ops/sec; [READ: Count=2666, Max=4847, Min=7, Avg=77.88, 90=161, 99=222, 99.9=4575, 99.99=4847] [UPDATE: Count=2715, Max=23647, Min=165, Avg=288.66, 90=368, 99=462, 99.9=4947, 99.99=23647] 
2026-04-29 15:18:54:846 83 sec: 397800 operations; 2362 current ops/sec; [READ: Count=1216, Max=3731, Min=7, Avg=88.27, 90=173, 99=284, 99.9=1632, 99.99=3731] [UPDATE: Count=1144, Max=117631, Min=166, Avg=776.67, 90=1201, 99=2381, 99.9=9535, 99.99=117631] 
2026-04-29 15:18:55:846 84 sec: 403057 operations; 5257 current ops/sec; [READ: Count=2574, Max=4077, Min=7, Avg=80.77, 90=160, 99=229, 99.9=739, 99.99=4077] [UPDATE: Count=2684, Max=5583, Min=162, Avg=292.22, 90=366, 99=474, 99.9=4915, 99.99=5583] 
2026-04-29 15:18:56:846 85 sec: 408374 operations; 5317 current ops/sec; [READ: Count=2649, Max=4867, Min=7, Avg=83.13, 90=157, 99=246, 99.9=4443, 99.99=4867] [UPDATE: Count=2667, Max=24095, Min=163, Avg=289.19, 90=363, 99=461, 99.9=4227, 99.99=24095] 
2026-04-29 15:18:57:846 86 sec: 413717 operations; 5343 current ops/sec; [READ: Count=2697, Max=9703, Min=7, Avg=85.77, 90=154, 99=244, 99.9=4455, 99.99=9703] [UPDATE: Count=2649, Max=5631, Min=167, Avg=287.26, 90=373, 99=507, 99.9=4115, 99.99=5631] 
2026-04-29 15:18:58:846 87 sec: 418904 operations; 5187 current ops/sec; [READ: Count=2543, Max=10879, Min=7, Avg=83.95, 90=161, 99=234, 99.9=4019, 99.99=10879] [UPDATE: Count=2642, Max=17903, Min=164, Avg=294.58, 90=370, 99=477, 99.9=4707, 99.99=17903] 
2026-04-29 15:18:59:846 88 sec: 421802 operations; 2898 current ops/sec; [READ: Count=1437, Max=1374, Min=7, Avg=74.6, 90=156, 99=235, 99.9=1310, 99.99=1374] [UPDATE: Count=1462, Max=115007, Min=166, Avg=607.21, 90=1046, 99=1927, 99.9=5275, 99.99=115007] 
2026-04-29 15:19:00:177 - Compaction started: 
140021696816704:Compacting datalog/91 datalog/92 into:sstable1/ae123ba1-e5e8-48e9-828e-649a03c0db26202604290917311777475940351588683.sst
2026-04-29 15:19:00:642 - Compaction completed: 
2026-04-29 15:19:00:846 89 sec: 427156 operations; 5354 current ops/sec; [READ: Count=2658, Max=6563, Min=7, Avg=84.69, 90=155, 99=241, 99.9=4763, 99.99=6563] [UPDATE: Count=2695, Max=24047, Min=163, Avg=284.63, 90=362, 99=453, 99.9=4163, 99.99=24047] 
Maximum time elapsed. Requesting stop for the workload.
Stop requested for workload. Now Joining!
[OZONEDB-PROFILE] reads=432510  avg_total=76.56us  view=5.91us(7.7%)  log=9.23us(12.1%)  sst=94.60us_per_call x 279774_calls(79.9%_of_total)
[OZONEDB-SST-PROFILE] level | time_total_ms | enters | range_rejects | table_gets | hits
[OZONEDB-SST-PROFILE] L1  |      6253.93 |  1151589 |        41366 |    1110223 |  73296
[OZONEDB-SST-PROFILE] L2  |      7550.21 |  1172390 |       141050 |    1031340 |  73842
[OZONEDB-SST-PROFILE] L3  |       936.42 |   265034 |       132401 |     132633 |   8770
[OZONEDB-SST-PROFILE] L4  |       945.00 |   247309 |       123448 |     123861 |   8850
[OZONEDB-SST-PROFILE] L5  |       836.65 |   229752 |       114747 |     115005 |   8620
[OZONEDB-SST-PROFILE] L6  |       863.22 |   212516 |       106124 |     106392 |   8871
[OZONEDB-SST-PROFILE] L7  |      8900.03 |   336680 |           18 |     336662 |  97525
[OZONEDB-TBL-PROFILE] file_filter_reject=2646036  block_filter_reject=29956  index_invalid=0  block_read_more=258482  hit_from_cache=21642  miss_after_read=350  found=279774
2026-04-29 15:19:01:846 90 sec: 432507 operations; 5351 current ops/sec; [READ: Count=2696, Max=4491, Min=7, Avg=80.79, 90=151, 99=228, 99.9=4115, 99.99=4491] [UPDATE: Count=2654, Max=24303, Min=167, Avg=291.58, 90=360, 99=459, 99.9=4203, 99.99=24303] 
2026-04-29 15:19:01:882 90 sec: 432510 operations; 83.33 current ops/sec; [READ: Count=1, Max=132, Min=132, Avg=132, 90=132, 99=132, 99.9=132, 99.99=132] [CLEANUP: Count=1, Max=34495, Min=34464, Avg=34480, 90=34495, 99=34495, 99.9=34495, 99.99=34495] [UPDATE: Count=1, Max=307, Min=307, Avg=307, 90=307, 99=307, 99.9=307, 99.99=307] 
[OVERALL], RunTime(ms), 90036
[OVERALL], Throughput(ops/sec), 4803.745168599227
[TOTAL_GCS_PS_Scavenge], Count, 5
[TOTAL_GC_TIME_PS_Scavenge], Time(ms), 20
[TOTAL_GC_TIME_%_PS_Scavenge], Time(%), 0.022213336887467235
[TOTAL_GCS_PS_MarkSweep], Count, 0
[TOTAL_GC_TIME_PS_MarkSweep], Time(ms), 0
[TOTAL_GC_TIME_%_PS_MarkSweep], Time(%), 0.0
[TOTAL_GCs], Count, 5
[TOTAL_GC_TIME], Time(ms), 20
[TOTAL_GC_TIME_%], Time(%), 0.022213336887467235
[READ], Operations, 215883
[READ], AverageLatency(us), 79.31192358823992
[READ], MinLatency(us), 4
[READ], MaxLatency(us), 48927
[READ], 95thPercentileLatency(us), 164
[READ], 99thPercentileLatency(us), 214
[READ], Return=OK, 215883
[CLEANUP], Operations, 1
[CLEANUP], AverageLatency(us), 34480.0
[CLEANUP], MinLatency(us), 34464
[CLEANUP], MaxLatency(us), 34495
[CLEANUP], 95thPercentileLatency(us), 34495
[CLEANUP], 99thPercentileLatency(us), 34495
[UPDATE], Operations, 216627
[UPDATE], AverageLatency(us), 331.3142359908968
[UPDATE], MinLatency(us), 151
[UPDATE], MaxLatency(us), 127295
[UPDATE], 95thPercentileLatency(us), 531
[UPDATE], 99thPercentileLatency(us), 1297
[UPDATE], Return=OK, 216627
	Command being timed: "/usr/lib/jvm/java-8-openjdk-amd64/bin/java -cp /users/Xinying/ozonedb/ycsb/ozonedb/conf:/users/Xinying/ozonedb/ycsb/ozonedb/target/ozonedb-binding-0.18.0-SNAPSHOT.jar:/users/Xinying/.m2/repository/org/apache/htrace/htrace-core4/4.1.0-incubating/htrace-core4-4.1.0-incubating.jar:/users/Xinying/.m2/repository/org/slf4j/slf4j-api/1.7.25/slf4j-api-1.7.25.jar:/users/Xinying/.m2/repository/org/hdrhistogram/HdrHistogram/2.1.12/HdrHistogram-2.1.12.jar:/users/Xinying/.m2/repository/ch/qos/logback/logback-classic/1.2.3/logback-classic-1.2.3.jar:/users/Xinying/.m2/repository/ozonedbjnimaven/demoproc-jni/1.0/demoproc-jni-1.0.jar:/users/Xinying/.m2/repository/ch/qos/logback/logback-core/1.2.3/logback-core-1.2.3.jar:/users/Xinying/.m2/repository/org/codehaus/jackson/jackson-mapper-asl/1.9.4/jackson-mapper-asl-1.9.4.jar:/users/Xinying/.m2/repository/org/slf4j/slf4j-simple/1.7.25/slf4j-simple-1.7.25.jar:/users/Xinying/.m2/repository/org/codehaus/jackson/jackson-core-asl/1.9.4/jackson-core-asl-1.9.4.jar:/users/Xinying/ozonedb/ycsb/core/target/core-0.18.0-SNAPSHOT.jar site.ycsb.Client -db site.ycsb.db.OzoneDBClient -threads 1 -s -P /users/Xinying/ozonedb/ycsb/workloads/generated_workloads/workloada_1KB_1000000_1000000 -p status.interval=1 -p maxexecutiontime=90 -p operationcount=0 -p shared_config=/tmp/phase1_ozonedb_configs/shared_config_SHARED_workloada_p8_r1_proc6.json -t"
	User time (seconds): 29.08
	System time (seconds): 35.65
	Percent of CPU this job got: 70%
	Elapsed (wall clock) time (h:mm:ss or m:ss): 1:32.45
	Average shared text size (kbytes): 0
	Average unshared data size (kbytes): 0
	Average stack size (kbytes): 0
	Average total size (kbytes): 0
	Maximum resident set size (kbytes): 4987336
	Average resident set size (kbytes): 0
	Major (requiring I/O) page faults: 345
	Minor (reclaiming a frame) page faults: 1267886
	Voluntary context switches: 590856
	Involuntary context switches: 917
	Swaps: 0
	File system inputs: 8367081
	File system outputs: 590829
	Socket messages sent: 0
	Socket messages received: 0
	Signals delivered: 0
	Page size (bytes): 4096
	Exit status: 0
