# CMD: /usr/bin/time -v /usr/lib/jvm/java-8-openjdk-amd64/bin/java -cp /users/Xinying/ozonedb/ycsb/ozonedb/conf:/users/Xinying/ozonedb/ycsb/ozonedb/target/ozonedb-binding-0.18.0-SNAPSHOT.jar:/users/Xinying/.m2/repository/org/apache/htrace/htrace-core4/4.1.0-incubating/htrace-core4-4.1.0-incubating.jar:/users/Xinying/.m2/repository/org/slf4j/slf4j-api/1.7.25/slf4j-api-1.7.25.jar:/users/Xinying/.m2/repository/org/hdrhistogram/HdrHistogram/2.1.12/HdrHistogram-2.1.12.jar:/users/Xinying/.m2/repository/ch/qos/logback/logback-classic/1.2.3/logback-classic-1.2.3.jar:/users/Xinying/.m2/repository/ozonedbjnimaven/demoproc-jni/1.0/demoproc-jni-1.0.jar:/users/Xinying/.m2/repository/ch/qos/logback/logback-core/1.2.3/logback-core-1.2.3.jar:/users/Xinying/.m2/repository/org/codehaus/jackson/jackson-mapper-asl/1.9.4/jackson-mapper-asl-1.9.4.jar:/users/Xinying/.m2/repository/org/slf4j/slf4j-simple/1.7.25/slf4j-simple-1.7.25.jar:/users/Xinying/.m2/repository/org/codehaus/jackson/jackson-core-asl/1.9.4/jackson-core-asl-1.9.4.jar:/users/Xinying/ozonedb/ycsb/core/target/core-0.18.0-SNAPSHOT.jar site.ycsb.Client -db site.ycsb.db.OzoneDBClient -threads 1 -s -P /users/Xinying/ozonedb/ycsb/workloads/generated_workloads/workloadd_1KB_1000000_1000000 -p status.interval=1 -p maxexecutiontime=90 -p operationcount=0 -p shared_config=/tmp/phase1_ozonedb_configs/shared_config_SHARED_workloadd_p16_r1_proc10.json -t
# shared_work_path=/tank/ycsb_data/multi-proc-run/shared_ozonedb  proc_id=10/16
Command line: -db site.ycsb.db.OzoneDBClient -threads 1 -s -P /users/Xinying/ozonedb/ycsb/workloads/generated_workloads/workloadd_1KB_1000000_1000000 -p status.interval=1 -p maxexecutiontime=90 -p operationcount=0 -p shared_config=/tmp/phase1_ozonedb_configs/shared_config_SHARED_workloadd_p16_r1_proc10.json -t
YCSB Client 0.18.0-SNAPSHOT

Loading workload...
Starting test.
SLF4J: Class path contains multiple SLF4J bindings.
SLF4J: Found binding in [jar:file:/users/Xinying/.m2/repository/ch/qos/logback/logback-classic/1.2.3/logback-classic-1.2.3.jar!/org/slf4j/impl/StaticLoggerBinder.class]
SLF4J: Found binding in [jar:file:/users/Xinying/.m2/repository/org/slf4j/slf4j-simple/1.7.25/slf4j-simple-1.7.25.jar!/org/slf4j/impl/StaticLoggerBinder.class]
SLF4J: See http://www.slf4j.org/codes.html#multiple_bindings for an explanation.
SLF4J: Actual binding is of type [ch.qos.logback.classic.util.ContextSelectorStaticBinder]
Maximum execution time specified as: 90 secs
2026-04-29 15:38:57:125 0 sec: 0 operations; 
Starting compaction watcher
DBWrapper: report latency for each error is false and specific error codes to track for latency are: []
2026-04-29 15:38:58:125 1 sec: 8152 operations; 8152 current ops/sec; [READ: Count=5934, Max=48895, Min=5, Avg=58.42, 90=112, 99=189, 99.9=3455, 99.99=48895] [INSERT: Count=428, Max=34367, Min=188, Avg=503.23, 90=571, 99=4347, 99.9=34367, 99.99=34367] [READ-FAILED: Count=1847, Max=2973, Min=33, Avg=64.96, 90=77, 99=184, 99.9=2467, 99.99=2973] 
2026-04-29 15:38:59:125 2 sec: 24037 operations; 15885 current ops/sec; [READ: Count=12480, Max=5219, Min=4, Avg=41.01, 90=105, 99=172, 99.9=840, 99.99=4503] [INSERT: Count=813, Max=55199, Min=167, Avg=361.22, 90=288, 99=541, 99.9=55199, 99.99=55199] [READ-FAILED: Count=2551, Max=210, Min=33, Avg=59.82, 90=77, 99=105, 99.9=194, 99.99=210] 
2026-04-29 15:39:00:125 3 sec: 42819 operations; 18782 current ops/sec; [READ: Count=13653, Max=4907, Min=4, Avg=38.28, 90=96, 99=154, 99.9=593, 99.99=4603] [INSERT: Count=951, Max=1690, Min=163, Avg=229.36, 90=272, 99=510, 99.9=1690, 99.99=1690] [READ-FAILED: Count=4173, Max=202, Min=33, Avg=53.49, 90=66, 99=91, 99.9=169, 99.99=202] 
2026-04-29 15:39:00:601 - NewTail completed: 
2026-04-29 15:39:01:125 4 sec: 61424 operations; 18605 current ops/sec; [READ: Count=15425, Max=4367, Min=4, Avg=39.89, 90=104, 99=188, 99.9=559, 99.99=4057] [INSERT: Count=936, Max=1269, Min=163, Avg=234.91, 90=281, 99=365, 99.9=1269, 99.99=1269] [READ-FAILED: Count=2243, Max=177, Min=31, Avg=56.61, 90=75, 99=95, 99.9=171, 99.99=177] 
2026-04-29 15:39:02:125 5 sec: 80630 operations; 19206 current ops/sec; [READ: Count=15688, Max=4011, Min=5, Avg=39.06, 90=94, 99=170, 99.9=406, 99.99=3545] [INSERT: Count=1002, Max=890, Min=157, Avg=219.05, 90=261, 99=345, 99.9=821, 99.99=890] [READ-FAILED: Count=2508, Max=179, Min=35, Avg=54.81, 90=68, 99=89, 99.9=163, 99.99=179] 
2026-04-29 15:39:03:125 6 sec: 96650 operations; 16020 current ops/sec; [READ: Count=12591, Max=3085, Min=5, Avg=38.35, 90=98, 99=162, 99.9=289, 99.99=2961] [INSERT: Count=827, Max=103103, Min=156, Avg=411.79, 90=504, 99=1128, 99.9=103103, 99.99=103103] [READ-FAILED: Count=2609, Max=187, Min=35, Avg=57.33, 90=72, 99=92, 99.9=137, 99.99=187] 
2026-04-29 15:39:04:125 7 sec: 116908 operations; 20258 current ops/sec; [READ: Count=17537, Max=3475, Min=5, Avg=36.48, 90=100, 99=179, 99.9=328, 99.99=3037] [INSERT: Count=963, Max=2491, Min=154, Avg=235.97, 90=288, 99=389, 99.9=2491, 99.99=2491] [READ-FAILED: Count=1760, Max=187, Min=33, Avg=57.5, 90=76, 99=98, 99.9=150, 99.99=187] 
2026-04-29 15:39:05:125 8 sec: 135349 operations; 18441 current ops/sec; [READ: Count=15126, Max=4583, Min=5, Avg=35.77, 90=94, 99=157, 99.9=274, 99.99=3305] [INSERT: Count=934, Max=88575, Min=156, Avg=323.97, 90=275, 99=717, 99.9=88575, 99.99=88575] [READ-FAILED: Count=2371, Max=196, Min=34, Avg=54.93, 90=70, 99=93, 99.9=163, 99.99=196] 
2026-04-29 15:39:06:125 9 sec: 155078 operations; 19729 current ops/sec; [READ: Count=15121, Max=3285, Min=5, Avg=37.22, 90=97, 99=157, 99.9=314, 99.99=3267] [INSERT: Count=1008, Max=1820, Min=152, Avg=216.54, 90=265, 99=361, 99.9=958, 99.99=1820] [READ-FAILED: Count=3615, Max=315, Min=33, Avg=52.41, 90=65, 99=86, 99.9=156, 99.99=315] 
2026-04-29 15:39:07:125 10 sec: 173449 operations; 18371 current ops/sec; [READ: Count=13622, Max=5163, Min=5, Avg=39.62, 90=101, 99=160, 99.9=711, 99.99=4751] [INSERT: Count=949, Max=5627, Min=160, Avg=236.49, 90=279, 99=464, 99.9=5627, 99.99=5627] [READ-FAILED: Count=3799, Max=2597, Min=32, Avg=54.97, 90=71, 99=95, 99.9=204, 99.99=2597] 
2026-04-29 15:39:08:125 11 sec: 190033 operations; 16584 current ops/sec; [READ: Count=12876, Max=3389, Min=5, Avg=37.78, 90=102, 99=171, 99.9=321, 99.99=3239] [INSERT: Count=804, Max=112447, Min=168, Avg=407.56, 90=345, 99=985, 99.9=112447, 99.99=112447] [READ-FAILED: Count=2897, Max=244, Min=33, Avg=55.82, 90=72, 99=93, 99.9=174, 99.99=244] 
2026-04-29 15:39:09:125 12 sec: 211411 operations; 21378 current ops/sec; [READ: Count=17826, Max=36991, Min=5, Avg=34.89, 90=90, 99=158, 99.9=349, 99.99=3495] [INSERT: Count=1018, Max=4323, Min=159, Avg=214.92, 90=251, 99=310, 99.9=509, 99.99=4323] [READ-FAILED: Count=2530, Max=184, Min=35, Avg=53.51, 90=65, 99=87, 99.9=173, 99.99=184] 
2026-04-29 15:39:10:125 13 sec: 231661 operations; 20250 current ops/sec; [READ: Count=14117, Max=3345, Min=5, Avg=35.77, 90=92, 99=137, 99.9=354, 99.99=3261] [INSERT: Count=1022, Max=692, Min=157, Avg=207.4, 90=247, 99=336, 99.9=463, 99.99=692] [READ-FAILED: Count=5116, Max=177, Min=34, Avg=50.9, 90=60, 99=77, 99.9=148, 99.99=177] 
2026-04-29 15:39:11:125 14 sec: 251316 operations; 19655 current ops/sec; [READ: Count=14492, Max=4427, Min=5, Avg=34.84, 90=92, 99=145, 99.9=307, 99.99=3833] [INSERT: Count=951, Max=52959, Min=158, Avg=264.71, 90=251, 99=316, 99.9=52959, 99.99=52959] [READ-FAILED: Count=4214, Max=328, Min=34, Avg=52.47, 90=64, 99=85, 99.9=109, 99.99=328] 
2026-04-29 15:39:12:125 15 sec: 270306 operations; 18990 current ops/sec; [READ: Count=14647, Max=3275, Min=5, Avg=35.85, 90=98, 99=157, 99.9=374, 99.99=2981] [INSERT: Count=964, Max=51999, Min=165, Avg=275.45, 90=256, 99=356, 99.9=51999, 99.99=51999] [READ-FAILED: Count=3372, Max=177, Min=35, Avg=55.33, 90=70, 99=89, 99.9=105, 99.99=177] 
2026-04-29 15:39:13:125 16 sec: 288333 operations; 18027 current ops/sec; [READ: Count=15873, Max=3101, Min=5, Avg=35.51, 90=97, 99=176, 99.9=381, 99.99=3073] [INSERT: Count=873, Max=102975, Min=158, Avg=395.53, 90=525, 99=1122, 99.9=102975, 99.99=102975] [READ-FAILED: Count=1282, Max=158, Min=35, Avg=55.27, 90=68, 99=94, 99.9=113, 99.99=158] 
2026-04-29 15:39:14:125 17 sec: 306463 operations; 18130 current ops/sec; [READ: Count=13043, Max=3659, Min=5, Avg=39.53, 90=102, 99=158, 99.9=344, 99.99=3647] [INSERT: Count=994, Max=11871, Min=163, Avg=233.13, 90=266, 99=349, 99.9=11871, 99.99=11871] [READ-FAILED: Count=4096, Max=213, Min=35, Avg=56.33, 90=72, 99=94, 99.9=176, 99.99=213] 
2026-04-29 15:39:15:125 18 sec: 326336 operations; 19873 current ops/sec; [READ: Count=15134, Max=3681, Min=5, Avg=36.7, 90=100, 99=163, 99.9=305, 99.99=3325] [INSERT: Count=978, Max=1418, Min=157, Avg=215.56, 90=260, 99=341, 99.9=1418, 99.99=1418] [READ-FAILED: Count=3753, Max=185, Min=35, Avg=55.93, 90=73, 99=93, 99.9=127, 99.99=185] 
2026-04-29 15:39:16:125 19 sec: 346418 operations; 20082 current ops/sec; [READ: Count=15624, Max=3685, Min=5, Avg=35.58, 90=96, 99=161, 99.9=398, 99.99=3683] [INSERT: Count=998, Max=7551, Min=158, Avg=231.93, 90=266, 99=363, 99.9=7551, 99.99=7551] [READ-FAILED: Count=3464, Max=209, Min=35, Avg=54.87, 90=68, 99=90, 99.9=135, 99.99=209] 
2026-04-29 15:39:17:125 20 sec: 366793 operations; 20375 current ops/sec; [READ: Count=16178, Max=5555, Min=5, Avg=36.68, 90=93, 99=156, 99.9=377, 99.99=3697] [INSERT: Count=947, Max=1644, Min=151, Avg=215.63, 90=258, 99=325, 99.9=1644, 99.99=1644] [READ-FAILED: Count=3247, Max=162, Min=35, Avg=55.18, 90=67, 99=90, 99.9=126, 99.99=162] 
2026-04-29 15:39:18:125 21 sec: 384510 operations; 17717 current ops/sec; [READ: Count=14311, Max=3827, Min=5, Avg=35.28, 90=96, 99=163, 99.9=315, 99.99=3407] [INSERT: Count=834, Max=101375, Min=155, Avg=395.7, 90=359, 99=1153, 99.9=101375, 99.99=101375] [READ-FAILED: Count=2576, Max=233, Min=35, Avg=56.17, 90=70, 99=93, 99.9=166, 99.99=233] 
2026-04-29 15:39:19:125 22 sec: 404166 operations; 19656 current ops/sec; [READ: Count=16571, Max=3535, Min=5, Avg=37.68, 90=106, 99=177, 99.9=263, 99.99=3209] [INSERT: Count=1013, Max=2307, Min=150, Avg=222.18, 90=272, 99=361, 99.9=864, 99.99=2307] [READ-FAILED: Count=2071, Max=330, Min=36, Avg=61.34, 90=79, 99=99, 99.9=143, 99.99=330] 
2026-04-29 15:39:20:125 23 sec: 424183 operations; 20017 current ops/sec; [READ: Count=16738, Max=3749, Min=5, Avg=35.12, 90=97, 99=170, 99.9=356, 99.99=3219] [INSERT: Count=971, Max=53375, Min=145, Avg=263.16, 90=254, 99=329, 99.9=53375, 99.99=53375] [READ-FAILED: Count=2304, Max=199, Min=35, Avg=57.4, 90=74, 99=95, 99.9=147, 99.99=199] 
2026-04-29 15:39:21:125 24 sec: 444294 operations; 20111 current ops/sec; [READ: Count=16366, Max=3865, Min=5, Avg=37.14, 90=100, 99=167, 99.9=279, 99.99=3527] [INSERT: Count=976, Max=462, Min=140, Avg=210.69, 90=260, 99=320, 99.9=462, 99.99=462] [READ-FAILED: Count=2769, Max=197, Min=36, Avg=59.36, 90=78, 99=101, 99.9=141, 99.99=197] 
2026-04-29 15:39:22:125 25 sec: 464645 operations; 20351 current ops/sec; [READ: Count=15549, Max=3327, Min=5, Avg=35.29, 90=93, 99=153, 99.9=289, 99.99=3207] [INSERT: Count=1023, Max=3369, Min=160, Avg=215.39, 90=254, 99=322, 99.9=613, 99.99=3369] [READ-FAILED: Count=3786, Max=176, Min=37, Avg=55.24, 90=66, 99=87, 99.9=150, 99.99=176] 
2026-04-29 15:39:23:125 26 sec: 482068 operations; 17423 current ops/sec; [READ: Count=13817, Max=3455, Min=5, Avg=37.46, 90=102, 99=160, 99.9=345, 99.99=3295] [INSERT: Count=866, Max=102783, Min=157, Avg=344.77, 90=269, 99=720, 99.9=102783, 99.99=102783] [READ-FAILED: Count=2736, Max=304, Min=37, Avg=59.6, 90=72, 99=95, 99.9=189, 99.99=304] 
2026-04-29 15:39:24:125 27 sec: 499090 operations; 17022 current ops/sec; [READ: Count=15624, Max=3737, Min=5, Avg=41.54, 90=115, 99=213, 99.9=414, 99.99=3689] [INSERT: Count=878, Max=54623, Min=168, Avg=333.56, 90=333, 99=1011, 99.9=54623, 99.99=54623] [READ-FAILED: Count=522, Max=217, Min=44, Avg=72.61, 90=94, 99=127, 99.9=217, 99.99=217] 
2026-04-29 15:39:25:125 28 sec: 518773 operations; 19683 current ops/sec; [READ: Count=16262, Max=5399, Min=6, Avg=37.82, 90=102, 99=173, 99.9=299, 99.99=3451] [INSERT: Count=1015, Max=370, Min=158, Avg=215.21, 90=257, 99=316, 99.9=365, 99.99=370] [READ-FAILED: Count=2406, Max=195, Min=38, Avg=59.65, 90=74, 99=99, 99.9=166, 99.99=195] 
2026-04-29 15:39:26:125 29 sec: 538254 operations; 19481 current ops/sec; [READ: Count=16435, Max=4671, Min=6, Avg=34.09, 90=95, 99=157, 99.9=287, 99.99=3551] [INSERT: Count=981, Max=83263, Min=155, Avg=301.68, 90=255, 99=319, 99.9=83263, 99.99=83263] [READ-FAILED: Count=2071, Max=123, Min=42, Avg=59.03, 90=71, 99=89, 99.9=99, 99.99=123] 
2026-04-29 15:39:27:125 30 sec: 558241 operations; 19987 current ops/sec; [READ: Count=16004, Max=3671, Min=5, Avg=35.91, 90=98, 99=161, 99.9=257, 99.99=3563] [INSERT: Count=980, Max=5427, Min=161, Avg=228.66, 90=262, 99=351, 99.9=5427, 99.99=5427] [READ-FAILED: Count=3000, Max=317, Min=38, Avg=59.41, 90=75, 99=96, 99.9=130, 99.99=317] 
2026-04-29 15:39:28:125 31 sec: 576211 operations; 17970 current ops/sec; [READ: Count=12750, Max=3699, Min=6, Avg=41.29, 90=100, 99=152, 99.9=351, 99.99=3591] [INSERT: Count=932, Max=3123, Min=148, Avg=209.62, 90=247, 99=325, 99.9=3123, 99.99=3123] [READ-FAILED: Count=4280, Max=281, Min=37, Avg=57.88, 90=71, 99=94, 99.9=184, 99.99=281] 
2026-04-29 15:39:29:125 32 sec: 592992 operations; 16781 current ops/sec; [READ: Count=12759, Max=3305, Min=6, Avg=38.27, 90=100, 99=158, 99.9=275, 99.99=3281] [INSERT: Count=843, Max=108287, Min=159, Avg=379.26, 90=296, 99=1079, 99.9=108287, 99.99=108287] [READ-FAILED: Count=3191, Max=174, Min=39, Avg=57.21, 90=70, 99=94, 99.9=133, 99.99=174] 
2026-04-29 15:39:30:125 33 sec: 610253 operations; 17261 current ops/sec; [READ: Count=13366, Max=3541, Min=6, Avg=38.91, 90=103, 99=172, 99.9=419, 99.99=3379] [INSERT: Count=923, Max=79551, Min=154, Avg=303.38, 90=263, 99=329, 99.9=79551, 99.99=79551] [READ-FAILED: Count=2974, Max=314, Min=38, Avg=60.46, 90=77, 99=105, 99.9=151, 99.99=314] 
2026-04-29 15:39:31:125 34 sec: 629476 operations; 19223 current ops/sec; [READ: Count=13573, Max=3381, Min=6, Avg=37.7, 90=97, 99=141, 99.9=327, 99.99=3307] [INSERT: Count=982, Max=775, Min=154, Avg=204.45, 90=243, 99=318, 99.9=775, 99.99=775] [READ-FAILED: Count=4654, Max=186, Min=37, Avg=56.87, 90=67, 99=82, 99.9=124, 99.99=186] 
2026-04-29 15:39:32:125 35 sec: 648073 operations; 18597 current ops/sec; [READ: Count=14318, Max=3851, Min=6, Avg=39.71, 90=101, 99=161, 99.9=320, 99.99=2831] [INSERT: Count=937, Max=10575, Min=157, Avg=219.34, 90=250, 99=347, 99.9=10575, 99.99=10575] [READ-FAILED: Count=3355, Max=670, Min=39, Avg=61.18, 90=75, 99=97, 99.9=169, 99.99=670] 
2026-04-29 15:39:33:125 36 sec: 668237 operations; 20164 current ops/sec; [READ: Count=15713, Max=3641, Min=6, Avg=36.46, 90=96, 99=154, 99.9=237, 99.99=3225] [INSERT: Count=990, Max=5223, Min=150, Avg=202.45, 90=240, 99=325, 99.9=5223, 99.99=5223] [READ-FAILED: Count=3455, Max=204, Min=39, Avg=59.15, 90=71, 99=90, 99.9=179, 99.99=204] 
2026-04-29 15:39:34:125 37 sec: 684882 operations; 16645 current ops/sec; [READ: Count=13368, Max=3639, Min=6, Avg=38.72, 90=105, 99=173, 99.9=265, 99.99=3361] [INSERT: Count=821, Max=100031, Min=152, Avg=375.29, 90=326, 99=981, 99.9=100031, 99.99=100031] [READ-FAILED: Count=2472, Max=174, Min=38, Avg=62.86, 90=83, 99=106, 99.9=129, 99.99=174] 
2026-04-29 15:39:35:125 38 sec: 704461 operations; 19579 current ops/sec; [READ: Count=14951, Max=3107, Min=6, Avg=37.08, 90=100, 99=157, 99.9=392, 99.99=3035] [INSERT: Count=999, Max=7115, Min=152, Avg=211.75, 90=247, 99=327, 99.9=7115, 99.99=7115] [READ-FAILED: Count=3618, Max=445, Min=39, Avg=58.43, 90=71, 99=95, 99.9=179, 99.99=445] 
2026-04-29 15:39:36:125 39 sec: 722574 operations; 18113 current ops/sec; [READ: Count=13883, Max=3963, Min=6, Avg=41.33, 90=104, 99=168, 99.9=346, 99.99=3263] [INSERT: Count=903, Max=1341, Min=161, Avg=214.1, 90=249, 99=326, 99.9=1341, 99.99=1341] [READ-FAILED: Count=3319, Max=200, Min=37, Avg=63.62, 90=82, 99=106, 99.9=156, 99.99=200] 
2026-04-29 15:39:37:125 40 sec: 739555 operations; 16981 current ops/sec; [READ: Count=13646, Max=3455, Min=6, Avg=42.14, 90=114, 99=187, 99.9=328, 99.99=2805] [INSERT: Count=836, Max=52959, Min=156, Avg=282.82, 90=265, 99=352, 99.9=52959, 99.99=52959] [READ-FAILED: Count=2499, Max=267, Min=39, Avg=65.55, 90=87, 99=108, 99.9=172, 99.99=267] 
2026-04-29 15:39:38:125 41 sec: 758438 operations; 18883 current ops/sec; [READ: Count=17591, Max=3289, Min=6, Avg=40.75, 90=116, 99=208, 99.9=316, 99.99=3013] [INSERT: Count=998, Max=724, Min=173, Avg=238.07, 90=277, 99=366, 99.9=724, 99.99=724] [READ-FAILED: Count=296, Max=184, Min=44, Avg=77.37, 90=94, 99=142, 99.9=184, 99.99=184] 
2026-04-29 15:39:39:125 42 sec: 775920 operations; 17482 current ops/sec; [READ: Count=15437, Max=3433, Min=6, Avg=35.01, 90=100, 99=177, 99.9=287, 99.99=3129] [INSERT: Count=875, Max=99135, Min=147, Avg=423.12, 90=324, 99=835, 99.9=99135, 99.99=99135] [READ-FAILED: Count=1175, Max=180, Min=40, Avg=59.91, 90=75, 99=101, 99.9=175, 99.99=180] 
2026-04-29 15:39:40:125 43 sec: 795071 operations; 19151 current ops/sec; [READ: Count=16682, Max=3329, Min=6, Avg=40.39, 90=105, 99=189, 99.9=390, 99.99=3093] [INSERT: Count=950, Max=4987, Min=149, Avg=217.77, 90=259, 99=332, 99.9=4987, 99.99=4987] [READ-FAILED: Count=1519, Max=188, Min=40, Avg=64.12, 90=80, 99=106, 99.9=167, 99.99=188] 
2026-04-29 15:39:41:125 44 sec: 812789 operations; 17718 current ops/sec; [READ: Count=14618, Max=3537, Min=6, Avg=38, 90=101, 99=179, 99.9=320, 99.99=3313] [INSERT: Count=952, Max=87999, Min=160, Avg=307.38, 90=262, 99=321, 99.9=87999, 99.99=87999] [READ-FAILED: Count=2145, Max=398, Min=40, Avg=61.3, 90=76, 99=103, 99.9=179, 99.99=398] 
2026-04-29 15:39:42:125 45 sec: 833233 operations; 20444 current ops/sec; [READ: Count=16345, Max=3413, Min=6, Avg=35.85, 90=97, 99=153, 99.9=261, 99.99=3307] [INSERT: Count=983, Max=401, Min=162, Avg=211.72, 90=252, 99=326, 99.9=401, 99.99=401] [READ-FAILED: Count=3113, Max=180, Min=42, Avg=59.02, 90=69, 99=88, 99.9=109, 99.99=180] 
2026-04-29 15:39:43:125 46 sec: 853178 operations; 19945 current ops/sec; [READ: Count=15605, Max=3517, Min=6, Avg=36.58, 90=95, 99=149, 99.9=347, 99.99=3227] [INSERT: Count=950, Max=7307, Min=164, Avg=216.96, 90=252, 99=311, 99.9=7307, 99.99=7307] [READ-FAILED: Count=3397, Max=318, Min=40, Avg=59.38, 90=70, 99=85, 99.9=184, 99.99=318] 
2026-04-29 15:39:44:125 47 sec: 868704 operations; 15526 current ops/sec; [READ: Count=12124, Max=3103, Min=6, Avg=41.59, 90=107, 99=178, 99.9=326, 99.99=3003] [INSERT: Count=769, Max=100031, Min=160, Avg=402.03, 90=422, 99=1069, 99.9=100031, 99.99=100031] [READ-FAILED: Count=2627, Max=179, Min=41, Avg=64.14, 90=84, 99=110, 99.9=145, 99.99=179] 
2026-04-29 15:39:45:125 48 sec: 887888 operations; 19184 current ops/sec; [READ: Count=15222, Max=3529, Min=6, Avg=38.16, 90=102, 99=159, 99.9=293, 99.99=3269] [INSERT: Count=957, Max=10127, Min=156, Avg=218.42, 90=248, 99=349, 99.9=10127, 99.99=10127] [READ-FAILED: Count=3006, Max=188, Min=41, Avg=62.8, 90=80, 99=102, 99.9=120, 99.99=188] 
2026-04-29 15:39:46:125 49 sec: 907461 operations; 19573 current ops/sec; [READ: Count=14857, Max=3445, Min=6, Avg=37.39, 90=99, 99=153, 99.9=310, 99.99=3263] [INSERT: Count=949, Max=353, Min=160, Avg=204.12, 90=245, 99=310, 99.9=353, 99.99=353] [READ-FAILED: Count=3763, Max=347, Min=39, Avg=60.92, 90=74, 99=97, 99.9=168, 99.99=347] 
2026-04-29 15:39:46:761 - NewTail completed: 
2026-04-29 15:39:47:125 50 sec: 925565 operations; 18104 current ops/sec; [READ: Count=14149, Max=5267, Min=6, Avg=41.34, 90=109, 99=177, 99.9=367, 99.99=2839] [INSERT: Count=879, Max=2575, Min=159, Avg=220.96, 90=259, 99=365, 99.9=2575, 99.99=2575] [READ-FAILED: Count=3075, Max=299, Min=41, Avg=64.79, 90=84, 99=113, 99.9=135, 99.99=299] 
2026-04-29 15:39:48:125 51 sec: 943056 operations; 17491 current ops/sec; [READ: Count=14806, Max=3305, Min=6, Avg=43.69, 90=116, 99=191, 99.9=336, 99.99=3255] [INSERT: Count=909, Max=2291, Min=162, Avg=226.1, 90=269, 99=329, 99.9=2291, 99.99=2291] [READ-FAILED: Count=1785, Max=212, Min=43, Avg=71.18, 90=92, 99=112, 99.9=162, 99.99=212] 
2026-04-29 15:39:49:125 52 sec: 959190 operations; 16134 current ops/sec; [READ: Count=13494, Max=3215, Min=6, Avg=39.71, 90=108, 99=177, 99.9=339, 99.99=3055] [INSERT: Count=817, Max=102527, Min=159, Avg=391.28, 90=346, 99=1060, 99.9=102527, 99.99=102527] [READ-FAILED: Count=1817, Max=323, Min=43, Avg=69.08, 90=89, 99=110, 99.9=247, 99.99=323] 
2026-04-29 15:39:50:125 53 sec: 978750 operations; 19560 current ops/sec; [READ: Count=15153, Max=3139, Min=6, Avg=37.59, 90=100, 99=154, 99.9=257, 99.99=3117] [INSERT: Count=940, Max=1559, Min=164, Avg=208.71, 90=239, 99=301, 99.9=1559, 99.99=1559] [READ-FAILED: Count=3465, Max=194, Min=42, Avg=61.21, 90=73, 99=87, 99.9=107, 99.99=194] 
2026-04-29 15:39:51:125 54 sec: 995758 operations; 17008 current ops/sec; [READ: Count=12799, Max=4183, Min=6, Avg=41.13, 90=105, 99=163, 99.9=506, 99.99=3205] [INSERT: Count=879, Max=58655, Min=163, Avg=280.24, 90=250, 99=342, 99.9=58655, 99.99=58655] [READ-FAILED: Count=3335, Max=215, Min=42, Avg=62.26, 90=75, 99=95, 99.9=173, 99.99=215] 
2026-04-29 15:39:52:125 55 sec: 1013981 operations; 18223 current ops/sec; [READ: Count=15609, Max=3445, Min=6, Avg=42.1, 90=110, 99=184, 99.9=331, 99.99=3179] [INSERT: Count=886, Max=458, Min=169, Avg=224.53, 90=265, 99=325, 99.9=458, 99.99=458] [READ-FAILED: Count=1725, Max=239, Min=45, Avg=71.12, 90=89, 99=108, 99.9=133, 99.99=239] 
2026-04-29 15:39:53:125 56 sec: 1032052 operations; 18071 current ops/sec; [READ: Count=15860, Max=3335, Min=7, Avg=39.96, 90=109, 99=188, 99.9=307, 99.99=3319] [INSERT: Count=888, Max=55263, Min=171, Avg=286.94, 90=265, 99=338, 99.9=55263, 99.99=55263] [READ-FAILED: Count=1323, Max=151, Min=44, Avg=68.43, 90=84, 99=106, 99.9=122, 99.99=151] 
2026-04-29 15:39:54:125 57 sec: 1048201 operations; 16149 current ops/sec; [READ: Count=14016, Max=3343, Min=7, Avg=40.53, 90=114, 99=193, 99.9=304, 99.99=2845] [INSERT: Count=840, Max=100415, Min=163, Avg=381.89, 90=353, 99=1057, 99.9=100415, 99.99=100415] [READ-FAILED: Count=1289, Max=234, Min=44, Avg=71.53, 90=91, 99=117, 99.9=195, 99.99=234] 
2026-04-29 15:39:55:125 58 sec: 1066511 operations; 18310 current ops/sec; [READ: Count=16367, Max=3217, Min=7, Avg=38.76, 90=110, 99=195, 99.9=327, 99.99=2973] [INSERT: Count=909, Max=75007, Min=161, Avg=302.07, 90=262, 99=334, 99.9=75007, 99.99=75007] [READ-FAILED: Count=1037, Max=174, Min=50, Avg=68.13, 90=89, 99=115, 99.9=137, 99.99=174] 
2026-04-29 15:39:56:125 59 sec: 1084790 operations; 18279 current ops/sec; [READ: Count=14583, Max=3391, Min=7, Avg=41.29, 90=103, 99=171, 99.9=311, 99.99=3193] [INSERT: Count=889, Max=451, Min=153, Avg=213.42, 90=258, 99=339, 99.9=451, 99.99=451] [READ-FAILED: Count=2807, Max=204, Min=44, Avg=66.63, 90=86, 99=110, 99.9=162, 99.99=204] 
2026-04-29 15:39:57:125 60 sec: 1103127 operations; 18337 current ops/sec; [READ: Count=15339, Max=3447, Min=7, Avg=41.18, 90=111, 99=182, 99.9=365, 99.99=3297] [INSERT: Count=891, Max=4491, Min=169, Avg=226.13, 90=264, 99=341, 99.9=4491, 99.99=4491] [READ-FAILED: Count=2106, Max=268, Min=44, Avg=69.22, 90=89, 99=112, 99.9=177, 99.99=268] 
2026-04-29 15:39:58:126 61 sec: 1120790 operations; 17663 current ops/sec; [READ: Count=13406, Max=5875, Min=7, Avg=41.63, 90=107, 99=166, 99.9=297, 99.99=3087] [INSERT: Count=916, Max=1055, Min=159, Avg=218.32, 90=262, 99=338, 99.9=1055, 99.99=1055] [READ-FAILED: Count=3344, Max=2411, Min=44, Avg=66.44, 90=80, 99=104, 99.9=191, 99.99=2411] 
2026-04-29 15:39:59:125 62 sec: 1135841 operations; 15051 current ops/sec; [READ: Count=12335, Max=3193, Min=7, Avg=43.02, 90=118, 99=197, 99.9=344, 99.99=3087] [INSERT: Count=761, Max=95615, Min=163, Avg=393.53, 90=370, 99=1049, 99.9=95615, 99.99=95615] [READ-FAILED: Count=1949, Max=275, Min=44, Avg=73.39, 90=96, 99=118, 99.9=157, 99.99=275] 
2026-04-29 15:40:00:125 63 sec: 1152289 operations; 16448 current ops/sec; [READ: Count=14403, Max=59327, Min=7, Avg=45.89, 90=107, 99=186, 99.9=385, 99.99=2949] [INSERT: Count=845, Max=58975, Min=167, Avg=287.31, 90=256, 99=354, 99.9=58975, 99.99=58975] [READ-FAILED: Count=1209, Max=196, Min=46, Avg=70.96, 90=86, 99=111, 99.9=194, 99.99=196] 
2026-04-29 15:40:01:125 64 sec: 1170510 operations; 18221 current ops/sec; [READ: Count=13450, Max=3267, Min=7, Avg=40.29, 90=102, 99=154, 99.9=338, 99.99=3243] [INSERT: Count=937, Max=358, Min=165, Avg=209.54, 90=250, 99=316, 99.9=358, 99.99=358] [READ-FAILED: Count=3830, Max=321, Min=43, Avg=62.91, 90=74, 99=89, 99.9=185, 99.99=321] 
2026-04-29 15:40:02:125 65 sec: 1188473 operations; 17963 current ops/sec; [READ: Count=13826, Max=3345, Min=7, Avg=41.12, 90=106, 99=173, 99.9=268, 99.99=3327] [INSERT: Count=883, Max=6895, Min=166, Avg=224.74, 90=258, 99=333, 99.9=6895, 99.99=6895] [READ-FAILED: Count=3257, Max=180, Min=44, Avg=65.4, 90=80, 99=110, 99.9=130, 99.99=180] 
2026-04-29 15:40:03:125 66 sec: 1206765 operations; 18292 current ops/sec; [READ: Count=14136, Max=3521, Min=7, Avg=40.09, 90=105, 99=170, 99.9=289, 99.99=3061] [INSERT: Count=930, Max=462, Min=164, Avg=214.97, 90=256, 99=329, 99.9=462, 99.99=462] [READ-FAILED: Count=3227, Max=352, Min=44, Avg=65.83, 90=80, 99=106, 99.9=127, 99.99=352] 
2026-04-29 15:40:04:125 67 sec: 1221742 operations; 14977 current ops/sec; [READ: Count=10773, Max=3931, Min=7, Avg=44.09, 90=104, 99=153, 99.9=383, 99.99=3255] [INSERT: Count=775, Max=97407, Min=160, Avg=367.35, 90=267, 99=1049, 99.9=97407, 99.99=97407] [READ-FAILED: Count=3428, Max=236, Min=46, Avg=65.08, 90=77, 99=104, 99.9=181, 99.99=236] 
2026-04-29 15:40:05:125 68 sec: 1239576 operations; 17834 current ops/sec; [READ: Count=15103, Max=3287, Min=7, Avg=42.72, 90=114, 99=195, 99.9=337, 99.99=3045] [INSERT: Count=865, Max=2719, Min=163, Avg=235.97, 90=273, 99=828, 99.9=2719, 99.99=2719] [READ-FAILED: Count=1862, Max=193, Min=44, Avg=69.78, 90=94, 99=119, 99.9=171, 99.99=193] 
2026-04-29 15:40:06:125 69 sec: 1257238 operations; 17662 current ops/sec; [READ: Count=14056, Max=3341, Min=7, Avg=42.29, 90=110, 99=179, 99.9=319, 99.99=3013] [INSERT: Count=886, Max=8775, Min=162, Avg=222.65, 90=255, 99=333, 99.9=8775, 99.99=8775] [READ-FAILED: Count=2728, Max=342, Min=45, Avg=68.87, 90=88, 99=121, 99.9=150, 99.99=342] 
2026-04-29 15:40:07:125 70 sec: 1275533 operations; 18295 current ops/sec; [READ: Count=13683, Max=2745, Min=7, Avg=40.24, 90=105, 99=158, 99.9=325, 99.99=2699] [INSERT: Count=906, Max=406, Min=160, Avg=208.89, 90=245, 99=296, 99.9=406, 99.99=406] [READ-FAILED: Count=3700, Max=192, Min=45, Avg=64.77, 90=76, 99=92, 99.9=124, 99.99=192] 
2026-04-29 15:40:07:388 - Compaction started: 
140118593525312:Compacting datalog/69 datalog/70 into:sstable1/1b609f69-a23a-45cc-ae10-2e1711aded3d202604290938571777477207520082923.sst
2026-04-29 15:40:07:548 - Compaction completed: 
2026-04-29 15:40:08:125 71 sec: 1293089 operations; 17556 current ops/sec; [READ: Count=13989, Max=5063, Min=7, Avg=42.07, 90=104, 99=171, 99.9=538, 99.99=3277] [INSERT: Count=869, Max=8367, Min=164, Avg=236.71, 90=258, 99=355, 99.9=8367, 99.99=8367] [READ-FAILED: Count=2692, Max=3139, Min=47, Avg=68.65, 90=81, 99=111, 99.9=218, 99.99=3139] 
2026-04-29 15:40:09:125 72 sec: 1309833 operations; 16744 current ops/sec; [READ: Count=12616, Max=3061, Min=7, Avg=41.49, 90=104, 99=156, 99.9=309, 99.99=2981] [INSERT: Count=843, Max=2117, Min=165, Avg=218.88, 90=251, 99=343, 99.9=2117, 99.99=2117] [READ-FAILED: Count=3285, Max=335, Min=46, Avg=67.18, 90=80, 99=101, 99.9=181, 99.99=335] 
2026-04-29 15:40:10:125 73 sec: 1324930 operations; 15097 current ops/sec; [READ: Count=12991, Max=2875, Min=7, Avg=40.86, 90=109, 99=191, 99.9=323, 99.99=2647] [INSERT: Count=756, Max=99775, Min=163, Avg=537.88, 90=362, 99=1581, 99.9=99775, 99.99=99775] [READ-FAILED: Count=1353, Max=157, Min=47, Avg=72.67, 90=95, 99=121, 99.9=134, 99.99=157] 
2026-04-29 15:40:11:125 74 sec: 1343655 operations; 18725 current ops/sec; [READ: Count=15154, Max=3087, Min=7, Avg=40.18, 90=106, 99=172, 99.9=306, 99.99=2849] [INSERT: Count=925, Max=443, Min=158, Avg=206.05, 90=248, 99=322, 99.9=443, 99.99=443] [READ-FAILED: Count=2650, Max=214, Min=46, Avg=67.69, 90=83, 99=107, 99.9=170, 99.99=214] 
2026-04-29 15:40:11:593 - NewTail completed: 
2026-04-29 15:40:11:597 - Compaction started: 
140118593525312:Compacting datalog/71 datalog/72 into:sstable1/1b609f69-a23a-45cc-ae10-2e1711aded3d202604290938571777477211721082382.sst
2026-04-29 15:40:11:749 - Compaction completed: 
2026-04-29 15:40:12:125 75 sec: 1361354 operations; 17699 current ops/sec; [READ: Count=13503, Max=2871, Min=7, Avg=41.5, 90=104, 99=164, 99.9=327, 99.99=2769] [INSERT: Count=858, Max=896, Min=167, Avg=217.36, 90=255, 99=345, 99.9=896, 99.99=896] [READ-FAILED: Count=3334, Max=3283, Min=48, Avg=69.87, 90=84, 99=112, 99.9=194, 99.99=3283] 
2026-04-29 15:40:13:125 76 sec: 1379357 operations; 18003 current ops/sec; [READ: Count=13155, Max=3075, Min=7, Avg=40.51, 90=101, 99=148, 99.9=293, 99.99=3011] [INSERT: Count=892, Max=343, Min=160, Avg=208.01, 90=242, 99=303, 99.9=343, 99.99=343] [READ-FAILED: Count=3956, Max=186, Min=47, Avg=66.01, 90=77, 99=89, 99.9=125, 99.99=186] 
2026-04-29 15:40:14:125 77 sec: 1396295 operations; 16938 current ops/sec; [READ: Count=13196, Max=3179, Min=7, Avg=43.57, 90=115, 99=183, 99.9=336, 99.99=3057] [INSERT: Count=858, Max=8767, Min=162, Avg=229.94, 90=265, 99=361, 99.9=8767, 99.99=8767] [READ-FAILED: Count=2884, Max=207, Min=47, Avg=72.11, 90=93, 99=121, 99.9=183, 99.99=207] 
2026-04-29 15:40:15:125 78 sec: 1400163 operations; 3868 current ops/sec; [READ: Count=3228, Max=2263, Min=7, Avg=37.85, 90=102, 99=171, 99.9=367, 99.99=2263] [INSERT: Count=189, Max=99455, Min=165, Avg=4455.08, 90=7151, 99=11735, 99.9=99455, 99.99=99455] [READ-FAILED: Count=448, Max=296, Min=46, Avg=69.07, 90=82, 99=130, 99.9=296, 99.99=296] 
2026-04-29 15:40:16:125 79 sec: 1412320 operations; 12157 current ops/sec; [READ: Count=9324, Max=2741, Min=7, Avg=42.24, 90=108, 99=169, 99.9=375, 99.99=2741] [INSERT: Count=632, Max=6355, Min=158, Avg=688.71, 90=2911, 99=5695, 99.9=6355, 99.99=6355] [READ-FAILED: Count=2209, Max=215, Min=47, Avg=71.16, 90=90, 99=125, 99.9=205, 99.99=215] 
2026-04-29 15:40:16:804 - Compaction started: 
140118593525312:Compacting datalog/73 datalog/74 into:sstable1/1b609f69-a23a-45cc-ae10-2e1711aded3d202604290938571777477216920620118.sst
2026-04-29 15:40:16:949 - Compaction completed: 
2026-04-29 15:40:17:125 80 sec: 1429522 operations; 17202 current ops/sec; [READ: Count=12518, Max=3341, Min=7, Avg=42.25, 90=106, 99=163, 99.9=350, 99.99=2995] [INSERT: Count=882, Max=5087, Min=157, Avg=211.39, 90=245, 99=324, 99.9=5087, 99.99=5087] [READ-FAILED: Count=3802, Max=2665, Min=47, Avg=69.55, 90=83, 99=114, 99.9=207, 99.99=2665] 
2026-04-29 15:40:18:125 81 sec: 1447289 operations; 17767 current ops/sec; [READ: Count=13488, Max=3101, Min=8, Avg=42.39, 90=104, 99=158, 99.9=288, 99.99=3081] [INSERT: Count=848, Max=1939, Min=154, Avg=206.62, 90=238, 99=315, 99.9=1939, 99.99=1939] [READ-FAILED: Count=3426, Max=214, Min=48, Avg=67.81, 90=80, 99=103, 99.9=127, 99.99=214] 
2026-04-29 15:40:19:125 82 sec: 1464814 operations; 17525 current ops/sec; [READ: Count=13690, Max=3035, Min=7, Avg=41.89, 90=109, 99=170, 99.9=303, 99.99=3031] [INSERT: Count=883, Max=7011, Min=154, Avg=227.23, 90=258, 99=329, 99.9=7011, 99.99=7011] [READ-FAILED: Count=2950, Max=360, Min=47, Avg=69.75, 90=85, 99=104, 99.9=203, 99.99=360] 
2026-04-29 15:40:20:125 83 sec: 1480516 operations; 15702 current ops/sec; [READ: Count=12918, Max=2885, Min=8, Avg=43.5, 90=114, 99=190, 99.9=360, 99.99=2823] [INSERT: Count=732, Max=76415, Min=162, Avg=363.33, 90=314, 99=986, 99.9=76415, 99.99=76415] [READ-FAILED: Count=2053, Max=154, Min=49, Avg=74.75, 90=97, 99=125, 99.9=140, 99.99=154] 
2026-04-29 15:40:21:111 - Compaction started: 
2026-04-29 15:40:21:125 84 sec: 1498110 operations; 17594 current ops/sec; [READ: Count=13191, Max=3079, Min=8, Avg=41.54, 90=107, 99=158, 99.9=367, 99.99=2845] [INSERT: Count=889, Max=6967, Min=164, Avg=216.8, 90=249, 99=316, 99.9=6967, 99.99=6967] [READ-FAILED: Count=3516, Max=187, Min=49, Avg=68.01, 90=81, 99=104, 99.9=149, 99.99=187] 
140118593525312:Compacting datalog/75 datalog/76 into:sstable1/1b609f69-a23a-45cc-ae10-2e1711aded3d202604290938571777477221226203428.sst
2026-04-29 15:40:21:255 - Compaction completed: 
2026-04-29 15:40:22:125 85 sec: 1515598 operations; 17488 current ops/sec; [READ: Count=14395, Max=5123, Min=8, Avg=43.85, 90=109, 99=181, 99.9=368, 99.99=3367] [INSERT: Count=836, Max=1462, Min=164, Avg=216.58, 90=251, 99=327, 99.9=1462, 99.99=1462] [READ-FAILED: Count=2258, Max=3265, Min=49, Avg=74.04, 90=90, 99=116, 99.9=169, 99.99=3265] 
2026-04-29 15:40:23:125 86 sec: 1532269 operations; 16671 current ops/sec; [READ: Count=14211, Max=3021, Min=8, Avg=46.4, 90=121, 99=202, 99.9=297, 99.99=3021] [INSERT: Count=888, Max=487, Min=164, Avg=225.28, 90=265, 99=351, 99.9=487, 99.99=487] [READ-FAILED: Count=1586, Max=165, Min=50, Avg=76.86, 90=98, 99=122, 99.9=141, 99.99=165] 
2026-04-29 15:40:24:125 87 sec: 1548889 operations; 16620 current ops/sec; [READ: Count=13354, Max=3061, Min=8, Avg=44.97, 90=120, 99=189, 99.9=314, 99.99=3053] [INSERT: Count=866, Max=9879, Min=162, Avg=230.66, 90=263, 99=335, 99.9=9879, 99.99=9879] [READ-FAILED: Count=2389, Max=198, Min=50, Avg=74.59, 90=96, 99=121, 99.9=155, 99.99=198] 
2026-04-29 15:40:25:125 88 sec: 1563105 operations; 14216 current ops/sec; [READ: Count=10741, Max=3099, Min=8, Avg=45.68, 90=117, 99=183, 99.9=424, 99.99=2803] [INSERT: Count=740, Max=95231, Min=166, Avg=388.33, 90=326, 99=1108, 99.9=95231, 99.99=95231] [READ-FAILED: Count=2731, Max=689, Min=49, Avg=74.95, 90=98, 99=126, 99.9=221, 99.99=689] 
2026-04-29 15:40:25:421 - Compaction started: 
140118593525312:Compacting datalog/77 datalog/78 into:sstable1/1b609f69-a23a-45cc-ae10-2e1711aded3d202604290938571777477225537094489.sst
2026-04-29 15:40:25:566 - Compaction completed: 
2026-04-29 15:40:26:125 89 sec: 1580621 operations; 17516 current ops/sec; [READ: Count=14687, Max=2865, Min=8, Avg=43.36, 90=111, 99=192, 99.9=354, 99.99=2741] [INSERT: Count=851, Max=12407, Min=157, Avg=232.2, 90=261, 99=328, 99.9=12407, 99.99=12407] [READ-FAILED: Count=1977, Max=192, Min=49, Avg=73.51, 90=92, 99=122, 99.9=141, 99.99=192] 
Maximum time elapsed. Requesting stop for the workload.
Stop requested for workload. Now Joining!
2026-04-29 15:40:27:125 90 sec: 1597671 operations; 17050 current ops/sec; [READ: Count=13864, Max=3087, Min=8, Avg=44.22, 90=113, 99=179, 99.9=280, 99.99=3063] [INSERT: Count=858, Max=405, Min=173, Avg=222.11, 90=253, 99=322, 99.9=405, 99.99=405] [READ-FAILED: Count=2329, Max=189, Min=51, Avg=75.67, 90=92, 99=119, 99.9=151, 99.99=189] 
[OZONEDB-PROFILE] reads=1517710  avg_total=41.63us  view=6.63us(15.9%)  log=2.64us(6.3%)  sst=52.47us_per_call x 929863_calls(77.2%_of_total)
[OZONEDB-SST-PROFILE] level | time_total_ms | enters | range_rejects | table_gets | hits
[OZONEDB-SST-PROFILE] L1  |     17315.80 |  8552983 |       581170 |    7971813 | 437935
[OZONEDB-SST-PROFILE] L2  |      3837.49 |   982350 |       490441 |     491909 |  46322
[OZONEDB-SST-PROFILE] L3  |      3061.26 |   890358 |       444755 |     445603 |  32285
[OZONEDB-SST-PROFILE] L4  |      2687.85 |   825444 |       412133 |     413311 |  25709
[OZONEDB-SST-PROFILE] L5  |      2305.45 |   774447 |       386847 |     387600 |  20411
[OZONEDB-SST-PROFILE] L6  |      2074.49 |   733840 |       366642 |     367198 |  17076
[OZONEDB-SST-PROFILE] L7  |     16893.03 |  1317890 |           20 |    1317870 | 105453
[OZONEDB-TBL-PROFILE] file_filter_reject=10605740  block_filter_reject=103309  index_invalid=0  block_read_more=355647  hit_from_cache=330608  miss_after_read=1064  found=685191
2026-04-29 15:40:27:225 90 sec: 1597683 operations; 121.21 current ops/sec; [READ: Count=7, Max=143, Min=8, Avg=32.29, 90=143, 99=143, 99.9=143, 99.99=143] [CLEANUP: Count=1, Max=98367, Min=98304, Avg=98336, 90=98367, 99=98367, 99.9=98367, 99.99=98367] [INSERT: Count=1, Max=213, Min=213, Avg=213, 90=213, 99=213, 99.9=213, 99.99=213] [READ-FAILED: Count=0, Max=0, Min=0, Avg=0, 90=0, 99=0, 99.9=0, 99.99=0] 
[OVERALL], RunTime(ms), 90100
[OVERALL], Throughput(ops/sec), 17732.3307436182
[TOTAL_GCS_PS_Scavenge], Count, 8
[TOTAL_GC_TIME_PS_Scavenge], Time(ms), 35
[TOTAL_GC_TIME_%_PS_Scavenge], Time(%), 0.038845726970033294
[TOTAL_GCS_PS_MarkSweep], Count, 0
[TOTAL_GC_TIME_PS_MarkSweep], Time(ms), 0
[TOTAL_GC_TIME_%_PS_MarkSweep], Time(%), 0.0
[TOTAL_GCs], Count, 8
[TOTAL_GC_TIME], Time(ms), 35
[TOTAL_GC_TIME_%], Time(%), 0.038845726970033294
[READ], Operations, 1273038
[READ], AverageLatency(us), 39.60666295900044
[READ], MinLatency(us), 4
[READ], MaxLatency(us), 59327
[READ], 95thPercentileLatency(us), 126
[READ], 99thPercentileLatency(us), 172
[READ], Return=OK, 1273038
[READ], Return=NOT_FOUND, 244672
[CLEANUP], Operations, 1
[CLEANUP], AverageLatency(us), 98336.0
[CLEANUP], MinLatency(us), 98304
[CLEANUP], MaxLatency(us), 98367
[CLEANUP], 95thPercentileLatency(us), 98367
[CLEANUP], 99thPercentileLatency(us), 98367
[INSERT], Operations, 79973
[INSERT], AverageLatency(us), 275.7961311942781
[INSERT], MinLatency(us), 140
[INSERT], MaxLatency(us), 112447
[INSERT], 95thPercentileLatency(us), 299
[INSERT], 99thPercentileLatency(us), 756
[INSERT], Return=OK, 79973
[READ-FAILED], Operations, 244672
[READ-FAILED], AverageLatency(us), 62.404165576772165
[READ-FAILED], MinLatency(us), 31
[READ-FAILED], MaxLatency(us), 3283
[READ-FAILED], 95thPercentileLatency(us), 88
[READ-FAILED], 99thPercentileLatency(us), 106
	Command being timed: "/usr/lib/jvm/java-8-openjdk-amd64/bin/java -cp /users/Xinying/ozonedb/ycsb/ozonedb/conf:/users/Xinying/ozonedb/ycsb/ozonedb/target/ozonedb-binding-0.18.0-SNAPSHOT.jar:/users/Xinying/.m2/repository/org/apache/htrace/htrace-core4/4.1.0-incubating/htrace-core4-4.1.0-incubating.jar:/users/Xinying/.m2/repository/org/slf4j/slf4j-api/1.7.25/slf4j-api-1.7.25.jar:/users/Xinying/.m2/repository/org/hdrhistogram/HdrHistogram/2.1.12/HdrHistogram-2.1.12.jar:/users/Xinying/.m2/repository/ch/qos/logback/logback-classic/1.2.3/logback-classic-1.2.3.jar:/users/Xinying/.m2/repository/ozonedbjnimaven/demoproc-jni/1.0/demoproc-jni-1.0.jar:/users/Xinying/.m2/repository/ch/qos/logback/logback-core/1.2.3/logback-core-1.2.3.jar:/users/Xinying/.m2/repository/org/codehaus/jackson/jackson-mapper-asl/1.9.4/jackson-mapper-asl-1.9.4.jar:/users/Xinying/.m2/repository/org/slf4j/slf4j-simple/1.7.25/slf4j-simple-1.7.25.jar:/users/Xinying/.m2/repository/org/codehaus/jackson/jackson-core-asl/1.9.4/jackson-core-asl-1.9.4.jar:/users/Xinying/ozonedb/ycsb/core/target/core-0.18.0-SNAPSHOT.jar site.ycsb.Client -db site.ycsb.db.OzoneDBClient -threads 1 -s -P /users/Xinying/ozonedb/ycsb/workloads/generated_workloads/workloadd_1KB_1000000_1000000 -p status.interval=1 -p maxexecutiontime=90 -p operationcount=0 -p shared_config=/tmp/phase1_ozonedb_configs/shared_config_SHARED_workloadd_p16_r1_proc10.json -t"
	User time (seconds): 55.73
	System time (seconds): 28.21
	Percent of CPU this job got: 90%
	Elapsed (wall clock) time (h:mm:ss or m:ss): 1:32.70
	Average shared text size (kbytes): 0
	Average unshared data size (kbytes): 0
	Average stack size (kbytes): 0
	Average total size (kbytes): 0
	Maximum resident set size (kbytes): 4652988
	Average resident set size (kbytes): 0
	Major (requiring I/O) page faults: 454
	Minor (reclaiming a frame) page faults: 1249629
	Voluntary context switches: 218238
	Involuntary context switches: 2588
	Swaps: 0
	File system inputs: 9357310
	File system outputs: 228318
	Socket messages sent: 0
	Socket messages received: 0
	Signals delivered: 0
	Page size (bytes): 4096
	Exit status: 0
