# CMD: /usr/bin/time -v /usr/lib/jvm/java-8-openjdk-amd64/bin/java -cp /users/Xinying/ozonedb/ycsb/ozonedb/conf:/users/Xinying/ozonedb/ycsb/ozonedb/target/ozonedb-binding-0.18.0-SNAPSHOT.jar:/users/Xinying/.m2/repository/org/apache/htrace/htrace-core4/4.1.0-incubating/htrace-core4-4.1.0-incubating.jar:/users/Xinying/.m2/repository/org/slf4j/slf4j-api/1.7.25/slf4j-api-1.7.25.jar:/users/Xinying/.m2/repository/org/hdrhistogram/HdrHistogram/2.1.12/HdrHistogram-2.1.12.jar:/users/Xinying/.m2/repository/ch/qos/logback/logback-classic/1.2.3/logback-classic-1.2.3.jar:/users/Xinying/.m2/repository/ozonedbjnimaven/demoproc-jni/1.0/demoproc-jni-1.0.jar:/users/Xinying/.m2/repository/ch/qos/logback/logback-core/1.2.3/logback-core-1.2.3.jar:/users/Xinying/.m2/repository/org/codehaus/jackson/jackson-mapper-asl/1.9.4/jackson-mapper-asl-1.9.4.jar:/users/Xinying/.m2/repository/org/slf4j/slf4j-simple/1.7.25/slf4j-simple-1.7.25.jar:/users/Xinying/.m2/repository/org/codehaus/jackson/jackson-core-asl/1.9.4/jackson-core-asl-1.9.4.jar:/users/Xinying/ozonedb/ycsb/core/target/core-0.18.0-SNAPSHOT.jar site.ycsb.Client -db site.ycsb.db.OzoneDBClient -threads 1 -s -P /users/Xinying/ozonedb/ycsb/workloads/generated_workloads/workloadd_1KB_1000000_1000000 -p status.interval=1 -p maxexecutiontime=90 -p operationcount=0 -p shared_config=/tmp/phase1_ozonedb_configs/shared_config_SHARED_workloadd_p16_r1_proc12.json -t
# shared_work_path=/tank/ycsb_data/multi-proc-run/shared_ozonedb  proc_id=12/16
Command line: -db site.ycsb.db.OzoneDBClient -threads 1 -s -P /users/Xinying/ozonedb/ycsb/workloads/generated_workloads/workloadd_1KB_1000000_1000000 -p status.interval=1 -p maxexecutiontime=90 -p operationcount=0 -p shared_config=/tmp/phase1_ozonedb_configs/shared_config_SHARED_workloadd_p16_r1_proc12.json -t
YCSB Client 0.18.0-SNAPSHOT

Loading workload...
Starting test.
SLF4J: Class path contains multiple SLF4J bindings.
SLF4J: Found binding in [jar:file:/users/Xinying/.m2/repository/ch/qos/logback/logback-classic/1.2.3/logback-classic-1.2.3.jar!/org/slf4j/impl/StaticLoggerBinder.class]
SLF4J: Found binding in [jar:file:/users/Xinying/.m2/repository/org/slf4j/slf4j-simple/1.7.25/slf4j-simple-1.7.25.jar!/org/slf4j/impl/StaticLoggerBinder.class]
SLF4J: See http://www.slf4j.org/codes.html#multiple_bindings for an explanation.
SLF4J: Actual binding is of type [ch.qos.logback.classic.util.ContextSelectorStaticBinder]
Maximum execution time specified as: 90 secs
2026-04-29 15:38:57:122 0 sec: 0 operations; 
Starting compaction watcher
DBWrapper: report latency for each error is false and specific error codes to track for latency are: []
2026-04-29 15:38:58:122 1 sec: 7686 operations; 7686 current ops/sec; [READ: Count=6882, Max=60031, Min=4, Avg=64.81, 90=117, 99=249, 99.9=3063, 99.99=60031] [INSERT: Count=355, Max=8279, Min=186, Avg=398.14, 90=408, 99=3827, 99.9=8279, 99.99=8279] [READ-FAILED: Count=485, Max=12287, Min=33, Avg=96.96, 90=94, 99=221, 99.9=12287, 99.99=12287] 
2026-04-29 15:38:59:122 2 sec: 23572 operations; 15886 current ops/sec; [READ: Count=14080, Max=7643, Min=4, Avg=39.15, 90=105, 99=199, 99.9=565, 99.99=4715] [INSERT: Count=798, Max=77183, Min=163, Avg=429.57, 90=304, 99=2711, 99.9=77183, 99.99=77183] [READ-FAILED: Count=991, Max=214, Min=34, Avg=61.78, 90=79, 99=99, 99.9=214, 99.99=214] 
2026-04-29 15:39:00:122 3 sec: 43668 operations; 20096 current ops/sec; [READ: Count=17758, Max=4851, Min=4, Avg=35.79, 90=98, 99=175, 99.9=361, 99.99=4623] [INSERT: Count=998, Max=6927, Min=161, Avg=249.71, 90=271, 99=1367, 99.9=6927, 99.99=6927] [READ-FAILED: Count=1329, Max=232, Min=35, Avg=56.29, 90=71, 99=106, 99.9=211, 99.99=232] 
2026-04-29 15:39:01:122 4 sec: 64518 operations; 20850 current ops/sec; [READ: Count=17202, Max=4887, Min=4, Avg=34, 90=91, 99=154, 99.9=332, 99.99=4591] [INSERT: Count=1015, Max=17407, Min=164, Avg=233.58, 90=264, 99=343, 99.9=639, 99.99=17407] [READ-FAILED: Count=2625, Max=180, Min=32, Avg=52.52, 90=65, 99=84, 99.9=173, 99.99=180] 
2026-04-29 15:39:02:122 5 sec: 82774 operations; 18256 current ops/sec; [READ: Count=16296, Max=3463, Min=4, Avg=42.41, 90=105, 99=197, 99.9=413, 99.99=3189] [INSERT: Count=887, Max=383, Min=168, Avg=236.99, 90=280, 99=350, 99.9=383, 99.99=383] [READ-FAILED: Count=1073, Max=266, Min=37, Avg=64.63, 90=83, 99=102, 99.9=181, 99.99=266] 
2026-04-29 15:39:03:122 6 sec: 100164 operations; 17390 current ops/sec; [READ: Count=15574, Max=3881, Min=4, Avg=35.21, 90=94, 99=178, 99.9=281, 99.99=3107] [INSERT: Count=919, Max=122879, Min=158, Avg=412.97, 90=478, 99=1082, 99.9=122879, 99.99=122879] [READ-FAILED: Count=897, Max=160, Min=33, Avg=50.86, 90=62, 99=75, 99.9=160, 99.99=160] 
2026-04-29 15:39:04:122 7 sec: 118858 operations; 18694 current ops/sec; [READ: Count=13157, Max=3831, Min=5, Avg=39.19, 90=98, 99=148, 99.9=303, 99.99=3687] [INSERT: Count=935, Max=1749, Min=159, Avg=224.87, 90=264, 99=388, 99.9=1749, 99.99=1749] [READ-FAILED: Count=4605, Max=173, Min=34, Avg=53.48, 90=67, 99=86, 99.9=124, 99.99=173] 
2026-04-29 15:39:05:122 8 sec: 138536 operations; 19678 current ops/sec; [READ: Count=15697, Max=2919, Min=5, Avg=36.29, 90=95, 99=161, 99.9=330, 99.99=2863] [INSERT: Count=967, Max=10087, Min=154, Avg=241.15, 90=282, 99=648, 99.9=10087, 99.99=10087] [READ-FAILED: Count=3032, Max=177, Min=34, Avg=55.31, 90=70, 99=92, 99.9=149, 99.99=177] 
2026-04-29 15:39:06:122 9 sec: 158258 operations; 19722 current ops/sec; [READ: Count=16050, Max=3349, Min=5, Avg=37.49, 90=100, 99=166, 99.9=337, 99.99=3221] [INSERT: Count=976, Max=6495, Min=155, Avg=223.1, 90=263, 99=353, 99.9=6495, 99.99=6495] [READ-FAILED: Count=2700, Max=179, Min=36, Avg=56.19, 90=70, 99=93, 99.9=169, 99.99=179] 
2026-04-29 15:39:07:122 10 sec: 177547 operations; 19289 current ops/sec; [READ: Count=15364, Max=3229, Min=5, Avg=35.99, 90=96, 99=165, 99.9=267, 99.99=3069] [INSERT: Count=957, Max=41055, Min=164, Avg=269.03, 90=273, 99=352, 99.9=41055, 99.99=41055] [READ-FAILED: Count=2962, Max=1492, Min=33, Avg=54.44, 90=68, 99=90, 99.9=176, 99.99=1492] 
2026-04-29 15:39:08:122 11 sec: 194629 operations; 17082 current ops/sec; [READ: Count=12511, Max=3363, Min=5, Avg=35.56, 90=95, 99=152, 99.9=321, 99.99=3059] [INSERT: Count=869, Max=111935, Min=159, Avg=384.7, 90=333, 99=990, 99.9=111935, 99.99=111935] [READ-FAILED: Count=3702, Max=595, Min=34, Avg=54.02, 90=67, 99=90, 99.9=165, 99.99=595] 
2026-04-29 15:39:09:122 12 sec: 213616 operations; 18987 current ops/sec; [READ: Count=13400, Max=3569, Min=5, Avg=36.94, 90=94, 99=143, 99.9=420, 99.99=2969] [INSERT: Count=984, Max=23871, Min=153, Avg=241.99, 90=247, 99=315, 99.9=23871, 99.99=23871] [READ-FAILED: Count=4599, Max=177, Min=35, Avg=53.06, 90=63, 99=82, 99.9=166, 99.99=177] 
2026-04-29 15:39:10:122 13 sec: 233335 operations; 19719 current ops/sec; [READ: Count=14303, Max=3573, Min=5, Avg=36.28, 90=94, 99=149, 99.9=265, 99.99=3073] [INSERT: Count=963, Max=1051, Min=161, Avg=219.65, 90=264, 99=361, 99.9=1051, 99.99=1051] [READ-FAILED: Count=4442, Max=929, Min=34, Avg=55.51, 90=69, 99=90, 99.9=176, 99.99=929] 
2026-04-29 15:39:11:122 14 sec: 253218 operations; 19883 current ops/sec; [READ: Count=17170, Max=3771, Min=5, Avg=32.63, 90=92, 99=167, 99.9=299, 99.99=3765] [INSERT: Count=965, Max=115455, Min=156, Avg=334.81, 90=257, 99=344, 99.9=115455, 99.99=115455] [READ-FAILED: Count=1759, Max=109, Min=34, Avg=53.86, 90=65, 99=87, 99.9=104, 99.99=109] 
2026-04-29 15:39:12:122 15 sec: 271508 operations; 18290 current ops/sec; [READ: Count=15659, Max=3529, Min=5, Avg=37.3, 90=106, 99=181, 99.9=264, 99.99=3283] [INSERT: Count=914, Max=4359, Min=162, Avg=239.97, 90=284, 99=372, 99.9=4359, 99.99=4359] [READ-FAILED: Count=1702, Max=1822, Min=37, Avg=64.75, 90=82, 99=101, 99.9=267, 99.99=1822] 
2026-04-29 15:39:13:122 16 sec: 290284 operations; 18776 current ops/sec; [READ: Count=17850, Max=4167, Min=5, Avg=34.46, 90=96, 99=183, 99.9=311, 99.99=3093] [INSERT: Count=906, Max=103167, Min=161, Avg=469.41, 90=377, 99=1072, 99.9=103167, 99.99=103167] [READ-FAILED: Count=36, Max=156, Min=47, Avg=64.81, 90=78, 99=156, 99.9=156, 99.99=156] 
2026-04-29 15:39:14:122 17 sec: 309622 operations; 19338 current ops/sec; [READ: Count=15089, Max=3681, Min=5, Avg=36.33, 90=98, 99=161, 99.9=330, 99.99=3531] [INSERT: Count=996, Max=27999, Min=156, Avg=246.58, 90=261, 99=349, 99.9=27999, 99.99=27999] [READ-FAILED: Count=3246, Max=174, Min=37, Avg=56.28, 90=69, 99=89, 99.9=106, 99.99=174] 
2026-04-29 15:39:15:122 18 sec: 329937 operations; 20315 current ops/sec; [READ: Count=15027, Max=3499, Min=5, Avg=35.23, 90=93, 99=153, 99.9=305, 99.99=3433] [INSERT: Count=1042, Max=381, Min=149, Avg=210.51, 90=258, 99=331, 99.9=375, 99.99=381] [READ-FAILED: Count=4241, Max=170, Min=33, Avg=53.78, 90=66, 99=93, 99.9=119, 99.99=170] 
2026-04-29 15:39:16:122 19 sec: 348892 operations; 18955 current ops/sec; [READ: Count=14550, Max=6415, Min=5, Avg=36.35, 90=97, 99=156, 99.9=341, 99.99=3361] [INSERT: Count=983, Max=28175, Min=154, Avg=259.57, 90=264, 99=390, 99.9=28175, 99.99=28175] [READ-FAILED: Count=3420, Max=902, Min=36, Avg=56.56, 90=71, 99=94, 99.9=192, 99.99=902] 
2026-04-29 15:39:17:122 20 sec: 368219 operations; 19327 current ops/sec; [READ: Count=15350, Max=3459, Min=5, Avg=38.71, 90=102, 99=173, 99.9=349, 99.99=3439] [INSERT: Count=926, Max=1313, Min=161, Avg=223.19, 90=268, 99=345, 99.9=1313, 99.99=1313] [READ-FAILED: Count=3055, Max=197, Min=34, Avg=57.56, 90=75, 99=100, 99.9=161, 99.99=197] 
2026-04-29 15:39:18:122 21 sec: 384943 operations; 16724 current ops/sec; [READ: Count=13081, Max=3555, Min=5, Avg=36.54, 90=100, 99=172, 99.9=318, 99.99=3523] [INSERT: Count=823, Max=99519, Min=158, Avg=417.65, 90=400, 99=1138, 99.9=99519, 99.99=99519] [READ-FAILED: Count=2826, Max=205, Min=37, Avg=56.12, 90=71, 99=92, 99.9=165, 99.99=205] 
2026-04-29 15:39:19:122 22 sec: 405069 operations; 20126 current ops/sec; [READ: Count=15276, Max=3491, Min=5, Avg=35.88, 90=95, 99=148, 99.9=244, 99.99=3369] [INSERT: Count=1043, Max=2283, Min=148, Avg=207.43, 90=249, 99=346, 99.9=622, 99.99=2283] [READ-FAILED: Count=3808, Max=333, Min=37, Avg=55.88, 90=68, 99=85, 99.9=142, 99.99=333] 
2026-04-29 15:39:20:122 23 sec: 423579 operations; 18510 current ops/sec; [READ: Count=16004, Max=3453, Min=5, Avg=37.98, 90=104, 99=190, 99.9=331, 99.99=3413] [INSERT: Count=905, Max=75647, Min=153, Avg=303.47, 90=267, 99=357, 99.9=75647, 99.99=75647] [READ-FAILED: Count=1598, Max=2361, Min=37, Avg=59.38, 90=74, 99=98, 99.9=196, 99.99=2361] 
2026-04-29 15:39:21:122 24 sec: 444419 operations; 20840 current ops/sec; [READ: Count=17081, Max=3403, Min=5, Avg=35.35, 90=96, 99=158, 99.9=245, 99.99=3391] [INSERT: Count=1053, Max=396, Min=154, Avg=207.7, 90=252, 99=327, 99.9=396, 99.99=396] [READ-FAILED: Count=2700, Max=187, Min=37, Avg=57.24, 90=72, 99=93, 99.9=176, 99.99=187] 
2026-04-29 15:39:22:122 25 sec: 464125 operations; 19706 current ops/sec; [READ: Count=15146, Max=3847, Min=5, Avg=35.87, 90=95, 99=149, 99.9=284, 99.99=3561] [INSERT: Count=990, Max=24943, Min=153, Avg=236.08, 90=249, 99=321, 99.9=24943, 99.99=24943] [READ-FAILED: Count=3579, Max=395, Min=37, Avg=56.24, 90=67, 99=85, 99.9=163, 99.99=395] 
2026-04-29 15:39:23:122 26 sec: 480745 operations; 16620 current ops/sec; [READ: Count=12061, Max=3787, Min=5, Avg=38.88, 90=100, 99=153, 99.9=305, 99.99=3747] [INSERT: Count=871, Max=102655, Min=154, Avg=342.33, 90=264, 99=781, 99.9=102655, 99.99=102655] [READ-FAILED: Count=3676, Max=193, Min=36, Avg=57.85, 90=70, 99=90, 99.9=181, 99.99=193] 
2026-04-29 15:39:24:122 27 sec: 499899 operations; 19154 current ops/sec; [READ: Count=16134, Max=3029, Min=5, Avg=33.82, 90=91, 99=155, 99.9=349, 99.99=3025] [INSERT: Count=940, Max=77183, Min=159, Avg=331.57, 90=312, 99=918, 99.9=77183, 99.99=77183] [READ-FAILED: Count=2092, Max=224, Min=37, Avg=58.51, 90=73, 99=96, 99.9=165, 99.99=224] 
2026-04-29 15:39:25:122 28 sec: 519482 operations; 19583 current ops/sec; [READ: Count=13928, Max=3703, Min=5, Avg=37.2, 90=94, 99=140, 99.9=342, 99.99=3209] [INSERT: Count=968, Max=470, Min=162, Avg=207.37, 90=243, 99=301, 99.9=470, 99.99=470] [READ-FAILED: Count=4679, Max=188, Min=35, Avg=55.32, 90=66, 99=81, 99.9=99, 99.99=188] 
2026-04-29 15:39:26:122 29 sec: 537954 operations; 18472 current ops/sec; [READ: Count=12852, Max=3465, Min=6, Avg=39.09, 90=100, 99=145, 99.9=318, 99.99=3319] [INSERT: Count=995, Max=3379, Min=156, Avg=211.28, 90=249, 99=329, 99.9=3379, 99.99=3379] [READ-FAILED: Count=4632, Max=190, Min=38, Avg=57.3, 90=68, 99=88, 99.9=131, 99.99=190] 
2026-04-29 15:39:27:122 30 sec: 556853 operations; 18899 current ops/sec; [READ: Count=13636, Max=3635, Min=5, Avg=38.27, 90=101, 99=152, 99.9=303, 99.99=3627] [INSERT: Count=954, Max=4931, Min=165, Avg=219.7, 90=260, 99=332, 99.9=4931, 99.99=4931] [READ-FAILED: Count=4306, Max=428, Min=35, Avg=57.24, 90=70, 99=90, 99.9=202, 99.99=428] 
2026-04-29 15:39:28:121 31 sec: 574810 operations; 17957 current ops/sec; [READ: Count=14155, Max=3791, Min=5, Avg=39.62, 90=103, 99=172, 99.9=303, 99.99=3567] [INSERT: Count=949, Max=25903, Min=154, Avg=251.17, 90=257, 99=330, 99.9=25903, 99.99=25903] [READ-FAILED: Count=2844, Max=785, Min=39, Avg=60.93, 90=77, 99=102, 99.9=220, 99.99=785] 
2026-04-29 15:39:29:122 32 sec: 590012 operations; 15202 current ops/sec; [READ: Count=13077, Max=4199, Min=6, Avg=43.52, 90=117, 99=203, 99.9=318, 99.99=3449] [INSERT: Count=743, Max=106623, Min=164, Avg=428.25, 90=383, 99=1197, 99.9=106623, 99.99=106623] [READ-FAILED: Count=1386, Max=203, Min=40, Avg=71.41, 90=90, 99=108, 99.9=181, 99.99=203] 
2026-04-29 15:39:29:261 - NewTail completed: 
2026-04-29 15:39:30:122 33 sec: 609405 operations; 19393 current ops/sec; [READ: Count=15779, Max=3427, Min=6, Avg=37.7, 90=104, 99=175, 99.9=409, 99.99=3121] [INSERT: Count=983, Max=2241, Min=156, Avg=222.24, 90=268, 99=352, 99.9=2241, 99.99=2241] [READ-FAILED: Count=2636, Max=167, Min=39, Avg=62.29, 90=80, 99=103, 99.9=151, 99.99=167] 
2026-04-29 15:39:31:122 34 sec: 629744 operations; 20339 current ops/sec; [READ: Count=17825, Max=3489, Min=6, Avg=36.91, 90=106, 99=181, 99.9=280, 99.99=3153] [INSERT: Count=988, Max=1310, Min=161, Avg=220.85, 90=266, 99=330, 99.9=1310, 99.99=1310] [READ-FAILED: Count=1524, Max=170, Min=39, Avg=65.43, 90=86, 99=106, 99.9=150, 99.99=170] 
2026-04-29 15:39:32:122 35 sec: 649214 operations; 19470 current ops/sec; [READ: Count=15784, Max=3347, Min=6, Avg=37.54, 90=97, 99=171, 99.9=317, 99.99=3241] [INSERT: Count=942, Max=27135, Min=155, Avg=237.55, 90=249, 99=326, 99.9=27135, 99.99=27135] [READ-FAILED: Count=2749, Max=198, Min=39, Avg=59.02, 90=74, 99=99, 99.9=133, 99.99=198] 
2026-04-29 15:39:33:122 36 sec: 668065 operations; 18851 current ops/sec; [READ: Count=14806, Max=3399, Min=6, Avg=38.71, 90=102, 99=169, 99.9=303, 99.99=3391] [INSERT: Count=969, Max=24783, Min=145, Avg=229.9, 90=251, 99=329, 99.9=24783, 99.99=24783] [READ-FAILED: Count=3065, Max=165, Min=40, Avg=59.16, 90=74, 99=97, 99.9=123, 99.99=165] 
2026-04-29 15:39:34:122 37 sec: 684995 operations; 16930 current ops/sec; [READ: Count=13301, Max=3577, Min=6, Avg=36.73, 90=98, 99=165, 99.9=262, 99.99=3433] [INSERT: Count=860, Max=100159, Min=155, Avg=373.47, 90=348, 99=1008, 99.9=100159, 99.99=100159] [READ-FAILED: Count=2776, Max=195, Min=39, Avg=61.7, 90=83, 99=115, 99.9=184, 99.99=195] 
2026-04-29 15:39:35:122 38 sec: 703926 operations; 18931 current ops/sec; [READ: Count=16487, Max=3507, Min=6, Avg=38.83, 90=111, 99=188, 99.9=339, 99.99=3435] [INSERT: Count=940, Max=27487, Min=156, Avg=249.02, 90=266, 99=337, 99.9=27487, 99.99=27487] [READ-FAILED: Count=1503, Max=186, Min=42, Avg=68.29, 90=87, 99=108, 99.9=127, 99.99=186] 
2026-04-29 15:39:36:122 39 sec: 723012 operations; 19086 current ops/sec; [READ: Count=16485, Max=3181, Min=6, Avg=40.02, 90=105, 99=191, 99.9=305, 99.99=3135] [INSERT: Count=920, Max=629, Min=157, Avg=220.3, 90=266, 99=336, 99.9=629, 99.99=629] [READ-FAILED: Count=1677, Max=228, Min=42, Avg=68.55, 90=90, 99=116, 99.9=218, 99.99=228] 
2026-04-29 15:39:37:122 40 sec: 740608 operations; 17596 current ops/sec; [READ: Count=13863, Max=3041, Min=6, Avg=37.5, 90=100, 99=169, 99.9=377, 99.99=2971] [INSERT: Count=921, Max=74687, Min=148, Avg=315.14, 90=251, 99=372, 99.9=74687, 99.99=74687] [READ-FAILED: Count=2814, Max=186, Min=39, Avg=60.21, 90=76, 99=102, 99.9=157, 99.99=186] 
2026-04-29 15:39:38:122 41 sec: 762196 operations; 21588 current ops/sec; [READ: Count=18453, Max=3699, Min=6, Avg=34.56, 90=96, 99=161, 99.9=239, 99.99=2837] [INSERT: Count=992, Max=386, Min=161, Avg=211.29, 90=251, 99=314, 99.9=386, 99.99=386] [READ-FAILED: Count=2144, Max=187, Min=38, Avg=60.1, 90=73, 99=89, 99.9=126, 99.99=187] 
2026-04-29 15:39:39:122 42 sec: 777142 operations; 14946 current ops/sec; [READ: Count=11991, Max=3007, Min=6, Avg=39.25, 90=108, 99=179, 99.9=266, 99.99=2985] [INSERT: Count=757, Max=99263, Min=161, Avg=491.21, 90=369, 99=818, 99.9=99263, 99.99=99263] [READ-FAILED: Count=2197, Max=188, Min=41, Avg=63.57, 90=84, 99=105, 99.9=150, 99.99=188] 
2026-04-29 15:39:40:122 43 sec: 796669 operations; 19527 current ops/sec; [READ: Count=17395, Max=4275, Min=6, Avg=39.77, 90=108, 99=196, 99.9=308, 99.99=3889] [INSERT: Count=959, Max=2171, Min=152, Avg=213.35, 90=257, 99=334, 99.9=2171, 99.99=2171] [READ-FAILED: Count=1175, Max=193, Min=46, Avg=68.36, 90=88, 99=106, 99.9=186, 99.99=193] 
2026-04-29 15:39:41:122 44 sec: 816647 operations; 19978 current ops/sec; [READ: Count=17417, Max=3279, Min=6, Avg=37.26, 90=102, 99=176, 99.9=344, 99.99=3191] [INSERT: Count=1007, Max=5775, Min=164, Avg=225.58, 90=256, 99=340, 99.9=4971, 99.99=5775] [READ-FAILED: Count=1548, Max=189, Min=42, Avg=65.11, 90=81, 99=109, 99.9=147, 99.99=189] 
2026-04-29 15:39:42:122 45 sec: 836873 operations; 20226 current ops/sec; [READ: Count=16849, Max=3329, Min=6, Avg=36.69, 90=100, 99=161, 99.9=336, 99.99=3223] [INSERT: Count=992, Max=493, Min=159, Avg=212.76, 90=255, 99=332, 99.9=493, 99.99=493] [READ-FAILED: Count=2397, Max=201, Min=40, Avg=61.7, 90=73, 99=88, 99.9=106, 99.99=201] 
2026-04-29 15:39:43:122 46 sec: 854867 operations; 17994 current ops/sec; [READ: Count=13812, Max=3871, Min=6, Avg=39.58, 90=102, 99=166, 99.9=365, 99.99=3413] [INSERT: Count=938, Max=25519, Min=162, Avg=240.37, 90=256, 99=336, 99.9=25519, 99.99=25519] [READ-FAILED: Count=3239, Max=282, Min=42, Avg=63.81, 90=78, 99=104, 99.9=167, 99.99=282] 
2026-04-29 15:39:44:122 47 sec: 870859 operations; 15992 current ops/sec; [READ: Count=12852, Max=3125, Min=6, Avg=40.07, 90=103, 99=170, 99.9=326, 99.99=2675] [INSERT: Count=807, Max=100095, Min=158, Avg=391.65, 90=407, 99=1115, 99.9=100095, 99.99=100095] [READ-FAILED: Count=2334, Max=244, Min=42, Avg=64.44, 90=82, 99=107, 99.9=171, 99.99=244] 
2026-04-29 15:39:45:122 48 sec: 889275 operations; 18416 current ops/sec; [READ: Count=16719, Max=3467, Min=6, Avg=41.25, 90=116, 99=201, 99.9=304, 99.99=3271] [INSERT: Count=876, Max=29327, Min=156, Avg=258.52, 90=271, 99=341, 99.9=29327, 99.99=29327] [READ-FAILED: Count=818, Max=155, Min=43, Avg=74.76, 90=96, 99=120, 99.9=155, 99.99=155] 
2026-04-29 15:39:46:122 49 sec: 909111 operations; 19836 current ops/sec; [READ: Count=16134, Max=6023, Min=6, Avg=37.45, 90=99, 99=161, 99.9=319, 99.99=3079] [INSERT: Count=987, Max=952, Min=157, Avg=207.67, 90=251, 99=317, 99.9=952, 99.99=952] [READ-FAILED: Count=2714, Max=179, Min=42, Avg=62.26, 90=77, 99=100, 99.9=145, 99.99=179] 
2026-04-29 15:39:47:122 50 sec: 927253 operations; 18142 current ops/sec; [READ: Count=13637, Max=2945, Min=6, Avg=38.9, 90=101, 99=156, 99.9=306, 99.99=2891] [INSERT: Count=929, Max=18719, Min=158, Avg=244.18, 90=256, 99=552, 99.9=18719, 99.99=18719] [READ-FAILED: Count=3572, Max=249, Min=40, Avg=62, 90=76, 99=101, 99.9=185, 99.99=249] 
2026-04-29 15:39:48:122 51 sec: 945274 operations; 18021 current ops/sec; [READ: Count=12808, Max=3459, Min=6, Avg=41.1, 90=99, 99=146, 99.9=340, 99.99=3241] [INSERT: Count=921, Max=929, Min=159, Avg=205.48, 90=244, 99=310, 99.9=929, 99.99=929] [READ-FAILED: Count=4294, Max=3017, Min=42, Avg=61.47, 90=72, 99=96, 99.9=181, 99.99=3017] 
2026-04-29 15:39:49:122 52 sec: 961170 operations; 15896 current ops/sec; [READ: Count=12326, Max=2929, Min=6, Avg=38.25, 90=100, 99=164, 99.9=263, 99.99=2885] [INSERT: Count=786, Max=102079, Min=156, Avg=423.09, 90=386, 99=1127, 99.9=102079, 99.99=102079] [READ-FAILED: Count=2792, Max=330, Min=42, Avg=63.76, 90=82, 99=102, 99.9=119, 99.99=330] 
2026-04-29 15:39:50:122 53 sec: 979726 operations; 18556 current ops/sec; [READ: Count=15495, Max=3455, Min=6, Avg=41.17, 90=114, 99=194, 99.9=331, 99.99=3173] [INSERT: Count=876, Max=1881, Min=167, Avg=225.37, 90=266, 99=323, 99.9=1881, 99.99=1881] [READ-FAILED: Count=2180, Max=252, Min=41, Avg=65.32, 90=86, 99=109, 99.9=155, 99.99=252] 
2026-04-29 15:39:51:122 54 sec: 998156 operations; 18430 current ops/sec; [READ: Count=15777, Max=3291, Min=6, Avg=37.53, 90=103, 99=181, 99.9=342, 99.99=3071] [INSERT: Count=899, Max=76351, Min=159, Avg=304.85, 90=266, 99=342, 99.9=76351, 99.99=76351] [READ-FAILED: Count=1749, Max=937, Min=42, Avg=64.45, 90=81, 99=116, 99.9=186, 99.99=937] 
2026-04-29 15:39:52:122 55 sec: 1018214 operations; 20058 current ops/sec; [READ: Count=17229, Max=3471, Min=6, Avg=37.93, 90=98, 99=171, 99.9=291, 99.99=3293] [INSERT: Count=951, Max=2135, Min=161, Avg=216.84, 90=257, 99=326, 99.9=2135, 99.99=2135] [READ-FAILED: Count=1879, Max=147, Min=42, Avg=62.66, 90=75, 99=105, 99.9=139, 99.99=147] 
2026-04-29 15:39:53:122 56 sec: 1035883 operations; 17669 current ops/sec; [READ: Count=14097, Max=3193, Min=6, Avg=38.73, 90=102, 99=159, 99.9=319, 99.99=3119] [INSERT: Count=885, Max=74175, Min=161, Avg=295.8, 90=244, 99=318, 99.9=74175, 99.99=74175] [READ-FAILED: Count=2693, Max=199, Min=43, Avg=64.02, 90=76, 99=96, 99.9=138, 99.99=199] 
2026-04-29 15:39:54:122 57 sec: 1053402 operations; 17519 current ops/sec; [READ: Count=14739, Max=3331, Min=7, Avg=36.88, 90=100, 99=164, 99.9=288, 99.99=2861] [INSERT: Count=825, Max=100607, Min=154, Avg=375.29, 90=354, 99=1124, 99.9=100607, 99.99=100607] [READ-FAILED: Count=1953, Max=174, Min=44, Avg=65.13, 90=78, 99=99, 99.9=169, 99.99=174] 
2026-04-29 15:39:55:122 58 sec: 1070336 operations; 16934 current ops/sec; [READ: Count=13223, Max=3123, Min=7, Avg=39.33, 90=104, 99=162, 99.9=345, 99.99=3017] [INSERT: Count=880, Max=96063, Min=159, Avg=318.33, 90=250, 99=315, 99.9=96063, 99.99=96063] [READ-FAILED: Count=2831, Max=335, Min=44, Avg=63.71, 90=77, 99=94, 99.9=128, 99.99=335] 
2026-04-29 15:39:56:122 59 sec: 1087823 operations; 17487 current ops/sec; [READ: Count=13598, Max=3129, Min=7, Avg=42.81, 90=107, 99=179, 99.9=430, 99.99=3105] [INSERT: Count=903, Max=846, Min=161, Avg=214.43, 90=260, 99=317, 99.9=846, 99.99=846] [READ-FAILED: Count=2981, Max=944, Min=44, Avg=68.16, 90=87, 99=119, 99.9=192, 99.99=944] 
2026-04-29 15:39:57:122 60 sec: 1104368 operations; 16545 current ops/sec; [READ: Count=13730, Max=6835, Min=7, Avg=44.71, 90=117, 99=200, 99.9=304, 99.99=3677] [INSERT: Count=854, Max=22191, Min=175, Avg=258.99, 90=278, 99=341, 99.9=22191, 99.99=22191] [READ-FAILED: Count=1965, Max=206, Min=46, Avg=73.46, 90=97, 99=115, 99.9=188, 99.99=206] 
2026-04-29 15:39:58:122 61 sec: 1123343 operations; 18956.04 current ops/sec; [READ: Count=14869, Max=3227, Min=7, Avg=38.76, 90=101, 99=162, 99.9=346, 99.99=3087] [INSERT: Count=966, Max=1033, Min=164, Avg=213.27, 90=255, 99=319, 99.9=1033, 99.99=1033] [READ-FAILED: Count=3145, Max=191, Min=42, Avg=62.68, 90=74, 99=94, 99.9=122, 99.99=191] 
2026-04-29 15:39:59:122 62 sec: 1138262 operations; 14933.93 current ops/sec; [READ: Count=10577, Max=3309, Min=7, Avg=43.09, 90=108, 99=164, 99.9=359, 99.99=3073] [INSERT: Count=756, Max=95295, Min=163, Avg=385.31, 90=324, 99=1140, 99.9=95295, 99.99=95295] [READ-FAILED: Count=3576, Max=256, Min=44, Avg=65.26, 90=81, 99=106, 99.9=194, 99.99=256] 
2026-04-29 15:40:00:122 63 sec: 1154772 operations; 16510 current ops/sec; [READ: Count=15600, Max=26159, Min=7, Avg=45.53, 90=118, 99=217, 99.9=355, 99.99=3663] [INSERT: Count=785, Max=76799, Min=162, Avg=333.46, 90=280, 99=381, 99.9=76799, 99.99=76799] [READ-FAILED: Count=133, Max=140, Min=51, Avg=73.08, 90=99, 99=129, 99.9=140, 99.99=140] 
2026-04-29 15:40:01:122 64 sec: 1174539 operations; 19767 current ops/sec; [READ: Count=16610, Max=3269, Min=7, Avg=37.72, 90=100, 99=167, 99.9=279, 99.99=3149] [INSERT: Count=972, Max=420, Min=164, Avg=215.03, 90=261, 99=336, 99.9=420, 99.99=420] [READ-FAILED: Count=2182, Max=182, Min=41, Avg=65.4, 90=81, 99=110, 99.9=175, 99.99=182] 
2026-04-29 15:40:02:122 65 sec: 1191242 operations; 16703 current ops/sec; [READ: Count=13225, Max=3533, Min=7, Avg=43.28, 90=114, 99=183, 99.9=320, 99.99=3277] [INSERT: Count=864, Max=27487, Min=164, Avg=254.2, 90=264, 99=362, 99.9=27487, 99.99=27487] [READ-FAILED: Count=2615, Max=272, Min=47, Avg=71.86, 90=93, 99=119, 99.9=179, 99.99=272] 
2026-04-29 15:40:03:122 66 sec: 1209987 operations; 18745 current ops/sec; [READ: Count=16405, Max=3165, Min=7, Avg=40.79, 90=113, 99=187, 99.9=309, 99.99=3071] [INSERT: Count=916, Max=1132, Min=166, Avg=224.5, 90=265, 99=323, 99.9=1132, 99.99=1132] [READ-FAILED: Count=1421, Max=420, Min=47, Avg=72.88, 90=93, 99=119, 99.9=206, 99.99=420] 
2026-04-29 15:40:04:121 67 sec: 1225427 operations; 15440 current ops/sec; [READ: Count=13440, Max=3697, Min=7, Avg=42.79, 90=111, 99=197, 99.9=385, 99.99=3665] [INSERT: Count=762, Max=97407, Min=164, Avg=412.68, 90=299, 99=974, 99.9=97407, 99.99=97407] [READ-FAILED: Count=1237, Max=255, Min=45, Avg=74.49, 90=96, 99=129, 99.9=229, 99.99=255] 
2026-04-29 15:40:05:122 68 sec: 1243127 operations; 17700 current ops/sec; [READ: Count=15494, Max=3185, Min=7, Avg=42.64, 90=115, 99=200, 99.9=327, 99.99=2987] [INSERT: Count=896, Max=4315, Min=162, Avg=251.65, 90=288, 99=969, 99.9=4315, 99.99=4315] [READ-FAILED: Count=1321, Max=191, Min=49, Avg=70.36, 90=89, 99=119, 99.9=173, 99.99=191] 
2026-04-29 15:40:06:122 69 sec: 1260657 operations; 17530 current ops/sec; [READ: Count=13791, Max=3085, Min=7, Avg=40.84, 90=108, 99=170, 99.9=386, 99.99=2663] [INSERT: Count=897, Max=29039, Min=162, Avg=247.73, 90=252, 99=335, 99.9=29039, 99.99=29039] [READ-FAILED: Count=2836, Max=172, Min=46, Avg=68.45, 90=83, 99=109, 99.9=137, 99.99=172] 
2026-04-29 15:40:07:121 70 sec: 1278146 operations; 17489 current ops/sec; [READ: Count=13568, Max=3543, Min=7, Avg=41.74, 90=109, 99=171, 99.9=363, 99.99=3271] [INSERT: Count=909, Max=6815, Min=170, Avg=226.71, 90=261, 99=321, 99.9=6815, 99.99=6815] [READ-FAILED: Count=3010, Max=150, Min=44, Avg=68.72, 90=83, 99=107, 99.9=134, 99.99=150] 
2026-04-29 15:40:08:121 71 sec: 1294754 operations; 16608 current ops/sec; [READ: Count=13677, Max=3915, Min=7, Avg=43.97, 90=113, 99=184, 99.9=325, 99.99=3087] [INSERT: Count=882, Max=28575, Min=161, Avg=256.24, 90=258, 99=345, 99.9=28575, 99.99=28575] [READ-FAILED: Count=2045, Max=216, Min=49, Avg=74.79, 90=98, 99=129, 99.9=193, 99.99=216] 
2026-04-29 15:40:09:121 72 sec: 1311850 operations; 17096 current ops/sec; [READ: Count=14172, Max=3115, Min=7, Avg=41.38, 90=109, 99=177, 99.9=299, 99.99=2895] [INSERT: Count=829, Max=4427, Min=167, Avg=234.25, 90=262, 99=872, 99.9=4427, 99.99=4427] [READ-FAILED: Count=2094, Max=347, Min=48, Avg=71.9, 90=91, 99=118, 99.9=182, 99.99=347] 
2026-04-29 15:40:10:122 73 sec: 1327194 operations; 15344 current ops/sec; [READ: Count=12659, Max=2963, Min=7, Avg=44, 90=119, 99=199, 99.9=349, 99.99=2757] [INSERT: Count=792, Max=100287, Min=164, Avg=420.05, 90=335, 99=1532, 99.9=100287, 99.99=100287] [READ-FAILED: Count=1898, Max=200, Min=47, Avg=74.02, 90=98, 99=123, 99.9=166, 99.99=200] 
2026-04-29 15:40:11:122 74 sec: 1345218 operations; 18024 current ops/sec; [READ: Count=14656, Max=3067, Min=7, Avg=42.08, 90=112, 99=188, 99.9=299, 99.99=2849] [INSERT: Count=912, Max=414, Min=157, Avg=211.23, 90=259, 99=309, 99.9=414, 99.99=414] [READ-FAILED: Count=2453, Max=175, Min=46, Avg=69.01, 90=89, 99=117, 99.9=153, 99.99=175] 
2026-04-29 15:40:12:122 75 sec: 1363197 operations; 17979 current ops/sec; [READ: Count=14321, Max=3163, Min=7, Avg=40.77, 90=105, 99=163, 99.9=357, 99.99=2925] [INSERT: Count=843, Max=20079, Min=166, Avg=238.96, 90=257, 99=327, 99.9=20079, 99.99=20079] [READ-FAILED: Count=2815, Max=356, Min=48, Avg=69.01, 90=83, 99=98, 99.9=183, 99.99=356] 
2026-04-29 15:40:13:122 76 sec: 1380857 operations; 17660 current ops/sec; [READ: Count=14541, Max=3195, Min=7, Avg=42.78, 90=111, 99=182, 99.9=345, 99.99=3031] [INSERT: Count=878, Max=365, Min=165, Avg=216.74, 90=257, 99=333, 99.9=365, 99.99=365] [READ-FAILED: Count=2241, Max=221, Min=47, Avg=74.52, 90=97, 99=121, 99.9=139, 99.99=221] 
2026-04-29 15:40:14:122 77 sec: 1398393 operations; 17536 current ops/sec; [READ: Count=13736, Max=3597, Min=7, Avg=40.6, 90=105, 99=171, 99.9=382, 99.99=3259] [INSERT: Count=865, Max=28639, Min=160, Avg=251.3, 90=263, 99=345, 99.9=28639, 99.99=28639] [READ-FAILED: Count=2934, Max=141, Min=46, Avg=69.81, 90=93, 99=117, 99.9=137, 99.99=141] 
2026-04-29 15:40:15:122 78 sec: 1401643 operations; 3250 current ops/sec; [READ: Count=2912, Max=1655, Min=7, Avg=41.83, 90=116, 99=223, 99.9=430, 99.99=1655] [INSERT: Count=188, Max=101759, Min=200, Avg=4559.76, 90=7131, 99=9783, 99.9=101759, 99.99=101759] [READ-FAILED: Count=149, Max=735, Min=60, Avg=94.67, 90=114, 99=141, 99.9=735, 99.99=735] 
2026-04-29 15:40:16:122 79 sec: 1413508 operations; 11865 current ops/sec; [READ: Count=9754, Max=2693, Min=7, Avg=42.38, 90=115, 99=184, 99.9=339, 99.99=2693] [INSERT: Count=625, Max=6395, Min=168, Avg=727.34, 90=3249, 99=5759, 99.9=6395, 99.99=6395] [READ-FAILED: Count=1486, Max=327, Min=49, Avg=79.2, 90=101, 99=125, 99.9=173, 99.99=327] 
2026-04-29 15:40:17:122 80 sec: 1429562 operations; 16054 current ops/sec; [READ: Count=13429, Max=3383, Min=7, Avg=46.63, 90=122, 99=202, 99.9=411, 99.99=3283] [INSERT: Count=841, Max=25215, Min=165, Avg=254.64, 90=277, 99=351, 99.9=25215, 99.99=25215] [READ-FAILED: Count=1784, Max=261, Min=49, Avg=79.26, 90=103, 99=133, 99.9=199, 99.99=261] 
2026-04-29 15:40:18:122 81 sec: 1447359 operations; 17797 current ops/sec; [READ: Count=15942, Max=2979, Min=7, Avg=44.58, 90=115, 99=204, 99.9=363, 99.99=2975] [INSERT: Count=901, Max=1380, Min=161, Avg=218.72, 90=260, 99=325, 99.9=1380, 99.99=1380] [READ-FAILED: Count=954, Max=135, Min=49, Avg=71.9, 90=87, 99=111, 99.9=135, 99.99=135] 
2026-04-29 15:40:19:122 82 sec: 1464643 operations; 17284 current ops/sec; [READ: Count=14349, Max=3255, Min=7, Avg=42.61, 90=113, 99=190, 99.9=337, 99.99=3247] [INSERT: Count=870, Max=28271, Min=161, Avg=251.58, 90=261, 99=319, 99.9=28271, 99.99=28271] [READ-FAILED: Count=2076, Max=329, Min=47, Avg=72.31, 90=93, 99=126, 99.9=184, 99.99=329] 
2026-04-29 15:40:20:122 83 sec: 1479836 operations; 15193 current ops/sec; [READ: Count=11373, Max=2693, Min=7, Avg=44.16, 90=111, 99=175, 99.9=438, 99.99=2623] [INSERT: Count=754, Max=70143, Min=165, Avg=344.02, 90=291, 99=1117, 99.9=70143, 99.99=70143] [READ-FAILED: Count=3066, Max=198, Min=48, Avg=71.98, 90=88, 99=118, 99.9=177, 99.99=198] 
2026-04-29 15:40:21:122 84 sec: 1497140 operations; 17304 current ops/sec; [READ: Count=12957, Max=3077, Min=7, Avg=41.58, 90=107, 99=158, 99.9=413, 99.99=3007] [INSERT: Count=878, Max=378, Min=160, Avg=206.49, 90=244, 99=314, 99.9=378, 99.99=378] [READ-FAILED: Count=3458, Max=210, Min=48, Avg=68.43, 90=80, 99=95, 99.9=173, 99.99=210] 
2026-04-29 15:40:22:122 85 sec: 1514447 operations; 17307 current ops/sec; [READ: Count=14081, Max=3321, Min=8, Avg=44.15, 90=111, 99=181, 99.9=383, 99.99=3173] [INSERT: Count=862, Max=27151, Min=160, Avg=245.6, 90=255, 99=332, 99.9=27151, 99.99=27151] [READ-FAILED: Count=2368, Max=363, Min=51, Avg=71.66, 90=86, 99=109, 99.9=168, 99.99=363] 
2026-04-29 15:40:23:122 86 sec: 1532932 operations; 18485 current ops/sec; [READ: Count=14395, Max=3115, Min=8, Avg=40.26, 90=102, 99=159, 99.9=300, 99.99=3033] [INSERT: Count=913, Max=444, Min=162, Avg=203.59, 90=237, 99=296, 99.9=444, 99.99=444] [READ-FAILED: Count=3179, Max=204, Min=49, Avg=67.39, 90=80, 99=94, 99.9=118, 99.99=204] 
2026-04-29 15:40:24:122 87 sec: 1549370 operations; 16438 current ops/sec; [READ: Count=12152, Max=2947, Min=8, Avg=43.66, 90=109, 99=161, 99.9=333, 99.99=2751] [INSERT: Count=855, Max=30591, Min=157, Avg=239.5, 90=246, 99=303, 99.9=30591, 99.99=30591] [READ-FAILED: Count=3434, Max=205, Min=49, Avg=71.52, 90=84, 99=100, 99.9=125, 99.99=205] 
2026-04-29 15:40:25:122 88 sec: 1563919 operations; 14549 current ops/sec; [READ: Count=11634, Max=2739, Min=8, Avg=45.02, 90=119, 99=184, 99.9=322, 99.99=2677] [INSERT: Count=727, Max=94463, Min=163, Avg=398.72, 90=370, 99=1046, 99.9=94463, 99.99=94463] [READ-FAILED: Count=2187, Max=742, Min=51, Avg=77.02, 90=96, 99=120, 99.9=142, 99.99=742] 
2026-04-29 15:40:26:122 89 sec: 1580681 operations; 16762 current ops/sec; [READ: Count=13694, Max=3131, Min=8, Avg=43.98, 90=112, 99=182, 99.9=380, 99.99=2983] [INSERT: Count=836, Max=32927, Min=160, Avg=254.89, 90=262, 99=324, 99.9=32927, 99.99=32927] [READ-FAILED: Count=2230, Max=216, Min=50, Avg=73.8, 90=93, 99=122, 99.9=170, 99.99=216] 
Maximum time elapsed. Requesting stop for the workload.
Stop requested for workload. Now Joining!
[OZONEDB-PROFILE] reads=1518096  avg_total=41.19us  view=6.73us(16.3%)  log=2.62us(6.4%)  sst=52.81us_per_call x 908871_calls(76.8%_of_total)
[OZONEDB-SST-PROFILE] level | time_total_ms | enters | range_rejects | table_gets | hits
[OZONEDB-SST-PROFILE] L1  |     17201.05 |  8270501 |       559044 |    7711457 | 438423
[OZONEDB-SST-PROFILE] L2  |      3784.57 |   939330 |       468895 |     470435 |  46368
[OZONEDB-SST-PROFILE] L3  |      3000.45 |   847305 |       423234 |     424071 |  32399
[OZONEDB-SST-PROFILE] L4  |      2603.27 |   782186 |       390522 |     391664 |  25453
[OZONEDB-SST-PROFILE] L5  |      2263.01 |   731674 |       365463 |     366211 |  20399
[OZONEDB-SST-PROFILE] L6  |      2053.44 |   691100 |       345275 |     345825 |  17415
[OZONEDB-SST-PROFILE] L7  |     16492.96 |  1229878 |           38 |    1229840 | 106061
[OZONEDB-TBL-PROFILE] file_filter_reject=10152314  block_filter_reject=99554  index_invalid=0  block_read_more=355442  hit_from_cache=332193  miss_after_read=1117  found=686518
2026-04-29 15:40:27:122 90 sec: 1598048 operations; 17367 current ops/sec; [READ: Count=13717, Max=3219, Min=8, Avg=43.61, 90=110, 99=178, 99.9=335, 99.99=3021] [INSERT: Count=845, Max=346, Min=166, Avg=213.24, 90=251, 99=315, 99.9=346, 99.99=346] [READ-FAILED: Count=2800, Max=196, Min=50, Avg=71.86, 90=86, 99=112, 99.9=134, 99.99=196] 
2026-04-29 15:40:27:163 90 sec: 1598051 operations; 73.17 current ops/sec; [READ: Count=2, Max=226, Min=151, Avg=188.5, 90=226, 99=226, 99.9=226, 99.99=226] [CLEANUP: Count=1, Max=40063, Min=40032, Avg=40048, 90=40063, 99=40063, 99.9=40063, 99.99=40063] [INSERT: Count=0, Max=0, Min=0, Avg=0, 90=0, 99=0, 99.9=0, 99.99=0] [READ-FAILED: Count=0, Max=0, Min=0, Avg=0, 90=0, 99=0, 99.9=0, 99.99=0] 
[OVERALL], RunTime(ms), 90042
[OVERALL], Throughput(ops/sec), 17747.839896936985
[TOTAL_GCS_PS_Scavenge], Count, 8
[TOTAL_GC_TIME_PS_Scavenge], Time(ms), 43
[TOTAL_GC_TIME_%_PS_Scavenge], Time(%), 0.04775549188156638
[TOTAL_GCS_PS_MarkSweep], Count, 0
[TOTAL_GC_TIME_PS_MarkSweep], Time(ms), 0
[TOTAL_GC_TIME_%_PS_MarkSweep], Time(%), 0.0
[TOTAL_GCs], Count, 8
[TOTAL_GC_TIME], Time(ms), 43
[TOTAL_GC_TIME_%], Time(%), 0.04775549188156638
[READ], Operations, 1295743
[READ], AverageLatency(us), 39.38508639444705
[READ], MinLatency(us), 4
[READ], MaxLatency(us), 60031
[READ], 95thPercentileLatency(us), 126
[READ], 99thPercentileLatency(us), 175
[READ], Return=OK, 1295743
[READ], Return=NOT_FOUND, 222353
[CLEANUP], Operations, 1
[CLEANUP], AverageLatency(us), 40048.0
[CLEANUP], MinLatency(us), 40032
[CLEANUP], MaxLatency(us), 40063
[CLEANUP], 95thPercentileLatency(us), 40063
[CLEANUP], 99thPercentileLatency(us), 40063
[INSERT], Operations, 79955
[INSERT], AverageLatency(us), 283.12113063598275
[INSERT], MinLatency(us), 145
[INSERT], MaxLatency(us), 122879
[INSERT], 95thPercentileLatency(us), 301
[INSERT], 99thPercentileLatency(us), 763
[INSERT], Return=OK, 79955
[READ-FAILED], Operations, 222353
[READ-FAILED], AverageLatency(us), 62.999208465817865
[READ-FAILED], MinLatency(us), 32
[READ-FAILED], MaxLatency(us), 12287
[READ-FAILED], 95thPercentileLatency(us), 89
[READ-FAILED], 99thPercentileLatency(us), 108
	Command being timed: "/usr/lib/jvm/java-8-openjdk-amd64/bin/java -cp /users/Xinying/ozonedb/ycsb/ozonedb/conf:/users/Xinying/ozonedb/ycsb/ozonedb/target/ozonedb-binding-0.18.0-SNAPSHOT.jar:/users/Xinying/.m2/repository/org/apache/htrace/htrace-core4/4.1.0-incubating/htrace-core4-4.1.0-incubating.jar:/users/Xinying/.m2/repository/org/slf4j/slf4j-api/1.7.25/slf4j-api-1.7.25.jar:/users/Xinying/.m2/repository/org/hdrhistogram/HdrHistogram/2.1.12/HdrHistogram-2.1.12.jar:/users/Xinying/.m2/repository/ch/qos/logback/logback-classic/1.2.3/logback-classic-1.2.3.jar:/users/Xinying/.m2/repository/ozonedbjnimaven/demoproc-jni/1.0/demoproc-jni-1.0.jar:/users/Xinying/.m2/repository/ch/qos/logback/logback-core/1.2.3/logback-core-1.2.3.jar:/users/Xinying/.m2/repository/org/codehaus/jackson/jackson-mapper-asl/1.9.4/jackson-mapper-asl-1.9.4.jar:/users/Xinying/.m2/repository/org/slf4j/slf4j-simple/1.7.25/slf4j-simple-1.7.25.jar:/users/Xinying/.m2/repository/org/codehaus/jackson/jackson-core-asl/1.9.4/jackson-core-asl-1.9.4.jar:/users/Xinying/ozonedb/ycsb/core/target/core-0.18.0-SNAPSHOT.jar site.ycsb.Client -db site.ycsb.db.OzoneDBClient -threads 1 -s -P /users/Xinying/ozonedb/ycsb/workloads/generated_workloads/workloadd_1KB_1000000_1000000 -p status.interval=1 -p maxexecutiontime=90 -p operationcount=0 -p shared_config=/tmp/phase1_ozonedb_configs/shared_config_SHARED_workloadd_p16_r1_proc12.json -t"
	User time (seconds): 54.81
	System time (seconds): 28.51
	Percent of CPU this job got: 90%
	Elapsed (wall clock) time (h:mm:ss or m:ss): 1:32.57
	Average shared text size (kbytes): 0
	Average unshared data size (kbytes): 0
	Average stack size (kbytes): 0
	Average total size (kbytes): 0
	Maximum resident set size (kbytes): 4615396
	Average resident set size (kbytes): 0
	Major (requiring I/O) page faults: 473
	Minor (reclaiming a frame) page faults: 1157627
	Voluntary context switches: 217562
	Involuntary context switches: 2622
	Swaps: 0
	File system inputs: 8689682
	File system outputs: 184158
	Socket messages sent: 0
	Socket messages received: 0
	Signals delivered: 0
	Page size (bytes): 4096
	Exit status: 0
