# CMD: /usr/bin/time -v /usr/lib/jvm/java-8-openjdk-amd64/bin/java -cp /users/Xinying/ozonedb/ycsb/ozonedb/conf:/users/Xinying/ozonedb/ycsb/ozonedb/target/ozonedb-binding-0.18.0-SNAPSHOT.jar:/users/Xinying/.m2/repository/org/apache/htrace/htrace-core4/4.1.0-incubating/htrace-core4-4.1.0-incubating.jar:/users/Xinying/.m2/repository/org/slf4j/slf4j-api/1.7.25/slf4j-api-1.7.25.jar:/users/Xinying/.m2/repository/org/hdrhistogram/HdrHistogram/2.1.12/HdrHistogram-2.1.12.jar:/users/Xinying/.m2/repository/ch/qos/logback/logback-classic/1.2.3/logback-classic-1.2.3.jar:/users/Xinying/.m2/repository/ozonedbjnimaven/demoproc-jni/1.0/demoproc-jni-1.0.jar:/users/Xinying/.m2/repository/ch/qos/logback/logback-core/1.2.3/logback-core-1.2.3.jar:/users/Xinying/.m2/repository/org/codehaus/jackson/jackson-mapper-asl/1.9.4/jackson-mapper-asl-1.9.4.jar:/users/Xinying/.m2/repository/org/slf4j/slf4j-simple/1.7.25/slf4j-simple-1.7.25.jar:/users/Xinying/.m2/repository/org/codehaus/jackson/jackson-core-asl/1.9.4/jackson-core-asl-1.9.4.jar:/users/Xinying/ozonedb/ycsb/core/target/core-0.18.0-SNAPSHOT.jar site.ycsb.Client -db site.ycsb.db.OzoneDBClient -threads 1 -s -P /users/Xinying/ozonedb/ycsb/workloads/generated_workloads/workloadd_1KB_1000000_1000000 -p status.interval=1 -p maxexecutiontime=90 -p operationcount=0 -p shared_config=/tmp/phase1_ozonedb_configs/shared_config_SHARED_workloadd_p4_r1_proc3.json -t
# shared_work_path=/tank/ycsb_data/multi-proc-run/shared_ozonedb  proc_id=3/4
Command line: -db site.ycsb.db.OzoneDBClient -threads 1 -s -P /users/Xinying/ozonedb/ycsb/workloads/generated_workloads/workloadd_1KB_1000000_1000000 -p status.interval=1 -p maxexecutiontime=90 -p operationcount=0 -p shared_config=/tmp/phase1_ozonedb_configs/shared_config_SHARED_workloadd_p4_r1_proc3.json -t
YCSB Client 0.18.0-SNAPSHOT

Loading workload...
Starting test.
SLF4J: Class path contains multiple SLF4J bindings.
SLF4J: Found binding in [jar:file:/users/Xinying/.m2/repository/ch/qos/logback/logback-classic/1.2.3/logback-classic-1.2.3.jar!/org/slf4j/impl/StaticLoggerBinder.class]
SLF4J: Found binding in [jar:file:/users/Xinying/.m2/repository/org/slf4j/slf4j-simple/1.7.25/slf4j-simple-1.7.25.jar!/org/slf4j/impl/StaticLoggerBinder.class]
SLF4J: See http://www.slf4j.org/codes.html#multiple_bindings for an explanation.
SLF4J: Actual binding is of type [ch.qos.logback.classic.util.ContextSelectorStaticBinder]
Maximum execution time specified as: 90 secs
2026-04-29 15:35:40:448 0 sec: 0 operations; 
Starting compaction watcher
DBWrapper: report latency for each error is false and specific error codes to track for latency are: []
2026-04-29 15:35:41:448 1 sec: 12990 operations; 12990 current ops/sec; [READ: Count=9145, Max=47167, Min=4, Avg=39.92, 90=88, 99=132, 99.9=320, 99.99=47167] [INSERT: Count=674, Max=28335, Min=159, Avg=240.67, 90=231, 99=307, 99.9=28335, 99.99=28335] [READ-FAILED: Count=3269, Max=280, Min=33, Avg=50.38, 90=61, 99=75, 99.9=118, 99.99=280] 
2026-04-29 15:35:42:448 2 sec: 34534 operations; 21544 current ops/sec; [READ: Count=14828, Max=1682, Min=4, Avg=32.71, 90=84, 99=124, 99.9=298, 99.99=1599] [INSERT: Count=1098, Max=919, Min=155, Avg=180.99, 90=194, 99=229, 99.9=305, 99.99=919] [READ-FAILED: Count=5536, Max=346, Min=32, Avg=48.97, 90=58, 99=70, 99.9=96, 99.99=346] 
2026-04-29 15:35:43:448 3 sec: 56777 operations; 22243 current ops/sec; [READ: Count=15462, Max=1443, Min=4, Avg=31.77, 90=83, 99=122, 99.9=165, 99.99=1437] [INSERT: Count=1111, Max=646, Min=146, Avg=175.06, 90=190, 99=285, 99.9=642, 99.99=646] [READ-FAILED: Count=5670, Max=149, Min=32, Avg=48.62, 90=57, 99=67, 99.9=83, 99.99=149] 
2026-04-29 15:35:43:911 - NewTail completed: 
2026-04-29 15:35:44:448 4 sec: 80896 operations; 24119 current ops/sec; [READ: Count=16918, Max=2014, Min=4, Avg=29.24, 90=80, 99=117, 99.9=203, 99.99=1610] [INSERT: Count=1192, Max=1119, Min=143, Avg=164.46, 90=178, 99=228, 99.9=301, 99.99=1119] [READ-FAILED: Count=6013, Max=309, Min=30, Avg=45.62, 90=54, 99=63, 99.9=86, 99.99=309] 
2026-04-29 15:35:45:448 5 sec: 103915 operations; 23019 current ops/sec; [READ: Count=16186, Max=1384, Min=4, Avg=28.61, 90=81, 99=120, 99.9=157, 99.99=1186] [INSERT: Count=1160, Max=35999, Min=145, Avg=201.74, 90=180, 99=446, 99.9=1049, 99.99=35999] [READ-FAILED: Count=5676, Max=121, Min=32, Avg=47.61, 90=56, 99=64, 99.9=80, 99.99=121] 
2026-04-29 15:35:46:448 6 sec: 128023 operations; 24108 current ops/sec; [READ: Count=16902, Max=2255, Min=4, Avg=28.65, 90=81, 99=120, 99.9=176, 99.99=1170] [INSERT: Count=1201, Max=255, Min=148, Avg=167.8, 90=181, 99=214, 99.9=247, 99.99=255] [READ-FAILED: Count=5999, Max=168, Min=31, Avg=46.82, 90=55, 99=64, 99.9=89, 99.99=168] 
2026-04-29 15:35:47:448 7 sec: 152500 operations; 24477 current ops/sec; [READ: Count=16817, Max=1397, Min=4, Avg=28.25, 90=82, 99=117, 99.9=142, 99.99=1287] [INSERT: Count=1200, Max=255, Min=147, Avg=166.9, 90=181, 99=219, 99.9=251, 99.99=255] [READ-FAILED: Count=6464, Max=115, Min=31, Avg=45.14, 90=52, 99=61, 99.9=70, 99.99=115] 
2026-04-29 15:35:48:448 8 sec: 176634 operations; 24134 current ops/sec; [READ: Count=16834, Max=6007, Min=4, Avg=28.62, 90=83, 99=119, 99.9=156, 99.99=1335] [INSERT: Count=1202, Max=237, Min=145, Avg=167.67, 90=181, 99=219, 99.9=231, 99.99=237] [READ-FAILED: Count=6106, Max=317, Min=31, Avg=46.56, 90=55, 99=66, 99.9=94, 99.99=317] 
2026-04-29 15:35:49:448 9 sec: 201094 operations; 24460 current ops/sec; [READ: Count=17661, Max=1211, Min=4, Avg=27.9, 90=83, 99=123, 99.9=152, 99.99=1091] [INSERT: Count=1209, Max=270, Min=149, Avg=178.22, 90=191, 99=231, 99.9=264, 99.99=270] [READ-FAILED: Count=5573, Max=99, Min=32, Avg=46.64, 90=54, 99=63, 99.9=71, 99.99=99] 
2026-04-29 15:35:49:920 - NewTail completed: 
2026-04-29 15:35:50:448 10 sec: 223392 operations; 22298 current ops/sec; [READ: Count=15079, Max=3741, Min=4, Avg=28.45, 90=82, 99=120, 99.9=597, 99.99=1445] [INSERT: Count=1148, Max=44159, Min=144, Avg=232.61, 90=197, 99=774, 99.9=1274, 99.99=44159] [READ-FAILED: Count=6079, Max=163, Min=31, Avg=45.85, 90=54, 99=64, 99.9=74, 99.99=163] 
2026-04-29 15:35:51:448 11 sec: 245250 operations; 21858 current ops/sec; [READ: Count=15098, Max=1121, Min=4, Avg=34.19, 90=83, 99=123, 99.9=187, 99.99=1119] [INSERT: Count=1128, Max=441, Min=143, Avg=161.95, 90=173, 99=220, 99.9=381, 99.99=441] [READ-FAILED: Count=5627, Max=180, Min=33, Avg=49.2, 90=59, 99=71, 99.9=107, 99.99=180] 
2026-04-29 15:35:52:448 12 sec: 267927 operations; 22677 current ops/sec; [READ: Count=15771, Max=1549, Min=4, Avg=32.1, 90=84, 99=122, 99.9=162, 99.99=1264] [INSERT: Count=1142, Max=254, Min=142, Avg=162.34, 90=174, 99=213, 99.9=252, 99.99=254] [READ-FAILED: Count=5757, Max=309, Min=33, Avg=49.2, 90=57, 99=68, 99.9=80, 99.99=309] 
2026-04-29 15:35:53:448 13 sec: 291507 operations; 23580 current ops/sec; [READ: Count=16915, Max=2311, Min=4, Avg=30.57, 90=83, 99=124, 99.9=168, 99.99=1271] [INSERT: Count=1171, Max=275, Min=140, Avg=162.12, 90=173, 99=220, 99.9=243, 99.99=275] [READ-FAILED: Count=5499, Max=171, Min=32, Avg=48.59, 90=57, 99=66, 99.9=82, 99.99=171] 
2026-04-29 15:35:54:448 14 sec: 315128 operations; 23621 current ops/sec; [READ: Count=16717, Max=1411, Min=4, Avg=29.94, 90=84, 99=122, 99.9=291, 99.99=1367] [INSERT: Count=1197, Max=243, Min=144, Avg=162.79, 90=174, 99=217, 99.9=242, 99.99=243] [READ-FAILED: Count=5712, Max=128, Min=34, Avg=48.86, 90=57, 99=67, 99.9=85, 99.99=128] 
2026-04-29 15:35:55:448 15 sec: 339224 operations; 24096 current ops/sec; [READ: Count=18517, Max=1211, Min=4, Avg=27.72, 90=82, 99=125, 99.9=186, 99.99=1168] [INSERT: Count=1171, Max=45279, Min=144, Avg=210.65, 90=177, 99=638, 99.9=1151, 99.99=45279] [READ-FAILED: Count=4396, Max=119, Min=34, Avg=48.6, 90=57, 99=66, 99.9=77, 99.99=119] 
2026-04-29 15:35:56:448 16 sec: 362523 operations; 23299 current ops/sec; [READ: Count=17364, Max=1317, Min=4, Avg=29.8, 90=86, 99=130, 99.9=180, 99.99=1151] [INSERT: Count=1191, Max=1090, Min=157, Avg=183.9, 90=192, 99=535, 99.9=1016, 99.99=1090] [READ-FAILED: Count=4744, Max=120, Min=33, Avg=50.18, 90=59, 99=69, 99.9=87, 99.99=120] 
2026-04-29 15:35:57:448 17 sec: 384988 operations; 22465 current ops/sec; [READ: Count=15297, Max=4061, Min=4, Avg=31.33, 90=86, 99=123, 99.9=157, 99.99=2649] [INSERT: Count=1206, Max=291, Min=146, Avg=167.37, 90=181, 99=224, 99.9=252, 99.99=291] [READ-FAILED: Count=5966, Max=315, Min=33, Avg=49.12, 90=57, 99=67, 99.9=79, 99.99=315] 
2026-04-29 15:35:58:448 18 sec: 409410 operations; 24422 current ops/sec; [READ: Count=17890, Max=1261, Min=4, Avg=28.64, 90=83, 99=124, 99.9=160, 99.99=1189] [INSERT: Count=1189, Max=397, Min=147, Avg=166.82, 90=179, 99=218, 99.9=256, 99.99=397] [READ-FAILED: Count=5340, Max=91, Min=34, Avg=49.02, 90=57, 99=66, 99.9=82, 99.99=91] 
2026-04-29 15:35:59:448 19 sec: 433151 operations; 23741 current ops/sec; [READ: Count=16853, Max=1544, Min=4, Avg=28.82, 90=83, 99=124, 99.9=166, 99.99=1332] [INSERT: Count=1185, Max=278, Min=150, Avg=172.74, 90=185, 99=229, 99.9=245, 99.99=278] [READ-FAILED: Count=5712, Max=310, Min=34, Avg=49.5, 90=58, 99=68, 99.9=81, 99.99=310] 
2026-04-29 15:36:00:448 20 sec: 456977 operations; 23826 current ops/sec; [READ: Count=16924, Max=1440, Min=4, Avg=29.17, 90=84, 99=122, 99.9=161, 99.99=1182] [INSERT: Count=1203, Max=279, Min=147, Avg=166.3, 90=178, 99=227, 99.9=265, 99.99=279] [READ-FAILED: Count=5688, Max=98, Min=30, Avg=49.11, 90=57, 99=66, 99.9=76, 99.99=98] 
2026-04-29 15:36:01:448 21 sec: 478556 operations; 21579 current ops/sec; [READ: Count=15266, Max=1325, Min=4, Avg=30.33, 90=88, 99=128, 99.9=164, 99.99=1224] [INSERT: Count=1056, Max=41695, Min=148, Avg=232.02, 90=201, 99=604, 99.9=1226, 99.99=41695] [READ-FAILED: Count=5263, Max=130, Min=34, Avg=50.67, 90=60, 99=71, 99.9=83, 99.99=130] 
2026-04-29 15:36:02:448 22 sec: 501930 operations; 23374 current ops/sec; [READ: Count=16856, Max=1329, Min=4, Avg=29.07, 90=85, 99=128, 99.9=170, 99.99=1277] [INSERT: Count=1202, Max=3537, Min=149, Avg=181.06, 90=192, 99=245, 99.9=456, 99.99=3537] [READ-FAILED: Count=5312, Max=314, Min=33, Avg=49.98, 90=59, 99=69, 99.9=82, 99.99=314] 
2026-04-29 15:36:03:448 23 sec: 523488 operations; 21558 current ops/sec; [READ: Count=15126, Max=2153, Min=4, Avg=34.36, 90=84, 99=124, 99.9=425, 99.99=1364] [INSERT: Count=1074, Max=239, Min=149, Avg=168.95, 90=181, 99=214, 99.9=235, 99.99=239] [READ-FAILED: Count=5359, Max=304, Min=31, Avg=51.09, 90=60, 99=71, 99.9=90, 99.99=304] 
2026-04-29 15:36:04:448 24 sec: 545936 operations; 22448 current ops/sec; [READ: Count=15909, Max=1186, Min=5, Avg=31.8, 90=84, 99=125, 99.9=335, 99.99=1050] [INSERT: Count=1115, Max=254, Min=149, Avg=172.34, 90=185, 99=223, 99.9=251, 99.99=254] [READ-FAILED: Count=5424, Max=485, Min=34, Avg=50.91, 90=60, 99=71, 99.9=88, 99.99=485] 
2026-04-29 15:36:05:448 25 sec: 569152 operations; 23216 current ops/sec; [READ: Count=16804, Max=1177, Min=4, Avg=30.23, 90=84, 99=125, 99.9=169, 99.99=1144] [INSERT: Count=1122, Max=268, Min=148, Avg=177.48, 90=191, 99=229, 99.9=259, 99.99=268] [READ-FAILED: Count=5289, Max=83, Min=35, Avg=50.39, 90=59, 99=69, 99.9=78, 99.99=83] 
2026-04-29 15:36:06:448 26 sec: 590949 operations; 21797 current ops/sec; [READ: Count=16079, Max=1414, Min=4, Avg=30.09, 90=84, 99=127, 99.9=174, 99.99=1298] [INSERT: Count=1102, Max=42655, Min=148, Avg=227.62, 90=196, 99=626, 99.9=1033, 99.99=42655] [READ-FAILED: Count=4618, Max=319, Min=35, Avg=51.39, 90=61, 99=72, 99.9=85, 99.99=319] 
2026-04-29 15:36:07:448 27 sec: 613745 operations; 22796 current ops/sec; [READ: Count=15856, Max=1277, Min=4, Avg=30.29, 90=84, 99=124, 99.9=159, 99.99=1272] [INSERT: Count=1167, Max=761, Min=145, Avg=174.08, 90=190, 99=228, 99.9=251, 99.99=761] [READ-FAILED: Count=5768, Max=119, Min=35, Avg=50.51, 90=59, 99=69, 99.9=84, 99.99=119] 
2026-04-29 15:36:08:448 28 sec: 637325 operations; 23580 current ops/sec; [READ: Count=16925, Max=1208, Min=4, Avg=29.58, 90=84, 99=124, 99.9=158, 99.99=1139] [INSERT: Count=1162, Max=273, Min=146, Avg=167.31, 90=182, 99=226, 99.9=251, 99.99=273] [READ-FAILED: Count=5507, Max=138, Min=35, Avg=50.69, 90=60, 99=70, 99.9=81, 99.99=138] 
2026-04-29 15:36:09:448 29 sec: 659854 operations; 22529 current ops/sec; [READ: Count=15579, Max=1350, Min=5, Avg=30.84, 90=86, 99=124, 99.9=186, 99.99=1247] [INSERT: Count=1193, Max=3993, Min=146, Avg=169.76, 90=182, 99=229, 99.9=270, 99.99=3993] [READ-FAILED: Count=5750, Max=157, Min=35, Avg=50.7, 90=59, 99=69, 99.9=84, 99.99=157] 
2026-04-29 15:36:10:448 30 sec: 684640 operations; 24786 current ops/sec; [READ: Count=18090, Max=1406, Min=4, Avg=28.23, 90=81, 99=122, 99.9=164, 99.99=1240] [INSERT: Count=1200, Max=263, Min=144, Avg=162.89, 90=177, 99=214, 99.9=251, 99.99=263] [READ-FAILED: Count=5492, Max=91, Min=34, Avg=48.75, 90=57, 99=67, 99.9=80, 99.99=91] 
2026-04-29 15:36:11:448 31 sec: 707238 operations; 22598 current ops/sec; [READ: Count=15981, Max=1362, Min=5, Avg=29.08, 90=84, 99=122, 99.9=159, 99.99=1204] [INSERT: Count=1107, Max=43391, Min=145, Avg=211.71, 90=178, 99=560, 99.9=1079, 99.99=43391] [READ-FAILED: Count=5509, Max=310, Min=32, Avg=50.2, 90=59, 99=69, 99.9=81, 99.99=310] 
2026-04-29 15:36:12:448 32 sec: 731015 operations; 23777 current ops/sec; [READ: Count=16772, Max=1322, Min=4, Avg=28.95, 90=83, 99=123, 99.9=156, 99.99=1244] [INSERT: Count=1204, Max=254, Min=146, Avg=164.83, 90=178, 99=210, 99.9=244, 99.99=254] [READ-FAILED: Count=5802, Max=80, Min=31, Avg=50.07, 90=58, 99=68, 99.9=75, 99.99=80] 
2026-04-29 15:36:13:448 33 sec: 756134 operations; 25119 current ops/sec; [READ: Count=18697, Max=1395, Min=4, Avg=27.51, 90=81, 99=125, 99.9=166, 99.99=1004] [INSERT: Count=1210, Max=244, Min=146, Avg=164.12, 90=178, 99=215, 99.9=234, 99.99=244] [READ-FAILED: Count=5213, Max=318, Min=34, Avg=50.02, 90=58, 99=69, 99.9=77, 99.99=318] 
2026-04-29 15:36:14:448 34 sec: 780129 operations; 23995 current ops/sec; [READ: Count=17538, Max=1650, Min=4, Avg=29.19, 90=85, 99=126, 99.9=177, 99.99=1506] [INSERT: Count=1165, Max=263, Min=147, Avg=166.34, 90=181, 99=226, 99.9=248, 99.99=263] [READ-FAILED: Count=5287, Max=96, Min=35, Avg=50.74, 90=59, 99=69, 99.9=81, 99.99=96] 
2026-04-29 15:36:15:448 35 sec: 802459 operations; 22330 current ops/sec; [READ: Count=16169, Max=21023, Min=5, Avg=32.46, 90=85, 99=130, 99.9=400, 99.99=1264] [INSERT: Count=1108, Max=4061, Min=145, Avg=173.03, 90=182, 99=219, 99.9=3449, 99.99=4061] [READ-FAILED: Count=5050, Max=102, Min=35, Avg=51.03, 90=60, 99=71, 99.9=81, 99.99=102] 
2026-04-29 15:36:16:448 36 sec: 823810 operations; 21351 current ops/sec; [READ: Count=16195, Max=1363, Min=5, Avg=32.58, 90=84, 99=131, 99.9=195, 99.99=1315] [INSERT: Count=997, Max=43135, Min=147, Avg=230.36, 90=188, 99=760, 99.9=43135, 99.99=43135] [READ-FAILED: Count=4167, Max=91, Min=35, Avg=52.69, 90=62, 99=73, 99.9=87, 99.99=91] 
2026-04-29 15:36:17:448 37 sec: 846856 operations; 23046 current ops/sec; [READ: Count=17802, Max=1143, Min=5, Avg=31.2, 90=86, 99=134, 99.9=186, 99.99=1128] [INSERT: Count=1117, Max=313, Min=151, Avg=178.7, 90=192, 99=235, 99.9=295, 99.99=313] [READ-FAILED: Count=4123, Max=434, Min=36, Avg=53.18, 90=63, 99=73, 99.9=82, 99.99=434] 
2026-04-29 15:36:18:448 38 sec: 870063 operations; 23207 current ops/sec; [READ: Count=17084, Max=1424, Min=5, Avg=30.71, 90=84, 99=127, 99.9=168, 99.99=1067] [INSERT: Count=1128, Max=277, Min=148, Avg=170.09, 90=186, 99=220, 99.9=249, 99.99=277] [READ-FAILED: Count=4995, Max=103, Min=36, Avg=51.67, 90=60, 99=70, 99.9=83, 99.99=103] 
2026-04-29 15:36:19:448 39 sec: 892536 operations; 22473 current ops/sec; [READ: Count=16396, Max=1279, Min=5, Avg=30.98, 90=87, 99=133, 99.9=190, 99.99=1213] [INSERT: Count=1152, Max=559, Min=154, Avg=179.62, 90=192, 99=220, 99.9=246, 99.99=559] [READ-FAILED: Count=4930, Max=323, Min=36, Avg=52.73, 90=63, 99=74, 99.9=88, 99.99=323] 
2026-04-29 15:36:20:448 40 sec: 915010 operations; 22474 current ops/sec; [READ: Count=16067, Max=1410, Min=5, Avg=30.94, 90=87, 99=130, 99.9=173, 99.99=1190] [INSERT: Count=1110, Max=259, Min=151, Avg=179.66, 90=193, 99=235, 99.9=250, 99.99=259] [READ-FAILED: Count=5299, Max=110, Min=36, Avg=52.48, 90=62, 99=72, 99.9=82, 99.99=110] 
2026-04-29 15:36:21:356 - NewTail completed: 
2026-04-29 15:36:21:448 41 sec: 937686 operations; 22676 current ops/sec; [READ: Count=17162, Max=1277, Min=5, Avg=29.31, 90=85, 99=132, 99.9=173, 99.99=1236] [INSERT: Count=1123, Max=41663, Min=147, Avg=217.67, 90=189, 99=521, 99.9=1477, 99.99=41663] [READ-FAILED: Count=4385, Max=147, Min=36, Avg=51.92, 90=61, 99=71, 99.9=87, 99.99=147] 
2026-04-29 15:36:22:448 42 sec: 962441 operations; 24755 current ops/sec; [READ: Count=18139, Max=1248, Min=5, Avg=28.39, 90=82, 99=122, 99.9=170, 99.99=1063] [INSERT: Count=1180, Max=314, Min=144, Avg=163.6, 90=176, 99=216, 99.9=289, 99.99=314] [READ-FAILED: Count=5436, Max=111, Min=35, Avg=48.87, 90=57, 99=65, 99.9=79, 99.99=111] 
2026-04-29 15:36:23:448 43 sec: 985842 operations; 23401 current ops/sec; [READ: Count=16705, Max=3617, Min=5, Avg=29.78, 90=85, 99=126, 99.9=159, 99.99=1206] [INSERT: Count=1149, Max=249, Min=147, Avg=165.14, 90=176, 99=217, 99.9=244, 99.99=249] [READ-FAILED: Count=5556, Max=114, Min=36, Avg=51.7, 90=60, 99=70, 99.9=85, 99.99=114] 
2026-04-29 15:36:24:448 44 sec: 1008378 operations; 22536 current ops/sec; [READ: Count=15605, Max=1464, Min=5, Avg=30.98, 90=86, 99=126, 99.9=166, 99.99=1366] [INSERT: Count=1168, Max=246, Min=145, Avg=165.36, 90=177, 99=232, 99.9=246, 99.99=246] [READ-FAILED: Count=5755, Max=314, Min=35, Avg=51.87, 90=61, 99=70, 99.9=84, 99.99=314] 
2026-04-29 15:36:25:448 45 sec: 1032032 operations; 23654 current ops/sec; [READ: Count=16988, Max=1215, Min=5, Avg=29.54, 90=85, 99=125, 99.9=196, 99.99=1160] [INSERT: Count=1147, Max=244, Min=147, Avg=164.6, 90=176, 99=220, 99.9=242, 99.99=244] [READ-FAILED: Count=5517, Max=95, Min=36, Avg=51.44, 90=60, 99=69, 99.9=82, 99.99=95] 
2026-04-29 15:36:26:448 46 sec: 1053526 operations; 21494 current ops/sec; [READ: Count=14953, Max=1182, Min=5, Avg=30.76, 90=87, 99=127, 99.9=258, 99.99=1171] [INSERT: Count=1112, Max=42623, Min=146, Avg=212.99, 90=183, 99=577, 99.9=2229, 99.99=42623] [READ-FAILED: Count=5433, Max=105, Min=36, Avg=51.44, 90=60, 99=70, 99.9=87, 99.99=105] 
2026-04-29 15:36:27:448 47 sec: 1076053 operations; 22527 current ops/sec; [READ: Count=16060, Max=1288, Min=5, Avg=30.46, 90=87, 99=127, 99.9=174, 99.99=1185] [INSERT: Count=1139, Max=275, Min=152, Avg=183.46, 90=197, 99=246, 99.9=274, 99.99=275] [READ-FAILED: Count=5322, Max=312, Min=36, Avg=52.02, 90=61, 99=70, 99.9=82, 99.99=312] 
2026-04-29 15:36:27:665 - Compaction started: 
140061207086656:Compacting datalog/41 datalog/42 into:sstable1/bc79eed4-1fd6-4004-8ebf-c9626ab8a03c202604290935401777476987812090312.sst
2026-04-29 15:36:27:912 - Compaction completed: 
2026-04-29 15:36:28:448 48 sec: 1097914 operations; 21861 current ops/sec; [READ: Count=16245, Max=2353, Min=5, Avg=31.95, 90=85, 99=132, 99.9=381, 99.99=1309] [INSERT: Count=1101, Max=9671, Min=154, Avg=191.55, 90=198, 99=240, 99.9=287, 99.99=9671] [READ-FAILED: Count=4518, Max=3027, Min=36, Avg=54.42, 90=63, 99=76, 99.9=95, 99.99=3027] 
2026-04-29 15:36:29:448 49 sec: 1119151 operations; 21237 current ops/sec; [READ: Count=14892, Max=1336, Min=5, Avg=33.51, 90=86, 99=128, 99.9=189, 99.99=1211] [INSERT: Count=1083, Max=275, Min=154, Avg=183.36, 90=196, 99=245, 99.9=264, 99.99=275] [READ-FAILED: Count=5259, Max=301, Min=35, Avg=52.99, 90=62, 99=73, 99.9=109, 99.99=301] 
2026-04-29 15:36:30:448 50 sec: 1140012 operations; 20861 current ops/sec; [READ: Count=14039, Max=1549, Min=5, Avg=33.44, 90=87, 99=125, 99.9=164, 99.99=1418] [INSERT: Count=1101, Max=278, Min=156, Avg=186.02, 90=199, 99=238, 99.9=267, 99.99=278] [READ-FAILED: Count=5729, Max=87, Min=36, Avg=52.89, 90=61, 99=70, 99.9=79, 99.99=87] 
2026-04-29 15:36:31:448 51 sec: 1160947 operations; 20935 current ops/sec; [READ: Count=14679, Max=1397, Min=5, Avg=31.41, 90=86, 99=127, 99.9=257, 99.99=1341] [INSERT: Count=1008, Max=41727, Min=153, Avg=242.22, 90=204, 99=706, 99.9=1222, 99.99=41727] [READ-FAILED: Count=5246, Max=305, Min=36, Avg=51.86, 90=61, 99=71, 99.9=95, 99.99=305] 
2026-04-29 15:36:32:448 52 sec: 1183380 operations; 22433 current ops/sec; [READ: Count=16114, Max=1186, Min=5, Avg=31.42, 90=88, 99=129, 99.9=166, 99.99=992] [INSERT: Count=1076, Max=284, Min=149, Avg=175.08, 90=190, 99=234, 99.9=269, 99.99=284] [READ-FAILED: Count=5236, Max=93, Min=37, Avg=53.5, 90=62, 99=72, 99.9=85, 99.99=93] 
2026-04-29 15:36:33:448 53 sec: 1205425 operations; 22045 current ops/sec; [READ: Count=15284, Max=1123, Min=5, Avg=31.61, 90=87, 99=127, 99.9=168, 99.99=1119] [INSERT: Count=1146, Max=3625, Min=148, Avg=171.63, 90=182, 99=225, 99.9=663, 99.99=3625] [READ-FAILED: Count=5621, Max=322, Min=36, Avg=52.61, 90=62, 99=73, 99.9=86, 99.99=322] 
2026-04-29 15:36:34:448 54 sec: 1227348 operations; 21923 current ops/sec; [READ: Count=15507, Max=1357, Min=5, Avg=31.47, 90=88, 99=131, 99.9=168, 99.99=1207] [INSERT: Count=1140, Max=9383, Min=148, Avg=180.38, 90=187, 99=228, 99.9=262, 99.99=9383] [READ-FAILED: Count=5273, Max=119, Min=37, Avg=53.43, 90=63, 99=73, 99.9=84, 99.99=119] 
2026-04-29 15:36:35:448 55 sec: 1249306 operations; 21958 current ops/sec; [READ: Count=15038, Max=1258, Min=5, Avg=31.72, 90=88, 99=126, 99.9=167, 99.99=1146] [INSERT: Count=1143, Max=258, Min=148, Avg=170.99, 90=184, 99=224, 99.9=251, 99.99=258] [READ-FAILED: Count=5775, Max=119, Min=37, Avg=52.48, 90=61, 99=70, 99.9=83, 99.99=119] 
2026-04-29 15:36:36:448 56 sec: 1271034 operations; 21728 current ops/sec; [READ: Count=15616, Max=1358, Min=5, Avg=30.72, 90=87, 99=127, 99.9=183, 99.99=1218] [INSERT: Count=1053, Max=42559, Min=154, Avg=216.77, 90=186, 99=431, 99.9=763, 99.99=42559] [READ-FAILED: Count=5062, Max=324, Min=37, Avg=53.05, 90=62, 99=72, 99.9=85, 99.99=324] 
2026-04-29 15:36:37:448 57 sec: 1294032 operations; 22998 current ops/sec; [READ: Count=16637, Max=1216, Min=5, Avg=29.63, 90=84, 99=126, 99.9=160, 99.99=1211] [INSERT: Count=1140, Max=543, Min=154, Avg=181.96, 90=193, 99=237, 99.9=296, 99.99=543] [READ-FAILED: Count=5220, Max=115, Min=37, Avg=52.57, 90=61, 99=70, 99.9=82, 99.99=115] 
2026-04-29 15:36:38:448 58 sec: 1316208 operations; 22176 current ops/sec; [READ: Count=15076, Max=1259, Min=5, Avg=30.64, 90=86, 99=125, 99.9=161, 99.99=1221] [INSERT: Count=1136, Max=269, Min=151, Avg=177.24, 90=190, 99=214, 99.9=262, 99.99=269] [READ-FAILED: Count=5966, Max=315, Min=37, Avg=52.37, 90=61, 99=71, 99.9=88, 99.99=315] 
2026-04-29 15:36:39:448 59 sec: 1339108 operations; 22900 current ops/sec; [READ: Count=16111, Max=1474, Min=5, Avg=29.92, 90=85, 99=126, 99.9=169, 99.99=1313] [INSERT: Count=1108, Max=257, Min=154, Avg=177.07, 90=190, 99=228, 99.9=253, 99.99=257] [READ-FAILED: Count=5681, Max=95, Min=37, Avg=52.26, 90=61, 99=71, 99.9=83, 99.99=95] 
2026-04-29 15:36:40:448 60 sec: 1362048 operations; 22940 current ops/sec; [READ: Count=16436, Max=1200, Min=5, Avg=30.04, 90=86, 99=125, 99.9=174, 99.99=1067] [INSERT: Count=1172, Max=246, Min=153, Avg=171.92, 90=184, 99=218, 99.9=242, 99.99=246] [READ-FAILED: Count=5331, Max=192, Min=36, Avg=52.4, 90=61, 99=71, 99.9=86, 99.99=192] 
2026-04-29 15:36:41:448 61 sec: 1383694 operations; 21646 current ops/sec; [READ: Count=15795, Max=1963, Min=5, Avg=32.64, 90=86, 99=133, 99.9=356, 99.99=1292] [INSERT: Count=1116, Max=10943, Min=152, Avg=185.31, 90=186, 99=236, 99.9=3779, 99.99=10943] [READ-FAILED: Count=4737, Max=194, Min=36, Avg=53.63, 90=63, 99=74, 99.9=98, 99.99=194] 
2026-04-29 15:36:42:448 62 sec: 1404529 operations; 20835 current ops/sec; [READ: Count=15784, Max=1330, Min=5, Avg=32.99, 90=85, 99=131, 99.9=190, 99.99=1021] [INSERT: Count=1022, Max=43039, Min=150, Avg=232.03, 90=191, 99=672, 99.9=950, 99.99=43039] [READ-FAILED: Count=4030, Max=130, Min=38, Avg=54.33, 90=63, 99=76, 99.9=91, 99.99=130] 
2026-04-29 15:36:43:448 63 sec: 1426415 operations; 21886 current ops/sec; [READ: Count=15605, Max=1390, Min=5, Avg=32.62, 90=86, 99=128, 99.9=169, 99.99=1279] [INSERT: Count=1108, Max=445, Min=150, Avg=170.4, 90=181, 99=227, 99.9=280, 99.99=445] [READ-FAILED: Count=5171, Max=319, Min=38, Avg=53.75, 90=62, 99=73, 99.9=82, 99.99=319] 
2026-04-29 15:36:44:448 64 sec: 1448216 operations; 21801 current ops/sec; [READ: Count=15290, Max=915, Min=5, Avg=32.09, 90=87, 99=128, 99.9=162, 99.99=882] [INSERT: Count=1133, Max=250, Min=149, Avg=172.27, 90=186, 99=220, 99.9=249, 99.99=250] [READ-FAILED: Count=5380, Max=104, Min=38, Avg=53.86, 90=63, 99=73, 99.9=81, 99.99=104] 
2026-04-29 15:36:45:448 65 sec: 1469616 operations; 21400 current ops/sec; [READ: Count=15361, Max=1394, Min=5, Avg=32.47, 90=89, 99=136, 99.9=179, 99.99=1320] [INSERT: Count=1120, Max=268, Min=156, Avg=184.52, 90=199, 99=237, 99.9=264, 99.99=268] [READ-FAILED: Count=4922, Max=319, Min=38, Avg=54.9, 90=65, 99=75, 99.9=89, 99.99=319] 
2026-04-29 15:36:46:448 66 sec: 1491659 operations; 22043 current ops/sec; [READ: Count=16152, Max=1338, Min=5, Avg=31.64, 90=90, 99=136, 99.9=171, 99.99=1202] [INSERT: Count=1088, Max=281, Min=161, Avg=185.47, 90=199, 99=238, 99.9=270, 99.99=281] [READ-FAILED: Count=4798, Max=104, Min=38, Avg=54.66, 90=64, 99=74, 99.9=86, 99.99=104] 
2026-04-29 15:36:47:448 67 sec: 1512567 operations; 20908 current ops/sec; [READ: Count=14935, Max=1369, Min=5, Avg=31.15, 90=88, 99=130, 99.9=180, 99.99=1231] [INSERT: Count=1070, Max=41215, Min=149, Avg=233.06, 90=193, 99=676, 99.9=12495, 99.99=41215] [READ-FAILED: Count=4914, Max=170, Min=37, Avg=53.49, 90=62, 99=72, 99.9=92, 99.99=170] 
2026-04-29 15:36:48:448 68 sec: 1534986 operations; 22419 current ops/sec; [READ: Count=16167, Max=1057, Min=5, Avg=31.01, 90=87, 99=129, 99.9=165, 99.99=804] [INSERT: Count=1113, Max=361, Min=153, Avg=176.06, 90=188, 99=233, 99.9=261, 99.99=361] [READ-FAILED: Count=5128, Max=333, Min=38, Avg=54.06, 90=63, 99=72, 99.9=86, 99.99=333] 
2026-04-29 15:36:49:448 69 sec: 1557753 operations; 22767 current ops/sec; [READ: Count=16691, Max=1207, Min=5, Avg=30.51, 90=87, 99=130, 99.9=167, 99.99=1117] [INSERT: Count=1116, Max=300, Min=152, Avg=178.5, 90=191, 99=236, 99.9=259, 99.99=300] [READ-FAILED: Count=4965, Max=91, Min=38, Avg=53.76, 90=63, 99=72, 99.9=80, 99.99=91] 
2026-04-29 15:36:50:448 70 sec: 1579746 operations; 21993 current ops/sec; [READ: Count=15404, Max=2183, Min=5, Avg=31.56, 90=88, 99=129, 99.9=352, 99.99=1173] [INSERT: Count=1095, Max=257, Min=151, Avg=174.48, 90=187, 99=230, 99.9=241, 99.99=257] [READ-FAILED: Count=5491, Max=314, Min=38, Avg=54.35, 90=63, 99=72, 99.9=97, 99.99=314] 
2026-04-29 15:36:51:448 71 sec: 1602551 operations; 22805 current ops/sec; [READ: Count=16363, Max=1066, Min=5, Avg=30.29, 90=87, 99=130, 99.9=167, 99.99=1034] [INSERT: Count=1135, Max=337, Min=151, Avg=170.22, 90=181, 99=222, 99.9=269, 99.99=337] [READ-FAILED: Count=5305, Max=106, Min=39, Avg=53.93, 90=62, 99=72, 99.9=86, 99.99=106] 
2026-04-29 15:36:52:448 72 sec: 1624404 operations; 21853 current ops/sec; [READ: Count=15696, Max=1300, Min=5, Avg=29.48, 90=85, 99=128, 99.9=190, 99.99=1173] [INSERT: Count=1080, Max=43039, Min=155, Avg=226.67, 90=194, 99=611, 99.9=1127, 99.99=43039] [READ-FAILED: Count=5078, Max=105, Min=37, Avg=52.92, 90=62, 99=71, 99.9=91, 99.99=105] 
2026-04-29 15:36:53:448 73 sec: 1646211 operations; 21807 current ops/sec; [READ: Count=15160, Max=1365, Min=5, Avg=31.43, 90=89, 99=129, 99.9=164, 99.99=1222] [INSERT: Count=1106, Max=331, Min=152, Avg=180.63, 90=194, 99=236, 99.9=253, 99.99=331] [READ-FAILED: Count=5539, Max=315, Min=38, Avg=54.03, 90=63, 99=73, 99.9=86, 99.99=315] 
2026-04-29 15:36:54:448 74 sec: 1667181 operations; 20970 current ops/sec; [READ: Count=14517, Max=2885, Min=5, Avg=33.56, 90=88, 99=128, 99.9=278, 99.99=1227] [INSERT: Count=1082, Max=10279, Min=151, Avg=185.6, 90=190, 99=227, 99.9=324, 99.99=10279] [READ-FAILED: Count=5373, Max=290, Min=37, Avg=53.7, 90=63, 99=76, 99.9=97, 99.99=290] 
2026-04-29 15:36:55:448 75 sec: 1687673 operations; 20492 current ops/sec; [READ: Count=14433, Max=1356, Min=5, Avg=34.71, 90=87, 99=129, 99.9=184, 99.99=1159] [INSERT: Count=1053, Max=292, Min=156, Avg=183.57, 90=199, 99=238, 99.9=274, 99.99=292] [READ-FAILED: Count=5003, Max=315, Min=33, Avg=56.53, 90=67, 99=79, 99.9=92, 99.99=315] 
2026-04-29 15:36:56:448 76 sec: 1708871 operations; 21198 current ops/sec; [READ: Count=15384, Max=1168, Min=5, Avg=33.58, 90=90, 99=133, 99.9=305, 99.99=1139] [INSERT: Count=1059, Max=267, Min=156, Avg=183.5, 90=199, 99=234, 99.9=264, 99.99=267] [READ-FAILED: Count=4760, Max=98, Min=39, Avg=55.81, 90=65, 99=77, 99.9=90, 99.99=98] 
2026-04-29 15:36:57:448 77 sec: 1729316 operations; 20445 current ops/sec; [READ: Count=14833, Max=1153, Min=5, Avg=32.39, 90=88, 99=131, 99.9=189, 99.99=1054] [INSERT: Count=1024, Max=40991, Min=153, Avg=236.33, 90=199, 99=751, 99.9=1131, 99.99=40991] [READ-FAILED: Count=4583, Max=313, Min=40, Avg=55.61, 90=65, 99=76, 99.9=99, 99.99=313] 
2026-04-29 15:36:58:448 78 sec: 1750584 operations; 21268 current ops/sec; [READ: Count=14974, Max=1304, Min=5, Avg=33.13, 90=89, 99=128, 99.9=168, 99.99=1292] [INSERT: Count=1099, Max=257, Min=153, Avg=176.21, 90=186, 99=238, 99.9=251, 99.99=257] [READ-FAILED: Count=5202, Max=94, Min=39, Avg=55.01, 90=64, 99=73, 99.9=81, 99.99=94] 
2026-04-29 15:36:59:448 79 sec: 1771931 operations; 21347 current ops/sec; [READ: Count=14967, Max=1956, Min=5, Avg=32.42, 90=88, 99=132, 99.9=172, 99.99=1074] [INSERT: Count=1132, Max=300, Min=154, Avg=176.67, 90=190, 99=229, 99.9=266, 99.99=300] [READ-FAILED: Count=5243, Max=229, Min=39, Avg=55.44, 90=65, 99=75, 99.9=93, 99.99=229] 
2026-04-29 15:37:00:448 80 sec: 1793898 operations; 21967 current ops/sec; [READ: Count=15570, Max=1328, Min=5, Avg=31.67, 90=88, 99=129, 99.9=176, 99.99=1145] [INSERT: Count=1108, Max=261, Min=154, Avg=174.47, 90=187, 99=226, 99.9=257, 99.99=261] [READ-FAILED: Count=5286, Max=115, Min=39, Avg=54.63, 90=63, 99=72, 99.9=86, 99.99=115] 
2026-04-29 15:37:01:448 81 sec: 1815356 operations; 21458 current ops/sec; [READ: Count=14708, Max=1152, Min=5, Avg=31.93, 90=88, 99=127, 99.9=367, 99.99=1059] [INSERT: Count=1095, Max=12975, Min=154, Avg=185.24, 90=188, 99=236, 99.9=291, 99.99=12975] [READ-FAILED: Count=5656, Max=119, Min=38, Avg=53.77, 90=62, 99=72, 99.9=88, 99.99=119] 
2026-04-29 15:37:02:448 82 sec: 1836477 operations; 21121 current ops/sec; [READ: Count=15334, Max=1035, Min=5, Avg=31.57, 90=89, 99=131, 99.9=191, 99.99=913] [INSERT: Count=1043, Max=41055, Min=153, Avg=220.98, 90=191, 99=276, 99.9=1100, 99.99=41055] [READ-FAILED: Count=4746, Max=96, Min=39, Avg=55.19, 90=64, 99=74, 99.9=90, 99.99=96] 
2026-04-29 15:37:03:448 83 sec: 1858820 operations; 22343 current ops/sec; [READ: Count=15995, Max=1355, Min=5, Avg=30.67, 90=87, 99=129, 99.9=167, 99.99=1155] [INSERT: Count=1082, Max=263, Min=153, Avg=179.03, 90=191, 99=231, 99.9=253, 99.99=263] [READ-FAILED: Count=5264, Max=114, Min=40, Avg=55.22, 90=64, 99=73, 99.9=86, 99.99=114] 
2026-04-29 15:37:04:448 84 sec: 1880384 operations; 21564 current ops/sec; [READ: Count=15038, Max=1265, Min=5, Avg=31.96, 90=89, 99=128, 99.9=165, 99.99=1262] [INSERT: Count=1121, Max=270, Min=155, Avg=175.81, 90=190, 99=230, 99.9=254, 99.99=270] [READ-FAILED: Count=5409, Max=124, Min=40, Avg=55.13, 90=64, 99=73, 99.9=87, 99.99=124] 
2026-04-29 15:37:05:448 85 sec: 1901511 operations; 21127 current ops/sec; [READ: Count=14639, Max=1257, Min=5, Avg=32.98, 90=90, 99=131, 99.9=287, 99.99=1169] [INSERT: Count=1103, Max=264, Min=155, Avg=176.55, 90=189, 99=209, 99.9=252, 99.99=264] [READ-FAILED: Count=5379, Max=313, Min=39, Avg=55.49, 90=65, 99=75, 99.9=83, 99.99=313] 
2026-04-29 15:37:06:448 86 sec: 1924525 operations; 23014 current ops/sec; [READ: Count=17405, Max=1359, Min=5, Avg=30.43, 90=87, 99=132, 99.9=176, 99.99=1225] [INSERT: Count=1103, Max=256, Min=156, Avg=178.86, 90=192, 99=227, 99.9=254, 99.99=256] [READ-FAILED: Count=4509, Max=113, Min=39, Avg=54.95, 90=64, 99=73, 99.9=88, 99.99=113] 
2026-04-29 15:37:07:448 87 sec: 1944998 operations; 20473 current ops/sec; [READ: Count=14273, Max=2075, Min=5, Avg=31.93, 90=89, 99=130, 99.9=297, 99.99=2039] [INSERT: Count=1040, Max=41119, Min=148, Avg=226.95, 90=190, 99=255, 99.9=11959, 99.99=41119] [READ-FAILED: Count=5161, Max=332, Min=40, Avg=55.36, 90=65, 99=75, 99.9=90, 99.99=332] 
2026-04-29 15:37:08:448 88 sec: 1964835 operations; 19837 current ops/sec; [READ: Count=13640, Max=1282, Min=5, Avg=36.83, 90=89, 99=130, 99.9=403, 99.99=1127] [INSERT: Count=1006, Max=253, Min=147, Avg=175.96, 90=188, 99=215, 99.9=247, 99.99=253] [READ-FAILED: Count=5191, Max=121, Min=40, Avg=57.45, 90=67, 99=79, 99.9=90, 99.99=121] 
2026-04-29 15:37:09:448 89 sec: 1986236 operations; 21401 current ops/sec; [READ: Count=15462, Max=1373, Min=5, Avg=33.4, 90=88, 99=130, 99.9=170, 99.99=1296] [INSERT: Count=1022, Max=328, Min=150, Avg=175.91, 90=189, 99=226, 99.9=283, 99.99=328] [READ-FAILED: Count=4921, Max=328, Min=40, Avg=56.94, 90=66, 99=77, 99.9=91, 99.99=328] 
Maximum time elapsed. Requesting stop for the workload.
Stop requested for workload. Now Joining!
2026-04-29 15:37:10:448 90 sec: 2007527 operations; 21291 current ops/sec; [READ: Count=15030, Max=1230, Min=5, Avg=33.23, 90=88, 99=128, 99.9=195, 99.99=1220] [INSERT: Count=1088, Max=273, Min=150, Avg=169.44, 90=181, 99=203, 99.9=252, 99.99=273] [READ-FAILED: Count=5169, Max=129, Min=40, Avg=56.53, 90=65, 99=76, 99.9=91, 99.99=129] 
[OZONEDB-PROFILE] reads=1906880  avg_total=34.99us  view=4.24us(12.1%)  log=1.35us(3.9%)  sst=47.75us_per_call x 1166488_calls(83.5%_of_total)
[OZONEDB-SST-PROFILE] level | time_total_ms | enters | range_rejects | table_gets | hits
[OZONEDB-SST-PROFILE] L1  |     15289.38 |  4977366 |       872374 |    4104992 | 391170
[OZONEDB-SST-PROFILE] L2  |      4412.18 |  1548860 |       773559 |     775301 |  54971
[OZONEDB-SST-PROFILE] L3  |      3677.48 |  1439656 |       719320 |     720336 |  38724
[OZONEDB-SST-PROFILE] L4  |      3293.12 |  1361866 |       680261 |     681605 |  30675
[OZONEDB-SST-PROFILE] L5  |      2873.11 |  1300965 |       650054 |     650911 |  24922
[OZONEDB-SST-PROFILE] L6  |      2685.45 |  1251394 |       625386 |     626008 |  20958
[OZONEDB-SST-PROFILE] L7  |     22835.96 |  2318982 |           73 |    2318909 | 130450
[OZONEDB-TBL-PROFILE] file_filter_reject=9086899  block_filter_reject=98210  index_invalid=0  block_read_more=430130  hit_from_cache=262823  miss_after_read=1083  found=691870
2026-04-29 15:37:10:526 90 sec: 2007536 operations; 115.38 current ops/sec; [READ: Count=2, Max=20, Min=9, Avg=14.5, 90=20, 99=20, 99.9=20, 99.99=20] [CLEANUP: Count=1, Max=76927, Min=76864, Avg=76896, 90=76927, 99=76927, 99.9=76927, 99.99=76927] [INSERT: Count=0, Max=0, Min=0, Avg=0, 90=0, 99=0, 99.9=0, 99.99=0] [READ-FAILED: Count=1, Max=51, Min=51, Avg=51, 90=51, 99=51, 99.9=51, 99.99=51] 
[OVERALL], RunTime(ms), 90078
[OVERALL], Throughput(ops/sec), 22286.640467150693
[TOTAL_GCS_PS_Scavenge], Count, 10
[TOTAL_GC_TIME_PS_Scavenge], Time(ms), 30
[TOTAL_GC_TIME_%_PS_Scavenge], Time(%), 0.033304469459801506
[TOTAL_GCS_PS_MarkSweep], Count, 0
[TOTAL_GC_TIME_PS_MarkSweep], Time(ms), 0
[TOTAL_GC_TIME_%_PS_MarkSweep], Time(%), 0.0
[TOTAL_GCs], Count, 10
[TOTAL_GC_TIME], Time(ms), 30
[TOTAL_GC_TIME_%], Time(%), 0.033304469459801506
[READ], Operations, 1432262
[READ], AverageLatency(us), 30.955662441648247
[READ], MinLatency(us), 4
[READ], MaxLatency(us), 47167
[READ], 95thPercentileLatency(us), 105
[READ], 99thPercentileLatency(us), 127
[READ], Return=OK, 1432262
[READ], Return=NOT_FOUND, 474618
[CLEANUP], Operations, 1
[CLEANUP], AverageLatency(us), 76896.0
[CLEANUP], MinLatency(us), 76864
[CLEANUP], MaxLatency(us), 76927
[CLEANUP], 95thPercentileLatency(us), 76927
[CLEANUP], 99thPercentileLatency(us), 76927
[INSERT], Operations, 100656
[INSERT], AverageLatency(us), 183.55291289143221
[INSERT], MinLatency(us), 140
[INSERT], MaxLatency(us), 45279
[INSERT], 95thPercentileLatency(us), 198
[INSERT], 99thPercentileLatency(us), 242
[INSERT], Return=OK, 100656
[READ-FAILED], Operations, 474618
[READ-FAILED], AverageLatency(us), 51.80977333350189
[READ-FAILED], MinLatency(us), 30
[READ-FAILED], MaxLatency(us), 3027
[READ-FAILED], 95thPercentileLatency(us), 65
[READ-FAILED], 99thPercentileLatency(us), 72
	Command being timed: "/usr/lib/jvm/java-8-openjdk-amd64/bin/java -cp /users/Xinying/ozonedb/ycsb/ozonedb/conf:/users/Xinying/ozonedb/ycsb/ozonedb/target/ozonedb-binding-0.18.0-SNAPSHOT.jar:/users/Xinying/.m2/repository/org/apache/htrace/htrace-core4/4.1.0-incubating/htrace-core4-4.1.0-incubating.jar:/users/Xinying/.m2/repository/org/slf4j/slf4j-api/1.7.25/slf4j-api-1.7.25.jar:/users/Xinying/.m2/repository/org/hdrhistogram/HdrHistogram/2.1.12/HdrHistogram-2.1.12.jar:/users/Xinying/.m2/repository/ch/qos/logback/logback-classic/1.2.3/logback-classic-1.2.3.jar:/users/Xinying/.m2/repository/ozonedbjnimaven/demoproc-jni/1.0/demoproc-jni-1.0.jar:/users/Xinying/.m2/repository/ch/qos/logback/logback-core/1.2.3/logback-core-1.2.3.jar:/users/Xinying/.m2/repository/org/codehaus/jackson/jackson-mapper-asl/1.9.4/jackson-mapper-asl-1.9.4.jar:/users/Xinying/.m2/repository/org/slf4j/slf4j-simple/1.7.25/slf4j-simple-1.7.25.jar:/users/Xinying/.m2/repository/org/codehaus/jackson/jackson-core-asl/1.9.4/jackson-core-asl-1.9.4.jar:/users/Xinying/ozonedb/ycsb/core/target/core-0.18.0-SNAPSHOT.jar site.ycsb.Client -db site.ycsb.db.OzoneDBClient -threads 1 -s -P /users/Xinying/ozonedb/ycsb/workloads/generated_workloads/workloadd_1KB_1000000_1000000 -p status.interval=1 -p maxexecutiontime=90 -p operationcount=0 -p shared_config=/tmp/phase1_ozonedb_configs/shared_config_SHARED_workloadd_p4_r1_proc3.json -t"
	User time (seconds): 58.57
	System time (seconds): 25.69
	Percent of CPU this job got: 92%
	Elapsed (wall clock) time (h:mm:ss or m:ss): 1:31.12
	Average shared text size (kbytes): 0
	Average unshared data size (kbytes): 0
	Average stack size (kbytes): 0
	Average total size (kbytes): 0
	Maximum resident set size (kbytes): 3901032
	Average resident set size (kbytes): 0
	Major (requiring I/O) page faults: 452
	Minor (reclaiming a frame) page faults: 997077
	Voluntary context switches: 229319
	Involuntary context switches: 582
	Swaps: 0
	File system inputs: 8025540
	File system outputs: 265907
	Socket messages sent: 0
	Socket messages received: 0
	Signals delivered: 0
	Page size (bytes): 4096
	Exit status: 0
