# CMD: /usr/bin/time -v /usr/lib/jvm/java-8-openjdk-amd64/bin/java -cp /users/Xinying/ozonedb/ycsb/ozonedb/conf:/users/Xinying/ozonedb/ycsb/ozonedb/target/ozonedb-binding-0.18.0-SNAPSHOT.jar:/users/Xinying/.m2/repository/org/apache/htrace/htrace-core4/4.1.0-incubating/htrace-core4-4.1.0-incubating.jar:/users/Xinying/.m2/repository/org/slf4j/slf4j-api/1.7.25/slf4j-api-1.7.25.jar:/users/Xinying/.m2/repository/org/hdrhistogram/HdrHistogram/2.1.12/HdrHistogram-2.1.12.jar:/users/Xinying/.m2/repository/ch/qos/logback/logback-classic/1.2.3/logback-classic-1.2.3.jar:/users/Xinying/.m2/repository/ozonedbjnimaven/demoproc-jni/1.0/demoproc-jni-1.0.jar:/users/Xinying/.m2/repository/ch/qos/logback/logback-core/1.2.3/logback-core-1.2.3.jar:/users/Xinying/.m2/repository/org/codehaus/jackson/jackson-mapper-asl/1.9.4/jackson-mapper-asl-1.9.4.jar:/users/Xinying/.m2/repository/org/slf4j/slf4j-simple/1.7.25/slf4j-simple-1.7.25.jar:/users/Xinying/.m2/repository/org/codehaus/jackson/jackson-core-asl/1.9.4/jackson-core-asl-1.9.4.jar:/users/Xinying/ozonedb/ycsb/core/target/core-0.18.0-SNAPSHOT.jar site.ycsb.Client -db site.ycsb.db.OzoneDBClient -threads 1 -s -P /users/Xinying/ozonedb/ycsb/workloads/generated_workloads/workloada_1KB_1000000_1000000 -p status.interval=1 -p maxexecutiontime=90 -p operationcount=0 -p shared_config=/tmp/phase1_ozonedb_configs/shared_config_SHARED_workloada_p16_r1_proc14.json -t
# shared_work_path=/tank/ycsb_data/multi-proc-run/shared_ozonedb  proc_id=14/16
Command line: -db site.ycsb.db.OzoneDBClient -threads 1 -s -P /users/Xinying/ozonedb/ycsb/workloads/generated_workloads/workloada_1KB_1000000_1000000 -p status.interval=1 -p maxexecutiontime=90 -p operationcount=0 -p shared_config=/tmp/phase1_ozonedb_configs/shared_config_SHARED_workloada_p16_r1_proc14.json -t
YCSB Client 0.18.0-SNAPSHOT

Loading workload...
Starting test.
SLF4J: Class path contains multiple SLF4J bindings.
SLF4J: Found binding in [jar:file:/users/Xinying/.m2/repository/ch/qos/logback/logback-classic/1.2.3/logback-classic-1.2.3.jar!/org/slf4j/impl/StaticLoggerBinder.class]
SLF4J: Found binding in [jar:file:/users/Xinying/.m2/repository/org/slf4j/slf4j-simple/1.7.25/slf4j-simple-1.7.25.jar!/org/slf4j/impl/StaticLoggerBinder.class]
SLF4J: See http://www.slf4j.org/codes.html#multiple_bindings for an explanation.
SLF4J: Actual binding is of type [ch.qos.logback.classic.util.ContextSelectorStaticBinder]
Maximum execution time specified as: 90 secs
2026-04-29 15:19:11:312 0 sec: 0 operations; 
Starting compaction watcher
DBWrapper: report latency for each error is false and specific error codes to track for latency are: []
2026-04-29 15:19:12:312 1 sec: 1191 operations; 1189.81 current ops/sec; [READ: Count=614, Max=54015, Min=5, Avg=270.57, 90=200, 99=2327, 99.9=54015, 99.99=54015] [UPDATE: Count=603, Max=105407, Min=196, Avg=874.13, 90=1228, 99=4507, 99.9=105407, 99.99=105407] 
2026-04-29 15:19:13:312 2 sec: 5102 operations; 3911 current ops/sec; [READ: Count=1996, Max=14935, Min=5, Avg=105, 90=146, 99=219, 99.9=11391, 99.99=14935] [UPDATE: Count=1895, Max=11215, Min=173, Avg=397.81, 90=474, 99=1400, 99.9=9519, 99.99=11215] 
2026-04-29 15:19:14:312 3 sec: 8754 operations; 3652 current ops/sec; [READ: Count=1885, Max=14831, Min=5, Avg=114.59, 90=160, 99=320, 99.9=9823, 99.99=14831] [UPDATE: Count=1765, Max=17199, Min=170, Avg=432.83, 90=524, 99=1679, 99.9=9991, 99.99=17199] 
2026-04-29 15:19:14:500 - NewTail completed: 
2026-04-29 15:19:15:312 4 sec: 13023 operations; 4269 current ops/sec; [READ: Count=2114, Max=9391, Min=5, Avg=91.88, 90=146, 99=200, 99.9=9015, 99.99=9391] [UPDATE: Count=2156, Max=10079, Min=173, Avg=367.67, 90=463, 99=647, 99.9=9335, 99.99=10079] 
2026-04-29 15:19:16:312 5 sec: 16084 operations; 3061 current ops/sec; [READ: Count=1510, Max=12975, Min=5, Avg=112.55, 90=158, 99=274, 99.9=8447, 99.99=12975] [UPDATE: Count=1547, Max=91135, Min=182, Avg=528.8, 90=761, 99=2341, 99.9=8559, 99.99=91135] 
2026-04-29 15:19:17:312 6 sec: 18698 operations; 2614 current ops/sec; [READ: Count=1279, Max=7871, Min=5, Avg=88.36, 90=156, 99=216, 99.9=2299, 99.99=7871] [UPDATE: Count=1338, Max=80319, Min=170, Avg=657.08, 90=1266, 99=2313, 99.9=9127, 99.99=80319] 
2026-04-29 15:19:18:312 7 sec: 22708 operations; 4010 current ops/sec; [READ: Count=1994, Max=37375, Min=5, Avg=94.39, 90=133, 99=183, 99.9=7087, 99.99=37375] [UPDATE: Count=2012, Max=93119, Min=162, Avg=393.84, 90=432, 99=584, 99.9=9311, 99.99=93119] 
2026-04-29 15:19:19:312 8 sec: 26887 operations; 4179 current ops/sec; [READ: Count=2170, Max=9807, Min=5, Avg=87.32, 90=146, 99=222, 99.9=6487, 99.99=9807] [UPDATE: Count=2010, Max=63359, Min=166, Avg=402.24, 90=459, 99=648, 99.9=9327, 99.99=63359] 
2026-04-29 15:19:20:312 9 sec: 30910 operations; 4023 current ops/sec; [READ: Count=2046, Max=13423, Min=5, Avg=86.59, 90=150, 99=222, 99.9=2811, 99.99=13423] [UPDATE: Count=1977, Max=63839, Min=164, Avg=410.12, 90=470, 99=725, 99.9=9503, 99.99=63839] 
2026-04-29 15:19:21:312 10 sec: 34015 operations; 3105 current ops/sec; [READ: Count=1529, Max=8115, Min=5, Avg=90.92, 90=148, 99=252, 99.9=7271, 99.99=8115] [UPDATE: Count=1576, Max=103295, Min=175, Avg=540.31, 90=476, 99=4199, 99.9=60287, 99.99=103295] 
2026-04-29 15:19:22:312 11 sec: 35311 operations; 1296 current ops/sec; [READ: Count=662, Max=3109, Min=6, Avg=91.38, 90=157, 99=308, 99.9=3109, 99.99=3109] [UPDATE: Count=633, Max=64255, Min=256, Avg=1476.9, 90=3039, 99=5099, 99.9=64255, 99.99=64255] 
2026-04-29 15:19:23:312 12 sec: 39230 operations; 3919 current ops/sec; [READ: Count=1986, Max=14303, Min=5, Avg=96.32, 90=156, 99=264, 99.9=7739, 99.99=14303] [UPDATE: Count=1933, Max=79999, Min=174, Avg=411.26, 90=463, 99=727, 99.9=8455, 99.99=79999] 
2026-04-29 15:19:24:312 13 sec: 43161 operations; 3931 current ops/sec; [READ: Count=1907, Max=10975, Min=5, Avg=98.47, 90=146, 99=239, 99.9=8623, 99.99=10975] [UPDATE: Count=2024, Max=68607, Min=174, Avg=396.81, 90=456, 99=650, 99.9=7019, 99.99=68607] 
2026-04-29 15:19:25:312 14 sec: 47367 operations; 4206 current ops/sec; [READ: Count=2123, Max=7103, Min=5, Avg=83.19, 90=152, 99=223, 99.9=6475, 99.99=7103] [UPDATE: Count=2088, Max=16559, Min=174, Avg=389.32, 90=478, 99=669, 99.9=8863, 99.99=16559] 
2026-04-29 15:19:26:312 15 sec: 50897 operations; 3530 current ops/sec; [READ: Count=1767, Max=7823, Min=5, Avg=97.67, 90=168, 99=269, 99.9=7319, 99.99=7823] [UPDATE: Count=1762, Max=96127, Min=182, Avg=462.72, 90=507, 99=838, 99.9=19023, 99.99=96127] 
2026-04-29 15:19:27:312 16 sec: 53146 operations; 2249 current ops/sec; [READ: Count=1123, Max=7155, Min=6, Avg=105.72, 90=171, 99=300, 99.9=3899, 99.99=7155] [UPDATE: Count=1123, Max=4807, Min=223, Avg=778.05, 90=1174, 99=1578, 99.9=4415, 99.99=4807] 
2026-04-29 15:19:28:312 17 sec: 57283 operations; 4137 current ops/sec; [READ: Count=2105, Max=6683, Min=5, Avg=90.25, 90=159, 99=228, 99.9=6159, 99.99=6683] [UPDATE: Count=2031, Max=17359, Min=169, Avg=386.52, 90=478, 99=871, 99.9=9511, 99.99=17359] 
2026-04-29 15:19:29:312 18 sec: 61391 operations; 4108 current ops/sec; [READ: Count=1969, Max=7699, Min=6, Avg=97.11, 90=157, 99=234, 99.9=7227, 99.99=7699] [UPDATE: Count=2140, Max=17823, Min=173, Avg=378.89, 90=463, 99=638, 99.9=7687, 99.99=17823] 
2026-04-29 15:19:30:312 19 sec: 65300 operations; 3909 current ops/sec; [READ: Count=1945, Max=15055, Min=6, Avg=99.08, 90=170, 99=269, 99.9=8139, 99.99=15055] [UPDATE: Count=1963, Max=13335, Min=171, Avg=405.95, 90=493, 99=702, 99.9=9151, 99.99=13335] 
2026-04-29 15:19:31:312 20 sec: 69732 operations; 4432 current ops/sec; [READ: Count=2257, Max=7435, Min=5, Avg=86.18, 90=149, 99=220, 99.9=5879, 99.99=7435] [UPDATE: Count=2175, Max=14591, Min=166, Avg=366.06, 90=448, 99=690, 99.9=7451, 99.99=14591] 
2026-04-29 15:19:32:312 21 sec: 71780 operations; 2048 current ops/sec; [READ: Count=1007, Max=3815, Min=5, Avg=107.42, 90=194, 99=332, 99.9=3749, 99.99=3815] [UPDATE: Count=1043, Max=114431, Min=223, Avg=850.66, 90=1122, 99=1749, 99.9=6371, 99.99=114431] 
2026-04-29 15:19:33:312 22 sec: 76147 operations; 4367 current ops/sec; [READ: Count=2218, Max=8359, Min=6, Avg=96.77, 90=157, 99=248, 99.9=7563, 99.99=8359] [UPDATE: Count=2149, Max=8171, Min=169, Avg=361.22, 90=455, 99=665, 99.9=7839, 99.99=8171] 
2026-04-29 15:19:34:312 23 sec: 79638 operations; 3491 current ops/sec; [READ: Count=1724, Max=13775, Min=6, Avg=97.85, 90=161, 99=268, 99.9=8367, 99.99=13775] [UPDATE: Count=1765, Max=91519, Min=171, Avg=437.76, 90=484, 99=713, 99.9=8663, 99.99=91519] 
2026-04-29 15:19:35:312 24 sec: 83435 operations; 3797 current ops/sec; [READ: Count=1861, Max=16263, Min=5, Avg=109.84, 90=171, 99=276, 99.9=8775, 99.99=16263] [UPDATE: Count=1938, Max=64415, Min=154, Avg=433.65, 90=508, 99=764, 99.9=18447, 99.99=64415] 
2026-04-29 15:19:36:312 25 sec: 87481 operations; 4046 current ops/sec; [READ: Count=2004, Max=8035, Min=6, Avg=88.14, 90=162, 99=243, 99.9=6343, 99.99=8035] [UPDATE: Count=2043, Max=64543, Min=169, Avg=399.27, 90=483, 99=652, 99.9=8367, 99.99=64543] 
2026-04-29 15:19:37:312 26 sec: 89322 operations; 1841 current ops/sec; [READ: Count=911, Max=6467, Min=6, Avg=104.6, 90=188, 99=320, 99.9=6467, 99.99=6467] [UPDATE: Count=927, Max=104127, Min=186, Avg=970.14, 90=1563, 99=2657, 99.9=104127, 99.99=104127] 
2026-04-29 15:19:38:312 27 sec: 92392 operations; 3070 current ops/sec; [READ: Count=1492, Max=13119, Min=5, Avg=106.61, 90=159, 99=314, 99.9=7859, 99.99=13119] [UPDATE: Count=1580, Max=85823, Min=167, Avg=529.52, 90=883, 99=1951, 99.9=10847, 99.99=85823] 
2026-04-29 15:19:39:312 28 sec: 96718 operations; 4326 current ops/sec; [READ: Count=2098, Max=8223, Min=6, Avg=91.37, 90=157, 99=246, 99.9=7055, 99.99=8223] [UPDATE: Count=2229, Max=15663, Min=156, Avg=358.99, 90=460, 99=657, 99.9=8199, 99.99=15663] 
2026-04-29 15:19:40:312 29 sec: 100848 operations; 4130 current ops/sec; [READ: Count=2086, Max=10199, Min=6, Avg=84.78, 90=165, 99=273, 99.9=811, 99.99=10199] [UPDATE: Count=2043, Max=59263, Min=162, Avg=399.42, 90=470, 99=676, 99.9=8967, 99.99=59263] 
2026-04-29 15:19:41:312 30 sec: 104381 operations; 3533 current ops/sec; [READ: Count=1696, Max=7979, Min=6, Avg=106.68, 90=169, 99=288, 99.9=7711, 99.99=7979] [UPDATE: Count=1835, Max=100671, Min=156, Avg=411.8, 90=467, 99=684, 99.9=8199, 99.99=100671] 
2026-04-29 15:19:42:312 31 sec: 106566 operations; 2185 current ops/sec; [READ: Count=1088, Max=13007, Min=6, Avg=102.78, 90=175, 99=298, 99.9=7707, 99.99=13007] [UPDATE: Count=1098, Max=99263, Min=152, Avg=856.44, 90=1406, 99=3827, 99.9=78207, 99.99=99263] 
2026-04-29 15:19:43:312 32 sec: 109611 operations; 3045 current ops/sec; [READ: Count=1514, Max=5755, Min=6, Avg=90.54, 90=171, 99=293, 99.9=5175, 99.99=5755] [UPDATE: Count=1531, Max=65439, Min=169, Avg=559.77, 90=897, 99=1682, 99.9=7571, 99.99=65439] 
2026-04-29 15:19:44:312 33 sec: 113843 operations; 4232 current ops/sec; [READ: Count=2114, Max=9759, Min=6, Avg=95.25, 90=164, 99=255, 99.9=6459, 99.99=9759] [UPDATE: Count=2119, Max=17103, Min=157, Avg=373.26, 90=469, 99=665, 99.9=8407, 99.99=17103] 
2026-04-29 15:19:45:312 34 sec: 117744 operations; 3901 current ops/sec; [READ: Count=1966, Max=8383, Min=6, Avg=99.66, 90=166, 99=263, 99.9=7999, 99.99=8383] [UPDATE: Count=1936, Max=84095, Min=162, Avg=411.98, 90=472, 99=642, 99.9=18079, 99.99=84095] 
2026-04-29 15:19:46:312 35 sec: 121558 operations; 3814 current ops/sec; [READ: Count=1917, Max=7871, Min=6, Avg=101.65, 90=186, 99=281, 99.9=7627, 99.99=7871] [UPDATE: Count=1895, Max=64479, Min=161, Avg=420.27, 90=502, 99=727, 99.9=9055, 99.99=64479] 
2026-04-29 15:19:47:312 36 sec: 123959 operations; 2401 current ops/sec; [READ: Count=1213, Max=12335, Min=6, Avg=112.76, 90=186, 99=345, 99.9=8431, 99.99=12335] [UPDATE: Count=1188, Max=100415, Min=159, Avg=722.64, 90=1259, 99=2283, 99.9=18255, 99.99=100415] 
2026-04-29 15:19:48:312 37 sec: 126396 operations; 2437 current ops/sec; [READ: Count=1238, Max=5095, Min=6, Avg=104.24, 90=184, 99=327, 99.9=4659, 99.99=5095] [UPDATE: Count=1200, Max=18111, Min=181, Avg=721.84, 90=1439, 99=2195, 99.9=10311, 99.99=18111] 
2026-04-29 15:19:49:312 38 sec: 130348 operations; 3952 current ops/sec; [READ: Count=1914, Max=9623, Min=6, Avg=101.21, 90=169, 99=288, 99.9=7923, 99.99=9623] [UPDATE: Count=2040, Max=18927, Min=167, Avg=391.76, 90=491, 99=646, 99.9=8415, 99.99=18927] 
2026-04-29 15:19:50:312 39 sec: 134694 operations; 4346 current ops/sec; [READ: Count=2155, Max=13535, Min=6, Avg=91.4, 90=156, 99=225, 99.9=6883, 99.99=13535] [UPDATE: Count=2191, Max=17695, Min=172, Avg=363.28, 90=451, 99=598, 99.9=7927, 99.99=17695] 
2026-04-29 15:19:51:312 40 sec: 138630 operations; 3936 current ops/sec; [READ: Count=1979, Max=9039, Min=6, Avg=96.54, 90=178, 99=301, 99.9=8263, 99.99=9039] [UPDATE: Count=1955, Max=20335, Min=167, Avg=410.21, 90=501, 99=766, 99.9=20175, 99.99=20335] 
2026-04-29 15:19:52:312 41 sec: 140876 operations; 2246 current ops/sec; [READ: Count=1114, Max=14111, Min=6, Avg=120.04, 90=187, 99=328, 99.9=7451, 99.99=14111] [UPDATE: Count=1131, Max=99135, Min=179, Avg=762.01, 90=1418, 99=4795, 99.9=14327, 99.99=99135] 
2026-04-29 15:19:53:312 42 sec: 141780 operations; 904 current ops/sec; [READ: Count=450, Max=1433, Min=7, Avg=106.22, 90=210, 99=338, 99.9=1433, 99.99=1433] [UPDATE: Count=453, Max=7171, Min=331, Avg=2095.33, 90=3599, 99=4815, 99.9=7171, 99.99=7171] 
2026-04-29 15:19:54:312 43 sec: 143476 operations; 1696 current ops/sec; [READ: Count=860, Max=5183, Min=6, Avg=106.17, 90=197, 99=425, 99.9=5183, 99.99=5183] [UPDATE: Count=837, Max=9471, Min=182, Avg=1082.66, 90=2677, 99=4071, 99.9=9471, 99.99=9471] 
2026-04-29 15:19:55:312 44 sec: 147611 operations; 4135 current ops/sec; [READ: Count=2102, Max=8223, Min=6, Avg=101.5, 90=173, 99=307, 99.9=6771, 99.99=8223] [UPDATE: Count=2033, Max=22815, Min=162, Avg=383.32, 90=475, 99=661, 99.9=8639, 99.99=22815] 
2026-04-29 15:19:56:312 45 sec: 151710 operations; 4099 current ops/sec; [READ: Count=2092, Max=8839, Min=6, Avg=93.72, 90=169, 99=264, 99.9=7471, 99.99=8839] [UPDATE: Count=2012, Max=20623, Min=173, Avg=396.67, 90=469, 99=649, 99.9=7967, 99.99=20623] 
2026-04-29 15:19:57:312 46 sec: 154467 operations; 2757 current ops/sec; [READ: Count=1395, Max=7319, Min=6, Avg=92.19, 90=184, 99=353, 99.9=3643, 99.99=7319] [UPDATE: Count=1357, Max=79103, Min=174, Avg=637.36, 90=848, 99=3641, 99.9=18495, 99.99=79103] 
2026-04-29 15:19:58:060 - NewTail completed: 
2026-04-29 15:19:58:312 47 sec: 156192 operations; 1725 current ops/sec; [READ: Count=842, Max=3129, Min=7, Avg=100.68, 90=194, 99=376, 99.9=3129, 99.99=3129] [UPDATE: Count=884, Max=6335, Min=188, Avg=1031.87, 90=2339, 99=4003, 99.9=6335, 99.99=6335] 
2026-04-29 15:19:59:312 48 sec: 160330 operations; 4138 current ops/sec; [READ: Count=2064, Max=6559, Min=6, Avg=99.56, 90=177, 99=305, 99.9=6423, 99.99=6559] [UPDATE: Count=2074, Max=20559, Min=172, Avg=379.63, 90=480, 99=676, 99.9=7539, 99.99=20559] 
2026-04-29 15:19:59:968 - NewTail completed: 
2026-04-29 15:20:00:312 49 sec: 164490 operations; 4160 current ops/sec; [READ: Count=2058, Max=7095, Min=7, Avg=95.64, 90=179, 99=330, 99.9=6179, 99.99=7095] [UPDATE: Count=2102, Max=8879, Min=166, Avg=378.65, 90=492, 99=688, 99.9=7783, 99.99=8879] 
2026-04-29 15:20:01:312 50 sec: 168192 operations; 3702 current ops/sec; [READ: Count=1736, Max=15087, Min=6, Avg=105.03, 90=188, 99=310, 99.9=8271, 99.99=15087] [UPDATE: Count=1965, Max=51455, Min=161, Avg=412.74, 90=503, 99=679, 99.9=9247, 99.99=51455] 
2026-04-29 15:20:02:312 51 sec: 171428 operations; 3236 current ops/sec; [READ: Count=1608, Max=14567, Min=6, Avg=105.1, 90=195, 99=343, 99.9=6083, 99.99=14567] [UPDATE: Count=1628, Max=95039, Min=174, Avg=506.56, 90=619, 99=1483, 99.9=21183, 99.99=95039] 
2026-04-29 15:20:03:312 52 sec: 174135 operations; 2707 current ops/sec; [READ: Count=1347, Max=7115, Min=6, Avg=102.2, 90=203, 99=381, 99.9=660, 99.99=7115] [UPDATE: Count=1361, Max=56799, Min=178, Avg=629.63, 90=956, 99=2449, 99.9=7651, 99.99=56799] 
2026-04-29 15:20:04:312 53 sec: 178363 operations; 4228 current ops/sec; [READ: Count=2065, Max=8375, Min=6, Avg=95.83, 90=165, 99=281, 99.9=7203, 99.99=8375] [UPDATE: Count=2163, Max=23951, Min=164, Avg=367.56, 90=468, 99=637, 99.9=7991, 99.99=23951] 
2026-04-29 15:20:05:312 54 sec: 182217 operations; 3854 current ops/sec; [READ: Count=1909, Max=18575, Min=6, Avg=116.99, 90=191, 99=360, 99.9=7563, 99.99=18575] [UPDATE: Count=1945, Max=28591, Min=160, Avg=395.7, 90=510, 99=689, 99.9=7615, 99.99=28591] 
2026-04-29 15:20:06:312 55 sec: 186141 operations; 3924 current ops/sec; [READ: Count=1881, Max=8287, Min=7, Avg=104.6, 90=187, 99=346, 99.9=7347, 99.99=8287] [UPDATE: Count=2043, Max=25871, Min=165, Avg=389.47, 90=484, 99=671, 99.9=10295, 99.99=25871] 
2026-04-29 15:20:07:312 56 sec: 189785 operations; 3644 current ops/sec; [READ: Count=1800, Max=7871, Min=7, Avg=87.04, 90=169, 99=278, 99.9=6367, 99.99=7871] [UPDATE: Count=1843, Max=110847, Min=169, Avg=454.32, 90=476, 99=1254, 99.9=26591, 99.99=110847] 
2026-04-29 15:20:08:312 57 sec: 192183 operations; 2398 current ops/sec; [READ: Count=1197, Max=8887, Min=7, Avg=122.55, 90=208, 99=408, 99.9=6087, 99.99=8887] [UPDATE: Count=1200, Max=4783, Min=192, Avg=682.97, 90=1081, 99=1522, 99.9=4163, 99.99=4783] 
2026-04-29 15:20:09:312 58 sec: 195611 operations; 3428 current ops/sec; [READ: Count=1705, Max=7223, Min=7, Avg=97.95, 90=194, 99=373, 99.9=6755, 99.99=7223] [UPDATE: Count=1725, Max=94719, Min=179, Avg=496.11, 90=491, 99=702, 99.9=89279, 99.99=94719] 
2026-04-29 15:20:10:312 59 sec: 199515 operations; 3904 current ops/sec; [READ: Count=1935, Max=7823, Min=7, Avg=103.83, 90=178, 99=308, 99.9=7551, 99.99=7823] [UPDATE: Count=1968, Max=63967, Min=177, Avg=402.46, 90=481, 99=648, 99.9=12967, 99.99=63967] 
2026-04-29 15:20:11:312 60 sec: 203447 operations; 3932 current ops/sec; [READ: Count=1988, Max=8583, Min=7, Avg=100.36, 90=186, 99=322, 99.9=7327, 99.99=8583] [UPDATE: Count=1944, Max=26271, Min=168, Avg=408.17, 90=506, 99=674, 99.9=8407, 99.99=26271] 
2026-04-29 15:20:12:312 61 sec: 207740 operations; 4293 current ops/sec; [READ: Count=2150, Max=7847, Min=7, Avg=94.18, 90=163, 99=326, 99.9=6163, 99.99=7847] [UPDATE: Count=2142, Max=15831, Min=167, Avg=356.46, 90=461, 99=715, 99.9=7007, 99.99=15831] 
2026-04-29 15:20:13:312 62 sec: 209149 operations; 1409 current ops/sec; [READ: Count=728, Max=15591, Min=7, Avg=131.73, 90=215, 99=416, 99.9=15591, 99.99=15591] [UPDATE: Count=682, Max=112319, Min=326, Avg=1361.47, 90=1951, 99=5195, 99.9=112319, 99.99=112319] 
2026-04-29 15:20:14:312 63 sec: 211995 operations; 2846 current ops/sec; [READ: Count=1449, Max=12639, Min=7, Avg=103.44, 90=188, 99=332, 99.9=7523, 99.99=12639] [UPDATE: Count=1397, Max=93375, Min=170, Avg=604.72, 90=1018, 99=2451, 99.9=7363, 99.99=93375] 
2026-04-29 15:20:15:312 64 sec: 216170 operations; 4175 current ops/sec; [READ: Count=2142, Max=6911, Min=7, Avg=102.79, 90=188, 99=336, 99.9=6619, 99.99=6911] [UPDATE: Count=2035, Max=26751, Min=165, Avg=379.68, 90=472, 99=813, 99.9=6111, 99.99=26751] 
2026-04-29 15:20:16:312 65 sec: 220231 operations; 4061 current ops/sec; [READ: Count=2045, Max=15223, Min=7, Avg=105.48, 90=178, 99=319, 99.9=7307, 99.99=15223] [UPDATE: Count=2013, Max=26255, Min=160, Avg=385.85, 90=473, 99=703, 99.9=8927, 99.99=26255] 
2026-04-29 15:20:16:592 - NewTail completed: 
2026-04-29 15:20:17:312 66 sec: 224371 operations; 4140 current ops/sec; [READ: Count=2050, Max=8535, Min=7, Avg=112.22, 90=187, 99=338, 99.9=7323, 99.99=8535] [UPDATE: Count=2092, Max=6291, Min=171, Avg=364.95, 90=496, 99=698, 99.9=6079, 99.99=6291] 
2026-04-29 15:20:18:312 67 sec: 225867 operations; 1496 current ops/sec; [READ: Count=748, Max=12439, Min=7, Avg=130.02, 90=233, 99=546, 99.9=12439, 99.99=12439] [UPDATE: Count=746, Max=95615, Min=213, Avg=1203.62, 90=1907, 99=2785, 99.9=95615, 99.99=95615] 
2026-04-29 15:20:19:312 68 sec: 228534 operations; 2667 current ops/sec; [READ: Count=1320, Max=6963, Min=7, Avg=103.42, 90=209, 99=386, 99.9=2281, 99.99=6963] [UPDATE: Count=1348, Max=8599, Min=178, Avg=637.71, 90=1392, 99=2475, 99.9=6639, 99.99=8599] 
2026-04-29 15:20:20:312 69 sec: 232565 operations; 4031 current ops/sec; [READ: Count=2064, Max=8431, Min=7, Avg=93.63, 90=181, 99=343, 99.9=508, 99.99=8431] [UPDATE: Count=1968, Max=26863, Min=170, Avg=406.35, 90=491, 99=760, 99.9=21823, 99.99=26863] 
2026-04-29 15:20:20:337 - Compaction started: 
139933448562240:Compacting datalog/97 datalog/98 into:sstable1/bebae41e-aa0f-4a6a-becc-b3b51c15589f202604290919111777476020522591381.sst
2026-04-29 15:20:20:829 - Compaction completed: 
2026-04-29 15:20:21:312 70 sec: 236645 operations; 4080 current ops/sec; [READ: Count=2074, Max=6667, Min=7, Avg=94.33, 90=193, 99=343, 99.9=483, 99.99=6667] [UPDATE: Count=2005, Max=14287, Min=176, Avg=397.73, 90=500, 99=735, 99.9=9343, 99.99=14287] 
2026-04-29 15:20:22:312 71 sec: 240357 operations; 3712 current ops/sec; [READ: Count=1801, Max=19663, Min=7, Avg=106.7, 90=180, 99=337, 99.9=8695, 99.99=19663] [UPDATE: Count=1911, Max=90239, Min=167, Avg=419.25, 90=481, 99=670, 99.9=9495, 99.99=90239] 
2026-04-29 15:20:23:312 72 sec: 241529 operations; 1172 current ops/sec; [READ: Count=575, Max=6495, Min=8, Avg=125.08, 90=244, 99=774, 99.9=6495, 99.99=6495] [UPDATE: Count=596, Max=102335, Min=199, Avg=1546.63, 90=3695, 99=5427, 99.9=102335, 99.99=102335] 
2026-04-29 15:20:24:312 73 sec: 242312 operations; 783 current ops/sec; [READ: Count=390, Max=1171, Min=7, Avg=109.08, 90=216, 99=629, 99.9=1171, 99.99=1171] [UPDATE: Count=394, Max=5243, Min=385, Avg=2435.73, 90=4007, 99=4831, 99.9=5243, 99.99=5243] 
2026-04-29 15:20:25:312 74 sec: 243634 operations; 1322 current ops/sec; [READ: Count=638, Max=5859, Min=7, Avg=103.49, 90=193, 99=395, 99.9=5859, 99.99=5859] [UPDATE: Count=685, Max=61695, Min=191, Avg=1359.82, 90=3103, 99=4519, 99.9=61695, 99.99=61695] 
2026-04-29 15:20:26:312 75 sec: 247421 operations; 3787 current ops/sec; [READ: Count=1850, Max=7659, Min=8, Avg=108.67, 90=205, 99=389, 99.9=7587, 99.99=7659] [UPDATE: Count=1936, Max=22367, Min=176, Avg=408.85, 90=523, 99=739, 99.9=8463, 99.99=22367] 
2026-04-29 15:20:27:312 76 sec: 250811 operations; 3390 current ops/sec; [READ: Count=1682, Max=7239, Min=8, Avg=118.89, 90=227, 99=411, 99.9=6427, 99.99=7239] [UPDATE: Count=1708, Max=100543, Min=169, Avg=464.23, 90=530, 99=746, 99.9=15327, 99.99=100543] 
2026-04-29 15:20:28:312 77 sec: 252644 operations; 1833 current ops/sec; [READ: Count=924, Max=11263, Min=8, Avg=120.03, 90=218, 99=448, 99.9=11263, 99.99=11263] [UPDATE: Count=908, Max=74111, Min=172, Avg=972.27, 90=2515, 99=4033, 99.9=74111, 99.99=74111] 
2026-04-29 15:20:29:312 78 sec: 254149 operations; 1505 current ops/sec; [READ: Count=772, Max=1429, Min=8, Avg=104.43, 90=205, 99=474, 99.9=1429, 99.99=1429] [UPDATE: Count=733, Max=92031, Min=177, Avg=1244.78, 90=2911, 99=4179, 99.9=92031, 99.99=92031] 
2026-04-29 15:20:30:312 79 sec: 258204 operations; 4055 current ops/sec; [READ: Count=2038, Max=12943, Min=7, Avg=103.44, 90=187, 99=346, 99.9=5715, 99.99=12943] [UPDATE: Count=2017, Max=26847, Min=164, Avg=388.55, 90=486, 99=698, 99.9=7475, 99.99=26847] 
2026-04-29 15:20:31:312 80 sec: 262199 operations; 3995 current ops/sec; [READ: Count=2002, Max=8187, Min=8, Avg=111.54, 90=197, 99=378, 99.9=7895, 99.99=8187] [UPDATE: Count=1993, Max=27055, Min=180, Avg=386.73, 90=494, 99=689, 99.9=8599, 99.99=27055] 
2026-04-29 15:20:32:312 81 sec: 266216 operations; 4017 current ops/sec; [READ: Count=1935, Max=8639, Min=8, Avg=112.76, 90=204, 99=361, 99.9=8071, 99.99=8639] [UPDATE: Count=2082, Max=8975, Min=165, Avg=372.83, 90=487, 99=720, 99.9=7435, 99.99=8975] 
2026-04-29 15:20:33:312 82 sec: 268453 operations; 2237 current ops/sec; [READ: Count=1094, Max=11111, Min=8, Avg=118.02, 90=197, 99=441, 99.9=7347, 99.99=11111] [UPDATE: Count=1144, Max=145919, Min=165, Avg=759.63, 90=1617, 99=3707, 99.9=6927, 99.99=145919] 
2026-04-29 15:20:34:312 83 sec: 271113 operations; 2660 current ops/sec; [READ: Count=1305, Max=7147, Min=8, Avg=121.42, 90=232, 99=486, 99.9=5615, 99.99=7147] [UPDATE: Count=1355, Max=7439, Min=184, Avg=617.19, 90=1081, 99=3221, 99.9=6767, 99.99=7439] 
2026-04-29 15:20:35:312 84 sec: 275077 operations; 3964 current ops/sec; [READ: Count=1970, Max=8527, Min=8, Avg=112.2, 90=199, 99=355, 99.9=8295, 99.99=8527] [UPDATE: Count=1996, Max=17263, Min=178, Avg=386.73, 90=504, 99=715, 99.9=7135, 99.99=17263] 
2026-04-29 15:20:36:312 85 sec: 278381 operations; 3304 current ops/sec; [READ: Count=1639, Max=9783, Min=8, Avg=112.59, 90=198, 99=428, 99.9=7535, 99.99=9783] [UPDATE: Count=1662, Max=84159, Min=180, Avg=472.73, 90=504, 99=779, 99.9=54943, 99.99=84159] 
2026-04-29 15:20:37:312 86 sec: 281934 operations; 3553 current ops/sec; [READ: Count=1764, Max=7103, Min=8, Avg=119.35, 90=209, 99=395, 99.9=6515, 99.99=7103] [UPDATE: Count=1789, Max=30911, Min=179, Avg=406.93, 90=518, 99=728, 99.9=13567, 99.99=30911] 
2026-04-29 15:20:38:312 87 sec: 284963 operations; 3029 current ops/sec; [READ: Count=1536, Max=7115, Min=8, Avg=110.37, 90=199, 99=422, 99.9=7111, 99.99=7115] [UPDATE: Count=1494, Max=101887, Min=182, Avg=605.04, 90=833, 99=1504, 99.9=84863, 99.99=101887] 
2026-04-29 15:20:39:312 88 sec: 287832 operations; 2869 current ops/sec; [READ: Count=1492, Max=8127, Min=8, Avg=115.45, 90=204, 99=437, 99.9=7147, 99.99=8127] [UPDATE: Count=1379, Max=86143, Min=174, Avg=596.45, 90=909, 99=1456, 99.9=5555, 99.99=86143] 
2026-04-29 15:20:40:312 89 sec: 291741 operations; 3909 current ops/sec; [READ: Count=1986, Max=7199, Min=8, Avg=95.94, 90=188, 99=373, 99.9=5635, 99.99=7199] [UPDATE: Count=1921, Max=81151, Min=174, Avg=415.74, 90=478, 99=654, 99.9=11975, 99.99=81151] 
2026-04-29 15:20:41:312 90 sec: 295329 operations; 3588 current ops/sec; [READ: Count=1755, Max=8911, Min=8, Avg=112.44, 90=200, 99=423, 99.9=7107, 99.99=8911] [UPDATE: Count=1834, Max=93759, Min=177, Avg=434.32, 90=517, 99=745, 99.9=8247, 99.99=93759] 
Maximum time elapsed. Requesting stop for the workload.
Stop requested for workload. Now Joining!
[OZONEDB-PROFILE] reads=295341  avg_total=100.55us  view=8.05us(8.0%)  log=18.99us(18.9%)  sst=114.17us_per_call x 189490_calls(72.9%_of_total)
[OZONEDB-SST-PROFILE] level | time_total_ms | enters | range_rejects | table_gets | hits
[OZONEDB-SST-PROFILE] L1  |      5152.24 |   813680 |        22467 |     791213 |  50323
[OZONEDB-SST-PROFILE] L2  |      7537.27 |   947256 |        83279 |     863977 |  60866
[OZONEDB-SST-PROFILE] L3  |       646.88 |   156451 |        78150 |      78301 |   5172
[OZONEDB-SST-PROFILE] L4  |       611.87 |   146036 |        72907 |      73129 |   5300
[OZONEDB-SST-PROFILE] L5  |       580.71 |   135455 |        67628 |      67827 |   5175
[OZONEDB-SST-PROFILE] L6  |       600.72 |   125159 |        62505 |      62654 |   5286
[OZONEDB-SST-PROFILE] L7  |      6349.35 |   197913 |            2 |     197911 |  57368
[OZONEDB-TBL-PROFILE] file_filter_reject=1923587  block_filter_reject=21702  index_invalid=0  block_read_more=178753  hit_from_cache=10970  miss_after_read=233  found=189490
2026-04-29 15:20:41:378 90 sec: 295341 operations; 181.82 current ops/sec; [READ: Count=7, Max=265, Min=11, Avg=108.14, 90=265, 99=265, 99.9=265, 99.99=265] [CLEANUP: Count=1, Max=63711, Min=63680, Avg=63696, 90=63711, 99=63711, 99.9=63711, 99.99=63711] [UPDATE: Count=3, Max=362, Min=197, Avg=280, 90=362, 99=362, 99.9=362, 99.99=362] 
[OVERALL], RunTime(ms), 90067
[OVERALL], Throughput(ops/sec), 3279.1255398758703
[TOTAL_GCS_PS_Scavenge], Count, 4
[TOTAL_GC_TIME_PS_Scavenge], Time(ms), 17
[TOTAL_GC_TIME_%_PS_Scavenge], Time(%), 0.018874837620882233
[TOTAL_GCS_PS_MarkSweep], Count, 0
[TOTAL_GC_TIME_PS_MarkSweep], Time(ms), 0
[TOTAL_GC_TIME_%_PS_MarkSweep], Time(%), 0.0
[TOTAL_GCs], Count, 4
[TOTAL_GC_TIME], Time(ms), 17
[TOTAL_GC_TIME_%], Time(%), 0.018874837620882233
[READ], Operations, 147249
[READ], AverageLatency(us), 102.32885792093664
[READ], MinLatency(us), 5
[READ], MaxLatency(us), 54015
[READ], 95thPercentileLatency(us), 213
[READ], 99thPercentileLatency(us), 339
[READ], Return=OK, 147249
[CLEANUP], Operations, 1
[CLEANUP], AverageLatency(us), 63696.0
[CLEANUP], MinLatency(us), 63680
[CLEANUP], MaxLatency(us), 63711
[CLEANUP], 95thPercentileLatency(us), 63711
[CLEANUP], 99thPercentileLatency(us), 63711
[UPDATE], Operations, 148092
[UPDATE], AverageLatency(us), 499.5171042325041
[UPDATE], MinLatency(us), 152
[UPDATE], MaxLatency(us), 145919
[UPDATE], 95thPercentileLatency(us), 987
[UPDATE], 99thPercentileLatency(us), 2915
[UPDATE], Return=OK, 148092
	Command being timed: "/usr/lib/jvm/java-8-openjdk-amd64/bin/java -cp /users/Xinying/ozonedb/ycsb/ozonedb/conf:/users/Xinying/ozonedb/ycsb/ozonedb/target/ozonedb-binding-0.18.0-SNAPSHOT.jar:/users/Xinying/.m2/repository/org/apache/htrace/htrace-core4/4.1.0-incubating/htrace-core4-4.1.0-incubating.jar:/users/Xinying/.m2/repository/org/slf4j/slf4j-api/1.7.25/slf4j-api-1.7.25.jar:/users/Xinying/.m2/repository/org/hdrhistogram/HdrHistogram/2.1.12/HdrHistogram-2.1.12.jar:/users/Xinying/.m2/repository/ch/qos/logback/logback-classic/1.2.3/logback-classic-1.2.3.jar:/users/Xinying/.m2/repository/ozonedbjnimaven/demoproc-jni/1.0/demoproc-jni-1.0.jar:/users/Xinying/.m2/repository/ch/qos/logback/logback-core/1.2.3/logback-core-1.2.3.jar:/users/Xinying/.m2/repository/org/codehaus/jackson/jackson-mapper-asl/1.9.4/jackson-mapper-asl-1.9.4.jar:/users/Xinying/.m2/repository/org/slf4j/slf4j-simple/1.7.25/slf4j-simple-1.7.25.jar:/users/Xinying/.m2/repository/org/codehaus/jackson/jackson-core-asl/1.9.4/jackson-core-asl-1.9.4.jar:/users/Xinying/ozonedb/ycsb/core/target/core-0.18.0-SNAPSHOT.jar site.ycsb.Client -db site.ycsb.db.OzoneDBClient -threads 1 -s -P /users/Xinying/ozonedb/ycsb/workloads/generated_workloads/workloada_1KB_1000000_1000000 -p status.interval=1 -p maxexecutiontime=90 -p operationcount=0 -p shared_config=/tmp/phase1_ozonedb_configs/shared_config_SHARED_workloada_p16_r1_proc14.json -t"
	User time (seconds): 26.83
	System time (seconds): 37.15
	Percent of CPU this job got: 67%
	Elapsed (wall clock) time (h:mm:ss or m:ss): 1:34.31
	Average shared text size (kbytes): 0
	Average unshared data size (kbytes): 0
	Average stack size (kbytes): 0
	Average total size (kbytes): 0
	Maximum resident set size (kbytes): 5524832
	Average resident set size (kbytes): 0
	Major (requiring I/O) page faults: 344
	Minor (reclaiming a frame) page faults: 1400066
	Voluntary context switches: 555715
	Involuntary context switches: 1819
	Swaps: 0
	File system inputs: 8554319
	File system outputs: 431557
	Socket messages sent: 0
	Socket messages received: 0
	Signals delivered: 0
	Page size (bytes): 4096
	Exit status: 0
