# CMD: /usr/bin/time -v /users/Xinying/YCSB-cpp/ycsb -db sqlite -run -P /users/Xinying/YCSB-cpp/workloads/workloadb -P /users/Xinying/YCSB-cpp/sqlite/sqlite-trunk.properties -p sqlite.dbpath=/tank/ycsb_data/multi-proc-run/shared_trunkcpp_ycsb.db -p threadcount=1 -p recordcount=1000000 -p maxexecutiontime=90 -p sqlite.locking_mode=NORMAL -p sqlite.vfs=unix
# shared_work_path=/tank/ycsb_data/multi-proc-run/shared_trunkcpp_ycsb.db  proc_id=1/2
[Thread 140313775113792] SqliteDB::Init at 2026-04-29 09:54:10
Opening database with URL: file:///tank/ycsb_data/multi-proc-run/shared_trunkcpp_ycsb.db?vfs=unix
PRAGMA journal_mode: wal
PRAGMA mmap_size: 0
PRAGMA page_size: 4096
PRAGMA cache_size: -131072
PRAGMA synchronous: 2
[HCTree] busy_snapshot aborts (discarded, not retried): 0
[Thread 140313775113792] SqliteDB::Cleanup (last) at 2026-04-29 09:55:40
Run runtime(sec): 90.0016
Run operations(ops): 751118
Run throughput(ops/sec): 8345.61
	Command being timed: "/users/Xinying/YCSB-cpp/ycsb -db sqlite -run -P /users/Xinying/YCSB-cpp/workloads/workloadb -P /users/Xinying/YCSB-cpp/sqlite/sqlite-trunk.properties -p sqlite.dbpath=/tank/ycsb_data/multi-proc-run/shared_trunkcpp_ycsb.db -p threadcount=1 -p recordcount=1000000 -p maxexecutiontime=90 -p sqlite.locking_mode=NORMAL -p sqlite.vfs=unix"
	User time (seconds): 8.12
	System time (seconds): 68.73
	Percent of CPU this job got: 85%
	Elapsed (wall clock) time (h:mm:ss or m:ss): 1:30.05
	Average shared text size (kbytes): 0
	Average unshared data size (kbytes): 0
	Average stack size (kbytes): 0
	Average total size (kbytes): 0
	Maximum resident set size (kbytes): 13928
	Average resident set size (kbytes): 0
	Major (requiring I/O) page faults: 301
	Minor (reclaiming a frame) page faults: 2182
	Voluntary context switches: 117437
	Involuntary context switches: 145
	Swaps: 0
	File system inputs: 23432664
	File system outputs: 302732
	Socket messages sent: 0
	Socket messages received: 0
	Signals delivered: 0
	Page size (bytes): 4096
	Exit status: 0
