# CMD: /usr/bin/time -v /users/Xinying/YCSB-cpp/ycsb -db sqlite -run -P /users/Xinying/YCSB-cpp/workloads/workloadf -P /users/Xinying/YCSB-cpp/sqlite/sqlite-trunk.properties -p sqlite.dbpath=/tank/ycsb_data/multi-proc-run/shared_trunkcpp_ycsb.db -p threadcount=1 -p recordcount=1000000 -p maxexecutiontime=90 -p sqlite.locking_mode=NORMAL -p sqlite.vfs=unix
# shared_work_path=/tank/ycsb_data/multi-proc-run/shared_trunkcpp_ycsb.db  proc_id=6/8
[Thread 140019700328000] SqliteDB::Init at 2026-04-29 10:17:24
Opening database with URL: file:///tank/ycsb_data/multi-proc-run/shared_trunkcpp_ycsb.db?vfs=unix
PRAGMA journal_mode: wal
PRAGMA mmap_size: 0
PRAGMA page_size: 4096
PRAGMA cache_size: -131072
PRAGMA synchronous: 2
[HCTree] busy_snapshot aborts (discarded, not retried): 0
[Thread 140019700328000] SqliteDB::Cleanup (last) at 2026-04-29 10:18:54
Run runtime(sec): 90.0074
Run operations(ops): 62653
Run throughput(ops/sec): 696.087
	Command being timed: "/users/Xinying/YCSB-cpp/ycsb -db sqlite -run -P /users/Xinying/YCSB-cpp/workloads/workloadf -P /users/Xinying/YCSB-cpp/sqlite/sqlite-trunk.properties -p sqlite.dbpath=/tank/ycsb_data/multi-proc-run/shared_trunkcpp_ycsb.db -p threadcount=1 -p recordcount=1000000 -p maxexecutiontime=90 -p sqlite.locking_mode=NORMAL -p sqlite.vfs=unix"
	User time (seconds): 1.70
	System time (seconds): 9.27
	Percent of CPU this job got: 12%
	Elapsed (wall clock) time (h:mm:ss or m:ss): 1:30.01
	Average shared text size (kbytes): 0
	Average unshared data size (kbytes): 0
	Average stack size (kbytes): 0
	Average total size (kbytes): 0
	Maximum resident set size (kbytes): 12044
	Average resident set size (kbytes): 0
	Major (requiring I/O) page faults: 591
	Minor (reclaiming a frame) page faults: 1493
	Voluntary context switches: 109462
	Involuntary context switches: 16
	Swaps: 0
	File system inputs: 2636184
	File system outputs: 251397
	Socket messages sent: 0
	Socket messages received: 0
	Signals delivered: 0
	Page size (bytes): 4096
	Exit status: 0
