# CMD: /users/Xinying/ozonedb/ycsb/bin/ycsb run ozonedb -threads 1 -s -P /users/Xinying/ozonedb/ycsb/workloads/generated_workloads/workloadc_1KB_1000000_1000000 -p status.interval=10 -p requestdistribution=sequential -p operationcount=1000000 -p maxexecutiontime=0 -p shared_config=/tmp/churn_v4_configs/shared_config_varyR_n4_r50pct.json
[WARN]  Running against a source checkout. In order to get our runtime dependencies we'll have to invoke Maven. Depending on the state of your system, this may take ~30-45 seconds
[DEBUG]  Running 'mvn -pl site.ycsb:ozonedb-binding -am package -DskipTests dependency:build-classpath -DincludeScope=compile -Dmdep.outputFilterFile=true'
/usr/lib/jvm/java-8-openjdk-amd64/bin/java -cp /users/Xinying/ozonedb/ycsb/ozonedb/conf:/users/Xinying/ozonedb/ycsb/ozonedb/target/ozonedb-binding-0.18.0-SNAPSHOT.jar:/users/Xinying/.m2/repository/org/apache/htrace/htrace-core4/4.1.0-incubating/htrace-core4-4.1.0-incubating.jar:/users/Xinying/.m2/repository/org/slf4j/slf4j-api/1.7.25/slf4j-api-1.7.25.jar:/users/Xinying/.m2/repository/org/hdrhistogram/HdrHistogram/2.1.12/HdrHistogram-2.1.12.jar:/users/Xinying/.m2/repository/ch/qos/logback/logback-classic/1.2.3/logback-classic-1.2.3.jar:/users/Xinying/.m2/repository/ozonedbjnimaven/demoproc-jni/1.0/demoproc-jni-1.0.jar:/users/Xinying/.m2/repository/ch/qos/logback/logback-core/1.2.3/logback-core-1.2.3.jar:/users/Xinying/.m2/repository/org/codehaus/jackson/jackson-mapper-asl/1.9.4/jackson-mapper-asl-1.9.4.jar:/users/Xinying/.m2/repository/org/slf4j/slf4j-simple/1.7.25/slf4j-simple-1.7.25.jar:/users/Xinying/.m2/repository/org/codehaus/jackson/jackson-core-asl/1.9.4/jackson-core-asl-1.9.4.jar:/users/Xinying/ozonedb/ycsb/core/target/core-0.18.0-SNAPSHOT.jar site.ycsb.Client -db site.ycsb.db.OzoneDBClient -threads 1 -s -P /users/Xinying/ozonedb/ycsb/workloads/generated_workloads/workloadc_1KB_1000000_1000000 -p status.interval=10 -p requestdistribution=sequential -p operationcount=1000000 -p maxexecutiontime=0 -p shared_config=/tmp/churn_v4_configs/shared_config_varyR_n4_r50pct.json -t
Command line: -db site.ycsb.db.OzoneDBClient -threads 1 -s -P /users/Xinying/ozonedb/ycsb/workloads/generated_workloads/workloadc_1KB_1000000_1000000 -p status.interval=10 -p requestdistribution=sequential -p operationcount=1000000 -p maxexecutiontime=0 -p shared_config=/tmp/churn_v4_configs/shared_config_varyR_n4_r50pct.json -t
YCSB Client 0.18.0-SNAPSHOT

Loading workload...
Starting test.
SLF4J: Class path contains multiple SLF4J bindings.
SLF4J: Found binding in [jar:file:/users/Xinying/.m2/repository/ch/qos/logback/logback-classic/1.2.3/logback-classic-1.2.3.jar!/org/slf4j/impl/StaticLoggerBinder.class]
SLF4J: Found binding in [jar:file:/users/Xinying/.m2/repository/org/slf4j/slf4j-simple/1.7.25/slf4j-simple-1.7.25.jar!/org/slf4j/impl/StaticLoggerBinder.class]
SLF4J: See http://www.slf4j.org/codes.html#multiple_bindings for an explanation.
SLF4J: Actual binding is of type [ch.qos.logback.classic.util.ContextSelectorStaticBinder]
2026-05-01 04:42:32:782 0 sec: 0 operations; est completion in 0 second 
Starting compaction watcher
DBWrapper: report latency for each error is false and specific error codes to track for latency are: []
2026-05-01 04:42:42:782 10 sec: 31906 operations; 3190.6 current ops/sec; est completion in 5 minutes [READ: Count=31914, Max=8311, Min=84, Avg=196.59, 90=215, 99=246, 99.9=301, 99.99=1774] 
2026-05-01 04:42:52:782 20 sec: 85182 operations; 5327.6 current ops/sec; est completion in 3 minutes [READ: Count=53270, Max=407, Min=90, Avg=186.09, 90=206, 99=237, 99.9=284, 99.99=345] 
2026-05-01 04:43:02:782 30 sec: 138884 operations; 5370.2 current ops/sec; est completion in 3 minutes [READ: Count=53702, Max=1938, Min=96, Avg=184.85, 90=205, 99=236, 99.9=292, 99.99=353] 
2026-05-01 04:43:12:782 40 sec: 195357 operations; 5647.3 current ops/sec; est completion in 2 minutes [READ: Count=56474, Max=5835, Min=86, Avg=175.86, 90=196, 99=230, 99.9=277, 99.99=512] 
2026-05-01 04:43:22:782 50 sec: 253828 operations; 5847.1 current ops/sec; est completion in 2 minutes [READ: Count=58470, Max=996, Min=77, Avg=170.02, 90=191, 99=223, 99.9=275, 99.99=482] 
2026-05-01 04:43:32:782 60 sec: 314806 operations; 6097.8 current ops/sec; est completion in 2 minutes [READ: Count=60979, Max=540, Min=86, Avg=162.99, 90=184, 99=216, 99.9=269, 99.99=434] 
2026-05-01 04:43:42:782 70 sec: 379017 operations; 6421.1 current ops/sec; est completion in 1 minute [READ: Count=64210, Max=3979, Min=70, Avg=154.73, 90=175, 99=207, 99.9=260, 99.99=421] 
2026-05-01 04:43:52:782 80 sec: 447052 operations; 6803.5 current ops/sec; est completion in 1 minute [READ: Count=68038, Max=460, Min=72, Avg=145.99, 90=166, 99=196, 99.9=246, 99.99=418] 
2026-05-01 04:44:02:782 90 sec: 520269 operations; 7321.7 current ops/sec; est completion in 1 minute [READ: Count=73214, Max=461, Min=64, Avg=135.6, 90=156, 99=185, 99.9=237, 99.99=394] 
2026-05-01 04:44:12:782 100 sec: 599543 operations; 7927.4 current ops/sec; est completion in 1 minute [READ: Count=79277, Max=3789, Min=67, Avg=125.14, 90=145, 99=172, 99.9=217, 99.99=331] 
2026-05-01 04:44:22:782 110 sec: 687295 operations; 8775.2 current ops/sec; est completion in 51 seconds [READ: Count=87751, Max=422, Min=63, Avg=112.97, 90=133, 99=157, 99.9=197, 99.99=252] 
2026-05-01 04:44:32:782 120 sec: 786849 operations; 9955.4 current ops/sec; est completion in 33 seconds [READ: Count=99554, Max=3733, Min=59, Avg=99.46, 90=120, 99=142, 99.9=177, 99.99=232] 
2026-05-01 04:44:42:782 130 sec: 906775 operations; 11992.6 current ops/sec; est completion in 14 seconds [READ: Count=119927, Max=224, Min=52, Avg=82.42, 90=103, 99=122, 99.9=152, 99.99=183] 
[OZONEDB-PROFILE] reads=1000000  avg_total=129.46us  view=34.58us(26.7%)  log=0.54us(0.4%)  sst=94.12us_per_call x 999709_calls(72.7%_of_total)
[OZONEDB-SST-PROFILE] level | time_total_ms | enters | range_rejects | table_gets | hits
[OZONEDB-SST-PROFILE] L1  |      8641.64 |  6958032 |        10302 |    6947730 |  13452
[OZONEDB-SST-PROFILE] L2  |     81672.81 | 109063616 |        62091 |  109001525 | 986257
[OZONEDB-TBL-PROFILE] file_filter_reject=113950154  block_filter_reject=988292  index_invalid=0  block_read_more=267143  hit_from_cache=743666  miss_after_read=11100  found=999709
2026-05-01 04:44:48:895 136 sec: 1000000 operations; 15250.29 current ops/sec; [READ: Count=93220, Max=4211, Min=31, Avg=63.65, 90=86, 99=101, 99.9=125, 99.99=155] [CLEANUP: Count=1, Max=87743, Min=87680, Avg=87712, 90=87743, 99=87743, 99.9=87743, 99.99=87743] 
[OVERALL], RunTime(ms), 136115
[OVERALL], Throughput(ops/sec), 7346.72886897109
[TOTAL_GCS_PS_Scavenge], Count, 5
[TOTAL_GC_TIME_PS_Scavenge], Time(ms), 19
[TOTAL_GC_TIME_%_PS_Scavenge], Time(%), 0.013958784851045071
[TOTAL_GCS_PS_MarkSweep], Count, 0
[TOTAL_GC_TIME_PS_MarkSweep], Time(ms), 0
[TOTAL_GC_TIME_%_PS_MarkSweep], Time(%), 0.0
[TOTAL_GCs], Count, 5
[TOTAL_GC_TIME], Time(ms), 19
[TOTAL_GC_TIME_%], Time(%), 0.013958784851045071
[READ], Operations, 1000000
[READ], AverageLatency(us), 131.274713
[READ], MinLatency(us), 31
[READ], MaxLatency(us), 8311
[READ], 95thPercentileLatency(us), 197
[READ], 99thPercentileLatency(us), 217
[READ], Return=OK, 1000000
[CLEANUP], Operations, 1
[CLEANUP], AverageLatency(us), 87712.0
[CLEANUP], MinLatency(us), 87680
[CLEANUP], MaxLatency(us), 87743
[CLEANUP], 95thPercentileLatency(us), 87743
[CLEANUP], 99thPercentileLatency(us), 87743
