# CMD: /users/Xinying/ozonedb/ycsb/bin/ycsb run ozonedb -threads 1 -s -P /users/Xinying/ozonedb/ycsb/workloads/generated_workloads/workloadc_1KB_1000000_1000000 -p status.interval=10 -p requestdistribution=sequential -p operationcount=1000000 -p maxexecutiontime=0 -p shared_config=/tmp/churn_v4_configs/shared_config_varyR_n4_r25pct_rep2.json
[WARN]  Running against a source checkout. In order to get our runtime dependencies we'll have to invoke Maven. Depending on the state of your system, this may take ~30-45 seconds
[DEBUG]  Running 'mvn -pl site.ycsb:ozonedb-binding -am package -DskipTests dependency:build-classpath -DincludeScope=compile -Dmdep.outputFilterFile=true'
/usr/lib/jvm/java-8-openjdk-amd64/bin/java -cp /users/Xinying/ozonedb/ycsb/ozonedb/conf:/users/Xinying/ozonedb/ycsb/ozonedb/target/ozonedb-binding-0.18.0-SNAPSHOT.jar:/users/Xinying/.m2/repository/org/apache/htrace/htrace-core4/4.1.0-incubating/htrace-core4-4.1.0-incubating.jar:/users/Xinying/.m2/repository/org/slf4j/slf4j-api/1.7.25/slf4j-api-1.7.25.jar:/users/Xinying/.m2/repository/org/hdrhistogram/HdrHistogram/2.1.12/HdrHistogram-2.1.12.jar:/users/Xinying/.m2/repository/ch/qos/logback/logback-classic/1.2.3/logback-classic-1.2.3.jar:/users/Xinying/.m2/repository/ozonedbjnimaven/demoproc-jni/1.0/demoproc-jni-1.0.jar:/users/Xinying/.m2/repository/ch/qos/logback/logback-core/1.2.3/logback-core-1.2.3.jar:/users/Xinying/.m2/repository/org/codehaus/jackson/jackson-mapper-asl/1.9.4/jackson-mapper-asl-1.9.4.jar:/users/Xinying/.m2/repository/org/slf4j/slf4j-simple/1.7.25/slf4j-simple-1.7.25.jar:/users/Xinying/.m2/repository/org/codehaus/jackson/jackson-core-asl/1.9.4/jackson-core-asl-1.9.4.jar:/users/Xinying/ozonedb/ycsb/core/target/core-0.18.0-SNAPSHOT.jar site.ycsb.Client -db site.ycsb.db.OzoneDBClient -threads 1 -s -P /users/Xinying/ozonedb/ycsb/workloads/generated_workloads/workloadc_1KB_1000000_1000000 -p status.interval=10 -p requestdistribution=sequential -p operationcount=1000000 -p maxexecutiontime=0 -p shared_config=/tmp/churn_v4_configs/shared_config_varyR_n4_r25pct_rep2.json -t
Command line: -db site.ycsb.db.OzoneDBClient -threads 1 -s -P /users/Xinying/ozonedb/ycsb/workloads/generated_workloads/workloadc_1KB_1000000_1000000 -p status.interval=10 -p requestdistribution=sequential -p operationcount=1000000 -p maxexecutiontime=0 -p shared_config=/tmp/churn_v4_configs/shared_config_varyR_n4_r25pct_rep2.json -t
YCSB Client 0.18.0-SNAPSHOT

Loading workload...
Starting test.
SLF4J: Class path contains multiple SLF4J bindings.
SLF4J: Found binding in [jar:file:/users/Xinying/.m2/repository/ch/qos/logback/logback-classic/1.2.3/logback-classic-1.2.3.jar!/org/slf4j/impl/StaticLoggerBinder.class]
SLF4J: Found binding in [jar:file:/users/Xinying/.m2/repository/org/slf4j/slf4j-simple/1.7.25/slf4j-simple-1.7.25.jar!/org/slf4j/impl/StaticLoggerBinder.class]
SLF4J: See http://www.slf4j.org/codes.html#multiple_bindings for an explanation.
SLF4J: Actual binding is of type [ch.qos.logback.classic.util.ContextSelectorStaticBinder]
2026-05-01 07:20:58:786 0 sec: 0 operations; est completion in 0 second 
Starting compaction watcher
DBWrapper: report latency for each error is false and specific error codes to track for latency are: []
2026-05-01 07:21:08:786 10 sec: 45867 operations; 4586.7 current ops/sec; est completion in 3 minutes [READ: Count=45876, Max=3235, Min=84, Avg=195.46, 90=214, 99=246, 99.9=303, 99.99=404] 
2026-05-01 07:21:18:786 20 sec: 97805 operations; 5193.8 current ops/sec; est completion in 3 minutes [READ: Count=51933, Max=784, Min=87, Avg=191.02, 90=211, 99=241, 99.9=297, 99.99=404] 
2026-05-01 07:21:28:786 30 sec: 151053 operations; 5324.8 current ops/sec; est completion in 2 minutes [READ: Count=53247, Max=436, Min=82, Avg=186.47, 90=207, 99=238, 99.9=293, 99.99=423] 
2026-05-01 07:21:38:786 40 sec: 206478 operations; 5542.5 current ops/sec; est completion in 2 minutes [READ: Count=55425, Max=425, Min=78, Avg=179.23, 90=200, 99=231, 99.9=284, 99.99=401] 
2026-05-01 07:21:48:786 50 sec: 264997 operations; 5851.9 current ops/sec; est completion in 2 minutes [READ: Count=58519, Max=419, Min=88, Avg=169.92, 90=190, 99=220, 99.9=273, 99.99=410] 
2026-05-01 07:21:58:786 60 sec: 326123 operations; 6112.6 current ops/sec; est completion in 2 minutes [READ: Count=61127, Max=421, Min=79, Avg=162.63, 90=183, 99=210, 99.9=261, 99.99=384] 
2026-05-01 07:22:08:786 70 sec: 390343 operations; 6422 current ops/sec; est completion in 1 minute [READ: Count=64220, Max=4443, Min=71, Avg=154.72, 90=175, 99=203, 99.9=260, 99.99=394] 
2026-05-01 07:22:18:786 80 sec: 458629 operations; 6828.6 current ops/sec; est completion in 1 minute [READ: Count=68286, Max=389, Min=75, Avg=145.47, 90=165, 99=192, 99.9=240, 99.99=374] 
2026-05-01 07:22:28:786 90 sec: 531638 operations; 7300.9 current ops/sec; est completion in 1 minute [READ: Count=73010, Max=388, Min=68, Avg=136, 90=156, 99=183, 99.9=232, 99.99=349] 
2026-05-01 07:22:38:786 100 sec: 610895 operations; 7925.7 current ops/sec; est completion in 1 minute [READ: Count=79256, Max=4327, Min=70, Avg=125.17, 90=145, 99=169, 99.9=209, 99.99=295] 
2026-05-01 07:22:48:786 110 sec: 698851 operations; 8795.6 current ops/sec; est completion in 48 seconds [READ: Count=87957, Max=341, Min=60, Avg=112.7, 90=133, 99=155, 99.9=192, 99.99=239] 
2026-05-01 07:22:58:786 120 sec: 799314 operations; 10046.3 current ops/sec; est completion in 31 seconds [READ: Count=100465, Max=4163, Min=60, Avg=98.53, 90=118, 99=137, 99.9=173, 99.99=213] 
2026-05-01 07:23:08:786 130 sec: 919095 operations; 11978.1 current ops/sec; est completion in 12 seconds [READ: Count=119783, Max=4335, Min=54, Avg=82.52, 90=102, 99=118, 99.9=149, 99.99=181] 
[OZONEDB-PROFILE] reads=1000000  avg_total=131.65us  view=36.62us(27.8%)  log=0.56us(0.4%)  sst=94.25us_per_call x 999709_calls(71.6%_of_total)
[OZONEDB-SST-PROFILE] level | time_total_ms | enters | range_rejects | table_gets | hits
[OZONEDB-SST-PROFILE] L1  |      9195.72 |  6958032 |        10302 |    6947730 |  13452
[OZONEDB-SST-PROFILE] L2  |     80939.10 | 112598411 |        64469 |  112533942 | 986257
[OZONEDB-TBL-PROFILE] file_filter_reject=117451734  block_filter_reject=1018744  index_invalid=0  block_read_more=259189  hit_from_cache=752005  miss_after_read=11485  found=999709
2026-05-01 07:23:14:363 135 sec: 1000000 operations; 14506.9 current ops/sec; [READ: Count=80896, Max=160, Min=35, Avg=65.9, 90=88, 99=99, 99.9=122, 99.99=151] [CLEANUP: Count=1, Max=169599, Min=169472, Avg=169536, 90=169599, 99=169599, 99.9=169599, 99.99=169599] 
[OVERALL], RunTime(ms), 135577
[OVERALL], Throughput(ops/sec), 7375.882339924913
[TOTAL_GCS_PS_Scavenge], Count, 5
[TOTAL_GC_TIME_PS_Scavenge], Time(ms), 20
[TOTAL_GC_TIME_%_PS_Scavenge], Time(%), 0.014751764679849828
[TOTAL_GCS_PS_MarkSweep], Count, 0
[TOTAL_GC_TIME_PS_MarkSweep], Time(ms), 0
[TOTAL_GC_TIME_%_PS_MarkSweep], Time(%), 0.0
[TOTAL_GCs], Count, 5
[TOTAL_GC_TIME], Time(ms), 20
[TOTAL_GC_TIME_%], Time(%), 0.014751764679849828
[READ], Operations, 1000000
[READ], AverageLatency(us), 133.381704
[READ], MinLatency(us), 35
[READ], MaxLatency(us), 4443
[READ], 95thPercentileLatency(us), 199
[READ], 99thPercentileLatency(us), 219
[READ], Return=OK, 1000000
[CLEANUP], Operations, 1
[CLEANUP], AverageLatency(us), 169536.0
[CLEANUP], MinLatency(us), 169472
[CLEANUP], MaxLatency(us), 169599
[CLEANUP], 95thPercentileLatency(us), 169599
[CLEANUP], 99thPercentileLatency(us), 169599
