# CMD: /usr/bin/time -v /usr/lib/jvm/java-8-openjdk-amd64/bin/java -cp /users/Xinying/ozonedb/ycsb/ozonedb/conf:/users/Xinying/ozonedb/ycsb/ozonedb/target/ozonedb-binding-0.18.0-SNAPSHOT.jar:/users/Xinying/.m2/repository/org/apache/htrace/htrace-core4/4.1.0-incubating/htrace-core4-4.1.0-incubating.jar:/users/Xinying/.m2/repository/org/slf4j/slf4j-api/1.7.25/slf4j-api-1.7.25.jar:/users/Xinying/.m2/repository/org/hdrhistogram/HdrHistogram/2.1.12/HdrHistogram-2.1.12.jar:/users/Xinying/.m2/repository/ch/qos/logback/logback-classic/1.2.3/logback-classic-1.2.3.jar:/users/Xinying/.m2/repository/ozonedbjnimaven/demoproc-jni/1.0/demoproc-jni-1.0.jar:/users/Xinying/.m2/repository/ch/qos/logback/logback-core/1.2.3/logback-core-1.2.3.jar:/users/Xinying/.m2/repository/org/codehaus/jackson/jackson-mapper-asl/1.9.4/jackson-mapper-asl-1.9.4.jar:/users/Xinying/.m2/repository/org/slf4j/slf4j-simple/1.7.25/slf4j-simple-1.7.25.jar:/users/Xinying/.m2/repository/org/codehaus/jackson/jackson-core-asl/1.9.4/jackson-core-asl-1.9.4.jar:/users/Xinying/ozonedb/ycsb/core/target/core-0.18.0-SNAPSHOT.jar site.ycsb.Client -db site.ycsb.db.OzoneDBClient -threads 1 -s -P /users/Xinying/ozonedb/ycsb/workloads/generated_workloads/workloada_1KB_1000000_1000000 -p status.interval=1 -p recordcount=1000000 -p insertstart=749988 -p insertcount=41666 -p shared_config=/tmp/phase1_ozonedb_configs/shared_config_LOAD_p24_r1_proc18.json -load
# work_path=/tank/ycsb_data/multi-proc-run/ozonedb_load_shared_p24
Command line: -db site.ycsb.db.OzoneDBClient -threads 1 -s -P /users/Xinying/ozonedb/ycsb/workloads/generated_workloads/workloada_1KB_1000000_1000000 -p status.interval=1 -p recordcount=1000000 -p insertstart=749988 -p insertcount=41666 -p shared_config=/tmp/phase1_ozonedb_configs/shared_config_LOAD_p24_r1_proc18.json -load
YCSB Client 0.18.0-SNAPSHOT

Loading workload...
Starting test.
SLF4J: Class path contains multiple SLF4J bindings.
SLF4J: Found binding in [jar:file:/users/Xinying/.m2/repository/ch/qos/logback/logback-classic/1.2.3/logback-classic-1.2.3.jar!/org/slf4j/impl/StaticLoggerBinder.class]
SLF4J: Found binding in [jar:file:/users/Xinying/.m2/repository/org/slf4j/slf4j-simple/1.7.25/slf4j-simple-1.7.25.jar!/org/slf4j/impl/StaticLoggerBinder.class]
SLF4J: See http://www.slf4j.org/codes.html#multiple_bindings for an explanation.
SLF4J: Actual binding is of type [ch.qos.logback.classic.util.ContextSelectorStaticBinder]
2026-04-29 20:43:25:394 0 sec: 0 operations; est completion in 0 second 
Directory already created.
Starting compaction watcher
DBWrapper: report latency for each error is false and specific error codes to track for latency are: []
2026-04-29 20:43:25:475 - NewTail completed: 
2026-04-29 20:43:26:394 1 sec: 1307 operations; 1307 current ops/sec; est completion in 31 seconds [INSERT: Count=1308, Max=15199, Min=199, Avg=679.61, 90=913, 99=4647, 99.9=14903, 99.99=15199] 
2026-04-29 20:43:27:394 2 sec: 2878 operations; 1571 current ops/sec; est completion in 27 seconds [INSERT: Count=1571, Max=14895, Min=177, Avg=627.15, 90=830, 99=2061, 99.9=11495, 99.99=14895] 
2026-04-29 20:43:28:394 3 sec: 4390 operations; 1512 current ops/sec; est completion in 26 seconds [INSERT: Count=1512, Max=92671, Min=228, Avg=654.1, 90=809, 99=1085, 99.9=3019, 99.99=92671] 
2026-04-29 20:43:29:394 4 sec: 5938 operations; 1548 current ops/sec; est completion in 25 seconds [INSERT: Count=1548, Max=91327, Min=213, Avg=639.28, 90=812, 99=1299, 99.9=3951, 99.99=91327] 
2026-04-29 20:43:30:394 5 sec: 7575 operations; 1637 current ops/sec; est completion in 23 seconds [INSERT: Count=1636, Max=10495, Min=181, Avg=605.04, 90=820, 99=1244, 99.9=6347, 99.99=10495] 
2026-04-29 20:43:31:394 6 sec: 9057 operations; 1482 current ops/sec; est completion in 22 seconds [INSERT: Count=1482, Max=49951, Min=220, Avg=670.55, 90=904, 99=1577, 99.9=4707, 99.99=49951] 
2026-04-29 20:43:32:394 7 sec: 10114 operations; 1057 current ops/sec; est completion in 22 seconds [INSERT: Count=1057, Max=5447, Min=297, Avg=941.1, 90=1380, 99=1885, 99.9=4771, 99.99=5447] 
2026-04-29 20:43:33:394 8 sec: 11677 operations; 1563 current ops/sec; est completion in 21 seconds [INSERT: Count=1564, Max=91455, Min=197, Avg=635.4, 90=799, 99=1186, 99.9=7031, 99.99=91455] 
2026-04-29 20:43:34:394 9 sec: 13328 operations; 1651 current ops/sec; est completion in 20 seconds [INSERT: Count=1651, Max=6307, Min=200, Avg=601.79, 90=817, 99=1127, 99.9=2287, 99.99=6307] 
2026-04-29 20:43:35:394 10 sec: 14965 operations; 1637 current ops/sec; est completion in 18 seconds [INSERT: Count=1637, Max=12991, Min=185, Avg=606.86, 90=824, 99=1166, 99.9=8591, 99.99=12991] 
2026-04-29 20:43:36:394 11 sec: 16469 operations; 1504 current ops/sec; est completion in 17 seconds [INSERT: Count=1504, Max=49087, Min=200, Avg=660.62, 90=855, 99=1607, 99.9=10711, 99.99=49087] 
2026-04-29 20:43:37:394 12 sec: 17479 operations; 1010 current ops/sec; est completion in 17 seconds [INSERT: Count=1010, Max=10567, Min=335, Avg=985.65, 90=1411, 99=1832, 99.9=2235, 99.99=10567] 
2026-04-29 20:43:38:394 13 sec: 18888 operations; 1409 current ops/sec; est completion in 16 seconds [INSERT: Count=1409, Max=6471, Min=230, Avg=705.29, 90=1098, 99=1738, 99.9=5663, 99.99=6471] 
2026-04-29 20:43:39:394 14 sec: 20502 operations; 1614 current ops/sec; est completion in 15 seconds [INSERT: Count=1614, Max=10679, Min=230, Avg=615.27, 90=817, 99=1185, 99.9=7847, 99.99=10679] 
2026-04-29 20:43:40:394 15 sec: 22200 operations; 1698 current ops/sec; est completion in 14 seconds [INSERT: Count=1698, Max=2813, Min=221, Avg=585.19, 90=806, 99=1164, 99.9=1846, 99.99=2813] 
2026-04-29 20:43:41:394 16 sec: 23835 operations; 1635 current ops/sec; est completion in 12 seconds [INSERT: Count=1634, Max=7011, Min=178, Avg=607.7, 90=812, 99=1033, 99.9=6527, 99.99=7011] 
2026-04-29 20:43:41:497 - NewTail completed: 
2026-04-29 20:43:42:394 17 sec: 24811 operations; 976 current ops/sec; est completion in 12 seconds [INSERT: Count=976, Max=49119, Min=230, Avg=1018.82, 90=1428, 99=2409, 99.9=49119, 99.99=49119] 
2026-04-29 20:43:43:394 18 sec: 25949 operations; 1138 current ops/sec; est completion in 11 seconds [INSERT: Count=1138, Max=10079, Min=283, Avg=873.13, 90=1293, 99=1788, 99.9=6479, 99.99=10079] 
2026-04-29 20:43:44:394 19 sec: 27629 operations; 1680 current ops/sec; est completion in 10 seconds [INSERT: Count=1681, Max=7091, Min=214, Avg=590.6, 90=799, 99=1035, 99.9=1862, 99.99=7091] 
2026-04-29 20:43:45:394 20 sec: 28978 operations; 1349 current ops/sec; est completion in 9 second [INSERT: Count=1349, Max=95167, Min=198, Avg=737.43, 90=825, 99=1164, 99.9=92287, 99.99=95167] 
2026-04-29 20:43:46:394 21 sec: 30616 operations; 1638 current ops/sec; est completion in 8 second [INSERT: Count=1637, Max=7795, Min=219, Avg=606.89, 90=809, 99=1149, 99.9=5799, 99.99=7795] 
2026-04-29 20:43:47:394 22 sec: 31541 operations; 925 current ops/sec; est completion in 8 second [INSERT: Count=926, Max=94271, Min=281, Avg=1075.29, 90=1392, 99=1944, 99.9=94271, 99.99=94271] 
2026-04-29 20:43:48:394 23 sec: 32631 operations; 1090 current ops/sec; est completion in 7 second [INSERT: Count=1089, Max=93951, Min=211, Avg=913.53, 90=1267, 99=1757, 99.9=2111, 99.99=93951] 
2026-04-29 20:43:49:394 24 sec: 34319 operations; 1688 current ops/sec; est completion in 6 second [INSERT: Count=1688, Max=6891, Min=189, Avg=588.2, 90=788, 99=1132, 99.9=5655, 99.99=6891] 
2026-04-29 20:43:50:394 25 sec: 35906 operations; 1587 current ops/sec; est completion in 5 second [INSERT: Count=1587, Max=6687, Min=204, Avg=572.92, 90=801, 99=1087, 99.9=3727, 99.99=6687] 
2026-04-29 20:43:51:394 26 sec: 37543 operations; 1637 current ops/sec; est completion in 3 second [INSERT: Count=1638, Max=96191, Min=178, Avg=659.07, 90=797, 99=1065, 99.9=11735, 99.99=96191] 
2026-04-29 20:43:52:394 27 sec: 38639 operations; 1096 current ops/sec; est completion in 3 second [INSERT: Count=1096, Max=51807, Min=186, Avg=908.4, 90=1239, 99=2009, 99.9=48735, 99.99=51807] 
2026-04-29 20:43:53:394 28 sec: 39732 operations; 1093 current ops/sec; est completion in 2 second [INSERT: Count=1092, Max=8011, Min=301, Avg=909.21, 90=1311, 99=1767, 99.9=6775, 99.99=8011] 
2026-04-29 20:43:54:310 28 sec: 41666 operations; 2111.35 current ops/sec; [CLEANUP: Count=1, Max=24079, Min=24064, Avg=24072, 90=24079, 99=24079, 99.9=24079, 99.99=24079] [INSERT: Count=1934, Max=13055, Min=154, Avg=458.23, 90=696, 99=1024, 99.9=7579, 99.99=13055] 
[OVERALL], RunTime(ms), 28917
[OVERALL], Throughput(ops/sec), 1440.8825258498462
[TOTAL_GCS_PS_Scavenge], Count, 0
[TOTAL_GC_TIME_PS_Scavenge], Time(ms), 0
[TOTAL_GC_TIME_%_PS_Scavenge], Time(%), 0.0
[TOTAL_GCS_PS_MarkSweep], Count, 0
[TOTAL_GC_TIME_PS_MarkSweep], Time(ms), 0
[TOTAL_GC_TIME_%_PS_MarkSweep], Time(%), 0.0
[TOTAL_GCs], Count, 0
[TOTAL_GC_TIME], Time(ms), 0
[TOTAL_GC_TIME_%], Time(%), 0.0
[CLEANUP], Operations, 1
[CLEANUP], AverageLatency(us), 24072.0
[CLEANUP], MinLatency(us), 24064
[CLEANUP], MaxLatency(us), 24079
[CLEANUP], 95thPercentileLatency(us), 24079
[CLEANUP], 99thPercentileLatency(us), 24079
[INSERT], Operations, 41666
[INSERT], AverageLatency(us), 686.1782028512456
[INSERT], MinLatency(us), 154
[INSERT], MaxLatency(us), 96191
[INSERT], 95thPercentileLatency(us), 1156
[INSERT], 99thPercentileLatency(us), 1662
[INSERT], Return=OK, 41666
	Command being timed: "/usr/lib/jvm/java-8-openjdk-amd64/bin/java -cp /users/Xinying/ozonedb/ycsb/ozonedb/conf:/users/Xinying/ozonedb/ycsb/ozonedb/target/ozonedb-binding-0.18.0-SNAPSHOT.jar:/users/Xinying/.m2/repository/org/apache/htrace/htrace-core4/4.1.0-incubating/htrace-core4-4.1.0-incubating.jar:/users/Xinying/.m2/repository/org/slf4j/slf4j-api/1.7.25/slf4j-api-1.7.25.jar:/users/Xinying/.m2/repository/org/hdrhistogram/HdrHistogram/2.1.12/HdrHistogram-2.1.12.jar:/users/Xinying/.m2/repository/ch/qos/logback/logback-classic/1.2.3/logback-classic-1.2.3.jar:/users/Xinying/.m2/repository/ozonedbjnimaven/demoproc-jni/1.0/demoproc-jni-1.0.jar:/users/Xinying/.m2/repository/ch/qos/logback/logback-core/1.2.3/logback-core-1.2.3.jar:/users/Xinying/.m2/repository/org/codehaus/jackson/jackson-mapper-asl/1.9.4/jackson-mapper-asl-1.9.4.jar:/users/Xinying/.m2/repository/org/slf4j/slf4j-simple/1.7.25/slf4j-simple-1.7.25.jar:/users/Xinying/.m2/repository/org/codehaus/jackson/jackson-core-asl/1.9.4/jackson-core-asl-1.9.4.jar:/users/Xinying/ozonedb/ycsb/core/target/core-0.18.0-SNAPSHOT.jar site.ycsb.Client -db site.ycsb.db.OzoneDBClient -threads 1 -s -P /users/Xinying/ozonedb/ycsb/workloads/generated_workloads/workloada_1KB_1000000_1000000 -p status.interval=1 -p recordcount=1000000 -p insertstart=749988 -p insertcount=41666 -p shared_config=/tmp/phase1_ozonedb_configs/shared_config_LOAD_p24_r1_proc18.json -load"
	User time (seconds): 1.88
	System time (seconds): 15.01
	Percent of CPU this job got: 57%
	Elapsed (wall clock) time (h:mm:ss or m:ss): 0:29.61
	Average shared text size (kbytes): 0
	Average unshared data size (kbytes): 0
	Average stack size (kbytes): 0
	Average total size (kbytes): 0
	Maximum resident set size (kbytes): 460400
	Average resident set size (kbytes): 0
	Major (requiring I/O) page faults: 323
	Minor (reclaiming a frame) page faults: 109559
	Voluntary context switches: 304714
	Involuntary context switches: 1120
	Swaps: 0
	File system inputs: 4878
	File system outputs: 95707
	Socket messages sent: 0
	Socket messages received: 0
	Signals delivered: 0
	Page size (bytes): 4096
	Exit status: 0
