# CMD: /usr/bin/time -v /usr/lib/jvm/java-8-openjdk-amd64/bin/java -cp /users/Xinying/ozonedb/ycsb/ozonedb/conf:/users/Xinying/ozonedb/ycsb/ozonedb/target/ozonedb-binding-0.18.0-SNAPSHOT.jar:/users/Xinying/.m2/repository/org/apache/htrace/htrace-core4/4.1.0-incubating/htrace-core4-4.1.0-incubating.jar:/users/Xinying/.m2/repository/org/slf4j/slf4j-api/1.7.25/slf4j-api-1.7.25.jar:/users/Xinying/.m2/repository/org/hdrhistogram/HdrHistogram/2.1.12/HdrHistogram-2.1.12.jar:/users/Xinying/.m2/repository/ch/qos/logback/logback-classic/1.2.3/logback-classic-1.2.3.jar:/users/Xinying/.m2/repository/ozonedbjnimaven/demoproc-jni/1.0/demoproc-jni-1.0.jar:/users/Xinying/.m2/repository/ch/qos/logback/logback-core/1.2.3/logback-core-1.2.3.jar:/users/Xinying/.m2/repository/org/codehaus/jackson/jackson-mapper-asl/1.9.4/jackson-mapper-asl-1.9.4.jar:/users/Xinying/.m2/repository/org/slf4j/slf4j-simple/1.7.25/slf4j-simple-1.7.25.jar:/users/Xinying/.m2/repository/org/codehaus/jackson/jackson-core-asl/1.9.4/jackson-core-asl-1.9.4.jar:/users/Xinying/ozonedb/ycsb/core/target/core-0.18.0-SNAPSHOT.jar site.ycsb.Client -db site.ycsb.db.OzoneDBClient -threads 1 -s -P /users/Xinying/ozonedb/ycsb/workloads/generated_workloads/workloada_1KB_1000000_1000000 -p status.interval=1 -p recordcount=1000000 -p insertstart=468750 -p insertcount=31250 -p shared_config=/tmp/phase1_ozonedb_configs/shared_config_LOAD_p32_r1_proc15.json -load
# work_path=/tank/ycsb_data/multi-proc-run/ozonedb_load_shared_p32
Command line: -db site.ycsb.db.OzoneDBClient -threads 1 -s -P /users/Xinying/ozonedb/ycsb/workloads/generated_workloads/workloada_1KB_1000000_1000000 -p status.interval=1 -p recordcount=1000000 -p insertstart=468750 -p insertcount=31250 -p shared_config=/tmp/phase1_ozonedb_configs/shared_config_LOAD_p32_r1_proc15.json -load
YCSB Client 0.18.0-SNAPSHOT

Loading workload...
Starting test.
SLF4J: Class path contains multiple SLF4J bindings.
SLF4J: Found binding in [jar:file:/users/Xinying/.m2/repository/ch/qos/logback/logback-classic/1.2.3/logback-classic-1.2.3.jar!/org/slf4j/impl/StaticLoggerBinder.class]
SLF4J: Found binding in [jar:file:/users/Xinying/.m2/repository/org/slf4j/slf4j-simple/1.7.25/slf4j-simple-1.7.25.jar!/org/slf4j/impl/StaticLoggerBinder.class]
SLF4J: See http://www.slf4j.org/codes.html#multiple_bindings for an explanation.
SLF4J: Actual binding is of type [ch.qos.logback.classic.util.ContextSelectorStaticBinder]
2026-04-29 20:43:58:474 0 sec: 0 operations; est completion in 0 second 
Directory already created.
Starting compaction watcher
DBWrapper: report latency for each error is false and specific error codes to track for latency are: []
2026-04-29 20:43:58:517 - NewTail completed: 
2026-04-29 20:43:59:474 1 sec: 1048 operations; 1048 current ops/sec; est completion in 29 seconds [INSERT: Count=1050, Max=15207, Min=175, Avg=872.35, 90=1236, 99=4751, 99.9=7455, 99.99=15207] 
2026-04-29 20:44:00:474 2 sec: 2207 operations; 1159 current ops/sec; est completion in 27 seconds [INSERT: Count=1157, Max=14551, Min=193, Avg=847.31, 90=1142, 99=2789, 99.9=12287, 99.99=14551] 
2026-04-29 20:44:01:474 3 sec: 3459 operations; 1252 current ops/sec; est completion in 25 seconds [INSERT: Count=1253, Max=12535, Min=176, Avg=795.16, 90=1092, 99=1775, 99.9=11695, 99.99=12535] 
2026-04-29 20:44:02:474 4 sec: 4460 operations; 1001 current ops/sec; est completion in 25 seconds [INSERT: Count=1000, Max=27887, Min=241, Avg=989.67, 90=1433, 99=1908, 99.9=8155, 99.99=27887] 
2026-04-29 20:44:03:474 5 sec: 5689 operations; 1229 current ops/sec; est completion in 23 seconds [INSERT: Count=1229, Max=19391, Min=194, Avg=803.1, 90=1122, 99=2139, 99.9=6175, 99.99=19391] 
2026-04-29 20:44:04:474 6 sec: 6882 operations; 1193 current ops/sec; est completion in 22 seconds [INSERT: Count=1193, Max=10775, Min=210, Avg=831.25, 90=1159, 99=2695, 99.9=9047, 99.99=10775] 
2026-04-29 20:44:05:474 7 sec: 8059 operations; 1177 current ops/sec; est completion in 21 seconds [INSERT: Count=1178, Max=7667, Min=244, Avg=845.77, 90=1190, 99=2089, 99.9=7499, 99.99=7667] 
2026-04-29 20:44:06:474 8 sec: 9256 operations; 1197 current ops/sec; est completion in 20 seconds [INSERT: Count=1197, Max=10463, Min=245, Avg=830.47, 90=1188, 99=1921, 99.9=8431, 99.99=10463] 
2026-04-29 20:44:07:474 9 sec: 10283 operations; 1027 current ops/sec; est completion in 19 seconds [INSERT: Count=1026, Max=37951, Min=219, Avg=966.3, 90=1429, 99=2415, 99.9=12335, 99.99=37951] 
2026-04-29 20:44:08:480 10 sec: 11138 operations; 850.75 current ops/sec; est completion in 19 seconds [INSERT: Count=857, Max=97151, Min=183, Avg=1171.83, 90=1574, 99=2321, 99.9=97151, 99.99=97151] 
2026-04-29 20:44:09:474 11 sec: 12229 operations; 1096.48 current ops/sec; est completion in 18 seconds [INSERT: Count=1089, Max=95743, Min=219, Avg=907.26, 90=1111, 99=1878, 99.9=9135, 99.99=95743] 
2026-04-29 20:44:10:474 12 sec: 13397 operations; 1168 current ops/sec; est completion in 16 seconds [INSERT: Count=1169, Max=13055, Min=230, Avg=851.72, 90=1156, 99=2013, 99.9=11159, 99.99=13055] 
2026-04-29 20:44:11:474 13 sec: 14616 operations; 1219 current ops/sec; est completion in 15 seconds [INSERT: Count=1218, Max=8711, Min=224, Avg=815.31, 90=1108, 99=1968, 99.9=8487, 99.99=8711] 
2026-04-29 20:44:12:474 14 sec: 15631 operations; 1015 current ops/sec; est completion in 14 seconds [INSERT: Count=1015, Max=39455, Min=218, Avg=979.76, 90=1396, 99=2171, 99.9=13175, 99.99=39455] 
2026-04-29 20:44:13:474 15 sec: 16475 operations; 844 current ops/sec; est completion in 14 seconds [INSERT: Count=845, Max=12095, Min=374, Avg=1179.9, 90=1648, 99=2355, 99.9=12095, 99.99=12095] 
2026-04-29 20:44:14:474 16 sec: 17431 operations; 956 current ops/sec; est completion in 13 seconds [INSERT: Count=955, Max=90623, Min=235, Avg=1039.12, 90=1404, 99=2036, 99.9=90623, 99.99=90623] 
2026-04-29 20:44:15:474 17 sec: 18694 operations; 1263 current ops/sec; est completion in 12 seconds [INSERT: Count=1264, Max=10607, Min=173, Avg=788.54, 90=1025, 99=1601, 99.9=7731, 99.99=10607] 
2026-04-29 20:44:16:474 18 sec: 19933 operations; 1239 current ops/sec; est completion in 11 seconds [INSERT: Count=1239, Max=10407, Min=188, Avg=802.86, 90=1067, 99=1558, 99.9=10295, 99.99=10407] 
2026-04-29 20:44:17:474 19 sec: 20998 operations; 1065 current ops/sec; est completion in 10 seconds [INSERT: Count=1064, Max=38271, Min=245, Avg=934.32, 90=1302, 99=2535, 99.9=11919, 99.99=38271] 
2026-04-29 20:44:18:474 20 sec: 21833 operations; 835 current ops/sec; est completion in 9 second [INSERT: Count=835, Max=9407, Min=388, Avg=1191.29, 90=1644, 99=2193, 99.9=9407, 99.99=9407] 
2026-04-29 20:44:19:474 21 sec: 22742 operations; 909 current ops/sec; est completion in 8 second [INSERT: Count=909, Max=15703, Min=262, Avg=1095.88, 90=1849, 99=3981, 99.9=15703, 99.99=15703] 
2026-04-29 20:44:20:474 22 sec: 23915 operations; 1173 current ops/sec; est completion in 7 second [INSERT: Count=1174, Max=89471, Min=209, Avg=847.49, 90=1097, 99=1899, 99.9=3085, 99.99=89471] 
2026-04-29 20:44:21:474 23 sec: 25036 operations; 1121 current ops/sec; est completion in 6 second [INSERT: Count=1121, Max=88319, Min=239, Avg=887.72, 90=1087, 99=1764, 99.9=3511, 99.99=88319] 
2026-04-29 20:44:22:474 24 sec: 26171 operations; 1135 current ops/sec; est completion in 5 second [INSERT: Count=1134, Max=39615, Min=220, Avg=876.72, 90=1181, 99=2061, 99.9=13327, 99.99=39615] 
2026-04-29 20:44:23:474 25 sec: 26916 operations; 745 current ops/sec; est completion in 5 second [INSERT: Count=745, Max=10039, Min=323, Avg=1335.79, 90=1924, 99=5335, 99.9=10039, 99.99=10039] 
2026-04-29 20:44:24:474 26 sec: 27605 operations; 689 current ops/sec; est completion in 4 second [INSERT: Count=689, Max=13663, Min=400, Avg=1443.56, 90=2321, 99=3417, 99.9=13663, 99.99=13663] 
2026-04-29 20:44:25:572 27 sec: 28924 operations; 1319 current ops/sec; est completion in 3 second [INSERT: Count=1320, Max=17695, Min=257, Avg=827.98, 90=1104, 99=1737, 99.9=6963, 99.99=17695] 
2026-04-29 20:44:26:474 28 sec: 30018 operations; 1094 current ops/sec; est completion in 2 second [INSERT: Count=1094, Max=15263, Min=220, Avg=820.75, 90=1078, 99=1676, 99.9=2187, 99.99=15263] 
2026-04-29 20:44:27:277 - Compaction started: 
2026-04-29 20:44:27:474 29 sec: 31250 operations; 1232 current ops/sec; [INSERT: Count=1231, Max=15791, Min=181, Avg=651.69, 90=924, 99=1411, 99.9=3995, 99.99=15791] 
2026-04-29 20:44:28:474 30 sec: 31250 operations; 0 current ops/sec; [INSERT: Count=0, Max=0, Min=0, Avg=0, 90=0, 99=0, 99.9=0, 99.99=0] 
139749327083072:Compacting sstable1/46a244c1-42fc-4e06-ad49-447e9bef6e00202604291443581777495461047634903.sst sstable1/0c373a33-90f1-4180-b07c-db6b4192c2b2202604291443581777495462858864938.sst into:sstable2/b6e045ef-ee4a-41a7-9f48-acac44c26a7b202604291443581777495468117675787.sst
2026-04-29 20:44:29:016 - Compaction completed: 
2026-04-29 20:44:29:030 30 sec: 31250 operations; 0 current ops/sec; [CLEANUP: Count=1, Max=1746943, Min=1745920, Avg=1746432, 90=1746943, 99=1746943, 99.9=1746943, 99.99=1746943] [INSERT: Count=0, Max=0, Min=0, Avg=0, 90=0, 99=0, 99.9=0, 99.99=0] 
[OVERALL], RunTime(ms), 30556
[OVERALL], Throughput(ops/sec), 1022.7123969105904
[TOTAL_GCS_PS_Scavenge], Count, 0
[TOTAL_GC_TIME_PS_Scavenge], Time(ms), 0
[TOTAL_GC_TIME_%_PS_Scavenge], Time(%), 0.0
[TOTAL_GCS_PS_MarkSweep], Count, 0
[TOTAL_GC_TIME_PS_MarkSweep], Time(ms), 0
[TOTAL_GC_TIME_%_PS_MarkSweep], Time(%), 0.0
[TOTAL_GCs], Count, 0
[TOTAL_GC_TIME], Time(ms), 0
[TOTAL_GC_TIME_%], Time(%), 0.0
[CLEANUP], Operations, 1
[CLEANUP], AverageLatency(us), 1746432.0
[CLEANUP], MinLatency(us), 1745920
[CLEANUP], MaxLatency(us), 1746943
[CLEANUP], 95thPercentileLatency(us), 1746943
[CLEANUP], 99thPercentileLatency(us), 1746943
[INSERT], Operations, 31250
[INSERT], AverageLatency(us), 913.638304
[INSERT], MinLatency(us), 173
[INSERT], MaxLatency(us), 97151
[INSERT], 95thPercentileLatency(us), 1566
[INSERT], 99thPercentileLatency(us), 2431
[INSERT], Return=OK, 31250
	Command being timed: "/usr/lib/jvm/java-8-openjdk-amd64/bin/java -cp /users/Xinying/ozonedb/ycsb/ozonedb/conf:/users/Xinying/ozonedb/ycsb/ozonedb/target/ozonedb-binding-0.18.0-SNAPSHOT.jar:/users/Xinying/.m2/repository/org/apache/htrace/htrace-core4/4.1.0-incubating/htrace-core4-4.1.0-incubating.jar:/users/Xinying/.m2/repository/org/slf4j/slf4j-api/1.7.25/slf4j-api-1.7.25.jar:/users/Xinying/.m2/repository/org/hdrhistogram/HdrHistogram/2.1.12/HdrHistogram-2.1.12.jar:/users/Xinying/.m2/repository/ch/qos/logback/logback-classic/1.2.3/logback-classic-1.2.3.jar:/users/Xinying/.m2/repository/ozonedbjnimaven/demoproc-jni/1.0/demoproc-jni-1.0.jar:/users/Xinying/.m2/repository/ch/qos/logback/logback-core/1.2.3/logback-core-1.2.3.jar:/users/Xinying/.m2/repository/org/codehaus/jackson/jackson-mapper-asl/1.9.4/jackson-mapper-asl-1.9.4.jar:/users/Xinying/.m2/repository/org/slf4j/slf4j-simple/1.7.25/slf4j-simple-1.7.25.jar:/users/Xinying/.m2/repository/org/codehaus/jackson/jackson-core-asl/1.9.4/jackson-core-asl-1.9.4.jar:/users/Xinying/ozonedb/ycsb/core/target/core-0.18.0-SNAPSHOT.jar site.ycsb.Client -db site.ycsb.db.OzoneDBClient -threads 1 -s -P /users/Xinying/ozonedb/ycsb/workloads/generated_workloads/workloada_1KB_1000000_1000000 -p status.interval=1 -p recordcount=1000000 -p insertstart=468750 -p insertcount=31250 -p shared_config=/tmp/phase1_ozonedb_configs/shared_config_LOAD_p32_r1_proc15.json -load"
	User time (seconds): 2.54
	System time (seconds): 15.01
	Percent of CPU this job got: 56%
	Elapsed (wall clock) time (h:mm:ss or m:ss): 0:31.29
	Average shared text size (kbytes): 0
	Average unshared data size (kbytes): 0
	Average stack size (kbytes): 0
	Average total size (kbytes): 0
	Maximum resident set size (kbytes): 558656
	Average resident set size (kbytes): 0
	Major (requiring I/O) page faults: 284
	Minor (reclaiming a frame) page faults: 135551
	Voluntary context switches: 232718
	Involuntary context switches: 1978
	Swaps: 0
	File system inputs: 482944
	File system outputs: 355254
	Socket messages sent: 0
	Socket messages received: 0
	Signals delivered: 0
	Page size (bytes): 4096
	Exit status: 0
