# CMD: /usr/bin/time -v /usr/lib/jvm/java-8-openjdk-amd64/bin/java -cp /users/Xinying/ozonedb/ycsb/ozonedb/conf:/users/Xinying/ozonedb/ycsb/ozonedb/target/ozonedb-binding-0.18.0-SNAPSHOT.jar:/users/Xinying/.m2/repository/org/apache/htrace/htrace-core4/4.1.0-incubating/htrace-core4-4.1.0-incubating.jar:/users/Xinying/.m2/repository/org/slf4j/slf4j-api/1.7.25/slf4j-api-1.7.25.jar:/users/Xinying/.m2/repository/org/hdrhistogram/HdrHistogram/2.1.12/HdrHistogram-2.1.12.jar:/users/Xinying/.m2/repository/ch/qos/logback/logback-classic/1.2.3/logback-classic-1.2.3.jar:/users/Xinying/.m2/repository/ozonedbjnimaven/demoproc-jni/1.0/demoproc-jni-1.0.jar:/users/Xinying/.m2/repository/ch/qos/logback/logback-core/1.2.3/logback-core-1.2.3.jar:/users/Xinying/.m2/repository/org/codehaus/jackson/jackson-mapper-asl/1.9.4/jackson-mapper-asl-1.9.4.jar:/users/Xinying/.m2/repository/org/slf4j/slf4j-simple/1.7.25/slf4j-simple-1.7.25.jar:/users/Xinying/.m2/repository/org/codehaus/jackson/jackson-core-asl/1.9.4/jackson-core-asl-1.9.4.jar:/users/Xinying/ozonedb/ycsb/core/target/core-0.18.0-SNAPSHOT.jar site.ycsb.Client -db site.ycsb.db.OzoneDBClient -threads 1 -s -P /users/Xinying/ozonedb/ycsb/workloads/generated_workloads/workloada_1KB_1000000_1000000 -p status.interval=1 -p recordcount=1000000 -p insertstart=62500 -p insertcount=31250 -p shared_config=/tmp/phase1_ozonedb_configs/shared_config_LOAD_p32_r1_proc2.json -load
# work_path=/tank/ycsb_data/multi-proc-run/ozonedb_load_shared_p32
Command line: -db site.ycsb.db.OzoneDBClient -threads 1 -s -P /users/Xinying/ozonedb/ycsb/workloads/generated_workloads/workloada_1KB_1000000_1000000 -p status.interval=1 -p recordcount=1000000 -p insertstart=62500 -p insertcount=31250 -p shared_config=/tmp/phase1_ozonedb_configs/shared_config_LOAD_p32_r1_proc2.json -load
YCSB Client 0.18.0-SNAPSHOT

Loading workload...
Starting test.
SLF4J: Class path contains multiple SLF4J bindings.
SLF4J: Found binding in [jar:file:/users/Xinying/.m2/repository/ch/qos/logback/logback-classic/1.2.3/logback-classic-1.2.3.jar!/org/slf4j/impl/StaticLoggerBinder.class]
SLF4J: Found binding in [jar:file:/users/Xinying/.m2/repository/org/slf4j/slf4j-simple/1.7.25/slf4j-simple-1.7.25.jar!/org/slf4j/impl/StaticLoggerBinder.class]
SLF4J: See http://www.slf4j.org/codes.html#multiple_bindings for an explanation.
SLF4J: Actual binding is of type [ch.qos.logback.classic.util.ContextSelectorStaticBinder]
2026-04-29 20:43:58:476 0 sec: 0 operations; est completion in 0 second 
Directory already created.
Starting compaction watcher
DBWrapper: report latency for each error is false and specific error codes to track for latency are: []
2026-04-29 20:43:58:517 - NewTail completed: 
2026-04-29 20:43:59:476 1 sec: 1085 operations; 1085 current ops/sec; est completion in 28 seconds [INSERT: Count=1085, Max=25359, Min=210, Avg=845.91, 90=1196, 99=4335, 99.9=14535, 99.99=25359] 
2026-04-29 20:44:00:217 - Compaction started: 
2026-04-29 20:44:00:475 2 sec: 2189 operations; 1104 current ops/sec; est completion in 27 seconds [INSERT: Count=1105, Max=25711, Min=190, Avg=900.48, 90=1167, 99=2187, 99.9=21679, 99.99=25711] 
140670664644160:Compacting datalog/1 datalog/2 into:sstable1/bde80b4a-4821-42c3-9630-479a8490684d202604291443581777495440414462006.sst
2026-04-29 20:44:00:947 - Compaction completed: 
2026-04-29 20:44:01:476 3 sec: 3421 operations; 1232 current ops/sec; est completion in 25 seconds [INSERT: Count=1231, Max=9015, Min=270, Avg=803.39, 90=1108, 99=1768, 99.9=8115, 99.99=9015] 
2026-04-29 20:44:02:475 4 sec: 4388 operations; 967 current ops/sec; est completion in 25 seconds [INSERT: Count=968, Max=26351, Min=201, Avg=1023.95, 90=1461, 99=2221, 99.9=26351, 99.99=26351] 
2026-04-29 20:44:03:476 5 sec: 5586 operations; 1198 current ops/sec; est completion in 23 seconds [INSERT: Count=1197, Max=12207, Min=211, Avg=824.19, 90=1125, 99=2159, 99.9=11151, 99.99=12207] 
2026-04-29 20:44:04:475 6 sec: 6755 operations; 1169 current ops/sec; est completion in 22 seconds [INSERT: Count=1170, Max=33343, Min=194, Avg=848.93, 90=1151, 99=2685, 99.9=9183, 99.99=33343] 
2026-04-29 20:44:05:475 7 sec: 8036 operations; 1281 current ops/sec; est completion in 21 seconds [INSERT: Count=1280, Max=5783, Min=204, Avg=776.61, 90=1074, 99=1783, 99.9=2687, 99.99=5783] 
2026-04-29 20:44:06:475 8 sec: 9328 operations; 1292 current ops/sec; est completion in 19 seconds [INSERT: Count=1292, Max=4875, Min=208, Avg=769.63, 90=1079, 99=1675, 99.9=2103, 99.99=4875] 
2026-04-29 20:44:07:476 9 sec: 10323 operations; 995 current ops/sec; est completion in 19 seconds [INSERT: Count=995, Max=37375, Min=190, Avg=996.12, 90=1433, 99=2691, 99.9=37375, 99.99=37375] 
2026-04-29 20:44:08:475 10 sec: 11170 operations; 847 current ops/sec; est completion in 18 seconds [INSERT: Count=847, Max=95807, Min=289, Avg=1170.21, 90=1574, 99=2053, 99.9=95807, 99.99=95807] 
2026-04-29 20:44:09:483 11 sec: 12259 operations; 1080.36 current ops/sec; est completion in 18 seconds [INSERT: Count=1090, Max=99455, Min=211, Avg=922.88, 90=1096, 99=1921, 99.9=10959, 99.99=99455] 
2026-04-29 20:44:10:475 12 sec: 13448 operations; 1198.59 current ops/sec; est completion in 16 seconds [INSERT: Count=1188, Max=8927, Min=197, Avg=829.57, 90=1112, 99=2057, 99.9=8895, 99.99=8927] 
2026-04-29 20:44:11:475 13 sec: 14692 operations; 1244 current ops/sec; est completion in 15 seconds [INSERT: Count=1244, Max=6231, Min=233, Avg=800.29, 90=1119, 99=1840, 99.9=2875, 99.99=6231] 
2026-04-29 20:44:12:475 14 sec: 15763 operations; 1071 current ops/sec; est completion in 14 seconds [INSERT: Count=1071, Max=39295, Min=240, Avg=926.72, 90=1328, 99=2229, 99.9=10591, 99.99=39295] 
2026-04-29 20:44:13:475 15 sec: 16622 operations; 859 current ops/sec; est completion in 14 seconds [INSERT: Count=859, Max=9663, Min=332, Avg=1160.04, 90=1623, 99=2079, 99.9=9663, 99.99=9663] 
2026-04-29 20:44:14:475 16 sec: 17605 operations; 983 current ops/sec; est completion in 13 seconds [INSERT: Count=983, Max=96639, Min=272, Avg=1013.17, 90=1400, 99=2163, 99.9=96639, 99.99=96639] 
2026-04-29 20:44:15:475 17 sec: 18832 operations; 1227 current ops/sec; est completion in 12 seconds [INSERT: Count=1228, Max=9063, Min=269, Avg=810.5, 90=1077, 99=1568, 99.9=3257, 99.99=9063] 
2026-04-29 20:44:16:475 18 sec: 20052 operations; 1220 current ops/sec; est completion in 11 seconds [INSERT: Count=1219, Max=9719, Min=189, Avg=814.91, 90=1112, 99=1684, 99.9=8447, 99.99=9719] 
2026-04-29 20:44:17:475 19 sec: 21141 operations; 1089 current ops/sec; est completion in 10 seconds [INSERT: Count=1089, Max=39615, Min=260, Avg=912.65, 90=1276, 99=2099, 99.9=10255, 99.99=39615] 
2026-04-29 20:44:18:475 20 sec: 21997 operations; 856 current ops/sec; est completion in 9 second [INSERT: Count=857, Max=8855, Min=374, Avg=1162.66, 90=1638, 99=2095, 99.9=8855, 99.99=8855] 
2026-04-29 20:44:19:475 21 sec: 22929 operations; 932 current ops/sec; est completion in 8 second [INSERT: Count=931, Max=12751, Min=160, Avg=1068.32, 90=1835, 99=3673, 99.9=12751, 99.99=12751] 
2026-04-29 20:44:20:476 22 sec: 24084 operations; 1155 current ops/sec; est completion in 7 second [INSERT: Count=1156, Max=85439, Min=213, Avg=861.03, 90=1095, 99=1947, 99.9=3203, 99.99=85439] 
2026-04-29 20:44:21:476 23 sec: 25226 operations; 1142 current ops/sec; est completion in 6 second [INSERT: Count=1141, Max=85503, Min=210, Avg=871.06, 90=1086, 99=1777, 99.9=10791, 99.99=85503] 
2026-04-29 20:44:22:475 24 sec: 26377 operations; 1151 current ops/sec; est completion in 5 second [INSERT: Count=1151, Max=38943, Min=227, Avg=863.63, 90=1141, 99=2097, 99.9=11535, 99.99=38943] 
2026-04-29 20:44:23:475 25 sec: 27062 operations; 685 current ops/sec; est completion in 4 second [INSERT: Count=685, Max=58527, Min=386, Avg=1453.04, 90=1961, 99=6259, 99.9=58527, 99.99=58527] 
2026-04-29 20:44:24:475 26 sec: 27763 operations; 701 current ops/sec; est completion in 4 second [INSERT: Count=701, Max=11391, Min=366, Avg=1422.14, 90=2311, 99=3359, 99.9=11391, 99.99=11391] 
2026-04-29 20:44:25:476 27 sec: 28953 operations; 1190 current ops/sec; est completion in 3 second [INSERT: Count=1191, Max=15383, Min=206, Avg=834.53, 90=1138, 99=1940, 99.9=8207, 99.99=15383] 
2026-04-29 20:44:26:475 28 sec: 30154 operations; 1201 current ops/sec; est completion in 2 second [INSERT: Count=1200, Max=16103, Min=280, Avg=828.22, 90=1096, 99=1646, 99.9=2621, 99.99=16103] 
2026-04-29 20:44:27:317 28 sec: 31250 operations; 1301.66 current ops/sec; [CLEANUP: Count=1, Max=99775, Min=99712, Avg=99744, 90=99775, 99=99775, 99.9=99775, 99.99=99775] [INSERT: Count=1096, Max=12783, Min=175, Avg=672.23, 90=949, 99=1447, 99.9=4679, 99.99=12783] 
[OVERALL], RunTime(ms), 28842
[OVERALL], Throughput(ops/sec), 1083.4893558005685
[TOTAL_GCS_PS_Scavenge], Count, 0
[TOTAL_GC_TIME_PS_Scavenge], Time(ms), 0
[TOTAL_GC_TIME_%_PS_Scavenge], Time(%), 0.0
[TOTAL_GCS_PS_MarkSweep], Count, 0
[TOTAL_GC_TIME_PS_MarkSweep], Time(ms), 0
[TOTAL_GC_TIME_%_PS_MarkSweep], Time(%), 0.0
[TOTAL_GCs], Count, 0
[TOTAL_GC_TIME], Time(ms), 0
[TOTAL_GC_TIME_%], Time(%), 0.0
[CLEANUP], Operations, 1
[CLEANUP], AverageLatency(us), 99744.0
[CLEANUP], MinLatency(us), 99712
[CLEANUP], MaxLatency(us), 99775
[CLEANUP], 95thPercentileLatency(us), 99775
[CLEANUP], 99thPercentileLatency(us), 99775
[INSERT], Operations, 31250
[INSERT], AverageLatency(us), 911.651648
[INSERT], MinLatency(us), 160
[INSERT], MaxLatency(us), 99455
[INSERT], 95thPercentileLatency(us), 1549
[INSERT], 99thPercentileLatency(us), 2413
[INSERT], Return=OK, 31250
	Command being timed: "/usr/lib/jvm/java-8-openjdk-amd64/bin/java -cp /users/Xinying/ozonedb/ycsb/ozonedb/conf:/users/Xinying/ozonedb/ycsb/ozonedb/target/ozonedb-binding-0.18.0-SNAPSHOT.jar:/users/Xinying/.m2/repository/org/apache/htrace/htrace-core4/4.1.0-incubating/htrace-core4-4.1.0-incubating.jar:/users/Xinying/.m2/repository/org/slf4j/slf4j-api/1.7.25/slf4j-api-1.7.25.jar:/users/Xinying/.m2/repository/org/hdrhistogram/HdrHistogram/2.1.12/HdrHistogram-2.1.12.jar:/users/Xinying/.m2/repository/ch/qos/logback/logback-classic/1.2.3/logback-classic-1.2.3.jar:/users/Xinying/.m2/repository/ozonedbjnimaven/demoproc-jni/1.0/demoproc-jni-1.0.jar:/users/Xinying/.m2/repository/ch/qos/logback/logback-core/1.2.3/logback-core-1.2.3.jar:/users/Xinying/.m2/repository/org/codehaus/jackson/jackson-mapper-asl/1.9.4/jackson-mapper-asl-1.9.4.jar:/users/Xinying/.m2/repository/org/slf4j/slf4j-simple/1.7.25/slf4j-simple-1.7.25.jar:/users/Xinying/.m2/repository/org/codehaus/jackson/jackson-core-asl/1.9.4/jackson-core-asl-1.9.4.jar:/users/Xinying/ozonedb/ycsb/core/target/core-0.18.0-SNAPSHOT.jar site.ycsb.Client -db site.ycsb.db.OzoneDBClient -threads 1 -s -P /users/Xinying/ozonedb/ycsb/workloads/generated_workloads/workloada_1KB_1000000_1000000 -p status.interval=1 -p recordcount=1000000 -p insertstart=62500 -p insertcount=31250 -p shared_config=/tmp/phase1_ozonedb_configs/shared_config_LOAD_p32_r1_proc2.json -load"
	User time (seconds): 2.10
	System time (seconds): 14.50
	Percent of CPU this job got: 55%
	Elapsed (wall clock) time (h:mm:ss or m:ss): 0:29.67
	Average shared text size (kbytes): 0
	Average unshared data size (kbytes): 0
	Average stack size (kbytes): 0
	Average total size (kbytes): 0
	Maximum resident set size (kbytes): 470844
	Average resident set size (kbytes): 0
	Major (requiring I/O) page faults: 273
	Minor (reclaiming a frame) page faults: 130321
	Voluntary context switches: 229126
	Involuntary context switches: 2105
	Swaps: 0
	File system inputs: 139178
	File system outputs: 214613
	Socket messages sent: 0
	Socket messages received: 0
	Signals delivered: 0
	Page size (bytes): 4096
	Exit status: 0
