# CMD: /usr/bin/time -v /usr/lib/jvm/java-8-openjdk-amd64/bin/java -cp /users/Xinying/ozonedb/ycsb/ozonedb/conf:/users/Xinying/ozonedb/ycsb/ozonedb/target/ozonedb-binding-0.18.0-SNAPSHOT.jar:/users/Xinying/.m2/repository/org/apache/htrace/htrace-core4/4.1.0-incubating/htrace-core4-4.1.0-incubating.jar:/users/Xinying/.m2/repository/org/slf4j/slf4j-api/1.7.25/slf4j-api-1.7.25.jar:/users/Xinying/.m2/repository/org/hdrhistogram/HdrHistogram/2.1.12/HdrHistogram-2.1.12.jar:/users/Xinying/.m2/repository/ch/qos/logback/logback-classic/1.2.3/logback-classic-1.2.3.jar:/users/Xinying/.m2/repository/ozonedbjnimaven/demoproc-jni/1.0/demoproc-jni-1.0.jar:/users/Xinying/.m2/repository/ch/qos/logback/logback-core/1.2.3/logback-core-1.2.3.jar:/users/Xinying/.m2/repository/org/codehaus/jackson/jackson-mapper-asl/1.9.4/jackson-mapper-asl-1.9.4.jar:/users/Xinying/.m2/repository/org/slf4j/slf4j-simple/1.7.25/slf4j-simple-1.7.25.jar:/users/Xinying/.m2/repository/org/codehaus/jackson/jackson-core-asl/1.9.4/jackson-core-asl-1.9.4.jar:/users/Xinying/ozonedb/ycsb/core/target/core-0.18.0-SNAPSHOT.jar site.ycsb.Client -db site.ycsb.db.OzoneDBClient -threads 1 -s -P /users/Xinying/ozonedb/ycsb/workloads/generated_workloads/workloada_1KB_1000000_1000000 -p status.interval=1 -p recordcount=1000000 -p insertstart=875000 -p insertcount=62500 -p shared_config=/tmp/phase1_ozonedb_configs/shared_config_LOAD_p16_r1_proc14.json -load
# work_path=/tank/ycsb_data/multi-proc-run/ozonedb_load_shared_p16
Command line: -db site.ycsb.db.OzoneDBClient -threads 1 -s -P /users/Xinying/ozonedb/ycsb/workloads/generated_workloads/workloada_1KB_1000000_1000000 -p status.interval=1 -p recordcount=1000000 -p insertstart=875000 -p insertcount=62500 -p shared_config=/tmp/phase1_ozonedb_configs/shared_config_LOAD_p16_r1_proc14.json -load
YCSB Client 0.18.0-SNAPSHOT

Loading workload...
Starting test.
SLF4J: Class path contains multiple SLF4J bindings.
SLF4J: Found binding in [jar:file:/users/Xinying/.m2/repository/ch/qos/logback/logback-classic/1.2.3/logback-classic-1.2.3.jar!/org/slf4j/impl/StaticLoggerBinder.class]
SLF4J: Found binding in [jar:file:/users/Xinying/.m2/repository/org/slf4j/slf4j-simple/1.7.25/slf4j-simple-1.7.25.jar!/org/slf4j/impl/StaticLoggerBinder.class]
SLF4J: See http://www.slf4j.org/codes.html#multiple_bindings for an explanation.
SLF4J: Actual binding is of type [ch.qos.logback.classic.util.ContextSelectorStaticBinder]
2026-04-29 20:42:52:833 0 sec: 0 operations; est completion in 0 second 
Directory already created.
Starting compaction watcher
DBWrapper: report latency for each error is false and specific error codes to track for latency are: []
2026-04-29 20:42:52:899 - NewTail completed: 
2026-04-29 20:42:53:834 1 sec: 2137 operations; 2132.73 current ops/sec; est completion in 29 seconds [INSERT: Count=2143, Max=9519, Min=176, Avg=418.73, 90=600, 99=1219, 99.9=7951, 99.99=9519] 
2026-04-29 20:42:54:833 2 sec: 4619 operations; 2484.48 current ops/sec; est completion in 26 seconds [INSERT: Count=2477, Max=11575, Min=157, Avg=396.28, 90=546, 99=857, 99.9=4619, 99.99=11575] 
2026-04-29 20:42:55:833 3 sec: 6416 operations; 1797 current ops/sec; est completion in 27 seconds [INSERT: Count=1796, Max=39103, Min=180, Avg=549.92, 90=854, 99=1542, 99.9=6075, 99.99=39103] 
2026-04-29 20:42:56:833 4 sec: 8902 operations; 2486 current ops/sec; est completion in 25 seconds [INSERT: Count=2487, Max=6699, Min=166, Avg=398.24, 90=555, 99=842, 99.9=1203, 99.99=6699] 
2026-04-29 20:42:57:833 5 sec: 11440 operations; 2538 current ops/sec; est completion in 23 seconds [INSERT: Count=2539, Max=12383, Min=181, Avg=390.41, 90=532, 99=729, 99.9=5803, 99.99=12383] 
2026-04-29 20:42:58:833 6 sec: 13961 operations; 2521 current ops/sec; est completion in 21 seconds [INSERT: Count=2521, Max=8303, Min=167, Avg=392.88, 90=528, 99=722, 99.9=5511, 99.99=8303] 
2026-04-29 20:42:59:833 7 sec: 16549 operations; 2588 current ops/sec; est completion in 20 seconds [INSERT: Count=2587, Max=9695, Min=160, Avg=382.83, 90=534, 99=789, 99.9=4025, 99.99=9695] 
2026-04-29 20:43:00:833 8 sec: 18562 operations; 2013 current ops/sec; est completion in 19 seconds [INSERT: Count=2013, Max=76351, Min=171, Avg=492.92, 90=679, 99=1368, 99.9=3877, 99.99=76351] 
2026-04-29 20:43:01:833 9 sec: 20105 operations; 1543 current ops/sec; est completion in 19 seconds [INSERT: Count=1543, Max=6203, Min=196, Avg=643.78, 90=999, 99=1528, 99.9=2563, 99.99=6203] 
2026-04-29 20:43:02:833 10 sec: 22618 operations; 2513 current ops/sec; est completion in 18 seconds [INSERT: Count=2513, Max=7115, Min=177, Avg=394.19, 90=555, 99=847, 99.9=1348, 99.99=7115] 
2026-04-29 20:43:03:833 11 sec: 25184 operations; 2566 current ops/sec; est completion in 17 seconds [INSERT: Count=2566, Max=7675, Min=182, Avg=386.45, 90=523, 99=740, 99.9=1236, 99.99=7675] 
2026-04-29 20:43:04:833 12 sec: 27738 operations; 2554 current ops/sec; est completion in 16 seconds [INSERT: Count=2554, Max=7775, Min=188, Avg=388.21, 90=529, 99=749, 99.9=1131, 99.99=7775] 
2026-04-29 20:43:05:016 - NewTail completed: 
2026-04-29 20:43:05:833 13 sec: 30071 operations; 2333 current ops/sec; est completion in 15 seconds [INSERT: Count=2333, Max=74559, Min=167, Avg=424.71, 90=601, 99=1212, 99.9=11871, 99.99=74559] 
2026-04-29 20:43:06:833 14 sec: 31373 operations; 1302 current ops/sec; est completion in 14 seconds [INSERT: Count=1302, Max=6731, Min=287, Avg=763.65, 90=1106, 99=1483, 99.9=2087, 99.99=6731] 
2026-04-29 20:43:07:833 15 sec: 33092 operations; 1719 current ops/sec; est completion in 14 seconds [INSERT: Count=1720, Max=9255, Min=197, Avg=577.51, 90=890, 99=1467, 99.9=7587, 99.99=9255] 
2026-04-29 20:43:08:833 16 sec: 35719 operations; 2627 current ops/sec; est completion in 12 seconds [INSERT: Count=2625, Max=4831, Min=168, Avg=377.58, 90=530, 99=733, 99.9=899, 99.99=4831] 
2026-04-29 20:43:09:833 17 sec: 38319 operations; 2600 current ops/sec; est completion in 11 seconds [INSERT: Count=2602, Max=8855, Min=167, Avg=381, 90=510, 99=704, 99.9=1299, 99.99=8855] 
2026-04-29 20:43:10:833 18 sec: 40655 operations; 2336 current ops/sec; est completion in 10 seconds [INSERT: Count=2334, Max=67519, Min=173, Avg=424.41, 90=549, 99=969, 99.9=4431, 99.99=67519] 
2026-04-29 20:43:11:833 19 sec: 41933 operations; 1278 current ops/sec; est completion in 10 seconds [INSERT: Count=1279, Max=5287, Min=290, Avg=777.79, 90=1116, 99=1687, 99.9=2447, 99.99=5287] 
2026-04-29 20:43:12:833 20 sec: 44077 operations; 2144 current ops/sec; est completion in 9 second [INSERT: Count=2144, Max=8567, Min=179, Avg=462.8, 90=732, 99=1297, 99.9=1744, 99.99=8567] 
2026-04-29 20:43:13:833 21 sec: 46742 operations; 2665 current ops/sec; est completion in 8 second [INSERT: Count=2665, Max=8351, Min=168, Avg=371.88, 90=504, 99=700, 99.9=1006, 99.99=8351] 
2026-04-29 20:43:14:833 22 sec: 49238 operations; 2496 current ops/sec; est completion in 6 second [INSERT: Count=2496, Max=9183, Min=170, Avg=397.61, 90=544, 99=886, 99.9=6911, 99.99=9183] 
2026-04-29 20:43:15:833 23 sec: 51780 operations; 2542 current ops/sec; est completion in 5 second [INSERT: Count=2543, Max=7847, Min=169, Avg=390.63, 90=537, 99=801, 99.9=5251, 99.99=7847] 
2026-04-29 20:43:16:833 24 sec: 52963 operations; 1183 current ops/sec; est completion in 5 second [INSERT: Count=1181, Max=73855, Min=307, Avg=841.12, 90=1110, 99=1518, 99.9=10863, 99.99=73855] 
2026-04-29 20:43:17:833 25 sec: 54541 operations; 1578 current ops/sec; est completion in 4 second [INSERT: Count=1579, Max=3075, Min=174, Avg=630.16, 90=982, 99=1522, 99.9=2507, 99.99=3075] 
2026-04-29 20:43:18:833 26 sec: 57127 operations; 2586 current ops/sec; est completion in 3 second [INSERT: Count=2586, Max=9703, Min=155, Avg=383.91, 90=530, 99=771, 99.9=6263, 99.99=9703] 
2026-04-29 20:43:19:863 27 sec: 59786 operations; 2659 current ops/sec; est completion in 2 second [INSERT: Count=2742, Max=4823, Min=163, Avg=373.96, 90=521, 99=792, 99.9=1143, 99.99=4823] 
2026-04-29 20:43:20:833 28 sec: 62107 operations; 2321 current ops/sec; est completion in 1 second [INSERT: Count=2237, Max=9119, Min=162, Avg=388.79, 90=535, 99=760, 99.9=1104, 99.99=9119] 
2026-04-29 20:43:21:138 28 sec: 62500 operations; 1288.52 current ops/sec; [CLEANUP: Count=1, Max=34527, Min=34496, Avg=34512, 90=34527, 99=34527, 99.9=34527, 99.99=34527] [INSERT: Count=393, Max=100095, Min=182, Avg=927.59, 90=861, 99=1904, 99.9=100095, 99.99=100095] 
[OVERALL], RunTime(ms), 28306
[OVERALL], Throughput(ops/sec), 2208.012435526037
[TOTAL_GCS_PS_Scavenge], Count, 1
[TOTAL_GC_TIME_PS_Scavenge], Time(ms), 6
[TOTAL_GC_TIME_%_PS_Scavenge], Time(%), 0.021196919381049957
[TOTAL_GCS_PS_MarkSweep], Count, 0
[TOTAL_GC_TIME_PS_MarkSweep], Time(ms), 0
[TOTAL_GC_TIME_%_PS_MarkSweep], Time(%), 0.0
[TOTAL_GCs], Count, 1
[TOTAL_GC_TIME], Time(ms), 6
[TOTAL_GC_TIME_%], Time(%), 0.021196919381049957
[CLEANUP], Operations, 1
[CLEANUP], AverageLatency(us), 34512.0
[CLEANUP], MinLatency(us), 34496
[CLEANUP], MaxLatency(us), 34527
[CLEANUP], 95thPercentileLatency(us), 34527
[CLEANUP], 99thPercentileLatency(us), 34527
[INSERT], Operations, 62500
[INSERT], AverageLatency(us), 447.115072
[INSERT], MinLatency(us), 155
[INSERT], MaxLatency(us), 100095
[INSERT], 95thPercentileLatency(us), 841
[INSERT], 99thPercentileLatency(us), 1243
[INSERT], Return=OK, 62500
	Command being timed: "/usr/lib/jvm/java-8-openjdk-amd64/bin/java -cp /users/Xinying/ozonedb/ycsb/ozonedb/conf:/users/Xinying/ozonedb/ycsb/ozonedb/target/ozonedb-binding-0.18.0-SNAPSHOT.jar:/users/Xinying/.m2/repository/org/apache/htrace/htrace-core4/4.1.0-incubating/htrace-core4-4.1.0-incubating.jar:/users/Xinying/.m2/repository/org/slf4j/slf4j-api/1.7.25/slf4j-api-1.7.25.jar:/users/Xinying/.m2/repository/org/hdrhistogram/HdrHistogram/2.1.12/HdrHistogram-2.1.12.jar:/users/Xinying/.m2/repository/ch/qos/logback/logback-classic/1.2.3/logback-classic-1.2.3.jar:/users/Xinying/.m2/repository/ozonedbjnimaven/demoproc-jni/1.0/demoproc-jni-1.0.jar:/users/Xinying/.m2/repository/ch/qos/logback/logback-core/1.2.3/logback-core-1.2.3.jar:/users/Xinying/.m2/repository/org/codehaus/jackson/jackson-mapper-asl/1.9.4/jackson-mapper-asl-1.9.4.jar:/users/Xinying/.m2/repository/org/slf4j/slf4j-simple/1.7.25/slf4j-simple-1.7.25.jar:/users/Xinying/.m2/repository/org/codehaus/jackson/jackson-core-asl/1.9.4/jackson-core-asl-1.9.4.jar:/users/Xinying/ozonedb/ycsb/core/target/core-0.18.0-SNAPSHOT.jar site.ycsb.Client -db site.ycsb.db.OzoneDBClient -threads 1 -s -P /users/Xinying/ozonedb/ycsb/workloads/generated_workloads/workloada_1KB_1000000_1000000 -p status.interval=1 -p recordcount=1000000 -p insertstart=875000 -p insertcount=62500 -p shared_config=/tmp/phase1_ozonedb_configs/shared_config_LOAD_p16_r1_proc14.json -load"
	User time (seconds): 2.18
	System time (seconds): 13.60
	Percent of CPU this job got: 54%
	Elapsed (wall clock) time (h:mm:ss or m:ss): 0:28.87
	Average shared text size (kbytes): 0
	Average unshared data size (kbytes): 0
	Average stack size (kbytes): 0
	Average total size (kbytes): 0
	Maximum resident set size (kbytes): 575604
	Average resident set size (kbytes): 0
	Major (requiring I/O) page faults: 355
	Minor (reclaiming a frame) page faults: 138451
	Voluntary context switches: 408928
	Involuntary context switches: 735
	Swaps: 0
	File system inputs: 3868
	File system outputs: 143360
	Socket messages sent: 0
	Socket messages received: 0
	Signals delivered: 0
	Page size (bytes): 4096
	Exit status: 0
