# CMD: /usr/bin/time -v /usr/lib/jvm/java-8-openjdk-amd64/bin/java -cp /users/Xinying/ozonedb/ycsb/ozonedb/conf:/users/Xinying/ozonedb/ycsb/ozonedb/target/ozonedb-binding-0.18.0-SNAPSHOT.jar:/users/Xinying/.m2/repository/org/apache/htrace/htrace-core4/4.1.0-incubating/htrace-core4-4.1.0-incubating.jar:/users/Xinying/.m2/repository/org/slf4j/slf4j-api/1.7.25/slf4j-api-1.7.25.jar:/users/Xinying/.m2/repository/org/hdrhistogram/HdrHistogram/2.1.12/HdrHistogram-2.1.12.jar:/users/Xinying/.m2/repository/ch/qos/logback/logback-classic/1.2.3/logback-classic-1.2.3.jar:/users/Xinying/.m2/repository/ozonedbjnimaven/demoproc-jni/1.0/demoproc-jni-1.0.jar:/users/Xinying/.m2/repository/ch/qos/logback/logback-core/1.2.3/logback-core-1.2.3.jar:/users/Xinying/.m2/repository/org/codehaus/jackson/jackson-mapper-asl/1.9.4/jackson-mapper-asl-1.9.4.jar:/users/Xinying/.m2/repository/org/slf4j/slf4j-simple/1.7.25/slf4j-simple-1.7.25.jar:/users/Xinying/.m2/repository/org/codehaus/jackson/jackson-core-asl/1.9.4/jackson-core-asl-1.9.4.jar:/users/Xinying/ozonedb/ycsb/core/target/core-0.18.0-SNAPSHOT.jar site.ycsb.Client -db site.ycsb.db.OzoneDBClient -threads 1 -s -P /users/Xinying/ozonedb/ycsb/workloads/generated_workloads/workloada_1KB_1000000_1000000 -p status.interval=1 -p recordcount=1000000 -p insertstart=750000 -p insertcount=31250 -p shared_config=/tmp/phase1_ozonedb_configs/shared_config_LOAD_p32_r1_proc24.json -load
# work_path=/tank/ycsb_data/multi-proc-run/ozonedb_load_shared_p32
Command line: -db site.ycsb.db.OzoneDBClient -threads 1 -s -P /users/Xinying/ozonedb/ycsb/workloads/generated_workloads/workloada_1KB_1000000_1000000 -p status.interval=1 -p recordcount=1000000 -p insertstart=750000 -p insertcount=31250 -p shared_config=/tmp/phase1_ozonedb_configs/shared_config_LOAD_p32_r1_proc24.json -load
YCSB Client 0.18.0-SNAPSHOT

Loading workload...
Starting test.
SLF4J: Class path contains multiple SLF4J bindings.
SLF4J: Found binding in [jar:file:/users/Xinying/.m2/repository/ch/qos/logback/logback-classic/1.2.3/logback-classic-1.2.3.jar!/org/slf4j/impl/StaticLoggerBinder.class]
SLF4J: Found binding in [jar:file:/users/Xinying/.m2/repository/org/slf4j/slf4j-simple/1.7.25/slf4j-simple-1.7.25.jar!/org/slf4j/impl/StaticLoggerBinder.class]
SLF4J: See http://www.slf4j.org/codes.html#multiple_bindings for an explanation.
SLF4J: Actual binding is of type [ch.qos.logback.classic.util.ContextSelectorStaticBinder]
2026-04-29 20:43:58:446 0 sec: 0 operations; est completion in 0 second 
Directory already created.
Starting compaction watcher
DBWrapper: report latency for each error is false and specific error codes to track for latency are: []
2026-04-29 20:43:59:446 1 sec: 989 operations; 989 current ops/sec; est completion in 31 seconds [INSERT: Count=991, Max=20047, Min=240, Avg=897.03, 90=1264, 99=4927, 99.9=20047, 99.99=20047] 
2026-04-29 20:44:00:446 2 sec: 2131 operations; 1142 current ops/sec; est completion in 28 seconds [INSERT: Count=1140, Max=29679, Min=228, Avg=863.37, 90=1176, 99=2077, 99.9=22559, 99.99=29679] 
2026-04-29 20:44:01:446 3 sec: 3299 operations; 1168 current ops/sec; est completion in 26 seconds [INSERT: Count=1169, Max=11951, Min=215, Avg=847.47, 90=1157, 99=2201, 99.9=9855, 99.99=11951] 
2026-04-29 20:44:02:446 4 sec: 4307 operations; 1008 current ops/sec; est completion in 26 seconds [INSERT: Count=1007, Max=26895, Min=236, Avg=980.7, 90=1409, 99=2001, 99.9=10527, 99.99=26895] 
2026-04-29 20:44:03:446 5 sec: 5491 operations; 1184 current ops/sec; est completion in 24 seconds [INSERT: Count=1185, Max=12255, Min=196, Avg=835.45, 90=1135, 99=2579, 99.9=11735, 99.99=12255] 
2026-04-29 20:44:04:446 6 sec: 6650 operations; 1159 current ops/sec; est completion in 23 seconds [INSERT: Count=1158, Max=13799, Min=176, Avg=848.99, 90=1127, 99=3601, 99.9=12183, 99.99=13799] 
2026-04-29 20:44:05:446 7 sec: 7910 operations; 1260 current ops/sec; est completion in 21 seconds [INSERT: Count=1261, Max=12215, Min=210, Avg=789.31, 90=1078, 99=1934, 99.9=3259, 99.99=12215] 
2026-04-29 20:44:06:446 8 sec: 9040 operations; 1130 current ops/sec; est completion in 20 seconds [INSERT: Count=1129, Max=12719, Min=206, Avg=880.4, 90=1267, 99=2039, 99.9=6563, 99.99=12719] 
2026-04-29 20:44:07:446 9 sec: 10036 operations; 996 current ops/sec; est completion in 20 seconds [INSERT: Count=996, Max=37663, Min=278, Avg=998.22, 90=1453, 99=2441, 99.9=37663, 99.99=37663] 
2026-04-29 20:44:08:446 10 sec: 10991 operations; 955 current ops/sec; est completion in 19 seconds [INSERT: Count=955, Max=17375, Min=263, Avg=1041.91, 90=1550, 99=2141, 99.9=17375, 99.99=17375] 
2026-04-29 20:44:08:740 - NewTail completed: 
2026-04-29 20:44:09:446 11 sec: 12382 operations; 1391 current ops/sec; est completion in 17 seconds [INSERT: Count=1391, Max=8279, Min=156, Avg=714.84, 90=1084, 99=1793, 99.9=7891, 99.99=8279] 
2026-04-29 20:44:10:348 - Compaction started: 
2026-04-29 20:44:10:446 12 sec: 13556 operations; 1174 current ops/sec; est completion in 16 seconds [INSERT: Count=1175, Max=13343, Min=181, Avg=847, 90=1142, 99=1990, 99.9=12711, 99.99=13343] 
140295131866688:Compacting datalog/13 datalog/14 into:sstable1/9a4f08ac-6a71-4994-af6b-c61ccf878d9d202604291443581777495450536399802.sst
2026-04-29 20:44:11:040 - Compaction completed: 
2026-04-29 20:44:11:446 13 sec: 14774 operations; 1218 current ops/sec; est completion in 15 seconds [INSERT: Count=1217, Max=13023, Min=198, Avg=816.61, 90=1129, 99=1804, 99.9=10167, 99.99=13023] 
2026-04-29 20:44:12:446 14 sec: 15856 operations; 1082 current ops/sec; est completion in 14 seconds [INSERT: Count=1082, Max=39103, Min=204, Avg=919.79, 90=1259, 99=2159, 99.9=14295, 99.99=39103] 
2026-04-29 20:44:13:446 15 sec: 16713 operations; 857 current ops/sec; est completion in 14 seconds [INSERT: Count=858, Max=16239, Min=318, Avg=1160.72, 90=1622, 99=2073, 99.9=16239, 99.99=16239] 
2026-04-29 20:44:14:446 16 sec: 17688 operations; 975 current ops/sec; est completion in 13 seconds [INSERT: Count=975, Max=99583, Min=264, Avg=1020.7, 90=1416, 99=2051, 99.9=99583, 99.99=99583] 
2026-04-29 20:44:15:446 17 sec: 18928 operations; 1240 current ops/sec; est completion in 12 seconds [INSERT: Count=1240, Max=13767, Min=253, Avg=802.09, 90=1039, 99=1632, 99.9=8815, 99.99=13767] 
2026-04-29 20:44:16:446 18 sec: 20113 operations; 1185 current ops/sec; est completion in 10 seconds [INSERT: Count=1185, Max=15319, Min=186, Avg=838.68, 90=1125, 99=1722, 99.9=14919, 99.99=15319] 
2026-04-29 20:44:17:446 19 sec: 21250 operations; 1137 current ops/sec; est completion in 9 second [INSERT: Count=1136, Max=38239, Min=201, Avg=875.02, 90=1174, 99=2031, 99.9=15743, 99.99=38239] 
2026-04-29 20:44:18:446 20 sec: 22085 operations; 835 current ops/sec; est completion in 9 second [INSERT: Count=835, Max=16055, Min=373, Avg=1192.71, 90=1652, 99=2341, 99.9=16055, 99.99=16055] 
2026-04-29 20:44:19:446 21 sec: 22963 operations; 878 current ops/sec; est completion in 8 second [INSERT: Count=879, Max=19423, Min=293, Avg=1132.83, 90=1952, 99=3899, 99.9=19423, 99.99=19423] 
2026-04-29 20:44:20:446 22 sec: 24048 operations; 1085 current ops/sec; est completion in 7 second [INSERT: Count=1085, Max=93247, Min=258, Avg=916.6, 90=1173, 99=1893, 99.9=9855, 99.99=93247] 
2026-04-29 20:44:21:446 23 sec: 25169 operations; 1121 current ops/sec; est completion in 6 second [INSERT: Count=1121, Max=92415, Min=225, Avg=887.71, 90=1105, 99=1960, 99.9=7031, 99.99=92415] 
2026-04-29 20:44:22:446 24 sec: 26323 operations; 1154 current ops/sec; est completion in 5 second [INSERT: Count=1153, Max=23919, Min=192, Avg=830.02, 90=1128, 99=1763, 99.9=4295, 99.99=23919] 
2026-04-29 20:44:23:446 25 sec: 27002 operations; 679 current ops/sec; est completion in 4 second [INSERT: Count=679, Max=68799, Min=374, Avg=1521.16, 90=1959, 99=6527, 99.9=68799, 99.99=68799] 
2026-04-29 20:44:24:446 26 sec: 27709 operations; 707 current ops/sec; est completion in 4 second [INSERT: Count=707, Max=19247, Min=428, Avg=1406.27, 90=2251, 99=3383, 99.9=19247, 99.99=19247] 
2026-04-29 20:44:25:446 27 sec: 28897 operations; 1188 current ops/sec; est completion in 3 second [INSERT: Count=1188, Max=17295, Min=193, Avg=838.72, 90=1139, 99=1845, 99.9=9127, 99.99=17295] 
2026-04-29 20:44:26:446 28 sec: 30137 operations; 1240 current ops/sec; est completion in 2 second [INSERT: Count=1240, Max=22703, Min=219, Avg=802.07, 90=1057, 99=1452, 99.9=2413, 99.99=22703] 
2026-04-29 20:44:27:265 28 sec: 31250 operations; 1358.97 current ops/sec; [CLEANUP: Count=1, Max=52671, Min=52640, Avg=52656, 90=52671, 99=52671, 99.9=52671, 99.99=52671] [INSERT: Count=1113, Max=18751, Min=171, Avg=683.48, 90=947, 99=1551, 99.9=8231, 99.99=18751] 
[OVERALL], RunTime(ms), 28819
[OVERALL], Throughput(ops/sec), 1084.354071966411
[TOTAL_GCS_PS_Scavenge], Count, 0
[TOTAL_GC_TIME_PS_Scavenge], Time(ms), 0
[TOTAL_GC_TIME_%_PS_Scavenge], Time(%), 0.0
[TOTAL_GCS_PS_MarkSweep], Count, 0
[TOTAL_GC_TIME_PS_MarkSweep], Time(ms), 0
[TOTAL_GC_TIME_%_PS_MarkSweep], Time(%), 0.0
[TOTAL_GCs], Count, 0
[TOTAL_GC_TIME], Time(ms), 0
[TOTAL_GC_TIME_%], Time(%), 0.0
[CLEANUP], Operations, 1
[CLEANUP], AverageLatency(us), 52656.0
[CLEANUP], MinLatency(us), 52640
[CLEANUP], MaxLatency(us), 52671
[CLEANUP], 95thPercentileLatency(us), 52671
[CLEANUP], 99thPercentileLatency(us), 52671
[INSERT], Operations, 31250
[INSERT], AverageLatency(us), 911.115104
[INSERT], MinLatency(us), 156
[INSERT], MaxLatency(us), 99583
[INSERT], 95thPercentileLatency(us), 1554
[INSERT], 99thPercentileLatency(us), 2395
[INSERT], Return=OK, 31250
	Command being timed: "/usr/lib/jvm/java-8-openjdk-amd64/bin/java -cp /users/Xinying/ozonedb/ycsb/ozonedb/conf:/users/Xinying/ozonedb/ycsb/ozonedb/target/ozonedb-binding-0.18.0-SNAPSHOT.jar:/users/Xinying/.m2/repository/org/apache/htrace/htrace-core4/4.1.0-incubating/htrace-core4-4.1.0-incubating.jar:/users/Xinying/.m2/repository/org/slf4j/slf4j-api/1.7.25/slf4j-api-1.7.25.jar:/users/Xinying/.m2/repository/org/hdrhistogram/HdrHistogram/2.1.12/HdrHistogram-2.1.12.jar:/users/Xinying/.m2/repository/ch/qos/logback/logback-classic/1.2.3/logback-classic-1.2.3.jar:/users/Xinying/.m2/repository/ozonedbjnimaven/demoproc-jni/1.0/demoproc-jni-1.0.jar:/users/Xinying/.m2/repository/ch/qos/logback/logback-core/1.2.3/logback-core-1.2.3.jar:/users/Xinying/.m2/repository/org/codehaus/jackson/jackson-mapper-asl/1.9.4/jackson-mapper-asl-1.9.4.jar:/users/Xinying/.m2/repository/org/slf4j/slf4j-simple/1.7.25/slf4j-simple-1.7.25.jar:/users/Xinying/.m2/repository/org/codehaus/jackson/jackson-core-asl/1.9.4/jackson-core-asl-1.9.4.jar:/users/Xinying/ozonedb/ycsb/core/target/core-0.18.0-SNAPSHOT.jar site.ycsb.Client -db site.ycsb.db.OzoneDBClient -threads 1 -s -P /users/Xinying/ozonedb/ycsb/workloads/generated_workloads/workloada_1KB_1000000_1000000 -p status.interval=1 -p recordcount=1000000 -p insertstart=750000 -p insertcount=31250 -p shared_config=/tmp/phase1_ozonedb_configs/shared_config_LOAD_p32_r1_proc24.json -load"
	User time (seconds): 2.12
	System time (seconds): 14.39
	Percent of CPU this job got: 55%
	Elapsed (wall clock) time (h:mm:ss or m:ss): 0:29.53
	Average shared text size (kbytes): 0
	Average unshared data size (kbytes): 0
	Average stack size (kbytes): 0
	Average total size (kbytes): 0
	Maximum resident set size (kbytes): 471772
	Average resident set size (kbytes): 0
	Major (requiring I/O) page faults: 249
	Minor (reclaiming a frame) page faults: 130985
	Voluntary context switches: 227386
	Involuntary context switches: 2098
	Swaps: 0
	File system inputs: 143019
	File system outputs: 216586
	Socket messages sent: 0
	Socket messages received: 0
	Signals delivered: 0
	Page size (bytes): 4096
	Exit status: 0
