# CMD: /usr/bin/time -v /usr/lib/jvm/java-8-openjdk-amd64/bin/java -cp /users/Xinying/ozonedb/ycsb/ozonedb/conf:/users/Xinying/ozonedb/ycsb/ozonedb/target/ozonedb-binding-0.18.0-SNAPSHOT.jar:/users/Xinying/.m2/repository/org/apache/htrace/htrace-core4/4.1.0-incubating/htrace-core4-4.1.0-incubating.jar:/users/Xinying/.m2/repository/org/slf4j/slf4j-api/1.7.25/slf4j-api-1.7.25.jar:/users/Xinying/.m2/repository/org/hdrhistogram/HdrHistogram/2.1.12/HdrHistogram-2.1.12.jar:/users/Xinying/.m2/repository/ch/qos/logback/logback-classic/1.2.3/logback-classic-1.2.3.jar:/users/Xinying/.m2/repository/ozonedbjnimaven/demoproc-jni/1.0/demoproc-jni-1.0.jar:/users/Xinying/.m2/repository/ch/qos/logback/logback-core/1.2.3/logback-core-1.2.3.jar:/users/Xinying/.m2/repository/org/codehaus/jackson/jackson-mapper-asl/1.9.4/jackson-mapper-asl-1.9.4.jar:/users/Xinying/.m2/repository/org/slf4j/slf4j-simple/1.7.25/slf4j-simple-1.7.25.jar:/users/Xinying/.m2/repository/org/codehaus/jackson/jackson-core-asl/1.9.4/jackson-core-asl-1.9.4.jar:/users/Xinying/ozonedb/ycsb/core/target/core-0.18.0-SNAPSHOT.jar site.ycsb.Client -db site.ycsb.db.OzoneDBClient -threads 1 -s -P /users/Xinying/ozonedb/ycsb/workloads/generated_workloads/workloada_1KB_1000000_1000000 -p status.interval=1 -p recordcount=1000000 -p insertstart=62500 -p insertcount=62500 -p shared_config=/tmp/phase1_ozonedb_configs/shared_config_LOAD_p16_r1_proc1.json -load
# work_path=/tank/ycsb_data/multi-proc-run/ozonedb_load_shared_p16
Command line: -db site.ycsb.db.OzoneDBClient -threads 1 -s -P /users/Xinying/ozonedb/ycsb/workloads/generated_workloads/workloada_1KB_1000000_1000000 -p status.interval=1 -p recordcount=1000000 -p insertstart=62500 -p insertcount=62500 -p shared_config=/tmp/phase1_ozonedb_configs/shared_config_LOAD_p16_r1_proc1.json -load
YCSB Client 0.18.0-SNAPSHOT

Loading workload...
Starting test.
SLF4J: Class path contains multiple SLF4J bindings.
SLF4J: Found binding in [jar:file:/users/Xinying/.m2/repository/ch/qos/logback/logback-classic/1.2.3/logback-classic-1.2.3.jar!/org/slf4j/impl/StaticLoggerBinder.class]
SLF4J: Found binding in [jar:file:/users/Xinying/.m2/repository/org/slf4j/slf4j-simple/1.7.25/slf4j-simple-1.7.25.jar!/org/slf4j/impl/StaticLoggerBinder.class]
SLF4J: See http://www.slf4j.org/codes.html#multiple_bindings for an explanation.
SLF4J: Actual binding is of type [ch.qos.logback.classic.util.ContextSelectorStaticBinder]
2026-04-29 20:42:52:817 0 sec: 0 operations; est completion in 0 second 
Directory already created.
Starting compaction watcher
DBWrapper: report latency for each error is false and specific error codes to track for latency are: []
2026-04-29 20:42:52:901 - NewTail completed: 
2026-04-29 20:42:53:697 - NewTail completed: 
2026-04-29 20:42:53:817 1 sec: 2102 operations; 2102 current ops/sec; est completion in 29 seconds [INSERT: Count=2106, Max=12351, Min=154, Avg=417.65, 90=553, 99=1175, 99.9=8183, 99.99=12351] 
2026-04-29 20:42:54:498 - NewTail completed: 
2026-04-29 20:42:54:817 2 sec: 4637 operations; 2535 current ops/sec; est completion in 25 seconds [INSERT: Count=2532, Max=13287, Min=163, Avg=388.22, 90=532, 99=788, 99.9=1798, 99.99=13287] 
2026-04-29 20:42:55:299 - NewTail completed: 
2026-04-29 20:42:55:817 3 sec: 6492 operations; 1855 current ops/sec; est completion in 26 seconds [INSERT: Count=1855, Max=39103, Min=169, Avg=532.58, 90=841, 99=1445, 99.9=3315, 99.99=39103] 
2026-04-29 20:42:56:300 - NewTail completed: 
2026-04-29 20:42:56:817 4 sec: 8946 operations; 2454 current ops/sec; est completion in 24 seconds [INSERT: Count=2453, Max=10743, Min=180, Avg=403.21, 90=535, 99=778, 99.9=7335, 99.99=10743] 
2026-04-29 20:42:57:000 - NewTail completed: 
2026-04-29 20:42:57:701 - NewTail completed: 
2026-04-29 20:42:57:816 5 sec: 11521 operations; 2575 current ops/sec; est completion in 23 seconds [INSERT: Count=2575, Max=1648, Min=164, Avg=383.36, 90=533, 99=777, 99.9=1135, 99.99=1648] 
2026-04-29 20:42:58:502 - NewTail completed: 
2026-04-29 20:42:58:816 6 sec: 14062 operations; 2541 current ops/sec; est completion in 21 seconds [INSERT: Count=2542, Max=6075, Min=183, Avg=391, 90=534, 99=750, 99.9=1270, 99.99=6075] 
2026-04-29 20:42:59:804 - Compaction started: 
2026-04-29 20:42:59:817 7 sec: 16373 operations; 2311 current ops/sec; est completion in 20 seconds [INSERT: Count=2311, Max=99583, Min=178, Avg=429.07, 90=537, 99=773, 99.9=1009, 99.99=99583] 
2026-04-29 20:43:00:816 8 sec: 18353 operations; 1980 current ops/sec; est completion in 20 seconds [INSERT: Count=1980, Max=76159, Min=185, Avg=500.54, 90=690, 99=1306, 99.9=3601, 99.99=76159] 
139873553983040:Compacting sstable1/9e78d821-8439-4784-9f7e-4756964a7a39202604291442521777495374783029365.sst sstable1/3e909a01-3951-45c3-b7ed-e915da34ff03202604291442521777495376492982469.sst into:sstable2/c361b33d-248c-4ff8-88a4-5b0ec6eb7d7f202604291442521777495380600751068.sst
2026-04-29 20:43:01:590 - Compaction completed: 
2026-04-29 20:43:01:816 9 sec: 19891 operations; 1538 current ops/sec; est completion in 20 seconds [INSERT: Count=1538, Max=6931, Min=188, Avg=645.76, 90=1003, 99=1518, 99.9=4061, 99.99=6931] 
2026-04-29 20:43:02:816 10 sec: 22540 operations; 2649 current ops/sec; est completion in 18 seconds [INSERT: Count=2649, Max=7707, Min=169, Avg=374.1, 90=500, 99=721, 99.9=5039, 99.99=7707] 
2026-04-29 20:43:03:816 11 sec: 25099 operations; 2559 current ops/sec; est completion in 17 seconds [INSERT: Count=2559, Max=2079, Min=182, Avg=387.46, 90=531, 99=728, 99.9=1037, 99.99=2079] 
2026-04-29 20:43:04:816 12 sec: 27747 operations; 2648 current ops/sec; est completion in 16 seconds [INSERT: Count=2648, Max=2245, Min=180, Avg=374.18, 90=512, 99=730, 99.9=1253, 99.99=2245] 
2026-04-29 20:43:05:817 13 sec: 29640 operations; 1893 current ops/sec; est completion in 15 seconds [INSERT: Count=1892, Max=98879, Min=188, Avg=525.05, 90=615, 99=1267, 99.9=74495, 99.99=98879] 
2026-04-29 20:43:06:817 14 sec: 30953 operations; 1313 current ops/sec; est completion in 15 seconds [INSERT: Count=1315, Max=6739, Min=297, Avg=757.16, 90=1088, 99=1474, 99.9=1670, 99.99=6739] 
2026-04-29 20:43:07:816 15 sec: 32676 operations; 1723 current ops/sec; est completion in 14 seconds [INSERT: Count=1721, Max=7383, Min=194, Avg=576.81, 90=897, 99=1449, 99.9=1732, 99.99=7383] 
2026-04-29 20:43:08:217 - NewTail completed: 
2026-04-29 20:43:08:817 16 sec: 35252 operations; 2576 current ops/sec; est completion in 13 seconds [INSERT: Count=2578, Max=1606, Min=168, Avg=384.73, 90=537, 99=767, 99.9=1083, 99.99=1606] 
2026-04-29 20:43:09:817 17 sec: 37870 operations; 2618 current ops/sec; est completion in 12 seconds [INSERT: Count=2617, Max=3783, Min=163, Avg=379.04, 90=515, 99=708, 99.9=1442, 99.99=3783] 
2026-04-29 20:43:10:816 18 sec: 39996 operations; 2126 current ops/sec; est completion in 11 seconds [INSERT: Count=2125, Max=97983, Min=177, Avg=467.38, 90=545, 99=880, 99.9=2199, 99.99=97983] 
2026-04-29 20:43:11:623 - NewTail completed: 
2026-04-29 20:43:11:716 - Compaction started: 
2026-04-29 20:43:11:816 19 sec: 41303 operations; 1307 current ops/sec; est completion in 10 seconds [INSERT: Count=1307, Max=3025, Min=274, Avg=761.46, 90=1089, 99=1603, 99.9=2441, 99.99=3025] 
139873553983040:Compacting datalog/21 datalog/22 into:sstable1/c361b33d-248c-4ff8-88a4-5b0ec6eb7d7f202604291442521777495391846603375.sst
2026-04-29 20:43:12:277 - Compaction completed: 
2026-04-29 20:43:12:816 20 sec: 43463 operations; 2160 current ops/sec; est completion in 9 second [INSERT: Count=2161, Max=3291, Min=174, Avg=459.43, 90=752, 99=1315, 99.9=1634, 99.99=3291] 
2026-04-29 20:43:13:817 21 sec: 45995 operations; 2532 current ops/sec; est completion in 8 second [INSERT: Count=2531, Max=3567, Min=179, Avg=390.84, 90=556, 99=782, 99.9=1134, 99.99=3567] 
2026-04-29 20:43:14:817 22 sec: 48373 operations; 2378 current ops/sec; est completion in 7 second [INSERT: Count=2379, Max=31919, Min=181, Avg=417.34, 90=567, 99=906, 99.9=5579, 99.99=31919] 
2026-04-29 20:43:15:817 23 sec: 51026 operations; 2653 current ops/sec; est completion in 6 second [INSERT: Count=2653, Max=4839, Min=179, Avg=374.07, 90=512, 99=713, 99.9=1430, 99.99=4839] 
2026-04-29 20:43:16:816 24 sec: 52243 operations; 1217 current ops/sec; est completion in 5 second [INSERT: Count=1217, Max=73919, Min=266, Avg=817.73, 90=1082, 99=1512, 99.9=7291, 99.99=73919] 
2026-04-29 20:43:17:816 25 sec: 53767 operations; 1524 current ops/sec; est completion in 5 second [INSERT: Count=1523, Max=2881, Min=192, Avg=652.44, 90=982, 99=1484, 99.9=2497, 99.99=2881] 
2026-04-29 20:43:18:816 26 sec: 56292 operations; 2525 current ops/sec; est completion in 3 second [INSERT: Count=2526, Max=7779, Min=173, Avg=393, 90=528, 99=736, 99.9=5559, 99.99=7779] 
2026-04-29 20:43:19:332 - NewTail completed: 
2026-04-29 20:43:19:817 27 sec: 58908 operations; 2616 current ops/sec; est completion in 2 second [INSERT: Count=2616, Max=1207, Min=166, Avg=380.27, 90=527, 99=783, 99.9=1085, 99.99=1207] 
2026-04-29 20:43:20:816 28 sec: 61219 operations; 2311 current ops/sec; est completion in 1 second [INSERT: Count=2310, Max=7567, Min=172, Avg=396.31, 90=553, 99=760, 99.9=3479, 99.99=7567] 
2026-04-29 20:43:21:735 28 sec: 62500 operations; 1395.42 current ops/sec; [CLEANUP: Count=1, Max=87039, Min=86976, Avg=87008, 90=87039, 99=87039, 99.9=87039, 99.99=87039] [INSERT: Count=1281, Max=95807, Min=185, Avg=708.07, 90=901, 99=1356, 99.9=73407, 99.99=95807] 
[OVERALL], RunTime(ms), 28919
[OVERALL], Throughput(ops/sec), 2161.2088938068396
[TOTAL_GCS_PS_Scavenge], Count, 1
[TOTAL_GC_TIME_PS_Scavenge], Time(ms), 4
[TOTAL_GC_TIME_%_PS_Scavenge], Time(%), 0.013831736920363774
[TOTAL_GCS_PS_MarkSweep], Count, 0
[TOTAL_GC_TIME_PS_MarkSweep], Time(ms), 0
[TOTAL_GC_TIME_%_PS_MarkSweep], Time(%), 0.0
[TOTAL_GCs], Count, 1
[TOTAL_GC_TIME], Time(ms), 4
[TOTAL_GC_TIME_%], Time(%), 0.013831736920363774
[CLEANUP], Operations, 1
[CLEANUP], AverageLatency(us), 87008.0
[CLEANUP], MinLatency(us), 86976
[CLEANUP], MaxLatency(us), 87039
[CLEANUP], 95thPercentileLatency(us), 87039
[CLEANUP], 99thPercentileLatency(us), 87039
[INSERT], Operations, 62500
[INSERT], AverageLatency(us), 455.838224
[INSERT], MinLatency(us), 154
[INSERT], MaxLatency(us), 99583
[INSERT], 95thPercentileLatency(us), 845
[INSERT], 99thPercentileLatency(us), 1220
[INSERT], Return=OK, 62500
	Command being timed: "/usr/lib/jvm/java-8-openjdk-amd64/bin/java -cp /users/Xinying/ozonedb/ycsb/ozonedb/conf:/users/Xinying/ozonedb/ycsb/ozonedb/target/ozonedb-binding-0.18.0-SNAPSHOT.jar:/users/Xinying/.m2/repository/org/apache/htrace/htrace-core4/4.1.0-incubating/htrace-core4-4.1.0-incubating.jar:/users/Xinying/.m2/repository/org/slf4j/slf4j-api/1.7.25/slf4j-api-1.7.25.jar:/users/Xinying/.m2/repository/org/hdrhistogram/HdrHistogram/2.1.12/HdrHistogram-2.1.12.jar:/users/Xinying/.m2/repository/ch/qos/logback/logback-classic/1.2.3/logback-classic-1.2.3.jar:/users/Xinying/.m2/repository/ozonedbjnimaven/demoproc-jni/1.0/demoproc-jni-1.0.jar:/users/Xinying/.m2/repository/ch/qos/logback/logback-core/1.2.3/logback-core-1.2.3.jar:/users/Xinying/.m2/repository/org/codehaus/jackson/jackson-mapper-asl/1.9.4/jackson-mapper-asl-1.9.4.jar:/users/Xinying/.m2/repository/org/slf4j/slf4j-simple/1.7.25/slf4j-simple-1.7.25.jar:/users/Xinying/.m2/repository/org/codehaus/jackson/jackson-core-asl/1.9.4/jackson-core-asl-1.9.4.jar:/users/Xinying/ozonedb/ycsb/core/target/core-0.18.0-SNAPSHOT.jar site.ycsb.Client -db site.ycsb.db.OzoneDBClient -threads 1 -s -P /users/Xinying/ozonedb/ycsb/workloads/generated_workloads/workloada_1KB_1000000_1000000 -p status.interval=1 -p recordcount=1000000 -p insertstart=62500 -p insertcount=62500 -p shared_config=/tmp/phase1_ozonedb_configs/shared_config_LOAD_p16_r1_proc1.json -load"
	User time (seconds): 3.20
	System time (seconds): 15.21
	Percent of CPU this job got: 62%
	Elapsed (wall clock) time (h:mm:ss or m:ss): 0:29.48
	Average shared text size (kbytes): 0
	Average unshared data size (kbytes): 0
	Average stack size (kbytes): 0
	Average total size (kbytes): 0
	Maximum resident set size (kbytes): 769508
	Average resident set size (kbytes): 0
	Major (requiring I/O) page faults: 395
	Minor (reclaiming a frame) page faults: 206136
	Voluntary context switches: 410913
	Involuntary context switches: 854
	Swaps: 0
	File system inputs: 635430
	File system outputs: 573985
	Socket messages sent: 0
	Socket messages received: 0
	Signals delivered: 0
	Page size (bytes): 4096
	Exit status: 0
