# CMD: /usr/bin/time -v /usr/lib/jvm/java-8-openjdk-amd64/bin/java -cp /users/Xinying/ozonedb/ycsb/ozonedb/conf:/users/Xinying/ozonedb/ycsb/ozonedb/target/ozonedb-binding-0.18.0-SNAPSHOT.jar:/users/Xinying/.m2/repository/org/apache/htrace/htrace-core4/4.1.0-incubating/htrace-core4-4.1.0-incubating.jar:/users/Xinying/.m2/repository/org/slf4j/slf4j-api/1.7.25/slf4j-api-1.7.25.jar:/users/Xinying/.m2/repository/org/hdrhistogram/HdrHistogram/2.1.12/HdrHistogram-2.1.12.jar:/users/Xinying/.m2/repository/ch/qos/logback/logback-classic/1.2.3/logback-classic-1.2.3.jar:/users/Xinying/.m2/repository/ozonedbjnimaven/demoproc-jni/1.0/demoproc-jni-1.0.jar:/users/Xinying/.m2/repository/ch/qos/logback/logback-core/1.2.3/logback-core-1.2.3.jar:/users/Xinying/.m2/repository/org/codehaus/jackson/jackson-mapper-asl/1.9.4/jackson-mapper-asl-1.9.4.jar:/users/Xinying/.m2/repository/org/slf4j/slf4j-simple/1.7.25/slf4j-simple-1.7.25.jar:/users/Xinying/.m2/repository/org/codehaus/jackson/jackson-core-asl/1.9.4/jackson-core-asl-1.9.4.jar:/users/Xinying/ozonedb/ycsb/core/target/core-0.18.0-SNAPSHOT.jar site.ycsb.Client -db site.ycsb.db.OzoneDBClient -threads 1 -s -P /users/Xinying/ozonedb/ycsb/workloads/generated_workloads/workloada_1KB_1000000_1000000 -p status.interval=1 -p recordcount=1000000 -p insertstart=125000 -p insertcount=31250 -p shared_config=/tmp/phase1_ozonedb_configs/shared_config_LOAD_p32_r1_proc4.json -load
# work_path=/tank/ycsb_data/multi-proc-run/ozonedb_load_shared_p32
Command line: -db site.ycsb.db.OzoneDBClient -threads 1 -s -P /users/Xinying/ozonedb/ycsb/workloads/generated_workloads/workloada_1KB_1000000_1000000 -p status.interval=1 -p recordcount=1000000 -p insertstart=125000 -p insertcount=31250 -p shared_config=/tmp/phase1_ozonedb_configs/shared_config_LOAD_p32_r1_proc4.json -load
YCSB Client 0.18.0-SNAPSHOT

Loading workload...
Starting test.
SLF4J: Class path contains multiple SLF4J bindings.
SLF4J: Found binding in [jar:file:/users/Xinying/.m2/repository/ch/qos/logback/logback-classic/1.2.3/logback-classic-1.2.3.jar!/org/slf4j/impl/StaticLoggerBinder.class]
SLF4J: Found binding in [jar:file:/users/Xinying/.m2/repository/org/slf4j/slf4j-simple/1.7.25/slf4j-simple-1.7.25.jar!/org/slf4j/impl/StaticLoggerBinder.class]
SLF4J: See http://www.slf4j.org/codes.html#multiple_bindings for an explanation.
SLF4J: Actual binding is of type [ch.qos.logback.classic.util.ContextSelectorStaticBinder]
2026-04-29 20:43:58:465 0 sec: 0 operations; est completion in 0 second 
Directory already created.
Starting compaction watcher
DBWrapper: report latency for each error is false and specific error codes to track for latency are: []
2026-04-29 20:43:59:464 1 sec: 1010 operations; 1010 current ops/sec; est completion in 30 seconds [INSERT: Count=1016, Max=20447, Min=190, Avg=893.43, 90=1328, 99=4247, 99.9=10519, 99.99=20447] 
2026-04-29 20:44:00:464 2 sec: 2161 operations; 1151 current ops/sec; est completion in 27 seconds [INSERT: Count=1146, Max=24383, Min=192, Avg=859.61, 90=1152, 99=2595, 99.9=17263, 99.99=24383] 
2026-04-29 20:44:01:464 3 sec: 3363 operations; 1202 current ops/sec; est completion in 25 seconds [INSERT: Count=1202, Max=12655, Min=238, Avg=822.96, 90=1132, 99=1938, 99.9=10255, 99.99=12655] 
2026-04-29 20:44:02:464 4 sec: 4341 operations; 978 current ops/sec; est completion in 25 seconds [INSERT: Count=977, Max=26607, Min=278, Avg=1012.79, 90=1453, 99=2087, 99.9=26607, 99.99=26607] 
2026-04-29 20:44:03:464 5 sec: 5575 operations; 1234 current ops/sec; est completion in 24 seconds [INSERT: Count=1234, Max=11663, Min=207, Avg=797.08, 90=1105, 99=2049, 99.9=8091, 99.99=11663] 
2026-04-29 20:44:04:464 6 sec: 6741 operations; 1166 current ops/sec; est completion in 22 seconds [INSERT: Count=1168, Max=11287, Min=230, Avg=855.17, 90=1198, 99=2777, 99.9=10183, 99.99=11287] 
2026-04-29 20:44:05:464 7 sec: 7918 operations; 1177 current ops/sec; est completion in 21 seconds [INSERT: Count=1175, Max=15199, Min=193, Avg=845.97, 90=1152, 99=1836, 99.9=9519, 99.99=15199] 
2026-04-29 20:44:06:464 8 sec: 9118 operations; 1200 current ops/sec; est completion in 20 seconds [INSERT: Count=1200, Max=12327, Min=279, Avg=828.31, 90=1120, 99=1864, 99.9=11191, 99.99=12327] 
2026-04-29 20:44:07:464 9 sec: 10093 operations; 975 current ops/sec; est completion in 19 seconds [INSERT: Count=976, Max=37791, Min=176, Avg=1018.91, 90=1448, 99=2415, 99.9=37791, 99.99=37791] 
2026-04-29 20:44:08:464 10 sec: 11060 operations; 967 current ops/sec; est completion in 19 seconds [INSERT: Count=966, Max=9735, Min=302, Avg=1028.78, 90=1513, 99=2049, 99.9=9735, 99.99=9735] 
2026-04-29 20:44:08:745 - NewTail completed: 
2026-04-29 20:44:09:464 11 sec: 12454 operations; 1394 current ops/sec; est completion in 17 seconds [INSERT: Count=1394, Max=8199, Min=172, Avg=712.17, 90=1076, 99=1849, 99.9=7919, 99.99=8199] 
2026-04-29 20:44:10:464 12 sec: 13613 operations; 1159 current ops/sec; est completion in 16 seconds [INSERT: Count=1160, Max=10247, Min=250, Avg=858.62, 90=1145, 99=2301, 99.9=8975, 99.99=10247] 
2026-04-29 20:44:11:464 13 sec: 14818 operations; 1205 current ops/sec; est completion in 15 seconds [INSERT: Count=1205, Max=18159, Min=210, Avg=825.08, 90=1145, 99=1777, 99.9=3195, 99.99=18159] 
2026-04-29 20:44:12:464 14 sec: 15904 operations; 1086 current ops/sec; est completion in 14 seconds [INSERT: Count=1085, Max=39423, Min=195, Avg=915.44, 90=1335, 99=2021, 99.9=13751, 99.99=39423] 
2026-04-29 20:44:13:464 15 sec: 16755 operations; 851 current ops/sec; est completion in 13 seconds [INSERT: Count=851, Max=14383, Min=397, Avg=1170.12, 90=1612, 99=2117, 99.9=14383, 99.99=14383] 
2026-04-29 20:44:14:464 16 sec: 17680 operations; 925 current ops/sec; est completion in 13 seconds [INSERT: Count=926, Max=99071, Min=308, Avg=1074.52, 90=1431, 99=2251, 99.9=99071, 99.99=99071] 
2026-04-29 20:44:15:464 17 sec: 18882 operations; 1202 current ops/sec; est completion in 12 seconds [INSERT: Count=1201, Max=13527, Min=230, Avg=827.78, 90=1100, 99=1703, 99.9=4799, 99.99=13527] 
2026-04-29 20:44:16:464 18 sec: 20054 operations; 1172 current ops/sec; est completion in 11 seconds [INSERT: Count=1173, Max=14239, Min=244, Avg=848.23, 90=1108, 99=1860, 99.9=11079, 99.99=14239] 
2026-04-29 20:44:17:464 19 sec: 21174 operations; 1120 current ops/sec; est completion in 10 seconds [INSERT: Count=1120, Max=38239, Min=209, Avg=887.82, 90=1232, 99=1959, 99.9=15495, 99.99=38239] 
2026-04-29 20:44:18:464 20 sec: 22007 operations; 833 current ops/sec; est completion in 9 second [INSERT: Count=833, Max=16359, Min=373, Avg=1195.04, 90=1659, 99=2227, 99.9=16359, 99.99=16359] 
2026-04-29 20:44:19:464 21 sec: 22867 operations; 860 current ops/sec; est completion in 8 second [INSERT: Count=859, Max=19391, Min=268, Avg=1157.6, 90=1975, 99=3571, 99.9=19391, 99.99=19391] 
2026-04-29 20:44:20:464 22 sec: 24027 operations; 1160 current ops/sec; est completion in 7 second [INSERT: Count=1161, Max=92095, Min=237, Avg=857.07, 90=1083, 99=1844, 99.9=4531, 99.99=92095] 
2026-04-29 20:44:21:464 23 sec: 25118 operations; 1091 current ops/sec; est completion in 6 second [INSERT: Count=1091, Max=93759, Min=227, Avg=911.89, 90=1132, 99=1810, 99.9=8167, 99.99=93759] 
2026-04-29 20:44:22:464 24 sec: 26237 operations; 1119 current ops/sec; est completion in 5 second [INSERT: Count=1118, Max=39679, Min=221, Avg=887.42, 90=1176, 99=1904, 99.9=23327, 99.99=39679] 
2026-04-29 20:44:23:464 25 sec: 26975 operations; 738 current ops/sec; est completion in 4 second [INSERT: Count=738, Max=16879, Min=335, Avg=1350.4, 90=1913, 99=5015, 99.9=16879, 99.99=16879] 
2026-04-29 20:44:24:464 26 sec: 27673 operations; 698 current ops/sec; est completion in 4 second [INSERT: Count=698, Max=20095, Min=364, Avg=1427.32, 90=2241, 99=3417, 99.9=20095, 99.99=20095] 
2026-04-29 20:44:25:564 27 sec: 28940 operations; 1267 current ops/sec; est completion in 3 second [INSERT: Count=1267, Max=17327, Min=299, Avg=863.01, 90=1178, 99=1947, 99.9=2933, 99.99=17327] 
2026-04-29 20:44:26:464 28 sec: 30064 operations; 1124 current ops/sec; est completion in 2 second [INSERT: Count=1124, Max=18879, Min=265, Avg=797.01, 90=1021, 99=1348, 99.9=9815, 99.99=18879] 
2026-04-29 20:44:27:365 28 sec: 31250 operations; 1316.32 current ops/sec; [CLEANUP: Count=1, Max=92223, Min=92160, Avg=92192, 90=92223, 99=92223, 99.9=92223, 99.99=92223] [INSERT: Count=1186, Max=21471, Min=188, Avg=676.94, 90=943, 99=1628, 99.9=4057, 99.99=21471] 
[OVERALL], RunTime(ms), 28901
[OVERALL], Throughput(ops/sec), 1081.277464447597
[TOTAL_GCS_PS_Scavenge], Count, 0
[TOTAL_GC_TIME_PS_Scavenge], Time(ms), 0
[TOTAL_GC_TIME_%_PS_Scavenge], Time(%), 0.0
[TOTAL_GCS_PS_MarkSweep], Count, 0
[TOTAL_GC_TIME_PS_MarkSweep], Time(ms), 0
[TOTAL_GC_TIME_%_PS_MarkSweep], Time(%), 0.0
[TOTAL_GCs], Count, 0
[TOTAL_GC_TIME], Time(ms), 0
[TOTAL_GC_TIME_%], Time(%), 0.0
[CLEANUP], Operations, 1
[CLEANUP], AverageLatency(us), 92192.0
[CLEANUP], MinLatency(us), 92160
[CLEANUP], MaxLatency(us), 92223
[CLEANUP], 95thPercentileLatency(us), 92223
[CLEANUP], 99thPercentileLatency(us), 92223
[INSERT], Operations, 31250
[INSERT], AverageLatency(us), 913.20432
[INSERT], MinLatency(us), 172
[INSERT], MaxLatency(us), 99071
[INSERT], 95thPercentileLatency(us), 1570
[INSERT], 99thPercentileLatency(us), 2455
[INSERT], Return=OK, 31250
	Command being timed: "/usr/lib/jvm/java-8-openjdk-amd64/bin/java -cp /users/Xinying/ozonedb/ycsb/ozonedb/conf:/users/Xinying/ozonedb/ycsb/ozonedb/target/ozonedb-binding-0.18.0-SNAPSHOT.jar:/users/Xinying/.m2/repository/org/apache/htrace/htrace-core4/4.1.0-incubating/htrace-core4-4.1.0-incubating.jar:/users/Xinying/.m2/repository/org/slf4j/slf4j-api/1.7.25/slf4j-api-1.7.25.jar:/users/Xinying/.m2/repository/org/hdrhistogram/HdrHistogram/2.1.12/HdrHistogram-2.1.12.jar:/users/Xinying/.m2/repository/ch/qos/logback/logback-classic/1.2.3/logback-classic-1.2.3.jar:/users/Xinying/.m2/repository/ozonedbjnimaven/demoproc-jni/1.0/demoproc-jni-1.0.jar:/users/Xinying/.m2/repository/ch/qos/logback/logback-core/1.2.3/logback-core-1.2.3.jar:/users/Xinying/.m2/repository/org/codehaus/jackson/jackson-mapper-asl/1.9.4/jackson-mapper-asl-1.9.4.jar:/users/Xinying/.m2/repository/org/slf4j/slf4j-simple/1.7.25/slf4j-simple-1.7.25.jar:/users/Xinying/.m2/repository/org/codehaus/jackson/jackson-core-asl/1.9.4/jackson-core-asl-1.9.4.jar:/users/Xinying/ozonedb/ycsb/core/target/core-0.18.0-SNAPSHOT.jar site.ycsb.Client -db site.ycsb.db.OzoneDBClient -threads 1 -s -P /users/Xinying/ozonedb/ycsb/workloads/generated_workloads/workloada_1KB_1000000_1000000 -p status.interval=1 -p recordcount=1000000 -p insertstart=125000 -p insertcount=31250 -p shared_config=/tmp/phase1_ozonedb_configs/shared_config_LOAD_p32_r1_proc4.json -load"
	User time (seconds): 1.73
	System time (seconds): 13.94
	Percent of CPU this job got: 52%
	Elapsed (wall clock) time (h:mm:ss or m:ss): 0:29.72
	Average shared text size (kbytes): 0
	Average unshared data size (kbytes): 0
	Average stack size (kbytes): 0
	Average total size (kbytes): 0
	Maximum resident set size (kbytes): 368120
	Average resident set size (kbytes): 0
	Major (requiring I/O) page faults: 282
	Minor (reclaiming a frame) page faults: 87207
	Voluntary context switches: 228179
	Involuntary context switches: 1891
	Swaps: 0
	File system inputs: 3527
	File system outputs: 71874
	Socket messages sent: 0
	Socket messages received: 0
	Signals delivered: 0
	Page size (bytes): 4096
	Exit status: 0
