# CMD: /usr/bin/time -v /usr/lib/jvm/java-8-openjdk-amd64/bin/java -cp /users/Xinying/ozonedb/ycsb/ozonedb/conf:/users/Xinying/ozonedb/ycsb/ozonedb/target/ozonedb-binding-0.18.0-SNAPSHOT.jar:/users/Xinying/.m2/repository/org/apache/htrace/htrace-core4/4.1.0-incubating/htrace-core4-4.1.0-incubating.jar:/users/Xinying/.m2/repository/org/slf4j/slf4j-api/1.7.25/slf4j-api-1.7.25.jar:/users/Xinying/.m2/repository/org/hdrhistogram/HdrHistogram/2.1.12/HdrHistogram-2.1.12.jar:/users/Xinying/.m2/repository/ch/qos/logback/logback-classic/1.2.3/logback-classic-1.2.3.jar:/users/Xinying/.m2/repository/ozonedbjnimaven/demoproc-jni/1.0/demoproc-jni-1.0.jar:/users/Xinying/.m2/repository/ch/qos/logback/logback-core/1.2.3/logback-core-1.2.3.jar:/users/Xinying/.m2/repository/org/codehaus/jackson/jackson-mapper-asl/1.9.4/jackson-mapper-asl-1.9.4.jar:/users/Xinying/.m2/repository/org/slf4j/slf4j-simple/1.7.25/slf4j-simple-1.7.25.jar:/users/Xinying/.m2/repository/org/codehaus/jackson/jackson-core-asl/1.9.4/jackson-core-asl-1.9.4.jar:/users/Xinying/ozonedb/ycsb/core/target/core-0.18.0-SNAPSHOT.jar site.ycsb.Client -db site.ycsb.db.OzoneDBClient -threads 1 -s -P /users/Xinying/ozonedb/ycsb/workloads/generated_workloads/workloada_1KB_1000000_1000000 -p status.interval=1 -p recordcount=1000000 -p insertstart=187500 -p insertcount=62500 -p shared_config=/tmp/phase1_ozonedb_configs/shared_config_LOAD_p16_r1_proc3.json -load
# work_path=/tank/ycsb_data/multi-proc-run/ozonedb_load_shared_p16
Command line: -db site.ycsb.db.OzoneDBClient -threads 1 -s -P /users/Xinying/ozonedb/ycsb/workloads/generated_workloads/workloada_1KB_1000000_1000000 -p status.interval=1 -p recordcount=1000000 -p insertstart=187500 -p insertcount=62500 -p shared_config=/tmp/phase1_ozonedb_configs/shared_config_LOAD_p16_r1_proc3.json -load
YCSB Client 0.18.0-SNAPSHOT

Loading workload...
Starting test.
SLF4J: Class path contains multiple SLF4J bindings.
SLF4J: Found binding in [jar:file:/users/Xinying/.m2/repository/ch/qos/logback/logback-classic/1.2.3/logback-classic-1.2.3.jar!/org/slf4j/impl/StaticLoggerBinder.class]
SLF4J: Found binding in [jar:file:/users/Xinying/.m2/repository/org/slf4j/slf4j-simple/1.7.25/slf4j-simple-1.7.25.jar!/org/slf4j/impl/StaticLoggerBinder.class]
SLF4J: See http://www.slf4j.org/codes.html#multiple_bindings for an explanation.
SLF4J: Actual binding is of type [ch.qos.logback.classic.util.ContextSelectorStaticBinder]
2026-04-29 20:42:52:817 0 sec: 0 operations; est completion in 0 second 
Directory already created.
Starting compaction watcher
DBWrapper: report latency for each error is false and specific error codes to track for latency are: []
2026-04-29 20:42:52:900 - NewTail completed: 
2026-04-29 20:42:53:816 1 sec: 2134 operations; 2134 current ops/sec; est completion in 29 seconds [INSERT: Count=2138, Max=7867, Min=170, Avg=409.43, 90=568, 99=1280, 99.9=4843, 99.99=7867] 
2026-04-29 20:42:54:816 2 sec: 4724 operations; 2590 current ops/sec; est completion in 25 seconds [INSERT: Count=2587, Max=5315, Min=155, Avg=379.54, 90=531, 99=809, 99.9=2061, 99.99=5315] 
2026-04-29 20:42:55:816 3 sec: 6552 operations; 1828 current ops/sec; est completion in 26 seconds [INSERT: Count=1827, Max=39135, Min=187, Avg=540.35, 90=850, 99=1458, 99.9=3793, 99.99=39135] 
2026-04-29 20:42:56:816 4 sec: 9122 operations; 2570 current ops/sec; est completion in 24 seconds [INSERT: Count=2571, Max=7871, Min=165, Avg=385.43, 90=516, 99=790, 99.9=6535, 99.99=7871] 
2026-04-29 20:42:57:816 5 sec: 11608 operations; 2486 current ops/sec; est completion in 22 seconds [INSERT: Count=2486, Max=7339, Min=178, Avg=396.67, 90=527, 99=764, 99.9=6987, 99.99=7339] 
2026-04-29 20:42:58:816 6 sec: 14159 operations; 2551 current ops/sec; est completion in 21 seconds [INSERT: Count=2551, Max=3111, Min=166, Avg=388.62, 90=549, 99=777, 99.9=1388, 99.99=3111] 
2026-04-29 20:42:59:816 7 sec: 16813 operations; 2654 current ops/sec; est completion in 20 seconds [INSERT: Count=2653, Max=5823, Min=169, Avg=373.01, 90=512, 99=728, 99.9=1132, 99.99=5823] 
2026-04-29 20:43:00:816 8 sec: 18788 operations; 1975 current ops/sec; est completion in 19 seconds [INSERT: Count=1975, Max=76031, Min=165, Avg=502.22, 90=678, 99=1341, 99.9=6675, 99.99=76031] 
2026-04-29 20:43:01:816 9 sec: 20335 operations; 1547 current ops/sec; est completion in 19 seconds [INSERT: Count=1548, Max=11311, Min=188, Avg=642.47, 90=1021, 99=1547, 99.9=4835, 99.99=11311] 
2026-04-29 20:43:02:816 10 sec: 22982 operations; 2647 current ops/sec; est completion in 18 seconds [INSERT: Count=2647, Max=9751, Min=182, Avg=374.28, 90=502, 99=695, 99.9=4751, 99.99=9751] 
2026-04-29 20:43:03:816 11 sec: 25523 operations; 2541 current ops/sec; est completion in 16 seconds [INSERT: Count=2541, Max=6599, Min=194, Avg=389.95, 90=530, 99=732, 99.9=1101, 99.99=6599] 
2026-04-29 20:43:04:816 12 sec: 28084 operations; 2561 current ops/sec; est completion in 15 seconds [INSERT: Count=2561, Max=6335, Min=190, Avg=387.06, 90=524, 99=736, 99.9=1745, 99.99=6335] 
2026-04-29 20:43:05:816 13 sec: 29977 operations; 1893 current ops/sec; est completion in 15 seconds [INSERT: Count=1892, Max=99455, Min=184, Avg=524.54, 90=626, 99=1255, 99.9=74431, 99.99=99455] 
2026-04-29 20:43:06:816 14 sec: 31277 operations; 1300 current ops/sec; est completion in 14 seconds [INSERT: Count=1301, Max=5563, Min=297, Avg=764.91, 90=1109, 99=1511, 99.9=2057, 99.99=5563] 
2026-04-29 20:43:07:816 15 sec: 33005 operations; 1728 current ops/sec; est completion in 14 seconds [INSERT: Count=1727, Max=11639, Min=174, Avg=574.79, 90=907, 99=1451, 99.9=7187, 99.99=11639] 
2026-04-29 20:43:08:816 16 sec: 35585 operations; 2580 current ops/sec; est completion in 13 seconds [INSERT: Count=2581, Max=4067, Min=161, Avg=384.09, 90=538, 99=785, 99.9=1018, 99.99=4067] 
2026-04-29 20:43:09:816 17 sec: 38155 operations; 2570 current ops/sec; est completion in 11 seconds [INSERT: Count=2570, Max=10103, Min=163, Avg=386.18, 90=518, 99=698, 99.9=7715, 99.99=10103] 
2026-04-29 20:43:10:816 18 sec: 40506 operations; 2351 current ops/sec; est completion in 10 seconds [INSERT: Count=2351, Max=67391, Min=192, Avg=421.15, 90=546, 99=844, 99.9=2939, 99.99=67391] 
2026-04-29 20:43:11:816 19 sec: 41795 operations; 1289 current ops/sec; est completion in 10 seconds [INSERT: Count=1288, Max=4515, Min=298, Avg=771.99, 90=1115, 99=1675, 99.9=2431, 99.99=4515] 
2026-04-29 20:43:12:816 20 sec: 43895 operations; 2100 current ops/sec; est completion in 9 second [INSERT: Count=2101, Max=8871, Min=188, Avg=472.15, 90=771, 99=1327, 99.9=1736, 99.99=8871] 
2026-04-29 20:43:13:816 21 sec: 46543 operations; 2648 current ops/sec; est completion in 8 second [INSERT: Count=2648, Max=8911, Min=161, Avg=374.27, 90=506, 99=718, 99.9=1067, 99.99=8911] 
2026-04-29 20:43:14:816 22 sec: 49063 operations; 2520 current ops/sec; est completion in 7 second [INSERT: Count=2520, Max=9407, Min=155, Avg=393.67, 90=539, 99=831, 99.9=5219, 99.99=9407] 
2026-04-29 20:43:15:816 23 sec: 51549 operations; 2486 current ops/sec; est completion in 5 second [INSERT: Count=2486, Max=12167, Min=171, Avg=398.88, 90=533, 99=813, 99.9=6799, 99.99=12167] 
2026-04-29 20:43:16:816 24 sec: 52747 operations; 1198 current ops/sec; est completion in 5 second [INSERT: Count=1197, Max=73983, Min=239, Avg=830.72, 90=1095, 99=1564, 99.9=10471, 99.99=73983] 
2026-04-29 20:43:17:816 25 sec: 54250 operations; 1503 current ops/sec; est completion in 4 second [INSERT: Count=1504, Max=6011, Min=192, Avg=661.43, 90=1003, 99=1565, 99.9=4975, 99.99=6011] 
2026-04-29 20:43:18:816 26 sec: 56926 operations; 2676 current ops/sec; est completion in 3 second [INSERT: Count=2676, Max=10455, Min=160, Avg=371.15, 90=506, 99=701, 99.9=1435, 99.99=10455] 
2026-04-29 20:43:19:851 27 sec: 59641 operations; 2715 current ops/sec; est completion in 2 second [INSERT: Count=2716, Max=5687, Min=184, Avg=378.84, 90=532, 99=778, 99.9=981, 99.99=5687] 
2026-04-29 20:43:20:739 - NewTail completed: 
2026-04-29 20:43:20:816 28 sec: 62324 operations; 2683 current ops/sec; est completion in 1 second [INSERT: Count=2683, Max=9815, Min=143, Avg=357.39, 90=524, 99=723, 99.9=1019, 99.99=9815] 
2026-04-29 20:43:20:938 28 sec: 62500 operations; 1442.62 current ops/sec; [CLEANUP: Count=1, Max=74303, Min=74240, Avg=74272, 90=74303, 99=74303, 99.9=74303, 99.99=74303] [INSERT: Count=174, Max=685, Min=150, Avg=270.39, 90=428, 99=602, 99.9=685, 99.99=685] 
[OVERALL], RunTime(ms), 28122
[OVERALL], Throughput(ops/sec), 2222.459284545907
[TOTAL_GCS_PS_Scavenge], Count, 1
[TOTAL_GC_TIME_PS_Scavenge], Time(ms), 5
[TOTAL_GC_TIME_%_PS_Scavenge], Time(%), 0.017779674276367258
[TOTAL_GCS_PS_MarkSweep], Count, 0
[TOTAL_GC_TIME_PS_MarkSweep], Time(ms), 0
[TOTAL_GC_TIME_%_PS_MarkSweep], Time(%), 0.0
[TOTAL_GCs], Count, 1
[TOTAL_GC_TIME], Time(ms), 5
[TOTAL_GC_TIME_%], Time(%), 0.017779674276367258
[CLEANUP], Operations, 1
[CLEANUP], AverageLatency(us), 74272.0
[CLEANUP], MinLatency(us), 74240
[CLEANUP], MaxLatency(us), 74303
[CLEANUP], 95thPercentileLatency(us), 74303
[CLEANUP], 99thPercentileLatency(us), 74303
[INSERT], Operations, 62500
[INSERT], AverageLatency(us), 443.106576
[INSERT], MinLatency(us), 143
[INSERT], MaxLatency(us), 99455
[INSERT], 95thPercentileLatency(us), 835
[INSERT], 99thPercentileLatency(us), 1237
[INSERT], Return=OK, 62500
	Command being timed: "/usr/lib/jvm/java-8-openjdk-amd64/bin/java -cp /users/Xinying/ozonedb/ycsb/ozonedb/conf:/users/Xinying/ozonedb/ycsb/ozonedb/target/ozonedb-binding-0.18.0-SNAPSHOT.jar:/users/Xinying/.m2/repository/org/apache/htrace/htrace-core4/4.1.0-incubating/htrace-core4-4.1.0-incubating.jar:/users/Xinying/.m2/repository/org/slf4j/slf4j-api/1.7.25/slf4j-api-1.7.25.jar:/users/Xinying/.m2/repository/org/hdrhistogram/HdrHistogram/2.1.12/HdrHistogram-2.1.12.jar:/users/Xinying/.m2/repository/ch/qos/logback/logback-classic/1.2.3/logback-classic-1.2.3.jar:/users/Xinying/.m2/repository/ozonedbjnimaven/demoproc-jni/1.0/demoproc-jni-1.0.jar:/users/Xinying/.m2/repository/ch/qos/logback/logback-core/1.2.3/logback-core-1.2.3.jar:/users/Xinying/.m2/repository/org/codehaus/jackson/jackson-mapper-asl/1.9.4/jackson-mapper-asl-1.9.4.jar:/users/Xinying/.m2/repository/org/slf4j/slf4j-simple/1.7.25/slf4j-simple-1.7.25.jar:/users/Xinying/.m2/repository/org/codehaus/jackson/jackson-core-asl/1.9.4/jackson-core-asl-1.9.4.jar:/users/Xinying/ozonedb/ycsb/core/target/core-0.18.0-SNAPSHOT.jar site.ycsb.Client -db site.ycsb.db.OzoneDBClient -threads 1 -s -P /users/Xinying/ozonedb/ycsb/workloads/generated_workloads/workloada_1KB_1000000_1000000 -p status.interval=1 -p recordcount=1000000 -p insertstart=187500 -p insertcount=62500 -p shared_config=/tmp/phase1_ozonedb_configs/shared_config_LOAD_p16_r1_proc3.json -load"
	User time (seconds): 2.20
	System time (seconds): 13.72
	Percent of CPU this job got: 55%
	Elapsed (wall clock) time (h:mm:ss or m:ss): 0:28.73
	Average shared text size (kbytes): 0
	Average unshared data size (kbytes): 0
	Average stack size (kbytes): 0
	Average total size (kbytes): 0
	Maximum resident set size (kbytes): 579924
	Average resident set size (kbytes): 0
	Major (requiring I/O) page faults: 373
	Minor (reclaiming a frame) page faults: 139757
	Voluntary context switches: 404811
	Involuntary context switches: 816
	Swaps: 0
	File system inputs: 6336
	File system outputs: 143368
	Socket messages sent: 0
	Socket messages received: 0
	Signals delivered: 0
	Page size (bytes): 4096
	Exit status: 0
