# CMD: /usr/bin/time -v /usr/lib/jvm/java-8-openjdk-amd64/bin/java -cp /users/Xinying/ozonedb/ycsb/ozonedb/conf:/users/Xinying/ozonedb/ycsb/ozonedb/target/ozonedb-binding-0.18.0-SNAPSHOT.jar:/users/Xinying/.m2/repository/org/apache/htrace/htrace-core4/4.1.0-incubating/htrace-core4-4.1.0-incubating.jar:/users/Xinying/.m2/repository/org/slf4j/slf4j-api/1.7.25/slf4j-api-1.7.25.jar:/users/Xinying/.m2/repository/org/hdrhistogram/HdrHistogram/2.1.12/HdrHistogram-2.1.12.jar:/users/Xinying/.m2/repository/ch/qos/logback/logback-classic/1.2.3/logback-classic-1.2.3.jar:/users/Xinying/.m2/repository/ozonedbjnimaven/demoproc-jni/1.0/demoproc-jni-1.0.jar:/users/Xinying/.m2/repository/ch/qos/logback/logback-core/1.2.3/logback-core-1.2.3.jar:/users/Xinying/.m2/repository/org/codehaus/jackson/jackson-mapper-asl/1.9.4/jackson-mapper-asl-1.9.4.jar:/users/Xinying/.m2/repository/org/slf4j/slf4j-simple/1.7.25/slf4j-simple-1.7.25.jar:/users/Xinying/.m2/repository/org/codehaus/jackson/jackson-core-asl/1.9.4/jackson-core-asl-1.9.4.jar:/users/Xinying/ozonedb/ycsb/core/target/core-0.18.0-SNAPSHOT.jar site.ycsb.Client -db site.ycsb.db.OzoneDBClient -threads 1 -s -P /users/Xinying/ozonedb/ycsb/workloads/generated_workloads/workloada_1KB_1000000_1000000 -p status.interval=1 -p recordcount=1000000 -p insertstart=156250 -p insertcount=31250 -p shared_config=/tmp/phase1_ozonedb_configs/shared_config_LOAD_p32_r1_proc5.json -load
# work_path=/tank/ycsb_data/multi-proc-run/ozonedb_load_shared_p32
Command line: -db site.ycsb.db.OzoneDBClient -threads 1 -s -P /users/Xinying/ozonedb/ycsb/workloads/generated_workloads/workloada_1KB_1000000_1000000 -p status.interval=1 -p recordcount=1000000 -p insertstart=156250 -p insertcount=31250 -p shared_config=/tmp/phase1_ozonedb_configs/shared_config_LOAD_p32_r1_proc5.json -load
YCSB Client 0.18.0-SNAPSHOT

Loading workload...
Starting test.
SLF4J: Class path contains multiple SLF4J bindings.
SLF4J: Found binding in [jar:file:/users/Xinying/.m2/repository/ch/qos/logback/logback-classic/1.2.3/logback-classic-1.2.3.jar!/org/slf4j/impl/StaticLoggerBinder.class]
SLF4J: Found binding in [jar:file:/users/Xinying/.m2/repository/org/slf4j/slf4j-simple/1.7.25/slf4j-simple-1.7.25.jar!/org/slf4j/impl/StaticLoggerBinder.class]
SLF4J: See http://www.slf4j.org/codes.html#multiple_bindings for an explanation.
SLF4J: Actual binding is of type [ch.qos.logback.classic.util.ContextSelectorStaticBinder]
2026-04-29 20:43:58:458 0 sec: 0 operations; est completion in 0 second 
Directory already created.
Starting compaction watcher
DBWrapper: report latency for each error is false and specific error codes to track for latency are: []
2026-04-29 20:43:58:521 - NewTail completed: 
2026-04-29 20:43:59:458 1 sec: 1016 operations; 1016 current ops/sec; est completion in 30 seconds [INSERT: Count=1016, Max=13119, Min=218, Avg=886.47, 90=1284, 99=5187, 99.9=12639, 99.99=13119] 
2026-04-29 20:44:00:458 2 sec: 2132 operations; 1116 current ops/sec; est completion in 28 seconds [INSERT: Count=1116, Max=18015, Min=187, Avg=883.7, 90=1176, 99=2707, 99.9=16927, 99.99=18015] 
2026-04-29 20:44:01:458 3 sec: 3459 operations; 1327 current ops/sec; est completion in 25 seconds [INSERT: Count=1328, Max=5183, Min=168, Avg=745.98, 90=1041, 99=1573, 99.9=2749, 99.99=5183] 
2026-04-29 20:44:02:458 4 sec: 4477 operations; 1018 current ops/sec; est completion in 24 seconds [INSERT: Count=1018, Max=27439, Min=208, Avg=972.05, 90=1432, 99=1967, 99.9=5235, 99.99=27439] 
2026-04-29 20:44:03:458 5 sec: 5719 operations; 1242 current ops/sec; est completion in 23 seconds [INSERT: Count=1243, Max=11767, Min=190, Avg=796.05, 90=1078, 99=2461, 99.9=10575, 99.99=11767] 
2026-04-29 20:44:04:458 6 sec: 6863 operations; 1144 current ops/sec; est completion in 22 seconds [INSERT: Count=1142, Max=23487, Min=179, Avg=868.65, 90=1162, 99=3329, 99.9=9599, 99.99=23487] 
2026-04-29 20:44:05:458 7 sec: 8091 operations; 1228 current ops/sec; est completion in 21 seconds [INSERT: Count=1228, Max=8103, Min=227, Avg=806.7, 90=1132, 99=1802, 99.9=2819, 99.99=8103] 
2026-04-29 20:44:06:458 8 sec: 9359 operations; 1268 current ops/sec; est completion in 19 seconds [INSERT: Count=1268, Max=10455, Min=224, Avg=786.45, 90=1061, 99=1684, 99.9=4703, 99.99=10455] 
2026-04-29 20:44:07:458 9 sec: 10392 operations; 1033 current ops/sec; est completion in 19 seconds [INSERT: Count=1033, Max=37887, Min=224, Avg=961.88, 90=1415, 99=2257, 99.9=6643, 99.99=37887] 
2026-04-29 20:44:08:458 10 sec: 11226 operations; 834 current ops/sec; est completion in 18 seconds [INSERT: Count=835, Max=93055, Min=264, Avg=1192.57, 90=1583, 99=2251, 99.9=93055, 99.99=93055] 
2026-04-29 20:44:09:458 11 sec: 12343 operations; 1117 current ops/sec; est completion in 17 seconds [INSERT: Count=1116, Max=91199, Min=225, Avg=890.53, 90=1091, 99=1809, 99.9=8263, 99.99=91199] 
2026-04-29 20:44:10:458 12 sec: 13570 operations; 1227 current ops/sec; est completion in 16 seconds [INSERT: Count=1228, Max=9295, Min=209, Avg=809.9, 90=1071, 99=1828, 99.9=8263, 99.99=9295] 
2026-04-29 20:44:11:458 13 sec: 14824 operations; 1254 current ops/sec; est completion in 15 seconds [INSERT: Count=1253, Max=4011, Min=201, Avg=792.92, 90=1123, 99=1696, 99.9=2781, 99.99=4011] 
2026-04-29 20:44:12:458 14 sec: 15964 operations; 1140 current ops/sec; est completion in 14 seconds [INSERT: Count=1140, Max=39487, Min=185, Avg=873.06, 90=1295, 99=2055, 99.9=13383, 99.99=39487] 
2026-04-29 20:44:13:458 15 sec: 16821 operations; 857 current ops/sec; est completion in 13 seconds [INSERT: Count=857, Max=13095, Min=374, Avg=1161.25, 90=1637, 99=2107, 99.9=13095, 99.99=13095] 
2026-04-29 20:44:14:458 16 sec: 17787 operations; 966 current ops/sec; est completion in 13 seconds [INSERT: Count=967, Max=90879, Min=242, Avg=1029.67, 90=1394, 99=2149, 99.9=90879, 99.99=90879] 
2026-04-29 20:44:15:458 17 sec: 18982 operations; 1195 current ops/sec; est completion in 11 seconds [INSERT: Count=1195, Max=10023, Min=197, Avg=832.21, 90=1092, 99=1710, 99.9=6803, 99.99=10023] 
2026-04-29 20:44:16:458 18 sec: 20172 operations; 1190 current ops/sec; est completion in 10 seconds [INSERT: Count=1189, Max=9799, Min=221, Avg=836.1, 90=1138, 99=1994, 99.9=5751, 99.99=9799] 
2026-04-29 20:44:17:458 19 sec: 21286 operations; 1114 current ops/sec; est completion in 9 second [INSERT: Count=1114, Max=37951, Min=203, Avg=892.17, 90=1262, 99=1926, 99.9=6955, 99.99=37951] 
2026-04-29 20:44:18:458 20 sec: 22115 operations; 829 current ops/sec; est completion in 9 second [INSERT: Count=829, Max=8067, Min=390, Avg=1201.61, 90=1673, 99=2667, 99.9=8067, 99.99=8067] 
2026-04-29 20:44:19:458 21 sec: 22991 operations; 876 current ops/sec; est completion in 8 second [INSERT: Count=877, Max=15375, Min=232, Avg=1135.69, 90=1924, 99=3641, 99.9=15375, 99.99=15375] 
2026-04-29 20:44:20:458 22 sec: 24153 operations; 1162 current ops/sec; est completion in 7 second [INSERT: Count=1161, Max=89343, Min=204, Avg=855.93, 90=1076, 99=1650, 99.9=2545, 99.99=89343] 
2026-04-29 20:44:21:458 23 sec: 25246 operations; 1093 current ops/sec; est completion in 6 second [INSERT: Count=1093, Max=83647, Min=206, Avg=909.87, 90=1154, 99=1839, 99.9=9967, 99.99=83647] 
2026-04-29 20:44:22:458 24 sec: 26415 operations; 1169 current ops/sec; est completion in 5 second [INSERT: Count=1169, Max=34271, Min=204, Avg=850.91, 90=1106, 99=2143, 99.9=11679, 99.99=34271] 
2026-04-29 20:44:23:458 25 sec: 27153 operations; 738 current ops/sec; est completion in 4 second [INSERT: Count=738, Max=10263, Min=341, Avg=1350.23, 90=1930, 99=6019, 99.9=10263, 99.99=10263] 
2026-04-29 20:44:23:953 - NewTail completed: 
2026-04-29 20:44:24:458 26 sec: 27839 operations; 686 current ops/sec; est completion in 4 second [INSERT: Count=686, Max=14359, Min=401, Avg=1451.34, 90=2303, 99=3821, 99.9=14359, 99.99=14359] 
2026-04-29 20:44:25:563 27 sec: 29159 operations; 1320 current ops/sec; est completion in 2 second [INSERT: Count=1321, Max=11703, Min=205, Avg=832.47, 90=1154, 99=1865, 99.9=8719, 99.99=11703] 
2026-04-29 20:44:26:458 28 sec: 30292 operations; 1133 current ops/sec; est completion in 1 second [INSERT: Count=1132, Max=15823, Min=211, Avg=784.09, 90=1039, 99=1395, 99.9=2377, 99.99=15823] 
2026-04-29 20:44:27:180 28 sec: 31250 operations; 1326.87 current ops/sec; [CLEANUP: Count=1, Max=59071, Min=59040, Avg=59056, 90=59071, 99=59071, 99.9=59071, 99.99=59071] [INSERT: Count=958, Max=9695, Min=184, Avg=689.43, 90=969, 99=1642, 99.9=9695, 99.99=9695] 
[OVERALL], RunTime(ms), 28723
[OVERALL], Throughput(ops/sec), 1087.9782752497997
[TOTAL_GCS_PS_Scavenge], Count, 0
[TOTAL_GC_TIME_PS_Scavenge], Time(ms), 0
[TOTAL_GC_TIME_%_PS_Scavenge], Time(%), 0.0
[TOTAL_GCS_PS_MarkSweep], Count, 0
[TOTAL_GC_TIME_PS_MarkSweep], Time(ms), 0
[TOTAL_GC_TIME_%_PS_MarkSweep], Time(%), 0.0
[TOTAL_GCs], Count, 0
[TOTAL_GC_TIME], Time(ms), 0
[TOTAL_GC_TIME_%], Time(%), 0.0
[CLEANUP], Operations, 1
[CLEANUP], AverageLatency(us), 59056.0
[CLEANUP], MinLatency(us), 59040
[CLEANUP], MaxLatency(us), 59071
[CLEANUP], 95thPercentileLatency(us), 59071
[CLEANUP], 99thPercentileLatency(us), 59071
[INSERT], Operations, 31250
[INSERT], AverageLatency(us), 908.522336
[INSERT], MinLatency(us), 168
[INSERT], MaxLatency(us), 93055
[INSERT], 95thPercentileLatency(us), 1556
[INSERT], 99thPercentileLatency(us), 2387
[INSERT], Return=OK, 31250
	Command being timed: "/usr/lib/jvm/java-8-openjdk-amd64/bin/java -cp /users/Xinying/ozonedb/ycsb/ozonedb/conf:/users/Xinying/ozonedb/ycsb/ozonedb/target/ozonedb-binding-0.18.0-SNAPSHOT.jar:/users/Xinying/.m2/repository/org/apache/htrace/htrace-core4/4.1.0-incubating/htrace-core4-4.1.0-incubating.jar:/users/Xinying/.m2/repository/org/slf4j/slf4j-api/1.7.25/slf4j-api-1.7.25.jar:/users/Xinying/.m2/repository/org/hdrhistogram/HdrHistogram/2.1.12/HdrHistogram-2.1.12.jar:/users/Xinying/.m2/repository/ch/qos/logback/logback-classic/1.2.3/logback-classic-1.2.3.jar:/users/Xinying/.m2/repository/ozonedbjnimaven/demoproc-jni/1.0/demoproc-jni-1.0.jar:/users/Xinying/.m2/repository/ch/qos/logback/logback-core/1.2.3/logback-core-1.2.3.jar:/users/Xinying/.m2/repository/org/codehaus/jackson/jackson-mapper-asl/1.9.4/jackson-mapper-asl-1.9.4.jar:/users/Xinying/.m2/repository/org/slf4j/slf4j-simple/1.7.25/slf4j-simple-1.7.25.jar:/users/Xinying/.m2/repository/org/codehaus/jackson/jackson-core-asl/1.9.4/jackson-core-asl-1.9.4.jar:/users/Xinying/ozonedb/ycsb/core/target/core-0.18.0-SNAPSHOT.jar site.ycsb.Client -db site.ycsb.db.OzoneDBClient -threads 1 -s -P /users/Xinying/ozonedb/ycsb/workloads/generated_workloads/workloada_1KB_1000000_1000000 -p status.interval=1 -p recordcount=1000000 -p insertstart=156250 -p insertcount=31250 -p shared_config=/tmp/phase1_ozonedb_configs/shared_config_LOAD_p32_r1_proc5.json -load"
	User time (seconds): 1.92
	System time (seconds): 13.77
	Percent of CPU this job got: 53%
	Elapsed (wall clock) time (h:mm:ss or m:ss): 0:29.42
	Average shared text size (kbytes): 0
	Average unshared data size (kbytes): 0
	Average stack size (kbytes): 0
	Average total size (kbytes): 0
	Maximum resident set size (kbytes): 370836
	Average resident set size (kbytes): 0
	Major (requiring I/O) page faults: 298
	Minor (reclaiming a frame) page faults: 87555
	Voluntary context switches: 229575
	Involuntary context switches: 2136
	Swaps: 0
	File system inputs: 3007
	File system outputs: 71866
	Socket messages sent: 0
	Socket messages received: 0
	Signals delivered: 0
	Page size (bytes): 4096
	Exit status: 0
