# CMD: /usr/bin/time -v /usr/lib/jvm/java-8-openjdk-amd64/bin/java -cp /users/Xinying/ozonedb/ycsb/ozonedb/conf:/users/Xinying/ozonedb/ycsb/ozonedb/target/ozonedb-binding-0.18.0-SNAPSHOT.jar:/users/Xinying/.m2/repository/org/apache/htrace/htrace-core4/4.1.0-incubating/htrace-core4-4.1.0-incubating.jar:/users/Xinying/.m2/repository/org/slf4j/slf4j-api/1.7.25/slf4j-api-1.7.25.jar:/users/Xinying/.m2/repository/org/hdrhistogram/HdrHistogram/2.1.12/HdrHistogram-2.1.12.jar:/users/Xinying/.m2/repository/ch/qos/logback/logback-classic/1.2.3/logback-classic-1.2.3.jar:/users/Xinying/.m2/repository/ozonedbjnimaven/demoproc-jni/1.0/demoproc-jni-1.0.jar:/users/Xinying/.m2/repository/ch/qos/logback/logback-core/1.2.3/logback-core-1.2.3.jar:/users/Xinying/.m2/repository/org/codehaus/jackson/jackson-mapper-asl/1.9.4/jackson-mapper-asl-1.9.4.jar:/users/Xinying/.m2/repository/org/slf4j/slf4j-simple/1.7.25/slf4j-simple-1.7.25.jar:/users/Xinying/.m2/repository/org/codehaus/jackson/jackson-core-asl/1.9.4/jackson-core-asl-1.9.4.jar:/users/Xinying/ozonedb/ycsb/core/target/core-0.18.0-SNAPSHOT.jar site.ycsb.Client -db site.ycsb.db.OzoneDBClient -threads 1 -s -P /users/Xinying/ozonedb/ycsb/workloads/generated_workloads/workloada_1KB_1000000_1000000 -p status.interval=1 -p recordcount=1000000 -p insertstart=750000 -p insertcount=62500 -p shared_config=/tmp/phase1_ozonedb_configs/shared_config_LOAD_p16_r1_proc12.json -load
# work_path=/tank/ycsb_data/multi-proc-run/ozonedb_load_shared_p16
Command line: -db site.ycsb.db.OzoneDBClient -threads 1 -s -P /users/Xinying/ozonedb/ycsb/workloads/generated_workloads/workloada_1KB_1000000_1000000 -p status.interval=1 -p recordcount=1000000 -p insertstart=750000 -p insertcount=62500 -p shared_config=/tmp/phase1_ozonedb_configs/shared_config_LOAD_p16_r1_proc12.json -load
YCSB Client 0.18.0-SNAPSHOT

Loading workload...
Starting test.
SLF4J: Class path contains multiple SLF4J bindings.
SLF4J: Found binding in [jar:file:/users/Xinying/.m2/repository/ch/qos/logback/logback-classic/1.2.3/logback-classic-1.2.3.jar!/org/slf4j/impl/StaticLoggerBinder.class]
SLF4J: Found binding in [jar:file:/users/Xinying/.m2/repository/org/slf4j/slf4j-simple/1.7.25/slf4j-simple-1.7.25.jar!/org/slf4j/impl/StaticLoggerBinder.class]
SLF4J: See http://www.slf4j.org/codes.html#multiple_bindings for an explanation.
SLF4J: Actual binding is of type [ch.qos.logback.classic.util.ContextSelectorStaticBinder]
2026-04-29 20:42:52:818 0 sec: 0 operations; est completion in 0 second 
Directory already created.
Starting compaction watcher
DBWrapper: report latency for each error is false and specific error codes to track for latency are: []
2026-04-29 20:42:52:901 - NewTail completed: 
2026-04-29 20:42:53:818 1 sec: 2186 operations; 2186 current ops/sec; est completion in 28 seconds [INSERT: Count=2190, Max=8487, Min=168, Avg=401.82, 90=548, 99=1062, 99.9=5611, 99.99=8487] 
2026-04-29 20:42:54:818 2 sec: 4742 operations; 2556 current ops/sec; est completion in 25 seconds [INSERT: Count=2552, Max=11975, Min=174, Avg=385.04, 90=513, 99=785, 99.9=7423, 99.99=11975] 
2026-04-29 20:42:55:818 3 sec: 6595 operations; 1853 current ops/sec; est completion in 26 seconds [INSERT: Count=1853, Max=39039, Min=163, Avg=532.61, 90=852, 99=1496, 99.9=4795, 99.99=39039] 
2026-04-29 20:42:56:818 4 sec: 9138 operations; 2543 current ops/sec; est completion in 24 seconds [INSERT: Count=2545, Max=7291, Min=161, Avg=389.27, 90=528, 99=776, 99.9=4827, 99.99=7291] 
2026-04-29 20:42:57:818 5 sec: 11593 operations; 2455 current ops/sec; est completion in 22 seconds [INSERT: Count=2455, Max=12351, Min=178, Avg=403.06, 90=533, 99=769, 99.9=7371, 99.99=12351] 
2026-04-29 20:42:58:818 6 sec: 14186 operations; 2593 current ops/sec; est completion in 21 seconds [INSERT: Count=2592, Max=6571, Min=175, Avg=382.5, 90=516, 99=770, 99.9=3021, 99.99=6571] 
2026-04-29 20:42:59:818 7 sec: 16853 operations; 2667 current ops/sec; est completion in 19 seconds [INSERT: Count=2666, Max=11151, Min=178, Avg=371.93, 90=499, 99=705, 99.9=8959, 99.99=11151] 
2026-04-29 20:43:00:818 8 sec: 18831 operations; 1978 current ops/sec; est completion in 19 seconds [INSERT: Count=1979, Max=76095, Min=183, Avg=501.8, 90=700, 99=1402, 99.9=8799, 99.99=76095] 
2026-04-29 20:43:01:818 9 sec: 20353 operations; 1522 current ops/sec; est completion in 19 seconds [INSERT: Count=1522, Max=6043, Min=186, Avg=652.68, 90=1007, 99=1473, 99.9=4847, 99.99=6043] 
2026-04-29 20:43:02:818 10 sec: 22924 operations; 2571 current ops/sec; est completion in 18 seconds [INSERT: Count=2571, Max=5607, Min=182, Avg=385.41, 90=526, 99=742, 99.9=4635, 99.99=5607] 
2026-04-29 20:43:03:818 11 sec: 25470 operations; 2546 current ops/sec; est completion in 16 seconds [INSERT: Count=2545, Max=5043, Min=174, Avg=389.22, 90=540, 99=783, 99.9=1205, 99.99=5043] 
2026-04-29 20:43:04:818 12 sec: 27986 operations; 2516 current ops/sec; est completion in 15 seconds [INSERT: Count=2518, Max=8335, Min=191, Avg=393.85, 90=529, 99=728, 99.9=5431, 99.99=8335] 
2026-04-29 20:43:05:818 13 sec: 29872 operations; 1886 current ops/sec; est completion in 15 seconds [INSERT: Count=1885, Max=99455, Min=181, Avg=526.67, 90=625, 99=1235, 99.9=74623, 99.99=99455] 
2026-04-29 20:43:06:818 14 sec: 31162 operations; 1290 current ops/sec; est completion in 15 seconds [INSERT: Count=1289, Max=7635, Min=307, Avg=770.36, 90=1099, 99=1502, 99.9=6127, 99.99=7635] 
2026-04-29 20:43:07:818 15 sec: 32879 operations; 1717 current ops/sec; est completion in 14 seconds [INSERT: Count=1718, Max=6535, Min=169, Avg=578.53, 90=908, 99=1479, 99.9=5811, 99.99=6535] 
2026-04-29 20:43:08:818 16 sec: 35414 operations; 2535 current ops/sec; est completion in 13 seconds [INSERT: Count=2536, Max=2763, Min=184, Avg=390.69, 90=555, 99=830, 99.9=1068, 99.99=2763] 
2026-04-29 20:43:09:818 17 sec: 38033 operations; 2619 current ops/sec; est completion in 11 seconds [INSERT: Count=2618, Max=7011, Min=157, Avg=378.63, 90=520, 99=699, 99.9=1556, 99.99=7011] 
2026-04-29 20:43:10:422 - NewTail completed: 
2026-04-29 20:43:10:818 18 sec: 40444 operations; 2411 current ops/sec; est completion in 10 seconds [INSERT: Count=2410, Max=67583, Min=190, Avg=411.56, 90=520, 99=854, 99.9=2085, 99.99=67583] 
2026-04-29 20:43:11:818 19 sec: 41755 operations; 1311 current ops/sec; est completion in 10 seconds [INSERT: Count=1312, Max=2419, Min=312, Avg=758.4, 90=1081, 99=1598, 99.9=2409, 99.99=2419] 
2026-04-29 20:43:12:818 20 sec: 43872 operations; 2117 current ops/sec; est completion in 9 second [INSERT: Count=2117, Max=6619, Min=172, Avg=468.6, 90=744, 99=1309, 99.9=1648, 99.99=6619] 
2026-04-29 20:43:13:818 21 sec: 46397 operations; 2525 current ops/sec; est completion in 8 second [INSERT: Count=2525, Max=6895, Min=167, Avg=392.77, 90=555, 99=805, 99.9=1107, 99.99=6895] 
2026-04-29 20:43:14:818 22 sec: 48877 operations; 2480 current ops/sec; est completion in 7 second [INSERT: Count=2479, Max=8271, Min=183, Avg=399.7, 90=535, 99=939, 99.9=5111, 99.99=8271] 
2026-04-29 20:43:15:818 23 sec: 51367 operations; 2490 current ops/sec; est completion in 5 second [INSERT: Count=2490, Max=9607, Min=184, Avg=397.56, 90=536, 99=784, 99.9=7363, 99.99=9607] 
2026-04-29 20:43:16:818 24 sec: 52575 operations; 1208 current ops/sec; est completion in 5 second [INSERT: Count=1208, Max=73919, Min=319, Avg=824.21, 90=1105, 99=1521, 99.9=6863, 99.99=73919] 
2026-04-29 20:43:17:818 25 sec: 54111 operations; 1536 current ops/sec; est completion in 4 second [INSERT: Count=1536, Max=2855, Min=202, Avg=647.02, 90=956, 99=1492, 99.9=2469, 99.99=2855] 
2026-04-29 20:43:18:818 26 sec: 56720 operations; 2609 current ops/sec; est completion in 3 second [INSERT: Count=2610, Max=7695, Min=164, Avg=380.72, 90=526, 99=746, 99.9=4483, 99.99=7695] 
2026-04-29 20:43:19:851 27 sec: 59433 operations; 2713 current ops/sec; est completion in 2 second [INSERT: Count=2713, Max=6827, Min=179, Avg=378.31, 90=528, 99=758, 99.9=1160, 99.99=6827] 
2026-04-29 20:43:20:818 28 sec: 61706 operations; 2273 current ops/sec; est completion in 1 second [INSERT: Count=2272, Max=6823, Min=167, Avg=387.74, 90=537, 99=743, 99.9=927, 99.99=6823] 
2026-04-29 20:43:21:436 28 sec: 62500 operations; 1284.79 current ops/sec; [CLEANUP: Count=1, Max=80127, Min=80064, Avg=80096, 90=80127, 99=80127, 99.9=80127, 99.99=80127] [INSERT: Count=794, Max=97919, Min=184, Avg=776.44, 90=888, 99=1519, 99.9=97919, 99.99=97919] 
[OVERALL], RunTime(ms), 28619
[OVERALL], Throughput(ops/sec), 2183.8638666620077
[TOTAL_GCS_PS_Scavenge], Count, 1
[TOTAL_GC_TIME_PS_Scavenge], Time(ms), 5
[TOTAL_GC_TIME_%_PS_Scavenge], Time(%), 0.01747091093329606
[TOTAL_GCS_PS_MarkSweep], Count, 0
[TOTAL_GC_TIME_PS_MarkSweep], Time(ms), 0
[TOTAL_GC_TIME_%_PS_MarkSweep], Time(%), 0.0
[TOTAL_GCs], Count, 1
[TOTAL_GC_TIME], Time(ms), 5
[TOTAL_GC_TIME_%], Time(%), 0.01747091093329606
[CLEANUP], Operations, 1
[CLEANUP], AverageLatency(us), 80096.0
[CLEANUP], MinLatency(us), 80064
[CLEANUP], MaxLatency(us), 80127
[CLEANUP], 95thPercentileLatency(us), 80127
[CLEANUP], 99thPercentileLatency(us), 80127
[INSERT], Operations, 62500
[INSERT], AverageLatency(us), 451.079376
[INSERT], MinLatency(us), 157
[INSERT], MaxLatency(us), 99455
[INSERT], 95thPercentileLatency(us), 843
[INSERT], 99thPercentileLatency(us), 1236
[INSERT], Return=OK, 62500
	Command being timed: "/usr/lib/jvm/java-8-openjdk-amd64/bin/java -cp /users/Xinying/ozonedb/ycsb/ozonedb/conf:/users/Xinying/ozonedb/ycsb/ozonedb/target/ozonedb-binding-0.18.0-SNAPSHOT.jar:/users/Xinying/.m2/repository/org/apache/htrace/htrace-core4/4.1.0-incubating/htrace-core4-4.1.0-incubating.jar:/users/Xinying/.m2/repository/org/slf4j/slf4j-api/1.7.25/slf4j-api-1.7.25.jar:/users/Xinying/.m2/repository/org/hdrhistogram/HdrHistogram/2.1.12/HdrHistogram-2.1.12.jar:/users/Xinying/.m2/repository/ch/qos/logback/logback-classic/1.2.3/logback-classic-1.2.3.jar:/users/Xinying/.m2/repository/ozonedbjnimaven/demoproc-jni/1.0/demoproc-jni-1.0.jar:/users/Xinying/.m2/repository/ch/qos/logback/logback-core/1.2.3/logback-core-1.2.3.jar:/users/Xinying/.m2/repository/org/codehaus/jackson/jackson-mapper-asl/1.9.4/jackson-mapper-asl-1.9.4.jar:/users/Xinying/.m2/repository/org/slf4j/slf4j-simple/1.7.25/slf4j-simple-1.7.25.jar:/users/Xinying/.m2/repository/org/codehaus/jackson/jackson-core-asl/1.9.4/jackson-core-asl-1.9.4.jar:/users/Xinying/ozonedb/ycsb/core/target/core-0.18.0-SNAPSHOT.jar site.ycsb.Client -db site.ycsb.db.OzoneDBClient -threads 1 -s -P /users/Xinying/ozonedb/ycsb/workloads/generated_workloads/workloada_1KB_1000000_1000000 -p status.interval=1 -p recordcount=1000000 -p insertstart=750000 -p insertcount=62500 -p shared_config=/tmp/phase1_ozonedb_configs/shared_config_LOAD_p16_r1_proc12.json -load"
	User time (seconds): 2.25
	System time (seconds): 13.56
	Percent of CPU this job got: 54%
	Elapsed (wall clock) time (h:mm:ss or m:ss): 0:29.17
	Average shared text size (kbytes): 0
	Average unshared data size (kbytes): 0
	Average stack size (kbytes): 0
	Average total size (kbytes): 0
	Maximum resident set size (kbytes): 575780
	Average resident set size (kbytes): 0
	Major (requiring I/O) page faults: 399
	Minor (reclaiming a frame) page faults: 138783
	Voluntary context switches: 408750
	Involuntary context switches: 831
	Swaps: 0
	File system inputs: 5911
	File system outputs: 143408
	Socket messages sent: 0
	Socket messages received: 0
	Signals delivered: 0
	Page size (bytes): 4096
	Exit status: 0
