# CMD: /usr/bin/time -v /usr/lib/jvm/java-8-openjdk-amd64/bin/java -cp /users/Xinying/ozonedb/ycsb/ozonedb/conf:/users/Xinying/ozonedb/ycsb/ozonedb/target/ozonedb-binding-0.18.0-SNAPSHOT.jar:/users/Xinying/.m2/repository/org/apache/htrace/htrace-core4/4.1.0-incubating/htrace-core4-4.1.0-incubating.jar:/users/Xinying/.m2/repository/org/slf4j/slf4j-api/1.7.25/slf4j-api-1.7.25.jar:/users/Xinying/.m2/repository/org/hdrhistogram/HdrHistogram/2.1.12/HdrHistogram-2.1.12.jar:/users/Xinying/.m2/repository/ch/qos/logback/logback-classic/1.2.3/logback-classic-1.2.3.jar:/users/Xinying/.m2/repository/ozonedbjnimaven/demoproc-jni/1.0/demoproc-jni-1.0.jar:/users/Xinying/.m2/repository/ch/qos/logback/logback-core/1.2.3/logback-core-1.2.3.jar:/users/Xinying/.m2/repository/org/codehaus/jackson/jackson-mapper-asl/1.9.4/jackson-mapper-asl-1.9.4.jar:/users/Xinying/.m2/repository/org/slf4j/slf4j-simple/1.7.25/slf4j-simple-1.7.25.jar:/users/Xinying/.m2/repository/org/codehaus/jackson/jackson-core-asl/1.9.4/jackson-core-asl-1.9.4.jar:/users/Xinying/ozonedb/ycsb/core/target/core-0.18.0-SNAPSHOT.jar site.ycsb.Client -db site.ycsb.db.OzoneDBClient -threads 1 -s -P /users/Xinying/ozonedb/ycsb/workloads/generated_workloads/workloada_1KB_1000000_1000000 -p status.interval=1 -p recordcount=1000000 -p insertstart=291662 -p insertcount=41666 -p shared_config=/tmp/phase1_ozonedb_configs/shared_config_LOAD_p24_r1_proc7.json -load
# work_path=/tank/ycsb_data/multi-proc-run/ozonedb_load_shared_p24
Command line: -db site.ycsb.db.OzoneDBClient -threads 1 -s -P /users/Xinying/ozonedb/ycsb/workloads/generated_workloads/workloada_1KB_1000000_1000000 -p status.interval=1 -p recordcount=1000000 -p insertstart=291662 -p insertcount=41666 -p shared_config=/tmp/phase1_ozonedb_configs/shared_config_LOAD_p24_r1_proc7.json -load
YCSB Client 0.18.0-SNAPSHOT

Loading workload...
Starting test.
SLF4J: Class path contains multiple SLF4J bindings.
SLF4J: Found binding in [jar:file:/users/Xinying/.m2/repository/ch/qos/logback/logback-classic/1.2.3/logback-classic-1.2.3.jar!/org/slf4j/impl/StaticLoggerBinder.class]
SLF4J: Found binding in [jar:file:/users/Xinying/.m2/repository/org/slf4j/slf4j-simple/1.7.25/slf4j-simple-1.7.25.jar!/org/slf4j/impl/StaticLoggerBinder.class]
SLF4J: See http://www.slf4j.org/codes.html#multiple_bindings for an explanation.
SLF4J: Actual binding is of type [ch.qos.logback.classic.util.ContextSelectorStaticBinder]
2026-04-29 20:43:25:388 0 sec: 0 operations; est completion in 0 second 
Directory already created.
Starting compaction watcher
DBWrapper: report latency for each error is false and specific error codes to track for latency are: []
2026-04-29 20:43:25:475 - NewTail completed: 
2026-04-29 20:43:26:387 1 sec: 1354 operations; 1354 current ops/sec; est completion in 30 seconds [INSERT: Count=1359, Max=14871, Min=175, Avg=645.29, 90=921, 99=2889, 99.9=7599, 99.99=14871] 
2026-04-29 20:43:27:387 2 sec: 2934 operations; 1580 current ops/sec; est completion in 27 seconds [INSERT: Count=1575, Max=15095, Min=168, Avg=624.87, 90=836, 99=1519, 99.9=12495, 99.99=15095] 
2026-04-29 20:43:28:387 3 sec: 4491 operations; 1557 current ops/sec; est completion in 25 seconds [INSERT: Count=1558, Max=90687, Min=163, Avg=635.1, 90=780, 99=1077, 99.9=3479, 99.99=90687] 
2026-04-29 20:43:29:387 4 sec: 6003 operations; 1512 current ops/sec; est completion in 24 seconds [INSERT: Count=1511, Max=91007, Min=167, Avg=654.43, 90=831, 99=1243, 99.9=5583, 99.99=91007] 
2026-04-29 20:43:30:387 5 sec: 7647 operations; 1644 current ops/sec; est completion in 23 seconds [INSERT: Count=1644, Max=5011, Min=189, Avg=603.06, 90=822, 99=1279, 99.9=4347, 99.99=5011] 
2026-04-29 20:43:31:387 6 sec: 9120 operations; 1473 current ops/sec; est completion in 22 seconds [INSERT: Count=1474, Max=49759, Min=211, Avg=673.87, 90=901, 99=1591, 99.9=4065, 99.99=49759] 
2026-04-29 20:43:32:387 7 sec: 10187 operations; 1067 current ops/sec; est completion in 22 seconds [INSERT: Count=1067, Max=7347, Min=245, Avg=932.39, 90=1353, 99=2043, 99.9=4085, 99.99=7347] 
2026-04-29 20:43:33:387 8 sec: 11699 operations; 1512 current ops/sec; est completion in 21 seconds [INSERT: Count=1512, Max=85439, Min=205, Avg=656.81, 90=825, 99=1238, 99.9=7755, 99.99=85439] 
2026-04-29 20:43:34:387 9 sec: 13373 operations; 1674 current ops/sec; est completion in 20 seconds [INSERT: Count=1673, Max=4195, Min=226, Avg=593.44, 90=801, 99=1058, 99.9=2024, 99.99=4195] 
2026-04-29 20:43:35:387 10 sec: 15019 operations; 1646 current ops/sec; est completion in 18 seconds [INSERT: Count=1646, Max=12167, Min=215, Avg=603.11, 90=817, 99=1168, 99.9=8139, 99.99=12167] 
2026-04-29 20:43:36:387 11 sec: 16547 operations; 1528 current ops/sec; est completion in 17 seconds [INSERT: Count=1528, Max=49151, Min=229, Avg=649.74, 90=829, 99=1506, 99.9=10591, 99.99=49151] 
2026-04-29 20:43:37:387 12 sec: 17548 operations; 1001 current ops/sec; est completion in 17 seconds [INSERT: Count=1002, Max=5403, Min=328, Avg=994.07, 90=1410, 99=1832, 99.9=2233, 99.99=5403] 
2026-04-29 20:43:38:387 13 sec: 18937 operations; 1389 current ops/sec; est completion in 16 seconds [INSERT: Count=1388, Max=10607, Min=203, Avg=712.36, 90=1082, 99=1677, 99.9=7939, 99.99=10607] 
2026-04-29 20:43:39:387 14 sec: 20611 operations; 1674 current ops/sec; est completion in 15 seconds [INSERT: Count=1674, Max=5395, Min=223, Avg=595.84, 90=797, 99=1043, 99.9=5299, 99.99=5395] 
2026-04-29 20:43:40:387 15 sec: 22230 operations; 1619 current ops/sec; est completion in 14 seconds [INSERT: Count=1620, Max=11671, Min=206, Avg=613.95, 90=816, 99=1117, 99.9=11247, 99.99=11671] 
2026-04-29 20:43:41:387 16 sec: 23881 operations; 1651 current ops/sec; est completion in 12 seconds [INSERT: Count=1651, Max=5799, Min=206, Avg=601.93, 90=798, 99=1169, 99.9=2085, 99.99=5799] 
2026-04-29 20:43:41:497 - NewTail completed: 
2026-04-29 20:43:42:387 17 sec: 24862 operations; 981 current ops/sec; est completion in 12 seconds [INSERT: Count=980, Max=48383, Min=299, Avg=1014.72, 90=1445, 99=2026, 99.9=48383, 99.99=48383] 
2026-04-29 20:43:43:387 18 sec: 25996 operations; 1134 current ops/sec; est completion in 11 seconds [INSERT: Count=1135, Max=5587, Min=266, Avg=876.82, 90=1339, 99=1820, 99.9=2775, 99.99=5587] 
2026-04-29 20:43:44:387 19 sec: 27692 operations; 1696 current ops/sec; est completion in 10 seconds [INSERT: Count=1696, Max=9647, Min=185, Avg=586.04, 90=791, 99=1076, 99.9=6015, 99.99=9647] 
2026-04-29 20:43:45:387 20 sec: 29031 operations; 1339 current ops/sec; est completion in 9 second [INSERT: Count=1338, Max=94847, Min=195, Avg=742.94, 90=827, 99=1246, 99.9=87807, 99.99=94847] 
2026-04-29 20:43:46:387 21 sec: 30670 operations; 1639 current ops/sec; est completion in 8 second [INSERT: Count=1640, Max=6719, Min=206, Avg=606, 90=808, 99=1093, 99.9=5307, 99.99=6719] 
2026-04-29 20:43:47:387 22 sec: 31631 operations; 961 current ops/sec; est completion in 7 second [INSERT: Count=960, Max=93695, Min=246, Avg=1035.34, 90=1340, 99=1886, 99.9=93695, 99.99=93695] 
2026-04-29 20:43:48:387 23 sec: 32704 operations; 1073 current ops/sec; est completion in 7 second [INSERT: Count=1074, Max=96959, Min=246, Avg=927.68, 90=1264, 99=1801, 99.9=1976, 99.99=96959] 
2026-04-29 20:43:49:387 24 sec: 34338 operations; 1634 current ops/sec; est completion in 6 second [INSERT: Count=1634, Max=11807, Min=182, Avg=607.91, 90=809, 99=1139, 99.9=6171, 99.99=11807] 
2026-04-29 20:43:50:387 25 sec: 35949 operations; 1611 current ops/sec; est completion in 4 second [INSERT: Count=1610, Max=5635, Min=189, Avg=568.67, 90=769, 99=996, 99.9=1291, 99.99=5635] 
2026-04-29 20:43:51:105 - Compaction started: 
2026-04-29 20:43:51:387 26 sec: 37602 operations; 1653 current ops/sec; est completion in 3 second [INSERT: Count=1654, Max=95487, Min=178, Avg=648.34, 90=805, 99=1036, 99.9=7515, 99.99=95487] 
140140806624832:Compacting datalog/29 datalog/30 into:sstable1/83ae1d0e-0b0f-4a20-ab6b-850ab2fa448b202604291443251777495431315890943.sst
2026-04-29 20:43:51:779 - Compaction completed: 
2026-04-29 20:43:52:387 27 sec: 38755 operations; 1153 current ops/sec; est completion in 3 second [INSERT: Count=1153, Max=48607, Min=219, Avg=862.98, 90=1224, 99=1899, 99.9=11983, 99.99=48607] 
2026-04-29 20:43:53:387 28 sec: 39851 operations; 1096 current ops/sec; est completion in 2 second [INSERT: Count=1096, Max=7091, Min=242, Avg=907.54, 90=1326, 99=1759, 99.9=2895, 99.99=7091] 
2026-04-29 20:43:54:348 28 sec: 41666 operations; 1888.66 current ops/sec; [CLEANUP: Count=1, Max=96255, Min=96192, Avg=96224, 90=96255, 99=96255, 99.9=96255, 99.99=96255] [INSERT: Count=1814, Max=8367, Min=173, Avg=472.19, 90=675, 99=943, 99.9=7599, 99.99=8367] 
[OVERALL], RunTime(ms), 28961
[OVERALL], Throughput(ops/sec), 1438.6934152826213
[TOTAL_GCS_PS_Scavenge], Count, 0
[TOTAL_GC_TIME_PS_Scavenge], Time(ms), 0
[TOTAL_GC_TIME_%_PS_Scavenge], Time(%), 0.0
[TOTAL_GCS_PS_MarkSweep], Count, 0
[TOTAL_GC_TIME_PS_MarkSweep], Time(ms), 0
[TOTAL_GC_TIME_%_PS_MarkSweep], Time(%), 0.0
[TOTAL_GCs], Count, 0
[TOTAL_GC_TIME], Time(ms), 0
[TOTAL_GC_TIME_%], Time(%), 0.0
[CLEANUP], Operations, 1
[CLEANUP], AverageLatency(us), 96224.0
[CLEANUP], MinLatency(us), 96192
[CLEANUP], MaxLatency(us), 96255
[CLEANUP], 95thPercentileLatency(us), 96255
[CLEANUP], 99thPercentileLatency(us), 96255
[INSERT], Operations, 41666
[INSERT], AverageLatency(us), 685.2174434790957
[INSERT], MinLatency(us), 163
[INSERT], MaxLatency(us), 96959
[INSERT], 95thPercentileLatency(us), 1150
[INSERT], 99thPercentileLatency(us), 1654
[INSERT], Return=OK, 41666
	Command being timed: "/usr/lib/jvm/java-8-openjdk-amd64/bin/java -cp /users/Xinying/ozonedb/ycsb/ozonedb/conf:/users/Xinying/ozonedb/ycsb/ozonedb/target/ozonedb-binding-0.18.0-SNAPSHOT.jar:/users/Xinying/.m2/repository/org/apache/htrace/htrace-core4/4.1.0-incubating/htrace-core4-4.1.0-incubating.jar:/users/Xinying/.m2/repository/org/slf4j/slf4j-api/1.7.25/slf4j-api-1.7.25.jar:/users/Xinying/.m2/repository/org/hdrhistogram/HdrHistogram/2.1.12/HdrHistogram-2.1.12.jar:/users/Xinying/.m2/repository/ch/qos/logback/logback-classic/1.2.3/logback-classic-1.2.3.jar:/users/Xinying/.m2/repository/ozonedbjnimaven/demoproc-jni/1.0/demoproc-jni-1.0.jar:/users/Xinying/.m2/repository/ch/qos/logback/logback-core/1.2.3/logback-core-1.2.3.jar:/users/Xinying/.m2/repository/org/codehaus/jackson/jackson-mapper-asl/1.9.4/jackson-mapper-asl-1.9.4.jar:/users/Xinying/.m2/repository/org/slf4j/slf4j-simple/1.7.25/slf4j-simple-1.7.25.jar:/users/Xinying/.m2/repository/org/codehaus/jackson/jackson-core-asl/1.9.4/jackson-core-asl-1.9.4.jar:/users/Xinying/ozonedb/ycsb/core/target/core-0.18.0-SNAPSHOT.jar site.ycsb.Client -db site.ycsb.db.OzoneDBClient -threads 1 -s -P /users/Xinying/ozonedb/ycsb/workloads/generated_workloads/workloada_1KB_1000000_1000000 -p status.interval=1 -p recordcount=1000000 -p insertstart=291662 -p insertcount=41666 -p shared_config=/tmp/phase1_ozonedb_configs/shared_config_LOAD_p24_r1_proc7.json -load"
	User time (seconds): 2.25
	System time (seconds): 15.44
	Percent of CPU this job got: 59%
	Elapsed (wall clock) time (h:mm:ss or m:ss): 0:29.65
	Average shared text size (kbytes): 0
	Average unshared data size (kbytes): 0
	Average stack size (kbytes): 0
	Average total size (kbytes): 0
	Maximum resident set size (kbytes): 553400
	Average resident set size (kbytes): 0
	Major (requiring I/O) page faults: 340
	Minor (reclaiming a frame) page faults: 150819
	Voluntary context switches: 306330
	Involuntary context switches: 1034
	Swaps: 0
	File system inputs: 139521
	File system outputs: 236536
	Socket messages sent: 0
	Socket messages received: 0
	Signals delivered: 0
	Page size (bytes): 4096
	Exit status: 0
