# CMD: /usr/bin/time -v /usr/lib/jvm/java-8-openjdk-amd64/bin/java -cp /users/Xinying/ozonedb/ycsb/ozonedb/conf:/users/Xinying/ozonedb/ycsb/ozonedb/target/ozonedb-binding-0.18.0-SNAPSHOT.jar:/users/Xinying/.m2/repository/org/apache/htrace/htrace-core4/4.1.0-incubating/htrace-core4-4.1.0-incubating.jar:/users/Xinying/.m2/repository/org/slf4j/slf4j-api/1.7.25/slf4j-api-1.7.25.jar:/users/Xinying/.m2/repository/org/hdrhistogram/HdrHistogram/2.1.12/HdrHistogram-2.1.12.jar:/users/Xinying/.m2/repository/ch/qos/logback/logback-classic/1.2.3/logback-classic-1.2.3.jar:/users/Xinying/.m2/repository/ozonedbjnimaven/demoproc-jni/1.0/demoproc-jni-1.0.jar:/users/Xinying/.m2/repository/ch/qos/logback/logback-core/1.2.3/logback-core-1.2.3.jar:/users/Xinying/.m2/repository/org/codehaus/jackson/jackson-mapper-asl/1.9.4/jackson-mapper-asl-1.9.4.jar:/users/Xinying/.m2/repository/org/slf4j/slf4j-simple/1.7.25/slf4j-simple-1.7.25.jar:/users/Xinying/.m2/repository/org/codehaus/jackson/jackson-core-asl/1.9.4/jackson-core-asl-1.9.4.jar:/users/Xinying/ozonedb/ycsb/core/target/core-0.18.0-SNAPSHOT.jar site.ycsb.Client -db site.ycsb.db.OzoneDBClient -threads 1 -s -P /users/Xinying/ozonedb/ycsb/workloads/generated_workloads/workloada_1KB_1000000_1000000 -p status.interval=1 -p recordcount=1000000 -p insertstart=0 -p insertcount=31250 -p shared_config=/tmp/phase1_ozonedb_configs/shared_config_LOAD_p32_r1_proc0.json -load
# work_path=/tank/ycsb_data/multi-proc-run/ozonedb_load_shared_p32
Command line: -db site.ycsb.db.OzoneDBClient -threads 1 -s -P /users/Xinying/ozonedb/ycsb/workloads/generated_workloads/workloada_1KB_1000000_1000000 -p status.interval=1 -p recordcount=1000000 -p insertstart=0 -p insertcount=31250 -p shared_config=/tmp/phase1_ozonedb_configs/shared_config_LOAD_p32_r1_proc0.json -load
YCSB Client 0.18.0-SNAPSHOT

Loading workload...
Starting test.
SLF4J: Class path contains multiple SLF4J bindings.
SLF4J: Found binding in [jar:file:/users/Xinying/.m2/repository/ch/qos/logback/logback-classic/1.2.3/logback-classic-1.2.3.jar!/org/slf4j/impl/StaticLoggerBinder.class]
SLF4J: Found binding in [jar:file:/users/Xinying/.m2/repository/org/slf4j/slf4j-simple/1.7.25/slf4j-simple-1.7.25.jar!/org/slf4j/impl/StaticLoggerBinder.class]
SLF4J: See http://www.slf4j.org/codes.html#multiple_bindings for an explanation.
SLF4J: Actual binding is of type [ch.qos.logback.classic.util.ContextSelectorStaticBinder]
2026-04-29 20:43:58:457 0 sec: 0 operations; est completion in 0 second 
Directory already created.
Starting compaction watcher
DBWrapper: report latency for each error is false and specific error codes to track for latency are: []
2026-04-29 20:43:59:457 1 sec: 994 operations; 994 current ops/sec; est completion in 31 seconds [INSERT: Count=994, Max=14159, Min=213, Avg=896.24, 90=1234, 99=4979, 99.9=14159, 99.99=14159] 
2026-04-29 20:44:00:457 2 sec: 2115 operations; 1121 current ops/sec; est completion in 28 seconds [INSERT: Count=1122, Max=16559, Min=236, Avg=875.68, 90=1179, 99=2981, 99.9=13487, 99.99=16559] 
2026-04-29 20:44:01:457 3 sec: 3353 operations; 1238 current ops/sec; est completion in 25 seconds [INSERT: Count=1237, Max=12255, Min=219, Avg=799.53, 90=1093, 99=1844, 99.9=11007, 99.99=12255] 
2026-04-29 20:44:02:457 4 sec: 4319 operations; 966 current ops/sec; est completion in 25 seconds [INSERT: Count=966, Max=27855, Min=291, Avg=1023.91, 90=1470, 99=2201, 99.9=27855, 99.99=27855] 
2026-04-29 20:44:03:457 5 sec: 5563 operations; 1244 current ops/sec; est completion in 24 seconds [INSERT: Count=1245, Max=13167, Min=187, Avg=796.13, 90=1109, 99=1953, 99.9=8479, 99.99=13167] 
2026-04-29 20:44:04:457 6 sec: 6738 operations; 1175 current ops/sec; est completion in 22 seconds [INSERT: Count=1175, Max=14311, Min=163, Avg=844.75, 90=1115, 99=3619, 99.9=13263, 99.99=14311] 
2026-04-29 20:44:05:457 7 sec: 7964 operations; 1226 current ops/sec; est completion in 21 seconds [INSERT: Count=1225, Max=14295, Min=229, Avg=811.37, 90=1136, 99=1765, 99.9=5887, 99.99=14295] 
2026-04-29 20:44:06:457 8 sec: 9256 operations; 1292 current ops/sec; est completion in 20 seconds [INSERT: Count=1293, Max=14375, Min=224, Avg=768.75, 90=1041, 99=1611, 99.9=5563, 99.99=14375] 
2026-04-29 20:44:07:457 9 sec: 10211 operations; 955 current ops/sec; est completion in 19 seconds [INSERT: Count=955, Max=38207, Min=206, Avg=1041.28, 90=1452, 99=2593, 99.9=38207, 99.99=38207] 
2026-04-29 20:44:08:457 10 sec: 11161 operations; 950 current ops/sec; est completion in 18 seconds [INSERT: Count=950, Max=6411, Min=235, Avg=1047.41, 90=1562, 99=2397, 99.9=6411, 99.99=6411] 
2026-04-29 20:44:08:745 - Compaction started: 
139752548210240:Compacting datalog/11 datalog/12 into:sstable1/0cd34b20-5b02-4e7a-afd1-3617e47ffb9e202604291443581777495448922582649.sst
2026-04-29 20:44:09:389 - Compaction completed: 
2026-04-29 20:44:09:457 11 sec: 12494 operations; 1333 current ops/sec; est completion in 17 seconds [INSERT: Count=1332, Max=13311, Min=156, Avg=738.04, 90=1087, 99=1911, 99.9=7563, 99.99=13311] 
2026-04-29 20:44:10:457 12 sec: 13721 operations; 1227 current ops/sec; est completion in 16 seconds [INSERT: Count=1227, Max=15103, Min=205, Avg=818.7, 90=1089, 99=1627, 99.9=14559, 99.99=15103] 
2026-04-29 20:44:11:457 13 sec: 14922 operations; 1201 current ops/sec; est completion in 15 seconds [INSERT: Count=1202, Max=10271, Min=187, Avg=827.36, 90=1097, 99=1962, 99.9=8847, 99.99=10271] 
2026-04-29 20:44:12:457 14 sec: 16047 operations; 1125 current ops/sec; est completion in 14 seconds [INSERT: Count=1124, Max=39743, Min=257, Avg=884.43, 90=1236, 99=2004, 99.9=16295, 99.99=39743] 
2026-04-29 20:44:13:457 15 sec: 16890 operations; 843 current ops/sec; est completion in 13 seconds [INSERT: Count=843, Max=16431, Min=362, Avg=1179.42, 90=1618, 99=2091, 99.9=16431, 99.99=16431] 
2026-04-29 20:44:14:457 16 sec: 18168 operations; 1278 current ops/sec; est completion in 12 seconds [INSERT: Count=1279, Max=8591, Min=165, Avg=777.58, 90=1341, 99=2121, 99.9=5615, 99.99=8591] 
2026-04-29 20:44:15:457 17 sec: 19377 operations; 1209 current ops/sec; est completion in 11 seconds [INSERT: Count=1208, Max=15847, Min=227, Avg=822.61, 90=1070, 99=1593, 99.9=2811, 99.99=15847] 
2026-04-29 20:44:16:457 18 sec: 20549 operations; 1172 current ops/sec; est completion in 10 seconds [INSERT: Count=1173, Max=17311, Min=195, Avg=848.02, 90=1109, 99=1936, 99.9=12599, 99.99=17311] 
2026-04-29 20:44:17:457 19 sec: 21625 operations; 1076 current ops/sec; est completion in 9 second [INSERT: Count=1075, Max=37471, Min=224, Avg=924.87, 90=1258, 99=2195, 99.9=17679, 99.99=37471] 
2026-04-29 20:44:18:457 20 sec: 22468 operations; 843 current ops/sec; est completion in 8 second [INSERT: Count=843, Max=23503, Min=399, Avg=1180.19, 90=1615, 99=2391, 99.9=23503, 99.99=23503] 
2026-04-29 20:44:19:457 21 sec: 23314 operations; 846 current ops/sec; est completion in 8 second [INSERT: Count=846, Max=17183, Min=298, Avg=1176.48, 90=1940, 99=3857, 99.9=17183, 99.99=17183] 
2026-04-29 20:44:20:457 22 sec: 24640 operations; 1326 current ops/sec; est completion in 6 second [INSERT: Count=1327, Max=15943, Min=157, Avg=749.22, 90=1069, 99=2021, 99.9=9527, 99.99=15943] 
2026-04-29 20:44:21:457 23 sec: 26093 operations; 1453 current ops/sec; est completion in 5 second [INSERT: Count=1453, Max=6819, Min=154, Avg=684.04, 90=1038, 99=1662, 99.9=6019, 99.99=6819] 
2026-04-29 20:44:22:457 24 sec: 27212 operations; 1119 current ops/sec; est completion in 4 second [INSERT: Count=1118, Max=38879, Min=227, Avg=889.13, 90=1117, 99=2139, 99.9=30431, 99.99=38879] 
2026-04-29 20:44:23:457 25 sec: 27880 operations; 668 current ops/sec; est completion in 4 second [INSERT: Count=668, Max=88767, Min=452, Avg=1491.03, 90=1981, 99=5495, 99.9=88767, 99.99=88767] 
2026-04-29 20:44:24:457 26 sec: 28586 operations; 706 current ops/sec; est completion in 3 second [INSERT: Count=706, Max=20031, Min=360, Avg=1410.89, 90=2269, 99=3347, 99.9=20031, 99.99=20031] 
2026-04-29 20:44:25:457 27 sec: 29728 operations; 1142 current ops/sec; est completion in 2 second [INSERT: Count=1143, Max=29327, Min=212, Avg=870.58, 90=1182, 99=1994, 99.9=8991, 99.99=29327] 
2026-04-29 20:44:26:457 28 sec: 30920 operations; 1192 current ops/sec; est completion in 1 second [INSERT: Count=1191, Max=30415, Min=211, Avg=833.38, 90=1069, 99=1735, 99.9=8679, 99.99=30415] 
2026-04-29 20:44:26:777 28 sec: 31250 operations; 1031.25 current ops/sec; [CLEANUP: Count=1, Max=43423, Min=43392, Avg=43408, 90=43423, 99=43423, 99.9=43423, 99.99=43423] [INSERT: Count=330, Max=30143, Min=206, Avg=833.83, 90=1041, 99=1458, 99.9=30143, 99.99=30143] 
[OVERALL], RunTime(ms), 28320
[OVERALL], Throughput(ops/sec), 1103.4604519774011
[TOTAL_GCS_PS_Scavenge], Count, 0
[TOTAL_GC_TIME_PS_Scavenge], Time(ms), 0
[TOTAL_GC_TIME_%_PS_Scavenge], Time(%), 0.0
[TOTAL_GCS_PS_MarkSweep], Count, 0
[TOTAL_GC_TIME_PS_MarkSweep], Time(ms), 0
[TOTAL_GC_TIME_%_PS_MarkSweep], Time(%), 0.0
[TOTAL_GCs], Count, 0
[TOTAL_GC_TIME], Time(ms), 0
[TOTAL_GC_TIME_%], Time(%), 0.0
[CLEANUP], Operations, 1
[CLEANUP], AverageLatency(us), 43408.0
[CLEANUP], MinLatency(us), 43392
[CLEANUP], MaxLatency(us), 43423
[CLEANUP], 95thPercentileLatency(us), 43423
[CLEANUP], 99thPercentileLatency(us), 43423
[INSERT], Operations, 31250
[INSERT], AverageLatency(us), 895.60064
[INSERT], MinLatency(us), 154
[INSERT], MaxLatency(us), 88767
[INSERT], 95thPercentileLatency(us), 1554
[INSERT], 99thPercentileLatency(us), 2501
[INSERT], Return=OK, 31250
	Command being timed: "/usr/lib/jvm/java-8-openjdk-amd64/bin/java -cp /users/Xinying/ozonedb/ycsb/ozonedb/conf:/users/Xinying/ozonedb/ycsb/ozonedb/target/ozonedb-binding-0.18.0-SNAPSHOT.jar:/users/Xinying/.m2/repository/org/apache/htrace/htrace-core4/4.1.0-incubating/htrace-core4-4.1.0-incubating.jar:/users/Xinying/.m2/repository/org/slf4j/slf4j-api/1.7.25/slf4j-api-1.7.25.jar:/users/Xinying/.m2/repository/org/hdrhistogram/HdrHistogram/2.1.12/HdrHistogram-2.1.12.jar:/users/Xinying/.m2/repository/ch/qos/logback/logback-classic/1.2.3/logback-classic-1.2.3.jar:/users/Xinying/.m2/repository/ozonedbjnimaven/demoproc-jni/1.0/demoproc-jni-1.0.jar:/users/Xinying/.m2/repository/ch/qos/logback/logback-core/1.2.3/logback-core-1.2.3.jar:/users/Xinying/.m2/repository/org/codehaus/jackson/jackson-mapper-asl/1.9.4/jackson-mapper-asl-1.9.4.jar:/users/Xinying/.m2/repository/org/slf4j/slf4j-simple/1.7.25/slf4j-simple-1.7.25.jar:/users/Xinying/.m2/repository/org/codehaus/jackson/jackson-core-asl/1.9.4/jackson-core-asl-1.9.4.jar:/users/Xinying/ozonedb/ycsb/core/target/core-0.18.0-SNAPSHOT.jar site.ycsb.Client -db site.ycsb.db.OzoneDBClient -threads 1 -s -P /users/Xinying/ozonedb/ycsb/workloads/generated_workloads/workloada_1KB_1000000_1000000 -p status.interval=1 -p recordcount=1000000 -p insertstart=0 -p insertcount=31250 -p shared_config=/tmp/phase1_ozonedb_configs/shared_config_LOAD_p32_r1_proc0.json -load"
	User time (seconds): 1.94
	System time (seconds): 13.99
	Percent of CPU this job got: 54%
	Elapsed (wall clock) time (h:mm:ss or m:ss): 0:29.03
	Average shared text size (kbytes): 0
	Average unshared data size (kbytes): 0
	Average stack size (kbytes): 0
	Average total size (kbytes): 0
	Maximum resident set size (kbytes): 456064
	Average resident set size (kbytes): 0
	Major (requiring I/O) page faults: 277
	Minor (reclaiming a frame) page faults: 127232
	Voluntary context switches: 224692
	Involuntary context switches: 2207
	Swaps: 0
	File system inputs: 133535
	File system outputs: 208340
	Socket messages sent: 0
	Socket messages received: 0
	Signals delivered: 0
	Page size (bytes): 4096
	Exit status: 0
