# CMD: /usr/bin/time -v /usr/lib/jvm/java-8-openjdk-amd64/bin/java -cp /users/Xinying/ozonedb/ycsb/ozonedb/conf:/users/Xinying/ozonedb/ycsb/ozonedb/target/ozonedb-binding-0.18.0-SNAPSHOT.jar:/users/Xinying/.m2/repository/org/apache/htrace/htrace-core4/4.1.0-incubating/htrace-core4-4.1.0-incubating.jar:/users/Xinying/.m2/repository/org/slf4j/slf4j-api/1.7.25/slf4j-api-1.7.25.jar:/users/Xinying/.m2/repository/org/hdrhistogram/HdrHistogram/2.1.12/HdrHistogram-2.1.12.jar:/users/Xinying/.m2/repository/ch/qos/logback/logback-classic/1.2.3/logback-classic-1.2.3.jar:/users/Xinying/.m2/repository/ozonedbjnimaven/demoproc-jni/1.0/demoproc-jni-1.0.jar:/users/Xinying/.m2/repository/ch/qos/logback/logback-core/1.2.3/logback-core-1.2.3.jar:/users/Xinying/.m2/repository/org/codehaus/jackson/jackson-mapper-asl/1.9.4/jackson-mapper-asl-1.9.4.jar:/users/Xinying/.m2/repository/org/slf4j/slf4j-simple/1.7.25/slf4j-simple-1.7.25.jar:/users/Xinying/.m2/repository/org/codehaus/jackson/jackson-core-asl/1.9.4/jackson-core-asl-1.9.4.jar:/users/Xinying/ozonedb/ycsb/core/target/core-0.18.0-SNAPSHOT.jar site.ycsb.Client -db site.ycsb.db.OzoneDBClient -threads 1 -s -P /users/Xinying/ozonedb/ycsb/workloads/generated_workloads/workloada_1KB_1000000_1000000 -p status.interval=1 -p recordcount=1000000 -p insertstart=41666 -p insertcount=41666 -p shared_config=/tmp/phase1_ozonedb_configs/shared_config_LOAD_p24_r1_proc1.json -load
# work_path=/tank/ycsb_data/multi-proc-run/ozonedb_load_shared_p24
Command line: -db site.ycsb.db.OzoneDBClient -threads 1 -s -P /users/Xinying/ozonedb/ycsb/workloads/generated_workloads/workloada_1KB_1000000_1000000 -p status.interval=1 -p recordcount=1000000 -p insertstart=41666 -p insertcount=41666 -p shared_config=/tmp/phase1_ozonedb_configs/shared_config_LOAD_p24_r1_proc1.json -load
YCSB Client 0.18.0-SNAPSHOT

Loading workload...
Starting test.
SLF4J: Class path contains multiple SLF4J bindings.
SLF4J: Found binding in [jar:file:/users/Xinying/.m2/repository/ch/qos/logback/logback-classic/1.2.3/logback-classic-1.2.3.jar!/org/slf4j/impl/StaticLoggerBinder.class]
SLF4J: Found binding in [jar:file:/users/Xinying/.m2/repository/org/slf4j/slf4j-simple/1.7.25/slf4j-simple-1.7.25.jar!/org/slf4j/impl/StaticLoggerBinder.class]
SLF4J: See http://www.slf4j.org/codes.html#multiple_bindings for an explanation.
SLF4J: Actual binding is of type [ch.qos.logback.classic.util.ContextSelectorStaticBinder]
2026-04-29 20:43:25:428 0 sec: 0 operations; est completion in 0 second 
Directory already created.
Starting compaction watcher
DBWrapper: report latency for each error is false and specific error codes to track for latency are: []
2026-04-29 20:43:25:476 - NewTail completed: 
2026-04-29 20:43:26:370 - NewTail completed: 
2026-04-29 20:43:26:431 1 sec: 1378 operations; 1372.51 current ops/sec; est completion in 30 seconds [INSERT: Count=1382, Max=14871, Min=180, Avg=669.65, 90=919, 99=3511, 99.9=12967, 99.99=14871] 
2026-04-29 20:43:27:427 2 sec: 3076 operations; 1704.82 current ops/sec; est completion in 26 seconds [INSERT: Count=1695, Max=9431, Min=171, Avg=578.89, 90=789, 99=1559, 99.9=7855, 99.99=9431] 
2026-04-29 20:43:28:427 3 sec: 4576 operations; 1500 current ops/sec; est completion in 25 seconds [INSERT: Count=1500, Max=96319, Min=195, Avg=660.26, 90=805, 99=1280, 99.9=8791, 99.99=96319] 
2026-04-29 20:43:29:427 4 sec: 5952 operations; 1376 current ops/sec; est completion in 25 seconds [INSERT: Count=1376, Max=91455, Min=182, Avg=719.3, 90=839, 99=2657, 99.9=11231, 99.99=91455] 
2026-04-29 20:43:30:427 5 sec: 7597 operations; 1645 current ops/sec; est completion in 23 seconds [INSERT: Count=1645, Max=12423, Min=187, Avg=603, 90=814, 99=1304, 99.9=3991, 99.99=12423] 
2026-04-29 20:43:31:427 6 sec: 9035 operations; 1438 current ops/sec; est completion in 22 seconds [INSERT: Count=1437, Max=50207, Min=205, Avg=690.48, 90=906, 99=1526, 99.9=12543, 99.99=50207] 
2026-04-29 20:43:32:427 7 sec: 10130 operations; 1095 current ops/sec; est completion in 22 seconds [INSERT: Count=1096, Max=2823, Min=208, Avg=907.96, 90=1368, 99=1979, 99.9=2707, 99.99=2823] 
2026-04-29 20:43:33:427 8 sec: 11720 operations; 1590 current ops/sec; est completion in 21 seconds [INSERT: Count=1590, Max=88447, Min=177, Avg=624.74, 90=788, 99=1089, 99.9=9399, 99.99=88447] 
2026-04-29 20:43:34:427 9 sec: 13382 operations; 1662 current ops/sec; est completion in 20 seconds [INSERT: Count=1661, Max=5671, Min=211, Avg=597.9, 90=809, 99=1123, 99.9=2385, 99.99=5671] 
2026-04-29 20:43:35:427 10 sec: 15052 operations; 1670 current ops/sec; est completion in 18 seconds [INSERT: Count=1671, Max=2135, Min=245, Avg=594.51, 90=833, 99=1185, 99.9=2024, 99.99=2135] 
2026-04-29 20:43:36:428 11 sec: 16560 operations; 1508 current ops/sec; est completion in 17 seconds [INSERT: Count=1507, Max=49087, Min=226, Avg=658.03, 90=870, 99=1461, 99.9=8343, 99.99=49087] 
2026-04-29 20:43:37:427 12 sec: 17584 operations; 1024 current ops/sec; est completion in 17 seconds [INSERT: Count=1024, Max=2235, Min=344, Avg=971.95, 90=1392, 99=1798, 99.9=2015, 99.99=2235] 
2026-04-29 20:43:38:427 13 sec: 19056 operations; 1472 current ops/sec; est completion in 16 seconds [INSERT: Count=1472, Max=9183, Min=196, Avg=675.43, 90=1028, 99=1692, 99.9=3591, 99.99=9183] 
2026-04-29 20:43:39:427 14 sec: 20732 operations; 1676 current ops/sec; est completion in 15 seconds [INSERT: Count=1677, Max=8175, Min=184, Avg=592.42, 90=797, 99=1083, 99.9=3441, 99.99=8175] 
2026-04-29 20:43:39:888 - NewTail completed: 
2026-04-29 20:43:40:427 15 sec: 22443 operations; 1711 current ops/sec; est completion in 13 seconds [INSERT: Count=1711, Max=1920, Min=188, Avg=580.36, 90=801, 99=1114, 99.9=1907, 99.99=1920] 
2026-04-29 20:43:41:428 16 sec: 24020 operations; 1577 current ops/sec; est completion in 12 seconds [INSERT: Count=1577, Max=4235, Min=209, Avg=629.98, 90=857, 99=1140, 99.9=3239, 99.99=4235] 
2026-04-29 20:43:41:496 - NewTail completed: 
2026-04-29 20:43:42:427 17 sec: 24986 operations; 966 current ops/sec; est completion in 12 seconds [INSERT: Count=965, Max=47359, Min=324, Avg=1030.67, 90=1425, 99=2071, 99.9=47359, 99.99=47359] 
2026-04-29 20:43:43:427 18 sec: 26129 operations; 1143 current ops/sec; est completion in 11 seconds [INSERT: Count=1144, Max=11815, Min=279, Avg=869.92, 90=1297, 99=1817, 99.9=8495, 99.99=11815] 
2026-04-29 20:43:44:427 19 sec: 27798 operations; 1669 current ops/sec; est completion in 10 seconds [INSERT: Count=1668, Max=4731, Min=196, Avg=583.67, 90=787, 99=1003, 99.9=4531, 99.99=4731] 
2026-04-29 20:43:45:427 20 sec: 29192 operations; 1394 current ops/sec; est completion in 9 second [INSERT: Count=1395, Max=93119, Min=204, Avg=727.02, 90=825, 99=1204, 99.9=92799, 99.99=93119] 
2026-04-29 20:43:46:427 21 sec: 30849 operations; 1657 current ops/sec; est completion in 8 second [INSERT: Count=1656, Max=4903, Min=187, Avg=599.6, 90=820, 99=1161, 99.9=1842, 99.99=4903] 
2026-04-29 20:43:47:427 22 sec: 31792 operations; 943 current ops/sec; est completion in 7 second [INSERT: Count=943, Max=91967, Min=320, Avg=1055.59, 90=1318, 99=1844, 99.9=91967, 99.99=91967] 
2026-04-29 20:43:48:427 23 sec: 32881 operations; 1089 current ops/sec; est completion in 7 second [INSERT: Count=1090, Max=80127, Min=207, Avg=912.67, 90=1232, 99=1785, 99.9=13143, 99.99=80127] 
2026-04-29 20:43:49:427 24 sec: 34574 operations; 1693 current ops/sec; est completion in 5 second [INSERT: Count=1693, Max=9895, Min=240, Avg=586.8, 90=786, 99=1112, 99.9=8431, 99.99=9895] 
2026-04-29 20:43:50:427 25 sec: 36157 operations; 1583 current ops/sec; est completion in 4 second [INSERT: Count=1583, Max=93823, Min=188, Avg=627.68, 90=792, 99=1069, 99.9=4815, 99.99=93823] 
2026-04-29 20:43:51:427 26 sec: 37789 operations; 1632 current ops/sec; est completion in 3 second [INSERT: Count=1632, Max=9775, Min=238, Avg=608.55, 90=814, 99=1122, 99.9=1718, 99.99=9775] 
2026-04-29 20:43:52:428 27 sec: 38834 operations; 1045 current ops/sec; est completion in 2 second [INSERT: Count=1044, Max=62303, Min=227, Avg=952.48, 90=1264, 99=2051, 99.9=48447, 99.99=62303] 
2026-04-29 20:43:53:427 28 sec: 39955 operations; 1121 current ops/sec; est completion in 2 second [INSERT: Count=1122, Max=10127, Min=217, Avg=886.71, 90=1279, 99=1728, 99.9=6251, 99.99=10127] 
2026-04-29 20:43:54:308 28 sec: 41666 operations; 1942.11 current ops/sec; [CLEANUP: Count=1, Max=48671, Min=48640, Avg=48656, 90=48671, 99=48671, 99.9=48671, 99.99=48671] [INSERT: Count=1710, Max=6915, Min=167, Avg=482.02, 90=706, 99=1001, 99.9=5695, 99.99=6915] 
[OVERALL], RunTime(ms), 28881
[OVERALL], Throughput(ops/sec), 1442.6785776115785
[TOTAL_GCS_PS_Scavenge], Count, 0
[TOTAL_GC_TIME_PS_Scavenge], Time(ms), 0
[TOTAL_GC_TIME_%_PS_Scavenge], Time(%), 0.0
[TOTAL_GCS_PS_MarkSweep], Count, 0
[TOTAL_GC_TIME_PS_MarkSweep], Time(ms), 0
[TOTAL_GC_TIME_%_PS_MarkSweep], Time(%), 0.0
[TOTAL_GCs], Count, 0
[TOTAL_GC_TIME], Time(ms), 0
[TOTAL_GC_TIME_%], Time(%), 0.0
[CLEANUP], Operations, 1
[CLEANUP], AverageLatency(us), 48656.0
[CLEANUP], MinLatency(us), 48640
[CLEANUP], MaxLatency(us), 48671
[CLEANUP], 95thPercentileLatency(us), 48671
[CLEANUP], 99thPercentileLatency(us), 48671
[INSERT], Operations, 41666
[INSERT], AverageLatency(us), 685.4876878030049
[INSERT], MinLatency(us), 167
[INSERT], MaxLatency(us), 96319
[INSERT], 95thPercentileLatency(us), 1155
[INSERT], 99thPercentileLatency(us), 1666
[INSERT], Return=OK, 41666
	Command being timed: "/usr/lib/jvm/java-8-openjdk-amd64/bin/java -cp /users/Xinying/ozonedb/ycsb/ozonedb/conf:/users/Xinying/ozonedb/ycsb/ozonedb/target/ozonedb-binding-0.18.0-SNAPSHOT.jar:/users/Xinying/.m2/repository/org/apache/htrace/htrace-core4/4.1.0-incubating/htrace-core4-4.1.0-incubating.jar:/users/Xinying/.m2/repository/org/slf4j/slf4j-api/1.7.25/slf4j-api-1.7.25.jar:/users/Xinying/.m2/repository/org/hdrhistogram/HdrHistogram/2.1.12/HdrHistogram-2.1.12.jar:/users/Xinying/.m2/repository/ch/qos/logback/logback-classic/1.2.3/logback-classic-1.2.3.jar:/users/Xinying/.m2/repository/ozonedbjnimaven/demoproc-jni/1.0/demoproc-jni-1.0.jar:/users/Xinying/.m2/repository/ch/qos/logback/logback-core/1.2.3/logback-core-1.2.3.jar:/users/Xinying/.m2/repository/org/codehaus/jackson/jackson-mapper-asl/1.9.4/jackson-mapper-asl-1.9.4.jar:/users/Xinying/.m2/repository/org/slf4j/slf4j-simple/1.7.25/slf4j-simple-1.7.25.jar:/users/Xinying/.m2/repository/org/codehaus/jackson/jackson-core-asl/1.9.4/jackson-core-asl-1.9.4.jar:/users/Xinying/ozonedb/ycsb/core/target/core-0.18.0-SNAPSHOT.jar site.ycsb.Client -db site.ycsb.db.OzoneDBClient -threads 1 -s -P /users/Xinying/ozonedb/ycsb/workloads/generated_workloads/workloada_1KB_1000000_1000000 -p status.interval=1 -p recordcount=1000000 -p insertstart=41666 -p insertcount=41666 -p shared_config=/tmp/phase1_ozonedb_configs/shared_config_LOAD_p24_r1_proc1.json -load"
	User time (seconds): 1.78
	System time (seconds): 15.18
	Percent of CPU this job got: 57%
	Elapsed (wall clock) time (h:mm:ss or m:ss): 0:29.61
	Average shared text size (kbytes): 0
	Average unshared data size (kbytes): 0
	Average stack size (kbytes): 0
	Average total size (kbytes): 0
	Maximum resident set size (kbytes): 460832
	Average resident set size (kbytes): 0
	Major (requiring I/O) page faults: 289
	Minor (reclaiming a frame) page faults: 109671
	Voluntary context switches: 306418
	Involuntary context switches: 1131
	Swaps: 0
	File system inputs: 3155
	File system outputs: 95699
	Socket messages sent: 0
	Socket messages received: 0
	Signals delivered: 0
	Page size (bytes): 4096
	Exit status: 0
