# CMD: /usr/bin/time -v /usr/lib/jvm/java-8-openjdk-amd64/bin/java -cp /users/Xinying/ozonedb/ycsb/ozonedb/conf:/users/Xinying/ozonedb/ycsb/ozonedb/target/ozonedb-binding-0.18.0-SNAPSHOT.jar:/users/Xinying/.m2/repository/org/apache/htrace/htrace-core4/4.1.0-incubating/htrace-core4-4.1.0-incubating.jar:/users/Xinying/.m2/repository/org/slf4j/slf4j-api/1.7.25/slf4j-api-1.7.25.jar:/users/Xinying/.m2/repository/org/hdrhistogram/HdrHistogram/2.1.12/HdrHistogram-2.1.12.jar:/users/Xinying/.m2/repository/ch/qos/logback/logback-classic/1.2.3/logback-classic-1.2.3.jar:/users/Xinying/.m2/repository/ozonedbjnimaven/demoproc-jni/1.0/demoproc-jni-1.0.jar:/users/Xinying/.m2/repository/ch/qos/logback/logback-core/1.2.3/logback-core-1.2.3.jar:/users/Xinying/.m2/repository/org/codehaus/jackson/jackson-mapper-asl/1.9.4/jackson-mapper-asl-1.9.4.jar:/users/Xinying/.m2/repository/org/slf4j/slf4j-simple/1.7.25/slf4j-simple-1.7.25.jar:/users/Xinying/.m2/repository/org/codehaus/jackson/jackson-core-asl/1.9.4/jackson-core-asl-1.9.4.jar:/users/Xinying/ozonedb/ycsb/core/target/core-0.18.0-SNAPSHOT.jar site.ycsb.Client -db site.ycsb.db.OzoneDBClient -threads 1 -s -P /users/Xinying/ozonedb/ycsb/workloads/generated_workloads/workloada_1KB_1000000_1000000 -p status.interval=1 -p recordcount=1000000 -p insertstart=166664 -p insertcount=41666 -p shared_config=/tmp/phase1_ozonedb_configs/shared_config_LOAD_p24_r1_proc4.json -load
# work_path=/tank/ycsb_data/multi-proc-run/ozonedb_load_shared_p24
Command line: -db site.ycsb.db.OzoneDBClient -threads 1 -s -P /users/Xinying/ozonedb/ycsb/workloads/generated_workloads/workloada_1KB_1000000_1000000 -p status.interval=1 -p recordcount=1000000 -p insertstart=166664 -p insertcount=41666 -p shared_config=/tmp/phase1_ozonedb_configs/shared_config_LOAD_p24_r1_proc4.json -load
YCSB Client 0.18.0-SNAPSHOT

Loading workload...
Starting test.
SLF4J: Class path contains multiple SLF4J bindings.
SLF4J: Found binding in [jar:file:/users/Xinying/.m2/repository/ch/qos/logback/logback-classic/1.2.3/logback-classic-1.2.3.jar!/org/slf4j/impl/StaticLoggerBinder.class]
SLF4J: Found binding in [jar:file:/users/Xinying/.m2/repository/org/slf4j/slf4j-simple/1.7.25/slf4j-simple-1.7.25.jar!/org/slf4j/impl/StaticLoggerBinder.class]
SLF4J: See http://www.slf4j.org/codes.html#multiple_bindings for an explanation.
SLF4J: Actual binding is of type [ch.qos.logback.classic.util.ContextSelectorStaticBinder]
2026-04-29 20:43:25:401 0 sec: 0 operations; est completion in 0 second 
Directory already created.
Starting compaction watcher
DBWrapper: report latency for each error is false and specific error codes to track for latency are: []
2026-04-29 20:43:25:475 - NewTail completed: 
2026-04-29 20:43:26:371 - NewTail completed: 
2026-04-29 20:43:26:400 1 sec: 1303 operations; 1303 current ops/sec; est completion in 31 seconds [INSERT: Count=1305, Max=26207, Min=207, Avg=682.74, 90=874, 99=3569, 99.9=14895, 99.99=26207] 
2026-04-29 20:43:27:400 2 sec: 2961 operations; 1658 current ops/sec; est completion in 27 seconds [INSERT: Count=1657, Max=8287, Min=178, Avg=593.65, 90=823, 99=1396, 99.9=7891, 99.99=8287] 
2026-04-29 20:43:28:400 3 sec: 4465 operations; 1504 current ops/sec; est completion in 25 seconds [INSERT: Count=1504, Max=92223, Min=213, Avg=657.56, 90=807, 99=1163, 99.9=10671, 99.99=92223] 
2026-04-29 20:43:29:400 4 sec: 5982 operations; 1517 current ops/sec; est completion in 24 seconds [INSERT: Count=1517, Max=95231, Min=215, Avg=650.37, 90=816, 99=1353, 99.9=7055, 99.99=95231] 
2026-04-29 20:43:30:400 5 sec: 7560 operations; 1578 current ops/sec; est completion in 23 seconds [INSERT: Count=1578, Max=11575, Min=190, Avg=628.24, 90=835, 99=1308, 99.9=9983, 99.99=11575] 
2026-04-29 20:43:31:399 6 sec: 9041 operations; 1481 current ops/sec; est completion in 22 seconds [INSERT: Count=1481, Max=50239, Min=180, Avg=670.82, 90=916, 99=1615, 99.9=4423, 99.99=50239] 
2026-04-29 20:43:32:400 7 sec: 10106 operations; 1065 current ops/sec; est completion in 22 seconds [INSERT: Count=1065, Max=6943, Min=262, Avg=934.57, 90=1319, 99=2059, 99.9=6183, 99.99=6943] 
2026-04-29 20:43:33:400 8 sec: 11673 operations; 1567 current ops/sec; est completion in 21 seconds [INSERT: Count=1567, Max=90495, Min=182, Avg=633.96, 90=788, 99=1039, 99.9=10167, 99.99=90495] 
2026-04-29 20:43:34:400 9 sec: 13313 operations; 1640 current ops/sec; est completion in 20 seconds [INSERT: Count=1640, Max=10391, Min=172, Avg=606.02, 90=823, 99=1162, 99.9=5939, 99.99=10391] 
2026-04-29 20:43:35:399 10 sec: 14933 operations; 1620 current ops/sec; est completion in 18 seconds [INSERT: Count=1620, Max=9375, Min=220, Avg=612.93, 90=836, 99=1193, 99.9=5731, 99.99=9375] 
2026-04-29 20:43:36:400 11 sec: 16459 operations; 1526 current ops/sec; est completion in 17 seconds [INSERT: Count=1526, Max=49791, Min=216, Avg=651.55, 90=854, 99=1598, 99.9=8067, 99.99=49791] 
2026-04-29 20:43:37:400 12 sec: 17468 operations; 1009 current ops/sec; est completion in 17 seconds [INSERT: Count=1008, Max=11807, Min=309, Avg=987.2, 90=1395, 99=1801, 99.9=6439, 99.99=11807] 
2026-04-29 20:43:38:400 13 sec: 18889 operations; 1421 current ops/sec; est completion in 16 seconds [INSERT: Count=1423, Max=6723, Min=213, Avg=698.85, 90=1072, 99=1716, 99.9=5663, 99.99=6723] 
2026-04-29 20:43:39:400 14 sec: 20575 operations; 1686 current ops/sec; est completion in 15 seconds [INSERT: Count=1686, Max=9103, Min=222, Avg=589.41, 90=783, 99=1081, 99.9=2235, 99.99=9103] 
2026-04-29 20:43:40:400 15 sec: 22286 operations; 1711 current ops/sec; est completion in 14 seconds [INSERT: Count=1710, Max=8391, Min=170, Avg=580.96, 90=786, 99=1106, 99.9=4731, 99.99=8391] 
2026-04-29 20:43:41:400 16 sec: 23989 operations; 1703 current ops/sec; est completion in 12 seconds [INSERT: Count=1703, Max=5035, Min=225, Avg=583.78, 90=791, 99=1029, 99.9=3005, 99.99=5035] 
2026-04-29 20:43:41:496 - NewTail completed: 
2026-04-29 20:43:42:400 17 sec: 24965 operations; 976 current ops/sec; est completion in 12 seconds [INSERT: Count=976, Max=47583, Min=294, Avg=1019.64, 90=1411, 99=2389, 99.9=47583, 99.99=47583] 
2026-04-29 20:43:43:400 18 sec: 26104 operations; 1139 current ops/sec; est completion in 11 seconds [INSERT: Count=1139, Max=8155, Min=272, Avg=873.63, 90=1351, 99=1790, 99.9=2737, 99.99=8155] 
2026-04-29 20:43:44:400 19 sec: 27778 operations; 1674 current ops/sec; est completion in 10 seconds [INSERT: Count=1674, Max=11583, Min=165, Avg=593.69, 90=809, 99=1074, 99.9=4579, 99.99=11583] 
2026-04-29 20:43:45:400 20 sec: 29206 operations; 1428 current ops/sec; est completion in 9 second [INSERT: Count=1428, Max=94527, Min=209, Avg=696.86, 90=804, 99=1030, 99.9=88767, 99.99=94527] 
2026-04-29 20:43:46:400 21 sec: 30883 operations; 1677 current ops/sec; est completion in 8 second [INSERT: Count=1677, Max=6907, Min=195, Avg=592.77, 90=788, 99=1109, 99.9=4783, 99.99=6907] 
2026-04-29 20:43:47:399 22 sec: 31858 operations; 975 current ops/sec; est completion in 7 second [INSERT: Count=975, Max=94271, Min=283, Avg=1020.76, 90=1302, 99=1824, 99.9=94271, 99.99=94271] 
2026-04-29 20:43:48:400 23 sec: 32942 operations; 1084 current ops/sec; est completion in 7 second [INSERT: Count=1083, Max=96511, Min=250, Avg=918.27, 90=1239, 99=1789, 99.9=2421, 99.99=96511] 
2026-04-29 20:43:49:400 24 sec: 34614 operations; 1672 current ops/sec; est completion in 5 second [INSERT: Count=1673, Max=8735, Min=247, Avg=593.75, 90=778, 99=1109, 99.9=8583, 99.99=8735] 
2026-04-29 20:43:50:400 25 sec: 36190 operations; 1576 current ops/sec; est completion in 4 second [INSERT: Count=1575, Max=6327, Min=196, Avg=573.43, 90=786, 99=1063, 99.9=1280, 99.99=6327] 
2026-04-29 20:43:51:400 26 sec: 37851 operations; 1661 current ops/sec; est completion in 3 second [INSERT: Count=1661, Max=94911, Min=246, Avg=652.77, 90=804, 99=1052, 99.9=9831, 99.99=94911] 
2026-04-29 20:43:52:400 27 sec: 38890 operations; 1039 current ops/sec; est completion in 2 second [INSERT: Count=1039, Max=56127, Min=245, Avg=958.16, 90=1255, 99=1937, 99.9=48319, 99.99=56127] 
2026-04-29 20:43:53:400 28 sec: 39990 operations; 1100 current ops/sec; est completion in 2 second [INSERT: Count=1101, Max=7923, Min=247, Avg=902.88, 90=1311, 99=1763, 99.9=7523, 99.99=7923] 
2026-04-29 20:43:54:309 28 sec: 41666 operations; 1841.76 current ops/sec; [CLEANUP: Count=1, Max=85439, Min=85376, Avg=85408, 90=85439, 99=85439, 99.9=85439, 99.99=85439] [INSERT: Count=1675, Max=8159, Min=168, Avg=487.76, 90=690, 99=1061, 99.9=7991, 99.99=8159] 
[OVERALL], RunTime(ms), 28910
[OVERALL], Throughput(ops/sec), 1441.2314078173642
[TOTAL_GCS_PS_Scavenge], Count, 0
[TOTAL_GC_TIME_PS_Scavenge], Time(ms), 0
[TOTAL_GC_TIME_%_PS_Scavenge], Time(%), 0.0
[TOTAL_GCS_PS_MarkSweep], Count, 0
[TOTAL_GC_TIME_PS_MarkSweep], Time(ms), 0
[TOTAL_GC_TIME_%_PS_MarkSweep], Time(%), 0.0
[TOTAL_GCs], Count, 0
[TOTAL_GC_TIME], Time(ms), 0
[TOTAL_GC_TIME_%], Time(%), 0.0
[CLEANUP], Operations, 1
[CLEANUP], AverageLatency(us), 85408.0
[CLEANUP], MinLatency(us), 85376
[CLEANUP], MaxLatency(us), 85439
[CLEANUP], 95thPercentileLatency(us), 85439
[CLEANUP], 99thPercentileLatency(us), 85439
[INSERT], Operations, 41666
[INSERT], AverageLatency(us), 684.6383862141794
[INSERT], MinLatency(us), 165
[INSERT], MaxLatency(us), 96511
[INSERT], 95thPercentileLatency(us), 1152
[INSERT], 99thPercentileLatency(us), 1629
[INSERT], Return=OK, 41666
	Command being timed: "/usr/lib/jvm/java-8-openjdk-amd64/bin/java -cp /users/Xinying/ozonedb/ycsb/ozonedb/conf:/users/Xinying/ozonedb/ycsb/ozonedb/target/ozonedb-binding-0.18.0-SNAPSHOT.jar:/users/Xinying/.m2/repository/org/apache/htrace/htrace-core4/4.1.0-incubating/htrace-core4-4.1.0-incubating.jar:/users/Xinying/.m2/repository/org/slf4j/slf4j-api/1.7.25/slf4j-api-1.7.25.jar:/users/Xinying/.m2/repository/org/hdrhistogram/HdrHistogram/2.1.12/HdrHistogram-2.1.12.jar:/users/Xinying/.m2/repository/ch/qos/logback/logback-classic/1.2.3/logback-classic-1.2.3.jar:/users/Xinying/.m2/repository/ozonedbjnimaven/demoproc-jni/1.0/demoproc-jni-1.0.jar:/users/Xinying/.m2/repository/ch/qos/logback/logback-core/1.2.3/logback-core-1.2.3.jar:/users/Xinying/.m2/repository/org/codehaus/jackson/jackson-mapper-asl/1.9.4/jackson-mapper-asl-1.9.4.jar:/users/Xinying/.m2/repository/org/slf4j/slf4j-simple/1.7.25/slf4j-simple-1.7.25.jar:/users/Xinying/.m2/repository/org/codehaus/jackson/jackson-core-asl/1.9.4/jackson-core-asl-1.9.4.jar:/users/Xinying/ozonedb/ycsb/core/target/core-0.18.0-SNAPSHOT.jar site.ycsb.Client -db site.ycsb.db.OzoneDBClient -threads 1 -s -P /users/Xinying/ozonedb/ycsb/workloads/generated_workloads/workloada_1KB_1000000_1000000 -p status.interval=1 -p recordcount=1000000 -p insertstart=166664 -p insertcount=41666 -p shared_config=/tmp/phase1_ozonedb_configs/shared_config_LOAD_p24_r1_proc4.json -load"
	User time (seconds): 1.83
	System time (seconds): 15.18
	Percent of CPU this job got: 57%
	Elapsed (wall clock) time (h:mm:ss or m:ss): 0:29.61
	Average shared text size (kbytes): 0
	Average unshared data size (kbytes): 0
	Average stack size (kbytes): 0
	Average total size (kbytes): 0
	Maximum resident set size (kbytes): 460048
	Average resident set size (kbytes): 0
	Major (requiring I/O) page faults: 322
	Minor (reclaiming a frame) page faults: 109477
	Voluntary context switches: 303088
	Involuntary context switches: 909
	Swaps: 0
	File system inputs: 5520
	File system outputs: 95699
	Socket messages sent: 0
	Socket messages received: 0
	Signals delivered: 0
	Page size (bytes): 4096
	Exit status: 0
