# CMD: /usr/bin/time -v /usr/lib/jvm/java-8-openjdk-amd64/bin/java -cp /users/Xinying/ozonedb/ycsb/ozonedb/conf:/users/Xinying/ozonedb/ycsb/ozonedb/target/ozonedb-binding-0.18.0-SNAPSHOT.jar:/users/Xinying/.m2/repository/org/apache/htrace/htrace-core4/4.1.0-incubating/htrace-core4-4.1.0-incubating.jar:/users/Xinying/.m2/repository/org/slf4j/slf4j-api/1.7.25/slf4j-api-1.7.25.jar:/users/Xinying/.m2/repository/org/hdrhistogram/HdrHistogram/2.1.12/HdrHistogram-2.1.12.jar:/users/Xinying/.m2/repository/ch/qos/logback/logback-classic/1.2.3/logback-classic-1.2.3.jar:/users/Xinying/.m2/repository/ozonedbjnimaven/demoproc-jni/1.0/demoproc-jni-1.0.jar:/users/Xinying/.m2/repository/ch/qos/logback/logback-core/1.2.3/logback-core-1.2.3.jar:/users/Xinying/.m2/repository/org/codehaus/jackson/jackson-mapper-asl/1.9.4/jackson-mapper-asl-1.9.4.jar:/users/Xinying/.m2/repository/org/slf4j/slf4j-simple/1.7.25/slf4j-simple-1.7.25.jar:/users/Xinying/.m2/repository/org/codehaus/jackson/jackson-core-asl/1.9.4/jackson-core-asl-1.9.4.jar:/users/Xinying/ozonedb/ycsb/core/target/core-0.18.0-SNAPSHOT.jar site.ycsb.Client -db site.ycsb.db.OzoneDBClient -threads 1 -s -P /users/Xinying/ozonedb/ycsb/workloads/generated_workloads/workloada_1KB_1000000_1000000 -p status.interval=1 -p recordcount=1000000 -p insertstart=281250 -p insertcount=31250 -p shared_config=/tmp/phase1_ozonedb_configs/shared_config_LOAD_p32_r1_proc9.json -load
# work_path=/tank/ycsb_data/multi-proc-run/ozonedb_load_shared_p32
Command line: -db site.ycsb.db.OzoneDBClient -threads 1 -s -P /users/Xinying/ozonedb/ycsb/workloads/generated_workloads/workloada_1KB_1000000_1000000 -p status.interval=1 -p recordcount=1000000 -p insertstart=281250 -p insertcount=31250 -p shared_config=/tmp/phase1_ozonedb_configs/shared_config_LOAD_p32_r1_proc9.json -load
YCSB Client 0.18.0-SNAPSHOT

Loading workload...
Starting test.
SLF4J: Class path contains multiple SLF4J bindings.
SLF4J: Found binding in [jar:file:/users/Xinying/.m2/repository/ch/qos/logback/logback-classic/1.2.3/logback-classic-1.2.3.jar!/org/slf4j/impl/StaticLoggerBinder.class]
SLF4J: Found binding in [jar:file:/users/Xinying/.m2/repository/org/slf4j/slf4j-simple/1.7.25/slf4j-simple-1.7.25.jar!/org/slf4j/impl/StaticLoggerBinder.class]
SLF4J: See http://www.slf4j.org/codes.html#multiple_bindings for an explanation.
SLF4J: Actual binding is of type [ch.qos.logback.classic.util.ContextSelectorStaticBinder]
2026-04-29 20:43:58:465 0 sec: 0 operations; est completion in 0 second 
Directory already created.
Starting compaction watcher
DBWrapper: report latency for each error is false and specific error codes to track for latency are: []
2026-04-29 20:43:59:465 1 sec: 1012 operations; 1012 current ops/sec; est completion in 30 seconds [INSERT: Count=1012, Max=33503, Min=180, Avg=891.1, 90=1199, 99=4371, 99.9=13111, 99.99=33503] 
2026-04-29 20:44:00:465 2 sec: 2098 operations; 1086 current ops/sec; est completion in 28 seconds [INSERT: Count=1087, Max=29695, Min=192, Avg=916.42, 90=1241, 99=2497, 99.9=14159, 99.99=29695] 
2026-04-29 20:44:01:465 3 sec: 3333 operations; 1235 current ops/sec; est completion in 26 seconds [INSERT: Count=1235, Max=12095, Min=212, Avg=801, 90=1163, 99=1815, 99.9=5703, 99.99=12095] 
2026-04-29 20:44:02:465 4 sec: 4338 operations; 1005 current ops/sec; est completion in 25 seconds [INSERT: Count=1005, Max=26975, Min=212, Avg=985.29, 90=1421, 99=1988, 99.9=9807, 99.99=26975] 
2026-04-29 20:44:03:465 5 sec: 5551 operations; 1213 current ops/sec; est completion in 24 seconds [INSERT: Count=1212, Max=10767, Min=197, Avg=806.74, 90=1069, 99=2016, 99.9=10143, 99.99=10767] 
2026-04-29 20:44:04:465 6 sec: 6751 operations; 1200 current ops/sec; est completion in 22 seconds [INSERT: Count=1201, Max=15599, Min=217, Avg=833.72, 90=1101, 99=2249, 99.9=11407, 99.99=15599] 
2026-04-29 20:44:05:465 7 sec: 8014 operations; 1263 current ops/sec; est completion in 21 seconds [INSERT: Count=1263, Max=12343, Min=204, Avg=786.57, 90=1073, 99=1655, 99.9=6547, 99.99=12343] 
2026-04-29 20:44:06:465 8 sec: 9271 operations; 1257 current ops/sec; est completion in 19 seconds [INSERT: Count=1256, Max=11743, Min=216, Avg=791.16, 90=1075, 99=1615, 99.9=10519, 99.99=11743] 
2026-04-29 20:44:06:842 - Compaction started: 
2026-04-29 20:44:07:465 9 sec: 10270 operations; 999 current ops/sec; est completion in 19 seconds [INSERT: Count=999, Max=37439, Min=206, Avg=995.36, 90=1425, 99=2479, 99.9=37439, 99.99=37439] 
140250907027008:Compacting datalog/9 datalog/10 into:sstable1/9f4b0426-3e30-4fcb-b58d-b8b56c129a96202604291443581777495447041347501.sst
2026-04-29 20:44:07:539 - Compaction completed: 
2026-04-29 20:44:08:465 10 sec: 11251 operations; 981 current ops/sec; est completion in 18 seconds [INSERT: Count=981, Max=6891, Min=316, Avg=1013.5, 90=1478, 99=2003, 99.9=6891, 99.99=6891] 
2026-04-29 20:44:09:465 11 sec: 12674 operations; 1423 current ops/sec; est completion in 17 seconds [INSERT: Count=1423, Max=8831, Min=166, Avg=697.43, 90=1042, 99=1638, 99.9=7291, 99.99=8831] 
2026-04-29 20:44:10:465 12 sec: 13925 operations; 1251 current ops/sec; est completion in 15 seconds [INSERT: Count=1252, Max=14527, Min=256, Avg=795.35, 90=1036, 99=1669, 99.9=14079, 99.99=14527] 
2026-04-29 20:44:11:465 13 sec: 15121 operations; 1196 current ops/sec; est completion in 14 seconds [INSERT: Count=1196, Max=18095, Min=202, Avg=831.22, 90=1138, 99=2009, 99.9=3049, 99.99=18095] 
2026-04-29 20:44:12:465 14 sec: 16203 operations; 1082 current ops/sec; est completion in 14 seconds [INSERT: Count=1082, Max=39359, Min=203, Avg=919.27, 90=1280, 99=1980, 99.9=15527, 99.99=39359] 
2026-04-29 20:44:13:465 15 sec: 17052 operations; 849 current ops/sec; est completion in 13 seconds [INSERT: Count=848, Max=16215, Min=365, Avg=1172.39, 90=1613, 99=2113, 99.9=16215, 99.99=16215] 
2026-04-29 20:44:13:947 - NewTail completed: 
2026-04-29 20:44:14:465 16 sec: 18408 operations; 1356 current ops/sec; est completion in 12 seconds [INSERT: Count=1356, Max=11295, Min=156, Avg=732.74, 90=1337, 99=1937, 99.9=11271, 99.99=11295] 
2026-04-29 20:44:15:465 17 sec: 19625 operations; 1217 current ops/sec; est completion in 11 seconds [INSERT: Count=1217, Max=12519, Min=225, Avg=817.5, 90=1075, 99=1651, 99.9=9071, 99.99=12519] 
2026-04-29 20:44:16:465 18 sec: 20778 operations; 1153 current ops/sec; est completion in 10 seconds [INSERT: Count=1153, Max=16783, Min=226, Avg=862.73, 90=1129, 99=1856, 99.9=15519, 99.99=16783] 
2026-04-29 20:44:17:465 19 sec: 21953 operations; 1175 current ops/sec; est completion in 9 second [INSERT: Count=1176, Max=37631, Min=188, Avg=845.87, 90=1175, 99=1997, 99.9=16799, 99.99=37631] 
2026-04-29 20:44:18:465 20 sec: 22789 operations; 836 current ops/sec; est completion in 8 second [INSERT: Count=835, Max=17071, Min=361, Avg=1190.51, 90=1647, 99=2175, 99.9=17071, 99.99=17071] 
2026-04-29 20:44:19:465 21 sec: 23687 operations; 898 current ops/sec; est completion in 7 second [INSERT: Count=898, Max=12751, Min=276, Avg=1109.37, 90=1897, 99=3979, 99.9=12751, 99.99=12751] 
2026-04-29 20:44:20:465 22 sec: 24819 operations; 1132 current ops/sec; est completion in 6 second [INSERT: Count=1133, Max=93695, Min=249, Avg=878.22, 90=1074, 99=1808, 99.9=8735, 99.99=93695] 
2026-04-29 20:44:21:465 23 sec: 25936 operations; 1117 current ops/sec; est completion in 5 second [INSERT: Count=1117, Max=93567, Min=279, Avg=891.01, 90=1092, 99=1704, 99.9=7023, 99.99=93567] 
2026-04-29 20:44:22:465 24 sec: 27048 operations; 1112 current ops/sec; est completion in 4 second [INSERT: Count=1112, Max=38911, Min=240, Avg=893.75, 90=1153, 99=1971, 99.9=24159, 99.99=38911] 
2026-04-29 20:44:23:465 25 sec: 27717 operations; 669 current ops/sec; est completion in 4 second [INSERT: Count=668, Max=92223, Min=382, Avg=1489.71, 90=1916, 99=5871, 99.9=92223, 99.99=92223] 
2026-04-29 20:44:24:465 26 sec: 28413 operations; 696 current ops/sec; est completion in 3 second [INSERT: Count=696, Max=20143, Min=354, Avg=1427.39, 90=2215, 99=3413, 99.9=20143, 99.99=20143] 
2026-04-29 20:44:25:465 27 sec: 29555 operations; 1142 current ops/sec; est completion in 2 second [INSERT: Count=1143, Max=18767, Min=243, Avg=873.25, 90=1190, 99=2083, 99.9=7507, 99.99=18767] 
2026-04-29 20:44:26:465 28 sec: 30779 operations; 1224 current ops/sec; est completion in 1 second [INSERT: Count=1223, Max=16671, Min=241, Avg=812.44, 90=1073, 99=1700, 99.9=3203, 99.99=16671] 
2026-04-29 20:44:26:865 28 sec: 31250 operations; 1174.56 current ops/sec; [CLEANUP: Count=1, Max=38463, Min=38432, Avg=38448, 90=38463, 99=38463, 99.9=38463, 99.99=38463] [INSERT: Count=471, Max=18047, Min=183, Avg=763.6, 90=1035, 99=1593, 99.9=18047, 99.99=18047] 
[OVERALL], RunTime(ms), 28401
[OVERALL], Throughput(ops/sec), 1100.3133692475617
[TOTAL_GCS_PS_Scavenge], Count, 0
[TOTAL_GC_TIME_PS_Scavenge], Time(ms), 0
[TOTAL_GC_TIME_%_PS_Scavenge], Time(%), 0.0
[TOTAL_GCS_PS_MarkSweep], Count, 0
[TOTAL_GC_TIME_PS_MarkSweep], Time(ms), 0
[TOTAL_GC_TIME_%_PS_MarkSweep], Time(%), 0.0
[TOTAL_GCs], Count, 0
[TOTAL_GC_TIME], Time(ms), 0
[TOTAL_GC_TIME_%], Time(%), 0.0
[CLEANUP], Operations, 1
[CLEANUP], AverageLatency(us), 38448.0
[CLEANUP], MinLatency(us), 38432
[CLEANUP], MaxLatency(us), 38463
[CLEANUP], 95thPercentileLatency(us), 38463
[CLEANUP], 99thPercentileLatency(us), 38463
[INSERT], Operations, 31250
[INSERT], AverageLatency(us), 899.06464
[INSERT], MinLatency(us), 156
[INSERT], MaxLatency(us), 93695
[INSERT], 95thPercentileLatency(us), 1545
[INSERT], 99thPercentileLatency(us), 2347
[INSERT], Return=OK, 31250
	Command being timed: "/usr/lib/jvm/java-8-openjdk-amd64/bin/java -cp /users/Xinying/ozonedb/ycsb/ozonedb/conf:/users/Xinying/ozonedb/ycsb/ozonedb/target/ozonedb-binding-0.18.0-SNAPSHOT.jar:/users/Xinying/.m2/repository/org/apache/htrace/htrace-core4/4.1.0-incubating/htrace-core4-4.1.0-incubating.jar:/users/Xinying/.m2/repository/org/slf4j/slf4j-api/1.7.25/slf4j-api-1.7.25.jar:/users/Xinying/.m2/repository/org/hdrhistogram/HdrHistogram/2.1.12/HdrHistogram-2.1.12.jar:/users/Xinying/.m2/repository/ch/qos/logback/logback-classic/1.2.3/logback-classic-1.2.3.jar:/users/Xinying/.m2/repository/ozonedbjnimaven/demoproc-jni/1.0/demoproc-jni-1.0.jar:/users/Xinying/.m2/repository/ch/qos/logback/logback-core/1.2.3/logback-core-1.2.3.jar:/users/Xinying/.m2/repository/org/codehaus/jackson/jackson-mapper-asl/1.9.4/jackson-mapper-asl-1.9.4.jar:/users/Xinying/.m2/repository/org/slf4j/slf4j-simple/1.7.25/slf4j-simple-1.7.25.jar:/users/Xinying/.m2/repository/org/codehaus/jackson/jackson-core-asl/1.9.4/jackson-core-asl-1.9.4.jar:/users/Xinying/ozonedb/ycsb/core/target/core-0.18.0-SNAPSHOT.jar site.ycsb.Client -db site.ycsb.db.OzoneDBClient -threads 1 -s -P /users/Xinying/ozonedb/ycsb/workloads/generated_workloads/workloada_1KB_1000000_1000000 -p status.interval=1 -p recordcount=1000000 -p insertstart=281250 -p insertcount=31250 -p shared_config=/tmp/phase1_ozonedb_configs/shared_config_LOAD_p32_r1_proc9.json -load"
	User time (seconds): 2.07
	System time (seconds): 14.26
	Percent of CPU this job got: 56%
	Elapsed (wall clock) time (h:mm:ss or m:ss): 0:29.12
	Average shared text size (kbytes): 0
	Average unshared data size (kbytes): 0
	Average stack size (kbytes): 0
	Average total size (kbytes): 0
	Maximum resident set size (kbytes): 471644
	Average resident set size (kbytes): 0
	Major (requiring I/O) page faults: 311
	Minor (reclaiming a frame) page faults: 131446
	Voluntary context switches: 228245
	Involuntary context switches: 1932
	Swaps: 0
	File system inputs: 147131
	File system outputs: 221270
	Socket messages sent: 0
	Socket messages received: 0
	Signals delivered: 0
	Page size (bytes): 4096
	Exit status: 0
