# CMD: /usr/bin/time -v /usr/lib/jvm/java-8-openjdk-amd64/bin/java -cp /users/Xinying/ozonedb/ycsb/ozonedb/conf:/users/Xinying/ozonedb/ycsb/ozonedb/target/ozonedb-binding-0.18.0-SNAPSHOT.jar:/users/Xinying/.m2/repository/org/apache/htrace/htrace-core4/4.1.0-incubating/htrace-core4-4.1.0-incubating.jar:/users/Xinying/.m2/repository/org/slf4j/slf4j-api/1.7.25/slf4j-api-1.7.25.jar:/users/Xinying/.m2/repository/org/hdrhistogram/HdrHistogram/2.1.12/HdrHistogram-2.1.12.jar:/users/Xinying/.m2/repository/ch/qos/logback/logback-classic/1.2.3/logback-classic-1.2.3.jar:/users/Xinying/.m2/repository/ozonedbjnimaven/demoproc-jni/1.0/demoproc-jni-1.0.jar:/users/Xinying/.m2/repository/ch/qos/logback/logback-core/1.2.3/logback-core-1.2.3.jar:/users/Xinying/.m2/repository/org/codehaus/jackson/jackson-mapper-asl/1.9.4/jackson-mapper-asl-1.9.4.jar:/users/Xinying/.m2/repository/org/slf4j/slf4j-simple/1.7.25/slf4j-simple-1.7.25.jar:/users/Xinying/.m2/repository/org/codehaus/jackson/jackson-core-asl/1.9.4/jackson-core-asl-1.9.4.jar:/users/Xinying/ozonedb/ycsb/core/target/core-0.18.0-SNAPSHOT.jar site.ycsb.Client -db site.ycsb.db.OzoneDBClient -threads 1 -s -P /users/Xinying/ozonedb/ycsb/workloads/generated_workloads/workloada_1KB_1000000_1000000 -p status.interval=1 -p recordcount=1000000 -p insertstart=781250 -p insertcount=31250 -p shared_config=/tmp/phase1_ozonedb_configs/shared_config_LOAD_p32_r1_proc25.json -load
# work_path=/tank/ycsb_data/multi-proc-run/ozonedb_load_shared_p32
Command line: -db site.ycsb.db.OzoneDBClient -threads 1 -s -P /users/Xinying/ozonedb/ycsb/workloads/generated_workloads/workloada_1KB_1000000_1000000 -p status.interval=1 -p recordcount=1000000 -p insertstart=781250 -p insertcount=31250 -p shared_config=/tmp/phase1_ozonedb_configs/shared_config_LOAD_p32_r1_proc25.json -load
YCSB Client 0.18.0-SNAPSHOT

Loading workload...
Starting test.
SLF4J: Class path contains multiple SLF4J bindings.
SLF4J: Found binding in [jar:file:/users/Xinying/.m2/repository/ch/qos/logback/logback-classic/1.2.3/logback-classic-1.2.3.jar!/org/slf4j/impl/StaticLoggerBinder.class]
SLF4J: Found binding in [jar:file:/users/Xinying/.m2/repository/org/slf4j/slf4j-simple/1.7.25/slf4j-simple-1.7.25.jar!/org/slf4j/impl/StaticLoggerBinder.class]
SLF4J: See http://www.slf4j.org/codes.html#multiple_bindings for an explanation.
SLF4J: Actual binding is of type [ch.qos.logback.classic.util.ContextSelectorStaticBinder]
2026-04-29 20:43:58:471 0 sec: 0 operations; est completion in 0 second 
Directory already created.
Starting compaction watcher
DBWrapper: report latency for each error is false and specific error codes to track for latency are: []
2026-04-29 20:43:58:522 - NewTail completed: 
2026-04-29 20:43:59:470 1 sec: 1006 operations; 1006 current ops/sec; est completion in 31 seconds [INSERT: Count=1006, Max=14047, Min=186, Avg=906.06, 90=1270, 99=5723, 99.9=13383, 99.99=14047] 
2026-04-29 20:44:00:470 2 sec: 2125 operations; 1119 current ops/sec; est completion in 28 seconds [INSERT: Count=1121, Max=20383, Min=218, Avg=881.4, 90=1214, 99=2461, 99.9=17039, 99.99=20383] 
2026-04-29 20:44:01:471 3 sec: 3386 operations; 1261 current ops/sec; est completion in 25 seconds [INSERT: Count=1260, Max=11071, Min=215, Avg=785.6, 90=1061, 99=1616, 99.9=7823, 99.99=11071] 
2026-04-29 20:44:02:470 4 sec: 4365 operations; 979 current ops/sec; est completion in 25 seconds [INSERT: Count=979, Max=27887, Min=262, Avg=1010.23, 90=1474, 99=2115, 99.9=27887, 99.99=27887] 
2026-04-29 20:44:03:470 5 sec: 5575 operations; 1210 current ops/sec; est completion in 24 seconds [INSERT: Count=1209, Max=11207, Min=198, Avg=816.53, 90=1086, 99=2091, 99.9=11127, 99.99=11207] 
2026-04-29 20:44:04:470 6 sec: 6780 operations; 1205 current ops/sec; est completion in 22 seconds [INSERT: Count=1205, Max=11471, Min=218, Avg=825.24, 90=1106, 99=3005, 99.9=10463, 99.99=11471] 
2026-04-29 20:44:05:470 7 sec: 8028 operations; 1248 current ops/sec; est completion in 21 seconds [INSERT: Count=1249, Max=6143, Min=185, Avg=796.25, 90=1114, 99=1763, 99.9=5583, 99.99=6143] 
2026-04-29 20:44:06:471 8 sec: 9283 operations; 1253.75 current ops/sec; est completion in 19 seconds [INSERT: Count=1255, Max=5175, Min=244, Avg=792.76, 90=1129, 99=1776, 99.9=3027, 99.99=5175] 
2026-04-29 20:44:07:470 9 sec: 10298 operations; 1016.02 current ops/sec; est completion in 19 seconds [INSERT: Count=1014, Max=37471, Min=244, Avg=979.01, 90=1436, 99=2633, 99.9=5535, 99.99=37471] 
2026-04-29 20:44:08:470 10 sec: 11139 operations; 841 current ops/sec; est completion in 19 seconds [INSERT: Count=841, Max=94655, Min=283, Avg=1182.24, 90=1546, 99=2163, 99.9=94655, 99.99=94655] 
2026-04-29 20:44:09:470 11 sec: 12213 operations; 1074 current ops/sec; est completion in 18 seconds [INSERT: Count=1075, Max=92991, Min=237, Avg=926.31, 90=1115, 99=2087, 99.9=8663, 99.99=92991] 
2026-04-29 20:44:10:470 12 sec: 13414 operations; 1201 current ops/sec; est completion in 16 seconds [INSERT: Count=1200, Max=10399, Min=302, Avg=827.63, 90=1085, 99=1692, 99.9=9519, 99.99=10399] 
2026-04-29 20:44:11:470 13 sec: 14642 operations; 1228 current ops/sec; est completion in 15 seconds [INSERT: Count=1229, Max=7235, Min=181, Avg=810.07, 90=1130, 99=2089, 99.9=3739, 99.99=7235] 
2026-04-29 20:44:12:470 14 sec: 15747 operations; 1105 current ops/sec; est completion in 14 seconds [INSERT: Count=1105, Max=39423, Min=248, Avg=899.96, 90=1249, 99=1937, 99.9=11599, 99.99=39423] 
2026-04-29 20:44:13:470 15 sec: 16589 operations; 842 current ops/sec; est completion in 14 seconds [INSERT: Count=841, Max=11455, Min=311, Avg=1182.13, 90=1635, 99=2091, 99.9=11455, 99.99=11455] 
2026-04-29 20:44:14:470 16 sec: 17530 operations; 941 current ops/sec; est completion in 13 seconds [INSERT: Count=941, Max=97535, Min=303, Avg=1058.33, 90=1416, 99=2061, 99.9=97535, 99.99=97535] 
2026-04-29 20:44:15:470 17 sec: 18740 operations; 1210 current ops/sec; est completion in 12 seconds [INSERT: Count=1210, Max=7503, Min=190, Avg=821.73, 90=1087, 99=1635, 99.9=3439, 99.99=7503] 
2026-04-29 20:44:16:470 18 sec: 19964 operations; 1224 current ops/sec; est completion in 11 seconds [INSERT: Count=1224, Max=9343, Min=209, Avg=812.86, 90=1071, 99=1654, 99.9=9271, 99.99=9343] 
2026-04-29 20:44:17:160 - Compaction started: 
2026-04-29 20:44:17:470 19 sec: 21092 operations; 1128 current ops/sec; est completion in 10 seconds [INSERT: Count=1128, Max=38655, Min=229, Avg=881.18, 90=1209, 99=2067, 99.9=10535, 99.99=38655] 
140368540571200:Compacting datalog/21 datalog/22 into:sstable1/48262fcc-de54-41d2-b760-b2278092e6b6202604291443581777495457344910344.sst
2026-04-29 20:44:17:853 - Compaction completed: 
2026-04-29 20:44:18:470 20 sec: 21925 operations; 833 current ops/sec; est completion in 9 second [INSERT: Count=834, Max=12007, Min=342, Avg=1194.29, 90=1637, 99=2205, 99.9=12007, 99.99=12007] 
2026-04-29 20:44:19:470 21 sec: 22883 operations; 958 current ops/sec; est completion in 8 second [INSERT: Count=957, Max=14631, Min=237, Avg=1036.21, 90=1837, 99=3595, 99.9=14631, 99.99=14631] 
2026-04-29 20:44:20:470 22 sec: 24011 operations; 1128 current ops/sec; est completion in 7 second [INSERT: Count=1129, Max=84863, Min=234, Avg=884.59, 90=1121, 99=1808, 99.9=8991, 99.99=84863] 
2026-04-29 20:44:21:470 23 sec: 25124 operations; 1113 current ops/sec; est completion in 6 second [INSERT: Count=1113, Max=84415, Min=233, Avg=893.41, 90=1119, 99=1750, 99.9=5215, 99.99=84415] 
2026-04-29 20:44:22:470 24 sec: 26299 operations; 1175 current ops/sec; est completion in 5 second [INSERT: Count=1174, Max=37375, Min=218, Avg=846.5, 90=1129, 99=1940, 99.9=11847, 99.99=37375] 
2026-04-29 20:44:23:470 25 sec: 26975 operations; 676 current ops/sec; est completion in 4 second [INSERT: Count=676, Max=65599, Min=403, Avg=1473.2, 90=1918, 99=6143, 99.9=65599, 99.99=65599] 
2026-04-29 20:44:24:470 26 sec: 27678 operations; 703 current ops/sec; est completion in 4 second [INSERT: Count=704, Max=15775, Min=374, Avg=1416.25, 90=2295, 99=3351, 99.9=15775, 99.99=15775] 
2026-04-29 20:44:25:470 27 sec: 28869 operations; 1191 current ops/sec; est completion in 3 second [INSERT: Count=1191, Max=16575, Min=211, Avg=834.66, 90=1154, 99=1859, 99.9=8751, 99.99=16575] 
2026-04-29 20:44:26:470 28 sec: 30104 operations; 1235 current ops/sec; est completion in 2 second [INSERT: Count=1235, Max=15807, Min=237, Avg=804.81, 90=1061, 99=1640, 99.9=2355, 99.99=15807] 
2026-04-29 20:44:27:315 28 sec: 31250 operations; 1356.21 current ops/sec; [CLEANUP: Count=1, Max=59135, Min=59104, Avg=59120, 90=59135, 99=59135, 99.9=59135, 99.99=59135] [INSERT: Count=1145, Max=11831, Min=198, Avg=681.09, 90=963, 99=1699, 99.9=11095, 99.99=11831] 
[OVERALL], RunTime(ms), 28845
[OVERALL], Throughput(ops/sec), 1083.3766684000693
[TOTAL_GCS_PS_Scavenge], Count, 0
[TOTAL_GC_TIME_PS_Scavenge], Time(ms), 0
[TOTAL_GC_TIME_%_PS_Scavenge], Time(%), 0.0
[TOTAL_GCS_PS_MarkSweep], Count, 0
[TOTAL_GC_TIME_PS_MarkSweep], Time(ms), 0
[TOTAL_GC_TIME_%_PS_MarkSweep], Time(%), 0.0
[TOTAL_GCs], Count, 0
[TOTAL_GC_TIME], Time(ms), 0
[TOTAL_GC_TIME_%], Time(%), 0.0
[CLEANUP], Operations, 1
[CLEANUP], AverageLatency(us), 59120.0
[CLEANUP], MinLatency(us), 59104
[CLEANUP], MaxLatency(us), 59135
[CLEANUP], 95thPercentileLatency(us), 59135
[CLEANUP], 99thPercentileLatency(us), 59135
[INSERT], Operations, 31250
[INSERT], AverageLatency(us), 912.767264
[INSERT], MinLatency(us), 181
[INSERT], MaxLatency(us), 97535
[INSERT], 95thPercentileLatency(us), 1548
[INSERT], 99thPercentileLatency(us), 2425
[INSERT], Return=OK, 31250
	Command being timed: "/usr/lib/jvm/java-8-openjdk-amd64/bin/java -cp /users/Xinying/ozonedb/ycsb/ozonedb/conf:/users/Xinying/ozonedb/ycsb/ozonedb/target/ozonedb-binding-0.18.0-SNAPSHOT.jar:/users/Xinying/.m2/repository/org/apache/htrace/htrace-core4/4.1.0-incubating/htrace-core4-4.1.0-incubating.jar:/users/Xinying/.m2/repository/org/slf4j/slf4j-api/1.7.25/slf4j-api-1.7.25.jar:/users/Xinying/.m2/repository/org/hdrhistogram/HdrHistogram/2.1.12/HdrHistogram-2.1.12.jar:/users/Xinying/.m2/repository/ch/qos/logback/logback-classic/1.2.3/logback-classic-1.2.3.jar:/users/Xinying/.m2/repository/ozonedbjnimaven/demoproc-jni/1.0/demoproc-jni-1.0.jar:/users/Xinying/.m2/repository/ch/qos/logback/logback-core/1.2.3/logback-core-1.2.3.jar:/users/Xinying/.m2/repository/org/codehaus/jackson/jackson-mapper-asl/1.9.4/jackson-mapper-asl-1.9.4.jar:/users/Xinying/.m2/repository/org/slf4j/slf4j-simple/1.7.25/slf4j-simple-1.7.25.jar:/users/Xinying/.m2/repository/org/codehaus/jackson/jackson-core-asl/1.9.4/jackson-core-asl-1.9.4.jar:/users/Xinying/ozonedb/ycsb/core/target/core-0.18.0-SNAPSHOT.jar site.ycsb.Client -db site.ycsb.db.OzoneDBClient -threads 1 -s -P /users/Xinying/ozonedb/ycsb/workloads/generated_workloads/workloada_1KB_1000000_1000000 -p status.interval=1 -p recordcount=1000000 -p insertstart=781250 -p insertcount=31250 -p shared_config=/tmp/phase1_ozonedb_configs/shared_config_LOAD_p32_r1_proc25.json -load"
	User time (seconds): 2.27
	System time (seconds): 14.41
	Percent of CPU this job got: 56%
	Elapsed (wall clock) time (h:mm:ss or m:ss): 0:29.65
	Average shared text size (kbytes): 0
	Average unshared data size (kbytes): 0
	Average stack size (kbytes): 0
	Average total size (kbytes): 0
	Maximum resident set size (kbytes): 476540
	Average resident set size (kbytes): 0
	Major (requiring I/O) page faults: 228
	Minor (reclaiming a frame) page faults: 132897
	Voluntary context switches: 228324
	Involuntary context switches: 2290
	Swaps: 0
	File system inputs: 143852
	File system outputs: 219697
	Socket messages sent: 0
	Socket messages received: 0
	Signals delivered: 0
	Page size (bytes): 4096
	Exit status: 0
