# CMD: /usr/bin/time -v /usr/lib/jvm/java-8-openjdk-amd64/bin/java -cp /users/Xinying/ozonedb/ycsb/ozonedb/conf:/users/Xinying/ozonedb/ycsb/ozonedb/target/ozonedb-binding-0.18.0-SNAPSHOT.jar:/users/Xinying/.m2/repository/org/apache/htrace/htrace-core4/4.1.0-incubating/htrace-core4-4.1.0-incubating.jar:/users/Xinying/.m2/repository/org/slf4j/slf4j-api/1.7.25/slf4j-api-1.7.25.jar:/users/Xinying/.m2/repository/org/hdrhistogram/HdrHistogram/2.1.12/HdrHistogram-2.1.12.jar:/users/Xinying/.m2/repository/ch/qos/logback/logback-classic/1.2.3/logback-classic-1.2.3.jar:/users/Xinying/.m2/repository/ozonedbjnimaven/demoproc-jni/1.0/demoproc-jni-1.0.jar:/users/Xinying/.m2/repository/ch/qos/logback/logback-core/1.2.3/logback-core-1.2.3.jar:/users/Xinying/.m2/repository/org/codehaus/jackson/jackson-mapper-asl/1.9.4/jackson-mapper-asl-1.9.4.jar:/users/Xinying/.m2/repository/org/slf4j/slf4j-simple/1.7.25/slf4j-simple-1.7.25.jar:/users/Xinying/.m2/repository/org/codehaus/jackson/jackson-core-asl/1.9.4/jackson-core-asl-1.9.4.jar:/users/Xinying/ozonedb/ycsb/core/target/core-0.18.0-SNAPSHOT.jar site.ycsb.Client -db site.ycsb.db.OzoneDBClient -threads 1 -s -P /users/Xinying/ozonedb/ycsb/workloads/generated_workloads/workloada_1KB_1000000_1000000 -p status.interval=1 -p recordcount=1000000 -p insertstart=406250 -p insertcount=31250 -p shared_config=/tmp/phase1_ozonedb_configs/shared_config_LOAD_p32_r1_proc13.json -load
# work_path=/tank/ycsb_data/multi-proc-run/ozonedb_load_shared_p32
Command line: -db site.ycsb.db.OzoneDBClient -threads 1 -s -P /users/Xinying/ozonedb/ycsb/workloads/generated_workloads/workloada_1KB_1000000_1000000 -p status.interval=1 -p recordcount=1000000 -p insertstart=406250 -p insertcount=31250 -p shared_config=/tmp/phase1_ozonedb_configs/shared_config_LOAD_p32_r1_proc13.json -load
YCSB Client 0.18.0-SNAPSHOT

Loading workload...
Starting test.
SLF4J: Class path contains multiple SLF4J bindings.
SLF4J: Found binding in [jar:file:/users/Xinying/.m2/repository/ch/qos/logback/logback-classic/1.2.3/logback-classic-1.2.3.jar!/org/slf4j/impl/StaticLoggerBinder.class]
SLF4J: Found binding in [jar:file:/users/Xinying/.m2/repository/org/slf4j/slf4j-simple/1.7.25/slf4j-simple-1.7.25.jar!/org/slf4j/impl/StaticLoggerBinder.class]
SLF4J: See http://www.slf4j.org/codes.html#multiple_bindings for an explanation.
SLF4J: Actual binding is of type [ch.qos.logback.classic.util.ContextSelectorStaticBinder]
2026-04-29 20:43:58:473 0 sec: 0 operations; est completion in 0 second 
Directory already created.
Starting compaction watcher
DBWrapper: report latency for each error is false and specific error codes to track for latency are: []
2026-04-29 20:43:59:473 1 sec: 1035 operations; 1035 current ops/sec; est completion in 30 seconds [INSERT: Count=1038, Max=18015, Min=190, Avg=875.91, 90=1244, 99=4575, 99.9=13287, 99.99=18015] 
2026-04-29 20:44:00:473 2 sec: 2127 operations; 1092 current ops/sec; est completion in 28 seconds [INSERT: Count=1089, Max=23199, Min=173, Avg=893.18, 90=1222, 99=4263, 99.9=19439, 99.99=23199] 
2026-04-29 20:44:01:473 3 sec: 3299 operations; 1172 current ops/sec; est completion in 26 seconds [INSERT: Count=1172, Max=12231, Min=252, Avg=849.31, 90=1139, 99=1996, 99.9=12039, 99.99=12231] 
2026-04-29 20:44:02:473 4 sec: 4329 operations; 1030 current ops/sec; est completion in 25 seconds [INSERT: Count=1030, Max=28159, Min=226, Avg=961.03, 90=1416, 99=2079, 99.9=9871, 99.99=28159] 
2026-04-29 20:44:03:473 5 sec: 5511 operations; 1182 current ops/sec; est completion in 24 seconds [INSERT: Count=1182, Max=11871, Min=217, Avg=837.37, 90=1116, 99=2731, 99.9=11071, 99.99=11871] 
2026-04-29 20:44:04:473 6 sec: 6666 operations; 1155 current ops/sec; est completion in 23 seconds [INSERT: Count=1155, Max=16575, Min=203, Avg=857.12, 90=1097, 99=3695, 99.9=13719, 99.99=16575] 
2026-04-29 20:44:05:473 7 sec: 7885 operations; 1219 current ops/sec; est completion in 21 seconds [INSERT: Count=1219, Max=19999, Min=202, Avg=817.9, 90=1131, 99=1762, 99.9=5455, 99.99=19999] 
2026-04-29 20:44:06:473 8 sec: 9049 operations; 1164 current ops/sec; est completion in 20 seconds [INSERT: Count=1165, Max=18831, Min=197, Avg=853.66, 90=1157, 99=2155, 99.9=5775, 99.99=18831] 
2026-04-29 20:44:07:473 9 sec: 10057 operations; 1008 current ops/sec; est completion in 19 seconds [INSERT: Count=1007, Max=37439, Min=244, Avg=987.17, 90=1408, 99=2529, 99.9=20783, 99.99=37439] 
2026-04-29 20:44:08:473 10 sec: 11038 operations; 981 current ops/sec; est completion in 19 seconds [INSERT: Count=982, Max=9863, Min=231, Avg=1013.77, 90=1515, 99=2030, 99.9=9863, 99.99=9863] 
2026-04-29 20:44:09:473 11 sec: 12402 operations; 1364 current ops/sec; est completion in 17 seconds [INSERT: Count=1363, Max=7979, Min=161, Avg=727.59, 90=1097, 99=1693, 99.9=6347, 99.99=7979] 
2026-04-29 20:44:10:473 12 sec: 13606 operations; 1204 current ops/sec; est completion in 16 seconds [INSERT: Count=1205, Max=21311, Min=245, Avg=826.2, 90=1057, 99=1735, 99.9=21023, 99.99=21311] 
2026-04-29 20:44:11:473 13 sec: 14869 operations; 1263 current ops/sec; est completion in 15 seconds [INSERT: Count=1262, Max=20687, Min=171, Avg=787.25, 90=1057, 99=1707, 99.9=5795, 99.99=20687] 
2026-04-29 20:44:12:473 14 sec: 15929 operations; 1060 current ops/sec; est completion in 14 seconds [INSERT: Count=1061, Max=39007, Min=185, Avg=938.15, 90=1328, 99=2301, 99.9=22367, 99.99=39007] 
2026-04-29 20:44:13:473 15 sec: 16783 operations; 854 current ops/sec; est completion in 13 seconds [INSERT: Count=854, Max=22655, Min=385, Avg=1165.08, 90=1665, 99=2183, 99.9=22655, 99.99=22655] 
2026-04-29 20:44:14:473 16 sec: 18151 operations; 1368 current ops/sec; est completion in 12 seconds [INSERT: Count=1367, Max=6967, Min=162, Avg=725.95, 90=1252, 99=1905, 99.9=6659, 99.99=6967] 
2026-04-29 20:44:15:473 17 sec: 19364 operations; 1213 current ops/sec; est completion in 11 seconds [INSERT: Count=1213, Max=21679, Min=233, Avg=820.48, 90=1078, 99=1519, 99.9=5051, 99.99=21679] 
2026-04-29 20:44:16:473 18 sec: 20527 operations; 1163 current ops/sec; est completion in 10 seconds [INSERT: Count=1163, Max=23903, Min=193, Avg=855.15, 90=1112, 99=1861, 99.9=23535, 99.99=23903] 
2026-04-29 20:44:17:473 19 sec: 21652 operations; 1125 current ops/sec; est completion in 9 second [INSERT: Count=1126, Max=37823, Min=228, Avg=883.52, 90=1224, 99=2347, 99.9=19759, 99.99=37823] 
2026-04-29 20:44:18:473 20 sec: 22484 operations; 832 current ops/sec; est completion in 8 second [INSERT: Count=832, Max=16639, Min=345, Avg=1196.18, 90=1619, 99=2189, 99.9=16639, 99.99=16639] 
2026-04-29 20:44:19:473 21 sec: 23404 operations; 920 current ops/sec; est completion in 8 second [INSERT: Count=919, Max=23087, Min=300, Avg=1082.54, 90=1920, 99=3689, 99.9=23087, 99.99=23087] 
2026-04-29 20:44:20:064 - NewTail completed: 
2026-04-29 20:44:20:473 22 sec: 24951 operations; 1547 current ops/sec; est completion in 6 second [INSERT: Count=1548, Max=8871, Min=143, Avg=642.11, 90=1044, 99=1700, 99.9=2397, 99.99=8871] 
2026-04-29 20:44:20:864 - NewTail completed: 
2026-04-29 20:44:20:868 - Compaction started: 
2026-04-29 20:44:21:473 23 sec: 26452 operations; 1501 current ops/sec; est completion in 5 second [INSERT: Count=1500, Max=5471, Min=158, Avg=662.18, 90=1047, 99=1627, 99.9=4631, 99.99=5471] 
140443325871680:Compacting datalog/25 datalog/26 into:sstable1/46a244c1-42fc-4e06-ad49-447e9bef6e00202604291443581777495461047634903.sst
2026-04-29 20:44:21:557 - Compaction completed: 
2026-04-29 20:44:22:473 24 sec: 27581 operations; 1129 current ops/sec; est completion in 4 second [INSERT: Count=1130, Max=39807, Min=209, Avg=880.26, 90=1147, 99=2008, 99.9=25679, 99.99=39807] 
2026-04-29 20:44:23:473 25 sec: 28255 operations; 674 current ops/sec; est completion in 3 second [INSERT: Count=674, Max=84863, Min=389, Avg=1478.11, 90=1914, 99=5531, 99.9=84863, 99.99=84863] 
2026-04-29 20:44:24:473 26 sec: 28965 operations; 710 current ops/sec; est completion in 3 second [INSERT: Count=709, Max=19503, Min=379, Avg=1403.85, 90=2237, 99=3357, 99.9=19503, 99.99=19503] 
2026-04-29 20:44:25:473 27 sec: 30127 operations; 1162 current ops/sec; est completion in 2 second [INSERT: Count=1162, Max=21839, Min=247, Avg=855.84, 90=1151, 99=1882, 99.9=8011, 99.99=21839] 
2026-04-29 20:44:26:471 27 sec: 31250 operations; 1125.25 current ops/sec; [CLEANUP: Count=1, Max=94591, Min=94528, Avg=94560, 90=94591, 99=94591, 99.9=94591, 99.99=94591] [INSERT: Count=1123, Max=25439, Min=246, Avg=800.02, 90=1033, 99=1437, 99.9=7779, 99.99=25439] 
[OVERALL], RunTime(ms), 27998
[OVERALL], Throughput(ops/sec), 1116.1511536538324
[TOTAL_GCS_PS_Scavenge], Count, 0
[TOTAL_GC_TIME_PS_Scavenge], Time(ms), 0
[TOTAL_GC_TIME_%_PS_Scavenge], Time(%), 0.0
[TOTAL_GCS_PS_MarkSweep], Count, 0
[TOTAL_GC_TIME_PS_MarkSweep], Time(ms), 0
[TOTAL_GC_TIME_%_PS_MarkSweep], Time(%), 0.0
[TOTAL_GCs], Count, 0
[TOTAL_GC_TIME], Time(ms), 0
[TOTAL_GC_TIME_%], Time(%), 0.0
[CLEANUP], Operations, 1
[CLEANUP], AverageLatency(us), 94560.0
[CLEANUP], MinLatency(us), 94528
[CLEANUP], MaxLatency(us), 94591
[CLEANUP], 95thPercentileLatency(us), 94591
[CLEANUP], 99thPercentileLatency(us), 94591
[INSERT], Operations, 31250
[INSERT], AverageLatency(us), 884.24528
[INSERT], MinLatency(us), 143
[INSERT], MaxLatency(us), 84863
[INSERT], 95thPercentileLatency(us), 1537
[INSERT], 99thPercentileLatency(us), 2435
[INSERT], Return=OK, 31250
	Command being timed: "/usr/lib/jvm/java-8-openjdk-amd64/bin/java -cp /users/Xinying/ozonedb/ycsb/ozonedb/conf:/users/Xinying/ozonedb/ycsb/ozonedb/target/ozonedb-binding-0.18.0-SNAPSHOT.jar:/users/Xinying/.m2/repository/org/apache/htrace/htrace-core4/4.1.0-incubating/htrace-core4-4.1.0-incubating.jar:/users/Xinying/.m2/repository/org/slf4j/slf4j-api/1.7.25/slf4j-api-1.7.25.jar:/users/Xinying/.m2/repository/org/hdrhistogram/HdrHistogram/2.1.12/HdrHistogram-2.1.12.jar:/users/Xinying/.m2/repository/ch/qos/logback/logback-classic/1.2.3/logback-classic-1.2.3.jar:/users/Xinying/.m2/repository/ozonedbjnimaven/demoproc-jni/1.0/demoproc-jni-1.0.jar:/users/Xinying/.m2/repository/ch/qos/logback/logback-core/1.2.3/logback-core-1.2.3.jar:/users/Xinying/.m2/repository/org/codehaus/jackson/jackson-mapper-asl/1.9.4/jackson-mapper-asl-1.9.4.jar:/users/Xinying/.m2/repository/org/slf4j/slf4j-simple/1.7.25/slf4j-simple-1.7.25.jar:/users/Xinying/.m2/repository/org/codehaus/jackson/jackson-core-asl/1.9.4/jackson-core-asl-1.9.4.jar:/users/Xinying/ozonedb/ycsb/core/target/core-0.18.0-SNAPSHOT.jar site.ycsb.Client -db site.ycsb.db.OzoneDBClient -threads 1 -s -P /users/Xinying/ozonedb/ycsb/workloads/generated_workloads/workloada_1KB_1000000_1000000 -p status.interval=1 -p recordcount=1000000 -p insertstart=406250 -p insertcount=31250 -p shared_config=/tmp/phase1_ozonedb_configs/shared_config_LOAD_p32_r1_proc13.json -load"
	User time (seconds): 2.03
	System time (seconds): 13.88
	Percent of CPU this job got: 55%
	Elapsed (wall clock) time (h:mm:ss or m:ss): 0:28.72
	Average shared text size (kbytes): 0
	Average unshared data size (kbytes): 0
	Average stack size (kbytes): 0
	Average total size (kbytes): 0
	Maximum resident set size (kbytes): 453856
	Average resident set size (kbytes): 0
	Major (requiring I/O) page faults: 269
	Minor (reclaiming a frame) page faults: 126724
	Voluntary context switches: 223657
	Involuntary context switches: 2305
	Swaps: 0
	File system inputs: 134963
	File system outputs: 208565
	Socket messages sent: 0
	Socket messages received: 0
	Signals delivered: 0
	Page size (bytes): 4096
	Exit status: 0
