# CMD: /usr/bin/time -v /usr/lib/jvm/java-8-openjdk-amd64/bin/java -cp /users/Xinying/ozonedb/ycsb/ozonedb/conf:/users/Xinying/ozonedb/ycsb/ozonedb/target/ozonedb-binding-0.18.0-SNAPSHOT.jar:/users/Xinying/.m2/repository/org/apache/htrace/htrace-core4/4.1.0-incubating/htrace-core4-4.1.0-incubating.jar:/users/Xinying/.m2/repository/org/slf4j/slf4j-api/1.7.25/slf4j-api-1.7.25.jar:/users/Xinying/.m2/repository/org/hdrhistogram/HdrHistogram/2.1.12/HdrHistogram-2.1.12.jar:/users/Xinying/.m2/repository/ch/qos/logback/logback-classic/1.2.3/logback-classic-1.2.3.jar:/users/Xinying/.m2/repository/ozonedbjnimaven/demoproc-jni/1.0/demoproc-jni-1.0.jar:/users/Xinying/.m2/repository/ch/qos/logback/logback-core/1.2.3/logback-core-1.2.3.jar:/users/Xinying/.m2/repository/org/codehaus/jackson/jackson-mapper-asl/1.9.4/jackson-mapper-asl-1.9.4.jar:/users/Xinying/.m2/repository/org/slf4j/slf4j-simple/1.7.25/slf4j-simple-1.7.25.jar:/users/Xinying/.m2/repository/org/codehaus/jackson/jackson-core-asl/1.9.4/jackson-core-asl-1.9.4.jar:/users/Xinying/ozonedb/ycsb/core/target/core-0.18.0-SNAPSHOT.jar site.ycsb.Client -db site.ycsb.db.OzoneDBClient -threads 1 -s -P /users/Xinying/ozonedb/ycsb/workloads/generated_workloads/workloada_1KB_1000000_1000000 -p status.interval=1 -p recordcount=1000000 -p insertstart=593750 -p insertcount=31250 -p shared_config=/tmp/phase1_ozonedb_configs/shared_config_LOAD_p32_r1_proc19.json -load
# work_path=/tank/ycsb_data/multi-proc-run/ozonedb_load_shared_p32
Command line: -db site.ycsb.db.OzoneDBClient -threads 1 -s -P /users/Xinying/ozonedb/ycsb/workloads/generated_workloads/workloada_1KB_1000000_1000000 -p status.interval=1 -p recordcount=1000000 -p insertstart=593750 -p insertcount=31250 -p shared_config=/tmp/phase1_ozonedb_configs/shared_config_LOAD_p32_r1_proc19.json -load
YCSB Client 0.18.0-SNAPSHOT

Loading workload...
Starting test.
SLF4J: Class path contains multiple SLF4J bindings.
SLF4J: Found binding in [jar:file:/users/Xinying/.m2/repository/ch/qos/logback/logback-classic/1.2.3/logback-classic-1.2.3.jar!/org/slf4j/impl/StaticLoggerBinder.class]
SLF4J: Found binding in [jar:file:/users/Xinying/.m2/repository/org/slf4j/slf4j-simple/1.7.25/slf4j-simple-1.7.25.jar!/org/slf4j/impl/StaticLoggerBinder.class]
SLF4J: See http://www.slf4j.org/codes.html#multiple_bindings for an explanation.
SLF4J: Actual binding is of type [ch.qos.logback.classic.util.ContextSelectorStaticBinder]
2026-04-29 20:43:58:485 0 sec: 0 operations; est completion in 0 second 
Directory already created.
Starting compaction watcher
DBWrapper: report latency for each error is false and specific error codes to track for latency are: []
2026-04-29 20:43:59:485 1 sec: 1027 operations; 1027 current ops/sec; est completion in 30 seconds [INSERT: Count=1027, Max=19327, Min=205, Avg=871.55, 90=1268, 99=4471, 99.9=13095, 99.99=19327] 
2026-04-29 20:44:00:486 2 sec: 2161 operations; 1132.87 current ops/sec; est completion in 27 seconds [INSERT: Count=1135, Max=30847, Min=161, Avg=894.08, 90=1177, 99=2861, 99.9=23311, 99.99=30847] 
2026-04-29 20:44:01:484 3 sec: 3365 operations; 1205.21 current ops/sec; est completion in 25 seconds [INSERT: Count=1203, Max=13895, Min=229, Avg=820.28, 90=1160, 99=1962, 99.9=5471, 99.99=13895] 
2026-04-29 20:44:02:484 4 sec: 4331 operations; 966 current ops/sec; est completion in 25 seconds [INSERT: Count=967, Max=26447, Min=244, Avg=1022.96, 90=1461, 99=2123, 99.9=26447, 99.99=26447] 
2026-04-29 20:44:03:484 5 sec: 5513 operations; 1182 current ops/sec; est completion in 24 seconds [INSERT: Count=1182, Max=24047, Min=193, Avg=836.15, 90=1111, 99=2046, 99.9=13767, 99.99=24047] 
2026-04-29 20:44:04:484 6 sec: 6681 operations; 1168 current ops/sec; est completion in 23 seconds [INSERT: Count=1167, Max=14559, Min=237, Avg=850.06, 90=1136, 99=3451, 99.9=13823, 99.99=14559] 
2026-04-29 20:44:05:484 7 sec: 7924 operations; 1243 current ops/sec; est completion in 21 seconds [INSERT: Count=1243, Max=14879, Min=221, Avg=799.59, 90=1087, 99=1740, 99.9=8319, 99.99=14879] 
2026-04-29 20:44:06:484 8 sec: 9137 operations; 1213 current ops/sec; est completion in 20 seconds [INSERT: Count=1213, Max=14391, Min=204, Avg=819.96, 90=1131, 99=1936, 99.9=8647, 99.99=14391] 
2026-04-29 20:44:07:484 9 sec: 10096 operations; 959 current ops/sec; est completion in 19 seconds [INSERT: Count=959, Max=38207, Min=229, Avg=1036.63, 90=1487, 99=2913, 99.9=38207, 99.99=38207] 
2026-04-29 20:44:08:484 10 sec: 11055 operations; 959 current ops/sec; est completion in 19 seconds [INSERT: Count=959, Max=17231, Min=238, Avg=1036.84, 90=1508, 99=2165, 99.9=17231, 99.99=17231] 
2026-04-29 20:44:09:484 11 sec: 12485 operations; 1430 current ops/sec; est completion in 17 seconds [INSERT: Count=1431, Max=8999, Min=172, Avg=694.66, 90=1048, 99=1737, 99.9=5167, 99.99=8999] 
2026-04-29 20:44:10:484 12 sec: 13679 operations; 1194 current ops/sec; est completion in 16 seconds [INSERT: Count=1193, Max=16991, Min=189, Avg=833.53, 90=1141, 99=2035, 99.9=14399, 99.99=16991] 
2026-04-29 20:44:11:484 13 sec: 14873 operations; 1194 current ops/sec; est completion in 15 seconds [INSERT: Count=1195, Max=18127, Min=231, Avg=832.42, 90=1147, 99=1933, 99.9=7919, 99.99=18127] 
2026-04-29 20:44:12:484 14 sec: 16002 operations; 1129 current ops/sec; est completion in 14 seconds [INSERT: Count=1128, Max=39647, Min=172, Avg=880.92, 90=1220, 99=2040, 99.9=16959, 99.99=39647] 
2026-04-29 20:44:13:484 15 sec: 16853 operations; 851 current ops/sec; est completion in 13 seconds [INSERT: Count=852, Max=16495, Min=373, Avg=1168.87, 90=1643, 99=2069, 99.9=16495, 99.99=16495] 
2026-04-29 20:44:13:956 - Compaction started: 
2026-04-29 20:44:14:484 16 sec: 18191 operations; 1338 current ops/sec; est completion in 12 seconds [INSERT: Count=1338, Max=6443, Min=150, Avg=742.19, 90=1339, 99=2009, 99.9=5007, 99.99=6443] 
140151829296704:Compacting datalog/17 datalog/18 into:sstable1/091e2bc5-a3ec-4040-b03e-c6cbbd1e1b37202604291443581777495454130589337.sst
2026-04-29 20:44:14:588 - Compaction completed: 
2026-04-29 20:44:15:484 17 sec: 19418 operations; 1227 current ops/sec; est completion in 11 seconds [INSERT: Count=1227, Max=17423, Min=184, Avg=810.96, 90=1074, 99=1574, 99.9=2781, 99.99=17423] 
2026-04-29 20:44:16:484 18 sec: 20611 operations; 1193 current ops/sec; est completion in 10 seconds [INSERT: Count=1192, Max=17759, Min=211, Avg=833.61, 90=1104, 99=1891, 99.9=17663, 99.99=17759] 
2026-04-29 20:44:17:484 19 sec: 21665 operations; 1054 current ops/sec; est completion in 9 second [INSERT: Count=1054, Max=37695, Min=308, Avg=943.6, 90=1289, 99=2337, 99.9=17391, 99.99=37695] 
2026-04-29 20:44:18:484 20 sec: 22506 operations; 841 current ops/sec; est completion in 8 second [INSERT: Count=841, Max=19151, Min=353, Avg=1182.7, 90=1620, 99=2233, 99.9=19151, 99.99=19151] 
2026-04-29 20:44:19:484 21 sec: 23409 operations; 903 current ops/sec; est completion in 8 second [INSERT: Count=903, Max=20079, Min=271, Avg=1101.86, 90=1895, 99=3919, 99.9=20079, 99.99=20079] 
2026-04-29 20:44:20:484 22 sec: 24531 operations; 1122 current ops/sec; est completion in 7 second [INSERT: Count=1122, Max=95103, Min=243, Avg=887.4, 90=1085, 99=1969, 99.9=7783, 99.99=95103] 
2026-04-29 20:44:21:484 23 sec: 25663 operations; 1132 current ops/sec; est completion in 6 second [INSERT: Count=1133, Max=95423, Min=181, Avg=878.37, 90=1053, 99=1606, 99.9=11575, 99.99=95423] 
2026-04-29 20:44:22:484 24 sec: 26790 operations; 1127 current ops/sec; est completion in 4 second [INSERT: Count=1126, Max=38847, Min=211, Avg=882.51, 90=1156, 99=1822, 99.9=23903, 99.99=38847] 
2026-04-29 20:44:23:484 25 sec: 27486 operations; 696 current ops/sec; est completion in 4 second [INSERT: Count=696, Max=58559, Min=439, Avg=1430.94, 90=1925, 99=6127, 99.9=58559, 99.99=58559] 
2026-04-29 20:44:24:484 26 sec: 28170 operations; 684 current ops/sec; est completion in 3 second [INSERT: Count=684, Max=20159, Min=414, Avg=1456.33, 90=2339, 99=3703, 99.9=20159, 99.99=20159] 
2026-04-29 20:44:25:485 27 sec: 29336 operations; 1166 current ops/sec; est completion in 2 second [INSERT: Count=1166, Max=17407, Min=223, Avg=852.64, 90=1188, 99=1776, 99.9=7767, 99.99=17407] 
2026-04-29 20:44:26:484 28 sec: 30560 operations; 1224 current ops/sec; est completion in 1 second [INSERT: Count=1225, Max=20799, Min=305, Avg=811.78, 90=1054, 99=1487, 99.9=3259, 99.99=20799] 
2026-04-29 20:44:27:115 28 sec: 31250 operations; 1093.5 current ops/sec; [CLEANUP: Count=1, Max=89087, Min=89024, Avg=89056, 90=89087, 99=89087, 99.9=89087, 99.99=89087] [INSERT: Count=689, Max=25823, Min=241, Avg=779.98, 90=1062, 99=1703, 99.9=25823, 99.99=25823] 
[OVERALL], RunTime(ms), 28631
[OVERALL], Throughput(ops/sec), 1091.47427613426
[TOTAL_GCS_PS_Scavenge], Count, 0
[TOTAL_GC_TIME_PS_Scavenge], Time(ms), 0
[TOTAL_GC_TIME_%_PS_Scavenge], Time(%), 0.0
[TOTAL_GCS_PS_MarkSweep], Count, 0
[TOTAL_GC_TIME_PS_MarkSweep], Time(ms), 0
[TOTAL_GC_TIME_%_PS_MarkSweep], Time(%), 0.0
[TOTAL_GCs], Count, 0
[TOTAL_GC_TIME], Time(ms), 0
[TOTAL_GC_TIME_%], Time(%), 0.0
[CLEANUP], Operations, 1
[CLEANUP], AverageLatency(us), 89056.0
[CLEANUP], MinLatency(us), 89024
[CLEANUP], MaxLatency(us), 89087
[CLEANUP], 95thPercentileLatency(us), 89087
[CLEANUP], 99thPercentileLatency(us), 89087
[INSERT], Operations, 31250
[INSERT], AverageLatency(us), 905.103904
[INSERT], MinLatency(us), 150
[INSERT], MaxLatency(us), 95423
[INSERT], 95thPercentileLatency(us), 1554
[INSERT], 99thPercentileLatency(us), 2411
[INSERT], Return=OK, 31250
	Command being timed: "/usr/lib/jvm/java-8-openjdk-amd64/bin/java -cp /users/Xinying/ozonedb/ycsb/ozonedb/conf:/users/Xinying/ozonedb/ycsb/ozonedb/target/ozonedb-binding-0.18.0-SNAPSHOT.jar:/users/Xinying/.m2/repository/org/apache/htrace/htrace-core4/4.1.0-incubating/htrace-core4-4.1.0-incubating.jar:/users/Xinying/.m2/repository/org/slf4j/slf4j-api/1.7.25/slf4j-api-1.7.25.jar:/users/Xinying/.m2/repository/org/hdrhistogram/HdrHistogram/2.1.12/HdrHistogram-2.1.12.jar:/users/Xinying/.m2/repository/ch/qos/logback/logback-classic/1.2.3/logback-classic-1.2.3.jar:/users/Xinying/.m2/repository/ozonedbjnimaven/demoproc-jni/1.0/demoproc-jni-1.0.jar:/users/Xinying/.m2/repository/ch/qos/logback/logback-core/1.2.3/logback-core-1.2.3.jar:/users/Xinying/.m2/repository/org/codehaus/jackson/jackson-mapper-asl/1.9.4/jackson-mapper-asl-1.9.4.jar:/users/Xinying/.m2/repository/org/slf4j/slf4j-simple/1.7.25/slf4j-simple-1.7.25.jar:/users/Xinying/.m2/repository/org/codehaus/jackson/jackson-core-asl/1.9.4/jackson-core-asl-1.9.4.jar:/users/Xinying/ozonedb/ycsb/core/target/core-0.18.0-SNAPSHOT.jar site.ycsb.Client -db site.ycsb.db.OzoneDBClient -threads 1 -s -P /users/Xinying/ozonedb/ycsb/workloads/generated_workloads/workloada_1KB_1000000_1000000 -p status.interval=1 -p recordcount=1000000 -p insertstart=593750 -p insertcount=31250 -p shared_config=/tmp/phase1_ozonedb_configs/shared_config_LOAD_p32_r1_proc19.json -load"
	User time (seconds): 2.05
	System time (seconds): 14.18
	Percent of CPU this job got: 55%
	Elapsed (wall clock) time (h:mm:ss or m:ss): 0:29.35
	Average shared text size (kbytes): 0
	Average unshared data size (kbytes): 0
	Average stack size (kbytes): 0
	Average total size (kbytes): 0
	Maximum resident set size (kbytes): 455860
	Average resident set size (kbytes): 0
	Major (requiring I/O) page faults: 260
	Minor (reclaiming a frame) page faults: 127128
	Voluntary context switches: 226793
	Involuntary context switches: 2001
	Swaps: 0
	File system inputs: 133579
	File system outputs: 208827
	Socket messages sent: 0
	Socket messages received: 0
	Signals delivered: 0
	Page size (bytes): 4096
	Exit status: 0
