# CMD: /usr/bin/time -v /usr/lib/jvm/java-8-openjdk-amd64/bin/java -cp /users/Xinying/ozonedb/ycsb/ozonedb/conf:/users/Xinying/ozonedb/ycsb/ozonedb/target/ozonedb-binding-0.18.0-SNAPSHOT.jar:/users/Xinying/.m2/repository/org/apache/htrace/htrace-core4/4.1.0-incubating/htrace-core4-4.1.0-incubating.jar:/users/Xinying/.m2/repository/org/slf4j/slf4j-api/1.7.25/slf4j-api-1.7.25.jar:/users/Xinying/.m2/repository/org/hdrhistogram/HdrHistogram/2.1.12/HdrHistogram-2.1.12.jar:/users/Xinying/.m2/repository/ch/qos/logback/logback-classic/1.2.3/logback-classic-1.2.3.jar:/users/Xinying/.m2/repository/ozonedbjnimaven/demoproc-jni/1.0/demoproc-jni-1.0.jar:/users/Xinying/.m2/repository/ch/qos/logback/logback-core/1.2.3/logback-core-1.2.3.jar:/users/Xinying/.m2/repository/org/codehaus/jackson/jackson-mapper-asl/1.9.4/jackson-mapper-asl-1.9.4.jar:/users/Xinying/.m2/repository/org/slf4j/slf4j-simple/1.7.25/slf4j-simple-1.7.25.jar:/users/Xinying/.m2/repository/org/codehaus/jackson/jackson-core-asl/1.9.4/jackson-core-asl-1.9.4.jar:/users/Xinying/ozonedb/ycsb/core/target/core-0.18.0-SNAPSHOT.jar site.ycsb.Client -db site.ycsb.db.OzoneDBClient -threads 1 -s -P /users/Xinying/ozonedb/ycsb/workloads/generated_workloads/workloada_1KB_1000000_1000000 -p status.interval=1 -p recordcount=1000000 -p insertstart=718750 -p insertcount=31250 -p shared_config=/tmp/phase1_ozonedb_configs/shared_config_LOAD_p32_r1_proc23.json -load
# work_path=/tank/ycsb_data/multi-proc-run/ozonedb_load_shared_p32
Command line: -db site.ycsb.db.OzoneDBClient -threads 1 -s -P /users/Xinying/ozonedb/ycsb/workloads/generated_workloads/workloada_1KB_1000000_1000000 -p status.interval=1 -p recordcount=1000000 -p insertstart=718750 -p insertcount=31250 -p shared_config=/tmp/phase1_ozonedb_configs/shared_config_LOAD_p32_r1_proc23.json -load
YCSB Client 0.18.0-SNAPSHOT

Loading workload...
Starting test.
SLF4J: Class path contains multiple SLF4J bindings.
SLF4J: Found binding in [jar:file:/users/Xinying/.m2/repository/ch/qos/logback/logback-classic/1.2.3/logback-classic-1.2.3.jar!/org/slf4j/impl/StaticLoggerBinder.class]
SLF4J: Found binding in [jar:file:/users/Xinying/.m2/repository/org/slf4j/slf4j-simple/1.7.25/slf4j-simple-1.7.25.jar!/org/slf4j/impl/StaticLoggerBinder.class]
SLF4J: See http://www.slf4j.org/codes.html#multiple_bindings for an explanation.
SLF4J: Actual binding is of type [ch.qos.logback.classic.util.ContextSelectorStaticBinder]
2026-04-29 20:43:58:471 0 sec: 0 operations; est completion in 0 second 
Directory already created.
Starting compaction watcher
DBWrapper: report latency for each error is false and specific error codes to track for latency are: []
2026-04-29 20:43:59:471 1 sec: 983 operations; 983 current ops/sec; est completion in 31 seconds [INSERT: Count=984, Max=15559, Min=208, Avg=927.86, 90=1293, 99=6575, 99.9=15559, 99.99=15559] 
2026-04-29 20:44:00:472 2 sec: 2131 operations; 1145.71 current ops/sec; est completion in 28 seconds [INSERT: Count=1148, Max=24655, Min=202, Avg=860.39, 90=1137, 99=3285, 99.9=11143, 99.99=24655] 
2026-04-29 20:44:01:471 3 sec: 3319 operations; 1190.38 current ops/sec; est completion in 26 seconds [INSERT: Count=1188, Max=11647, Min=184, Avg=830.79, 90=1138, 99=2243, 99.9=8839, 99.99=11647] 
2026-04-29 20:44:02:470 4 sec: 4316 operations; 997 current ops/sec; est completion in 25 seconds [INSERT: Count=997, Max=27439, Min=282, Avg=993.04, 90=1462, 99=2159, 99.9=27439, 99.99=27439] 
2026-04-29 20:44:03:471 5 sec: 5565 operations; 1249 current ops/sec; est completion in 24 seconds [INSERT: Count=1248, Max=10591, Min=207, Avg=791.03, 90=1049, 99=1970, 99.9=7355, 99.99=10591] 
2026-04-29 20:44:04:470 6 sec: 6737 operations; 1172 current ops/sec; est completion in 22 seconds [INSERT: Count=1172, Max=12143, Min=189, Avg=848.71, 90=1124, 99=4059, 99.9=11199, 99.99=12143] 
2026-04-29 20:44:05:471 7 sec: 7966 operations; 1229 current ops/sec; est completion in 21 seconds [INSERT: Count=1229, Max=12143, Min=211, Avg=808.67, 90=1111, 99=1688, 99.9=3527, 99.99=12143] 
2026-04-29 20:44:06:470 8 sec: 9166 operations; 1200 current ops/sec; est completion in 20 seconds [INSERT: Count=1200, Max=12327, Min=187, Avg=828.98, 90=1132, 99=1743, 99.9=11591, 99.99=12327] 
2026-04-29 20:44:07:470 9 sec: 10139 operations; 973 current ops/sec; est completion in 19 seconds [INSERT: Count=974, Max=37183, Min=217, Avg=1020.62, 90=1451, 99=2327, 99.9=37183, 99.99=37183] 
2026-04-29 20:44:07:837 - NewTail completed: 
2026-04-29 20:44:08:475 10 sec: 11133 operations; 989.05 current ops/sec; est completion in 19 seconds [INSERT: Count=994, Max=6887, Min=248, Avg=1006.17, 90=1494, 99=2173, 99.9=6887, 99.99=6887] 
2026-04-29 20:44:09:471 11 sec: 12199 operations; 1071.36 current ops/sec; est completion in 18 seconds [INSERT: Count=1065, Max=99455, Min=188, Avg=917.13, 90=1099, 99=1902, 99.9=11407, 99.99=99455] 
2026-04-29 20:44:10:470 12 sec: 13357 operations; 1158 current ops/sec; est completion in 17 seconds [INSERT: Count=1158, Max=11831, Min=229, Avg=857.63, 90=1176, 99=1953, 99.9=9887, 99.99=11831] 
2026-04-29 20:44:11:471 13 sec: 14559 operations; 1202 current ops/sec; est completion in 15 seconds [INSERT: Count=1202, Max=12935, Min=245, Avg=827.59, 90=1130, 99=1997, 99.9=11975, 99.99=12935] 
2026-04-29 20:44:12:471 14 sec: 15617 operations; 1058 current ops/sec; est completion in 15 seconds [INSERT: Count=1058, Max=39519, Min=176, Avg=940.02, 90=1365, 99=2004, 99.9=11215, 99.99=39519] 
2026-04-29 20:44:13:471 15 sec: 16465 operations; 848 current ops/sec; est completion in 14 seconds [INSERT: Count=849, Max=13415, Min=365, Avg=1172.15, 90=1599, 99=2071, 99.9=13415, 99.99=13415] 
2026-04-29 20:44:14:471 16 sec: 17417 operations; 952 current ops/sec; est completion in 13 seconds [INSERT: Count=951, Max=99071, Min=252, Avg=1045.13, 90=1381, 99=2067, 99.9=99071, 99.99=99071] 
2026-04-29 20:44:15:471 17 sec: 18600 operations; 1183 current ops/sec; est completion in 12 seconds [INSERT: Count=1184, Max=13575, Min=297, Avg=840.86, 90=1109, 99=1648, 99.9=3193, 99.99=13575] 
2026-04-29 20:44:16:471 18 sec: 19793 operations; 1193 current ops/sec; est completion in 11 seconds [INSERT: Count=1192, Max=14223, Min=188, Avg=833.58, 90=1102, 99=1781, 99.9=12999, 99.99=14223] 
2026-04-29 20:44:17:471 19 sec: 20932 operations; 1139 current ops/sec; est completion in 10 seconds [INSERT: Count=1140, Max=38591, Min=193, Avg=871.96, 90=1183, 99=1960, 99.9=14991, 99.99=38591] 
2026-04-29 20:44:18:470 20 sec: 21771 operations; 839 current ops/sec; est completion in 9 second [INSERT: Count=838, Max=17023, Min=345, Avg=1186.08, 90=1642, 99=2503, 99.9=17023, 99.99=17023] 
2026-04-29 20:44:19:363 - Compaction started: 
2026-04-29 20:44:19:471 21 sec: 22681 operations; 910 current ops/sec; est completion in 8 second [INSERT: Count=911, Max=16159, Min=234, Avg=1094.19, 90=1874, 99=3787, 99.9=16159, 99.99=16159] 
140001614480960:Compacting datalog/23 datalog/24 into:sstable1/83a11e73-8612-4829-b0c2-4b523da47bac202604291443581777495459550322529.sst
2026-04-29 20:44:20:027 - Compaction completed: 
2026-04-29 20:44:20:471 22 sec: 23766 operations; 1085 current ops/sec; est completion in 7 second [INSERT: Count=1084, Max=92287, Min=259, Avg=916.5, 90=1114, 99=1991, 99.9=11871, 99.99=92287] 
2026-04-29 20:44:21:470 23 sec: 24864 operations; 1098 current ops/sec; est completion in 6 second [INSERT: Count=1098, Max=91903, Min=252, Avg=906.52, 90=1122, 99=2039, 99.9=6555, 99.99=91903] 
2026-04-29 20:44:22:470 24 sec: 25978 operations; 1114 current ops/sec; est completion in 5 second [INSERT: Count=1114, Max=38943, Min=250, Avg=892.34, 90=1165, 99=2041, 99.9=23599, 99.99=38943] 
2026-04-29 20:44:23:470 25 sec: 26640 operations; 662 current ops/sec; est completion in 5 second [INSERT: Count=663, Max=72575, Min=389, Avg=1502.87, 90=1977, 99=7191, 99.9=72575, 99.99=72575] 
2026-04-29 20:44:24:471 26 sec: 27337 operations; 697 current ops/sec; est completion in 4 second [INSERT: Count=696, Max=17023, Min=354, Avg=1429.4, 90=2291, 99=3501, 99.9=17023, 99.99=17023] 
2026-04-29 20:44:25:471 27 sec: 28559 operations; 1222 current ops/sec; est completion in 3 second [INSERT: Count=1222, Max=16863, Min=249, Avg=814, 90=1106, 99=1766, 99.9=2875, 99.99=16863] 
2026-04-29 20:44:26:470 28 sec: 29754 operations; 1195 current ops/sec; est completion in 2 second [INSERT: Count=1195, Max=23535, Min=218, Avg=832.52, 90=1092, 99=1672, 99.9=2491, 99.99=23535] 
2026-04-29 20:44:27:423 28 sec: 31250 operations; 1569.78 current ops/sec; [CLEANUP: Count=1, Max=73279, Min=73216, Avg=73248, 90=73279, 99=73279, 99.9=73279, 99.99=73279] [INSERT: Count=1496, Max=17551, Min=159, Avg=583.35, 90=891, 99=1374, 99.9=4483, 99.99=17551] 
[OVERALL], RunTime(ms), 28953
[OVERALL], Throughput(ops/sec), 1079.3354747349151
[TOTAL_GCS_PS_Scavenge], Count, 0
[TOTAL_GC_TIME_PS_Scavenge], Time(ms), 0
[TOTAL_GC_TIME_%_PS_Scavenge], Time(%), 0.0
[TOTAL_GCS_PS_MarkSweep], Count, 0
[TOTAL_GC_TIME_PS_MarkSweep], Time(ms), 0
[TOTAL_GC_TIME_%_PS_MarkSweep], Time(%), 0.0
[TOTAL_GCs], Count, 0
[TOTAL_GC_TIME], Time(ms), 0
[TOTAL_GC_TIME_%], Time(%), 0.0
[CLEANUP], Operations, 1
[CLEANUP], AverageLatency(us), 73248.0
[CLEANUP], MinLatency(us), 73216
[CLEANUP], MaxLatency(us), 73279
[CLEANUP], 95thPercentileLatency(us), 73279
[CLEANUP], 99thPercentileLatency(us), 73279
[INSERT], Operations, 31250
[INSERT], AverageLatency(us), 915.238496
[INSERT], MinLatency(us), 159
[INSERT], MaxLatency(us), 99455
[INSERT], 95thPercentileLatency(us), 1551
[INSERT], 99thPercentileLatency(us), 2511
[INSERT], Return=OK, 31250
	Command being timed: "/usr/lib/jvm/java-8-openjdk-amd64/bin/java -cp /users/Xinying/ozonedb/ycsb/ozonedb/conf:/users/Xinying/ozonedb/ycsb/ozonedb/target/ozonedb-binding-0.18.0-SNAPSHOT.jar:/users/Xinying/.m2/repository/org/apache/htrace/htrace-core4/4.1.0-incubating/htrace-core4-4.1.0-incubating.jar:/users/Xinying/.m2/repository/org/slf4j/slf4j-api/1.7.25/slf4j-api-1.7.25.jar:/users/Xinying/.m2/repository/org/hdrhistogram/HdrHistogram/2.1.12/HdrHistogram-2.1.12.jar:/users/Xinying/.m2/repository/ch/qos/logback/logback-classic/1.2.3/logback-classic-1.2.3.jar:/users/Xinying/.m2/repository/ozonedbjnimaven/demoproc-jni/1.0/demoproc-jni-1.0.jar:/users/Xinying/.m2/repository/ch/qos/logback/logback-core/1.2.3/logback-core-1.2.3.jar:/users/Xinying/.m2/repository/org/codehaus/jackson/jackson-mapper-asl/1.9.4/jackson-mapper-asl-1.9.4.jar:/users/Xinying/.m2/repository/org/slf4j/slf4j-simple/1.7.25/slf4j-simple-1.7.25.jar:/users/Xinying/.m2/repository/org/codehaus/jackson/jackson-core-asl/1.9.4/jackson-core-asl-1.9.4.jar:/users/Xinying/ozonedb/ycsb/core/target/core-0.18.0-SNAPSHOT.jar site.ycsb.Client -db site.ycsb.db.OzoneDBClient -threads 1 -s -P /users/Xinying/ozonedb/ycsb/workloads/generated_workloads/workloada_1KB_1000000_1000000 -p status.interval=1 -p recordcount=1000000 -p insertstart=718750 -p insertcount=31250 -p shared_config=/tmp/phase1_ozonedb_configs/shared_config_LOAD_p32_r1_proc23.json -load"
	User time (seconds): 2.06
	System time (seconds): 14.33
	Percent of CPU this job got: 55%
	Elapsed (wall clock) time (h:mm:ss or m:ss): 0:29.77
	Average shared text size (kbytes): 0
	Average unshared data size (kbytes): 0
	Average stack size (kbytes): 0
	Average total size (kbytes): 0
	Maximum resident set size (kbytes): 463476
	Average resident set size (kbytes): 0
	Major (requiring I/O) page faults: 259
	Minor (reclaiming a frame) page faults: 129104
	Voluntary context switches: 229925
	Involuntary context switches: 2186
	Swaps: 0
	File system inputs: 139131
	File system outputs: 215040
	Socket messages sent: 0
	Socket messages received: 0
	Signals delivered: 0
	Page size (bytes): 4096
	Exit status: 0
