# CMD: /usr/bin/time -v /usr/lib/jvm/java-8-openjdk-amd64/bin/java -cp /users/Xinying/ozonedb/ycsb/ozonedb/conf:/users/Xinying/ozonedb/ycsb/ozonedb/target/ozonedb-binding-0.18.0-SNAPSHOT.jar:/users/Xinying/.m2/repository/org/apache/htrace/htrace-core4/4.1.0-incubating/htrace-core4-4.1.0-incubating.jar:/users/Xinying/.m2/repository/org/slf4j/slf4j-api/1.7.25/slf4j-api-1.7.25.jar:/users/Xinying/.m2/repository/org/hdrhistogram/HdrHistogram/2.1.12/HdrHistogram-2.1.12.jar:/users/Xinying/.m2/repository/ch/qos/logback/logback-classic/1.2.3/logback-classic-1.2.3.jar:/users/Xinying/.m2/repository/ozonedbjnimaven/demoproc-jni/1.0/demoproc-jni-1.0.jar:/users/Xinying/.m2/repository/ch/qos/logback/logback-core/1.2.3/logback-core-1.2.3.jar:/users/Xinying/.m2/repository/org/codehaus/jackson/jackson-mapper-asl/1.9.4/jackson-mapper-asl-1.9.4.jar:/users/Xinying/.m2/repository/org/slf4j/slf4j-simple/1.7.25/slf4j-simple-1.7.25.jar:/users/Xinying/.m2/repository/org/codehaus/jackson/jackson-core-asl/1.9.4/jackson-core-asl-1.9.4.jar:/users/Xinying/ozonedb/ycsb/core/target/core-0.18.0-SNAPSHOT.jar site.ycsb.Client -db site.ycsb.db.OzoneDBClient -threads 1 -s -P /users/Xinying/ozonedb/ycsb/workloads/generated_workloads/workloada_1KB_1000000_1000000 -p status.interval=1 -p recordcount=1000000 -p insertstart=812500 -p insertcount=31250 -p shared_config=/tmp/phase1_ozonedb_configs/shared_config_LOAD_p32_r1_proc26.json -load
# work_path=/tank/ycsb_data/multi-proc-run/ozonedb_load_shared_p32
Command line: -db site.ycsb.db.OzoneDBClient -threads 1 -s -P /users/Xinying/ozonedb/ycsb/workloads/generated_workloads/workloada_1KB_1000000_1000000 -p status.interval=1 -p recordcount=1000000 -p insertstart=812500 -p insertcount=31250 -p shared_config=/tmp/phase1_ozonedb_configs/shared_config_LOAD_p32_r1_proc26.json -load
YCSB Client 0.18.0-SNAPSHOT

Loading workload...
Starting test.
SLF4J: Class path contains multiple SLF4J bindings.
SLF4J: Found binding in [jar:file:/users/Xinying/.m2/repository/ch/qos/logback/logback-classic/1.2.3/logback-classic-1.2.3.jar!/org/slf4j/impl/StaticLoggerBinder.class]
SLF4J: Found binding in [jar:file:/users/Xinying/.m2/repository/org/slf4j/slf4j-simple/1.7.25/slf4j-simple-1.7.25.jar!/org/slf4j/impl/StaticLoggerBinder.class]
SLF4J: See http://www.slf4j.org/codes.html#multiple_bindings for an explanation.
SLF4J: Actual binding is of type [ch.qos.logback.classic.util.ContextSelectorStaticBinder]
2026-04-29 20:43:58:432 0 sec: 0 operations; est completion in 0 second 
Directory already created.
Starting compaction watcher
DBWrapper: report latency for each error is false and specific error codes to track for latency are: []
2026-04-29 20:43:59:432 1 sec: 993 operations; 992.01 current ops/sec; est completion in 31 seconds [INSERT: Count=995, Max=14159, Min=175, Avg=883.81, 90=1263, 99=4827, 99.9=14159, 99.99=14159] 
2026-04-29 20:44:00:432 2 sec: 2131 operations; 1138 current ops/sec; est completion in 28 seconds [INSERT: Count=1136, Max=24847, Min=189, Avg=867.39, 90=1159, 99=2299, 99.9=22303, 99.99=24847] 
2026-04-29 20:44:01:432 3 sec: 3313 operations; 1182 current ops/sec; est completion in 26 seconds [INSERT: Count=1183, Max=12079, Min=213, Avg=837.33, 90=1137, 99=2127, 99.9=8999, 99.99=12079] 
2026-04-29 20:44:02:432 4 sec: 4298 operations; 985 current ops/sec; est completion in 26 seconds [INSERT: Count=985, Max=27871, Min=221, Avg=1005.48, 90=1442, 99=2014, 99.9=27871, 99.99=27871] 
2026-04-29 20:44:03:432 5 sec: 5474 operations; 1176 current ops/sec; est completion in 24 seconds [INSERT: Count=1176, Max=10855, Min=187, Avg=841.12, 90=1130, 99=2519, 99.9=9503, 99.99=10855] 
2026-04-29 20:44:04:432 6 sec: 6600 operations; 1126 current ops/sec; est completion in 23 seconds [INSERT: Count=1126, Max=12903, Min=217, Avg=871.99, 90=1163, 99=3357, 99.9=11311, 99.99=12903] 
2026-04-29 20:44:05:432 7 sec: 7822 operations; 1222 current ops/sec; est completion in 21 seconds [INSERT: Count=1222, Max=9735, Min=157, Avg=813.5, 90=1127, 99=2109, 99.9=3691, 99.99=9735] 
2026-04-29 20:44:06:432 8 sec: 9092 operations; 1270 current ops/sec; est completion in 20 seconds [INSERT: Count=1270, Max=7707, Min=248, Avg=782.98, 90=1065, 99=1769, 99.9=6967, 99.99=7707] 
2026-04-29 20:44:07:432 9 sec: 10137 operations; 1045 current ops/sec; est completion in 19 seconds [INSERT: Count=1044, Max=38111, Min=206, Avg=951.36, 90=1405, 99=2205, 99.9=13391, 99.99=38111] 
2026-04-29 20:44:08:432 10 sec: 10951 operations; 814 current ops/sec; est completion in 19 seconds [INSERT: Count=814, Max=96639, Min=330, Avg=1223.24, 90=1602, 99=2207, 99.9=96639, 99.99=96639] 
2026-04-29 20:44:09:432 11 sec: 12041 operations; 1090 current ops/sec; est completion in 18 seconds [INSERT: Count=1090, Max=96959, Min=211, Avg=912.68, 90=1101, 99=1816, 99.9=7639, 99.99=96959] 
2026-04-29 20:44:09:451 - Compaction started: 
2026-04-29 20:44:10:432 12 sec: 13235 operations; 1194 current ops/sec; est completion in 17 seconds [INSERT: Count=1195, Max=12343, Min=198, Avg=831.52, 90=1116, 99=1913, 99.9=9255, 99.99=12343] 
2026-04-29 20:44:11:432 13 sec: 14409 operations; 1174 current ops/sec; est completion in 16 seconds [INSERT: Count=1174, Max=11223, Min=184, Avg=846.66, 90=1142, 99=2000, 99.9=9751, 99.99=11223] 
140717305337408:Compacting sstable1/735d3b44-10b0-4cf0-b8fa-a4486137146a202604291443581777495443821484879.sst sstable1/735d3b44-10b0-4cf0-b8fa-a4486137146a202604291443581777495445362192150.sst into:sstable2/aec91a3e-f134-4f2b-9b9f-1156c3fe298c202604291443581777495450372426471.sst
2026-04-29 20:44:11:508 - Compaction completed: 
2026-04-29 20:44:12:432 14 sec: 15503 operations; 1094 current ops/sec; est completion in 15 seconds [INSERT: Count=1094, Max=39135, Min=195, Avg=909.28, 90=1267, 99=2129, 99.9=10599, 99.99=39135] 
2026-04-29 20:44:13:432 15 sec: 16353 operations; 850 current ops/sec; est completion in 14 seconds [INSERT: Count=849, Max=11583, Min=392, Avg=1171.01, 90=1654, 99=2101, 99.9=11583, 99.99=11583] 
2026-04-29 20:44:14:432 16 sec: 17322 operations; 969 current ops/sec; est completion in 13 seconds [INSERT: Count=970, Max=96063, Min=291, Avg=1026.64, 90=1402, 99=2020, 99.9=96063, 99.99=96063] 
2026-04-29 20:44:15:432 17 sec: 18551 operations; 1229 current ops/sec; est completion in 12 seconds [INSERT: Count=1228, Max=10367, Min=238, Avg=809.35, 90=1054, 99=1552, 99.9=9359, 99.99=10367] 
2026-04-29 20:44:16:432 18 sec: 19694 operations; 1143 current ops/sec; est completion in 11 seconds [INSERT: Count=1143, Max=11135, Min=231, Avg=869.59, 90=1184, 99=2012, 99.9=11111, 99.99=11135] 
2026-04-29 20:44:17:432 19 sec: 20834 operations; 1140 current ops/sec; est completion in 10 seconds [INSERT: Count=1141, Max=38047, Min=222, Avg=872.2, 90=1192, 99=1990, 99.9=12591, 99.99=38047] 
2026-04-29 20:44:18:432 20 sec: 21673 operations; 839 current ops/sec; est completion in 9 second [INSERT: Count=839, Max=14207, Min=383, Avg=1186.31, 90=1614, 99=2343, 99.9=14207, 99.99=14207] 
2026-04-29 20:44:19:432 21 sec: 22559 operations; 886 current ops/sec; est completion in 9 second [INSERT: Count=886, Max=15263, Min=307, Avg=1123.58, 90=1899, 99=3473, 99.9=15263, 99.99=15263] 
2026-04-29 20:44:20:432 22 sec: 23697 operations; 1138 current ops/sec; est completion in 8 second [INSERT: Count=1138, Max=89279, Min=202, Avg=873.76, 90=1075, 99=1790, 99.9=9847, 99.99=89279] 
2026-04-29 20:44:21:432 23 sec: 24793 operations; 1096 current ops/sec; est completion in 6 second [INSERT: Count=1096, Max=89087, Min=203, Avg=907.73, 90=1120, 99=1775, 99.9=6403, 99.99=89087] 
2026-04-29 20:44:22:432 24 sec: 26004 operations; 1211 current ops/sec; est completion in 5 second [INSERT: Count=1210, Max=13719, Min=211, Avg=802.77, 90=1082, 99=1915, 99.9=3143, 99.99=13719] 
2026-04-29 20:44:23:432 25 sec: 26658 operations; 654 current ops/sec; est completion in 5 second [INSERT: Count=654, Max=76863, Min=362, Avg=1558.32, 90=1950, 99=7155, 99.9=76863, 99.99=76863] 
2026-04-29 20:44:24:432 26 sec: 27350 operations; 692 current ops/sec; est completion in 4 second [INSERT: Count=693, Max=13079, Min=369, Avg=1438.04, 90=2363, 99=3789, 99.9=13079, 99.99=13079] 
2026-04-29 20:44:25:432 27 sec: 28543 operations; 1193 current ops/sec; est completion in 3 second [INSERT: Count=1193, Max=16575, Min=258, Avg=833.26, 90=1120, 99=1857, 99.9=12311, 99.99=16575] 
2026-04-29 20:44:26:432 28 sec: 29780 operations; 1237 current ops/sec; est completion in 2 second [INSERT: Count=1237, Max=14831, Min=199, Avg=803.81, 90=1063, 99=1611, 99.9=2297, 99.99=14831] 
2026-04-29 20:44:27:362 28 sec: 31250 operations; 1580.65 current ops/sec; [CLEANUP: Count=1, Max=28527, Min=28512, Avg=28520, 90=28527, 99=28527, 99.9=28527, 99.99=28527] [INSERT: Count=1469, Max=14415, Min=161, Avg=608.65, 90=908, 99=1613, 99.9=11215, 99.99=14415] 
[OVERALL], RunTime(ms), 28931
[OVERALL], Throughput(ops/sec), 1080.1562337976566
[TOTAL_GCS_PS_Scavenge], Count, 0
[TOTAL_GC_TIME_PS_Scavenge], Time(ms), 0
[TOTAL_GC_TIME_%_PS_Scavenge], Time(%), 0.0
[TOTAL_GCS_PS_MarkSweep], Count, 0
[TOTAL_GC_TIME_PS_MarkSweep], Time(ms), 0
[TOTAL_GC_TIME_%_PS_MarkSweep], Time(%), 0.0
[TOTAL_GCs], Count, 0
[TOTAL_GC_TIME], Time(ms), 0
[TOTAL_GC_TIME_%], Time(%), 0.0
[CLEANUP], Operations, 1
[CLEANUP], AverageLatency(us), 28520.0
[CLEANUP], MinLatency(us), 28512
[CLEANUP], MaxLatency(us), 28527
[CLEANUP], 95thPercentileLatency(us), 28527
[CLEANUP], 99thPercentileLatency(us), 28527
[INSERT], Operations, 31250
[INSERT], AverageLatency(us), 915.006624
[INSERT], MinLatency(us), 157
[INSERT], MaxLatency(us), 96959
[INSERT], 95thPercentileLatency(us), 1556
[INSERT], 99thPercentileLatency(us), 2463
[INSERT], Return=OK, 31250
	Command being timed: "/usr/lib/jvm/java-8-openjdk-amd64/bin/java -cp /users/Xinying/ozonedb/ycsb/ozonedb/conf:/users/Xinying/ozonedb/ycsb/ozonedb/target/ozonedb-binding-0.18.0-SNAPSHOT.jar:/users/Xinying/.m2/repository/org/apache/htrace/htrace-core4/4.1.0-incubating/htrace-core4-4.1.0-incubating.jar:/users/Xinying/.m2/repository/org/slf4j/slf4j-api/1.7.25/slf4j-api-1.7.25.jar:/users/Xinying/.m2/repository/org/hdrhistogram/HdrHistogram/2.1.12/HdrHistogram-2.1.12.jar:/users/Xinying/.m2/repository/ch/qos/logback/logback-classic/1.2.3/logback-classic-1.2.3.jar:/users/Xinying/.m2/repository/ozonedbjnimaven/demoproc-jni/1.0/demoproc-jni-1.0.jar:/users/Xinying/.m2/repository/ch/qos/logback/logback-core/1.2.3/logback-core-1.2.3.jar:/users/Xinying/.m2/repository/org/codehaus/jackson/jackson-mapper-asl/1.9.4/jackson-mapper-asl-1.9.4.jar:/users/Xinying/.m2/repository/org/slf4j/slf4j-simple/1.7.25/slf4j-simple-1.7.25.jar:/users/Xinying/.m2/repository/org/codehaus/jackson/jackson-core-asl/1.9.4/jackson-core-asl-1.9.4.jar:/users/Xinying/ozonedb/ycsb/core/target/core-0.18.0-SNAPSHOT.jar site.ycsb.Client -db site.ycsb.db.OzoneDBClient -threads 1 -s -P /users/Xinying/ozonedb/ycsb/workloads/generated_workloads/workloada_1KB_1000000_1000000 -p status.interval=1 -p recordcount=1000000 -p insertstart=812500 -p insertcount=31250 -p shared_config=/tmp/phase1_ozonedb_configs/shared_config_LOAD_p32_r1_proc26.json -load"
	User time (seconds): 2.75
	System time (seconds): 15.32
	Percent of CPU this job got: 60%
	Elapsed (wall clock) time (h:mm:ss or m:ss): 0:29.76
	Average shared text size (kbytes): 0
	Average unshared data size (kbytes): 0
	Average stack size (kbytes): 0
	Average total size (kbytes): 0
	Maximum resident set size (kbytes): 566476
	Average resident set size (kbytes): 0
	Major (requiring I/O) page faults: 273
	Minor (reclaiming a frame) page faults: 138511
	Voluntary context switches: 230885
	Involuntary context switches: 1994
	Swaps: 0
	File system inputs: 512558
	File system outputs: 368424
	Socket messages sent: 0
	Socket messages received: 0
	Signals delivered: 0
	Page size (bytes): 4096
	Exit status: 0
