# CMD: /usr/bin/time -v /usr/lib/jvm/java-8-openjdk-amd64/bin/java -cp /users/Xinying/ozonedb/ycsb/ozonedb/conf:/users/Xinying/ozonedb/ycsb/ozonedb/target/ozonedb-binding-0.18.0-SNAPSHOT.jar:/users/Xinying/.m2/repository/org/apache/htrace/htrace-core4/4.1.0-incubating/htrace-core4-4.1.0-incubating.jar:/users/Xinying/.m2/repository/org/slf4j/slf4j-api/1.7.25/slf4j-api-1.7.25.jar:/users/Xinying/.m2/repository/org/hdrhistogram/HdrHistogram/2.1.12/HdrHistogram-2.1.12.jar:/users/Xinying/.m2/repository/ch/qos/logback/logback-classic/1.2.3/logback-classic-1.2.3.jar:/users/Xinying/.m2/repository/ozonedbjnimaven/demoproc-jni/1.0/demoproc-jni-1.0.jar:/users/Xinying/.m2/repository/ch/qos/logback/logback-core/1.2.3/logback-core-1.2.3.jar:/users/Xinying/.m2/repository/org/codehaus/jackson/jackson-mapper-asl/1.9.4/jackson-mapper-asl-1.9.4.jar:/users/Xinying/.m2/repository/org/slf4j/slf4j-simple/1.7.25/slf4j-simple-1.7.25.jar:/users/Xinying/.m2/repository/org/codehaus/jackson/jackson-core-asl/1.9.4/jackson-core-asl-1.9.4.jar:/users/Xinying/ozonedb/ycsb/core/target/core-0.18.0-SNAPSHOT.jar site.ycsb.Client -db site.ycsb.db.OzoneDBClient -threads 1 -s -P /users/Xinying/ozonedb/ycsb/workloads/generated_workloads/workloada_1KB_1000000_1000000 -p status.interval=1 -p recordcount=1000000 -p insertstart=916652 -p insertcount=41666 -p shared_config=/tmp/phase1_ozonedb_configs/shared_config_LOAD_p24_r1_proc22.json -load
# work_path=/tank/ycsb_data/multi-proc-run/ozonedb_load_shared_p24
Command line: -db site.ycsb.db.OzoneDBClient -threads 1 -s -P /users/Xinying/ozonedb/ycsb/workloads/generated_workloads/workloada_1KB_1000000_1000000 -p status.interval=1 -p recordcount=1000000 -p insertstart=916652 -p insertcount=41666 -p shared_config=/tmp/phase1_ozonedb_configs/shared_config_LOAD_p24_r1_proc22.json -load
YCSB Client 0.18.0-SNAPSHOT

Loading workload...
Starting test.
SLF4J: Class path contains multiple SLF4J bindings.
SLF4J: Found binding in [jar:file:/users/Xinying/.m2/repository/ch/qos/logback/logback-classic/1.2.3/logback-classic-1.2.3.jar!/org/slf4j/impl/StaticLoggerBinder.class]
SLF4J: Found binding in [jar:file:/users/Xinying/.m2/repository/org/slf4j/slf4j-simple/1.7.25/slf4j-simple-1.7.25.jar!/org/slf4j/impl/StaticLoggerBinder.class]
SLF4J: See http://www.slf4j.org/codes.html#multiple_bindings for an explanation.
SLF4J: Actual binding is of type [ch.qos.logback.classic.util.ContextSelectorStaticBinder]
2026-04-29 20:43:25:419 0 sec: 0 operations; est completion in 0 second 
Directory already created.
Starting compaction watcher
DBWrapper: report latency for each error is false and specific error codes to track for latency are: []
2026-04-29 20:43:25:476 - NewTail completed: 
2026-04-29 20:43:26:423 1 sec: 1446 operations; 1440.24 current ops/sec; est completion in 28 seconds [INSERT: Count=1447, Max=15415, Min=202, Avg=633.66, 90=846, 99=2221, 99.9=14919, 99.99=15415] 
2026-04-29 20:43:27:419 2 sec: 3097 operations; 1657.63 current ops/sec; est completion in 25 seconds [INSERT: Count=1650, Max=10615, Min=183, Avg=593.95, 90=817, 99=1463, 99.9=6795, 99.99=10615] 
2026-04-29 20:43:28:419 3 sec: 4587 operations; 1490 current ops/sec; est completion in 25 seconds [INSERT: Count=1491, Max=92159, Min=191, Avg=663.49, 90=824, 99=1188, 99.9=4719, 99.99=92159] 
2026-04-29 20:43:29:419 4 sec: 6088 operations; 1501 current ops/sec; est completion in 24 seconds [INSERT: Count=1501, Max=94975, Min=198, Avg=657.04, 90=831, 99=1367, 99.9=9055, 99.99=94975] 
2026-04-29 20:43:30:419 5 sec: 7689 operations; 1601 current ops/sec; est completion in 23 seconds [INSERT: Count=1600, Max=8247, Min=226, Avg=618.89, 90=810, 99=1268, 99.9=7931, 99.99=8247] 
2026-04-29 20:43:31:419 6 sec: 9129 operations; 1440 current ops/sec; est completion in 22 seconds [INSERT: Count=1440, Max=49567, Min=198, Avg=689.82, 90=927, 99=1626, 99.9=4723, 99.99=49567] 
2026-04-29 20:43:32:419 7 sec: 10221 operations; 1092 current ops/sec; est completion in 22 seconds [INSERT: Count=1093, Max=3787, Min=296, Avg=910.97, 90=1336, 99=1889, 99.9=2747, 99.99=3787] 
2026-04-29 20:43:33:419 8 sec: 11762 operations; 1541 current ops/sec; est completion in 21 seconds [INSERT: Count=1541, Max=91647, Min=211, Avg=644.38, 90=815, 99=1135, 99.9=5155, 99.99=91647] 
2026-04-29 20:43:34:419 9 sec: 13416 operations; 1654 current ops/sec; est completion in 19 seconds [INSERT: Count=1654, Max=4843, Min=202, Avg=600.53, 90=805, 99=1258, 99.9=4571, 99.99=4843] 
2026-04-29 20:43:35:419 10 sec: 15082 operations; 1666 current ops/sec; est completion in 18 seconds [INSERT: Count=1665, Max=5303, Min=236, Avg=596.24, 90=823, 99=1250, 99.9=2034, 99.99=5303] 
2026-04-29 20:43:36:419 11 sec: 16598 operations; 1516 current ops/sec; est completion in 17 seconds [INSERT: Count=1517, Max=49247, Min=178, Avg=654.21, 90=849, 99=1515, 99.9=12471, 99.99=49247] 
2026-04-29 20:43:37:419 12 sec: 17632 operations; 1034 current ops/sec; est completion in 17 seconds [INSERT: Count=1033, Max=2427, Min=338, Avg=962.06, 90=1383, 99=1841, 99.9=2177, 99.99=2427] 
2026-04-29 20:43:38:419 13 sec: 19025 operations; 1393 current ops/sec; est completion in 16 seconds [INSERT: Count=1394, Max=12463, Min=234, Avg=713.95, 90=1068, 99=1665, 99.9=11711, 99.99=12463] 
2026-04-29 20:43:39:419 14 sec: 20763 operations; 1738 current ops/sec; est completion in 15 seconds [INSERT: Count=1738, Max=6279, Min=170, Avg=571.9, 90=778, 99=1048, 99.9=2040, 99.99=6279] 
2026-04-29 20:43:40:419 15 sec: 22483 operations; 1720 current ops/sec; est completion in 13 seconds [INSERT: Count=1720, Max=8527, Min=198, Avg=577.45, 90=788, 99=1116, 99.9=1895, 99.99=8527] 
2026-04-29 20:43:41:419 16 sec: 24101 operations; 1618 current ops/sec; est completion in 12 seconds [INSERT: Count=1618, Max=6871, Min=199, Avg=613.76, 90=817, 99=1200, 99.9=5127, 99.99=6871] 
2026-04-29 20:43:41:498 - NewTail completed: 
2026-04-29 20:43:42:419 17 sec: 25071 operations; 970 current ops/sec; est completion in 12 seconds [INSERT: Count=970, Max=45439, Min=348, Avg=1025.79, 90=1417, 99=2395, 99.9=45439, 99.99=45439] 
2026-04-29 20:43:43:419 18 sec: 26209 operations; 1138 current ops/sec; est completion in 11 seconds [INSERT: Count=1137, Max=12399, Min=268, Avg=874.28, 90=1309, 99=1812, 99.9=11327, 99.99=12399] 
2026-04-29 20:43:44:419 19 sec: 27814 operations; 1605 current ops/sec; est completion in 10 seconds [INSERT: Count=1605, Max=7979, Min=245, Avg=612.09, 90=802, 99=1060, 99.9=7287, 99.99=7979] 
2026-04-29 20:43:45:419 20 sec: 29241 operations; 1427 current ops/sec; est completion in 9 second [INSERT: Count=1427, Max=94975, Min=185, Avg=704.62, 90=805, 99=1115, 99.9=92671, 99.99=94975] 
2026-04-29 20:43:46:419 21 sec: 30898 operations; 1657 current ops/sec; est completion in 8 second [INSERT: Count=1658, Max=8623, Min=205, Avg=599.76, 90=812, 99=1135, 99.9=7563, 99.99=8623] 
2026-04-29 20:43:47:419 22 sec: 31866 operations; 968 current ops/sec; est completion in 7 second [INSERT: Count=968, Max=94783, Min=184, Avg=1028.38, 90=1317, 99=1909, 99.9=94783, 99.99=94783] 
2026-04-29 20:43:48:419 23 sec: 32935 operations; 1069 current ops/sec; est completion in 7 second [INSERT: Count=1068, Max=93759, Min=260, Avg=929.89, 90=1255, 99=1788, 99.9=10471, 99.99=93759] 
2026-04-29 20:43:49:419 24 sec: 34634 operations; 1699 current ops/sec; est completion in 5 second [INSERT: Count=1699, Max=8639, Min=255, Avg=585.25, 90=776, 99=1040, 99.9=6455, 99.99=8639] 
2026-04-29 20:43:50:419 25 sec: 36158 operations; 1524 current ops/sec; est completion in 4 second [INSERT: Count=1525, Max=95231, Min=233, Avg=651.85, 90=803, 99=1086, 99.9=6855, 99.99=95231] 
2026-04-29 20:43:51:419 26 sec: 37868 operations; 1710 current ops/sec; est completion in 3 second [INSERT: Count=1710, Max=12135, Min=204, Avg=581.35, 90=783, 99=1054, 99.9=6971, 99.99=12135] 
2026-04-29 20:43:52:419 27 sec: 38919 operations; 1051 current ops/sec; est completion in 2 second [INSERT: Count=1051, Max=74943, Min=244, Avg=946.16, 90=1259, 99=1970, 99.9=48511, 99.99=74943] 
2026-04-29 20:43:53:419 28 sec: 40048 operations; 1129 current ops/sec; est completion in 2 second [INSERT: Count=1129, Max=8199, Min=206, Avg=881.04, 90=1300, 99=1774, 99.9=5459, 99.99=8199] 
2026-04-29 20:43:54:309 28 sec: 41666 operations; 1817.98 current ops/sec; [CLEANUP: Count=1, Max=82815, Min=82752, Avg=82784, 90=82815, 99=82815, 99.9=82815, 99.99=82815] [INSERT: Count=1617, Max=14015, Min=171, Avg=494.49, 90=692, 99=976, 99.9=8559, 99.99=14015] 
[OVERALL], RunTime(ms), 28890
[OVERALL], Throughput(ops/sec), 1442.2291450328833
[TOTAL_GCS_PS_Scavenge], Count, 0
[TOTAL_GC_TIME_PS_Scavenge], Time(ms), 0
[TOTAL_GC_TIME_%_PS_Scavenge], Time(%), 0.0
[TOTAL_GCS_PS_MarkSweep], Count, 0
[TOTAL_GC_TIME_PS_MarkSweep], Time(ms), 0
[TOTAL_GC_TIME_%_PS_MarkSweep], Time(%), 0.0
[TOTAL_GCs], Count, 0
[TOTAL_GC_TIME], Time(ms), 0
[TOTAL_GC_TIME_%], Time(%), 0.0
[CLEANUP], Operations, 1
[CLEANUP], AverageLatency(us), 82784.0
[CLEANUP], MinLatency(us), 82752
[CLEANUP], MaxLatency(us), 82815
[CLEANUP], 95thPercentileLatency(us), 82815
[CLEANUP], 99thPercentileLatency(us), 82815
[INSERT], Operations, 41666
[INSERT], AverageLatency(us), 684.5770892334277
[INSERT], MinLatency(us), 170
[INSERT], MaxLatency(us), 95231
[INSERT], 95thPercentileLatency(us), 1154
[INSERT], 99thPercentileLatency(us), 1641
[INSERT], Return=OK, 41666
	Command being timed: "/usr/lib/jvm/java-8-openjdk-amd64/bin/java -cp /users/Xinying/ozonedb/ycsb/ozonedb/conf:/users/Xinying/ozonedb/ycsb/ozonedb/target/ozonedb-binding-0.18.0-SNAPSHOT.jar:/users/Xinying/.m2/repository/org/apache/htrace/htrace-core4/4.1.0-incubating/htrace-core4-4.1.0-incubating.jar:/users/Xinying/.m2/repository/org/slf4j/slf4j-api/1.7.25/slf4j-api-1.7.25.jar:/users/Xinying/.m2/repository/org/hdrhistogram/HdrHistogram/2.1.12/HdrHistogram-2.1.12.jar:/users/Xinying/.m2/repository/ch/qos/logback/logback-classic/1.2.3/logback-classic-1.2.3.jar:/users/Xinying/.m2/repository/ozonedbjnimaven/demoproc-jni/1.0/demoproc-jni-1.0.jar:/users/Xinying/.m2/repository/ch/qos/logback/logback-core/1.2.3/logback-core-1.2.3.jar:/users/Xinying/.m2/repository/org/codehaus/jackson/jackson-mapper-asl/1.9.4/jackson-mapper-asl-1.9.4.jar:/users/Xinying/.m2/repository/org/slf4j/slf4j-simple/1.7.25/slf4j-simple-1.7.25.jar:/users/Xinying/.m2/repository/org/codehaus/jackson/jackson-core-asl/1.9.4/jackson-core-asl-1.9.4.jar:/users/Xinying/ozonedb/ycsb/core/target/core-0.18.0-SNAPSHOT.jar site.ycsb.Client -db site.ycsb.db.OzoneDBClient -threads 1 -s -P /users/Xinying/ozonedb/ycsb/workloads/generated_workloads/workloada_1KB_1000000_1000000 -p status.interval=1 -p recordcount=1000000 -p insertstart=916652 -p insertcount=41666 -p shared_config=/tmp/phase1_ozonedb_configs/shared_config_LOAD_p24_r1_proc22.json -load"
	User time (seconds): 2.01
	System time (seconds): 15.06
	Percent of CPU this job got: 57%
	Elapsed (wall clock) time (h:mm:ss or m:ss): 0:29.61
	Average shared text size (kbytes): 0
	Average unshared data size (kbytes): 0
	Average stack size (kbytes): 0
	Average total size (kbytes): 0
	Maximum resident set size (kbytes): 463416
	Average resident set size (kbytes): 0
	Major (requiring I/O) page faults: 268
	Minor (reclaiming a frame) page faults: 110599
	Voluntary context switches: 302710
	Involuntary context switches: 1097
	Swaps: 0
	File system inputs: 2711
	File system outputs: 95707
	Socket messages sent: 0
	Socket messages received: 0
	Signals delivered: 0
	Page size (bytes): 4096
	Exit status: 0
