# CMD: /usr/bin/time -v /usr/lib/jvm/java-8-openjdk-amd64/bin/java -cp /users/Xinying/ozonedb/ycsb/ozonedb/conf:/users/Xinying/ozonedb/ycsb/ozonedb/target/ozonedb-binding-0.18.0-SNAPSHOT.jar:/users/Xinying/.m2/repository/org/apache/htrace/htrace-core4/4.1.0-incubating/htrace-core4-4.1.0-incubating.jar:/users/Xinying/.m2/repository/org/slf4j/slf4j-api/1.7.25/slf4j-api-1.7.25.jar:/users/Xinying/.m2/repository/org/hdrhistogram/HdrHistogram/2.1.12/HdrHistogram-2.1.12.jar:/users/Xinying/.m2/repository/ch/qos/logback/logback-classic/1.2.3/logback-classic-1.2.3.jar:/users/Xinying/.m2/repository/ozonedbjnimaven/demoproc-jni/1.0/demoproc-jni-1.0.jar:/users/Xinying/.m2/repository/ch/qos/logback/logback-core/1.2.3/logback-core-1.2.3.jar:/users/Xinying/.m2/repository/org/codehaus/jackson/jackson-mapper-asl/1.9.4/jackson-mapper-asl-1.9.4.jar:/users/Xinying/.m2/repository/org/slf4j/slf4j-simple/1.7.25/slf4j-simple-1.7.25.jar:/users/Xinying/.m2/repository/org/codehaus/jackson/jackson-core-asl/1.9.4/jackson-core-asl-1.9.4.jar:/users/Xinying/ozonedb/ycsb/core/target/core-0.18.0-SNAPSHOT.jar site.ycsb.Client -db site.ycsb.db.OzoneDBClient -threads 1 -s -P /users/Xinying/ozonedb/ycsb/workloads/generated_workloads/workloada_1KB_1000000_1000000 -p status.interval=1 -p recordcount=1000000 -p insertstart=208330 -p insertcount=41666 -p shared_config=/tmp/phase1_ozonedb_configs/shared_config_LOAD_p24_r1_proc5.json -load
# work_path=/tank/ycsb_data/multi-proc-run/ozonedb_load_shared_p24
Command line: -db site.ycsb.db.OzoneDBClient -threads 1 -s -P /users/Xinying/ozonedb/ycsb/workloads/generated_workloads/workloada_1KB_1000000_1000000 -p status.interval=1 -p recordcount=1000000 -p insertstart=208330 -p insertcount=41666 -p shared_config=/tmp/phase1_ozonedb_configs/shared_config_LOAD_p24_r1_proc5.json -load
YCSB Client 0.18.0-SNAPSHOT

Loading workload...
Starting test.
SLF4J: Class path contains multiple SLF4J bindings.
SLF4J: Found binding in [jar:file:/users/Xinying/.m2/repository/ch/qos/logback/logback-classic/1.2.3/logback-classic-1.2.3.jar!/org/slf4j/impl/StaticLoggerBinder.class]
SLF4J: Found binding in [jar:file:/users/Xinying/.m2/repository/org/slf4j/slf4j-simple/1.7.25/slf4j-simple-1.7.25.jar!/org/slf4j/impl/StaticLoggerBinder.class]
SLF4J: See http://www.slf4j.org/codes.html#multiple_bindings for an explanation.
SLF4J: Actual binding is of type [ch.qos.logback.classic.util.ContextSelectorStaticBinder]
2026-04-29 20:43:25:413 0 sec: 0 operations; est completion in 0 second 
Directory already created.
Starting compaction watcher
DBWrapper: report latency for each error is false and specific error codes to track for latency are: []
2026-04-29 20:43:25:474 - NewTail completed: 
2026-04-29 20:43:26:413 1 sec: 1363 operations; 1363 current ops/sec; est completion in 30 seconds [INSERT: Count=1366, Max=14967, Min=186, Avg=662.73, 90=898, 99=3835, 99.9=8343, 99.99=14967] 
2026-04-29 20:43:27:413 2 sec: 3019 operations; 1656 current ops/sec; est completion in 26 seconds [INSERT: Count=1654, Max=20495, Min=186, Avg=594.47, 90=796, 99=1437, 99.9=10215, 99.99=20495] 
2026-04-29 20:43:28:413 3 sec: 4489 operations; 1470 current ops/sec; est completion in 25 seconds [INSERT: Count=1469, Max=91775, Min=207, Avg=672.8, 90=812, 99=1253, 99.9=7207, 99.99=91775] 
2026-04-29 20:43:29:413 4 sec: 5953 operations; 1464 current ops/sec; est completion in 24 seconds [INSERT: Count=1464, Max=95359, Min=190, Avg=676.62, 90=855, 99=1341, 99.9=8303, 99.99=95359] 
2026-04-29 20:43:30:413 5 sec: 7537 operations; 1584 current ops/sec; est completion in 23 seconds [INSERT: Count=1584, Max=8607, Min=243, Avg=626.32, 90=832, 99=1513, 99.9=5227, 99.99=8607] 
2026-04-29 20:43:31:413 6 sec: 9020 operations; 1483 current ops/sec; est completion in 22 seconds [INSERT: Count=1483, Max=49855, Min=216, Avg=669.39, 90=912, 99=1637, 99.9=4463, 99.99=49855] 
2026-04-29 20:43:32:413 7 sec: 10080 operations; 1060 current ops/sec; est completion in 22 seconds [INSERT: Count=1060, Max=7903, Min=249, Avg=933.47, 90=1313, 99=2026, 99.9=5427, 99.99=7903] 
2026-04-29 20:43:33:413 8 sec: 11555 operations; 1475 current ops/sec; est completion in 21 seconds [INSERT: Count=1475, Max=90559, Min=218, Avg=676.96, 90=825, 99=1302, 99.9=10639, 99.99=90559] 
2026-04-29 20:43:34:413 9 sec: 13258 operations; 1703 current ops/sec; est completion in 20 seconds [INSERT: Count=1704, Max=10919, Min=201, Avg=583.22, 90=790, 99=1115, 99.9=6195, 99.99=10919] 
2026-04-29 20:43:35:413 10 sec: 14907 operations; 1649 current ops/sec; est completion in 18 seconds [INSERT: Count=1649, Max=5659, Min=205, Avg=602.32, 90=833, 99=1166, 99.9=2495, 99.99=5659] 
2026-04-29 20:43:36:413 11 sec: 16390 operations; 1483 current ops/sec; est completion in 17 seconds [INSERT: Count=1482, Max=49247, Min=172, Avg=670.17, 90=875, 99=1455, 99.9=12119, 99.99=49247] 
2026-04-29 20:43:37:413 12 sec: 17408 operations; 1018 current ops/sec; est completion in 17 seconds [INSERT: Count=1018, Max=4863, Min=314, Avg=977.67, 90=1377, 99=1857, 99.9=2459, 99.99=4863] 
2026-04-29 20:43:38:413 13 sec: 18811 operations; 1403 current ops/sec; est completion in 16 seconds [INSERT: Count=1404, Max=8751, Min=200, Avg=708.06, 90=1098, 99=1662, 99.9=6763, 99.99=8751] 
2026-04-29 20:43:39:413 14 sec: 20451 operations; 1640 current ops/sec; est completion in 15 seconds [INSERT: Count=1639, Max=12463, Min=238, Avg=605.34, 90=805, 99=1155, 99.9=2065, 99.99=12463] 
2026-04-29 20:43:40:413 15 sec: 22158 operations; 1707 current ops/sec; est completion in 14 seconds [INSERT: Count=1707, Max=6971, Min=195, Avg=582.61, 90=803, 99=1044, 99.9=2239, 99.99=6971] 
2026-04-29 20:43:41:413 16 sec: 23751 operations; 1593 current ops/sec; est completion in 13 seconds [INSERT: Count=1593, Max=10455, Min=230, Avg=623.79, 90=846, 99=1223, 99.9=2345, 99.99=10455] 
2026-04-29 20:43:41:497 - NewTail completed: 
2026-04-29 20:43:42:413 17 sec: 24713 operations; 962 current ops/sec; est completion in 12 seconds [INSERT: Count=963, Max=46239, Min=350, Avg=1033.55, 90=1442, 99=2313, 99.9=46239, 99.99=46239] 
2026-04-29 20:43:43:413 18 sec: 25855 operations; 1142 current ops/sec; est completion in 12 seconds [INSERT: Count=1142, Max=9775, Min=207, Avg=871.09, 90=1309, 99=1875, 99.9=6167, 99.99=9775] 
2026-04-29 20:43:44:413 19 sec: 27501 operations; 1646 current ops/sec; est completion in 10 seconds [INSERT: Count=1645, Max=11767, Min=195, Avg=600.15, 90=809, 99=1122, 99.9=2046, 99.99=11767] 
2026-04-29 20:43:45:413 20 sec: 28845 operations; 1344 current ops/sec; est completion in 9 second [INSERT: Count=1345, Max=95359, Min=225, Avg=744.12, 90=837, 99=1204, 99.9=92927, 99.99=95359] 
2026-04-29 20:43:46:413 21 sec: 30490 operations; 1645 current ops/sec; est completion in 8 second [INSERT: Count=1644, Max=9759, Min=212, Avg=603.69, 90=807, 99=1121, 99.9=6643, 99.99=9759] 
2026-04-29 20:43:47:413 22 sec: 31446 operations; 956 current ops/sec; est completion in 8 second [INSERT: Count=956, Max=94783, Min=311, Avg=1040.54, 90=1325, 99=1902, 99.9=94783, 99.99=94783] 
2026-04-29 20:43:48:413 23 sec: 32539 operations; 1093 current ops/sec; est completion in 7 second [INSERT: Count=1095, Max=84735, Min=200, Avg=909.2, 90=1252, 99=1810, 99.9=15503, 99.99=84735] 
2026-04-29 20:43:49:413 24 sec: 34252 operations; 1713 current ops/sec; est completion in 6 second [INSERT: Count=1711, Max=6643, Min=188, Avg=580.47, 90=792, 99=1086, 99.9=1993, 99.99=6643] 
2026-04-29 20:43:50:413 25 sec: 35743 operations; 1491 current ops/sec; est completion in 5 second [INSERT: Count=1491, Max=95423, Min=218, Avg=666.62, 90=821, 99=1206, 99.9=7675, 99.99=95423] 
2026-04-29 20:43:51:413 26 sec: 37353 operations; 1610 current ops/sec; est completion in 4 second [INSERT: Count=1610, Max=8703, Min=268, Avg=616.85, 90=820, 99=1189, 99.9=6311, 99.99=8703] 
2026-04-29 20:43:52:413 27 sec: 38384 operations; 1031 current ops/sec; est completion in 3 second [INSERT: Count=1031, Max=51231, Min=239, Avg=965.71, 90=1267, 99=2131, 99.9=48479, 99.99=51231] 
2026-04-29 20:43:53:413 28 sec: 39494 operations; 1110 current ops/sec; est completion in 2 second [INSERT: Count=1110, Max=9823, Min=234, Avg=896.16, 90=1332, 99=1775, 99.9=7967, 99.99=9823] 
2026-04-29 20:43:54:410 28 sec: 41666 operations; 2176.35 current ops/sec; [CLEANUP: Count=1, Max=76095, Min=76032, Avg=76064, 90=76095, 99=76095, 99.9=76095, 99.99=76095] [INSERT: Count=2172, Max=8059, Min=143, Avg=420, 90=676, 99=964, 99.9=3175, 99.99=8059] 
[OVERALL], RunTime(ms), 28998
[OVERALL], Throughput(ops/sec), 1436.857714325126
[TOTAL_GCS_PS_Scavenge], Count, 0
[TOTAL_GC_TIME_PS_Scavenge], Time(ms), 0
[TOTAL_GC_TIME_%_PS_Scavenge], Time(%), 0.0
[TOTAL_GCS_PS_MarkSweep], Count, 0
[TOTAL_GC_TIME_PS_MarkSweep], Time(ms), 0
[TOTAL_GC_TIME_%_PS_MarkSweep], Time(%), 0.0
[TOTAL_GCs], Count, 0
[TOTAL_GC_TIME], Time(ms), 0
[TOTAL_GC_TIME_%], Time(%), 0.0
[CLEANUP], Operations, 1
[CLEANUP], AverageLatency(us), 76064.0
[CLEANUP], MinLatency(us), 76032
[CLEANUP], MaxLatency(us), 76095
[CLEANUP], 95thPercentileLatency(us), 76095
[CLEANUP], 99thPercentileLatency(us), 76095
[INSERT], Operations, 41666
[INSERT], AverageLatency(us), 687.2286996591946
[INSERT], MinLatency(us), 143
[INSERT], MaxLatency(us), 95423
[INSERT], 95thPercentileLatency(us), 1155
[INSERT], 99thPercentileLatency(us), 1681
[INSERT], Return=OK, 41666
	Command being timed: "/usr/lib/jvm/java-8-openjdk-amd64/bin/java -cp /users/Xinying/ozonedb/ycsb/ozonedb/conf:/users/Xinying/ozonedb/ycsb/ozonedb/target/ozonedb-binding-0.18.0-SNAPSHOT.jar:/users/Xinying/.m2/repository/org/apache/htrace/htrace-core4/4.1.0-incubating/htrace-core4-4.1.0-incubating.jar:/users/Xinying/.m2/repository/org/slf4j/slf4j-api/1.7.25/slf4j-api-1.7.25.jar:/users/Xinying/.m2/repository/org/hdrhistogram/HdrHistogram/2.1.12/HdrHistogram-2.1.12.jar:/users/Xinying/.m2/repository/ch/qos/logback/logback-classic/1.2.3/logback-classic-1.2.3.jar:/users/Xinying/.m2/repository/ozonedbjnimaven/demoproc-jni/1.0/demoproc-jni-1.0.jar:/users/Xinying/.m2/repository/ch/qos/logback/logback-core/1.2.3/logback-core-1.2.3.jar:/users/Xinying/.m2/repository/org/codehaus/jackson/jackson-mapper-asl/1.9.4/jackson-mapper-asl-1.9.4.jar:/users/Xinying/.m2/repository/org/slf4j/slf4j-simple/1.7.25/slf4j-simple-1.7.25.jar:/users/Xinying/.m2/repository/org/codehaus/jackson/jackson-core-asl/1.9.4/jackson-core-asl-1.9.4.jar:/users/Xinying/ozonedb/ycsb/core/target/core-0.18.0-SNAPSHOT.jar site.ycsb.Client -db site.ycsb.db.OzoneDBClient -threads 1 -s -P /users/Xinying/ozonedb/ycsb/workloads/generated_workloads/workloada_1KB_1000000_1000000 -p status.interval=1 -p recordcount=1000000 -p insertstart=208330 -p insertcount=41666 -p shared_config=/tmp/phase1_ozonedb_configs/shared_config_LOAD_p24_r1_proc5.json -load"
	User time (seconds): 1.93
	System time (seconds): 14.96
	Percent of CPU this job got: 56%
	Elapsed (wall clock) time (h:mm:ss or m:ss): 0:29.66
	Average shared text size (kbytes): 0
	Average unshared data size (kbytes): 0
	Average stack size (kbytes): 0
	Average total size (kbytes): 0
	Maximum resident set size (kbytes): 462516
	Average resident set size (kbytes): 0
	Major (requiring I/O) page faults: 321
	Minor (reclaiming a frame) page faults: 109805
	Voluntary context switches: 304825
	Involuntary context switches: 1000
	Swaps: 0
	File system inputs: 2109
	File system outputs: 95699
	Socket messages sent: 0
	Socket messages received: 0
	Signals delivered: 0
	Page size (bytes): 4096
	Exit status: 0
