# CMD: /usr/bin/time -v /usr/lib/jvm/java-8-openjdk-amd64/bin/java -cp /users/Xinying/ozonedb/ycsb/ozonedb/conf:/users/Xinying/ozonedb/ycsb/ozonedb/target/ozonedb-binding-0.18.0-SNAPSHOT.jar:/users/Xinying/.m2/repository/org/apache/htrace/htrace-core4/4.1.0-incubating/htrace-core4-4.1.0-incubating.jar:/users/Xinying/.m2/repository/org/slf4j/slf4j-api/1.7.25/slf4j-api-1.7.25.jar:/users/Xinying/.m2/repository/org/hdrhistogram/HdrHistogram/2.1.12/HdrHistogram-2.1.12.jar:/users/Xinying/.m2/repository/ch/qos/logback/logback-classic/1.2.3/logback-classic-1.2.3.jar:/users/Xinying/.m2/repository/ozonedbjnimaven/demoproc-jni/1.0/demoproc-jni-1.0.jar:/users/Xinying/.m2/repository/ch/qos/logback/logback-core/1.2.3/logback-core-1.2.3.jar:/users/Xinying/.m2/repository/org/codehaus/jackson/jackson-mapper-asl/1.9.4/jackson-mapper-asl-1.9.4.jar:/users/Xinying/.m2/repository/org/slf4j/slf4j-simple/1.7.25/slf4j-simple-1.7.25.jar:/users/Xinying/.m2/repository/org/codehaus/jackson/jackson-core-asl/1.9.4/jackson-core-asl-1.9.4.jar:/users/Xinying/ozonedb/ycsb/core/target/core-0.18.0-SNAPSHOT.jar site.ycsb.Client -db site.ycsb.db.OzoneDBClient -threads 1 -s -P /users/Xinying/ozonedb/ycsb/workloads/generated_workloads/workloada_1KB_1000000_1000000 -p status.interval=1 -p recordcount=1000000 -p insertstart=541658 -p insertcount=41666 -p shared_config=/tmp/phase1_ozonedb_configs/shared_config_LOAD_p24_r1_proc13.json -load
# work_path=/tank/ycsb_data/multi-proc-run/ozonedb_load_shared_p24
Command line: -db site.ycsb.db.OzoneDBClient -threads 1 -s -P /users/Xinying/ozonedb/ycsb/workloads/generated_workloads/workloada_1KB_1000000_1000000 -p status.interval=1 -p recordcount=1000000 -p insertstart=541658 -p insertcount=41666 -p shared_config=/tmp/phase1_ozonedb_configs/shared_config_LOAD_p24_r1_proc13.json -load
YCSB Client 0.18.0-SNAPSHOT

Loading workload...
Starting test.
SLF4J: Class path contains multiple SLF4J bindings.
SLF4J: Found binding in [jar:file:/users/Xinying/.m2/repository/ch/qos/logback/logback-classic/1.2.3/logback-classic-1.2.3.jar!/org/slf4j/impl/StaticLoggerBinder.class]
SLF4J: Found binding in [jar:file:/users/Xinying/.m2/repository/org/slf4j/slf4j-simple/1.7.25/slf4j-simple-1.7.25.jar!/org/slf4j/impl/StaticLoggerBinder.class]
SLF4J: See http://www.slf4j.org/codes.html#multiple_bindings for an explanation.
SLF4J: Actual binding is of type [ch.qos.logback.classic.util.ContextSelectorStaticBinder]
2026-04-29 20:43:25:408 0 sec: 0 operations; est completion in 0 second 
Directory already created.
Starting compaction watcher
DBWrapper: report latency for each error is false and specific error codes to track for latency are: []
2026-04-29 20:43:25:477 - NewTail completed: 
2026-04-29 20:43:26:408 1 sec: 1286 operations; 1286 current ops/sec; est completion in 32 seconds [INSERT: Count=1293, Max=15447, Min=191, Avg=697.03, 90=901, 99=3465, 99.9=14975, 99.99=15447] 
2026-04-29 20:43:27:408 2 sec: 2885 operations; 1599 current ops/sec; est completion in 27 seconds [INSERT: Count=1593, Max=11847, Min=193, Avg=613.88, 90=815, 99=1542, 99.9=10023, 99.99=11847] 
2026-04-29 20:43:28:408 3 sec: 4409 operations; 1524 current ops/sec; est completion in 26 seconds [INSERT: Count=1523, Max=90623, Min=168, Avg=649.31, 90=801, 99=1200, 99.9=4567, 99.99=90623] 
2026-04-29 20:43:29:408 4 sec: 5910 operations; 1501 current ops/sec; est completion in 25 seconds [INSERT: Count=1501, Max=91327, Min=160, Avg=659.08, 90=822, 99=1401, 99.9=8559, 99.99=91327] 
2026-04-29 20:43:30:408 5 sec: 7553 operations; 1643 current ops/sec; est completion in 23 seconds [INSERT: Count=1643, Max=6687, Min=185, Avg=602.9, 90=817, 99=1300, 99.9=4435, 99.99=6687] 
2026-04-29 20:43:31:407 6 sec: 9009 operations; 1456 current ops/sec; est completion in 22 seconds [INSERT: Count=1457, Max=50399, Min=204, Avg=681.66, 90=912, 99=1688, 99.9=3887, 99.99=50399] 
2026-04-29 20:43:32:408 7 sec: 10096 operations; 1087 current ops/sec; est completion in 22 seconds [INSERT: Count=1087, Max=4515, Min=293, Avg=914.88, 90=1308, 99=1903, 99.9=2657, 99.99=4515] 
2026-04-29 20:43:33:408 8 sec: 11637 operations; 1541 current ops/sec; est completion in 21 seconds [INSERT: Count=1540, Max=91391, Min=238, Avg=644.26, 90=800, 99=1081, 99.9=4943, 99.99=91391] 
2026-04-29 20:43:34:408 9 sec: 13283 operations; 1646 current ops/sec; est completion in 20 seconds [INSERT: Count=1646, Max=4045, Min=215, Avg=603.85, 90=829, 99=1173, 99.9=1540, 99.99=4045] 
2026-04-29 20:43:35:408 10 sec: 14936 operations; 1653 current ops/sec; est completion in 18 seconds [INSERT: Count=1653, Max=8735, Min=187, Avg=600.55, 90=836, 99=1212, 99.9=6211, 99.99=8735] 
2026-04-29 20:43:36:408 11 sec: 16424 operations; 1488 current ops/sec; est completion in 17 seconds [INSERT: Count=1489, Max=49151, Min=240, Avg=667.55, 90=880, 99=1576, 99.9=8007, 99.99=49151] 
2026-04-29 20:43:37:407 12 sec: 17408 operations; 984 current ops/sec; est completion in 17 seconds [INSERT: Count=984, Max=11231, Min=330, Avg=1011.21, 90=1416, 99=1870, 99.9=11231, 99.99=11231] 
2026-04-29 20:43:38:408 13 sec: 18814 operations; 1406 current ops/sec; est completion in 16 seconds [INSERT: Count=1406, Max=10215, Min=194, Avg=706.65, 90=1088, 99=1767, 99.9=9255, 99.99=10215] 
2026-04-29 20:43:39:408 14 sec: 20451 operations; 1637 current ops/sec; est completion in 15 seconds [INSERT: Count=1637, Max=12927, Min=206, Avg=606.99, 90=793, 99=1039, 99.9=8479, 99.99=12927] 
2026-04-29 20:43:40:408 15 sec: 22146 operations; 1695 current ops/sec; est completion in 14 seconds [INSERT: Count=1694, Max=8719, Min=190, Avg=585.92, 90=793, 99=1071, 99.9=7227, 99.99=8719] 
2026-04-29 20:43:41:408 16 sec: 23780 operations; 1634 current ops/sec; est completion in 13 seconds [INSERT: Count=1635, Max=5067, Min=255, Avg=607.74, 90=819, 99=1192, 99.9=2875, 99.99=5067] 
2026-04-29 20:43:41:498 - NewTail completed: 
2026-04-29 20:43:42:408 17 sec: 24754 operations; 974 current ops/sec; est completion in 12 seconds [INSERT: Count=974, Max=50207, Min=328, Avg=1021.94, 90=1397, 99=2295, 99.9=50207, 99.99=50207] 
2026-04-29 20:43:43:293 - Compaction started: 
2026-04-29 20:43:43:408 18 sec: 25914 operations; 1160 current ops/sec; est completion in 11 seconds [INSERT: Count=1160, Max=6115, Min=241, Avg=857.62, 90=1299, 99=1794, 99.9=4651, 99.99=6115] 
2026-04-29 20:43:44:407 19 sec: 27598 operations; 1684 current ops/sec; est completion in 10 seconds [INSERT: Count=1683, Max=5559, Min=191, Avg=589.75, 90=799, 99=1044, 99.9=2149, 99.99=5559] 
140678298334784:Compacting sstable1/d7c5bfe6-d99e-424e-ab7d-ec7add312e60202604291443251777495417711529516.sst sstable1/d7c5bfe6-d99e-424e-ab7d-ec7add312e60202604291443251777495419328204415.sst into:sstable2/fac9d85f-5387-4cef-8382-d7c474c9e996202604291443251777495424149222524.sst
2026-04-29 20:43:45:166 - Compaction completed: 
2026-04-29 20:43:45:408 20 sec: 28946 operations; 1348 current ops/sec; est completion in 9 second [INSERT: Count=1349, Max=94911, Min=188, Avg=737.61, 90=844, 99=1283, 99.9=86015, 99.99=94911] 
2026-04-29 20:43:46:012 - Compaction started: 
2026-04-29 20:43:46:408 21 sec: 30638 operations; 1692 current ops/sec; est completion in 8 second [INSERT: Count=1691, Max=6191, Min=175, Avg=587.98, 90=792, 99=1107, 99.9=5155, 99.99=6191] 
140678298334784:Compacting datalog/23 datalog/24 into:sstable1/fac9d85f-5387-4cef-8382-d7c474c9e996202604291443251777495426136872645.sst
2026-04-29 20:43:46:656 - Compaction completed: 
2026-04-29 20:43:47:408 22 sec: 31558 operations; 920 current ops/sec; est completion in 8 second [INSERT: Count=920, Max=114559, Min=231, Avg=1081.73, 90=1354, 99=1880, 99.9=114559, 99.99=114559] 
2026-04-29 20:43:48:168 - Compaction started: 
2026-04-29 20:43:48:408 23 sec: 32969 operations; 1411 current ops/sec; est completion in 7 second [INSERT: Count=1412, Max=12423, Min=155, Avg=704.35, 90=1179, 99=1763, 99.9=10911, 99.99=12423] 
140678298334784:Compacting datalog/25 datalog/26 into:sstable1/fac9d85f-5387-4cef-8382-d7c474c9e996202604291443251777495428289911540.sst
2026-04-29 20:43:48:726 - Compaction completed: 
2026-04-29 20:43:49:407 24 sec: 34611 operations; 1642 current ops/sec; est completion in 5 second [INSERT: Count=1641, Max=25263, Min=192, Avg=604.88, 90=805, 99=1098, 99.9=5443, 99.99=25263] 
2026-04-29 20:43:50:408 25 sec: 36360 operations; 1749 current ops/sec; est completion in 4 second [INSERT: Count=1750, Max=25279, Min=179, Avg=567.73, 90=785, 99=1160, 99.9=13895, 99.99=25279] 
2026-04-29 20:43:51:408 26 sec: 38001 operations; 1641 current ops/sec; est completion in 3 second [INSERT: Count=1642, Max=25583, Min=184, Avg=605.19, 90=782, 99=1034, 99.9=11471, 99.99=25583] 
2026-04-29 20:43:52:408 27 sec: 39114 operations; 1113 current ops/sec; est completion in 2 second [INSERT: Count=1111, Max=48415, Min=261, Avg=894.87, 90=1252, 99=1868, 99.9=25247, 99.99=48415] 
2026-04-29 20:43:53:408 28 sec: 40176 operations; 1062 current ops/sec; est completion in 2 second [INSERT: Count=1063, Max=26751, Min=249, Avg=935.98, 90=1322, 99=1831, 99.9=10223, 99.99=26751] 
2026-04-29 20:43:54:282 28 sec: 41666 operations; 1702.86 current ops/sec; [CLEANUP: Count=1, Max=94335, Min=94272, Avg=94304, 90=94335, 99=94335, 99.9=94335, 99.99=94335] [INSERT: Count=1489, Max=26655, Min=190, Avg=519.42, 90=711, 99=979, 99.9=9783, 99.99=26655] 
[OVERALL], RunTime(ms), 28876
[OVERALL], Throughput(ops/sec), 1442.9283834326084
[TOTAL_GCS_PS_Scavenge], Count, 0
[TOTAL_GC_TIME_PS_Scavenge], Time(ms), 0
[TOTAL_GC_TIME_%_PS_Scavenge], Time(%), 0.0
[TOTAL_GCS_PS_MarkSweep], Count, 0
[TOTAL_GC_TIME_PS_MarkSweep], Time(ms), 0
[TOTAL_GC_TIME_%_PS_MarkSweep], Time(%), 0.0
[TOTAL_GCs], Count, 0
[TOTAL_GC_TIME], Time(ms), 0
[TOTAL_GC_TIME_%], Time(%), 0.0
[CLEANUP], Operations, 1
[CLEANUP], AverageLatency(us), 94304.0
[CLEANUP], MinLatency(us), 94272
[CLEANUP], MaxLatency(us), 94335
[CLEANUP], 95thPercentileLatency(us), 94335
[CLEANUP], 99thPercentileLatency(us), 94335
[INSERT], Operations, 41666
[INSERT], AverageLatency(us), 683.5548888782221
[INSERT], MinLatency(us), 155
[INSERT], MaxLatency(us), 114559
[INSERT], 95thPercentileLatency(us), 1157
[INSERT], 99thPercentileLatency(us), 1672
[INSERT], Return=OK, 41666
	Command being timed: "/usr/lib/jvm/java-8-openjdk-amd64/bin/java -cp /users/Xinying/ozonedb/ycsb/ozonedb/conf:/users/Xinying/ozonedb/ycsb/ozonedb/target/ozonedb-binding-0.18.0-SNAPSHOT.jar:/users/Xinying/.m2/repository/org/apache/htrace/htrace-core4/4.1.0-incubating/htrace-core4-4.1.0-incubating.jar:/users/Xinying/.m2/repository/org/slf4j/slf4j-api/1.7.25/slf4j-api-1.7.25.jar:/users/Xinying/.m2/repository/org/hdrhistogram/HdrHistogram/2.1.12/HdrHistogram-2.1.12.jar:/users/Xinying/.m2/repository/ch/qos/logback/logback-classic/1.2.3/logback-classic-1.2.3.jar:/users/Xinying/.m2/repository/ozonedbjnimaven/demoproc-jni/1.0/demoproc-jni-1.0.jar:/users/Xinying/.m2/repository/ch/qos/logback/logback-core/1.2.3/logback-core-1.2.3.jar:/users/Xinying/.m2/repository/org/codehaus/jackson/jackson-mapper-asl/1.9.4/jackson-mapper-asl-1.9.4.jar:/users/Xinying/.m2/repository/org/slf4j/slf4j-simple/1.7.25/slf4j-simple-1.7.25.jar:/users/Xinying/.m2/repository/org/codehaus/jackson/jackson-core-asl/1.9.4/jackson-core-asl-1.9.4.jar:/users/Xinying/ozonedb/ycsb/core/target/core-0.18.0-SNAPSHOT.jar site.ycsb.Client -db site.ycsb.db.OzoneDBClient -threads 1 -s -P /users/Xinying/ozonedb/ycsb/workloads/generated_workloads/workloada_1KB_1000000_1000000 -p status.interval=1 -p recordcount=1000000 -p insertstart=541658 -p insertcount=41666 -p shared_config=/tmp/phase1_ozonedb_configs/shared_config_LOAD_p24_r1_proc13.json -load"
	User time (seconds): 3.26
	System time (seconds): 16.69
	Percent of CPU this job got: 67%
	Elapsed (wall clock) time (h:mm:ss or m:ss): 0:29.57
	Average shared text size (kbytes): 0
	Average unshared data size (kbytes): 0
	Average stack size (kbytes): 0
	Average total size (kbytes): 0
	Maximum resident set size (kbytes): 656512
	Average resident set size (kbytes): 0
	Major (requiring I/O) page faults: 305
	Minor (reclaiming a frame) page faults: 194696
	Voluntary context switches: 304264
	Involuntary context switches: 1168
	Swaps: 0
	File system inputs: 765084
	File system outputs: 666010
	Socket messages sent: 0
	Socket messages received: 0
	Signals delivered: 0
	Page size (bytes): 4096
	Exit status: 0
