# CMD: /usr/bin/time -v /usr/lib/jvm/java-8-openjdk-amd64/bin/java -cp /users/Xinying/ozonedb/ycsb/ozonedb/conf:/users/Xinying/ozonedb/ycsb/ozonedb/target/ozonedb-binding-0.18.0-SNAPSHOT.jar:/users/Xinying/.m2/repository/org/apache/htrace/htrace-core4/4.1.0-incubating/htrace-core4-4.1.0-incubating.jar:/users/Xinying/.m2/repository/org/slf4j/slf4j-api/1.7.25/slf4j-api-1.7.25.jar:/users/Xinying/.m2/repository/org/hdrhistogram/HdrHistogram/2.1.12/HdrHistogram-2.1.12.jar:/users/Xinying/.m2/repository/ch/qos/logback/logback-classic/1.2.3/logback-classic-1.2.3.jar:/users/Xinying/.m2/repository/ozonedbjnimaven/demoproc-jni/1.0/demoproc-jni-1.0.jar:/users/Xinying/.m2/repository/ch/qos/logback/logback-core/1.2.3/logback-core-1.2.3.jar:/users/Xinying/.m2/repository/org/codehaus/jackson/jackson-mapper-asl/1.9.4/jackson-mapper-asl-1.9.4.jar:/users/Xinying/.m2/repository/org/slf4j/slf4j-simple/1.7.25/slf4j-simple-1.7.25.jar:/users/Xinying/.m2/repository/org/codehaus/jackson/jackson-core-asl/1.9.4/jackson-core-asl-1.9.4.jar:/users/Xinying/ozonedb/ycsb/core/target/core-0.18.0-SNAPSHOT.jar site.ycsb.Client -db site.ycsb.db.OzoneDBClient -threads 1 -s -P /users/Xinying/ozonedb/ycsb/workloads/generated_workloads/workloada_1KB_1000000_1000000 -p status.interval=1 -p recordcount=1000000 -p insertstart=333328 -p insertcount=41666 -p shared_config=/tmp/phase1_ozonedb_configs/shared_config_LOAD_p24_r1_proc8.json -load
# work_path=/tank/ycsb_data/multi-proc-run/ozonedb_load_shared_p24
Command line: -db site.ycsb.db.OzoneDBClient -threads 1 -s -P /users/Xinying/ozonedb/ycsb/workloads/generated_workloads/workloada_1KB_1000000_1000000 -p status.interval=1 -p recordcount=1000000 -p insertstart=333328 -p insertcount=41666 -p shared_config=/tmp/phase1_ozonedb_configs/shared_config_LOAD_p24_r1_proc8.json -load
YCSB Client 0.18.0-SNAPSHOT

Loading workload...
Starting test.
SLF4J: Class path contains multiple SLF4J bindings.
SLF4J: Found binding in [jar:file:/users/Xinying/.m2/repository/ch/qos/logback/logback-classic/1.2.3/logback-classic-1.2.3.jar!/org/slf4j/impl/StaticLoggerBinder.class]
SLF4J: Found binding in [jar:file:/users/Xinying/.m2/repository/org/slf4j/slf4j-simple/1.7.25/slf4j-simple-1.7.25.jar!/org/slf4j/impl/StaticLoggerBinder.class]
SLF4J: See http://www.slf4j.org/codes.html#multiple_bindings for an explanation.
SLF4J: Actual binding is of type [ch.qos.logback.classic.util.ContextSelectorStaticBinder]
2026-04-29 20:43:25:423 0 sec: 0 operations; est completion in 0 second 
Directory already created.
Starting compaction watcher
DBWrapper: report latency for each error is false and specific error codes to track for latency are: []
2026-04-29 20:43:25:475 - NewTail completed: 
2026-04-29 20:43:26:423 1 sec: 1350 operations; 1350 current ops/sec; est completion in 30 seconds [INSERT: Count=1350, Max=14879, Min=201, Avg=667.82, 90=888, 99=3449, 99.9=11967, 99.99=14879] 
2026-04-29 20:43:27:423 2 sec: 2957 operations; 1607 current ops/sec; est completion in 27 seconds [INSERT: Count=1608, Max=10359, Min=200, Avg=616.43, 90=850, 99=1491, 99.9=8447, 99.99=10359] 
2026-04-29 20:43:28:423 3 sec: 4533 operations; 1576 current ops/sec; est completion in 25 seconds [INSERT: Count=1575, Max=95551, Min=207, Avg=628.53, 90=785, 99=1167, 99.9=2957, 99.99=95551] 
2026-04-29 20:43:29:423 4 sec: 6006 operations; 1473 current ops/sec; est completion in 24 seconds [INSERT: Count=1474, Max=96063, Min=207, Avg=672.02, 90=825, 99=1375, 99.9=8895, 99.99=96063] 
2026-04-29 20:43:30:423 5 sec: 7681 operations; 1675 current ops/sec; est completion in 23 seconds [INSERT: Count=1674, Max=9367, Min=167, Avg=593.39, 90=785, 99=1217, 99.9=8335, 99.99=9367] 
2026-04-29 20:43:31:423 6 sec: 9142 operations; 1461 current ops/sec; est completion in 22 seconds [INSERT: Count=1461, Max=50047, Min=190, Avg=678.31, 90=926, 99=1536, 99.9=7959, 99.99=50047] 
2026-04-29 20:43:32:423 7 sec: 10220 operations; 1078 current ops/sec; est completion in 22 seconds [INSERT: Count=1079, Max=9271, Min=216, Avg=922.62, 90=1349, 99=1918, 99.9=5827, 99.99=9271] 
2026-04-29 20:43:33:423 8 sec: 11731 operations; 1511 current ops/sec; est completion in 21 seconds [INSERT: Count=1511, Max=94911, Min=211, Avg=657.71, 90=829, 99=1131, 99.9=1802, 99.99=94911] 
2026-04-29 20:43:34:423 9 sec: 13313 operations; 1582 current ops/sec; est completion in 20 seconds [INSERT: Count=1581, Max=14183, Min=207, Avg=627.78, 90=818, 99=1267, 99.9=11735, 99.99=14183] 
2026-04-29 20:43:35:423 10 sec: 14943 operations; 1630 current ops/sec; est completion in 18 seconds [INSERT: Count=1631, Max=12399, Min=207, Avg=608.56, 90=836, 99=1240, 99.9=6939, 99.99=12399] 
2026-04-29 20:43:36:423 11 sec: 16447 operations; 1504 current ops/sec; est completion in 17 seconds [INSERT: Count=1504, Max=49119, Min=183, Avg=660.66, 90=849, 99=1655, 99.9=9575, 99.99=49119] 
2026-04-29 20:43:37:423 12 sec: 17466 operations; 1019 current ops/sec; est completion in 17 seconds [INSERT: Count=1018, Max=2239, Min=327, Avg=977.43, 90=1426, 99=1817, 99.9=1938, 99.99=2239] 
2026-04-29 20:43:38:423 13 sec: 18875 operations; 1409 current ops/sec; est completion in 16 seconds [INSERT: Count=1410, Max=10535, Min=192, Avg=705.07, 90=1082, 99=1737, 99.9=10215, 99.99=10535] 
2026-04-29 20:43:39:423 14 sec: 20588 operations; 1713 current ops/sec; est completion in 15 seconds [INSERT: Count=1713, Max=10983, Min=195, Avg=580.47, 90=768, 99=1060, 99.9=10431, 99.99=10983] 
2026-04-29 20:43:40:423 15 sec: 22285 operations; 1697 current ops/sec; est completion in 14 seconds [INSERT: Count=1696, Max=12263, Min=217, Avg=584.85, 90=784, 99=1089, 99.9=7483, 99.99=12263] 
2026-04-29 20:43:41:435 16 sec: 23953 operations; 1648.22 current ops/sec; est completion in 12 seconds [INSERT: Count=1669, Max=7987, Min=209, Avg=602.76, 90=824, 99=1123, 99.9=3377, 99.99=7987] 
2026-04-29 20:43:42:423 17 sec: 24908 operations; 966.6 current ops/sec; est completion in 12 seconds [INSERT: Count=954, Max=38047, Min=299, Avg=1030.56, 90=1415, 99=2541, 99.9=38047, 99.99=38047] 
2026-04-29 20:43:43:423 18 sec: 26053 operations; 1145 current ops/sec; est completion in 11 seconds [INSERT: Count=1146, Max=13623, Min=200, Avg=868.49, 90=1300, 99=1833, 99.9=2537, 99.99=13623] 
2026-04-29 20:43:44:423 19 sec: 27651 operations; 1598 current ops/sec; est completion in 10 seconds [INSERT: Count=1597, Max=14535, Min=234, Avg=612.9, 90=800, 99=1089, 99.9=10503, 99.99=14535] 
2026-04-29 20:43:45:423 20 sec: 29373 operations; 1722 current ops/sec; est completion in 9 second [INSERT: Count=1723, Max=96255, Min=159, Avg=585.4, 90=800, 99=1207, 99.9=10871, 99.99=96255] 
2026-04-29 20:43:46:423 21 sec: 31036 operations; 1663 current ops/sec; est completion in 8 second [INSERT: Count=1662, Max=14895, Min=217, Avg=597.76, 90=803, 99=1095, 99.9=2563, 99.99=14895] 
2026-04-29 20:43:47:423 22 sec: 32132 operations; 1096 current ops/sec; est completion in 7 second [INSERT: Count=1096, Max=46015, Min=274, Avg=907.2, 90=1287, 99=1844, 99.9=10671, 99.99=46015] 
2026-04-29 20:43:48:423 23 sec: 33557 operations; 1425 current ops/sec; est completion in 6 second [INSERT: Count=1426, Max=5983, Min=162, Avg=697.33, 90=1186, 99=1746, 99.9=2421, 99.99=5983] 
2026-04-29 20:43:49:423 24 sec: 35260 operations; 1703 current ops/sec; est completion in 5 second [INSERT: Count=1703, Max=14207, Min=177, Avg=583.53, 90=783, 99=1069, 99.9=6707, 99.99=14207] 
2026-04-29 20:43:50:423 25 sec: 37114 operations; 1854 current ops/sec; est completion in 4 second [INSERT: Count=1854, Max=14119, Min=159, Avg=535.14, 90=776, 99=1060, 99.9=8207, 99.99=14119] 
2026-04-29 20:43:51:423 26 sec: 38755 operations; 1641 current ops/sec; est completion in 2 second [INSERT: Count=1640, Max=14607, Min=182, Avg=605.53, 90=809, 99=1091, 99.9=2125, 99.99=14607] 
2026-04-29 20:43:52:423 27 sec: 39831 operations; 1076 current ops/sec; est completion in 2 second [INSERT: Count=1076, Max=62879, Min=224, Avg=924.11, 90=1268, 99=2022, 99.9=48543, 99.99=62879] 
2026-04-29 20:43:53:423 28 sec: 40956 operations; 1125 current ops/sec; est completion in 1 second [INSERT: Count=1126, Max=14671, Min=182, Avg=883.66, 90=1292, 99=1704, 99.9=2871, 99.99=14671] 
2026-04-29 20:43:53:906 28 sec: 41666 operations; 1469.98 current ops/sec; [CLEANUP: Count=1, Max=98815, Min=98752, Avg=98784, 90=98815, 99=98815, 99.9=98815, 99.99=98815] [INSERT: Count=709, Max=1450, Min=173, Avg=537.41, 90=761, 99=1093, 99.9=1450, 99.99=1450] 
[OVERALL], RunTime(ms), 28483
[OVERALL], Throughput(ops/sec), 1462.8374820068111
[TOTAL_GCS_PS_Scavenge], Count, 0
[TOTAL_GC_TIME_PS_Scavenge], Time(ms), 0
[TOTAL_GC_TIME_%_PS_Scavenge], Time(%), 0.0
[TOTAL_GCS_PS_MarkSweep], Count, 0
[TOTAL_GC_TIME_PS_MarkSweep], Time(ms), 0
[TOTAL_GC_TIME_%_PS_MarkSweep], Time(%), 0.0
[TOTAL_GCs], Count, 0
[TOTAL_GC_TIME], Time(ms), 0
[TOTAL_GC_TIME_%], Time(%), 0.0
[CLEANUP], Operations, 1
[CLEANUP], AverageLatency(us), 98784.0
[CLEANUP], MinLatency(us), 98752
[CLEANUP], MaxLatency(us), 98815
[CLEANUP], 95thPercentileLatency(us), 98815
[CLEANUP], 99thPercentileLatency(us), 98815
[INSERT], Operations, 41666
[INSERT], AverageLatency(us), 674.5182882926127
[INSERT], MinLatency(us), 159
[INSERT], MaxLatency(us), 96255
[INSERT], 95thPercentileLatency(us), 1157
[INSERT], 99thPercentileLatency(us), 1663
[INSERT], Return=OK, 41666
	Command being timed: "/usr/lib/jvm/java-8-openjdk-amd64/bin/java -cp /users/Xinying/ozonedb/ycsb/ozonedb/conf:/users/Xinying/ozonedb/ycsb/ozonedb/target/ozonedb-binding-0.18.0-SNAPSHOT.jar:/users/Xinying/.m2/repository/org/apache/htrace/htrace-core4/4.1.0-incubating/htrace-core4-4.1.0-incubating.jar:/users/Xinying/.m2/repository/org/slf4j/slf4j-api/1.7.25/slf4j-api-1.7.25.jar:/users/Xinying/.m2/repository/org/hdrhistogram/HdrHistogram/2.1.12/HdrHistogram-2.1.12.jar:/users/Xinying/.m2/repository/ch/qos/logback/logback-classic/1.2.3/logback-classic-1.2.3.jar:/users/Xinying/.m2/repository/ozonedbjnimaven/demoproc-jni/1.0/demoproc-jni-1.0.jar:/users/Xinying/.m2/repository/ch/qos/logback/logback-core/1.2.3/logback-core-1.2.3.jar:/users/Xinying/.m2/repository/org/codehaus/jackson/jackson-mapper-asl/1.9.4/jackson-mapper-asl-1.9.4.jar:/users/Xinying/.m2/repository/org/slf4j/slf4j-simple/1.7.25/slf4j-simple-1.7.25.jar:/users/Xinying/.m2/repository/org/codehaus/jackson/jackson-core-asl/1.9.4/jackson-core-asl-1.9.4.jar:/users/Xinying/ozonedb/ycsb/core/target/core-0.18.0-SNAPSHOT.jar site.ycsb.Client -db site.ycsb.db.OzoneDBClient -threads 1 -s -P /users/Xinying/ozonedb/ycsb/workloads/generated_workloads/workloada_1KB_1000000_1000000 -p status.interval=1 -p recordcount=1000000 -p insertstart=333328 -p insertcount=41666 -p shared_config=/tmp/phase1_ozonedb_configs/shared_config_LOAD_p24_r1_proc8.json -load"
	User time (seconds): 1.86
	System time (seconds): 14.68
	Percent of CPU this job got: 56%
	Elapsed (wall clock) time (h:mm:ss or m:ss): 0:29.10
	Average shared text size (kbytes): 0
	Average unshared data size (kbytes): 0
	Average stack size (kbytes): 0
	Average total size (kbytes): 0
	Maximum resident set size (kbytes): 459016
	Average resident set size (kbytes): 0
	Major (requiring I/O) page faults: 291
	Minor (reclaiming a frame) page faults: 110020
	Voluntary context switches: 299752
	Involuntary context switches: 1410
	Swaps: 0
	File system inputs: 1964
	File system outputs: 95691
	Socket messages sent: 0
	Socket messages received: 0
	Signals delivered: 0
	Page size (bytes): 4096
	Exit status: 0
