# CMD: /usr/bin/time -v /users/Xinying/ozonedb/ycsb/bin/ycsb load ozonedb -threads 32 -s -P /users/Xinying/ozonedb/ycsb/workloads/generated_workloads/workloada_1KB_1000000_1000000 -p status.interval=1 -p shared_config=/users/Xinying/ozonedb/src/config/local/shared_config_rocksdb.json
# devices=['sda6'] sectors_before=15241504632 sectors_after=15250601656
# elapsed_s=36.17 cpu_pct=1448.0 returncode=0

=== STDOUT ===
Starting compaction watcher
Starting compaction watcher
Starting compaction watcher
Starting compaction watcher
Starting compaction watcher
Starting compaction watcher
Starting compaction watcher
Starting compaction watcher
Starting compaction watcher
Starting compaction watcher
Starting compaction watcher
Starting compaction watcher
Starting compaction watcher
Starting compaction watcher
Starting compaction watcher
Starting compaction watcher
Starting compaction watcher
Starting compaction watcher
Starting compaction watcher
Starting compaction watcher
Starting compaction watcher
Starting compaction watcher
Starting compaction watcher
Starting compaction watcher
Starting compaction watcher
Starting compaction watcher
Starting compaction watcher
Starting compaction watcher
Starting compaction watcher
2026-04-29 18:30:54:215 - NewTail completed: 
Starting compaction watcher
2026-04-29 18:30:54:216 - NewTail completed: 
2026-04-29 18:30:54:216 - NewTail completed: 
2026-04-29 18:30:54:216 - NewTail completed: 
2026-04-29 18:30:54:217 - NewTail completed: 
Starting compaction watcher
2026-04-29 18:30:54:218 - NewTail completed: 
2026-04-29 18:30:54:219 - NewTail completed: 
2026-04-29 18:30:54:219 - NewTail completed: 
2026-04-29 18:30:54:219 - NewTail completed: 
2026-04-29 18:30:54:221 - NewTail completed: 
2026-04-29 18:30:54:221 - NewTail completed: 
2026-04-29 18:30:54:221 - NewTail completed: 
2026-04-29 18:30:54:257 - NewTail completed: 
2026-04-29 18:30:54:258 - NewTail completed: 
Starting compaction watcher
2026-04-29 18:30:54:258 - NewTail completed: 
2026-04-29 18:30:54:259 - NewTail completed: 
2026-04-29 18:30:54:259 - NewTail completed: 
2026-04-29 18:30:54:260 - NewTail completed: 
2026-04-29 18:30:54:260 - NewTail completed: 
2026-04-29 18:30:54:261 - NewTail completed: 
2026-04-29 18:30:54:261 - NewTail completed: 
2026-04-29 18:30:54:261 - NewTail completed: 
2026-04-29 18:30:54:261 - NewTail completed: 
2026-04-29 18:30:54:261 - NewTail completed: 
2026-04-29 18:30:54:261 - NewTail completed: 
2026-04-29 18:30:54:261 - NewTail completed: 
2026-04-29 18:30:55:009 - NewTail completed: 
2026-04-29 18:30:55:016 - NewTail completed: 
2026-04-29 18:30:55:810 - NewTail completed: 
2026-04-29 18:30:55:810 - NewTail completed: 
2026-04-29 18:30:55:810 - Compaction started: 
139930417288768:Compacting datalog/1 datalog/2 into:sstable1/3afb3da7-301b-47ec-81e5-d6855c442b3c202604291230541777487456003471098.sst
2026-04-29 18:30:56:474 - Compaction completed: 
2026-04-29 18:30:56:611 - NewTail completed: 
2026-04-29 18:30:56:611 - NewTail completed: 
2026-04-29 18:30:57:365 - NewTail completed: 
2026-04-29 18:30:57:412 - Compaction started: 
139929388557888:Compacting datalog/3 datalog/4 into:sstable1/4bef1553-32a8-45f6-8de7-cf458476e7a2202604291230541777487457599222226.sst
2026-04-29 18:30:58:084 - Compaction completed: 
2026-04-29 18:30:58:166 - NewTail completed: 
2026-04-29 18:30:58:966 - NewTail completed: 
2026-04-29 18:30:59:015 - Compaction started: 
139928474211904:Compacting datalog/5 datalog/6 into:sstable1/0aac7e51-8b1a-4a49-8a2e-1e8d236243d3202604291230541777487459192281419.sst
2026-04-29 18:30:59:662 - Compaction completed: 
2026-04-29 18:30:59:726 - NewTail completed: 
2026-04-29 18:31:00:515 - NewTail completed: 
2026-04-29 18:31:00:516 - NewTail completed: 
2026-04-29 18:31:00:518 - Compaction started: 
139926737774144:Compacting datalog/7 datalog/8 into:sstable1/b164e0eb-7693-484f-a165-c2f6e2d9db94202604291230541777487460710559503.sst
2026-04-29 18:31:01:162 - Compaction completed: 
2026-04-29 18:31:01:169 - Compaction started: 
2026-04-29 18:31:01:575 - NewTail completed: 
2026-04-29 18:31:02:417 - NewTail completed: 
2026-04-29 18:31:02:417 - NewTail completed: 
2026-04-29 18:31:02:421 - Compaction started: 
139924162459200:Compacting sstable1/3afb3da7-301b-47ec-81e5-d6855c442b3c202604291230541777487456003471098.sst sstable1/4bef1553-32a8-45f6-8de7-cf458476e7a2202604291230541777487457599222226.sst into:sstable2/77a94825-33fb-4370-9461-4f7536c58574202604291230541777487462015481032.sst
2026-04-29 18:31:03:030 - Compaction completed: 
139927694018112:Compacting datalog/9 datalog/10 into:sstable1/c8893dd6-54d9-4456-afab-0d20c601e048202604291230541777487462613265578.sst
2026-04-29 18:31:03:113 - Compaction completed: 
2026-04-29 18:31:03:171 - NewTail completed: 
2026-04-29 18:31:03:932 - NewTail completed: 
2026-04-29 18:31:03:985 - Compaction started: 
139924556719680:Compacting datalog/11 datalog/12 into:sstable1/ff78a388-cc2c-49a2-a979-0629c7cedc03202604291230541777487464160328157.sst
2026-04-29 18:31:04:612 - Compaction completed: 
2026-04-29 18:31:04:624 - Compaction started: 
2026-04-29 18:31:04:722 - NewTail completed: 
2026-04-29 18:31:05:473 - NewTail completed: 
2026-04-29 18:31:05:526 - Compaction started: 
139929765803584:Compacting datalog/13 datalog/14 into:sstable1/f35ab202-82bc-416d-9ef8-18ca3445c351202604291230541777487465706811031.sst
2026-04-29 18:31:06:150 - Compaction completed: 
139926880384576:Compacting sstable1/0aac7e51-8b1a-4a49-8a2e-1e8d236243d3202604291230541777487459192281419.sst sstable1/b164e0eb-7693-484f-a165-c2f6e2d9db94202604291230541777487460710559503.sst into:sstable2/f2d8cf85-1abf-48bb-8a75-f1ca58e1cb49202604291230541777487465445442733.sst
2026-04-29 18:31:06:436 - Compaction completed: 
2026-04-29 18:31:06:523 - NewTail completed: 
2026-04-29 18:31:06:525 - NewTail completed: 
2026-04-29 18:31:07:480 - NewTail completed: 
2026-04-29 18:31:07:528 - Compaction started: 
139929388557888:Compacting datalog/15 datalog/16 into:sstable1/4bef1553-32a8-45f6-8de7-cf458476e7a2202604291230541777487467643688445.sst
2026-04-29 18:31:08:089 - Compaction completed: 
2026-04-29 18:31:08:132 - Compaction started: 
2026-04-29 18:31:08:276 - NewTail completed: 
2026-04-29 18:31:09:032 - NewTail completed: 
2026-04-29 18:31:09:033 - NewTail completed: 
2026-04-29 18:31:09:034 - Compaction started: 
2026-04-29 18:31:09:032 - NewTail completed: 
139925940860480:Compacting datalog/17 datalog/18 into:sstable1/657c25ba-6f96-4975-ae69-aa2750c1b6a1202604291230541777487469214647782.sst
2026-04-29 18:31:09:685 - Compaction completed: 
2026-04-29 18:31:09:825 - NewTail completed: 
2026-04-29 18:31:09:826 - NewTail completed: 
139930417288768:Compacting sstable1/c8893dd6-54d9-4456-afab-0d20c601e048202604291230541777487462613265578.sst sstable1/ff78a388-cc2c-49a2-a979-0629c7cedc03202604291230541777487464160328157.sst into:sstable2/3afb3da7-301b-47ec-81e5-d6855c442b3c202604291230541777487468906308563.sst
2026-04-29 18:31:09:916 - Compaction completed: 
2026-04-29 18:31:10:579 - NewTail completed: 
2026-04-29 18:31:10:635 - Compaction started: 
139927694018112:Compacting datalog/19 datalog/20 into:sstable1/c8893dd6-54d9-4456-afab-0d20c601e048202604291230541777487470759987325.sst
2026-04-29 18:31:11:203 - Compaction completed: 
2026-04-29 18:31:11:237 - Compaction started: 
2026-04-29 18:31:11:881 - NewTail completed: 
139928474211904:Compacting sstable1/f35ab202-82bc-416d-9ef8-18ca3445c351202604291230541777487465706811031.sst sstable1/4bef1553-32a8-45f6-8de7-cf458476e7a2202604291230541777487467643688445.sst into:sstable2/0aac7e51-8b1a-4a49-8a2e-1e8d236243d3202604291230541777487471938656301.sst
2026-04-29 18:31:12:864 - Compaction completed: 
2026-04-29 18:31:13:281 - NewTail completed: 
2026-04-29 18:31:13:340 - Compaction started: 
139929388557888:Compacting datalog/21 datalog/22 into:sstable1/4bef1553-32a8-45f6-8de7-cf458476e7a2202604291230541777487473461638392.sst
2026-04-29 18:31:13:916 - Compaction completed: 
2026-04-29 18:31:14:082 - NewTail completed: 
2026-04-29 18:31:14:845 - NewTail completed: 
2026-04-29 18:31:14:898 - Compaction started: 
139925932467776:Compacting datalog/23 datalog/24 into:sstable1/961a0076-0724-40b6-b3c2-012eea165107202604291230541777487475081450819.sst
2026-04-29 18:31:15:539 - Compaction completed: 
2026-04-29 18:31:15:546 - Compaction started: 
2026-04-29 18:31:15:633 - NewTail completed: 
2026-04-29 18:31:15:633 - NewTail completed: 
2026-04-29 18:31:16:738 - NewTail completed: 
2026-04-29 18:31:16:750 - Compaction started: 
139929388557888:Compacting sstable1/657c25ba-6f96-4975-ae69-aa2750c1b6a1202604291230541777487469214647782.sst sstable1/c8893dd6-54d9-4456-afab-0d20c601e048202604291230541777487470759987325.sst into:sstable2/4bef1553-32a8-45f6-8de7-cf458476e7a2202604291230541777487476280469215.sst
2026-04-29 18:31:17:243 - Compaction completed: 
139925940860480:Compacting datalog/25 datalog/26 into:sstable1/657c25ba-6f96-4975-ae69-aa2750c1b6a1202604291230541777487476861872338.sst
2026-04-29 18:31:17:308 - Compaction completed: 
2026-04-29 18:31:17:835 - NewTail completed: 
2026-04-29 18:31:17:835 - NewTail completed: 
2026-04-29 18:31:18:545 - NewTail completed: 
2026-04-29 18:31:18:584 - Compaction started: 
139925445920320:Compacting datalog/27 datalog/28 into:sstable1/d617222c-c897-4915-90c5-a8111e83ab77202604291230541777487478761033525.sst
2026-04-29 18:31:19:193 - Compaction completed: 
2026-04-29 18:31:19:256 - Compaction started: 
2026-04-29 18:31:19:337 - NewTail completed: 
2026-04-29 18:31:19:338 - NewTail completed: 
2026-04-29 18:31:20:090 - NewTail completed: 
2026-04-29 18:31:20:159 - Compaction started: 
139930417288768:Compacting datalog/29 datalog/30 into:sstable1/3afb3da7-301b-47ec-81e5-d6855c442b3c202604291230541777487480296836801.sst
2026-04-29 18:31:20:822 - Compaction completed: 
2026-04-29 18:31:20:939 - NewTail completed: 
2026-04-29 18:31:20:945 - NewTail completed: 
139927694018112:Compacting sstable1/4bef1553-32a8-45f6-8de7-cf458476e7a2202604291230541777487473461638392.sst sstable1/961a0076-0724-40b6-b3c2-012eea165107202604291230541777487475081450819.sst into:sstable2/c8893dd6-54d9-4456-afab-0d20c601e048202604291230541777487480031584336.sst
2026-04-29 18:31:21:010 - Compaction completed: 
2026-04-29 18:31:22:142 - NewTail completed: 
2026-04-29 18:31:22:142 - NewTail completed: 
2026-04-29 18:31:22:166 - Compaction started: 
139925940860480:Compacting datalog/31 datalog/32 into:sstable1/657c25ba-6f96-4975-ae69-aa2750c1b6a1202604291230541777487482281343435.sst
2026-04-29 18:31:22:741 - Compaction completed: 
2026-04-29 18:31:22:771 - Compaction started: 
2026-04-29 18:31:23:341 - NewTail completed: 
2026-04-29 18:31:23:342 - NewTail completed: 
139930417288768:Compacting sstable1/657c25ba-6f96-4975-ae69-aa2750c1b6a1202604291230541777487476861872338.sst sstable1/d617222c-c897-4915-90c5-a8111e83ab77202604291230541777487478761033525.sst into:sstable2/3afb3da7-301b-47ec-81e5-d6855c442b3c202604291230541777487483482632377.sst
2026-04-29 18:31:24:419 - Compaction completed: 
[OVERALL], RunTime(ms), 30313
[OVERALL], Throughput(ops/sec), 32989.14657077821
[TOTAL_GCS_PS_Scavenge], Count, 21
[TOTAL_GC_TIME_PS_Scavenge], Time(ms), 51
[TOTAL_GC_TIME_%_PS_Scavenge], Time(%), 0.1682446475109689
[TOTAL_GCS_PS_MarkSweep], Count, 0
[TOTAL_GC_TIME_PS_MarkSweep], Time(ms), 0
[TOTAL_GC_TIME_%_PS_MarkSweep], Time(%), 0.0
[TOTAL_GCs], Count, 21
[TOTAL_GC_TIME], Time(ms), 51
[TOTAL_GC_TIME_%], Time(%), 0.1682446475109689
[CLEANUP], Operations, 32
[CLEANUP], AverageLatency(us), 85006.875
[CLEANUP], MinLatency(us), 12248
[CLEANUP], MaxLatency(us), 699903
[CLEANUP], 95thPercentileLatency(us), 98047
[CLEANUP], 99thPercentileLatency(us), 699903
[INSERT], Operations, 1000000
[INSERT], AverageLatency(us), 942.136213
[INSERT], MinLatency(us), 134
[INSERT], MaxLatency(us), 101695
[INSERT], 95thPercentileLatency(us), 1642
[INSERT], 99thPercentileLatency(us), 2555
[INSERT], Return=OK, 1000000

=== STDERR ===
[WARN]  Running against a source checkout. In order to get our runtime dependencies we'll have to invoke Maven. Depending on the state of your system, this may take ~30-45 seconds
[DEBUG]  Running 'mvn -pl site.ycsb:ozonedb-binding -am package -DskipTests dependency:build-classpath -DincludeScope=compile -Dmdep.outputFilterFile=true'
/usr/lib/jvm/java-8-openjdk-amd64/bin/java -cp /users/Xinying/ozonedb/ycsb/ozonedb/conf:/users/Xinying/ozonedb/ycsb/ozonedb/target/ozonedb-binding-0.18.0-SNAPSHOT.jar:/users/Xinying/.m2/repository/org/apache/htrace/htrace-core4/4.1.0-incubating/htrace-core4-4.1.0-incubating.jar:/users/Xinying/.m2/repository/org/slf4j/slf4j-api/1.7.25/slf4j-api-1.7.25.jar:/users/Xinying/.m2/repository/org/hdrhistogram/HdrHistogram/2.1.12/HdrHistogram-2.1.12.jar:/users/Xinying/.m2/repository/ch/qos/logback/logback-classic/1.2.3/logback-classic-1.2.3.jar:/users/Xinying/.m2/repository/ozonedbjnimaven/demoproc-jni/1.0/demoproc-jni-1.0.jar:/users/Xinying/.m2/repository/ch/qos/logback/logback-core/1.2.3/logback-core-1.2.3.jar:/users/Xinying/.m2/repository/org/codehaus/jackson/jackson-mapper-asl/1.9.4/jackson-mapper-asl-1.9.4.jar:/users/Xinying/.m2/repository/org/slf4j/slf4j-simple/1.7.25/slf4j-simple-1.7.25.jar:/users/Xinying/.m2/repository/org/codehaus/jackson/jackson-core-asl/1.9.4/jackson-core-asl-1.9.4.jar:/users/Xinying/ozonedb/ycsb/core/target/core-0.18.0-SNAPSHOT.jar site.ycsb.Client -db site.ycsb.db.OzoneDBClient -threads 32 -s -P /users/Xinying/ozonedb/ycsb/workloads/generated_workloads/workloada_1KB_1000000_1000000 -p status.interval=1 -p shared_config=/users/Xinying/ozonedb/src/config/local/shared_config_rocksdb.json -load
Command line: -db site.ycsb.db.OzoneDBClient -threads 32 -s -P /users/Xinying/ozonedb/ycsb/workloads/generated_workloads/workloada_1KB_1000000_1000000 -p status.interval=1 -p shared_config=/users/Xinying/ozonedb/src/config/local/shared_config_rocksdb.json -load
YCSB Client 0.18.0-SNAPSHOT

Loading workload...
Starting test.
SLF4J: Class path contains multiple SLF4J bindings.
SLF4J: Found binding in [jar:file:/users/Xinying/.m2/repository/ch/qos/logback/logback-classic/1.2.3/logback-classic-1.2.3.jar!/org/slf4j/impl/StaticLoggerBinder.class]
SLF4J: Found binding in [jar:file:/users/Xinying/.m2/repository/org/slf4j/slf4j-simple/1.7.25/slf4j-simple-1.7.25.jar!/org/slf4j/impl/StaticLoggerBinder.class]
SLF4J: See http://www.slf4j.org/codes.html#multiple_bindings for an explanation.
SLF4J: Actual binding is of type [ch.qos.logback.classic.util.ContextSelectorStaticBinder]
2026-04-29 18:30:54:119 0 sec: 0 operations; est completion in 0 second 
Directory already created.Directory already created.Directory already created.Directory already created.Directory already created.Directory already created.
Directory already created.Directory already created.Directory already created.
Directory already created.Directory already created.
Directory already created.
Directory already created.
Directory already created.
Directory already created.
Directory already created.
Directory already created.
Directory already created.

Directory already created.
Directory already created.
Directory already created.

Directory already created.

Directory already created.
Directory already created.
Directory already created.
Directory already created.

Directory already created.
Directory already created.

Directory already created.

Directory already created.

Directory already created.

DBWrapper: report latency for each error is false and specific error codes to track for latency are: []
2026-04-29 18:30:55:119 1 sec: 33074 operations; 33040.96 current ops/sec; est completion in 30 seconds [INSERT: Count=33200, Max=64319, Min=148, Avg=862.45, 90=1085, 99=1898, 99.9=46879, 99.99=63871] 
2026-04-29 18:30:56:118 2 sec: 70610 operations; 37573.57 current ops/sec; est completion in 27 seconds [INSERT: Count=37420, Max=53727, Min=179, Avg=848.29, 90=1182, 99=1798, 99.9=10863, 99.99=13815] 
2026-04-29 18:30:57:118 3 sec: 109006 operations; 38396 current ops/sec; est completion in 25 seconds [INSERT: Count=38410, Max=58271, Min=148, Avg=829.31, 90=1088, 99=1685, 99.9=5999, 99.99=58175] 
2026-04-29 18:30:58:118 4 sec: 146856 operations; 37850 current ops/sec; est completion in 24 seconds [INSERT: Count=37841, Max=63423, Min=134, Avg=842.97, 90=1102, 99=1736, 99.9=11679, 99.99=59711] 
2026-04-29 18:30:59:118 5 sec: 183215 operations; 36359 current ops/sec; est completion in 23 seconds [INSERT: Count=36360, Max=63423, Min=137, Avg=877.69, 90=1075, 99=1773, 99.9=52319, 99.99=62591] 
2026-04-29 18:31:00:118 6 sec: 221149 operations; 37934 current ops/sec; est completion in 22 seconds [INSERT: Count=37925, Max=99071, Min=137, Avg=841.17, 90=1086, 99=1732, 99.9=11079, 99.99=96767] 
2026-04-29 18:31:01:118 7 sec: 252770 operations; 31621 current ops/sec; est completion in 21 seconds [INSERT: Count=31622, Max=53151, Min=144, Avg=1009.55, 90=1423, 99=2471, 99.9=33983, 99.99=39263] 
2026-04-29 18:31:02:119 8 sec: 283999 operations; 31229 current ops/sec; est completion in 21 seconds [INSERT: Count=31223, Max=63583, Min=177, Avg=1022.28, 90=1472, 99=2117, 99.9=12783, 99.99=59103] 
2026-04-29 18:31:03:118 9 sec: 322389 operations; 38390 current ops/sec; est completion in 19 seconds [INSERT: Count=38404, Max=68479, Min=172, Avg=831.12, 90=1100, 99=1721, 99.9=4947, 99.99=67199] 
2026-04-29 18:31:04:118 10 sec: 358194 operations; 35805 current ops/sec; est completion in 18 seconds [INSERT: Count=35817, Max=98239, Min=141, Avg=891.09, 90=1073, 99=1685, 99.9=57535, 99.99=95743] 
2026-04-29 18:31:05:118 11 sec: 397177 operations; 38983 current ops/sec; est completion in 17 seconds [INSERT: Count=38984, Max=94079, Min=155, Avg=818.58, 90=1097, 99=1720, 99.9=6171, 99.99=15895] 
2026-04-29 18:31:06:118 12 sec: 428961 operations; 31784 current ops/sec; est completion in 16 seconds [INSERT: Count=31780, Max=64351, Min=141, Avg=1004.26, 90=1397, 99=2123, 99.9=35775, 99.99=60703] 
2026-04-29 18:31:07:118 13 sec: 456905 operations; 27944 current ops/sec; est completion in 16 seconds [INSERT: Count=27930, Max=53183, Min=296, Avg=1143, 90=1586, 99=2051, 99.9=8519, 99.99=17087] 
2026-04-29 18:31:08:119 14 sec: 492665 operations; 35760 current ops/sec; est completion in 15 seconds [INSERT: Count=35753, Max=63615, Min=140, Avg=892.72, 90=1200, 99=1855, 99.9=12007, 99.99=58719] 
2026-04-29 18:31:09:118 15 sec: 530129 operations; 37464 current ops/sec; est completion in 14 seconds [INSERT: Count=37479, Max=63327, Min=143, Avg=803.39, 90=1063, 99=1695, 99.9=12663, 99.99=59519] 
2026-04-29 18:31:10:118 16 sec: 569353 operations; 39224 current ops/sec; est completion in 13 seconds [INSERT: Count=39224, Max=100159, Min=161, Avg=859.56, 90=1121, 99=1786, 99.9=11287, 99.99=99647] 
2026-04-29 18:31:11:118 17 sec: 601183 operations; 31830 current ops/sec; est completion in 12 seconds [INSERT: Count=31841, Max=64159, Min=144, Avg=1002.72, 90=1431, 99=2633, 99.9=38559, 99.99=59839] 
2026-04-29 18:31:12:118 18 sec: 621016 operations; 19833 current ops/sec; est completion in 11 seconds [INSERT: Count=19803, Max=64735, Min=276, Avg=1611.75, 90=2421, 99=3257, 99.9=52863, 99.99=64735] 
2026-04-29 18:31:13:118 19 sec: 642193 operations; 21177 current ops/sec; est completion in 11 seconds [INSERT: Count=21185, Max=11551, Min=359, Avg=1509.42, 90=2443, 99=3203, 99.9=3805, 99.99=10447] 
2026-04-29 18:31:14:118 20 sec: 676658 operations; 34465 current ops/sec; est completion in 10 seconds [INSERT: Count=34457, Max=65119, Min=135, Avg=894.56, 90=1188, 99=2253, 99.9=12255, 99.99=60959] 
2026-04-29 18:31:15:118 21 sec: 713926 operations; 37268 current ops/sec; est completion in 9 second [INSERT: Count=37286, Max=98943, Min=143, Avg=885.37, 90=1073, 99=1702, 99.9=59647, 99.99=96831] 
2026-04-29 18:31:16:118 22 sec: 749757 operations; 35831 current ops/sec; est completion in 8 second [INSERT: Count=35813, Max=50847, Min=158, Avg=890.92, 90=1219, 99=2395, 99.9=33311, 99.99=40255] 
2026-04-29 18:31:17:118 23 sec: 771020 operations; 21263 current ops/sec; est completion in 7 second [INSERT: Count=21271, Max=101695, Min=357, Avg=1502.15, 90=2325, 99=4795, 99.9=11871, 99.99=94783] 
2026-04-29 18:31:18:118 24 sec: 803714 operations; 32694 current ops/sec; est completion in 6 second [INSERT: Count=32714, Max=51839, Min=183, Avg=976.07, 90=1474, 99=2419, 99.9=7907, 99.99=14271] 
2026-04-29 18:31:19:118 25 sec: 842464 operations; 38750 current ops/sec; est completion in 5 second [INSERT: Count=38753, Max=100735, Min=155, Avg=823.38, 90=1066, 99=1682, 99.9=9775, 99.99=98751] 
2026-04-29 18:31:20:118 26 sec: 880237 operations; 37773 current ops/sec; est completion in 4 second [INSERT: Count=37742, Max=49087, Min=160, Avg=821.85, 90=1092, 99=1723, 99.9=5615, 99.99=15151] 
2026-04-29 18:31:21:118 27 sec: 917167 operations; 36930 current ops/sec; est completion in 3 second [CLEANUP: Count=1, Max=22527, Min=22512, Avg=22520, 90=22527, 99=22527, 99.9=22527, 99.99=22527] [INSERT: Count=36930, Max=70719, Min=156, Avg=851.69, 90=1121, 99=1940, 99.9=12639, 99.99=63391] 
2026-04-29 18:31:22:118 28 sec: 940597 operations; 23430 current ops/sec; est completion in 2 second [CLEANUP: Count=0, Max=0, Min=0, Avg=0, 90=0, 99=0, 99.9=0, 99.99=0] [INSERT: Count=23432, Max=36383, Min=348, Avg=1349.42, 90=1981, 99=3605, 99.9=35391, 99.99=36351] 
2026-04-29 18:31:23:118 29 sec: 964302 operations; 23705 current ops/sec; est completion in 2 second [CLEANUP: Count=0, Max=0, Min=0, Avg=0, 90=0, 99=0, 99.9=0, 99.99=0] [INSERT: Count=23737, Max=33247, Min=337, Avg=1304.22, 90=1687, 99=5683, 99.9=31679, 99.99=33247] 
2026-04-29 18:31:24:118 30 sec: 1000000 operations; 35698 current ops/sec; [CLEANUP: Count=28, Max=98047, Min=12248, Avg=65503, 90=93759, 99=98047, 99.9=98047, 99.99=98047] [INSERT: Count=35664, Max=14007, Min=141, Avg=634.16, 90=920, 99=1443, 99.9=5755, 99.99=13087] 
2026-04-29 18:31:24:431 30 sec: 1000000 operations; 0 current ops/sec; [CLEANUP: Count=3, Max=699903, Min=74048, Avg=287872, 90=699903, 99=699903, 99.9=699903, 99.99=699903] [INSERT: Count=0, Max=0, Min=0, Avg=0, 90=0, 99=0, 99.9=0, 99.99=0] 
	Command being timed: "/users/Xinying/ozonedb/ycsb/bin/ycsb load ozonedb -threads 32 -s -P /users/Xinying/ozonedb/ycsb/workloads/generated_workloads/workloada_1KB_1000000_1000000 -p status.interval=1 -p shared_config=/users/Xinying/ozonedb/src/config/local/shared_config_rocksdb.json"
	User time (seconds): 52.65
	System time (seconds): 471.24
	Percent of CPU this job got: 1448%
	Elapsed (wall clock) time (h:mm:ss or m:ss): 0:36.16
	Average shared text size (kbytes): 0
	Average unshared data size (kbytes): 0
	Average stack size (kbytes): 0
	Average total size (kbytes): 0
	Maximum resident set size (kbytes): 2291488
	Average resident set size (kbytes): 0
	Major (requiring I/O) page faults: 758
	Minor (reclaiming a frame) page faults: 1089077
	Voluntary context switches: 7122076
	Involuntary context switches: 26425
	Swaps: 0
	File system inputs: 5657824
	File system outputs: 6494202
	Socket messages sent: 0
	Socket messages received: 0
	Signals delivered: 0
	Page size (bytes): 4096
	Exit status: 0
