# CMD: /usr/bin/time -v /users/Xinying/YCSB-cpp/ycsb -db sqlite -run -P /users/Xinying/YCSB-cpp/workloads/workloada_hctree -P /users/Xinying/YCSB-cpp/sqlite/sqlite-bcw.properties -p sqlite.dbpath=/tank/ycsb_data/bcw2_ycsb/bcw_ycsb.db -p threadcount=1 -p recordcount=1000000 -p maxexecutiontime=120
# devices=['sda6'] sectors_before=4834696840 sectors_after=4850382184
# elapsed_s=131.25 returncode=0

=== STDOUT ===
[Thread 139775210620480] SqliteDB::Init at 2026-04-28 10:07:51
Opening database with URL: file:///tank/ycsb_data/bcw2_ycsb/bcw_ycsb.db?vfs=unix-excl
PRAGMA journal_mode: wal2
PRAGMA mmap_size: 0
PRAGMA page_size: 4096
PRAGMA cache_size: -131072
PRAGMA synchronous: 2
[HCTree] busy_snapshot aborts (discarded, not retried): 0
[Thread 139775210620480] SqliteDB::Cleanup (last) at 2026-04-28 10:10:02
Run runtime(sec): 131.142
Run operations(ops): 967721
Run throughput(ops/sec): 7379.18

=== STDERR ===
	Command being timed: "/users/Xinying/YCSB-cpp/ycsb -db sqlite -run -P /users/Xinying/YCSB-cpp/workloads/workloada_hctree -P /users/Xinying/YCSB-cpp/sqlite/sqlite-bcw.properties -p sqlite.dbpath=/tank/ycsb_data/bcw2_ycsb/bcw_ycsb.db -p threadcount=1 -p recordcount=1000000 -p maxexecutiontime=120"
	User time (seconds): 16.81
	System time (seconds): 76.57
	Percent of CPU this job got: 71%
	Elapsed (wall clock) time (h:mm:ss or m:ss): 2:11.24
	Average shared text size (kbytes): 0
	Average unshared data size (kbytes): 0
	Average stack size (kbytes): 0
	Average total size (kbytes): 0
	Maximum resident set size (kbytes): 159728
	Average resident set size (kbytes): 0
	Major (requiring I/O) page faults: 138
	Minor (reclaiming a frame) page faults: 37340
	Voluntary context switches: 1450393
	Involuntary context switches: 186
	Swaps: 0
	File system inputs: 10703544
	File system outputs: 5456502
	Socket messages sent: 0
	Socket messages received: 0
	Signals delivered: 0
	Page size (bytes): 4096
	Exit status: 0
