# CMD: /usr/bin/time -v /users/Xinying/YCSB-cpp/ycsb -db sqlite -load -P /users/Xinying/YCSB-cpp/workloads/workloada_hctree -P /users/Xinying/YCSB-cpp/sqlite/hctree.properties -p sqlite.dbpath=/dev/shm/ycsb_tmpfs_load/hctree.db -p threadcount=1 -p recordcount=1000000 -p operationcount=1000000
# tmpfs work_path=/dev/shm/ycsb_tmpfs_load/hctree.db  rc=0  elapsed_s=18.51
# sda6 sectors_before=5443056576 sectors_after=5443056576 (should be ≈0 delta on tmpfs)

=== STDOUT ===
[Thread 140350043203136] SqliteDB::Init at 2026-04-28 14:07:50
Opening database with URL: file:///dev/shm/ycsb_tmpfs_load/hctree.db?hctree=1&vfs=unix-excl
PRAGMA journal_mode: delete
PRAGMA page_size: 4096
PRAGMA cache_size: -131072
PRAGMA synchronous: 2
[HCTree] busy_snapshot aborts (discarded, not retried): 0
[Thread 140350043203136] SqliteDB::Cleanup (last) at 2026-04-28 14:08:09
Load runtime(sec): 18.496
Load operations(ops): 1000000
Load throughput(ops/sec): 54065.8

=== STDERR ===
	Command being timed: "/users/Xinying/YCSB-cpp/ycsb -db sqlite -load -P /users/Xinying/YCSB-cpp/workloads/workloada_hctree -P /users/Xinying/YCSB-cpp/sqlite/hctree.properties -p sqlite.dbpath=/dev/shm/ycsb_tmpfs_load/hctree.db -p threadcount=1 -p recordcount=1000000 -p operationcount=1000000"
	User time (seconds): 13.14
	System time (seconds): 5.36
	Percent of CPU this job got: 99%
	Elapsed (wall clock) time (h:mm:ss or m:ss): 0:18.50
	Average shared text size (kbytes): 0
	Average unshared data size (kbytes): 0
	Average stack size (kbytes): 0
	Average total size (kbytes): 0
	Maximum resident set size (kbytes): 1402752
	Average resident set size (kbytes): 0
	Major (requiring I/O) page faults: 346624
	Minor (reclaiming a frame) page faults: 2060
	Voluntary context switches: 5
	Involuntary context switches: 32
	Swaps: 0
	File system inputs: 8
	File system outputs: 0
	Socket messages sent: 0
	Socket messages received: 0
	Signals delivered: 0
	Page size (bytes): 4096
	Exit status: 0
