# CMD: /usr/bin/time -v /users/Xinying/ozonedb/ycsb/bin/ycsb load ozonedb -threads 1 -s -P /users/Xinying/ozonedb/ycsb/workloads/generated_workloads/workloada_1KB_1000000_1000000 -p status.interval=1 -p shared_config=/users/Xinying/ozonedb/src/config/local/shared_config_rocksdb.json
# devices=['sda6'] sectors_before=5765255008 sectors_after=5790683112
# elapsed_s=165.90 returncode=0

=== STDOUT ===
Starting compaction watcher
2026-04-28 23:58:00:791 - NewTail completed: 
2026-04-28 23:58:05:093 - NewTail completed: 
2026-04-28 23:58:09:197 - NewTail completed: 
2026-04-28 23:58:09:198 - Compaction started: 
139687662429760:Compacting datalog/1 datalog/2 into:sstable1/8a559bee-a6a6-4a8c-a83e-361c80abffe2202604281758001777420689357096199.sst:sstable1/8a559bee-a6a6-4a8c-a83e-361c80abffe2202604281758001777420689713072039.sst
2026-04-28 23:58:09:741 - Compaction completed: 
2026-04-28 23:58:13:501 - NewTail completed: 
2026-04-28 23:58:17:704 - NewTail completed: 
2026-04-28 23:58:17:729 - Compaction started: 
139687662429760:Compacting datalog/3 datalog/4 into:sstable1/8a559bee-a6a6-4a8c-a83e-361c80abffe2202604281758001777420697837416944.sst:sstable1/8a559bee-a6a6-4a8c-a83e-361c80abffe2202604281758001777420698191686656.sst
2026-04-28 23:58:18:227 - Compaction completed: 
2026-04-28 23:58:18:235 - Compaction started: 
139687662429760:Compacting sstable1/8a559bee-a6a6-4a8c-a83e-361c80abffe2202604281758001777420689357096199.sst sstable1/8a559bee-a6a6-4a8c-a83e-361c80abffe2202604281758001777420689713072039.sst into:sstable2/8a559bee-a6a6-4a8c-a83e-361c80abffe2202604281758001777420698510578260.sst:sstable2/8a559bee-a6a6-4a8c-a83e-361c80abffe2202604281758001777420698869728077.sst
2026-04-28 23:58:18:908 - Compaction completed: 
2026-04-28 23:58:22:009 - NewTail completed: 
2026-04-28 23:58:26:112 - NewTail completed: 
2026-04-28 23:58:26:146 - Compaction started: 
139687662429760:Compacting datalog/5 datalog/6 into:sstable1/8a559bee-a6a6-4a8c-a83e-361c80abffe2202604281758001777420706259522914.sst:sstable1/8a559bee-a6a6-4a8c-a83e-361c80abffe2202604281758001777420706613808697.sst
2026-04-28 23:58:26:647 - Compaction completed: 
2026-04-28 23:58:26:767 - Compaction started: 
139687662429760:Compacting sstable1/8a559bee-a6a6-4a8c-a83e-361c80abffe2202604281758001777420697837416944.sst sstable1/8a559bee-a6a6-4a8c-a83e-361c80abffe2202604281758001777420698191686656.sst into:sstable2/8a559bee-a6a6-4a8c-a83e-361c80abffe2202604281758001777420707053881724.sst:sstable2/8a559bee-a6a6-4a8c-a83e-361c80abffe2202604281758001777420707416646384.sst
2026-04-28 23:58:27:459 - Compaction completed: 
2026-04-28 23:58:27:571 - Compaction started: 
139687662429760:Compacting sstable2/8a559bee-a6a6-4a8c-a83e-361c80abffe2202604281758001777420698510578260.sst sstable2/8a559bee-a6a6-4a8c-a83e-361c80abffe2202604281758001777420698869728077.sst into:sstable3/8a559bee-a6a6-4a8c-a83e-361c80abffe2202604281758001777420707861820519.sst:sstable3/8a559bee-a6a6-4a8c-a83e-361c80abffe2202604281758001777420708225358888.sst
2026-04-28 23:58:28:271 - Compaction completed: 
2026-04-28 23:58:30:117 - NewTail completed: 
2026-04-28 23:58:34:523 - NewTail completed: 
2026-04-28 23:58:34:583 - Compaction started: 
139687662429760:Compacting datalog/7 datalog/8 into:sstable1/8a559bee-a6a6-4a8c-a83e-361c80abffe2202604281758001777420714704938587.sst:sstable1/8a559bee-a6a6-4a8c-a83e-361c80abffe2202604281758001777420715066163562.sst
2026-04-28 23:58:35:108 - Compaction completed: 
2026-04-28 23:58:35:131 - Compaction started: 
139687662429760:Compacting sstable1/8a559bee-a6a6-4a8c-a83e-361c80abffe2202604281758001777420706259522914.sst sstable1/8a559bee-a6a6-4a8c-a83e-361c80abffe2202604281758001777420706613808697.sst into:sstable2/8a559bee-a6a6-4a8c-a83e-361c80abffe2202604281758001777420715436159201.sst:sstable2/8a559bee-a6a6-4a8c-a83e-361c80abffe2202604281758001777420715807491114.sst
2026-04-28 23:58:35:858 - Compaction completed: 
2026-04-28 23:58:35:863 - Compaction started: 
139687662429760:Compacting sstable2/8a559bee-a6a6-4a8c-a83e-361c80abffe2202604281758001777420707053881724.sst sstable2/8a559bee-a6a6-4a8c-a83e-361c80abffe2202604281758001777420707416646384.sst into:sstable3/8a559bee-a6a6-4a8c-a83e-361c80abffe2202604281758001777420716168128749.sst:sstable3/8a559bee-a6a6-4a8c-a83e-361c80abffe2202604281758001777420716538428858.sst
2026-04-28 23:58:36:588 - Compaction completed: 
2026-04-28 23:58:36:694 - Compaction started: 
139687662429760:Compacting sstable3/8a559bee-a6a6-4a8c-a83e-361c80abffe2202604281758001777420707861820519.sst sstable3/8a559bee-a6a6-4a8c-a83e-361c80abffe2202604281758001777420708225358888.sst into:sstable4/8a559bee-a6a6-4a8c-a83e-361c80abffe2202604281758001777420717002118426.sst:sstable4/8a559bee-a6a6-4a8c-a83e-361c80abffe2202604281758001777420717372457899.sst
2026-04-28 23:58:37:423 - Compaction completed: 
2026-04-28 23:58:38:829 - NewTail completed: 
2026-04-28 23:58:43:235 - NewTail completed: 
2026-04-28 23:58:43:335 - Compaction started: 
139687662429760:Compacting datalog/9 datalog/10 into:sstable1/8a559bee-a6a6-4a8c-a83e-361c80abffe2202604281758001777420723469138798.sst:sstable1/8a559bee-a6a6-4a8c-a83e-361c80abffe2202604281758001777420723831449848.sst
2026-04-28 23:58:43:892 - Compaction completed: 
2026-04-28 23:58:43:937 - Compaction started: 
139687662429760:Compacting sstable1/8a559bee-a6a6-4a8c-a83e-361c80abffe2202604281758001777420714704938587.sst sstable1/8a559bee-a6a6-4a8c-a83e-361c80abffe2202604281758001777420715066163562.sst into:sstable2/8a559bee-a6a6-4a8c-a83e-361c80abffe2202604281758001777420724253264673.sst:sstable2/8a559bee-a6a6-4a8c-a83e-361c80abffe2202604281758001777420724624381182.sst
2026-04-28 23:58:44:680 - Compaction completed: 
2026-04-28 23:58:44:742 - Compaction started: 
139687662429760:Compacting sstable2/8a559bee-a6a6-4a8c-a83e-361c80abffe2202604281758001777420715436159201.sst sstable2/8a559bee-a6a6-4a8c-a83e-361c80abffe2202604281758001777420715807491114.sst into:sstable3/8a559bee-a6a6-4a8c-a83e-361c80abffe2202604281758001777420725063216089.sst:sstable3/8a559bee-a6a6-4a8c-a83e-361c80abffe2202604281758001777420725434440510.sst
2026-04-28 23:58:45:490 - Compaction completed: 
2026-04-28 23:58:45:566 - Compaction started: 
139687662429760:Compacting sstable3/8a559bee-a6a6-4a8c-a83e-361c80abffe2202604281758001777420716168128749.sst sstable3/8a559bee-a6a6-4a8c-a83e-361c80abffe2202604281758001777420716538428858.sst into:sstable4/8a559bee-a6a6-4a8c-a83e-361c80abffe2202604281758001777420725895082797.sst:sstable4/8a559bee-a6a6-4a8c-a83e-361c80abffe2202604281758001777420726274290077.sst
2026-04-28 23:58:46:328 - Compaction completed: 
2026-04-28 23:58:46:372 - Compaction started: 
139687662429760:Compacting sstable4/8a559bee-a6a6-4a8c-a83e-361c80abffe2202604281758001777420717002118426.sst sstable4/8a559bee-a6a6-4a8c-a83e-361c80abffe2202604281758001777420717372457899.sst into:sstable5/8a559bee-a6a6-4a8c-a83e-361c80abffe2202604281758001777420726697314989.sst:sstable5/8a559bee-a6a6-4a8c-a83e-361c80abffe2202604281758001777420727073327342.sst
2026-04-28 23:58:47:126 - Compaction completed: 
2026-04-28 23:58:47:743 - NewTail completed: 
2026-04-28 23:58:52:148 - NewTail completed: 
2026-04-28 23:58:52:182 - Compaction started: 
139687662429760:Compacting datalog/11 datalog/12 into:sstable1/8a559bee-a6a6-4a8c-a83e-361c80abffe2202604281758001777420732324338886.sst:sstable1/8a559bee-a6a6-4a8c-a83e-361c80abffe2202604281758001777420732688103570.sst
2026-04-28 23:58:52:750 - Compaction completed: 
2026-04-28 23:58:52:785 - Compaction started: 
139687662429760:Compacting sstable1/8a559bee-a6a6-4a8c-a83e-361c80abffe2202604281758001777420723469138798.sst sstable1/8a559bee-a6a6-4a8c-a83e-361c80abffe2202604281758001777420723831449848.sst into:sstable2/8a559bee-a6a6-4a8c-a83e-361c80abffe2202604281758001777420733119656912.sst:sstable2/8a559bee-a6a6-4a8c-a83e-361c80abffe2202604281758001777420733496947008.sst
2026-04-28 23:58:53:557 - Compaction completed: 
2026-04-28 23:58:53:590 - Compaction started: 
139687662429760:Compacting sstable2/8a559bee-a6a6-4a8c-a83e-361c80abffe2202604281758001777420724253264673.sst sstable2/8a559bee-a6a6-4a8c-a83e-361c80abffe2202604281758001777420724624381182.sst into:sstable3/8a559bee-a6a6-4a8c-a83e-361c80abffe2202604281758001777420733925794481.sst:sstable3/8a559bee-a6a6-4a8c-a83e-361c80abffe2202604281758001777420734302246758.sst
2026-04-28 23:58:54:360 - Compaction completed: 
2026-04-28 23:58:54:394 - Compaction started: 
139687662429760:Compacting sstable3/8a559bee-a6a6-4a8c-a83e-361c80abffe2202604281758001777420725063216089.sst sstable3/8a559bee-a6a6-4a8c-a83e-361c80abffe2202604281758001777420725434440510.sst into:sstable4/8a559bee-a6a6-4a8c-a83e-361c80abffe2202604281758001777420734731135226.sst:sstable4/8a559bee-a6a6-4a8c-a83e-361c80abffe2202604281758001777420735124178230.sst
2026-04-28 23:58:55:182 - Compaction completed: 
2026-04-28 23:58:55:199 - Compaction started: 
139687662429760:Compacting sstable4/8a559bee-a6a6-4a8c-a83e-361c80abffe2202604281758001777420725895082797.sst sstable4/8a559bee-a6a6-4a8c-a83e-361c80abffe2202604281758001777420726274290077.sst into:sstable5/8a559bee-a6a6-4a8c-a83e-361c80abffe2202604281758001777420735534458051.sst:sstable5/8a559bee-a6a6-4a8c-a83e-361c80abffe2202604281758001777420735928141425.sst
2026-04-28 23:58:55:987 - Compaction completed: 
2026-04-28 23:58:56:016 - Compaction started: 
139687662429760:Compacting sstable5/8a559bee-a6a6-4a8c-a83e-361c80abffe2202604281758001777420726697314989.sst sstable5/8a559bee-a6a6-4a8c-a83e-361c80abffe2202604281758001777420727073327342.sst into:sstable6/8a559bee-a6a6-4a8c-a83e-361c80abffe2202604281758001777420736354217974.sst:sstable6/8a559bee-a6a6-4a8c-a83e-361c80abffe2202604281758001777420736739016911.sst
2026-04-28 23:58:56:811 - Compaction completed: 
2026-04-28 23:58:56:957 - NewTail completed: 
2026-04-28 23:59:01:262 - NewTail completed: 
2026-04-28 23:59:01:331 - Compaction started: 
139687662429760:Compacting datalog/13 datalog/14 into:sstable1/8a559bee-a6a6-4a8c-a83e-361c80abffe2202604281758001777420741487132623.sst:sstable1/8a559bee-a6a6-4a8c-a83e-361c80abffe2202604281758001777420741855663467.sst
2026-04-28 23:59:01:924 - Compaction completed: 
2026-04-28 23:59:02:042 - Compaction started: 
139687662429760:Compacting sstable1/8a559bee-a6a6-4a8c-a83e-361c80abffe2202604281758001777420732324338886.sst sstable1/8a559bee-a6a6-4a8c-a83e-361c80abffe2202604281758001777420732688103570.sst into:sstable2/8a559bee-a6a6-4a8c-a83e-361c80abffe2202604281758001777420742389390797.sst:sstable2/8a559bee-a6a6-4a8c-a83e-361c80abffe2202604281758001777420742769340987.sst
2026-04-28 23:59:02:829 - Compaction completed: 
2026-04-28 23:59:02:948 - Compaction started: 
139687662429760:Compacting sstable2/8a559bee-a6a6-4a8c-a83e-361c80abffe2202604281758001777420733119656912.sst sstable2/8a559bee-a6a6-4a8c-a83e-361c80abffe2202604281758001777420733496947008.sst into:sstable3/8a559bee-a6a6-4a8c-a83e-361c80abffe2202604281758001777420743295502341.sst:sstable3/8a559bee-a6a6-4a8c-a83e-361c80abffe2202604281758001777420743677617388.sst
2026-04-28 23:59:03:741 - Compaction completed: 
2026-04-28 23:59:03:855 - Compaction started: 
139687662429760:Compacting sstable3/8a559bee-a6a6-4a8c-a83e-361c80abffe2202604281758001777420733925794481.sst sstable3/8a559bee-a6a6-4a8c-a83e-361c80abffe2202604281758001777420734302246758.sst into:sstable4/8a559bee-a6a6-4a8c-a83e-361c80abffe2202604281758001777420744202146513.sst:sstable4/8a559bee-a6a6-4a8c-a83e-361c80abffe2202604281758001777420744584368261.sst
2026-04-28 23:59:04:646 - Compaction completed: 
2026-04-28 23:59:04:761 - Compaction started: 
2026-04-28 23:59:05:469 - NewTail completed: 
139687662429760:Compacting sstable4/8a559bee-a6a6-4a8c-a83e-361c80abffe2202604281758001777420734731135226.sst sstable4/8a559bee-a6a6-4a8c-a83e-361c80abffe2202604281758001777420735124178230.sst into:sstable5/8a559bee-a6a6-4a8c-a83e-361c80abffe2202604281758001777420745109725507.sst:sstable5/8a559bee-a6a6-4a8c-a83e-361c80abffe2202604281758001777420745496107880.sst
2026-04-28 23:59:05:557 - Compaction completed: 
2026-04-28 23:59:05:667 - Compaction started: 
139687662429760:Compacting sstable5/8a559bee-a6a6-4a8c-a83e-361c80abffe2202604281758001777420735534458051.sst sstable5/8a559bee-a6a6-4a8c-a83e-361c80abffe2202604281758001777420735928141425.sst into:sstable6/8a559bee-a6a6-4a8c-a83e-361c80abffe2202604281758001777420746019934159.sst:sstable6/8a559bee-a6a6-4a8c-a83e-361c80abffe2202604281758001777420746405988988.sst
2026-04-28 23:59:06:468 - Compaction completed: 
2026-04-28 23:59:06:476 - Compaction started: 
139687662429760:Compacting sstable6/8a559bee-a6a6-4a8c-a83e-361c80abffe2202604281758001777420736354217974.sst sstable6/8a559bee-a6a6-4a8c-a83e-361c80abffe2202604281758001777420736739016911.sst into:sstable7/8a559bee-a6a6-4a8c-a83e-361c80abffe2202604281758001777420746837301178.sst
2026-04-28 23:59:07:282 - Compaction completed: 
2026-04-28 23:59:10:476 - NewTail completed: 
2026-04-28 23:59:10:494 - Compaction started: 
139687662429760:Compacting datalog/15 datalog/16 into:sstable1/8a559bee-a6a6-4a8c-a83e-361c80abffe2202604281758001777420750666371218.sst:sstable1/8a559bee-a6a6-4a8c-a83e-361c80abffe2202604281758001777420751034423545.sst
2026-04-28 23:59:11:107 - Compaction completed: 
2026-04-28 23:59:11:155 - Compaction started: 
139687662429760:Compacting sstable1/8a559bee-a6a6-4a8c-a83e-361c80abffe2202604281758001777420741487132623.sst sstable1/8a559bee-a6a6-4a8c-a83e-361c80abffe2202604281758001777420741855663467.sst into:sstable2/8a559bee-a6a6-4a8c-a83e-361c80abffe2202604281758001777420751523312900.sst:sstable2/8a559bee-a6a6-4a8c-a83e-361c80abffe2202604281758001777420751912797285.sst
2026-04-28 23:59:11:982 - Compaction completed: 
2026-04-28 23:59:11:989 - Compaction started: 
139687662429760:Compacting sstable2/8a559bee-a6a6-4a8c-a83e-361c80abffe2202604281758001777420742389390797.sst sstable2/8a559bee-a6a6-4a8c-a83e-361c80abffe2202604281758001777420742769340987.sst into:sstable3/8a559bee-a6a6-4a8c-a83e-361c80abffe2202604281758001777420752351225448.sst:sstable3/8a559bee-a6a6-4a8c-a83e-361c80abffe2202604281758001777420752742521759.sst
2026-04-28 23:59:12:808 - Compaction completed: 
2026-04-28 23:59:12:815 - Compaction started: 
139687662429760:Compacting sstable3/8a559bee-a6a6-4a8c-a83e-361c80abffe2202604281758001777420743295502341.sst sstable3/8a559bee-a6a6-4a8c-a83e-361c80abffe2202604281758001777420743677617388.sst into:sstable4/8a559bee-a6a6-4a8c-a83e-361c80abffe2202604281758001777420753186976595.sst:sstable4/8a559bee-a6a6-4a8c-a83e-361c80abffe2202604281758001777420753584391801.sst
2026-04-28 23:59:13:656 - Compaction completed: 
2026-04-28 23:59:13:763 - Compaction started: 
139687662429760:Compacting sstable4/8a559bee-a6a6-4a8c-a83e-361c80abffe2202604281758001777420744202146513.sst sstable4/8a559bee-a6a6-4a8c-a83e-361c80abffe2202604281758001777420744584368261.sst into:sstable5/8a559bee-a6a6-4a8c-a83e-361c80abffe2202604281758001777420754128368395.sst:sstable5/8a559bee-a6a6-4a8c-a83e-361c80abffe2202604281758001777420754517956986.sst
2026-04-28 23:59:14:585 - Compaction completed: 
2026-04-28 23:59:14:592 - Compaction started: 
2026-04-28 23:59:15:083 - NewTail completed: 
139687662429760:Compacting sstable5/8a559bee-a6a6-4a8c-a83e-361c80abffe2202604281758001777420745109725507.sst sstable5/8a559bee-a6a6-4a8c-a83e-361c80abffe2202604281758001777420745496107880.sst into:sstable6/8a559bee-a6a6-4a8c-a83e-361c80abffe2202604281758001777420754954648134.sst:sstable6/8a559bee-a6a6-4a8c-a83e-361c80abffe2202604281758001777420755346107209.sst
2026-04-28 23:59:15:412 - Compaction completed: 
2026-04-28 23:59:15:419 - Compaction started: 
139687662429760:Compacting sstable6/8a559bee-a6a6-4a8c-a83e-361c80abffe2202604281758001777420746019934159.sst sstable6/8a559bee-a6a6-4a8c-a83e-361c80abffe2202604281758001777420746405988988.sst into:sstable7/8a559bee-a6a6-4a8c-a83e-361c80abffe2202604281758001777420755781695833.sst
2026-04-28 23:59:16:250 - Compaction completed: 
2026-04-28 23:59:19:990 - NewTail completed: 
2026-04-28 23:59:20:062 - Compaction started: 
139687662429760:Compacting datalog/17 datalog/18 into:sstable1/8a559bee-a6a6-4a8c-a83e-361c80abffe2202604281758001777420760250778873.sst:sstable1/8a559bee-a6a6-4a8c-a83e-361c80abffe2202604281758001777420760623203151.sst
2026-04-28 23:59:20:694 - Compaction completed: 
2026-04-28 23:59:20:714 - Compaction started: 
139687662429760:Compacting sstable1/8a559bee-a6a6-4a8c-a83e-361c80abffe2202604281758001777420750666371218.sst sstable1/8a559bee-a6a6-4a8c-a83e-361c80abffe2202604281758001777420751034423545.sst into:sstable2/8a559bee-a6a6-4a8c-a83e-361c80abffe2202604281758001777420761099689897.sst:sstable2/8a559bee-a6a6-4a8c-a83e-361c80abffe2202604281758001777420761492281805.sst
2026-04-28 23:59:21:561 - Compaction completed: 
2026-04-28 23:59:21:668 - Compaction started: 
139687662429760:Compacting sstable2/8a559bee-a6a6-4a8c-a83e-361c80abffe2202604281758001777420751523312900.sst sstable2/8a559bee-a6a6-4a8c-a83e-361c80abffe2202604281758001777420751912797285.sst into:sstable3/8a559bee-a6a6-4a8c-a83e-361c80abffe2202604281758001777420762058341487.sst:sstable3/8a559bee-a6a6-4a8c-a83e-361c80abffe2202604281758001777420762470157165.sst
2026-04-28 23:59:22:544 - Compaction completed: 
2026-04-28 23:59:22:674 - Compaction started: 
139687662429760:Compacting sstable3/8a559bee-a6a6-4a8c-a83e-361c80abffe2202604281758001777420752351225448.sst sstable3/8a559bee-a6a6-4a8c-a83e-361c80abffe2202604281758001777420752742521759.sst into:sstable4/8a559bee-a6a6-4a8c-a83e-361c80abffe2202604281758001777420763060237186.sst:sstable4/8a559bee-a6a6-4a8c-a83e-361c80abffe2202604281758001777420763475096978.sst
2026-04-28 23:59:23:546 - Compaction completed: 
2026-04-28 23:59:23:681 - Compaction started: 
2026-04-28 23:59:24:497 - NewTail completed: 
139687662429760:Compacting sstable4/8a559bee-a6a6-4a8c-a83e-361c80abffe2202604281758001777420753186976595.sst sstable4/8a559bee-a6a6-4a8c-a83e-361c80abffe2202604281758001777420753584391801.sst into:sstable5/8a559bee-a6a6-4a8c-a83e-361c80abffe2202604281758001777420764072598014.sst:sstable5/8a559bee-a6a6-4a8c-a83e-361c80abffe2202604281758001777420764486776238.sst
2026-04-28 23:59:24:562 - Compaction completed: 
2026-04-28 23:59:24:687 - Compaction started: 
139687662429760:Compacting sstable5/8a559bee-a6a6-4a8c-a83e-361c80abffe2202604281758001777420754128368395.sst sstable5/8a559bee-a6a6-4a8c-a83e-361c80abffe2202604281758001777420754517956986.sst into:sstable6/8a559bee-a6a6-4a8c-a83e-361c80abffe2202604281758001777420765081411584.sst:sstable6/8a559bee-a6a6-4a8c-a83e-361c80abffe2202604281758001777420765497696767.sst
2026-04-28 23:59:25:571 - Compaction completed: 
2026-04-28 23:59:25:693 - Compaction started: 
139687662429760:Compacting sstable6/8a559bee-a6a6-4a8c-a83e-361c80abffe2202604281758001777420754954648134.sst sstable6/8a559bee-a6a6-4a8c-a83e-361c80abffe2202604281758001777420755346107209.sst into:sstable7/8a559bee-a6a6-4a8c-a83e-361c80abffe2202604281758001777420766102912618.sst
2026-04-28 23:59:26:576 - Compaction completed: 
2026-04-28 23:59:29:604 - NewTail completed: 
2026-04-28 23:59:29:636 - Compaction started: 
139687662429760:Compacting datalog/19 datalog/20 into:sstable1/8a559bee-a6a6-4a8c-a83e-361c80abffe2202604281758001777420769829105077.sst:sstable1/8a559bee-a6a6-4a8c-a83e-361c80abffe2202604281758001777420770200336881.sst
2026-04-28 23:59:30:271 - Compaction completed: 
2026-04-28 23:59:30:391 - Compaction started: 
139687662429760:Compacting sstable1/8a559bee-a6a6-4a8c-a83e-361c80abffe2202604281758001777420760250778873.sst sstable1/8a559bee-a6a6-4a8c-a83e-361c80abffe2202604281758001777420760623203151.sst into:sstable2/8a559bee-a6a6-4a8c-a83e-361c80abffe2202604281758001777420770785812935.sst:sstable2/8a559bee-a6a6-4a8c-a83e-361c80abffe2202604281758001777420771178306278.sst
2026-04-28 23:59:31:252 - Compaction completed: 
2026-04-28 23:59:31:297 - Compaction started: 
139687662429760:Compacting sstable2/8a559bee-a6a6-4a8c-a83e-361c80abffe2202604281758001777420761099689897.sst sstable2/8a559bee-a6a6-4a8c-a83e-361c80abffe2202604281758001777420761492281805.sst into:sstable3/8a559bee-a6a6-4a8c-a83e-361c80abffe2202604281758001777420771679633217.sst:sstable3/8a559bee-a6a6-4a8c-a83e-361c80abffe2202604281758001777420772072119567.sst
2026-04-28 23:59:32:143 - Compaction completed: 
2026-04-28 23:59:32:150 - Compaction started: 
139687662429760:Compacting sstable3/8a559bee-a6a6-4a8c-a83e-361c80abffe2202604281758001777420762058341487.sst sstable3/8a559bee-a6a6-4a8c-a83e-361c80abffe2202604281758001777420762470157165.sst into:sstable4/8a559bee-a6a6-4a8c-a83e-361c80abffe2202604281758001777420772532135330.sst:sstable4/8a559bee-a6a6-4a8c-a83e-361c80abffe2202604281758001777420772928511729.sst
2026-04-28 23:59:33:005 - Compaction completed: 
2026-04-28 23:59:33:057 - Compaction started: 
139687662429760:Compacting sstable4/8a559bee-a6a6-4a8c-a83e-361c80abffe2202604281758001777420763060237186.sst sstable4/8a559bee-a6a6-4a8c-a83e-361c80abffe2202604281758001777420763475096978.sst into:sstable5/8a559bee-a6a6-4a8c-a83e-361c80abffe2202604281758001777420773438545302.sst:sstable5/8a559bee-a6a6-4a8c-a83e-361c80abffe2202604281758001777420773833825236.sst
2026-04-28 23:59:33:906 - Compaction completed: 
2026-04-28 23:59:33:914 - Compaction started: 
2026-04-28 23:59:34:312 - NewTail completed: 
139687662429760:Compacting sstable5/8a559bee-a6a6-4a8c-a83e-361c80abffe2202604281758001777420764072598014.sst sstable5/8a559bee-a6a6-4a8c-a83e-361c80abffe2202604281758001777420764486776238.sst into:sstable6/8a559bee-a6a6-4a8c-a83e-361c80abffe2202604281758001777420774296141109.sst:sstable6/8a559bee-a6a6-4a8c-a83e-361c80abffe2202604281758001777420774690143809.sst
2026-04-28 23:59:34:766 - Compaction completed: 
2026-04-28 23:59:34:874 - Compaction started: 
139687662429760:Compacting sstable6/8a559bee-a6a6-4a8c-a83e-361c80abffe2202604281758001777420765081411584.sst sstable6/8a559bee-a6a6-4a8c-a83e-361c80abffe2202604281758001777420765497696767.sst into:sstable7/8a559bee-a6a6-4a8c-a83e-361c80abffe2202604281758001777420775253769441.sst
2026-04-28 23:59:35:722 - Compaction completed: 
2026-04-28 23:59:39:317 - NewTail completed: 
2026-04-28 23:59:39:335 - Compaction started: 
139687662429760:Compacting datalog/21 datalog/22 into:sstable1/8a559bee-a6a6-4a8c-a83e-361c80abffe2202604281758001777420779533607890.sst:sstable1/8a559bee-a6a6-4a8c-a83e-361c80abffe2202604281758001777420779906268451.sst
2026-04-28 23:59:39:979 - Compaction completed: 
2026-04-28 23:59:40:100 - Compaction started: 
139687662429760:Compacting sstable1/8a559bee-a6a6-4a8c-a83e-361c80abffe2202604281758001777420769829105077.sst sstable1/8a559bee-a6a6-4a8c-a83e-361c80abffe2202604281758001777420770200336881.sst into:sstable2/8a559bee-a6a6-4a8c-a83e-361c80abffe2202604281758001777420780487782450.sst:sstable2/8a559bee-a6a6-4a8c-a83e-361c80abffe2202604281758001777420780880337369.sst
2026-04-28 23:59:40:949 - Compaction completed: 
2026-04-28 23:59:40:956 - Compaction started: 
139687662429760:Compacting sstable2/8a559bee-a6a6-4a8c-a83e-361c80abffe2202604281758001777420770785812935.sst sstable2/8a559bee-a6a6-4a8c-a83e-361c80abffe2202604281758001777420771178306278.sst into:sstable3/8a559bee-a6a6-4a8c-a83e-361c80abffe2202604281758001777420781370079701.sst:sstable3/8a559bee-a6a6-4a8c-a83e-361c80abffe2202604281758001777420781762255999.sst
2026-04-28 23:59:41:840 - Compaction completed: 
2026-04-28 23:59:41:880 - Compaction started: 
139687662429760:Compacting sstable3/8a559bee-a6a6-4a8c-a83e-361c80abffe2202604281758001777420771679633217.sst sstable3/8a559bee-a6a6-4a8c-a83e-361c80abffe2202604281758001777420772072119567.sst into:sstable4/8a559bee-a6a6-4a8c-a83e-361c80abffe2202604281758001777420782262576934.sst:sstable4/8a559bee-a6a6-4a8c-a83e-361c80abffe2202604281758001777420782659697967.sst
2026-04-28 23:59:42:733 - Compaction completed: 
2026-04-28 23:59:42:741 - Compaction started: 
139687662429760:Compacting sstable4/8a559bee-a6a6-4a8c-a83e-361c80abffe2202604281758001777420772532135330.sst sstable4/8a559bee-a6a6-4a8c-a83e-361c80abffe2202604281758001777420772928511729.sst into:sstable5/8a559bee-a6a6-4a8c-a83e-361c80abffe2202604281758001777420783128806247.sst:sstable5/8a559bee-a6a6-4a8c-a83e-361c80abffe2202604281758001777420783525859353.sst
2026-04-28 23:59:43:604 - Compaction completed: 
2026-04-28 23:59:43:647 - Compaction started: 
2026-04-28 23:59:43:922 - NewTail completed: 
139687662429760:Compacting sstable5/8a559bee-a6a6-4a8c-a83e-361c80abffe2202604281758001777420773438545302.sst sstable5/8a559bee-a6a6-4a8c-a83e-361c80abffe2202604281758001777420773833825236.sst into:sstable6/8a559bee-a6a6-4a8c-a83e-361c80abffe2202604281758001777420784035048464.sst:sstable6/8a559bee-a6a6-4a8c-a83e-361c80abffe2202604281758001777420784433709724.sst
2026-04-28 23:59:44:508 - Compaction completed: 
2026-04-28 23:59:44:553 - Compaction started: 
139687662429760:Compacting sstable6/8a559bee-a6a6-4a8c-a83e-361c80abffe2202604281758001777420774296141109.sst sstable6/8a559bee-a6a6-4a8c-a83e-361c80abffe2202604281758001777420774690143809.sst into:sstable7/8a559bee-a6a6-4a8c-a83e-361c80abffe2202604281758001777420784939316662.sst
2026-04-28 23:59:45:409 - Compaction completed: 
2026-04-28 23:59:45:462 - Compaction started: 
139687662429760:Compacting sstable7/8a559bee-a6a6-4a8c-a83e-361c80abffe2202604281758001777420746837301178.sst sstable7/8a559bee-a6a6-4a8c-a83e-361c80abffe2202604281758001777420755781695833.sst into:sstable7/0_8a559bee-a6a6-4a8c-a83e-361c80abffe2202604281758001777420786290180217.sst
2026-04-28 23:59:47:213 - Compaction completed: 
2026-04-28 23:59:48:827 - NewTail completed: 
2026-04-28 23:59:48:928 - Compaction started: 
139687662429760:Compacting datalog/23 datalog/24 into:sstable1/8a559bee-a6a6-4a8c-a83e-361c80abffe2202604281758001777420789138546349.sst:sstable1/8a559bee-a6a6-4a8c-a83e-361c80abffe2202604281758001777420789522331455.sst
2026-04-28 23:59:49:589 - Compaction completed: 
2026-04-28 23:59:49:635 - Compaction started: 
139687662429760:Compacting sstable1/8a559bee-a6a6-4a8c-a83e-361c80abffe2202604281758001777420779533607890.sst sstable1/8a559bee-a6a6-4a8c-a83e-361c80abffe2202604281758001777420779906268451.sst into:sstable2/8a559bee-a6a6-4a8c-a83e-361c80abffe2202604281758001777420790054083222.sst:sstable2/8a559bee-a6a6-4a8c-a83e-361c80abffe2202604281758001777420790473910441.sst
2026-04-28 23:59:50:554 - Compaction completed: 
2026-04-28 23:59:50:562 - Compaction started: 
139687662429760:Compacting sstable2/8a559bee-a6a6-4a8c-a83e-361c80abffe2202604281758001777420780487782450.sst sstable2/8a559bee-a6a6-4a8c-a83e-361c80abffe2202604281758001777420780880337369.sst into:sstable3/8a559bee-a6a6-4a8c-a83e-361c80abffe2202604281758001777420790977860806.sst:sstable3/8a559bee-a6a6-4a8c-a83e-361c80abffe2202604281758001777420791374367358.sst
2026-04-28 23:59:51:446 - Compaction completed: 
2026-04-28 23:59:51:468 - Compaction started: 
139687662429760:Compacting sstable3/8a559bee-a6a6-4a8c-a83e-361c80abffe2202604281758001777420781370079701.sst sstable3/8a559bee-a6a6-4a8c-a83e-361c80abffe2202604281758001777420781762255999.sst into:sstable4/8a559bee-a6a6-4a8c-a83e-361c80abffe2202604281758001777420791875482490.sst:sstable4/8a559bee-a6a6-4a8c-a83e-361c80abffe2202604281758001777420792276944918.sst
2026-04-28 23:59:52:360 - Compaction completed: 
2026-04-28 23:59:52:368 - Compaction started: 
139687662429760:Compacting sstable4/8a559bee-a6a6-4a8c-a83e-361c80abffe2202604281758001777420782262576934.sst sstable4/8a559bee-a6a6-4a8c-a83e-361c80abffe2202604281758001777420782659697967.sst into:sstable5/8a559bee-a6a6-4a8c-a83e-361c80abffe2202604281758001777420792780806296.sst:sstable5/8a559bee-a6a6-4a8c-a83e-361c80abffe2202604281758001777420793190174627.sst
2026-04-28 23:59:53:270 - Compaction completed: 
2026-04-28 23:59:53:278 - Compaction started: 
2026-04-28 23:59:53:735 - NewTail completed: 
139687662429760:Compacting sstable5/8a559bee-a6a6-4a8c-a83e-361c80abffe2202604281758001777420783128806247.sst sstable5/8a559bee-a6a6-4a8c-a83e-361c80abffe2202604281758001777420783525859353.sst into:sstable6/8a559bee-a6a6-4a8c-a83e-361c80abffe2202604281758001777420793682779153.sst:sstable6/8a559bee-a6a6-4a8c-a83e-361c80abffe2202604281758001777420794081379327.sst
2026-04-28 23:59:54:161 - Compaction completed: 
2026-04-28 23:59:54:183 - Compaction started: 
139687662429760:Compacting sstable6/8a559bee-a6a6-4a8c-a83e-361c80abffe2202604281758001777420784035048464.sst sstable6/8a559bee-a6a6-4a8c-a83e-361c80abffe2202604281758001777420784433709724.sst into:sstable7/8a559bee-a6a6-4a8c-a83e-361c80abffe2202604281758001777420794594632964.sst
2026-04-28 23:59:55:073 - Compaction completed: 
2026-04-28 23:59:55:090 - Compaction started: 
139687662429760:Compacting sstable7/8a559bee-a6a6-4a8c-a83e-361c80abffe2202604281758001777420766102912618.sst sstable7/8a559bee-a6a6-4a8c-a83e-361c80abffe2202604281758001777420775253769441.sst into:sstable7/0_8a559bee-a6a6-4a8c-a83e-361c80abffe2202604281758001777420795868078826.sst
2026-04-28 23:59:56:810 - Compaction completed: 
2026-04-28 23:59:58:742 - NewTail completed: 
2026-04-28 23:59:58:825 - Compaction started: 
139687662429760:Compacting datalog/25 datalog/26 into:sstable1/8a559bee-a6a6-4a8c-a83e-361c80abffe2202604281758001777420799044085042.sst:sstable1/8a559bee-a6a6-4a8c-a83e-361c80abffe2202604281758001777420799420169738.sst
2026-04-28 23:59:59:497 - Compaction completed: 
2026-04-28 23:59:59:538 - Compaction started: 
139687662429760:Compacting sstable1/8a559bee-a6a6-4a8c-a83e-361c80abffe2202604281758001777420789138546349.sst sstable1/8a559bee-a6a6-4a8c-a83e-361c80abffe2202604281758001777420789522331455.sst into:sstable2/8a559bee-a6a6-4a8c-a83e-361c80abffe2202604281758001777420799943488544.sst:sstable2/8a559bee-a6a6-4a8c-a83e-361c80abffe2202604281758001777420800341302846.sst
2026-04-29 00:00:00:414 - Compaction completed: 
2026-04-29 00:00:00:545 - Compaction started: 
139687662429760:Compacting sstable2/8a559bee-a6a6-4a8c-a83e-361c80abffe2202604281758001777420790054083222.sst sstable2/8a559bee-a6a6-4a8c-a83e-361c80abffe2202604281758001777420790473910441.sst into:sstable3/8a559bee-a6a6-4a8c-a83e-361c80abffe2202604281758001777420800950264384.sst:sstable3/8a559bee-a6a6-4a8c-a83e-361c80abffe2202604281758001777420801347170315.sst
2026-04-29 00:00:01:424 - Compaction completed: 
2026-04-29 00:00:01:451 - Compaction started: 
139687662429760:Compacting sstable3/8a559bee-a6a6-4a8c-a83e-361c80abffe2202604281758001777420790977860806.sst sstable3/8a559bee-a6a6-4a8c-a83e-361c80abffe2202604281758001777420791374367358.sst into:sstable4/8a559bee-a6a6-4a8c-a83e-361c80abffe2202604281758001777420801851843583.sst:sstable4/8a559bee-a6a6-4a8c-a83e-361c80abffe2202604281758001777420802252124157.sst
2026-04-29 00:00:02:328 - Compaction completed: 
2026-04-29 00:00:02:368 - Compaction started: 
139687662429760:Compacting sstable4/8a559bee-a6a6-4a8c-a83e-361c80abffe2202604281758001777420791875482490.sst sstable4/8a559bee-a6a6-4a8c-a83e-361c80abffe2202604281758001777420792276944918.sst into:sstable5/8a559bee-a6a6-4a8c-a83e-361c80abffe2202604281758001777420802799988886.sst:sstable5/8a559bee-a6a6-4a8c-a83e-361c80abffe2202604281758001777420803220717804.sst
2026-04-29 00:00:03:303 - Compaction completed: 
2026-04-29 00:00:03:311 - Compaction started: 
2026-04-29 00:00:03:650 - NewTail completed: 
139687662429760:Compacting sstable5/8a559bee-a6a6-4a8c-a83e-361c80abffe2202604281758001777420792780806296.sst sstable5/8a559bee-a6a6-4a8c-a83e-361c80abffe2202604281758001777420793190174627.sst into:sstable6/8a559bee-a6a6-4a8c-a83e-361c80abffe2202604281758001777420803738640959.sst:sstable6/8a559bee-a6a6-4a8c-a83e-361c80abffe2202604281758001777420804150420600.sst
2026-04-29 00:00:04:230 - Compaction completed: 
2026-04-29 00:00:04:339 - Compaction started: 
139687662429760:Compacting sstable6/8a559bee-a6a6-4a8c-a83e-361c80abffe2202604281758001777420793682779153.sst sstable6/8a559bee-a6a6-4a8c-a83e-361c80abffe2202604281758001777420794081379327.sst into:sstable7/8a559bee-a6a6-4a8c-a83e-361c80abffe2202604281758001777420804762689945.sst
2026-04-29 00:00:05:250 - Compaction completed: 
2026-04-29 00:00:05:259 - Compaction started: 
2026-04-29 00:00:08:456 - NewTail completed: 
139687662429760:Compacting sstable7/0_8a559bee-a6a6-4a8c-a83e-361c80abffe2202604281758001777420786290180217.sst sstable7/0_8a559bee-a6a6-4a8c-a83e-361c80abffe2202604281758001777420795868078826.sst into:sstable7/0_8a559bee-a6a6-4a8c-a83e-361c80abffe2202604281758001777420806949522310.sst
2026-04-29 00:00:08:766 - Compaction completed: 
2026-04-29 00:00:08:799 - Compaction started: 
139687662429760:Compacting datalog/27 datalog/28 into:sstable1/8a559bee-a6a6-4a8c-a83e-361c80abffe2202604281758001777420809013782445.sst:sstable1/8a559bee-a6a6-4a8c-a83e-361c80abffe2202604281758001777420809400550559.sst
2026-04-29 00:00:09:490 - Compaction completed: 
2026-04-29 00:00:09:529 - Compaction started: 
139687662429760:Compacting sstable1/8a559bee-a6a6-4a8c-a83e-361c80abffe2202604281758001777420799044085042.sst sstable1/8a559bee-a6a6-4a8c-a83e-361c80abffe2202604281758001777420799420169738.sst into:sstable2/8a559bee-a6a6-4a8c-a83e-361c80abffe2202604281758001777420809954973456.sst:sstable2/8a559bee-a6a6-4a8c-a83e-361c80abffe2202604281758001777420810366460518.sst
2026-04-29 00:00:10:451 - Compaction completed: 
2026-04-29 00:00:10:463 - Compaction started: 
139687662429760:Compacting sstable2/8a559bee-a6a6-4a8c-a83e-361c80abffe2202604281758001777420799943488544.sst sstable2/8a559bee-a6a6-4a8c-a83e-361c80abffe2202604281758001777420800341302846.sst into:sstable3/8a559bee-a6a6-4a8c-a83e-361c80abffe2202604281758001777420810890022018.sst:sstable3/8a559bee-a6a6-4a8c-a83e-361c80abffe2202604281758001777420811304659643.sst
2026-04-29 00:00:11:386 - Compaction completed: 
2026-04-29 00:00:11:398 - Compaction started: 
139687662429760:Compacting sstable3/8a559bee-a6a6-4a8c-a83e-361c80abffe2202604281758001777420800950264384.sst sstable3/8a559bee-a6a6-4a8c-a83e-361c80abffe2202604281758001777420801347170315.sst into:sstable4/8a559bee-a6a6-4a8c-a83e-361c80abffe2202604281758001777420811830280762.sst:sstable4/8a559bee-a6a6-4a8c-a83e-361c80abffe2202604281758001777420812247256678.sst
2026-04-29 00:00:12:334 - Compaction completed: 
2026-04-29 00:00:12:446 - Compaction started: 
2026-04-29 00:00:12:612 - NewTail completed: 
139687662429760:Compacting sstable4/8a559bee-a6a6-4a8c-a83e-361c80abffe2202604281758001777420801851843583.sst sstable4/8a559bee-a6a6-4a8c-a83e-361c80abffe2202604281758001777420802252124157.sst into:sstable5/8a559bee-a6a6-4a8c-a83e-361c80abffe2202604281758001777420812873146195.sst:sstable5/8a559bee-a6a6-4a8c-a83e-361c80abffe2202604281758001777420813272068804.sst
2026-04-29 00:00:13:352 - Compaction completed: 
2026-04-29 00:00:13:463 - Compaction started: 
139687662429760:Compacting sstable5/8a559bee-a6a6-4a8c-a83e-361c80abffe2202604281758001777420802799988886.sst sstable5/8a559bee-a6a6-4a8c-a83e-361c80abffe2202604281758001777420803220717804.sst into:sstable6/8a559bee-a6a6-4a8c-a83e-361c80abffe2202604281758001777420813887335937.sst:sstable6/8a559bee-a6a6-4a8c-a83e-361c80abffe2202604281758001777420814292074422.sst
2026-04-29 00:00:14:380 - Compaction completed: 
2026-04-29 00:00:14:391 - Compaction started: 
139687662429760:Compacting sstable6/8a559bee-a6a6-4a8c-a83e-361c80abffe2202604281758001777420803738640959.sst sstable6/8a559bee-a6a6-4a8c-a83e-361c80abffe2202604281758001777420804150420600.sst into:sstable7/8a559bee-a6a6-4a8c-a83e-361c80abffe2202604281758001777420814816899801.sst
2026-04-29 00:00:15:299 - Compaction completed: 
2026-04-29 00:00:15:310 - Compaction started: 
139687662429760:Compacting sstable7/8a559bee-a6a6-4a8c-a83e-361c80abffe2202604281758001777420784939316662.sst sstable7/8a559bee-a6a6-4a8c-a83e-361c80abffe2202604281758001777420794594632964.sst into:sstable7/0_8a559bee-a6a6-4a8c-a83e-361c80abffe2202604281758001777420816129461635.sst
2026-04-29 00:00:17:083 - Compaction completed: 
2026-04-29 00:00:17:872 - NewTail completed: 
2026-04-29 00:00:17:904 - Compaction started: 
139687662429760:Compacting datalog/29 datalog/30 into:sstable1/8a559bee-a6a6-4a8c-a83e-361c80abffe2202604281758001777420818118405145.sst:sstable1/8a559bee-a6a6-4a8c-a83e-361c80abffe2202604281758001777420818506866332.sst
2026-04-29 00:00:18:569 - Compaction completed: 
2026-04-29 00:00:18:637 - Compaction started: 
139687662429760:Compacting sstable1/8a559bee-a6a6-4a8c-a83e-361c80abffe2202604281758001777420809013782445.sst sstable1/8a559bee-a6a6-4a8c-a83e-361c80abffe2202604281758001777420809400550559.sst into:sstable2/8a559bee-a6a6-4a8c-a83e-361c80abffe2202604281758001777420819065084209.sst:sstable2/8a559bee-a6a6-4a8c-a83e-361c80abffe2202604281758001777420819467378175.sst
2026-04-29 00:00:19:556 - Compaction completed: 
2026-04-29 00:00:19:668 - Compaction started: 
139687662429760:Compacting sstable2/8a559bee-a6a6-4a8c-a83e-361c80abffe2202604281758001777420809954973456.sst sstable2/8a559bee-a6a6-4a8c-a83e-361c80abffe2202604281758001777420810366460518.sst into:sstable3/8a559bee-a6a6-4a8c-a83e-361c80abffe2202604281758001777420820083272593.sst:sstable3/8a559bee-a6a6-4a8c-a83e-361c80abffe2202604281758001777420820487294747.sst
2026-04-29 00:00:20:572 - Compaction completed: 
2026-04-29 00:00:20:582 - Compaction started: 
139687662429760:Compacting sstable3/8a559bee-a6a6-4a8c-a83e-361c80abffe2202604281758001777420810890022018.sst sstable3/8a559bee-a6a6-4a8c-a83e-361c80abffe2202604281758001777420811304659643.sst into:sstable4/8a559bee-a6a6-4a8c-a83e-361c80abffe2202604281758001777420821001566069.sst:sstable4/8a559bee-a6a6-4a8c-a83e-361c80abffe2202604281758001777420821407303498.sst
2026-04-29 00:00:21:488 - Compaction completed: 
2026-04-29 00:00:21:498 - Compaction started: 
139687662429760:Compacting sstable4/8a559bee-a6a6-4a8c-a83e-361c80abffe2202604281758001777420811830280762.sst sstable4/8a559bee-a6a6-4a8c-a83e-361c80abffe2202604281758001777420812247256678.sst into:sstable5/8a559bee-a6a6-4a8c-a83e-361c80abffe2202604281758001777420821927205831.sst:sstable5/8a559bee-a6a6-4a8c-a83e-361c80abffe2202604281758001777420822344120642.sst
2026-04-29 00:00:22:430 - Compaction completed: 
2026-04-29 00:00:22:440 - Compaction started: 
2026-04-29 00:00:22:579 - NewTail completed: 
139687662429760:Compacting sstable5/8a559bee-a6a6-4a8c-a83e-361c80abffe2202604281758001777420812873146195.sst sstable5/8a559bee-a6a6-4a8c-a83e-361c80abffe2202604281758001777420813272068804.sst into:sstable6/8a559bee-a6a6-4a8c-a83e-361c80abffe2202604281758001777420822863426328.sst:sstable6/8a559bee-a6a6-4a8c-a83e-361c80abffe2202604281758001777420823266226392.sst
2026-04-29 00:00:23:346 - Compaction completed: 
2026-04-29 00:00:23:456 - Compaction started: 
139687662429760:Compacting sstable6/8a559bee-a6a6-4a8c-a83e-361c80abffe2202604281758001777420813887335937.sst sstable6/8a559bee-a6a6-4a8c-a83e-361c80abffe2202604281758001777420814292074422.sst into:sstable7/8a559bee-a6a6-4a8c-a83e-361c80abffe2202604281758001777420823886115495.sst
2026-04-29 00:00:24:369 - Compaction completed: 
2026-04-29 00:00:24:478 - Compaction started: 
2026-04-29 00:00:27:385 - NewTail completed: 
139687662429760:Compacting sstable7/0_8a559bee-a6a6-4a8c-a83e-361c80abffe2202604281758001777420806949522310.sst sstable7/0_8a559bee-a6a6-4a8c-a83e-361c80abffe2202604281758001777420816129461635.sst into:sstable7/0_8a559bee-a6a6-4a8c-a83e-361c80abffe2202604281758001777420826964604893.sst
2026-04-29 00:00:29:617 - Compaction completed: 
2026-04-29 00:00:29:666 - Compaction started: 
139687662429760:Compacting datalog/31 datalog/32 into:sstable1/8a559bee-a6a6-4a8c-a83e-361c80abffe2202604281758001777420829900580487.sst:sstable1/8a559bee-a6a6-4a8c-a83e-361c80abffe2202604281758001777420830297656866.sst
2026-04-29 00:00:30:382 - Compaction completed: 
2026-04-29 00:00:30:417 - Compaction started: 
139687662429760:Compacting sstable1/8a559bee-a6a6-4a8c-a83e-361c80abffe2202604281758001777420818118405145.sst sstable1/8a559bee-a6a6-4a8c-a83e-361c80abffe2202604281758001777420818506866332.sst into:sstable2/8a559bee-a6a6-4a8c-a83e-361c80abffe2202604281758001777420830868831560.sst:sstable2/8a559bee-a6a6-4a8c-a83e-361c80abffe2202604281758001777420831291270983.sst
2026-04-29 00:00:31:376 - Compaction completed: 
2026-04-29 00:00:31:489 - Compaction started: 
2026-04-29 00:00:32:191 - NewTail completed: 
139687662429760:Compacting sstable2/8a559bee-a6a6-4a8c-a83e-361c80abffe2202604281758001777420819065084209.sst sstable2/8a559bee-a6a6-4a8c-a83e-361c80abffe2202604281758001777420819467378175.sst into:sstable3/8a559bee-a6a6-4a8c-a83e-361c80abffe2202604281758001777420831926798458.sst:sstable3/8a559bee-a6a6-4a8c-a83e-361c80abffe2202604281758001777420832343807886.sst
2026-04-29 00:00:32:437 - Compaction completed: 
2026-04-29 00:00:32:450 - Compaction started: 
139687662429760:Compacting sstable3/8a559bee-a6a6-4a8c-a83e-361c80abffe2202604281758001777420820083272593.sst sstable3/8a559bee-a6a6-4a8c-a83e-361c80abffe2202604281758001777420820487294747.sst into:sstable4/8a559bee-a6a6-4a8c-a83e-361c80abffe2202604281758001777420832887972070.sst:sstable4/8a559bee-a6a6-4a8c-a83e-361c80abffe2202604281758001777420833300040150.sst
2026-04-29 00:00:33:389 - Compaction completed: 
2026-04-29 00:00:33:407 - Compaction started: 
139687662429760:Compacting sstable4/8a559bee-a6a6-4a8c-a83e-361c80abffe2202604281758001777420821001566069.sst sstable4/8a559bee-a6a6-4a8c-a83e-361c80abffe2202604281758001777420821407303498.sst into:sstable5/8a559bee-a6a6-4a8c-a83e-361c80abffe2202604281758001777420833833922448.sst:sstable5/8a559bee-a6a6-4a8c-a83e-361c80abffe2202604281758001777420834234276478.sst
2026-04-29 00:00:34:321 - Compaction completed: 
2026-04-29 00:00:34:333 - Compaction started: 
139687662429760:Compacting sstable5/8a559bee-a6a6-4a8c-a83e-361c80abffe2202604281758001777420821927205831.sst sstable5/8a559bee-a6a6-4a8c-a83e-361c80abffe2202604281758001777420822344120642.sst into:sstable6/8a559bee-a6a6-4a8c-a83e-361c80abffe2202604281758001777420834776319978.sst:sstable6/8a559bee-a6a6-4a8c-a83e-361c80abffe2202604281758001777420835183755628.sst
2026-04-29 00:00:35:273 - Compaction completed: 
2026-04-29 00:00:35:387 - Compaction started: 
139687662429760:Compacting sstable6/8a559bee-a6a6-4a8c-a83e-361c80abffe2202604281758001777420822863426328.sst sstable6/8a559bee-a6a6-4a8c-a83e-361c80abffe2202604281758001777420823266226392.sst into:sstable7/8a559bee-a6a6-4a8c-a83e-361c80abffe2202604281758001777420835817291832.sst
2026-04-29 00:00:36:298 - Compaction completed: 
2026-04-29 00:00:36:310 - Compaction started: 
2026-04-29 00:00:37:299 - NewTail completed: 
139687662429760:Compacting sstable7/8a559bee-a6a6-4a8c-a83e-361c80abffe2202604281758001777420804762689945.sst sstable7/8a559bee-a6a6-4a8c-a83e-361c80abffe2202604281758001777420814816899801.sst into:sstable7/0_8a559bee-a6a6-4a8c-a83e-361c80abffe2202604281758001777420837148350764.sst
2026-04-29 00:00:38:121 - Compaction completed: 
2026-04-29 00:00:38:204 - Compaction started: 
139687662429760:Compacting datalog/33 datalog/34 into:sstable1/8a559bee-a6a6-4a8c-a83e-361c80abffe2202604281758001777420838419171344.sst:sstable1/8a559bee-a6a6-4a8c-a83e-361c80abffe2202604281758001777420838805903791.sst
2026-04-29 00:00:38:870 - Compaction completed: 
2026-04-29 00:00:38:944 - Compaction started: 
139687662429760:Compacting sstable1/8a559bee-a6a6-4a8c-a83e-361c80abffe2202604281758001777420829900580487.sst sstable1/8a559bee-a6a6-4a8c-a83e-361c80abffe2202604281758001777420830297656866.sst into:sstable2/8a559bee-a6a6-4a8c-a83e-361c80abffe2202604281758001777420839365898297.sst:sstable2/8a559bee-a6a6-4a8c-a83e-361c80abffe2202604281758001777420839772505995.sst
2026-04-29 00:00:39:859 - Compaction completed: 
2026-04-29 00:00:39:871 - Compaction started: 
139687662429760:Compacting sstable2/8a559bee-a6a6-4a8c-a83e-361c80abffe2202604281758001777420830868831560.sst sstable2/8a559bee-a6a6-4a8c-a83e-361c80abffe2202604281758001777420831291270983.sst into:sstable3/8a559bee-a6a6-4a8c-a83e-361c80abffe2202604281758001777420840304880137.sst:sstable3/8a559bee-a6a6-4a8c-a83e-361c80abffe2202604281758001777420840702801889.sst
2026-04-29 00:00:40:786 - Compaction completed: 
[OVERALL], RunTime(ms), 160077
[OVERALL], Throughput(ops/sec), 6246.993634313487
[TOTAL_GCS_PS_Scavenge], Count, 20
[TOTAL_GC_TIME_PS_Scavenge], Time(ms), 47
[TOTAL_GC_TIME_%_PS_Scavenge], Time(%), 0.029360870081273385
[TOTAL_GCS_PS_MarkSweep], Count, 0
[TOTAL_GC_TIME_PS_MarkSweep], Time(ms), 0
[TOTAL_GC_TIME_%_PS_MarkSweep], Time(%), 0.0
[TOTAL_GCs], Count, 20
[TOTAL_GC_TIME], Time(ms), 47
[TOTAL_GC_TIME_%], Time(%), 0.029360870081273385
[CLEANUP], Operations, 1
[CLEANUP], AverageLatency(us), 505472.0
[CLEANUP], MinLatency(us), 505344
[CLEANUP], MaxLatency(us), 505599
[CLEANUP], 95thPercentileLatency(us), 505599
[CLEANUP], 99thPercentileLatency(us), 505599
[INSERT], Operations, 1000000
[INSERT], AverageLatency(us), 158.033327
[INSERT], MinLatency(us), 125
[INSERT], MaxLatency(us), 72383
[INSERT], 95thPercentileLatency(us), 165
[INSERT], 99thPercentileLatency(us), 534
[INSERT], Return=OK, 1000000

=== STDERR ===
[WARN]  Running against a source checkout. In order to get our runtime dependencies we'll have to invoke Maven. Depending on the state of your system, this may take ~30-45 seconds
[DEBUG]  Running 'mvn -pl site.ycsb:ozonedb-binding -am package -DskipTests dependency:build-classpath -DincludeScope=compile -Dmdep.outputFilterFile=true'
/usr/lib/jvm/java-8-openjdk-amd64/bin/java -cp /users/Xinying/ozonedb/ycsb/ozonedb/conf:/users/Xinying/ozonedb/ycsb/ozonedb/target/ozonedb-binding-0.18.0-SNAPSHOT.jar:/users/Xinying/.m2/repository/org/apache/htrace/htrace-core4/4.1.0-incubating/htrace-core4-4.1.0-incubating.jar:/users/Xinying/.m2/repository/org/slf4j/slf4j-api/1.7.25/slf4j-api-1.7.25.jar:/users/Xinying/.m2/repository/org/hdrhistogram/HdrHistogram/2.1.12/HdrHistogram-2.1.12.jar:/users/Xinying/.m2/repository/ch/qos/logback/logback-classic/1.2.3/logback-classic-1.2.3.jar:/users/Xinying/.m2/repository/ozonedbjnimaven/demoproc-jni/1.0/demoproc-jni-1.0.jar:/users/Xinying/.m2/repository/ch/qos/logback/logback-core/1.2.3/logback-core-1.2.3.jar:/users/Xinying/.m2/repository/org/codehaus/jackson/jackson-mapper-asl/1.9.4/jackson-mapper-asl-1.9.4.jar:/users/Xinying/.m2/repository/org/slf4j/slf4j-simple/1.7.25/slf4j-simple-1.7.25.jar:/users/Xinying/.m2/repository/org/codehaus/jackson/jackson-core-asl/1.9.4/jackson-core-asl-1.9.4.jar:/users/Xinying/ozonedb/ycsb/core/target/core-0.18.0-SNAPSHOT.jar site.ycsb.Client -db site.ycsb.db.OzoneDBClient -threads 1 -s -P /users/Xinying/ozonedb/ycsb/workloads/generated_workloads/workloada_1KB_1000000_1000000 -p status.interval=1 -p shared_config=/users/Xinying/ozonedb/src/config/local/shared_config_rocksdb.json -load
Command line: -db site.ycsb.db.OzoneDBClient -threads 1 -s -P /users/Xinying/ozonedb/ycsb/workloads/generated_workloads/workloada_1KB_1000000_1000000 -p status.interval=1 -p shared_config=/users/Xinying/ozonedb/src/config/local/shared_config_rocksdb.json -load
YCSB Client 0.18.0-SNAPSHOT

Loading workload...
Starting test.
SLF4J: Class path contains multiple SLF4J bindings.
SLF4J: Found binding in [jar:file:/users/Xinying/.m2/repository/ch/qos/logback/logback-classic/1.2.3/logback-classic-1.2.3.jar!/org/slf4j/impl/StaticLoggerBinder.class]
SLF4J: Found binding in [jar:file:/users/Xinying/.m2/repository/org/slf4j/slf4j-simple/1.7.25/slf4j-simple-1.7.25.jar!/org/slf4j/impl/StaticLoggerBinder.class]
SLF4J: See http://www.slf4j.org/codes.html#multiple_bindings for an explanation.
SLF4J: Actual binding is of type [ch.qos.logback.classic.util.ContextSelectorStaticBinder]
2026-04-28 23:58:00:720 0 sec: 0 operations; est completion in 0 second 
DBWrapper: report latency for each error is false and specific error codes to track for latency are: []
2026-04-28 23:58:01:719 1 sec: 6100 operations; 6100 current ops/sec; est completion in 2 minutes [INSERT: Count=6114, Max=1607, Min=136, Avg=145.56, 90=150, 99=193, 99.9=344, 99.99=1607] 
2026-04-28 23:58:02:719 2 sec: 12931 operations; 6831 current ops/sec; est completion in 2 minutes [INSERT: Count=6820, Max=538, Min=136, Avg=143.43, 90=147, 99=186, 99.9=204, 99.99=538] 
2026-04-28 23:58:03:719 3 sec: 19804 operations; 6873 current ops/sec; est completion in 2 minutes [INSERT: Count=6873, Max=229, Min=136, Avg=142.78, 90=145, 99=179, 99.9=199, 99.99=229] 
2026-04-28 23:58:04:719 4 sec: 26241 operations; 6437 current ops/sec; est completion in 2 minutes [INSERT: Count=6437, Max=52095, Min=136, Avg=152.49, 90=145, 99=193, 99.9=592, 99.99=52095] 
2026-04-28 23:58:05:719 5 sec: 33151 operations; 6910 current ops/sec; est completion in 2 minutes [INSERT: Count=6910, Max=5927, Min=134, Avg=141.66, 90=143, 99=184, 99.9=245, 99.99=5927] 
2026-04-28 23:58:06:719 6 sec: 40131 operations; 6980 current ops/sec; est completion in 2 minutes [INSERT: Count=6980, Max=217, Min=134, Avg=140.52, 90=143, 99=157, 99.9=196, 99.99=217] 
2026-04-28 23:58:07:719 7 sec: 47104 operations; 6973 current ops/sec; est completion in 2 minutes [INSERT: Count=6972, Max=257, Min=134, Avg=140.67, 90=143, 99=175, 99.9=195, 99.99=257] 
2026-04-28 23:58:08:719 8 sec: 54044 operations; 6940 current ops/sec; est completion in 2 minutes [INSERT: Count=6941, Max=5003, Min=133, Avg=141.41, 90=150, 99=181, 99.9=205, 99.99=5003] 
2026-04-28 23:58:09:719 9 sec: 60703 operations; 6659 current ops/sec; est completion in 2 minutes [INSERT: Count=6657, Max=71167, Min=130, Avg=148.21, 90=142, 99=182, 99.9=526, 99.99=71167] 
2026-04-28 23:58:10:719 10 sec: 66860 operations; 6157 current ops/sec; est completion in 2 minutes [INSERT: Count=6159, Max=1344, Min=135, Avg=160.95, 90=146, 99=687, 99.9=1062, 99.99=1344] 
2026-04-28 23:58:11:719 11 sec: 73831 operations; 6971 current ops/sec; est completion in 2 minutes [INSERT: Count=6970, Max=302, Min=138, Avg=142.06, 90=144, 99=166, 99.9=199, 99.99=302] 
2026-04-28 23:58:12:719 12 sec: 80948 operations; 7117 current ops/sec; est completion in 2 minutes [INSERT: Count=7118, Max=210, Min=134, Avg=139.16, 90=142, 99=162, 99.9=198, 99.99=210] 
2026-04-28 23:58:13:719 13 sec: 87977 operations; 7029 current ops/sec; est completion in 2 minutes [INSERT: Count=7028, Max=570, Min=134, Avg=140.91, 90=143, 99=167, 99.9=199, 99.99=570] 
2026-04-28 23:58:14:719 14 sec: 94957 operations; 6980 current ops/sec; est completion in 2 minutes [INSERT: Count=6982, Max=229, Min=138, Avg=141.86, 90=144, 99=163, 99.9=199, 99.99=229] 
2026-04-28 23:58:15:719 15 sec: 101211 operations; 6254 current ops/sec; est completion in 2 minutes [INSERT: Count=6253, Max=70783, Min=133, Avg=158.35, 90=146, 99=522, 99.9=970, 99.99=70783] 
2026-04-28 23:58:16:719 16 sec: 108208 operations; 6997 current ops/sec; est completion in 2 minutes [INSERT: Count=6996, Max=262, Min=136, Avg=140.73, 90=145, 99=172, 99.9=199, 99.99=262] 
2026-04-28 23:58:17:719 17 sec: 115217 operations; 7009 current ops/sec; est completion in 2 minutes [INSERT: Count=7009, Max=634, Min=136, Avg=141.13, 90=146, 99=173, 99.9=201, 99.99=634] 
2026-04-28 23:58:18:719 18 sec: 122373 operations; 7156 current ops/sec; est completion in 2 minutes [INSERT: Count=7156, Max=842, Min=125, Avg=138.43, 90=145, 99=176, 99.9=220, 99.99=842] 
2026-04-28 23:58:19:719 19 sec: 129402 operations; 7029 current ops/sec; est completion in 2 minutes [INSERT: Count=7029, Max=438, Min=132, Avg=140.91, 90=146, 99=171, 99.9=199, 99.99=438] 
2026-04-28 23:58:20:719 20 sec: 134356 operations; 4954 current ops/sec; est completion in 2 minutes [INSERT: Count=4955, Max=70015, Min=126, Avg=200.47, 90=517, 99=862, 99.9=1201, 99.99=70015] 
2026-04-28 23:58:21:719 21 sec: 141857 operations; 7501 current ops/sec; est completion in 2 minutes [INSERT: Count=7501, Max=219, Min=127, Avg=132.04, 90=135, 99=157, 99.9=196, 99.99=219] 
2026-04-28 23:58:22:719 22 sec: 149067 operations; 7210 current ops/sec; est completion in 2 minutes [INSERT: Count=7209, Max=595, Min=128, Avg=137.38, 90=145, 99=171, 99.9=198, 99.99=595] 
2026-04-28 23:58:23:719 23 sec: 155931 operations; 6864 current ops/sec; est completion in 2 minutes [INSERT: Count=6864, Max=231, Min=138, Avg=144.27, 90=147, 99=171, 99.9=202, 99.99=231] 
2026-04-28 23:58:24:719 24 sec: 163281 operations; 7350 current ops/sec; est completion in 2 minutes [INSERT: Count=7350, Max=220, Min=127, Avg=134.22, 90=143, 99=169, 99.9=197, 99.99=220] 
2026-04-28 23:58:25:719 25 sec: 169980 operations; 6699 current ops/sec; est completion in 2 minutes [INSERT: Count=6699, Max=69311, Min=127, Avg=147.88, 90=141, 99=191, 99.9=898, 99.99=69311] 
2026-04-28 23:58:26:719 26 sec: 177176 operations; 7196 current ops/sec; est completion in 2 minutes [INSERT: Count=7196, Max=583, Min=126, Avg=137.61, 90=146, 99=181, 99.9=231, 99.99=583] 
2026-04-28 23:58:27:719 27 sec: 184430 operations; 7254 current ops/sec; est completion in 2 minutes [INSERT: Count=7254, Max=290, Min=126, Avg=136.58, 90=144, 99=171, 99.9=198, 99.99=290] 
2026-04-28 23:58:28:719 28 sec: 191714 operations; 7284 current ops/sec; est completion in 1 minute [INSERT: Count=7284, Max=409, Min=126, Avg=135.98, 90=143, 99=169, 99.9=198, 99.99=409] 
2026-04-28 23:58:29:719 29 sec: 199186 operations; 7472 current ops/sec; est completion in 1 minute [INSERT: Count=7472, Max=347, Min=126, Avg=132.53, 90=140, 99=169, 99.9=202, 99.99=347] 
2026-04-28 23:58:30:719 30 sec: 203078 operations; 3892 current ops/sec; est completion in 1 minute [INSERT: Count=3893, Max=72383, Min=128, Avg=255.47, 90=527, 99=1045, 99.9=2018, 99.99=72383] 
2026-04-28 23:58:31:719 31 sec: 210353 operations; 7275 current ops/sec; est completion in 1 minute [INSERT: Count=7274, Max=431, Min=127, Avg=136.16, 90=140, 99=171, 99.9=198, 99.99=431] 
2026-04-28 23:58:32:719 32 sec: 217627 operations; 7274 current ops/sec; est completion in 1 minute [INSERT: Count=7273, Max=231, Min=131, Avg=135.7, 90=139, 99=161, 99.9=193, 99.99=231] 
2026-04-28 23:58:33:719 33 sec: 224923 operations; 7296 current ops/sec; est completion in 1 minute [INSERT: Count=7296, Max=230, Min=131, Avg=135.74, 90=139, 99=163, 99.9=191, 99.99=230] 
2026-04-28 23:58:34:719 34 sec: 232221 operations; 7298 current ops/sec; est completion in 1 minute [INSERT: Count=7298, Max=36863, Min=125, Avg=135.68, 90=135, 99=166, 99.9=194, 99.99=36863] 
2026-04-28 23:58:35:719 35 sec: 238053 operations; 5832 current ops/sec; est completion in 1 minute [INSERT: Count=5833, Max=67135, Min=126, Avg=170.11, 90=150, 99=602, 99.9=1220, 99.99=67135] 
2026-04-28 23:58:36:719 36 sec: 245099 operations; 7046 current ops/sec; est completion in 1 minute [INSERT: Count=7045, Max=530, Min=131, Avg=140.55, 90=146, 99=182, 99.9=225, 99.99=530] 
2026-04-28 23:58:37:719 37 sec: 252139 operations; 7040 current ops/sec; est completion in 1 minute [INSERT: Count=7040, Max=466, Min=129, Avg=140.67, 90=146, 99=173, 99.9=204, 99.99=466] 
2026-04-28 23:58:38:719 38 sec: 259580 operations; 7441 current ops/sec; est completion in 1 minute [INSERT: Count=7441, Max=208, Min=129, Avg=133.12, 90=135, 99=157, 99.9=190, 99.99=208] 
2026-04-28 23:58:39:719 39 sec: 267000 operations; 7420 current ops/sec; est completion in 1 minute [INSERT: Count=7420, Max=646, Min=129, Avg=133.46, 90=137, 99=163, 99.9=197, 99.99=646] 
2026-04-28 23:58:40:719 40 sec: 272306 operations; 5306 current ops/sec; est completion in 1 minute [INSERT: Count=5305, Max=71039, Min=129, Avg=187.08, 90=185, 99=761, 99.9=1331, 99.99=71039] 
2026-04-28 23:58:41:719 41 sec: 278420 operations; 6114 current ops/sec; est completion in 1 minute [INSERT: Count=6115, Max=1289, Min=126, Avg=162.33, 90=147, 99=774, 99.9=1149, 99.99=1289] 
2026-04-28 23:58:42:719 42 sec: 285711 operations; 7291 current ops/sec; est completion in 1 minute [INSERT: Count=7291, Max=223, Min=130, Avg=135.85, 90=139, 99=165, 99.9=197, 99.99=223] 
2026-04-28 23:58:43:719 43 sec: 292957 operations; 7246 current ops/sec; est completion in 1 minute [INSERT: Count=7246, Max=637, Min=131, Avg=136.72, 90=142, 99=164, 99.9=196, 99.99=637] 
2026-04-28 23:58:44:719 44 sec: 300139 operations; 7182 current ops/sec; est completion in 1 minute [INSERT: Count=7182, Max=481, Min=130, Avg=137.91, 90=142, 99=175, 99.9=201, 99.99=481] 
2026-04-28 23:58:45:719 45 sec: 305993 operations; 5854 current ops/sec; est completion in 1 minute [INSERT: Count=5854, Max=67583, Min=131, Avg=169.49, 90=146, 99=600, 99.9=1143, 99.99=67583] 
2026-04-28 23:58:46:719 46 sec: 311319 operations; 5326 current ops/sec; est completion in 1 minute [INSERT: Count=5326, Max=1253, Min=129, Avg=186.41, 90=280, 99=758, 99.9=1181, 99.99=1253] 
2026-04-28 23:58:47:719 47 sec: 318529 operations; 7210 current ops/sec; est completion in 1 minute [INSERT: Count=7210, Max=510, Min=131, Avg=137.42, 90=141, 99=164, 99.9=201, 99.99=510] 
2026-04-28 23:58:48:719 48 sec: 325702 operations; 7173 current ops/sec; est completion in 1 minute [INSERT: Count=7172, Max=760, Min=133, Avg=138.13, 90=144, 99=179, 99.9=208, 99.99=760] 
2026-04-28 23:58:49:719 49 sec: 332447 operations; 6745 current ops/sec; est completion in 1 minute [INSERT: Count=6746, Max=3827, Min=142, Avg=146.82, 90=149, 99=176, 99.9=203, 99.99=3827] 
2026-04-28 23:58:50:719 50 sec: 338538 operations; 6091 current ops/sec; est completion in 1 minute [INSERT: Count=6091, Max=64639, Min=140, Avg=162.79, 90=150, 99=522, 99.9=976, 99.99=64639] 
2026-04-28 23:58:51:719 51 sec: 344273 operations; 5735 current ops/sec; est completion in 1 minute [INSERT: Count=5735, Max=1166, Min=129, Avg=173.03, 90=187, 99=775, 99.9=1119, 99.99=1166] 
2026-04-28 23:58:52:719 52 sec: 351409 operations; 7136 current ops/sec; est completion in 1 minute [INSERT: Count=7136, Max=630, Min=128, Avg=138.83, 90=143, 99=173, 99.9=204, 99.99=630] 
2026-04-28 23:58:53:719 53 sec: 358443 operations; 7034 current ops/sec; est completion in 1 minute [INSERT: Count=7034, Max=486, Min=135, Avg=140.81, 90=144, 99=171, 99.9=201, 99.99=486] 
2026-04-28 23:58:54:719 54 sec: 365557 operations; 7114 current ops/sec; est completion in 1 minute [INSERT: Count=7114, Max=443, Min=133, Avg=139.29, 90=143, 99=169, 99.9=204, 99.99=443] 
2026-04-28 23:58:55:719 55 sec: 372648 operations; 7091 current ops/sec; est completion in 1 minute [INSERT: Count=7090, Max=509, Min=134, Avg=139.77, 90=142, 99=171, 99.9=434, 99.99=509] 
2026-04-28 23:58:56:719 56 sec: 375166 operations; 2518 current ops/sec; est completion in 1 minute [INSERT: Count=2519, Max=68095, Min=136, Avg=395.69, 90=614, 99=1216, 99.9=2077, 99.99=68095] 
2026-04-28 23:58:57:719 57 sec: 382044 operations; 6878 current ops/sec; est completion in 1 minute [INSERT: Count=6879, Max=15831, Min=132, Avg=144.05, 90=147, 99=175, 99.9=215, 99.99=15831] 
2026-04-28 23:58:58:719 58 sec: 389290 operations; 7246 current ops/sec; est completion in 1 minute [INSERT: Count=7245, Max=230, Min=132, Avg=136.72, 90=139, 99=163, 99.9=194, 99.99=230] 
2026-04-28 23:58:59:719 59 sec: 396574 operations; 7284 current ops/sec; est completion in 1 minute [INSERT: Count=7284, Max=220, Min=131, Avg=135.99, 90=139, 99=161, 99.9=190, 99.99=220] 
2026-04-28 23:59:00:719 60 sec: 403855 operations; 7281 current ops/sec; est completion in 1 minute [INSERT: Count=7280, Max=225, Min=132, Avg=136.08, 90=139, 99=163, 99.9=193, 99.99=225] 
2026-04-28 23:59:01:719 61 sec: 408984 operations; 5129 current ops/sec; est completion in 1 minute [INSERT: Count=5130, Max=63295, Min=132, Avg=193.62, 90=262, 99=702, 99.9=1222, 99.99=63295] 
2026-04-28 23:59:02:719 62 sec: 415739 operations; 6755 current ops/sec; est completion in 1 minute [INSERT: Count=6755, Max=422, Min=134, Avg=146.74, 90=153, 99=178, 99.9=208, 99.99=422] 
2026-04-28 23:59:03:719 63 sec: 422719 operations; 6980 current ops/sec; est completion in 1 minute [INSERT: Count=6980, Max=383, Min=134, Avg=141.99, 90=148, 99=174, 99.9=210, 99.99=383] 
2026-04-28 23:59:04:719 64 sec: 429482 operations; 6763 current ops/sec; est completion in 1 minute [INSERT: Count=6763, Max=454, Min=135, Avg=146.54, 90=150, 99=179, 99.9=218, 99.99=454] 
2026-04-28 23:59:05:719 65 sec: 436257 operations; 6775 current ops/sec; est completion in 1 minute [INSERT: Count=6775, Max=1732, Min=135, Avg=146.28, 90=150, 99=188, 99.9=263, 99.99=1732] 
2026-04-28 23:59:06:719 66 sec: 439192 operations; 2935 current ops/sec; est completion in 1 minute [INSERT: Count=2934, Max=65503, Min=136, Avg=339.37, 90=610, 99=1137, 99.9=1344, 99.99=65503] 
2026-04-28 23:59:07:719 67 sec: 445021 operations; 5829 current ops/sec; est completion in 1 minute [INSERT: Count=5830, Max=1274, Min=139, Avg=170.15, 90=162, 99=556, 99.9=1183, 99.99=1274] 
2026-04-28 23:59:08:719 68 sec: 451849 operations; 6828 current ops/sec; est completion in 1 minute [INSERT: Count=6828, Max=249, Min=135, Avg=145.08, 90=149, 99=175, 99.9=206, 99.99=249] 
2026-04-28 23:59:09:719 69 sec: 458582 operations; 6733 current ops/sec; est completion in 1 minute [INSERT: Count=6733, Max=220, Min=136, Avg=147.12, 90=150, 99=176, 99.9=207, 99.99=220] 
2026-04-28 23:59:10:719 70 sec: 465403 operations; 6821 current ops/sec; est completion in 1 minute [INSERT: Count=6821, Max=668, Min=135, Avg=145.26, 90=150, 99=184, 99.9=207, 99.99=668] 
2026-04-28 23:59:11:719 71 sec: 469399 operations; 3996 current ops/sec; est completion in 1 minute [INSERT: Count=3996, Max=59391, Min=131, Avg=248.86, 90=528, 99=1042, 99.9=1259, 99.99=59391] 
2026-04-28 23:59:12:719 72 sec: 476543 operations; 7144 current ops/sec; est completion in 1 minute [INSERT: Count=7143, Max=350, Min=131, Avg=138.68, 90=144, 99=171, 99.9=204, 99.99=350] 
2026-04-28 23:59:13:719 73 sec: 483484 operations; 6941 current ops/sec; est completion in 1 minute [INSERT: Count=6942, Max=473, Min=137, Avg=142.7, 90=146, 99=177, 99.9=229, 99.99=473] 
2026-04-28 23:59:14:719 74 sec: 490428 operations; 6944 current ops/sec; est completion in 1 minute [INSERT: Count=6945, Max=1864, Min=137, Avg=142.66, 90=145, 99=172, 99.9=224, 99.99=1864] 
2026-04-28 23:59:15:719 75 sec: 497374 operations; 6946 current ops/sec; est completion in 1 minute [INSERT: Count=6945, Max=654, Min=137, Avg=142.64, 90=146, 99=177, 99.9=207, 99.99=654] 
2026-04-28 23:59:16:719 76 sec: 501525 operations; 4151 current ops/sec; est completion in 1 minute [INSERT: Count=4150, Max=64415, Min=136, Avg=239.4, 90=525, 99=976, 99.9=2075, 99.99=64415] 
2026-04-28 23:59:17:719 77 sec: 505693 operations; 4168 current ops/sec; est completion in 1 minute [INSERT: Count=4169, Max=2329, Min=132, Avg=238.66, 90=529, 99=1117, 99.9=1467, 99.99=2329] 
2026-04-28 23:59:18:719 78 sec: 512982 operations; 7289 current ops/sec; est completion in 1 minute [INSERT: Count=7289, Max=258, Min=131, Avg=135.88, 90=138, 99=161, 99.9=193, 99.99=258] 
2026-04-28 23:59:19:719 79 sec: 520289 operations; 7307 current ops/sec; est completion in 1 minute [INSERT: Count=7307, Max=226, Min=131, Avg=135.55, 90=138, 99=160, 99.9=196, 99.99=226] 
2026-04-28 23:59:20:719 80 sec: 526999 operations; 6710 current ops/sec; est completion in 1 minute [INSERT: Count=6711, Max=668, Min=129, Avg=147.63, 90=153, 99=182, 99.9=214, 99.99=668] 
2026-04-28 23:59:21:719 81 sec: 532311 operations; 5312 current ops/sec; est completion in 1 minute [INSERT: Count=5311, Max=61535, Min=129, Avg=187, 90=192, 99=732, 99.9=1257, 99.99=61535] 
2026-04-28 23:59:22:719 82 sec: 539019 operations; 6708 current ops/sec; est completion in 1 minute [INSERT: Count=6707, Max=2009, Min=138, Avg=147.79, 90=153, 99=176, 99.9=223, 99.99=2009] 
2026-04-28 23:59:23:719 83 sec: 545736 operations; 6717 current ops/sec; est completion in 1 minute [INSERT: Count=6719, Max=604, Min=139, Avg=147.6, 90=151, 99=178, 99.9=211, 99.99=604] 
2026-04-28 23:59:24:719 84 sec: 552213 operations; 6477 current ops/sec; est completion in 1 minute [INSERT: Count=6476, Max=683, Min=140, Avg=153.08, 90=163, 99=197, 99.9=232, 99.99=683] 
2026-04-28 23:59:25:719 85 sec: 558364 operations; 6151 current ops/sec; est completion in 1 minute [INSERT: Count=6152, Max=528, Min=151, Avg=161.17, 90=166, 99=191, 99.9=227, 99.99=528] 
2026-04-28 23:59:26:719 86 sec: 563319 operations; 4955 current ops/sec; est completion in 1 minute [INSERT: Count=4953, Max=62367, Min=149, Avg=200.37, 90=169, 99=842, 99.9=1090, 99.99=62367] 
2026-04-28 23:59:27:719 87 sec: 566714 operations; 3395 current ops/sec; est completion in 1 minute [INSERT: Count=3395, Max=1345, Min=135, Avg=293.34, 90=534, 99=1172, 99.9=1309, 99.99=1345] 
2026-04-28 23:59:28:719 88 sec: 573335 operations; 6621 current ops/sec; est completion in 1 minute [INSERT: Count=6622, Max=213, Min=136, Avg=149.67, 90=153, 99=176, 99.9=209, 99.99=213] 
2026-04-28 23:59:29:719 89 sec: 580311 operations; 6976 current ops/sec; est completion in 1 minute [INSERT: Count=6976, Max=669, Min=136, Avg=142.09, 90=145, 99=190, 99.9=205, 99.99=669] 
2026-04-28 23:59:30:719 90 sec: 587096 operations; 6785 current ops/sec; est completion in 1 minute [INSERT: Count=6785, Max=2253, Min=138, Avg=146.08, 90=148, 99=185, 99.9=203, 99.99=2253] 
2026-04-28 23:59:31:719 91 sec: 592940 operations; 5844 current ops/sec; est completion in 1 minute [INSERT: Count=5843, Max=59103, Min=138, Avg=169.81, 90=152, 99=533, 99.9=1108, 99.99=59103] 
2026-04-28 23:59:32:719 92 sec: 598052 operations; 5112 current ops/sec; est completion in 1 minute [INSERT: Count=5112, Max=1294, Min=145, Avg=194.21, 90=217, 99=753, 99.9=1237, 99.99=1294] 
2026-04-28 23:59:33:719 93 sec: 604376 operations; 6324 current ops/sec; est completion in 1 minute [INSERT: Count=6325, Max=652, Min=150, Avg=156.74, 90=159, 99=204, 99.9=229, 99.99=652] 
2026-04-28 23:59:34:719 94 sec: 611113 operations; 6737 current ops/sec; est completion in 1 minute [INSERT: Count=6737, Max=681, Min=140, Avg=147.14, 90=150, 99=195, 99.9=221, 99.99=681] 
2026-04-28 23:59:35:719 95 sec: 617846 operations; 6733 current ops/sec; est completion in 59 seconds [INSERT: Count=6733, Max=485, Min=141, Avg=147.23, 90=150, 99=182, 99.9=261, 99.99=485] 
2026-04-28 23:59:36:719 96 sec: 624195 operations; 6349 current ops/sec; est completion in 58 seconds [INSERT: Count=6348, Max=829, Min=140, Avg=153.21, 90=156, 99=203, 99.9=645, 99.99=829] 
2026-04-28 23:59:37:719 97 sec: 626544 operations; 2349 current ops/sec; est completion in 58 seconds [INSERT: Count=2350, Max=63263, Min=134, Avg=432.07, 90=653, 99=1213, 99.9=2095, 99.99=63263] 
2026-04-28 23:59:38:719 98 sec: 633516 operations; 6972 current ops/sec; est completion in 57 seconds [INSERT: Count=6972, Max=2043, Min=134, Avg=142.1, 90=152, 99=177, 99.9=207, 99.99=2043] 
2026-04-28 23:59:39:719 99 sec: 640454 operations; 6938 current ops/sec; est completion in 56 seconds [INSERT: Count=6938, Max=657, Min=135, Avg=142.81, 90=150, 99=189, 99.9=227, 99.99=657] 
2026-04-28 23:59:40:719 100 sec: 647473 operations; 7019 current ops/sec; est completion in 55 seconds [INSERT: Count=7019, Max=275, Min=133, Avg=141.16, 90=145, 99=173, 99.9=201, 99.99=275] 
2026-04-28 23:59:41:719 101 sec: 654422 operations; 6949 current ops/sec; est completion in 54 seconds [INSERT: Count=6949, Max=728, Min=135, Avg=142.57, 90=146, 99=171, 99.9=206, 99.99=728] 
2026-04-28 23:59:42:719 102 sec: 658317 operations; 3895 current ops/sec; est completion in 53 seconds [INSERT: Count=3894, Max=60895, Min=132, Avg=255.5, 90=528, 99=1032, 99.9=1641, 99.99=60895] 
2026-04-28 23:59:43:719 103 sec: 665217 operations; 6900 current ops/sec; est completion in 52 seconds [INSERT: Count=6901, Max=675, Min=131, Avg=143.56, 90=150, 99=183, 99.9=210, 99.99=675] 
2026-04-28 23:59:44:719 104 sec: 672187 operations; 6970 current ops/sec; est completion in 51 seconds [INSERT: Count=6969, Max=622, Min=132, Avg=142.16, 90=146, 99=179, 99.9=241, 99.99=622] 
2026-04-28 23:59:45:719 105 sec: 679143 operations; 6956 current ops/sec; est completion in 50 seconds [INSERT: Count=6956, Max=788, Min=133, Avg=142.43, 90=151, 99=181, 99.9=214, 99.99=788] 
2026-04-28 23:59:46:719 106 sec: 686197 operations; 7054 current ops/sec; est completion in 49 seconds [INSERT: Count=7054, Max=1518, Min=132, Avg=140.2, 90=144, 99=164, 99.9=204, 99.99=1518] 
2026-04-28 23:59:47:719 107 sec: 688900 operations; 2703 current ops/sec; est completion in 49 seconds [INSERT: Count=2703, Max=65663, Min=134, Avg=368.55, 90=631, 99=1134, 99.9=1334, 99.99=65663] 
2026-04-28 23:59:48:719 108 sec: 694661 operations; 5761 current ops/sec; est completion in 48 seconds [INSERT: Count=5762, Max=1262, Min=139, Avg=172.26, 90=153, 99=670, 99.9=1188, 99.99=1262] 
2026-04-28 23:59:49:719 109 sec: 701294 operations; 6633 current ops/sec; est completion in 47 seconds [INSERT: Count=6633, Max=667, Min=138, Avg=149.48, 90=155, 99=197, 99.9=299, 99.99=667] 
2026-04-28 23:59:50:719 110 sec: 707800 operations; 6506 current ops/sec; est completion in 46 seconds [INSERT: Count=6505, Max=567, Min=142, Avg=152.46, 90=158, 99=190, 99.9=215, 99.99=567] 
2026-04-28 23:59:51:719 111 sec: 714426 operations; 6626 current ops/sec; est completion in 45 seconds [INSERT: Count=6627, Max=608, Min=142, Avg=149.64, 90=160, 99=189, 99.9=214, 99.99=608] 
2026-04-28 23:59:52:719 112 sec: 717705 operations; 3279 current ops/sec; est completion in 45 seconds [INSERT: Count=3279, Max=57727, Min=142, Avg=303.59, 90=532, 99=1014, 99.9=2163, 99.99=57727] 
2026-04-28 23:59:53:719 113 sec: 724326 operations; 6621 current ops/sec; est completion in 44 seconds [INSERT: Count=6620, Max=554, Min=138, Avg=149.65, 90=155, 99=203, 99.9=529, 99.99=554] 
2026-04-28 23:59:54:719 114 sec: 731103 operations; 6777 current ops/sec; est completion in 42 seconds [INSERT: Count=6777, Max=695, Min=131, Avg=145.89, 90=149, 99=176, 99.9=209, 99.99=695] 
2026-04-28 23:59:55:719 115 sec: 737964 operations; 6861 current ops/sec; est completion in 41 seconds [INSERT: Count=6862, Max=376, Min=131, Avg=144.35, 90=151, 99=169, 99.9=206, 99.99=376] 
2026-04-28 23:59:56:719 116 sec: 744674 operations; 6710 current ops/sec; est completion in 40 seconds [INSERT: Count=6709, Max=1524, Min=138, Avg=147.57, 90=151, 99=176, 99.9=249, 99.99=1524] 
2026-04-28 23:59:57:719 117 sec: 748585 operations; 3911 current ops/sec; est completion in 40 seconds [INSERT: Count=3911, Max=61599, Min=142, Avg=254.24, 90=528, 99=1095, 99.9=2115, 99.99=61599] 
2026-04-28 23:59:58:719 118 sec: 753242 operations; 4657 current ops/sec; est completion in 39 seconds [INSERT: Count=4658, Max=2139, Min=133, Avg=213.28, 90=524, 99=964, 99.9=1430, 99.99=2139] 
2026-04-28 23:59:59:719 119 sec: 760160 operations; 6918 current ops/sec; est completion in 38 seconds [INSERT: Count=6918, Max=648, Min=136, Avg=143.19, 90=149, 99=177, 99.9=207, 99.99=648] 
2026-04-29 00:00:00:719 120 sec: 766728 operations; 6568 current ops/sec; est completion in 37 seconds [INSERT: Count=6567, Max=668, Min=146, Avg=150.78, 90=153, 99=178, 99.9=209, 99.99=668] 
2026-04-29 00:00:01:719 121 sec: 773366 operations; 6638 current ops/sec; est completion in 36 seconds [INSERT: Count=6638, Max=2065, Min=144, Avg=149.19, 90=151, 99=173, 99.9=210, 99.99=2065] 
2026-04-29 00:00:02:719 122 sec: 777879 operations; 4513 current ops/sec; est completion in 35 seconds [INSERT: Count=4513, Max=67327, Min=134, Avg=220.14, 90=521, 99=929, 99.9=1309, 99.99=67327] 
2026-04-29 00:00:03:719 123 sec: 783093 operations; 5214 current ops/sec; est completion in 35 seconds [INSERT: Count=5214, Max=1271, Min=138, Avg=190.52, 90=273, 99=887, 99.9=1206, 99.99=1271] 
2026-04-29 00:00:04:719 124 sec: 789972 operations; 6879 current ops/sec; est completion in 33 seconds [INSERT: Count=6880, Max=686, Min=137, Avg=144.11, 90=148, 99=188, 99.9=212, 99.99=686] 
2026-04-29 00:00:05:719 125 sec: 796886 operations; 6914 current ops/sec; est completion in 32 seconds [INSERT: Count=6914, Max=331, Min=137, Avg=143.38, 90=147, 99=180, 99.9=205, 99.99=331] 
2026-04-29 00:00:06:719 126 sec: 803821 operations; 6935 current ops/sec; est completion in 31 seconds [INSERT: Count=6935, Max=237, Min=137, Avg=142.95, 90=146, 99=170, 99.9=207, 99.99=237] 
2026-04-29 00:00:07:719 127 sec: 808958 operations; 5137 current ops/sec; est completion in 30 seconds [INSERT: Count=5136, Max=61823, Min=138, Avg=193.37, 90=195, 99=743, 99.9=1202, 99.99=61823] 
2026-04-29 00:00:08:719 128 sec: 813795 operations; 4837 current ops/sec; est completion in 30 seconds [INSERT: Count=4838, Max=1248, Min=135, Avg=205.37, 90=522, 99=928, 99.9=1186, 99.99=1248] 
2026-04-29 00:00:09:719 129 sec: 820938 operations; 7143 current ops/sec; est completion in 29 seconds [INSERT: Count=7142, Max=2125, Min=129, Avg=138.72, 90=142, 99=170, 99.9=196, 99.99=2125] 
2026-04-29 00:00:10:719 130 sec: 828092 operations; 7154 current ops/sec; est completion in 27 seconds [INSERT: Count=7154, Max=587, Min=131, Avg=138.49, 90=142, 99=172, 99.9=210, 99.99=587] 
2026-04-29 00:00:11:719 131 sec: 835117 operations; 7025 current ops/sec; est completion in 26 seconds [INSERT: Count=7025, Max=630, Min=130, Avg=141.06, 90=144, 99=164, 99.9=330, 99.99=630] 
2026-04-29 00:00:12:719 132 sec: 840916 operations; 5799 current ops/sec; est completion in 25 seconds [INSERT: Count=5799, Max=67199, Min=138, Avg=171.01, 90=148, 99=537, 99.9=940, 99.99=67199] 
2026-04-29 00:00:13:719 133 sec: 842767 operations; 1851 current ops/sec; est completion in 25 seconds [INSERT: Count=1851, Max=3799, Min=242, Avg=538.94, 90=734, 99=1210, 99.9=2191, 99.99=3799] 
2026-04-29 00:00:14:719 134 sec: 849372 operations; 6605 current ops/sec; est completion in 24 seconds [INSERT: Count=6605, Max=1191, Min=137, Avg=150.1, 90=150, 99=202, 99.9=667, 99.99=1191] 
2026-04-29 00:00:15:719 135 sec: 856107 operations; 6735 current ops/sec; est completion in 23 seconds [INSERT: Count=6736, Max=371, Min=141, Avg=147.15, 90=150, 99=171, 99.9=206, 99.99=371] 
2026-04-29 00:00:16:719 136 sec: 862809 operations; 6702 current ops/sec; est completion in 22 seconds [INSERT: Count=6701, Max=1865, Min=142, Avg=147.91, 90=150, 99=166, 99.9=206, 99.99=1865] 
2026-04-29 00:00:17:719 137 sec: 869072 operations; 6263 current ops/sec; est completion in 21 seconds [INSERT: Count=6263, Max=56159, Min=141, Avg=158.34, 90=151, 99=198, 99.9=736, 99.99=56159] 
2026-04-29 00:00:18:719 138 sec: 871805 operations; 2733 current ops/sec; est completion in 21 seconds [INSERT: Count=2734, Max=1504, Min=134, Avg=364.42, 90=616, 99=1106, 99.9=1311, 99.99=1504] 
2026-04-29 00:00:19:719 139 sec: 878497 operations; 6692 current ops/sec; est completion in 20 seconds [INSERT: Count=6692, Max=673, Min=143, Avg=148.02, 90=150, 99=174, 99.9=210, 99.99=673] 
2026-04-29 00:00:20:719 140 sec: 885363 operations; 6866 current ops/sec; est completion in 19 seconds [INSERT: Count=6865, Max=645, Min=133, Avg=144.29, 90=147, 99=186, 99.9=207, 99.99=645] 
2026-04-29 00:00:21:719 141 sec: 892329 operations; 6966 current ops/sec; est completion in 18 seconds [INSERT: Count=6966, Max=677, Min=131, Avg=142.26, 90=147, 99=164, 99.9=204, 99.99=677] 
2026-04-29 00:00:22:719 142 sec: 899098 operations; 6769 current ops/sec; est completion in 16 seconds [INSERT: Count=6770, Max=718, Min=138, Avg=146.35, 90=151, 99=183, 99.9=272, 99.99=718] 
2026-04-29 00:00:23:719 143 sec: 901402 operations; 2304 current ops/sec; est completion in 16 seconds [INSERT: Count=2304, Max=59711, Min=135, Avg=432.7, 90=640, 99=1168, 99.9=2549, 99.99=59711] 
2026-04-29 00:00:24:719 144 sec: 908393 operations; 6991 current ops/sec; est completion in 15 seconds [INSERT: Count=6991, Max=396, Min=134, Avg=141.72, 90=144, 99=167, 99.9=201, 99.99=396] 
2026-04-29 00:00:25:719 145 sec: 915415 operations; 7022 current ops/sec; est completion in 14 seconds [INSERT: Count=7022, Max=209, Min=136, Avg=141.11, 90=143, 99=158, 99.9=201, 99.99=209] 
2026-04-29 00:00:26:719 146 sec: 922511 operations; 7096 current ops/sec; est completion in 13 seconds [INSERT: Count=7096, Max=253, Min=132, Avg=139.63, 90=142, 99=164, 99.9=197, 99.99=253] 
2026-04-29 00:00:27:719 147 sec: 929440 operations; 6929 current ops/sec; est completion in 12 seconds [INSERT: Count=6928, Max=1588, Min=137, Avg=143.02, 90=145, 99=171, 99.9=205, 99.99=1588] 
2026-04-29 00:00:28:719 148 sec: 932357 operations; 2917 current ops/sec; est completion in 11 seconds [INSERT: Count=2918, Max=61599, Min=136, Avg=341.42, 90=538, 99=1086, 99.9=2833, 99.99=61599] 
2026-04-29 00:00:29:719 149 sec: 939272 operations; 6915 current ops/sec; est completion in 10 seconds [INSERT: Count=6914, Max=303, Min=137, Avg=143.27, 90=146, 99=170, 99.9=207, 99.99=303] 
2026-04-29 00:00:30:719 150 sec: 946195 operations; 6923 current ops/sec; est completion in 9 second [INSERT: Count=6924, Max=2387, Min=137, Avg=143.09, 90=145, 99=173, 99.9=274, 99.99=2387] 
2026-04-29 00:00:31:719 151 sec: 953106 operations; 6911 current ops/sec; est completion in 8 second [INSERT: Count=6910, Max=724, Min=132, Avg=143.37, 90=147, 99=170, 99.9=443, 99.99=724] 
2026-04-29 00:00:32:719 152 sec: 959737 operations; 6631 current ops/sec; est completion in 7 second [INSERT: Count=6631, Max=712, Min=143, Avg=149.41, 90=152, 99=180, 99.9=446, 99.99=712] 
2026-04-29 00:00:33:719 153 sec: 962835 operations; 3098 current ops/sec; est completion in 6 second [INSERT: Count=3098, Max=63039, Min=144, Avg=321.37, 90=534, 99=1143, 99.9=2019, 99.99=63039] 
2026-04-29 00:00:34:719 154 sec: 967153 operations; 4318 current ops/sec; est completion in 6 second [INSERT: Count=4319, Max=1397, Min=137, Avg=230.24, 90=527, 99=925, 99.9=1152, 99.99=1397] 
2026-04-29 00:00:35:719 155 sec: 973840 operations; 6687 current ops/sec; est completion in 5 second [INSERT: Count=6686, Max=664, Min=143, Avg=148.16, 90=150, 99=174, 99.9=212, 99.99=664] 
2026-04-29 00:00:36:719 156 sec: 980991 operations; 7151 current ops/sec; est completion in 4 second [INSERT: Count=7152, Max=320, Min=130, Avg=138.56, 90=141, 99=160, 99.9=197, 99.99=320] 
2026-04-29 00:00:37:719 157 sec: 987740 operations; 6749 current ops/sec; est completion in 2 second [INSERT: Count=6748, Max=1522, Min=131, Avg=146.53, 90=151, 99=171, 99.9=214, 99.99=1522] 
2026-04-29 00:00:38:719 158 sec: 991461 operations; 3721 current ops/sec; est completion in 2 second [INSERT: Count=3721, Max=56799, Min=140, Avg=267.32, 90=528, 99=1034, 99.9=1270, 99.99=56799] 
2026-04-29 00:00:39:719 159 sec: 996169 operations; 4708 current ops/sec; est completion in 1 second [INSERT: Count=4709, Max=1261, Min=134, Avg=211.04, 90=522, 99=937, 99.9=1204, 99.99=1261] 
2026-04-29 00:00:40:719 160 sec: 1000000 operations; 3831 current ops/sec; [INSERT: Count=3830, Max=723, Min=143, Avg=147.5, 90=149, 99=186, 99.9=212, 99.99=723] 
2026-04-29 00:00:40:796 160 sec: 1000000 operations; 0 current ops/sec; [CLEANUP: Count=1, Max=505599, Min=505344, Avg=505472, 90=505599, 99=505599, 99.9=505599, 99.99=505599] [INSERT: Count=0, Max=0, Min=0, Avg=0, 90=0, 99=0, 99.9=0, 99.99=0] 
	Command being timed: "/users/Xinying/ozonedb/ycsb/bin/ycsb load ozonedb -threads 1 -s -P /users/Xinying/ozonedb/ycsb/workloads/generated_workloads/workloada_1KB_1000000_1000000 -p status.interval=1 -p shared_config=/users/Xinying/ozonedb/src/config/local/shared_config_rocksdb.json"
	User time (seconds): 87.11
	System time (seconds): 107.58
	Percent of CPU this job got: 117%
	Elapsed (wall clock) time (h:mm:ss or m:ss): 2:45.89
	Average shared text size (kbytes): 0
	Average unshared data size (kbytes): 0
	Average stack size (kbytes): 0
	Average total size (kbytes): 0
	Maximum resident set size (kbytes): 1219420
	Average resident set size (kbytes): 0
	Major (requiring I/O) page faults: 651
	Minor (reclaiming a frame) page faults: 815978
	Voluntary context switches: 2099903
	Involuntary context switches: 1500
	Swaps: 0
	File system inputs: 24648662
	File system outputs: 17748184
	Socket messages sent: 0
	Socket messages received: 0
	Signals delivered: 0
	Page size (bytes): 4096
	Exit status: 0
