# CMD: /usr/bin/time -v /users/Xinying/ozonedb/ycsb/bin/ycsb run ozonedb -threads 1 -s -P /users/Xinying/ozonedb/ycsb/workloads/generated_workloads/workloadd_1KB_1000000_1000000 -p status.interval=1 -p maxexecutiontime=120 -p operationcount=0 -p shared_config=/users/Xinying/ozonedb/src/config/local/shared_config_rocksdb.json
# devices=['sda6'] sectors_before=5830842368 sectors_after=5839250992
# elapsed_s=134.41 returncode=0

=== STDOUT ===
Starting compaction watcher
2026-04-29 00:13:43:079 - NewTail completed: 
2026-04-29 00:14:05:808 - NewTail completed: 
2026-04-29 00:14:05:898 - Compaction started: 
140712574080576:Compacting datalog/35 datalog/36 into:sstable1/ac013fe0-ac7f-4e0e-bde6-8c115e6583b4202604281813311777421646069508777.sst:sstable1/ac013fe0-ac7f-4e0e-bde6-8c115e6583b4202604281813311777421646424805126.sst
2026-04-29 00:14:06:452 - Compaction completed: 
2026-04-29 00:14:06:601 - Compaction started: 
140712574080576:Compacting sstable1/8a559bee-a6a6-4a8c-a83e-361c80abffe2202604281758001777420838419171344.sst sstable1/8a559bee-a6a6-4a8c-a83e-361c80abffe2202604281758001777420838805903791.sst into:sstable2/ac013fe0-ac7f-4e0e-bde6-8c115e6583b4202604281813311777421646894288490.sst:sstable2/ac013fe0-ac7f-4e0e-bde6-8c115e6583b4202604281813311777421647255650577.sst
2026-04-29 00:14:07:298 - Compaction completed: 
2026-04-29 00:14:07:405 - Compaction started: 
140712574080576:Compacting sstable2/8a559bee-a6a6-4a8c-a83e-361c80abffe2202604281758001777420839365898297.sst sstable2/8a559bee-a6a6-4a8c-a83e-361c80abffe2202604281758001777420839772505995.sst into:sstable3/ac013fe0-ac7f-4e0e-bde6-8c115e6583b4202604281813311777421647707590531.sst:sstable3/ac013fe0-ac7f-4e0e-bde6-8c115e6583b4202604281813311777421648078460969.sst
2026-04-29 00:14:08:125 - Compaction completed: 
2026-04-29 00:14:08:130 - Compaction started: 
140712574080576:Compacting sstable3/8a559bee-a6a6-4a8c-a83e-361c80abffe2202604281758001777420840304880137.sst sstable3/8a559bee-a6a6-4a8c-a83e-361c80abffe2202604281758001777420840702801889.sst into:sstable4/ac013fe0-ac7f-4e0e-bde6-8c115e6583b4202604281813311777421648436851918.sst:sstable4/ac013fe0-ac7f-4e0e-bde6-8c115e6583b4202604281813311777421648809791333.sst
2026-04-29 00:14:08:856 - Compaction completed: 
2026-04-29 00:14:08:961 - Compaction started: 
140712574080576:Compacting sstable4/f9bbdfa0-1e7e-4d67-9224-6d56975aeb66202604281802271777420947790678285.sst sstable4/f9bbdfa0-1e7e-4d67-9224-6d56975aeb66202604281802271777420948156169209.sst into:sstable5/ac013fe0-ac7f-4e0e-bde6-8c115e6583b4202604281813311777421649275008541.sst:sstable5/ac013fe0-ac7f-4e0e-bde6-8c115e6583b4202604281813311777421649648256976.sst
2026-04-29 00:14:09:705 - Compaction completed: 
2026-04-29 00:14:09:765 - Compaction started: 
140712574080576:Compacting sstable5/f9bbdfa0-1e7e-4d67-9224-6d56975aeb66202604281802271777420948526376940.sst sstable5/f9bbdfa0-1e7e-4d67-9224-6d56975aeb66202604281802271777420948890821393.sst into:sstable6/ac013fe0-ac7f-4e0e-bde6-8c115e6583b4202604281813311777421650081830809.sst:sstable6/ac013fe0-ac7f-4e0e-bde6-8c115e6583b4202604281813311777421650456967502.sst
2026-04-29 00:14:10:510 - Compaction completed: 
2026-04-29 00:14:10:570 - Compaction started: 
140712574080576:Compacting sstable6/f9bbdfa0-1e7e-4d67-9224-6d56975aeb66202604281802271777420949246232039.sst sstable6/f9bbdfa0-1e7e-4d67-9224-6d56975aeb66202604281802271777420949613425343.sst into:sstable7/ac013fe0-ac7f-4e0e-bde6-8c115e6583b4202604281813311777421650892379630.sst
2026-04-29 00:14:11:317 - Compaction completed: 
2026-04-29 00:14:11:375 - Compaction started: 
140712574080576:Compacting sstable7/8a559bee-a6a6-4a8c-a83e-361c80abffe2202604281758001777420823886115495.sst sstable7/8a559bee-a6a6-4a8c-a83e-361c80abffe2202604281758001777420835817291832.sst into:sstable7/0_ac013fe0-ac7f-4e0e-bde6-8c115e6583b4202604281813311777421652101855652.sst
2026-04-29 00:14:12:965 - Compaction completed: 
2026-04-29 00:14:34:144 - NewTail completed: 
2026-04-29 00:14:58:873 - NewTail completed: 
2026-04-29 00:14:58:936 - Compaction started: 
140712574080576:Compacting datalog/37 datalog/38 into:sstable1/ac013fe0-ac7f-4e0e-bde6-8c115e6583b4202604281813311777421699088683888.sst:sstable1/ac013fe0-ac7f-4e0e-bde6-8c115e6583b4202604281813311777421699455570968.sst
2026-04-29 00:14:59:497 - Compaction completed: 
2026-04-29 00:14:59:541 - Compaction started: 
140712574080576:Compacting sstable1/ac013fe0-ac7f-4e0e-bde6-8c115e6583b4202604281813311777421646069508777.sst sstable1/ac013fe0-ac7f-4e0e-bde6-8c115e6583b4202604281813311777421646424805126.sst into:sstable2/ac013fe0-ac7f-4e0e-bde6-8c115e6583b4202604281813311777421699877856213.sst:sstable2/ac013fe0-ac7f-4e0e-bde6-8c115e6583b4202604281813311777421700259709592.sst
2026-04-29 00:15:00:311 - Compaction completed: 
2026-04-29 00:15:00:447 - Compaction started: 
140712574080576:Compacting sstable2/ac013fe0-ac7f-4e0e-bde6-8c115e6583b4202604281813311777421646894288490.sst sstable2/ac013fe0-ac7f-4e0e-bde6-8c115e6583b4202604281813311777421647255650577.sst into:sstable3/ac013fe0-ac7f-4e0e-bde6-8c115e6583b4202604281813311777421700788644093.sst:sstable3/ac013fe0-ac7f-4e0e-bde6-8c115e6583b4202604281813311777421701170427622.sst
2026-04-29 00:15:01:226 - Compaction completed: 
2026-04-29 00:15:01:352 - Compaction started: 
140712574080576:Compacting sstable3/ac013fe0-ac7f-4e0e-bde6-8c115e6583b4202604281813311777421647707590531.sst sstable3/ac013fe0-ac7f-4e0e-bde6-8c115e6583b4202604281813311777421648078460969.sst into:sstable4/ac013fe0-ac7f-4e0e-bde6-8c115e6583b4202604281813311777421701696605526.sst:sstable4/ac013fe0-ac7f-4e0e-bde6-8c115e6583b4202604281813311777421702081558034.sst
2026-04-29 00:15:02:134 - Compaction completed: 
2026-04-29 00:15:02:257 - Compaction started: 
140712574080576:Compacting sstable4/ac013fe0-ac7f-4e0e-bde6-8c115e6583b4202604281813311777421648436851918.sst sstable4/ac013fe0-ac7f-4e0e-bde6-8c115e6583b4202604281813311777421648809791333.sst into:sstable5/ac013fe0-ac7f-4e0e-bde6-8c115e6583b4202604281813311777421702603976933.sst:sstable5/ac013fe0-ac7f-4e0e-bde6-8c115e6583b4202604281813311777421702990808252.sst
2026-04-29 00:15:03:041 - Compaction completed: 
2026-04-29 00:15:03:173 - Compaction started: 
140712574080576:Compacting sstable5/ac013fe0-ac7f-4e0e-bde6-8c115e6583b4202604281813311777421649275008541.sst sstable5/ac013fe0-ac7f-4e0e-bde6-8c115e6583b4202604281813311777421649648256976.sst into:sstable6/ac013fe0-ac7f-4e0e-bde6-8c115e6583b4202604281813311777421703527863502.sst:sstable6/ac013fe0-ac7f-4e0e-bde6-8c115e6583b4202604281813311777421703906291061.sst
2026-04-29 00:15:03:968 - Compaction completed: 
2026-04-29 00:15:04:082 - Compaction started: 
140712574080576:Compacting sstable6/ac013fe0-ac7f-4e0e-bde6-8c115e6583b4202604281813311777421650081830809.sst sstable6/ac013fe0-ac7f-4e0e-bde6-8c115e6583b4202604281813311777421650456967502.sst into:sstable7/ac013fe0-ac7f-4e0e-bde6-8c115e6583b4202604281813311777421704433225253.sst
2026-04-29 00:15:04:865 - Compaction completed: 
2026-04-29 00:15:04:888 - Compaction started: 
140712574080576:Compacting sstable7/0_f9bbdfa0-1e7e-4d67-9224-6d56975aeb66202604281802271777420953812879032.sst sstable7/0_ac013fe0-ac7f-4e0e-bde6-8c115e6583b4202604281813311777421652101855652.sst into:sstable7/0_ac013fe0-ac7f-4e0e-bde6-8c115e6583b4202604281813311777421709142231719.sst:sstable7/0_ac013fe0-ac7f-4e0e-bde6-8c115e6583b4202604281813311777421713089974164.sst
2026-04-29 00:15:13:583 - Compaction completed: 
2026-04-29 00:15:13:714 - Compaction started: 
140712574080576:Compacting sstable7/0_ac013fe0-ac7f-4e0e-bde6-8c115e6583b4202604281813311777421709142231719.sst sstable7/0_ac013fe0-ac7f-4e0e-bde6-8c115e6583b4202604281813311777421713089974164.sst into:sstable7/0_ac013fe0-ac7f-4e0e-bde6-8c115e6583b4202604281813311777421717481650464.sst:sstable7/0_ac013fe0-ac7f-4e0e-bde6-8c115e6583b4202604281813311777421721476430281.sst
2026-04-29 00:15:22:109 - Compaction completed: 
2026-04-29 00:15:22:200 - Compaction started: 
140712574080576:Compacting sstable7/0_ac013fe0-ac7f-4e0e-bde6-8c115e6583b4202604281813311777421717481650464.sst sstable7/0_ac013fe0-ac7f-4e0e-bde6-8c115e6583b4202604281813311777421721476430281.sst into:sstable7/0_ac013fe0-ac7f-4e0e-bde6-8c115e6583b4202604281813311777421725864165612.sst:sstable7/0_ac013fe0-ac7f-4e0e-bde6-8c115e6583b4202604281813311777421729832557400.sst
2026-04-29 00:15:30:481 - Compaction completed: 
2026-04-29 00:15:30:571 - Compaction started: 
Still waiting for thread Thread-3 to complete. Workload status: true
Still waiting for thread Thread-3 to complete. Workload status: true
Still waiting for thread Thread-3 to complete. Workload status: true
140712574080576:Compacting sstable7/0_ac013fe0-ac7f-4e0e-bde6-8c115e6583b4202604281813311777421725864165612.sst sstable7/0_ac013fe0-ac7f-4e0e-bde6-8c115e6583b4202604281813311777421729832557400.sst into:sstable7/0_ac013fe0-ac7f-4e0e-bde6-8c115e6583b4202604281813311777421734448481375.sst:sstable7/0_ac013fe0-ac7f-4e0e-bde6-8c115e6583b4202604281813311777421738487537315.sst
Still waiting for thread Thread-3 to complete. Workload status: true
2026-04-29 00:15:39:179 - Compaction completed: 
[OVERALL], RunTime(ms), 128259
[OVERALL], Throughput(ops/sec), 19079.144543462837
[TOTAL_GCS_PS_Scavenge], Count, 12
[TOTAL_GC_TIME_PS_Scavenge], Time(ms), 33
[TOTAL_GC_TIME_%_PS_Scavenge], Time(%), 0.0257291885949524
[TOTAL_GCS_PS_MarkSweep], Count, 0
[TOTAL_GC_TIME_PS_MarkSweep], Time(ms), 0
[TOTAL_GC_TIME_%_PS_MarkSweep], Time(%), 0.0
[TOTAL_GCs], Count, 12
[TOTAL_GC_TIME], Time(ms), 33
[TOTAL_GC_TIME_%], Time(%), 0.0257291885949524
[READ], Operations, 1645793
[READ], AverageLatency(us), 37.64867088388394
[READ], MinLatency(us), 4
[READ], MaxLatency(us), 2523135
[READ], 95thPercentileLatency(us), 103
[READ], 99thPercentileLatency(us), 123
[READ], Return=OK, 1645793
[READ], Return=NOT_FOUND, 678791
[CLEANUP], Operations, 1
[CLEANUP], AverageLatency(us), 6170624.0
[CLEANUP], MinLatency(us), 6168576
[CLEANUP], MaxLatency(us), 6172671
[CLEANUP], 95thPercentileLatency(us), 6172671
[CLEANUP], 99thPercentileLatency(us), 6172671
[INSERT], Operations, 122488
[INSERT], AverageLatency(us), 193.01079289399777
[INSERT], MinLatency(us), 136
[INSERT], MaxLatency(us), 36383
[INSERT], 95thPercentileLatency(us), 257
[INSERT], 99thPercentileLatency(us), 647
[INSERT], Return=OK, 122488
[READ-FAILED], Operations, 678791
[READ-FAILED], AverageLatency(us), 49.07478590611838
[READ-FAILED], MinLatency(us), 12
[READ-FAILED], MaxLatency(us), 84735
[READ-FAILED], 95thPercentileLatency(us), 61
[READ-FAILED], 99thPercentileLatency(us), 69

=== STDERR ===
[WARN]  Running against a source checkout. In order to get our runtime dependencies we'll have to invoke Maven. Depending on the state of your system, this may take ~30-45 seconds
[DEBUG]  Running 'mvn -pl site.ycsb:ozonedb-binding -am package -DskipTests dependency:build-classpath -DincludeScope=compile -Dmdep.outputFilterFile=true'
/usr/lib/jvm/java-8-openjdk-amd64/bin/java -cp /users/Xinying/ozonedb/ycsb/ozonedb/conf:/users/Xinying/ozonedb/ycsb/ozonedb/target/ozonedb-binding-0.18.0-SNAPSHOT.jar:/users/Xinying/.m2/repository/org/apache/htrace/htrace-core4/4.1.0-incubating/htrace-core4-4.1.0-incubating.jar:/users/Xinying/.m2/repository/org/slf4j/slf4j-api/1.7.25/slf4j-api-1.7.25.jar:/users/Xinying/.m2/repository/org/hdrhistogram/HdrHistogram/2.1.12/HdrHistogram-2.1.12.jar:/users/Xinying/.m2/repository/ch/qos/logback/logback-classic/1.2.3/logback-classic-1.2.3.jar:/users/Xinying/.m2/repository/ozonedbjnimaven/demoproc-jni/1.0/demoproc-jni-1.0.jar:/users/Xinying/.m2/repository/ch/qos/logback/logback-core/1.2.3/logback-core-1.2.3.jar:/users/Xinying/.m2/repository/org/codehaus/jackson/jackson-mapper-asl/1.9.4/jackson-mapper-asl-1.9.4.jar:/users/Xinying/.m2/repository/org/slf4j/slf4j-simple/1.7.25/slf4j-simple-1.7.25.jar:/users/Xinying/.m2/repository/org/codehaus/jackson/jackson-core-asl/1.9.4/jackson-core-asl-1.9.4.jar:/users/Xinying/ozonedb/ycsb/core/target/core-0.18.0-SNAPSHOT.jar site.ycsb.Client -db site.ycsb.db.OzoneDBClient -threads 1 -s -P /users/Xinying/ozonedb/ycsb/workloads/generated_workloads/workloadd_1KB_1000000_1000000 -p status.interval=1 -p maxexecutiontime=120 -p operationcount=0 -p shared_config=/users/Xinying/ozonedb/src/config/local/shared_config_rocksdb.json -t
Command line: -db site.ycsb.db.OzoneDBClient -threads 1 -s -P /users/Xinying/ozonedb/ycsb/workloads/generated_workloads/workloadd_1KB_1000000_1000000 -p status.interval=1 -p maxexecutiontime=120 -p operationcount=0 -p shared_config=/users/Xinying/ozonedb/src/config/local/shared_config_rocksdb.json -t
YCSB Client 0.18.0-SNAPSHOT

Loading workload...
Starting test.
SLF4J: Class path contains multiple SLF4J bindings.
SLF4J: Found binding in [jar:file:/users/Xinying/.m2/repository/ch/qos/logback/logback-classic/1.2.3/logback-classic-1.2.3.jar!/org/slf4j/impl/StaticLoggerBinder.class]
SLF4J: Found binding in [jar:file:/users/Xinying/.m2/repository/org/slf4j/slf4j-simple/1.7.25/slf4j-simple-1.7.25.jar!/org/slf4j/impl/StaticLoggerBinder.class]
SLF4J: See http://www.slf4j.org/codes.html#multiple_bindings for an explanation.
SLF4J: Actual binding is of type [ch.qos.logback.classic.util.ContextSelectorStaticBinder]
Maximum execution time specified as: 120 secs
2026-04-29 00:13:31:008 0 sec: 0 operations; 
DBWrapper: report latency for each error is false and specific error codes to track for latency are: []
2026-04-29 00:13:32:008 1 sec: 12578 operations; 12578 current ops/sec; [READ: Count=8636, Max=47327, Min=4, Avg=41.14, 90=90, 99=131, 99.9=346, 99.99=47327] [INSERT: Count=631, Max=36383, Min=153, Avg=270.64, 90=272, 99=480, 99.9=36383, 99.99=36383] [READ-FAILED: Count=3392, Max=360, Min=32, Avg=49.87, 90=60, 99=74, 99.9=98, 99.99=360] 
2026-04-29 00:13:33:008 2 sec: 34565 operations; 21987 current ops/sec; [READ: Count=14822, Max=943, Min=4, Avg=32.37, 90=83, 99=117, 99.9=290, 99.99=713] [INSERT: Count=1058, Max=356, Min=149, Avg=181.66, 90=212, 99=255, 99.9=289, 99.99=356] [READ-FAILED: Count=6048, Max=361, Min=31, Avg=46.92, 90=56, 99=67, 99.9=77, 99.99=361] 
2026-04-29 00:13:34:008 3 sec: 57088 operations; 22523 current ops/sec; [READ: Count=14927, Max=1102, Min=4, Avg=31.34, 90=83, 99=114, 99.9=323, 99.99=694] [INSERT: Count=1134, Max=293, Min=145, Avg=175.29, 90=200, 99=238, 99.9=277, 99.99=293] [READ-FAILED: Count=6458, Max=122, Min=31, Avg=45.8, 90=54, 99=63, 99.9=76, 99.99=122] 
2026-04-29 00:13:35:008 4 sec: 80689 operations; 23601 current ops/sec; [READ: Count=16015, Max=2077, Min=4, Avg=29.74, 90=81, 99=114, 99.9=167, 99.99=1103] [INSERT: Count=1083, Max=288, Min=147, Avg=177.47, 90=208, 99=244, 99.9=275, 99.99=288] [READ-FAILED: Count=6502, Max=239, Min=31, Avg=45.68, 90=54, 99=64, 99.9=81, 99.99=239] 
2026-04-29 00:13:36:008 5 sec: 104287 operations; 23598 current ops/sec; [READ: Count=15772, Max=637, Min=4, Avg=28.99, 90=82, 99=114, 99.9=150, 99.99=635] [INSERT: Count=1178, Max=5699, Min=146, Avg=178.23, 90=196, 99=235, 99.9=467, 99.99=5699] [READ-FAILED: Count=6657, Max=169, Min=31, Avg=45.04, 90=53, 99=61, 99.9=76, 99.99=169] 
2026-04-29 00:13:37:008 6 sec: 127563 operations; 23276 current ops/sec; [READ: Count=15466, Max=2313, Min=4, Avg=29.03, 90=82, 99=115, 99.9=197, 99.99=1446] [INSERT: Count=1220, Max=11239, Min=145, Avg=181.03, 90=193, 99=245, 99.9=1024, 99.99=11239] [READ-FAILED: Count=6590, Max=307, Min=31, Avg=45.11, 90=53, 99=62, 99.9=74, 99.99=307] 
2026-04-29 00:13:38:008 7 sec: 151978 operations; 24415 current ops/sec; [READ: Count=16305, Max=521, Min=4, Avg=28.32, 90=83, 99=114, 99.9=140, 99.99=516] [INSERT: Count=1173, Max=245, Min=144, Avg=166.69, 90=185, 99=226, 99.9=242, 99.99=245] [READ-FAILED: Count=6927, Max=103, Min=31, Avg=44.67, 90=52, 99=60, 99.9=68, 99.99=103] 
2026-04-29 00:13:39:008 8 sec: 175785 operations; 23807 current ops/sec; [READ: Count=15704, Max=587, Min=4, Avg=28.61, 90=83, 99=116, 99.9=148, 99.99=547] [INSERT: Count=1209, Max=277, Min=144, Avg=173.19, 90=198, 99=239, 99.9=265, 99.99=277] [READ-FAILED: Count=6891, Max=190, Min=31, Avg=44.88, 90=52, 99=62, 99.9=73, 99.99=190] 
2026-04-29 00:13:40:008 9 sec: 199643 operations; 23858 current ops/sec; [READ: Count=15839, Max=587, Min=4, Avg=28.21, 90=84, 99=116, 99.9=142, 99.99=522] [INSERT: Count=1212, Max=248, Min=146, Avg=166.75, 90=185, 99=224, 99.9=247, 99.99=248] [READ-FAILED: Count=6824, Max=90, Min=31, Avg=46.2, 90=54, 99=61, 99.9=69, 99.99=90] 
2026-04-29 00:13:41:008 10 sec: 223958 operations; 24315 current ops/sec; [READ: Count=16199, Max=511, Min=4, Avg=27.77, 90=83, 99=117, 99.9=141, 99.99=503] [INSERT: Count=1194, Max=235, Min=144, Avg=163.56, 90=177, 99=212, 99.9=232, 99.99=235] [READ-FAILED: Count=6904, Max=508, Min=33, Avg=46.84, 90=54, 99=63, 99.9=69, 99.99=508] 
2026-04-29 00:13:42:008 11 sec: 248298 operations; 24340 current ops/sec; [READ: Count=16110, Max=678, Min=4, Avg=26.71, 90=81, 99=116, 99.9=145, 99.99=584] [INSERT: Count=1238, Max=12711, Min=144, Avg=171.66, 90=174, 99=209, 99.9=480, 99.99=12711] [READ-FAILED: Count=6989, Max=307, Min=32, Avg=47.08, 90=55, 99=65, 99.9=74, 99.99=307] 
2026-04-29 00:13:43:008 12 sec: 272803 operations; 24505 current ops/sec; [READ: Count=16172, Max=630, Min=4, Avg=26.86, 90=82, 99=115, 99.9=139, 99.99=580] [INSERT: Count=1300, Max=234, Min=144, Avg=160.37, 90=173, 99=208, 99.9=230, 99.99=234] [READ-FAILED: Count=7040, Max=75, Min=32, Avg=46.74, 90=54, 99=62, 99.9=69, 99.99=75] 
2026-04-29 00:13:44:008 13 sec: 297078 operations; 24275 current ops/sec; [READ: Count=16033, Max=671, Min=4, Avg=27.28, 90=83, 99=117, 99.9=144, 99.99=634] [INSERT: Count=1258, Max=759, Min=144, Avg=162.11, 90=176, 99=210, 99.9=322, 99.99=759] [READ-FAILED: Count=6975, Max=308, Min=33, Avg=47.53, 90=56, 99=64, 99.9=73, 99.99=308] 
2026-04-29 00:13:45:008 14 sec: 321603 operations; 24525 current ops/sec; [READ: Count=16191, Max=555, Min=4, Avg=27.05, 90=83, 99=116, 99.9=140, 99.99=549] [INSERT: Count=1257, Max=255, Min=144, Avg=160.41, 90=174, 99=207, 99.9=241, 99.99=255] [READ-FAILED: Count=7083, Max=169, Min=33, Avg=47.06, 90=55, 99=62, 99.9=72, 99.99=169] 
2026-04-29 00:13:46:008 15 sec: 346472 operations; 24869 current ops/sec; [READ: Count=16455, Max=566, Min=4, Avg=26.76, 90=82, 99=114, 99.9=141, 99.99=561] [INSERT: Count=1245, Max=311, Min=141, Avg=168.62, 90=191, 99=239, 99.9=272, 99.99=311] [READ-FAILED: Count=7166, Max=101, Min=31, Avg=45.1, 90=53, 99=61, 99.9=68, 99.99=101] 
2026-04-29 00:13:47:008 16 sec: 370441 operations; 23969 current ops/sec; [READ: Count=15838, Max=571, Min=4, Avg=26.64, 90=83, 99=116, 99.9=140, 99.99=543] [INSERT: Count=1293, Max=14191, Min=142, Avg=180.45, 90=192, 99=240, 99.9=3441, 99.99=14191] [READ-FAILED: Count=6847, Max=610, Min=31, Avg=46.47, 90=55, 99=63, 99.9=74, 99.99=610] 
2026-04-29 00:13:48:008 17 sec: 394898 operations; 24457 current ops/sec; [READ: Count=16338, Max=648, Min=4, Avg=26.91, 90=83, 99=117, 99.9=148, 99.99=532] [INSERT: Count=1206, Max=279, Min=142, Avg=172.67, 90=202, 99=241, 99.9=257, 99.99=279] [READ-FAILED: Count=6904, Max=116, Min=33, Avg=46.96, 90=55, 99=63, 99.9=74, 99.99=116] 
2026-04-29 00:13:49:008 18 sec: 419758 operations; 24860 current ops/sec; [READ: Count=16560, Max=3507, Min=4, Avg=26.59, 90=82, 99=115, 99.9=144, 99.99=602] [INSERT: Count=1259, Max=456, Min=141, Avg=168.47, 90=191, 99=235, 99.9=264, 99.99=456] [READ-FAILED: Count=7043, Max=304, Min=31, Avg=45.43, 90=53, 99=63, 99.9=72, 99.99=304] 
2026-04-29 00:13:50:008 19 sec: 445220 operations; 25462 current ops/sec; [READ: Count=17046, Max=543, Min=4, Avg=25.87, 90=82, 99=114, 99.9=141, 99.99=496] [INSERT: Count=1256, Max=248, Min=141, Avg=167.06, 90=187, 99=231, 99.9=247, 99.99=248] [READ-FAILED: Count=7153, Max=106, Min=29, Avg=45.02, 90=53, 99=61, 99.9=71, 99.99=106] 
2026-04-29 00:13:51:008 20 sec: 470092 operations; 24872 current ops/sec; [READ: Count=16501, Max=571, Min=4, Avg=26.34, 90=82, 99=118, 99.9=144, 99.99=560] [INSERT: Count=1253, Max=262, Min=142, Avg=169.07, 90=192, 99=233, 99.9=257, 99.99=262] [READ-FAILED: Count=7125, Max=96, Min=27, Avg=45.82, 90=54, 99=63, 99.9=69, 99.99=96] 
2026-04-29 00:13:52:008 21 sec: 494568 operations; 24476 current ops/sec; [READ: Count=16381, Max=1115, Min=4, Avg=26.11, 90=83, 99=119, 99.9=151, 99.99=566] [INSERT: Count=1205, Max=13751, Min=143, Avg=182.24, 90=192, 99=248, 99.9=760, 99.99=13751] [READ-FAILED: Count=6895, Max=114, Min=29, Avg=47.16, 90=55, 99=65, 99.9=73, 99.99=114] 
2026-04-29 00:13:53:008 22 sec: 518987 operations; 24419 current ops/sec; [READ: Count=16109, Max=601, Min=4, Avg=26.69, 90=84, 99=117, 99.9=143, 99.99=582] [INSERT: Count=1263, Max=336, Min=143, Avg=168, 90=188, 99=231, 99.9=252, 99.99=336] [READ-FAILED: Count=7040, Max=121, Min=32, Avg=46.87, 90=55, 99=63, 99.9=70, 99.99=121] 
2026-04-29 00:13:54:008 23 sec: 543840 operations; 24853 current ops/sec; [READ: Count=16540, Max=549, Min=4, Avg=25.76, 90=83, 99=118, 99.9=148, 99.99=541] [INSERT: Count=1265, Max=259, Min=142, Avg=169.54, 90=196, 99=233, 99.9=248, 99.99=259] [READ-FAILED: Count=7046, Max=304, Min=32, Avg=47.04, 90=55, 99=65, 99.9=75, 99.99=304] 
2026-04-29 00:13:55:008 24 sec: 568761 operations; 24921 current ops/sec; [READ: Count=16465, Max=554, Min=4, Avg=25.74, 90=83, 99=116, 99.9=144, 99.99=546] [INSERT: Count=1256, Max=253, Min=142, Avg=169.4, 90=190, 99=236, 99.9=249, 99.99=253] [READ-FAILED: Count=7203, Max=113, Min=32, Avg=46.54, 90=54, 99=62, 99.9=69, 99.99=113] 
2026-04-29 00:13:56:008 25 sec: 593319 operations; 24558 current ops/sec; [READ: Count=16406, Max=574, Min=4, Avg=26.43, 90=84, 99=117, 99.9=145, 99.99=553] [INSERT: Count=1268, Max=461, Min=143, Avg=169.18, 90=192, 99=234, 99.9=279, 99.99=461] [READ-FAILED: Count=6882, Max=81, Min=32, Avg=47.05, 90=55, 99=63, 99.9=71, 99.99=81] 
2026-04-29 00:13:57:008 26 sec: 618091 operations; 24772 current ops/sec; [READ: Count=16653, Max=4295, Min=4, Avg=26.09, 90=83, 99=118, 99.9=143, 99.99=607] [INSERT: Count=1198, Max=11383, Min=143, Avg=174.95, 90=186, 99=231, 99.9=408, 99.99=11383] [READ-FAILED: Count=6922, Max=299, Min=31, Avg=47.3, 90=55, 99=66, 99.9=82, 99.99=299] 
2026-04-29 00:13:58:008 27 sec: 643616 operations; 25525 current ops/sec; [READ: Count=16707, Max=617, Min=4, Avg=25.74, 90=82, 99=113, 99.9=140, 99.99=582] [INSERT: Count=1303, Max=241, Min=143, Avg=158.58, 90=171, 99=209, 99.9=221, 99.99=241] [READ-FAILED: Count=7514, Max=117, Min=31, Avg=44.63, 90=52, 99=59, 99.9=66, 99.99=117] 
2026-04-29 00:13:59:008 28 sec: 668856 operations; 25240 current ops/sec; [READ: Count=16661, Max=636, Min=4, Avg=25.82, 90=83, 99=115, 99.9=142, 99.99=610] [INSERT: Count=1278, Max=242, Min=143, Avg=159.5, 90=172, 99=206, 99.9=233, 99.99=242] [READ-FAILED: Count=7299, Max=113, Min=31, Avg=46.32, 90=54, 99=62, 99.9=74, 99.99=113] 
2026-04-29 00:14:00:008 29 sec: 694116 operations; 25260 current ops/sec; [READ: Count=16587, Max=2587, Min=4, Avg=25.47, 90=82, 99=117, 99.9=149, 99.99=551] [INSERT: Count=1306, Max=236, Min=143, Avg=159.42, 90=172, 99=208, 99.9=226, 99.99=236] [READ-FAILED: Count=7372, Max=313, Min=27, Avg=46.2, 90=54, 99=64, 99.9=73, 99.99=313] 
2026-04-29 00:14:01:008 30 sec: 720174 operations; 26058 current ops/sec; [READ: Count=17258, Max=601, Min=4, Avg=24.78, 90=81, 99=114, 99.9=141, 99.99=570] [INSERT: Count=1347, Max=234, Min=141, Avg=157.4, 90=169, 99=204, 99.9=230, 99.99=234] [READ-FAILED: Count=7449, Max=87, Min=27, Avg=44.57, 90=52, 99=59, 99.9=66, 99.99=87] 
2026-04-29 00:14:02:008 31 sec: 745464 operations; 25290 current ops/sec; [READ: Count=16669, Max=643, Min=4, Avg=25.13, 90=82, 99=116, 99.9=144, 99.99=544] [INSERT: Count=1296, Max=14007, Min=142, Avg=169.22, 90=172, 99=220, 99.9=658, 99.99=14007] [READ-FAILED: Count=7320, Max=304, Min=31, Avg=45.56, 90=54, 99=65, 99.9=77, 99.99=304] 
2026-04-29 00:14:03:008 32 sec: 770353 operations; 24889 current ops/sec; [READ: Count=16495, Max=812, Min=4, Avg=25.87, 90=84, 99=119, 99.9=149, 99.99=615] [INSERT: Count=1298, Max=246, Min=141, Avg=162.68, 90=176, 99=214, 99.9=233, 99.99=246] [READ-FAILED: Count=7095, Max=99, Min=32, Avg=47.05, 90=55, 99=64, 99.9=70, 99.99=99] 
2026-04-29 00:14:04:008 33 sec: 795555 operations; 25202 current ops/sec; [READ: Count=16832, Max=634, Min=4, Avg=25.48, 90=84, 99=119, 99.9=147, 99.99=569] [INSERT: Count=1250, Max=234, Min=152, Avg=166.04, 90=177, 99=193, 99.9=231, 99.99=234] [READ-FAILED: Count=7129, Max=111, Min=32, Avg=46.96, 90=55, 99=63, 99.9=69, 99.99=111] 
2026-04-29 00:14:05:008 34 sec: 820748 operations; 25193 current ops/sec; [READ: Count=16814, Max=540, Min=4, Avg=25.61, 90=84, 99=119, 99.9=146, 99.99=538] [INSERT: Count=1237, Max=248, Min=143, Avg=165.03, 90=178, 99=224, 99.9=242, 99.99=248] [READ-FAILED: Count=7135, Max=556, Min=32, Avg=47.22, 90=55, 99=65, 99.9=73, 99.99=556] 
2026-04-29 00:14:06:008 35 sec: 845918 operations; 25170 current ops/sec; [READ: Count=16679, Max=3883, Min=4, Avg=25.77, 90=84, 99=119, 99.9=148, 99.99=586] [INSERT: Count=1196, Max=816, Min=141, Avg=162.61, 90=182, 99=228, 99.9=365, 99.99=816] [READ-FAILED: Count=7302, Max=3131, Min=32, Avg=47.5, 90=55, 99=64, 99.9=78, 99.99=3131] 
2026-04-29 00:14:07:008 36 sec: 862841 operations; 16923 current ops/sec; [READ: Count=11429, Max=220159, Min=4, Avg=49.21, 90=85, 99=124, 99.9=372, 99.99=8407] [INSERT: Count=827, Max=11919, Min=141, Avg=238.62, 90=474, 99=1011, 99.9=11919, 99.99=11919] [READ-FAILED: Count=4664, Max=2981, Min=31, Avg=47.51, 90=56, 99=70, 99.9=101, 99.99=2981] 
2026-04-29 00:14:08:008 37 sec: 877377 operations; 14536 current ops/sec; [READ: Count=9882, Max=226943, Min=4, Avg=64.25, 90=88, 99=131, 99.9=429, 99.99=226943] [INSERT: Count=728, Max=478, Min=147, Avg=198.31, 90=250, 99=316, 99.9=478, 99.99=478] [READ-FAILED: Count=3926, Max=184, Min=33, Avg=51.88, 90=62, 99=76, 99.9=89, 99.99=184] 
2026-04-29 00:14:09:008 38 sec: 891957 operations; 14580 current ops/sec; [READ: Count=10083, Max=249215, Min=4, Avg=60.25, 90=84, 99=133, 99.9=413, 99.99=9415] [INSERT: Count=685, Max=440, Min=144, Avg=203.79, 90=258, 99=318, 99.9=440, 99.99=440] [READ-FAILED: Count=3804, Max=261, Min=32, Avg=49.85, 90=59, 99=71, 99.9=88, 99.99=261] 
2026-04-29 00:14:10:008 39 sec: 904349 operations; 12392 current ops/sec; [READ: Count=8440, Max=232447, Min=4, Avg=88.34, 90=83, 99=129, 99.9=435, 99.99=232447] [INSERT: Count=617, Max=597, Min=144, Avg=201.05, 90=257, 99=317, 99.9=597, 99.99=597] [READ-FAILED: Count=3345, Max=96, Min=32, Avg=49.08, 90=58, 99=70, 99.9=80, 99.99=96] 
2026-04-29 00:14:11:008 40 sec: 921258 operations; 16909 current ops/sec; [READ: Count=11467, Max=230143, Min=4, Avg=51.63, 90=79, 99=129, 99.9=374, 99.99=9183] [INSERT: Count=862, Max=346, Min=144, Avg=193.99, 90=248, 99=305, 99.9=346, 99.99=346] [READ-FAILED: Count=4586, Max=109, Min=32, Avg=48.48, 90=57, 99=65, 99.9=85, 99.99=109] 
2026-04-29 00:14:12:008 41 sec: 931367 operations; 10109 current ops/sec; [READ: Count=6857, Max=287743, Min=4, Avg=108.88, 90=69, 99=129, 99.9=561, 99.99=287743] [INSERT: Count=506, Max=866, Min=145, Avg=213.8, 90=270, 99=751, 99.9=866, 99.99=866] [READ-FAILED: Count=2736, Max=181, Min=32, Avg=48.78, 90=58, 99=71, 99.9=124, 99.99=181] 
2026-04-29 00:14:13:008 42 sec: 947113 operations; 15746 current ops/sec; [READ: Count=11027, Max=17999, Min=4, Avg=32.24, 90=82, 99=122, 99.9=228, 99.99=744] [INSERT: Count=770, Max=3909, Min=160, Avg=565.98, 90=889, 99=1321, 99.9=3909, 99.99=3909] [READ-FAILED: Count=3949, Max=78, Min=33, Avg=48.49, 90=57, 99=67, 99.9=76, 99.99=78] 
2026-04-29 00:14:14:008 43 sec: 968732 operations; 21619 current ops/sec; [READ: Count=14528, Max=733, Min=4, Avg=31.75, 90=84, 99=123, 99.9=200, 99.99=646] [INSERT: Count=1087, Max=638, Min=144, Avg=194.56, 90=244, 99=311, 99.9=617, 99.99=638] [READ-FAILED: Count=6006, Max=312, Min=34, Avg=50.3, 90=59, 99=70, 99.9=87, 99.99=312] 
2026-04-29 00:14:15:008 44 sec: 990841 operations; 22109 current ops/sec; [READ: Count=14855, Max=1429, Min=4, Avg=30.88, 90=83, 99=121, 99.9=160, 99.99=737] [INSERT: Count=1128, Max=336, Min=144, Avg=185.39, 90=227, 99=270, 99.9=329, 99.99=336] [READ-FAILED: Count=6128, Max=115, Min=34, Avg=49.93, 90=58, 99=68, 99.9=77, 99.99=115] 
2026-04-29 00:14:16:008 45 sec: 1013239 operations; 22398 current ops/sec; [READ: Count=15129, Max=643, Min=4, Avg=30.34, 90=82, 99=122, 99.9=152, 99.99=632] [INSERT: Count=1056, Max=388, Min=145, Avg=194.31, 90=247, 99=299, 99.9=334, 99.99=388] [READ-FAILED: Count=6205, Max=84, Min=34, Avg=49.92, 90=58, 99=67, 99.9=76, 99.99=84] 
2026-04-29 00:14:17:008 46 sec: 1035132 operations; 21893 current ops/sec; [READ: Count=14668, Max=766, Min=4, Avg=30.64, 90=83, 99=123, 99.9=151, 99.99=717] [INSERT: Count=1187, Max=304, Min=144, Avg=185.26, 90=219, 99=264, 99.9=281, 99.99=304] [READ-FAILED: Count=6045, Max=316, Min=34, Avg=50.46, 90=59, 99=69, 99.9=80, 99.99=316] 
2026-04-29 00:14:18:008 47 sec: 1054415 operations; 19283 current ops/sec; [READ: Count=13176, Max=1365, Min=4, Avg=31.05, 90=87, 99=125, 99.9=150, 99.99=649] [INSERT: Count=1008, Max=10703, Min=144, Avg=310.46, 90=637, 99=1197, 99.9=4387, 99.99=10703] [READ-FAILED: Count=5106, Max=122, Min=35, Avg=50.09, 90=58, 99=69, 99.9=87, 99.99=122] 
2026-04-29 00:14:19:008 48 sec: 1076842 operations; 22427 current ops/sec; [READ: Count=15121, Max=621, Min=4, Avg=30.06, 90=86, 99=121, 99.9=145, 99.99=506] [INSERT: Count=1081, Max=325, Min=144, Avg=190.56, 90=237, 99=295, 99.9=315, 99.99=325] [READ-FAILED: Count=6212, Max=307, Min=35, Avg=50.29, 90=59, 99=69, 99.9=83, 99.99=307] 
2026-04-29 00:14:20:008 49 sec: 1099075 operations; 22233 current ops/sec; [READ: Count=14964, Max=1219, Min=4, Avg=30.48, 90=86, 99=122, 99.9=153, 99.99=501] [INSERT: Count=1132, Max=353, Min=144, Avg=187.64, 90=233, 99=271, 99.9=311, 99.99=353] [READ-FAILED: Count=6136, Max=114, Min=34, Avg=49.79, 90=58, 99=68, 99.9=77, 99.99=114] 
2026-04-29 00:14:21:008 50 sec: 1120889 operations; 21814 current ops/sec; [READ: Count=14514, Max=520, Min=4, Avg=30.38, 90=87, 99=123, 99.9=151, 99.99=512] [INSERT: Count=1122, Max=356, Min=147, Avg=199.85, 90=251, 99=280, 99.9=346, 99.99=356] [READ-FAILED: Count=6185, Max=557, Min=34, Avg=50.01, 90=59, 99=68, 99.9=76, 99.99=557] 
2026-04-29 00:14:22:008 51 sec: 1142778 operations; 21889 current ops/sec; [READ: Count=14700, Max=624, Min=4, Avg=30.38, 90=87, 99=125, 99.9=155, 99.99=572] [INSERT: Count=1112, Max=340, Min=156, Avg=198.68, 90=237, 99=276, 99.9=309, 99.99=340] [READ-FAILED: Count=6073, Max=308, Min=35, Avg=50.48, 90=59, 99=70, 99.9=85, 99.99=308] 
2026-04-29 00:14:23:008 52 sec: 1164760 operations; 21982 current ops/sec; [READ: Count=14950, Max=539, Min=4, Avg=30.16, 90=86, 99=123, 99.9=150, 99.99=526] [INSERT: Count=1071, Max=10031, Min=144, Avg=208.79, 90=249, 99=362, 99.9=688, 99.99=10031] [READ-FAILED: Count=5961, Max=120, Min=34, Avg=50.24, 90=59, 99=69, 99.9=81, 99.99=120] 
2026-04-29 00:14:24:008 53 sec: 1187412 operations; 22652 current ops/sec; [READ: Count=15254, Max=585, Min=4, Avg=29.11, 90=85, 99=121, 99.9=148, 99.99=508] [INSERT: Count=1157, Max=290, Min=143, Avg=186.56, 90=238, 99=268, 99.9=285, 99.99=290] [READ-FAILED: Count=6242, Max=550, Min=34, Avg=50.22, 90=59, 99=70, 99.9=82, 99.99=550] 
2026-04-29 00:14:25:008 54 sec: 1209956 operations; 22544 current ops/sec; [READ: Count=15176, Max=549, Min=4, Avg=29.76, 90=86, 99=122, 99.9=152, 99.99=494] [INSERT: Count=1132, Max=336, Min=144, Avg=185.7, 90=226, 99=269, 99.9=310, 99.99=336] [READ-FAILED: Count=6238, Max=127, Min=35, Avg=49.97, 90=58, 99=68, 99.9=78, 99.99=127] 
2026-04-29 00:14:26:008 55 sec: 1232906 operations; 22950 current ops/sec; [READ: Count=15434, Max=555, Min=4, Avg=29, 90=85, 99=121, 99.9=157, 99.99=549] [INSERT: Count=1099, Max=326, Min=144, Avg=188.02, 90=233, 99=277, 99.9=307, 99.99=326] [READ-FAILED: Count=6417, Max=119, Min=34, Avg=49.72, 90=58, 99=67, 99.9=75, 99.99=119] 
2026-04-29 00:14:27:008 56 sec: 1255493 operations; 22587 current ops/sec; [READ: Count=15225, Max=3387, Min=4, Avg=29.53, 90=86, 99=122, 99.9=146, 99.99=554] [INSERT: Count=1120, Max=321, Min=145, Avg=188.41, 90=235, 99=269, 99.9=310, 99.99=321] [READ-FAILED: Count=6245, Max=315, Min=34, Avg=50.2, 90=58, 99=69, 99.9=86, 99.99=315] 
2026-04-29 00:14:28:008 57 sec: 1277809 operations; 22316 current ops/sec; [READ: Count=15088, Max=2067, Min=4, Avg=29.75, 90=87, 99=123, 99.9=149, 99.99=531] [INSERT: Count=1077, Max=11903, Min=145, Avg=201.62, 90=241, 99=296, 99.9=1168, 99.99=11903] [READ-FAILED: Count=6149, Max=123, Min=34, Avg=50.02, 90=58, 99=68, 99.9=78, 99.99=123] 
2026-04-29 00:14:29:008 58 sec: 1300716 operations; 22907 current ops/sec; [READ: Count=15437, Max=564, Min=4, Avg=28.72, 90=85, 99=122, 99.9=156, 99.99=533] [INSERT: Count=1122, Max=330, Min=144, Avg=189.02, 90=240, 99=299, 99.9=318, 99.99=330] [READ-FAILED: Count=6344, Max=426, Min=35, Avg=50.09, 90=58, 99=69, 99.9=84, 99.99=426] 
2026-04-29 00:14:30:008 59 sec: 1323546 operations; 22830 current ops/sec; [READ: Count=15390, Max=507, Min=4, Avg=29.02, 90=86, 99=122, 99.9=152, 99.99=485] [INSERT: Count=1140, Max=311, Min=143, Avg=187.58, 90=230, 99=272, 99.9=305, 99.99=311] [READ-FAILED: Count=6302, Max=88, Min=34, Avg=49.67, 90=58, 99=68, 99.9=80, 99.99=88] 
2026-04-29 00:14:31:008 60 sec: 1346473 operations; 22927 current ops/sec; [READ: Count=15458, Max=619, Min=4, Avg=28.8, 90=86, 99=121, 99.9=150, 99.99=512] [INSERT: Count=1159, Max=296, Min=143, Avg=184.67, 90=223, 99=263, 99.9=288, 99.99=296] [READ-FAILED: Count=6306, Max=143, Min=34, Avg=49.79, 90=58, 99=67, 99.9=79, 99.99=143] 
2026-04-29 00:14:32:008 61 sec: 1369597 operations; 23124 current ops/sec; [READ: Count=15742, Max=607, Min=4, Avg=28.39, 90=85, 99=121, 99.9=167, 99.99=503] [INSERT: Count=1148, Max=274, Min=144, Avg=186.45, 90=226, 99=261, 99.9=274, 99.99=274] [READ-FAILED: Count=6235, Max=129, Min=34, Avg=50.07, 90=58, 99=69, 99.9=78, 99.99=129] 
2026-04-29 00:14:33:008 62 sec: 1392305 operations; 22708 current ops/sec; [READ: Count=15357, Max=554, Min=4, Avg=28.83, 90=86, 99=120, 99.9=149, 99.99=501] [INSERT: Count=1088, Max=12583, Min=144, Avg=200.9, 90=236, 99=277, 99.9=1012, 99.99=12583] [READ-FAILED: Count=6268, Max=140, Min=34, Avg=49.87, 90=58, 99=68, 99.9=76, 99.99=140] 
2026-04-29 00:14:34:008 63 sec: 1415464 operations; 23159 current ops/sec; [READ: Count=15671, Max=535, Min=4, Avg=28.25, 90=86, 99=123, 99.9=154, 99.99=523] [INSERT: Count=1132, Max=304, Min=143, Avg=188.06, 90=237, 99=275, 99.9=303, 99.99=304] [READ-FAILED: Count=6351, Max=314, Min=34, Avg=49.97, 90=58, 99=69, 99.9=86, 99.99=314] 
2026-04-29 00:14:35:008 64 sec: 1438303 operations; 22839 current ops/sec; [READ: Count=15538, Max=566, Min=4, Avg=28.42, 90=86, 99=123, 99.9=157, 99.99=482] [INSERT: Count=1098, Max=752, Min=146, Avg=200.86, 90=249, 99=279, 99.9=373, 99.99=752] [READ-FAILED: Count=6206, Max=124, Min=35, Avg=50.21, 90=59, 99=69, 99.9=80, 99.99=124] 
2026-04-29 00:14:36:008 65 sec: 1460835 operations; 22532 current ops/sec; [READ: Count=15156, Max=3921, Min=4, Avg=28.98, 90=87, 99=125, 99.9=159, 99.99=578] [INSERT: Count=1130, Max=432, Min=155, Avg=196.51, 90=235, 99=271, 99.9=285, 99.99=432] [READ-FAILED: Count=6249, Max=84, Min=35, Avg=50.08, 90=58, 99=68, 99.9=75, 99.99=84] 
2026-04-29 00:14:37:008 66 sec: 1483165 operations; 22330 current ops/sec; [READ: Count=15018, Max=629, Min=4, Avg=28.91, 90=87, 99=124, 99.9=161, 99.99=560] [INSERT: Count=1170, Max=290, Min=156, Avg=195.9, 90=230, 99=274, 99.9=288, 99.99=290] [READ-FAILED: Count=6135, Max=306, Min=35, Avg=50.59, 90=60, 99=72, 99.9=86, 99.99=306] 
2026-04-29 00:14:38:008 67 sec: 1505381 operations; 22216 current ops/sec; [READ: Count=15000, Max=538, Min=4, Avg=28.77, 90=86, 99=123, 99.9=151, 99.99=530] [INSERT: Count=1153, Max=11951, Min=156, Avg=205.61, 90=223, 99=281, 99.9=1174, 99.99=11951] [READ-FAILED: Count=6064, Max=133, Min=35, Avg=50.35, 90=59, 99=68, 99.9=79, 99.99=133] 
2026-04-29 00:14:39:008 68 sec: 1528106 operations; 22725 current ops/sec; [READ: Count=15283, Max=639, Min=4, Avg=28.59, 90=87, 99=125, 99.9=158, 99.99=484] [INSERT: Count=1101, Max=326, Min=157, Avg=198, 90=240, 99=276, 99.9=286, 99.99=326] [READ-FAILED: Count=6340, Max=119, Min=35, Avg=50.25, 90=59, 99=69, 99.9=84, 99.99=119] 
2026-04-29 00:14:40:008 69 sec: 1550891 operations; 22785 current ops/sec; [READ: Count=15368, Max=574, Min=4, Avg=27.99, 90=87, 99=124, 99.9=151, 99.99=531] [INSERT: Count=1156, Max=301, Min=157, Avg=196.96, 90=235, 99=272, 99.9=288, 99.99=301] [READ-FAILED: Count=6264, Max=312, Min=34, Avg=50.38, 90=59, 99=70, 99.9=83, 99.99=312] 
2026-04-29 00:14:41:008 70 sec: 1573686 operations; 22795 current ops/sec; [READ: Count=15274, Max=495, Min=4, Avg=27.87, 90=87, 99=123, 99.9=157, 99.99=488] [INSERT: Count=1158, Max=357, Min=156, Avg=198.18, 90=242, 99=280, 99.9=323, 99.99=357] [READ-FAILED: Count=6360, Max=133, Min=34, Avg=50.06, 90=59, 99=68, 99.9=82, 99.99=133] 
2026-04-29 00:14:42:008 71 sec: 1596782 operations; 23096 current ops/sec; [READ: Count=15656, Max=582, Min=4, Avg=27.6, 90=86, 99=125, 99.9=153, 99.99=514] [INSERT: Count=1123, Max=315, Min=157, Avg=197.09, 90=232, 99=276, 99.9=305, 99.99=315] [READ-FAILED: Count=6316, Max=319, Min=35, Avg=50.56, 90=60, 99=71, 99.9=93, 99.99=319] 
2026-04-29 00:14:43:008 72 sec: 1619372 operations; 22590 current ops/sec; [READ: Count=15159, Max=650, Min=4, Avg=27.87, 90=87, 99=123, 99.9=155, 99.99=575] [INSERT: Count=1185, Max=12143, Min=144, Avg=201.37, 90=234, 99=299, 99.9=734, 99.99=12143] [READ-FAILED: Count=6256, Max=106, Min=35, Avg=50.05, 90=58, 99=68, 99.9=77, 99.99=106] 
2026-04-29 00:14:44:008 73 sec: 1642538 operations; 23166 current ops/sec; [READ: Count=15636, Max=1364, Min=4, Avg=27.33, 90=86, 99=124, 99.9=154, 99.99=524] [INSERT: Count=1136, Max=316, Min=157, Avg=199.71, 90=243, 99=273, 99.9=285, 99.99=316] [READ-FAILED: Count=6385, Max=100, Min=34, Avg=49.86, 90=58, 99=68, 99.9=78, 99.99=100] 
2026-04-29 00:14:45:008 74 sec: 1665375 operations; 22837 current ops/sec; [READ: Count=15316, Max=1829, Min=4, Avg=27.61, 90=86, 99=125, 99.9=152, 99.99=621] [INSERT: Count=1167, Max=303, Min=157, Avg=197.4, 90=240, 99=276, 99.9=293, 99.99=303] [READ-FAILED: Count=6357, Max=304, Min=35, Avg=50.34, 90=59, 99=70, 99.9=84, 99.99=304] 
2026-04-29 00:14:46:008 75 sec: 1688502 operations; 23127 current ops/sec; [READ: Count=15710, Max=669, Min=4, Avg=27.63, 90=87, 99=123, 99.9=150, 99.99=526] [INSERT: Count=1129, Max=326, Min=156, Avg=198.26, 90=243, 99=275, 99.9=302, 99.99=326] [READ-FAILED: Count=6286, Max=116, Min=31, Avg=50.08, 90=59, 99=68, 99.9=78, 99.99=116] 
2026-04-29 00:14:47:008 76 sec: 1711941 operations; 23439 current ops/sec; [READ: Count=15900, Max=559, Min=4, Avg=27.01, 90=85, 99=122, 99.9=148, 99.99=539] [INSERT: Count=1097, Max=287, Min=156, Avg=201.28, 90=252, 99=277, 99.9=287, 99.99=287] [READ-FAILED: Count=6443, Max=580, Min=34, Avg=50.03, 90=58, 99=69, 99.9=78, 99.99=580] 
2026-04-29 00:14:48:008 77 sec: 1735711 operations; 23770 current ops/sec; [READ: Count=15859, Max=562, Min=4, Avg=26.36, 90=84, 99=121, 99.9=154, 99.99=560] [INSERT: Count=1239, Max=12239, Min=142, Avg=189.39, 90=217, 99=269, 99.9=807, 99.99=12239] [READ-FAILED: Count=6671, Max=303, Min=33, Avg=48.08, 90=56, 99=66, 99.9=83, 99.99=303] 
2026-04-29 00:14:49:008 78 sec: 1759869 operations; 24158 current ops/sec; [READ: Count=16357, Max=561, Min=4, Avg=26.28, 90=85, 99=120, 99.9=150, 99.99=493] [INSERT: Count=1148, Max=349, Min=144, Avg=187.14, 90=231, 99=283, 99.9=330, 99.99=349] [READ-FAILED: Count=6654, Max=114, Min=34, Avg=49.3, 90=57, 99=66, 99.9=77, 99.99=114] 
2026-04-29 00:14:50:008 79 sec: 1783816 operations; 23947 current ops/sec; [READ: Count=16085, Max=671, Min=4, Avg=26.33, 90=84, 99=119, 99.9=146, 99.99=607] [INSERT: Count=1182, Max=438, Min=144, Avg=185.74, 90=228, 99=268, 99.9=317, 99.99=438] [READ-FAILED: Count=6680, Max=134, Min=34, Avg=49.36, 90=57, 99=67, 99.9=78, 99.99=134] 
2026-04-29 00:14:51:008 80 sec: 1807841 operations; 24025 current ops/sec; [READ: Count=16431, Max=522, Min=4, Avg=26.58, 90=85, 99=121, 99.9=154, 99.99=473] [INSERT: Count=1136, Max=330, Min=144, Avg=188.97, 90=230, 99=278, 99.9=306, 99.99=330] [READ-FAILED: Count=6456, Max=196, Min=34, Avg=49.81, 90=58, 99=70, 99.9=84, 99.99=196] 
2026-04-29 00:14:52:008 81 sec: 1831699 operations; 23858 current ops/sec; [READ: Count=16116, Max=580, Min=4, Avg=26.62, 90=85, 99=122, 99.9=153, 99.99=560] [INSERT: Count=1196, Max=308, Min=144, Avg=184.23, 90=222, 99=261, 99.9=305, 99.99=308] [READ-FAILED: Count=6548, Max=585, Min=35, Avg=49.46, 90=57, 99=67, 99.9=75, 99.99=585] 
2026-04-29 00:14:53:008 82 sec: 1855328 operations; 23629 current ops/sec; [READ: Count=15917, Max=1913, Min=4, Avg=26.39, 90=85, 99=123, 99.9=150, 99.99=602] [INSERT: Count=1151, Max=11239, Min=144, Avg=194.47, 90=222, 99=283, 99.9=427, 99.99=11239] [READ-FAILED: Count=6565, Max=329, Min=34, Avg=49.94, 90=58, 99=69, 99.9=93, 99.99=329] 
2026-04-29 00:14:54:008 83 sec: 1879003 operations; 23675 current ops/sec; [READ: Count=15667, Max=690, Min=4, Avg=26.5, 90=85, 99=120, 99.9=151, 99.99=570] [INSERT: Count=1245, Max=286, Min=143, Avg=180.09, 90=209, 99=258, 99.9=280, 99.99=286] [READ-FAILED: Count=6762, Max=116, Min=34, Avg=49.3, 90=57, 99=66, 99.9=73, 99.99=116] 
2026-04-29 00:14:55:008 84 sec: 1902900 operations; 23897 current ops/sec; [READ: Count=15823, Max=523, Min=4, Avg=26.11, 90=84, 99=121, 99.9=147, 99.99=522] [INSERT: Count=1197, Max=387, Min=144, Avg=184.02, 90=227, 99=266, 99.9=304, 99.99=387] [READ-FAILED: Count=6872, Max=196, Min=34, Avg=49.4, 90=57, 99=67, 99.9=76, 99.99=196] 
2026-04-29 00:14:56:008 85 sec: 1927048 operations; 24148 current ops/sec; [READ: Count=16364, Max=513, Min=4, Avg=26.29, 90=85, 99=122, 99.9=146, 99.99=473] [INSERT: Count=1156, Max=476, Min=143, Avg=183.78, 90=223, 99=267, 99.9=311, 99.99=476] [READ-FAILED: Count=6627, Max=314, Min=33, Avg=49.76, 90=58, 99=70, 99.9=89, 99.99=314] 
2026-04-29 00:14:57:008 86 sec: 1951149 operations; 24101 current ops/sec; [READ: Count=16178, Max=572, Min=4, Avg=25.77, 90=84, 99=121, 99.9=147, 99.99=536] [INSERT: Count=1237, Max=322, Min=144, Avg=182.03, 90=218, 99=267, 99.9=306, 99.99=322] [READ-FAILED: Count=6699, Max=99, Min=34, Avg=49.41, 90=57, 99=67, 99.9=78, 99.99=99] 
2026-04-29 00:14:58:008 87 sec: 1975524 operations; 24375 current ops/sec; [READ: Count=16433, Max=542, Min=4, Avg=25.75, 90=84, 99=122, 99.9=147, 99.99=537] [INSERT: Count=1156, Max=350, Min=143, Avg=185.59, 90=227, 99=269, 99.9=321, 99.99=350] [READ-FAILED: Count=6778, Max=111, Min=34, Avg=49.39, 90=57, 99=67, 99.9=77, 99.99=111] 
2026-04-29 00:14:59:008 88 sec: 1998581 operations; 23057 current ops/sec; [READ: Count=15679, Max=588, Min=4, Avg=26.67, 90=86, 99=125, 99.9=168, 99.99=556] [INSERT: Count=1130, Max=12679, Min=147, Avg=208.04, 90=236, 99=286, 99.9=780, 99.99=12679] [READ-FAILED: Count=6252, Max=3001, Min=35, Avg=51.1, 90=60, 99=72, 99.9=84, 99.99=3001] 
2026-04-29 00:15:00:008 89 sec: 2014514 operations; 15933 current ops/sec; [READ: Count=10894, Max=241023, Min=4, Avg=54.68, 90=88, 99=134, 99.9=418, 99.99=8359] [INSERT: Count=771, Max=357, Min=157, Avg=206.59, 90=256, 99=287, 99.9=357, 99.99=357] [READ-FAILED: Count=4260, Max=2919, Min=35, Avg=53, 90=62, 99=75, 99.9=111, 99.99=2919] 
2026-04-29 00:15:01:008 90 sec: 2028804 operations; 14290 current ops/sec; [READ: Count=9900, Max=241663, Min=5, Avg=63.11, 90=89, 99=143, 99.9=421, 99.99=241663] [INSERT: Count=703, Max=418, Min=160, Avg=213.85, 90=261, 99=287, 99.9=418, 99.99=418] [READ-FAILED: Count=3694, Max=398, Min=36, Avg=56.26, 90=67, 99=80, 99.9=149, 99.99=398] 
2026-04-29 00:15:02:008 91 sec: 2043822 operations; 15018 current ops/sec; [READ: Count=10315, Max=242687, Min=5, Avg=59.04, 90=87, 99=138, 99.9=394, 99.99=9231] [INSERT: Count=742, Max=416, Min=159, Avg=209.9, 90=248, 99=287, 99.9=416, 99.99=416] [READ-FAILED: Count=3960, Max=168, Min=37, Avg=54.77, 90=64, 99=75, 99.9=99, 99.99=168] 
2026-04-29 00:15:03:008 92 sec: 2059543 operations; 15721 current ops/sec; [READ: Count=10811, Max=246527, Min=4, Avg=55.42, 90=85, 99=134, 99.9=391, 99.99=8495] [INSERT: Count=737, Max=389, Min=162, Avg=208.59, 90=256, 99=284, 99.9=389, 99.99=389] [READ-FAILED: Count=4173, Max=313, Min=36, Avg=54.68, 90=64, 99=77, 99.9=93, 99.99=313] 
2026-04-29 00:15:04:008 93 sec: 2071601 operations; 12058 current ops/sec; [READ: Count=8511, Max=243967, Min=4, Avg=63.54, 90=89, 99=127, 99.9=412, 99.99=243967] [INSERT: Count=597, Max=8607, Min=155, Avg=470.85, 90=747, 99=1142, 99.9=8607, 99.99=8607] [READ-FAILED: Count=2959, Max=8711, Min=34, Avg=55.59, 90=62, 99=73, 99.9=89, 99.99=8711] 
2026-04-29 00:15:05:008 94 sec: 2084683 operations; 13082 current ops/sec; [READ: Count=9055, Max=246015, Min=4, Avg=61.83, 90=89, 99=129, 99.9=290, 99.99=246015] [INSERT: Count=604, Max=429, Min=153, Avg=186.89, 90=214, 99=245, 99.9=429, 99.99=429] [READ-FAILED: Count=3405, Max=116, Min=36, Avg=54.12, 90=63, 99=75, 99.9=85, 99.99=116] 
2026-04-29 00:15:06:008 95 sec: 2084683 operations; 0 current ops/sec; [READ: Count=0, Max=0, Min=0, Avg=0, 90=0, 99=0, 99.9=0, 99.99=0] [INSERT: Count=0, Max=0, Min=0, Avg=0, 90=0, 99=0, 99.9=0, 99.99=0] [READ-FAILED: Count=0, Max=0, Min=0, Avg=0, 90=0, 99=0, 99.9=0, 99.99=0] 
2026-04-29 00:15:07:008 96 sec: 2084683 operations; 0 current ops/sec; [READ: Count=0, Max=0, Min=0, Avg=0, 90=0, 99=0, 99.9=0, 99.99=0] [INSERT: Count=0, Max=0, Min=0, Avg=0, 90=0, 99=0, 99.9=0, 99.99=0] [READ-FAILED: Count=0, Max=0, Min=0, Avg=0, 90=0, 99=0, 99.9=0, 99.99=0] 
2026-04-29 00:15:08:008 97 sec: 2095101 operations; 10418 current ops/sec; [READ: Count=7199, Max=2367487, Min=4, Avg=362.04, 90=87, 99=128, 99.9=278, 99.99=2367487] [INSERT: Count=527, Max=287, Min=147, Avg=184.46, 90=217, 99=248, 99.9=287, 99.99=287] [READ-FAILED: Count=2692, Max=565, Min=38, Avg=55.41, 90=65, 99=85, 99.9=465, 99.99=565] 
2026-04-29 00:15:09:008 98 sec: 2105962 operations; 10861 current ops/sec; [READ: Count=7483, Max=701439, Min=4, Avg=126.93, 90=88, 99=128, 99.9=275, 99.99=701439] [INSERT: Count=568, Max=1207, Min=139, Avg=262.65, 90=643, 99=1091, 99.9=1207, 99.99=1207] [READ-FAILED: Count=2820, Max=88, Min=37, Avg=52.67, 90=61, 99=73, 99.9=82, 99.99=88] 
2026-04-29 00:15:10:008 99 sec: 2127383 operations; 21421 current ops/sec; [READ: Count=14562, Max=802, Min=4, Avg=33.68, 90=89, 99=132, 99.9=407, 99.99=784] [INSERT: Count=1080, Max=1858, Min=140, Avg=167.41, 90=179, 99=225, 99.9=404, 99.99=1858] [READ-FAILED: Count=5776, Max=130, Min=37, Avg=52.55, 90=61, 99=73, 99.9=100, 99.99=130] 
2026-04-29 00:15:11:008 100 sec: 2148553 operations; 21170 current ops/sec; [READ: Count=14356, Max=1456, Min=4, Avg=34.6, 90=90, 99=230, 99.9=381, 99.99=764] [INSERT: Count=1040, Max=264, Min=143, Avg=167.11, 90=185, 99=241, 99.9=262, 99.99=264] [READ-FAILED: Count=5772, Max=318, Min=36, Avg=52.82, 90=62, 99=75, 99.9=105, 99.99=318] 
2026-04-29 00:15:12:008 101 sec: 2170142 operations; 21589 current ops/sec; [READ: Count=14568, Max=768, Min=4, Avg=33.01, 90=89, 99=156, 99.9=379, 99.99=561] [INSERT: Count=1125, Max=248, Min=142, Avg=164.19, 90=178, 99=211, 99.9=232, 99.99=248] [READ-FAILED: Count=5898, Max=127, Min=37, Avg=52.5, 90=61, 99=72, 99.9=85, 99.99=127] 
2026-04-29 00:15:13:008 102 sec: 2191841 operations; 21699 current ops/sec; [READ: Count=14725, Max=627, Min=4, Avg=32.99, 90=88, 99=145, 99.9=360, 99.99=571] [INSERT: Count=1102, Max=383, Min=140, Avg=163.12, 90=176, 99=204, 99.9=255, 99.99=383] [READ-FAILED: Count=5869, Max=1603, Min=36, Avg=52.75, 90=62, 99=72, 99.9=88, 99.99=1603] 
2026-04-29 00:15:14:008 103 sec: 2203122 operations; 11281 current ops/sec; [READ: Count=7679, Max=85119, Min=4, Avg=42.75, 90=88, 99=128, 99.9=336, 99.99=85119] [INSERT: Count=584, Max=12399, Min=140, Avg=353.36, 90=686, 99=1059, 99.9=12399, 99.99=12399] [READ-FAILED: Count=3014, Max=2667, Min=17, Avg=52.46, 90=60, 99=72, 99.9=107, 99.99=2667] 
2026-04-29 00:15:15:008 104 sec: 2203122 operations; 0 current ops/sec; [READ: Count=0, Max=0, Min=0, Avg=0, 90=0, 99=0, 99.9=0, 99.99=0] [INSERT: Count=0, Max=0, Min=0, Avg=0, 90=0, 99=0, 99.9=0, 99.99=0] [READ-FAILED: Count=0, Max=0, Min=0, Avg=0, 90=0, 99=0, 99.9=0, 99.99=0] 
2026-04-29 00:15:16:008 105 sec: 2203122 operations; 0 current ops/sec; [READ: Count=0, Max=0, Min=0, Avg=0, 90=0, 99=0, 99.9=0, 99.99=0] [INSERT: Count=0, Max=0, Min=0, Avg=0, 90=0, 99=0, 99.9=0, 99.99=0] [READ-FAILED: Count=0, Max=0, Min=0, Avg=0, 90=0, 99=0, 99.9=0, 99.99=0] 
2026-04-29 00:15:17:008 106 sec: 2217032 operations; 13910 current ops/sec; [READ: Count=9563, Max=2508799, Min=4, Avg=294.05, 90=88, 99=127, 99.9=240, 99.99=2508799] [INSERT: Count=685, Max=405, Min=139, Avg=164.35, 90=190, 99=242, 99.9=405, 99.99=405] [READ-FAILED: Count=3662, Max=139, Min=17, Avg=50.63, 90=60, 99=70, 99.9=82, 99.99=139] 
2026-04-29 00:15:18:008 107 sec: 2239563 operations; 22531 current ops/sec; [READ: Count=15323, Max=182783, Min=4, Avg=42.37, 90=86, 99=126, 99.9=155, 99.99=778] [INSERT: Count=1133, Max=2101, Min=139, Avg=163.95, 90=182, 99=243, 99.9=339, 99.99=2101] [READ-FAILED: Count=6084, Max=135, Min=16, Avg=50.55, 90=59, 99=70, 99.9=80, 99.99=135] 
2026-04-29 00:15:19:008 108 sec: 2258597 operations; 19034 current ops/sec; [READ: Count=13076, Max=1495, Min=4, Avg=32.42, 90=90, 99=135, 99.9=404, 99.99=720] [INSERT: Count=937, Max=5067, Min=144, Avg=319.69, 90=649, 99=1168, 99.9=5067, 99.99=5067] [READ-FAILED: Count=5020, Max=449, Min=18, Avg=50.78, 90=61, 99=72, 99.9=83, 99.99=449] 
2026-04-29 00:15:20:008 109 sec: 2280471 operations; 21874 current ops/sec; [READ: Count=14726, Max=769, Min=4, Avg=32.71, 90=90, 99=139, 99.9=387, 99.99=666] [INSERT: Count=1124, Max=355, Min=143, Avg=168.84, 90=192, 99=247, 99.9=282, 99.99=355] [READ-FAILED: Count=6017, Max=113, Min=16, Avg=50.37, 90=60, 99=69, 99.9=81, 99.99=113] 
2026-04-29 00:15:21:008 110 sec: 2302632 operations; 22161 current ops/sec; [READ: Count=14932, Max=656, Min=4, Avg=32.3, 90=89, 99=149, 99.9=382, 99.99=544] [INSERT: Count=1132, Max=303, Min=144, Avg=162.85, 90=175, 99=214, 99.9=261, 99.99=303] [READ-FAILED: Count=6100, Max=364, Min=17, Avg=50.52, 90=61, 99=71, 99.9=82, 99.99=364] 
2026-04-29 00:15:22:008 111 sec: 2323140 operations; 20508 current ops/sec; [READ: Count=13726, Max=84095, Min=4, Avg=37.21, 90=87, 99=128, 99.9=375, 99.99=3009] [INSERT: Count=1088, Max=1097, Min=141, Avg=161.96, 90=174, 99=227, 99.9=403, 99.99=1097] [READ-FAILED: Count=5705, Max=2561, Min=16, Avg=50.82, 90=59, 99=70, 99.9=85, 99.99=2561] 
2026-04-29 00:15:23:008 112 sec: 2327779 operations; 4639 current ops/sec; [READ: Count=3139, Max=345, Min=4, Avg=28.16, 90=83, 99=112, 99.9=149, 99.99=345] [INSERT: Count=214, Max=259, Min=142, Avg=161.78, 90=175, 99=213, 99.9=259, 99.99=259] [READ-FAILED: Count=1271, Max=77, Min=17, Avg=49.63, 90=58, 99=66, 99.9=77, 99.99=77] 
2026-04-29 00:15:24:008 113 sec: 2327779 operations; 0 current ops/sec; [READ: Count=0, Max=0, Min=0, Avg=0, 90=0, 99=0, 99.9=0, 99.99=0] [INSERT: Count=0, Max=0, Min=0, Avg=0, 90=0, 99=0, 99.9=0, 99.99=0] [READ-FAILED: Count=0, Max=0, Min=0, Avg=0, 90=0, 99=0, 99.9=0, 99.99=0] 
2026-04-29 00:15:25:008 114 sec: 2336418 operations; 8639 current ops/sec; [READ: Count=5909, Max=2359295, Min=4, Avg=429.93, 90=89, 99=127, 99.9=333, 99.99=2359295] [INSERT: Count=446, Max=1221, Min=139, Avg=320.48, 90=672, 99=969, 99.9=1221, 99.99=1221] [READ-FAILED: Count=2292, Max=139, Min=17, Avg=50.43, 90=60, 99=70, 99.9=78, 99.99=139] 
2026-04-29 00:15:26:008 115 sec: 2355637 operations; 19219 current ops/sec; [READ: Count=13031, Max=172031, Min=4, Avg=43.08, 90=86, 99=124, 99.9=161, 99.99=781] [INSERT: Count=958, Max=379, Min=138, Avg=161.68, 90=190, 99=235, 99.9=379, 99.99=379] [READ-FAILED: Count=5226, Max=126, Min=17, Avg=50.03, 90=59, 99=69, 99.9=81, 99.99=126] 
2026-04-29 00:15:27:008 116 sec: 2378193 operations; 22556 current ops/sec; [READ: Count=15124, Max=1506, Min=4, Avg=31.51, 90=88, 99=134, 99.9=420, 99.99=692] [INSERT: Count=1169, Max=263, Min=136, Avg=159.85, 90=173, 99=219, 99.9=248, 99.99=263] [READ-FAILED: Count=6261, Max=355, Min=16, Avg=49.64, 90=59, 99=70, 99.9=82, 99.99=355] 
2026-04-29 00:15:28:008 117 sec: 2400473 operations; 22280 current ops/sec; [READ: Count=15144, Max=661, Min=4, Avg=31.64, 90=89, 99=154, 99.9=381, 99.99=651] [INSERT: Count=1105, Max=469, Min=138, Avg=177.4, 90=205, 99=244, 99.9=310, 99.99=469] [READ-FAILED: Count=6033, Max=96, Min=16, Avg=49.66, 90=59, 99=69, 99.9=78, 99.99=96] 
2026-04-29 00:15:29:008 118 sec: 2420736 operations; 20263 current ops/sec; [READ: Count=13853, Max=2413, Min=4, Avg=31.27, 90=90, 99=147, 99.9=369, 99.99=1714] [INSERT: Count=1007, Max=9399, Min=152, Avg=268.09, 90=569, 99=822, 99.9=1094, 99.99=9399] [READ-FAILED: Count=5401, Max=142, Min=12, Avg=50.57, 90=61, 99=72, 99.9=89, 99.99=142] 
2026-04-29 00:15:30:008 119 sec: 2436078 operations; 15342 current ops/sec; [READ: Count=10677, Max=3027, Min=4, Avg=29.67, 90=88, 99=125, 99.9=211, 99.99=542] [INSERT: Count=786, Max=1347, Min=150, Avg=594.92, 90=867, 99=1257, 99.9=1347, 99.99=1347] [READ-FAILED: Count=3885, Max=1534, Min=16, Avg=51.11, 90=59, 99=69, 99.9=84, 99.99=1534] 
Maximum time elapsed. Requesting stop for the workload.
Stop requested for workload. Now Joining!
2026-04-29 00:15:31:008 120 sec: 2447071 operations; 10993 current ops/sec; [READ: Count=7381, Max=2469, Min=4, Avg=30.05, 90=87, 99=125, 99.9=242, 99.99=2469] [INSERT: Count=572, Max=391, Min=140, Avg=160.68, 90=175, 99=238, 99.9=391, 99.99=391] [READ-FAILED: Count=3032, Max=84735, Min=17, Avg=78.09, 90=59, 99=69, 99.9=78, 99.99=84735] 
2026-04-29 00:15:32:008 121 sec: 2447071 operations; 0 current ops/sec; [READ: Count=0, Max=0, Min=0, Avg=0, 90=0, 99=0, 99.9=0, 99.99=0] [INSERT: Count=0, Max=0, Min=0, Avg=0, 90=0, 99=0, 99.9=0, 99.99=0] [READ-FAILED: Count=0, Max=0, Min=0, Avg=0, 90=0, 99=0, 99.9=0, 99.99=0] 
2026-04-29 00:15:33:008 122 sec: 2447071 operations; 0 current ops/sec; [READ: Count=0, Max=0, Min=0, Avg=0, 90=0, 99=0, 99.9=0, 99.99=0] [INSERT: Count=0, Max=0, Min=0, Avg=0, 90=0, 99=0, 99.9=0, 99.99=0] [READ-FAILED: Count=0, Max=0, Min=0, Avg=0, 90=0, 99=0, 99.9=0, 99.99=0] 
[OZONEDB-PROFILE] reads=2324584  avg_total=39.91us  view=3.67us(9.2%)  log=1.13us(2.8%)  sst=61.29us_per_call x 1324339_calls(87.5%_of_total)
[OZONEDB-SST-PROFILE] level | time_total_ms | enters | range_rejects | table_gets | hits
[OZONEDB-SST-PROFILE] L1  |     10359.28 |  2662613 |      1328191 |    1334422 | 220967
[OZONEDB-SST-PROFILE] L2  |      6747.07 |  2223502 |      1110315 |    1113187 |  87972
[OZONEDB-SST-PROFILE] L3  |      5672.88 |  2048436 |      1023319 |    1025117 |  57212
[OZONEDB-SST-PROFILE] L4  |      5062.09 |  1933980 |       966249 |     967731 |  42540
[OZONEDB-SST-PROFILE] L5  |      4544.44 |  1845685 |       922219 |     923466 |  34108
[OZONEDB-SST-PROFILE] L6  |      4203.85 |  1779993 |       889513 |     890480 |  28323
[OZONEDB-SST-PROFILE] L7  |     43798.80 |  3391967 |        79589 |    3312378 | 174426
[OZONEDB-TBL-PROFILE] file_filter_reject=8818675  block_filter_reject=101462  index_invalid=0  block_read_more=473182  hit_from_cache=173462  miss_after_read=1096  found=645548
2026-04-29 00:15:34:008 123 sec: 2447072 operations; 1 current ops/sec; [READ: Count=1, Max=2523135, Min=2521088, Avg=2522112, 90=2523135, 99=2523135, 99.9=2523135, 99.99=2523135] [INSERT: Count=0, Max=0, Min=0, Avg=0, 90=0, 99=0, 99.9=0, 99.99=0] [READ-FAILED: Count=0, Max=0, Min=0, Avg=0, 90=0, 99=0, 99.9=0, 99.99=0] 
2026-04-29 00:15:35:008 124 sec: 2447072 operations; 0 current ops/sec; [READ: Count=0, Max=0, Min=0, Avg=0, 90=0, 99=0, 99.9=0, 99.99=0] [INSERT: Count=0, Max=0, Min=0, Avg=0, 90=0, 99=0, 99.9=0, 99.99=0] [READ-FAILED: Count=0, Max=0, Min=0, Avg=0, 90=0, 99=0, 99.9=0, 99.99=0] 
2026-04-29 00:15:36:008 125 sec: 2447072 operations; 0 current ops/sec; [READ: Count=0, Max=0, Min=0, Avg=0, 90=0, 99=0, 99.9=0, 99.99=0] [INSERT: Count=0, Max=0, Min=0, Avg=0, 90=0, 99=0, 99.9=0, 99.99=0] [READ-FAILED: Count=0, Max=0, Min=0, Avg=0, 90=0, 99=0, 99.9=0, 99.99=0] 
2026-04-29 00:15:37:008 126 sec: 2447072 operations; 0 current ops/sec; [READ: Count=0, Max=0, Min=0, Avg=0, 90=0, 99=0, 99.9=0, 99.99=0] [INSERT: Count=0, Max=0, Min=0, Avg=0, 90=0, 99=0, 99.9=0, 99.99=0] [READ-FAILED: Count=0, Max=0, Min=0, Avg=0, 90=0, 99=0, 99.9=0, 99.99=0] 
2026-04-29 00:15:38:008 127 sec: 2447072 operations; 0 current ops/sec; [READ: Count=0, Max=0, Min=0, Avg=0, 90=0, 99=0, 99.9=0, 99.99=0] [INSERT: Count=0, Max=0, Min=0, Avg=0, 90=0, 99=0, 99.9=0, 99.99=0] [READ-FAILED: Count=0, Max=0, Min=0, Avg=0, 90=0, 99=0, 99.9=0, 99.99=0] 
2026-04-29 00:15:39:008 128 sec: 2447072 operations; 0 current ops/sec; [READ: Count=0, Max=0, Min=0, Avg=0, 90=0, 99=0, 99.9=0, 99.99=0] [INSERT: Count=0, Max=0, Min=0, Avg=0, 90=0, 99=0, 99.9=0, 99.99=0] [READ-FAILED: Count=0, Max=0, Min=0, Avg=0, 90=0, 99=0, 99.9=0, 99.99=0] 
2026-04-29 00:15:39:266 128 sec: 2447072 operations; 0 current ops/sec; [READ: Count=0, Max=0, Min=0, Avg=0, 90=0, 99=0, 99.9=0, 99.99=0] [CLEANUP: Count=1, Max=6172671, Min=6168576, Avg=6170624, 90=6172671, 99=6172671, 99.9=6172671, 99.99=6172671] [INSERT: Count=0, Max=0, Min=0, Avg=0, 90=0, 99=0, 99.9=0, 99.99=0] [READ-FAILED: Count=0, Max=0, Min=0, Avg=0, 90=0, 99=0, 99.9=0, 99.99=0] 
	Command being timed: "/users/Xinying/ozonedb/ycsb/bin/ycsb run ozonedb -threads 1 -s -P /users/Xinying/ozonedb/ycsb/workloads/generated_workloads/workloadd_1KB_1000000_1000000 -p status.interval=1 -p maxexecutiontime=120 -p operationcount=0 -p shared_config=/users/Xinying/ozonedb/src/config/local/shared_config_rocksdb.json"
	User time (seconds): 112.90
	System time (seconds): 52.27
	Percent of CPU this job got: 122%
	Elapsed (wall clock) time (h:mm:ss or m:ss): 2:14.40
	Average shared text size (kbytes): 0
	Average unshared data size (kbytes): 0
	Average stack size (kbytes): 0
	Average total size (kbytes): 0
	Maximum resident set size (kbytes): 4973216
	Average resident set size (kbytes): 0
	Major (requiring I/O) page faults: 701
	Minor (reclaiming a frame) page faults: 1543316
	Voluntary context switches: 345103
	Involuntary context switches: 1361
	Swaps: 0
	File system inputs: 21072334
	File system outputs: 8007856
	Socket messages sent: 0
	Socket messages received: 0
	Signals delivered: 0
	Page size (bytes): 4096
	Exit status: 0
