# CMD: /usr/bin/time -v /users/Xinying/ozonedb/ycsb/bin/ycsb run ozonedb -threads 1 -s -P /users/Xinying/ozonedb/ycsb/workloads/generated_workloads/workloadf_1KB_1000000_1000000 -p status.interval=1 -p maxexecutiontime=120 -p operationcount=0 -p shared_config=/users/Xinying/ozonedb/src/config/local/shared_config_rocksdb.json
# devices=['sda6'] sectors_before=5843295264 sectors_after=5858265128
# elapsed_s=127.91 returncode=0

=== STDOUT ===
Starting compaction watcher
2026-04-29 00:15:55:844 - NewTail completed: 
2026-04-29 00:16:04:955 - NewTail completed: 
2026-04-29 00:16:05:056 - Compaction started: 
140663190447680:Compacting datalog/35 datalog/36 into:sstable1/0508347d-b421-49bc-8eca-4af9c4dcc9a3202604281815501777421765222094947.sst
2026-04-29 00:16:05:525 - Compaction completed: 
2026-04-29 00:16:05:558 - Compaction started: 
140663190447680:Compacting sstable1/8a559bee-a6a6-4a8c-a83e-361c80abffe2202604281758001777420838419171344.sst sstable1/8a559bee-a6a6-4a8c-a83e-361c80abffe2202604281758001777420838805903791.sst into:sstable2/0508347d-b421-49bc-8eca-4af9c4dcc9a3202604281815501777421765853527961.sst:sstable2/0508347d-b421-49bc-8eca-4af9c4dcc9a3202604281815501777421766219169093.sst
2026-04-29 00:16:06:260 - Compaction completed: 
2026-04-29 00:16:06:269 - Compaction started: 
140663190447680:Compacting sstable2/8a559bee-a6a6-4a8c-a83e-361c80abffe2202604281758001777420839365898297.sst sstable2/8a559bee-a6a6-4a8c-a83e-361c80abffe2202604281758001777420839772505995.sst into:sstable3/0508347d-b421-49bc-8eca-4af9c4dcc9a3202604281815501777421766570850524.sst:sstable3/0508347d-b421-49bc-8eca-4af9c4dcc9a3202604281815501777421766937190957.sst
2026-04-29 00:16:06:982 - Compaction completed: 
2026-04-29 00:16:06:987 - Compaction started: 
140663190447680:Compacting sstable3/8a559bee-a6a6-4a8c-a83e-361c80abffe2202604281758001777420840304880137.sst sstable3/8a559bee-a6a6-4a8c-a83e-361c80abffe2202604281758001777420840702801889.sst into:sstable4/0508347d-b421-49bc-8eca-4af9c4dcc9a3202604281815501777421767287814545.sst:sstable4/0508347d-b421-49bc-8eca-4af9c4dcc9a3202604281815501777421767673568713.sst
2026-04-29 00:16:07:719 - Compaction completed: 
2026-04-29 00:16:07:824 - Compaction started: 
140663190447680:Compacting sstable4/f9bbdfa0-1e7e-4d67-9224-6d56975aeb66202604281802271777420947790678285.sst sstable4/f9bbdfa0-1e7e-4d67-9224-6d56975aeb66202604281802271777420948156169209.sst into:sstable5/0508347d-b421-49bc-8eca-4af9c4dcc9a3202604281815501777421768134271514.sst:sstable5/0508347d-b421-49bc-8eca-4af9c4dcc9a3202604281815501777421768509054119.sst
2026-04-29 00:16:08:565 - Compaction completed: 
2026-04-29 00:16:08:628 - Compaction started: 
140663190447680:Compacting sstable5/f9bbdfa0-1e7e-4d67-9224-6d56975aeb66202604281802271777420948526376940.sst sstable5/f9bbdfa0-1e7e-4d67-9224-6d56975aeb66202604281802271777420948890821393.sst into:sstable6/0508347d-b421-49bc-8eca-4af9c4dcc9a3202604281815501777421768940563969.sst:sstable6/0508347d-b421-49bc-8eca-4af9c4dcc9a3202604281815501777421769313433479.sst
2026-04-29 00:16:09:366 - Compaction completed: 
2026-04-29 00:16:09:432 - Compaction started: 
140663190447680:Compacting sstable6/f9bbdfa0-1e7e-4d67-9224-6d56975aeb66202604281802271777420949246232039.sst sstable6/f9bbdfa0-1e7e-4d67-9224-6d56975aeb66202604281802271777420949613425343.sst into:sstable7/0508347d-b421-49bc-8eca-4af9c4dcc9a3202604281815501777421769749297088.sst
2026-04-29 00:16:10:171 - Compaction completed: 
2026-04-29 00:16:10:237 - Compaction started: 
140663190447680:Compacting sstable7/8a559bee-a6a6-4a8c-a83e-361c80abffe2202604281758001777420823886115495.sst sstable7/8a559bee-a6a6-4a8c-a83e-361c80abffe2202604281758001777420835817291832.sst into:sstable7/0_0508347d-b421-49bc-8eca-4af9c4dcc9a3202604281815501777421770948822226.sst
2026-04-29 00:16:11:819 - Compaction completed: 
2026-04-29 00:16:16:673 - NewTail completed: 
2026-04-29 00:16:25:384 - NewTail completed: 
2026-04-29 00:16:25:464 - Compaction started: 
140663190447680:Compacting datalog/37 datalog/38 into:sstable1/0508347d-b421-49bc-8eca-4af9c4dcc9a3202604281815501777421785613793624.sst
2026-04-29 00:16:25:891 - Compaction completed: 
2026-04-29 00:16:34:595 - NewTail completed: 
2026-04-29 00:16:43:505 - NewTail completed: 
2026-04-29 00:16:43:587 - Compaction started: 
140663190447680:Compacting datalog/39 datalog/40 into:sstable1/0508347d-b421-49bc-8eca-4af9c4dcc9a3202604281815501777421803738768651.sst
2026-04-29 00:16:44:020 - Compaction completed: 
2026-04-29 00:16:44:090 - Compaction started: 
140663190447680:Compacting sstable1/0508347d-b421-49bc-8eca-4af9c4dcc9a3202604281815501777421765222094947.sst sstable1/0508347d-b421-49bc-8eca-4af9c4dcc9a3202604281815501777421785613793624.sst into:sstable2/0508347d-b421-49bc-8eca-4af9c4dcc9a3202604281815501777421804564958024.sst:sstable2/0508347d-b421-49bc-8eca-4af9c4dcc9a3202604281815501777421804960816837.sst
2026-04-29 00:16:45:173 - Compaction completed: 
2026-04-29 00:16:45:296 - Compaction started: 
140663190447680:Compacting sstable2/0508347d-b421-49bc-8eca-4af9c4dcc9a3202604281815501777421765853527961.sst sstable2/0508347d-b421-49bc-8eca-4af9c4dcc9a3202604281815501777421766219169093.sst into:sstable3/0508347d-b421-49bc-8eca-4af9c4dcc9a3202604281815501777421805634049016.sst:sstable3/0508347d-b421-49bc-8eca-4af9c4dcc9a3202604281815501777421806013821010.sst
2026-04-29 00:16:46:070 - Compaction completed: 
2026-04-29 00:16:46:201 - Compaction started: 
140663190447680:Compacting sstable3/0508347d-b421-49bc-8eca-4af9c4dcc9a3202604281815501777421766570850524.sst sstable3/0508347d-b421-49bc-8eca-4af9c4dcc9a3202604281815501777421766937190957.sst into:sstable4/0508347d-b421-49bc-8eca-4af9c4dcc9a3202604281815501777421806538085714.sst:sstable4/0508347d-b421-49bc-8eca-4af9c4dcc9a3202604281815501777421806918671053.sst
2026-04-29 00:16:46:975 - Compaction completed: 
2026-04-29 00:16:47:124 - Compaction started: 
140663190447680:Compacting sstable4/0508347d-b421-49bc-8eca-4af9c4dcc9a3202604281815501777421767287814545.sst sstable4/0508347d-b421-49bc-8eca-4af9c4dcc9a3202604281815501777421767673568713.sst into:sstable5/0508347d-b421-49bc-8eca-4af9c4dcc9a3202604281815501777421807467208818.sst:sstable5/0508347d-b421-49bc-8eca-4af9c4dcc9a3202604281815501777421807846634162.sst
2026-04-29 00:16:47:906 - Compaction completed: 
2026-04-29 00:16:47:930 - Compaction started: 
140663190447680:Compacting sstable5/0508347d-b421-49bc-8eca-4af9c4dcc9a3202604281815501777421768134271514.sst sstable5/0508347d-b421-49bc-8eca-4af9c4dcc9a3202604281815501777421768509054119.sst into:sstable6/0508347d-b421-49bc-8eca-4af9c4dcc9a3202604281815501777421808282187729.sst:sstable6/0508347d-b421-49bc-8eca-4af9c4dcc9a3202604281815501777421808667159859.sst
2026-04-29 00:16:48:732 - Compaction completed: 
2026-04-29 00:16:48:738 - Compaction started: 
140663190447680:Compacting sstable6/0508347d-b421-49bc-8eca-4af9c4dcc9a3202604281815501777421768940563969.sst sstable6/0508347d-b421-49bc-8eca-4af9c4dcc9a3202604281815501777421769313433479.sst into:sstable7/0508347d-b421-49bc-8eca-4af9c4dcc9a3202604281815501777421809084611360.sst
2026-04-29 00:16:49:526 - Compaction completed: 
2026-04-29 00:16:49:543 - Compaction started: 
140663190447680:Compacting sstable7/0_f9bbdfa0-1e7e-4d67-9224-6d56975aeb66202604281802271777420953812879032.sst sstable7/0_0508347d-b421-49bc-8eca-4af9c4dcc9a3202604281815501777421770948822226.sst into:sstable7/0_0508347d-b421-49bc-8eca-4af9c4dcc9a3202604281815501777421813736017718.sst:sstable7/0_0508347d-b421-49bc-8eca-4af9c4dcc9a3202604281815501777421817658037525.sst
2026-04-29 00:16:58:130 - NewTail completed: 
2026-04-29 00:16:58:142 - Compaction completed: 
2026-04-29 00:16:58:272 - Compaction started: 
140663190447680:Compacting sstable7/0_0508347d-b421-49bc-8eca-4af9c4dcc9a3202604281815501777421813736017718.sst sstable7/0_0508347d-b421-49bc-8eca-4af9c4dcc9a3202604281815501777421817658037525.sst into:sstable7/0_0508347d-b421-49bc-8eca-4af9c4dcc9a3202604281815501777421821987655815.sst:sstable7/0_0508347d-b421-49bc-8eca-4af9c4dcc9a3202604281815501777421826038487369.sst
2026-04-29 00:17:06:675 - Compaction completed: 
2026-04-29 00:17:06:768 - Compaction started: 
2026-04-29 00:17:13:245 - NewTail completed: 
140663190447680:Compacting sstable7/0_0508347d-b421-49bc-8eca-4af9c4dcc9a3202604281815501777421821987655815.sst sstable7/0_0508347d-b421-49bc-8eca-4af9c4dcc9a3202604281815501777421826038487369.sst into:sstable7/0_0508347d-b421-49bc-8eca-4af9c4dcc9a3202604281815501777421830441922208.sst:sstable7/0_0508347d-b421-49bc-8eca-4af9c4dcc9a3202604281815501777421834488739566.sst
2026-04-29 00:17:15:140 - Compaction completed: 
2026-04-29 00:17:15:230 - Compaction started: 
140663190447680:Compacting datalog/41 datalog/42 into:sstable1/0508347d-b421-49bc-8eca-4af9c4dcc9a3202604281815501777421835456464301.sst
2026-04-29 00:17:15:769 - Compaction completed: 
2026-04-29 00:17:15:836 - Compaction started: 
140663190447680:Compacting sstable7/0_0508347d-b421-49bc-8eca-4af9c4dcc9a3202604281815501777421830441922208.sst sstable7/0_0508347d-b421-49bc-8eca-4af9c4dcc9a3202604281815501777421834488739566.sst into:sstable7/0_0508347d-b421-49bc-8eca-4af9c4dcc9a3202604281815501777421839628598557.sst:sstable7/0_0508347d-b421-49bc-8eca-4af9c4dcc9a3202604281815501777421843700434550.sst
2026-04-29 00:17:24:376 - Compaction completed: 
2026-04-29 00:17:24:466 - Compaction started: 
2026-04-29 00:17:29:670 - NewTail completed: 
140663190447680:Compacting sstable7/0_0508347d-b421-49bc-8eca-4af9c4dcc9a3202604281815501777421839628598557.sst sstable7/0_0508347d-b421-49bc-8eca-4af9c4dcc9a3202604281815501777421843700434550.sst into:sstable7/0_0508347d-b421-49bc-8eca-4af9c4dcc9a3202604281815501777421848411594478.sst:sstable7/0_0508347d-b421-49bc-8eca-4af9c4dcc9a3202604281815501777421852478801972.sst
2026-04-29 00:17:33:181 - Compaction completed: 
2026-04-29 00:17:33:279 - Compaction started: 
140663190447680:Compacting sstable7/0_0508347d-b421-49bc-8eca-4af9c4dcc9a3202604281815501777421848411594478.sst sstable7/0_0508347d-b421-49bc-8eca-4af9c4dcc9a3202604281815501777421852478801972.sst into:sstable7/0_0508347d-b421-49bc-8eca-4af9c4dcc9a3202604281815501777421857321486541.sst:sstable7/0_0508347d-b421-49bc-8eca-4af9c4dcc9a3202604281815501777421861439283795.sst
2026-04-29 00:17:42:149 - Compaction completed: 
2026-04-29 00:17:42:190 - NewTail completed: 
2026-04-29 00:17:42:240 - Compaction started: 
140663190447680:Compacting datalog/43 datalog/44 into:sstable1/0508347d-b421-49bc-8eca-4af9c4dcc9a3202604281815501777421862506239149.sst
2026-04-29 00:17:42:823 - Compaction completed: 
2026-04-29 00:17:42:863 - Compaction started: 
140663190447680:Compacting sstable7/0_0508347d-b421-49bc-8eca-4af9c4dcc9a3202604281815501777421857321486541.sst sstable7/0_0508347d-b421-49bc-8eca-4af9c4dcc9a3202604281815501777421861439283795.sst into:sstable7/0_0508347d-b421-49bc-8eca-4af9c4dcc9a3202604281815501777421866862224786.sst:sstable7/0_0508347d-b421-49bc-8eca-4af9c4dcc9a3202604281815501777421870960054523.sst
2026-04-29 00:17:51:682 - Compaction completed: 
[OVERALL], RunTime(ms), 121288
[OVERALL], Throughput(ops/sec), 4752.67957258756
[TOTAL_GCS_PS_Scavenge], Count, 9
[TOTAL_GC_TIME_PS_Scavenge], Time(ms), 28
[TOTAL_GC_TIME_%_PS_Scavenge], Time(%), 0.023085548446672384
[TOTAL_GCS_PS_MarkSweep], Count, 0
[TOTAL_GC_TIME_PS_MarkSweep], Time(ms), 0
[TOTAL_GC_TIME_%_PS_MarkSweep], Time(%), 0.0
[TOTAL_GCs], Count, 9
[TOTAL_GC_TIME], Time(ms), 28
[TOTAL_GC_TIME_%], Time(%), 0.023085548446672384
[READ], Operations, 576443
[READ], AverageLatency(us), 106.86158735555814
[READ], MinLatency(us), 4
[READ], MaxLatency(us), 2611199
[READ], 95thPercentileLatency(us), 132
[READ], 99thPercentileLatency(us), 161
[READ], Return=OK, 576443
[READ-MODIFY-WRITE], Operations, 288816
[READ-MODIFY-WRITE], AverageLatency(us), 319.879871613761
[READ-MODIFY-WRITE], MinLatency(us), 145
[READ-MODIFY-WRITE], MaxLatency(us), 2572287
[READ-MODIFY-WRITE], 95thPercentileLatency(us), 367
[READ-MODIFY-WRITE], 99thPercentileLatency(us), 812
[CLEANUP], Operations, 1
[CLEANUP], AverageLatency(us), 1287680.0
[CLEANUP], MinLatency(us), 1287168
[CLEANUP], MaxLatency(us), 1288191
[CLEANUP], 95thPercentileLatency(us), 1288191
[CLEANUP], 99thPercentileLatency(us), 1288191
[UPDATE], Operations, 288816
[UPDATE], AverageLatency(us), 197.1258586781896
[UPDATE], MinLatency(us), 139
[UPDATE], MaxLatency(us), 136319
[UPDATE], 95thPercentileLatency(us), 230
[UPDATE], 99thPercentileLatency(us), 693
[UPDATE], Return=OK, 288816

=== STDERR ===
[WARN]  Running against a source checkout. In order to get our runtime dependencies we'll have to invoke Maven. Depending on the state of your system, this may take ~30-45 seconds
[DEBUG]  Running 'mvn -pl site.ycsb:ozonedb-binding -am package -DskipTests dependency:build-classpath -DincludeScope=compile -Dmdep.outputFilterFile=true'
/usr/lib/jvm/java-8-openjdk-amd64/bin/java -cp /users/Xinying/ozonedb/ycsb/ozonedb/conf:/users/Xinying/ozonedb/ycsb/ozonedb/target/ozonedb-binding-0.18.0-SNAPSHOT.jar:/users/Xinying/.m2/repository/org/apache/htrace/htrace-core4/4.1.0-incubating/htrace-core4-4.1.0-incubating.jar:/users/Xinying/.m2/repository/org/slf4j/slf4j-api/1.7.25/slf4j-api-1.7.25.jar:/users/Xinying/.m2/repository/org/hdrhistogram/HdrHistogram/2.1.12/HdrHistogram-2.1.12.jar:/users/Xinying/.m2/repository/ch/qos/logback/logback-classic/1.2.3/logback-classic-1.2.3.jar:/users/Xinying/.m2/repository/ozonedbjnimaven/demoproc-jni/1.0/demoproc-jni-1.0.jar:/users/Xinying/.m2/repository/ch/qos/logback/logback-core/1.2.3/logback-core-1.2.3.jar:/users/Xinying/.m2/repository/org/codehaus/jackson/jackson-mapper-asl/1.9.4/jackson-mapper-asl-1.9.4.jar:/users/Xinying/.m2/repository/org/slf4j/slf4j-simple/1.7.25/slf4j-simple-1.7.25.jar:/users/Xinying/.m2/repository/org/codehaus/jackson/jackson-core-asl/1.9.4/jackson-core-asl-1.9.4.jar:/users/Xinying/ozonedb/ycsb/core/target/core-0.18.0-SNAPSHOT.jar site.ycsb.Client -db site.ycsb.db.OzoneDBClient -threads 1 -s -P /users/Xinying/ozonedb/ycsb/workloads/generated_workloads/workloadf_1KB_1000000_1000000 -p status.interval=1 -p maxexecutiontime=120 -p operationcount=0 -p shared_config=/users/Xinying/ozonedb/src/config/local/shared_config_rocksdb.json -t
Command line: -db site.ycsb.db.OzoneDBClient -threads 1 -s -P /users/Xinying/ozonedb/ycsb/workloads/generated_workloads/workloadf_1KB_1000000_1000000 -p status.interval=1 -p maxexecutiontime=120 -p operationcount=0 -p shared_config=/users/Xinying/ozonedb/src/config/local/shared_config_rocksdb.json -t
YCSB Client 0.18.0-SNAPSHOT

Loading workload...
Starting test.
SLF4J: Class path contains multiple SLF4J bindings.
SLF4J: Found binding in [jar:file:/users/Xinying/.m2/repository/ch/qos/logback/logback-classic/1.2.3/logback-classic-1.2.3.jar!/org/slf4j/impl/StaticLoggerBinder.class]
SLF4J: Found binding in [jar:file:/users/Xinying/.m2/repository/org/slf4j/slf4j-simple/1.7.25/slf4j-simple-1.7.25.jar!/org/slf4j/impl/StaticLoggerBinder.class]
SLF4J: See http://www.slf4j.org/codes.html#multiple_bindings for an explanation.
SLF4J: Actual binding is of type [ch.qos.logback.classic.util.ContextSelectorStaticBinder]
Maximum execution time specified as: 120 secs
2026-04-29 00:15:50:482 0 sec: 0 operations; 
DBWrapper: report latency for each error is false and specific error codes to track for latency are: []
2026-04-29 00:15:51:482 1 sec: 2618 operations; 2618 current ops/sec; [READ: Count=2631, Max=49055, Min=5, Avg=118.45, 90=124, 99=827, 99.9=1258, 99.99=49055] [READ-MODIFY-WRITE: Count=1333, Max=195839, Min=164, Avg=450.88, 90=360, 99=1043, 99.9=3403, 99.99=195839] [UPDATE: Count=1342, Max=136319, Min=154, Avg=300.36, 90=227, 99=322, 99.9=965, 99.99=136319] 
2026-04-29 00:15:52:482 2 sec: 7832 operations; 5214 current ops/sec; [READ: Count=5205, Max=2337, Min=4, Avg=89.63, 90=124, 99=830, 99.9=1232, 99.99=2337] [READ-MODIFY-WRITE: Count=2623, Max=5731, Min=163, Avg=284.24, 90=342, 99=1032, 99.9=1537, 99.99=5731] [UPDATE: Count=2615, Max=4963, Min=153, Avg=193.14, 90=216, 99=249, 99.9=1161, 99.99=4963] 
2026-04-29 00:15:53:482 3 sec: 13551 operations; 5719 current ops/sec; [READ: Count=5721, Max=1315, Min=5, Avg=78.21, 90=119, 99=637, 99.9=926, 99.99=1315] [READ-MODIFY-WRITE: Count=2858, Max=1527, Min=162, Avg=266.44, 90=332, 99=855, 99.9=1450, 99.99=1527] [UPDATE: Count=2858, Max=1380, Min=153, Avg=187.46, 90=213, 99=241, 99.9=1001, 99.99=1380] 
2026-04-29 00:15:54:482 4 sec: 19335 operations; 5784 current ops/sec; [READ: Count=5783, Max=2143, Min=4, Avg=76.04, 90=118, 99=176, 99.9=1056, 99.99=2143] [READ-MODIFY-WRITE: Count=2906, Max=4231, Min=160, Avg=264.16, 90=331, 99=840, 99.9=1965, 99.99=4231] [UPDATE: Count=2909, Max=2281, Min=151, Avg=186.78, 90=213, 99=240, 99.9=1180, 99.99=2281] 
2026-04-29 00:15:55:482 5 sec: 25344 operations; 6009 current ops/sec; [READ: Count=6008, Max=1131, Min=5, Avg=71.46, 90=118, 99=152, 99.9=1023, 99.99=1131] [READ-MODIFY-WRITE: Count=3003, Max=1368, Min=161, Avg=257.02, 90=330, 99=381, 99.9=1212, 99.99=1368] [UPDATE: Count=3001, Max=290, Min=152, Avg=184.37, 90=213, 99=237, 99.9=274, 99.99=290] 
2026-04-29 00:15:56:482 6 sec: 31137 operations; 5793 current ops/sec; [READ: Count=5794, Max=1153, Min=5, Avg=69.13, 90=118, 99=154, 99.9=875, 99.99=1153] [READ-MODIFY-WRITE: Count=2970, Max=29711, Min=160, Avg=267.18, 90=332, 99=397, 99.9=1521, 99.99=29711] [UPDATE: Count=2972, Max=29055, Min=152, Avg=196.04, 90=213, 99=242, 99.9=1172, 99.99=29055] 
2026-04-29 00:15:57:482 7 sec: 37241 operations; 6104 current ops/sec; [READ: Count=6104, Max=4215, Min=4, Avg=66.49, 90=118, 99=146, 99.9=821, 99.99=4215] [READ-MODIFY-WRITE: Count=3079, Max=5219, Min=161, Avg=256.11, 90=333, 99=374, 99.9=1038, 99.99=5219] [UPDATE: Count=3079, Max=1079, Min=151, Avg=187.01, 90=217, 99=242, 99.9=290, 99.99=1079] 
2026-04-29 00:15:58:482 8 sec: 43441 operations; 6200 current ops/sec; [READ: Count=6199, Max=1452, Min=5, Avg=65.5, 90=118, 99=143, 99.9=958, 99.99=1452] [READ-MODIFY-WRITE: Count=3117, Max=1638, Min=162, Avg=251.36, 90=331, 99=365, 99.9=1160, 99.99=1638] [UPDATE: Count=3115, Max=1184, Min=153, Avg=185.02, 90=214, 99=241, 99.9=272, 99.99=1184] 
2026-04-29 00:15:59:482 9 sec: 49758 operations; 6317 current ops/sec; [READ: Count=6316, Max=4029, Min=5, Avg=64.8, 90=118, 99=143, 99.9=905, 99.99=4029] [READ-MODIFY-WRITE: Count=3129, Max=4863, Min=159, Avg=250.25, 90=331, 99=368, 99.9=1308, 99.99=4863] [UPDATE: Count=3129, Max=1233, Min=150, Avg=182.98, 90=212, 99=236, 99.9=273, 99.99=1233] 
2026-04-29 00:16:00:482 10 sec: 55994 operations; 6236 current ops/sec; [READ: Count=6235, Max=1074, Min=4, Avg=63.81, 90=118, 99=143, 99.9=803, 99.99=1074] [READ-MODIFY-WRITE: Count=3166, Max=5415, Min=154, Avg=249.03, 90=331, 99=370, 99.9=1259, 99.99=5415] [UPDATE: Count=3166, Max=5007, Min=145, Avg=184.43, 90=213, 99=240, 99.9=779, 99.99=5007] 
2026-04-29 00:16:01:482 11 sec: 62066 operations; 6072 current ops/sec; [READ: Count=6073, Max=1100, Min=5, Avg=65.75, 90=120, 99=148, 99.9=930, 99.99=1100] [READ-MODIFY-WRITE: Count=3005, Max=32639, Min=158, Avg=260.43, 90=332, 99=400, 99.9=1247, 99.99=32639] [UPDATE: Count=3005, Max=32271, Min=148, Avg=194.42, 90=212, 99=254, 99.9=809, 99.99=32271] 
2026-04-29 00:16:02:482 12 sec: 68606 operations; 6540 current ops/sec; [READ: Count=6538, Max=1216, Min=4, Avg=62.58, 90=118, 99=143, 99.9=958, 99.99=1216] [READ-MODIFY-WRITE: Count=3281, Max=1435, Min=147, Avg=240.18, 90=324, 99=357, 99.9=986, 99.99=1435] [UPDATE: Count=3280, Max=284, Min=141, Avg=175.99, 90=208, 99=229, 99.9=264, 99.99=284] 
2026-04-29 00:16:03:482 13 sec: 75424 operations; 6818 current ops/sec; [READ: Count=6818, Max=1167, Min=4, Avg=61.73, 90=117, 99=140, 99.9=694, 99.99=1167] [READ-MODIFY-WRITE: Count=3293, Max=1285, Min=148, Avg=233.19, 90=318, 99=354, 99.9=1142, 99.99=1285] [UPDATE: Count=3293, Max=1141, Min=141, Avg=171.97, 90=202, 99=229, 99.9=301, 99.99=1141] 
2026-04-29 00:16:04:482 14 sec: 82122 operations; 6698 current ops/sec; [READ: Count=6699, Max=1177, Min=4, Avg=61.71, 90=118, 99=145, 99.9=878, 99.99=1177] [READ-MODIFY-WRITE: Count=3326, Max=1405, Min=148, Avg=234.18, 90=320, 99=365, 99.9=1087, 99.99=1405] [UPDATE: Count=3326, Max=1298, Min=142, Avg=172.49, 90=203, 99=229, 99.9=318, 99.99=1298] 
2026-04-29 00:16:05:482 15 sec: 88724 operations; 6602 current ops/sec; [READ: Count=6602, Max=3191, Min=4, Avg=61.76, 90=118, 99=148, 99.9=941, 99.99=3191] [READ-MODIFY-WRITE: Count=3370, Max=3547, Min=147, Avg=236.74, 90=320, 99=364, 99.9=1480, 99.99=3547] [UPDATE: Count=3370, Max=1380, Min=139, Avg=171.93, 90=203, 99=225, 99.9=492, 99.99=1380] 
2026-04-29 00:16:06:483 16 sec: 91674 operations; 2950 current ops/sec; [READ: Count=2948, Max=206335, Min=5, Avg=145.58, 90=125, 99=305, 99.9=7215, 99.99=206335] [READ-MODIFY-WRITE: Count=1491, Max=33119, Min=147, Avg=319.73, 90=402, 99=920, 99.9=9479, 99.99=33119] [UPDATE: Count=1490, Max=32767, Min=140, Avg=237.91, 90=246, 99=841, 99.9=1254, 99.99=32767] 
2026-04-29 00:16:07:482 17 sec: 96292 operations; 4618 current ops/sec; [READ: Count=4619, Max=223231, Min=4, Avg=167.37, 90=122, 99=209, 99.9=1039, 99.99=223231] [READ-MODIFY-WRITE: Count=2330, Max=223871, Min=150, Avg=448.36, 90=329, 99=416, 99.9=16311, 99.99=223871] [UPDATE: Count=2333, Max=16103, Min=143, Avg=183.37, 90=207, 99=238, 99.9=527, 99.99=16103] 
2026-04-29 00:16:08:482 18 sec: 101173 operations; 4881 current ops/sec; [READ: Count=4882, Max=222079, Min=5, Avg=114.25, 90=120, 99=255, 99.9=1047, 99.99=222079] [READ-MODIFY-WRITE: Count=2479, Max=223359, Min=149, Avg=335.66, 90=324, 99=443, 99.9=1227, 99.99=223359] [UPDATE: Count=2478, Max=1164, Min=143, Avg=174.55, 90=204, 99=229, 99.9=448, 99.99=1164] 
2026-04-29 00:16:09:482 19 sec: 105837 operations; 4664 current ops/sec; [READ: Count=4662, Max=226943, Min=4, Avg=119.97, 90=118, 99=257, 99.9=1160, 99.99=226943] [READ-MODIFY-WRITE: Count=2273, Max=228223, Min=150, Avg=344.69, 90=321, 99=464, 99.9=1119, 99.99=228223] [UPDATE: Count=2271, Max=1111, Min=143, Avg=173.52, 90=202, 99=241, 99.9=491, 99.99=1111] 
2026-04-29 00:16:10:482 20 sec: 109431 operations; 3594 current ops/sec; [READ: Count=3594, Max=221439, Min=4, Avg=128.74, 90=122, 99=255, 99.9=1085, 99.99=221439] [READ-MODIFY-WRITE: Count=1782, Max=8687, Min=153, Avg=251.82, 90=333, 99=446, 99.9=1699, 99.99=8687] [UPDATE: Count=1782, Max=1644, Min=145, Avg=181.96, 90=212, 99=242, 99.9=1066, 99.99=1644] 
2026-04-29 00:16:11:482 21 sec: 113188 operations; 3757 current ops/sec; [READ: Count=3758, Max=292351, Min=4, Avg=206.02, 90=119, 99=248, 99.9=1045, 99.99=292351] [READ-MODIFY-WRITE: Count=1839, Max=21391, Min=151, Avg=314.26, 90=538, 99=991, 99.9=2891, 99.99=21391] [UPDATE: Count=1839, Max=21135, Min=142, Avg=251.05, 90=507, 99=885, 99.9=1530, 99.99=21135] 
2026-04-29 00:16:12:482 22 sec: 116894 operations; 3706 current ops/sec; [READ: Count=3708, Max=17455, Min=4, Avg=70.31, 90=121, 99=148, 99.9=762, 99.99=17455] [READ-MODIFY-WRITE: Count=1860, Max=1477, Min=147, Avg=459.73, 90=802, 99=1129, 99.9=1430, 99.99=1477] [UPDATE: Count=1861, Max=1373, Min=139, Avg=393.09, 90=719, 99=1043, 99.9=1326, 99.99=1373] 
2026-04-29 00:16:13:482 23 sec: 123196 operations; 6302 current ops/sec; [READ: Count=6300, Max=1365, Min=4, Avg=65.67, 90=121, 99=148, 99.9=967, 99.99=1365] [READ-MODIFY-WRITE: Count=3195, Max=3981, Min=145, Avg=245.2, 90=332, 99=369, 99.9=1353, 99.99=3981] [UPDATE: Count=3195, Max=3833, Min=139, Avg=179.51, 90=212, 99=236, 99.9=271, 99.99=3833] 
2026-04-29 00:16:14:482 24 sec: 129694 operations; 6498 current ops/sec; [READ: Count=6498, Max=1141, Min=4, Avg=62.86, 90=120, 99=145, 99.9=757, 99.99=1141] [READ-MODIFY-WRITE: Count=3332, Max=1391, Min=149, Avg=238.48, 90=325, 99=358, 99.9=1174, 99.99=1391] [UPDATE: Count=3333, Max=1305, Min=141, Avg=173.79, 90=205, 99=229, 99.9=262, 99.99=1305] 
2026-04-29 00:16:15:482 25 sec: 136155 operations; 6461 current ops/sec; [READ: Count=6462, Max=1397, Min=4, Avg=64.88, 90=120, 99=146, 99.9=1219, 99.99=1397] [READ-MODIFY-WRITE: Count=3220, Max=1582, Min=150, Avg=243.89, 90=329, 99=361, 99.9=1430, 99.99=1582] [UPDATE: Count=3220, Max=978, Min=143, Avg=176.56, 90=209, 99=227, 99.9=264, 99.99=978] 
2026-04-29 00:16:16:482 26 sec: 142020 operations; 5865 current ops/sec; [READ: Count=5864, Max=1076, Min=4, Avg=63.22, 90=122, 99=148, 99.9=804, 99.99=1076] [READ-MODIFY-WRITE: Count=2941, Max=29823, Min=155, Avg=273.31, 90=344, 99=785, 99.9=1602, 99.99=29823] [UPDATE: Count=2940, Max=29631, Min=146, Avg=210.11, 90=218, 99=671, 99.9=1282, 99.99=29631] 
2026-04-29 00:16:17:482 27 sec: 148003 operations; 5983 current ops/sec; [READ: Count=5985, Max=949, Min=4, Avg=63.72, 90=122, 99=150, 99.9=621, 99.99=949] [READ-MODIFY-WRITE: Count=3039, Max=2028, Min=148, Avg=265.14, 90=344, 99=798, 99.9=1297, 99.99=2028] [UPDATE: Count=3038, Max=1958, Min=142, Avg=199.75, 90=217, 99=707, 99.9=970, 99.99=1958] 
2026-04-29 00:16:18:482 28 sec: 154532 operations; 6529 current ops/sec; [READ: Count=6527, Max=1432, Min=4, Avg=62.83, 90=120, 99=144, 99.9=1056, 99.99=1432] [READ-MODIFY-WRITE: Count=3295, Max=1354, Min=148, Avg=238.22, 90=326, 99=359, 99.9=1283, 99.99=1354] [UPDATE: Count=3297, Max=1242, Min=142, Avg=175.27, 90=207, 99=230, 99.9=264, 99.99=1242] 
2026-04-29 00:16:19:482 29 sec: 161111 operations; 6579 current ops/sec; [READ: Count=6580, Max=1070, Min=4, Avg=63.16, 90=120, 99=144, 99.9=369, 99.99=1070] [READ-MODIFY-WRITE: Count=3272, Max=1268, Min=148, Avg=238.88, 90=327, 99=356, 99.9=1244, 99.99=1268] [UPDATE: Count=3271, Max=1192, Min=141, Avg=174.88, 90=206, 99=225, 99.9=1088, 99.99=1192] 
2026-04-29 00:16:20:482 30 sec: 167784 operations; 6673 current ops/sec; [READ: Count=6672, Max=1401, Min=4, Avg=61.93, 90=120, 99=146, 99.9=676, 99.99=1401] [READ-MODIFY-WRITE: Count=3288, Max=1624, Min=147, Avg=237.48, 90=325, 99=362, 99.9=1198, 99.99=1624] [UPDATE: Count=3289, Max=1130, Min=140, Avg=174.6, 90=208, 99=231, 99.9=271, 99.99=1130] 
2026-04-29 00:16:21:482 31 sec: 174342 operations; 6558 current ops/sec; [READ: Count=6558, Max=1749, Min=4, Avg=63.4, 90=121, 99=144, 99.9=1014, 99.99=1749] [READ-MODIFY-WRITE: Count=3279, Max=1367, Min=146, Avg=238.35, 90=328, 99=361, 99.9=884, 99.99=1367] [UPDATE: Count=3277, Max=271, Min=139, Avg=174.49, 90=209, 99=228, 99.9=267, 99.99=271] 
2026-04-29 00:16:22:482 32 sec: 180653 operations; 6311 current ops/sec; [READ: Count=6312, Max=1178, Min=4, Avg=62.47, 90=120, 99=149, 99.9=920, 99.99=1178] [READ-MODIFY-WRITE: Count=3215, Max=32639, Min=148, Avg=247.79, 90=325, 99=380, 99.9=1070, 99.99=32639] [UPDATE: Count=3216, Max=32431, Min=141, Avg=184.58, 90=205, 99=243, 99.9=816, 99.99=32431] 
2026-04-29 00:16:23:482 33 sec: 187451 operations; 6798 current ops/sec; [READ: Count=6798, Max=3719, Min=4, Avg=60.46, 90=119, 99=143, 99.9=870, 99.99=3719] [READ-MODIFY-WRITE: Count=3416, Max=3967, Min=147, Avg=230.82, 90=320, 99=353, 99.9=1418, 99.99=3967] [UPDATE: Count=3416, Max=1345, Min=141, Avg=168.77, 90=201, 99=221, 99.9=256, 99.99=1345] 
2026-04-29 00:16:24:482 34 sec: 194134 operations; 6683 current ops/sec; [READ: Count=6682, Max=1372, Min=4, Avg=61.45, 90=120, 99=145, 99.9=788, 99.99=1372] [READ-MODIFY-WRITE: Count=3351, Max=1582, Min=147, Avg=235.91, 90=324, 99=357, 99.9=1331, 99.99=1582] [UPDATE: Count=3351, Max=275, Min=141, Avg=171.98, 90=205, 99=229, 99.9=264, 99.99=275] 
2026-04-29 00:16:25:482 35 sec: 200717 operations; 6583 current ops/sec; [READ: Count=6584, Max=1136, Min=4, Avg=60.93, 90=121, 99=146, 99.9=711, 99.99=1136] [READ-MODIFY-WRITE: Count=3331, Max=1334, Min=146, Avg=238.74, 90=331, 99=369, 99.9=1244, 99.99=1334] [UPDATE: Count=3330, Max=1185, Min=140, Avg=176, 90=211, 99=232, 99.9=331, 99.99=1185] 
2026-04-29 00:16:26:482 36 sec: 207034 operations; 6317 current ops/sec; [READ: Count=6316, Max=3123, Min=4, Avg=66.09, 90=123, 99=153, 99.9=675, 99.99=3123] [READ-MODIFY-WRITE: Count=3158, Max=6855, Min=147, Avg=248.57, 90=332, 99=371, 99.9=1393, 99.99=6855] [UPDATE: Count=3159, Max=6647, Min=140, Avg=180.45, 90=210, 99=227, 99.9=1068, 99.99=6647] 
2026-04-29 00:16:27:482 37 sec: 212637 operations; 5603 current ops/sec; [READ: Count=5603, Max=1131, Min=4, Avg=67.85, 90=124, 99=151, 99.9=644, 99.99=1131] [READ-MODIFY-WRITE: Count=2818, Max=33503, Min=147, Avg=286.61, 90=350, 99=900, 99.9=1352, 99.99=33503] [UPDATE: Count=2820, Max=33407, Min=140, Avg=216.13, 90=219, 99=766, 99.9=1189, 99.99=33407] 
2026-04-29 00:16:28:482 38 sec: 218890 operations; 6253 current ops/sec; [READ: Count=6254, Max=1069, Min=4, Avg=67, 90=124, 99=150, 99.9=687, 99.99=1069] [READ-MODIFY-WRITE: Count=3088, Max=1223, Min=149, Avg=251.89, 90=340, 99=379, 99.9=1120, 99.99=1223] [UPDATE: Count=3086, Max=1130, Min=142, Avg=184.08, 90=216, 99=245, 99.9=283, 99.99=1130] 
2026-04-29 00:16:29:482 39 sec: 225132 operations; 6242 current ops/sec; [READ: Count=6241, Max=1175, Min=4, Avg=66.61, 90=124, 99=150, 99.9=798, 99.99=1175] [READ-MODIFY-WRITE: Count=3151, Max=1369, Min=155, Avg=249.37, 90=336, 99=370, 99.9=1253, 99.99=1369] [UPDATE: Count=3151, Max=1238, Min=148, Avg=181.49, 90=214, 99=233, 99.9=274, 99.99=1238] 
2026-04-29 00:16:30:482 40 sec: 231623 operations; 6491 current ops/sec; [READ: Count=6491, Max=1419, Min=4, Avg=65.56, 90=122, 99=147, 99.9=1011, 99.99=1419] [READ-MODIFY-WRITE: Count=3215, Max=1459, Min=147, Avg=241.81, 90=330, 99=364, 99.9=1242, 99.99=1459] [UPDATE: Count=3216, Max=268, Min=141, Avg=174.79, 90=209, 99=229, 99.9=263, 99.99=268] 
2026-04-29 00:16:31:482 41 sec: 238224 operations; 6601 current ops/sec; [READ: Count=6601, Max=1138, Min=4, Avg=63.74, 90=121, 99=150, 99.9=809, 99.99=1138] [READ-MODIFY-WRITE: Count=3274, Max=1331, Min=146, Avg=237.26, 90=327, 99=363, 99.9=1145, 99.99=1331] [UPDATE: Count=3273, Max=1228, Min=140, Avg=173.1, 90=206, 99=231, 99.9=278, 99.99=1228] 
2026-04-29 00:16:32:482 42 sec: 244390 operations; 6166 current ops/sec; [READ: Count=6166, Max=1118, Min=4, Avg=64.27, 90=123, 99=149, 99.9=639, 99.99=1118] [READ-MODIFY-WRITE: Count=3110, Max=31647, Min=148, Avg=256.52, 90=335, 99=383, 99.9=1329, 99.99=31647] [UPDATE: Count=3112, Max=31423, Min=141, Avg=190.24, 90=213, 99=244, 99.9=1187, 99.99=31423] 
2026-04-29 00:16:33:482 43 sec: 250713 operations; 6323 current ops/sec; [READ: Count=6324, Max=1201, Min=5, Avg=64.12, 90=123, 99=148, 99.9=188, 99.99=1201] [READ-MODIFY-WRITE: Count=3155, Max=4335, Min=149, Avg=249.06, 90=339, 99=375, 99.9=1052, 99.99=4335] [UPDATE: Count=3153, Max=4147, Min=142, Avg=184.61, 90=218, 99=240, 99.9=885, 99.99=4147] 
2026-04-29 00:16:34:482 44 sec: 257058 operations; 6345 current ops/sec; [READ: Count=6344, Max=1149, Min=4, Avg=64.29, 90=124, 99=152, 99.9=952, 99.99=1149] [READ-MODIFY-WRITE: Count=3168, Max=1332, Min=147, Avg=248.32, 90=340, 99=379, 99.9=1160, 99.99=1332] [UPDATE: Count=3168, Max=1223, Min=140, Avg=183, 90=215, 99=241, 99.9=284, 99.99=1223] 
2026-04-29 00:16:35:482 45 sec: 263304 operations; 6246 current ops/sec; [READ: Count=6246, Max=1039, Min=5, Avg=64.37, 90=125, 99=151, 99.9=730, 99.99=1039] [READ-MODIFY-WRITE: Count=3210, Max=1289, Min=159, Avg=247.68, 90=340, 99=373, 99.9=1143, 99.99=1289] [UPDATE: Count=3210, Max=1176, Min=153, Avg=182.53, 90=215, 99=240, 99.9=364, 99.99=1176] 
2026-04-29 00:16:36:482 46 sec: 269752 operations; 6448 current ops/sec; [READ: Count=6449, Max=1171, Min=4, Avg=63.9, 90=123, 99=149, 99.9=890, 99.99=1171] [READ-MODIFY-WRITE: Count=3260, Max=1071, Min=154, Avg=240.65, 90=332, 99=369, 99.9=533, 99.99=1071] [UPDATE: Count=3261, Max=998, Min=147, Avg=176.56, 90=210, 99=232, 99.9=270, 99.99=998] 
2026-04-29 00:16:37:482 47 sec: 276038 operations; 6286 current ops/sec; [READ: Count=6286, Max=1232, Min=4, Avg=63.51, 90=124, 99=152, 99.9=742, 99.99=1232] [READ-MODIFY-WRITE: Count=3136, Max=32559, Min=154, Avg=251.98, 90=332, 99=379, 99.9=1094, 99.99=32559] [UPDATE: Count=3137, Max=32399, Min=146, Avg=187.7, 90=209, 99=237, 99.9=847, 99.99=32399] 
2026-04-29 00:16:38:482 48 sec: 282586 operations; 6548 current ops/sec; [READ: Count=6549, Max=1196, Min=4, Avg=63.53, 90=122, 99=148, 99.9=948, 99.99=1196] [READ-MODIFY-WRITE: Count=3290, Max=1370, Min=148, Avg=239.68, 90=329, 99=368, 99.9=1180, 99.99=1370] [UPDATE: Count=3288, Max=299, Min=141, Avg=173.77, 90=207, 99=229, 99.9=270, 99.99=299] 
2026-04-29 00:16:39:482 49 sec: 288972 operations; 6386 current ops/sec; [READ: Count=6385, Max=1200, Min=5, Avg=62.78, 90=123, 99=150, 99.9=820, 99.99=1200] [READ-MODIFY-WRITE: Count=3271, Max=1913, Min=148, Avg=242.19, 90=336, 99=374, 99.9=957, 99.99=1913] [UPDATE: Count=3271, Max=1778, Min=142, Avg=179.4, 90=214, 99=238, 99.9=304, 99.99=1778] 
2026-04-29 00:16:40:482 50 sec: 295656 operations; 6684 current ops/sec; [READ: Count=6685, Max=1259, Min=4, Avg=62.45, 90=122, 99=149, 99.9=671, 99.99=1259] [READ-MODIFY-WRITE: Count=3272, Max=1470, Min=146, Avg=238.15, 90=330, 99=374, 99.9=1379, 99.99=1470] [UPDATE: Count=3272, Max=1257, Min=140, Avg=174.24, 90=209, 99=231, 99.9=275, 99.99=1257] 
2026-04-29 00:16:41:482 51 sec: 302351 operations; 6695 current ops/sec; [READ: Count=6693, Max=1200, Min=4, Avg=62.32, 90=121, 99=149, 99.9=1042, 99.99=1200] [READ-MODIFY-WRITE: Count=3363, Max=1327, Min=147, Avg=232.27, 90=324, 99=362, 99.9=1192, 99.99=1327] [UPDATE: Count=3363, Max=1200, Min=140, Avg=169.64, 90=203, 99=224, 99.9=262, 99.99=1200] 
2026-04-29 00:16:42:482 52 sec: 308806 operations; 6455 current ops/sec; [READ: Count=6457, Max=1224, Min=4, Avg=62.49, 90=122, 99=147, 99.9=827, 99.99=1224] [READ-MODIFY-WRITE: Count=3144, Max=33631, Min=147, Avg=250.05, 90=330, 99=374, 99.9=1332, 99.99=33631] [UPDATE: Count=3144, Max=33567, Min=140, Avg=185.93, 90=209, 99=243, 99.9=678, 99.99=33567] 
2026-04-29 00:16:43:482 53 sec: 315265 operations; 6459 current ops/sec; [READ: Count=6458, Max=1014, Min=4, Avg=62.91, 90=124, 99=148, 99.9=673, 99.99=1014] [READ-MODIFY-WRITE: Count=3239, Max=4011, Min=154, Avg=243.41, 90=336, 99=370, 99.9=1161, 99.99=4011] [UPDATE: Count=3239, Max=3867, Min=147, Avg=179.41, 90=212, 99=232, 99.9=853, 99.99=3867] 
2026-04-29 00:16:44:482 54 sec: 319318 operations; 4053 current ops/sec; [READ: Count=4051, Max=185599, Min=5, Avg=113.86, 90=126, 99=272, 99.9=1091, 99.99=185599] [READ-MODIFY-WRITE: Count=2002, Max=187007, Min=152, Avg=349.52, 90=342, 99=498, 99.9=3231, 99.99=187007] [UPDATE: Count=2001, Max=1188, Min=145, Avg=183.33, 90=217, 99=238, 99.9=666, 99.99=1188] 
2026-04-29 00:16:45:482 55 sec: 324132 operations; 4814 current ops/sec; [READ: Count=4814, Max=166399, Min=5, Avg=107.78, 90=129, 99=265, 99.9=1098, 99.99=166399] [READ-MODIFY-WRITE: Count=2444, Max=9607, Min=156, Avg=261.53, 90=348, 99=494, 99.9=1308, 99.99=9607] [UPDATE: Count=2444, Max=1436, Min=150, Avg=185.86, 90=219, 99=232, 99.9=1101, 99.99=1436] 
2026-04-29 00:16:46:482 56 sec: 328580 operations; 4448 current ops/sec; [READ: Count=4450, Max=237439, Min=4, Avg=174.51, 90=127, 99=240, 99.9=1015, 99.99=237439] [READ-MODIFY-WRITE: Count=2200, Max=238591, Min=149, Avg=465.24, 90=342, 99=439, 99.9=8655, 99.99=238591] [UPDATE: Count=2202, Max=1236, Min=141, Avg=179.99, 90=215, 99=237, 99.9=947, 99.99=1236] 
2026-04-29 00:16:47:482 57 sec: 332806 operations; 4226 current ops/sec; [READ: Count=4225, Max=210303, Min=4, Avg=117.21, 90=126, 99=252, 99.9=912, 99.99=210303] [READ-MODIFY-WRITE: Count=2101, Max=26863, Min=153, Avg=303.29, 90=469, 99=930, 99.9=1342, 99.99=26863] [UPDATE: Count=2100, Max=26767, Min=145, Avg=236.62, 90=266, 99=844, 99.9=1217, 99.99=26767] 
2026-04-29 00:16:48:482 58 sec: 336473 operations; 3667 current ops/sec; [READ: Count=3667, Max=245375, Min=5, Avg=136.95, 90=125, 99=157, 99.9=797, 99.99=245375] [READ-MODIFY-WRITE: Count=1859, Max=246271, Min=151, Avg=469.41, 90=663, 99=1021, 99.9=9999, 99.99=246271] [UPDATE: Count=1861, Max=1497, Min=142, Avg=263.15, 90=610, 99=929, 99.9=1407, 99.99=1497] 
2026-04-29 00:16:49:482 59 sec: 341091 operations; 4618 current ops/sec; [READ: Count=4618, Max=237567, Min=5, Avg=122.67, 90=127, 99=343, 99.9=763, 99.99=237567] [READ-MODIFY-WRITE: Count=2385, Max=1536, Min=151, Avg=247.5, 90=337, 99=550, 99.9=1278, 99.99=1536] [UPDATE: Count=2382, Max=1419, Min=143, Avg=178.14, 90=210, 99=240, 99.9=1213, 99.99=1419] 
2026-04-29 00:16:50:482 60 sec: 341430 operations; 339 current ops/sec; [READ: Count=338, Max=9431, Min=5, Avg=89.56, 90=118, 99=150, 99.9=9431, 99.99=9431] [READ-MODIFY-WRITE: Count=176, Max=483, Min=152, Avg=234.09, 90=327, 99=410, 99.9=483, 99.99=483] [UPDATE: Count=176, Max=350, Min=144, Avg=173.11, 90=207, 99=268, 99.9=350, 99.99=350] 
2026-04-29 00:16:51:482 61 sec: 341430 operations; 0 current ops/sec; [READ: Count=0, Max=0, Min=0, Avg=0, 90=0, 99=0, 99.9=0, 99.99=0] [READ-MODIFY-WRITE: Count=0, Max=0, Min=0, Avg=0, 90=0, 99=0, 99.9=0, 99.99=0] [UPDATE: Count=0, Max=0, Min=0, Avg=0, 90=0, 99=0, 99.9=0, 99.99=0] 
2026-04-29 00:16:52:482 62 sec: 344066 operations; 2636 current ops/sec; [READ: Count=2636, Max=2312191, Min=4, Avg=940.73, 90=124, 99=158, 99.9=863, 99.99=2312191] [READ-MODIFY-WRITE: Count=1320, Max=2312191, Min=151, Avg=2058.39, 90=528, 99=1188, 99.9=12167, 99.99=2312191] [UPDATE: Count=1320, Max=11999, Min=143, Avg=242.69, 90=454, 99=1105, 99.9=1587, 99.99=11999] 
2026-04-29 00:16:53:482 63 sec: 346827 operations; 2761 current ops/sec; [READ: Count=2762, Max=700415, Min=4, Avg=320.27, 90=123, 99=154, 99.9=986, 99.99=700415] [READ-MODIFY-WRITE: Count=1414, Max=701439, Min=151, Avg=735.09, 90=328, 99=375, 99.9=1155, 99.99=701439] [UPDATE: Count=1417, Max=1071, Min=143, Avg=172.3, 90=205, 99=235, 99.9=822, 99.99=1071] 
2026-04-29 00:16:54:482 64 sec: 353075 operations; 6248 current ops/sec; [READ: Count=6248, Max=1373, Min=5, Avg=67.86, 90=126, 99=174, 99.9=764, 99.99=1373] [READ-MODIFY-WRITE: Count=3088, Max=1685, Min=150, Avg=252.72, 90=342, 99=505, 99.9=1269, 99.99=1685] [UPDATE: Count=3087, Max=1625, Min=143, Avg=182.43, 90=216, 99=241, 99.9=1072, 99.99=1625] 
2026-04-29 00:16:55:482 65 sec: 359262 operations; 6187 current ops/sec; [READ: Count=6188, Max=1119, Min=4, Avg=71.23, 90=127, 99=344, 99.9=561, 99.99=1119] [READ-MODIFY-WRITE: Count=3050, Max=1323, Min=153, Avg=251.7, 90=340, 99=537, 99.9=989, 99.99=1323] [UPDATE: Count=3049, Max=1186, Min=146, Avg=179.55, 90=212, 99=234, 99.9=844, 99.99=1186] 
2026-04-29 00:16:56:482 66 sec: 365383 operations; 6121 current ops/sec; [READ: Count=6120, Max=1126, Min=4, Avg=70.45, 90=129, 99=332, 99.9=885, 99.99=1126] [READ-MODIFY-WRITE: Count=3090, Max=1344, Min=149, Avg=252, 90=344, 99=510, 99.9=1090, 99.99=1344] [UPDATE: Count=3090, Max=946, Min=142, Avg=180.28, 90=215, 99=238, 99.9=288, 99.99=946] 
2026-04-29 00:16:57:482 67 sec: 371052 operations; 5669 current ops/sec; [READ: Count=5669, Max=1156, Min=4, Avg=69.03, 90=127, 99=334, 99.9=867, 99.99=1156] [READ-MODIFY-WRITE: Count=2826, Max=27439, Min=151, Avg=280.6, 90=350, 99=893, 99.9=1557, 99.99=27439] [UPDATE: Count=2826, Max=27359, Min=146, Avg=211.55, 90=217, 99=757, 99.9=1262, 99.99=27359] 
2026-04-29 00:16:58:482 68 sec: 372958 operations; 1906 current ops/sec; [READ: Count=1905, Max=83455, Min=4, Avg=110.19, 90=123, 99=158, 99.9=2525, 99.99=83455] [READ-MODIFY-WRITE: Count=979, Max=84415, Min=199, Avg=738.09, 90=911, 99=1257, 99.9=84415, 99.99=84415] [UPDATE: Count=978, Max=3287, Min=189, Avg=589.25, 90=817, 99=1194, 99.9=3287, 99.99=3287] 
2026-04-29 00:16:59:482 69 sec: 372958 operations; 0 current ops/sec; [READ: Count=0, Max=0, Min=0, Avg=0, 90=0, 99=0, 99.9=0, 99.99=0] [READ-MODIFY-WRITE: Count=0, Max=0, Min=0, Avg=0, 90=0, 99=0, 99.9=0, 99.99=0] [UPDATE: Count=0, Max=0, Min=0, Avg=0, 90=0, 99=0, 99.9=0, 99.99=0] 
2026-04-29 00:17:00:482 70 sec: 372958 operations; 0 current ops/sec; [READ: Count=0, Max=0, Min=0, Avg=0, 90=0, 99=0, 99.9=0, 99.99=0] [READ-MODIFY-WRITE: Count=0, Max=0, Min=0, Avg=0, 90=0, 99=0, 99.9=0, 99.99=0] [UPDATE: Count=0, Max=0, Min=0, Avg=0, 90=0, 99=0, 99.9=0, 99.99=0] 
2026-04-29 00:17:01:482 71 sec: 376915 operations; 3957 current ops/sec; [READ: Count=3957, Max=2461695, Min=4, Avg=683.11, 90=118, 99=146, 99.9=766, 99.99=2461695] [READ-MODIFY-WRITE: Count=1984, Max=2463743, Min=157, Avg=1479.51, 90=327, 99=376, 99.9=1448, 99.99=2463743] [UPDATE: Count=1984, Max=1220, Min=150, Avg=177.52, 90=209, 99=237, 99.9=860, 99.99=1220] 
2026-04-29 00:17:02:482 72 sec: 382935 operations; 6020 current ops/sec; [READ: Count=6021, Max=187263, Min=4, Avg=93.87, 90=121, 99=145, 99.9=1088, 99.99=187263] [READ-MODIFY-WRITE: Count=2944, Max=187903, Min=157, Avg=320.09, 90=338, 99=600, 99.9=1547, 99.99=187903] [UPDATE: Count=2944, Max=12775, Min=150, Avg=192.55, 90=218, 99=523, 99.9=1068, 99.99=12775] 
2026-04-29 00:17:03:482 73 sec: 388004 operations; 5069 current ops/sec; [READ: Count=5069, Max=1582, Min=4, Avg=67.76, 90=128, 99=159, 99.9=929, 99.99=1582] [READ-MODIFY-WRITE: Count=2577, Max=2647, Min=160, Avg=319.99, 90=530, 99=1040, 99.9=2071, 99.99=2647] [UPDATE: Count=2578, Max=2521, Min=153, Avg=250.79, 90=486, 99=895, 99.9=1974, 99.99=2521] 
2026-04-29 00:17:04:482 74 sec: 393953 operations; 5949 current ops/sec; [READ: Count=5949, Max=2527, Min=4, Avg=70.84, 90=129, 99=354, 99.9=1069, 99.99=2527] [READ-MODIFY-WRITE: Count=2956, Max=1378, Min=159, Avg=263.17, 90=356, 99=575, 99.9=1307, 99.99=1378] [UPDATE: Count=2956, Max=1233, Min=151, Avg=191.88, 90=228, 99=253, 99.9=486, 99.99=1233] 
2026-04-29 00:17:05:482 75 sec: 399776 operations; 5823 current ops/sec; [READ: Count=5824, Max=1508, Min=4, Avg=70.77, 90=128, 99=340, 99.9=808, 99.99=1508] [READ-MODIFY-WRITE: Count=2904, Max=1714, Min=162, Avg=270.38, 90=360, 99=585, 99.9=1108, 99.99=1714] [UPDATE: Count=2905, Max=992, Min=153, Avg=198.57, 90=232, 99=252, 99.9=538, 99.99=992] 
2026-04-29 00:17:06:482 76 sec: 405253 operations; 5477 current ops/sec; [READ: Count=5478, Max=83263, Min=4, Avg=82.55, 90=126, 99=251, 99.9=1078, 99.99=83263] [READ-MODIFY-WRITE: Count=2767, Max=83839, Min=160, Avg=291.5, 90=353, 99=481, 99.9=1745, 99.99=83839] [UPDATE: Count=2766, Max=1735, Min=153, Avg=194.25, 90=228, 99=252, 99.9=524, 99.99=1735] 
2026-04-29 00:17:07:482 77 sec: 407086 operations; 1833 current ops/sec; [READ: Count=1830, Max=989, Min=5, Avg=57.51, 90=104, 99=138, 99.9=690, 99.99=989] [READ-MODIFY-WRITE: Count=919, Max=1052, Min=171, Avg=252.35, 90=326, 99=368, 99.9=1052, 99.99=1052] [UPDATE: Count=918, Max=980, Min=164, Avg=192.15, 90=223, 99=248, 99.9=980, 99.99=980] 
2026-04-29 00:17:08:482 78 sec: 407086 operations; 0 current ops/sec; [READ: Count=0, Max=0, Min=0, Avg=0, 90=0, 99=0, 99.9=0, 99.99=0] [READ-MODIFY-WRITE: Count=0, Max=0, Min=0, Avg=0, 90=0, 99=0, 99.9=0, 99.99=0] [UPDATE: Count=0, Max=0, Min=0, Avg=0, 90=0, 99=0, 99.9=0, 99.99=0] 
2026-04-29 00:17:09:482 79 sec: 409451 operations; 2365 current ops/sec; [READ: Count=2367, Max=2349055, Min=4, Avg=1054.75, 90=121, 99=146, 99.9=1178, 99.99=2349055] [READ-MODIFY-WRITE: Count=1185, Max=2349055, Min=157, Avg=2225.2, 90=332, 99=372, 99.9=1474, 99.99=2349055] [UPDATE: Count=1188, Max=1346, Min=150, Avg=180.51, 90=211, 99=245, 99.9=1000, 99.99=1346] 
2026-04-29 00:17:10:482 80 sec: 414605 operations; 5154 current ops/sec; [READ: Count=5153, Max=210815, Min=4, Avg=103.22, 90=120, 99=143, 99.9=830, 99.99=210815] [READ-MODIFY-WRITE: Count=2583, Max=211711, Min=155, Avg=321.21, 90=328, 99=365, 99.9=1264, 99.99=211711] [UPDATE: Count=2582, Max=1390, Min=149, Avg=177.47, 90=208, 99=232, 99.9=746, 99.99=1390] 
2026-04-29 00:17:11:482 81 sec: 420909 operations; 6304 current ops/sec; [READ: Count=6304, Max=1320, Min=5, Avg=66.25, 90=123, 99=333, 99.9=908, 99.99=1320] [READ-MODIFY-WRITE: Count=3175, Max=1542, Min=158, Avg=246.97, 90=335, 99=532, 99.9=971, 99.99=1542] [UPDATE: Count=3174, Max=904, Min=151, Avg=179.72, 90=213, 99=225, 99.9=273, 99.99=904] 
2026-04-29 00:17:12:482 82 sec: 427237 operations; 6328 current ops/sec; [READ: Count=6329, Max=2543, Min=5, Avg=67.38, 90=125, 99=352, 99.9=929, 99.99=2543] [READ-MODIFY-WRITE: Count=3140, Max=1284, Min=159, Avg=245.84, 90=338, 99=571, 99.9=944, 99.99=1284] [UPDATE: Count=3141, Max=450, Min=152, Avg=178.91, 90=214, 99=236, 99.9=279, 99.99=450] 
2026-04-29 00:17:13:482 83 sec: 430521 operations; 3284 current ops/sec; [READ: Count=3283, Max=979, Min=4, Avg=65.11, 90=127, 99=260, 99.9=516, 99.99=979] [READ-MODIFY-WRITE: Count=1686, Max=21775, Min=159, Avg=529.94, 90=850, 99=1193, 99.9=1837, 99.99=21775] [UPDATE: Count=1685, Max=21679, Min=152, Avg=462.89, 90=764, 99=1113, 99.9=1825, 99.99=21679] 
2026-04-29 00:17:14:482 84 sec: 436393 operations; 5872 current ops/sec; [READ: Count=5872, Max=2123, Min=4, Avg=65.04, 90=126, 99=155, 99.9=760, 99.99=2123] [READ-MODIFY-WRITE: Count=2913, Max=4143, Min=149, Avg=274.06, 90=356, 99=922, 99.9=1279, 99.99=4143] [UPDATE: Count=2915, Max=4065, Min=141, Avg=208.17, 90=220, 99=809, 99.9=1201, 99.99=4065] 
2026-04-29 00:17:15:482 85 sec: 442190 operations; 5797 current ops/sec; [READ: Count=5797, Max=102335, Min=4, Avg=81.51, 90=123, 99=149, 99.9=1050, 99.99=102335] [READ-MODIFY-WRITE: Count=2918, Max=102975, Min=150, Avg=277.52, 90=332, 99=377, 99.9=2769, 99.99=102975] [UPDATE: Count=2916, Max=1569, Min=142, Avg=176.93, 90=210, 99=241, 99.9=837, 99.99=1569] 
2026-04-29 00:17:16:482 86 sec: 444419 operations; 2229 current ops/sec; [READ: Count=2228, Max=5903, Min=4, Avg=65.68, 90=121, 99=322, 99.9=913, 99.99=5903] [READ-MODIFY-WRITE: Count=1160, Max=6383, Min=150, Avg=246.05, 90=331, 99=546, 99.9=1306, 99.99=6383] [UPDATE: Count=1159, Max=374, Min=142, Avg=175.53, 90=210, 99=230, 99.9=276, 99.99=374] 
2026-04-29 00:17:17:482 87 sec: 444419 operations; 0 current ops/sec; [READ: Count=0, Max=0, Min=0, Avg=0, 90=0, 99=0, 99.9=0, 99.99=0] [READ-MODIFY-WRITE: Count=0, Max=0, Min=0, Avg=0, 90=0, 99=0, 99.9=0, 99.99=0] [UPDATE: Count=0, Max=0, Min=0, Avg=0, 90=0, 99=0, 99.9=0, 99.99=0] 
2026-04-29 00:17:18:482 88 sec: 444972 operations; 553 current ops/sec; [READ: Count=554, Max=2437119, Min=5, Avg=4471.7, 90=135, 99=162, 99.9=2437119, 99.99=2437119] [READ-MODIFY-WRITE: Count=281, Max=2441215, Min=239, Avg=9342.3, 90=799, 99=3455, 99.9=2441215, 99.99=2441215] [UPDATE: Count=281, Max=4551, Min=186, Avg=591.75, 90=698, 99=2065, 99.9=4551, 99.99=4551] 
2026-04-29 00:17:19:482 89 sec: 449192 operations; 4220 current ops/sec; [READ: Count=4221, Max=209535, Min=5, Avg=118.77, 90=126, 99=154, 99.9=1061, 99.99=209535] [READ-MODIFY-WRITE: Count=2155, Max=4107, Min=163, Avg=298.73, 90=355, 99=1307, 99.9=2339, 99.99=4107] [UPDATE: Count=2156, Max=3979, Min=155, Avg=227.53, 90=223, 99=1186, 99.9=2245, 99.99=3979] 
2026-04-29 00:17:20:482 90 sec: 455373 operations; 6181 current ops/sec; [READ: Count=6180, Max=1141, Min=5, Avg=68.82, 90=126, 99=270, 99.9=624, 99.99=1141] [READ-MODIFY-WRITE: Count=3058, Max=1274, Min=160, Avg=251.64, 90=343, 99=442, 99.9=1159, 99.99=1274] [UPDATE: Count=3058, Max=1117, Min=152, Avg=183.96, 90=218, 99=243, 99.9=818, 99.99=1117] 
2026-04-29 00:17:21:482 91 sec: 461280 operations; 5907 current ops/sec; [READ: Count=5907, Max=2479, Min=5, Avg=72.4, 90=129, 99=350, 99.9=730, 99.99=2479] [READ-MODIFY-WRITE: Count=3005, Max=2893, Min=159, Avg=260.46, 90=349, 99=542, 99.9=1002, 99.99=2893] [UPDATE: Count=3006, Max=835, Min=152, Avg=186.64, 90=221, 99=242, 99.9=340, 99.99=835] 
2026-04-29 00:17:22:482 92 sec: 467530 operations; 6250 current ops/sec; [READ: Count=6251, Max=1182, Min=4, Avg=69.96, 90=125, 99=331, 99.9=753, 99.99=1182] [READ-MODIFY-WRITE: Count=3047, Max=1402, Min=156, Avg=251.31, 90=339, 99=556, 99.9=1083, 99.99=1402] [UPDATE: Count=3046, Max=964, Min=149, Avg=180.92, 90=215, 99=240, 99.9=281, 99.99=964] 
2026-04-29 00:17:23:482 93 sec: 471574 operations; 4044 current ops/sec; [READ: Count=4043, Max=1238, Min=4, Avg=67.62, 90=127, 99=320, 99.9=610, 99.99=1238] [READ-MODIFY-WRITE: Count=2030, Max=26799, Min=156, Avg=422.65, 90=842, 99=1478, 99.9=2315, 99.99=26799] [UPDATE: Count=2030, Max=26607, Min=149, Avg=354.3, 90=766, 99=1355, 99.9=2199, 99.99=26607] 
2026-04-29 00:17:24:482 94 sec: 473315 operations; 1741 current ops/sec; [READ: Count=1740, Max=85247, Min=5, Avg=121.94, 90=132, 99=222, 99.9=2681, 99.99=85247] [READ-MODIFY-WRITE: Count=873, Max=4655, Min=193, Avg=956.49, 90=1827, 99=3445, 99.9=4655, 99.99=4655] [UPDATE: Count=872, Max=4563, Min=186, Avg=884.47, 90=1733, 99=3343, 99.9=4563, 99.99=4563] 
2026-04-29 00:17:25:482 95 sec: 473315 operations; 0 current ops/sec; [READ: Count=0, Max=0, Min=0, Avg=0, 90=0, 99=0, 99.9=0, 99.99=0] [READ-MODIFY-WRITE: Count=0, Max=0, Min=0, Avg=0, 90=0, 99=0, 99.9=0, 99.99=0] [UPDATE: Count=0, Max=0, Min=0, Avg=0, 90=0, 99=0, 99.9=0, 99.99=0] 
2026-04-29 00:17:26:482 96 sec: 473315 operations; 0 current ops/sec; [READ: Count=0, Max=0, Min=0, Avg=0, 90=0, 99=0, 99.9=0, 99.99=0] [READ-MODIFY-WRITE: Count=0, Max=0, Min=0, Avg=0, 90=0, 99=0, 99.9=0, 99.99=0] [UPDATE: Count=0, Max=0, Min=0, Avg=0, 90=0, 99=0, 99.9=0, 99.99=0] 
2026-04-29 00:17:27:482 97 sec: 476184 operations; 2869 current ops/sec; [READ: Count=2871, Max=2557951, Min=5, Avg=955.6, 90=123, 99=151, 99.9=1148, 99.99=2557951] [READ-MODIFY-WRITE: Count=1434, Max=1501, Min=160, Avg=250.75, 90=342, 99=387, 99.9=934, 99.99=1501] [UPDATE: Count=1435, Max=880, Min=154, Avg=184.18, 90=218, 99=245, 99.9=485, 99.99=880] 
2026-04-29 00:17:28:482 98 sec: 480211 operations; 4027 current ops/sec; [READ: Count=4026, Max=214783, Min=5, Avg=118.15, 90=125, 99=154, 99.9=766, 99.99=214783] [READ-MODIFY-WRITE: Count=2037, Max=9215, Min=150, Avg=319.86, 90=583, 99=1209, 99.9=1458, 99.99=9215] [UPDATE: Count=2037, Max=9127, Min=143, Avg=253.4, 90=520, 99=1085, 99.9=1384, 99.99=9127] 
2026-04-29 00:17:29:482 99 sec: 486510 operations; 6299 current ops/sec; [READ: Count=6299, Max=1222, Min=5, Avg=67.71, 90=126, 99=160, 99.9=792, 99.99=1222] [READ-MODIFY-WRITE: Count=3119, Max=1516, Min=153, Avg=249.08, 90=340, 99=414, 99.9=1172, 99.99=1516] [UPDATE: Count=3119, Max=1218, Min=145, Avg=179.9, 90=214, 99=234, 99.9=282, 99.99=1218] 
2026-04-29 00:17:30:482 100 sec: 492635 operations; 6125 current ops/sec; [READ: Count=6125, Max=2553, Min=5, Avg=70.31, 90=129, 99=340, 99.9=991, 99.99=2553] [READ-MODIFY-WRITE: Count=3129, Max=2985, Min=151, Avg=251.27, 90=342, 99=566, 99.9=1224, 99.99=2985] [UPDATE: Count=3129, Max=713, Min=143, Avg=178.3, 90=212, 99=237, 99.9=358, 99.99=713] 
2026-04-29 00:17:31:482 101 sec: 498793 operations; 6158 current ops/sec; [READ: Count=6158, Max=1195, Min=5, Avg=70.41, 90=130, 99=333, 99.9=740, 99.99=1195] [READ-MODIFY-WRITE: Count=3082, Max=2038, Min=153, Avg=249.65, 90=344, 99=534, 99.9=874, 99.99=2038] [UPDATE: Count=3082, Max=1948, Min=146, Avg=179.89, 90=215, 99=239, 99.9=450, 99.99=1948] 
2026-04-29 00:17:32:482 102 sec: 505137 operations; 6344 current ops/sec; [READ: Count=6344, Max=1136, Min=4, Avg=66.51, 90=128, 99=299, 99.9=793, 99.99=1136] [READ-MODIFY-WRITE: Count=3229, Max=1340, Min=150, Avg=242.04, 90=339, 99=496, 99.9=1198, 99.99=1340] [UPDATE: Count=3229, Max=1164, Min=143, Avg=175.33, 90=210, 99=231, 99.9=301, 99.99=1164] 
2026-04-29 00:17:33:482 103 sec: 509302 operations; 4165 current ops/sec; [READ: Count=4164, Max=82623, Min=5, Avg=81.17, 90=117, 99=156, 99.9=867, 99.99=82623] [READ-MODIFY-WRITE: Count=2099, Max=31535, Min=151, Avg=278.47, 90=336, 99=913, 99.9=2789, 99.99=31535] [UPDATE: Count=2098, Max=31327, Min=144, Avg=215.59, 90=211, 99=807, 99.9=2020, 99.99=31327] 
2026-04-29 00:17:34:482 104 sec: 509302 operations; 0 current ops/sec; [READ: Count=0, Max=0, Min=0, Avg=0, 90=0, 99=0, 99.9=0, 99.99=0] [READ-MODIFY-WRITE: Count=0, Max=0, Min=0, Avg=0, 90=0, 99=0, 99.9=0, 99.99=0] [UPDATE: Count=0, Max=0, Min=0, Avg=0, 90=0, 99=0, 99.9=0, 99.99=0] 
2026-04-29 00:17:35:482 105 sec: 509302 operations; 0 current ops/sec; [READ: Count=0, Max=0, Min=0, Avg=0, 90=0, 99=0, 99.9=0, 99.99=0] [READ-MODIFY-WRITE: Count=0, Max=0, Min=0, Avg=0, 90=0, 99=0, 99.9=0, 99.99=0] [UPDATE: Count=0, Max=0, Min=0, Avg=0, 90=0, 99=0, 99.9=0, 99.99=0] 
2026-04-29 00:17:36:482 106 sec: 513039 operations; 3737 current ops/sec; [READ: Count=3738, Max=2611199, Min=5, Avg=763.05, 90=127, 99=153, 99.9=725, 99.99=2611199] [READ-MODIFY-WRITE: Count=1875, Max=1237, Min=160, Avg=247.78, 90=342, 99=376, 99.9=1047, 99.99=1237] [UPDATE: Count=1876, Max=1137, Min=153, Avg=182.41, 90=216, 99=240, 99.9=947, 99.99=1137] 
2026-04-29 00:17:37:482 107 sec: 517841 operations; 4802 current ops/sec; [READ: Count=4802, Max=238719, Min=5, Avg=115.18, 90=128, 99=153, 99.9=950, 99.99=238719] [READ-MODIFY-WRITE: Count=2379, Max=239999, Min=159, Avg=351.17, 90=344, 99=384, 99.9=1560, 99.99=239999] [UPDATE: Count=2379, Max=1186, Min=153, Avg=183.56, 90=217, 99=245, 99.9=854, 99.99=1186] 
2026-04-29 00:17:38:482 108 sec: 523230 operations; 5389 current ops/sec; [READ: Count=5389, Max=1126, Min=5, Avg=68.87, 90=130, 99=334, 99.9=979, 99.99=1126] [READ-MODIFY-WRITE: Count=2634, Max=13599, Min=161, Avg=304, 90=368, 99=1000, 99.9=7243, 99.99=13599] [UPDATE: Count=2634, Max=13487, Min=155, Avg=235.22, 90=226, 99=901, 99.9=7235, 99.99=13487] 
2026-04-29 00:17:39:482 109 sec: 528501 operations; 5271 current ops/sec; [READ: Count=5271, Max=2509, Min=5, Avg=67.22, 90=130, 99=190, 99.9=719, 99.99=2509] [READ-MODIFY-WRITE: Count=2621, Max=2945, Min=153, Avg=311.66, 90=529, 99=1036, 99.9=2167, 99.99=2945] [UPDATE: Count=2621, Max=2131, Min=146, Avg=242.1, 90=469, 99=909, 99.9=1537, 99.99=2131] 
2026-04-29 00:17:40:482 110 sec: 534794 operations; 6293 current ops/sec; [READ: Count=6293, Max=1306, Min=5, Avg=67.16, 90=130, 99=333, 99.9=705, 99.99=1306] [READ-MODIFY-WRITE: Count=3088, Max=1560, Min=162, Avg=249.65, 90=348, 99=529, 99.9=793, 99.99=1560] [UPDATE: Count=3088, Max=1427, Min=155, Avg=183.06, 90=218, 99=242, 99.9=467, 99.99=1427] 
2026-04-29 00:17:41:482 111 sec: 541104 operations; 6310 current ops/sec; [READ: Count=6310, Max=1219, Min=5, Avg=65.62, 90=129, 99=259, 99.9=960, 99.99=1219] [READ-MODIFY-WRITE: Count=3123, Max=4555, Min=159, Avg=250.02, 90=346, 99=431, 99.9=1222, 99.99=4555] [UPDATE: Count=3123, Max=4391, Min=153, Avg=183.74, 90=217, 99=241, 99.9=443, 99.99=4391] 
2026-04-29 00:17:42:482 112 sec: 547000 operations; 5896 current ops/sec; [READ: Count=5896, Max=82943, Min=5, Avg=76.59, 90=119, 99=151, 99.9=1063, 99.99=82943] [READ-MODIFY-WRITE: Count=2945, Max=83519, Min=160, Avg=273.59, 90=336, 99=382, 99.9=1358, 99.99=83519] [UPDATE: Count=2945, Max=1209, Min=153, Avg=182.43, 90=216, 99=241, 99.9=513, 99.99=1209] 
2026-04-29 00:17:43:482 113 sec: 549425 operations; 2425 current ops/sec; [READ: Count=2424, Max=616, Min=5, Avg=59.66, 90=111, 99=229, 99.9=284, 99.99=616] [READ-MODIFY-WRITE: Count=1256, Max=1344, Min=160, Avg=244.3, 90=329, 99=411, 99.9=1324, 99.99=1344] [UPDATE: Count=1255, Max=1287, Min=152, Avg=184.41, 90=217, 99=244, 99.9=1258, 99.99=1287] 
2026-04-29 00:17:44:482 114 sec: 549425 operations; 0 current ops/sec; [READ: Count=0, Max=0, Min=0, Avg=0, 90=0, 99=0, 99.9=0, 99.99=0] [READ-MODIFY-WRITE: Count=0, Max=0, Min=0, Avg=0, 90=0, 99=0, 99.9=0, 99.99=0] [UPDATE: Count=0, Max=0, Min=0, Avg=0, 90=0, 99=0, 99.9=0, 99.99=0] 
2026-04-29 00:17:45:482 115 sec: 549710 operations; 285 current ops/sec; [READ: Count=287, Max=2566143, Min=5, Avg=9008.6, 90=132, 99=194, 99.9=2566143, 99.99=2566143] [READ-MODIFY-WRITE: Count=147, Max=2572287, Min=161, Avg=17745.01, 90=347, 99=468, 99.9=2572287, 99.99=2572287] [UPDATE: Count=150, Max=6883, Min=154, Avg=232.59, 90=224, 99=306, 99.9=6883, 99.99=6883] 
2026-04-29 00:17:46:482 116 sec: 554328 operations; 4618 current ops/sec; [READ: Count=4618, Max=246399, Min=5, Avg=123.11, 90=128, 99=157, 99.9=696, 99.99=246399] [READ-MODIFY-WRITE: Count=2298, Max=247039, Min=157, Avg=363.47, 90=346, 99=387, 99.9=1161, 99.99=247039] [UPDATE: Count=2297, Max=1110, Min=148, Avg=183.67, 90=218, 99=243, 99.9=621, 99.99=1110] 
2026-04-29 00:17:47:482 117 sec: 560480 operations; 6152 current ops/sec; [READ: Count=6151, Max=1394, Min=5, Avg=70.11, 90=128, 99=160, 99.9=732, 99.99=1394] [READ-MODIFY-WRITE: Count=3088, Max=1654, Min=156, Avg=250.89, 90=342, 99=396, 99.9=1213, 99.99=1654] [UPDATE: Count=3088, Max=1552, Min=148, Avg=180.13, 90=215, 99=233, 99.9=284, 99.99=1552] 
2026-04-29 00:17:48:482 118 sec: 566620 operations; 6140 current ops/sec; [READ: Count=6140, Max=2641, Min=5, Avg=71.16, 90=131, 99=281, 99.9=648, 99.99=2641] [READ-MODIFY-WRITE: Count=3068, Max=1315, Min=157, Avg=250.18, 90=344, 99=498, 99.9=1046, 99.99=1315] [UPDATE: Count=3068, Max=1017, Min=150, Avg=179.64, 90=215, 99=232, 99.9=442, 99.99=1017] 
2026-04-29 00:17:49:482 119 sec: 570236 operations; 3616 current ops/sec; [READ: Count=3617, Max=927, Min=5, Avg=69.01, 90=128, 99=160, 99.9=598, 99.99=927] [READ-MODIFY-WRITE: Count=1828, Max=18559, Min=161, Avg=477.04, 90=812, 99=1199, 99.9=1838, 99.99=18559] [UPDATE: Count=1827, Max=18367, Min=152, Avg=406.88, 90=715, 99=1113, 99.9=1721, 99.99=18367] 
Maximum time elapsed. Requesting stop for the workload.
Stop requested for workload. Now Joining!
[OZONEDB-PROFILE] reads=865259  avg_total=78.00us  view=3.92us(5.0%)  log=2.19us(2.8%)  sst=107.48us_per_call x 577031_calls(91.9%_of_total)
[OZONEDB-SST-PROFILE] level | time_total_ms | enters | range_rejects | table_gets | hits
[OZONEDB-SST-PROFILE] L1  |      5253.84 |   923681 |        92542 |     831139 |  76262
[OZONEDB-SST-PROFILE] L2  |      3339.43 |  1005573 |       499067 |     506506 |  41205
[OZONEDB-SST-PROFILE] L3  |      2903.61 |   930172 |       464657 |     465515 |  28512
[OZONEDB-SST-PROFILE] L4  |      2696.21 |   870331 |       434701 |     435630 |  29035
[OZONEDB-SST-PROFILE] L5  |      2641.80 |   812700 |       405822 |     406878 |  28821
[OZONEDB-SST-PROFILE] L6  |      2546.58 |   754059 |       376478 |     377581 |  28699
[OZONEDB-SST-PROFILE] L7  |     42272.93 |  1297059 |        86775 |    1210284 | 344497
[OZONEDB-TBL-PROFILE] file_filter_reject=3616336  block_filter_reject=39665  index_invalid=0  block_read_more=341145  hit_from_cache=236387  miss_after_read=501  found=577031
2026-04-29 00:17:50:482 120 sec: 576439 operations; 6203 current ops/sec; [READ: Count=6202, Max=1927, Min=5, Avg=68.93, 90=130, 99=293, 99.9=816, 99.99=1927] [READ-MODIFY-WRITE: Count=3134, Max=2133, Min=156, Avg=249.89, 90=345, 99=520, 99.9=1249, 99.99=2133] [UPDATE: Count=3133, Max=1237, Min=149, Avg=178.87, 90=214, 99=237, 99.9=464, 99.99=1237] 
2026-04-29 00:17:51:482 121 sec: 576443 operations; 4 current ops/sec; [READ: Count=3, Max=90, Min=6, Avg=34.67, 90=90, 99=90, 99.9=90, 99.99=90] [READ-MODIFY-WRITE: Count=0, Max=0, Min=0, Avg=0, 90=0, 99=0, 99.9=0, 99.99=0] [UPDATE: Count=0, Max=0, Min=0, Avg=0, 90=0, 99=0, 99.9=0, 99.99=0] 
2026-04-29 00:17:51:770 121 sec: 576443 operations; 0 current ops/sec; [READ: Count=0, Max=0, Min=0, Avg=0, 90=0, 99=0, 99.9=0, 99.99=0] [READ-MODIFY-WRITE: Count=0, Max=0, Min=0, Avg=0, 90=0, 99=0, 99.9=0, 99.99=0] [CLEANUP: Count=1, Max=1288191, Min=1287168, Avg=1287680, 90=1288191, 99=1288191, 99.9=1288191, 99.99=1288191] [UPDATE: Count=0, Max=0, Min=0, Avg=0, 90=0, 99=0, 99.9=0, 99.99=0] 
	Command being timed: "/users/Xinying/ozonedb/ycsb/bin/ycsb run ozonedb -threads 1 -s -P /users/Xinying/ozonedb/ycsb/workloads/generated_workloads/workloadf_1KB_1000000_1000000 -p status.interval=1 -p maxexecutiontime=120 -p operationcount=0 -p shared_config=/users/Xinying/ozonedb/src/config/local/shared_config_rocksdb.json"
	User time (seconds): 98.95
	System time (seconds): 71.68
	Percent of CPU this job got: 133%
	Elapsed (wall clock) time (h:mm:ss or m:ss): 2:07.90
	Average shared text size (kbytes): 0
	Average unshared data size (kbytes): 0
	Average stack size (kbytes): 0
	Average total size (kbytes): 0
	Maximum resident set size (kbytes): 4609324
	Average resident set size (kbytes): 0
	Major (requiring I/O) page faults: 650
	Minor (reclaiming a frame) page faults: 1524340
	Voluntary context switches: 680966
	Involuntary context switches: 1393
	Swaps: 0
	File system inputs: 26999609
	File system outputs: 12772725
	Socket messages sent: 0
	Socket messages received: 0
	Signals delivered: 0
	Page size (bytes): 4096
	Exit status: 0
