[chain] 2026-04-28T14:21:28Z waiting for pid 142146 ...
[chain] 2026-04-28T15:11:58Z waiting for pid 142146 ...
[chain] 2026-04-28T15:44:58Z pid 142146 exited; launching T=1 sweep

[1/25] ozonedb workloada T=1
  repeat 1: 7030 ops/s  rss=4776756 kB  bytes=2926399488  (126s)

[2/25] ozonedb workloadb T=1
  repeat 1: 14577 ops/s  rss=7495372 kB  bytes=529891328  (126s)

[3/25] ozonedb workloadc T=1
  repeat 1: 14672 ops/s  rss=7851812 kB  bytes=15286272  (126s)

[4/25] ozonedb workloadd T=1
  repeat 1: 24020 ops/s  rss=5216504 kB  bytes=1060589568  (126s)

[5/25] ozonedb workloadf T=1
  repeat 1: 6437 ops/s  rss=4492396 kB  bytes=2623975424  (127s)

[6/25] trunkcpp workloada T=1
  repeat 1: 7450 ops/s  rss=156036 kB  bytes=7897042944  (131s)

[7/25] trunkcpp workloadb T=1
  repeat 1: 25178 ops/s  rss=152736 kB  bytes=3403927552  (126s)

[8/25] trunkcpp workloadc T=1
  repeat 1: 33944 ops/s  rss=151204 kB  bytes=213143552  (120s)

[9/25] trunkcpp workloadd T=1
  repeat 1: 30176 ops/s  rss=156792 kB  bytes=6420516864  (123s)

[10/25] trunkcpp workloadf T=1
  repeat 1: 7380 ops/s  rss=156012 kB  bytes=7939858432  (131s)

[11/25] bcw2 workloada T=1
  repeat 1: 7379 ops/s  rss=159728 kB  bytes=8030896128  (131s)

[12/25] bcw2 workloadb T=1
  repeat 1: 25043 ops/s  rss=153808 kB  bytes=3166064640  (125s)

[13/25] bcw2 workloadc T=1
  repeat 1: 34894 ops/s  rss=151360 kB  bytes=14295040  (120s)

[14/25] bcw2 workloadd T=1
  repeat 1: 29313 ops/s  rss=160740 kB  bytes=6287532032  (124s)

[15/25] bcw2 workloadf T=1
  repeat 1: 7146 ops/s  rss=159240 kB  bytes=7880667136  (131s)

[16/25] hctree workloada T=1
  repeat 1: 30565 ops/s  rss=1406040 kB  bytes=25878302720  (120s)

[17/25] hctree workloadb T=1
  repeat 1: 102953 ops/s  rss=1406056 kB  bytes=22360641536  (120s)

[18/25] hctree workloadc T=1
  repeat 1: 159421 ops/s  rss=1400436 kB  bytes=634880  (120s)

[19/25] hctree workloadd T=1
  repeat 1: 102984 ops/s  rss=2238016 kB  bytes=5334233088  (120s)

[20/25] hctree workloadf T=1
  repeat 1: 27761 ops/s  rss=1406028 kB  bytes=24732119040  (120s)

[21/25] rocksdb workloada T=1
  repeat 1: 67 ops/s  rss=121740 kB  bytes=1619955712  (120s)

[22/25] rocksdb workloadb T=1
  repeat 1: 71 ops/s  rss=117460 kB  bytes=1722032128  (120s)

[23/25] rocksdb workloadc T=1
  repeat 1: 75 ops/s  rss=115604 kB  bytes=1003507712  (120s)

[24/25] rocksdb workloadd T=1
  repeat 1: 73 ops/s  rss=84852 kB  bytes=1417601024  (120s)

[25/25] rocksdb workloadf T=1
  repeat 1: 45 ops/s  rss=111636 kB  bytes=1506324480  (120s)

=== sweep done ===
Results CSV: /users/Xinying/ozonedb/bench/results/local/fig2-multi-writer-local/results.csv
Skip log:    /users/Xinying/ozonedb/bench/results/local/fig2-multi-writer-local/skipped_runs.md
