# CMD: /usr/bin/time -v /users/Xinying/YCSB-cpp/ycsb -db sqlite -load -P /users/Xinying/YCSB-cpp/workloads/workloada_hctree -P /users/Xinying/YCSB-cpp/sqlite/sqlite-trunk.properties -p sqlite.dbpath=/tank/ycsb_data/trunkcpp_ycsb/trunkcpp_ycsb.db -p threadcount=1 -p recordcount=1000000 -p operationcount=1000000
# devices=['sda6'] sectors_before=5170883168 sectors_after=5229452584
# elapsed_s=332.56 returncode=0

=== STDOUT ===
[Thread 139817762526784] SqliteDB::Init at 2026-04-28 13:08:28
Opening database with URL: file:///tank/ycsb_data/trunkcpp_ycsb/trunkcpp_ycsb.db?vfs=unix-excl
PRAGMA journal_mode: wal
PRAGMA mmap_size: 0
PRAGMA page_size: 4096
PRAGMA cache_size: -131072
PRAGMA synchronous: 2
[HCTree] busy_snapshot aborts (discarded, not retried): 0
[Thread 139817762526784] SqliteDB::Cleanup (last) at 2026-04-28 13:14:01
Load runtime(sec): 332.491
Load operations(ops): 1000000
Load throughput(ops/sec): 3007.6

=== STDERR ===
	Command being timed: "/users/Xinying/YCSB-cpp/ycsb -db sqlite -load -P /users/Xinying/YCSB-cpp/workloads/workloada_hctree -P /users/Xinying/YCSB-cpp/sqlite/sqlite-trunk.properties -p sqlite.dbpath=/tank/ycsb_data/trunkcpp_ycsb/trunkcpp_ycsb.db -p threadcount=1 -p recordcount=1000000 -p operationcount=1000000"
	User time (seconds): 28.67
	System time (seconds): 191.08
	Percent of CPU this job got: 66%
	Elapsed (wall clock) time (h:mm:ss or m:ss): 5:32.55
	Average shared text size (kbytes): 0
	Average unshared data size (kbytes): 0
	Average stack size (kbytes): 0
	Average total size (kbytes): 0
	Maximum resident set size (kbytes): 180964
	Average resident set size (kbytes): 0
	Major (requiring I/O) page faults: 139
	Minor (reclaiming a frame) page faults: 43324
	Voluntary context switches: 2999905
	Involuntary context switches: 381
	Swaps: 0
	File system inputs: 2767088
	File system outputs: 26627528
	Socket messages sent: 0
	Socket messages received: 0
	Signals delivered: 0
	Page size (bytes): 4096
	Exit status: 0
