# CMD: /usr/lib/jvm/java-8-openjdk-amd64/bin/java -cp /users/Xinying/ozonedb/ycsb/ozonedb/conf:/users/Xinying/ozonedb/ycsb/ozonedb/target/ozonedb-binding-0.18.0-SNAPSHOT.jar:/users/Xinying/.m2/repository/org/apache/htrace/htrace-core4/4.1.0-incubating/htrace-core4-4.1.0-incubating.jar:/users/Xinying/.m2/repository/org/slf4j/slf4j-api/1.7.25/slf4j-api-1.7.25.jar:/users/Xinying/.m2/repository/org/hdrhistogram/HdrHistogram/2.1.12/HdrHistogram-2.1.12.jar:/users/Xinying/.m2/repository/ch/qos/logback/logback-classic/1.2.3/logback-classic-1.2.3.jar:/users/Xinying/.m2/repository/ozonedbjnimaven/demoproc-jni/1.0/demoproc-jni-1.0.jar:/users/Xinying/.m2/repository/ch/qos/logback/logback-core/1.2.3/logback-core-1.2.3.jar:/users/Xinying/.m2/repository/org/codehaus/jackson/jackson-mapper-asl/1.9.4/jackson-mapper-asl-1.9.4.jar:/users/Xinying/.m2/repository/org/slf4j/slf4j-simple/1.7.25/slf4j-simple-1.7.25.jar:/users/Xinying/.m2/repository/org/codehaus/jackson/jackson-core-asl/1.9.4/jackson-core-asl-1.9.4.jar:/users/Xinying/ozonedb/ycsb/core/target/core-0.18.0-SNAPSHOT.jar site.ycsb.Client -db site.ycsb.db.OzoneDBClient -threads 1 -s -P /users/Xinying/ozonedb/ycsb/workloads/generated_workloads/workloadc_1KB_500000_500000 -p status.interval=30 -p requestdistribution=uniform -p operationcount=1000000000 -p maxexecutiontime=360 -p shared_config=/tmp/churn_v4_configs/shared_config_varyW_n8_r0pct.json -t
# env OZONEDB_CHURN_ABORT_RATE=0.0
Command line: -db site.ycsb.db.OzoneDBClient -threads 1 -s -P /users/Xinying/ozonedb/ycsb/workloads/generated_workloads/workloadc_1KB_500000_500000 -p status.interval=30 -p requestdistribution=uniform -p operationcount=1000000000 -p maxexecutiontime=360 -p shared_config=/tmp/churn_v4_configs/shared_config_varyW_n8_r0pct.json -t
YCSB Client 0.18.0-SNAPSHOT

Loading workload...
Starting test.
SLF4J: Class path contains multiple SLF4J bindings.
SLF4J: Found binding in [jar:file:/users/Xinying/.m2/repository/ch/qos/logback/logback-classic/1.2.3/logback-classic-1.2.3.jar!/org/slf4j/impl/StaticLoggerBinder.class]
SLF4J: Found binding in [jar:file:/users/Xinying/.m2/repository/org/slf4j/slf4j-simple/1.7.25/slf4j-simple-1.7.25.jar!/org/slf4j/impl/StaticLoggerBinder.class]
SLF4J: See http://www.slf4j.org/codes.html#multiple_bindings for an explanation.
SLF4J: Actual binding is of type [ch.qos.logback.classic.util.ContextSelectorStaticBinder]
Maximum execution time specified as: 360 secs
2026-05-01 03:14:32:743 0 sec: 0 operations; est completion in 0 second 
Starting compaction watcher
DBWrapper: report latency for each error is false and specific error codes to track for latency are: []
2770154:COMPACT_START sstable=0 input_files: "datalog/9" input_files: "datalog/10" compactIntoNextLevel: true destinationLevel: 1
2026-05-01 03:14:32:783 - Compaction started: 
140205549925952:Compacting datalog/9 datalog/10 into:sstable1/4fb2e666-26cf-4115-9bb8-6acea9e76a83202604302114321777605272955964800.sst
2026-05-01 03:14:32:980 - Compaction completed: 
2770154:COMPACT_START sstable=0 input_files: "datalog/19" input_files: "datalog/20" compactIntoNextLevel: true destinationLevel: 1
2026-05-01 03:14:32:984 - Compaction started: 
140205549925952:Compacting datalog/19 datalog/20 into:sstable1/4fb2e666-26cf-4115-9bb8-6acea9e76a83202604302114321777605272990731936.sst
2026-05-01 03:14:33:012 - Compaction completed: 
2770154:COMPACT_START sstable=0 input_files: "datalog/27" input_files: "datalog/28" compactIntoNextLevel: true destinationLevel: 1
2026-05-01 03:14:33:086 - Compaction started: 
140205549925952:Compacting datalog/27 datalog/28 into:sstable1/4fb2e666-26cf-4115-9bb8-6acea9e76a83202604302114321777605273094688287.sst
2026-05-01 03:14:33:117 - Compaction completed: 
2770154:COMPACT_START sstable=0 input_files: "datalog/41" input_files: "datalog/42" compactIntoNextLevel: true destinationLevel: 1
2026-05-01 03:14:33:189 - Compaction started: 
140205549925952:Compacting datalog/41 datalog/42 into:sstable1/4fb2e666-26cf-4115-9bb8-6acea9e76a83202604302114321777605273192583469.sst
2026-05-01 03:14:33:215 - Compaction completed: 
2770154:COMPACT_START sstable=0 input_files: "datalog/53" input_files: "datalog/54" compactIntoNextLevel: true destinationLevel: 1
2026-05-01 03:14:33:292 - Compaction started: 
140205549925952:Compacting datalog/53 datalog/54 into:sstable1/4fb2e666-26cf-4115-9bb8-6acea9e76a83202604302114321777605273380591119.sst
2026-05-01 03:14:33:399 - Compaction completed: 
2770154:COMPACT_START sstable=0 input_files: "datalog/75" input_files: "datalog/76" compactIntoNextLevel: true destinationLevel: 1
2026-05-01 03:14:33:495 - Compaction started: 
140205549925952:Compacting datalog/75 datalog/76 into:sstable1/4fb2e666-26cf-4115-9bb8-6acea9e76a83202604302114321777605273499025323.sst
2026-05-01 03:14:33:521 - Compaction completed: 
2770154:COMPACT_START sstable=0 input_files: "datalog/89" input_files: "datalog/90" compactIntoNextLevel: true destinationLevel: 1
2026-05-01 03:14:33:598 - Compaction started: 
140205549925952:Compacting datalog/89 datalog/90 into:sstable1/4fb2e666-26cf-4115-9bb8-6acea9e76a83202604302114321777605273667543036.sst
2026-05-01 03:14:33:690 - Compaction completed: 
2770154:COMPACT_START sstable=0 input_files: "datalog/103" input_files: "datalog/104" compactIntoNextLevel: true destinationLevel: 1
2026-05-01 03:14:33:701 - Compaction started: 
140205549925952:Compacting datalog/103 datalog/104 into:sstable1/4fb2e666-26cf-4115-9bb8-6acea9e76a83202604302114321777605273704504454.sst
2026-05-01 03:14:33:726 - Compaction completed: 
2770154:COMPACT_START sstable=0 input_files: "datalog/115" input_files: "datalog/116" compactIntoNextLevel: true destinationLevel: 1
2026-05-01 03:14:33:807 - Compaction started: 
140205549925952:Compacting datalog/115 datalog/116 into:sstable1/4fb2e666-26cf-4115-9bb8-6acea9e76a83202604302114321777605273810290355.sst
2026-05-01 03:14:33:830 - Compaction completed: 
2770154:COMPACT_START sstable=0 input_files: "datalog/131" input_files: "datalog/132" compactIntoNextLevel: true destinationLevel: 1
2026-05-01 03:14:33:910 - Compaction started: 
140205549925952:Compacting datalog/131 datalog/132 into:sstable1/4fb2e666-26cf-4115-9bb8-6acea9e76a83202604302114321777605273913172323.sst
2026-05-01 03:14:33:934 - Compaction completed: 
2770154:COMPACT_START sstable=0 input_files: "datalog/147" input_files: "datalog/148" compactIntoNextLevel: true destinationLevel: 1
2026-05-01 03:14:34:013 - Compaction started: 
140205549925952:Compacting datalog/147 datalog/148 into:sstable1/4fb2e666-26cf-4115-9bb8-6acea9e76a83202604302114321777605274017129926.sst
2026-05-01 03:14:34:038 - Compaction completed: 
2770154:COMPACT_START sstable=0 input_files: "datalog/165" input_files: "datalog/166" compactIntoNextLevel: true destinationLevel: 1
2026-05-01 03:14:34:153 - Compaction started: 
140205549925952:Compacting datalog/165 datalog/166 into:sstable1/4fb2e666-26cf-4115-9bb8-6acea9e76a83202604302114321777605274156920503.sst
2026-05-01 03:14:34:181 - Compaction completed: 
2770154:COMPACT_START sstable=0 input_files: "datalog/181" input_files: "datalog/182" compactIntoNextLevel: true destinationLevel: 1
2026-05-01 03:14:34:256 - Compaction started: 
140205549925952:Compacting datalog/181 datalog/182 into:sstable1/4fb2e666-26cf-4115-9bb8-6acea9e76a83202604302114321777605274259996305.sst
2026-05-01 03:14:34:284 - Compaction completed: 
2770154:COMPACT_START sstable=0 input_files: "datalog/197" input_files: "datalog/198" compactIntoNextLevel: true destinationLevel: 1
2026-05-01 03:14:34:359 - Compaction started: 
140205549925952:Compacting datalog/197 datalog/198 into:sstable1/4fb2e666-26cf-4115-9bb8-6acea9e76a83202604302114321777605274362381281.sst
2026-05-01 03:14:34:383 - Compaction completed: 
2770154:COMPACT_START sstable=0 input_files: "datalog/213" input_files: "datalog/214" compactIntoNextLevel: true destinationLevel: 1
2026-05-01 03:14:34:462 - Compaction started: 
140205549925952:Compacting datalog/213 datalog/214 into:sstable1/4fb2e666-26cf-4115-9bb8-6acea9e76a83202604302114321777605274465897728.sst
2026-05-01 03:14:34:484 - Compaction completed: 
2770154:COMPACT_START sstable=0 input_files: "datalog/229" input_files: "datalog/230" compactIntoNextLevel: true destinationLevel: 1
2026-05-01 03:14:34:565 - Compaction started: 
140205549925952:Compacting datalog/229 datalog/230 into:sstable1/4fb2e666-26cf-4115-9bb8-6acea9e76a83202604302114321777605274568396007.sst
2026-05-01 03:14:34:586 - Compaction completed: 
2770154:COMPACT_START sstable=0 input_files: "datalog/245" input_files: "datalog/246" compactIntoNextLevel: true destinationLevel: 1
2026-05-01 03:14:34:668 - Compaction started: 
140205549925952:Compacting datalog/245 datalog/246 into:sstable1/4fb2e666-26cf-4115-9bb8-6acea9e76a83202604302114321777605274671155234.sst
2026-05-01 03:14:34:690 - Compaction completed: 
2770154:COMPACT_START sstable=0 input_files: "datalog/261" input_files: "datalog/262" compactIntoNextLevel: true destinationLevel: 1
2026-05-01 03:14:34:771 - Compaction started: 
140205549925952:Compacting datalog/261 datalog/262 into:sstable1/4fb2e666-26cf-4115-9bb8-6acea9e76a83202604302114321777605274773750375.sst
2026-05-01 03:14:34:790 - Compaction completed: 
2770154:COMPACT_START sstable=0 input_files: "datalog/277" input_files: "datalog/278" compactIntoNextLevel: true destinationLevel: 1
2026-05-01 03:14:34:873 - Compaction started: 
140205549925952:Compacting datalog/277 datalog/278 into:sstable1/4fb2e666-26cf-4115-9bb8-6acea9e76a83202604302114321777605274876190414.sst
2026-05-01 03:14:34:893 - Compaction completed: 
2770154:COMPACT_START sstable=0 input_files: "datalog/293" input_files: "datalog/294" compactIntoNextLevel: true destinationLevel: 1
2026-05-01 03:14:34:975 - Compaction started: 
140205549925952:Compacting datalog/293 datalog/294 into:sstable1/4fb2e666-26cf-4115-9bb8-6acea9e76a83202604302114321777605274978276290.sst
2026-05-01 03:14:34:995 - Compaction completed: 
2770154:COMPACT_START sstable=0 input_files: "datalog/309" input_files: "datalog/310" compactIntoNextLevel: true destinationLevel: 1
2026-05-01 03:14:35:077 - Compaction started: 
140205549925952:Compacting datalog/309 datalog/310 into:sstable1/4fb2e666-26cf-4115-9bb8-6acea9e76a83202604302114321777605275080286134.sst
2026-05-01 03:14:35:097 - Compaction completed: 
2770154:COMPACT_START sstable=0 input_files: "datalog/325" input_files: "datalog/326" compactIntoNextLevel: true destinationLevel: 1
2026-05-01 03:14:35:179 - Compaction started: 
140205549925952:Compacting datalog/325 datalog/326 into:sstable1/4fb2e666-26cf-4115-9bb8-6acea9e76a83202604302114321777605275181958204.sst
2026-05-01 03:14:35:197 - Compaction completed: 
2770154:COMPACT_START sstable=0 input_files: "datalog/341" input_files: "datalog/342" compactIntoNextLevel: true destinationLevel: 1
2026-05-01 03:14:35:281 - Compaction started: 
140205549925952:Compacting datalog/341 datalog/342 into:sstable1/4fb2e666-26cf-4115-9bb8-6acea9e76a83202604302114321777605275284027198.sst
2026-05-01 03:14:35:300 - Compaction completed: 
2770154:COMPACT_START sstable=0 input_files: "datalog/357" input_files: "datalog/358" compactIntoNextLevel: true destinationLevel: 1
2026-05-01 03:14:35:383 - Compaction started: 
140205549925952:Compacting datalog/357 datalog/358 into:sstable1/4fb2e666-26cf-4115-9bb8-6acea9e76a83202604302114321777605275386006535.sst
2026-05-01 03:14:35:401 - Compaction completed: 
2770154:COMPACT_START sstable=0 input_files: "datalog/373" input_files: "datalog/374" compactIntoNextLevel: true destinationLevel: 1
2026-05-01 03:14:35:485 - Compaction started: 
140205549925952:Compacting datalog/373 datalog/374 into:sstable1/4fb2e666-26cf-4115-9bb8-6acea9e76a83202604302114321777605275488009054.sst
2026-05-01 03:14:35:504 - Compaction completed: 
2770154:COMPACT_START sstable=0 input_files: "datalog/389" input_files: "datalog/390" compactIntoNextLevel: true destinationLevel: 1
2026-05-01 03:14:35:587 - Compaction started: 
140205549925952:Compacting datalog/389 datalog/390 into:sstable1/4fb2e666-26cf-4115-9bb8-6acea9e76a83202604302114321777605275589935541.sst
2026-05-01 03:14:35:605 - Compaction completed: 
2770154:COMPACT_START sstable=1 input_files: "sstable1/ab4c9c36-1a5e-4993-9ce4-173550591131202604302114321777605273132290076.sst" input_files: "sstable1/4fb2e666-26cf-4115-9bb8-6acea9e76a83202604302114321777605273094688287.sst" compactIntoNextLevel: true destinationLevel: 2
2026-05-01 03:14:35:690 - Compaction started: 
140205549925952:Compacting sstable1/ab4c9c36-1a5e-4993-9ce4-173550591131202604302114321777605273132290076.sst sstable1/4fb2e666-26cf-4115-9bb8-6acea9e76a83202604302114321777605273094688287.sst into:sstable2/4fb2e666-26cf-4115-9bb8-6acea9e76a83202604302114321777605275719738150.sst
2026-05-01 03:14:35:760 - Compaction completed: 
2770154:COMPACT_START sstable=1 input_files: "sstable1/070528fd-8380-4cd3-b14f-82f1e02e9c40202604302114321777605273309521670.sst" input_files: "sstable1/fbb0c475-a475-48e6-a783-961b3af82486202604302114321777605273321753142.sst" compactIntoNextLevel: true destinationLevel: 2
2026-05-01 03:14:35:791 - Compaction started: 
140205549925952:Compacting sstable1/070528fd-8380-4cd3-b14f-82f1e02e9c40202604302114321777605273309521670.sst sstable1/fbb0c475-a475-48e6-a783-961b3af82486202604302114321777605273321753142.sst into:sstable2/4fb2e666-26cf-4115-9bb8-6acea9e76a83202604302114321777605275819238931.sst
2026-05-01 03:14:35:858 - Compaction completed: 
2770154:COMPACT_START sstable=1 input_files: "sstable1/4fb2e666-26cf-4115-9bb8-6acea9e76a83202604302114321777605273667543036.sst" input_files: "sstable1/aa8e5f2f-22b8-4dd5-af79-1cda23471fdc202604302114321777605273615534880.sst" compactIntoNextLevel: true destinationLevel: 2
2026-05-01 03:14:35:893 - Compaction started: 
140205549925952:Compacting sstable1/4fb2e666-26cf-4115-9bb8-6acea9e76a83202604302114321777605273667543036.sst sstable1/aa8e5f2f-22b8-4dd5-af79-1cda23471fdc202604302114321777605273615534880.sst into:sstable2/4fb2e666-26cf-4115-9bb8-6acea9e76a83202604302114321777605275921878906.sst
2026-05-01 03:14:35:965 - Compaction completed: 
2770154:COMPACT_START sstable=1 input_files: "sstable1/6dc0ce3d-be0d-451a-a817-ba8f16df2d02202604302114321777605273853641548.sst" input_files: "sstable1/070528fd-8380-4cd3-b14f-82f1e02e9c40202604302114321777605273840681209.sst" compactIntoNextLevel: true destinationLevel: 2
2026-05-01 03:14:35:994 - Compaction started: 
140205549925952:Compacting sstable1/6dc0ce3d-be0d-451a-a817-ba8f16df2d02202604302114321777605273853641548.sst sstable1/070528fd-8380-4cd3-b14f-82f1e02e9c40202604302114321777605273840681209.sst into:sstable2/4fb2e666-26cf-4115-9bb8-6acea9e76a83202604302114321777605276015433023.sst
2026-05-01 03:14:36:055 - Compaction completed: 
2770154:COMPACT_START sstable=1 input_files: "sstable1/6dc0ce3d-be0d-451a-a817-ba8f16df2d02202604302114321777605274033000509.sst" input_files: "sstable1/070528fd-8380-4cd3-b14f-82f1e02e9c40202604302114321777605274048120024.sst" compactIntoNextLevel: true destinationLevel: 2
2026-05-01 03:14:36:096 - Compaction started: 
140205549925952:Compacting sstable1/6dc0ce3d-be0d-451a-a817-ba8f16df2d02202604302114321777605274033000509.sst sstable1/070528fd-8380-4cd3-b14f-82f1e02e9c40202604302114321777605274048120024.sst into:sstable2/4fb2e666-26cf-4115-9bb8-6acea9e76a83202604302114321777605276123574537.sst
2026-05-01 03:14:36:165 - Compaction completed: 
2770154:COMPACT_START sstable=1 input_files: "sstable1/aa8e5f2f-22b8-4dd5-af79-1cda23471fdc202604302114321777605274266788864.sst" input_files: "sstable1/da44fd80-f9d3-4464-bcf7-f88a6bd07f74202604302114321777605274273591162.sst" compactIntoNextLevel: true destinationLevel: 2
2026-05-01 03:14:36:199 - Compaction started: 
140205549925952:Compacting sstable1/aa8e5f2f-22b8-4dd5-af79-1cda23471fdc202604302114321777605274266788864.sst sstable1/da44fd80-f9d3-4464-bcf7-f88a6bd07f74202604302114321777605274273591162.sst into:sstable2/4fb2e666-26cf-4115-9bb8-6acea9e76a83202604302114321777605276251812193.sst
2026-05-01 03:14:36:308 - Compaction completed: 
2770154:COMPACT_START sstable=1 input_files: "sstable1/aa8e5f2f-22b8-4dd5-af79-1cda23471fdc202604302114321777605274575163169.sst" input_files: "sstable1/da44fd80-f9d3-4464-bcf7-f88a6bd07f74202604302114321777605274582809859.sst" compactIntoNextLevel: true destinationLevel: 2
2026-05-01 03:14:36:406 - Compaction started: 
140205549925952:Compacting sstable1/aa8e5f2f-22b8-4dd5-af79-1cda23471fdc202604302114321777605274575163169.sst sstable1/da44fd80-f9d3-4464-bcf7-f88a6bd07f74202604302114321777605274582809859.sst into:sstable2/4fb2e666-26cf-4115-9bb8-6acea9e76a83202604302114321777605276436578438.sst
2026-05-01 03:14:36:488 - Compaction completed: 
2770154:COMPACT_START sstable=1 input_files: "sstable1/aa8e5f2f-22b8-4dd5-af79-1cda23471fdc202604302114321777605274780863205.sst" input_files: "sstable1/fbb0c475-a475-48e6-a783-961b3af82486202604302114321777605274788185828.sst" compactIntoNextLevel: true destinationLevel: 2
2026-05-01 03:14:36:508 - Compaction started: 
140205549925952:Compacting sstable1/aa8e5f2f-22b8-4dd5-af79-1cda23471fdc202604302114321777605274780863205.sst sstable1/fbb0c475-a475-48e6-a783-961b3af82486202604302114321777605274788185828.sst into:sstable2/4fb2e666-26cf-4115-9bb8-6acea9e76a83202604302114321777605276531641943.sst
2026-05-01 03:14:36:582 - Compaction completed: 
2770154:COMPACT_START sstable=1 input_files: "sstable1/aa8e5f2f-22b8-4dd5-af79-1cda23471fdc202604302114321777605274986267587.sst" input_files: "sstable1/fbb0c475-a475-48e6-a783-961b3af82486202604302114321777605274993349939.sst" compactIntoNextLevel: true destinationLevel: 2
2026-05-01 03:14:36:611 - Compaction started: 
140205549925952:Compacting sstable1/aa8e5f2f-22b8-4dd5-af79-1cda23471fdc202604302114321777605274986267587.sst sstable1/fbb0c475-a475-48e6-a783-961b3af82486202604302114321777605274993349939.sst into:sstable2/4fb2e666-26cf-4115-9bb8-6acea9e76a83202604302114321777605276638883311.sst
2026-05-01 03:14:36:683 - Compaction completed: 
2770154:COMPACT_START sstable=1 input_files: "sstable1/aa8e5f2f-22b8-4dd5-af79-1cda23471fdc202604302114321777605275189950292.sst" input_files: "sstable1/fbb0c475-a475-48e6-a783-961b3af82486202604302114321777605275196648725.sst" compactIntoNextLevel: true destinationLevel: 2
2026-05-01 03:14:36:714 - Compaction started: 
140205549925952:Compacting sstable1/aa8e5f2f-22b8-4dd5-af79-1cda23471fdc202604302114321777605275189950292.sst sstable1/fbb0c475-a475-48e6-a783-961b3af82486202604302114321777605275196648725.sst into:sstable2/4fb2e666-26cf-4115-9bb8-6acea9e76a83202604302114321777605276733610737.sst
2026-05-01 03:14:36:766 - Compaction completed: 
2770154:COMPACT_START sstable=1 input_files: "sstable1/aa8e5f2f-22b8-4dd5-af79-1cda23471fdc202604302114321777605275393472346.sst" input_files: "sstable1/fbb0c475-a475-48e6-a783-961b3af82486202604302114321777605275400638696.sst" compactIntoNextLevel: true destinationLevel: 2
2026-05-01 03:14:36:817 - Compaction started: 
140205549925952:Compacting sstable1/aa8e5f2f-22b8-4dd5-af79-1cda23471fdc202604302114321777605275393472346.sst sstable1/fbb0c475-a475-48e6-a783-961b3af82486202604302114321777605275400638696.sst into:sstable2/4fb2e666-26cf-4115-9bb8-6acea9e76a83202604302114321777605276835056243.sst
2026-05-01 03:14:36:870 - Compaction completed: 
2770154:COMPACT_START sstable=1 input_files: "sstable2/4fb2e666-26cf-4115-9bb8-6acea9e76a83202604302114321777605275719738150.sst" input_files: "sstable2/24d68dea-9374-4e42-933b-c6883974b988202604302114321777605275728159833.sst" compactIntoNextLevel: false destinationLevel: 2
2026-05-01 03:14:36:922 - Compaction started: 
140205549925952:Compacting sstable2/4fb2e666-26cf-4115-9bb8-6acea9e76a83202604302114321777605275719738150.sst sstable2/24d68dea-9374-4e42-933b-c6883974b988202604302114321777605275728159833.sst into:sstable2/0_4fb2e666-26cf-4115-9bb8-6acea9e76a83202604302114321777605276995168434.sst
2026-05-01 03:14:37:081 - Compaction completed: 
2770154:COMPACT_START sstable=1 input_files: "sstable2/0_ab4c9c36-1a5e-4993-9ce4-173550591131202604302114321777605276914179094.sst" input_files: "sstable2/0_070528fd-8380-4cd3-b14f-82f1e02e9c40202604302114321777605276923984119.sst" compactIntoNextLevel: false destinationLevel: 2
2026-05-01 03:14:37:126 - Compaction started: 
140205549925952:Compacting sstable2/0_ab4c9c36-1a5e-4993-9ce4-173550591131202604302114321777605276914179094.sst sstable2/0_070528fd-8380-4cd3-b14f-82f1e02e9c40202604302114321777605276923984119.sst into:sstable2/1_4fb2e666-26cf-4115-9bb8-6acea9e76a83202604302114321777605277243986676.sst
2026-05-01 03:14:37:404 - Compaction completed: 
2770154:COMPACT_START sstable=1 input_files: "sstable2/4fb2e666-26cf-4115-9bb8-6acea9e76a83202604302114321777605276015433023.sst" input_files: "sstable2/24d68dea-9374-4e42-933b-c6883974b988202604302114321777605276018509258.sst" compactIntoNextLevel: false destinationLevel: 2
2026-05-01 03:14:37:437 - Compaction started: 
140205549925952:Compacting sstable2/4fb2e666-26cf-4115-9bb8-6acea9e76a83202604302114321777605276015433023.sst sstable2/24d68dea-9374-4e42-933b-c6883974b988202604302114321777605276018509258.sst into:sstable2/0_4fb2e666-26cf-4115-9bb8-6acea9e76a83202604302114321777605277499780791.sst
2026-05-01 03:14:37:579 - Compaction completed: 
2770154:COMPACT_START sstable=1 input_files: "sstable2/0_aa8e5f2f-22b8-4dd5-af79-1cda23471fdc202604302114321777605277411572623.sst" input_files: "sstable2/0_4fb2e666-26cf-4115-9bb8-6acea9e76a83202604302114321777605277499780791.sst" compactIntoNextLevel: false destinationLevel: 2
2026-05-01 03:14:37:644 - Compaction started: 
140205549925952:Compacting sstable2/0_aa8e5f2f-22b8-4dd5-af79-1cda23471fdc202604302114321777605277411572623.sst sstable2/0_4fb2e666-26cf-4115-9bb8-6acea9e76a83202604302114321777605277499780791.sst into:sstable2/1_4fb2e666-26cf-4115-9bb8-6acea9e76a83202604302114321777605277747380540.sst
2026-05-01 03:14:37:934 - Compaction completed: 
2770154:COMPACT_START sstable=1 input_files: "sstable2/070528fd-8380-4cd3-b14f-82f1e02e9c40202604302114321777605276168143182.sst" input_files: "sstable2/6dc0ce3d-be0d-451a-a817-ba8f16df2d02202604302114321777605276195318781.sst" compactIntoNextLevel: false destinationLevel: 2
2026-05-01 03:14:37:953 - Compaction started: 
140205549925952:Compacting sstable2/070528fd-8380-4cd3-b14f-82f1e02e9c40202604302114321777605276168143182.sst sstable2/6dc0ce3d-be0d-451a-a817-ba8f16df2d02202604302114321777605276195318781.sst into:sstable2/0_4fb2e666-26cf-4115-9bb8-6acea9e76a83202604302114321777605278004038956.sst
2026-05-01 03:14:38:125 - Compaction completed: 
2770154:COMPACT_START sstable=1 input_files: "sstable2/fbb0c475-a475-48e6-a783-961b3af82486202604302114321777605276290886992.sst" input_files: "sstable2/ab4c9c36-1a5e-4993-9ce4-173550591131202604302114321777605276271571564.sst" compactIntoNextLevel: false destinationLevel: 2
2026-05-01 03:14:38:164 - Compaction started: 
140205549925952:Compacting sstable2/fbb0c475-a475-48e6-a783-961b3af82486202604302114321777605276290886992.sst sstable2/ab4c9c36-1a5e-4993-9ce4-173550591131202604302114321777605276271571564.sst into:sstable2/0_4fb2e666-26cf-4115-9bb8-6acea9e76a83202604302114321777605278220569779.sst
2026-05-01 03:14:38:310 - Compaction completed: 
2770154:COMPACT_START sstable=1 input_files: "sstable2/0_ab4c9c36-1a5e-4993-9ce4-173550591131202604302114321777605278149602321.sst" input_files: "sstable2/0_4fb2e666-26cf-4115-9bb8-6acea9e76a83202604302114321777605278220569779.sst" compactIntoNextLevel: false destinationLevel: 2
2026-05-01 03:14:38:370 - Compaction started: 
140205549925952:Compacting sstable2/0_ab4c9c36-1a5e-4993-9ce4-173550591131202604302114321777605278149602321.sst sstable2/0_4fb2e666-26cf-4115-9bb8-6acea9e76a83202604302114321777605278220569779.sst into:sstable2/1_4fb2e666-26cf-4115-9bb8-6acea9e76a83202604302114321777605278476962015.sst
2026-05-01 03:14:38:649 - Compaction completed: 
2770154:COMPACT_START sstable=1 input_files: "sstable2/1_da44fd80-f9d3-4464-bcf7-f88a6bd07f74202604302114321777605278201774155.sst" input_files: "sstable2/1_ab4c9c36-1a5e-4993-9ce4-173550591131202604302114321777605278423919179.sst" compactIntoNextLevel: false destinationLevel: 2
2026-05-01 03:14:38:678 - Compaction started: 
140205549925952:Compacting sstable2/1_da44fd80-f9d3-4464-bcf7-f88a6bd07f74202604302114321777605278201774155.sst sstable2/1_ab4c9c36-1a5e-4993-9ce4-173550591131202604302114321777605278423919179.sst into:sstable2/2_4fb2e666-26cf-4115-9bb8-6acea9e76a83202604302114321777605278920058669.sst
2026-05-01 03:14:39:248 - Compaction completed: 
2770154:COMPACT_START sstable=1 input_files: "sstable2/2_6dc0ce3d-be0d-451a-a817-ba8f16df2d02202604302114321777605278465362276.sst" input_files: "sstable2/2_4fb2e666-26cf-4115-9bb8-6acea9e76a83202604302114321777605278920058669.sst" compactIntoNextLevel: false destinationLevel: 2
2026-05-01 03:14:39:287 - Compaction started: 
140205549925952:Compacting sstable2/2_6dc0ce3d-be0d-451a-a817-ba8f16df2d02202604302114321777605278465362276.sst sstable2/2_4fb2e666-26cf-4115-9bb8-6acea9e76a83202604302114321777605278920058669.sst into:sstable2/3_4fb2e666-26cf-4115-9bb8-6acea9e76a83202604302114321777605279770063074.sst
2026-05-01 03:14:40:453 - Compaction completed: 
2770154:COMPACT_START sstable=1 input_files: "sstable2/3_4fb2e666-26cf-4115-9bb8-6acea9e76a83202604302114321777605279770063074.sst" input_files: "sstable2/3_ab4c9c36-1a5e-4993-9ce4-173550591131202604302114321777605280232215840.sst" compactIntoNextLevel: false destinationLevel: 2
2026-05-01 03:14:40:911 - Compaction started: 
140205549925952:Compacting sstable2/3_4fb2e666-26cf-4115-9bb8-6acea9e76a83202604302114321777605279770063074.sst sstable2/3_ab4c9c36-1a5e-4993-9ce4-173550591131202604302114321777605280232215840.sst into:sstable2/4_4fb2e666-26cf-4115-9bb8-6acea9e76a83202604302114321777605281906458794.sst
2026-05-01 03:14:43:199 - Compaction completed: 
