# CMD: /usr/lib/jvm/java-8-openjdk-amd64/bin/java -cp /users/Xinying/ozonedb/ycsb/ozonedb/conf:/users/Xinying/ozonedb/ycsb/ozonedb/target/ozonedb-binding-0.18.0-SNAPSHOT.jar:/users/Xinying/.m2/repository/org/apache/htrace/htrace-core4/4.1.0-incubating/htrace-core4-4.1.0-incubating.jar:/users/Xinying/.m2/repository/org/slf4j/slf4j-api/1.7.25/slf4j-api-1.7.25.jar:/users/Xinying/.m2/repository/org/hdrhistogram/HdrHistogram/2.1.12/HdrHistogram-2.1.12.jar:/users/Xinying/.m2/repository/ch/qos/logback/logback-classic/1.2.3/logback-classic-1.2.3.jar:/users/Xinying/.m2/repository/ozonedbjnimaven/demoproc-jni/1.0/demoproc-jni-1.0.jar:/users/Xinying/.m2/repository/ch/qos/logback/logback-core/1.2.3/logback-core-1.2.3.jar:/users/Xinying/.m2/repository/org/codehaus/jackson/jackson-mapper-asl/1.9.4/jackson-mapper-asl-1.9.4.jar:/users/Xinying/.m2/repository/org/slf4j/slf4j-simple/1.7.25/slf4j-simple-1.7.25.jar:/users/Xinying/.m2/repository/org/codehaus/jackson/jackson-core-asl/1.9.4/jackson-core-asl-1.9.4.jar:/users/Xinying/ozonedb/ycsb/core/target/core-0.18.0-SNAPSHOT.jar site.ycsb.Client -db site.ycsb.db.OzoneDBClient -threads 1 -s -P /users/Xinying/ozonedb/ycsb/workloads/generated_workloads/workloadc_1KB_500000_500000 -p status.interval=30 -p requestdistribution=uniform -p operationcount=1000000000 -p maxexecutiontime=360 -p shared_config=/tmp/churn_v4_configs/shared_config_varyW_n8_r0pct.json -t
# env OZONEDB_CHURN_ABORT_RATE=0.0
Command line: -db site.ycsb.db.OzoneDBClient -threads 1 -s -P /users/Xinying/ozonedb/ycsb/workloads/generated_workloads/workloadc_1KB_500000_500000 -p status.interval=30 -p requestdistribution=uniform -p operationcount=1000000000 -p maxexecutiontime=360 -p shared_config=/tmp/churn_v4_configs/shared_config_varyW_n8_r0pct.json -t
YCSB Client 0.18.0-SNAPSHOT

Loading workload...
Starting test.
SLF4J: Class path contains multiple SLF4J bindings.
SLF4J: Found binding in [jar:file:/users/Xinying/.m2/repository/ch/qos/logback/logback-classic/1.2.3/logback-classic-1.2.3.jar!/org/slf4j/impl/StaticLoggerBinder.class]
SLF4J: Found binding in [jar:file:/users/Xinying/.m2/repository/org/slf4j/slf4j-simple/1.7.25/slf4j-simple-1.7.25.jar!/org/slf4j/impl/StaticLoggerBinder.class]
SLF4J: See http://www.slf4j.org/codes.html#multiple_bindings for an explanation.
SLF4J: Actual binding is of type [ch.qos.logback.classic.util.ContextSelectorStaticBinder]
Maximum execution time specified as: 360 secs
2026-05-01 03:14:32:716 0 sec: 0 operations; est completion in 0 second 
Starting compaction watcher
DBWrapper: report latency for each error is false and specific error codes to track for latency are: []
2770152:COMPACT_START sstable=0 input_files: "datalog/3" input_files: "datalog/4" compactIntoNextLevel: true destinationLevel: 1
2026-05-01 03:14:32:761 - Compaction started: 
139670138623552:Compacting datalog/3 datalog/4 into:sstable1/6dc0ce3d-be0d-451a-a817-ba8f16df2d02202604302114321777605273041880692.sst
2026-05-01 03:14:33:109 - Compaction completed: 
2770152:COMPACT_START sstable=0 input_files: "datalog/35" input_files: "datalog/36" compactIntoNextLevel: true destinationLevel: 1
2026-05-01 03:14:33:162 - Compaction started: 
139670138623552:Compacting datalog/35 datalog/36 into:sstable1/6dc0ce3d-be0d-451a-a817-ba8f16df2d02202604302114321777605273241753758.sst
2026-05-01 03:14:33:265 - Compaction completed: 
2770152:COMPACT_START sstable=0 input_files: "datalog/69" input_files: "datalog/70" compactIntoNextLevel: true destinationLevel: 1
2026-05-01 03:14:33:418 - Compaction started: 
139670138623552:Compacting datalog/69 datalog/70 into:sstable1/6dc0ce3d-be0d-451a-a817-ba8f16df2d02202604302114321777605273703909139.sst
2026-05-01 03:14:33:733 - Compaction completed: 
2770152:COMPACT_START sstable=0 input_files: "datalog/121" input_files: "datalog/122" compactIntoNextLevel: true destinationLevel: 1
2026-05-01 03:14:33:823 - Compaction started: 
139670138623552:Compacting datalog/121 datalog/122 into:sstable1/6dc0ce3d-be0d-451a-a817-ba8f16df2d02202604302114321777605273853641548.sst
2026-05-01 03:14:33:881 - Compaction completed: 
2770152:COMPACT_START sstable=0 input_files: "datalog/137" input_files: "datalog/138" compactIntoNextLevel: true destinationLevel: 1
2026-05-01 03:14:33:927 - Compaction started: 
139670138623552:Compacting datalog/137 datalog/138 into:sstable1/6dc0ce3d-be0d-451a-a817-ba8f16df2d02202604302114321777605273929459777.sst
2026-05-01 03:14:33:948 - Compaction completed: 
2770152:COMPACT_START sstable=0 input_files: "datalog/153" input_files: "datalog/154" compactIntoNextLevel: true destinationLevel: 1
2026-05-01 03:14:34:030 - Compaction started: 
139670138623552:Compacting datalog/153 datalog/154 into:sstable1/6dc0ce3d-be0d-451a-a817-ba8f16df2d02202604302114321777605274033000509.sst
2026-05-01 03:14:34:053 - Compaction completed: 
2770152:COMPACT_START sstable=0 input_files: "datalog/163" input_files: "datalog/164" compactIntoNextLevel: true destinationLevel: 1
2026-05-01 03:14:34:133 - Compaction started: 
139670138623552:Compacting datalog/163 datalog/164 into:sstable1/6dc0ce3d-be0d-451a-a817-ba8f16df2d02202604302114321777605274135652035.sst
2026-05-01 03:14:34:152 - Compaction completed: 
2770152:COMPACT_START sstable=0 input_files: "datalog/179" input_files: "datalog/180" compactIntoNextLevel: true destinationLevel: 1
2026-05-01 03:14:34:234 - Compaction started: 
139670138623552:Compacting datalog/179 datalog/180 into:sstable1/6dc0ce3d-be0d-451a-a817-ba8f16df2d02202604302114321777605274237384769.sst
2026-05-01 03:14:34:256 - Compaction completed: 
2770152:COMPACT_START sstable=0 input_files: "datalog/195" input_files: "datalog/196" compactIntoNextLevel: true destinationLevel: 1
2026-05-01 03:14:34:338 - Compaction started: 
139670138623552:Compacting datalog/195 datalog/196 into:sstable1/6dc0ce3d-be0d-451a-a817-ba8f16df2d02202604302114321777605274341440667.sst
2026-05-01 03:14:34:359 - Compaction completed: 
2770152:COMPACT_START sstable=0 input_files: "datalog/211" input_files: "datalog/212" compactIntoNextLevel: true destinationLevel: 1
2026-05-01 03:14:34:442 - Compaction started: 
139670138623552:Compacting datalog/211 datalog/212 into:sstable1/6dc0ce3d-be0d-451a-a817-ba8f16df2d02202604302114321777605274445092467.sst
2026-05-01 03:14:34:463 - Compaction completed: 
2770152:COMPACT_START sstable=0 input_files: "datalog/227" input_files: "datalog/228" compactIntoNextLevel: true destinationLevel: 1
2026-05-01 03:14:34:545 - Compaction started: 
139670138623552:Compacting datalog/227 datalog/228 into:sstable1/6dc0ce3d-be0d-451a-a817-ba8f16df2d02202604302114321777605274548536679.sst
2026-05-01 03:14:34:565 - Compaction completed: 
2770152:COMPACT_START sstable=0 input_files: "datalog/243" input_files: "datalog/244" compactIntoNextLevel: true destinationLevel: 1
2026-05-01 03:14:34:648 - Compaction started: 
139670138623552:Compacting datalog/243 datalog/244 into:sstable1/6dc0ce3d-be0d-451a-a817-ba8f16df2d02202604302114321777605274651481765.sst
2026-05-01 03:14:34:669 - Compaction completed: 
2770152:COMPACT_START sstable=0 input_files: "datalog/259" input_files: "datalog/260" compactIntoNextLevel: true destinationLevel: 1
2026-05-01 03:14:34:751 - Compaction started: 
139670138623552:Compacting datalog/259 datalog/260 into:sstable1/6dc0ce3d-be0d-451a-a817-ba8f16df2d02202604302114321777605274753784417.sst
2026-05-01 03:14:34:769 - Compaction completed: 
2770152:COMPACT_START sstable=0 input_files: "datalog/275" input_files: "datalog/276" compactIntoNextLevel: true destinationLevel: 1
2026-05-01 03:14:34:854 - Compaction started: 
139670138623552:Compacting datalog/275 datalog/276 into:sstable1/6dc0ce3d-be0d-451a-a817-ba8f16df2d02202604302114321777605274857341250.sst
2026-05-01 03:14:34:875 - Compaction completed: 
2770152:COMPACT_START sstable=0 input_files: "datalog/291" input_files: "datalog/292" compactIntoNextLevel: true destinationLevel: 1
2026-05-01 03:14:34:956 - Compaction started: 
139670138623552:Compacting datalog/291 datalog/292 into:sstable1/6dc0ce3d-be0d-451a-a817-ba8f16df2d02202604302114321777605274958572644.sst
2026-05-01 03:14:34:974 - Compaction completed: 
2770152:COMPACT_START sstable=0 input_files: "datalog/307" input_files: "datalog/308" compactIntoNextLevel: true destinationLevel: 1
2026-05-01 03:14:35:057 - Compaction started: 
139670138623552:Compacting datalog/307 datalog/308 into:sstable1/6dc0ce3d-be0d-451a-a817-ba8f16df2d02202604302114321777605275060210400.sst
2026-05-01 03:14:35:076 - Compaction completed: 
2770152:COMPACT_START sstable=0 input_files: "datalog/323" input_files: "datalog/324" compactIntoNextLevel: true destinationLevel: 1
2026-05-01 03:14:35:159 - Compaction started: 
139670138623552:Compacting datalog/323 datalog/324 into:sstable1/6dc0ce3d-be0d-451a-a817-ba8f16df2d02202604302114321777605275161994461.sst
2026-05-01 03:14:35:177 - Compaction completed: 
2770152:COMPACT_START sstable=0 input_files: "datalog/339" input_files: "datalog/340" compactIntoNextLevel: true destinationLevel: 1
2026-05-01 03:14:35:261 - Compaction started: 
139670138623552:Compacting datalog/339 datalog/340 into:sstable1/6dc0ce3d-be0d-451a-a817-ba8f16df2d02202604302114321777605275263802916.sst
2026-05-01 03:14:35:280 - Compaction completed: 
2770152:COMPACT_START sstable=0 input_files: "datalog/355" input_files: "datalog/356" compactIntoNextLevel: true destinationLevel: 1
2026-05-01 03:14:35:363 - Compaction started: 
139670138623552:Compacting datalog/355 datalog/356 into:sstable1/6dc0ce3d-be0d-451a-a817-ba8f16df2d02202604302114321777605275365513088.sst
2026-05-01 03:14:35:381 - Compaction completed: 
2770152:COMPACT_START sstable=0 input_files: "datalog/371" input_files: "datalog/372" compactIntoNextLevel: true destinationLevel: 1
2026-05-01 03:14:35:464 - Compaction started: 
139670138623552:Compacting datalog/371 datalog/372 into:sstable1/6dc0ce3d-be0d-451a-a817-ba8f16df2d02202604302114321777605275467124746.sst
2026-05-01 03:14:35:482 - Compaction completed: 
2770152:COMPACT_START sstable=0 input_files: "datalog/387" input_files: "datalog/388" compactIntoNextLevel: true destinationLevel: 1
2026-05-01 03:14:35:566 - Compaction started: 
139670138623552:Compacting datalog/387 datalog/388 into:sstable1/6dc0ce3d-be0d-451a-a817-ba8f16df2d02202604302114321777605275568790114.sst
2026-05-01 03:14:35:584 - Compaction completed: 
2770152:COMPACT_START sstable=1 input_files: "sstable1/aa8e5f2f-22b8-4dd5-af79-1cda23471fdc202604302114321777605273010569253.sst" input_files: "sstable1/fbb0c475-a475-48e6-a783-961b3af82486202604302114321777605273090892484.sst" compactIntoNextLevel: true destinationLevel: 2
2026-05-01 03:14:35:668 - Compaction started: 
139670138623552:Compacting sstable1/aa8e5f2f-22b8-4dd5-af79-1cda23471fdc202604302114321777605273010569253.sst sstable1/fbb0c475-a475-48e6-a783-961b3af82486202604302114321777605273090892484.sst into:sstable2/6dc0ce3d-be0d-451a-a817-ba8f16df2d02202604302114321777605275692583070.sst
2026-05-01 03:14:35:745 - Compaction completed: 
2770152:COMPACT_START sstable=1 input_files: "sstable1/4fb2e666-26cf-4115-9bb8-6acea9e76a83202604302114321777605273380591119.sst" input_files: "sstable1/24d68dea-9374-4e42-933b-c6883974b988202604302114321777605273308360384.sst" compactIntoNextLevel: true destinationLevel: 2
2026-05-01 03:14:35:769 - Compaction started: 
139670138623552:Compacting sstable1/4fb2e666-26cf-4115-9bb8-6acea9e76a83202604302114321777605273380591119.sst sstable1/24d68dea-9374-4e42-933b-c6883974b988202604302114321777605273308360384.sst into:sstable2/6dc0ce3d-be0d-451a-a817-ba8f16df2d02202604302114321777605275789442331.sst
2026-05-01 03:14:35:826 - Compaction completed: 
2770152:COMPACT_START sstable=1 input_files: "sstable1/fbb0c475-a475-48e6-a783-961b3af82486202604302114321777605273554293629.sst" input_files: "sstable1/da44fd80-f9d3-4464-bcf7-f88a6bd07f74202604302114321777605273540539743.sst" compactIntoNextLevel: true destinationLevel: 2
2026-05-01 03:14:35:870 - Compaction started: 
139670138623552:Compacting sstable1/fbb0c475-a475-48e6-a783-961b3af82486202604302114321777605273554293629.sst sstable1/da44fd80-f9d3-4464-bcf7-f88a6bd07f74202604302114321777605273540539743.sst into:sstable2/6dc0ce3d-be0d-451a-a817-ba8f16df2d02202604302114321777605275892433834.sst
2026-05-01 03:14:35:932 - Compaction completed: 
2770152:COMPACT_START sstable=1 input_files: "sstable1/aa8e5f2f-22b8-4dd5-af79-1cda23471fdc202604302114321777605273819475088.sst" input_files: "sstable1/24d68dea-9374-4e42-933b-c6883974b988202604302114321777605273822423102.sst" compactIntoNextLevel: true destinationLevel: 2
2026-05-01 03:14:35:972 - Compaction started: 
139670138623552:Compacting sstable1/aa8e5f2f-22b8-4dd5-af79-1cda23471fdc202604302114321777605273819475088.sst sstable1/24d68dea-9374-4e42-933b-c6883974b988202604302114321777605273822423102.sst into:sstable2/6dc0ce3d-be0d-451a-a817-ba8f16df2d02202604302114321777605275992604540.sst
2026-05-01 03:14:36:030 - Compaction completed: 
2770152:COMPACT_START sstable=1 input_files: "sstable1/aa8e5f2f-22b8-4dd5-af79-1cda23471fdc202604302114321777605274027102736.sst" input_files: "sstable1/24d68dea-9374-4e42-933b-c6883974b988202604302114321777605274029547227.sst" compactIntoNextLevel: true destinationLevel: 2
2026-05-01 03:14:36:073 - Compaction started: 
139670138623552:Compacting sstable1/aa8e5f2f-22b8-4dd5-af79-1cda23471fdc202604302114321777605274027102736.sst sstable1/24d68dea-9374-4e42-933b-c6883974b988202604302114321777605274029547227.sst into:sstable2/6dc0ce3d-be0d-451a-a817-ba8f16df2d02202604302114321777605276093533618.sst
2026-05-01 03:14:36:131 - Compaction completed: 
2770152:COMPACT_START sstable=1 input_files: "sstable1/4fb2e666-26cf-4115-9bb8-6acea9e76a83202604302114321777605274259996305.sst" input_files: "sstable1/24d68dea-9374-4e42-933b-c6883974b988202604302114321777605274265502083.sst" compactIntoNextLevel: true destinationLevel: 2
2026-05-01 03:14:36:174 - Compaction started: 
139670138623552:Compacting sstable1/4fb2e666-26cf-4115-9bb8-6acea9e76a83202604302114321777605274259996305.sst sstable1/24d68dea-9374-4e42-933b-c6883974b988202604302114321777605274265502083.sst into:sstable2/6dc0ce3d-be0d-451a-a817-ba8f16df2d02202604302114321777605276195318781.sst
2026-05-01 03:14:36:279 - Compaction completed: 
2770152:COMPACT_START sstable=1 input_files: "sstable1/4fb2e666-26cf-4115-9bb8-6acea9e76a83202604302114321777605274568396007.sst" input_files: "sstable1/24d68dea-9374-4e42-933b-c6883974b988202604302114321777605274574430205.sst" compactIntoNextLevel: true destinationLevel: 2
2026-05-01 03:14:36:377 - Compaction started: 
139670138623552:Compacting sstable1/4fb2e666-26cf-4115-9bb8-6acea9e76a83202604302114321777605274568396007.sst sstable1/24d68dea-9374-4e42-933b-c6883974b988202604302114321777605274574430205.sst into:sstable2/6dc0ce3d-be0d-451a-a817-ba8f16df2d02202604302114321777605276405916596.sst
2026-05-01 03:14:36:452 - Compaction completed: 
2770152:COMPACT_START sstable=1 input_files: "sstable1/4fb2e666-26cf-4115-9bb8-6acea9e76a83202604302114321777605274773750375.sst" input_files: "sstable1/24d68dea-9374-4e42-933b-c6883974b988202604302114321777605274780626161.sst" compactIntoNextLevel: true destinationLevel: 2
2026-05-01 03:14:36:480 - Compaction started: 
139670138623552:Compacting sstable1/4fb2e666-26cf-4115-9bb8-6acea9e76a83202604302114321777605274773750375.sst sstable1/24d68dea-9374-4e42-933b-c6883974b988202604302114321777605274780626161.sst into:sstable2/6dc0ce3d-be0d-451a-a817-ba8f16df2d02202604302114321777605276501588551.sst
2026-05-01 03:14:36:541 - Compaction completed: 
2770152:COMPACT_START sstable=1 input_files: "sstable1/4fb2e666-26cf-4115-9bb8-6acea9e76a83202604302114321777605274978276290.sst" input_files: "sstable1/24d68dea-9374-4e42-933b-c6883974b988202604302114321777605274985962435.sst" compactIntoNextLevel: true destinationLevel: 2
2026-05-01 03:14:36:583 - Compaction started: 
139670138623552:Compacting sstable1/4fb2e666-26cf-4115-9bb8-6acea9e76a83202604302114321777605274978276290.sst sstable1/24d68dea-9374-4e42-933b-c6883974b988202604302114321777605274985962435.sst into:sstable2/6dc0ce3d-be0d-451a-a817-ba8f16df2d02202604302114321777605276603623582.sst
2026-05-01 03:14:36:637 - Compaction completed: 
2770152:COMPACT_START sstable=1 input_files: "sstable1/4fb2e666-26cf-4115-9bb8-6acea9e76a83202604302114321777605275181958204.sst" input_files: "sstable1/24d68dea-9374-4e42-933b-c6883974b988202604302114321777605275188222113.sst" compactIntoNextLevel: true destinationLevel: 2
2026-05-01 03:14:36:685 - Compaction started: 
139670138623552:Compacting sstable1/4fb2e666-26cf-4115-9bb8-6acea9e76a83202604302114321777605275181958204.sst sstable1/24d68dea-9374-4e42-933b-c6883974b988202604302114321777605275188222113.sst into:sstable2/6dc0ce3d-be0d-451a-a817-ba8f16df2d02202604302114321777605276703808305.sst
2026-05-01 03:14:36:735 - Compaction completed: 
2770152:COMPACT_START sstable=1 input_files: "sstable1/4fb2e666-26cf-4115-9bb8-6acea9e76a83202604302114321777605275386006535.sst" input_files: "sstable1/24d68dea-9374-4e42-933b-c6883974b988202604302114321777605275391190630.sst" compactIntoNextLevel: true destinationLevel: 2
2026-05-01 03:14:36:788 - Compaction started: 
139670138623552:Compacting sstable1/4fb2e666-26cf-4115-9bb8-6acea9e76a83202604302114321777605275386006535.sst sstable1/24d68dea-9374-4e42-933b-c6883974b988202604302114321777605275391190630.sst into:sstable2/6dc0ce3d-be0d-451a-a817-ba8f16df2d02202604302114321777605276807314022.sst
2026-05-01 03:14:36:840 - Compaction completed: 
2770152:COMPACT_START sstable=1 input_files: "sstable2/070528fd-8380-4cd3-b14f-82f1e02e9c40202604302114321777605275660968773.sst" input_files: "sstable2/6dc0ce3d-be0d-451a-a817-ba8f16df2d02202604302114321777605275692583070.sst" compactIntoNextLevel: false destinationLevel: 2
2026-05-01 03:14:36:893 - Compaction started: 
139670138623552:Compacting sstable2/070528fd-8380-4cd3-b14f-82f1e02e9c40202604302114321777605275660968773.sst sstable2/6dc0ce3d-be0d-451a-a817-ba8f16df2d02202604302114321777605275692583070.sst into:sstable2/0_6dc0ce3d-be0d-451a-a817-ba8f16df2d02202604302114321777605276946596076.sst
2026-05-01 03:14:37:024 - Compaction completed: 
2770152:COMPACT_START sstable=1 input_files: "sstable2/070528fd-8380-4cd3-b14f-82f1e02e9c40202604302114321777605275864481329.sst" input_files: "sstable2/6dc0ce3d-be0d-451a-a817-ba8f16df2d02202604302114321777605275892433834.sst" compactIntoNextLevel: false destinationLevel: 2
2026-05-01 03:14:37:106 - Compaction started: 
139670138623552:Compacting sstable2/070528fd-8380-4cd3-b14f-82f1e02e9c40202604302114321777605275864481329.sst sstable2/6dc0ce3d-be0d-451a-a817-ba8f16df2d02202604302114321777605275892433834.sst into:sstable2/0_6dc0ce3d-be0d-451a-a817-ba8f16df2d02202604302114321777605277157618105.sst
2026-05-01 03:14:37:242 - Compaction completed: 
2770152:COMPACT_START sstable=1 input_files: "sstable2/da44fd80-f9d3-4464-bcf7-f88a6bd07f74202604302114321777605275927755289.sst" input_files: "sstable2/ab4c9c36-1a5e-4993-9ce4-173550591131202604302114321777605275959659439.sst" compactIntoNextLevel: false destinationLevel: 2
2026-05-01 03:14:37:312 - Compaction started: 
139670138623552:Compacting sstable2/da44fd80-f9d3-4464-bcf7-f88a6bd07f74202604302114321777605275927755289.sst sstable2/ab4c9c36-1a5e-4993-9ce4-173550591131202604302114321777605275959659439.sst into:sstable2/0_6dc0ce3d-be0d-451a-a817-ba8f16df2d02202604302114321777605277359624409.sst
2026-05-01 03:14:37:440 - Compaction completed: 
2770152:COMPACT_START sstable=1 input_files: "sstable2/0_aa8e5f2f-22b8-4dd5-af79-1cda23471fdc202604302114321777605277203460347.sst" input_files: "sstable2/0_6dc0ce3d-be0d-451a-a817-ba8f16df2d02202604302114321777605277359624409.sst" compactIntoNextLevel: false destinationLevel: 2
2026-05-01 03:14:37:518 - Compaction started: 
139670138623552:Compacting sstable2/0_aa8e5f2f-22b8-4dd5-af79-1cda23471fdc202604302114321777605277203460347.sst sstable2/0_6dc0ce3d-be0d-451a-a817-ba8f16df2d02202604302114321777605277359624409.sst into:sstable2/1_6dc0ce3d-be0d-451a-a817-ba8f16df2d02202604302114321777605277625302768.sst
2026-05-01 03:14:37:787 - Compaction completed: 
2770152:COMPACT_START sstable=1 input_files: "sstable2/da44fd80-f9d3-4464-bcf7-f88a6bd07f74202604302114321777605276132399917.sst" input_files: "sstable2/ab4c9c36-1a5e-4993-9ce4-173550591131202604302114321777605276163601701.sst" compactIntoNextLevel: false destinationLevel: 2
2026-05-01 03:14:37:828 - Compaction started: 
139670138623552:Compacting sstable2/da44fd80-f9d3-4464-bcf7-f88a6bd07f74202604302114321777605276132399917.sst sstable2/ab4c9c36-1a5e-4993-9ce4-173550591131202604302114321777605276163601701.sst into:sstable2/0_6dc0ce3d-be0d-451a-a817-ba8f16df2d02202604302114321777605277881765647.sst
2026-05-01 03:14:37:967 - Compaction completed: 
2770152:COMPACT_START sstable=1 input_files: "sstable2/4fb2e666-26cf-4115-9bb8-6acea9e76a83202604302114321777605276251812193.sst" input_files: "sstable2/24d68dea-9374-4e42-933b-c6883974b988202604302114321777605276252993187.sst" compactIntoNextLevel: false destinationLevel: 2
2026-05-01 03:14:38:037 - Compaction started: 
139670138623552:Compacting sstable2/4fb2e666-26cf-4115-9bb8-6acea9e76a83202604302114321777605276251812193.sst sstable2/24d68dea-9374-4e42-933b-c6883974b988202604302114321777605276252993187.sst into:sstable2/0_6dc0ce3d-be0d-451a-a817-ba8f16df2d02202604302114321777605278111943256.sst
2026-05-01 03:14:38:194 - Compaction completed: 
2770152:COMPACT_START sstable=1 input_files: "sstable2/1_ab4c9c36-1a5e-4993-9ce4-173550591131202604302114321777605277883025378.sst" input_files: "sstable2/1_24d68dea-9374-4e42-933b-c6883974b988202604302114321777605277959332022.sst" compactIntoNextLevel: false destinationLevel: 2
2026-05-01 03:14:38:242 - Compaction started: 
139670138623552:Compacting sstable2/1_ab4c9c36-1a5e-4993-9ce4-173550591131202604302114321777605277883025378.sst sstable2/1_24d68dea-9374-4e42-933b-c6883974b988202604302114321777605277959332022.sst into:sstable2/2_6dc0ce3d-be0d-451a-a817-ba8f16df2d02202604302114321777605278465362276.sst
2026-05-01 03:14:38:820 - Compaction completed: 
2770152:COMPACT_START sstable=1 input_files: "sstable2/4fb2e666-26cf-4115-9bb8-6acea9e76a83202604302114321777605276531641943.sst" input_files: "sstable2/24d68dea-9374-4e42-933b-c6883974b988202604302114321777605276550208559.sst" compactIntoNextLevel: false destinationLevel: 2
2026-05-01 03:14:38:854 - Compaction started: 
139670138623552:Compacting sstable2/4fb2e666-26cf-4115-9bb8-6acea9e76a83202604302114321777605276531641943.sst sstable2/24d68dea-9374-4e42-933b-c6883974b988202604302114321777605276550208559.sst into:sstable2/0_6dc0ce3d-be0d-451a-a817-ba8f16df2d02202604302114321777605278900841244.sst
2026-05-01 03:14:38:981 - Compaction completed: 
2770152:COMPACT_START sstable=1 input_files: "sstable2/0_070528fd-8380-4cd3-b14f-82f1e02e9c40202604302114321777605278868783215.sst" input_files: "sstable2/0_6dc0ce3d-be0d-451a-a817-ba8f16df2d02202604302114321777605278900841244.sst" compactIntoNextLevel: false destinationLevel: 2
2026-05-01 03:14:39:062 - Compaction started: 
139670138623552:Compacting sstable2/0_070528fd-8380-4cd3-b14f-82f1e02e9c40202604302114321777605278868783215.sst sstable2/0_6dc0ce3d-be0d-451a-a817-ba8f16df2d02202604302114321777605278900841244.sst into:sstable2/1_6dc0ce3d-be0d-451a-a817-ba8f16df2d02202604302114321777605279150004042.sst
2026-05-01 03:14:39:302 - Compaction completed: 
2770152:COMPACT_START sstable=1 input_files: "sstable2/aa8e5f2f-22b8-4dd5-af79-1cda23471fdc202604302114321777605276649690234.sst" input_files: "sstable2/da44fd80-f9d3-4464-bcf7-f88a6bd07f74202604302114321777605276660758617.sst" compactIntoNextLevel: false destinationLevel: 2
2026-05-01 03:14:39:372 - Compaction started: 
139670138623552:Compacting sstable2/aa8e5f2f-22b8-4dd5-af79-1cda23471fdc202604302114321777605276649690234.sst sstable2/da44fd80-f9d3-4464-bcf7-f88a6bd07f74202604302114321777605276660758617.sst into:sstable2/0_6dc0ce3d-be0d-451a-a817-ba8f16df2d02202604302114321777605279419847126.sst
2026-05-01 03:14:39:495 - Compaction completed: 
2770152:COMPACT_START sstable=1 input_files: "sstable2/0_6dc0ce3d-be0d-451a-a817-ba8f16df2d02202604302114321777605279419847126.sst" input_files: "sstable2/0_fbb0c475-a475-48e6-a783-961b3af82486202604302114321777605279454158117.sst" compactIntoNextLevel: false destinationLevel: 2
2026-05-01 03:14:39:580 - Compaction started: 
139670138623552:Compacting sstable2/0_6dc0ce3d-be0d-451a-a817-ba8f16df2d02202604302114321777605279419847126.sst sstable2/0_fbb0c475-a475-48e6-a783-961b3af82486202604302114321777605279454158117.sst into:sstable2/1_6dc0ce3d-be0d-451a-a817-ba8f16df2d02202604302114321777605279670575979.sst
2026-05-01 03:14:39:818 - Compaction completed: 
2770152:COMPACT_START sstable=1 input_files: "sstable2/1_24d68dea-9374-4e42-933b-c6883974b988202604302114321777605279620357235.sst" input_files: "sstable2/1_6dc0ce3d-be0d-451a-a817-ba8f16df2d02202604302114321777605279670575979.sst" compactIntoNextLevel: false destinationLevel: 2
2026-05-01 03:14:39:886 - Compaction started: 
139670138623552:Compacting sstable2/1_24d68dea-9374-4e42-933b-c6883974b988202604302114321777605279620357235.sst sstable2/1_6dc0ce3d-be0d-451a-a817-ba8f16df2d02202604302114321777605279670575979.sst into:sstable2/2_6dc0ce3d-be0d-451a-a817-ba8f16df2d02202604302114321777605280072451771.sst
2026-05-01 03:14:40:402 - Compaction completed: 
