# CMD: /users/Xinying/ozonedb/ycsb/bin/ycsb run ozonedb -threads 1 -s -P /users/Xinying/ozonedb/ycsb/workloads/generated_workloads/workloadc_1KB_1000000_1000000 -p status.interval=10 -p requestdistribution=sequential -p operationcount=1000000 -p maxexecutiontime=0 -p shared_config=/tmp/churn_v4_configs/shared_config_varyR_n4_r25pct_rep4.json
[WARN]  Running against a source checkout. In order to get our runtime dependencies we'll have to invoke Maven. Depending on the state of your system, this may take ~30-45 seconds
[DEBUG]  Running 'mvn -pl site.ycsb:ozonedb-binding -am package -DskipTests dependency:build-classpath -DincludeScope=compile -Dmdep.outputFilterFile=true'
/usr/lib/jvm/java-8-openjdk-amd64/bin/java -cp /users/Xinying/ozonedb/ycsb/ozonedb/conf:/users/Xinying/ozonedb/ycsb/ozonedb/target/ozonedb-binding-0.18.0-SNAPSHOT.jar:/users/Xinying/.m2/repository/org/apache/htrace/htrace-core4/4.1.0-incubating/htrace-core4-4.1.0-incubating.jar:/users/Xinying/.m2/repository/org/slf4j/slf4j-api/1.7.25/slf4j-api-1.7.25.jar:/users/Xinying/.m2/repository/org/hdrhistogram/HdrHistogram/2.1.12/HdrHistogram-2.1.12.jar:/users/Xinying/.m2/repository/ch/qos/logback/logback-classic/1.2.3/logback-classic-1.2.3.jar:/users/Xinying/.m2/repository/ozonedbjnimaven/demoproc-jni/1.0/demoproc-jni-1.0.jar:/users/Xinying/.m2/repository/ch/qos/logback/logback-core/1.2.3/logback-core-1.2.3.jar:/users/Xinying/.m2/repository/org/codehaus/jackson/jackson-mapper-asl/1.9.4/jackson-mapper-asl-1.9.4.jar:/users/Xinying/.m2/repository/org/slf4j/slf4j-simple/1.7.25/slf4j-simple-1.7.25.jar:/users/Xinying/.m2/repository/org/codehaus/jackson/jackson-core-asl/1.9.4/jackson-core-asl-1.9.4.jar:/users/Xinying/ozonedb/ycsb/core/target/core-0.18.0-SNAPSHOT.jar site.ycsb.Client -db site.ycsb.db.OzoneDBClient -threads 1 -s -P /users/Xinying/ozonedb/ycsb/workloads/generated_workloads/workloadc_1KB_1000000_1000000 -p status.interval=10 -p requestdistribution=sequential -p operationcount=1000000 -p maxexecutiontime=0 -p shared_config=/tmp/churn_v4_configs/shared_config_varyR_n4_r25pct_rep4.json -t
Command line: -db site.ycsb.db.OzoneDBClient -threads 1 -s -P /users/Xinying/ozonedb/ycsb/workloads/generated_workloads/workloadc_1KB_1000000_1000000 -p status.interval=10 -p requestdistribution=sequential -p operationcount=1000000 -p maxexecutiontime=0 -p shared_config=/tmp/churn_v4_configs/shared_config_varyR_n4_r25pct_rep4.json -t
YCSB Client 0.18.0-SNAPSHOT

Loading workload...
Starting test.
SLF4J: Class path contains multiple SLF4J bindings.
SLF4J: Found binding in [jar:file:/users/Xinying/.m2/repository/ch/qos/logback/logback-classic/1.2.3/logback-classic-1.2.3.jar!/org/slf4j/impl/StaticLoggerBinder.class]
SLF4J: Found binding in [jar:file:/users/Xinying/.m2/repository/org/slf4j/slf4j-simple/1.7.25/slf4j-simple-1.7.25.jar!/org/slf4j/impl/StaticLoggerBinder.class]
SLF4J: See http://www.slf4j.org/codes.html#multiple_bindings for an explanation.
SLF4J: Actual binding is of type [ch.qos.logback.classic.util.ContextSelectorStaticBinder]
2026-05-01 07:27:55:734 0 sec: 0 operations; est completion in 0 second 
Starting compaction watcher
DBWrapper: report latency for each error is false and specific error codes to track for latency are: []
2026-05-01 07:28:05:733 10 sec: 30589 operations; 3058.9 current ops/sec; est completion in 5 minutes [READ: Count=30598, Max=8271, Min=85, Avg=179.86, 90=194, 99=224, 99.9=274, 99.99=1684] 
2026-05-01 07:28:15:733 20 sec: 86139 operations; 5555 current ops/sec; est completion in 3 minutes [READ: Count=55545, Max=390, Min=85, Avg=178.45, 90=196, 99=226, 99.9=274, 99.99=333] 
2026-05-01 07:28:25:733 30 sec: 141085 operations; 5494.6 current ops/sec; est completion in 3 minutes [READ: Count=54944, Max=364, Min=97, Avg=180.66, 90=199, 99=230, 99.9=278, 99.99=324] 
2026-05-01 07:28:35:733 40 sec: 202113 operations; 6102.8 current ops/sec; est completion in 2 minutes [READ: Count=50454, Max=6195, Min=71, Avg=163.52, 90=186, 99=215, 99.9=260, 99.99=441] [READ-FAILED: Count=10576, Max=430, Min=105, Avg=157.94, 90=169, 99=207, 99.9=247, 99.99=283] 
2026-05-01 07:28:45:733 50 sec: 267376 operations; 6526.3 current ops/sec; est completion in 2 minutes [READ: Count=65264, Max=925, Min=79, Avg=152.28, 90=171, 99=199, 99.9=245, 99.99=875] [READ-FAILED: Count=0, Max=0, Min=0, Avg=0, 90=0, 99=0, 99.9=0, 99.99=0] 
2026-05-01 07:28:55:733 60 sec: 333848 operations; 6647.2 current ops/sec; est completion in 2 minutes [READ: Count=66471, Max=908, Min=67, Avg=149.44, 90=169, 99=198, 99.9=241, 99.99=410] [READ-FAILED: Count=0, Max=0, Min=0, Avg=0, 90=0, 99=0, 99.9=0, 99.99=0] 
2026-05-01 07:29:05:733 70 sec: 402691 operations; 6884.3 current ops/sec; est completion in 1 minute [READ: Count=68842, Max=4037, Min=65, Avg=144.26, 90=164, 99=192, 99.9=246, 99.99=405] [READ-FAILED: Count=0, Max=0, Min=0, Avg=0, 90=0, 99=0, 99.9=0, 99.99=0] 
2026-05-01 07:29:15:733 80 sec: 469411 operations; 6672 current ops/sec; est completion in 1 minute [READ: Count=66721, Max=894, Min=73, Avg=148.87, 90=189, 99=213, 99.9=259, 99.99=391] [READ-FAILED: Count=0, Max=0, Min=0, Avg=0, 90=0, 99=0, 99.9=0, 99.99=0] 
2026-05-01 07:29:25:733 90 sec: 545646 operations; 7623.5 current ops/sec; est completion in 1 minute [READ: Count=76235, Max=396, Min=59, Avg=130.2, 90=151, 99=177, 99.9=226, 99.99=380] [READ-FAILED: Count=0, Max=0, Min=0, Avg=0, 90=0, 99=0, 99.9=0, 99.99=0] 
2026-05-01 07:29:35:734 100 sec: 629511 operations; 8386.5 current ops/sec; est completion in 59 seconds [READ: Count=83869, Max=3495, Min=63, Avg=118.23, 90=138, 99=163, 99.9=205, 99.99=253] [READ-FAILED: Count=0, Max=0, Min=0, Avg=0, 90=0, 99=0, 99.9=0, 99.99=0] 
2026-05-01 07:29:45:733 110 sec: 723489 operations; 9397.8 current ops/sec; est completion in 43 seconds [READ: Count=93976, Max=360, Min=55, Avg=105.43, 90=125, 99=149, 99.9=186, 99.99=234] [READ-FAILED: Count=0, Max=0, Min=0, Avg=0, 90=0, 99=0, 99.9=0, 99.99=0] 
2026-05-01 07:29:55:733 120 sec: 834914 operations; 11142.5 current ops/sec; est completion in 24 seconds [READ: Count=111427, Max=3911, Min=53, Avg=88.77, 90=109, 99=130, 99.9=164, 99.99=199] [READ-FAILED: Count=0, Max=0, Min=0, Avg=0, 90=0, 99=0, 99.9=0, 99.99=0] 
2026-05-01 07:30:05:733 130 sec: 979591 operations; 14467.7 current ops/sec; est completion in 3 second [READ: Count=144678, Max=250, Min=43, Avg=68.15, 90=89, 99=106, 99.9=135, 99.99=163] [READ-FAILED: Count=0, Max=0, Min=0, Avg=0, 90=0, 99=0, 99.9=0, 99.99=0] 
[OZONEDB-PROFILE] reads=1000000  avg_total=123.71us  view=30.72us(24.8%)  log=0.57us(0.5%)  sst=92.20us_per_call x 999709_calls(74.5%_of_total)
[OZONEDB-SST-PROFILE] level | time_total_ms | enters | range_rejects | table_gets | hits
[OZONEDB-SST-PROFILE] L1  |      8331.47 |  6958032 |        10302 |    6947730 |  13452
[OZONEDB-SST-PROFILE] L2  |     80606.30 | 102578975 |       483083 |  102095892 | 975681
[OZONEDB-TBL-PROFILE] file_filter_reject=107113709  block_filter_reject=930264  index_invalid=0  block_read_more=301661  hit_from_cache=697988  miss_after_read=10516  found=989133
2026-05-01 07:30:06:716 130 sec: 1000000 operations; 20783.1 current ops/sec; [READ: Count=20400, Max=136, Min=28, Avg=45.93, 90=63, 99=79, 99.9=94, 99.99=112] [CLEANUP: Count=1, Max=25439, Min=25424, Avg=25432, 90=25439, 99=25439, 99.9=25439, 99.99=25439] [READ-FAILED: Count=0, Max=0, Min=0, Avg=0, 90=0, 99=0, 99.9=0, 99.99=0] 
[OVERALL], RunTime(ms), 130983
[OVERALL], Throughput(ops/sec), 7634.578533092081
[TOTAL_GCS_PS_Scavenge], Count, 5
[TOTAL_GC_TIME_PS_Scavenge], Time(ms), 19
[TOTAL_GC_TIME_%_PS_Scavenge], Time(%), 0.014505699212874952
[TOTAL_GCS_PS_MarkSweep], Count, 0
[TOTAL_GC_TIME_PS_MarkSweep], Time(ms), 0
[TOTAL_GC_TIME_%_PS_MarkSweep], Time(%), 0.0
[TOTAL_GCs], Count, 5
[TOTAL_GC_TIME], Time(ms), 19
[TOTAL_GC_TIME_%], Time(%), 0.014505699212874952
[READ], Operations, 989424
[READ], AverageLatency(us), 125.08705064764955
[READ], MinLatency(us), 28
[READ], MaxLatency(us), 8271
[READ], 95thPercentileLatency(us), 189
[READ], 99thPercentileLatency(us), 206
[READ], Return=OK, 989424
[READ], Return=NOT_FOUND, 10576
[CLEANUP], Operations, 1
[CLEANUP], AverageLatency(us), 25432.0
[CLEANUP], MinLatency(us), 25424
[CLEANUP], MaxLatency(us), 25439
[CLEANUP], 95thPercentileLatency(us), 25439
[CLEANUP], 99thPercentileLatency(us), 25439
[READ-FAILED], Operations, 10576
[READ-FAILED], AverageLatency(us), 157.93854009077157
[READ-FAILED], MinLatency(us), 105
[READ-FAILED], MaxLatency(us), 430
[READ-FAILED], 95thPercentileLatency(us), 176
[READ-FAILED], 99thPercentileLatency(us), 207
