# CMD: /usr/lib/jvm/java-8-openjdk-amd64/bin/java -cp /users/Xinying/ozonedb/ycsb/ozonedb/conf:/users/Xinying/ozonedb/ycsb/ozonedb/target/ozonedb-binding-0.18.0-SNAPSHOT.jar:/users/Xinying/.m2/repository/org/apache/htrace/htrace-core4/4.1.0-incubating/htrace-core4-4.1.0-incubating.jar:/users/Xinying/.m2/repository/org/slf4j/slf4j-api/1.7.25/slf4j-api-1.7.25.jar:/users/Xinying/.m2/repository/org/hdrhistogram/HdrHistogram/2.1.12/HdrHistogram-2.1.12.jar:/users/Xinying/.m2/repository/ch/qos/logback/logback-classic/1.2.3/logback-classic-1.2.3.jar:/users/Xinying/.m2/repository/ozonedbjnimaven/demoproc-jni/1.0/demoproc-jni-1.0.jar:/users/Xinying/.m2/repository/ch/qos/logback/logback-core/1.2.3/logback-core-1.2.3.jar:/users/Xinying/.m2/repository/org/codehaus/jackson/jackson-mapper-asl/1.9.4/jackson-mapper-asl-1.9.4.jar:/users/Xinying/.m2/repository/org/slf4j/slf4j-simple/1.7.25/slf4j-simple-1.7.25.jar:/users/Xinying/.m2/repository/org/codehaus/jackson/jackson-core-asl/1.9.4/jackson-core-asl-1.9.4.jar:/users/Xinying/ozonedb/ycsb/core/target/core-0.18.0-SNAPSHOT.jar site.ycsb.Client -db site.ycsb.db.OzoneDBClient -threads 1 -s -P /users/Xinying/ozonedb/ycsb/workloads/generated_workloads/workloadc_1KB_1000000_1000000 -p status.interval=30 -p requestdistribution=uniform -p operationcount=1000000000 -p maxexecutiontime=660 -p shared_config=/tmp/churn_v4_configs/shared_config_varyW_n8_r0pct.json -t
# env OZONEDB_CHURN_ABORT_RATE=0.0
Command line: -db site.ycsb.db.OzoneDBClient -threads 1 -s -P /users/Xinying/ozonedb/ycsb/workloads/generated_workloads/workloadc_1KB_1000000_1000000 -p status.interval=30 -p requestdistribution=uniform -p operationcount=1000000000 -p maxexecutiontime=660 -p shared_config=/tmp/churn_v4_configs/shared_config_varyW_n8_r0pct.json -t
YCSB Client 0.18.0-SNAPSHOT

Loading workload...
Starting test.
SLF4J: Class path contains multiple SLF4J bindings.
SLF4J: Found binding in [jar:file:/users/Xinying/.m2/repository/ch/qos/logback/logback-classic/1.2.3/logback-classic-1.2.3.jar!/org/slf4j/impl/StaticLoggerBinder.class]
SLF4J: Found binding in [jar:file:/users/Xinying/.m2/repository/org/slf4j/slf4j-simple/1.7.25/slf4j-simple-1.7.25.jar!/org/slf4j/impl/StaticLoggerBinder.class]
SLF4J: See http://www.slf4j.org/codes.html#multiple_bindings for an explanation.
SLF4J: Actual binding is of type [ch.qos.logback.classic.util.ContextSelectorStaticBinder]
Maximum execution time specified as: 660 secs
2026-05-01 03:45:14:527 0 sec: 0 operations; est completion in 0 second 
Starting compaction watcher
DBWrapper: report latency for each error is false and specific error codes to track for latency are: []
2806573:COMPACT_START sstable=0 input_files: "datalog/13" input_files: "datalog/14" compactIntoNextLevel: true destinationLevel: 1
2026-05-01 03:45:14:603 - Compaction started: 
139971616818752:Compacting datalog/13 datalog/14 into:sstable1/0d3d04c1-f051-4919-b261-8a3d6361a700202604302145141777607114786665382.sst
2026-05-01 03:45:14:807 - Compaction completed: 
2806573:COMPACT_START sstable=0 input_files: "datalog/27" input_files: "datalog/28" compactIntoNextLevel: true destinationLevel: 1
2026-05-01 03:45:14:918 - Compaction started: 
139971616818752:Compacting datalog/27 datalog/28 into:sstable1/0d3d04c1-f051-4919-b261-8a3d6361a700202604302145141777607114964654611.sst
2026-05-01 03:45:14:987 - Compaction completed: 
2806573:COMPACT_START sstable=0 input_files: "datalog/37" input_files: "datalog/38" compactIntoNextLevel: true destinationLevel: 1
2026-05-01 03:45:15:024 - Compaction started: 
139971616818752:Compacting datalog/37 datalog/38 into:sstable1/0d3d04c1-f051-4919-b261-8a3d6361a700202604302145141777607115033520382.sst
2026-05-01 03:45:15:062 - Compaction completed: 
2806573:COMPACT_START sstable=0 input_files: "datalog/43" input_files: "datalog/44" compactIntoNextLevel: true destinationLevel: 1
2026-05-01 03:45:15:127 - Compaction started: 
139971616818752:Compacting datalog/43 datalog/44 into:sstable1/0d3d04c1-f051-4919-b261-8a3d6361a700202604302145141777607115282567071.sst
2026-05-01 03:45:15:303 - Compaction completed: 
2806573:COMPACT_START sstable=0 input_files: "datalog/61" input_files: "datalog/62" compactIntoNextLevel: true destinationLevel: 1
2026-05-01 03:45:15:332 - Compaction started: 
139971616818752:Compacting datalog/61 datalog/62 into:sstable1/0d3d04c1-f051-4919-b261-8a3d6361a700202604302145141777607115582625031.sst
2026-05-01 03:45:15:619 - Compaction completed: 
2806573:COMPACT_START sstable=0 input_files: "datalog/85" input_files: "datalog/86" compactIntoNextLevel: true destinationLevel: 1
2026-05-01 03:45:15:648 - Compaction started: 
139971616818752:Compacting datalog/85 datalog/86 into:sstable1/0d3d04c1-f051-4919-b261-8a3d6361a700202604302145141777607115650782503.sst
2026-05-01 03:45:15:670 - Compaction completed: 
2806573:COMPACT_START sstable=0 input_files: "datalog/101" input_files: "datalog/102" compactIntoNextLevel: true destinationLevel: 1
2026-05-01 03:45:15:752 - Compaction started: 
139971616818752:Compacting datalog/101 datalog/102 into:sstable1/0d3d04c1-f051-4919-b261-8a3d6361a700202604302145141777607115755889029.sst
2026-05-01 03:45:15:779 - Compaction completed: 
2806573:COMPACT_START sstable=0 input_files: "datalog/115" input_files: "datalog/116" compactIntoNextLevel: true destinationLevel: 1
2026-05-01 03:45:15:857 - Compaction started: 
139971616818752:Compacting datalog/115 datalog/116 into:sstable1/0d3d04c1-f051-4919-b261-8a3d6361a700202604302145141777607115860429264.sst
2026-05-01 03:45:15:881 - Compaction completed: 
2806573:COMPACT_START sstable=0 input_files: "datalog/129" input_files: "datalog/130" compactIntoNextLevel: true destinationLevel: 1
2026-05-01 03:45:15:959 - Compaction started: 
139971616818752:Compacting datalog/129 datalog/130 into:sstable1/0d3d04c1-f051-4919-b261-8a3d6361a700202604302145141777607115962284122.sst
2026-05-01 03:45:16:050 - Compaction completed: 
2806573:COMPACT_START sstable=0 input_files: "datalog/145" input_files: "datalog/146" compactIntoNextLevel: true destinationLevel: 1
2026-05-01 03:45:16:060 - Compaction started: 
139971616818752:Compacting datalog/145 datalog/146 into:sstable1/0d3d04c1-f051-4919-b261-8a3d6361a700202604302145141777607116063559714.sst
2026-05-01 03:45:16:082 - Compaction completed: 
2806573:COMPACT_START sstable=0 input_files: "datalog/161" input_files: "datalog/162" compactIntoNextLevel: true destinationLevel: 1
2026-05-01 03:45:16:163 - Compaction started: 
139971616818752:Compacting datalog/161 datalog/162 into:sstable1/0d3d04c1-f051-4919-b261-8a3d6361a700202604302145141777607116165617884.sst
2026-05-01 03:45:16:184 - Compaction completed: 
2806573:COMPACT_START sstable=0 input_files: "datalog/177" input_files: "datalog/178" compactIntoNextLevel: true destinationLevel: 1
2026-05-01 03:45:16:265 - Compaction started: 
139971616818752:Compacting datalog/177 datalog/178 into:sstable1/0d3d04c1-f051-4919-b261-8a3d6361a700202604302145141777607116268684134.sst
2026-05-01 03:45:16:289 - Compaction completed: 
2806573:COMPACT_START sstable=0 input_files: "datalog/193" input_files: "datalog/194" compactIntoNextLevel: true destinationLevel: 1
2026-05-01 03:45:16:367 - Compaction started: 
139971616818752:Compacting datalog/193 datalog/194 into:sstable1/0d3d04c1-f051-4919-b261-8a3d6361a700202604302145141777607116370624093.sst
2026-05-01 03:45:16:392 - Compaction completed: 
2806573:COMPACT_START sstable=0 input_files: "datalog/209" input_files: "datalog/210" compactIntoNextLevel: true destinationLevel: 1
2026-05-01 03:45:16:469 - Compaction started: 
139971616818752:Compacting datalog/209 datalog/210 into:sstable1/0d3d04c1-f051-4919-b261-8a3d6361a700202604302145141777607116472634252.sst
2026-05-01 03:45:16:509 - Compaction completed: 
2806573:COMPACT_START sstable=0 input_files: "datalog/225" input_files: "datalog/226" compactIntoNextLevel: true destinationLevel: 1
2026-05-01 03:45:16:573 - Compaction started: 
139971616818752:Compacting datalog/225 datalog/226 into:sstable1/0d3d04c1-f051-4919-b261-8a3d6361a700202604302145141777607116576356603.sst
2026-05-01 03:45:16:597 - Compaction completed: 
2806573:COMPACT_START sstable=0 input_files: "datalog/237" input_files: "datalog/238" compactIntoNextLevel: true destinationLevel: 1
2026-05-01 03:45:16:676 - Compaction started: 
139971616818752:Compacting datalog/237 datalog/238 into:sstable1/0d3d04c1-f051-4919-b261-8a3d6361a700202604302145141777607116679834925.sst
2026-05-01 03:45:16:698 - Compaction completed: 
2806573:COMPACT_START sstable=0 input_files: "datalog/251" input_files: "datalog/252" compactIntoNextLevel: true destinationLevel: 1
2026-05-01 03:45:16:779 - Compaction started: 
139971616818752:Compacting datalog/251 datalog/252 into:sstable1/0d3d04c1-f051-4919-b261-8a3d6361a700202604302145141777607116782085286.sst
2026-05-01 03:45:16:799 - Compaction completed: 
2806573:COMPACT_START sstable=0 input_files: "datalog/267" input_files: "datalog/268" compactIntoNextLevel: true destinationLevel: 1
2026-05-01 03:45:16:883 - Compaction started: 
139971616818752:Compacting datalog/267 datalog/268 into:sstable1/0d3d04c1-f051-4919-b261-8a3d6361a700202604302145141777607116886445903.sst
2026-05-01 03:45:16:905 - Compaction completed: 
2806573:COMPACT_START sstable=0 input_files: "datalog/281" input_files: "datalog/282" compactIntoNextLevel: true destinationLevel: 1
2026-05-01 03:45:16:988 - Compaction started: 
139971616818752:Compacting datalog/281 datalog/282 into:sstable1/0d3d04c1-f051-4919-b261-8a3d6361a700202604302145141777607116990598550.sst
2026-05-01 03:45:17:008 - Compaction completed: 
2806573:COMPACT_START sstable=0 input_files: "datalog/297" input_files: "datalog/298" compactIntoNextLevel: true destinationLevel: 1
2026-05-01 03:45:17:092 - Compaction started: 
139971616818752:Compacting datalog/297 datalog/298 into:sstable1/0d3d04c1-f051-4919-b261-8a3d6361a700202604302145141777607117095239312.sst
2026-05-01 03:45:17:112 - Compaction completed: 
2806573:COMPACT_START sstable=0 input_files: "datalog/313" input_files: "datalog/314" compactIntoNextLevel: true destinationLevel: 1
2026-05-01 03:45:17:197 - Compaction started: 
139971616818752:Compacting datalog/313 datalog/314 into:sstable1/0d3d04c1-f051-4919-b261-8a3d6361a700202604302145141777607117200032060.sst
2026-05-01 03:45:17:218 - Compaction completed: 
2806573:COMPACT_START sstable=0 input_files: "datalog/329" input_files: "datalog/330" compactIntoNextLevel: true destinationLevel: 1
2026-05-01 03:45:17:300 - Compaction started: 
139971616818752:Compacting datalog/329 datalog/330 into:sstable1/0d3d04c1-f051-4919-b261-8a3d6361a700202604302145141777607117303478202.sst
2026-05-01 03:45:17:321 - Compaction completed: 
2806573:COMPACT_START sstable=0 input_files: "datalog/345" input_files: "datalog/346" compactIntoNextLevel: true destinationLevel: 1
2026-05-01 03:45:17:430 - Compaction started: 
139971616818752:Compacting datalog/345 datalog/346 into:sstable1/0d3d04c1-f051-4919-b261-8a3d6361a700202604302145141777607117433278171.sst
2026-05-01 03:45:17:455 - Compaction completed: 
2806573:COMPACT_START sstable=0 input_files: "datalog/361" input_files: "datalog/362" compactIntoNextLevel: true destinationLevel: 1
2026-05-01 03:45:17:533 - Compaction started: 
139971616818752:Compacting datalog/361 datalog/362 into:sstable1/0d3d04c1-f051-4919-b261-8a3d6361a700202604302145141777607117536342317.sst
2026-05-01 03:45:17:557 - Compaction completed: 
2806573:COMPACT_START sstable=0 input_files: "datalog/377" input_files: "datalog/378" compactIntoNextLevel: true destinationLevel: 1
2026-05-01 03:45:17:636 - Compaction started: 
139971616818752:Compacting datalog/377 datalog/378 into:sstable1/0d3d04c1-f051-4919-b261-8a3d6361a700202604302145141777607117638635868.sst
2026-05-01 03:45:17:654 - Compaction completed: 
2806573:COMPACT_START sstable=0 input_files: "datalog/393" input_files: "datalog/394" compactIntoNextLevel: true destinationLevel: 1
2026-05-01 03:45:17:739 - Compaction started: 
139971616818752:Compacting datalog/393 datalog/394 into:sstable1/0d3d04c1-f051-4919-b261-8a3d6361a700202604302145141777607117741544262.sst
2026-05-01 03:45:17:757 - Compaction completed: 
2806573:COMPACT_START sstable=0 input_files: "datalog/409" input_files: "datalog/410" compactIntoNextLevel: true destinationLevel: 1
2026-05-01 03:45:17:842 - Compaction started: 
139971616818752:Compacting datalog/409 datalog/410 into:sstable1/0d3d04c1-f051-4919-b261-8a3d6361a700202604302145141777607117844931214.sst
2026-05-01 03:45:17:862 - Compaction completed: 
2806573:COMPACT_START sstable=0 input_files: "datalog/425" input_files: "datalog/426" compactIntoNextLevel: true destinationLevel: 1
2026-05-01 03:45:17:945 - Compaction started: 
139971616818752:Compacting datalog/425 datalog/426 into:sstable1/0d3d04c1-f051-4919-b261-8a3d6361a700202604302145141777607117947643941.sst
2026-05-01 03:45:17:963 - Compaction completed: 
2806573:COMPACT_START sstable=0 input_files: "datalog/441" input_files: "datalog/442" compactIntoNextLevel: true destinationLevel: 1
2026-05-01 03:45:18:047 - Compaction started: 
139971616818752:Compacting datalog/441 datalog/442 into:sstable1/0d3d04c1-f051-4919-b261-8a3d6361a700202604302145141777607118050011040.sst
2026-05-01 03:45:18:066 - Compaction completed: 
2806573:COMPACT_START sstable=0 input_files: "datalog/457" input_files: "datalog/458" compactIntoNextLevel: true destinationLevel: 1
2026-05-01 03:45:18:150 - Compaction started: 
139971616818752:Compacting datalog/457 datalog/458 into:sstable1/0d3d04c1-f051-4919-b261-8a3d6361a700202604302145141777607118152976681.sst
2026-05-01 03:45:18:168 - Compaction completed: 
2806573:COMPACT_START sstable=0 input_files: "datalog/473" input_files: "datalog/474" compactIntoNextLevel: true destinationLevel: 1
2026-05-01 03:45:18:253 - Compaction started: 
139971616818752:Compacting datalog/473 datalog/474 into:sstable1/0d3d04c1-f051-4919-b261-8a3d6361a700202604302145141777607118256320622.sst
2026-05-01 03:45:18:272 - Compaction completed: 
2806573:COMPACT_START sstable=0 input_files: "datalog/489" input_files: "datalog/490" compactIntoNextLevel: true destinationLevel: 1
2026-05-01 03:45:18:355 - Compaction started: 
139971616818752:Compacting datalog/489 datalog/490 into:sstable1/0d3d04c1-f051-4919-b261-8a3d6361a700202604302145141777607118358477106.sst
2026-05-01 03:45:18:373 - Compaction completed: 
2806573:COMPACT_START sstable=0 input_files: "datalog/505" input_files: "datalog/506" compactIntoNextLevel: true destinationLevel: 1
2026-05-01 03:45:18:458 - Compaction started: 
139971616818752:Compacting datalog/505 datalog/506 into:sstable1/0d3d04c1-f051-4919-b261-8a3d6361a700202604302145141777607118461399767.sst
2026-05-01 03:45:18:481 - Compaction completed: 
2806573:COMPACT_START sstable=0 input_files: "datalog/521" input_files: "datalog/522" compactIntoNextLevel: true destinationLevel: 1
2026-05-01 03:45:18:560 - Compaction started: 
139971616818752:Compacting datalog/521 datalog/522 into:sstable1/0d3d04c1-f051-4919-b261-8a3d6361a700202604302145141777607118562511121.sst
2026-05-01 03:45:18:578 - Compaction completed: 
2806573:COMPACT_START sstable=0 input_files: "datalog/537" input_files: "datalog/538" compactIntoNextLevel: true destinationLevel: 1
2026-05-01 03:45:18:662 - Compaction started: 
139971616818752:Compacting datalog/537 datalog/538 into:sstable1/0d3d04c1-f051-4919-b261-8a3d6361a700202604302145141777607118664718160.sst
2026-05-01 03:45:18:680 - Compaction completed: 
2806573:COMPACT_START sstable=0 input_files: "datalog/553" input_files: "datalog/554" compactIntoNextLevel: true destinationLevel: 1
2026-05-01 03:45:18:763 - Compaction started: 
139971616818752:Compacting datalog/553 datalog/554 into:sstable1/0d3d04c1-f051-4919-b261-8a3d6361a700202604302145141777607118766308092.sst
2026-05-01 03:45:18:781 - Compaction completed: 
2806573:COMPACT_START sstable=0 input_files: "datalog/569" input_files: "datalog/570" compactIntoNextLevel: true destinationLevel: 1
2026-05-01 03:45:18:865 - Compaction started: 
139971616818752:Compacting datalog/569 datalog/570 into:sstable1/0d3d04c1-f051-4919-b261-8a3d6361a700202604302145141777607118868248551.sst
2026-05-01 03:45:18:883 - Compaction completed: 
2806573:COMPACT_START sstable=0 input_files: "datalog/585" input_files: "datalog/586" compactIntoNextLevel: true destinationLevel: 1
2026-05-01 03:45:18:967 - Compaction started: 
139971616818752:Compacting datalog/585 datalog/586 into:sstable1/0d3d04c1-f051-4919-b261-8a3d6361a700202604302145141777607118970103540.sst
2026-05-01 03:45:18:985 - Compaction completed: 
2806573:COMPACT_START sstable=0 input_files: "datalog/601" input_files: "datalog/602" compactIntoNextLevel: true destinationLevel: 1
2026-05-01 03:45:19:069 - Compaction started: 
139971616818752:Compacting datalog/601 datalog/602 into:sstable1/0d3d04c1-f051-4919-b261-8a3d6361a700202604302145141777607119073026561.sst
2026-05-01 03:45:19:091 - Compaction completed: 
2806573:COMPACT_START sstable=0 input_files: "datalog/617" input_files: "datalog/618" compactIntoNextLevel: true destinationLevel: 1
2026-05-01 03:45:19:171 - Compaction started: 
139971616818752:Compacting datalog/617 datalog/618 into:sstable1/0d3d04c1-f051-4919-b261-8a3d6361a700202604302145141777607119173817866.sst
2026-05-01 03:45:19:187 - Compaction completed: 
2806573:COMPACT_START sstable=0 input_files: "datalog/633" input_files: "datalog/634" compactIntoNextLevel: true destinationLevel: 1
2026-05-01 03:45:19:273 - Compaction started: 
139971616818752:Compacting datalog/633 datalog/634 into:sstable1/0d3d04c1-f051-4919-b261-8a3d6361a700202604302145141777607119276686355.sst
2026-05-01 03:45:19:291 - Compaction completed: 
2806573:COMPACT_START sstable=0 input_files: "datalog/649" input_files: "datalog/650" compactIntoNextLevel: true destinationLevel: 1
2026-05-01 03:45:19:375 - Compaction started: 
139971616818752:Compacting datalog/649 datalog/650 into:sstable1/0d3d04c1-f051-4919-b261-8a3d6361a700202604302145141777607119378380873.sst
2026-05-01 03:45:19:396 - Compaction completed: 
2806573:COMPACT_START sstable=0 input_files: "datalog/665" input_files: "datalog/666" compactIntoNextLevel: true destinationLevel: 1
2026-05-01 03:45:19:477 - Compaction started: 
139971616818752:Compacting datalog/665 datalog/666 into:sstable1/0d3d04c1-f051-4919-b261-8a3d6361a700202604302145141777607119480319238.sst
2026-05-01 03:45:19:498 - Compaction completed: 
2806573:COMPACT_START sstable=0 input_files: "datalog/681" input_files: "datalog/682" compactIntoNextLevel: true destinationLevel: 1
2026-05-01 03:45:19:579 - Compaction started: 
139971616818752:Compacting datalog/681 datalog/682 into:sstable1/0d3d04c1-f051-4919-b261-8a3d6361a700202604302145141777607119582498505.sst
2026-05-01 03:45:19:601 - Compaction completed: 
2806573:COMPACT_START sstable=0 input_files: "datalog/697" input_files: "datalog/698" compactIntoNextLevel: true destinationLevel: 1
2026-05-01 03:45:19:681 - Compaction started: 
139971616818752:Compacting datalog/697 datalog/698 into:sstable1/0d3d04c1-f051-4919-b261-8a3d6361a700202604302145141777607119684302488.sst
2026-05-01 03:45:19:702 - Compaction completed: 
2806573:COMPACT_START sstable=0 input_files: "datalog/713" input_files: "datalog/714" compactIntoNextLevel: true destinationLevel: 1
2026-05-01 03:45:19:783 - Compaction started: 
139971616818752:Compacting datalog/713 datalog/714 into:sstable1/0d3d04c1-f051-4919-b261-8a3d6361a700202604302145141777607119786411423.sst
2026-05-01 03:45:19:805 - Compaction completed: 
2806573:COMPACT_START sstable=0 input_files: "datalog/731" input_files: "datalog/732" compactIntoNextLevel: true destinationLevel: 1
2026-05-01 03:45:19:886 - Compaction started: 
139971616818752:Compacting datalog/731 datalog/732 into:sstable1/0d3d04c1-f051-4919-b261-8a3d6361a700202604302145141777607119888483819.sst
2026-05-01 03:45:19:905 - Compaction completed: 
2806573:COMPACT_START sstable=0 input_files: "datalog/747" input_files: "datalog/748" compactIntoNextLevel: true destinationLevel: 1
2026-05-01 03:45:19:988 - Compaction started: 
139971616818752:Compacting datalog/747 datalog/748 into:sstable1/0d3d04c1-f051-4919-b261-8a3d6361a700202604302145141777607119990792579.sst
2026-05-01 03:45:20:008 - Compaction completed: 
2806573:COMPACT_START sstable=0 input_files: "datalog/763" input_files: "datalog/764" compactIntoNextLevel: true destinationLevel: 1
2026-05-01 03:45:20:090 - Compaction started: 
139971616818752:Compacting datalog/763 datalog/764 into:sstable1/0d3d04c1-f051-4919-b261-8a3d6361a700202604302145141777607120092895653.sst
2026-05-01 03:45:20:110 - Compaction completed: 
2806573:COMPACT_START sstable=0 input_files: "datalog/779" input_files: "datalog/780" compactIntoNextLevel: true destinationLevel: 1
2026-05-01 03:45:20:192 - Compaction started: 
139971616818752:Compacting datalog/779 datalog/780 into:sstable1/0d3d04c1-f051-4919-b261-8a3d6361a700202604302145141777607120194863153.sst
2026-05-01 03:45:20:212 - Compaction completed: 
2806573:COMPACT_START sstable=0 input_files: "datalog/795" input_files: "datalog/796" compactIntoNextLevel: true destinationLevel: 1
2026-05-01 03:45:20:294 - Compaction started: 
139971616818752:Compacting datalog/795 datalog/796 into:sstable1/0d3d04c1-f051-4919-b261-8a3d6361a700202604302145141777607120298039338.sst
2026-05-01 03:45:20:318 - Compaction completed: 
2806573:COMPACT_START sstable=0 input_files: "datalog/811" input_files: "datalog/812" compactIntoNextLevel: true destinationLevel: 1
2026-05-01 03:45:20:398 - Compaction started: 
139971616818752:Compacting datalog/811 datalog/812 into:sstable1/0d3d04c1-f051-4919-b261-8a3d6361a700202604302145141777607120400385468.sst
2026-05-01 03:45:20:415 - Compaction completed: 
2806573:COMPACT_START sstable=0 input_files: "datalog/827" input_files: "datalog/828" compactIntoNextLevel: true destinationLevel: 1
2026-05-01 03:45:20:502 - Compaction started: 
139971616818752:Compacting datalog/827 datalog/828 into:sstable1/0d3d04c1-f051-4919-b261-8a3d6361a700202604302145141777607120505546216.sst
2026-05-01 03:45:20:524 - Compaction completed: 
2806573:COMPACT_START sstable=0 input_files: "datalog/843" input_files: "datalog/844" compactIntoNextLevel: true destinationLevel: 1
2026-05-01 03:45:20:606 - Compaction started: 
139971616818752:Compacting datalog/843 datalog/844 into:sstable1/0d3d04c1-f051-4919-b261-8a3d6361a700202604302145141777607120609405402.sst
2026-05-01 03:45:20:628 - Compaction completed: 
2806573:COMPACT_START sstable=0 input_files: "datalog/859" input_files: "datalog/860" compactIntoNextLevel: true destinationLevel: 1
2026-05-01 03:45:20:709 - Compaction started: 
139971616818752:Compacting datalog/859 datalog/860 into:sstable1/0d3d04c1-f051-4919-b261-8a3d6361a700202604302145141777607120712147034.sst
2026-05-01 03:45:20:731 - Compaction completed: 
2806573:COMPACT_START sstable=1 input_files: "sstable1/ac3f7ac6-0530-48c3-8ffc-c6ff5dd08db5202604302145141777607114832997741.sst" input_files: "sstable1/67a19893-2dac-49d5-95be-955e69d89ee3202604302145141777607114757698236.sst" compactIntoNextLevel: true destinationLevel: 2
2026-05-01 03:45:20:813 - Compaction started: 
139971616818752:Compacting sstable1/ac3f7ac6-0530-48c3-8ffc-c6ff5dd08db5202604302145141777607114832997741.sst sstable1/67a19893-2dac-49d5-95be-955e69d89ee3202604302145141777607114757698236.sst into:sstable2/0d3d04c1-f051-4919-b261-8a3d6361a700202604302145141777607120846296398.sst
2026-05-01 03:45:20:899 - Compaction completed: 
2806573:COMPACT_START sstable=1 input_files: "sstable1/dc45d5fe-50fa-4ddc-b030-1d4717728931202604302145141777607115354297763.sst" input_files: "sstable1/0d3d04c1-f051-4919-b261-8a3d6361a700202604302145141777607115282567071.sst" compactIntoNextLevel: true destinationLevel: 2
2026-05-01 03:45:20:915 - Compaction started: 
139971616818752:Compacting sstable1/dc45d5fe-50fa-4ddc-b030-1d4717728931202604302145141777607115354297763.sst sstable1/0d3d04c1-f051-4919-b261-8a3d6361a700202604302145141777607115282567071.sst into:sstable2/0d3d04c1-f051-4919-b261-8a3d6361a700202604302145141777607120944221017.sst
2026-05-01 03:45:20:985 - Compaction completed: 
2806573:COMPACT_START sstable=1 input_files: "sstable1/7b2a448f-5fb1-4973-b84b-f90e9ebb21ab202604302145141777607115521525363.sst" input_files: "sstable1/67a19893-2dac-49d5-95be-955e69d89ee3202604302145141777607115522355760.sst" compactIntoNextLevel: true destinationLevel: 2
2026-05-01 03:45:21:018 - Compaction started: 
139971616818752:Compacting sstable1/7b2a448f-5fb1-4973-b84b-f90e9ebb21ab202604302145141777607115521525363.sst sstable1/67a19893-2dac-49d5-95be-955e69d89ee3202604302145141777607115522355760.sst into:sstable2/0d3d04c1-f051-4919-b261-8a3d6361a700202604302145141777607121042634522.sst
2026-05-01 03:45:21:083 - Compaction completed: 
2806573:COMPACT_START sstable=1 input_files: "sstable1/ac3f7ac6-0530-48c3-8ffc-c6ff5dd08db5202604302145141777607115770223298.sst" input_files: "sstable1/aa500e99-7d6f-4570-a031-e76b7d47375a202604302145141777607115781410705.sst" compactIntoNextLevel: true destinationLevel: 2
2026-05-01 03:45:21:120 - Compaction started: 
139971616818752:Compacting sstable1/ac3f7ac6-0530-48c3-8ffc-c6ff5dd08db5202604302145141777607115770223298.sst sstable1/aa500e99-7d6f-4570-a031-e76b7d47375a202604302145141777607115781410705.sst into:sstable2/0d3d04c1-f051-4919-b261-8a3d6361a700202604302145141777607121144128895.sst
2026-05-01 03:45:21:183 - Compaction completed: 
2806573:COMPACT_START sstable=1 input_files: "sstable1/ac3f7ac6-0530-48c3-8ffc-c6ff5dd08db5202604302145141777607115986000843.sst" input_files: "sstable1/b10c8a2c-35ed-48ea-800f-997944cbaceb202604302145141777607116002968710.sst" compactIntoNextLevel: true destinationLevel: 2
2026-05-01 03:45:21:223 - Compaction started: 
139971616818752:Compacting sstable1/ac3f7ac6-0530-48c3-8ffc-c6ff5dd08db5202604302145141777607115986000843.sst sstable1/b10c8a2c-35ed-48ea-800f-997944cbaceb202604302145141777607116002968710.sst into:sstable2/0d3d04c1-f051-4919-b261-8a3d6361a700202604302145141777607121257937999.sst
2026-05-01 03:45:21:300 - Compaction completed: 
2806573:COMPACT_START sstable=1 input_files: "sstable1/aa500e99-7d6f-4570-a031-e76b7d47375a202604302145141777607116237657206.sst" input_files: "sstable1/b10c8a2c-35ed-48ea-800f-997944cbaceb202604302145141777607116206357686.sst" compactIntoNextLevel: true destinationLevel: 2
2026-05-01 03:45:21:326 - Compaction started: 
139971616818752:Compacting sstable1/aa500e99-7d6f-4570-a031-e76b7d47375a202604302145141777607116237657206.sst sstable1/b10c8a2c-35ed-48ea-800f-997944cbaceb202604302145141777607116206357686.sst into:sstable2/0d3d04c1-f051-4919-b261-8a3d6361a700202604302145141777607121349298168.sst
2026-05-01 03:45:21:387 - Compaction completed: 
2806573:COMPACT_START sstable=1 input_files: "sstable1/aa500e99-7d6f-4570-a031-e76b7d47375a202604302145141777607116404134508.sst" input_files: "sstable1/b10c8a2c-35ed-48ea-800f-997944cbaceb202604302145141777607116419584709.sst" compactIntoNextLevel: true destinationLevel: 2
2026-05-01 03:45:21:429 - Compaction started: 
139971616818752:Compacting sstable1/aa500e99-7d6f-4570-a031-e76b7d47375a202604302145141777607116404134508.sst sstable1/b10c8a2c-35ed-48ea-800f-997944cbaceb202604302145141777607116419584709.sst into:sstable2/0d3d04c1-f051-4919-b261-8a3d6361a700202604302145141777607121452324093.sst
2026-05-01 03:45:21:490 - Compaction completed: 
2806573:COMPACT_START sstable=1 input_files: "sstable1/67a19893-2dac-49d5-95be-955e69d89ee3202604302145141777607116657707294.sst" input_files: "sstable1/7b2a448f-5fb1-4973-b84b-f90e9ebb21ab202604302145141777607116667089526.sst" compactIntoNextLevel: true destinationLevel: 2
2026-05-01 03:45:21:531 - Compaction started: 
139971616818752:Compacting sstable1/67a19893-2dac-49d5-95be-955e69d89ee3202604302145141777607116657707294.sst sstable1/7b2a448f-5fb1-4973-b84b-f90e9ebb21ab202604302145141777607116667089526.sst into:sstable2/0d3d04c1-f051-4919-b261-8a3d6361a700202604302145141777607121554090786.sst
2026-05-01 03:45:21:592 - Compaction completed: 
2806573:COMPACT_START sstable=1 input_files: "sstable1/dc45d5fe-50fa-4ddc-b030-1d4717728931202604302145141777607116884312132.sst" input_files: "sstable1/0d3d04c1-f051-4919-b261-8a3d6361a700202604302145141777607116886445903.sst" compactIntoNextLevel: true destinationLevel: 2
2026-05-01 03:45:21:633 - Compaction started: 
139971616818752:Compacting sstable1/dc45d5fe-50fa-4ddc-b030-1d4717728931202604302145141777607116884312132.sst sstable1/0d3d04c1-f051-4919-b261-8a3d6361a700202604302145141777607116886445903.sst into:sstable2/0d3d04c1-f051-4919-b261-8a3d6361a700202604302145141777607121656140319.sst
2026-05-01 03:45:21:693 - Compaction completed: 
2806573:COMPACT_START sstable=1 input_files: "sstable1/aa500e99-7d6f-4570-a031-e76b7d47375a202604302145141777607117086191196.sst" input_files: "sstable1/dc45d5fe-50fa-4ddc-b030-1d4717728931202604302145141777607117092906178.sst" compactIntoNextLevel: true destinationLevel: 2
2026-05-01 03:45:21:735 - Compaction started: 
139971616818752:Compacting sstable1/aa500e99-7d6f-4570-a031-e76b7d47375a202604302145141777607117086191196.sst sstable1/dc45d5fe-50fa-4ddc-b030-1d4717728931202604302145141777607117092906178.sst into:sstable2/0d3d04c1-f051-4919-b261-8a3d6361a700202604302145141777607121758206594.sst
2026-05-01 03:45:21:795 - Compaction completed: 
2806573:COMPACT_START sstable=1 input_files: "sstable1/0d3d04c1-f051-4919-b261-8a3d6361a700202604302145141777607117303478202.sst" input_files: "sstable1/7b4af759-aafb-43bf-9daf-da1a64ebd4b1202604302145141777607117332707019.sst" compactIntoNextLevel: true destinationLevel: 2
2026-05-01 03:45:21:838 - Compaction started: 
139971616818752:Compacting sstable1/0d3d04c1-f051-4919-b261-8a3d6361a700202604302145141777607117303478202.sst sstable1/7b4af759-aafb-43bf-9daf-da1a64ebd4b1202604302145141777607117332707019.sst into:sstable2/0d3d04c1-f051-4919-b261-8a3d6361a700202604302145141777607121858521786.sst
2026-05-01 03:45:21:892 - Compaction completed: 
2806573:COMPACT_START sstable=1 input_files: "sstable1/dc45d5fe-50fa-4ddc-b030-1d4717728931202604302145141777607117506587193.sst" input_files: "sstable1/67a19893-2dac-49d5-95be-955e69d89ee3202604302145141777607117523959237.sst" compactIntoNextLevel: true destinationLevel: 2
2026-05-01 03:45:21:940 - Compaction started: 
139971616818752:Compacting sstable1/dc45d5fe-50fa-4ddc-b030-1d4717728931202604302145141777607117506587193.sst sstable1/67a19893-2dac-49d5-95be-955e69d89ee3202604302145141777607117523959237.sst into:sstable2/0d3d04c1-f051-4919-b261-8a3d6361a700202604302145141777607121961917093.sst
2026-05-01 03:45:21:996 - Compaction completed: 
2806573:COMPACT_START sstable=1 input_files: "sstable1/dc45d5fe-50fa-4ddc-b030-1d4717728931202604302145141777607117712986313.sst" input_files: "sstable1/67a19893-2dac-49d5-95be-955e69d89ee3202604302145141777607117729779542.sst" compactIntoNextLevel: true destinationLevel: 2
2026-05-01 03:45:22:043 - Compaction started: 
139971616818752:Compacting sstable1/dc45d5fe-50fa-4ddc-b030-1d4717728931202604302145141777607117712986313.sst sstable1/67a19893-2dac-49d5-95be-955e69d89ee3202604302145141777607117729779542.sst into:sstable2/0d3d04c1-f051-4919-b261-8a3d6361a700202604302145141777607122063909739.sst
2026-05-01 03:45:22:096 - Compaction completed: 
2806573:COMPACT_START sstable=1 input_files: "sstable1/dc45d5fe-50fa-4ddc-b030-1d4717728931202604302145141777607117918190573.sst" input_files: "sstable1/67a19893-2dac-49d5-95be-955e69d89ee3202604302145141777607117935198334.sst" compactIntoNextLevel: true destinationLevel: 2
2026-05-01 03:45:22:145 - Compaction started: 
139971616818752:Compacting sstable1/dc45d5fe-50fa-4ddc-b030-1d4717728931202604302145141777607117918190573.sst sstable1/67a19893-2dac-49d5-95be-955e69d89ee3202604302145141777607117935198334.sst into:sstable2/0d3d04c1-f051-4919-b261-8a3d6361a700202604302145141777607122165431594.sst
2026-05-01 03:45:22:197 - Compaction completed: 
2806573:COMPACT_START sstable=1 input_files: "sstable1/dc45d5fe-50fa-4ddc-b030-1d4717728931202604302145141777607118124445362.sst" input_files: "sstable1/67a19893-2dac-49d5-95be-955e69d89ee3202604302145141777607118142047809.sst" compactIntoNextLevel: true destinationLevel: 2
2026-05-01 03:45:22:246 - Compaction started: 
139971616818752:Compacting sstable1/dc45d5fe-50fa-4ddc-b030-1d4717728931202604302145141777607118124445362.sst sstable1/67a19893-2dac-49d5-95be-955e69d89ee3202604302145141777607118142047809.sst into:sstable2/0d3d04c1-f051-4919-b261-8a3d6361a700202604302145141777607122265575554.sst
2026-05-01 03:45:22:297 - Compaction completed: 
2806573:COMPACT_START sstable=1 input_files: "sstable1/dc45d5fe-50fa-4ddc-b030-1d4717728931202604302145141777607118329471978.sst" input_files: "sstable1/67a19893-2dac-49d5-95be-955e69d89ee3202604302145141777607118346572904.sst" compactIntoNextLevel: true destinationLevel: 2
2026-05-01 03:45:22:347 - Compaction started: 
139971616818752:Compacting sstable1/dc45d5fe-50fa-4ddc-b030-1d4717728931202604302145141777607118329471978.sst sstable1/67a19893-2dac-49d5-95be-955e69d89ee3202604302145141777607118346572904.sst into:sstable2/0d3d04c1-f051-4919-b261-8a3d6361a700202604302145141777607122366868499.sst
2026-05-01 03:45:22:405 - Compaction completed: 
2806573:COMPACT_START sstable=1 input_files: "sstable1/dc45d5fe-50fa-4ddc-b030-1d4717728931202604302145141777607118532875612.sst" input_files: "sstable1/67a19893-2dac-49d5-95be-955e69d89ee3202604302145141777607118549999591.sst" compactIntoNextLevel: true destinationLevel: 2
2026-05-01 03:45:22:450 - Compaction started: 
139971616818752:Compacting sstable1/dc45d5fe-50fa-4ddc-b030-1d4717728931202604302145141777607118532875612.sst sstable1/67a19893-2dac-49d5-95be-955e69d89ee3202604302145141777607118549999591.sst into:sstable2/0d3d04c1-f051-4919-b261-8a3d6361a700202604302145141777607122469674952.sst
2026-05-01 03:45:22:499 - Compaction completed: 
2806573:COMPACT_START sstable=1 input_files: "sstable1/dc45d5fe-50fa-4ddc-b030-1d4717728931202604302145141777607118736599265.sst" input_files: "sstable1/67a19893-2dac-49d5-95be-955e69d89ee3202604302145141777607118754045569.sst" compactIntoNextLevel: true destinationLevel: 2
2026-05-01 03:45:22:554 - Compaction started: 
139971616818752:Compacting sstable1/dc45d5fe-50fa-4ddc-b030-1d4717728931202604302145141777607118736599265.sst sstable1/67a19893-2dac-49d5-95be-955e69d89ee3202604302145141777607118754045569.sst into:sstable2/0d3d04c1-f051-4919-b261-8a3d6361a700202604302145141777607122574688723.sst
2026-05-01 03:45:22:608 - Compaction completed: 
2806573:COMPACT_START sstable=1 input_files: "sstable1/dc45d5fe-50fa-4ddc-b030-1d4717728931202604302145141777607118940392469.sst" input_files: "sstable1/67a19893-2dac-49d5-95be-955e69d89ee3202604302145141777607118957298960.sst" compactIntoNextLevel: true destinationLevel: 2
2026-05-01 03:45:22:658 - Compaction started: 
139971616818752:Compacting sstable1/dc45d5fe-50fa-4ddc-b030-1d4717728931202604302145141777607118940392469.sst sstable1/67a19893-2dac-49d5-95be-955e69d89ee3202604302145141777607118957298960.sst into:sstable2/0d3d04c1-f051-4919-b261-8a3d6361a700202604302145141777607122678632990.sst
2026-05-01 03:45:22:712 - Compaction completed: 
2806573:COMPACT_START sstable=1 input_files: "sstable1/dc45d5fe-50fa-4ddc-b030-1d4717728931202604302145141777607119144332948.sst" input_files: "sstable1/67a19893-2dac-49d5-95be-955e69d89ee3202604302145141777607119161180560.sst" compactIntoNextLevel: true destinationLevel: 2
2026-05-01 03:45:22:762 - Compaction started: 
139971616818752:Compacting sstable1/dc45d5fe-50fa-4ddc-b030-1d4717728931202604302145141777607119144332948.sst sstable1/67a19893-2dac-49d5-95be-955e69d89ee3202604302145141777607119161180560.sst into:sstable2/0d3d04c1-f051-4919-b261-8a3d6361a700202604302145141777607122781427700.sst
2026-05-01 03:45:22:813 - Compaction completed: 
2806573:COMPACT_START sstable=1 input_files: "sstable1/dc45d5fe-50fa-4ddc-b030-1d4717728931202604302145141777607119348632611.sst" input_files: "sstable1/67a19893-2dac-49d5-95be-955e69d89ee3202604302145141777607119364839702.sst" compactIntoNextLevel: true destinationLevel: 2
2026-05-01 03:45:22:867 - Compaction started: 
139971616818752:Compacting sstable1/dc45d5fe-50fa-4ddc-b030-1d4717728931202604302145141777607119348632611.sst sstable1/67a19893-2dac-49d5-95be-955e69d89ee3202604302145141777607119364839702.sst into:sstable2/0d3d04c1-f051-4919-b261-8a3d6361a700202604302145141777607122886703183.sst
2026-05-01 03:45:22:920 - Compaction completed: 
2806573:COMPACT_START sstable=1 input_files: "sstable1/0d3d04c1-f051-4919-b261-8a3d6361a700202604302145141777607119582498505.sst" input_files: "sstable1/7b4af759-aafb-43bf-9daf-da1a64ebd4b1202604302145141777607119583050530.sst" compactIntoNextLevel: true destinationLevel: 2
2026-05-01 03:45:22:969 - Compaction started: 
139971616818752:Compacting sstable1/0d3d04c1-f051-4919-b261-8a3d6361a700202604302145141777607119582498505.sst sstable1/7b4af759-aafb-43bf-9daf-da1a64ebd4b1202604302145141777607119583050530.sst into:sstable2/0d3d04c1-f051-4919-b261-8a3d6361a700202604302145141777607122988472531.sst
2026-05-01 03:45:23:021 - Compaction completed: 
2806573:COMPACT_START sstable=1 input_files: "sstable1/0d3d04c1-f051-4919-b261-8a3d6361a700202604302145141777607119786411423.sst" input_files: "sstable1/7b4af759-aafb-43bf-9daf-da1a64ebd4b1202604302145141777607119786582684.sst" compactIntoNextLevel: true destinationLevel: 2
2026-05-01 03:45:23:073 - Compaction started: 
139971616818752:Compacting sstable1/0d3d04c1-f051-4919-b261-8a3d6361a700202604302145141777607119786411423.sst sstable1/7b4af759-aafb-43bf-9daf-da1a64ebd4b1202604302145141777607119786582684.sst into:sstable2/0d3d04c1-f051-4919-b261-8a3d6361a700202604302145141777607123090913739.sst
2026-05-01 03:45:23:120 - Compaction completed: 
2806573:COMPACT_START sstable=1 input_files: "sstable1/7b4af759-aafb-43bf-9daf-da1a64ebd4b1202604302145141777607119990488278.sst" input_files: "sstable1/0d3d04c1-f051-4919-b261-8a3d6361a700202604302145141777607119990792579.sst" compactIntoNextLevel: true destinationLevel: 2
2026-05-01 03:45:23:176 - Compaction started: 
139971616818752:Compacting sstable1/7b4af759-aafb-43bf-9daf-da1a64ebd4b1202604302145141777607119990488278.sst sstable1/0d3d04c1-f051-4919-b261-8a3d6361a700202604302145141777607119990792579.sst into:sstable2/0d3d04c1-f051-4919-b261-8a3d6361a700202604302145141777607123193769294.sst
2026-05-01 03:45:23:223 - Compaction completed: 
2806573:COMPACT_START sstable=1 input_files: "sstable1/7b4af759-aafb-43bf-9daf-da1a64ebd4b1202604302145141777607120194049347.sst" input_files: "sstable1/0d3d04c1-f051-4919-b261-8a3d6361a700202604302145141777607120194863153.sst" compactIntoNextLevel: true destinationLevel: 2
2026-05-01 03:45:23:279 - Compaction started: 
139971616818752:Compacting sstable1/7b4af759-aafb-43bf-9daf-da1a64ebd4b1202604302145141777607120194049347.sst sstable1/0d3d04c1-f051-4919-b261-8a3d6361a700202604302145141777607120194863153.sst into:sstable2/0d3d04c1-f051-4919-b261-8a3d6361a700202604302145141777607123296412170.sst
2026-05-01 03:45:23:324 - Compaction completed: 
2806573:COMPACT_START sstable=1 input_files: "sstable1/7b4af759-aafb-43bf-9daf-da1a64ebd4b1202604302145141777607120400340264.sst" input_files: "sstable1/0d3d04c1-f051-4919-b261-8a3d6361a700202604302145141777607120400385468.sst" compactIntoNextLevel: true destinationLevel: 2
2026-05-01 03:45:23:382 - Compaction started: 
139971616818752:Compacting sstable1/7b4af759-aafb-43bf-9daf-da1a64ebd4b1202604302145141777607120400340264.sst sstable1/0d3d04c1-f051-4919-b261-8a3d6361a700202604302145141777607120400385468.sst into:sstable2/0d3d04c1-f051-4919-b261-8a3d6361a700202604302145141777607123407585110.sst
2026-05-01 03:45:23:449 - Compaction completed: 
2806573:COMPACT_START sstable=1 input_files: "sstable1/7b4af759-aafb-43bf-9daf-da1a64ebd4b1202604302145141777607120608103421.sst" input_files: "sstable1/0d3d04c1-f051-4919-b261-8a3d6361a700202604302145141777607120609405402.sst" compactIntoNextLevel: true destinationLevel: 2
2026-05-01 03:45:23:485 - Compaction started: 
139971616818752:Compacting sstable1/7b4af759-aafb-43bf-9daf-da1a64ebd4b1202604302145141777607120608103421.sst sstable1/0d3d04c1-f051-4919-b261-8a3d6361a700202604302145141777607120609405402.sst into:sstable2/0d3d04c1-f051-4919-b261-8a3d6361a700202604302145141777607123509628052.sst
2026-05-01 03:45:23:549 - Compaction completed: 
2806573:COMPACT_START sstable=1 input_files: "sstable2/67a19893-2dac-49d5-95be-955e69d89ee3202604302145141777607120924545763.sst" input_files: "sstable2/7b4af759-aafb-43bf-9daf-da1a64ebd4b1202604302145141777607120944336563.sst" compactIntoNextLevel: false destinationLevel: 2
2026-05-01 03:45:23:593 - Compaction started: 
139971616818752:Compacting sstable2/67a19893-2dac-49d5-95be-955e69d89ee3202604302145141777607120924545763.sst sstable2/7b4af759-aafb-43bf-9daf-da1a64ebd4b1202604302145141777607120944336563.sst into:sstable2/0_0d3d04c1-f051-4919-b261-8a3d6361a700202604302145141777607123673427633.sst
2026-05-01 03:45:23:785 - Compaction completed: 
2806573:COMPACT_START sstable=1 input_files: "sstable2/aa500e99-7d6f-4570-a031-e76b7d47375a202604302145141777607121101146498.sst" input_files: "sstable2/dc45d5fe-50fa-4ddc-b030-1d4717728931202604302145141777607121111273307.sst" compactIntoNextLevel: false destinationLevel: 2
2026-05-01 03:45:23:804 - Compaction started: 
139971616818752:Compacting sstable2/aa500e99-7d6f-4570-a031-e76b7d47375a202604302145141777607121101146498.sst sstable2/dc45d5fe-50fa-4ddc-b030-1d4717728931202604302145141777607121111273307.sst into:sstable2/0_0d3d04c1-f051-4919-b261-8a3d6361a700202604302145141777607123847860993.sst
2026-05-01 03:45:23:927 - Compaction completed: 
2806573:COMPACT_START sstable=1 input_files: "sstable2/ac3f7ac6-0530-48c3-8ffc-c6ff5dd08db5202604302145141777607121159985597.sst" input_files: "sstable2/b10c8a2c-35ed-48ea-800f-997944cbaceb202604302145141777607121193380637.sst" compactIntoNextLevel: false destinationLevel: 2
2026-05-01 03:45:24:012 - Compaction started: 
139971616818752:Compacting sstable2/ac3f7ac6-0530-48c3-8ffc-c6ff5dd08db5202604302145141777607121159985597.sst sstable2/b10c8a2c-35ed-48ea-800f-997944cbaceb202604302145141777607121193380637.sst into:sstable2/0_0d3d04c1-f051-4919-b261-8a3d6361a700202604302145141777607124062305048.sst
2026-05-01 03:45:24:142 - Compaction completed: 
2806573:COMPACT_START sstable=1 input_files: "sstable2/1_7b4af759-aafb-43bf-9daf-da1a64ebd4b1202604302145141777607123891652928.sst" input_files: "sstable2/1_7b2a448f-5fb1-4973-b84b-f90e9ebb21ab202604302145141777607123933682558.sst" compactIntoNextLevel: false destinationLevel: 2
2026-05-01 03:45:24:217 - Compaction started: 
139971616818752:Compacting sstable2/1_7b4af759-aafb-43bf-9daf-da1a64ebd4b1202604302145141777607123891652928.sst sstable2/1_7b2a448f-5fb1-4973-b84b-f90e9ebb21ab202604302145141777607123933682558.sst into:sstable2/2_0d3d04c1-f051-4919-b261-8a3d6361a700202604302145141777607124454586467.sst
2026-05-01 03:45:24:778 - Compaction completed: 
2806573:COMPACT_START sstable=1 input_files: "sstable2/0d3d04c1-f051-4919-b261-8a3d6361a700202604302145141777607121452324093.sst" input_files: "sstable2/7b2a448f-5fb1-4973-b84b-f90e9ebb21ab202604302145141777607121459365196.sst" compactIntoNextLevel: false destinationLevel: 2
2026-05-01 03:45:24:829 - Compaction started: 
139971616818752:Compacting sstable2/0d3d04c1-f051-4919-b261-8a3d6361a700202604302145141777607121452324093.sst sstable2/7b2a448f-5fb1-4973-b84b-f90e9ebb21ab202604302145141777607121459365196.sst into:sstable2/0_0d3d04c1-f051-4919-b261-8a3d6361a700202604302145141777607124881996945.sst
2026-05-01 03:45:24:967 - Compaction completed: 
2806573:COMPACT_START sstable=1 input_files: "sstable2/0d3d04c1-f051-4919-b261-8a3d6361a700202604302145141777607121554090786.sst" input_files: "sstable2/7b2a448f-5fb1-4973-b84b-f90e9ebb21ab202604302145141777607121561305113.sst" compactIntoNextLevel: false destinationLevel: 2
2026-05-01 03:45:25:040 - Compaction started: 
139971616818752:Compacting sstable2/0d3d04c1-f051-4919-b261-8a3d6361a700202604302145141777607121554090786.sst sstable2/7b2a448f-5fb1-4973-b84b-f90e9ebb21ab202604302145141777607121561305113.sst into:sstable2/0_0d3d04c1-f051-4919-b261-8a3d6361a700202604302145141777607125088780356.sst
2026-05-01 03:45:25:167 - Compaction completed: 
2806573:COMPACT_START sstable=1 input_files: "sstable2/ac3f7ac6-0530-48c3-8ffc-c6ff5dd08db5202604302145141777607121571190470.sst" input_files: "sstable2/b10c8a2c-35ed-48ea-800f-997944cbaceb202604302145141777607121611277798.sst" compactIntoNextLevel: false destinationLevel: 2
2026-05-01 03:45:25:251 - Compaction started: 
139971616818752:Compacting sstable2/ac3f7ac6-0530-48c3-8ffc-c6ff5dd08db5202604302145141777607121571190470.sst sstable2/b10c8a2c-35ed-48ea-800f-997944cbaceb202604302145141777607121611277798.sst into:sstable2/0_0d3d04c1-f051-4919-b261-8a3d6361a700202604302145141777607125298149093.sst
2026-05-01 03:45:25:374 - Compaction completed: 
2806573:COMPACT_START sstable=1 input_files: "sstable2/67a19893-2dac-49d5-95be-955e69d89ee3202604302145141777607121642622082.sst" input_files: "sstable2/7b4af759-aafb-43bf-9daf-da1a64ebd4b1202604302145141777607121652982909.sst" compactIntoNextLevel: false destinationLevel: 2
2026-05-01 03:45:25:462 - Compaction started: 
139971616818752:Compacting sstable2/67a19893-2dac-49d5-95be-955e69d89ee3202604302145141777607121642622082.sst sstable2/7b4af759-aafb-43bf-9daf-da1a64ebd4b1202604302145141777607121652982909.sst into:sstable2/0_0d3d04c1-f051-4919-b261-8a3d6361a700202604302145141777607125531498167.sst
2026-05-01 03:45:25:635 - Compaction completed: 
2806573:COMPACT_START sstable=1 input_files: "sstable2/0_0d3d04c1-f051-4919-b261-8a3d6361a700202604302145141777607125298149093.sst" input_files: "sstable2/0_b10c8a2c-35ed-48ea-800f-997944cbaceb202604302145141777607125484903718.sst" compactIntoNextLevel: false destinationLevel: 2
2026-05-01 03:45:25:669 - Compaction started: 
139971616818752:Compacting sstable2/0_0d3d04c1-f051-4919-b261-8a3d6361a700202604302145141777607125298149093.sst sstable2/0_b10c8a2c-35ed-48ea-800f-997944cbaceb202604302145141777607125484903718.sst into:sstable2/1_0d3d04c1-f051-4919-b261-8a3d6361a700202604302145141777607125759794586.sst
2026-05-01 03:45:25:916 - Compaction completed: 
2806573:COMPACT_START sstable=1 input_files: "sstable2/7b4af759-aafb-43bf-9daf-da1a64ebd4b1202604302145141777607121756946682.sst" input_files: "sstable2/7b2a448f-5fb1-4973-b84b-f90e9ebb21ab202604302145141777607121768265506.sst" compactIntoNextLevel: false destinationLevel: 2
2026-05-01 03:45:25:978 - Compaction started: 
139971616818752:Compacting sstable2/7b4af759-aafb-43bf-9daf-da1a64ebd4b1202604302145141777607121756946682.sst sstable2/7b2a448f-5fb1-4973-b84b-f90e9ebb21ab202604302145141777607121768265506.sst into:sstable2/0_0d3d04c1-f051-4919-b261-8a3d6361a700202604302145141777607126026689452.sst
2026-05-01 03:45:26:104 - Compaction completed: 
2806573:COMPACT_START sstable=1 input_files: "sstable2/aa500e99-7d6f-4570-a031-e76b7d47375a202604302145141777607121820072309.sst" input_files: "sstable2/dc45d5fe-50fa-4ddc-b030-1d4717728931202604302145141777607121829122519.sst" compactIntoNextLevel: false destinationLevel: 2
2026-05-01 03:45:26:187 - Compaction started: 
139971616818752:Compacting sstable2/aa500e99-7d6f-4570-a031-e76b7d47375a202604302145141777607121820072309.sst sstable2/dc45d5fe-50fa-4ddc-b030-1d4717728931202604302145141777607121829122519.sst into:sstable2/0_0d3d04c1-f051-4919-b261-8a3d6361a700202604302145141777607126247207415.sst
2026-05-01 03:45:26:324 - Compaction completed: 
2806573:COMPACT_START sstable=1 input_files: "sstable2/0_67a19893-2dac-49d5-95be-955e69d89ee3202604302145141777607126112460010.sst" input_files: "sstable2/0_0d3d04c1-f051-4919-b261-8a3d6361a700202604302145141777607126247207415.sst" compactIntoNextLevel: false destinationLevel: 2
2026-05-01 03:45:26:396 - Compaction started: 
139971616818752:Compacting sstable2/0_67a19893-2dac-49d5-95be-955e69d89ee3202604302145141777607126112460010.sst sstable2/0_0d3d04c1-f051-4919-b261-8a3d6361a700202604302145141777607126247207415.sst into:sstable2/1_0d3d04c1-f051-4919-b261-8a3d6361a700202604302145141777607126493703311.sst
2026-05-01 03:45:26:649 - Compaction completed: 
2806573:COMPACT_START sstable=1 input_files: "sstable2/7b4af759-aafb-43bf-9daf-da1a64ebd4b1202604302145141777607121965276472.sst" input_files: "sstable2/7b2a448f-5fb1-4973-b84b-f90e9ebb21ab202604302145141777607121973797299.sst" compactIntoNextLevel: false destinationLevel: 2
2026-05-01 03:45:26:710 - Compaction started: 
139971616818752:Compacting sstable2/7b4af759-aafb-43bf-9daf-da1a64ebd4b1202604302145141777607121965276472.sst sstable2/7b2a448f-5fb1-4973-b84b-f90e9ebb21ab202604302145141777607121973797299.sst into:sstable2/0_0d3d04c1-f051-4919-b261-8a3d6361a700202604302145141777607126771773782.sst
2026-05-01 03:45:26:861 - Compaction completed: 
2806573:COMPACT_START sstable=1 input_files: "sstable2/67a19893-2dac-49d5-95be-955e69d89ee3202604302145141777607122052524261.sst" input_files: "sstable2/0d3d04c1-f051-4919-b261-8a3d6361a700202604302145141777607122063909739.sst" compactIntoNextLevel: false destinationLevel: 2
2026-05-01 03:45:26:923 - Compaction started: 
139971616818752:Compacting sstable2/67a19893-2dac-49d5-95be-955e69d89ee3202604302145141777607122052524261.sst sstable2/0d3d04c1-f051-4919-b261-8a3d6361a700202604302145141777607122063909739.sst into:sstable2/0_0d3d04c1-f051-4919-b261-8a3d6361a700202604302145141777607126970559135.sst
2026-05-01 03:45:27:045 - Compaction completed: 
2806573:COMPACT_START sstable=1 input_files: "sstable2/ac3f7ac6-0530-48c3-8ffc-c6ff5dd08db5202604302145141777607122085002621.sst" input_files: "sstable2/b10c8a2c-35ed-48ea-800f-997944cbaceb202604302145141777607122129921328.sst" compactIntoNextLevel: false destinationLevel: 2
2026-05-01 03:45:27:133 - Compaction started: 
139971616818752:Compacting sstable2/ac3f7ac6-0530-48c3-8ffc-c6ff5dd08db5202604302145141777607122085002621.sst sstable2/b10c8a2c-35ed-48ea-800f-997944cbaceb202604302145141777607122129921328.sst into:sstable2/0_0d3d04c1-f051-4919-b261-8a3d6361a700202604302145141777607127185915480.sst
2026-05-01 03:45:27:266 - Compaction completed: 
2806573:COMPACT_START sstable=1 input_files: "sstable2/0_0d3d04c1-f051-4919-b261-8a3d6361a700202604302145141777607126970559135.sst" input_files: "sstable2/0_67a19893-2dac-49d5-95be-955e69d89ee3202604302145141777607127164436996.sst" compactIntoNextLevel: false destinationLevel: 2
2026-05-01 03:45:27:342 - Compaction started: 
139971616818752:Compacting sstable2/0_0d3d04c1-f051-4919-b261-8a3d6361a700202604302145141777607126970559135.sst sstable2/0_67a19893-2dac-49d5-95be-955e69d89ee3202604302145141777607127164436996.sst into:sstable2/1_0d3d04c1-f051-4919-b261-8a3d6361a700202604302145141777607127437926066.sst
2026-05-01 03:45:27:590 - Compaction completed: 
2806573:COMPACT_START sstable=1 input_files: "sstable2/aa500e99-7d6f-4570-a031-e76b7d47375a202604302145141777607122236247901.sst" input_files: "sstable2/dc45d5fe-50fa-4ddc-b030-1d4717728931202604302145141777607122240024784.sst" compactIntoNextLevel: false destinationLevel: 2
2026-05-01 03:45:27:654 - Compaction started: 
139971616818752:Compacting sstable2/aa500e99-7d6f-4570-a031-e76b7d47375a202604302145141777607122236247901.sst sstable2/dc45d5fe-50fa-4ddc-b030-1d4717728931202604302145141777607122240024784.sst into:sstable2/0_0d3d04c1-f051-4919-b261-8a3d6361a700202604302145141777607127703820344.sst
2026-05-01 03:45:27:780 - Compaction completed: 
2806573:COMPACT_START sstable=1 input_files: "sstable2/7b4af759-aafb-43bf-9daf-da1a64ebd4b1202604302145141777607122268347291.sst" input_files: "sstable2/7b2a448f-5fb1-4973-b84b-f90e9ebb21ab202604302145141777607122279383385.sst" compactIntoNextLevel: false destinationLevel: 2
2026-05-01 03:45:27:867 - Compaction started: 
139971616818752:Compacting sstable2/7b4af759-aafb-43bf-9daf-da1a64ebd4b1202604302145141777607122268347291.sst sstable2/7b2a448f-5fb1-4973-b84b-f90e9ebb21ab202604302145141777607122279383385.sst into:sstable2/0_0d3d04c1-f051-4919-b261-8a3d6361a700202604302145141777607127914931800.sst
2026-05-01 03:45:27:989 - Compaction completed: 
2806573:COMPACT_START sstable=1 input_files: "sstable2/ac3f7ac6-0530-48c3-8ffc-c6ff5dd08db5202604302145141777607122286748024.sst" input_files: "sstable2/b10c8a2c-35ed-48ea-800f-997944cbaceb202604302145141777607122324198318.sst" compactIntoNextLevel: false destinationLevel: 2
2026-05-01 03:45:28:077 - Compaction started: 
139971616818752:Compacting sstable2/ac3f7ac6-0530-48c3-8ffc-c6ff5dd08db5202604302145141777607122286748024.sst sstable2/b10c8a2c-35ed-48ea-800f-997944cbaceb202604302145141777607122324198318.sst into:sstable2/0_0d3d04c1-f051-4919-b261-8a3d6361a700202604302145141777607128122153833.sst
2026-05-01 03:45:28:194 - Compaction completed: 
2806573:COMPACT_START sstable=1 input_files: "sstable2/aa500e99-7d6f-4570-a031-e76b7d47375a202604302145141777607122336953044.sst" input_files: "sstable2/dc45d5fe-50fa-4ddc-b030-1d4717728931202604302145141777607122340732190.sst" compactIntoNextLevel: false destinationLevel: 2
2026-05-01 03:45:28:286 - Compaction started: 
139971616818752:Compacting sstable2/aa500e99-7d6f-4570-a031-e76b7d47375a202604302145141777607122336953044.sst sstable2/dc45d5fe-50fa-4ddc-b030-1d4717728931202604302145141777607122340732190.sst into:sstable2/0_0d3d04c1-f051-4919-b261-8a3d6361a700202604302145141777607128329598783.sst
2026-05-01 03:45:28:402 - Compaction completed: 
2806573:COMPACT_START sstable=1 input_files: "sstable2/aa500e99-7d6f-4570-a031-e76b7d47375a202604302145141777607122436867594.sst" input_files: "sstable2/dc45d5fe-50fa-4ddc-b030-1d4717728931202604302145141777607122446598982.sst" compactIntoNextLevel: false destinationLevel: 2
2026-05-01 03:45:28:500 - Compaction started: 
139971616818752:Compacting sstable2/aa500e99-7d6f-4570-a031-e76b7d47375a202604302145141777607122436867594.sst sstable2/dc45d5fe-50fa-4ddc-b030-1d4717728931202604302145141777607122446598982.sst into:sstable2/0_0d3d04c1-f051-4919-b261-8a3d6361a700202604302145141777607128545122532.sst
2026-05-01 03:45:28:615 - Compaction completed: 
2806573:COMPACT_START sstable=1 input_files: "sstable2/7b4af759-aafb-43bf-9daf-da1a64ebd4b1202604302145141777607122472967957.sst" input_files: "sstable2/7b2a448f-5fb1-4973-b84b-f90e9ebb21ab202604302145141777607122490608354.sst" compactIntoNextLevel: false destinationLevel: 2
2026-05-01 03:45:28:714 - Compaction started: 
139971616818752:Compacting sstable2/7b4af759-aafb-43bf-9daf-da1a64ebd4b1202604302145141777607122472967957.sst sstable2/7b2a448f-5fb1-4973-b84b-f90e9ebb21ab202604302145141777607122490608354.sst into:sstable2/0_0d3d04c1-f051-4919-b261-8a3d6361a700202604302145141777607128762282900.sst
2026-05-01 03:45:28:840 - Compaction completed: 
2806573:COMPACT_START sstable=1 input_files: "sstable2/0_aa500e99-7d6f-4570-a031-e76b7d47375a202604302145141777607128655394002.sst" input_files: "sstable2/0_0d3d04c1-f051-4919-b261-8a3d6361a700202604302145141777607128762282900.sst" compactIntoNextLevel: false destinationLevel: 2
2026-05-01 03:45:28:927 - Compaction started: 
139971616818752:Compacting sstable2/0_aa500e99-7d6f-4570-a031-e76b7d47375a202604302145141777607128655394002.sst sstable2/0_0d3d04c1-f051-4919-b261-8a3d6361a700202604302145141777607128762282900.sst into:sstable2/1_0d3d04c1-f051-4919-b261-8a3d6361a700202604302145141777607129011403697.sst
2026-05-01 03:45:29:148 - Compaction completed: 
2806573:COMPACT_START sstable=1 input_files: "sstable2/0_7b2a448f-5fb1-4973-b84b-f90e9ebb21ab202604302145141777607129073120603.sst" input_files: "sstable2/0_7b4af759-aafb-43bf-9daf-da1a64ebd4b1202604302145141777607129082848223.sst" compactIntoNextLevel: false destinationLevel: 2
2026-05-01 03:45:29:240 - Compaction started: 
139971616818752:Compacting sstable2/0_7b2a448f-5fb1-4973-b84b-f90e9ebb21ab202604302145141777607129073120603.sst sstable2/0_7b4af759-aafb-43bf-9daf-da1a64ebd4b1202604302145141777607129082848223.sst into:sstable2/1_0d3d04c1-f051-4919-b261-8a3d6361a700202604302145141777607129325082998.sst
2026-05-01 03:45:29:467 - Compaction completed: 
2806573:COMPACT_START sstable=1 input_files: "sstable2/67a19893-2dac-49d5-95be-955e69d89ee3202604302145141777607122664701547.sst" input_files: "sstable2/0d3d04c1-f051-4919-b261-8a3d6361a700202604302145141777607122678632990.sst" compactIntoNextLevel: false destinationLevel: 2
2026-05-01 03:45:29:555 - Compaction started: 
139971616818752:Compacting sstable2/67a19893-2dac-49d5-95be-955e69d89ee3202604302145141777607122664701547.sst sstable2/0d3d04c1-f051-4919-b261-8a3d6361a700202604302145141777607122678632990.sst into:sstable2/0_0d3d04c1-f051-4919-b261-8a3d6361a700202604302145141777607129603773762.sst
2026-05-01 03:45:29:675 - Compaction completed: 
2806573:COMPACT_START sstable=1 input_files: "sstable2/aa500e99-7d6f-4570-a031-e76b7d47375a202604302145141777607122749123837.sst" input_files: "sstable2/dc45d5fe-50fa-4ddc-b030-1d4717728931202604302145141777607122756165421.sst" compactIntoNextLevel: false destinationLevel: 2
2026-05-01 03:45:29:772 - Compaction started: 
139971616818752:Compacting sstable2/aa500e99-7d6f-4570-a031-e76b7d47375a202604302145141777607122749123837.sst sstable2/dc45d5fe-50fa-4ddc-b030-1d4717728931202604302145141777607122756165421.sst into:sstable2/0_0d3d04c1-f051-4919-b261-8a3d6361a700202604302145141777607129818001781.sst
2026-05-01 03:45:29:893 - Compaction completed: 
2806573:COMPACT_START sstable=1 input_files: "sstable2/4_7b4af759-aafb-43bf-9daf-da1a64ebd4b1202604302145141777607127535825367.sst" input_files: "sstable2/4_dc45d5fe-50fa-4ddc-b030-1d4717728931202604302145141777607128656160460.sst" compactIntoNextLevel: false destinationLevel: 2
2026-05-01 03:45:29:980 - Compaction started: 
139971616818752:Compacting sstable2/4_7b4af759-aafb-43bf-9daf-da1a64ebd4b1202604302145141777607127535825367.sst sstable2/4_dc45d5fe-50fa-4ddc-b030-1d4717728931202604302145141777607128656160460.sst into:sstable2/5_0d3d04c1-f051-4919-b261-8a3d6361a700202604302145141777607132425535311.sst
2026-05-01 03:45:35:241 - Compaction completed: 
2026-05-01 03:45:44:527 30 sec: 234470 operations; 7815.67 current ops/sec; est completion in 1 day 11 hours [READ: Count=234502, Max=2723839, Min=5, Avg=126.15, 90=191, 99=398, 99.9=1914, 99.99=18943] 
