# CMD: /usr/lib/jvm/java-8-openjdk-amd64/bin/java -cp /users/Xinying/ozonedb/ycsb/ozonedb/conf:/users/Xinying/ozonedb/ycsb/ozonedb/target/ozonedb-binding-0.18.0-SNAPSHOT.jar:/users/Xinying/.m2/repository/org/apache/htrace/htrace-core4/4.1.0-incubating/htrace-core4-4.1.0-incubating.jar:/users/Xinying/.m2/repository/org/slf4j/slf4j-api/1.7.25/slf4j-api-1.7.25.jar:/users/Xinying/.m2/repository/org/hdrhistogram/HdrHistogram/2.1.12/HdrHistogram-2.1.12.jar:/users/Xinying/.m2/repository/ch/qos/logback/logback-classic/1.2.3/logback-classic-1.2.3.jar:/users/Xinying/.m2/repository/ozonedbjnimaven/demoproc-jni/1.0/demoproc-jni-1.0.jar:/users/Xinying/.m2/repository/ch/qos/logback/logback-core/1.2.3/logback-core-1.2.3.jar:/users/Xinying/.m2/repository/org/codehaus/jackson/jackson-mapper-asl/1.9.4/jackson-mapper-asl-1.9.4.jar:/users/Xinying/.m2/repository/org/slf4j/slf4j-simple/1.7.25/slf4j-simple-1.7.25.jar:/users/Xinying/.m2/repository/org/codehaus/jackson/jackson-core-asl/1.9.4/jackson-core-asl-1.9.4.jar:/users/Xinying/ozonedb/ycsb/core/target/core-0.18.0-SNAPSHOT.jar site.ycsb.Client -db site.ycsb.db.OzoneDBClient -threads 1 -s -P /users/Xinying/ozonedb/ycsb/workloads/generated_workloads/workloadc_1KB_1000000_1000000 -p status.interval=30 -p requestdistribution=uniform -p operationcount=1000000000 -p maxexecutiontime=660 -p shared_config=/tmp/churn_v4_configs/shared_config_varyW_n8_r0pct.json -t
# env OZONEDB_CHURN_ABORT_RATE=0.0
Command line: -db site.ycsb.db.OzoneDBClient -threads 1 -s -P /users/Xinying/ozonedb/ycsb/workloads/generated_workloads/workloadc_1KB_1000000_1000000 -p status.interval=30 -p requestdistribution=uniform -p operationcount=1000000000 -p maxexecutiontime=660 -p shared_config=/tmp/churn_v4_configs/shared_config_varyW_n8_r0pct.json -t
YCSB Client 0.18.0-SNAPSHOT

Loading workload...
Starting test.
SLF4J: Class path contains multiple SLF4J bindings.
SLF4J: Found binding in [jar:file:/users/Xinying/.m2/repository/ch/qos/logback/logback-classic/1.2.3/logback-classic-1.2.3.jar!/org/slf4j/impl/StaticLoggerBinder.class]
SLF4J: Found binding in [jar:file:/users/Xinying/.m2/repository/org/slf4j/slf4j-simple/1.7.25/slf4j-simple-1.7.25.jar!/org/slf4j/impl/StaticLoggerBinder.class]
SLF4J: See http://www.slf4j.org/codes.html#multiple_bindings for an explanation.
SLF4J: Actual binding is of type [ch.qos.logback.classic.util.ContextSelectorStaticBinder]
Maximum execution time specified as: 660 secs
2026-05-01 03:45:14:512 0 sec: 0 operations; est completion in 0 second 
Starting compaction watcher
DBWrapper: report latency for each error is false and specific error codes to track for latency are: []
2806568:COMPACT_START sstable=0 input_files: "datalog/9" input_files: "datalog/10" compactIntoNextLevel: true destinationLevel: 1
2026-05-01 03:45:14:594 - Compaction started: 
140694739908160:Compacting datalog/9 datalog/10 into:sstable1/ac3f7ac6-0530-48c3-8ffc-c6ff5dd08db5202604302145141777607114832997741.sst
2026-05-01 03:45:14:860 - Compaction completed: 
2806568:COMPACT_START sstable=0 input_files: "datalog/31" input_files: "datalog/32" compactIntoNextLevel: true destinationLevel: 1
2026-05-01 03:45:14:950 - Compaction started: 
140694739908160:Compacting datalog/31 datalog/32 into:sstable1/ac3f7ac6-0530-48c3-8ffc-c6ff5dd08db5202604302145141777607115043506617.sst
2026-05-01 03:45:15:072 - Compaction completed: 
2806568:COMPACT_START sstable=0 input_files: "datalog/47" input_files: "datalog/48" compactIntoNextLevel: true destinationLevel: 1
2026-05-01 03:45:15:154 - Compaction started: 
140694739908160:Compacting datalog/47 datalog/48 into:sstable1/ac3f7ac6-0530-48c3-8ffc-c6ff5dd08db5202604302145141777607115298372197.sst
2026-05-01 03:45:15:367 - Compaction completed: 
2806568:COMPACT_START sstable=0 input_files: "datalog/71" input_files: "datalog/72" compactIntoNextLevel: true destinationLevel: 1
2026-05-01 03:45:15:462 - Compaction started: 
140694739908160:Compacting datalog/71 datalog/72 into:sstable1/ac3f7ac6-0530-48c3-8ffc-c6ff5dd08db5202604302145141777607115589003241.sst
2026-05-01 03:45:15:612 - Compaction completed: 
2806568:COMPACT_START sstable=0 input_files: "datalog/89" input_files: "datalog/90" compactIntoNextLevel: true destinationLevel: 1
2026-05-01 03:45:15:664 - Compaction started: 
140694739908160:Compacting datalog/89 datalog/90 into:sstable1/ac3f7ac6-0530-48c3-8ffc-c6ff5dd08db5202604302145141777607115667730042.sst
2026-05-01 03:45:15:687 - Compaction completed: 
2806568:COMPACT_START sstable=0 input_files: "datalog/105" input_files: "datalog/106" compactIntoNextLevel: true destinationLevel: 1
2026-05-01 03:45:15:766 - Compaction started: 
140694739908160:Compacting datalog/105 datalog/106 into:sstable1/ac3f7ac6-0530-48c3-8ffc-c6ff5dd08db5202604302145141777607115770223298.sst
2026-05-01 03:45:15:792 - Compaction completed: 
2806568:COMPACT_START sstable=0 input_files: "datalog/119" input_files: "datalog/120" compactIntoNextLevel: true destinationLevel: 1
2026-05-01 03:45:15:869 - Compaction started: 
140694739908160:Compacting datalog/119 datalog/120 into:sstable1/ac3f7ac6-0530-48c3-8ffc-c6ff5dd08db5202604302145141777607115871754289.sst
2026-05-01 03:45:15:891 - Compaction completed: 
2806568:COMPACT_START sstable=0 input_files: "datalog/137" input_files: "datalog/138" compactIntoNextLevel: true destinationLevel: 1
2026-05-01 03:45:15:983 - Compaction started: 
140694739908160:Compacting datalog/137 datalog/138 into:sstable1/ac3f7ac6-0530-48c3-8ffc-c6ff5dd08db5202604302145141777607115986000843.sst
2026-05-01 03:45:16:006 - Compaction completed: 
2806568:COMPACT_START sstable=0 input_files: "datalog/149" input_files: "datalog/150" compactIntoNextLevel: true destinationLevel: 1
2026-05-01 03:45:16:085 - Compaction started: 
140694739908160:Compacting datalog/149 datalog/150 into:sstable1/ac3f7ac6-0530-48c3-8ffc-c6ff5dd08db5202604302145141777607116087681044.sst
2026-05-01 03:45:16:105 - Compaction completed: 
2806568:COMPACT_START sstable=0 input_files: "datalog/165" input_files: "datalog/166" compactIntoNextLevel: true destinationLevel: 1
2026-05-01 03:45:16:186 - Compaction started: 
140694739908160:Compacting datalog/165 datalog/166 into:sstable1/ac3f7ac6-0530-48c3-8ffc-c6ff5dd08db5202604302145141777607116188937801.sst
2026-05-01 03:45:16:209 - Compaction completed: 
2806568:COMPACT_START sstable=0 input_files: "datalog/181" input_files: "datalog/182" compactIntoNextLevel: true destinationLevel: 1
2026-05-01 03:45:16:288 - Compaction started: 
140694739908160:Compacting datalog/181 datalog/182 into:sstable1/ac3f7ac6-0530-48c3-8ffc-c6ff5dd08db5202604302145141777607116290896966.sst
2026-05-01 03:45:16:313 - Compaction completed: 
2806568:COMPACT_START sstable=0 input_files: "datalog/197" input_files: "datalog/198" compactIntoNextLevel: true destinationLevel: 1
2026-05-01 03:45:16:390 - Compaction started: 
140694739908160:Compacting datalog/197 datalog/198 into:sstable1/ac3f7ac6-0530-48c3-8ffc-c6ff5dd08db5202604302145141777607116394049327.sst
2026-05-01 03:45:16:415 - Compaction completed: 
2806568:COMPACT_START sstable=0 input_files: "datalog/213" input_files: "datalog/214" compactIntoNextLevel: true destinationLevel: 1
2026-05-01 03:45:16:495 - Compaction started: 
140694739908160:Compacting datalog/213 datalog/214 into:sstable1/ac3f7ac6-0530-48c3-8ffc-c6ff5dd08db5202604302145141777607116499648868.sst
2026-05-01 03:45:16:523 - Compaction completed: 
2806568:COMPACT_START sstable=0 input_files: "datalog/227" input_files: "datalog/228" compactIntoNextLevel: true destinationLevel: 1
2026-05-01 03:45:16:601 - Compaction started: 
140694739908160:Compacting datalog/227 datalog/228 into:sstable1/ac3f7ac6-0530-48c3-8ffc-c6ff5dd08db5202604302145141777607116604941382.sst
2026-05-01 03:45:16:626 - Compaction completed: 
2806568:COMPACT_START sstable=0 input_files: "datalog/241" input_files: "datalog/242" compactIntoNextLevel: true destinationLevel: 1
2026-05-01 03:45:16:714 - Compaction started: 
140694739908160:Compacting datalog/241 datalog/242 into:sstable1/ac3f7ac6-0530-48c3-8ffc-c6ff5dd08db5202604302145141777607116716963646.sst
2026-05-01 03:45:16:735 - Compaction completed: 
2806568:COMPACT_START sstable=0 input_files: "datalog/255" input_files: "datalog/256" compactIntoNextLevel: true destinationLevel: 1
2026-05-01 03:45:16:822 - Compaction started: 
140694739908160:Compacting datalog/255 datalog/256 into:sstable1/ac3f7ac6-0530-48c3-8ffc-c6ff5dd08db5202604302145141777607116825520862.sst
2026-05-01 03:45:16:847 - Compaction completed: 
2806568:COMPACT_START sstable=0 input_files: "datalog/271" input_files: "datalog/272" compactIntoNextLevel: true destinationLevel: 1
2026-05-01 03:45:16:927 - Compaction started: 
140694739908160:Compacting datalog/271 datalog/272 into:sstable1/ac3f7ac6-0530-48c3-8ffc-c6ff5dd08db5202604302145141777607116930202791.sst
2026-05-01 03:45:16:947 - Compaction completed: 
2806568:COMPACT_START sstable=0 input_files: "datalog/287" input_files: "datalog/288" compactIntoNextLevel: true destinationLevel: 1
2026-05-01 03:45:17:038 - Compaction started: 
140694739908160:Compacting datalog/287 datalog/288 into:sstable1/ac3f7ac6-0530-48c3-8ffc-c6ff5dd08db5202604302145141777607117040952890.sst
2026-05-01 03:45:17:060 - Compaction completed: 
2806568:COMPACT_START sstable=0 input_files: "datalog/303" input_files: "datalog/304" compactIntoNextLevel: true destinationLevel: 1
2026-05-01 03:45:17:140 - Compaction started: 
140694739908160:Compacting datalog/303 datalog/304 into:sstable1/ac3f7ac6-0530-48c3-8ffc-c6ff5dd08db5202604302145141777607117143772778.sst
2026-05-01 03:45:17:162 - Compaction completed: 
2806568:COMPACT_START sstable=0 input_files: "datalog/319" input_files: "datalog/320" compactIntoNextLevel: true destinationLevel: 1
2026-05-01 03:45:17:244 - Compaction started: 
140694739908160:Compacting datalog/319 datalog/320 into:sstable1/ac3f7ac6-0530-48c3-8ffc-c6ff5dd08db5202604302145141777607117246836202.sst
2026-05-01 03:45:17:265 - Compaction completed: 
2806568:COMPACT_START sstable=0 input_files: "datalog/335" input_files: "datalog/336" compactIntoNextLevel: true destinationLevel: 1
2026-05-01 03:45:17:347 - Compaction started: 
140694739908160:Compacting datalog/335 datalog/336 into:sstable1/ac3f7ac6-0530-48c3-8ffc-c6ff5dd08db5202604302145141777607117350006147.sst
2026-05-01 03:45:17:367 - Compaction completed: 
2806568:COMPACT_START sstable=0 input_files: "datalog/351" input_files: "datalog/352" compactIntoNextLevel: true destinationLevel: 1
2026-05-01 03:45:17:450 - Compaction started: 
140694739908160:Compacting datalog/351 datalog/352 into:sstable1/ac3f7ac6-0530-48c3-8ffc-c6ff5dd08db5202604302145141777607117452411338.sst
2026-05-01 03:45:17:469 - Compaction completed: 
2806568:COMPACT_START sstable=0 input_files: "datalog/367" input_files: "datalog/368" compactIntoNextLevel: true destinationLevel: 1
2026-05-01 03:45:17:552 - Compaction started: 
140694739908160:Compacting datalog/367 datalog/368 into:sstable1/ac3f7ac6-0530-48c3-8ffc-c6ff5dd08db5202604302145141777607117554957302.sst
2026-05-01 03:45:17:571 - Compaction completed: 
2806568:COMPACT_START sstable=0 input_files: "datalog/383" input_files: "datalog/384" compactIntoNextLevel: true destinationLevel: 1
2026-05-01 03:45:17:655 - Compaction started: 
140694739908160:Compacting datalog/383 datalog/384 into:sstable1/ac3f7ac6-0530-48c3-8ffc-c6ff5dd08db5202604302145141777607117658821729.sst
2026-05-01 03:45:17:676 - Compaction completed: 
2806568:COMPACT_START sstable=0 input_files: "datalog/399" input_files: "datalog/400" compactIntoNextLevel: true destinationLevel: 1
2026-05-01 03:45:17:758 - Compaction started: 
140694739908160:Compacting datalog/399 datalog/400 into:sstable1/ac3f7ac6-0530-48c3-8ffc-c6ff5dd08db5202604302145141777607117761942671.sst
2026-05-01 03:45:17:781 - Compaction completed: 
2806568:COMPACT_START sstable=0 input_files: "datalog/415" input_files: "datalog/416" compactIntoNextLevel: true destinationLevel: 1
2026-05-01 03:45:17:861 - Compaction started: 
140694739908160:Compacting datalog/415 datalog/416 into:sstable1/ac3f7ac6-0530-48c3-8ffc-c6ff5dd08db5202604302145141777607117864404428.sst
2026-05-01 03:45:17:880 - Compaction completed: 
2806568:COMPACT_START sstable=0 input_files: "datalog/431" input_files: "datalog/432" compactIntoNextLevel: true destinationLevel: 1
2026-05-01 03:45:17:965 - Compaction started: 
140694739908160:Compacting datalog/431 datalog/432 into:sstable1/ac3f7ac6-0530-48c3-8ffc-c6ff5dd08db5202604302145141777607117968128171.sst
2026-05-01 03:45:17:984 - Compaction completed: 
2806568:COMPACT_START sstable=0 input_files: "datalog/447" input_files: "datalog/448" compactIntoNextLevel: true destinationLevel: 1
2026-05-01 03:45:18:068 - Compaction started: 
140694739908160:Compacting datalog/447 datalog/448 into:sstable1/ac3f7ac6-0530-48c3-8ffc-c6ff5dd08db5202604302145141777607118071035433.sst
2026-05-01 03:45:18:087 - Compaction completed: 
2806568:COMPACT_START sstable=0 input_files: "datalog/463" input_files: "datalog/464" compactIntoNextLevel: true destinationLevel: 1
2026-05-01 03:45:18:171 - Compaction started: 
140694739908160:Compacting datalog/463 datalog/464 into:sstable1/ac3f7ac6-0530-48c3-8ffc-c6ff5dd08db5202604302145141777607118173355594.sst
2026-05-01 03:45:18:188 - Compaction completed: 
2806568:COMPACT_START sstable=0 input_files: "datalog/479" input_files: "datalog/480" compactIntoNextLevel: true destinationLevel: 1
2026-05-01 03:45:18:273 - Compaction started: 
140694739908160:Compacting datalog/479 datalog/480 into:sstable1/ac3f7ac6-0530-48c3-8ffc-c6ff5dd08db5202604302145141777607118276351242.sst
2026-05-01 03:45:18:291 - Compaction completed: 
2806568:COMPACT_START sstable=0 input_files: "datalog/495" input_files: "datalog/496" compactIntoNextLevel: true destinationLevel: 1
2026-05-01 03:45:18:375 - Compaction started: 
140694739908160:Compacting datalog/495 datalog/496 into:sstable1/ac3f7ac6-0530-48c3-8ffc-c6ff5dd08db5202604302145141777607118378397128.sst
2026-05-01 03:45:18:394 - Compaction completed: 
2806568:COMPACT_START sstable=0 input_files: "datalog/511" input_files: "datalog/512" compactIntoNextLevel: true destinationLevel: 1
2026-05-01 03:45:18:477 - Compaction started: 
140694739908160:Compacting datalog/511 datalog/512 into:sstable1/ac3f7ac6-0530-48c3-8ffc-c6ff5dd08db5202604302145141777607118479886161.sst
2026-05-01 03:45:18:494 - Compaction completed: 
2806568:COMPACT_START sstable=0 input_files: "datalog/527" input_files: "datalog/528" compactIntoNextLevel: true destinationLevel: 1
2026-05-01 03:45:18:579 - Compaction started: 
140694739908160:Compacting datalog/527 datalog/528 into:sstable1/ac3f7ac6-0530-48c3-8ffc-c6ff5dd08db5202604302145141777607118581373520.sst
2026-05-01 03:45:18:595 - Compaction completed: 
2806568:COMPACT_START sstable=0 input_files: "datalog/543" input_files: "datalog/544" compactIntoNextLevel: true destinationLevel: 1
2026-05-01 03:45:18:681 - Compaction started: 
140694739908160:Compacting datalog/543 datalog/544 into:sstable1/ac3f7ac6-0530-48c3-8ffc-c6ff5dd08db5202604302145141777607118683641684.sst
2026-05-01 03:45:18:698 - Compaction completed: 
2806568:COMPACT_START sstable=0 input_files: "datalog/559" input_files: "datalog/560" compactIntoNextLevel: true destinationLevel: 1
2026-05-01 03:45:18:782 - Compaction started: 
140694739908160:Compacting datalog/559 datalog/560 into:sstable1/ac3f7ac6-0530-48c3-8ffc-c6ff5dd08db5202604302145141777607118785142749.sst
2026-05-01 03:45:18:800 - Compaction completed: 
2806568:COMPACT_START sstable=0 input_files: "datalog/575" input_files: "datalog/576" compactIntoNextLevel: true destinationLevel: 1
2026-05-01 03:45:18:884 - Compaction started: 
140694739908160:Compacting datalog/575 datalog/576 into:sstable1/ac3f7ac6-0530-48c3-8ffc-c6ff5dd08db5202604302145141777607118886984523.sst
2026-05-01 03:45:18:902 - Compaction completed: 
2806568:COMPACT_START sstable=0 input_files: "datalog/591" input_files: "datalog/592" compactIntoNextLevel: true destinationLevel: 1
2026-05-01 03:45:18:986 - Compaction started: 
140694739908160:Compacting datalog/591 datalog/592 into:sstable1/ac3f7ac6-0530-48c3-8ffc-c6ff5dd08db5202604302145141777607118988688599.sst
2026-05-01 03:45:19:003 - Compaction completed: 
2806568:COMPACT_START sstable=0 input_files: "datalog/607" input_files: "datalog/608" compactIntoNextLevel: true destinationLevel: 1
2026-05-01 03:45:19:087 - Compaction started: 
140694739908160:Compacting datalog/607 datalog/608 into:sstable1/ac3f7ac6-0530-48c3-8ffc-c6ff5dd08db5202604302145141777607119090521186.sst
2026-05-01 03:45:19:105 - Compaction completed: 
2806568:COMPACT_START sstable=0 input_files: "datalog/623" input_files: "datalog/624" compactIntoNextLevel: true destinationLevel: 1
2026-05-01 03:45:19:189 - Compaction started: 
140694739908160:Compacting datalog/623 datalog/624 into:sstable1/ac3f7ac6-0530-48c3-8ffc-c6ff5dd08db5202604302145141777607119192004077.sst
2026-05-01 03:45:19:206 - Compaction completed: 
2806568:COMPACT_START sstable=0 input_files: "datalog/639" input_files: "datalog/640" compactIntoNextLevel: true destinationLevel: 1
2026-05-01 03:45:19:291 - Compaction started: 
140694739908160:Compacting datalog/639 datalog/640 into:sstable1/ac3f7ac6-0530-48c3-8ffc-c6ff5dd08db5202604302145141777607119293837515.sst
2026-05-01 03:45:19:308 - Compaction completed: 
2806568:COMPACT_START sstable=0 input_files: "datalog/655" input_files: "datalog/656" compactIntoNextLevel: true destinationLevel: 1
2026-05-01 03:45:19:393 - Compaction started: 
140694739908160:Compacting datalog/655 datalog/656 into:sstable1/ac3f7ac6-0530-48c3-8ffc-c6ff5dd08db5202604302145141777607119395689067.sst
2026-05-01 03:45:19:410 - Compaction completed: 
2806568:COMPACT_START sstable=0 input_files: "datalog/671" input_files: "datalog/672" compactIntoNextLevel: true destinationLevel: 1
2026-05-01 03:45:19:495 - Compaction started: 
140694739908160:Compacting datalog/671 datalog/672 into:sstable1/ac3f7ac6-0530-48c3-8ffc-c6ff5dd08db5202604302145141777607119497625369.sst
2026-05-01 03:45:19:513 - Compaction completed: 
2806568:COMPACT_START sstable=0 input_files: "datalog/687" input_files: "datalog/688" compactIntoNextLevel: true destinationLevel: 1
2026-05-01 03:45:19:597 - Compaction started: 
140694739908160:Compacting datalog/687 datalog/688 into:sstable1/ac3f7ac6-0530-48c3-8ffc-c6ff5dd08db5202604302145141777607119599369940.sst
2026-05-01 03:45:19:613 - Compaction completed: 
2806568:COMPACT_START sstable=0 input_files: "datalog/703" input_files: "datalog/704" compactIntoNextLevel: true destinationLevel: 1
2026-05-01 03:45:19:699 - Compaction started: 
140694739908160:Compacting datalog/703 datalog/704 into:sstable1/ac3f7ac6-0530-48c3-8ffc-c6ff5dd08db5202604302145141777607119701104002.sst
2026-05-01 03:45:19:715 - Compaction completed: 
2806568:COMPACT_START sstable=0 input_files: "datalog/719" input_files: "datalog/720" compactIntoNextLevel: true destinationLevel: 1
2026-05-01 03:45:19:800 - Compaction started: 
140694739908160:Compacting datalog/719 datalog/720 into:sstable1/ac3f7ac6-0530-48c3-8ffc-c6ff5dd08db5202604302145141777607119803274272.sst
2026-05-01 03:45:19:817 - Compaction completed: 
2806568:COMPACT_START sstable=0 input_files: "datalog/735" input_files: "datalog/736" compactIntoNextLevel: true destinationLevel: 1
2026-05-01 03:45:19:902 - Compaction started: 
140694739908160:Compacting datalog/735 datalog/736 into:sstable1/ac3f7ac6-0530-48c3-8ffc-c6ff5dd08db5202604302145141777607119904753967.sst
2026-05-01 03:45:19:918 - Compaction completed: 
2806568:COMPACT_START sstable=0 input_files: "datalog/751" input_files: "datalog/752" compactIntoNextLevel: true destinationLevel: 1
2026-05-01 03:45:20:004 - Compaction started: 
140694739908160:Compacting datalog/751 datalog/752 into:sstable1/ac3f7ac6-0530-48c3-8ffc-c6ff5dd08db5202604302145141777607120006667706.sst
2026-05-01 03:45:20:019 - Compaction completed: 
2806568:COMPACT_START sstable=0 input_files: "datalog/767" input_files: "datalog/768" compactIntoNextLevel: true destinationLevel: 1
2026-05-01 03:45:20:106 - Compaction started: 
140694739908160:Compacting datalog/767 datalog/768 into:sstable1/ac3f7ac6-0530-48c3-8ffc-c6ff5dd08db5202604302145141777607120108524258.sst
2026-05-01 03:45:20:121 - Compaction completed: 
2806568:COMPACT_START sstable=0 input_files: "datalog/783" input_files: "datalog/784" compactIntoNextLevel: true destinationLevel: 1
2026-05-01 03:45:20:208 - Compaction started: 
140694739908160:Compacting datalog/783 datalog/784 into:sstable1/ac3f7ac6-0530-48c3-8ffc-c6ff5dd08db5202604302145141777607120210642370.sst
2026-05-01 03:45:20:223 - Compaction completed: 
2806568:COMPACT_START sstable=0 input_files: "datalog/799" input_files: "datalog/800" compactIntoNextLevel: true destinationLevel: 1
2026-05-01 03:45:20:310 - Compaction started: 
140694739908160:Compacting datalog/799 datalog/800 into:sstable1/ac3f7ac6-0530-48c3-8ffc-c6ff5dd08db5202604302145141777607120312357036.sst
2026-05-01 03:45:20:332 - Compaction completed: 
2806568:COMPACT_START sstable=0 input_files: "datalog/815" input_files: "datalog/816" compactIntoNextLevel: true destinationLevel: 1
2026-05-01 03:45:20:413 - Compaction started: 
140694739908160:Compacting datalog/815 datalog/816 into:sstable1/ac3f7ac6-0530-48c3-8ffc-c6ff5dd08db5202604302145141777607120416790299.sst
2026-05-01 03:45:20:433 - Compaction completed: 
2806568:COMPACT_START sstable=0 input_files: "datalog/831" input_files: "datalog/832" compactIntoNextLevel: true destinationLevel: 1
2026-05-01 03:45:20:517 - Compaction started: 
140694739908160:Compacting datalog/831 datalog/832 into:sstable1/ac3f7ac6-0530-48c3-8ffc-c6ff5dd08db5202604302145141777607120519987394.sst
2026-05-01 03:45:20:534 - Compaction completed: 
2806568:COMPACT_START sstable=0 input_files: "datalog/847" input_files: "datalog/848" compactIntoNextLevel: true destinationLevel: 1
2026-05-01 03:45:20:620 - Compaction started: 
140694739908160:Compacting datalog/847 datalog/848 into:sstable1/ac3f7ac6-0530-48c3-8ffc-c6ff5dd08db5202604302145141777607120623306919.sst
2026-05-01 03:45:20:638 - Compaction completed: 
2806568:COMPACT_START sstable=0 input_files: "datalog/863" input_files: "datalog/864" compactIntoNextLevel: true destinationLevel: 1
2026-05-01 03:45:20:723 - Compaction started: 
140694739908160:Compacting datalog/863 datalog/864 into:sstable1/ac3f7ac6-0530-48c3-8ffc-c6ff5dd08db5202604302145141777607120726186329.sst
2026-05-01 03:45:20:741 - Compaction completed: 
2806568:COMPACT_START sstable=1 input_files: "sstable1/67a19893-2dac-49d5-95be-955e69d89ee3202604302145141777607114811643419.sst" input_files: "sstable1/aa500e99-7d6f-4570-a031-e76b7d47375a202604302145141777607114996008723.sst" compactIntoNextLevel: true destinationLevel: 2
2026-05-01 03:45:20:827 - Compaction started: 
140694739908160:Compacting sstable1/67a19893-2dac-49d5-95be-955e69d89ee3202604302145141777607114811643419.sst sstable1/aa500e99-7d6f-4570-a031-e76b7d47375a202604302145141777607114996008723.sst into:sstable2/ac3f7ac6-0530-48c3-8ffc-c6ff5dd08db5202604302145141777607120851682657.sst
2026-05-01 03:45:20:890 - Compaction completed: 
2806568:COMPACT_START sstable=1 input_files: "sstable1/b10c8a2c-35ed-48ea-800f-997944cbaceb202604302145141777607115197362683.sst" input_files: "sstable1/67a19893-2dac-49d5-95be-955e69d89ee3202604302145141777607115285778803.sst" compactIntoNextLevel: true destinationLevel: 2
2026-05-01 03:45:20:930 - Compaction started: 
140694739908160:Compacting sstable1/b10c8a2c-35ed-48ea-800f-997944cbaceb202604302145141777607115197362683.sst sstable1/67a19893-2dac-49d5-95be-955e69d89ee3202604302145141777607115285778803.sst into:sstable2/ac3f7ac6-0530-48c3-8ffc-c6ff5dd08db5202604302145141777607120955841827.sst
2026-05-01 03:45:20:998 - Compaction completed: 
2806568:COMPACT_START sstable=1 input_files: "sstable1/7b2a448f-5fb1-4973-b84b-f90e9ebb21ab202604302145141777607115620992915.sst" input_files: "sstable1/67a19893-2dac-49d5-95be-955e69d89ee3202604302145141777607115624461429.sst" compactIntoNextLevel: true destinationLevel: 2
2026-05-01 03:45:21:032 - Compaction started: 
140694739908160:Compacting sstable1/7b2a448f-5fb1-4973-b84b-f90e9ebb21ab202604302145141777607115620992915.sst sstable1/67a19893-2dac-49d5-95be-955e69d89ee3202604302145141777607115624461429.sst into:sstable2/ac3f7ac6-0530-48c3-8ffc-c6ff5dd08db5202604302145141777607121056441903.sst
2026-05-01 03:45:21:095 - Compaction completed: 
2806568:COMPACT_START sstable=1 input_files: "sstable1/dc45d5fe-50fa-4ddc-b030-1d4717728931202604302145141777607115855643780.sst" input_files: "sstable1/0d3d04c1-f051-4919-b261-8a3d6361a700202604302145141777607115860429264.sst" compactIntoNextLevel: true destinationLevel: 2
2026-05-01 03:45:21:136 - Compaction started: 
140694739908160:Compacting sstable1/dc45d5fe-50fa-4ddc-b030-1d4717728931202604302145141777607115855643780.sst sstable1/0d3d04c1-f051-4919-b261-8a3d6361a700202604302145141777607115860429264.sst into:sstable2/ac3f7ac6-0530-48c3-8ffc-c6ff5dd08db5202604302145141777607121159985597.sst
2026-05-01 03:45:21:199 - Compaction completed: 
2806568:COMPACT_START sstable=1 input_files: "sstable1/0d3d04c1-f051-4919-b261-8a3d6361a700202604302145141777607116063559714.sst" input_files: "sstable1/dc45d5fe-50fa-4ddc-b030-1d4717728931202604302145141777607116064846407.sst" compactIntoNextLevel: true destinationLevel: 2
2026-05-01 03:45:21:239 - Compaction started: 
140694739908160:Compacting sstable1/0d3d04c1-f051-4919-b261-8a3d6361a700202604302145141777607116063559714.sst sstable1/dc45d5fe-50fa-4ddc-b030-1d4717728931202604302145141777607116064846407.sst into:sstable2/ac3f7ac6-0530-48c3-8ffc-c6ff5dd08db5202604302145141777607121262695690.sst
2026-05-01 03:45:21:301 - Compaction completed: 
2806568:COMPACT_START sstable=1 input_files: "sstable1/0d3d04c1-f051-4919-b261-8a3d6361a700202604302145141777607116268684134.sst" input_files: "sstable1/dc45d5fe-50fa-4ddc-b030-1d4717728931202604302145141777607116272030800.sst" compactIntoNextLevel: true destinationLevel: 2
2026-05-01 03:45:21:342 - Compaction started: 
140694739908160:Compacting sstable1/0d3d04c1-f051-4919-b261-8a3d6361a700202604302145141777607116268684134.sst sstable1/dc45d5fe-50fa-4ddc-b030-1d4717728931202604302145141777607116272030800.sst into:sstable2/ac3f7ac6-0530-48c3-8ffc-c6ff5dd08db5202604302145141777607121365007014.sst
2026-05-01 03:45:21:402 - Compaction completed: 
2806568:COMPACT_START sstable=1 input_files: "sstable1/0d3d04c1-f051-4919-b261-8a3d6361a700202604302145141777607116472634252.sst" input_files: "sstable1/dc45d5fe-50fa-4ddc-b030-1d4717728931202604302145141777607116820383669.sst" compactIntoNextLevel: true destinationLevel: 2
2026-05-01 03:45:21:444 - Compaction started: 
140694739908160:Compacting sstable1/0d3d04c1-f051-4919-b261-8a3d6361a700202604302145141777607116472634252.sst sstable1/dc45d5fe-50fa-4ddc-b030-1d4717728931202604302145141777607116820383669.sst into:sstable2/ac3f7ac6-0530-48c3-8ffc-c6ff5dd08db5202604302145141777607121468428340.sst
2026-05-01 03:45:21:507 - Compaction completed: 
2806568:COMPACT_START sstable=1 input_files: "sstable1/ac3f7ac6-0530-48c3-8ffc-c6ff5dd08db5202604302145141777607116716963646.sst" input_files: "sstable1/aa500e99-7d6f-4570-a031-e76b7d47375a202604302145141777607116722986198.sst" compactIntoNextLevel: true destinationLevel: 2
2026-05-01 03:45:21:547 - Compaction started: 
140694739908160:Compacting sstable1/ac3f7ac6-0530-48c3-8ffc-c6ff5dd08db5202604302145141777607116716963646.sst sstable1/aa500e99-7d6f-4570-a031-e76b7d47375a202604302145141777607116722986198.sst into:sstable2/ac3f7ac6-0530-48c3-8ffc-c6ff5dd08db5202604302145141777607121571190470.sst
2026-05-01 03:45:21:609 - Compaction completed: 
2806568:COMPACT_START sstable=1 input_files: "sstable1/b10c8a2c-35ed-48ea-800f-997944cbaceb202604302145141777607116939115654.sst" input_files: "sstable1/67a19893-2dac-49d5-95be-955e69d89ee3202604302145141777607116967020889.sst" compactIntoNextLevel: true destinationLevel: 2
2026-05-01 03:45:21:650 - Compaction started: 
140694739908160:Compacting sstable1/b10c8a2c-35ed-48ea-800f-997944cbaceb202604302145141777607116939115654.sst sstable1/67a19893-2dac-49d5-95be-955e69d89ee3202604302145141777607116967020889.sst into:sstable2/ac3f7ac6-0530-48c3-8ffc-c6ff5dd08db5202604302145141777607121671870245.sst
2026-05-01 03:45:21:706 - Compaction completed: 
2806568:COMPACT_START sstable=1 input_files: "sstable1/b10c8a2c-35ed-48ea-800f-997944cbaceb202604302145141777607117175928233.sst" input_files: "sstable1/67a19893-2dac-49d5-95be-955e69d89ee3202604302145141777607117176664123.sst" compactIntoNextLevel: true destinationLevel: 2
2026-05-01 03:45:21:753 - Compaction started: 
140694739908160:Compacting sstable1/b10c8a2c-35ed-48ea-800f-997944cbaceb202604302145141777607117175928233.sst sstable1/67a19893-2dac-49d5-95be-955e69d89ee3202604302145141777607117176664123.sst into:sstable2/ac3f7ac6-0530-48c3-8ffc-c6ff5dd08db5202604302145141777607121775428076.sst
2026-05-01 03:45:21:813 - Compaction completed: 
2806568:COMPACT_START sstable=1 input_files: "sstable1/b10c8a2c-35ed-48ea-800f-997944cbaceb202604302145141777607117382055052.sst" input_files: "sstable1/aa500e99-7d6f-4570-a031-e76b7d47375a202604302145141777607117394759725.sst" compactIntoNextLevel: true destinationLevel: 2
2026-05-01 03:45:21:856 - Compaction started: 
140694739908160:Compacting sstable1/b10c8a2c-35ed-48ea-800f-997944cbaceb202604302145141777607117382055052.sst sstable1/aa500e99-7d6f-4570-a031-e76b7d47375a202604302145141777607117394759725.sst into:sstable2/ac3f7ac6-0530-48c3-8ffc-c6ff5dd08db5202604302145141777607121879268779.sst
2026-05-01 03:45:21:915 - Compaction completed: 
2806568:COMPACT_START sstable=1 input_files: "sstable1/b10c8a2c-35ed-48ea-800f-997944cbaceb202604302145141777607117589497819.sst" input_files: "sstable1/aa500e99-7d6f-4570-a031-e76b7d47375a202604302145141777607117600443243.sst" compactIntoNextLevel: true destinationLevel: 2
2026-05-01 03:45:21:959 - Compaction started: 
140694739908160:Compacting sstable1/b10c8a2c-35ed-48ea-800f-997944cbaceb202604302145141777607117589497819.sst sstable1/aa500e99-7d6f-4570-a031-e76b7d47375a202604302145141777607117600443243.sst into:sstable2/ac3f7ac6-0530-48c3-8ffc-c6ff5dd08db5202604302145141777607121982615114.sst
2026-05-01 03:45:22:022 - Compaction completed: 
2806568:COMPACT_START sstable=1 input_files: "sstable1/b10c8a2c-35ed-48ea-800f-997944cbaceb202604302145141777607117795417150.sst" input_files: "sstable1/aa500e99-7d6f-4570-a031-e76b7d47375a202604302145141777607117806981775.sst" compactIntoNextLevel: true destinationLevel: 2
2026-05-01 03:45:22:062 - Compaction started: 
140694739908160:Compacting sstable1/b10c8a2c-35ed-48ea-800f-997944cbaceb202604302145141777607117795417150.sst sstable1/aa500e99-7d6f-4570-a031-e76b7d47375a202604302145141777607117806981775.sst into:sstable2/ac3f7ac6-0530-48c3-8ffc-c6ff5dd08db5202604302145141777607122085002621.sst
2026-05-01 03:45:22:123 - Compaction completed: 
2806568:COMPACT_START sstable=1 input_files: "sstable1/b10c8a2c-35ed-48ea-800f-997944cbaceb202604302145141777607118001304159.sst" input_files: "sstable1/aa500e99-7d6f-4570-a031-e76b7d47375a202604302145141777607118012560957.sst" compactIntoNextLevel: true destinationLevel: 2
2026-05-01 03:45:22:165 - Compaction started: 
140694739908160:Compacting sstable1/b10c8a2c-35ed-48ea-800f-997944cbaceb202604302145141777607118001304159.sst sstable1/aa500e99-7d6f-4570-a031-e76b7d47375a202604302145141777607118012560957.sst into:sstable2/ac3f7ac6-0530-48c3-8ffc-c6ff5dd08db5202604302145141777607122186095881.sst
2026-05-01 03:45:22:217 - Compaction completed: 
2806568:COMPACT_START sstable=1 input_files: "sstable1/b10c8a2c-35ed-48ea-800f-997944cbaceb202604302145141777607118205979978.sst" input_files: "sstable1/aa500e99-7d6f-4570-a031-e76b7d47375a202604302145141777607118217463491.sst" compactIntoNextLevel: true destinationLevel: 2
2026-05-01 03:45:22:267 - Compaction started: 
140694739908160:Compacting sstable1/b10c8a2c-35ed-48ea-800f-997944cbaceb202604302145141777607118205979978.sst sstable1/aa500e99-7d6f-4570-a031-e76b7d47375a202604302145141777607118217463491.sst into:sstable2/ac3f7ac6-0530-48c3-8ffc-c6ff5dd08db5202604302145141777607122286748024.sst
2026-05-01 03:45:22:317 - Compaction completed: 
2806568:COMPACT_START sstable=1 input_files: "sstable1/b10c8a2c-35ed-48ea-800f-997944cbaceb202604302145141777607118410764691.sst" input_files: "sstable1/aa500e99-7d6f-4570-a031-e76b7d47375a202604302145141777607118422602097.sst" compactIntoNextLevel: true destinationLevel: 2
2026-05-01 03:45:22:369 - Compaction started: 
140694739908160:Compacting sstable1/b10c8a2c-35ed-48ea-800f-997944cbaceb202604302145141777607118410764691.sst sstable1/aa500e99-7d6f-4570-a031-e76b7d47375a202604302145141777607118422602097.sst into:sstable2/ac3f7ac6-0530-48c3-8ffc-c6ff5dd08db5202604302145141777607122389795079.sst
2026-05-01 03:45:22:437 - Compaction completed: 
2806568:COMPACT_START sstable=1 input_files: "sstable1/b10c8a2c-35ed-48ea-800f-997944cbaceb202604302145141777607118613543552.sst" input_files: "sstable1/aa500e99-7d6f-4570-a031-e76b7d47375a202604302145141777607118625689858.sst" compactIntoNextLevel: true destinationLevel: 2
2026-05-01 03:45:22:473 - Compaction started: 
140694739908160:Compacting sstable1/b10c8a2c-35ed-48ea-800f-997944cbaceb202604302145141777607118613543552.sst sstable1/aa500e99-7d6f-4570-a031-e76b7d47375a202604302145141777607118625689858.sst into:sstable2/ac3f7ac6-0530-48c3-8ffc-c6ff5dd08db5202604302145141777607122503072255.sst
2026-05-01 03:45:22:537 - Compaction completed: 
2806568:COMPACT_START sstable=1 input_files: "sstable1/b10c8a2c-35ed-48ea-800f-997944cbaceb202604302145141777607118817406447.sst" input_files: "sstable1/aa500e99-7d6f-4570-a031-e76b7d47375a202604302145141777607118829268219.sst" compactIntoNextLevel: true destinationLevel: 2
2026-05-01 03:45:22:576 - Compaction started: 
140694739908160:Compacting sstable1/b10c8a2c-35ed-48ea-800f-997944cbaceb202604302145141777607118817406447.sst sstable1/aa500e99-7d6f-4570-a031-e76b7d47375a202604302145141777607118829268219.sst into:sstable2/ac3f7ac6-0530-48c3-8ffc-c6ff5dd08db5202604302145141777607122595740047.sst
2026-05-01 03:45:22:628 - Compaction completed: 
2806568:COMPACT_START sstable=1 input_files: "sstable1/b10c8a2c-35ed-48ea-800f-997944cbaceb202604302145141777607119020912191.sst" input_files: "sstable1/aa500e99-7d6f-4570-a031-e76b7d47375a202604302145141777607119033136363.sst" compactIntoNextLevel: true destinationLevel: 2
2026-05-01 03:45:22:679 - Compaction started: 
140694739908160:Compacting sstable1/b10c8a2c-35ed-48ea-800f-997944cbaceb202604302145141777607119020912191.sst sstable1/aa500e99-7d6f-4570-a031-e76b7d47375a202604302145141777607119033136363.sst into:sstable2/ac3f7ac6-0530-48c3-8ffc-c6ff5dd08db5202604302145141777607122701528792.sst
2026-05-01 03:45:22:737 - Compaction completed: 
2806568:COMPACT_START sstable=1 input_files: "sstable1/b10c8a2c-35ed-48ea-800f-997944cbaceb202604302145141777607119224981784.sst" input_files: "sstable1/aa500e99-7d6f-4570-a031-e76b7d47375a202604302145141777607119236060507.sst" compactIntoNextLevel: true destinationLevel: 2
2026-05-01 03:45:22:783 - Compaction started: 
140694739908160:Compacting sstable1/b10c8a2c-35ed-48ea-800f-997944cbaceb202604302145141777607119224981784.sst sstable1/aa500e99-7d6f-4570-a031-e76b7d47375a202604302145141777607119236060507.sst into:sstable2/ac3f7ac6-0530-48c3-8ffc-c6ff5dd08db5202604302145141777607122801990217.sst
2026-05-01 03:45:22:833 - Compaction completed: 
2806568:COMPACT_START sstable=1 input_files: "sstable1/b10c8a2c-35ed-48ea-800f-997944cbaceb202604302145141777607119428368565.sst" input_files: "sstable1/aa500e99-7d6f-4570-a031-e76b7d47375a202604302145141777607119439472426.sst" compactIntoNextLevel: true destinationLevel: 2
2026-05-01 03:45:22:886 - Compaction started: 
140694739908160:Compacting sstable1/b10c8a2c-35ed-48ea-800f-997944cbaceb202604302145141777607119428368565.sst sstable1/aa500e99-7d6f-4570-a031-e76b7d47375a202604302145141777607119439472426.sst into:sstable2/ac3f7ac6-0530-48c3-8ffc-c6ff5dd08db5202604302145141777607122904837587.sst
2026-05-01 03:45:22:936 - Compaction completed: 
2806568:COMPACT_START sstable=1 input_files: "sstable1/b10c8a2c-35ed-48ea-800f-997944cbaceb202604302145141777607119631556874.sst" input_files: "sstable1/aa500e99-7d6f-4570-a031-e76b7d47375a202604302145141777607119642855500.sst" compactIntoNextLevel: true destinationLevel: 2
2026-05-01 03:45:22:990 - Compaction started: 
140694739908160:Compacting sstable1/b10c8a2c-35ed-48ea-800f-997944cbaceb202604302145141777607119631556874.sst sstable1/aa500e99-7d6f-4570-a031-e76b7d47375a202604302145141777607119642855500.sst into:sstable2/ac3f7ac6-0530-48c3-8ffc-c6ff5dd08db5202604302145141777607123009011935.sst
2026-05-01 03:45:23:041 - Compaction completed: 
2806568:COMPACT_START sstable=1 input_files: "sstable1/b10c8a2c-35ed-48ea-800f-997944cbaceb202604302145141777607119835184458.sst" input_files: "sstable1/aa500e99-7d6f-4570-a031-e76b7d47375a202604302145141777607119846751377.sst" compactIntoNextLevel: true destinationLevel: 2
2026-05-01 03:45:23:093 - Compaction started: 
140694739908160:Compacting sstable1/b10c8a2c-35ed-48ea-800f-997944cbaceb202604302145141777607119835184458.sst sstable1/aa500e99-7d6f-4570-a031-e76b7d47375a202604302145141777607119846751377.sst into:sstable2/ac3f7ac6-0530-48c3-8ffc-c6ff5dd08db5202604302145141777607123110911006.sst
2026-05-01 03:45:23:140 - Compaction completed: 
2806568:COMPACT_START sstable=1 input_files: "sstable1/b10c8a2c-35ed-48ea-800f-997944cbaceb202604302145141777607120037983557.sst" input_files: "sstable1/aa500e99-7d6f-4570-a031-e76b7d47375a202604302145141777607120050330980.sst" compactIntoNextLevel: true destinationLevel: 2
2026-05-01 03:45:23:197 - Compaction started: 
140694739908160:Compacting sstable1/b10c8a2c-35ed-48ea-800f-997944cbaceb202604302145141777607120037983557.sst sstable1/aa500e99-7d6f-4570-a031-e76b7d47375a202604302145141777607120050330980.sst into:sstable2/ac3f7ac6-0530-48c3-8ffc-c6ff5dd08db5202604302145141777607123213873992.sst
2026-05-01 03:45:23:241 - Compaction completed: 
2806568:COMPACT_START sstable=1 input_files: "sstable1/b10c8a2c-35ed-48ea-800f-997944cbaceb202604302145141777607120241736335.sst" input_files: "sstable1/aa500e99-7d6f-4570-a031-e76b7d47375a202604302145141777607120253426705.sst" compactIntoNextLevel: true destinationLevel: 2
2026-05-01 03:45:23:304 - Compaction started: 
140694739908160:Compacting sstable1/b10c8a2c-35ed-48ea-800f-997944cbaceb202604302145141777607120241736335.sst sstable1/aa500e99-7d6f-4570-a031-e76b7d47375a202604302145141777607120253426705.sst into:sstable2/ac3f7ac6-0530-48c3-8ffc-c6ff5dd08db5202604302145141777607123321074705.sst
2026-05-01 03:45:23:349 - Compaction completed: 
2806568:COMPACT_START sstable=1 input_files: "sstable1/b10c8a2c-35ed-48ea-800f-997944cbaceb202604302145141777607120449320226.sst" input_files: "sstable1/aa500e99-7d6f-4570-a031-e76b7d47375a202604302145141777607120462087716.sst" compactIntoNextLevel: true destinationLevel: 2
2026-05-01 03:45:23:407 - Compaction started: 
140694739908160:Compacting sstable1/b10c8a2c-35ed-48ea-800f-997944cbaceb202604302145141777607120449320226.sst sstable1/aa500e99-7d6f-4570-a031-e76b7d47375a202604302145141777607120462087716.sst into:sstable2/ac3f7ac6-0530-48c3-8ffc-c6ff5dd08db5202604302145141777607123424501040.sst
2026-05-01 03:45:23:454 - Compaction completed: 
2806568:COMPACT_START sstable=1 input_files: "sstable1/b10c8a2c-35ed-48ea-800f-997944cbaceb202604302145141777607120657587889.sst" input_files: "sstable1/aa500e99-7d6f-4570-a031-e76b7d47375a202604302145141777607120668393651.sst" compactIntoNextLevel: true destinationLevel: 2
2026-05-01 03:45:23:511 - Compaction started: 
140694739908160:Compacting sstable1/b10c8a2c-35ed-48ea-800f-997944cbaceb202604302145141777607120657587889.sst sstable1/aa500e99-7d6f-4570-a031-e76b7d47375a202604302145141777607120668393651.sst into:sstable2/ac3f7ac6-0530-48c3-8ffc-c6ff5dd08db5202604302145141777607123531841555.sst
2026-05-01 03:45:23:561 - Compaction completed: 
2806568:COMPACT_START sstable=1 input_files: "sstable2/ac3f7ac6-0530-48c3-8ffc-c6ff5dd08db5202604302145141777607120955841827.sst" input_files: "sstable2/b10c8a2c-35ed-48ea-800f-997944cbaceb202604302145141777607120987336673.sst" compactIntoNextLevel: false destinationLevel: 2
2026-05-01 03:45:23:619 - Compaction started: 
140694739908160:Compacting sstable2/ac3f7ac6-0530-48c3-8ffc-c6ff5dd08db5202604302145141777607120955841827.sst sstable2/b10c8a2c-35ed-48ea-800f-997944cbaceb202604302145141777607120987336673.sst into:sstable2/0_ac3f7ac6-0530-48c3-8ffc-c6ff5dd08db5202604302145141777607123695928645.sst
2026-05-01 03:45:23:784 - Compaction completed: 
2806568:COMPACT_START sstable=1 input_files: "sstable2/67a19893-2dac-49d5-95be-955e69d89ee3202604302145141777607121129930271.sst" input_files: "sstable2/7b4af759-aafb-43bf-9daf-da1a64ebd4b1202604302145141777607121143153927.sst" compactIntoNextLevel: false destinationLevel: 2
2026-05-01 03:45:23:831 - Compaction started: 
140694739908160:Compacting sstable2/67a19893-2dac-49d5-95be-955e69d89ee3202604302145141777607121129930271.sst sstable2/7b4af759-aafb-43bf-9daf-da1a64ebd4b1202604302145141777607121143153927.sst into:sstable2/0_ac3f7ac6-0530-48c3-8ffc-c6ff5dd08db5202604302145141777607123899784926.sst
2026-05-01 03:45:24:000 - Compaction completed: 
2806568:COMPACT_START sstable=1 input_files: "sstable2/0_67a19893-2dac-49d5-95be-955e69d89ee3202604302145141777607123832788902.sst" input_files: "sstable2/0_0d3d04c1-f051-4919-b261-8a3d6361a700202604302145141777607123847860993.sst" compactIntoNextLevel: false destinationLevel: 2
2026-05-01 03:45:24:038 - Compaction started: 
140694739908160:Compacting sstable2/0_67a19893-2dac-49d5-95be-955e69d89ee3202604302145141777607123832788902.sst sstable2/0_0d3d04c1-f051-4919-b261-8a3d6361a700202604302145141777607123847860993.sst into:sstable2/1_ac3f7ac6-0530-48c3-8ffc-c6ff5dd08db5202604302145141777607124180736069.sst
2026-05-01 03:45:24:365 - Compaction completed: 
2806568:COMPACT_START sstable=1 input_files: "sstable2/67a19893-2dac-49d5-95be-955e69d89ee3202604302145141777607121333636441.sst" input_files: "sstable2/7b4af759-aafb-43bf-9daf-da1a64ebd4b1202604302145141777607121349749434.sst" compactIntoNextLevel: false destinationLevel: 2
2026-05-01 03:45:24:450 - Compaction started: 
140694739908160:Compacting sstable2/67a19893-2dac-49d5-95be-955e69d89ee3202604302145141777607121333636441.sst sstable2/7b4af759-aafb-43bf-9daf-da1a64ebd4b1202604302145141777607121349749434.sst into:sstable2/0_ac3f7ac6-0530-48c3-8ffc-c6ff5dd08db5202604302145141777607124501023932.sst
2026-05-01 03:45:24:580 - Compaction completed: 
2806568:COMPACT_START sstable=1 input_files: "sstable2/1_7b4af759-aafb-43bf-9daf-da1a64ebd4b1202604302145141777607124192455955.sst" input_files: "sstable2/1_aa500e99-7d6f-4570-a031-e76b7d47375a202604302145141777607124424110251.sst" compactIntoNextLevel: false destinationLevel: 2
2026-05-01 03:45:24:657 - Compaction started: 
140694739908160:Compacting sstable2/1_7b4af759-aafb-43bf-9daf-da1a64ebd4b1202604302145141777607124192455955.sst sstable2/1_aa500e99-7d6f-4570-a031-e76b7d47375a202604302145141777607124424110251.sst into:sstable2/2_ac3f7ac6-0530-48c3-8ffc-c6ff5dd08db5202604302145141777607124890292581.sst
2026-05-01 03:45:25:219 - Compaction completed: 
2806568:COMPACT_START sstable=1 input_files: "sstable2/2_7b4af759-aafb-43bf-9daf-da1a64ebd4b1202604302145141777607124633233208.sst" input_files: "sstable2/2_ac3f7ac6-0530-48c3-8ffc-c6ff5dd08db5202604302145141777607124890292581.sst" compactIntoNextLevel: false destinationLevel: 2
2026-05-01 03:45:25:265 - Compaction started: 
140694739908160:Compacting sstable2/2_7b4af759-aafb-43bf-9daf-da1a64ebd4b1202604302145141777607124633233208.sst sstable2/2_ac3f7ac6-0530-48c3-8ffc-c6ff5dd08db5202604302145141777607124890292581.sst into:sstable2/3_ac3f7ac6-0530-48c3-8ffc-c6ff5dd08db5202604302145141777607125774221358.sst
2026-05-01 03:45:26:458 - Compaction completed: 
2806568:COMPACT_START sstable=1 input_files: "sstable2/2_dc45d5fe-50fa-4ddc-b030-1d4717728931202604302145141777607125761596385.sst" input_files: "sstable2/2_aa500e99-7d6f-4570-a031-e76b7d47375a202604302145141777607126135826445.sst" compactIntoNextLevel: false destinationLevel: 2
2026-05-01 03:45:26:480 - Compaction started: 
140694739908160:Compacting sstable2/2_dc45d5fe-50fa-4ddc-b030-1d4717728931202604302145141777607125761596385.sst sstable2/2_aa500e99-7d6f-4570-a031-e76b7d47375a202604302145141777607126135826445.sst into:sstable2/3_ac3f7ac6-0530-48c3-8ffc-c6ff5dd08db5202604302145141777607126925673520.sst
2026-05-01 03:45:27:574 - Compaction completed: 
2806568:COMPACT_START sstable=1 input_files: "sstable2/ac3f7ac6-0530-48c3-8ffc-c6ff5dd08db5202604302145141777607122186095881.sst" input_files: "sstable2/b10c8a2c-35ed-48ea-800f-997944cbaceb202604302145141777607122229101652.sst" compactIntoNextLevel: false destinationLevel: 2
2026-05-01 03:45:27:602 - Compaction started: 
140694739908160:Compacting sstable2/ac3f7ac6-0530-48c3-8ffc-c6ff5dd08db5202604302145141777607122186095881.sst sstable2/b10c8a2c-35ed-48ea-800f-997944cbaceb202604302145141777607122229101652.sst into:sstable2/0_ac3f7ac6-0530-48c3-8ffc-c6ff5dd08db5202604302145141777607127651838644.sst
2026-05-01 03:45:27:723 - Compaction completed: 
2806568:COMPACT_START sstable=1 input_files: "sstable2/67a19893-2dac-49d5-95be-955e69d89ee3202604302145141777607122255340201.sst" input_files: "sstable2/0d3d04c1-f051-4919-b261-8a3d6361a700202604302145141777607122265575554.sst" compactIntoNextLevel: false destinationLevel: 2
2026-05-01 03:45:27:811 - Compaction started: 
140694739908160:Compacting sstable2/67a19893-2dac-49d5-95be-955e69d89ee3202604302145141777607122255340201.sst sstable2/0d3d04c1-f051-4919-b261-8a3d6361a700202604302145141777607122265575554.sst into:sstable2/0_ac3f7ac6-0530-48c3-8ffc-c6ff5dd08db5202604302145141777607127858923810.sst
2026-05-01 03:45:27:931 - Compaction completed: 
2806568:COMPACT_START sstable=1 input_files: "sstable2/2_dc45d5fe-50fa-4ddc-b030-1d4717728931202604302145141777607127264544207.sst" input_files: "sstable2/2_b10c8a2c-35ed-48ea-800f-997944cbaceb202604302145141777607127598760687.sst" compactIntoNextLevel: false destinationLevel: 2
2026-05-01 03:45:28:017 - Compaction started: 
140694739908160:Compacting sstable2/2_dc45d5fe-50fa-4ddc-b030-1d4717728931202604302145141777607127264544207.sst sstable2/2_b10c8a2c-35ed-48ea-800f-997944cbaceb202604302145141777607127598760687.sst into:sstable2/3_ac3f7ac6-0530-48c3-8ffc-c6ff5dd08db5202604302145141777607128421667301.sst
2026-05-01 03:45:29:044 - Compaction completed: 
2806568:COMPACT_START sstable=1 input_files: "sstable2/67a19893-2dac-49d5-95be-955e69d89ee3202604302145141777607122562549441.sst" input_files: "sstable2/0d3d04c1-f051-4919-b261-8a3d6361a700202604302145141777607122574688723.sst" compactIntoNextLevel: false destinationLevel: 2
2026-05-01 03:45:29:064 - Compaction started: 
140694739908160:Compacting sstable2/67a19893-2dac-49d5-95be-955e69d89ee3202604302145141777607122562549441.sst sstable2/0d3d04c1-f051-4919-b261-8a3d6361a700202604302145141777607122574688723.sst into:sstable2/0_ac3f7ac6-0530-48c3-8ffc-c6ff5dd08db5202604302145141777607129116004384.sst
2026-05-01 03:45:29:190 - Compaction completed: 
2806568:COMPACT_START sstable=1 input_files: "sstable2/ac3f7ac6-0530-48c3-8ffc-c6ff5dd08db5202604302145141777607122595740047.sst" input_files: "sstable2/b10c8a2c-35ed-48ea-800f-997944cbaceb202604302145141777607122637465186.sst" compactIntoNextLevel: false destinationLevel: 2
2026-05-01 03:45:29:276 - Compaction started: 
140694739908160:Compacting sstable2/ac3f7ac6-0530-48c3-8ffc-c6ff5dd08db5202604302145141777607122595740047.sst sstable2/b10c8a2c-35ed-48ea-800f-997944cbaceb202604302145141777607122637465186.sst into:sstable2/0_ac3f7ac6-0530-48c3-8ffc-c6ff5dd08db5202604302145141777607129326157583.sst
2026-05-01 03:45:29:401 - Compaction completed: 
2806568:COMPACT_START sstable=1 input_files: "sstable2/1_0d3d04c1-f051-4919-b261-8a3d6361a700202604302145141777607129011403697.sst" input_files: "sstable2/1_0d3d04c1-f051-4919-b261-8a3d6361a700202604302145141777607129325082998.sst" compactIntoNextLevel: false destinationLevel: 2
2026-05-01 03:45:29:484 - Compaction started: 
140694739908160:Compacting sstable2/1_0d3d04c1-f051-4919-b261-8a3d6361a700202604302145141777607129011403697.sst sstable2/1_0d3d04c1-f051-4919-b261-8a3d6361a700202604302145141777607129325082998.sst into:sstable2/2_ac3f7ac6-0530-48c3-8ffc-c6ff5dd08db5202604302145141777607129674927402.sst
2026-05-01 03:45:30:004 - Compaction completed: 
2806568:COMPACT_START sstable=1 input_files: "sstable2/0_7b2a448f-5fb1-4973-b84b-f90e9ebb21ab202604302145141777607129822375071.sst" input_files: "sstable2/0_0d3d04c1-f051-4919-b261-8a3d6361a700202604302145141777607129818001781.sst" compactIntoNextLevel: false destinationLevel: 2
2026-05-01 03:45:30:017 - Compaction started: 
140694739908160:Compacting sstable2/0_7b2a448f-5fb1-4973-b84b-f90e9ebb21ab202604302145141777607129822375071.sst sstable2/0_0d3d04c1-f051-4919-b261-8a3d6361a700202604302145141777607129818001781.sst into:sstable2/1_ac3f7ac6-0530-48c3-8ffc-c6ff5dd08db5202604302145141777607130108381964.sst
2026-05-01 03:45:30:252 - Compaction completed: 
2806568:COMPACT_START sstable=1 input_files: "sstable2/aa500e99-7d6f-4570-a031-e76b7d47375a202604302145141777607122849866450.sst" input_files: "sstable2/dc45d5fe-50fa-4ddc-b030-1d4717728931202604302145141777607122858739007.sst" compactIntoNextLevel: false destinationLevel: 2
2026-05-01 03:45:30:329 - Compaction started: 
140694739908160:Compacting sstable2/aa500e99-7d6f-4570-a031-e76b7d47375a202604302145141777607122849866450.sst sstable2/dc45d5fe-50fa-4ddc-b030-1d4717728931202604302145141777607122858739007.sst into:sstable2/0_ac3f7ac6-0530-48c3-8ffc-c6ff5dd08db5202604302145141777607130378359639.sst
2026-05-01 03:45:30:449 - Compaction completed: 
2806568:COMPACT_START sstable=1 input_files: "sstable2/0_7b2a448f-5fb1-4973-b84b-f90e9ebb21ab202604302145141777607130238900900.sst" input_files: "sstable2/0_ac3f7ac6-0530-48c3-8ffc-c6ff5dd08db5202604302145141777607130378359639.sst" compactIntoNextLevel: false destinationLevel: 2
2026-05-01 03:45:30:539 - Compaction started: 
140694739908160:Compacting sstable2/0_7b2a448f-5fb1-4973-b84b-f90e9ebb21ab202604302145141777607130238900900.sst sstable2/0_ac3f7ac6-0530-48c3-8ffc-c6ff5dd08db5202604302145141777607130378359639.sst into:sstable2/1_ac3f7ac6-0530-48c3-8ffc-c6ff5dd08db5202604302145141777607130624516628.sst
2026-05-01 03:45:30:762 - Compaction completed: 
2806568:COMPACT_START sstable=1 input_files: "sstable2/67a19893-2dac-49d5-95be-955e69d89ee3202604302145141777607122972601561.sst" input_files: "sstable2/7b4af759-aafb-43bf-9daf-da1a64ebd4b1202604302145141777607122986388894.sst" compactIntoNextLevel: false destinationLevel: 2
2026-05-01 03:45:30:851 - Compaction started: 
140694739908160:Compacting sstable2/67a19893-2dac-49d5-95be-955e69d89ee3202604302145141777607122972601561.sst sstable2/7b4af759-aafb-43bf-9daf-da1a64ebd4b1202604302145141777607122986388894.sst into:sstable2/0_ac3f7ac6-0530-48c3-8ffc-c6ff5dd08db5202604302145141777607130898504554.sst
2026-05-01 03:45:30:967 - Compaction completed: 
2806568:COMPACT_START sstable=1 input_files: "sstable2/0d3d04c1-f051-4919-b261-8a3d6361a700202604302145141777607122988472531.sst" input_files: "sstable2/7b2a448f-5fb1-4973-b84b-f90e9ebb21ab202604302145141777607123007396806.sst" compactIntoNextLevel: false destinationLevel: 2
2026-05-01 03:45:31:062 - Compaction started: 
140694739908160:Compacting sstable2/0d3d04c1-f051-4919-b261-8a3d6361a700202604302145141777607122988472531.sst sstable2/7b2a448f-5fb1-4973-b84b-f90e9ebb21ab202604302145141777607123007396806.sst into:sstable2/0_ac3f7ac6-0530-48c3-8ffc-c6ff5dd08db5202604302145141777607131110276648.sst
2026-05-01 03:45:31:181 - Compaction completed: 
2806568:COMPACT_START sstable=1 input_files: "sstable2/2_dc45d5fe-50fa-4ddc-b030-1d4717728931202604302145141777607130456663677.sst" input_files: "sstable2/2_dc45d5fe-50fa-4ddc-b030-1d4717728931202604302145141777607130964635065.sst" compactIntoNextLevel: false destinationLevel: 2
2026-05-01 03:45:31:271 - Compaction started: 
140694739908160:Compacting sstable2/2_dc45d5fe-50fa-4ddc-b030-1d4717728931202604302145141777607130456663677.sst sstable2/2_dc45d5fe-50fa-4ddc-b030-1d4717728931202604302145141777607130964635065.sst into:sstable2/3_ac3f7ac6-0530-48c3-8ffc-c6ff5dd08db5202604302145141777607131663032391.sst
2026-05-01 03:45:32:238 - Compaction completed: 
2806568:COMPACT_START sstable=1 input_files: "sstable2/3_7b4af759-aafb-43bf-9daf-da1a64ebd4b1202604302145141777607130928188143.sst" input_files: "sstable2/3_ac3f7ac6-0530-48c3-8ffc-c6ff5dd08db5202604302145141777607131663032391.sst" compactIntoNextLevel: false destinationLevel: 2
2026-05-01 03:45:32:297 - Compaction started: 
140694739908160:Compacting sstable2/3_7b4af759-aafb-43bf-9daf-da1a64ebd4b1202604302145141777607130928188143.sst sstable2/3_ac3f7ac6-0530-48c3-8ffc-c6ff5dd08db5202604302145141777607131663032391.sst into:sstable2/4_ac3f7ac6-0530-48c3-8ffc-c6ff5dd08db5202604302145141777607133158194381.sst
2026-05-01 03:45:34:302 - Compaction completed: 
2806568:COMPACT_START sstable=1 input_files: "sstable2/5_0d3d04c1-f051-4919-b261-8a3d6361a700202604302145141777607132425535311.sst" input_files: "sstable2/5_67a19893-2dac-49d5-95be-955e69d89ee3202604302145141777607134802525678.sst" compactIntoNextLevel: false destinationLevel: 2
2026-05-01 03:45:37:075 - Compaction started: 
2026-05-01 03:45:44:512 30 sec: 185589 operations; 6186.3 current ops/sec; est completion in 1 day 20 hours [READ: Count=185622, Max=2533375, Min=5, Avg=159.62, 90=209, 99=415, 99.9=3997, 99.99=51775] 
140694739908160:Compacting sstable2/5_0d3d04c1-f051-4919-b261-8a3d6361a700202604302145141777607132425535311.sst sstable2/5_67a19893-2dac-49d5-95be-955e69d89ee3202604302145141777607134802525678.sst into:sstable2/6_ac3f7ac6-0530-48c3-8ffc-c6ff5dd08db5202604302145141777607141462543557.sst
2026-05-01 03:45:46:375 - Compaction completed: 
