# CMD: /usr/lib/jvm/java-8-openjdk-amd64/bin/java -cp /users/Xinying/ozonedb/ycsb/ozonedb/conf:/users/Xinying/ozonedb/ycsb/ozonedb/target/ozonedb-binding-0.18.0-SNAPSHOT.jar:/users/Xinying/.m2/repository/org/apache/htrace/htrace-core4/4.1.0-incubating/htrace-core4-4.1.0-incubating.jar:/users/Xinying/.m2/repository/org/slf4j/slf4j-api/1.7.25/slf4j-api-1.7.25.jar:/users/Xinying/.m2/repository/org/hdrhistogram/HdrHistogram/2.1.12/HdrHistogram-2.1.12.jar:/users/Xinying/.m2/repository/ch/qos/logback/logback-classic/1.2.3/logback-classic-1.2.3.jar:/users/Xinying/.m2/repository/ozonedbjnimaven/demoproc-jni/1.0/demoproc-jni-1.0.jar:/users/Xinying/.m2/repository/ch/qos/logback/logback-core/1.2.3/logback-core-1.2.3.jar:/users/Xinying/.m2/repository/org/codehaus/jackson/jackson-mapper-asl/1.9.4/jackson-mapper-asl-1.9.4.jar:/users/Xinying/.m2/repository/org/slf4j/slf4j-simple/1.7.25/slf4j-simple-1.7.25.jar:/users/Xinying/.m2/repository/org/codehaus/jackson/jackson-core-asl/1.9.4/jackson-core-asl-1.9.4.jar:/users/Xinying/ozonedb/ycsb/core/target/core-0.18.0-SNAPSHOT.jar site.ycsb.Client -db site.ycsb.db.OzoneDBClient -threads 1 -s -P /users/Xinying/ozonedb/ycsb/workloads/generated_workloads/workloadc_1KB_1000000_1000000 -p status.interval=30 -p requestdistribution=uniform -p operationcount=1000000000 -p maxexecutiontime=660 -p shared_config=/tmp/churn_v4_configs/shared_config_varyW_n8_r0pct.json -t
# env OZONEDB_CHURN_ABORT_RATE=0.0
Command line: -db site.ycsb.db.OzoneDBClient -threads 1 -s -P /users/Xinying/ozonedb/ycsb/workloads/generated_workloads/workloadc_1KB_1000000_1000000 -p status.interval=30 -p requestdistribution=uniform -p operationcount=1000000000 -p maxexecutiontime=660 -p shared_config=/tmp/churn_v4_configs/shared_config_varyW_n8_r0pct.json -t
YCSB Client 0.18.0-SNAPSHOT

Loading workload...
Starting test.
SLF4J: Class path contains multiple SLF4J bindings.
SLF4J: Found binding in [jar:file:/users/Xinying/.m2/repository/ch/qos/logback/logback-classic/1.2.3/logback-classic-1.2.3.jar!/org/slf4j/impl/StaticLoggerBinder.class]
SLF4J: Found binding in [jar:file:/users/Xinying/.m2/repository/org/slf4j/slf4j-simple/1.7.25/slf4j-simple-1.7.25.jar!/org/slf4j/impl/StaticLoggerBinder.class]
SLF4J: See http://www.slf4j.org/codes.html#multiple_bindings for an explanation.
SLF4J: Actual binding is of type [ch.qos.logback.classic.util.ContextSelectorStaticBinder]
Maximum execution time specified as: 660 secs
2026-05-01 03:45:14:513 0 sec: 0 operations; est completion in 0 second 
Starting compaction watcher
DBWrapper: report latency for each error is false and specific error codes to track for latency are: []
2806566:COMPACT_START sstable=0 input_files: "datalog/1" input_files: "datalog/2" compactIntoNextLevel: true destinationLevel: 1
2026-05-01 03:45:14:590 - Compaction started: 
139773293241920:Compacting datalog/1 datalog/2 into:sstable1/aa500e99-7d6f-4570-a031-e76b7d47375a202604302145141777607114708562481.sst
2026-05-01 03:45:14:735 - Compaction completed: 
2806566:COMPACT_START sstable=0 input_files: "datalog/19" input_files: "datalog/20" compactIntoNextLevel: true destinationLevel: 1
2026-05-01 03:45:14:816 - Compaction started: 
139773293241920:Compacting datalog/19 datalog/20 into:sstable1/aa500e99-7d6f-4570-a031-e76b7d47375a202604302145141777607114996008723.sst
2026-05-01 03:45:15:050 - Compaction completed: 
2806566:COMPACT_START sstable=0 input_files: "datalog/39" input_files: "datalog/40" compactIntoNextLevel: true destinationLevel: 1
2026-05-01 03:45:15:121 - Compaction started: 
139773293241920:Compacting datalog/39 datalog/40 into:sstable1/aa500e99-7d6f-4570-a031-e76b7d47375a202604302145141777607115193275329.sst
2026-05-01 03:45:15:215 - Compaction completed: 
2806566:COMPACT_START sstable=0 input_files: "datalog/53" input_files: "datalog/54" compactIntoNextLevel: true destinationLevel: 1
2026-05-01 03:45:15:224 - Compaction started: 
139773293241920:Compacting datalog/53 datalog/54 into:sstable1/aa500e99-7d6f-4570-a031-e76b7d47375a202604302145141777607115227102809.sst
2026-05-01 03:45:15:246 - Compaction completed: 
2806566:COMPACT_START sstable=0 input_files: "datalog/59" input_files: "datalog/60" compactIntoNextLevel: true destinationLevel: 1
2026-05-01 03:45:15:326 - Compaction started: 
139773293241920:Compacting datalog/59 datalog/60 into:sstable1/aa500e99-7d6f-4570-a031-e76b7d47375a202604302145141777607115416626105.sst
2026-05-01 03:45:15:436 - Compaction completed: 
2806566:COMPACT_START sstable=0 input_files: "datalog/77" input_files: "datalog/78" compactIntoNextLevel: true destinationLevel: 1
2026-05-01 03:45:15:569 - Compaction started: 
139773293241920:Compacting datalog/77 datalog/78 into:sstable1/aa500e99-7d6f-4570-a031-e76b7d47375a202604302145141777607115572257210.sst
2026-05-01 03:45:15:593 - Compaction completed: 
2806566:COMPACT_START sstable=0 input_files: "datalog/91" input_files: "datalog/92" compactIntoNextLevel: true destinationLevel: 1
2026-05-01 03:45:15:673 - Compaction started: 
139773293241920:Compacting datalog/91 datalog/92 into:sstable1/aa500e99-7d6f-4570-a031-e76b7d47375a202604302145141777607115676418263.sst
2026-05-01 03:45:15:695 - Compaction completed: 
2806566:COMPACT_START sstable=0 input_files: "datalog/107" input_files: "datalog/108" compactIntoNextLevel: true destinationLevel: 1
2026-05-01 03:45:15:778 - Compaction started: 
139773293241920:Compacting datalog/107 datalog/108 into:sstable1/aa500e99-7d6f-4570-a031-e76b7d47375a202604302145141777607115781410705.sst
2026-05-01 03:45:15:803 - Compaction completed: 
2806566:COMPACT_START sstable=0 input_files: "datalog/121" input_files: "datalog/122" compactIntoNextLevel: true destinationLevel: 1
2026-05-01 03:45:15:880 - Compaction started: 
139773293241920:Compacting datalog/121 datalog/122 into:sstable1/aa500e99-7d6f-4570-a031-e76b7d47375a202604302145141777607115883662348.sst
2026-05-01 03:45:15:905 - Compaction completed: 
2806566:COMPACT_START sstable=0 input_files: "datalog/135" input_files: "datalog/136" compactIntoNextLevel: true destinationLevel: 1
2026-05-01 03:45:15:983 - Compaction started: 
139773293241920:Compacting datalog/135 datalog/136 into:sstable1/aa500e99-7d6f-4570-a031-e76b7d47375a202604302145141777607115986784272.sst
2026-05-01 03:45:16:011 - Compaction completed: 
2806566:COMPACT_START sstable=0 input_files: "datalog/153" input_files: "datalog/154" compactIntoNextLevel: true destinationLevel: 1
2026-05-01 03:45:16:090 - Compaction started: 
139773293241920:Compacting datalog/153 datalog/154 into:sstable1/aa500e99-7d6f-4570-a031-e76b7d47375a202604302145141777607116092801606.sst
2026-05-01 03:45:16:115 - Compaction completed: 
2806566:COMPACT_START sstable=0 input_files: "datalog/169" input_files: "datalog/170" compactIntoNextLevel: true destinationLevel: 1
2026-05-01 03:45:16:192 - Compaction started: 
139773293241920:Compacting datalog/169 datalog/170 into:sstable1/aa500e99-7d6f-4570-a031-e76b7d47375a202604302145141777607116237657206.sst
2026-05-01 03:45:16:261 - Compaction completed: 
2806566:COMPACT_START sstable=0 input_files: "datalog/185" input_files: "datalog/186" compactIntoNextLevel: true destinationLevel: 1
2026-05-01 03:45:16:298 - Compaction started: 
139773293241920:Compacting datalog/185 datalog/186 into:sstable1/aa500e99-7d6f-4570-a031-e76b7d47375a202604302145141777607116304612804.sst
2026-05-01 03:45:16:327 - Compaction completed: 
2806566:COMPACT_START sstable=0 input_files: "datalog/201" input_files: "datalog/202" compactIntoNextLevel: true destinationLevel: 1
2026-05-01 03:45:16:401 - Compaction started: 
139773293241920:Compacting datalog/201 datalog/202 into:sstable1/aa500e99-7d6f-4570-a031-e76b7d47375a202604302145141777607116404134508.sst
2026-05-01 03:45:16:424 - Compaction completed: 
2806566:COMPACT_START sstable=0 input_files: "datalog/217" input_files: "datalog/218" compactIntoNextLevel: true destinationLevel: 1
2026-05-01 03:45:16:511 - Compaction started: 
139773293241920:Compacting datalog/217 datalog/218 into:sstable1/aa500e99-7d6f-4570-a031-e76b7d47375a202604302145141777607116514465991.sst
2026-05-01 03:45:16:535 - Compaction completed: 
2806566:COMPACT_START sstable=0 input_files: "datalog/229" input_files: "datalog/230" compactIntoNextLevel: true destinationLevel: 1
2026-05-01 03:45:16:615 - Compaction started: 
139773293241920:Compacting datalog/229 datalog/230 into:sstable1/aa500e99-7d6f-4570-a031-e76b7d47375a202604302145141777607116618298889.sst
2026-05-01 03:45:16:640 - Compaction completed: 
2806566:COMPACT_START sstable=0 input_files: "datalog/243" input_files: "datalog/244" compactIntoNextLevel: true destinationLevel: 1
2026-05-01 03:45:16:720 - Compaction started: 
139773293241920:Compacting datalog/243 datalog/244 into:sstable1/aa500e99-7d6f-4570-a031-e76b7d47375a202604302145141777607116722986198.sst
2026-05-01 03:45:16:742 - Compaction completed: 
2806566:COMPACT_START sstable=0 input_files: "datalog/257" input_files: "datalog/258" compactIntoNextLevel: true destinationLevel: 1
2026-05-01 03:45:16:875 - Compaction started: 
139773293241920:Compacting datalog/257 datalog/258 into:sstable1/aa500e99-7d6f-4570-a031-e76b7d47375a202604302145141777607116878926763.sst
2026-05-01 03:45:16:901 - Compaction completed: 
2806566:COMPACT_START sstable=0 input_files: "datalog/277" input_files: "datalog/278" compactIntoNextLevel: true destinationLevel: 1
2026-05-01 03:45:16:979 - Compaction started: 
139773293241920:Compacting datalog/277 datalog/278 into:sstable1/aa500e99-7d6f-4570-a031-e76b7d47375a202604302145141777607116981516600.sst
2026-05-01 03:45:16:998 - Compaction completed: 
2806566:COMPACT_START sstable=0 input_files: "datalog/293" input_files: "datalog/294" compactIntoNextLevel: true destinationLevel: 1
2026-05-01 03:45:17:082 - Compaction started: 
139773293241920:Compacting datalog/293 datalog/294 into:sstable1/aa500e99-7d6f-4570-a031-e76b7d47375a202604302145141777607117086191196.sst
2026-05-01 03:45:17:110 - Compaction completed: 
2806566:COMPACT_START sstable=0 input_files: "datalog/309" input_files: "datalog/310" compactIntoNextLevel: true destinationLevel: 1
2026-05-01 03:45:17:185 - Compaction started: 
139773293241920:Compacting datalog/309 datalog/310 into:sstable1/aa500e99-7d6f-4570-a031-e76b7d47375a202604302145141777607117189161557.sst
2026-05-01 03:45:17:207 - Compaction completed: 
2806566:COMPACT_START sstable=0 input_files: "datalog/325" input_files: "datalog/326" compactIntoNextLevel: true destinationLevel: 1
2026-05-01 03:45:17:289 - Compaction started: 
139773293241920:Compacting datalog/325 datalog/326 into:sstable1/aa500e99-7d6f-4570-a031-e76b7d47375a202604302145141777607117291819291.sst
2026-05-01 03:45:17:308 - Compaction completed: 
2806566:COMPACT_START sstable=0 input_files: "datalog/339" input_files: "datalog/340" compactIntoNextLevel: true destinationLevel: 1
2026-05-01 03:45:17:392 - Compaction started: 
139773293241920:Compacting datalog/339 datalog/340 into:sstable1/aa500e99-7d6f-4570-a031-e76b7d47375a202604302145141777607117394759725.sst
2026-05-01 03:45:17:412 - Compaction completed: 
2806566:COMPACT_START sstable=0 input_files: "datalog/355" input_files: "datalog/356" compactIntoNextLevel: true destinationLevel: 1
2026-05-01 03:45:17:495 - Compaction started: 
139773293241920:Compacting datalog/355 datalog/356 into:sstable1/aa500e99-7d6f-4570-a031-e76b7d47375a202604302145141777607117497972800.sst
2026-05-01 03:45:17:515 - Compaction completed: 
2806566:COMPACT_START sstable=0 input_files: "datalog/371" input_files: "datalog/372" compactIntoNextLevel: true destinationLevel: 1
2026-05-01 03:45:17:598 - Compaction started: 
139773293241920:Compacting datalog/371 datalog/372 into:sstable1/aa500e99-7d6f-4570-a031-e76b7d47375a202604302145141777607117600443243.sst
2026-05-01 03:45:17:617 - Compaction completed: 
2806566:COMPACT_START sstable=0 input_files: "datalog/387" input_files: "datalog/388" compactIntoNextLevel: true destinationLevel: 1
2026-05-01 03:45:17:700 - Compaction started: 
139773293241920:Compacting datalog/387 datalog/388 into:sstable1/aa500e99-7d6f-4570-a031-e76b7d47375a202604302145141777607117703263291.sst
2026-05-01 03:45:17:720 - Compaction completed: 
2806566:COMPACT_START sstable=0 input_files: "datalog/403" input_files: "datalog/404" compactIntoNextLevel: true destinationLevel: 1
2026-05-01 03:45:17:804 - Compaction started: 
139773293241920:Compacting datalog/403 datalog/404 into:sstable1/aa500e99-7d6f-4570-a031-e76b7d47375a202604302145141777607117806981775.sst
2026-05-01 03:45:17:825 - Compaction completed: 
2806566:COMPACT_START sstable=0 input_files: "datalog/419" input_files: "datalog/420" compactIntoNextLevel: true destinationLevel: 1
2026-05-01 03:45:17:907 - Compaction started: 
139773293241920:Compacting datalog/419 datalog/420 into:sstable1/aa500e99-7d6f-4570-a031-e76b7d47375a202604302145141777607117909958066.sst
2026-05-01 03:45:17:928 - Compaction completed: 
2806566:COMPACT_START sstable=0 input_files: "datalog/435" input_files: "datalog/436" compactIntoNextLevel: true destinationLevel: 1
2026-05-01 03:45:18:010 - Compaction started: 
139773293241920:Compacting datalog/435 datalog/436 into:sstable1/aa500e99-7d6f-4570-a031-e76b7d47375a202604302145141777607118012560957.sst
2026-05-01 03:45:18:029 - Compaction completed: 
2806566:COMPACT_START sstable=0 input_files: "datalog/451" input_files: "datalog/452" compactIntoNextLevel: true destinationLevel: 1
2026-05-01 03:45:18:112 - Compaction started: 
139773293241920:Compacting datalog/451 datalog/452 into:sstable1/aa500e99-7d6f-4570-a031-e76b7d47375a202604302145141777607118114903300.sst
2026-05-01 03:45:18:130 - Compaction completed: 
2806566:COMPACT_START sstable=0 input_files: "datalog/467" input_files: "datalog/468" compactIntoNextLevel: true destinationLevel: 1
2026-05-01 03:45:18:215 - Compaction started: 
139773293241920:Compacting datalog/467 datalog/468 into:sstable1/aa500e99-7d6f-4570-a031-e76b7d47375a202604302145141777607118217463491.sst
2026-05-01 03:45:18:232 - Compaction completed: 
2806566:COMPACT_START sstable=0 input_files: "datalog/483" input_files: "datalog/484" compactIntoNextLevel: true destinationLevel: 1
2026-05-01 03:45:18:317 - Compaction started: 
139773293241920:Compacting datalog/483 datalog/484 into:sstable1/aa500e99-7d6f-4570-a031-e76b7d47375a202604302145141777607118319665250.sst
2026-05-01 03:45:18:334 - Compaction completed: 
2806566:COMPACT_START sstable=0 input_files: "datalog/499" input_files: "datalog/500" compactIntoNextLevel: true destinationLevel: 1
2026-05-01 03:45:18:419 - Compaction started: 
139773293241920:Compacting datalog/499 datalog/500 into:sstable1/aa500e99-7d6f-4570-a031-e76b7d47375a202604302145141777607118422602097.sst
2026-05-01 03:45:18:442 - Compaction completed: 
2806566:COMPACT_START sstable=0 input_files: "datalog/515" input_files: "datalog/516" compactIntoNextLevel: true destinationLevel: 1
2026-05-01 03:45:18:521 - Compaction started: 
139773293241920:Compacting datalog/515 datalog/516 into:sstable1/aa500e99-7d6f-4570-a031-e76b7d47375a202604302145141777607118523998226.sst
2026-05-01 03:45:18:539 - Compaction completed: 
2806566:COMPACT_START sstable=0 input_files: "datalog/531" input_files: "datalog/532" compactIntoNextLevel: true destinationLevel: 1
2026-05-01 03:45:18:623 - Compaction started: 
139773293241920:Compacting datalog/531 datalog/532 into:sstable1/aa500e99-7d6f-4570-a031-e76b7d47375a202604302145141777607118625689858.sst
2026-05-01 03:45:18:640 - Compaction completed: 
2806566:COMPACT_START sstable=0 input_files: "datalog/547" input_files: "datalog/548" compactIntoNextLevel: true destinationLevel: 1
2026-05-01 03:45:18:725 - Compaction started: 
139773293241920:Compacting datalog/547 datalog/548 into:sstable1/aa500e99-7d6f-4570-a031-e76b7d47375a202604302145141777607118727506535.sst
2026-05-01 03:45:18:741 - Compaction completed: 
2806566:COMPACT_START sstable=0 input_files: "datalog/563" input_files: "datalog/564" compactIntoNextLevel: true destinationLevel: 1
2026-05-01 03:45:18:826 - Compaction started: 
139773293241920:Compacting datalog/563 datalog/564 into:sstable1/aa500e99-7d6f-4570-a031-e76b7d47375a202604302145141777607118829268219.sst
2026-05-01 03:45:18:844 - Compaction completed: 
2806566:COMPACT_START sstable=0 input_files: "datalog/579" input_files: "datalog/580" compactIntoNextLevel: true destinationLevel: 1
2026-05-01 03:45:18:928 - Compaction started: 
139773293241920:Compacting datalog/579 datalog/580 into:sstable1/aa500e99-7d6f-4570-a031-e76b7d47375a202604302145141777607118931461723.sst
2026-05-01 03:45:18:952 - Compaction completed: 
2806566:COMPACT_START sstable=0 input_files: "datalog/595" input_files: "datalog/596" compactIntoNextLevel: true destinationLevel: 1
2026-05-01 03:45:19:030 - Compaction started: 
139773293241920:Compacting datalog/595 datalog/596 into:sstable1/aa500e99-7d6f-4570-a031-e76b7d47375a202604302145141777607119033136363.sst
2026-05-01 03:45:19:049 - Compaction completed: 
2806566:COMPACT_START sstable=0 input_files: "datalog/611" input_files: "datalog/612" compactIntoNextLevel: true destinationLevel: 1
2026-05-01 03:45:19:132 - Compaction started: 
139773293241920:Compacting datalog/611 datalog/612 into:sstable1/aa500e99-7d6f-4570-a031-e76b7d47375a202604302145141777607119134312168.sst
2026-05-01 03:45:19:148 - Compaction completed: 
2806566:COMPACT_START sstable=0 input_files: "datalog/627" input_files: "datalog/628" compactIntoNextLevel: true destinationLevel: 1
2026-05-01 03:45:19:233 - Compaction started: 
139773293241920:Compacting datalog/627 datalog/628 into:sstable1/aa500e99-7d6f-4570-a031-e76b7d47375a202604302145141777607119236060507.sst
2026-05-01 03:45:19:250 - Compaction completed: 
2806566:COMPACT_START sstable=0 input_files: "datalog/643" input_files: "datalog/644" compactIntoNextLevel: true destinationLevel: 1
2026-05-01 03:45:19:335 - Compaction started: 
139773293241920:Compacting datalog/643 datalog/644 into:sstable1/aa500e99-7d6f-4570-a031-e76b7d47375a202604302145141777607119337927979.sst
2026-05-01 03:45:19:352 - Compaction completed: 
2806566:COMPACT_START sstable=0 input_files: "datalog/659" input_files: "datalog/660" compactIntoNextLevel: true destinationLevel: 1
2026-05-01 03:45:19:436 - Compaction started: 
139773293241920:Compacting datalog/659 datalog/660 into:sstable1/aa500e99-7d6f-4570-a031-e76b7d47375a202604302145141777607119439472426.sst
2026-05-01 03:45:19:453 - Compaction completed: 
2806566:COMPACT_START sstable=0 input_files: "datalog/675" input_files: "datalog/676" compactIntoNextLevel: true destinationLevel: 1
2026-05-01 03:45:19:538 - Compaction started: 
139773293241920:Compacting datalog/675 datalog/676 into:sstable1/aa500e99-7d6f-4570-a031-e76b7d47375a202604302145141777607119541179497.sst
2026-05-01 03:45:19:554 - Compaction completed: 
2806566:COMPACT_START sstable=0 input_files: "datalog/691" input_files: "datalog/692" compactIntoNextLevel: true destinationLevel: 1
2026-05-01 03:45:19:640 - Compaction started: 
139773293241920:Compacting datalog/691 datalog/692 into:sstable1/aa500e99-7d6f-4570-a031-e76b7d47375a202604302145141777607119642855500.sst
2026-05-01 03:45:19:657 - Compaction completed: 
2806566:COMPACT_START sstable=0 input_files: "datalog/707" input_files: "datalog/708" compactIntoNextLevel: true destinationLevel: 1
2026-05-01 03:45:19:742 - Compaction started: 
139773293241920:Compacting datalog/707 datalog/708 into:sstable1/aa500e99-7d6f-4570-a031-e76b7d47375a202604302145141777607119744667288.sst
2026-05-01 03:45:19:758 - Compaction completed: 
2806566:COMPACT_START sstable=0 input_files: "datalog/723" input_files: "datalog/724" compactIntoNextLevel: true destinationLevel: 1
2026-05-01 03:45:19:844 - Compaction started: 
139773293241920:Compacting datalog/723 datalog/724 into:sstable1/aa500e99-7d6f-4570-a031-e76b7d47375a202604302145141777607119846751377.sst
2026-05-01 03:45:19:859 - Compaction completed: 
2806566:COMPACT_START sstable=0 input_files: "datalog/739" input_files: "datalog/740" compactIntoNextLevel: true destinationLevel: 1
2026-05-01 03:45:19:946 - Compaction started: 
139773293241920:Compacting datalog/739 datalog/740 into:sstable1/aa500e99-7d6f-4570-a031-e76b7d47375a202604302145141777607119948319768.sst
2026-05-01 03:45:19:960 - Compaction completed: 
2806566:COMPACT_START sstable=0 input_files: "datalog/755" input_files: "datalog/756" compactIntoNextLevel: true destinationLevel: 1
2026-05-01 03:45:20:048 - Compaction started: 
139773293241920:Compacting datalog/755 datalog/756 into:sstable1/aa500e99-7d6f-4570-a031-e76b7d47375a202604302145141777607120050330980.sst
2026-05-01 03:45:20:062 - Compaction completed: 
2806566:COMPACT_START sstable=0 input_files: "datalog/771" input_files: "datalog/772" compactIntoNextLevel: true destinationLevel: 1
2026-05-01 03:45:20:149 - Compaction started: 
139773293241920:Compacting datalog/771 datalog/772 into:sstable1/aa500e99-7d6f-4570-a031-e76b7d47375a202604302145141777607120152221134.sst
2026-05-01 03:45:20:166 - Compaction completed: 
2806566:COMPACT_START sstable=0 input_files: "datalog/787" input_files: "datalog/788" compactIntoNextLevel: true destinationLevel: 1
2026-05-01 03:45:20:251 - Compaction started: 
139773293241920:Compacting datalog/787 datalog/788 into:sstable1/aa500e99-7d6f-4570-a031-e76b7d47375a202604302145141777607120253426705.sst
2026-05-01 03:45:20:266 - Compaction completed: 
2806566:COMPACT_START sstable=0 input_files: "datalog/803" input_files: "datalog/804" compactIntoNextLevel: true destinationLevel: 1
2026-05-01 03:45:20:355 - Compaction started: 
139773293241920:Compacting datalog/803 datalog/804 into:sstable1/aa500e99-7d6f-4570-a031-e76b7d47375a202604302145141777607120358067598.sst
2026-05-01 03:45:20:371 - Compaction completed: 
2806566:COMPACT_START sstable=0 input_files: "datalog/819" input_files: "datalog/820" compactIntoNextLevel: true destinationLevel: 1
2026-05-01 03:45:20:459 - Compaction started: 
139773293241920:Compacting datalog/819 datalog/820 into:sstable1/aa500e99-7d6f-4570-a031-e76b7d47375a202604302145141777607120462087716.sst
2026-05-01 03:45:20:476 - Compaction completed: 
2806566:COMPACT_START sstable=0 input_files: "datalog/835" input_files: "datalog/836" compactIntoNextLevel: true destinationLevel: 1
2026-05-01 03:45:20:562 - Compaction started: 
139773293241920:Compacting datalog/835 datalog/836 into:sstable1/aa500e99-7d6f-4570-a031-e76b7d47375a202604302145141777607120564826653.sst
2026-05-01 03:45:20:578 - Compaction completed: 
2806566:COMPACT_START sstable=0 input_files: "datalog/851" input_files: "datalog/852" compactIntoNextLevel: true destinationLevel: 1
2026-05-01 03:45:20:666 - Compaction started: 
139773293241920:Compacting datalog/851 datalog/852 into:sstable1/aa500e99-7d6f-4570-a031-e76b7d47375a202604302145141777607120668393651.sst
2026-05-01 03:45:20:682 - Compaction completed: 
2806566:COMPACT_START sstable=0 input_files: "datalog/867" input_files: "datalog/868" compactIntoNextLevel: true destinationLevel: 1
2026-05-01 03:45:20:768 - Compaction started: 
139773293241920:Compacting datalog/867 datalog/868 into:sstable1/aa500e99-7d6f-4570-a031-e76b7d47375a202604302145141777607120771168405.sst
2026-05-01 03:45:20:784 - Compaction completed: 
2806566:COMPACT_START sstable=1 input_files: "sstable1/67a19893-2dac-49d5-95be-955e69d89ee3202604302145141777607115125919740.sst" input_files: "sstable1/0d3d04c1-f051-4919-b261-8a3d6361a700202604302145141777607114964654611.sst" compactIntoNextLevel: true destinationLevel: 2
2026-05-01 03:45:20:871 - Compaction started: 
139773293241920:Compacting sstable1/67a19893-2dac-49d5-95be-955e69d89ee3202604302145141777607115125919740.sst sstable1/0d3d04c1-f051-4919-b261-8a3d6361a700202604302145141777607114964654611.sst into:sstable2/aa500e99-7d6f-4570-a031-e76b7d47375a202604302145141777607120896992649.sst
2026-05-01 03:45:20:936 - Compaction completed: 
2806566:COMPACT_START sstable=1 input_files: "sstable1/7b2a448f-5fb1-4973-b84b-f90e9ebb21ab202604302145141777607115389953962.sst" input_files: "sstable1/aa500e99-7d6f-4570-a031-e76b7d47375a202604302145141777607115416626105.sst" compactIntoNextLevel: true destinationLevel: 2
2026-05-01 03:45:20:974 - Compaction started: 
139773293241920:Compacting sstable1/7b2a448f-5fb1-4973-b84b-f90e9ebb21ab202604302145141777607115389953962.sst sstable1/aa500e99-7d6f-4570-a031-e76b7d47375a202604302145141777607115416626105.sst into:sstable2/aa500e99-7d6f-4570-a031-e76b7d47375a202604302145141777607120998067725.sst
2026-05-01 03:45:21:037 - Compaction completed: 
2806566:COMPACT_START sstable=1 input_files: "sstable1/ac3f7ac6-0530-48c3-8ffc-c6ff5dd08db5202604302145141777607115667730042.sst" input_files: "sstable1/aa500e99-7d6f-4570-a031-e76b7d47375a202604302145141777607115676418263.sst" compactIntoNextLevel: true destinationLevel: 2
2026-05-01 03:45:21:078 - Compaction started: 
139773293241920:Compacting sstable1/ac3f7ac6-0530-48c3-8ffc-c6ff5dd08db5202604302145141777607115667730042.sst sstable1/aa500e99-7d6f-4570-a031-e76b7d47375a202604302145141777607115676418263.sst into:sstable2/aa500e99-7d6f-4570-a031-e76b7d47375a202604302145141777607121101146498.sst
2026-05-01 03:45:21:138 - Compaction completed: 
2806566:COMPACT_START sstable=1 input_files: "sstable1/aa500e99-7d6f-4570-a031-e76b7d47375a202604302145141777607115883662348.sst" input_files: "sstable1/b10c8a2c-35ed-48ea-800f-997944cbaceb202604302145141777607115899999922.sst" compactIntoNextLevel: true destinationLevel: 2
2026-05-01 03:45:21:180 - Compaction started: 
139773293241920:Compacting sstable1/aa500e99-7d6f-4570-a031-e76b7d47375a202604302145141777607115883662348.sst sstable1/b10c8a2c-35ed-48ea-800f-997944cbaceb202604302145141777607115899999922.sst into:sstable2/aa500e99-7d6f-4570-a031-e76b7d47375a202604302145141777607121204696516.sst
2026-05-01 03:45:21:244 - Compaction completed: 
2806566:COMPACT_START sstable=1 input_files: "sstable1/aa500e99-7d6f-4570-a031-e76b7d47375a202604302145141777607116092801606.sst" input_files: "sstable1/b10c8a2c-35ed-48ea-800f-997944cbaceb202604302145141777607116105605735.sst" compactIntoNextLevel: true destinationLevel: 2
2026-05-01 03:45:21:282 - Compaction started: 
139773293241920:Compacting sstable1/aa500e99-7d6f-4570-a031-e76b7d47375a202604302145141777607116092801606.sst sstable1/b10c8a2c-35ed-48ea-800f-997944cbaceb202604302145141777607116105605735.sst into:sstable2/aa500e99-7d6f-4570-a031-e76b7d47375a202604302145141777607121304759905.sst
2026-05-01 03:45:21:340 - Compaction completed: 
2806566:COMPACT_START sstable=1 input_files: "sstable1/aa500e99-7d6f-4570-a031-e76b7d47375a202604302145141777607116304612804.sst" input_files: "sstable1/b10c8a2c-35ed-48ea-800f-997944cbaceb202604302145141777607116309186390.sst" compactIntoNextLevel: true destinationLevel: 2
2026-05-01 03:45:21:385 - Compaction started: 
139773293241920:Compacting sstable1/aa500e99-7d6f-4570-a031-e76b7d47375a202604302145141777607116304612804.sst sstable1/b10c8a2c-35ed-48ea-800f-997944cbaceb202604302145141777607116309186390.sst into:sstable2/aa500e99-7d6f-4570-a031-e76b7d47375a202604302145141777607121409453456.sst
2026-05-01 03:45:21:448 - Compaction completed: 
2806566:COMPACT_START sstable=1 input_files: "sstable1/aa500e99-7d6f-4570-a031-e76b7d47375a202604302145141777607116514465991.sst" input_files: "sstable1/b10c8a2c-35ed-48ea-800f-997944cbaceb202604302145141777607116524130223.sst" compactIntoNextLevel: true destinationLevel: 2
2026-05-01 03:45:21:489 - Compaction started: 
139773293241920:Compacting sstable1/aa500e99-7d6f-4570-a031-e76b7d47375a202604302145141777607116514465991.sst sstable1/b10c8a2c-35ed-48ea-800f-997944cbaceb202604302145141777607116524130223.sst into:sstable2/aa500e99-7d6f-4570-a031-e76b7d47375a202604302145141777607121515292044.sst
2026-05-01 03:45:21:569 - Compaction completed: 
2806566:COMPACT_START sstable=1 input_files: "sstable1/7b2a448f-5fb1-4973-b84b-f90e9ebb21ab202604302145141777607116770807318.sst" input_files: "sstable1/0d3d04c1-f051-4919-b261-8a3d6361a700202604302145141777607116782085286.sst" compactIntoNextLevel: true destinationLevel: 2
2026-05-01 03:45:21:591 - Compaction started: 
139773293241920:Compacting sstable1/7b2a448f-5fb1-4973-b84b-f90e9ebb21ab202604302145141777607116770807318.sst sstable1/0d3d04c1-f051-4919-b261-8a3d6361a700202604302145141777607116782085286.sst into:sstable2/aa500e99-7d6f-4570-a031-e76b7d47375a202604302145141777607121617696053.sst
2026-05-01 03:45:21:667 - Compaction completed: 
2806566:COMPACT_START sstable=1 input_files: "sstable1/0d3d04c1-f051-4919-b261-8a3d6361a700202604302145141777607116990598550.sst" input_files: "sstable1/7b4af759-aafb-43bf-9daf-da1a64ebd4b1202604302145141777607117022161524.sst" compactIntoNextLevel: true destinationLevel: 2
2026-05-01 03:45:21:694 - Compaction started: 
139773293241920:Compacting sstable1/0d3d04c1-f051-4919-b261-8a3d6361a700202604302145141777607116990598550.sst sstable1/7b4af759-aafb-43bf-9daf-da1a64ebd4b1202604302145141777607117022161524.sst into:sstable2/aa500e99-7d6f-4570-a031-e76b7d47375a202604302145141777607121721487352.sst
2026-05-01 03:45:21:760 - Compaction completed: 
2806566:COMPACT_START sstable=1 input_files: "sstable1/0d3d04c1-f051-4919-b261-8a3d6361a700202604302145141777607117200032060.sst" input_files: "sstable1/7b4af759-aafb-43bf-9daf-da1a64ebd4b1202604302145141777607117230825000.sst" compactIntoNextLevel: true destinationLevel: 2
2026-05-01 03:45:21:797 - Compaction started: 
139773293241920:Compacting sstable1/0d3d04c1-f051-4919-b261-8a3d6361a700202604302145141777607117200032060.sst sstable1/7b4af759-aafb-43bf-9daf-da1a64ebd4b1202604302145141777607117230825000.sst into:sstable2/aa500e99-7d6f-4570-a031-e76b7d47375a202604302145141777607121820072309.sst
2026-05-01 03:45:21:857 - Compaction completed: 
2806566:COMPACT_START sstable=1 input_files: "sstable1/0d3d04c1-f051-4919-b261-8a3d6361a700202604302145141777607117433278171.sst" input_files: "sstable1/7b4af759-aafb-43bf-9daf-da1a64ebd4b1202604302145141777607117435718476.sst" compactIntoNextLevel: true destinationLevel: 2
2026-05-01 03:45:21:901 - Compaction started: 
139773293241920:Compacting sstable1/0d3d04c1-f051-4919-b261-8a3d6361a700202604302145141777607117433278171.sst sstable1/7b4af759-aafb-43bf-9daf-da1a64ebd4b1202604302145141777607117435718476.sst into:sstable2/aa500e99-7d6f-4570-a031-e76b7d47375a202604302145141777607121925645770.sst
2026-05-01 03:45:21:961 - Compaction completed: 
2806566:COMPACT_START sstable=1 input_files: "sstable1/0d3d04c1-f051-4919-b261-8a3d6361a700202604302145141777607117638635868.sst" input_files: "sstable1/7b4af759-aafb-43bf-9daf-da1a64ebd4b1202604302145141777607117642189712.sst" compactIntoNextLevel: true destinationLevel: 2
2026-05-01 03:45:22:004 - Compaction started: 
139773293241920:Compacting sstable1/0d3d04c1-f051-4919-b261-8a3d6361a700202604302145141777607117638635868.sst sstable1/7b4af759-aafb-43bf-9daf-da1a64ebd4b1202604302145141777607117642189712.sst into:sstable2/aa500e99-7d6f-4570-a031-e76b7d47375a202604302145141777607122024510713.sst
2026-05-01 03:45:22:056 - Compaction completed: 
2806566:COMPACT_START sstable=1 input_files: "sstable1/0d3d04c1-f051-4919-b261-8a3d6361a700202604302145141777607117844931214.sst" input_files: "sstable1/7b4af759-aafb-43bf-9daf-da1a64ebd4b1202604302145141777607117848885879.sst" compactIntoNextLevel: true destinationLevel: 2
2026-05-01 03:45:22:106 - Compaction started: 
139773293241920:Compacting sstable1/0d3d04c1-f051-4919-b261-8a3d6361a700202604302145141777607117844931214.sst sstable1/7b4af759-aafb-43bf-9daf-da1a64ebd4b1202604302145141777607117848885879.sst into:sstable2/aa500e99-7d6f-4570-a031-e76b7d47375a202604302145141777607122128041573.sst
2026-05-01 03:45:22:162 - Compaction completed: 
2806566:COMPACT_START sstable=1 input_files: "sstable1/0d3d04c1-f051-4919-b261-8a3d6361a700202604302145141777607118050011040.sst" input_files: "sstable1/7b4af759-aafb-43bf-9daf-da1a64ebd4b1202604302145141777607118053981555.sst" compactIntoNextLevel: true destinationLevel: 2
2026-05-01 03:45:22:209 - Compaction started: 
139773293241920:Compacting sstable1/0d3d04c1-f051-4919-b261-8a3d6361a700202604302145141777607118050011040.sst sstable1/7b4af759-aafb-43bf-9daf-da1a64ebd4b1202604302145141777607118053981555.sst into:sstable2/aa500e99-7d6f-4570-a031-e76b7d47375a202604302145141777607122236247901.sst
2026-05-01 03:45:22:279 - Compaction completed: 
2806566:COMPACT_START sstable=1 input_files: "sstable1/0d3d04c1-f051-4919-b261-8a3d6361a700202604302145141777607118256320622.sst" input_files: "sstable1/7b4af759-aafb-43bf-9daf-da1a64ebd4b1202604302145141777607118259388976.sst" compactIntoNextLevel: true destinationLevel: 2
2026-05-01 03:45:22:310 - Compaction started: 
139773293241920:Compacting sstable1/0d3d04c1-f051-4919-b261-8a3d6361a700202604302145141777607118256320622.sst sstable1/7b4af759-aafb-43bf-9daf-da1a64ebd4b1202604302145141777607118259388976.sst into:sstable2/aa500e99-7d6f-4570-a031-e76b7d47375a202604302145141777607122336953044.sst
2026-05-01 03:45:22:376 - Compaction completed: 
2806566:COMPACT_START sstable=1 input_files: "sstable1/0d3d04c1-f051-4919-b261-8a3d6361a700202604302145141777607118461399767.sst" input_files: "sstable1/7b4af759-aafb-43bf-9daf-da1a64ebd4b1202604302145141777607118462356541.sst" compactIntoNextLevel: true destinationLevel: 2
2026-05-01 03:45:22:416 - Compaction started: 
139773293241920:Compacting sstable1/0d3d04c1-f051-4919-b261-8a3d6361a700202604302145141777607118461399767.sst sstable1/7b4af759-aafb-43bf-9daf-da1a64ebd4b1202604302145141777607118462356541.sst into:sstable2/aa500e99-7d6f-4570-a031-e76b7d47375a202604302145141777607122436867594.sst
2026-05-01 03:45:22:470 - Compaction completed: 
2806566:COMPACT_START sstable=1 input_files: "sstable1/0d3d04c1-f051-4919-b261-8a3d6361a700202604302145141777607118664718160.sst" input_files: "sstable1/7b4af759-aafb-43bf-9daf-da1a64ebd4b1202604302145141777607118666488370.sst" compactIntoNextLevel: true destinationLevel: 2
2026-05-01 03:45:22:519 - Compaction started: 
139773293241920:Compacting sstable1/0d3d04c1-f051-4919-b261-8a3d6361a700202604302145141777607118664718160.sst sstable1/7b4af759-aafb-43bf-9daf-da1a64ebd4b1202604302145141777607118666488370.sst into:sstable2/aa500e99-7d6f-4570-a031-e76b7d47375a202604302145141777607122547051882.sst
2026-05-01 03:45:22:592 - Compaction completed: 
2806566:COMPACT_START sstable=1 input_files: "sstable1/0d3d04c1-f051-4919-b261-8a3d6361a700202604302145141777607118868248551.sst" input_files: "sstable1/7b4af759-aafb-43bf-9daf-da1a64ebd4b1202604302145141777607118870441894.sst" compactIntoNextLevel: true destinationLevel: 2
2026-05-01 03:45:22:622 - Compaction started: 
139773293241920:Compacting sstable1/0d3d04c1-f051-4919-b261-8a3d6361a700202604302145141777607118868248551.sst sstable1/7b4af759-aafb-43bf-9daf-da1a64ebd4b1202604302145141777607118870441894.sst into:sstable2/aa500e99-7d6f-4570-a031-e76b7d47375a202604302145141777607122649261926.sst
2026-05-01 03:45:22:685 - Compaction completed: 
2806566:COMPACT_START sstable=1 input_files: "sstable1/0d3d04c1-f051-4919-b261-8a3d6361a700202604302145141777607119073026561.sst" input_files: "sstable1/7b4af759-aafb-43bf-9daf-da1a64ebd4b1202604302145141777607119074055010.sst" compactIntoNextLevel: true destinationLevel: 2
2026-05-01 03:45:22:726 - Compaction started: 
139773293241920:Compacting sstable1/0d3d04c1-f051-4919-b261-8a3d6361a700202604302145141777607119073026561.sst sstable1/7b4af759-aafb-43bf-9daf-da1a64ebd4b1202604302145141777607119074055010.sst into:sstable2/aa500e99-7d6f-4570-a031-e76b7d47375a202604302145141777607122749123837.sst
2026-05-01 03:45:22:781 - Compaction completed: 
2806566:COMPACT_START sstable=1 input_files: "sstable1/0d3d04c1-f051-4919-b261-8a3d6361a700202604302145141777607119276686355.sst" input_files: "sstable1/7b4af759-aafb-43bf-9daf-da1a64ebd4b1202604302145141777607119277742986.sst" compactIntoNextLevel: true destinationLevel: 2
2026-05-01 03:45:22:829 - Compaction started: 
139773293241920:Compacting sstable1/0d3d04c1-f051-4919-b261-8a3d6361a700202604302145141777607119276686355.sst sstable1/7b4af759-aafb-43bf-9daf-da1a64ebd4b1202604302145141777607119277742986.sst into:sstable2/aa500e99-7d6f-4570-a031-e76b7d47375a202604302145141777607122849866450.sst
2026-05-01 03:45:22:881 - Compaction completed: 
2806566:COMPACT_START sstable=1 input_files: "sstable1/0d3d04c1-f051-4919-b261-8a3d6361a700202604302145141777607119480319238.sst" input_files: "sstable1/7b4af759-aafb-43bf-9daf-da1a64ebd4b1202604302145141777607119481316137.sst" compactIntoNextLevel: true destinationLevel: 2
2026-05-01 03:45:22:933 - Compaction started: 
139773293241920:Compacting sstable1/0d3d04c1-f051-4919-b261-8a3d6361a700202604302145141777607119480319238.sst sstable1/7b4af759-aafb-43bf-9daf-da1a64ebd4b1202604302145141777607119481316137.sst into:sstable2/aa500e99-7d6f-4570-a031-e76b7d47375a202604302145141777607122951854548.sst
2026-05-01 03:45:22:981 - Compaction completed: 
2806566:COMPACT_START sstable=1 input_files: "sstable1/0d3d04c1-f051-4919-b261-8a3d6361a700202604302145141777607119684302488.sst" input_files: "sstable1/7b4af759-aafb-43bf-9daf-da1a64ebd4b1202604302145141777607119684534353.sst" compactIntoNextLevel: true destinationLevel: 2
2026-05-01 03:45:23:036 - Compaction started: 
139773293241920:Compacting sstable1/0d3d04c1-f051-4919-b261-8a3d6361a700202604302145141777607119684302488.sst sstable1/7b4af759-aafb-43bf-9daf-da1a64ebd4b1202604302145141777607119684534353.sst into:sstable2/aa500e99-7d6f-4570-a031-e76b7d47375a202604302145141777607123056187093.sst
2026-05-01 03:45:23:086 - Compaction completed: 
2806566:COMPACT_START sstable=1 input_files: "sstable1/7b4af759-aafb-43bf-9daf-da1a64ebd4b1202604302145141777607119888417985.sst" input_files: "sstable1/0d3d04c1-f051-4919-b261-8a3d6361a700202604302145141777607119888483819.sst" compactIntoNextLevel: true destinationLevel: 2
2026-05-01 03:45:23:139 - Compaction started: 
139773293241920:Compacting sstable1/7b4af759-aafb-43bf-9daf-da1a64ebd4b1202604302145141777607119888417985.sst sstable1/0d3d04c1-f051-4919-b261-8a3d6361a700202604302145141777607119888483819.sst into:sstable2/aa500e99-7d6f-4570-a031-e76b7d47375a202604302145141777607123157820336.sst
2026-05-01 03:45:23:186 - Compaction completed: 
2806566:COMPACT_START sstable=1 input_files: "sstable1/7b4af759-aafb-43bf-9daf-da1a64ebd4b1202604302145141777607120092057481.sst" input_files: "sstable1/0d3d04c1-f051-4919-b261-8a3d6361a700202604302145141777607120092895653.sst" compactIntoNextLevel: true destinationLevel: 2
2026-05-01 03:45:23:243 - Compaction started: 
139773293241920:Compacting sstable1/7b4af759-aafb-43bf-9daf-da1a64ebd4b1202604302145141777607120092057481.sst sstable1/0d3d04c1-f051-4919-b261-8a3d6361a700202604302145141777607120092895653.sst into:sstable2/aa500e99-7d6f-4570-a031-e76b7d47375a202604302145141777607123260635865.sst
2026-05-01 03:45:23:289 - Compaction completed: 
2806566:COMPACT_START sstable=1 input_files: "sstable1/7b4af759-aafb-43bf-9daf-da1a64ebd4b1202604302145141777607120296888410.sst" input_files: "sstable1/0d3d04c1-f051-4919-b261-8a3d6361a700202604302145141777607120298039338.sst" compactIntoNextLevel: true destinationLevel: 2
2026-05-01 03:45:23:347 - Compaction started: 
139773293241920:Compacting sstable1/7b4af759-aafb-43bf-9daf-da1a64ebd4b1202604302145141777607120296888410.sst sstable1/0d3d04c1-f051-4919-b261-8a3d6361a700202604302145141777607120298039338.sst into:sstable2/aa500e99-7d6f-4570-a031-e76b7d47375a202604302145141777607123367010128.sst
2026-05-01 03:45:23:398 - Compaction completed: 
2806566:COMPACT_START sstable=1 input_files: "sstable1/7b4af759-aafb-43bf-9daf-da1a64ebd4b1202604302145141777607120503748585.sst" input_files: "sstable1/0d3d04c1-f051-4919-b261-8a3d6361a700202604302145141777607120505546216.sst" compactIntoNextLevel: true destinationLevel: 2
2026-05-01 03:45:23:451 - Compaction started: 
139773293241920:Compacting sstable1/7b4af759-aafb-43bf-9daf-da1a64ebd4b1202604302145141777607120503748585.sst sstable1/0d3d04c1-f051-4919-b261-8a3d6361a700202604302145141777607120505546216.sst into:sstable2/aa500e99-7d6f-4570-a031-e76b7d47375a202604302145141777607123468994179.sst
2026-05-01 03:45:23:497 - Compaction completed: 
2806566:COMPACT_START sstable=1 input_files: "sstable2/67a19893-2dac-49d5-95be-955e69d89ee3202604302145141777607120818911428.sst" input_files: "sstable2/7b4af759-aafb-43bf-9daf-da1a64ebd4b1202604302145141777607120845728052.sst" compactIntoNextLevel: false destinationLevel: 2
2026-05-01 03:45:23:557 - Compaction started: 
139773293241920:Compacting sstable2/67a19893-2dac-49d5-95be-955e69d89ee3202604302145141777607120818911428.sst sstable2/7b4af759-aafb-43bf-9daf-da1a64ebd4b1202604302145141777607120845728052.sst into:sstable2/0_aa500e99-7d6f-4570-a031-e76b7d47375a202604302145141777607123606600836.sst
2026-05-01 03:45:23:680 - Compaction completed: 
2806566:COMPACT_START sstable=1 input_files: "sstable2/67a19893-2dac-49d5-95be-955e69d89ee3202604302145141777607121028271640.sst" input_files: "sstable2/7b4af759-aafb-43bf-9daf-da1a64ebd4b1202604302145141777607121042724672.sst" compactIntoNextLevel: false destinationLevel: 2
2026-05-01 03:45:23:767 - Compaction started: 
139773293241920:Compacting sstable2/67a19893-2dac-49d5-95be-955e69d89ee3202604302145141777607121028271640.sst sstable2/7b4af759-aafb-43bf-9daf-da1a64ebd4b1202604302145141777607121042724672.sst into:sstable2/0_aa500e99-7d6f-4570-a031-e76b7d47375a202604302145141777607123825094314.sst
2026-05-01 03:45:23:911 - Compaction completed: 
2806566:COMPACT_START sstable=1 input_files: "sstable2/0_0d3d04c1-f051-4919-b261-8a3d6361a700202604302145141777607123673427633.sst" input_files: "sstable2/0_7b2a448f-5fb1-4973-b84b-f90e9ebb21ab202604302145141777607123673675928.sst" compactIntoNextLevel: false destinationLevel: 2
2026-05-01 03:45:23:971 - Compaction started: 
139773293241920:Compacting sstable2/0_0d3d04c1-f051-4919-b261-8a3d6361a700202604302145141777607123673427633.sst sstable2/0_7b2a448f-5fb1-4973-b84b-f90e9ebb21ab202604302145141777607123673675928.sst into:sstable2/1_aa500e99-7d6f-4570-a031-e76b7d47375a202604302145141777607124083895533.sst
2026-05-01 03:45:24:254 - Compaction completed: 
2806566:COMPACT_START sstable=1 input_files: "sstable2/0_0d3d04c1-f051-4919-b261-8a3d6361a700202604302145141777607124062305048.sst" input_files: "sstable2/0_b10c8a2c-35ed-48ea-800f-997944cbaceb202604302145141777607124132305797.sst" compactIntoNextLevel: false destinationLevel: 2
2026-05-01 03:45:24:292 - Compaction started: 
139773293241920:Compacting sstable2/0_0d3d04c1-f051-4919-b261-8a3d6361a700202604302145141777607124062305048.sst sstable2/0_b10c8a2c-35ed-48ea-800f-997944cbaceb202604302145141777607124132305797.sst into:sstable2/1_aa500e99-7d6f-4570-a031-e76b7d47375a202604302145141777607124424110251.sst
2026-05-01 03:45:24:593 - Compaction completed: 
2806566:COMPACT_START sstable=1 input_files: "sstable2/ac3f7ac6-0530-48c3-8ffc-c6ff5dd08db5202604302145141777607121365007014.sst" input_files: "sstable2/b10c8a2c-35ed-48ea-800f-997944cbaceb202604302145141777607121405541090.sst" compactIntoNextLevel: false destinationLevel: 2
2026-05-01 03:45:24:602 - Compaction started: 
139773293241920:Compacting sstable2/ac3f7ac6-0530-48c3-8ffc-c6ff5dd08db5202604302145141777607121365007014.sst sstable2/b10c8a2c-35ed-48ea-800f-997944cbaceb202604302145141777607121405541090.sst into:sstable2/0_aa500e99-7d6f-4570-a031-e76b7d47375a202604302145141777607124650175626.sst
2026-05-01 03:45:24:728 - Compaction completed: 
2806566:COMPACT_START sstable=1 input_files: "sstable2/aa500e99-7d6f-4570-a031-e76b7d47375a202604302145141777607121409453456.sst" input_files: "sstable2/dc45d5fe-50fa-4ddc-b030-1d4717728931202604302145141777607121419154106.sst" compactIntoNextLevel: false destinationLevel: 2
2026-05-01 03:45:24:810 - Compaction started: 
139773293241920:Compacting sstable2/aa500e99-7d6f-4570-a031-e76b7d47375a202604302145141777607121409453456.sst sstable2/dc45d5fe-50fa-4ddc-b030-1d4717728931202604302145141777607121419154106.sst into:sstable2/0_aa500e99-7d6f-4570-a031-e76b7d47375a202604302145141777607124863557679.sst
2026-05-01 03:45:24:948 - Compaction completed: 
2806566:COMPACT_START sstable=1 input_files: "sstable2/0_aa500e99-7d6f-4570-a031-e76b7d47375a202604302145141777607124650175626.sst" input_files: "sstable2/0_aa500e99-7d6f-4570-a031-e76b7d47375a202604302145141777607124863557679.sst" compactIntoNextLevel: false destinationLevel: 2
2026-05-01 03:45:25:016 - Compaction started: 
139773293241920:Compacting sstable2/0_aa500e99-7d6f-4570-a031-e76b7d47375a202604302145141777607124650175626.sst sstable2/0_aa500e99-7d6f-4570-a031-e76b7d47375a202604302145141777607124863557679.sst into:sstable2/1_aa500e99-7d6f-4570-a031-e76b7d47375a202604302145141777607125109368120.sst
2026-05-01 03:45:25:265 - Compaction completed: 
2806566:COMPACT_START sstable=1 input_files: "sstable2/1_67a19893-2dac-49d5-95be-955e69d89ee3202604302145141777607124810238791.sst" input_files: "sstable2/1_aa500e99-7d6f-4570-a031-e76b7d47375a202604302145141777607125109368120.sst" compactIntoNextLevel: false destinationLevel: 2
2026-05-01 03:45:25:323 - Compaction started: 
139773293241920:Compacting sstable2/1_67a19893-2dac-49d5-95be-955e69d89ee3202604302145141777607124810238791.sst sstable2/1_aa500e99-7d6f-4570-a031-e76b7d47375a202604302145141777607125109368120.sst into:sstable2/2_aa500e99-7d6f-4570-a031-e76b7d47375a202604302145141777607125538836157.sst
2026-05-01 03:45:25:855 - Compaction completed: 
2806566:COMPACT_START sstable=1 input_files: "sstable2/1_dc45d5fe-50fa-4ddc-b030-1d4717728931202604302145141777607125331009951.sst" input_files: "sstable2/1_0d3d04c1-f051-4919-b261-8a3d6361a700202604302145141777607125759794586.sst" compactIntoNextLevel: false destinationLevel: 2
2026-05-01 03:45:25:935 - Compaction started: 
139773293241920:Compacting sstable2/1_dc45d5fe-50fa-4ddc-b030-1d4717728931202604302145141777607125331009951.sst sstable2/1_0d3d04c1-f051-4919-b261-8a3d6361a700202604302145141777607125759794586.sst into:sstable2/2_aa500e99-7d6f-4570-a031-e76b7d47375a202604302145141777607126135826445.sst
2026-05-01 03:45:26:469 - Compaction completed: 
2806566:COMPACT_START sstable=1 input_files: "sstable2/aa500e99-7d6f-4570-a031-e76b7d47375a202604302145141777607121925645770.sst" input_files: "sstable2/dc45d5fe-50fa-4ddc-b030-1d4717728931202604302145141777607121939122721.sst" compactIntoNextLevel: false destinationLevel: 2
2026-05-01 03:45:26:548 - Compaction started: 
139773293241920:Compacting sstable2/aa500e99-7d6f-4570-a031-e76b7d47375a202604302145141777607121925645770.sst sstable2/dc45d5fe-50fa-4ddc-b030-1d4717728931202604302145141777607121939122721.sst into:sstable2/0_aa500e99-7d6f-4570-a031-e76b7d47375a202604302145141777607126597871827.sst
2026-05-01 03:45:26:674 - Compaction completed: 
2806566:COMPACT_START sstable=1 input_files: "sstable2/1_dc45d5fe-50fa-4ddc-b030-1d4717728931202604302145141777607126261553256.sst" input_files: "sstable2/1_0d3d04c1-f051-4919-b261-8a3d6361a700202604302145141777607126493703311.sst" compactIntoNextLevel: false destinationLevel: 2
2026-05-01 03:45:26:755 - Compaction started: 
139773293241920:Compacting sstable2/1_dc45d5fe-50fa-4ddc-b030-1d4717728931202604302145141777607126261553256.sst sstable2/1_0d3d04c1-f051-4919-b261-8a3d6361a700202604302145141777607126493703311.sst into:sstable2/2_aa500e99-7d6f-4570-a031-e76b7d47375a202604302145141777607126953154269.sst
2026-05-01 03:45:27:268 - Compaction completed: 
2806566:COMPACT_START sstable=1 input_files: "sstable2/2_7b2a448f-5fb1-4973-b84b-f90e9ebb21ab202604302145141777607126490516014.sst" input_files: "sstable2/2_aa500e99-7d6f-4570-a031-e76b7d47375a202604302145141777607126953154269.sst" compactIntoNextLevel: false destinationLevel: 2
2026-05-01 03:45:27:278 - Compaction started: 
139773293241920:Compacting sstable2/2_7b2a448f-5fb1-4973-b84b-f90e9ebb21ab202604302145141777607126490516014.sst sstable2/2_aa500e99-7d6f-4570-a031-e76b7d47375a202604302145141777607126953154269.sst into:sstable2/3_aa500e99-7d6f-4570-a031-e76b7d47375a202604302145141777607127731151113.sst
2026-05-01 03:45:28:374 - Compaction completed: 
2806566:COMPACT_START sstable=1 input_files: "sstable2/7b4af759-aafb-43bf-9daf-da1a64ebd4b1202604302145141777607122378472718.sst" input_files: "sstable2/7b2a448f-5fb1-4973-b84b-f90e9ebb21ab202604302145141777607122381406008.sst" compactIntoNextLevel: false destinationLevel: 2
2026-05-01 03:45:28:397 - Compaction started: 
139773293241920:Compacting sstable2/7b4af759-aafb-43bf-9daf-da1a64ebd4b1202604302145141777607122378472718.sst sstable2/7b2a448f-5fb1-4973-b84b-f90e9ebb21ab202604302145141777607122381406008.sst into:sstable2/0_aa500e99-7d6f-4570-a031-e76b7d47375a202604302145141777607128450898393.sst
2026-05-01 03:45:28:529 - Compaction completed: 
2806566:COMPACT_START sstable=1 input_files: "sstable2/67a19893-2dac-49d5-95be-955e69d89ee3202604302145141777607122459614176.sst" input_files: "sstable2/0d3d04c1-f051-4919-b261-8a3d6361a700202604302145141777607122469674952.sst" compactIntoNextLevel: false destinationLevel: 2
2026-05-01 03:45:28:609 - Compaction started: 
139773293241920:Compacting sstable2/67a19893-2dac-49d5-95be-955e69d89ee3202604302145141777607122459614176.sst sstable2/0d3d04c1-f051-4919-b261-8a3d6361a700202604302145141777607122469674952.sst into:sstable2/0_aa500e99-7d6f-4570-a031-e76b7d47375a202604302145141777607128655394002.sst
2026-05-01 03:45:28:731 - Compaction completed: 
2806566:COMPACT_START sstable=1 input_files: "sstable2/0_b10c8a2c-35ed-48ea-800f-997944cbaceb202604302145141777607128498900982.sst" input_files: "sstable2/0_0d3d04c1-f051-4919-b261-8a3d6361a700202604302145141777607128545122532.sst" compactIntoNextLevel: false destinationLevel: 2
2026-05-01 03:45:28:819 - Compaction started: 
139773293241920:Compacting sstable2/0_b10c8a2c-35ed-48ea-800f-997944cbaceb202604302145141777607128498900982.sst sstable2/0_0d3d04c1-f051-4919-b261-8a3d6361a700202604302145141777607128545122532.sst into:sstable2/1_aa500e99-7d6f-4570-a031-e76b7d47375a202604302145141777607128927477838.sst
2026-05-01 03:45:29:069 - Compaction completed: 
2806566:COMPACT_START sstable=1 input_files: "sstable2/3_aa500e99-7d6f-4570-a031-e76b7d47375a202604302145141777607127731151113.sst" input_files: "sstable2/3_ac3f7ac6-0530-48c3-8ffc-c6ff5dd08db5202604302145141777607128421667301.sst" compactIntoNextLevel: false destinationLevel: 2
2026-05-01 03:45:29:126 - Compaction started: 
139773293241920:Compacting sstable2/3_aa500e99-7d6f-4570-a031-e76b7d47375a202604302145141777607127731151113.sst sstable2/3_ac3f7ac6-0530-48c3-8ffc-c6ff5dd08db5202604302145141777607128421667301.sst into:sstable2/4_aa500e99-7d6f-4570-a031-e76b7d47375a202604302145141777607130050470945.sst
2026-05-01 03:45:31:317 - Compaction completed: 
2806566:COMPACT_START sstable=1 input_files: "sstable2/67a19893-2dac-49d5-95be-955e69d89ee3202604302145141777607123075669534.sst" input_files: "sstable2/7b4af759-aafb-43bf-9daf-da1a64ebd4b1202604302145141777607123090162110.sst" compactIntoNextLevel: false destinationLevel: 2
2026-05-01 03:45:31:345 - Compaction started: 
139773293241920:Compacting sstable2/67a19893-2dac-49d5-95be-955e69d89ee3202604302145141777607123075669534.sst sstable2/7b4af759-aafb-43bf-9daf-da1a64ebd4b1202604302145141777607123090162110.sst into:sstable2/0_aa500e99-7d6f-4570-a031-e76b7d47375a202604302145141777607131398649476.sst
2026-05-01 03:45:31:471 - Compaction completed: 
2806566:COMPACT_START sstable=1 input_files: "sstable2/ac3f7ac6-0530-48c3-8ffc-c6ff5dd08db5202604302145141777607123110911006.sst" input_files: "sstable2/b10c8a2c-35ed-48ea-800f-997944cbaceb202604302145141777607123160236777.sst" compactIntoNextLevel: false destinationLevel: 2
2026-05-01 03:45:31:559 - Compaction started: 
139773293241920:Compacting sstable2/ac3f7ac6-0530-48c3-8ffc-c6ff5dd08db5202604302145141777607123110911006.sst sstable2/b10c8a2c-35ed-48ea-800f-997944cbaceb202604302145141777607123160236777.sst into:sstable2/0_aa500e99-7d6f-4570-a031-e76b7d47375a202604302145141777607131607355922.sst
2026-05-01 03:45:31:678 - Compaction completed: 
2806566:COMPACT_START sstable=1 input_files: "sstable2/67a19893-2dac-49d5-95be-955e69d89ee3202604302145141777607123177589054.sst" input_files: "sstable2/7b4af759-aafb-43bf-9daf-da1a64ebd4b1202604302145141777607123191342333.sst" compactIntoNextLevel: false destinationLevel: 2
2026-05-01 03:45:31:774 - Compaction started: 
139773293241920:Compacting sstable2/67a19893-2dac-49d5-95be-955e69d89ee3202604302145141777607123177589054.sst sstable2/7b4af759-aafb-43bf-9daf-da1a64ebd4b1202604302145141777607123191342333.sst into:sstable2/0_aa500e99-7d6f-4570-a031-e76b7d47375a202604302145141777607131819452574.sst
2026-05-01 03:45:31:887 - Compaction completed: 
2806566:COMPACT_START sstable=1 input_files: "sstable2/ac3f7ac6-0530-48c3-8ffc-c6ff5dd08db5202604302145141777607123213873992.sst" input_files: "sstable2/b10c8a2c-35ed-48ea-800f-997944cbaceb202604302145141777607123263913832.sst" compactIntoNextLevel: false destinationLevel: 2
2026-05-01 03:45:31:988 - Compaction started: 
139773293241920:Compacting sstable2/ac3f7ac6-0530-48c3-8ffc-c6ff5dd08db5202604302145141777607123213873992.sst sstable2/b10c8a2c-35ed-48ea-800f-997944cbaceb202604302145141777607123263913832.sst into:sstable2/0_aa500e99-7d6f-4570-a031-e76b7d47375a202604302145141777607132066574383.sst
2026-05-01 03:45:32:135 - Compaction completed: 
2806566:COMPACT_START sstable=1 input_files: "sstable2/0_aa500e99-7d6f-4570-a031-e76b7d47375a202604302145141777607132066574383.sst" input_files: "sstable2/0_7b2a448f-5fb1-4973-b84b-f90e9ebb21ab202604302145141777607132051169026.sst" compactIntoNextLevel: false destinationLevel: 2
2026-05-01 03:45:32:206 - Compaction started: 
139773293241920:Compacting sstable2/0_aa500e99-7d6f-4570-a031-e76b7d47375a202604302145141777607132066574383.sst sstable2/0_7b2a448f-5fb1-4973-b84b-f90e9ebb21ab202604302145141777607132051169026.sst into:sstable2/1_aa500e99-7d6f-4570-a031-e76b7d47375a202604302145141777607132297183689.sst
2026-05-01 03:45:32:429 - Compaction completed: 
2806566:COMPACT_START sstable=1 input_files: "sstable2/1_7b4af759-aafb-43bf-9daf-da1a64ebd4b1202604302145141777607132150326567.sst" input_files: "sstable2/1_aa500e99-7d6f-4570-a031-e76b7d47375a202604302145141777607132297183689.sst" compactIntoNextLevel: false destinationLevel: 2
2026-05-01 03:45:32:518 - Compaction started: 
139773293241920:Compacting sstable2/1_7b4af759-aafb-43bf-9daf-da1a64ebd4b1202604302145141777607132150326567.sst sstable2/1_aa500e99-7d6f-4570-a031-e76b7d47375a202604302145141777607132297183689.sst into:sstable2/2_aa500e99-7d6f-4570-a031-e76b7d47375a202604302145141777607132682747220.sst
2026-05-01 03:45:32:934 - Compaction completed: 
2806566:COMPACT_START sstable=1 input_files: "sstable2/aa500e99-7d6f-4570-a031-e76b7d47375a202604302145141777607123468994179.sst" input_files: "sstable2/dc45d5fe-50fa-4ddc-b030-1d4717728931202604302145141777607123479262413.sst" compactIntoNextLevel: false destinationLevel: 2
2026-05-01 03:45:32:949 - Compaction started: 
139773293241920:Compacting sstable2/aa500e99-7d6f-4570-a031-e76b7d47375a202604302145141777607123468994179.sst sstable2/dc45d5fe-50fa-4ddc-b030-1d4717728931202604302145141777607123479262413.sst into:sstable2/0_aa500e99-7d6f-4570-a031-e76b7d47375a202604302145141777607132995944747.sst
2026-05-01 03:45:33:061 - Compaction completed: 
2806566:COMPACT_START sstable=1 input_files: "sstable2/0_7b4af759-aafb-43bf-9daf-da1a64ebd4b1202604302145141777607132959235924.sst" input_files: "sstable2/0_aa500e99-7d6f-4570-a031-e76b7d47375a202604302145141777607132995944747.sst" compactIntoNextLevel: false destinationLevel: 2
2026-05-01 03:45:33:163 - Compaction started: 
139773293241920:Compacting sstable2/0_7b4af759-aafb-43bf-9daf-da1a64ebd4b1202604302145141777607132959235924.sst sstable2/0_aa500e99-7d6f-4570-a031-e76b7d47375a202604302145141777607132995944747.sst into:sstable2/1_aa500e99-7d6f-4570-a031-e76b7d47375a202604302145141777607133243981200.sst
2026-05-01 03:45:33:376 - Compaction completed: 
2806566:COMPACT_START sstable=1 input_files: "sstable2/0d3d04c1-f051-4919-b261-8a3d6361a700202604302145141777607123509628052.sst" input_files: "sstable2/7b2a448f-5fb1-4973-b84b-f90e9ebb21ab202604302145141777607123522929684.sst" compactIntoNextLevel: false destinationLevel: 2
2026-05-01 03:45:33:386 - Compaction started: 
139773293241920:Compacting sstable2/0d3d04c1-f051-4919-b261-8a3d6361a700202604302145141777607123509628052.sst sstable2/7b2a448f-5fb1-4973-b84b-f90e9ebb21ab202604302145141777607123522929684.sst into:sstable2/0_aa500e99-7d6f-4570-a031-e76b7d47375a202604302145141777607133435147797.sst
2026-05-01 03:45:33:504 - Compaction completed: 
2806566:COMPACT_START sstable=1 input_files: "sstable2/3_dc45d5fe-50fa-4ddc-b030-1d4717728931202604302145141777607132735910627.sst" input_files: "sstable2/3_7b2a448f-5fb1-4973-b84b-f90e9ebb21ab202604302145141777607133414319772.sst" compactIntoNextLevel: false destinationLevel: 2
2026-05-01 03:45:33:911 - Compaction started: 
139773293241920:Compacting sstable2/3_dc45d5fe-50fa-4ddc-b030-1d4717728931202604302145141777607132735910627.sst sstable2/3_7b2a448f-5fb1-4973-b84b-f90e9ebb21ab202604302145141777607133414319772.sst into:sstable2/4_aa500e99-7d6f-4570-a031-e76b7d47375a202604302145141777607134628450450.sst
2026-05-01 03:45:35:658 - Compaction completed: 
2026-05-01 03:45:44:513 30 sec: 230303 operations; 7676.77 current ops/sec; est completion in 1 day 12 hours [READ: Count=230341, Max=2101247, Min=5, Avg=128.53, 90=196, 99=411, 99.9=2479, 99.99=39775] 
