# CMD: /usr/lib/jvm/java-8-openjdk-amd64/bin/java -cp /users/Xinying/ozonedb/ycsb/ozonedb/conf:/users/Xinying/ozonedb/ycsb/ozonedb/target/ozonedb-binding-0.18.0-SNAPSHOT.jar:/users/Xinying/.m2/repository/org/apache/htrace/htrace-core4/4.1.0-incubating/htrace-core4-4.1.0-incubating.jar:/users/Xinying/.m2/repository/org/slf4j/slf4j-api/1.7.25/slf4j-api-1.7.25.jar:/users/Xinying/.m2/repository/org/hdrhistogram/HdrHistogram/2.1.12/HdrHistogram-2.1.12.jar:/users/Xinying/.m2/repository/ch/qos/logback/logback-classic/1.2.3/logback-classic-1.2.3.jar:/users/Xinying/.m2/repository/ozonedbjnimaven/demoproc-jni/1.0/demoproc-jni-1.0.jar:/users/Xinying/.m2/repository/ch/qos/logback/logback-core/1.2.3/logback-core-1.2.3.jar:/users/Xinying/.m2/repository/org/codehaus/jackson/jackson-mapper-asl/1.9.4/jackson-mapper-asl-1.9.4.jar:/users/Xinying/.m2/repository/org/slf4j/slf4j-simple/1.7.25/slf4j-simple-1.7.25.jar:/users/Xinying/.m2/repository/org/codehaus/jackson/jackson-core-asl/1.9.4/jackson-core-asl-1.9.4.jar:/users/Xinying/ozonedb/ycsb/core/target/core-0.18.0-SNAPSHOT.jar site.ycsb.Client -db site.ycsb.db.OzoneDBClient -threads 1 -s -P /users/Xinying/ozonedb/ycsb/workloads/generated_workloads/workloadc_1KB_1000000_1000000 -p status.interval=30 -p requestdistribution=uniform -p operationcount=1000000000 -p maxexecutiontime=660 -p shared_config=/tmp/churn_v4_configs/shared_config_varyW_n8_r0pct.json -t
# env OZONEDB_CHURN_ABORT_RATE=0.0
Command line: -db site.ycsb.db.OzoneDBClient -threads 1 -s -P /users/Xinying/ozonedb/ycsb/workloads/generated_workloads/workloadc_1KB_1000000_1000000 -p status.interval=30 -p requestdistribution=uniform -p operationcount=1000000000 -p maxexecutiontime=660 -p shared_config=/tmp/churn_v4_configs/shared_config_varyW_n8_r0pct.json -t
YCSB Client 0.18.0-SNAPSHOT

Loading workload...
Starting test.
SLF4J: Class path contains multiple SLF4J bindings.
SLF4J: Found binding in [jar:file:/users/Xinying/.m2/repository/ch/qos/logback/logback-classic/1.2.3/logback-classic-1.2.3.jar!/org/slf4j/impl/StaticLoggerBinder.class]
SLF4J: Found binding in [jar:file:/users/Xinying/.m2/repository/org/slf4j/slf4j-simple/1.7.25/slf4j-simple-1.7.25.jar!/org/slf4j/impl/StaticLoggerBinder.class]
SLF4J: See http://www.slf4j.org/codes.html#multiple_bindings for an explanation.
SLF4J: Actual binding is of type [ch.qos.logback.classic.util.ContextSelectorStaticBinder]
Maximum execution time specified as: 660 secs
2026-05-01 03:45:14:519 0 sec: 0 operations; est completion in 0 second 
Starting compaction watcher
DBWrapper: report latency for each error is false and specific error codes to track for latency are: []
2806576:COMPACT_START sstable=0 input_files: "datalog/3" input_files: "datalog/4" compactIntoNextLevel: true destinationLevel: 1
2026-05-01 03:45:14:589 - Compaction started: 
140210432087616:Compacting datalog/3 datalog/4 into:sstable1/7b2a448f-5fb1-4973-b84b-f90e9ebb21ab202604302145141777607114875885830.sst
2026-05-01 03:45:14:978 - Compaction completed: 
2806576:COMPACT_START sstable=0 input_files: "datalog/35" input_files: "datalog/36" compactIntoNextLevel: true destinationLevel: 1
2026-05-01 03:45:15:000 - Compaction started: 
140210432087616:Compacting datalog/35 datalog/36 into:sstable1/7b2a448f-5fb1-4973-b84b-f90e9ebb21ab202604302145141777607115106879197.sst
2026-05-01 03:45:15:296 - Compaction completed: 
2806576:COMPACT_START sstable=0 input_files: "datalog/57" input_files: "datalog/58" compactIntoNextLevel: true destinationLevel: 1
2026-05-01 03:45:15:308 - Compaction started: 
140210432087616:Compacting datalog/57 datalog/58 into:sstable1/7b2a448f-5fb1-4973-b84b-f90e9ebb21ab202604302145141777607115389953962.sst
2026-05-01 03:45:15:409 - Compaction completed: 
2806576:COMPACT_START sstable=0 input_files: "datalog/73" input_files: "datalog/74" compactIntoNextLevel: true destinationLevel: 1
2026-05-01 03:45:15:512 - Compaction started: 
140210432087616:Compacting datalog/73 datalog/74 into:sstable1/7b2a448f-5fb1-4973-b84b-f90e9ebb21ab202604302145141777607115521525363.sst
2026-05-01 03:45:15:542 - Compaction completed: 
2806576:COMPACT_START sstable=0 input_files: "datalog/81" input_files: "datalog/82" compactIntoNextLevel: true destinationLevel: 1
2026-05-01 03:45:15:618 - Compaction started: 
140210432087616:Compacting datalog/81 datalog/82 into:sstable1/7b2a448f-5fb1-4973-b84b-f90e9ebb21ab202604302145141777607115620992915.sst
2026-05-01 03:45:15:642 - Compaction completed: 
2806576:COMPACT_START sstable=0 input_files: "datalog/95" input_files: "datalog/96" compactIntoNextLevel: true destinationLevel: 1
2026-05-01 03:45:15:720 - Compaction started: 
140210432087616:Compacting datalog/95 datalog/96 into:sstable1/7b2a448f-5fb1-4973-b84b-f90e9ebb21ab202604302145141777607115814190771.sst
2026-05-01 03:45:15:837 - Compaction completed: 
2806576:COMPACT_START sstable=0 input_files: "datalog/125" input_files: "datalog/126" compactIntoNextLevel: true destinationLevel: 1
2026-05-01 03:45:15:926 - Compaction started: 
140210432087616:Compacting datalog/125 datalog/126 into:sstable1/7b2a448f-5fb1-4973-b84b-f90e9ebb21ab202604302145141777607115929111530.sst
2026-05-01 03:45:15:948 - Compaction completed: 
2806576:COMPACT_START sstable=0 input_files: "datalog/143" input_files: "datalog/144" compactIntoNextLevel: true destinationLevel: 1
2026-05-01 03:45:16:041 - Compaction started: 
140210432087616:Compacting datalog/143 datalog/144 into:sstable1/7b2a448f-5fb1-4973-b84b-f90e9ebb21ab202604302145141777607116043933553.sst
2026-05-01 03:45:16:061 - Compaction completed: 
2806576:COMPACT_START sstable=0 input_files: "datalog/159" input_files: "datalog/160" compactIntoNextLevel: true destinationLevel: 1
2026-05-01 03:45:16:146 - Compaction started: 
140210432087616:Compacting datalog/159 datalog/160 into:sstable1/7b2a448f-5fb1-4973-b84b-f90e9ebb21ab202604302145141777607116151728751.sst
2026-05-01 03:45:16:171 - Compaction completed: 
2806576:COMPACT_START sstable=0 input_files: "datalog/175" input_files: "datalog/176" compactIntoNextLevel: true destinationLevel: 1
2026-05-01 03:45:16:250 - Compaction started: 
140210432087616:Compacting datalog/175 datalog/176 into:sstable1/7b2a448f-5fb1-4973-b84b-f90e9ebb21ab202604302145141777607116252841458.sst
2026-05-01 03:45:16:275 - Compaction completed: 
2806576:COMPACT_START sstable=0 input_files: "datalog/191" input_files: "datalog/192" compactIntoNextLevel: true destinationLevel: 1
2026-05-01 03:45:16:353 - Compaction started: 
140210432087616:Compacting datalog/191 datalog/192 into:sstable1/7b2a448f-5fb1-4973-b84b-f90e9ebb21ab202604302145141777607116375809656.sst
2026-05-01 03:45:16:398 - Compaction completed: 
2806576:COMPACT_START sstable=0 input_files: "datalog/207" input_files: "datalog/208" compactIntoNextLevel: true destinationLevel: 1
2026-05-01 03:45:16:455 - Compaction started: 
140210432087616:Compacting datalog/207 datalog/208 into:sstable1/7b2a448f-5fb1-4973-b84b-f90e9ebb21ab202604302145141777607116457927706.sst
2026-05-01 03:45:16:492 - Compaction completed: 
2806576:COMPACT_START sstable=0 input_files: "datalog/223" input_files: "datalog/224" compactIntoNextLevel: true destinationLevel: 1
2026-05-01 03:45:16:560 - Compaction started: 
140210432087616:Compacting datalog/223 datalog/224 into:sstable1/7b2a448f-5fb1-4973-b84b-f90e9ebb21ab202604302145141777607116562715955.sst
2026-05-01 03:45:16:581 - Compaction completed: 
2806576:COMPACT_START sstable=0 input_files: "datalog/235" input_files: "datalog/236" compactIntoNextLevel: true destinationLevel: 1
2026-05-01 03:45:16:664 - Compaction started: 
140210432087616:Compacting datalog/235 datalog/236 into:sstable1/7b2a448f-5fb1-4973-b84b-f90e9ebb21ab202604302145141777607116667089526.sst
2026-05-01 03:45:16:687 - Compaction completed: 
2806576:COMPACT_START sstable=0 input_files: "datalog/249" input_files: "datalog/250" compactIntoNextLevel: true destinationLevel: 1
2026-05-01 03:45:16:768 - Compaction started: 
140210432087616:Compacting datalog/249 datalog/250 into:sstable1/7b2a448f-5fb1-4973-b84b-f90e9ebb21ab202604302145141777607116770807318.sst
2026-05-01 03:45:16:792 - Compaction completed: 
2806576:COMPACT_START sstable=0 input_files: "datalog/263" input_files: "datalog/264" compactIntoNextLevel: true destinationLevel: 1
2026-05-01 03:45:16:872 - Compaction started: 
140210432087616:Compacting datalog/263 datalog/264 into:sstable1/7b2a448f-5fb1-4973-b84b-f90e9ebb21ab202604302145141777607116874462803.sst
2026-05-01 03:45:16:893 - Compaction completed: 
2806576:COMPACT_START sstable=0 input_files: "datalog/285" input_files: "datalog/286" compactIntoNextLevel: true destinationLevel: 1
2026-05-01 03:45:17:024 - Compaction started: 
140210432087616:Compacting datalog/285 datalog/286 into:sstable1/7b2a448f-5fb1-4973-b84b-f90e9ebb21ab202604302145141777607117027360442.sst
2026-05-01 03:45:17:047 - Compaction completed: 
2806576:COMPACT_START sstable=0 input_files: "datalog/301" input_files: "datalog/302" compactIntoNextLevel: true destinationLevel: 1
2026-05-01 03:45:17:128 - Compaction started: 
140210432087616:Compacting datalog/301 datalog/302 into:sstable1/7b2a448f-5fb1-4973-b84b-f90e9ebb21ab202604302145141777607117131568122.sst
2026-05-01 03:45:17:150 - Compaction completed: 
2806576:COMPACT_START sstable=0 input_files: "datalog/317" input_files: "datalog/318" compactIntoNextLevel: true destinationLevel: 1
2026-05-01 03:45:17:231 - Compaction started: 
140210432087616:Compacting datalog/317 datalog/318 into:sstable1/7b2a448f-5fb1-4973-b84b-f90e9ebb21ab202604302145141777607117234757473.sst
2026-05-01 03:45:17:254 - Compaction completed: 
2806576:COMPACT_START sstable=0 input_files: "datalog/333" input_files: "datalog/334" compactIntoNextLevel: true destinationLevel: 1
2026-05-01 03:45:17:335 - Compaction started: 
140210432087616:Compacting datalog/333 datalog/334 into:sstable1/7b2a448f-5fb1-4973-b84b-f90e9ebb21ab202604302145141777607117337433021.sst
2026-05-01 03:45:17:355 - Compaction completed: 
2806576:COMPACT_START sstable=0 input_files: "datalog/349" input_files: "datalog/350" compactIntoNextLevel: true destinationLevel: 1
2026-05-01 03:45:17:438 - Compaction started: 
140210432087616:Compacting datalog/349 datalog/350 into:sstable1/7b2a448f-5fb1-4973-b84b-f90e9ebb21ab202604302145141777607117441412253.sst
2026-05-01 03:45:17:464 - Compaction completed: 
2806576:COMPACT_START sstable=0 input_files: "datalog/365" input_files: "datalog/366" compactIntoNextLevel: true destinationLevel: 1
2026-05-01 03:45:17:541 - Compaction started: 
140210432087616:Compacting datalog/365 datalog/366 into:sstable1/7b2a448f-5fb1-4973-b84b-f90e9ebb21ab202604302145141777607117544581917.sst
2026-05-01 03:45:17:567 - Compaction completed: 
2806576:COMPACT_START sstable=0 input_files: "datalog/381" input_files: "datalog/382" compactIntoNextLevel: true destinationLevel: 1
2026-05-01 03:45:17:645 - Compaction started: 
140210432087616:Compacting datalog/381 datalog/382 into:sstable1/7b2a448f-5fb1-4973-b84b-f90e9ebb21ab202604302145141777607117648175777.sst
2026-05-01 03:45:17:668 - Compaction completed: 
2806576:COMPACT_START sstable=0 input_files: "datalog/397" input_files: "datalog/398" compactIntoNextLevel: true destinationLevel: 1
2026-05-01 03:45:17:748 - Compaction started: 
140210432087616:Compacting datalog/397 datalog/398 into:sstable1/7b2a448f-5fb1-4973-b84b-f90e9ebb21ab202604302145141777607117751215758.sst
2026-05-01 03:45:17:772 - Compaction completed: 
2806576:COMPACT_START sstable=0 input_files: "datalog/413" input_files: "datalog/414" compactIntoNextLevel: true destinationLevel: 1
2026-05-01 03:45:17:852 - Compaction started: 
140210432087616:Compacting datalog/413 datalog/414 into:sstable1/7b2a448f-5fb1-4973-b84b-f90e9ebb21ab202604302145141777607117854532988.sst
2026-05-01 03:45:17:872 - Compaction completed: 
2806576:COMPACT_START sstable=0 input_files: "datalog/429" input_files: "datalog/430" compactIntoNextLevel: true destinationLevel: 1
2026-05-01 03:45:17:955 - Compaction started: 
140210432087616:Compacting datalog/429 datalog/430 into:sstable1/7b2a448f-5fb1-4973-b84b-f90e9ebb21ab202604302145141777607117957193657.sst
2026-05-01 03:45:17:975 - Compaction completed: 
2806576:COMPACT_START sstable=0 input_files: "datalog/445" input_files: "datalog/446" compactIntoNextLevel: true destinationLevel: 1
2026-05-01 03:45:18:057 - Compaction started: 
140210432087616:Compacting datalog/445 datalog/446 into:sstable1/7b2a448f-5fb1-4973-b84b-f90e9ebb21ab202604302145141777607118060048060.sst
2026-05-01 03:45:18:080 - Compaction completed: 
2806576:COMPACT_START sstable=0 input_files: "datalog/461" input_files: "datalog/462" compactIntoNextLevel: true destinationLevel: 1
2026-05-01 03:45:18:160 - Compaction started: 
140210432087616:Compacting datalog/461 datalog/462 into:sstable1/7b2a448f-5fb1-4973-b84b-f90e9ebb21ab202604302145141777607118163246879.sst
2026-05-01 03:45:18:179 - Compaction completed: 
2806576:COMPACT_START sstable=0 input_files: "datalog/477" input_files: "datalog/478" compactIntoNextLevel: true destinationLevel: 1
2026-05-01 03:45:18:264 - Compaction started: 
140210432087616:Compacting datalog/477 datalog/478 into:sstable1/7b2a448f-5fb1-4973-b84b-f90e9ebb21ab202604302145141777607118266906402.sst
2026-05-01 03:45:18:285 - Compaction completed: 
2806576:COMPACT_START sstable=0 input_files: "datalog/493" input_files: "datalog/494" compactIntoNextLevel: true destinationLevel: 1
2026-05-01 03:45:18:366 - Compaction started: 
140210432087616:Compacting datalog/493 datalog/494 into:sstable1/7b2a448f-5fb1-4973-b84b-f90e9ebb21ab202604302145141777607118370841771.sst
2026-05-01 03:45:18:388 - Compaction completed: 
2806576:COMPACT_START sstable=0 input_files: "datalog/509" input_files: "datalog/510" compactIntoNextLevel: true destinationLevel: 1
2026-05-01 03:45:18:468 - Compaction started: 
140210432087616:Compacting datalog/509 datalog/510 into:sstable1/7b2a448f-5fb1-4973-b84b-f90e9ebb21ab202604302145141777607118471284392.sst
2026-05-01 03:45:18:486 - Compaction completed: 
2806576:COMPACT_START sstable=0 input_files: "datalog/525" input_files: "datalog/526" compactIntoNextLevel: true destinationLevel: 1
2026-05-01 03:45:18:570 - Compaction started: 
140210432087616:Compacting datalog/525 datalog/526 into:sstable1/7b2a448f-5fb1-4973-b84b-f90e9ebb21ab202604302145141777607118572620798.sst
2026-05-01 03:45:18:587 - Compaction completed: 
2806576:COMPACT_START sstable=0 input_files: "datalog/541" input_files: "datalog/542" compactIntoNextLevel: true destinationLevel: 1
2026-05-01 03:45:18:672 - Compaction started: 
140210432087616:Compacting datalog/541 datalog/542 into:sstable1/7b2a448f-5fb1-4973-b84b-f90e9ebb21ab202604302145141777607118675017763.sst
2026-05-01 03:45:18:690 - Compaction completed: 
2806576:COMPACT_START sstable=0 input_files: "datalog/557" input_files: "datalog/558" compactIntoNextLevel: true destinationLevel: 1
2026-05-01 03:45:18:774 - Compaction started: 
140210432087616:Compacting datalog/557 datalog/558 into:sstable1/7b2a448f-5fb1-4973-b84b-f90e9ebb21ab202604302145141777607118776788985.sst
2026-05-01 03:45:18:792 - Compaction completed: 
2806576:COMPACT_START sstable=0 input_files: "datalog/573" input_files: "datalog/574" compactIntoNextLevel: true destinationLevel: 1
2026-05-01 03:45:18:875 - Compaction started: 
140210432087616:Compacting datalog/573 datalog/574 into:sstable1/7b2a448f-5fb1-4973-b84b-f90e9ebb21ab202604302145141777607118878490526.sst
2026-05-01 03:45:18:893 - Compaction completed: 
2806576:COMPACT_START sstable=0 input_files: "datalog/589" input_files: "datalog/590" compactIntoNextLevel: true destinationLevel: 1
2026-05-01 03:45:18:977 - Compaction started: 
140210432087616:Compacting datalog/589 datalog/590 into:sstable1/7b2a448f-5fb1-4973-b84b-f90e9ebb21ab202604302145141777607118980117367.sst
2026-05-01 03:45:18:995 - Compaction completed: 
2806576:COMPACT_START sstable=0 input_files: "datalog/605" input_files: "datalog/606" compactIntoNextLevel: true destinationLevel: 1
2026-05-01 03:45:19:079 - Compaction started: 
140210432087616:Compacting datalog/605 datalog/606 into:sstable1/7b2a448f-5fb1-4973-b84b-f90e9ebb21ab202604302145141777607119083175361.sst
2026-05-01 03:45:19:103 - Compaction completed: 
2806576:COMPACT_START sstable=0 input_files: "datalog/621" input_files: "datalog/622" compactIntoNextLevel: true destinationLevel: 1
2026-05-01 03:45:19:181 - Compaction started: 
140210432087616:Compacting datalog/621 datalog/622 into:sstable1/7b2a448f-5fb1-4973-b84b-f90e9ebb21ab202604302145141777607119185016464.sst
2026-05-01 03:45:19:204 - Compaction completed: 
2806576:COMPACT_START sstable=0 input_files: "datalog/637" input_files: "datalog/638" compactIntoNextLevel: true destinationLevel: 1
2026-05-01 03:45:19:283 - Compaction started: 
140210432087616:Compacting datalog/637 datalog/638 into:sstable1/7b2a448f-5fb1-4973-b84b-f90e9ebb21ab202604302145141777607119286942446.sst
2026-05-01 03:45:19:302 - Compaction completed: 
2806576:COMPACT_START sstable=0 input_files: "datalog/653" input_files: "datalog/654" compactIntoNextLevel: true destinationLevel: 1
2026-05-01 03:45:19:385 - Compaction started: 
140210432087616:Compacting datalog/653 datalog/654 into:sstable1/7b2a448f-5fb1-4973-b84b-f90e9ebb21ab202604302145141777607119387949515.sst
2026-05-01 03:45:19:402 - Compaction completed: 
2806576:COMPACT_START sstable=0 input_files: "datalog/669" input_files: "datalog/670" compactIntoNextLevel: true destinationLevel: 1
2026-05-01 03:45:19:487 - Compaction started: 
140210432087616:Compacting datalog/669 datalog/670 into:sstable1/7b2a448f-5fb1-4973-b84b-f90e9ebb21ab202604302145141777607119489717200.sst
2026-05-01 03:45:19:503 - Compaction completed: 
2806576:COMPACT_START sstable=0 input_files: "datalog/685" input_files: "datalog/686" compactIntoNextLevel: true destinationLevel: 1
2026-05-01 03:45:19:589 - Compaction started: 
140210432087616:Compacting datalog/685 datalog/686 into:sstable1/7b2a448f-5fb1-4973-b84b-f90e9ebb21ab202604302145141777607119591397541.sst
2026-05-01 03:45:19:606 - Compaction completed: 
2806576:COMPACT_START sstable=0 input_files: "datalog/701" input_files: "datalog/702" compactIntoNextLevel: true destinationLevel: 1
2026-05-01 03:45:19:691 - Compaction started: 
140210432087616:Compacting datalog/701 datalog/702 into:sstable1/7b2a448f-5fb1-4973-b84b-f90e9ebb21ab202604302145141777607119693959596.sst
2026-05-01 03:45:19:711 - Compaction completed: 
2806576:COMPACT_START sstable=0 input_files: "datalog/717" input_files: "datalog/718" compactIntoNextLevel: true destinationLevel: 1
2026-05-01 03:45:19:793 - Compaction started: 
140210432087616:Compacting datalog/717 datalog/718 into:sstable1/7b2a448f-5fb1-4973-b84b-f90e9ebb21ab202604302145141777607119796130166.sst
2026-05-01 03:45:19:813 - Compaction completed: 
2806576:COMPACT_START sstable=0 input_files: "datalog/733" input_files: "datalog/734" compactIntoNextLevel: true destinationLevel: 1
2026-05-01 03:45:19:895 - Compaction started: 
140210432087616:Compacting datalog/733 datalog/734 into:sstable1/7b2a448f-5fb1-4973-b84b-f90e9ebb21ab202604302145141777607119898177436.sst
2026-05-01 03:45:19:914 - Compaction completed: 
2806576:COMPACT_START sstable=0 input_files: "datalog/749" input_files: "datalog/750" compactIntoNextLevel: true destinationLevel: 1
2026-05-01 03:45:19:997 - Compaction started: 
140210432087616:Compacting datalog/749 datalog/750 into:sstable1/7b2a448f-5fb1-4973-b84b-f90e9ebb21ab202604302145141777607119999132537.sst
2026-05-01 03:45:20:012 - Compaction completed: 
2806576:COMPACT_START sstable=0 input_files: "datalog/765" input_files: "datalog/766" compactIntoNextLevel: true destinationLevel: 1
2026-05-01 03:45:20:099 - Compaction started: 
140210432087616:Compacting datalog/765 datalog/766 into:sstable1/7b2a448f-5fb1-4973-b84b-f90e9ebb21ab202604302145141777607120101042429.sst
2026-05-01 03:45:20:114 - Compaction completed: 
2806576:COMPACT_START sstable=0 input_files: "datalog/781" input_files: "datalog/782" compactIntoNextLevel: true destinationLevel: 1
2026-05-01 03:45:20:201 - Compaction started: 
140210432087616:Compacting datalog/781 datalog/782 into:sstable1/7b2a448f-5fb1-4973-b84b-f90e9ebb21ab202604302145141777607120202996283.sst
2026-05-01 03:45:20:216 - Compaction completed: 
2806576:COMPACT_START sstable=0 input_files: "datalog/797" input_files: "datalog/798" compactIntoNextLevel: true destinationLevel: 1
2026-05-01 03:45:20:302 - Compaction started: 
140210432087616:Compacting datalog/797 datalog/798 into:sstable1/7b2a448f-5fb1-4973-b84b-f90e9ebb21ab202604302145141777607120304909952.sst
2026-05-01 03:45:20:319 - Compaction completed: 
2806576:COMPACT_START sstable=0 input_files: "datalog/813" input_files: "datalog/814" compactIntoNextLevel: true destinationLevel: 1
2026-05-01 03:45:20:406 - Compaction started: 
140210432087616:Compacting datalog/813 datalog/814 into:sstable1/7b2a448f-5fb1-4973-b84b-f90e9ebb21ab202604302145141777607120408723233.sst
2026-05-01 03:45:20:423 - Compaction completed: 
2806576:COMPACT_START sstable=0 input_files: "datalog/829" input_files: "datalog/830" compactIntoNextLevel: true destinationLevel: 1
2026-05-01 03:45:20:509 - Compaction started: 
140210432087616:Compacting datalog/829 datalog/830 into:sstable1/7b2a448f-5fb1-4973-b84b-f90e9ebb21ab202604302145141777607120512150359.sst
2026-05-01 03:45:20:525 - Compaction completed: 
2806576:COMPACT_START sstable=0 input_files: "datalog/845" input_files: "datalog/846" compactIntoNextLevel: true destinationLevel: 1
2026-05-01 03:45:20:613 - Compaction started: 
140210432087616:Compacting datalog/845 datalog/846 into:sstable1/7b2a448f-5fb1-4973-b84b-f90e9ebb21ab202604302145141777607120616191407.sst
2026-05-01 03:45:20:634 - Compaction completed: 
2806576:COMPACT_START sstable=0 input_files: "datalog/861" input_files: "datalog/862" compactIntoNextLevel: true destinationLevel: 1
2026-05-01 03:45:20:716 - Compaction started: 
140210432087616:Compacting datalog/861 datalog/862 into:sstable1/7b2a448f-5fb1-4973-b84b-f90e9ebb21ab202604302145141777607120718456565.sst
2026-05-01 03:45:20:733 - Compaction completed: 
2806576:COMPACT_START sstable=1 input_files: "sstable1/0d3d04c1-f051-4919-b261-8a3d6361a700202604302145141777607114786665382.sst" input_files: "sstable1/b10c8a2c-35ed-48ea-800f-997944cbaceb202604302145141777607114728579254.sst" compactIntoNextLevel: true destinationLevel: 2
2026-05-01 03:45:20:819 - Compaction started: 
140210432087616:Compacting sstable1/0d3d04c1-f051-4919-b261-8a3d6361a700202604302145141777607114786665382.sst sstable1/b10c8a2c-35ed-48ea-800f-997944cbaceb202604302145141777607114728579254.sst into:sstable2/7b2a448f-5fb1-4973-b84b-f90e9ebb21ab202604302145141777607120842549582.sst
2026-05-01 03:45:20:879 - Compaction completed: 
2806576:COMPACT_START sstable=1 input_files: "sstable1/7b4af759-aafb-43bf-9daf-da1a64ebd4b1202604302145141777607115374694880.sst" input_files: "sstable1/ac3f7ac6-0530-48c3-8ffc-c6ff5dd08db5202604302145141777607115298372197.sst" compactIntoNextLevel: true destinationLevel: 2
2026-05-01 03:45:20:921 - Compaction started: 
140210432087616:Compacting sstable1/7b4af759-aafb-43bf-9daf-da1a64ebd4b1202604302145141777607115374694880.sst sstable1/ac3f7ac6-0530-48c3-8ffc-c6ff5dd08db5202604302145141777607115298372197.sst into:sstable2/7b2a448f-5fb1-4973-b84b-f90e9ebb21ab202604302145141777607120948143402.sst
2026-05-01 03:45:20:991 - Compaction completed: 
2806576:COMPACT_START sstable=1 input_files: "sstable1/aa500e99-7d6f-4570-a031-e76b7d47375a202604302145141777607115572257210.sst" input_files: "sstable1/b10c8a2c-35ed-48ea-800f-997944cbaceb202604302145141777607115592866866.sst" compactIntoNextLevel: true destinationLevel: 2
2026-05-01 03:45:21:024 - Compaction started: 
140210432087616:Compacting sstable1/aa500e99-7d6f-4570-a031-e76b7d47375a202604302145141777607115572257210.sst sstable1/b10c8a2c-35ed-48ea-800f-997944cbaceb202604302145141777607115592866866.sst into:sstable2/7b2a448f-5fb1-4973-b84b-f90e9ebb21ab202604302145141777607121047887462.sst
2026-05-01 03:45:21:086 - Compaction completed: 
2806576:COMPACT_START sstable=1 input_files: "sstable1/b10c8a2c-35ed-48ea-800f-997944cbaceb202604302145141777607115797709487.sst" input_files: "sstable1/67a19893-2dac-49d5-95be-955e69d89ee3202604302145141777607115833973165.sst" compactIntoNextLevel: true destinationLevel: 2
2026-05-01 03:45:21:128 - Compaction started: 
140210432087616:Compacting sstable1/b10c8a2c-35ed-48ea-800f-997944cbaceb202604302145141777607115797709487.sst sstable1/67a19893-2dac-49d5-95be-955e69d89ee3202604302145141777607115833973165.sst into:sstable2/7b2a448f-5fb1-4973-b84b-f90e9ebb21ab202604302145141777607121151266459.sst
2026-05-01 03:45:21:189 - Compaction completed: 
2806576:COMPACT_START sstable=1 input_files: "sstable1/67a19893-2dac-49d5-95be-955e69d89ee3202604302145141777607116038432137.sst" input_files: "sstable1/7b2a448f-5fb1-4973-b84b-f90e9ebb21ab202604302145141777607116043933553.sst" compactIntoNextLevel: true destinationLevel: 2
2026-05-01 03:45:21:230 - Compaction started: 
140210432087616:Compacting sstable1/67a19893-2dac-49d5-95be-955e69d89ee3202604302145141777607116038432137.sst sstable1/7b2a448f-5fb1-4973-b84b-f90e9ebb21ab202604302145141777607116043933553.sst into:sstable2/7b2a448f-5fb1-4973-b84b-f90e9ebb21ab202604302145141777607121251269264.sst
2026-05-01 03:45:21:286 - Compaction completed: 
2806576:COMPACT_START sstable=1 input_files: "sstable1/67a19893-2dac-49d5-95be-955e69d89ee3202604302145141777607116242464029.sst" input_files: "sstable1/7b2a448f-5fb1-4973-b84b-f90e9ebb21ab202604302145141777607116252841458.sst" compactIntoNextLevel: true destinationLevel: 2
2026-05-01 03:45:21:332 - Compaction started: 
140210432087616:Compacting sstable1/67a19893-2dac-49d5-95be-955e69d89ee3202604302145141777607116242464029.sst sstable1/7b2a448f-5fb1-4973-b84b-f90e9ebb21ab202604302145141777607116252841458.sst into:sstable2/7b2a448f-5fb1-4973-b84b-f90e9ebb21ab202604302145141777607121354901776.sst
2026-05-01 03:45:21:391 - Compaction completed: 
2806576:COMPACT_START sstable=1 input_files: "sstable1/67a19893-2dac-49d5-95be-955e69d89ee3202604302145141777607116449869045.sst" input_files: "sstable1/7b2a448f-5fb1-4973-b84b-f90e9ebb21ab202604302145141777607116457927706.sst" compactIntoNextLevel: true destinationLevel: 2
2026-05-01 03:45:21:436 - Compaction started: 
140210432087616:Compacting sstable1/67a19893-2dac-49d5-95be-955e69d89ee3202604302145141777607116449869045.sst sstable1/7b2a448f-5fb1-4973-b84b-f90e9ebb21ab202604302145141777607116457927706.sst into:sstable2/7b2a448f-5fb1-4973-b84b-f90e9ebb21ab202604302145141777607121459365196.sst
2026-05-01 03:45:21:497 - Compaction completed: 
2806576:COMPACT_START sstable=1 input_files: "sstable1/0d3d04c1-f051-4919-b261-8a3d6361a700202604302145141777607116679834925.sst" input_files: "sstable1/7b4af759-aafb-43bf-9daf-da1a64ebd4b1202604302145141777607116712322673.sst" compactIntoNextLevel: true destinationLevel: 2
2026-05-01 03:45:21:539 - Compaction started: 
140210432087616:Compacting sstable1/0d3d04c1-f051-4919-b261-8a3d6361a700202604302145141777607116679834925.sst sstable1/7b4af759-aafb-43bf-9daf-da1a64ebd4b1202604302145141777607116712322673.sst into:sstable2/7b2a448f-5fb1-4973-b84b-f90e9ebb21ab202604302145141777607121561305113.sst
2026-05-01 03:45:21:598 - Compaction completed: 
2806576:COMPACT_START sstable=1 input_files: "sstable1/7b4af759-aafb-43bf-9daf-da1a64ebd4b1202604302145141777607116920433263.sst" input_files: "sstable1/ac3f7ac6-0530-48c3-8ffc-c6ff5dd08db5202604302145141777607116930202791.sst" compactIntoNextLevel: true destinationLevel: 2
2026-05-01 03:45:21:642 - Compaction started: 
140210432087616:Compacting sstable1/7b4af759-aafb-43bf-9daf-da1a64ebd4b1202604302145141777607116920433263.sst sstable1/ac3f7ac6-0530-48c3-8ffc-c6ff5dd08db5202604302145141777607116930202791.sst into:sstable2/7b2a448f-5fb1-4973-b84b-f90e9ebb21ab202604302145141777607121663347093.sst
2026-05-01 03:45:21:699 - Compaction completed: 
2806576:COMPACT_START sstable=1 input_files: "sstable1/7b2a448f-5fb1-4973-b84b-f90e9ebb21ab202604302145141777607117131568122.sst" input_files: "sstable1/ac3f7ac6-0530-48c3-8ffc-c6ff5dd08db5202604302145141777607117143772778.sst" compactIntoNextLevel: true destinationLevel: 2
2026-05-01 03:45:21:746 - Compaction started: 
140210432087616:Compacting sstable1/7b2a448f-5fb1-4973-b84b-f90e9ebb21ab202604302145141777607117131568122.sst sstable1/ac3f7ac6-0530-48c3-8ffc-c6ff5dd08db5202604302145141777607117143772778.sst into:sstable2/7b2a448f-5fb1-4973-b84b-f90e9ebb21ab202604302145141777607121768265506.sst
2026-05-01 03:45:21:804 - Compaction completed: 
2806576:COMPACT_START sstable=1 input_files: "sstable1/7b2a448f-5fb1-4973-b84b-f90e9ebb21ab202604302145141777607117337433021.sst" input_files: "sstable1/ac3f7ac6-0530-48c3-8ffc-c6ff5dd08db5202604302145141777607117350006147.sst" compactIntoNextLevel: true destinationLevel: 2
2026-05-01 03:45:21:848 - Compaction started: 
140210432087616:Compacting sstable1/7b2a448f-5fb1-4973-b84b-f90e9ebb21ab202604302145141777607117337433021.sst sstable1/ac3f7ac6-0530-48c3-8ffc-c6ff5dd08db5202604302145141777607117350006147.sst into:sstable2/7b2a448f-5fb1-4973-b84b-f90e9ebb21ab202604302145141777607121870257151.sst
2026-05-01 03:45:21:904 - Compaction completed: 
2806576:COMPACT_START sstable=1 input_files: "sstable1/7b2a448f-5fb1-4973-b84b-f90e9ebb21ab202604302145141777607117544581917.sst" input_files: "sstable1/ac3f7ac6-0530-48c3-8ffc-c6ff5dd08db5202604302145141777607117554957302.sst" compactIntoNextLevel: true destinationLevel: 2
2026-05-01 03:45:21:952 - Compaction started: 
140210432087616:Compacting sstable1/7b2a448f-5fb1-4973-b84b-f90e9ebb21ab202604302145141777607117544581917.sst sstable1/ac3f7ac6-0530-48c3-8ffc-c6ff5dd08db5202604302145141777607117554957302.sst into:sstable2/7b2a448f-5fb1-4973-b84b-f90e9ebb21ab202604302145141777607121973797299.sst
2026-05-01 03:45:22:008 - Compaction completed: 
2806576:COMPACT_START sstable=1 input_files: "sstable1/7b2a448f-5fb1-4973-b84b-f90e9ebb21ab202604302145141777607117751215758.sst" input_files: "sstable1/ac3f7ac6-0530-48c3-8ffc-c6ff5dd08db5202604302145141777607117761942671.sst" compactIntoNextLevel: true destinationLevel: 2
2026-05-01 03:45:22:056 - Compaction started: 
140210432087616:Compacting sstable1/7b2a448f-5fb1-4973-b84b-f90e9ebb21ab202604302145141777607117751215758.sst sstable1/ac3f7ac6-0530-48c3-8ffc-c6ff5dd08db5202604302145141777607117761942671.sst into:sstable2/7b2a448f-5fb1-4973-b84b-f90e9ebb21ab202604302145141777607122078061445.sst
2026-05-01 03:45:22:113 - Compaction completed: 
2806576:COMPACT_START sstable=1 input_files: "sstable1/7b2a448f-5fb1-4973-b84b-f90e9ebb21ab202604302145141777607117957193657.sst" input_files: "sstable1/ac3f7ac6-0530-48c3-8ffc-c6ff5dd08db5202604302145141777607117968128171.sst" compactIntoNextLevel: true destinationLevel: 2
2026-05-01 03:45:22:158 - Compaction started: 
140210432087616:Compacting sstable1/7b2a448f-5fb1-4973-b84b-f90e9ebb21ab202604302145141777607117957193657.sst sstable1/ac3f7ac6-0530-48c3-8ffc-c6ff5dd08db5202604302145141777607117968128171.sst into:sstable2/7b2a448f-5fb1-4973-b84b-f90e9ebb21ab202604302145141777607122178908895.sst
2026-05-01 03:45:22:210 - Compaction completed: 
2806576:COMPACT_START sstable=1 input_files: "sstable1/7b2a448f-5fb1-4973-b84b-f90e9ebb21ab202604302145141777607118163246879.sst" input_files: "sstable1/ac3f7ac6-0530-48c3-8ffc-c6ff5dd08db5202604302145141777607118173355594.sst" compactIntoNextLevel: true destinationLevel: 2
2026-05-01 03:45:22:260 - Compaction started: 
140210432087616:Compacting sstable1/7b2a448f-5fb1-4973-b84b-f90e9ebb21ab202604302145141777607118163246879.sst sstable1/ac3f7ac6-0530-48c3-8ffc-c6ff5dd08db5202604302145141777607118173355594.sst into:sstable2/7b2a448f-5fb1-4973-b84b-f90e9ebb21ab202604302145141777607122279383385.sst
2026-05-01 03:45:22:309 - Compaction completed: 
2806576:COMPACT_START sstable=1 input_files: "sstable1/7b2a448f-5fb1-4973-b84b-f90e9ebb21ab202604302145141777607118370841771.sst" input_files: "sstable1/ac3f7ac6-0530-48c3-8ffc-c6ff5dd08db5202604302145141777607118378397128.sst" compactIntoNextLevel: true destinationLevel: 2
2026-05-01 03:45:22:361 - Compaction started: 
140210432087616:Compacting sstable1/7b2a448f-5fb1-4973-b84b-f90e9ebb21ab202604302145141777607118370841771.sst sstable1/ac3f7ac6-0530-48c3-8ffc-c6ff5dd08db5202604302145141777607118378397128.sst into:sstable2/7b2a448f-5fb1-4973-b84b-f90e9ebb21ab202604302145141777607122381406008.sst
2026-05-01 03:45:22:432 - Compaction completed: 
2806576:COMPACT_START sstable=1 input_files: "sstable1/7b2a448f-5fb1-4973-b84b-f90e9ebb21ab202604302145141777607118572620798.sst" input_files: "sstable1/ac3f7ac6-0530-48c3-8ffc-c6ff5dd08db5202604302145141777607118581373520.sst" compactIntoNextLevel: true destinationLevel: 2
2026-05-01 03:45:22:465 - Compaction started: 
140210432087616:Compacting sstable1/7b2a448f-5fb1-4973-b84b-f90e9ebb21ab202604302145141777607118572620798.sst sstable1/ac3f7ac6-0530-48c3-8ffc-c6ff5dd08db5202604302145141777607118581373520.sst into:sstable2/7b2a448f-5fb1-4973-b84b-f90e9ebb21ab202604302145141777607122490608354.sst
2026-05-01 03:45:22:522 - Compaction completed: 
2806576:COMPACT_START sstable=1 input_files: "sstable1/7b2a448f-5fb1-4973-b84b-f90e9ebb21ab202604302145141777607118776788985.sst" input_files: "sstable1/ac3f7ac6-0530-48c3-8ffc-c6ff5dd08db5202604302145141777607118785142749.sst" compactIntoNextLevel: true destinationLevel: 2
2026-05-01 03:45:22:569 - Compaction started: 
140210432087616:Compacting sstable1/7b2a448f-5fb1-4973-b84b-f90e9ebb21ab202604302145141777607118776788985.sst sstable1/ac3f7ac6-0530-48c3-8ffc-c6ff5dd08db5202604302145141777607118785142749.sst into:sstable2/7b2a448f-5fb1-4973-b84b-f90e9ebb21ab202604302145141777607122597515236.sst
2026-05-01 03:45:22:634 - Compaction completed: 
2806576:COMPACT_START sstable=1 input_files: "sstable1/7b2a448f-5fb1-4973-b84b-f90e9ebb21ab202604302145141777607118980117367.sst" input_files: "sstable1/ac3f7ac6-0530-48c3-8ffc-c6ff5dd08db5202604302145141777607118988688599.sst" compactIntoNextLevel: true destinationLevel: 2
2026-05-01 03:45:22:672 - Compaction started: 
140210432087616:Compacting sstable1/7b2a448f-5fb1-4973-b84b-f90e9ebb21ab202604302145141777607118980117367.sst sstable1/ac3f7ac6-0530-48c3-8ffc-c6ff5dd08db5202604302145141777607118988688599.sst into:sstable2/7b2a448f-5fb1-4973-b84b-f90e9ebb21ab202604302145141777607122697705693.sst
2026-05-01 03:45:22:730 - Compaction completed: 
2806576:COMPACT_START sstable=1 input_files: "sstable1/7b2a448f-5fb1-4973-b84b-f90e9ebb21ab202604302145141777607119185016464.sst" input_files: "sstable1/ac3f7ac6-0530-48c3-8ffc-c6ff5dd08db5202604302145141777607119192004077.sst" compactIntoNextLevel: true destinationLevel: 2
2026-05-01 03:45:22:776 - Compaction started: 
140210432087616:Compacting sstable1/7b2a448f-5fb1-4973-b84b-f90e9ebb21ab202604302145141777607119185016464.sst sstable1/ac3f7ac6-0530-48c3-8ffc-c6ff5dd08db5202604302145141777607119192004077.sst into:sstable2/7b2a448f-5fb1-4973-b84b-f90e9ebb21ab202604302145141777607122801318969.sst
2026-05-01 03:45:22:833 - Compaction completed: 
2806576:COMPACT_START sstable=1 input_files: "sstable1/7b2a448f-5fb1-4973-b84b-f90e9ebb21ab202604302145141777607119387949515.sst" input_files: "sstable1/ac3f7ac6-0530-48c3-8ffc-c6ff5dd08db5202604302145141777607119395689067.sst" compactIntoNextLevel: true destinationLevel: 2
2026-05-01 03:45:22:880 - Compaction started: 
140210432087616:Compacting sstable1/7b2a448f-5fb1-4973-b84b-f90e9ebb21ab202604302145141777607119387949515.sst sstable1/ac3f7ac6-0530-48c3-8ffc-c6ff5dd08db5202604302145141777607119395689067.sst into:sstable2/7b2a448f-5fb1-4973-b84b-f90e9ebb21ab202604302145141777607122902607756.sst
2026-05-01 03:45:22:933 - Compaction completed: 
2806576:COMPACT_START sstable=1 input_files: "sstable1/7b2a448f-5fb1-4973-b84b-f90e9ebb21ab202604302145141777607119591397541.sst" input_files: "sstable1/ac3f7ac6-0530-48c3-8ffc-c6ff5dd08db5202604302145141777607119599369940.sst" compactIntoNextLevel: true destinationLevel: 2
2026-05-01 03:45:22:983 - Compaction started: 
140210432087616:Compacting sstable1/7b2a448f-5fb1-4973-b84b-f90e9ebb21ab202604302145141777607119591397541.sst sstable1/ac3f7ac6-0530-48c3-8ffc-c6ff5dd08db5202604302145141777607119599369940.sst into:sstable2/7b2a448f-5fb1-4973-b84b-f90e9ebb21ab202604302145141777607123007396806.sst
2026-05-01 03:45:23:040 - Compaction completed: 
2806576:COMPACT_START sstable=1 input_files: "sstable1/7b2a448f-5fb1-4973-b84b-f90e9ebb21ab202604302145141777607119796130166.sst" input_files: "sstable1/ac3f7ac6-0530-48c3-8ffc-c6ff5dd08db5202604302145141777607119803274272.sst" compactIntoNextLevel: true destinationLevel: 2
2026-05-01 03:45:23:087 - Compaction started: 
140210432087616:Compacting sstable1/7b2a448f-5fb1-4973-b84b-f90e9ebb21ab202604302145141777607119796130166.sst sstable1/ac3f7ac6-0530-48c3-8ffc-c6ff5dd08db5202604302145141777607119803274272.sst into:sstable2/7b2a448f-5fb1-4973-b84b-f90e9ebb21ab202604302145141777607123107078600.sst
2026-05-01 03:45:23:138 - Compaction completed: 
2806576:COMPACT_START sstable=1 input_files: "sstable1/7b2a448f-5fb1-4973-b84b-f90e9ebb21ab202604302145141777607119999132537.sst" input_files: "sstable1/ac3f7ac6-0530-48c3-8ffc-c6ff5dd08db5202604302145141777607120006667706.sst" compactIntoNextLevel: true destinationLevel: 2
2026-05-01 03:45:23:191 - Compaction started: 
140210432087616:Compacting sstable1/7b2a448f-5fb1-4973-b84b-f90e9ebb21ab202604302145141777607119999132537.sst sstable1/ac3f7ac6-0530-48c3-8ffc-c6ff5dd08db5202604302145141777607120006667706.sst into:sstable2/7b2a448f-5fb1-4973-b84b-f90e9ebb21ab202604302145141777607123208734825.sst
2026-05-01 03:45:23:237 - Compaction completed: 
2806576:COMPACT_START sstable=1 input_files: "sstable1/7b2a448f-5fb1-4973-b84b-f90e9ebb21ab202604302145141777607120202996283.sst" input_files: "sstable1/ac3f7ac6-0530-48c3-8ffc-c6ff5dd08db5202604302145141777607120210642370.sst" compactIntoNextLevel: true destinationLevel: 2
2026-05-01 03:45:23:295 - Compaction started: 
140210432087616:Compacting sstable1/7b2a448f-5fb1-4973-b84b-f90e9ebb21ab202604302145141777607120202996283.sst sstable1/ac3f7ac6-0530-48c3-8ffc-c6ff5dd08db5202604302145141777607120210642370.sst into:sstable2/7b2a448f-5fb1-4973-b84b-f90e9ebb21ab202604302145141777607123312530563.sst
2026-05-01 03:45:23:340 - Compaction completed: 
2806576:COMPACT_START sstable=1 input_files: "sstable1/7b2a448f-5fb1-4973-b84b-f90e9ebb21ab202604302145141777607120408723233.sst" input_files: "sstable1/ac3f7ac6-0530-48c3-8ffc-c6ff5dd08db5202604302145141777607120416790299.sst" compactIntoNextLevel: true destinationLevel: 2
2026-05-01 03:45:23:399 - Compaction started: 
140210432087616:Compacting sstable1/7b2a448f-5fb1-4973-b84b-f90e9ebb21ab202604302145141777607120408723233.sst sstable1/ac3f7ac6-0530-48c3-8ffc-c6ff5dd08db5202604302145141777607120416790299.sst into:sstable2/7b2a448f-5fb1-4973-b84b-f90e9ebb21ab202604302145141777607123416289542.sst
2026-05-01 03:45:23:445 - Compaction completed: 
2806576:COMPACT_START sstable=1 input_files: "sstable1/7b2a448f-5fb1-4973-b84b-f90e9ebb21ab202604302145141777607120616191407.sst" input_files: "sstable1/ac3f7ac6-0530-48c3-8ffc-c6ff5dd08db5202604302145141777607120623306919.sst" compactIntoNextLevel: true destinationLevel: 2
2026-05-01 03:45:23:504 - Compaction started: 
140210432087616:Compacting sstable1/7b2a448f-5fb1-4973-b84b-f90e9ebb21ab202604302145141777607120616191407.sst sstable1/ac3f7ac6-0530-48c3-8ffc-c6ff5dd08db5202604302145141777607120623306919.sst into:sstable2/7b2a448f-5fb1-4973-b84b-f90e9ebb21ab202604302145141777607123522929684.sst
2026-05-01 03:45:23:555 - Compaction completed: 
2806576:COMPACT_START sstable=1 input_files: "sstable2/0d3d04c1-f051-4919-b261-8a3d6361a700202604302145141777607120944221017.sst" input_files: "sstable2/7b2a448f-5fb1-4973-b84b-f90e9ebb21ab202604302145141777607120948143402.sst" compactIntoNextLevel: false destinationLevel: 2
2026-05-01 03:45:23:612 - Compaction started: 
140210432087616:Compacting sstable2/0d3d04c1-f051-4919-b261-8a3d6361a700202604302145141777607120944221017.sst sstable2/7b2a448f-5fb1-4973-b84b-f90e9ebb21ab202604302145141777607120948143402.sst into:sstable2/0_7b2a448f-5fb1-4973-b84b-f90e9ebb21ab202604302145141777607123673675928.sst
2026-05-01 03:45:23:761 - Compaction completed: 
2806576:COMPACT_START sstable=1 input_files: "sstable2/0_67a19893-2dac-49d5-95be-955e69d89ee3202604302145141777607123630120898.sst" input_files: "sstable2/0_7b4af759-aafb-43bf-9daf-da1a64ebd4b1202604302145141777607123645110736.sst" compactIntoNextLevel: false destinationLevel: 2
2026-05-01 03:45:23:816 - Compaction started: 
140210432087616:Compacting sstable2/0_67a19893-2dac-49d5-95be-955e69d89ee3202604302145141777607123630120898.sst sstable2/0_7b4af759-aafb-43bf-9daf-da1a64ebd4b1202604302145141777607123645110736.sst into:sstable2/1_7b2a448f-5fb1-4973-b84b-f90e9ebb21ab202604302145141777607123933682558.sst
2026-05-01 03:45:24:101 - Compaction completed: 
2806576:COMPACT_START sstable=1 input_files: "sstable2/67a19893-2dac-49d5-95be-955e69d89ee3202604302145141777607121232876997.sst" input_files: "sstable2/7b4af759-aafb-43bf-9daf-da1a64ebd4b1202604302145141777607121248751263.sst" compactIntoNextLevel: false destinationLevel: 2
2026-05-01 03:45:24:126 - Compaction started: 
140210432087616:Compacting sstable2/67a19893-2dac-49d5-95be-955e69d89ee3202604302145141777607121232876997.sst sstable2/7b4af759-aafb-43bf-9daf-da1a64ebd4b1202604302145141777607121248751263.sst into:sstable2/0_7b2a448f-5fb1-4973-b84b-f90e9ebb21ab202604302145141777607124181868432.sst
2026-05-01 03:45:24:272 - Compaction completed: 
2806576:COMPACT_START sstable=1 input_files: "sstable2/1_aa500e99-7d6f-4570-a031-e76b7d47375a202604302145141777607124083895533.sst" input_files: "sstable2/1_dc45d5fe-50fa-4ddc-b030-1d4717728931202604302145141777607124092024345.sst" compactIntoNextLevel: false destinationLevel: 2
2026-05-01 03:45:24:331 - Compaction started: 
140210432087616:Compacting sstable2/1_aa500e99-7d6f-4570-a031-e76b7d47375a202604302145141777607124083895533.sst sstable2/1_dc45d5fe-50fa-4ddc-b030-1d4717728931202604302145141777607124092024345.sst into:sstable2/2_7b2a448f-5fb1-4973-b84b-f90e9ebb21ab202604302145141777607124592527721.sst
2026-05-01 03:45:24:947 - Compaction completed: 
2806576:COMPACT_START sstable=1 input_files: "sstable2/ac3f7ac6-0530-48c3-8ffc-c6ff5dd08db5202604302145141777607121468428340.sst" input_files: "sstable2/b10c8a2c-35ed-48ea-800f-997944cbaceb202604302145141777607121510992362.sst" compactIntoNextLevel: false destinationLevel: 2
2026-05-01 03:45:24:961 - Compaction started: 
140210432087616:Compacting sstable2/ac3f7ac6-0530-48c3-8ffc-c6ff5dd08db5202604302145141777607121468428340.sst sstable2/b10c8a2c-35ed-48ea-800f-997944cbaceb202604302145141777607121510992362.sst into:sstable2/0_7b2a448f-5fb1-4973-b84b-f90e9ebb21ab202604302145141777607125016290560.sst
2026-05-01 03:45:25:099 - Compaction completed: 
2806576:COMPACT_START sstable=1 input_files: "sstable2/0_dc45d5fe-50fa-4ddc-b030-1d4717728931202604302145141777607124868302036.sst" input_files: "sstable2/0_0d3d04c1-f051-4919-b261-8a3d6361a700202604302145141777607124881996945.sst" compactIntoNextLevel: false destinationLevel: 2
2026-05-01 03:45:25:169 - Compaction started: 
140210432087616:Compacting sstable2/0_dc45d5fe-50fa-4ddc-b030-1d4717728931202604302145141777607124868302036.sst sstable2/0_0d3d04c1-f051-4919-b261-8a3d6361a700202604302145141777607124881996945.sst into:sstable2/1_7b2a448f-5fb1-4973-b84b-f90e9ebb21ab202604302145141777607125271875898.sst
2026-05-01 03:45:25:437 - Compaction completed: 
2806576:COMPACT_START sstable=1 input_files: "sstable2/0d3d04c1-f051-4919-b261-8a3d6361a700202604302145141777607121656140319.sst" input_files: "sstable2/7b2a448f-5fb1-4973-b84b-f90e9ebb21ab202604302145141777607121663347093.sst" compactIntoNextLevel: false destinationLevel: 2
2026-05-01 03:45:25:479 - Compaction started: 
140210432087616:Compacting sstable2/0d3d04c1-f051-4919-b261-8a3d6361a700202604302145141777607121656140319.sst sstable2/7b2a448f-5fb1-4973-b84b-f90e9ebb21ab202604302145141777607121663347093.sst into:sstable2/0_7b2a448f-5fb1-4973-b84b-f90e9ebb21ab202604302145141777607125526752839.sst
2026-05-01 03:45:25:601 - Compaction completed: 
2806576:COMPACT_START sstable=1 input_files: "sstable2/67a19893-2dac-49d5-95be-955e69d89ee3202604302145141777607121744404534.sst" input_files: "sstable2/0d3d04c1-f051-4919-b261-8a3d6361a700202604302145141777607121758206594.sst" compactIntoNextLevel: false destinationLevel: 2
2026-05-01 03:45:25:691 - Compaction started: 
140210432087616:Compacting sstable2/67a19893-2dac-49d5-95be-955e69d89ee3202604302145141777607121744404534.sst sstable2/0d3d04c1-f051-4919-b261-8a3d6361a700202604302145141777607121758206594.sst into:sstable2/0_7b2a448f-5fb1-4973-b84b-f90e9ebb21ab202604302145141777607125747587226.sst
2026-05-01 03:45:25:828 - Compaction completed: 
2806576:COMPACT_START sstable=1 input_files: "sstable2/0_67a19893-2dac-49d5-95be-955e69d89ee3202604302145141777607125591042910.sst" input_files: "sstable2/0_b10c8a2c-35ed-48ea-800f-997944cbaceb202604302145141777607125705092224.sst" compactIntoNextLevel: false destinationLevel: 2
2026-05-01 03:45:25:900 - Compaction started: 
140210432087616:Compacting sstable2/0_67a19893-2dac-49d5-95be-955e69d89ee3202604302145141777607125591042910.sst sstable2/0_b10c8a2c-35ed-48ea-800f-997944cbaceb202604302145141777607125705092224.sst into:sstable2/1_7b2a448f-5fb1-4973-b84b-f90e9ebb21ab202604302145141777607125989498325.sst
2026-05-01 03:45:26:137 - Compaction completed: 
2806576:COMPACT_START sstable=1 input_files: "sstable2/1_67a19893-2dac-49d5-95be-955e69d89ee3202604302145141777607125842409117.sst" input_files: "sstable2/1_7b2a448f-5fb1-4973-b84b-f90e9ebb21ab202604302145141777607125989498325.sst" compactIntoNextLevel: false destinationLevel: 2
2026-05-01 03:45:26:223 - Compaction started: 
140210432087616:Compacting sstable2/1_67a19893-2dac-49d5-95be-955e69d89ee3202604302145141777607125842409117.sst sstable2/1_7b2a448f-5fb1-4973-b84b-f90e9ebb21ab202604302145141777607125989498325.sst into:sstable2/2_7b2a448f-5fb1-4973-b84b-f90e9ebb21ab202604302145141777607126490516014.sst
2026-05-01 03:45:26:805 - Compaction completed: 
2806576:COMPACT_START sstable=1 input_files: "sstable2/ac3f7ac6-0530-48c3-8ffc-c6ff5dd08db5202604302145141777607121982615114.sst" input_files: "sstable2/b10c8a2c-35ed-48ea-800f-997944cbaceb202604302145141777607122024467702.sst" compactIntoNextLevel: false destinationLevel: 2
2026-05-01 03:45:26:842 - Compaction started: 
140210432087616:Compacting sstable2/ac3f7ac6-0530-48c3-8ffc-c6ff5dd08db5202604302145141777607121982615114.sst sstable2/b10c8a2c-35ed-48ea-800f-997944cbaceb202604302145141777607122024467702.sst into:sstable2/0_7b2a448f-5fb1-4973-b84b-f90e9ebb21ab202604302145141777607126894586468.sst
2026-05-01 03:45:26:972 - Compaction completed: 
2806576:COMPACT_START sstable=1 input_files: "sstable2/0_67a19893-2dac-49d5-95be-955e69d89ee3202604302145141777607126748051980.sst" input_files: "sstable2/0_0d3d04c1-f051-4919-b261-8a3d6361a700202604302145141777607126771773782.sst" compactIntoNextLevel: false destinationLevel: 2
2026-05-01 03:45:27:050 - Compaction started: 
140210432087616:Compacting sstable2/0_67a19893-2dac-49d5-95be-955e69d89ee3202604302145141777607126748051980.sst sstable2/0_0d3d04c1-f051-4919-b261-8a3d6361a700202604302145141777607126771773782.sst into:sstable2/1_7b2a448f-5fb1-4973-b84b-f90e9ebb21ab202604302145141777607127144804603.sst
2026-05-01 03:45:27:295 - Compaction completed: 
2806576:COMPACT_START sstable=1 input_files: "sstable2/67a19893-2dac-49d5-95be-955e69d89ee3202604302145141777607122157291450.sst" input_files: "sstable2/0d3d04c1-f051-4919-b261-8a3d6361a700202604302145141777607122165431594.sst" compactIntoNextLevel: false destinationLevel: 2
2026-05-01 03:45:27:364 - Compaction started: 
140210432087616:Compacting sstable2/67a19893-2dac-49d5-95be-955e69d89ee3202604302145141777607122157291450.sst sstable2/0d3d04c1-f051-4919-b261-8a3d6361a700202604302145141777607122165431594.sst into:sstable2/0_7b2a448f-5fb1-4973-b84b-f90e9ebb21ab202604302145141777607127411880798.sst
2026-05-01 03:45:27:485 - Compaction completed: 
2806576:COMPACT_START sstable=1 input_files: "sstable2/0_0d3d04c1-f051-4919-b261-8a3d6361a700202604302145141777607127185915480.sst" input_files: "sstable2/0_67a19893-2dac-49d5-95be-955e69d89ee3202604302145141777607127381238270.sst" compactIntoNextLevel: false destinationLevel: 2
2026-05-01 03:45:27:572 - Compaction started: 
140210432087616:Compacting sstable2/0_0d3d04c1-f051-4919-b261-8a3d6361a700202604302145141777607127185915480.sst sstable2/0_67a19893-2dac-49d5-95be-955e69d89ee3202604302145141777607127381238270.sst into:sstable2/1_7b2a448f-5fb1-4973-b84b-f90e9ebb21ab202604302145141777607127666545981.sst
2026-05-01 03:45:27:819 - Compaction completed: 
2806576:COMPACT_START sstable=1 input_files: "sstable2/0_ac3f7ac6-0530-48c3-8ffc-c6ff5dd08db5202604302145141777607127651838644.sst" input_files: "sstable2/0_0d3d04c1-f051-4919-b261-8a3d6361a700202604302145141777607127703820344.sst" compactIntoNextLevel: false destinationLevel: 2
2026-05-01 03:45:27:882 - Compaction started: 
140210432087616:Compacting sstable2/0_ac3f7ac6-0530-48c3-8ffc-c6ff5dd08db5202604302145141777607127651838644.sst sstable2/0_0d3d04c1-f051-4919-b261-8a3d6361a700202604302145141777607127703820344.sst into:sstable2/1_7b2a448f-5fb1-4973-b84b-f90e9ebb21ab202604302145141777607127965940346.sst
2026-05-01 03:45:28:104 - Compaction completed: 
2806576:COMPACT_START sstable=1 input_files: "sstable2/1_67a19893-2dac-49d5-95be-955e69d89ee3202604302145141777607127835241953.sst" input_files: "sstable2/1_7b2a448f-5fb1-4973-b84b-f90e9ebb21ab202604302145141777607127965940346.sst" compactIntoNextLevel: false destinationLevel: 2
2026-05-01 03:45:28:190 - Compaction started: 
140210432087616:Compacting sstable2/1_67a19893-2dac-49d5-95be-955e69d89ee3202604302145141777607127835241953.sst sstable2/1_7b2a448f-5fb1-4973-b84b-f90e9ebb21ab202604302145141777607127965940346.sst into:sstable2/2_7b2a448f-5fb1-4973-b84b-f90e9ebb21ab202604302145141777607128368830687.sst
2026-05-01 03:45:28:645 - Compaction completed: 
2806576:COMPACT_START sstable=1 input_files: "sstable2/0_67a19893-2dac-49d5-95be-955e69d89ee3202604302145141777607128421315592.sst" input_files: "sstable2/0_aa500e99-7d6f-4570-a031-e76b7d47375a202604302145141777607128450898393.sst" compactIntoNextLevel: false destinationLevel: 2
2026-05-01 03:45:28:706 - Compaction started: 
140210432087616:Compacting sstable2/0_67a19893-2dac-49d5-95be-955e69d89ee3202604302145141777607128421315592.sst sstable2/0_aa500e99-7d6f-4570-a031-e76b7d47375a202604302145141777607128450898393.sst into:sstable2/1_7b2a448f-5fb1-4973-b84b-f90e9ebb21ab202604302145141777607128809581069.sst
2026-05-01 03:45:28:970 - Compaction completed: 
2806576:COMPACT_START sstable=1 input_files: "sstable2/ac3f7ac6-0530-48c3-8ffc-c6ff5dd08db5202604302145141777607122503072255.sst" input_files: "sstable2/b10c8a2c-35ed-48ea-800f-997944cbaceb202604302145141777607122533814991.sst" compactIntoNextLevel: false destinationLevel: 2
2026-05-01 03:45:29:019 - Compaction started: 
140210432087616:Compacting sstable2/ac3f7ac6-0530-48c3-8ffc-c6ff5dd08db5202604302145141777607122503072255.sst sstable2/b10c8a2c-35ed-48ea-800f-997944cbaceb202604302145141777607122533814991.sst into:sstable2/0_7b2a448f-5fb1-4973-b84b-f90e9ebb21ab202604302145141777607129073120603.sst
2026-05-01 03:45:29:149 - Compaction completed: 
2806576:COMPACT_START sstable=1 input_files: "sstable2/1_7b2a448f-5fb1-4973-b84b-f90e9ebb21ab202604302145141777607128809581069.sst" input_files: "sstable2/1_aa500e99-7d6f-4570-a031-e76b7d47375a202604302145141777607128927477838.sst" compactIntoNextLevel: false destinationLevel: 2
2026-05-01 03:45:29:227 - Compaction started: 
140210432087616:Compacting sstable2/1_7b2a448f-5fb1-4973-b84b-f90e9ebb21ab202604302145141777607128809581069.sst sstable2/1_aa500e99-7d6f-4570-a031-e76b7d47375a202604302145141777607128927477838.sst into:sstable2/2_7b2a448f-5fb1-4973-b84b-f90e9ebb21ab202604302145141777607129407207440.sst
2026-05-01 03:45:29:714 - Compaction completed: 
2806576:COMPACT_START sstable=1 input_files: "sstable2/ac3f7ac6-0530-48c3-8ffc-c6ff5dd08db5202604302145141777607122701528792.sst" input_files: "sstable2/b10c8a2c-35ed-48ea-800f-997944cbaceb202604302145141777607122739848245.sst" compactIntoNextLevel: false destinationLevel: 2
2026-05-01 03:45:29:754 - Compaction started: 
140210432087616:Compacting sstable2/ac3f7ac6-0530-48c3-8ffc-c6ff5dd08db5202604302145141777607122701528792.sst sstable2/b10c8a2c-35ed-48ea-800f-997944cbaceb202604302145141777607122739848245.sst into:sstable2/0_7b2a448f-5fb1-4973-b84b-f90e9ebb21ab202604302145141777607129822375071.sst
2026-05-01 03:45:29:923 - Compaction completed: 
2806576:COMPACT_START sstable=1 input_files: "sstable2/67a19893-2dac-49d5-95be-955e69d89ee3202604302145141777607122766555704.sst" input_files: "sstable2/0d3d04c1-f051-4919-b261-8a3d6361a700202604302145141777607122781427700.sst" compactIntoNextLevel: false destinationLevel: 2
2026-05-01 03:45:29:969 - Compaction started: 
140210432087616:Compacting sstable2/67a19893-2dac-49d5-95be-955e69d89ee3202604302145141777607122766555704.sst sstable2/0d3d04c1-f051-4919-b261-8a3d6361a700202604302145141777607122781427700.sst into:sstable2/0_7b2a448f-5fb1-4973-b84b-f90e9ebb21ab202604302145141777607130019799923.sst
2026-05-01 03:45:30:088 - Compaction completed: 
2806576:COMPACT_START sstable=1 input_files: "sstable2/ac3f7ac6-0530-48c3-8ffc-c6ff5dd08db5202604302145141777607122801990217.sst" input_files: "sstable2/b10c8a2c-35ed-48ea-800f-997944cbaceb202604302145141777607122843294377.sst" compactIntoNextLevel: false destinationLevel: 2
2026-05-01 03:45:30:184 - Compaction started: 
140210432087616:Compacting sstable2/ac3f7ac6-0530-48c3-8ffc-c6ff5dd08db5202604302145141777607122801990217.sst sstable2/b10c8a2c-35ed-48ea-800f-997944cbaceb202604302145141777607122843294377.sst into:sstable2/0_7b2a448f-5fb1-4973-b84b-f90e9ebb21ab202604302145141777607130238900900.sst
2026-05-01 03:45:30:313 - Compaction completed: 
2806576:COMPACT_START sstable=1 input_files: "sstable2/67a19893-2dac-49d5-95be-955e69d89ee3202604302145141777607122870528584.sst" input_files: "sstable2/0d3d04c1-f051-4919-b261-8a3d6361a700202604302145141777607122886703183.sst" compactIntoNextLevel: false destinationLevel: 2
2026-05-01 03:45:30:397 - Compaction started: 
140210432087616:Compacting sstable2/67a19893-2dac-49d5-95be-955e69d89ee3202604302145141777607122870528584.sst sstable2/0d3d04c1-f051-4919-b261-8a3d6361a700202604302145141777607122886703183.sst into:sstable2/0_7b2a448f-5fb1-4973-b84b-f90e9ebb21ab202604302145141777607130445392572.sst
2026-05-01 03:45:30:519 - Compaction completed: 
2806576:COMPACT_START sstable=1 input_files: "sstable2/ac3f7ac6-0530-48c3-8ffc-c6ff5dd08db5202604302145141777607122904837587.sst" input_files: "sstable2/b10c8a2c-35ed-48ea-800f-997944cbaceb202604302145141777607122945975414.sst" compactIntoNextLevel: false destinationLevel: 2
2026-05-01 03:45:30:609 - Compaction started: 
140210432087616:Compacting sstable2/ac3f7ac6-0530-48c3-8ffc-c6ff5dd08db5202604302145141777607122904837587.sst sstable2/b10c8a2c-35ed-48ea-800f-997944cbaceb202604302145141777607122945975414.sst into:sstable2/0_7b2a448f-5fb1-4973-b84b-f90e9ebb21ab202604302145141777607130657842197.sst
2026-05-01 03:45:30:734 - Compaction completed: 
2806576:COMPACT_START sstable=1 input_files: "sstable2/aa500e99-7d6f-4570-a031-e76b7d47375a202604302145141777607122951854548.sst" input_files: "sstable2/dc45d5fe-50fa-4ddc-b030-1d4717728931202604302145141777607122963034933.sst" compactIntoNextLevel: false destinationLevel: 2
2026-05-01 03:45:30:819 - Compaction started: 
140210432087616:Compacting sstable2/aa500e99-7d6f-4570-a031-e76b7d47375a202604302145141777607122951854548.sst sstable2/dc45d5fe-50fa-4ddc-b030-1d4717728931202604302145141777607122963034933.sst into:sstable2/0_7b2a448f-5fb1-4973-b84b-f90e9ebb21ab202604302145141777607130867970369.sst
2026-05-01 03:45:30:939 - Compaction completed: 
2806576:COMPACT_START sstable=1 input_files: "sstable2/0_7b2a448f-5fb1-4973-b84b-f90e9ebb21ab202604302145141777607130657842197.sst" input_files: "sstable2/0_7b2a448f-5fb1-4973-b84b-f90e9ebb21ab202604302145141777607130867970369.sst" compactIntoNextLevel: false destinationLevel: 2
2026-05-01 03:45:31:027 - Compaction started: 
140210432087616:Compacting sstable2/0_7b2a448f-5fb1-4973-b84b-f90e9ebb21ab202604302145141777607130657842197.sst sstable2/0_7b2a448f-5fb1-4973-b84b-f90e9ebb21ab202604302145141777607130867970369.sst into:sstable2/1_7b2a448f-5fb1-4973-b84b-f90e9ebb21ab202604302145141777607131109935929.sst
2026-05-01 03:45:31:248 - Compaction completed: 
2806576:COMPACT_START sstable=1 input_files: "sstable2/aa500e99-7d6f-4570-a031-e76b7d47375a202604302145141777607123056187093.sst" input_files: "sstable2/dc45d5fe-50fa-4ddc-b030-1d4717728931202604302145141777607123066178588.sst" compactIntoNextLevel: false destinationLevel: 2
2026-05-01 03:45:31:342 - Compaction started: 
140210432087616:Compacting sstable2/aa500e99-7d6f-4570-a031-e76b7d47375a202604302145141777607123056187093.sst sstable2/dc45d5fe-50fa-4ddc-b030-1d4717728931202604302145141777607123066178588.sst into:sstable2/0_7b2a448f-5fb1-4973-b84b-f90e9ebb21ab202604302145141777607131391503657.sst
2026-05-01 03:45:31:466 - Compaction completed: 
2806576:COMPACT_START sstable=1 input_files: "sstable2/0d3d04c1-f051-4919-b261-8a3d6361a700202604302145141777607123090913739.sst" input_files: "sstable2/7b2a448f-5fb1-4973-b84b-f90e9ebb21ab202604302145141777607123107078600.sst" compactIntoNextLevel: false destinationLevel: 2
2026-05-01 03:45:31:554 - Compaction started: 
140210432087616:Compacting sstable2/0d3d04c1-f051-4919-b261-8a3d6361a700202604302145141777607123090913739.sst sstable2/7b2a448f-5fb1-4973-b84b-f90e9ebb21ab202604302145141777607123107078600.sst into:sstable2/0_7b2a448f-5fb1-4973-b84b-f90e9ebb21ab202604302145141777607131599190501.sst
2026-05-01 03:45:31:664 - Compaction completed: 
2806576:COMPACT_START sstable=1 input_files: "sstable2/0_aa500e99-7d6f-4570-a031-e76b7d47375a202604302145141777607131398649476.sst" input_files: "sstable2/0_7b2a448f-5fb1-4973-b84b-f90e9ebb21ab202604302145141777607131599190501.sst" compactIntoNextLevel: false destinationLevel: 2
2026-05-01 03:45:31:765 - Compaction started: 
140210432087616:Compacting sstable2/0_aa500e99-7d6f-4570-a031-e76b7d47375a202604302145141777607131398649476.sst sstable2/0_7b2a448f-5fb1-4973-b84b-f90e9ebb21ab202604302145141777607131599190501.sst into:sstable2/1_7b2a448f-5fb1-4973-b84b-f90e9ebb21ab202604302145141777607131844576826.sst
2026-05-01 03:45:31:978 - Compaction completed: 
2806576:COMPACT_START sstable=1 input_files: "sstable2/aa500e99-7d6f-4570-a031-e76b7d47375a202604302145141777607123260635865.sst" input_files: "sstable2/dc45d5fe-50fa-4ddc-b030-1d4717728931202604302145141777607123272614326.sst" compactIntoNextLevel: false destinationLevel: 2
2026-05-01 03:45:32:000 - Compaction started: 
140210432087616:Compacting sstable2/aa500e99-7d6f-4570-a031-e76b7d47375a202604302145141777607123260635865.sst sstable2/dc45d5fe-50fa-4ddc-b030-1d4717728931202604302145141777607123272614326.sst into:sstable2/0_7b2a448f-5fb1-4973-b84b-f90e9ebb21ab202604302145141777607132051169026.sst
2026-05-01 03:45:32:119 - Compaction completed: 
2806576:COMPACT_START sstable=1 input_files: "sstable2/67a19893-2dac-49d5-95be-955e69d89ee3202604302145141777607123281918352.sst" input_files: "sstable2/7b4af759-aafb-43bf-9daf-da1a64ebd4b1202604302145141777607123293434356.sst" compactIntoNextLevel: false destinationLevel: 2
2026-05-01 03:45:32:218 - Compaction started: 
140210432087616:Compacting sstable2/67a19893-2dac-49d5-95be-955e69d89ee3202604302145141777607123281918352.sst sstable2/7b4af759-aafb-43bf-9daf-da1a64ebd4b1202604302145141777607123293434356.sst into:sstable2/0_7b2a448f-5fb1-4973-b84b-f90e9ebb21ab202604302145141777607132280054600.sst
2026-05-01 03:45:32:354 - Compaction completed: 
2806576:COMPACT_START sstable=1 input_files: "sstable2/ac3f7ac6-0530-48c3-8ffc-c6ff5dd08db5202604302145141777607123321074705.sst" input_files: "sstable2/b10c8a2c-35ed-48ea-800f-997944cbaceb202604302145141777607123366349780.sst" compactIntoNextLevel: false destinationLevel: 2
2026-05-01 03:45:32:430 - Compaction started: 
140210432087616:Compacting sstable2/ac3f7ac6-0530-48c3-8ffc-c6ff5dd08db5202604302145141777607123321074705.sst sstable2/b10c8a2c-35ed-48ea-800f-997944cbaceb202604302145141777607123366349780.sst into:sstable2/0_7b2a448f-5fb1-4973-b84b-f90e9ebb21ab202604302145141777607132473873120.sst
2026-05-01 03:45:32:540 - Compaction completed: 
2806576:COMPACT_START sstable=1 input_files: "sstable2/aa500e99-7d6f-4570-a031-e76b7d47375a202604302145141777607123367010128.sst" input_files: "sstable2/dc45d5fe-50fa-4ddc-b030-1d4717728931202604302145141777607123376395887.sst" compactIntoNextLevel: false destinationLevel: 2
2026-05-01 03:45:32:643 - Compaction started: 
140210432087616:Compacting sstable2/aa500e99-7d6f-4570-a031-e76b7d47375a202604302145141777607123367010128.sst sstable2/dc45d5fe-50fa-4ddc-b030-1d4717728931202604302145141777607123376395887.sst into:sstable2/0_7b2a448f-5fb1-4973-b84b-f90e9ebb21ab202604302145141777607132687032255.sst
2026-05-01 03:45:32:753 - Compaction completed: 
2806576:COMPACT_START sstable=1 input_files: "sstable2/0_7b2a448f-5fb1-4973-b84b-f90e9ebb21ab202604302145141777607132473873120.sst" input_files: "sstable2/0_7b2a448f-5fb1-4973-b84b-f90e9ebb21ab202604302145141777607132687032255.sst" compactIntoNextLevel: false destinationLevel: 2
2026-05-01 03:45:32:855 - Compaction started: 
140210432087616:Compacting sstable2/0_7b2a448f-5fb1-4973-b84b-f90e9ebb21ab202604302145141777607132473873120.sst sstable2/0_7b2a448f-5fb1-4973-b84b-f90e9ebb21ab202604302145141777607132687032255.sst into:sstable2/1_7b2a448f-5fb1-4973-b84b-f90e9ebb21ab202604302145141777607132935004408.sst
2026-05-01 03:45:33:064 - Compaction completed: 
2806576:COMPACT_START sstable=1 input_files: "sstable2/2_b10c8a2c-35ed-48ea-800f-997944cbaceb202604302145141777607132376458738.sst" input_files: "sstable2/2_aa500e99-7d6f-4570-a031-e76b7d47375a202604302145141777607132682747220.sst" compactIntoNextLevel: false destinationLevel: 2
2026-05-01 03:45:33:070 - Compaction started: 
140210432087616:Compacting sstable2/2_b10c8a2c-35ed-48ea-800f-997944cbaceb202604302145141777607132376458738.sst sstable2/2_aa500e99-7d6f-4570-a031-e76b7d47375a202604302145141777607132682747220.sst into:sstable2/3_7b2a448f-5fb1-4973-b84b-f90e9ebb21ab202604302145141777607133414319772.sst
2026-05-01 03:45:33:915 - Compaction completed: 
2806576:COMPACT_START sstable=1 input_files: "sstable2/2_7b4af759-aafb-43bf-9daf-da1a64ebd4b1202604302145141777607133301346295.sst" input_files: "sstable2/2_b10c8a2c-35ed-48ea-800f-997944cbaceb202604302145141777607133679893870.sst" compactIntoNextLevel: false destinationLevel: 2
2026-05-01 03:45:34:030 - Compaction started: 
140210432087616:Compacting sstable2/2_7b4af759-aafb-43bf-9daf-da1a64ebd4b1202604302145141777607133301346295.sst sstable2/2_b10c8a2c-35ed-48ea-800f-997944cbaceb202604302145141777607133679893870.sst into:sstable2/3_7b2a448f-5fb1-4973-b84b-f90e9ebb21ab202604302145141777607134368446186.sst
2026-05-01 03:45:34:865 - Compaction completed: 
2026-05-01 03:45:44:519 30 sec: 237682 operations; 7922.73 current ops/sec; est completion in 1 day 11 hours [READ: Count=237712, Max=2297855, Min=5, Avg=124.51, 90=188, 99=403, 99.9=3103, 99.99=29087] 
