# CMD: /usr/lib/jvm/java-8-openjdk-amd64/bin/java -cp /users/Xinying/ozonedb/ycsb/ozonedb/conf:/users/Xinying/ozonedb/ycsb/ozonedb/target/ozonedb-binding-0.18.0-SNAPSHOT.jar:/users/Xinying/.m2/repository/org/apache/htrace/htrace-core4/4.1.0-incubating/htrace-core4-4.1.0-incubating.jar:/users/Xinying/.m2/repository/org/slf4j/slf4j-api/1.7.25/slf4j-api-1.7.25.jar:/users/Xinying/.m2/repository/org/hdrhistogram/HdrHistogram/2.1.12/HdrHistogram-2.1.12.jar:/users/Xinying/.m2/repository/ch/qos/logback/logback-classic/1.2.3/logback-classic-1.2.3.jar:/users/Xinying/.m2/repository/ozonedbjnimaven/demoproc-jni/1.0/demoproc-jni-1.0.jar:/users/Xinying/.m2/repository/ch/qos/logback/logback-core/1.2.3/logback-core-1.2.3.jar:/users/Xinying/.m2/repository/org/codehaus/jackson/jackson-mapper-asl/1.9.4/jackson-mapper-asl-1.9.4.jar:/users/Xinying/.m2/repository/org/slf4j/slf4j-simple/1.7.25/slf4j-simple-1.7.25.jar:/users/Xinying/.m2/repository/org/codehaus/jackson/jackson-core-asl/1.9.4/jackson-core-asl-1.9.4.jar:/users/Xinying/ozonedb/ycsb/core/target/core-0.18.0-SNAPSHOT.jar site.ycsb.Client -db site.ycsb.db.OzoneDBClient -threads 1 -s -P /users/Xinying/ozonedb/ycsb/workloads/generated_workloads/workloadc_1KB_1000000_1000000 -p status.interval=30 -p requestdistribution=uniform -p operationcount=1000000000 -p maxexecutiontime=660 -p shared_config=/tmp/churn_v4_configs/shared_config_varyW_n8_r0pct.json -t
# env OZONEDB_CHURN_ABORT_RATE=0.0
Command line: -db site.ycsb.db.OzoneDBClient -threads 1 -s -P /users/Xinying/ozonedb/ycsb/workloads/generated_workloads/workloadc_1KB_1000000_1000000 -p status.interval=30 -p requestdistribution=uniform -p operationcount=1000000000 -p maxexecutiontime=660 -p shared_config=/tmp/churn_v4_configs/shared_config_varyW_n8_r0pct.json -t
YCSB Client 0.18.0-SNAPSHOT

Loading workload...
Starting test.
SLF4J: Class path contains multiple SLF4J bindings.
SLF4J: Found binding in [jar:file:/users/Xinying/.m2/repository/ch/qos/logback/logback-classic/1.2.3/logback-classic-1.2.3.jar!/org/slf4j/impl/StaticLoggerBinder.class]
SLF4J: Found binding in [jar:file:/users/Xinying/.m2/repository/org/slf4j/slf4j-simple/1.7.25/slf4j-simple-1.7.25.jar!/org/slf4j/impl/StaticLoggerBinder.class]
SLF4J: See http://www.slf4j.org/codes.html#multiple_bindings for an explanation.
SLF4J: Actual binding is of type [ch.qos.logback.classic.util.ContextSelectorStaticBinder]
Maximum execution time specified as: 660 secs
2026-05-01 03:45:14:532 0 sec: 0 operations; est completion in 0 second 
Starting compaction watcher
DBWrapper: report latency for each error is false and specific error codes to track for latency are: []
2806571:COMPACT_START sstable=0 input_files: "datalog/15" input_files: "datalog/16" compactIntoNextLevel: true destinationLevel: 1
2026-05-01 03:45:14:604 - Compaction started: 
140140219397696:Compacting datalog/15 datalog/16 into:sstable1/b10c8a2c-35ed-48ea-800f-997944cbaceb202604302145141777607114728579254.sst
2026-05-01 03:45:14:751 - Compaction completed: 
2806571:COMPACT_START sstable=0 input_files: "datalog/21" input_files: "datalog/22" compactIntoNextLevel: true destinationLevel: 1
2026-05-01 03:45:14:865 - Compaction started: 
140140219397696:Compacting datalog/21 datalog/22 into:sstable1/b10c8a2c-35ed-48ea-800f-997944cbaceb202604302145141777607114886050831.sst
2026-05-01 03:45:14:907 - Compaction completed: 
2806571:COMPACT_START sstable=0 input_files: "datalog/33" input_files: "datalog/34" compactIntoNextLevel: true destinationLevel: 1
2026-05-01 03:45:14:968 - Compaction started: 
140140219397696:Compacting datalog/33 datalog/34 into:sstable1/b10c8a2c-35ed-48ea-800f-997944cbaceb202604302145141777607115078369518.sst
2026-05-01 03:45:15:114 - Compaction completed: 
2806571:COMPACT_START sstable=0 input_files: "datalog/49" input_files: "datalog/50" compactIntoNextLevel: true destinationLevel: 1
2026-05-01 03:45:15:172 - Compaction started: 
140140219397696:Compacting datalog/49 datalog/50 into:sstable1/b10c8a2c-35ed-48ea-800f-997944cbaceb202604302145141777607115197362683.sst
2026-05-01 03:45:15:217 - Compaction completed: 
2806571:COMPACT_START sstable=0 input_files: "datalog/55" input_files: "datalog/56" compactIntoNextLevel: true destinationLevel: 1
2026-05-01 03:45:15:275 - Compaction started: 
140140219397696:Compacting datalog/55 datalog/56 into:sstable1/b10c8a2c-35ed-48ea-800f-997944cbaceb202604302145141777607115278466161.sst
2026-05-01 03:45:15:298 - Compaction completed: 
2806571:COMPACT_START sstable=0 input_files: "datalog/63" input_files: "datalog/64" compactIntoNextLevel: true destinationLevel: 1
2026-05-01 03:45:15:381 - Compaction started: 
140140219397696:Compacting datalog/63 datalog/64 into:sstable1/b10c8a2c-35ed-48ea-800f-997944cbaceb202604302145141777607115469661552.sst
2026-05-01 03:45:15:493 - Compaction completed: 
2806571:COMPACT_START sstable=0 input_files: "datalog/79" input_files: "datalog/80" compactIntoNextLevel: true destinationLevel: 1
2026-05-01 03:45:15:589 - Compaction started: 
140140219397696:Compacting datalog/79 datalog/80 into:sstable1/b10c8a2c-35ed-48ea-800f-997944cbaceb202604302145141777607115592866866.sst
2026-05-01 03:45:15:617 - Compaction completed: 
2806571:COMPACT_START sstable=0 input_files: "datalog/93" input_files: "datalog/94" compactIntoNextLevel: true destinationLevel: 1
2026-05-01 03:45:15:692 - Compaction started: 
140140219397696:Compacting datalog/93 datalog/94 into:sstable1/b10c8a2c-35ed-48ea-800f-997944cbaceb202604302145141777607115708847461.sst
2026-05-01 03:45:15:734 - Compaction completed: 
2806571:COMPACT_START sstable=0 input_files: "datalog/109" input_files: "datalog/110" compactIntoNextLevel: true destinationLevel: 1
2026-05-01 03:45:15:794 - Compaction started: 
140140219397696:Compacting datalog/109 datalog/110 into:sstable1/b10c8a2c-35ed-48ea-800f-997944cbaceb202604302145141777607115797709487.sst
2026-05-01 03:45:15:818 - Compaction completed: 
2806571:COMPACT_START sstable=0 input_files: "datalog/123" input_files: "datalog/124" compactIntoNextLevel: true destinationLevel: 1
2026-05-01 03:45:15:897 - Compaction started: 
140140219397696:Compacting datalog/123 datalog/124 into:sstable1/b10c8a2c-35ed-48ea-800f-997944cbaceb202604302145141777607115899999922.sst
2026-05-01 03:45:15:919 - Compaction completed: 
2806571:COMPACT_START sstable=0 input_files: "datalog/139" input_files: "datalog/140" compactIntoNextLevel: true destinationLevel: 1
2026-05-01 03:45:15:999 - Compaction started: 
140140219397696:Compacting datalog/139 datalog/140 into:sstable1/b10c8a2c-35ed-48ea-800f-997944cbaceb202604302145141777607116002968710.sst
2026-05-01 03:45:16:025 - Compaction completed: 
2806571:COMPACT_START sstable=0 input_files: "datalog/155" input_files: "datalog/156" compactIntoNextLevel: true destinationLevel: 1
2026-05-01 03:45:16:101 - Compaction started: 
140140219397696:Compacting datalog/155 datalog/156 into:sstable1/b10c8a2c-35ed-48ea-800f-997944cbaceb202604302145141777607116105605735.sst
2026-05-01 03:45:16:126 - Compaction completed: 
2806571:COMPACT_START sstable=0 input_files: "datalog/171" input_files: "datalog/172" compactIntoNextLevel: true destinationLevel: 1
2026-05-01 03:45:16:203 - Compaction started: 
140140219397696:Compacting datalog/171 datalog/172 into:sstable1/b10c8a2c-35ed-48ea-800f-997944cbaceb202604302145141777607116206357686.sst
2026-05-01 03:45:16:228 - Compaction completed: 
2806571:COMPACT_START sstable=0 input_files: "datalog/187" input_files: "datalog/188" compactIntoNextLevel: true destinationLevel: 1
2026-05-01 03:45:16:306 - Compaction started: 
140140219397696:Compacting datalog/187 datalog/188 into:sstable1/b10c8a2c-35ed-48ea-800f-997944cbaceb202604302145141777607116309186390.sst
2026-05-01 03:45:16:330 - Compaction completed: 
2806571:COMPACT_START sstable=0 input_files: "datalog/203" input_files: "datalog/204" compactIntoNextLevel: true destinationLevel: 1
2026-05-01 03:45:16:409 - Compaction started: 
140140219397696:Compacting datalog/203 datalog/204 into:sstable1/b10c8a2c-35ed-48ea-800f-997944cbaceb202604302145141777607116419584709.sst
2026-05-01 03:45:16:442 - Compaction completed: 
2806571:COMPACT_START sstable=0 input_files: "datalog/219" input_files: "datalog/220" compactIntoNextLevel: true destinationLevel: 1
2026-05-01 03:45:16:512 - Compaction started: 
140140219397696:Compacting datalog/219 datalog/220 into:sstable1/b10c8a2c-35ed-48ea-800f-997944cbaceb202604302145141777607116524130223.sst
2026-05-01 03:45:16:546 - Compaction completed: 
2806571:COMPACT_START sstable=0 input_files: "datalog/231" input_files: "datalog/232" compactIntoNextLevel: true destinationLevel: 1
2026-05-01 03:45:16:616 - Compaction started: 
140140219397696:Compacting datalog/231 datalog/232 into:sstable1/b10c8a2c-35ed-48ea-800f-997944cbaceb202604302145141777607116619622901.sst
2026-05-01 03:45:16:642 - Compaction completed: 
2806571:COMPACT_START sstable=0 input_files: "datalog/245" input_files: "datalog/246" compactIntoNextLevel: true destinationLevel: 1
2026-05-01 03:45:16:722 - Compaction started: 
140140219397696:Compacting datalog/245 datalog/246 into:sstable1/b10c8a2c-35ed-48ea-800f-997944cbaceb202604302145141777607116725294717.sst
2026-05-01 03:45:16:745 - Compaction completed: 
2806571:COMPACT_START sstable=0 input_files: "datalog/259" input_files: "datalog/260" compactIntoNextLevel: true destinationLevel: 1
2026-05-01 03:45:16:828 - Compaction started: 
140140219397696:Compacting datalog/259 datalog/260 into:sstable1/b10c8a2c-35ed-48ea-800f-997944cbaceb202604302145141777607116831813972.sst
2026-05-01 03:45:16:851 - Compaction completed: 
2806571:COMPACT_START sstable=0 input_files: "datalog/273" input_files: "datalog/274" compactIntoNextLevel: true destinationLevel: 1
2026-05-01 03:45:16:936 - Compaction started: 
140140219397696:Compacting datalog/273 datalog/274 into:sstable1/b10c8a2c-35ed-48ea-800f-997944cbaceb202604302145141777607116939115654.sst
2026-05-01 03:45:16:957 - Compaction completed: 
2806571:COMPACT_START sstable=0 input_files: "datalog/289" input_files: "datalog/290" compactIntoNextLevel: true destinationLevel: 1
2026-05-01 03:45:17:068 - Compaction started: 
140140219397696:Compacting datalog/289 datalog/290 into:sstable1/b10c8a2c-35ed-48ea-800f-997944cbaceb202604302145141777607117071397487.sst
2026-05-01 03:45:17:090 - Compaction completed: 
2806571:COMPACT_START sstable=0 input_files: "datalog/305" input_files: "datalog/306" compactIntoNextLevel: true destinationLevel: 1
2026-05-01 03:45:17:172 - Compaction started: 
140140219397696:Compacting datalog/305 datalog/306 into:sstable1/b10c8a2c-35ed-48ea-800f-997944cbaceb202604302145141777607117175928233.sst
2026-05-01 03:45:17:199 - Compaction completed: 
2806571:COMPACT_START sstable=0 input_files: "datalog/321" input_files: "datalog/322" compactIntoNextLevel: true destinationLevel: 1
2026-05-01 03:45:17:275 - Compaction started: 
140140219397696:Compacting datalog/321 datalog/322 into:sstable1/b10c8a2c-35ed-48ea-800f-997944cbaceb202604302145141777607117278780772.sst
2026-05-01 03:45:17:300 - Compaction completed: 
2806571:COMPACT_START sstable=0 input_files: "datalog/337" input_files: "datalog/338" compactIntoNextLevel: true destinationLevel: 1
2026-05-01 03:45:17:378 - Compaction started: 
140140219397696:Compacting datalog/337 datalog/338 into:sstable1/b10c8a2c-35ed-48ea-800f-997944cbaceb202604302145141777607117382055052.sst
2026-05-01 03:45:17:403 - Compaction completed: 
2806571:COMPACT_START sstable=0 input_files: "datalog/353" input_files: "datalog/354" compactIntoNextLevel: true destinationLevel: 1
2026-05-01 03:45:17:482 - Compaction started: 
140140219397696:Compacting datalog/353 datalog/354 into:sstable1/b10c8a2c-35ed-48ea-800f-997944cbaceb202604302145141777607117485754720.sst
2026-05-01 03:45:17:508 - Compaction completed: 
2806571:COMPACT_START sstable=0 input_files: "datalog/369" input_files: "datalog/370" compactIntoNextLevel: true destinationLevel: 1
2026-05-01 03:45:17:586 - Compaction started: 
140140219397696:Compacting datalog/369 datalog/370 into:sstable1/b10c8a2c-35ed-48ea-800f-997944cbaceb202604302145141777607117589497819.sst
2026-05-01 03:45:17:613 - Compaction completed: 
2806571:COMPACT_START sstable=0 input_files: "datalog/385" input_files: "datalog/386" compactIntoNextLevel: true destinationLevel: 1
2026-05-01 03:45:17:689 - Compaction started: 
140140219397696:Compacting datalog/385 datalog/386 into:sstable1/b10c8a2c-35ed-48ea-800f-997944cbaceb202604302145141777607117692239090.sst
2026-05-01 03:45:17:714 - Compaction completed: 
2806571:COMPACT_START sstable=0 input_files: "datalog/401" input_files: "datalog/402" compactIntoNextLevel: true destinationLevel: 1
2026-05-01 03:45:17:792 - Compaction started: 
140140219397696:Compacting datalog/401 datalog/402 into:sstable1/b10c8a2c-35ed-48ea-800f-997944cbaceb202604302145141777607117795417150.sst
2026-05-01 03:45:17:818 - Compaction completed: 
2806571:COMPACT_START sstable=0 input_files: "datalog/417" input_files: "datalog/418" compactIntoNextLevel: true destinationLevel: 1
2026-05-01 03:45:17:895 - Compaction started: 
140140219397696:Compacting datalog/417 datalog/418 into:sstable1/b10c8a2c-35ed-48ea-800f-997944cbaceb202604302145141777607117898676021.sst
2026-05-01 03:45:17:921 - Compaction completed: 
2806571:COMPACT_START sstable=0 input_files: "datalog/433" input_files: "datalog/434" compactIntoNextLevel: true destinationLevel: 1
2026-05-01 03:45:17:998 - Compaction started: 
140140219397696:Compacting datalog/433 datalog/434 into:sstable1/b10c8a2c-35ed-48ea-800f-997944cbaceb202604302145141777607118001304159.sst
2026-05-01 03:45:18:020 - Compaction completed: 
2806571:COMPACT_START sstable=0 input_files: "datalog/449" input_files: "datalog/450" compactIntoNextLevel: true destinationLevel: 1
2026-05-01 03:45:18:101 - Compaction started: 
140140219397696:Compacting datalog/449 datalog/450 into:sstable1/b10c8a2c-35ed-48ea-800f-997944cbaceb202604302145141777607118103488496.sst
2026-05-01 03:45:18:118 - Compaction completed: 
2806571:COMPACT_START sstable=0 input_files: "datalog/465" input_files: "datalog/466" compactIntoNextLevel: true destinationLevel: 1
2026-05-01 03:45:18:203 - Compaction started: 
140140219397696:Compacting datalog/465 datalog/466 into:sstable1/b10c8a2c-35ed-48ea-800f-997944cbaceb202604302145141777607118205979978.sst
2026-05-01 03:45:18:221 - Compaction completed: 
2806571:COMPACT_START sstable=0 input_files: "datalog/481" input_files: "datalog/482" compactIntoNextLevel: true destinationLevel: 1
2026-05-01 03:45:18:305 - Compaction started: 
140140219397696:Compacting datalog/481 datalog/482 into:sstable1/b10c8a2c-35ed-48ea-800f-997944cbaceb202604302145141777607118307975080.sst
2026-05-01 03:45:18:323 - Compaction completed: 
2806571:COMPACT_START sstable=0 input_files: "datalog/497" input_files: "datalog/498" compactIntoNextLevel: true destinationLevel: 1
2026-05-01 03:45:18:407 - Compaction started: 
140140219397696:Compacting datalog/497 datalog/498 into:sstable1/b10c8a2c-35ed-48ea-800f-997944cbaceb202604302145141777607118410764691.sst
2026-05-01 03:45:18:427 - Compaction completed: 
2806571:COMPACT_START sstable=0 input_files: "datalog/513" input_files: "datalog/514" compactIntoNextLevel: true destinationLevel: 1
2026-05-01 03:45:18:509 - Compaction started: 
140140219397696:Compacting datalog/513 datalog/514 into:sstable1/b10c8a2c-35ed-48ea-800f-997944cbaceb202604302145141777607118511942560.sst
2026-05-01 03:45:18:526 - Compaction completed: 
2806571:COMPACT_START sstable=0 input_files: "datalog/529" input_files: "datalog/530" compactIntoNextLevel: true destinationLevel: 1
2026-05-01 03:45:18:611 - Compaction started: 
140140219397696:Compacting datalog/529 datalog/530 into:sstable1/b10c8a2c-35ed-48ea-800f-997944cbaceb202604302145141777607118613543552.sst
2026-05-01 03:45:18:628 - Compaction completed: 
2806571:COMPACT_START sstable=0 input_files: "datalog/545" input_files: "datalog/546" compactIntoNextLevel: true destinationLevel: 1
2026-05-01 03:45:18:712 - Compaction started: 
140140219397696:Compacting datalog/545 datalog/546 into:sstable1/b10c8a2c-35ed-48ea-800f-997944cbaceb202604302145141777607118715631247.sst
2026-05-01 03:45:18:731 - Compaction completed: 
2806571:COMPACT_START sstable=0 input_files: "datalog/561" input_files: "datalog/562" compactIntoNextLevel: true destinationLevel: 1
2026-05-01 03:45:18:814 - Compaction started: 
140140219397696:Compacting datalog/561 datalog/562 into:sstable1/b10c8a2c-35ed-48ea-800f-997944cbaceb202604302145141777607118817406447.sst
2026-05-01 03:45:18:832 - Compaction completed: 
2806571:COMPACT_START sstable=0 input_files: "datalog/577" input_files: "datalog/578" compactIntoNextLevel: true destinationLevel: 1
2026-05-01 03:45:18:916 - Compaction started: 
140140219397696:Compacting datalog/577 datalog/578 into:sstable1/b10c8a2c-35ed-48ea-800f-997944cbaceb202604302145141777607118919391790.sst
2026-05-01 03:45:18:934 - Compaction completed: 
2806571:COMPACT_START sstable=0 input_files: "datalog/593" input_files: "datalog/594" compactIntoNextLevel: true destinationLevel: 1
2026-05-01 03:45:19:018 - Compaction started: 
140140219397696:Compacting datalog/593 datalog/594 into:sstable1/b10c8a2c-35ed-48ea-800f-997944cbaceb202604302145141777607119020912191.sst
2026-05-01 03:45:19:037 - Compaction completed: 
2806571:COMPACT_START sstable=0 input_files: "datalog/609" input_files: "datalog/610" compactIntoNextLevel: true destinationLevel: 1
2026-05-01 03:45:19:120 - Compaction started: 
140140219397696:Compacting datalog/609 datalog/610 into:sstable1/b10c8a2c-35ed-48ea-800f-997944cbaceb202604302145141777607119124039245.sst
2026-05-01 03:45:19:141 - Compaction completed: 
2806571:COMPACT_START sstable=0 input_files: "datalog/625" input_files: "datalog/626" compactIntoNextLevel: true destinationLevel: 1
2026-05-01 03:45:19:222 - Compaction started: 
140140219397696:Compacting datalog/625 datalog/626 into:sstable1/b10c8a2c-35ed-48ea-800f-997944cbaceb202604302145141777607119224981784.sst
2026-05-01 03:45:19:238 - Compaction completed: 
2806571:COMPACT_START sstable=0 input_files: "datalog/641" input_files: "datalog/642" compactIntoNextLevel: true destinationLevel: 1
2026-05-01 03:45:19:324 - Compaction started: 
140140219397696:Compacting datalog/641 datalog/642 into:sstable1/b10c8a2c-35ed-48ea-800f-997944cbaceb202604302145141777607119326976834.sst
2026-05-01 03:45:19:341 - Compaction completed: 
2806571:COMPACT_START sstable=0 input_files: "datalog/657" input_files: "datalog/658" compactIntoNextLevel: true destinationLevel: 1
2026-05-01 03:45:19:425 - Compaction started: 
140140219397696:Compacting datalog/657 datalog/658 into:sstable1/b10c8a2c-35ed-48ea-800f-997944cbaceb202604302145141777607119428368565.sst
2026-05-01 03:45:19:442 - Compaction completed: 
2806571:COMPACT_START sstable=0 input_files: "datalog/673" input_files: "datalog/674" compactIntoNextLevel: true destinationLevel: 1
2026-05-01 03:45:19:527 - Compaction started: 
140140219397696:Compacting datalog/673 datalog/674 into:sstable1/b10c8a2c-35ed-48ea-800f-997944cbaceb202604302145141777607119529956703.sst
2026-05-01 03:45:19:544 - Compaction completed: 
2806571:COMPACT_START sstable=0 input_files: "datalog/689" input_files: "datalog/690" compactIntoNextLevel: true destinationLevel: 1
2026-05-01 03:45:19:629 - Compaction started: 
140140219397696:Compacting datalog/689 datalog/690 into:sstable1/b10c8a2c-35ed-48ea-800f-997944cbaceb202604302145141777607119631556874.sst
2026-05-01 03:45:19:645 - Compaction completed: 
2806571:COMPACT_START sstable=0 input_files: "datalog/705" input_files: "datalog/706" compactIntoNextLevel: true destinationLevel: 1
2026-05-01 03:45:19:730 - Compaction started: 
140140219397696:Compacting datalog/705 datalog/706 into:sstable1/b10c8a2c-35ed-48ea-800f-997944cbaceb202604302145141777607119733197020.sst
2026-05-01 03:45:19:747 - Compaction completed: 
2806571:COMPACT_START sstable=0 input_files: "datalog/721" input_files: "datalog/722" compactIntoNextLevel: true destinationLevel: 1
2026-05-01 03:45:19:832 - Compaction started: 
140140219397696:Compacting datalog/721 datalog/722 into:sstable1/b10c8a2c-35ed-48ea-800f-997944cbaceb202604302145141777607119835184458.sst
2026-05-01 03:45:19:849 - Compaction completed: 
2806571:COMPACT_START sstable=0 input_files: "datalog/737" input_files: "datalog/738" compactIntoNextLevel: true destinationLevel: 1
2026-05-01 03:45:19:934 - Compaction started: 
140140219397696:Compacting datalog/737 datalog/738 into:sstable1/b10c8a2c-35ed-48ea-800f-997944cbaceb202604302145141777607119936390138.sst
2026-05-01 03:45:19:949 - Compaction completed: 
2806571:COMPACT_START sstable=0 input_files: "datalog/753" input_files: "datalog/754" compactIntoNextLevel: true destinationLevel: 1
2026-05-01 03:45:20:036 - Compaction started: 
140140219397696:Compacting datalog/753 datalog/754 into:sstable1/b10c8a2c-35ed-48ea-800f-997944cbaceb202604302145141777607120037983557.sst
2026-05-01 03:45:20:050 - Compaction completed: 
2806571:COMPACT_START sstable=0 input_files: "datalog/769" input_files: "datalog/770" compactIntoNextLevel: true destinationLevel: 1
2026-05-01 03:45:20:137 - Compaction started: 
140140219397696:Compacting datalog/769 datalog/770 into:sstable1/b10c8a2c-35ed-48ea-800f-997944cbaceb202604302145141777607120139680759.sst
2026-05-01 03:45:20:152 - Compaction completed: 
2806571:COMPACT_START sstable=0 input_files: "datalog/785" input_files: "datalog/786" compactIntoNextLevel: true destinationLevel: 1
2026-05-01 03:45:20:239 - Compaction started: 
140140219397696:Compacting datalog/785 datalog/786 into:sstable1/b10c8a2c-35ed-48ea-800f-997944cbaceb202604302145141777607120241736335.sst
2026-05-01 03:45:20:254 - Compaction completed: 
2806571:COMPACT_START sstable=0 input_files: "datalog/801" input_files: "datalog/802" compactIntoNextLevel: true destinationLevel: 1
2026-05-01 03:45:20:344 - Compaction started: 
140140219397696:Compacting datalog/801 datalog/802 into:sstable1/b10c8a2c-35ed-48ea-800f-997944cbaceb202604302145141777607120346343775.sst
2026-05-01 03:45:20:361 - Compaction completed: 
2806571:COMPACT_START sstable=0 input_files: "datalog/817" input_files: "datalog/818" compactIntoNextLevel: true destinationLevel: 1
2026-05-01 03:45:20:447 - Compaction started: 
140140219397696:Compacting datalog/817 datalog/818 into:sstable1/b10c8a2c-35ed-48ea-800f-997944cbaceb202604302145141777607120449320226.sst
2026-05-01 03:45:20:465 - Compaction completed: 
2806571:COMPACT_START sstable=0 input_files: "datalog/833" input_files: "datalog/834" compactIntoNextLevel: true destinationLevel: 1
2026-05-01 03:45:20:551 - Compaction started: 
140140219397696:Compacting datalog/833 datalog/834 into:sstable1/b10c8a2c-35ed-48ea-800f-997944cbaceb202604302145141777607120554561364.sst
2026-05-01 03:45:20:573 - Compaction completed: 
2806571:COMPACT_START sstable=0 input_files: "datalog/849" input_files: "datalog/850" compactIntoNextLevel: true destinationLevel: 1
2026-05-01 03:45:20:654 - Compaction started: 
140140219397696:Compacting datalog/849 datalog/850 into:sstable1/b10c8a2c-35ed-48ea-800f-997944cbaceb202604302145141777607120657587889.sst
2026-05-01 03:45:20:675 - Compaction completed: 
2806571:COMPACT_START sstable=0 input_files: "datalog/865" input_files: "datalog/866" compactIntoNextLevel: true destinationLevel: 1
2026-05-01 03:45:20:758 - Compaction started: 
140140219397696:Compacting datalog/865 datalog/866 into:sstable1/b10c8a2c-35ed-48ea-800f-997944cbaceb202604302145141777607120760626648.sst
2026-05-01 03:45:20:774 - Compaction completed: 
2806571:COMPACT_START sstable=1 input_files: "sstable1/b10c8a2c-35ed-48ea-800f-997944cbaceb202604302145141777607114886050831.sst" input_files: "sstable1/dc45d5fe-50fa-4ddc-b030-1d4717728931202604302145141777607114979392126.sst" compactIntoNextLevel: true destinationLevel: 2
2026-05-01 03:45:20:861 - Compaction started: 
140140219397696:Compacting sstable1/b10c8a2c-35ed-48ea-800f-997944cbaceb202604302145141777607114886050831.sst sstable1/dc45d5fe-50fa-4ddc-b030-1d4717728931202604302145141777607114979392126.sst into:sstable2/b10c8a2c-35ed-48ea-800f-997944cbaceb202604302145141777607120885835468.sst
2026-05-01 03:45:20:923 - Compaction completed: 
2806571:COMPACT_START sstable=1 input_files: "sstable1/aa500e99-7d6f-4570-a031-e76b7d47375a202604302145141777607115227102809.sst" input_files: "sstable1/b10c8a2c-35ed-48ea-800f-997944cbaceb202604302145141777607115278466161.sst" compactIntoNextLevel: true destinationLevel: 2
2026-05-01 03:45:20:964 - Compaction started: 
140140219397696:Compacting sstable1/aa500e99-7d6f-4570-a031-e76b7d47375a202604302145141777607115227102809.sst sstable1/b10c8a2c-35ed-48ea-800f-997944cbaceb202604302145141777607115278466161.sst into:sstable2/b10c8a2c-35ed-48ea-800f-997944cbaceb202604302145141777607120987336673.sst
2026-05-01 03:45:21:024 - Compaction completed: 
2806571:COMPACT_START sstable=1 input_files: "sstable1/0d3d04c1-f051-4919-b261-8a3d6361a700202604302145141777607115650782503.sst" input_files: "sstable1/7b4af759-aafb-43bf-9daf-da1a64ebd4b1202604302145141777607115659333177.sst" compactIntoNextLevel: true destinationLevel: 2
2026-05-01 03:45:21:066 - Compaction started: 
140140219397696:Compacting sstable1/0d3d04c1-f051-4919-b261-8a3d6361a700202604302145141777607115650782503.sst sstable1/7b4af759-aafb-43bf-9daf-da1a64ebd4b1202604302145141777607115659333177.sst into:sstable2/b10c8a2c-35ed-48ea-800f-997944cbaceb202604302145141777607121090120914.sst
2026-05-01 03:45:21:128 - Compaction completed: 
2806571:COMPACT_START sstable=1 input_files: "sstable1/7b4af759-aafb-43bf-9daf-da1a64ebd4b1202604302145141777607115865096585.sst" input_files: "sstable1/ac3f7ac6-0530-48c3-8ffc-c6ff5dd08db5202604302145141777607115871754289.sst" compactIntoNextLevel: true destinationLevel: 2
2026-05-01 03:45:21:169 - Compaction started: 
140140219397696:Compacting sstable1/7b4af759-aafb-43bf-9daf-da1a64ebd4b1202604302145141777607115865096585.sst sstable1/ac3f7ac6-0530-48c3-8ffc-c6ff5dd08db5202604302145141777607115871754289.sst into:sstable2/b10c8a2c-35ed-48ea-800f-997944cbaceb202604302145141777607121193380637.sst
2026-05-01 03:45:21:233 - Compaction completed: 
2806571:COMPACT_START sstable=1 input_files: "sstable1/ac3f7ac6-0530-48c3-8ffc-c6ff5dd08db5202604302145141777607116087681044.sst" input_files: "sstable1/7b4af759-aafb-43bf-9daf-da1a64ebd4b1202604302145141777607116090998094.sst" compactIntoNextLevel: true destinationLevel: 2
2026-05-01 03:45:21:272 - Compaction started: 
140140219397696:Compacting sstable1/ac3f7ac6-0530-48c3-8ffc-c6ff5dd08db5202604302145141777607116087681044.sst sstable1/7b4af759-aafb-43bf-9daf-da1a64ebd4b1202604302145141777607116090998094.sst into:sstable2/b10c8a2c-35ed-48ea-800f-997944cbaceb202604302145141777607121295137702.sst
2026-05-01 03:45:21:331 - Compaction completed: 
2806571:COMPACT_START sstable=1 input_files: "sstable1/ac3f7ac6-0530-48c3-8ffc-c6ff5dd08db5202604302145141777607116290896966.sst" input_files: "sstable1/7b4af759-aafb-43bf-9daf-da1a64ebd4b1202604302145141777607116295790982.sst" compactIntoNextLevel: true destinationLevel: 2
2026-05-01 03:45:21:375 - Compaction started: 
140140219397696:Compacting sstable1/ac3f7ac6-0530-48c3-8ffc-c6ff5dd08db5202604302145141777607116290896966.sst sstable1/7b4af759-aafb-43bf-9daf-da1a64ebd4b1202604302145141777607116295790982.sst into:sstable2/b10c8a2c-35ed-48ea-800f-997944cbaceb202604302145141777607121405541090.sst
2026-05-01 03:45:21:455 - Compaction completed: 
2806571:COMPACT_START sstable=1 input_files: "sstable1/ac3f7ac6-0530-48c3-8ffc-c6ff5dd08db5202604302145141777607116499648868.sst" input_files: "sstable1/7b4af759-aafb-43bf-9daf-da1a64ebd4b1202604302145141777607116595724419.sst" compactIntoNextLevel: true destinationLevel: 2
2026-05-01 03:45:21:478 - Compaction started: 
140140219397696:Compacting sstable1/ac3f7ac6-0530-48c3-8ffc-c6ff5dd08db5202604302145141777607116499648868.sst sstable1/7b4af759-aafb-43bf-9daf-da1a64ebd4b1202604302145141777607116595724419.sst into:sstable2/b10c8a2c-35ed-48ea-800f-997944cbaceb202604302145141777607121510992362.sst
2026-05-01 03:45:21:564 - Compaction completed: 
2806571:COMPACT_START sstable=1 input_files: "sstable1/b10c8a2c-35ed-48ea-800f-997944cbaceb202604302145141777607116725294717.sst" input_files: "sstable1/67a19893-2dac-49d5-95be-955e69d89ee3202604302145141777607116760421013.sst" compactIntoNextLevel: true destinationLevel: 2
2026-05-01 03:45:21:581 - Compaction started: 
140140219397696:Compacting sstable1/b10c8a2c-35ed-48ea-800f-997944cbaceb202604302145141777607116725294717.sst sstable1/67a19893-2dac-49d5-95be-955e69d89ee3202604302145141777607116760421013.sst into:sstable2/b10c8a2c-35ed-48ea-800f-997944cbaceb202604302145141777607121611277798.sst
2026-05-01 03:45:21:647 - Compaction completed: 
2806571:COMPACT_START sstable=1 input_files: "sstable1/aa500e99-7d6f-4570-a031-e76b7d47375a202604302145141777607116981516600.sst" input_files: "sstable1/dc45d5fe-50fa-4ddc-b030-1d4717728931202604302145141777607116989472228.sst" compactIntoNextLevel: true destinationLevel: 2
2026-05-01 03:45:21:684 - Compaction started: 
140140219397696:Compacting sstable1/aa500e99-7d6f-4570-a031-e76b7d47375a202604302145141777607116981516600.sst sstable1/dc45d5fe-50fa-4ddc-b030-1d4717728931202604302145141777607116989472228.sst into:sstable2/b10c8a2c-35ed-48ea-800f-997944cbaceb202604302145141777607121704943040.sst
2026-05-01 03:45:21:738 - Compaction completed: 
2806571:COMPACT_START sstable=1 input_files: "sstable1/aa500e99-7d6f-4570-a031-e76b7d47375a202604302145141777607117189161557.sst" input_files: "sstable1/dc45d5fe-50fa-4ddc-b030-1d4717728931202604302145141777607117196819596.sst" compactIntoNextLevel: true destinationLevel: 2
2026-05-01 03:45:21:788 - Compaction started: 
140140219397696:Compacting sstable1/aa500e99-7d6f-4570-a031-e76b7d47375a202604302145141777607117189161557.sst sstable1/dc45d5fe-50fa-4ddc-b030-1d4717728931202604302145141777607117196819596.sst into:sstable2/b10c8a2c-35ed-48ea-800f-997944cbaceb202604302145141777607121819302135.sst
2026-05-01 03:45:21:869 - Compaction completed: 
2806571:COMPACT_START sstable=1 input_files: "sstable1/dc45d5fe-50fa-4ddc-b030-1d4717728931202604302145141777607117403079224.sst" input_files: "sstable1/67a19893-2dac-49d5-95be-955e69d89ee3202604302145141777607117419760754.sst" compactIntoNextLevel: true destinationLevel: 2
2026-05-01 03:45:21:892 - Compaction started: 
140140219397696:Compacting sstable1/dc45d5fe-50fa-4ddc-b030-1d4717728931202604302145141777607117403079224.sst sstable1/67a19893-2dac-49d5-95be-955e69d89ee3202604302145141777607117419760754.sst into:sstable2/b10c8a2c-35ed-48ea-800f-997944cbaceb202604302145141777607121921189074.sst
2026-05-01 03:45:21:968 - Compaction completed: 
2806571:COMPACT_START sstable=1 input_files: "sstable1/dc45d5fe-50fa-4ddc-b030-1d4717728931202604302145141777607117609915524.sst" input_files: "sstable1/67a19893-2dac-49d5-95be-955e69d89ee3202604302145141777607117625997029.sst" compactIntoNextLevel: true destinationLevel: 2
2026-05-01 03:45:21:996 - Compaction started: 
140140219397696:Compacting sstable1/dc45d5fe-50fa-4ddc-b030-1d4717728931202604302145141777607117609915524.sst sstable1/67a19893-2dac-49d5-95be-955e69d89ee3202604302145141777607117625997029.sst into:sstable2/b10c8a2c-35ed-48ea-800f-997944cbaceb202604302145141777607122024467702.sst
2026-05-01 03:45:22:069 - Compaction completed: 
2806571:COMPACT_START sstable=1 input_files: "sstable1/dc45d5fe-50fa-4ddc-b030-1d4717728931202604302145141777607117815956483.sst" input_files: "sstable1/67a19893-2dac-49d5-95be-955e69d89ee3202604302145141777607117832655846.sst" compactIntoNextLevel: true destinationLevel: 2
2026-05-01 03:45:22:099 - Compaction started: 
140140219397696:Compacting sstable1/dc45d5fe-50fa-4ddc-b030-1d4717728931202604302145141777607117815956483.sst sstable1/67a19893-2dac-49d5-95be-955e69d89ee3202604302145141777607117832655846.sst into:sstable2/b10c8a2c-35ed-48ea-800f-997944cbaceb202604302145141777607122129921328.sst
2026-05-01 03:45:22:178 - Compaction completed: 
2806571:COMPACT_START sstable=1 input_files: "sstable1/dc45d5fe-50fa-4ddc-b030-1d4717728931202604302145141777607118021798969.sst" input_files: "sstable1/67a19893-2dac-49d5-95be-955e69d89ee3202604302145141777607118038732291.sst" compactIntoNextLevel: true destinationLevel: 2
2026-05-01 03:45:22:201 - Compaction started: 
140140219397696:Compacting sstable1/dc45d5fe-50fa-4ddc-b030-1d4717728931202604302145141777607118021798969.sst sstable1/67a19893-2dac-49d5-95be-955e69d89ee3202604302145141777607118038732291.sst into:sstable2/b10c8a2c-35ed-48ea-800f-997944cbaceb202604302145141777607122229101652.sst
2026-05-01 03:45:22:272 - Compaction completed: 
2806571:COMPACT_START sstable=1 input_files: "sstable1/dc45d5fe-50fa-4ddc-b030-1d4717728931202604302145141777607118227511221.sst" input_files: "sstable1/67a19893-2dac-49d5-95be-955e69d89ee3202604302145141777607118244692388.sst" compactIntoNextLevel: true destinationLevel: 2
2026-05-01 03:45:22:303 - Compaction started: 
140140219397696:Compacting sstable1/dc45d5fe-50fa-4ddc-b030-1d4717728931202604302145141777607118227511221.sst sstable1/67a19893-2dac-49d5-95be-955e69d89ee3202604302145141777607118244692388.sst into:sstable2/b10c8a2c-35ed-48ea-800f-997944cbaceb202604302145141777607122324198318.sst
2026-05-01 03:45:22:356 - Compaction completed: 
2806571:COMPACT_START sstable=1 input_files: "sstable1/dc45d5fe-50fa-4ddc-b030-1d4717728931202604302145141777607118431414692.sst" input_files: "sstable1/67a19893-2dac-49d5-95be-955e69d89ee3202604302145141777607118448326744.sst" compactIntoNextLevel: true destinationLevel: 2
2026-05-01 03:45:22:410 - Compaction started: 
140140219397696:Compacting sstable1/dc45d5fe-50fa-4ddc-b030-1d4717728931202604302145141777607118431414692.sst sstable1/67a19893-2dac-49d5-95be-955e69d89ee3202604302145141777607118448326744.sst into:sstable2/b10c8a2c-35ed-48ea-800f-997944cbaceb202604302145141777607122430956390.sst
2026-05-01 03:45:22:463 - Compaction completed: 
2806571:COMPACT_START sstable=1 input_files: "sstable1/dc45d5fe-50fa-4ddc-b030-1d4717728931202604302145141777607118634937679.sst" input_files: "sstable1/67a19893-2dac-49d5-95be-955e69d89ee3202604302145141777607118652171223.sst" compactIntoNextLevel: true destinationLevel: 2
2026-05-01 03:45:22:514 - Compaction started: 
140140219397696:Compacting sstable1/dc45d5fe-50fa-4ddc-b030-1d4717728931202604302145141777607118634937679.sst sstable1/67a19893-2dac-49d5-95be-955e69d89ee3202604302145141777607118652171223.sst into:sstable2/b10c8a2c-35ed-48ea-800f-997944cbaceb202604302145141777607122533814991.sst
2026-05-01 03:45:22:566 - Compaction completed: 
2806571:COMPACT_START sstable=1 input_files: "sstable1/dc45d5fe-50fa-4ddc-b030-1d4717728931202604302145141777607118838358735.sst" input_files: "sstable1/67a19893-2dac-49d5-95be-955e69d89ee3202604302145141777607118855790982.sst" compactIntoNextLevel: true destinationLevel: 2
2026-05-01 03:45:22:617 - Compaction started: 
140140219397696:Compacting sstable1/dc45d5fe-50fa-4ddc-b030-1d4717728931202604302145141777607118838358735.sst sstable1/67a19893-2dac-49d5-95be-955e69d89ee3202604302145141777607118855790982.sst into:sstable2/b10c8a2c-35ed-48ea-800f-997944cbaceb202604302145141777607122637465186.sst
2026-05-01 03:45:22:670 - Compaction completed: 
2806571:COMPACT_START sstable=1 input_files: "sstable1/dc45d5fe-50fa-4ddc-b030-1d4717728931202604302145141777607119042658408.sst" input_files: "sstable1/67a19893-2dac-49d5-95be-955e69d89ee3202604302145141777607119059346350.sst" compactIntoNextLevel: true destinationLevel: 2
2026-05-01 03:45:22:721 - Compaction started: 
140140219397696:Compacting sstable1/dc45d5fe-50fa-4ddc-b030-1d4717728931202604302145141777607119042658408.sst sstable1/67a19893-2dac-49d5-95be-955e69d89ee3202604302145141777607119059346350.sst into:sstable2/b10c8a2c-35ed-48ea-800f-997944cbaceb202604302145141777607122739848245.sst
2026-05-01 03:45:22:770 - Compaction completed: 
2806571:COMPACT_START sstable=1 input_files: "sstable1/dc45d5fe-50fa-4ddc-b030-1d4717728931202604302145141777607119246355992.sst" input_files: "sstable1/67a19893-2dac-49d5-95be-955e69d89ee3202604302145141777607119262868324.sst" compactIntoNextLevel: true destinationLevel: 2
2026-05-01 03:45:22:825 - Compaction started: 
140140219397696:Compacting sstable1/dc45d5fe-50fa-4ddc-b030-1d4717728931202604302145141777607119246355992.sst sstable1/67a19893-2dac-49d5-95be-955e69d89ee3202604302145141777607119262868324.sst into:sstable2/b10c8a2c-35ed-48ea-800f-997944cbaceb202604302145141777607122843294377.sst
2026-05-01 03:45:22:874 - Compaction completed: 
2806571:COMPACT_START sstable=1 input_files: "sstable1/dc45d5fe-50fa-4ddc-b030-1d4717728931202604302145141777607119450308364.sst" input_files: "sstable1/67a19893-2dac-49d5-95be-955e69d89ee3202604302145141777607119466414094.sst" compactIntoNextLevel: true destinationLevel: 2
2026-05-01 03:45:22:928 - Compaction started: 
140140219397696:Compacting sstable1/dc45d5fe-50fa-4ddc-b030-1d4717728931202604302145141777607119450308364.sst sstable1/67a19893-2dac-49d5-95be-955e69d89ee3202604302145141777607119466414094.sst into:sstable2/b10c8a2c-35ed-48ea-800f-997944cbaceb202604302145141777607122945975414.sst
2026-05-01 03:45:22:976 - Compaction completed: 
2806571:COMPACT_START sstable=1 input_files: "sstable1/dc45d5fe-50fa-4ddc-b030-1d4717728931202604302145141777607119653734409.sst" input_files: "sstable1/67a19893-2dac-49d5-95be-955e69d89ee3202604302145141777607119670612227.sst" compactIntoNextLevel: true destinationLevel: 2
2026-05-01 03:45:23:032 - Compaction started: 
140140219397696:Compacting sstable1/dc45d5fe-50fa-4ddc-b030-1d4717728931202604302145141777607119653734409.sst sstable1/67a19893-2dac-49d5-95be-955e69d89ee3202604302145141777607119670612227.sst into:sstable2/b10c8a2c-35ed-48ea-800f-997944cbaceb202604302145141777607123050784823.sst
2026-05-01 03:45:23:082 - Compaction completed: 
2806571:COMPACT_START sstable=1 input_files: "sstable1/dc45d5fe-50fa-4ddc-b030-1d4717728931202604302145141777607119857778163.sst" input_files: "sstable1/67a19893-2dac-49d5-95be-955e69d89ee3202604302145141777607119874310262.sst" compactIntoNextLevel: true destinationLevel: 2
2026-05-01 03:45:23:135 - Compaction started: 
140140219397696:Compacting sstable1/dc45d5fe-50fa-4ddc-b030-1d4717728931202604302145141777607119857778163.sst sstable1/67a19893-2dac-49d5-95be-955e69d89ee3202604302145141777607119874310262.sst into:sstable2/b10c8a2c-35ed-48ea-800f-997944cbaceb202604302145141777607123160236777.sst
2026-05-01 03:45:23:200 - Compaction completed: 
2806571:COMPACT_START sstable=1 input_files: "sstable1/dc45d5fe-50fa-4ddc-b030-1d4717728931202604302145141777607120062108143.sst" input_files: "sstable1/67a19893-2dac-49d5-95be-955e69d89ee3202604302145141777607120078613773.sst" compactIntoNextLevel: true destinationLevel: 2
2026-05-01 03:45:23:239 - Compaction started: 
140140219397696:Compacting sstable1/dc45d5fe-50fa-4ddc-b030-1d4717728931202604302145141777607120062108143.sst sstable1/67a19893-2dac-49d5-95be-955e69d89ee3202604302145141777607120078613773.sst into:sstable2/b10c8a2c-35ed-48ea-800f-997944cbaceb202604302145141777607123263913832.sst
2026-05-01 03:45:23:306 - Compaction completed: 
2806571:COMPACT_START sstable=1 input_files: "sstable1/dc45d5fe-50fa-4ddc-b030-1d4717728931202604302145141777607120265996585.sst" input_files: "sstable1/67a19893-2dac-49d5-95be-955e69d89ee3202604302145141777607120282846931.sst" compactIntoNextLevel: true destinationLevel: 2
2026-05-01 03:45:23:344 - Compaction started: 
140140219397696:Compacting sstable1/dc45d5fe-50fa-4ddc-b030-1d4717728931202604302145141777607120265996585.sst sstable1/67a19893-2dac-49d5-95be-955e69d89ee3202604302145141777607120282846931.sst into:sstable2/b10c8a2c-35ed-48ea-800f-997944cbaceb202604302145141777607123366349780.sst
2026-05-01 03:45:23:396 - Compaction completed: 
2806571:COMPACT_START sstable=1 input_files: "sstable1/dc45d5fe-50fa-4ddc-b030-1d4717728931202604302145141777607120472345120.sst" input_files: "sstable1/67a19893-2dac-49d5-95be-955e69d89ee3202604302145141777607120489314629.sst" compactIntoNextLevel: true destinationLevel: 2
2026-05-01 03:45:23:449 - Compaction started: 
140140219397696:Compacting sstable1/dc45d5fe-50fa-4ddc-b030-1d4717728931202604302145141777607120472345120.sst sstable1/67a19893-2dac-49d5-95be-955e69d89ee3202604302145141777607120489314629.sst into:sstable2/b10c8a2c-35ed-48ea-800f-997944cbaceb202604302145141777607123466336926.sst
2026-05-01 03:45:23:496 - Compaction completed: 
2806571:COMPACT_START sstable=1 input_files: "sstable1/dc45d5fe-50fa-4ddc-b030-1d4717728931202604302145141777607120679145502.sst" input_files: "sstable1/67a19893-2dac-49d5-95be-955e69d89ee3202604302145141777607120697119155.sst" compactIntoNextLevel: true destinationLevel: 2
2026-05-01 03:45:23:553 - Compaction started: 
140140219397696:Compacting sstable1/dc45d5fe-50fa-4ddc-b030-1d4717728931202604302145141777607120679145502.sst sstable1/67a19893-2dac-49d5-95be-955e69d89ee3202604302145141777607120697119155.sst into:sstable2/b10c8a2c-35ed-48ea-800f-997944cbaceb202604302145141777607123570235938.sst
2026-05-01 03:45:23:598 - Compaction completed: 
2806571:COMPACT_START sstable=1 input_files: "sstable2/aa500e99-7d6f-4570-a031-e76b7d47375a202604302145141777607120998067725.sst" input_files: "sstable2/dc45d5fe-50fa-4ddc-b030-1d4717728931202604302145141777607121010988683.sst" compactIntoNextLevel: false destinationLevel: 2
2026-05-01 03:45:23:661 - Compaction started: 
140140219397696:Compacting sstable2/aa500e99-7d6f-4570-a031-e76b7d47375a202604302145141777607120998067725.sst sstable2/dc45d5fe-50fa-4ddc-b030-1d4717728931202604302145141777607121010988683.sst into:sstable2/0_b10c8a2c-35ed-48ea-800f-997944cbaceb202604302145141777607123719754661.sst
2026-05-01 03:45:23:803 - Compaction completed: 
2806571:COMPACT_START sstable=1 input_files: "sstable2/0d3d04c1-f051-4919-b261-8a3d6361a700202604302145141777607121144128895.sst" input_files: "sstable2/7b2a448f-5fb1-4973-b84b-f90e9ebb21ab202604302145141777607121151266459.sst" compactIntoNextLevel: false destinationLevel: 2
2026-05-01 03:45:23:871 - Compaction started: 
140140219397696:Compacting sstable2/0d3d04c1-f051-4919-b261-8a3d6361a700202604302145141777607121144128895.sst sstable2/7b2a448f-5fb1-4973-b84b-f90e9ebb21ab202604302145141777607121151266459.sst into:sstable2/0_b10c8a2c-35ed-48ea-800f-997944cbaceb202604302145141777607123919282416.sst
2026-05-01 03:45:23:999 - Compaction completed: 
2806571:COMPACT_START sstable=1 input_files: "sstable2/aa500e99-7d6f-4570-a031-e76b7d47375a202604302145141777607121204696516.sst" input_files: "sstable2/dc45d5fe-50fa-4ddc-b030-1d4717728931202604302145141777607121214272842.sst" compactIntoNextLevel: false destinationLevel: 2
2026-05-01 03:45:24:079 - Compaction started: 
140140219397696:Compacting sstable2/aa500e99-7d6f-4570-a031-e76b7d47375a202604302145141777607121204696516.sst sstable2/dc45d5fe-50fa-4ddc-b030-1d4717728931202604302145141777607121214272842.sst into:sstable2/0_b10c8a2c-35ed-48ea-800f-997944cbaceb202604302145141777607124132305797.sst
2026-05-01 03:45:24:217 - Compaction completed: 
2806571:COMPACT_START sstable=1 input_files: "sstable2/aa500e99-7d6f-4570-a031-e76b7d47375a202604302145141777607121304759905.sst" input_files: "sstable2/dc45d5fe-50fa-4ddc-b030-1d4717728931202604302145141777607121315407550.sst" compactIntoNextLevel: false destinationLevel: 2
2026-05-01 03:45:24:306 - Compaction started: 
140140219397696:Compacting sstable2/aa500e99-7d6f-4570-a031-e76b7d47375a202604302145141777607121304759905.sst sstable2/dc45d5fe-50fa-4ddc-b030-1d4717728931202604302145141777607121315407550.sst into:sstable2/0_b10c8a2c-35ed-48ea-800f-997944cbaceb202604302145141777607124363769726.sst
2026-05-01 03:45:24:442 - Compaction completed: 
2806571:COMPACT_START sstable=1 input_files: "sstable2/0_67a19893-2dac-49d5-95be-955e69d89ee3202604302145141777607124351625945.sst" input_files: "sstable2/0_b10c8a2c-35ed-48ea-800f-997944cbaceb202604302145141777607124363769726.sst" compactIntoNextLevel: false destinationLevel: 2
2026-05-01 03:45:24:517 - Compaction started: 
140140219397696:Compacting sstable2/0_67a19893-2dac-49d5-95be-955e69d89ee3202604302145141777607124351625945.sst sstable2/0_b10c8a2c-35ed-48ea-800f-997944cbaceb202604302145141777607124363769726.sst into:sstable2/1_b10c8a2c-35ed-48ea-800f-997944cbaceb202604302145141777607124624709625.sst
2026-05-01 03:45:24:791 - Compaction completed: 
2806571:COMPACT_START sstable=1 input_files: "sstable2/1_dc45d5fe-50fa-4ddc-b030-1d4717728931202604302145141777607124602380475.sst" input_files: "sstable2/1_b10c8a2c-35ed-48ea-800f-997944cbaceb202604302145141777607124624709625.sst" compactIntoNextLevel: false destinationLevel: 2
2026-05-01 03:45:24:825 - Compaction started: 
140140219397696:Compacting sstable2/1_dc45d5fe-50fa-4ddc-b030-1d4717728931202604302145141777607124602380475.sst sstable2/1_b10c8a2c-35ed-48ea-800f-997944cbaceb202604302145141777607124624709625.sst into:sstable2/2_b10c8a2c-35ed-48ea-800f-997944cbaceb202604302145141777607125059199919.sst
2026-05-01 03:45:25:388 - Compaction completed: 
2806571:COMPACT_START sstable=1 input_files: "sstable2/aa500e99-7d6f-4570-a031-e76b7d47375a202604302145141777607121617696053.sst" input_files: "sstable2/dc45d5fe-50fa-4ddc-b030-1d4717728931202604302145141777607121631899866.sst" compactIntoNextLevel: false destinationLevel: 2
2026-05-01 03:45:25:435 - Compaction started: 
140140219397696:Compacting sstable2/aa500e99-7d6f-4570-a031-e76b7d47375a202604302145141777607121617696053.sst sstable2/dc45d5fe-50fa-4ddc-b030-1d4717728931202604302145141777607121631899866.sst into:sstable2/0_b10c8a2c-35ed-48ea-800f-997944cbaceb202604302145141777607125484903718.sst
2026-05-01 03:45:25:565 - Compaction completed: 
2806571:COMPACT_START sstable=1 input_files: "sstable2/aa500e99-7d6f-4570-a031-e76b7d47375a202604302145141777607121721487352.sst" input_files: "sstable2/dc45d5fe-50fa-4ddc-b030-1d4717728931202604302145141777607121734379416.sst" compactIntoNextLevel: false destinationLevel: 2
2026-05-01 03:45:25:650 - Compaction started: 
140140219397696:Compacting sstable2/aa500e99-7d6f-4570-a031-e76b7d47375a202604302145141777607121721487352.sst sstable2/dc45d5fe-50fa-4ddc-b030-1d4717728931202604302145141777607121734379416.sst into:sstable2/0_b10c8a2c-35ed-48ea-800f-997944cbaceb202604302145141777607125705092224.sst
2026-05-01 03:45:25:788 - Compaction completed: 
2806571:COMPACT_START sstable=1 input_files: "sstable2/2_b10c8a2c-35ed-48ea-800f-997944cbaceb202604302145141777607125059199919.sst" input_files: "sstable2/2_aa500e99-7d6f-4570-a031-e76b7d47375a202604302145141777607125538836157.sst" compactIntoNextLevel: false destinationLevel: 2
2026-05-01 03:45:25:859 - Compaction started: 
140140219397696:Compacting sstable2/2_b10c8a2c-35ed-48ea-800f-997944cbaceb202604302145141777607125059199919.sst sstable2/2_aa500e99-7d6f-4570-a031-e76b7d47375a202604302145141777607125538836157.sst into:sstable2/3_b10c8a2c-35ed-48ea-800f-997944cbaceb202604302145141777607126368858474.sst
2026-05-01 03:45:27:082 - Compaction completed: 
2806571:COMPACT_START sstable=1 input_files: "sstable2/0_7b2a448f-5fb1-4973-b84b-f90e9ebb21ab202604302145141777607126894586468.sst" input_files: "sstable2/0_67a19893-2dac-49d5-95be-955e69d89ee3202604302145141777607126952116242.sst" compactIntoNextLevel: false destinationLevel: 2
2026-05-01 03:45:27:101 - Compaction started: 
140140219397696:Compacting sstable2/0_7b2a448f-5fb1-4973-b84b-f90e9ebb21ab202604302145141777607126894586468.sst sstable2/0_67a19893-2dac-49d5-95be-955e69d89ee3202604302145141777607126952116242.sst into:sstable2/1_b10c8a2c-35ed-48ea-800f-997944cbaceb202604302145141777607127192585517.sst
2026-05-01 03:45:27:337 - Compaction completed: 
2806571:COMPACT_START sstable=1 input_files: "sstable2/1_7b2a448f-5fb1-4973-b84b-f90e9ebb21ab202604302145141777607127144804603.sst" input_files: "sstable2/1_b10c8a2c-35ed-48ea-800f-997944cbaceb202604302145141777607127192585517.sst" compactIntoNextLevel: false destinationLevel: 2
2026-05-01 03:45:27:410 - Compaction started: 
140140219397696:Compacting sstable2/1_7b2a448f-5fb1-4973-b84b-f90e9ebb21ab202604302145141777607127144804603.sst sstable2/1_b10c8a2c-35ed-48ea-800f-997944cbaceb202604302145141777607127192585517.sst into:sstable2/2_b10c8a2c-35ed-48ea-800f-997944cbaceb202604302145141777607127598760687.sst
2026-05-01 03:45:27:909 - Compaction completed: 
2806571:COMPACT_START sstable=1 input_files: "sstable2/1_0d3d04c1-f051-4919-b261-8a3d6361a700202604302145141777607127437926066.sst" input_files: "sstable2/1_7b2a448f-5fb1-4973-b84b-f90e9ebb21ab202604302145141777607127666545981.sst" compactIntoNextLevel: false destinationLevel: 2
2026-05-01 03:45:27:919 - Compaction started: 
140140219397696:Compacting sstable2/1_0d3d04c1-f051-4919-b261-8a3d6361a700202604302145141777607127437926066.sst sstable2/1_7b2a448f-5fb1-4973-b84b-f90e9ebb21ab202604302145141777607127666545981.sst into:sstable2/2_b10c8a2c-35ed-48ea-800f-997944cbaceb202604302145141777607128119666809.sst
2026-05-01 03:45:28:433 - Compaction completed: 
2806571:COMPACT_START sstable=1 input_files: "sstable2/ac3f7ac6-0530-48c3-8ffc-c6ff5dd08db5202604302145141777607122389795079.sst" input_files: "sstable2/b10c8a2c-35ed-48ea-800f-997944cbaceb202604302145141777607122430956390.sst" compactIntoNextLevel: false destinationLevel: 2
2026-05-01 03:45:28:448 - Compaction started: 
140140219397696:Compacting sstable2/ac3f7ac6-0530-48c3-8ffc-c6ff5dd08db5202604302145141777607122389795079.sst sstable2/b10c8a2c-35ed-48ea-800f-997944cbaceb202604302145141777607122430956390.sst into:sstable2/0_b10c8a2c-35ed-48ea-800f-997944cbaceb202604302145141777607128498900982.sst
2026-05-01 03:45:28:573 - Compaction completed: 
2806571:COMPACT_START sstable=1 input_files: "sstable2/2_b10c8a2c-35ed-48ea-800f-997944cbaceb202604302145141777607128119666809.sst" input_files: "sstable2/2_7b2a448f-5fb1-4973-b84b-f90e9ebb21ab202604302145141777607128368830687.sst" compactIntoNextLevel: false destinationLevel: 2
2026-05-01 03:45:28:655 - Compaction started: 
140140219397696:Compacting sstable2/2_b10c8a2c-35ed-48ea-800f-997944cbaceb202604302145141777607128119666809.sst sstable2/2_7b2a448f-5fb1-4973-b84b-f90e9ebb21ab202604302145141777607128368830687.sst into:sstable2/3_b10c8a2c-35ed-48ea-800f-997944cbaceb202604302145141777607129109174147.sst
2026-05-01 03:45:29:727 - Compaction completed: 
2806571:COMPACT_START sstable=1 input_files: "sstable2/7b4af759-aafb-43bf-9daf-da1a64ebd4b1202604302145141777607122679029914.sst" input_files: "sstable2/7b2a448f-5fb1-4973-b84b-f90e9ebb21ab202604302145141777607122697705693.sst" compactIntoNextLevel: false destinationLevel: 2
2026-05-01 03:45:29:743 - Compaction started: 
140140219397696:Compacting sstable2/7b4af759-aafb-43bf-9daf-da1a64ebd4b1202604302145141777607122679029914.sst sstable2/7b2a448f-5fb1-4973-b84b-f90e9ebb21ab202604302145141777607122697705693.sst into:sstable2/0_b10c8a2c-35ed-48ea-800f-997944cbaceb202604302145141777607129795079980.sst
2026-05-01 03:45:29:877 - Compaction completed: 
2806571:COMPACT_START sstable=1 input_files: "sstable2/0_0d3d04c1-f051-4919-b261-8a3d6361a700202604302145141777607129603773762.sst" input_files: "sstable2/0_b10c8a2c-35ed-48ea-800f-997944cbaceb202604302145141777607129795079980.sst" compactIntoNextLevel: false destinationLevel: 2
2026-05-01 03:45:29:954 - Compaction started: 
140140219397696:Compacting sstable2/0_0d3d04c1-f051-4919-b261-8a3d6361a700202604302145141777607129603773762.sst sstable2/0_b10c8a2c-35ed-48ea-800f-997944cbaceb202604302145141777607129795079980.sst into:sstable2/1_b10c8a2c-35ed-48ea-800f-997944cbaceb202604302145141777607130046114776.sst
2026-05-01 03:45:30:193 - Compaction completed: 
2806571:COMPACT_START sstable=1 input_files: "sstable2/0_7b2a448f-5fb1-4973-b84b-f90e9ebb21ab202604302145141777607130019799923.sst" input_files: "sstable2/0_dc45d5fe-50fa-4ddc-b030-1d4717728931202604302145141777607130103803458.sst" compactIntoNextLevel: false destinationLevel: 2
2026-05-01 03:45:30:265 - Compaction started: 
140140219397696:Compacting sstable2/0_7b2a448f-5fb1-4973-b84b-f90e9ebb21ab202604302145141777607130019799923.sst sstable2/0_dc45d5fe-50fa-4ddc-b030-1d4717728931202604302145141777607130103803458.sst into:sstable2/1_b10c8a2c-35ed-48ea-800f-997944cbaceb202604302145141777607130351925292.sst
2026-05-01 03:45:30:489 - Compaction completed: 
2806571:COMPACT_START sstable=1 input_files: "sstable2/7b4af759-aafb-43bf-9daf-da1a64ebd4b1202604302145141777607122884748608.sst" input_files: "sstable2/7b2a448f-5fb1-4973-b84b-f90e9ebb21ab202604302145141777607122902607756.sst" compactIntoNextLevel: false destinationLevel: 2
2026-05-01 03:45:30:577 - Compaction started: 
140140219397696:Compacting sstable2/7b4af759-aafb-43bf-9daf-da1a64ebd4b1202604302145141777607122884748608.sst sstable2/7b2a448f-5fb1-4973-b84b-f90e9ebb21ab202604302145141777607122902607756.sst into:sstable2/0_b10c8a2c-35ed-48ea-800f-997944cbaceb202604302145141777607130624575469.sst
2026-05-01 03:45:30:692 - Compaction completed: 
2806571:COMPACT_START sstable=1 input_files: "sstable2/0_7b2a448f-5fb1-4973-b84b-f90e9ebb21ab202604302145141777607130445392572.sst" input_files: "sstable2/0_b10c8a2c-35ed-48ea-800f-997944cbaceb202604302145141777607130624575469.sst" compactIntoNextLevel: false destinationLevel: 2
2026-05-01 03:45:30:785 - Compaction started: 
140140219397696:Compacting sstable2/0_7b2a448f-5fb1-4973-b84b-f90e9ebb21ab202604302145141777607130445392572.sst sstable2/0_b10c8a2c-35ed-48ea-800f-997944cbaceb202604302145141777607130624575469.sst into:sstable2/1_b10c8a2c-35ed-48ea-800f-997944cbaceb202604302145141777607130868821956.sst
2026-05-01 03:45:31:007 - Compaction completed: 
2806571:COMPACT_START sstable=1 input_files: "sstable2/ac3f7ac6-0530-48c3-8ffc-c6ff5dd08db5202604302145141777607123009011935.sst" input_files: "sstable2/b10c8a2c-35ed-48ea-800f-997944cbaceb202604302145141777607123050784823.sst" compactIntoNextLevel: false destinationLevel: 2
2026-05-01 03:45:31:098 - Compaction started: 
140140219397696:Compacting sstable2/ac3f7ac6-0530-48c3-8ffc-c6ff5dd08db5202604302145141777607123009011935.sst sstable2/b10c8a2c-35ed-48ea-800f-997944cbaceb202604302145141777607123050784823.sst into:sstable2/0_b10c8a2c-35ed-48ea-800f-997944cbaceb202604302145141777607131148483289.sst
2026-05-01 03:45:31:221 - Compaction completed: 
2806571:COMPACT_START sstable=1 input_files: "sstable2/0_ac3f7ac6-0530-48c3-8ffc-c6ff5dd08db5202604302145141777607130898504554.sst" input_files: "sstable2/0_ac3f7ac6-0530-48c3-8ffc-c6ff5dd08db5202604302145141777607131110276648.sst" compactIntoNextLevel: false destinationLevel: 2
2026-05-01 03:45:31:308 - Compaction started: 
140140219397696:Compacting sstable2/0_ac3f7ac6-0530-48c3-8ffc-c6ff5dd08db5202604302145141777607130898504554.sst sstable2/0_ac3f7ac6-0530-48c3-8ffc-c6ff5dd08db5202604302145141777607131110276648.sst into:sstable2/1_b10c8a2c-35ed-48ea-800f-997944cbaceb202604302145141777607131393160764.sst
2026-05-01 03:45:31:526 - Compaction completed: 
2806571:COMPACT_START sstable=1 input_files: "sstable2/aa500e99-7d6f-4570-a031-e76b7d47375a202604302145141777607123157820336.sst" input_files: "sstable2/dc45d5fe-50fa-4ddc-b030-1d4717728931202604302145141777607123168425802.sst" compactIntoNextLevel: false destinationLevel: 2
2026-05-01 03:45:31:623 - Compaction started: 
140140219397696:Compacting sstable2/aa500e99-7d6f-4570-a031-e76b7d47375a202604302145141777607123157820336.sst sstable2/dc45d5fe-50fa-4ddc-b030-1d4717728931202604302145141777607123168425802.sst into:sstable2/0_b10c8a2c-35ed-48ea-800f-997944cbaceb202604302145141777607131670314065.sst
2026-05-01 03:45:31:736 - Compaction completed: 
2806571:COMPACT_START sstable=1 input_files: "sstable2/0_aa500e99-7d6f-4570-a031-e76b7d47375a202604302145141777607131607355922.sst" input_files: "sstable2/0_b10c8a2c-35ed-48ea-800f-997944cbaceb202604302145141777607131670314065.sst" compactIntoNextLevel: false destinationLevel: 2
2026-05-01 03:45:31:834 - Compaction started: 
140140219397696:Compacting sstable2/0_aa500e99-7d6f-4570-a031-e76b7d47375a202604302145141777607131607355922.sst sstable2/0_b10c8a2c-35ed-48ea-800f-997944cbaceb202604302145141777607131670314065.sst into:sstable2/1_b10c8a2c-35ed-48ea-800f-997944cbaceb202604302145141777607131913462062.sst
2026-05-01 03:45:32:090 - Compaction completed: 
2806571:COMPACT_START sstable=1 input_files: "sstable2/1_7b2a448f-5fb1-4973-b84b-f90e9ebb21ab202604302145141777607131844576826.sst" input_files: "sstable2/1_b10c8a2c-35ed-48ea-800f-997944cbaceb202604302145141777607131913462062.sst" compactIntoNextLevel: false destinationLevel: 2
2026-05-01 03:45:32:147 - Compaction started: 
140140219397696:Compacting sstable2/1_7b2a448f-5fb1-4973-b84b-f90e9ebb21ab202604302145141777607131844576826.sst sstable2/1_b10c8a2c-35ed-48ea-800f-997944cbaceb202604302145141777607131913462062.sst into:sstable2/2_b10c8a2c-35ed-48ea-800f-997944cbaceb202604302145141777607132376458738.sst
2026-05-01 03:45:32:645 - Compaction completed: 
2806571:COMPACT_START sstable=1 input_files: "sstable2/67a19893-2dac-49d5-95be-955e69d89ee3202604302145141777607123391368603.sst" input_files: "sstable2/7b4af759-aafb-43bf-9daf-da1a64ebd4b1202604302145141777607123394072744.sst" compactIntoNextLevel: false destinationLevel: 2
2026-05-01 03:45:32:665 - Compaction started: 
140140219397696:Compacting sstable2/67a19893-2dac-49d5-95be-955e69d89ee3202604302145141777607123391368603.sst sstable2/7b4af759-aafb-43bf-9daf-da1a64ebd4b1202604302145141777607123394072744.sst into:sstable2/0_b10c8a2c-35ed-48ea-800f-997944cbaceb202604302145141777607132711498502.sst
2026-05-01 03:45:32:776 - Compaction completed: 
2806571:COMPACT_START sstable=1 input_files: "sstable2/0d3d04c1-f051-4919-b261-8a3d6361a700202604302145141777607123407585110.sst" input_files: "sstable2/7b2a448f-5fb1-4973-b84b-f90e9ebb21ab202604302145141777607123416289542.sst" compactIntoNextLevel: false destinationLevel: 2
2026-05-01 03:45:32:879 - Compaction started: 
140140219397696:Compacting sstable2/0d3d04c1-f051-4919-b261-8a3d6361a700202604302145141777607123407585110.sst sstable2/7b2a448f-5fb1-4973-b84b-f90e9ebb21ab202604302145141777607123416289542.sst into:sstable2/0_b10c8a2c-35ed-48ea-800f-997944cbaceb202604302145141777607132925935202.sst
2026-05-01 03:45:32:996 - Compaction completed: 
2806571:COMPACT_START sstable=1 input_files: "sstable2/0_b10c8a2c-35ed-48ea-800f-997944cbaceb202604302145141777607132711498502.sst" input_files: "sstable2/0_b10c8a2c-35ed-48ea-800f-997944cbaceb202604302145141777607132925935202.sst" compactIntoNextLevel: false destinationLevel: 2
2026-05-01 03:45:33:092 - Compaction started: 
140140219397696:Compacting sstable2/0_b10c8a2c-35ed-48ea-800f-997944cbaceb202604302145141777607132711498502.sst sstable2/0_b10c8a2c-35ed-48ea-800f-997944cbaceb202604302145141777607132925935202.sst into:sstable2/1_b10c8a2c-35ed-48ea-800f-997944cbaceb202604302145141777607133198804259.sst
2026-05-01 03:45:33:328 - Compaction completed: 
2806571:COMPACT_START sstable=1 input_files: "sstable2/1_b10c8a2c-35ed-48ea-800f-997944cbaceb202604302145141777607133198804259.sst" input_files: "sstable2/1_aa500e99-7d6f-4570-a031-e76b7d47375a202604302145141777607133243981200.sst" compactIntoNextLevel: false destinationLevel: 2
2026-05-01 03:45:33:511 - Compaction started: 
140140219397696:Compacting sstable2/1_b10c8a2c-35ed-48ea-800f-997944cbaceb202604302145141777607133198804259.sst sstable2/1_aa500e99-7d6f-4570-a031-e76b7d47375a202604302145141777607133243981200.sst into:sstable2/2_b10c8a2c-35ed-48ea-800f-997944cbaceb202604302145141777607133679893870.sst
2026-05-01 03:45:33:934 - Compaction completed: 
2806571:COMPACT_START sstable=1 input_files: "sstable2/ac3f7ac6-0530-48c3-8ffc-c6ff5dd08db5202604302145141777607123531841555.sst" input_files: "sstable2/b10c8a2c-35ed-48ea-800f-997944cbaceb202604302145141777607123570235938.sst" compactIntoNextLevel: false destinationLevel: 2
2026-05-01 03:45:33:944 - Compaction started: 
140140219397696:Compacting sstable2/ac3f7ac6-0530-48c3-8ffc-c6ff5dd08db5202604302145141777607123531841555.sst sstable2/b10c8a2c-35ed-48ea-800f-997944cbaceb202604302145141777607123570235938.sst into:sstable2/0_b10c8a2c-35ed-48ea-800f-997944cbaceb202604302145141777607133990440697.sst
2026-05-01 03:45:34:055 - Compaction completed: 
2026-05-01 03:45:44:532 30 sec: 241115 operations; 8037.17 current ops/sec; est completion in 1 day 10 hours [READ: Count=241144, Max=2361343, Min=5, Avg=122.73, 90=184, 99=405, 99.9=1992, 99.99=34111] 
